2026-10-07 15:51:46,131 - INFO - Configuration: {'batch_size': 4096, 'infer_size': 1024, 'num_epochs': 150, 'eval_interval': 5, 'eval_start_epoch': 75, 'early_eval_epochs': (25, 50, 75, 100, 125), 'fast': True, 'bf16': True, 'use_lr_scheduler': True, 'lr_warmup_pct': 0.1, 'lr_min_factor': 0.2, 'compile': False, 'compile_mode': 'default', 'num_layers': 4, 'num_decoder_layers': 4, 'd_model': 128, 'd_ff': 1024, 'num_heads': 6, 'd_kv': 64, 'dropout_rate': 0.1, 'activation_function': 'relu', 'feed_forward_proj': 'relu', 'device': 'cuda', 'lr': 0.003, 'weight_decay': 0.05, 'vocab_size': 774, 'eos_token_id': 773, 'pad_token_id': 0, 'n_user_tokens': 1, 'max_len': 20, 'dataset_name': 'Amazon_2023_Instruments', 'dataset_path': '/home/wlia0047/ar57/wenyu/GeneRec/results/stage0_build_parquet/', 'codebook_size': [256, 256, 256, 1], 'code_path': '/home/wlia0047/ar57/wenyu/GeneRec/results/stage2_RQ-VAE/curvature_RQ-VAE_iter109/item_sids.json', 'train_file': 'train.parquet', 'valid_file': 'valid.parquet', 'test_file': 'test.parquet', 'log_path': '/home/wlia0047/ar57/wenyu/GeneRec/results/stage3_T5Train/curvature_RQ-VAE_iter109/logs/', 'save_path': '/home/wlia0047/ar57/wenyu/GeneRec/results/stage3_T5Train/curvature_RQ-VAE_iter109/ckpt/', 'seed': 42, 'topk_list': [5, 10], 'beam_size': 20, 'no_eval': True, 'skip_test': False, 'screen_baseline_log': '', 'screen_start_epoch': 40, 'screen_window': 5, 'screen_min_ndcg_gain': 0.001, 'screen_min_recall_gain': 0.001, 'num_workers': 4, 'prefetch_factor': 8, 'exclude_history': True, 'no_exclude_history': False, 'pin_memory': True, 'no_pin_memory': False, 'sid_length': 4, 'max_token_seq_len': 82, 'decoder_start_token_id': 0}
2026-10-07 15:51:46,228 - INFO - #Embedding parameters: 99072
#Non-embedding parameters: 4459648
#Total trainable parameters: 4558720

2026-10-07 15:51:59,989 - INFO - Epoch 1/150 train_loss=4.7166766166687015
2026-10-07 15:52:00,068 - INFO - Best train loss=4.7166766166687015; saved /home/wlia0047/ar57/wenyu/GeneRec/results/stage3_T5Train/curvature_RQ-VAE_iter109/ckpt/Amazon_2023_Instruments/Oct-07-2026_15-51-46/HG_Rec_best.pth
2026-10-07 15:52:11,680 - INFO - Epoch 2/150 train_loss=4.0366353416442875
2026-10-07 15:52:11,716 - INFO - Best train loss=4.0366353416442875; saved /home/wlia0047/ar57/wenyu/GeneRec/results/stage3_T5Train/curvature_RQ-VAE_iter109/ckpt/Amazon_2023_Instruments/Oct-07-2026_15-51-46/HG_Rec_best.pth
2026-10-07 15:52:23,318 - INFO - Epoch 3/150 train_loss=3.8564290046691894
2026-10-07 15:52:23,352 - INFO - Best train loss=3.8564290046691894; saved /home/wlia0047/ar57/wenyu/GeneRec/results/stage3_T5Train/curvature_RQ-VAE_iter109/ckpt/Amazon_2023_Instruments/Oct-07-2026_15-51-46/HG_Rec_best.pth
2026-10-07 15:52:34,957 - INFO - Epoch 4/150 train_loss=3.708873443603516
2026-10-07 15:52:34,992 - INFO - Best train loss=3.708873443603516; saved /home/wlia0047/ar57/wenyu/GeneRec/results/stage3_T5Train/curvature_RQ-VAE_iter109/ckpt/Amazon_2023_Instruments/Oct-07-2026_15-51-46/HG_Rec_best.pth
2026-10-07 15:52:46,594 - INFO - Epoch 5/150 train_loss=3.595690898895264
2026-10-07 15:52:46,629 - INFO - Best train loss=3.595690898895264; saved /home/wlia0047/ar57/wenyu/GeneRec/results/stage3_T5Train/curvature_RQ-VAE_iter109/ckpt/Amazon_2023_Instruments/Oct-07-2026_15-51-46/HG_Rec_best.pth
2026-10-07 15:52:58,235 - INFO - Epoch 6/150 train_loss=3.6160450744628907
2026-10-07 15:53:09,842 - INFO - Epoch 7/150 train_loss=3.4617926597595217
2026-10-07 15:53:09,881 - INFO - Best train loss=3.4617926597595217; saved /home/wlia0047/ar57/wenyu/GeneRec/results/stage3_T5Train/curvature_RQ-VAE_iter109/ckpt/Amazon_2023_Instruments/Oct-07-2026_15-51-46/HG_Rec_best.pth
2026-10-07 15:53:21,488 - INFO - Epoch 8/150 train_loss=3.380101690292358
2026-10-07 15:53:21,524 - INFO - Best train loss=3.380101690292358; saved /home/wlia0047/ar57/wenyu/GeneRec/results/stage3_T5Train/curvature_RQ-VAE_iter109/ckpt/Amazon_2023_Instruments/Oct-07-2026_15-51-46/HG_Rec_best.pth
2026-10-07 15:53:33,124 - INFO - Epoch 9/150 train_loss=3.302574272155762
2026-10-07 15:53:33,160 - INFO - Best train loss=3.302574272155762; saved /home/wlia0047/ar57/wenyu/GeneRec/results/stage3_T5Train/curvature_RQ-VAE_iter109/ckpt/Amazon_2023_Instruments/Oct-07-2026_15-51-46/HG_Rec_best.pth
2026-10-07 15:53:44,766 - INFO - Epoch 10/150 train_loss=3.2217217826843263
2026-10-07 15:53:44,801 - INFO - Best train loss=3.2217217826843263; saved /home/wlia0047/ar57/wenyu/GeneRec/results/stage3_T5Train/curvature_RQ-VAE_iter109/ckpt/Amazon_2023_Instruments/Oct-07-2026_15-51-46/HG_Rec_best.pth
2026-10-07 15:53:56,402 - INFO - Epoch 11/150 train_loss=3.1539456939697263
2026-10-07 15:53:56,438 - INFO - Best train loss=3.1539456939697263; saved /home/wlia0047/ar57/wenyu/GeneRec/results/stage3_T5Train/curvature_RQ-VAE_iter109/ckpt/Amazon_2023_Instruments/Oct-07-2026_15-51-46/HG_Rec_best.pth
2026-10-07 15:54:08,039 - INFO - Epoch 12/150 train_loss=3.0879412937164306
2026-10-07 15:54:08,076 - INFO - Best train loss=3.0879412937164306; saved /home/wlia0047/ar57/wenyu/GeneRec/results/stage3_T5Train/curvature_RQ-VAE_iter109/ckpt/Amazon_2023_Instruments/Oct-07-2026_15-51-46/HG_Rec_best.pth
2026-10-07 15:54:19,683 - INFO - Epoch 13/150 train_loss=3.0323197650909424
2026-10-07 15:54:19,718 - INFO - Best train loss=3.0323197650909424; saved /home/wlia0047/ar57/wenyu/GeneRec/results/stage3_T5Train/curvature_RQ-VAE_iter109/ckpt/Amazon_2023_Instruments/Oct-07-2026_15-51-46/HG_Rec_best.pth
2026-10-07 15:54:31,318 - INFO - Epoch 14/150 train_loss=2.9790445518493653
2026-10-07 15:54:31,355 - INFO - Best train loss=2.9790445518493653; saved /home/wlia0047/ar57/wenyu/GeneRec/results/stage3_T5Train/curvature_RQ-VAE_iter109/ckpt/Amazon_2023_Instruments/Oct-07-2026_15-51-46/HG_Rec_best.pth
2026-10-07 15:54:42,958 - INFO - Epoch 15/150 train_loss=2.9269236373901366
2026-10-07 15:54:42,994 - INFO - Best train loss=2.9269236373901366; saved /home/wlia0047/ar57/wenyu/GeneRec/results/stage3_T5Train/curvature_RQ-VAE_iter109/ckpt/Amazon_2023_Instruments/Oct-07-2026_15-51-46/HG_Rec_best.pth
2026-10-07 15:54:54,602 - INFO - Epoch 16/150 train_loss=2.88192271232605
2026-10-07 15:54:54,638 - INFO - Best train loss=2.88192271232605; saved /home/wlia0047/ar57/wenyu/GeneRec/results/stage3_T5Train/curvature_RQ-VAE_iter109/ckpt/Amazon_2023_Instruments/Oct-07-2026_15-51-46/HG_Rec_best.pth
2026-10-07 15:55:06,238 - INFO - Epoch 17/150 train_loss=2.826514873504639
2026-10-07 15:55:06,273 - INFO - Best train loss=2.826514873504639; saved /home/wlia0047/ar57/wenyu/GeneRec/results/stage3_T5Train/curvature_RQ-VAE_iter109/ckpt/Amazon_2023_Instruments/Oct-07-2026_15-51-46/HG_Rec_best.pth
2026-10-07 15:55:18,430 - INFO - Epoch 18/150 train_loss=2.788582639694214
2026-10-07 15:55:18,465 - INFO - Best train loss=2.788582639694214; saved /home/wlia0047/ar57/wenyu/GeneRec/results/stage3_T5Train/curvature_RQ-VAE_iter109/ckpt/Amazon_2023_Instruments/Oct-07-2026_15-51-46/HG_Rec_best.pth
2026-10-07 15:55:30,072 - INFO - Epoch 19/150 train_loss=2.752161636352539
2026-10-07 15:55:30,108 - INFO - Best train loss=2.752161636352539; saved /home/wlia0047/ar57/wenyu/GeneRec/results/stage3_T5Train/curvature_RQ-VAE_iter109/ckpt/Amazon_2023_Instruments/Oct-07-2026_15-51-46/HG_Rec_best.pth
2026-10-07 15:55:41,708 - INFO - Epoch 20/150 train_loss=2.7051826667785646
2026-10-07 15:55:41,743 - INFO - Best train loss=2.7051826667785646; saved /home/wlia0047/ar57/wenyu/GeneRec/results/stage3_T5Train/curvature_RQ-VAE_iter109/ckpt/Amazon_2023_Instruments/Oct-07-2026_15-51-46/HG_Rec_best.pth
2026-10-07 15:55:53,346 - INFO - Epoch 21/150 train_loss=2.671753234863281
2026-10-07 15:55:53,380 - INFO - Best train loss=2.671753234863281; saved /home/wlia0047/ar57/wenyu/GeneRec/results/stage3_T5Train/curvature_RQ-VAE_iter109/ckpt/Amazon_2023_Instruments/Oct-07-2026_15-51-46/HG_Rec_best.pth
2026-10-07 15:56:04,982 - INFO - Epoch 22/150 train_loss=2.6366569232940673
2026-10-07 15:56:05,019 - INFO - Best train loss=2.6366569232940673; saved /home/wlia0047/ar57/wenyu/GeneRec/results/stage3_T5Train/curvature_RQ-VAE_iter109/ckpt/Amazon_2023_Instruments/Oct-07-2026_15-51-46/HG_Rec_best.pth
2026-10-07 15:56:16,619 - INFO - Epoch 23/150 train_loss=2.6038098335266113
2026-10-07 15:56:16,656 - INFO - Best train loss=2.6038098335266113; saved /home/wlia0047/ar57/wenyu/GeneRec/results/stage3_T5Train/curvature_RQ-VAE_iter109/ckpt/Amazon_2023_Instruments/Oct-07-2026_15-51-46/HG_Rec_best.pth
2026-10-07 15:56:28,256 - INFO - Epoch 24/150 train_loss=2.579277629852295
2026-10-07 15:56:28,290 - INFO - Best train loss=2.579277629852295; saved /home/wlia0047/ar57/wenyu/GeneRec/results/stage3_T5Train/curvature_RQ-VAE_iter109/ckpt/Amazon_2023_Instruments/Oct-07-2026_15-51-46/HG_Rec_best.pth
2026-10-07 15:56:39,893 - INFO - Epoch 25/150 train_loss=2.549284887313843
2026-10-07 15:56:39,930 - INFO - Best train loss=2.549284887313843; saved /home/wlia0047/ar57/wenyu/GeneRec/results/stage3_T5Train/curvature_RQ-VAE_iter109/ckpt/Amazon_2023_Instruments/Oct-07-2026_15-51-46/HG_Rec_best.pth
2026-10-07 15:56:51,539 - INFO - Epoch 26/150 train_loss=2.516092538833618
2026-10-07 15:56:51,573 - INFO - Best train loss=2.516092538833618; saved /home/wlia0047/ar57/wenyu/GeneRec/results/stage3_T5Train/curvature_RQ-VAE_iter109/ckpt/Amazon_2023_Instruments/Oct-07-2026_15-51-46/HG_Rec_best.pth
2026-10-07 15:57:03,174 - INFO - Epoch 27/150 train_loss=2.4906829166412354
2026-10-07 15:57:03,209 - INFO - Best train loss=2.4906829166412354; saved /home/wlia0047/ar57/wenyu/GeneRec/results/stage3_T5Train/curvature_RQ-VAE_iter109/ckpt/Amazon_2023_Instruments/Oct-07-2026_15-51-46/HG_Rec_best.pth
2026-10-07 15:57:14,807 - INFO - Epoch 28/150 train_loss=2.472327127456665
2026-10-07 15:57:14,842 - INFO - Best train loss=2.472327127456665; saved /home/wlia0047/ar57/wenyu/GeneRec/results/stage3_T5Train/curvature_RQ-VAE_iter109/ckpt/Amazon_2023_Instruments/Oct-07-2026_15-51-46/HG_Rec_best.pth
2026-10-07 15:57:26,449 - INFO - Epoch 29/150 train_loss=2.4445533561706543
2026-10-07 15:57:26,484 - INFO - Best train loss=2.4445533561706543; saved /home/wlia0047/ar57/wenyu/GeneRec/results/stage3_T5Train/curvature_RQ-VAE_iter109/ckpt/Amazon_2023_Instruments/Oct-07-2026_15-51-46/HG_Rec_best.pth
2026-10-07 15:57:38,091 - INFO - Epoch 30/150 train_loss=2.4266769599914553
2026-10-07 15:57:38,126 - INFO - Best train loss=2.4266769599914553; saved /home/wlia0047/ar57/wenyu/GeneRec/results/stage3_T5Train/curvature_RQ-VAE_iter109/ckpt/Amazon_2023_Instruments/Oct-07-2026_15-51-46/HG_Rec_best.pth
2026-10-07 15:57:49,724 - INFO - Epoch 31/150 train_loss=2.4101981353759765
2026-10-07 15:57:49,761 - INFO - Best train loss=2.4101981353759765; saved /home/wlia0047/ar57/wenyu/GeneRec/results/stage3_T5Train/curvature_RQ-VAE_iter109/ckpt/Amazon_2023_Instruments/Oct-07-2026_15-51-46/HG_Rec_best.pth
2026-10-07 15:58:01,359 - INFO - Epoch 32/150 train_loss=2.3886308765411375
2026-10-07 15:58:01,394 - INFO - Best train loss=2.3886308765411375; saved /home/wlia0047/ar57/wenyu/GeneRec/results/stage3_T5Train/curvature_RQ-VAE_iter109/ckpt/Amazon_2023_Instruments/Oct-07-2026_15-51-46/HG_Rec_best.pth
2026-10-07 15:58:12,992 - INFO - Epoch 33/150 train_loss=2.362337169647217
2026-10-07 15:58:13,027 - INFO - Best train loss=2.362337169647217; saved /home/wlia0047/ar57/wenyu/GeneRec/results/stage3_T5Train/curvature_RQ-VAE_iter109/ckpt/Amazon_2023_Instruments/Oct-07-2026_15-51-46/HG_Rec_best.pth
2026-10-07 15:58:24,633 - INFO - Epoch 34/150 train_loss=2.346546058654785
2026-10-07 15:58:24,669 - INFO - Best train loss=2.346546058654785; saved /home/wlia0047/ar57/wenyu/GeneRec/results/stage3_T5Train/curvature_RQ-VAE_iter109/ckpt/Amazon_2023_Instruments/Oct-07-2026_15-51-46/HG_Rec_best.pth
2026-10-07 15:58:36,271 - INFO - Epoch 35/150 train_loss=2.331999683380127
2026-10-07 15:58:36,306 - INFO - Best train loss=2.331999683380127; saved /home/wlia0047/ar57/wenyu/GeneRec/results/stage3_T5Train/curvature_RQ-VAE_iter109/ckpt/Amazon_2023_Instruments/Oct-07-2026_15-51-46/HG_Rec_best.pth
2026-10-07 15:58:47,905 - INFO - Epoch 36/150 train_loss=2.3037098026275635
2026-10-07 15:58:47,940 - INFO - Best train loss=2.3037098026275635; saved /home/wlia0047/ar57/wenyu/GeneRec/results/stage3_T5Train/curvature_RQ-VAE_iter109/ckpt/Amazon_2023_Instruments/Oct-07-2026_15-51-46/HG_Rec_best.pth
2026-10-07 15:58:59,537 - INFO - Epoch 37/150 train_loss=2.2750615215301515
2026-10-07 15:58:59,572 - INFO - Best train loss=2.2750615215301515; saved /home/wlia0047/ar57/wenyu/GeneRec/results/stage3_T5Train/curvature_RQ-VAE_iter109/ckpt/Amazon_2023_Instruments/Oct-07-2026_15-51-46/HG_Rec_best.pth
2026-10-07 15:59:11,171 - INFO - Epoch 38/150 train_loss=2.2573968029022216
2026-10-07 15:59:11,207 - INFO - Best train loss=2.2573968029022216; saved /home/wlia0047/ar57/wenyu/GeneRec/results/stage3_T5Train/curvature_RQ-VAE_iter109/ckpt/Amazon_2023_Instruments/Oct-07-2026_15-51-46/HG_Rec_best.pth
2026-10-07 15:59:22,812 - INFO - Epoch 39/150 train_loss=2.2436115169525146
2026-10-07 15:59:22,848 - INFO - Best train loss=2.2436115169525146; saved /home/wlia0047/ar57/wenyu/GeneRec/results/stage3_T5Train/curvature_RQ-VAE_iter109/ckpt/Amazon_2023_Instruments/Oct-07-2026_15-51-46/HG_Rec_best.pth
2026-10-07 15:59:34,447 - INFO - Epoch 40/150 train_loss=2.23046820640564
2026-10-07 15:59:34,481 - INFO - Best train loss=2.23046820640564; saved /home/wlia0047/ar57/wenyu/GeneRec/results/stage3_T5Train/curvature_RQ-VAE_iter109/ckpt/Amazon_2023_Instruments/Oct-07-2026_15-51-46/HG_Rec_best.pth
2026-10-07 15:59:46,087 - INFO - Epoch 41/150 train_loss=2.2199613666534423
2026-10-07 15:59:46,123 - INFO - Best train loss=2.2199613666534423; saved /home/wlia0047/ar57/wenyu/GeneRec/results/stage3_T5Train/curvature_RQ-VAE_iter109/ckpt/Amazon_2023_Instruments/Oct-07-2026_15-51-46/HG_Rec_best.pth
2026-10-07 15:59:57,726 - INFO - Epoch 42/150 train_loss=2.207980127334595
2026-10-07 15:59:57,762 - INFO - Best train loss=2.207980127334595; saved /home/wlia0047/ar57/wenyu/GeneRec/results/stage3_T5Train/curvature_RQ-VAE_iter109/ckpt/Amazon_2023_Instruments/Oct-07-2026_15-51-46/HG_Rec_best.pth
2026-10-07 16:00:09,451 - INFO - Epoch 43/150 train_loss=2.1898869132995604
2026-10-07 16:00:09,925 - INFO - Best train loss=2.1898869132995604; saved /home/wlia0047/ar57/wenyu/GeneRec/results/stage3_T5Train/curvature_RQ-VAE_iter109/ckpt/Amazon_2023_Instruments/Oct-07-2026_15-51-46/HG_Rec_best.pth
2026-10-07 16:00:21,526 - INFO - Epoch 44/150 train_loss=2.17917236328125
2026-10-07 16:00:21,562 - INFO - Best train loss=2.17917236328125; saved /home/wlia0047/ar57/wenyu/GeneRec/results/stage3_T5Train/curvature_RQ-VAE_iter109/ckpt/Amazon_2023_Instruments/Oct-07-2026_15-51-46/HG_Rec_best.pth
2026-10-07 16:00:33,161 - INFO - Epoch 45/150 train_loss=2.1719741725921633
2026-10-07 16:00:33,198 - INFO - Best train loss=2.1719741725921633; saved /home/wlia0047/ar57/wenyu/GeneRec/results/stage3_T5Train/curvature_RQ-VAE_iter109/ckpt/Amazon_2023_Instruments/Oct-07-2026_15-51-46/HG_Rec_best.pth
2026-10-07 16:00:44,799 - INFO - Epoch 46/150 train_loss=2.1564560317993164
2026-10-07 16:00:44,834 - INFO - Best train loss=2.1564560317993164; saved /home/wlia0047/ar57/wenyu/GeneRec/results/stage3_T5Train/curvature_RQ-VAE_iter109/ckpt/Amazon_2023_Instruments/Oct-07-2026_15-51-46/HG_Rec_best.pth
2026-10-07 16:00:56,435 - INFO - Epoch 47/150 train_loss=2.151617603302002
2026-10-07 16:00:56,470 - INFO - Best train loss=2.151617603302002; saved /home/wlia0047/ar57/wenyu/GeneRec/results/stage3_T5Train/curvature_RQ-VAE_iter109/ckpt/Amazon_2023_Instruments/Oct-07-2026_15-51-46/HG_Rec_best.pth
2026-10-07 16:01:08,072 - INFO - Epoch 48/150 train_loss=2.140154323577881
2026-10-07 16:01:08,109 - INFO - Best train loss=2.140154323577881; saved /home/wlia0047/ar57/wenyu/GeneRec/results/stage3_T5Train/curvature_RQ-VAE_iter109/ckpt/Amazon_2023_Instruments/Oct-07-2026_15-51-46/HG_Rec_best.pth
2026-10-07 16:01:19,702 - INFO - Epoch 49/150 train_loss=2.1281066513061524
2026-10-07 16:01:19,738 - INFO - Best train loss=2.1281066513061524; saved /home/wlia0047/ar57/wenyu/GeneRec/results/stage3_T5Train/curvature_RQ-VAE_iter109/ckpt/Amazon_2023_Instruments/Oct-07-2026_15-51-46/HG_Rec_best.pth
2026-10-07 16:01:31,339 - INFO - Epoch 50/150 train_loss=2.124886827468872
2026-10-07 16:01:31,376 - INFO - Best train loss=2.124886827468872; saved /home/wlia0047/ar57/wenyu/GeneRec/results/stage3_T5Train/curvature_RQ-VAE_iter109/ckpt/Amazon_2023_Instruments/Oct-07-2026_15-51-46/HG_Rec_best.pth
2026-10-07 16:01:43,379 - INFO - Epoch 51/150 train_loss=2.1142824935913085
2026-10-07 16:01:43,673 - INFO - Best train loss=2.1142824935913085; saved /home/wlia0047/ar57/wenyu/GeneRec/results/stage3_T5Train/curvature_RQ-VAE_iter109/ckpt/Amazon_2023_Instruments/Oct-07-2026_15-51-46/HG_Rec_best.pth
2026-10-07 16:01:55,814 - INFO - Epoch 52/150 train_loss=2.1129813194274902
2026-10-07 16:01:55,872 - INFO - Best train loss=2.1129813194274902; saved /home/wlia0047/ar57/wenyu/GeneRec/results/stage3_T5Train/curvature_RQ-VAE_iter109/ckpt/Amazon_2023_Instruments/Oct-07-2026_15-51-46/HG_Rec_best.pth
2026-10-07 16:02:07,477 - INFO - Epoch 53/150 train_loss=2.1054290771484374
2026-10-07 16:02:07,516 - INFO - Best train loss=2.1054290771484374; saved /home/wlia0047/ar57/wenyu/GeneRec/results/stage3_T5Train/curvature_RQ-VAE_iter109/ckpt/Amazon_2023_Instruments/Oct-07-2026_15-51-46/HG_Rec_best.pth
2026-10-07 16:02:19,118 - INFO - Epoch 54/150 train_loss=2.0937517261505127
2026-10-07 16:02:19,154 - INFO - Best train loss=2.0937517261505127; saved /home/wlia0047/ar57/wenyu/GeneRec/results/stage3_T5Train/curvature_RQ-VAE_iter109/ckpt/Amazon_2023_Instruments/Oct-07-2026_15-51-46/HG_Rec_best.pth
2026-10-07 16:02:33,676 - INFO - Epoch 55/150 train_loss=2.0895331859588624
2026-10-07 16:02:33,781 - INFO - Best train loss=2.0895331859588624; saved /home/wlia0047/ar57/wenyu/GeneRec/results/stage3_T5Train/curvature_RQ-VAE_iter109/ckpt/Amazon_2023_Instruments/Oct-07-2026_15-51-46/HG_Rec_best.pth
2026-10-07 16:02:45,379 - INFO - Epoch 56/150 train_loss=2.081567029953003
2026-10-07 16:02:45,441 - INFO - Best train loss=2.081567029953003; saved /home/wlia0047/ar57/wenyu/GeneRec/results/stage3_T5Train/curvature_RQ-VAE_iter109/ckpt/Amazon_2023_Instruments/Oct-07-2026_15-51-46/HG_Rec_best.pth
2026-10-07 16:02:57,040 - INFO - Epoch 57/150 train_loss=2.0718908214569094
2026-10-07 16:02:57,081 - INFO - Best train loss=2.0718908214569094; saved /home/wlia0047/ar57/wenyu/GeneRec/results/stage3_T5Train/curvature_RQ-VAE_iter109/ckpt/Amazon_2023_Instruments/Oct-07-2026_15-51-46/HG_Rec_best.pth
2026-10-07 16:03:08,684 - INFO - Epoch 58/150 train_loss=2.0661543655395507
2026-10-07 16:03:08,723 - INFO - Best train loss=2.0661543655395507; saved /home/wlia0047/ar57/wenyu/GeneRec/results/stage3_T5Train/curvature_RQ-VAE_iter109/ckpt/Amazon_2023_Instruments/Oct-07-2026_15-51-46/HG_Rec_best.pth
2026-10-07 16:03:20,321 - INFO - Epoch 59/150 train_loss=2.0606436634063723
2026-10-07 16:03:20,358 - INFO - Best train loss=2.0606436634063723; saved /home/wlia0047/ar57/wenyu/GeneRec/results/stage3_T5Train/curvature_RQ-VAE_iter109/ckpt/Amazon_2023_Instruments/Oct-07-2026_15-51-46/HG_Rec_best.pth
2026-10-07 16:03:31,959 - INFO - Epoch 60/150 train_loss=2.0562252616882324
2026-10-07 16:03:31,997 - INFO - Best train loss=2.0562252616882324; saved /home/wlia0047/ar57/wenyu/GeneRec/results/stage3_T5Train/curvature_RQ-VAE_iter109/ckpt/Amazon_2023_Instruments/Oct-07-2026_15-51-46/HG_Rec_best.pth
2026-10-07 16:03:43,616 - INFO - Epoch 61/150 train_loss=2.048866214752197
2026-10-07 16:03:43,654 - INFO - Best train loss=2.048866214752197; saved /home/wlia0047/ar57/wenyu/GeneRec/results/stage3_T5Train/curvature_RQ-VAE_iter109/ckpt/Amazon_2023_Instruments/Oct-07-2026_15-51-46/HG_Rec_best.pth
2026-10-07 16:03:55,269 - INFO - Epoch 62/150 train_loss=2.042119379043579
2026-10-07 16:03:55,311 - INFO - Best train loss=2.042119379043579; saved /home/wlia0047/ar57/wenyu/GeneRec/results/stage3_T5Train/curvature_RQ-VAE_iter109/ckpt/Amazon_2023_Instruments/Oct-07-2026_15-51-46/HG_Rec_best.pth
2026-10-07 16:04:06,915 - INFO - Epoch 63/150 train_loss=2.0385914707183836
2026-10-07 16:04:06,951 - INFO - Best train loss=2.0385914707183836; saved /home/wlia0047/ar57/wenyu/GeneRec/results/stage3_T5Train/curvature_RQ-VAE_iter109/ckpt/Amazon_2023_Instruments/Oct-07-2026_15-51-46/HG_Rec_best.pth
2026-10-07 16:04:18,553 - INFO - Epoch 64/150 train_loss=2.0368776226043703
2026-10-07 16:04:18,594 - INFO - Best train loss=2.0368776226043703; saved /home/wlia0047/ar57/wenyu/GeneRec/results/stage3_T5Train/curvature_RQ-VAE_iter109/ckpt/Amazon_2023_Instruments/Oct-07-2026_15-51-46/HG_Rec_best.pth
2026-10-07 16:04:30,196 - INFO - Epoch 65/150 train_loss=2.0301438903808595
2026-10-07 16:04:30,232 - INFO - Best train loss=2.0301438903808595; saved /home/wlia0047/ar57/wenyu/GeneRec/results/stage3_T5Train/curvature_RQ-VAE_iter109/ckpt/Amazon_2023_Instruments/Oct-07-2026_15-51-46/HG_Rec_best.pth
2026-10-07 16:04:41,839 - INFO - Epoch 66/150 train_loss=2.0258833599090575
2026-10-07 16:04:41,874 - INFO - Best train loss=2.0258833599090575; saved /home/wlia0047/ar57/wenyu/GeneRec/results/stage3_T5Train/curvature_RQ-VAE_iter109/ckpt/Amazon_2023_Instruments/Oct-07-2026_15-51-46/HG_Rec_best.pth
2026-10-07 16:04:53,472 - INFO - Epoch 67/150 train_loss=2.0191434478759764
2026-10-07 16:04:53,508 - INFO - Best train loss=2.0191434478759764; saved /home/wlia0047/ar57/wenyu/GeneRec/results/stage3_T5Train/curvature_RQ-VAE_iter109/ckpt/Amazon_2023_Instruments/Oct-07-2026_15-51-46/HG_Rec_best.pth
2026-10-07 16:05:05,109 - INFO - Epoch 68/150 train_loss=2.016849956512451
2026-10-07 16:05:05,158 - INFO - Best train loss=2.016849956512451; saved /home/wlia0047/ar57/wenyu/GeneRec/results/stage3_T5Train/curvature_RQ-VAE_iter109/ckpt/Amazon_2023_Instruments/Oct-07-2026_15-51-46/HG_Rec_best.pth
2026-10-07 16:05:16,759 - INFO - Epoch 69/150 train_loss=2.0150930500030517
2026-10-07 16:05:16,794 - INFO - Best train loss=2.0150930500030517; saved /home/wlia0047/ar57/wenyu/GeneRec/results/stage3_T5Train/curvature_RQ-VAE_iter109/ckpt/Amazon_2023_Instruments/Oct-07-2026_15-51-46/HG_Rec_best.pth
2026-10-07 16:05:28,396 - INFO - Epoch 70/150 train_loss=2.009645390510559
2026-10-07 16:05:28,431 - INFO - Best train loss=2.009645390510559; saved /home/wlia0047/ar57/wenyu/GeneRec/results/stage3_T5Train/curvature_RQ-VAE_iter109/ckpt/Amazon_2023_Instruments/Oct-07-2026_15-51-46/HG_Rec_best.pth
2026-10-07 16:05:40,034 - INFO - Epoch 71/150 train_loss=2.006480631828308
2026-10-07 16:05:40,071 - INFO - Best train loss=2.006480631828308; saved /home/wlia0047/ar57/wenyu/GeneRec/results/stage3_T5Train/curvature_RQ-VAE_iter109/ckpt/Amazon_2023_Instruments/Oct-07-2026_15-51-46/HG_Rec_best.pth
2026-10-07 16:05:51,671 - INFO - Epoch 72/150 train_loss=1.9998058366775513
2026-10-07 16:05:51,705 - INFO - Best train loss=1.9998058366775513; saved /home/wlia0047/ar57/wenyu/GeneRec/results/stage3_T5Train/curvature_RQ-VAE_iter109/ckpt/Amazon_2023_Instruments/Oct-07-2026_15-51-46/HG_Rec_best.pth
2026-10-07 16:06:03,311 - INFO - Epoch 73/150 train_loss=1.9907300138473512
2026-10-07 16:06:03,349 - INFO - Best train loss=1.9907300138473512; saved /home/wlia0047/ar57/wenyu/GeneRec/results/stage3_T5Train/curvature_RQ-VAE_iter109/ckpt/Amazon_2023_Instruments/Oct-07-2026_15-51-46/HG_Rec_best.pth
2026-10-07 16:06:14,956 - INFO - Epoch 74/150 train_loss=1.9942050647735596
2026-10-07 16:06:26,567 - INFO - Epoch 75/150 train_loss=1.9908561944961547
2026-10-07 16:06:38,184 - INFO - Epoch 76/150 train_loss=1.984573826789856
2026-10-07 16:06:38,221 - INFO - Best train loss=1.984573826789856; saved /home/wlia0047/ar57/wenyu/GeneRec/results/stage3_T5Train/curvature_RQ-VAE_iter109/ckpt/Amazon_2023_Instruments/Oct-07-2026_15-51-46/HG_Rec_best.pth
2026-10-07 16:06:49,830 - INFO - Epoch 77/150 train_loss=1.9799099636077881
2026-10-07 16:06:49,866 - INFO - Best train loss=1.9799099636077881; saved /home/wlia0047/ar57/wenyu/GeneRec/results/stage3_T5Train/curvature_RQ-VAE_iter109/ckpt/Amazon_2023_Instruments/Oct-07-2026_15-51-46/HG_Rec_best.pth
2026-10-07 16:07:01,475 - INFO - Epoch 78/150 train_loss=1.97825177192688
2026-10-07 16:07:01,512 - INFO - Best train loss=1.97825177192688; saved /home/wlia0047/ar57/wenyu/GeneRec/results/stage3_T5Train/curvature_RQ-VAE_iter109/ckpt/Amazon_2023_Instruments/Oct-07-2026_15-51-46/HG_Rec_best.pth
2026-10-07 16:07:13,116 - INFO - Epoch 79/150 train_loss=1.9747163152694702
2026-10-07 16:07:13,151 - INFO - Best train loss=1.9747163152694702; saved /home/wlia0047/ar57/wenyu/GeneRec/results/stage3_T5Train/curvature_RQ-VAE_iter109/ckpt/Amazon_2023_Instruments/Oct-07-2026_15-51-46/HG_Rec_best.pth
2026-10-07 16:07:24,752 - INFO - Epoch 80/150 train_loss=1.973628306388855
2026-10-07 16:07:25,428 - INFO - Best train loss=1.973628306388855; saved /home/wlia0047/ar57/wenyu/GeneRec/results/stage3_T5Train/curvature_RQ-VAE_iter109/ckpt/Amazon_2023_Instruments/Oct-07-2026_15-51-46/HG_Rec_best.pth
2026-10-07 16:07:37,028 - INFO - Epoch 81/150 train_loss=1.9703393363952637
2026-10-07 16:07:37,063 - INFO - Best train loss=1.9703393363952637; saved /home/wlia0047/ar57/wenyu/GeneRec/results/stage3_T5Train/curvature_RQ-VAE_iter109/ckpt/Amazon_2023_Instruments/Oct-07-2026_15-51-46/HG_Rec_best.pth
2026-10-07 16:07:48,667 - INFO - Epoch 82/150 train_loss=1.9634271001815795
2026-10-07 16:07:48,704 - INFO - Best train loss=1.9634271001815795; saved /home/wlia0047/ar57/wenyu/GeneRec/results/stage3_T5Train/curvature_RQ-VAE_iter109/ckpt/Amazon_2023_Instruments/Oct-07-2026_15-51-46/HG_Rec_best.pth
2026-10-07 16:08:00,309 - INFO - Epoch 83/150 train_loss=1.964102110862732
2026-10-07 16:08:11,915 - INFO - Epoch 84/150 train_loss=1.9588571166992188
2026-10-07 16:08:11,951 - INFO - Best train loss=1.9588571166992188; saved /home/wlia0047/ar57/wenyu/GeneRec/results/stage3_T5Train/curvature_RQ-VAE_iter109/ckpt/Amazon_2023_Instruments/Oct-07-2026_15-51-46/HG_Rec_best.pth
2026-10-07 16:08:23,557 - INFO - Epoch 85/150 train_loss=1.9538250350952149
2026-10-07 16:08:23,592 - INFO - Best train loss=1.9538250350952149; saved /home/wlia0047/ar57/wenyu/GeneRec/results/stage3_T5Train/curvature_RQ-VAE_iter109/ckpt/Amazon_2023_Instruments/Oct-07-2026_15-51-46/HG_Rec_best.pth
2026-10-07 16:08:35,197 - INFO - Epoch 86/150 train_loss=1.9526428985595703
2026-10-07 16:08:35,233 - INFO - Best train loss=1.9526428985595703; saved /home/wlia0047/ar57/wenyu/GeneRec/results/stage3_T5Train/curvature_RQ-VAE_iter109/ckpt/Amazon_2023_Instruments/Oct-07-2026_15-51-46/HG_Rec_best.pth
2026-10-07 16:08:46,835 - INFO - Epoch 87/150 train_loss=1.951234269142151
2026-10-07 16:08:46,870 - INFO - Best train loss=1.951234269142151; saved /home/wlia0047/ar57/wenyu/GeneRec/results/stage3_T5Train/curvature_RQ-VAE_iter109/ckpt/Amazon_2023_Instruments/Oct-07-2026_15-51-46/HG_Rec_best.pth
2026-10-07 16:08:58,472 - INFO - Epoch 88/150 train_loss=1.9480016660690307
2026-10-07 16:08:58,508 - INFO - Best train loss=1.9480016660690307; saved /home/wlia0047/ar57/wenyu/GeneRec/results/stage3_T5Train/curvature_RQ-VAE_iter109/ckpt/Amazon_2023_Instruments/Oct-07-2026_15-51-46/HG_Rec_best.pth
2026-10-07 16:09:10,111 - INFO - Epoch 89/150 train_loss=1.944505729675293
2026-10-07 16:09:10,149 - INFO - Best train loss=1.944505729675293; saved /home/wlia0047/ar57/wenyu/GeneRec/results/stage3_T5Train/curvature_RQ-VAE_iter109/ckpt/Amazon_2023_Instruments/Oct-07-2026_15-51-46/HG_Rec_best.pth
2026-10-07 16:09:21,752 - INFO - Epoch 90/150 train_loss=1.9400284337997435
2026-10-07 16:09:21,787 - INFO - Best train loss=1.9400284337997435; saved /home/wlia0047/ar57/wenyu/GeneRec/results/stage3_T5Train/curvature_RQ-VAE_iter109/ckpt/Amazon_2023_Instruments/Oct-07-2026_15-51-46/HG_Rec_best.pth
2026-10-07 16:09:33,395 - INFO - Epoch 91/150 train_loss=1.9401351737976074
2026-10-07 16:09:45,468 - INFO - Epoch 92/150 train_loss=1.9373985052108764
2026-10-07 16:09:45,507 - INFO - Best train loss=1.9373985052108764; saved /home/wlia0047/ar57/wenyu/GeneRec/results/stage3_T5Train/curvature_RQ-VAE_iter109/ckpt/Amazon_2023_Instruments/Oct-07-2026_15-51-46/HG_Rec_best.pth
2026-10-07 16:09:57,615 - INFO - Epoch 93/150 train_loss=1.9343570566177368
2026-10-07 16:09:57,653 - INFO - Best train loss=1.9343570566177368; saved /home/wlia0047/ar57/wenyu/GeneRec/results/stage3_T5Train/curvature_RQ-VAE_iter109/ckpt/Amazon_2023_Instruments/Oct-07-2026_15-51-46/HG_Rec_best.pth
2026-10-07 16:10:09,262 - INFO - Epoch 94/150 train_loss=1.9349348211288453
2026-10-07 16:10:20,869 - INFO - Epoch 95/150 train_loss=1.929955153465271
2026-10-07 16:10:20,905 - INFO - Best train loss=1.929955153465271; saved /home/wlia0047/ar57/wenyu/GeneRec/results/stage3_T5Train/curvature_RQ-VAE_iter109/ckpt/Amazon_2023_Instruments/Oct-07-2026_15-51-46/HG_Rec_best.pth
2026-10-07 16:10:32,507 - INFO - Epoch 96/150 train_loss=1.9277510595321656
2026-10-07 16:10:32,544 - INFO - Best train loss=1.9277510595321656; saved /home/wlia0047/ar57/wenyu/GeneRec/results/stage3_T5Train/curvature_RQ-VAE_iter109/ckpt/Amazon_2023_Instruments/Oct-07-2026_15-51-46/HG_Rec_best.pth
2026-10-07 16:10:44,154 - INFO - Epoch 97/150 train_loss=1.925281090736389
2026-10-07 16:10:44,191 - INFO - Best train loss=1.925281090736389; saved /home/wlia0047/ar57/wenyu/GeneRec/results/stage3_T5Train/curvature_RQ-VAE_iter109/ckpt/Amazon_2023_Instruments/Oct-07-2026_15-51-46/HG_Rec_best.pth
2026-10-07 16:10:55,798 - INFO - Epoch 98/150 train_loss=1.9242400026321411
2026-10-07 16:10:55,833 - INFO - Best train loss=1.9242400026321411; saved /home/wlia0047/ar57/wenyu/GeneRec/results/stage3_T5Train/curvature_RQ-VAE_iter109/ckpt/Amazon_2023_Instruments/Oct-07-2026_15-51-46/HG_Rec_best.pth
2026-10-07 16:11:07,433 - INFO - Epoch 99/150 train_loss=1.9212149667739868
2026-10-07 16:11:07,468 - INFO - Best train loss=1.9212149667739868; saved /home/wlia0047/ar57/wenyu/GeneRec/results/stage3_T5Train/curvature_RQ-VAE_iter109/ckpt/Amazon_2023_Instruments/Oct-07-2026_15-51-46/HG_Rec_best.pth
2026-10-07 16:11:19,068 - INFO - Epoch 100/150 train_loss=1.9201261329650878
2026-10-07 16:11:19,103 - INFO - Best train loss=1.9201261329650878; saved /home/wlia0047/ar57/wenyu/GeneRec/results/stage3_T5Train/curvature_RQ-VAE_iter109/ckpt/Amazon_2023_Instruments/Oct-07-2026_15-51-46/HG_Rec_best.pth
2026-10-07 16:11:30,704 - INFO - Epoch 101/150 train_loss=1.9147776746749878
2026-10-07 16:11:30,739 - INFO - Best train loss=1.9147776746749878; saved /home/wlia0047/ar57/wenyu/GeneRec/results/stage3_T5Train/curvature_RQ-VAE_iter109/ckpt/Amazon_2023_Instruments/Oct-07-2026_15-51-46/HG_Rec_best.pth
2026-10-07 16:11:42,342 - INFO - Epoch 102/150 train_loss=1.9163504457473755
2026-10-07 16:11:54,046 - INFO - Epoch 103/150 train_loss=1.9111958312988282
2026-10-07 16:11:54,100 - INFO - Best train loss=1.9111958312988282; saved /home/wlia0047/ar57/wenyu/GeneRec/results/stage3_T5Train/curvature_RQ-VAE_iter109/ckpt/Amazon_2023_Instruments/Oct-07-2026_15-51-46/HG_Rec_best.pth
2026-10-07 16:12:05,826 - INFO - Epoch 104/150 train_loss=1.909913854598999
2026-10-07 16:12:05,865 - INFO - Best train loss=1.909913854598999; saved /home/wlia0047/ar57/wenyu/GeneRec/results/stage3_T5Train/curvature_RQ-VAE_iter109/ckpt/Amazon_2023_Instruments/Oct-07-2026_15-51-46/HG_Rec_best.pth
2026-10-07 16:12:17,472 - INFO - Epoch 105/150 train_loss=1.9111846208572387
2026-10-07 16:12:29,116 - INFO - Epoch 106/150 train_loss=1.9061441230773926
2026-10-07 16:12:29,162 - INFO - Best train loss=1.9061441230773926; saved /home/wlia0047/ar57/wenyu/GeneRec/results/stage3_T5Train/curvature_RQ-VAE_iter109/ckpt/Amazon_2023_Instruments/Oct-07-2026_15-51-46/HG_Rec_best.pth
2026-10-07 16:12:40,983 - INFO - Epoch 107/150 train_loss=1.9068488264083863
2026-10-07 16:12:52,585 - INFO - Epoch 108/150 train_loss=1.905656328201294
2026-10-07 16:12:52,623 - INFO - Best train loss=1.905656328201294; saved /home/wlia0047/ar57/wenyu/GeneRec/results/stage3_T5Train/curvature_RQ-VAE_iter109/ckpt/Amazon_2023_Instruments/Oct-07-2026_15-51-46/HG_Rec_best.pth
2026-10-07 16:13:04,230 - INFO - Epoch 109/150 train_loss=1.8997230434417725
2026-10-07 16:13:04,264 - INFO - Best train loss=1.8997230434417725; saved /home/wlia0047/ar57/wenyu/GeneRec/results/stage3_T5Train/curvature_RQ-VAE_iter109/ckpt/Amazon_2023_Instruments/Oct-07-2026_15-51-46/HG_Rec_best.pth
2026-10-07 16:13:15,869 - INFO - Epoch 110/150 train_loss=1.8995058012008668
2026-10-07 16:13:15,907 - INFO - Best train loss=1.8995058012008668; saved /home/wlia0047/ar57/wenyu/GeneRec/results/stage3_T5Train/curvature_RQ-VAE_iter109/ckpt/Amazon_2023_Instruments/Oct-07-2026_15-51-46/HG_Rec_best.pth
2026-10-07 16:13:27,513 - INFO - Epoch 111/150 train_loss=1.8981588792800903
2026-10-07 16:13:27,548 - INFO - Best train loss=1.8981588792800903; saved /home/wlia0047/ar57/wenyu/GeneRec/results/stage3_T5Train/curvature_RQ-VAE_iter109/ckpt/Amazon_2023_Instruments/Oct-07-2026_15-51-46/HG_Rec_best.pth
2026-10-07 16:13:39,152 - INFO - Epoch 112/150 train_loss=1.8946676397323607
2026-10-07 16:13:39,187 - INFO - Best train loss=1.8946676397323607; saved /home/wlia0047/ar57/wenyu/GeneRec/results/stage3_T5Train/curvature_RQ-VAE_iter109/ckpt/Amazon_2023_Instruments/Oct-07-2026_15-51-46/HG_Rec_best.pth
2026-10-07 16:13:50,792 - INFO - Epoch 113/150 train_loss=1.895565619468689
2026-10-07 16:14:02,400 - INFO - Epoch 114/150 train_loss=1.89364688873291
2026-10-07 16:14:02,437 - INFO - Best train loss=1.89364688873291; saved /home/wlia0047/ar57/wenyu/GeneRec/results/stage3_T5Train/curvature_RQ-VAE_iter109/ckpt/Amazon_2023_Instruments/Oct-07-2026_15-51-46/HG_Rec_best.pth
2026-10-07 16:14:14,040 - INFO - Epoch 115/150 train_loss=1.8926454019546508
2026-10-07 16:14:14,078 - INFO - Best train loss=1.8926454019546508; saved /home/wlia0047/ar57/wenyu/GeneRec/results/stage3_T5Train/curvature_RQ-VAE_iter109/ckpt/Amazon_2023_Instruments/Oct-07-2026_15-51-46/HG_Rec_best.pth
2026-10-07 16:14:25,679 - INFO - Epoch 116/150 train_loss=1.8895481777191163
2026-10-07 16:14:25,717 - INFO - Best train loss=1.8895481777191163; saved /home/wlia0047/ar57/wenyu/GeneRec/results/stage3_T5Train/curvature_RQ-VAE_iter109/ckpt/Amazon_2023_Instruments/Oct-07-2026_15-51-46/HG_Rec_best.pth
2026-10-07 16:14:40,701 - INFO - Epoch 117/150 train_loss=1.8883562898635864
2026-10-07 16:14:40,736 - INFO - Best train loss=1.8883562898635864; saved /home/wlia0047/ar57/wenyu/GeneRec/results/stage3_T5Train/curvature_RQ-VAE_iter109/ckpt/Amazon_2023_Instruments/Oct-07-2026_15-51-46/HG_Rec_best.pth
2026-10-07 16:14:52,338 - INFO - Epoch 118/150 train_loss=1.88477303981781
2026-10-07 16:14:52,397 - INFO - Best train loss=1.88477303981781; saved /home/wlia0047/ar57/wenyu/GeneRec/results/stage3_T5Train/curvature_RQ-VAE_iter109/ckpt/Amazon_2023_Instruments/Oct-07-2026_15-51-46/HG_Rec_best.pth
2026-10-07 16:15:03,998 - INFO - Epoch 119/150 train_loss=1.8835340690612794
2026-10-07 16:15:04,049 - INFO - Best train loss=1.8835340690612794; saved /home/wlia0047/ar57/wenyu/GeneRec/results/stage3_T5Train/curvature_RQ-VAE_iter109/ckpt/Amazon_2023_Instruments/Oct-07-2026_15-51-46/HG_Rec_best.pth
2026-10-07 16:15:15,655 - INFO - Epoch 120/150 train_loss=1.8802365684509277
2026-10-07 16:15:15,690 - INFO - Best train loss=1.8802365684509277; saved /home/wlia0047/ar57/wenyu/GeneRec/results/stage3_T5Train/curvature_RQ-VAE_iter109/ckpt/Amazon_2023_Instruments/Oct-07-2026_15-51-46/HG_Rec_best.pth
2026-10-07 16:15:27,290 - INFO - Epoch 121/150 train_loss=1.8792693185806275
2026-10-07 16:15:27,326 - INFO - Best train loss=1.8792693185806275; saved /home/wlia0047/ar57/wenyu/GeneRec/results/stage3_T5Train/curvature_RQ-VAE_iter109/ckpt/Amazon_2023_Instruments/Oct-07-2026_15-51-46/HG_Rec_best.pth
2026-10-07 16:15:38,926 - INFO - Epoch 122/150 train_loss=1.877738676071167
2026-10-07 16:15:38,963 - INFO - Best train loss=1.877738676071167; saved /home/wlia0047/ar57/wenyu/GeneRec/results/stage3_T5Train/curvature_RQ-VAE_iter109/ckpt/Amazon_2023_Instruments/Oct-07-2026_15-51-46/HG_Rec_best.pth
2026-10-07 16:15:50,571 - INFO - Epoch 123/150 train_loss=1.8776564598083496
2026-10-07 16:15:50,607 - INFO - Best train loss=1.8776564598083496; saved /home/wlia0047/ar57/wenyu/GeneRec/results/stage3_T5Train/curvature_RQ-VAE_iter109/ckpt/Amazon_2023_Instruments/Oct-07-2026_15-51-46/HG_Rec_best.pth
2026-10-07 16:16:02,211 - INFO - Epoch 124/150 train_loss=1.8776898765563965
2026-10-07 16:16:13,813 - INFO - Epoch 125/150 train_loss=1.8759882259368896
2026-10-07 16:16:13,852 - INFO - Best train loss=1.8759882259368896; saved /home/wlia0047/ar57/wenyu/GeneRec/results/stage3_T5Train/curvature_RQ-VAE_iter109/ckpt/Amazon_2023_Instruments/Oct-07-2026_15-51-46/HG_Rec_best.pth
2026-10-07 16:16:25,458 - INFO - Epoch 126/150 train_loss=1.8743806648254395
2026-10-07 16:16:25,494 - INFO - Best train loss=1.8743806648254395; saved /home/wlia0047/ar57/wenyu/GeneRec/results/stage3_T5Train/curvature_RQ-VAE_iter109/ckpt/Amazon_2023_Instruments/Oct-07-2026_15-51-46/HG_Rec_best.pth
2026-10-07 16:16:37,100 - INFO - Epoch 127/150 train_loss=1.872231855392456
2026-10-07 16:16:37,136 - INFO - Best train loss=1.872231855392456; saved /home/wlia0047/ar57/wenyu/GeneRec/results/stage3_T5Train/curvature_RQ-VAE_iter109/ckpt/Amazon_2023_Instruments/Oct-07-2026_15-51-46/HG_Rec_best.pth
2026-10-07 16:16:48,738 - INFO - Epoch 128/150 train_loss=1.8753779602050782
2026-10-07 16:17:00,345 - INFO - Epoch 129/150 train_loss=1.8693851947784423
2026-10-07 16:17:00,387 - INFO - Best train loss=1.8693851947784423; saved /home/wlia0047/ar57/wenyu/GeneRec/results/stage3_T5Train/curvature_RQ-VAE_iter109/ckpt/Amazon_2023_Instruments/Oct-07-2026_15-51-46/HG_Rec_best.pth
2026-10-07 16:17:11,987 - INFO - Epoch 130/150 train_loss=1.8699870920181274
2026-10-07 16:17:23,596 - INFO - Epoch 131/150 train_loss=1.8680720615386963
2026-10-07 16:17:23,635 - INFO - Best train loss=1.8680720615386963; saved /home/wlia0047/ar57/wenyu/GeneRec/results/stage3_T5Train/curvature_RQ-VAE_iter109/ckpt/Amazon_2023_Instruments/Oct-07-2026_15-51-46/HG_Rec_best.pth
2026-10-07 16:17:35,239 - INFO - Epoch 132/150 train_loss=1.8676056432724
2026-10-07 16:17:35,275 - INFO - Best train loss=1.8676056432724; saved /home/wlia0047/ar57/wenyu/GeneRec/results/stage3_T5Train/curvature_RQ-VAE_iter109/ckpt/Amazon_2023_Instruments/Oct-07-2026_15-51-46/HG_Rec_best.pth
2026-10-07 16:17:46,873 - INFO - Epoch 133/150 train_loss=1.869150733947754
2026-10-07 16:17:58,472 - INFO - Epoch 134/150 train_loss=1.8636239194869995
2026-10-07 16:17:58,518 - INFO - Best train loss=1.8636239194869995; saved /home/wlia0047/ar57/wenyu/GeneRec/results/stage3_T5Train/curvature_RQ-VAE_iter109/ckpt/Amazon_2023_Instruments/Oct-07-2026_15-51-46/HG_Rec_best.pth
2026-10-07 16:18:10,121 - INFO - Epoch 135/150 train_loss=1.8630118036270142
2026-10-07 16:18:10,157 - INFO - Best train loss=1.8630118036270142; saved /home/wlia0047/ar57/wenyu/GeneRec/results/stage3_T5Train/curvature_RQ-VAE_iter109/ckpt/Amazon_2023_Instruments/Oct-07-2026_15-51-46/HG_Rec_best.pth
2026-10-07 16:18:21,761 - INFO - Epoch 136/150 train_loss=1.8651272058486938
2026-10-07 16:18:33,366 - INFO - Epoch 137/150 train_loss=1.863890814781189
2026-10-07 16:18:44,968 - INFO - Epoch 138/150 train_loss=1.8628161668777465
2026-10-07 16:18:45,012 - INFO - Best train loss=1.8628161668777465; saved /home/wlia0047/ar57/wenyu/GeneRec/results/stage3_T5Train/curvature_RQ-VAE_iter109/ckpt/Amazon_2023_Instruments/Oct-07-2026_15-51-46/HG_Rec_best.pth
2026-10-07 16:18:56,620 - INFO - Epoch 139/150 train_loss=1.8622791910171508
2026-10-07 16:18:56,656 - INFO - Best train loss=1.8622791910171508; saved /home/wlia0047/ar57/wenyu/GeneRec/results/stage3_T5Train/curvature_RQ-VAE_iter109/ckpt/Amazon_2023_Instruments/Oct-07-2026_15-51-46/HG_Rec_best.pth
2026-10-07 16:19:08,255 - INFO - Epoch 140/150 train_loss=1.859142689704895
2026-10-07 16:19:08,291 - INFO - Best train loss=1.859142689704895; saved /home/wlia0047/ar57/wenyu/GeneRec/results/stage3_T5Train/curvature_RQ-VAE_iter109/ckpt/Amazon_2023_Instruments/Oct-07-2026_15-51-46/HG_Rec_best.pth
2026-10-07 16:19:19,890 - INFO - Epoch 141/150 train_loss=1.8633266305923462
2026-10-07 16:19:31,491 - INFO - Epoch 142/150 train_loss=1.8600201749801635
2026-10-07 16:19:43,104 - INFO - Epoch 143/150 train_loss=1.8587366008758546
2026-10-07 16:19:43,149 - INFO - Best train loss=1.8587366008758546; saved /home/wlia0047/ar57/wenyu/GeneRec/results/stage3_T5Train/curvature_RQ-VAE_iter109/ckpt/Amazon_2023_Instruments/Oct-07-2026_15-51-46/HG_Rec_best.pth
2026-10-07 16:19:54,750 - INFO - Epoch 144/150 train_loss=1.854211564064026
2026-10-07 16:19:54,786 - INFO - Best train loss=1.854211564064026; saved /home/wlia0047/ar57/wenyu/GeneRec/results/stage3_T5Train/curvature_RQ-VAE_iter109/ckpt/Amazon_2023_Instruments/Oct-07-2026_15-51-46/HG_Rec_best.pth
2026-10-07 16:20:06,383 - INFO - Epoch 145/150 train_loss=1.8560758686065675
2026-10-07 16:20:17,983 - INFO - Epoch 146/150 train_loss=1.855189185142517
2026-10-07 16:20:29,591 - INFO - Epoch 147/150 train_loss=1.850704894065857
2026-10-07 16:20:29,636 - INFO - Best train loss=1.850704894065857; saved /home/wlia0047/ar57/wenyu/GeneRec/results/stage3_T5Train/curvature_RQ-VAE_iter109/ckpt/Amazon_2023_Instruments/Oct-07-2026_15-51-46/HG_Rec_best.pth
2026-10-07 16:20:41,246 - INFO - Epoch 148/150 train_loss=1.8529987335205078
2026-10-07 16:20:52,853 - INFO - Epoch 149/150 train_loss=1.8507464742660522
2026-10-07 16:21:04,459 - INFO - Epoch 150/150 train_loss=1.8499455785751342
2026-10-07 16:21:04,495 - INFO - Best train loss=1.8499455785751342; saved /home/wlia0047/ar57/wenyu/GeneRec/results/stage3_T5Train/curvature_RQ-VAE_iter109/ckpt/Amazon_2023_Instruments/Oct-07-2026_15-51-46/HG_Rec_best.pth
2026-10-07 16:23:13,878 - INFO - Test={'best_checkpoint': '/home/wlia0047/ar57/wenyu/GeneRec/results/stage3_T5Train/curvature_RQ-VAE_iter109/ckpt/Amazon_2023_Instruments/Oct-07-2026_15-51-46/HG_Rec_best.pth', 'n_eval': 57439, 'test_recall@5': 0.03861487839272968, 'test_recall@10': 0.058235693518341194, 'test_ndcg@5': 0.025442022325289637, 'test_ndcg@10': 0.031748949757616614}
