2026-10-03 12:51:27,379 - INFO - Configuration: {'batch_size': 4096, 'infer_size': 1024, 'num_epochs': 150, 'eval_interval': 5, 'eval_start_epoch': 75, 'early_eval_epochs': (25, 50, 75, 100, 125), 'fast': True, 'bf16': True, 'use_lr_scheduler': True, 'lr_warmup_pct': 0.1, 'lr_min_factor': 0.2, 'compile': False, 'compile_mode': 'default', 'num_layers': 4, 'num_decoder_layers': 4, 'd_model': 128, 'd_ff': 1024, 'num_heads': 6, 'd_kv': 64, 'dropout_rate': 0.1, 'activation_function': 'relu', 'feed_forward_proj': 'relu', 'device': 'cuda', 'lr': 0.003, 'weight_decay': 0.05, 'vocab_size': 774, 'eos_token_id': 773, 'pad_token_id': 0, 'n_user_tokens': 1, 'max_len': 20, 'dataset_name': 'Amazon_2023_Instruments', 'dataset_path': '/home/wlia0047/ar57/wenyu/GeneRec/results/stage0_build_parquet/', 'codebook_size': [256, 256, 256, 1], 'code_path': '/fs04/ar57/wenyu/GeneRec/results/stage2_RQ-VAE/curvature_RQ-VAE/item_sids.json', 'train_file': 'train.parquet', 'valid_file': 'valid.parquet', 'test_file': 'test.parquet', 'log_path': '/fs04/ar57/wenyu/GeneRec/results/stage3_T5Train/curvature_RQ-VAE/logs/', 'save_path': '/fs04/ar57/wenyu/GeneRec/results/stage3_T5Train/curvature_RQ-VAE/ckpt/', 'seed': 42, 'topk_list': [5, 10], 'beam_size': 20, 'no_eval': True, 'skip_test': False, 'screen_baseline_log': '', 'screen_start_epoch': 40, 'screen_window': 5, 'screen_min_ndcg_gain': 0.001, 'screen_min_recall_gain': 0.001, 'num_workers': 4, 'prefetch_factor': 8, 'exclude_history': True, 'no_exclude_history': False, 'pin_memory': True, 'no_pin_memory': False, 'sid_length': 4, 'max_token_seq_len': 82, 'decoder_start_token_id': 0}
2026-10-03 12:51:27,432 - INFO - #Embedding parameters: 99072
#Non-embedding parameters: 4459648
#Total trainable parameters: 4558720

2026-10-03 12:51:41,048 - INFO - Epoch 1/150 train_loss=4.754904117584228
2026-10-03 12:51:41,130 - INFO - Best train loss=4.754904117584228; saved /fs04/ar57/wenyu/GeneRec/results/stage3_T5Train/curvature_RQ-VAE/ckpt/Amazon_2023_Instruments/Oct-03-2026_12-51-27/HG_Rec_best.pth
2026-10-03 12:51:52,753 - INFO - Epoch 2/150 train_loss=4.0625510501861575
2026-10-03 12:51:52,789 - INFO - Best train loss=4.0625510501861575; saved /fs04/ar57/wenyu/GeneRec/results/stage3_T5Train/curvature_RQ-VAE/ckpt/Amazon_2023_Instruments/Oct-03-2026_12-51-27/HG_Rec_best.pth
2026-10-03 12:52:04,396 - INFO - Epoch 3/150 train_loss=3.861719455718994
2026-10-03 12:52:04,431 - INFO - Best train loss=3.861719455718994; saved /fs04/ar57/wenyu/GeneRec/results/stage3_T5Train/curvature_RQ-VAE/ckpt/Amazon_2023_Instruments/Oct-03-2026_12-51-27/HG_Rec_best.pth
2026-10-03 12:52:16,036 - INFO - Epoch 4/150 train_loss=3.7199439811706543
2026-10-03 12:52:16,072 - INFO - Best train loss=3.7199439811706543; saved /fs04/ar57/wenyu/GeneRec/results/stage3_T5Train/curvature_RQ-VAE/ckpt/Amazon_2023_Instruments/Oct-03-2026_12-51-27/HG_Rec_best.pth
2026-10-03 12:52:27,684 - INFO - Epoch 5/150 train_loss=3.6072191619873046
2026-10-03 12:52:27,719 - INFO - Best train loss=3.6072191619873046; saved /fs04/ar57/wenyu/GeneRec/results/stage3_T5Train/curvature_RQ-VAE/ckpt/Amazon_2023_Instruments/Oct-03-2026_12-51-27/HG_Rec_best.pth
2026-10-03 12:52:39,318 - INFO - Epoch 6/150 train_loss=3.5236834335327147
2026-10-03 12:52:39,353 - INFO - Best train loss=3.5236834335327147; saved /fs04/ar57/wenyu/GeneRec/results/stage3_T5Train/curvature_RQ-VAE/ckpt/Amazon_2023_Instruments/Oct-03-2026_12-51-27/HG_Rec_best.pth
2026-10-03 12:52:50,970 - INFO - Epoch 7/150 train_loss=3.416594972610474
2026-10-03 12:52:51,005 - INFO - Best train loss=3.416594972610474; saved /fs04/ar57/wenyu/GeneRec/results/stage3_T5Train/curvature_RQ-VAE/ckpt/Amazon_2023_Instruments/Oct-03-2026_12-51-27/HG_Rec_best.pth
2026-10-03 12:53:02,614 - INFO - Epoch 8/150 train_loss=3.727740135192871
2026-10-03 12:53:14,213 - INFO - Epoch 9/150 train_loss=3.4810977935791017
2026-10-03 12:53:25,831 - INFO - Epoch 10/150 train_loss=3.410257911682129
2026-10-03 12:53:25,872 - INFO - Best train loss=3.410257911682129; saved /fs04/ar57/wenyu/GeneRec/results/stage3_T5Train/curvature_RQ-VAE/ckpt/Amazon_2023_Instruments/Oct-03-2026_12-51-27/HG_Rec_best.pth
2026-10-03 12:53:37,479 - INFO - Epoch 11/150 train_loss=3.337744731903076
2026-10-03 12:53:37,514 - INFO - Best train loss=3.337744731903076; saved /fs04/ar57/wenyu/GeneRec/results/stage3_T5Train/curvature_RQ-VAE/ckpt/Amazon_2023_Instruments/Oct-03-2026_12-51-27/HG_Rec_best.pth
2026-10-03 12:53:49,123 - INFO - Epoch 12/150 train_loss=3.2669069957733154
2026-10-03 12:53:49,158 - INFO - Best train loss=3.2669069957733154; saved /fs04/ar57/wenyu/GeneRec/results/stage3_T5Train/curvature_RQ-VAE/ckpt/Amazon_2023_Instruments/Oct-03-2026_12-51-27/HG_Rec_best.pth
2026-10-03 12:54:00,756 - INFO - Epoch 13/150 train_loss=3.2047652530670168
2026-10-03 12:54:00,792 - INFO - Best train loss=3.2047652530670168; saved /fs04/ar57/wenyu/GeneRec/results/stage3_T5Train/curvature_RQ-VAE/ckpt/Amazon_2023_Instruments/Oct-03-2026_12-51-27/HG_Rec_best.pth
2026-10-03 12:54:12,395 - INFO - Epoch 14/150 train_loss=3.138321695327759
2026-10-03 12:54:12,431 - INFO - Best train loss=3.138321695327759; saved /fs04/ar57/wenyu/GeneRec/results/stage3_T5Train/curvature_RQ-VAE/ckpt/Amazon_2023_Instruments/Oct-03-2026_12-51-27/HG_Rec_best.pth
2026-10-03 12:54:24,043 - INFO - Epoch 15/150 train_loss=3.0753481197357178
2026-10-03 12:54:24,078 - INFO - Best train loss=3.0753481197357178; saved /fs04/ar57/wenyu/GeneRec/results/stage3_T5Train/curvature_RQ-VAE/ckpt/Amazon_2023_Instruments/Oct-03-2026_12-51-27/HG_Rec_best.pth
2026-10-03 12:54:35,686 - INFO - Epoch 16/150 train_loss=3.0100558948516847
2026-10-03 12:54:35,727 - INFO - Best train loss=3.0100558948516847; saved /fs04/ar57/wenyu/GeneRec/results/stage3_T5Train/curvature_RQ-VAE/ckpt/Amazon_2023_Instruments/Oct-03-2026_12-51-27/HG_Rec_best.pth
2026-10-03 12:54:47,331 - INFO - Epoch 17/150 train_loss=2.950469636917114
2026-10-03 12:54:47,367 - INFO - Best train loss=2.950469636917114; saved /fs04/ar57/wenyu/GeneRec/results/stage3_T5Train/curvature_RQ-VAE/ckpt/Amazon_2023_Instruments/Oct-03-2026_12-51-27/HG_Rec_best.pth
2026-10-03 12:54:59,491 - INFO - Epoch 18/150 train_loss=2.8979585456848143
2026-10-03 12:54:59,528 - INFO - Best train loss=2.8979585456848143; saved /fs04/ar57/wenyu/GeneRec/results/stage3_T5Train/curvature_RQ-VAE/ckpt/Amazon_2023_Instruments/Oct-03-2026_12-51-27/HG_Rec_best.pth
2026-10-03 12:55:11,131 - INFO - Epoch 19/150 train_loss=2.849805612564087
2026-10-03 12:55:11,167 - INFO - Best train loss=2.849805612564087; saved /fs04/ar57/wenyu/GeneRec/results/stage3_T5Train/curvature_RQ-VAE/ckpt/Amazon_2023_Instruments/Oct-03-2026_12-51-27/HG_Rec_best.pth
2026-10-03 12:55:22,764 - INFO - Epoch 20/150 train_loss=2.7989808082580567
2026-10-03 12:55:22,800 - INFO - Best train loss=2.7989808082580567; saved /fs04/ar57/wenyu/GeneRec/results/stage3_T5Train/curvature_RQ-VAE/ckpt/Amazon_2023_Instruments/Oct-03-2026_12-51-27/HG_Rec_best.pth
2026-10-03 12:55:34,398 - INFO - Epoch 21/150 train_loss=2.756353721618652
2026-10-03 12:55:34,434 - INFO - Best train loss=2.756353721618652; saved /fs04/ar57/wenyu/GeneRec/results/stage3_T5Train/curvature_RQ-VAE/ckpt/Amazon_2023_Instruments/Oct-03-2026_12-51-27/HG_Rec_best.pth
2026-10-03 12:55:46,044 - INFO - Epoch 22/150 train_loss=2.7184861278533936
2026-10-03 12:55:46,079 - INFO - Best train loss=2.7184861278533936; saved /fs04/ar57/wenyu/GeneRec/results/stage3_T5Train/curvature_RQ-VAE/ckpt/Amazon_2023_Instruments/Oct-03-2026_12-51-27/HG_Rec_best.pth
2026-10-03 12:55:57,679 - INFO - Epoch 23/150 train_loss=2.68175461769104
2026-10-03 12:55:57,715 - INFO - Best train loss=2.68175461769104; saved /fs04/ar57/wenyu/GeneRec/results/stage3_T5Train/curvature_RQ-VAE/ckpt/Amazon_2023_Instruments/Oct-03-2026_12-51-27/HG_Rec_best.pth
2026-10-03 12:56:09,318 - INFO - Epoch 24/150 train_loss=2.6574377727508547
2026-10-03 12:56:09,353 - INFO - Best train loss=2.6574377727508547; saved /fs04/ar57/wenyu/GeneRec/results/stage3_T5Train/curvature_RQ-VAE/ckpt/Amazon_2023_Instruments/Oct-03-2026_12-51-27/HG_Rec_best.pth
2026-10-03 12:56:20,955 - INFO - Epoch 25/150 train_loss=2.6229966354370116
2026-10-03 12:56:20,992 - INFO - Best train loss=2.6229966354370116; saved /fs04/ar57/wenyu/GeneRec/results/stage3_T5Train/curvature_RQ-VAE/ckpt/Amazon_2023_Instruments/Oct-03-2026_12-51-27/HG_Rec_best.pth
2026-10-03 12:56:32,592 - INFO - Epoch 26/150 train_loss=2.589283151626587
2026-10-03 12:56:32,628 - INFO - Best train loss=2.589283151626587; saved /fs04/ar57/wenyu/GeneRec/results/stage3_T5Train/curvature_RQ-VAE/ckpt/Amazon_2023_Instruments/Oct-03-2026_12-51-27/HG_Rec_best.pth
2026-10-03 12:56:44,235 - INFO - Epoch 27/150 train_loss=2.565749263763428
2026-10-03 12:56:44,273 - INFO - Best train loss=2.565749263763428; saved /fs04/ar57/wenyu/GeneRec/results/stage3_T5Train/curvature_RQ-VAE/ckpt/Amazon_2023_Instruments/Oct-03-2026_12-51-27/HG_Rec_best.pth
2026-10-03 12:56:55,873 - INFO - Epoch 28/150 train_loss=2.540536518096924
2026-10-03 12:56:55,908 - INFO - Best train loss=2.540536518096924; saved /fs04/ar57/wenyu/GeneRec/results/stage3_T5Train/curvature_RQ-VAE/ckpt/Amazon_2023_Instruments/Oct-03-2026_12-51-27/HG_Rec_best.pth
2026-10-03 12:57:07,518 - INFO - Epoch 29/150 train_loss=2.520252618789673
2026-10-03 12:57:07,553 - INFO - Best train loss=2.520252618789673; saved /fs04/ar57/wenyu/GeneRec/results/stage3_T5Train/curvature_RQ-VAE/ckpt/Amazon_2023_Instruments/Oct-03-2026_12-51-27/HG_Rec_best.pth
2026-10-03 12:57:19,157 - INFO - Epoch 30/150 train_loss=2.5019093704223634
2026-10-03 12:57:19,194 - INFO - Best train loss=2.5019093704223634; saved /fs04/ar57/wenyu/GeneRec/results/stage3_T5Train/curvature_RQ-VAE/ckpt/Amazon_2023_Instruments/Oct-03-2026_12-51-27/HG_Rec_best.pth
2026-10-03 12:57:30,796 - INFO - Epoch 31/150 train_loss=2.4836470317840575
2026-10-03 12:57:30,832 - INFO - Best train loss=2.4836470317840575; saved /fs04/ar57/wenyu/GeneRec/results/stage3_T5Train/curvature_RQ-VAE/ckpt/Amazon_2023_Instruments/Oct-03-2026_12-51-27/HG_Rec_best.pth
2026-10-03 12:57:42,431 - INFO - Epoch 32/150 train_loss=2.462557735443115
2026-10-03 12:57:42,466 - INFO - Best train loss=2.462557735443115; saved /fs04/ar57/wenyu/GeneRec/results/stage3_T5Train/curvature_RQ-VAE/ckpt/Amazon_2023_Instruments/Oct-03-2026_12-51-27/HG_Rec_best.pth
2026-10-03 12:57:54,073 - INFO - Epoch 33/150 train_loss=2.4423065280914305
2026-10-03 12:57:54,109 - INFO - Best train loss=2.4423065280914305; saved /fs04/ar57/wenyu/GeneRec/results/stage3_T5Train/curvature_RQ-VAE/ckpt/Amazon_2023_Instruments/Oct-03-2026_12-51-27/HG_Rec_best.pth
2026-10-03 12:58:05,711 - INFO - Epoch 34/150 train_loss=2.428415575027466
2026-10-03 12:58:05,747 - INFO - Best train loss=2.428415575027466; saved /fs04/ar57/wenyu/GeneRec/results/stage3_T5Train/curvature_RQ-VAE/ckpt/Amazon_2023_Instruments/Oct-03-2026_12-51-27/HG_Rec_best.pth
2026-10-03 12:58:17,350 - INFO - Epoch 35/150 train_loss=2.413210515975952
2026-10-03 12:58:17,386 - INFO - Best train loss=2.413210515975952; saved /fs04/ar57/wenyu/GeneRec/results/stage3_T5Train/curvature_RQ-VAE/ckpt/Amazon_2023_Instruments/Oct-03-2026_12-51-27/HG_Rec_best.pth
2026-10-03 12:58:28,992 - INFO - Epoch 36/150 train_loss=2.3970078563690187
2026-10-03 12:58:29,027 - INFO - Best train loss=2.3970078563690187; saved /fs04/ar57/wenyu/GeneRec/results/stage3_T5Train/curvature_RQ-VAE/ckpt/Amazon_2023_Instruments/Oct-03-2026_12-51-27/HG_Rec_best.pth
2026-10-03 12:58:40,630 - INFO - Epoch 37/150 train_loss=2.378832025527954
2026-10-03 12:58:40,665 - INFO - Best train loss=2.378832025527954; saved /fs04/ar57/wenyu/GeneRec/results/stage3_T5Train/curvature_RQ-VAE/ckpt/Amazon_2023_Instruments/Oct-03-2026_12-51-27/HG_Rec_best.pth
2026-10-03 12:58:52,276 - INFO - Epoch 38/150 train_loss=2.3600880813598635
2026-10-03 12:58:52,311 - INFO - Best train loss=2.3600880813598635; saved /fs04/ar57/wenyu/GeneRec/results/stage3_T5Train/curvature_RQ-VAE/ckpt/Amazon_2023_Instruments/Oct-03-2026_12-51-27/HG_Rec_best.pth
2026-10-03 12:59:03,916 - INFO - Epoch 39/150 train_loss=2.350100555419922
2026-10-03 12:59:03,950 - INFO - Best train loss=2.350100555419922; saved /fs04/ar57/wenyu/GeneRec/results/stage3_T5Train/curvature_RQ-VAE/ckpt/Amazon_2023_Instruments/Oct-03-2026_12-51-27/HG_Rec_best.pth
2026-10-03 12:59:15,563 - INFO - Epoch 40/150 train_loss=2.3327505874633787
2026-10-03 12:59:15,598 - INFO - Best train loss=2.3327505874633787; saved /fs04/ar57/wenyu/GeneRec/results/stage3_T5Train/curvature_RQ-VAE/ckpt/Amazon_2023_Instruments/Oct-03-2026_12-51-27/HG_Rec_best.pth
2026-10-03 12:59:27,207 - INFO - Epoch 41/150 train_loss=2.319413003921509
2026-10-03 12:59:27,243 - INFO - Best train loss=2.319413003921509; saved /fs04/ar57/wenyu/GeneRec/results/stage3_T5Train/curvature_RQ-VAE/ckpt/Amazon_2023_Instruments/Oct-03-2026_12-51-27/HG_Rec_best.pth
2026-10-03 12:59:38,872 - INFO - Epoch 42/150 train_loss=2.307316427230835
2026-10-03 12:59:39,023 - INFO - Best train loss=2.307316427230835; saved /fs04/ar57/wenyu/GeneRec/results/stage3_T5Train/curvature_RQ-VAE/ckpt/Amazon_2023_Instruments/Oct-03-2026_12-51-27/HG_Rec_best.pth
2026-10-03 12:59:50,691 - INFO - Epoch 43/150 train_loss=2.292446880340576
2026-10-03 12:59:50,728 - INFO - Best train loss=2.292446880340576; saved /fs04/ar57/wenyu/GeneRec/results/stage3_T5Train/curvature_RQ-VAE/ckpt/Amazon_2023_Instruments/Oct-03-2026_12-51-27/HG_Rec_best.pth
2026-10-03 13:00:02,335 - INFO - Epoch 44/150 train_loss=2.2821028232574463
2026-10-03 13:00:02,376 - INFO - Best train loss=2.2821028232574463; saved /fs04/ar57/wenyu/GeneRec/results/stage3_T5Train/curvature_RQ-VAE/ckpt/Amazon_2023_Instruments/Oct-03-2026_12-51-27/HG_Rec_best.pth
2026-10-03 13:00:13,995 - INFO - Epoch 45/150 train_loss=2.270563497543335
2026-10-03 13:00:14,030 - INFO - Best train loss=2.270563497543335; saved /fs04/ar57/wenyu/GeneRec/results/stage3_T5Train/curvature_RQ-VAE/ckpt/Amazon_2023_Instruments/Oct-03-2026_12-51-27/HG_Rec_best.pth
2026-10-03 13:00:25,636 - INFO - Epoch 46/150 train_loss=2.263647880554199
2026-10-03 13:00:25,673 - INFO - Best train loss=2.263647880554199; saved /fs04/ar57/wenyu/GeneRec/results/stage3_T5Train/curvature_RQ-VAE/ckpt/Amazon_2023_Instruments/Oct-03-2026_12-51-27/HG_Rec_best.pth
2026-10-03 13:00:37,284 - INFO - Epoch 47/150 train_loss=2.252081928253174
2026-10-03 13:00:37,321 - INFO - Best train loss=2.252081928253174; saved /fs04/ar57/wenyu/GeneRec/results/stage3_T5Train/curvature_RQ-VAE/ckpt/Amazon_2023_Instruments/Oct-03-2026_12-51-27/HG_Rec_best.pth
2026-10-03 13:00:48,930 - INFO - Epoch 48/150 train_loss=2.2388558483123777
2026-10-03 13:00:48,965 - INFO - Best train loss=2.2388558483123777; saved /fs04/ar57/wenyu/GeneRec/results/stage3_T5Train/curvature_RQ-VAE/ckpt/Amazon_2023_Instruments/Oct-03-2026_12-51-27/HG_Rec_best.pth
2026-10-03 13:01:00,572 - INFO - Epoch 49/150 train_loss=2.22855996131897
2026-10-03 13:01:00,608 - INFO - Best train loss=2.22855996131897; saved /fs04/ar57/wenyu/GeneRec/results/stage3_T5Train/curvature_RQ-VAE/ckpt/Amazon_2023_Instruments/Oct-03-2026_12-51-27/HG_Rec_best.pth
2026-10-03 13:01:12,217 - INFO - Epoch 50/150 train_loss=2.224927806854248
2026-10-03 13:01:12,251 - INFO - Best train loss=2.224927806854248; saved /fs04/ar57/wenyu/GeneRec/results/stage3_T5Train/curvature_RQ-VAE/ckpt/Amazon_2023_Instruments/Oct-03-2026_12-51-27/HG_Rec_best.pth
2026-10-03 13:01:23,981 - INFO - Epoch 51/150 train_loss=2.2131140995025635
2026-10-03 13:01:24,397 - INFO - Best train loss=2.2131140995025635; saved /fs04/ar57/wenyu/GeneRec/results/stage3_T5Train/curvature_RQ-VAE/ckpt/Amazon_2023_Instruments/Oct-03-2026_12-51-27/HG_Rec_best.pth
2026-10-03 13:01:36,061 - INFO - Epoch 52/150 train_loss=2.209688415527344
2026-10-03 13:01:36,117 - INFO - Best train loss=2.209688415527344; saved /fs04/ar57/wenyu/GeneRec/results/stage3_T5Train/curvature_RQ-VAE/ckpt/Amazon_2023_Instruments/Oct-03-2026_12-51-27/HG_Rec_best.pth
2026-10-03 13:01:47,776 - INFO - Epoch 53/150 train_loss=2.2014526081085206
2026-10-03 13:01:47,811 - INFO - Best train loss=2.2014526081085206; saved /fs04/ar57/wenyu/GeneRec/results/stage3_T5Train/curvature_RQ-VAE/ckpt/Amazon_2023_Instruments/Oct-03-2026_12-51-27/HG_Rec_best.pth
2026-10-03 13:01:59,420 - INFO - Epoch 54/150 train_loss=2.19173454284668
2026-10-03 13:01:59,463 - INFO - Best train loss=2.19173454284668; saved /fs04/ar57/wenyu/GeneRec/results/stage3_T5Train/curvature_RQ-VAE/ckpt/Amazon_2023_Instruments/Oct-03-2026_12-51-27/HG_Rec_best.pth
2026-10-03 13:02:13,676 - INFO - Epoch 55/150 train_loss=2.1860744667053225
2026-10-03 13:02:13,807 - INFO - Best train loss=2.1860744667053225; saved /fs04/ar57/wenyu/GeneRec/results/stage3_T5Train/curvature_RQ-VAE/ckpt/Amazon_2023_Instruments/Oct-03-2026_12-51-27/HG_Rec_best.pth
2026-10-03 13:02:25,412 - INFO - Epoch 56/150 train_loss=2.1798594760894776
2026-10-03 13:02:25,447 - INFO - Best train loss=2.1798594760894776; saved /fs04/ar57/wenyu/GeneRec/results/stage3_T5Train/curvature_RQ-VAE/ckpt/Amazon_2023_Instruments/Oct-03-2026_12-51-27/HG_Rec_best.pth
2026-10-03 13:02:37,047 - INFO - Epoch 57/150 train_loss=2.170130376815796
2026-10-03 13:02:37,089 - INFO - Best train loss=2.170130376815796; saved /fs04/ar57/wenyu/GeneRec/results/stage3_T5Train/curvature_RQ-VAE/ckpt/Amazon_2023_Instruments/Oct-03-2026_12-51-27/HG_Rec_best.pth
2026-10-03 13:02:48,695 - INFO - Epoch 58/150 train_loss=2.163183479309082
2026-10-03 13:02:48,729 - INFO - Best train loss=2.163183479309082; saved /fs04/ar57/wenyu/GeneRec/results/stage3_T5Train/curvature_RQ-VAE/ckpt/Amazon_2023_Instruments/Oct-03-2026_12-51-27/HG_Rec_best.pth
2026-10-03 13:03:00,331 - INFO - Epoch 59/150 train_loss=2.1551519680023192
2026-10-03 13:03:00,365 - INFO - Best train loss=2.1551519680023192; saved /fs04/ar57/wenyu/GeneRec/results/stage3_T5Train/curvature_RQ-VAE/ckpt/Amazon_2023_Instruments/Oct-03-2026_12-51-27/HG_Rec_best.pth
2026-10-03 13:03:11,968 - INFO - Epoch 60/150 train_loss=2.152023286819458
2026-10-03 13:03:12,004 - INFO - Best train loss=2.152023286819458; saved /fs04/ar57/wenyu/GeneRec/results/stage3_T5Train/curvature_RQ-VAE/ckpt/Amazon_2023_Instruments/Oct-03-2026_12-51-27/HG_Rec_best.pth
2026-10-03 13:03:23,610 - INFO - Epoch 61/150 train_loss=2.1458078479766844
2026-10-03 13:03:23,647 - INFO - Best train loss=2.1458078479766844; saved /fs04/ar57/wenyu/GeneRec/results/stage3_T5Train/curvature_RQ-VAE/ckpt/Amazon_2023_Instruments/Oct-03-2026_12-51-27/HG_Rec_best.pth
2026-10-03 13:03:35,248 - INFO - Epoch 62/150 train_loss=2.1370941734313966
2026-10-03 13:03:35,285 - INFO - Best train loss=2.1370941734313966; saved /fs04/ar57/wenyu/GeneRec/results/stage3_T5Train/curvature_RQ-VAE/ckpt/Amazon_2023_Instruments/Oct-03-2026_12-51-27/HG_Rec_best.pth
2026-10-03 13:03:46,891 - INFO - Epoch 63/150 train_loss=2.133287525177002
2026-10-03 13:03:46,926 - INFO - Best train loss=2.133287525177002; saved /fs04/ar57/wenyu/GeneRec/results/stage3_T5Train/curvature_RQ-VAE/ckpt/Amazon_2023_Instruments/Oct-03-2026_12-51-27/HG_Rec_best.pth
2026-10-03 13:03:58,528 - INFO - Epoch 64/150 train_loss=2.1299258708953857
2026-10-03 13:03:58,564 - INFO - Best train loss=2.1299258708953857; saved /fs04/ar57/wenyu/GeneRec/results/stage3_T5Train/curvature_RQ-VAE/ckpt/Amazon_2023_Instruments/Oct-03-2026_12-51-27/HG_Rec_best.pth
2026-10-03 13:04:10,164 - INFO - Epoch 65/150 train_loss=2.1251400470733643
2026-10-03 13:04:10,201 - INFO - Best train loss=2.1251400470733643; saved /fs04/ar57/wenyu/GeneRec/results/stage3_T5Train/curvature_RQ-VAE/ckpt/Amazon_2023_Instruments/Oct-03-2026_12-51-27/HG_Rec_best.pth
2026-10-03 13:04:21,806 - INFO - Epoch 66/150 train_loss=2.120202579498291
2026-10-03 13:04:21,841 - INFO - Best train loss=2.120202579498291; saved /fs04/ar57/wenyu/GeneRec/results/stage3_T5Train/curvature_RQ-VAE/ckpt/Amazon_2023_Instruments/Oct-03-2026_12-51-27/HG_Rec_best.pth
2026-10-03 13:04:33,446 - INFO - Epoch 67/150 train_loss=2.111634540557861
2026-10-03 13:04:33,481 - INFO - Best train loss=2.111634540557861; saved /fs04/ar57/wenyu/GeneRec/results/stage3_T5Train/curvature_RQ-VAE/ckpt/Amazon_2023_Instruments/Oct-03-2026_12-51-27/HG_Rec_best.pth
2026-10-03 13:04:45,087 - INFO - Epoch 68/150 train_loss=2.1025937461853026
2026-10-03 13:04:45,157 - INFO - Best train loss=2.1025937461853026; saved /fs04/ar57/wenyu/GeneRec/results/stage3_T5Train/curvature_RQ-VAE/ckpt/Amazon_2023_Instruments/Oct-03-2026_12-51-27/HG_Rec_best.pth
2026-10-03 13:04:56,758 - INFO - Epoch 69/150 train_loss=2.0983834075927734
2026-10-03 13:04:56,797 - INFO - Best train loss=2.0983834075927734; saved /fs04/ar57/wenyu/GeneRec/results/stage3_T5Train/curvature_RQ-VAE/ckpt/Amazon_2023_Instruments/Oct-03-2026_12-51-27/HG_Rec_best.pth
2026-10-03 13:05:08,397 - INFO - Epoch 70/150 train_loss=2.08625412940979
2026-10-03 13:05:08,432 - INFO - Best train loss=2.08625412940979; saved /fs04/ar57/wenyu/GeneRec/results/stage3_T5Train/curvature_RQ-VAE/ckpt/Amazon_2023_Instruments/Oct-03-2026_12-51-27/HG_Rec_best.pth
2026-10-03 13:05:20,033 - INFO - Epoch 71/150 train_loss=2.082806081771851
2026-10-03 13:05:20,069 - INFO - Best train loss=2.082806081771851; saved /fs04/ar57/wenyu/GeneRec/results/stage3_T5Train/curvature_RQ-VAE/ckpt/Amazon_2023_Instruments/Oct-03-2026_12-51-27/HG_Rec_best.pth
2026-10-03 13:05:31,672 - INFO - Epoch 72/150 train_loss=2.07491156578064
2026-10-03 13:05:31,709 - INFO - Best train loss=2.07491156578064; saved /fs04/ar57/wenyu/GeneRec/results/stage3_T5Train/curvature_RQ-VAE/ckpt/Amazon_2023_Instruments/Oct-03-2026_12-51-27/HG_Rec_best.pth
2026-10-03 13:05:43,312 - INFO - Epoch 73/150 train_loss=2.063975381851196
2026-10-03 13:05:43,349 - INFO - Best train loss=2.063975381851196; saved /fs04/ar57/wenyu/GeneRec/results/stage3_T5Train/curvature_RQ-VAE/ckpt/Amazon_2023_Instruments/Oct-03-2026_12-51-27/HG_Rec_best.pth
2026-10-03 13:05:54,947 - INFO - Epoch 74/150 train_loss=2.066150436401367
2026-10-03 13:06:06,548 - INFO - Epoch 75/150 train_loss=2.0646064853668213
2026-10-03 13:06:18,164 - INFO - Epoch 76/150 train_loss=2.0564502811431886
2026-10-03 13:06:18,201 - INFO - Best train loss=2.0564502811431886; saved /fs04/ar57/wenyu/GeneRec/results/stage3_T5Train/curvature_RQ-VAE/ckpt/Amazon_2023_Instruments/Oct-03-2026_12-51-27/HG_Rec_best.pth
2026-10-03 13:06:29,806 - INFO - Epoch 77/150 train_loss=2.0503957271575928
2026-10-03 13:06:29,842 - INFO - Best train loss=2.0503957271575928; saved /fs04/ar57/wenyu/GeneRec/results/stage3_T5Train/curvature_RQ-VAE/ckpt/Amazon_2023_Instruments/Oct-03-2026_12-51-27/HG_Rec_best.pth
2026-10-03 13:06:41,441 - INFO - Epoch 78/150 train_loss=2.047795534133911
2026-10-03 13:06:41,475 - INFO - Best train loss=2.047795534133911; saved /fs04/ar57/wenyu/GeneRec/results/stage3_T5Train/curvature_RQ-VAE/ckpt/Amazon_2023_Instruments/Oct-03-2026_12-51-27/HG_Rec_best.pth
2026-10-03 13:06:53,075 - INFO - Epoch 79/150 train_loss=2.0461127758026123
2026-10-03 13:06:53,109 - INFO - Best train loss=2.0461127758026123; saved /fs04/ar57/wenyu/GeneRec/results/stage3_T5Train/curvature_RQ-VAE/ckpt/Amazon_2023_Instruments/Oct-03-2026_12-51-27/HG_Rec_best.pth
2026-10-03 13:07:04,713 - INFO - Epoch 80/150 train_loss=2.042801694869995
2026-10-03 13:07:05,426 - INFO - Best train loss=2.042801694869995; saved /fs04/ar57/wenyu/GeneRec/results/stage3_T5Train/curvature_RQ-VAE/ckpt/Amazon_2023_Instruments/Oct-03-2026_12-51-27/HG_Rec_best.pth
2026-10-03 13:07:17,033 - INFO - Epoch 81/150 train_loss=2.037798509597778
2026-10-03 13:07:17,067 - INFO - Best train loss=2.037798509597778; saved /fs04/ar57/wenyu/GeneRec/results/stage3_T5Train/curvature_RQ-VAE/ckpt/Amazon_2023_Instruments/Oct-03-2026_12-51-27/HG_Rec_best.pth
2026-10-03 13:07:28,674 - INFO - Epoch 82/150 train_loss=2.031550884246826
2026-10-03 13:07:28,708 - INFO - Best train loss=2.031550884246826; saved /fs04/ar57/wenyu/GeneRec/results/stage3_T5Train/curvature_RQ-VAE/ckpt/Amazon_2023_Instruments/Oct-03-2026_12-51-27/HG_Rec_best.pth
2026-10-03 13:07:40,314 - INFO - Epoch 83/150 train_loss=2.0326406288146974
2026-10-03 13:07:51,933 - INFO - Epoch 84/150 train_loss=2.025858325958252
2026-10-03 13:07:51,977 - INFO - Best train loss=2.025858325958252; saved /fs04/ar57/wenyu/GeneRec/results/stage3_T5Train/curvature_RQ-VAE/ckpt/Amazon_2023_Instruments/Oct-03-2026_12-51-27/HG_Rec_best.pth
2026-10-03 13:08:03,587 - INFO - Epoch 85/150 train_loss=2.023805160522461
2026-10-03 13:08:03,622 - INFO - Best train loss=2.023805160522461; saved /fs04/ar57/wenyu/GeneRec/results/stage3_T5Train/curvature_RQ-VAE/ckpt/Amazon_2023_Instruments/Oct-03-2026_12-51-27/HG_Rec_best.pth
2026-10-03 13:08:15,233 - INFO - Epoch 86/150 train_loss=2.0196972942352294
2026-10-03 13:08:15,269 - INFO - Best train loss=2.0196972942352294; saved /fs04/ar57/wenyu/GeneRec/results/stage3_T5Train/curvature_RQ-VAE/ckpt/Amazon_2023_Instruments/Oct-03-2026_12-51-27/HG_Rec_best.pth
2026-10-03 13:08:26,870 - INFO - Epoch 87/150 train_loss=2.0200717496871947
2026-10-03 13:08:38,478 - INFO - Epoch 88/150 train_loss=2.014919948577881
2026-10-03 13:08:38,516 - INFO - Best train loss=2.014919948577881; saved /fs04/ar57/wenyu/GeneRec/results/stage3_T5Train/curvature_RQ-VAE/ckpt/Amazon_2023_Instruments/Oct-03-2026_12-51-27/HG_Rec_best.pth
2026-10-03 13:08:50,125 - INFO - Epoch 89/150 train_loss=2.0120948123931885
2026-10-03 13:08:50,159 - INFO - Best train loss=2.0120948123931885; saved /fs04/ar57/wenyu/GeneRec/results/stage3_T5Train/curvature_RQ-VAE/ckpt/Amazon_2023_Instruments/Oct-03-2026_12-51-27/HG_Rec_best.pth
2026-10-03 13:09:01,767 - INFO - Epoch 90/150 train_loss=2.0069952726364138
2026-10-03 13:09:01,802 - INFO - Best train loss=2.0069952726364138; saved /fs04/ar57/wenyu/GeneRec/results/stage3_T5Train/curvature_RQ-VAE/ckpt/Amazon_2023_Instruments/Oct-03-2026_12-51-27/HG_Rec_best.pth
2026-10-03 13:09:13,412 - INFO - Epoch 91/150 train_loss=2.0056571674346926
2026-10-03 13:09:13,449 - INFO - Best train loss=2.0056571674346926; saved /fs04/ar57/wenyu/GeneRec/results/stage3_T5Train/curvature_RQ-VAE/ckpt/Amazon_2023_Instruments/Oct-03-2026_12-51-27/HG_Rec_best.pth
2026-10-03 13:09:25,542 - INFO - Epoch 92/150 train_loss=2.0057101488113402
2026-10-03 13:09:37,165 - INFO - Epoch 93/150 train_loss=2.0003237295150758
2026-10-03 13:09:37,657 - INFO - Best train loss=2.0003237295150758; saved /fs04/ar57/wenyu/GeneRec/results/stage3_T5Train/curvature_RQ-VAE/ckpt/Amazon_2023_Instruments/Oct-03-2026_12-51-27/HG_Rec_best.pth
2026-10-03 13:09:49,258 - INFO - Epoch 94/150 train_loss=2.0010978031158446
2026-10-03 13:10:00,885 - INFO - Epoch 95/150 train_loss=1.996148715019226
2026-10-03 13:10:00,925 - INFO - Best train loss=1.996148715019226; saved /fs04/ar57/wenyu/GeneRec/results/stage3_T5Train/curvature_RQ-VAE/ckpt/Amazon_2023_Instruments/Oct-03-2026_12-51-27/HG_Rec_best.pth
2026-10-03 13:10:12,529 - INFO - Epoch 96/150 train_loss=1.9967260408401488
2026-10-03 13:10:24,133 - INFO - Epoch 97/150 train_loss=1.991475510597229
2026-10-03 13:10:24,178 - INFO - Best train loss=1.991475510597229; saved /fs04/ar57/wenyu/GeneRec/results/stage3_T5Train/curvature_RQ-VAE/ckpt/Amazon_2023_Instruments/Oct-03-2026_12-51-27/HG_Rec_best.pth
2026-10-03 13:10:35,785 - INFO - Epoch 98/150 train_loss=1.9900604009628295
2026-10-03 13:10:35,825 - INFO - Best train loss=1.9900604009628295; saved /fs04/ar57/wenyu/GeneRec/results/stage3_T5Train/curvature_RQ-VAE/ckpt/Amazon_2023_Instruments/Oct-03-2026_12-51-27/HG_Rec_best.pth
2026-10-03 13:10:47,432 - INFO - Epoch 99/150 train_loss=1.9865531206130982
2026-10-03 13:10:47,467 - INFO - Best train loss=1.9865531206130982; saved /fs04/ar57/wenyu/GeneRec/results/stage3_T5Train/curvature_RQ-VAE/ckpt/Amazon_2023_Instruments/Oct-03-2026_12-51-27/HG_Rec_best.pth
2026-10-03 13:10:59,066 - INFO - Epoch 100/150 train_loss=1.9860451459884643
2026-10-03 13:10:59,102 - INFO - Best train loss=1.9860451459884643; saved /fs04/ar57/wenyu/GeneRec/results/stage3_T5Train/curvature_RQ-VAE/ckpt/Amazon_2023_Instruments/Oct-03-2026_12-51-27/HG_Rec_best.pth
2026-10-03 13:11:10,708 - INFO - Epoch 101/150 train_loss=1.9842649269104005
2026-10-03 13:11:10,743 - INFO - Best train loss=1.9842649269104005; saved /fs04/ar57/wenyu/GeneRec/results/stage3_T5Train/curvature_RQ-VAE/ckpt/Amazon_2023_Instruments/Oct-03-2026_12-51-27/HG_Rec_best.pth
2026-10-03 13:11:22,345 - INFO - Epoch 102/150 train_loss=1.9831858921051024
2026-10-03 13:11:22,380 - INFO - Best train loss=1.9831858921051024; saved /fs04/ar57/wenyu/GeneRec/results/stage3_T5Train/curvature_RQ-VAE/ckpt/Amazon_2023_Instruments/Oct-03-2026_12-51-27/HG_Rec_best.pth
2026-10-03 13:11:34,075 - INFO - Epoch 103/150 train_loss=1.978168659210205
2026-10-03 13:11:34,111 - INFO - Best train loss=1.978168659210205; saved /fs04/ar57/wenyu/GeneRec/results/stage3_T5Train/curvature_RQ-VAE/ckpt/Amazon_2023_Instruments/Oct-03-2026_12-51-27/HG_Rec_best.pth
2026-10-03 13:11:45,940 - INFO - Epoch 104/150 train_loss=1.9748157691955566
2026-10-03 13:11:46,575 - INFO - Best train loss=1.9748157691955566; saved /fs04/ar57/wenyu/GeneRec/results/stage3_T5Train/curvature_RQ-VAE/ckpt/Amazon_2023_Instruments/Oct-03-2026_12-51-27/HG_Rec_best.pth
2026-10-03 13:11:58,174 - INFO - Epoch 105/150 train_loss=1.9773363065719605
2026-10-03 13:12:09,784 - INFO - Epoch 106/150 train_loss=1.9709871244430541
2026-10-03 13:12:09,825 - INFO - Best train loss=1.9709871244430541; saved /fs04/ar57/wenyu/GeneRec/results/stage3_T5Train/curvature_RQ-VAE/ckpt/Amazon_2023_Instruments/Oct-03-2026_12-51-27/HG_Rec_best.pth
2026-10-03 13:12:21,429 - INFO - Epoch 107/150 train_loss=1.9727919006347656
2026-10-03 13:12:33,032 - INFO - Epoch 108/150 train_loss=1.970166974067688
2026-10-03 13:12:33,077 - INFO - Best train loss=1.970166974067688; saved /fs04/ar57/wenyu/GeneRec/results/stage3_T5Train/curvature_RQ-VAE/ckpt/Amazon_2023_Instruments/Oct-03-2026_12-51-27/HG_Rec_best.pth
2026-10-03 13:12:44,681 - INFO - Epoch 109/150 train_loss=1.9661141633987427
2026-10-03 13:12:44,717 - INFO - Best train loss=1.9661141633987427; saved /fs04/ar57/wenyu/GeneRec/results/stage3_T5Train/curvature_RQ-VAE/ckpt/Amazon_2023_Instruments/Oct-03-2026_12-51-27/HG_Rec_best.pth
2026-10-03 13:12:56,320 - INFO - Epoch 110/150 train_loss=1.9639626216888428
2026-10-03 13:12:56,355 - INFO - Best train loss=1.9639626216888428; saved /fs04/ar57/wenyu/GeneRec/results/stage3_T5Train/curvature_RQ-VAE/ckpt/Amazon_2023_Instruments/Oct-03-2026_12-51-27/HG_Rec_best.pth
2026-10-03 13:13:08,088 - INFO - Epoch 111/150 train_loss=1.9641579389572144
2026-10-03 13:13:19,723 - INFO - Epoch 112/150 train_loss=1.962058997154236
2026-10-03 13:13:19,762 - INFO - Best train loss=1.962058997154236; saved /fs04/ar57/wenyu/GeneRec/results/stage3_T5Train/curvature_RQ-VAE/ckpt/Amazon_2023_Instruments/Oct-03-2026_12-51-27/HG_Rec_best.pth
2026-10-03 13:13:31,366 - INFO - Epoch 113/150 train_loss=1.9592774486541749
2026-10-03 13:13:31,402 - INFO - Best train loss=1.9592774486541749; saved /fs04/ar57/wenyu/GeneRec/results/stage3_T5Train/curvature_RQ-VAE/ckpt/Amazon_2023_Instruments/Oct-03-2026_12-51-27/HG_Rec_best.pth
2026-10-03 13:13:43,003 - INFO - Epoch 114/150 train_loss=1.9588507890701294
2026-10-03 13:13:43,039 - INFO - Best train loss=1.9588507890701294; saved /fs04/ar57/wenyu/GeneRec/results/stage3_T5Train/curvature_RQ-VAE/ckpt/Amazon_2023_Instruments/Oct-03-2026_12-51-27/HG_Rec_best.pth
2026-10-03 13:13:54,648 - INFO - Epoch 115/150 train_loss=1.9587579822540284
2026-10-03 13:13:54,683 - INFO - Best train loss=1.9587579822540284; saved /fs04/ar57/wenyu/GeneRec/results/stage3_T5Train/curvature_RQ-VAE/ckpt/Amazon_2023_Instruments/Oct-03-2026_12-51-27/HG_Rec_best.pth
2026-10-03 13:14:06,286 - INFO - Epoch 116/150 train_loss=1.955017638206482
2026-10-03 13:14:06,322 - INFO - Best train loss=1.955017638206482; saved /fs04/ar57/wenyu/GeneRec/results/stage3_T5Train/curvature_RQ-VAE/ckpt/Amazon_2023_Instruments/Oct-03-2026_12-51-27/HG_Rec_best.pth
2026-10-03 13:14:21,368 - INFO - Epoch 117/150 train_loss=1.9540467596054076
2026-10-03 13:14:21,402 - INFO - Best train loss=1.9540467596054076; saved /fs04/ar57/wenyu/GeneRec/results/stage3_T5Train/curvature_RQ-VAE/ckpt/Amazon_2023_Instruments/Oct-03-2026_12-51-27/HG_Rec_best.pth
2026-10-03 13:14:33,271 - INFO - Epoch 118/150 train_loss=1.9497726488113403
2026-10-03 13:14:33,344 - INFO - Best train loss=1.9497726488113403; saved /fs04/ar57/wenyu/GeneRec/results/stage3_T5Train/curvature_RQ-VAE/ckpt/Amazon_2023_Instruments/Oct-03-2026_12-51-27/HG_Rec_best.pth
2026-10-03 13:14:44,954 - INFO - Epoch 119/150 train_loss=1.950719814300537
2026-10-03 13:14:56,559 - INFO - Epoch 120/150 train_loss=1.9478962898254395
2026-10-03 13:14:56,601 - INFO - Best train loss=1.9478962898254395; saved /fs04/ar57/wenyu/GeneRec/results/stage3_T5Train/curvature_RQ-VAE/ckpt/Amazon_2023_Instruments/Oct-03-2026_12-51-27/HG_Rec_best.pth
2026-10-03 13:15:08,205 - INFO - Epoch 121/150 train_loss=1.9474049043655395
2026-10-03 13:15:08,239 - INFO - Best train loss=1.9474049043655395; saved /fs04/ar57/wenyu/GeneRec/results/stage3_T5Train/curvature_RQ-VAE/ckpt/Amazon_2023_Instruments/Oct-03-2026_12-51-27/HG_Rec_best.pth
2026-10-03 13:15:19,841 - INFO - Epoch 122/150 train_loss=1.945544548034668
2026-10-03 13:15:19,876 - INFO - Best train loss=1.945544548034668; saved /fs04/ar57/wenyu/GeneRec/results/stage3_T5Train/curvature_RQ-VAE/ckpt/Amazon_2023_Instruments/Oct-03-2026_12-51-27/HG_Rec_best.pth
2026-10-03 13:15:31,480 - INFO - Epoch 123/150 train_loss=1.9419952869415282
2026-10-03 13:15:31,515 - INFO - Best train loss=1.9419952869415282; saved /fs04/ar57/wenyu/GeneRec/results/stage3_T5Train/curvature_RQ-VAE/ckpt/Amazon_2023_Instruments/Oct-03-2026_12-51-27/HG_Rec_best.pth
2026-10-03 13:15:43,116 - INFO - Epoch 124/150 train_loss=1.9429282855987549
2026-10-03 13:15:54,719 - INFO - Epoch 125/150 train_loss=1.942201442718506
2026-10-03 13:16:06,336 - INFO - Epoch 126/150 train_loss=1.9402947044372558
2026-10-03 13:16:06,380 - INFO - Best train loss=1.9402947044372558; saved /fs04/ar57/wenyu/GeneRec/results/stage3_T5Train/curvature_RQ-VAE/ckpt/Amazon_2023_Instruments/Oct-03-2026_12-51-27/HG_Rec_best.pth
2026-10-03 13:16:17,988 - INFO - Epoch 127/150 train_loss=1.9384480810165405
2026-10-03 13:16:18,022 - INFO - Best train loss=1.9384480810165405; saved /fs04/ar57/wenyu/GeneRec/results/stage3_T5Train/curvature_RQ-VAE/ckpt/Amazon_2023_Instruments/Oct-03-2026_12-51-27/HG_Rec_best.pth
2026-10-03 13:16:29,623 - INFO - Epoch 128/150 train_loss=1.9414184379577637
2026-10-03 13:16:41,234 - INFO - Epoch 129/150 train_loss=1.9378369808197022
2026-10-03 13:16:41,272 - INFO - Best train loss=1.9378369808197022; saved /fs04/ar57/wenyu/GeneRec/results/stage3_T5Train/curvature_RQ-VAE/ckpt/Amazon_2023_Instruments/Oct-03-2026_12-51-27/HG_Rec_best.pth
2026-10-03 13:16:52,878 - INFO - Epoch 130/150 train_loss=1.93750874042511
2026-10-03 13:16:52,913 - INFO - Best train loss=1.93750874042511; saved /fs04/ar57/wenyu/GeneRec/results/stage3_T5Train/curvature_RQ-VAE/ckpt/Amazon_2023_Instruments/Oct-03-2026_12-51-27/HG_Rec_best.pth
2026-10-03 13:17:04,517 - INFO - Epoch 131/150 train_loss=1.9356567478179931
2026-10-03 13:17:04,553 - INFO - Best train loss=1.9356567478179931; saved /fs04/ar57/wenyu/GeneRec/results/stage3_T5Train/curvature_RQ-VAE/ckpt/Amazon_2023_Instruments/Oct-03-2026_12-51-27/HG_Rec_best.pth
2026-10-03 13:17:16,156 - INFO - Epoch 132/150 train_loss=1.933914189338684
2026-10-03 13:17:16,192 - INFO - Best train loss=1.933914189338684; saved /fs04/ar57/wenyu/GeneRec/results/stage3_T5Train/curvature_RQ-VAE/ckpt/Amazon_2023_Instruments/Oct-03-2026_12-51-27/HG_Rec_best.pth
2026-10-03 13:17:27,797 - INFO - Epoch 133/150 train_loss=1.9358591794967652
2026-10-03 13:17:39,481 - INFO - Epoch 134/150 train_loss=1.931798939704895
2026-10-03 13:17:39,530 - INFO - Best train loss=1.931798939704895; saved /fs04/ar57/wenyu/GeneRec/results/stage3_T5Train/curvature_RQ-VAE/ckpt/Amazon_2023_Instruments/Oct-03-2026_12-51-27/HG_Rec_best.pth
2026-10-03 13:17:51,136 - INFO - Epoch 135/150 train_loss=1.9297372150421142
2026-10-03 13:17:51,172 - INFO - Best train loss=1.9297372150421142; saved /fs04/ar57/wenyu/GeneRec/results/stage3_T5Train/curvature_RQ-VAE/ckpt/Amazon_2023_Instruments/Oct-03-2026_12-51-27/HG_Rec_best.pth
2026-10-03 13:18:02,772 - INFO - Epoch 136/150 train_loss=1.9310200834274291
2026-10-03 13:18:14,380 - INFO - Epoch 137/150 train_loss=1.9310969495773316
2026-10-03 13:18:25,990 - INFO - Epoch 138/150 train_loss=1.9305503034591676
2026-10-03 13:18:37,590 - INFO - Epoch 139/150 train_loss=1.9272929000854493
2026-10-03 13:18:37,638 - INFO - Best train loss=1.9272929000854493; saved /fs04/ar57/wenyu/GeneRec/results/stage3_T5Train/curvature_RQ-VAE/ckpt/Amazon_2023_Instruments/Oct-03-2026_12-51-27/HG_Rec_best.pth
2026-10-03 13:18:49,241 - INFO - Epoch 140/150 train_loss=1.926179413795471
2026-10-03 13:18:49,276 - INFO - Best train loss=1.926179413795471; saved /fs04/ar57/wenyu/GeneRec/results/stage3_T5Train/curvature_RQ-VAE/ckpt/Amazon_2023_Instruments/Oct-03-2026_12-51-27/HG_Rec_best.pth
2026-10-03 13:19:00,883 - INFO - Epoch 141/150 train_loss=1.9283231735229491
2026-10-03 13:19:12,491 - INFO - Epoch 142/150 train_loss=1.9274563455581666
2026-10-03 13:19:24,111 - INFO - Epoch 143/150 train_loss=1.921978130340576
2026-10-03 13:19:24,150 - INFO - Best train loss=1.921978130340576; saved /fs04/ar57/wenyu/GeneRec/results/stage3_T5Train/curvature_RQ-VAE/ckpt/Amazon_2023_Instruments/Oct-03-2026_12-51-27/HG_Rec_best.pth
2026-10-03 13:19:35,758 - INFO - Epoch 144/150 train_loss=1.9218020391464234
2026-10-03 13:19:35,793 - INFO - Best train loss=1.9218020391464234; saved /fs04/ar57/wenyu/GeneRec/results/stage3_T5Train/curvature_RQ-VAE/ckpt/Amazon_2023_Instruments/Oct-03-2026_12-51-27/HG_Rec_best.pth
2026-10-03 13:19:47,396 - INFO - Epoch 145/150 train_loss=1.9219055604934692
2026-10-03 13:19:58,998 - INFO - Epoch 146/150 train_loss=1.92301411151886
2026-10-03 13:20:10,621 - INFO - Epoch 147/150 train_loss=1.9170737504959106
2026-10-03 13:20:10,666 - INFO - Best train loss=1.9170737504959106; saved /fs04/ar57/wenyu/GeneRec/results/stage3_T5Train/curvature_RQ-VAE/ckpt/Amazon_2023_Instruments/Oct-03-2026_12-51-27/HG_Rec_best.pth
2026-10-03 13:20:22,265 - INFO - Epoch 148/150 train_loss=1.91997802734375
2026-10-03 13:20:33,865 - INFO - Epoch 149/150 train_loss=1.9178364753723145
2026-10-03 13:20:45,477 - INFO - Epoch 150/150 train_loss=1.9166724109649658
2026-10-03 13:20:45,526 - INFO - Best train loss=1.9166724109649658; saved /fs04/ar57/wenyu/GeneRec/results/stage3_T5Train/curvature_RQ-VAE/ckpt/Amazon_2023_Instruments/Oct-03-2026_12-51-27/HG_Rec_best.pth
2026-10-03 13:28:27,369 - INFO - Test={'best_checkpoint': '/fs04/ar57/wenyu/GeneRec/results/stage3_T5Train/curvature_RQ-VAE/ckpt/Amazon_2023_Instruments/Oct-03-2026_12-51-27/HG_Rec_best.pth', 'n_eval': 57439, 'test_recall@5': 0.03147687111544421, 'test_recall@10': 0.04846881039015303, 'test_ndcg@5': 0.020642606442264757, 'test_ndcg@10': 0.026111359610646402}
