W0925 05:00:18.255369 1708812 /fs04/scratch2/ar57/wenyu/genrec_env_v2/lib/python3.9/site-packages/torch/distributed/run.py:774] 
W0925 05:00:18.255369 1708812 /fs04/scratch2/ar57/wenyu/genrec_env_v2/lib/python3.9/site-packages/torch/distributed/run.py:774] *****************************************
W0925 05:00:18.255369 1708812 /fs04/scratch2/ar57/wenyu/genrec_env_v2/lib/python3.9/site-packages/torch/distributed/run.py:774] Setting OMP_NUM_THREADS environment variable for each process to be 1 in default, to avoid your system being overloaded, please further tune the variable for optimal performance in your application as needed. 
W0925 05:00:18.255369 1708812 /fs04/scratch2/ar57/wenyu/genrec_env_v2/lib/python3.9/site-packages/torch/distributed/run.py:774] *****************************************
[Step3] DDP rank=0/4 local_rank=0
[Step0] cleaned 2 stale artifact(s) from /home/wlia0047/ar57/wenyu/GeneRec/stage2_RQ-VAE/curvature_RQ-VAE_iter11/results/out/rqvae/instruments
=== RQ-VAE Step1-Step12 训练循环 (world_size=4) ===
[Step1] emb: /home/wlia0047/ar57/wenyu/GeneRec/stage1_GeneEmbedding/output/sentence_t5.npy
[Step1] out: /home/wlia0047/ar57/wenyu/GeneRec/stage2_RQ-VAE/curvature_RQ-VAE_iter11/results/out/rqvae/instruments
[Step1] per-GPU batch=640 | total=2560 | workers=4 | compile=False
[Step1] hidden=[512, 256, 128] embed=32 codebook=256 layers=3
[Step1] target: MAX_GLOBAL_STEPS=100000 | ckpt every 10000
[Step4] WARN: 未找到 /home/wlia0047/ar57/wenyu/GeneRec/stage2_RQ-VAE/curvature_RQ-VAE_iter11/results/out/decoder/instruments_hgrec_configs/hgrec_iter11_curvature_scaled_commitment/layer_norms.json, 使用 iter1 已记录的残差尺度 [0.001, 0.932889, 1.0]
[Step4] WARN: 未找到 /home/wlia0047/ar57/wenyu/GeneRec/stage2_RQ-VAE/curvature_RQ-VAE_iter11/results/out/decoder/instruments_hgrec_configs/hgrec_iter11_curvature_scaled_commitment/layer_norms.json, 使用 iter1 已记录的残差尺度 [0.001, 0.932889, 1.0]
[Step2] loaded /home/wlia0047/ar57/wenyu/GeneRec/stage1_GeneEmbedding/output/sentence_t5.npy: shape=(24587, 768), train transitions=339519, active sources=24474/24587
[Step2] 24587 items | 9 batches/rank | 36 batches/epoch
[Step4] WARN: 未找到 /home/wlia0047/ar57/wenyu/GeneRec/stage2_RQ-VAE/curvature_RQ-VAE_iter11/results/out/decoder/instruments_hgrec_configs/hgrec_iter11_curvature_scaled_commitment/layer_norms.json, 使用 iter1 已记录的残差尺度 [0.001, 0.932889, 1.0]
[Step3.5] residual_layer_norms (per-layer u_l) = [0.0010/0.9329/1.0000] | mechanism=iter11_curvature_scaled_commitment
[Step4] WARN: 未找到 /home/wlia0047/ar57/wenyu/GeneRec/stage2_RQ-VAE/curvature_RQ-VAE_iter11/results/out/decoder/instruments_hgrec_configs/hgrec_iter11_curvature_scaled_commitment/layer_norms.json, 使用 iter1 已记录的残差尺度 [0.001, 0.932889, 1.0]
[Step4] iter11 warm-start loaded 11 tensors from /home/wlia0047/ar57/wenyu/GeneRec/stage2_RQ-VAE/curvature_RQ-VAE_iter8/results/out/rqvae/instruments/rqvae_best.pth; c_layer_scale re-initialized in (0.001, 0.933, 1.0) for new range
[Step4] params=1146883 | DDP wrapped
[Step5] optimizer covers 1 group(s)
[train] start, target=100000 global steps (Step1-Step12 loop)
[Step6] first transition batch ok x=(640, 768) x_fut=(640, 768) device=cuda:0
[Step7] first forward ok sem_ids.shape=(1280, 3)
[Step8] first loss ok loss=2.5994 rl=1.2354 vl=0.1046 behavior=6.2968 curvature_reg=0.000000
[Step9] first backward ok params_with_grad=14
[Step10] first optimizer.step ok
[Step11] first curvature sync step=4 c=[0.050/0.244/0.273]
  step    348/100000 | loss=3.0959 | rl=1.2794 | vl=0.4812 | behavior=6.6760 | curv_reg=0.004639 | codes=251/256/255/256 | c=0.051/0.216/0.242 | ips_g=69.4 ips/rk=17.3 | elapsed=5.0s | eta=1436.4s
  step    784/100000 | loss=3.0841 | rl=1.2881 | vl=0.4752 | behavior=6.6037 | curv_reg=0.019367 | codes=249/255/255/256 | c=0.052/0.192/0.212 | ips_g=78.0 ips/rk=19.5 | elapsed=10.1s | eta=1272.7s
  step   1208/100000 | loss=2.9926 | rl=1.2727 | vl=0.4217 | behavior=6.4897 | curv_reg=0.037259 | codes=249/255/255/256 | c=0.053/0.176/0.194 | ips_g=80.0 ips/rk=20.0 | elapsed=15.1s | eta=1234.6s
  step   1624/100000 | loss=3.0600 | rl=1.2721 | vl=0.4681 | behavior=6.5976 | curv_reg=0.056917 | codes=255/256/256/256 | c=0.055/0.163/0.180 | ips_g=80.6 ips/rk=20.1 | elapsed=20.2s | eta=1220.8s
  step   2040/100000 | loss=3.0366 | rl=1.2740 | vl=0.4435 | behavior=6.5936 | curv_reg=0.079380 | codes=255/256/255/256 | c=0.056/0.152/0.169 | ips_g=81.0 ips/rk=20.3 | elapsed=25.2s | eta=1208.9s
  step   2472/100000 | loss=2.9004 | rl=1.2530 | vl=0.3695 | behavior=6.3867 | curv_reg=0.099494 | codes=253/256/254/256 | c=0.057/0.144/0.162 | ips_g=81.8 ips/rk=20.5 | elapsed=30.2s | eta=1191.9s
  step   2892/100000 | loss=2.9198 | rl=1.2554 | vl=0.3802 | behavior=6.4180 | curv_reg=0.118431 | codes=253/253/256/256 | c=0.058/0.138/0.157 | ips_g=82.1 ips/rk=20.5 | elapsed=35.2s | eta=1182.5s
  step   3328/100000 | loss=2.9563 | rl=1.2828 | vl=0.3754 | behavior=6.4871 | curv_reg=0.139870 | codes=255/256/256/256 | c=0.060/0.133/0.151 | ips_g=82.7 ips/rk=20.7 | elapsed=40.2s | eta=1169.1s
  step   3748/100000 | loss=2.8580 | rl=1.2429 | vl=0.3432 | behavior=6.3557 | curv_reg=0.159738 | codes=250/255/255/256 | c=0.061/0.129/0.146 | ips_g=82.7 ips/rk=20.7 | elapsed=45.3s | eta=1163.6s
  step   4180/100000 | loss=2.9306 | rl=1.2562 | vl=0.3809 | behavior=6.4632 | curv_reg=0.177982 | codes=255/255/256/256 | c=0.062/0.126/0.143 | ips_g=83.0 ips/rk=20.7 | elapsed=50.4s | eta=1154.7s
  step   4608/100000 | loss=3.0052 | rl=1.2617 | vl=0.4265 | behavior=6.5801 | curv_reg=0.195258 | codes=255/256/256/256 | c=0.064/0.124/0.140 | ips_g=83.2 ips/rk=20.8 | elapsed=55.4s | eta=1146.8s
  step   5040/100000 | loss=2.8978 | rl=1.2468 | vl=0.3573 | behavior=6.4632 | curv_reg=0.211089 | codes=251/255/256/256 | c=0.065/0.122/0.138 | ips_g=83.4 ips/rk=20.9 | elapsed=60.4s | eta=1138.2s
  step   5468/100000 | loss=3.0325 | rl=1.2922 | vl=0.4391 | behavior=6.5001 | curv_reg=0.226722 | codes=255/254/256/256 | c=0.067/0.121/0.136 | ips_g=83.6 ips/rk=20.9 | elapsed=65.4s | eta=1131.1s
  step   5904/100000 | loss=2.9523 | rl=1.2709 | vl=0.3833 | behavior=6.4842 | curv_reg=0.243582 | codes=255/254/256/256 | c=0.068/0.120/0.134 | ips_g=83.8 ips/rk=21.0 | elapsed=70.4s | eta=1122.8s
  step   6328/100000 | loss=2.9647 | rl=1.2664 | vl=0.4002 | behavior=6.4836 | curv_reg=0.258280 | codes=254/256/256/256 | c=0.070/0.119/0.132 | ips_g=83.8 ips/rk=21.0 | elapsed=75.5s | eta=1117.2s
  step   6756/100000 | loss=3.0153 | rl=1.2708 | vl=0.4273 | behavior=6.5790 | curv_reg=0.273575 | codes=255/256/255/256 | c=0.072/0.118/0.131 | ips_g=83.9 ips/rk=21.0 | elapsed=80.5s | eta=1111.0s
  step   7176/100000 | loss=3.0224 | rl=1.2938 | vl=0.4333 | behavior=6.4694 | curv_reg=0.287848 | codes=256/256/256/256 | c=0.073/0.118/0.130 | ips_g=83.9 ips/rk=21.0 | elapsed=85.5s | eta=1106.3s
  step   7604/100000 | loss=3.0591 | rl=1.2679 | vl=0.4571 | behavior=6.6627 | curv_reg=0.303926 | codes=254/256/255/256 | c=0.075/0.118/0.128 | ips_g=84.0 ips/rk=21.0 | elapsed=90.5s | eta=1100.1s
  step   8036/100000 | loss=3.0605 | rl=1.2888 | vl=0.4788 | behavior=6.4566 | curv_reg=0.320851 | codes=256/255/256/256 | c=0.076/0.117/0.126 | ips_g=84.1 ips/rk=21.0 | elapsed=95.5s | eta=1093.5s
  step   8468/100000 | loss=2.9985 | rl=1.2653 | vl=0.4168 | behavior=6.5733 | curv_reg=0.340896 | codes=254/254/256/256 | c=0.078/0.117/0.123 | ips_g=84.2 ips/rk=21.1 | elapsed=100.6s | eta=1087.0s
  step   8888/100000 | loss=2.9480 | rl=1.2715 | vl=0.3698 | behavior=6.5246 | curv_reg=0.349619 | codes=253/256/255/256 | c=0.080/0.117/0.124 | ips_g=84.2 ips/rk=21.0 | elapsed=105.6s | eta=1082.2s
  step   9308/100000 | loss=2.9683 | rl=1.2789 | vl=0.4072 | behavior=6.4021 | curv_reg=0.359072 | codes=256/256/256/256 | c=0.082/0.118/0.125 | ips_g=84.2 ips/rk=21.0 | elapsed=110.6s | eta=1077.4s
  step   9724/100000 | loss=2.9938 | rl=1.2672 | vl=0.4254 | behavior=6.4967 | curv_reg=0.372707 | codes=254/256/256/256 | c=0.083/0.118/0.124 | ips_g=84.1 ips/rk=21.0 | elapsed=115.6s | eta=1073.2s
[Step12] saved /home/wlia0047/ar57/wenyu/GeneRec/stage2_RQ-VAE/curvature_RQ-VAE_iter11/results/out/rqvae/instruments/rqvae_best.pth (step=10000)
  [SID save step=10000] wrote raw 3-token SIDs /home/wlia0047/ar57/wenyu/GeneRec/stage2_RQ-VAE/curvature_RQ-VAE_iter11/results/out/rqvae/instruments/sids_raw.npy: shape=(24587, 3)
  [SID metrics step=10000] hitrate@50=0.9964 full_gini=0.0606 per_layer=[0.1994/0.1517/0.1312] unique=23034/24587 l01_pairs=14823 H_l1_given_l0=5.6146
  step  10004/100000 | loss=2.9493 | rl=1.2774 | vl=0.3767 | behavior=6.4665 | curv_reg=0.380410 | codes=253/256/256/256 | c=0.085/0.118/0.124 | ips_g=76.6 ips/rk=19.2 | elapsed=130.6s | eta=1174.8s
  step  10440/100000 | loss=2.9727 | rl=1.2684 | vl=0.4150 | behavior=6.4365 | curv_reg=0.383944 | codes=255/256/256/256 | c=0.086/0.120/0.126 | ips_g=77.0 ips/rk=19.2 | elapsed=135.6s | eta=1163.3s
  step  10868/100000 | loss=2.9536 | rl=1.2732 | vl=0.3840 | behavior=6.4723 | curv_reg=0.394743 | codes=253/256/256/256 | c=0.088/0.121/0.126 | ips_g=77.3 ips/rk=19.3 | elapsed=140.6s | eta=1153.3s
  step  11304/100000 | loss=2.9596 | rl=1.2612 | vl=0.3981 | behavior=6.4912 | curv_reg=0.412303 | codes=254/255/256/256 | c=0.090/0.121/0.124 | ips_g=77.6 ips/rk=19.4 | elapsed=145.6s | eta=1142.8s
  step  11736/100000 | loss=2.9962 | rl=1.2746 | vl=0.4129 | behavior=6.5330 | curv_reg=0.415778 | codes=256/256/254/256 | c=0.092/0.121/0.128 | ips_g=77.9 ips/rk=19.5 | elapsed=150.7s | eta=1133.2s
  step  12172/100000 | loss=3.0462 | rl=1.2910 | vl=0.4638 | behavior=6.4464 | curv_reg=0.424822 | codes=256/256/255/256 | c=0.094/0.121/0.130 | ips_g=78.2 ips/rk=19.5 | elapsed=155.7s | eta=1123.4s
  step  12600/100000 | loss=2.9469 | rl=1.2667 | vl=0.3802 | behavior=6.4886 | curv_reg=0.444929 | codes=256/253/256/256 | c=0.096/0.121/0.127 | ips_g=78.4 ips/rk=19.6 | elapsed=160.7s | eta=1114.6s
  step  13036/100000 | loss=2.9794 | rl=1.2860 | vl=0.4042 | behavior=6.4348 | curv_reg=0.454637 | codes=254/256/256/256 | c=0.098/0.123/0.128 | ips_g=78.6 ips/rk=19.7 | elapsed=165.8s | eta=1105.8s
  step  13468/100000 | loss=2.9199 | rl=1.2660 | vl=0.3595 | behavior=6.4599 | curv_reg=0.467600 | codes=256/254/254/256 | c=0.101/0.123/0.128 | ips_g=78.8 ips/rk=19.7 | elapsed=170.8s | eta=1097.5s
  step  13900/100000 | loss=2.9865 | rl=1.2851 | vl=0.4034 | behavior=6.4778 | curv_reg=0.475443 | codes=256/256/254/256 | c=0.103/0.123/0.129 | ips_g=79.1 ips/rk=19.8 | elapsed=175.8s | eta=1089.1s
  step  14328/100000 | loss=3.0041 | rl=1.2796 | vl=0.4365 | behavior=6.4274 | curv_reg=0.495115 | codes=255/256/255/256 | c=0.105/0.123/0.127 | ips_g=79.2 ips/rk=19.8 | elapsed=180.8s | eta=1081.3s
  step  14764/100000 | loss=2.9769 | rl=1.2709 | vl=0.3985 | behavior=6.5247 | curv_reg=0.510196 | codes=255/256/256/256 | c=0.107/0.124/0.127 | ips_g=79.4 ips/rk=19.9 | elapsed=185.9s | eta=1073.2s
  step  15176/100000 | loss=2.9711 | rl=1.2723 | vl=0.4037 | behavior=6.4624 | curv_reg=0.515492 | codes=253/256/255/256 | c=0.109/0.125/0.129 | ips_g=79.5 ips/rk=19.9 | elapsed=190.9s | eta=1067.2s
  step  15600/100000 | loss=2.9773 | rl=1.2752 | vl=0.4009 | behavior=6.4930 | curv_reg=0.517875 | codes=254/256/256/256 | c=0.111/0.127/0.131 | ips_g=79.6 ips/rk=19.9 | elapsed=196.0s | eta=1060.1s
  step  16028/100000 | loss=2.9323 | rl=1.2805 | vl=0.3739 | behavior=6.3756 | curv_reg=0.533621 | codes=255/254/256/256 | c=0.114/0.126/0.131 | ips_g=79.7 ips/rk=19.9 | elapsed=201.0s | eta=1053.0s
  step  16460/100000 | loss=3.0220 | rl=1.2823 | vl=0.4329 | behavior=6.5205 | curv_reg=0.559875 | codes=255/255/256/256 | c=0.116/0.125/0.128 | ips_g=79.9 ips/rk=20.0 | elapsed=206.0s | eta=1045.6s
  step  16860/100000 | loss=2.9916 | rl=1.2674 | vl=0.4278 | behavior=6.4673 | curv_reg=0.574059 | codes=255/256/254/256 | c=0.118/0.126/0.126 | ips_g=79.9 ips/rk=20.0 | elapsed=211.0s | eta=1040.6s
  step  17292/100000 | loss=2.9850 | rl=1.2886 | vl=0.4040 | behavior=6.4477 | curv_reg=0.581042 | codes=254/254/256/256 | c=0.120/0.128/0.127 | ips_g=80.0 ips/rk=20.0 | elapsed=216.1s | eta=1033.5s
  step  17720/100000 | loss=3.1277 | rl=1.3389 | vl=0.4855 | behavior=6.5013 | curv_reg=0.587437 | codes=256/256/256/256 | c=0.123/0.129/0.129 | ips_g=80.1 ips/rk=20.0 | elapsed=221.1s | eta=1026.6s
  step  18156/100000 | loss=3.0343 | rl=1.2806 | vl=0.4408 | behavior=6.5497 | curv_reg=0.592363 | codes=254/256/256/256 | c=0.125/0.130/0.131 | ips_g=80.3 ips/rk=20.1 | elapsed=226.1s | eta=1019.3s
  step  18588/100000 | loss=2.9629 | rl=1.2588 | vl=0.4072 | behavior=6.4692 | curv_reg=0.607313 | codes=255/255/255/256 | c=0.128/0.132/0.129 | ips_g=80.4 ips/rk=20.1 | elapsed=231.1s | eta=1012.3s
  step  19024/100000 | loss=2.9658 | rl=1.2774 | vl=0.3915 | behavior=6.4690 | curv_reg=0.617509 | codes=256/256/256/256 | c=0.130/0.132/0.130 | ips_g=80.6 ips/rk=20.1 | elapsed=236.1s | eta=1005.2s
  step  19452/100000 | loss=3.0195 | rl=1.2928 | vl=0.4111 | behavior=6.5621 | curv_reg=0.623299 | codes=256/256/256/256 | c=0.133/0.133/0.133 | ips_g=80.7 ips/rk=20.2 | elapsed=241.2s | eta=998.6s
  step  19876/100000 | loss=3.0536 | rl=1.3054 | vl=0.4395 | behavior=6.5276 | curv_reg=0.623299 | codes=256/256/255/256 | c=0.135/0.135/0.135 | ips_g=80.7 ips/rk=20.2 | elapsed=246.2s | eta=992.5s
[Step12] saved /home/wlia0047/ar57/wenyu/GeneRec/stage2_RQ-VAE/curvature_RQ-VAE_iter11/results/out/rqvae/instruments/rqvae_best.pth (step=20000)
  [SID save step=20000] wrote raw 3-token SIDs /home/wlia0047/ar57/wenyu/GeneRec/stage2_RQ-VAE/curvature_RQ-VAE_iter11/results/out/rqvae/instruments/sids_raw.npy: shape=(24587, 3)
  [SID metrics step=20000] hitrate@50=0.9969 full_gini=0.0564 per_layer=[0.1729/0.1585/0.1461] unique=23145/24587 l01_pairs=15008 H_l1_given_l0=5.6252
  step  20004/100000 | loss=3.0545 | rl=1.2975 | vl=0.4448 | behavior=6.5456 | curv_reg=0.623299 | codes=255/255/256/256 | c=0.136/0.136/0.136 | ips_g=77.1 ips/rk=19.3 | elapsed=259.4s | eta=1037.2s
  step  20412/100000 | loss=3.0714 | rl=1.3072 | vl=0.4470 | behavior=6.5702 | curv_reg=0.623299 | codes=256/255/256/256 | c=0.138/0.138/0.138 | ips_g=77.2 ips/rk=19.3 | elapsed=264.4s | eta=1030.8s
  step  20812/100000 | loss=3.0500 | rl=1.3060 | vl=0.4220 | behavior=6.5944 | curv_reg=0.623299 | codes=256/256/256/256 | c=0.141/0.141/0.141 | ips_g=77.3 ips/rk=19.3 | elapsed=269.4s | eta=1025.0s
  step  21216/100000 | loss=3.0163 | rl=1.2862 | vl=0.4582 | behavior=6.3438 | curv_reg=0.623299 | codes=256/256/256/256 | c=0.143/0.143/0.143 | ips_g=77.3 ips/rk=19.3 | elapsed=274.4s | eta=1019.1s
  step  21616/100000 | loss=3.0232 | rl=1.2977 | vl=0.4284 | behavior=6.4701 | curv_reg=0.623299 | codes=255/256/256/256 | c=0.146/0.146/0.146 | ips_g=77.4 ips/rk=19.3 | elapsed=279.4s | eta=1013.3s
  step  22020/100000 | loss=3.0451 | rl=1.2853 | vl=0.4435 | behavior=6.5658 | curv_reg=0.623299 | codes=256/256/256/256 | c=0.148/0.148/0.148 | ips_g=77.4 ips/rk=19.4 | elapsed=284.5s | eta=1007.4s
  step  22420/100000 | loss=3.0331 | rl=1.3071 | vl=0.4112 | behavior=6.5582 | curv_reg=0.623299 | codes=256/256/254/256 | c=0.150/0.150/0.150 | ips_g=77.4 ips/rk=19.4 | elapsed=289.5s | eta=1001.8s
  step  22832/100000 | loss=3.0212 | rl=1.2917 | vl=0.4351 | behavior=6.4562 | curv_reg=0.623299 | codes=256/255/256/256 | c=0.153/0.153/0.153 | ips_g=77.5 ips/rk=19.4 | elapsed=294.5s | eta=995.5s
  step  23232/100000 | loss=2.9990 | rl=1.2957 | vl=0.4182 | behavior=6.4098 | curv_reg=0.623299 | codes=255/256/256/256 | c=0.155/0.155/0.155 | ips_g=77.6 ips/rk=19.4 | elapsed=299.6s | eta=989.9s
  step  23656/100000 | loss=3.0287 | rl=1.2860 | vl=0.4454 | behavior=6.4706 | curv_reg=0.623299 | codes=256/255/256/256 | c=0.158/0.158/0.158 | ips_g=77.7 ips/rk=19.4 | elapsed=304.6s | eta=983.0s
  step  24064/100000 | loss=3.0501 | rl=1.2862 | vl=0.4491 | behavior=6.5585 | curv_reg=0.623299 | codes=256/255/256/256 | c=0.161/0.161/0.161 | ips_g=77.7 ips/rk=19.4 | elapsed=309.6s | eta=977.0s
  step  24468/100000 | loss=3.0368 | rl=1.3299 | vl=0.4102 | behavior=6.4682 | curv_reg=0.623299 | codes=254/255/256/256 | c=0.163/0.163/0.163 | ips_g=77.8 ips/rk=19.4 | elapsed=314.7s | eta=971.3s
  step  24868/100000 | loss=2.9741 | rl=1.2909 | vl=0.4067 | behavior=6.3670 | curv_reg=0.623299 | codes=254/256/255/256 | c=0.166/0.166/0.166 | ips_g=77.8 ips/rk=19.4 | elapsed=319.7s | eta=965.9s
  step  25276/100000 | loss=3.0264 | rl=1.2835 | vl=0.4319 | behavior=6.5398 | curv_reg=0.623299 | codes=256/256/256/256 | c=0.168/0.168/0.168 | ips_g=77.8 ips/rk=19.5 | elapsed=324.8s | eta=960.1s
  step  25672/100000 | loss=3.0671 | rl=1.2979 | vl=0.4671 | behavior=6.4951 | curv_reg=0.623299 | codes=255/255/256/256 | c=0.171/0.171/0.171 | ips_g=77.8 ips/rk=19.5 | elapsed=329.8s | eta=954.8s
  step  26076/100000 | loss=2.9857 | rl=1.2963 | vl=0.4034 | behavior=6.4146 | curv_reg=0.623299 | codes=252/256/255/256 | c=0.173/0.173/0.173 | ips_g=77.9 ips/rk=19.5 | elapsed=334.8s | eta=949.2s
  step  26480/100000 | loss=3.0035 | rl=1.3020 | vl=0.4028 | behavior=6.4778 | curv_reg=0.623299 | codes=254/256/256/256 | c=0.176/0.176/0.176 | ips_g=77.9 ips/rk=19.5 | elapsed=339.8s | eta=943.5s
  step  26884/100000 | loss=3.0050 | rl=1.3038 | vl=0.4173 | behavior=6.4039 | curv_reg=0.623299 | codes=255/255/256/256 | c=0.178/0.178/0.178 | ips_g=78.0 ips/rk=19.5 | elapsed=344.8s | eta=937.8s
  step  27280/100000 | loss=3.1485 | rl=1.3104 | vl=0.5263 | behavior=6.5435 | curv_reg=0.623299 | codes=256/256/255/256 | c=0.181/0.181/0.181 | ips_g=78.0 ips/rk=19.5 | elapsed=349.8s | eta=932.5s
  step  27680/100000 | loss=3.0490 | rl=1.2836 | vl=0.4610 | behavior=6.5064 | curv_reg=0.623299 | codes=255/256/256/256 | c=0.183/0.183/0.183 | ips_g=78.0 ips/rk=19.5 | elapsed=354.9s | eta=927.1s
  step  28096/100000 | loss=3.0165 | rl=1.3107 | vl=0.4163 | behavior=6.4319 | curv_reg=0.623299 | codes=256/255/256/256 | c=0.186/0.186/0.186 | ips_g=78.1 ips/rk=19.5 | elapsed=359.9s | eta=921.0s
  step  28492/100000 | loss=3.1365 | rl=1.3395 | vl=0.4767 | behavior=6.5860 | curv_reg=0.623299 | codes=256/256/256/256 | c=0.189/0.189/0.189 | ips_g=78.1 ips/rk=19.5 | elapsed=364.9s | eta=915.8s
  step  28896/100000 | loss=3.1259 | rl=1.3140 | vl=0.4995 | behavior=6.5469 | curv_reg=0.623299 | codes=256/255/255/256 | c=0.191/0.191/0.191 | ips_g=78.1 ips/rk=19.5 | elapsed=369.9s | eta=910.2s
  step  29300/100000 | loss=3.0912 | rl=1.3349 | vl=0.4620 | behavior=6.4559 | curv_reg=0.623299 | codes=256/256/255/256 | c=0.194/0.194/0.194 | ips_g=78.1 ips/rk=19.5 | elapsed=374.9s | eta=904.7s
  step  29720/100000 | loss=3.0626 | rl=1.3116 | vl=0.4683 | behavior=6.3981 | curv_reg=0.623299 | codes=255/256/256/256 | c=0.196/0.196/0.196 | ips_g=78.2 ips/rk=19.6 | elapsed=379.9s | eta=898.5s
[Step12] saved /home/wlia0047/ar57/wenyu/GeneRec/stage2_RQ-VAE/curvature_RQ-VAE_iter11/results/out/rqvae/instruments/rqvae_best.pth (step=30000)
  [SID save step=30000] wrote raw 3-token SIDs /home/wlia0047/ar57/wenyu/GeneRec/stage2_RQ-VAE/curvature_RQ-VAE_iter11/results/out/rqvae/instruments/sids_raw.npy: shape=(24587, 3)
  [SID metrics step=30000] hitrate@50=0.9972 full_gini=0.0521 per_layer=[0.1518/0.1238/0.1473] unique=23258/24587 l01_pairs=15136 H_l1_given_l0=5.6331
  step  30004/100000 | loss=3.0482 | rl=1.2979 | vl=0.4430 | behavior=6.5207 | curv_reg=0.623299 | codes=256/256/256/256 | c=0.198/0.198/0.198 | ips_g=76.0 ips/rk=19.0 | elapsed=395.0s | eta=921.4s
  step  30400/100000 | loss=3.0464 | rl=1.3038 | vl=0.4426 | behavior=6.4843 | curv_reg=0.623299 | codes=255/255/256/256 | c=0.200/0.200/0.200 | ips_g=76.0 ips/rk=19.0 | elapsed=400.0s | eta=915.8s
  step  30796/100000 | loss=3.0931 | rl=1.3296 | vl=0.4751 | behavior=6.4263 | curv_reg=0.623299 | codes=256/256/256/256 | c=0.203/0.203/0.203 | ips_g=76.0 ips/rk=19.0 | elapsed=405.0s | eta=910.1s
  step  31192/100000 | loss=3.2025 | rl=1.3567 | vl=0.5533 | behavior=6.4467 | curv_reg=0.623299 | codes=256/256/256/256 | c=0.205/0.205/0.205 | ips_g=76.1 ips/rk=19.0 | elapsed=410.0s | eta=904.5s
  step  31592/100000 | loss=3.2221 | rl=1.3447 | vl=0.5338 | behavior=6.7023 | curv_reg=0.623299 | codes=256/256/256/256 | c=0.208/0.208/0.208 | ips_g=76.1 ips/rk=19.0 | elapsed=415.1s | eta=898.8s
  step  31996/100000 | loss=3.1259 | rl=1.3196 | vl=0.4910 | behavior=6.5611 | curv_reg=0.623299 | codes=256/256/256/256 | c=0.210/0.210/0.210 | ips_g=76.2 ips/rk=19.0 | elapsed=420.1s | eta=892.8s
  step  32400/100000 | loss=3.2535 | rl=1.3470 | vl=0.5651 | behavior=6.6911 | curv_reg=0.623299 | codes=256/256/256/256 | c=0.213/0.213/0.213 | ips_g=76.2 ips/rk=19.1 | elapsed=425.1s | eta=886.9s
  step  32804/100000 | loss=3.1556 | rl=1.3522 | vl=0.4939 | behavior=6.5318 | curv_reg=0.623299 | codes=256/256/255/256 | c=0.215/0.215/0.215 | ips_g=76.3 ips/rk=19.1 | elapsed=430.1s | eta=881.1s
  step  33204/100000 | loss=3.1485 | rl=1.3218 | vl=0.5247 | behavior=6.4942 | curv_reg=0.623299 | codes=256/256/256/256 | c=0.217/0.217/0.217 | ips_g=76.3 ips/rk=19.1 | elapsed=435.2s | eta=875.4s
  step  33604/100000 | loss=3.0900 | rl=1.3104 | vl=0.4750 | behavior=6.5074 | curv_reg=0.623299 | codes=256/256/254/256 | c=0.220/0.220/0.220 | ips_g=76.3 ips/rk=19.1 | elapsed=440.2s | eta=869.7s
  step  34000/100000 | loss=3.1166 | rl=1.3509 | vl=0.4704 | behavior=6.4606 | curv_reg=0.623299 | codes=256/255/254/256 | c=0.222/0.222/0.222 | ips_g=76.4 ips/rk=19.1 | elapsed=445.2s | eta=864.2s
  step  34404/100000 | loss=3.2655 | rl=1.3650 | vl=0.5848 | behavior=6.5634 | curv_reg=0.623299 | codes=256/256/255/256 | c=0.224/0.224/0.224 | ips_g=76.4 ips/rk=19.1 | elapsed=450.2s | eta=858.3s
  step  34808/100000 | loss=3.1596 | rl=1.3162 | vl=0.5220 | behavior=6.5915 | curv_reg=0.623299 | codes=255/256/252/256 | c=0.227/0.227/0.227 | ips_g=76.5 ips/rk=19.1 | elapsed=455.2s | eta=852.6s
  step  35212/100000 | loss=3.2172 | rl=1.3323 | vl=0.5554 | behavior=6.6319 | curv_reg=0.623299 | codes=256/256/255/256 | c=0.229/0.229/0.229 | ips_g=76.5 ips/rk=19.1 | elapsed=460.2s | eta=846.8s
  step  35608/100000 | loss=3.2313 | rl=1.3259 | vl=0.5662 | behavior=6.6803 | curv_reg=0.623299 | codes=256/256/252/256 | c=0.231/0.231/0.231 | ips_g=76.5 ips/rk=19.1 | elapsed=465.3s | eta=841.5s
  step  36016/100000 | loss=3.1244 | rl=1.3162 | vl=0.4987 | behavior=6.5319 | curv_reg=0.623299 | codes=255/256/255/256 | c=0.233/0.233/0.233 | ips_g=76.6 ips/rk=19.1 | elapsed=470.3s | eta=835.6s
  step  36416/100000 | loss=3.0775 | rl=1.3106 | vl=0.4673 | behavior=6.4826 | curv_reg=0.623299 | codes=254/256/253/256 | c=0.235/0.235/0.235 | ips_g=76.6 ips/rk=19.2 | elapsed=475.4s | eta=830.0s
  step  36824/100000 | loss=3.1910 | rl=1.3374 | vl=0.5443 | behavior=6.5311 | curv_reg=0.623299 | codes=255/256/255/256 | c=0.237/0.237/0.237 | ips_g=76.6 ips/rk=19.2 | elapsed=480.4s | eta=824.2s
  step  37228/100000 | loss=3.2251 | rl=1.3285 | vl=0.5784 | behavior=6.5752 | curv_reg=0.623299 | codes=256/256/253/256 | c=0.239/0.239/0.239 | ips_g=76.7 ips/rk=19.2 | elapsed=485.5s | eta=818.6s
  step  37632/100000 | loss=3.1192 | rl=1.3219 | vl=0.4946 | behavior=6.4982 | curv_reg=0.623299 | codes=256/256/253/256 | c=0.241/0.241/0.241 | ips_g=76.7 ips/rk=19.2 | elapsed=490.5s | eta=812.9s
  step  38036/100000 | loss=3.2476 | rl=1.3616 | vl=0.5755 | behavior=6.5370 | curv_reg=0.623299 | codes=256/256/254/256 | c=0.243/0.243/0.243 | ips_g=76.8 ips/rk=19.2 | elapsed=495.5s | eta=807.2s
  step  38436/100000 | loss=3.3662 | rl=1.3733 | vl=0.6670 | behavior=6.6140 | curv_reg=0.623299 | codes=256/256/253/256 | c=0.245/0.245/0.245 | ips_g=76.8 ips/rk=19.2 | elapsed=500.5s | eta=801.7s
  step  38840/100000 | loss=3.1542 | rl=1.3464 | vl=0.5335 | behavior=6.3563 | curv_reg=0.623299 | codes=256/256/253/256 | c=0.247/0.247/0.247 | ips_g=76.8 ips/rk=19.2 | elapsed=505.6s | eta=796.1s
  step  39236/100000 | loss=3.0730 | rl=1.3204 | vl=0.4563 | behavior=6.4660 | curv_reg=0.623299 | codes=255/256/254/256 | c=0.249/0.249/0.249 | ips_g=76.8 ips/rk=19.2 | elapsed=510.6s | eta=790.7s
  step  39632/100000 | loss=3.1237 | rl=1.3374 | vl=0.4943 | behavior=6.4440 | curv_reg=0.623299 | codes=255/256/255/256 | c=0.250/0.250/0.250 | ips_g=76.9 ips/rk=19.2 | elapsed=515.6s | eta=785.4s
[Step12] saved /home/wlia0047/ar57/wenyu/GeneRec/stage2_RQ-VAE/curvature_RQ-VAE_iter11/results/out/rqvae/instruments/rqvae_best.pth (step=40000)
  [SID save step=40000] wrote raw 3-token SIDs /home/wlia0047/ar57/wenyu/GeneRec/stage2_RQ-VAE/curvature_RQ-VAE_iter11/results/out/rqvae/instruments/sids_raw.npy: shape=(24587, 3)
  [SID metrics step=40000] hitrate@50=0.9973 full_gini=0.0519 per_layer=[0.1417/0.1421/0.2012] unique=23262/24587 l01_pairs=15078 H_l1_given_l0=5.6299
  step  40004/100000 | loss=3.1440 | rl=1.3488 | vl=0.4928 | behavior=6.4965 | curv_reg=0.623299 | codes=255/255/252/256 | c=0.252/0.252/0.252 | ips_g=75.2 ips/rk=18.8 | elapsed=532.1s | eta=798.0s
  step  40408/100000 | loss=3.2294 | rl=1.3408 | vl=0.5712 | behavior=6.5717 | curv_reg=0.623299 | codes=256/255/254/256 | c=0.254/0.254/0.254 | ips_g=75.2 ips/rk=18.8 | elapsed=537.1s | eta=792.1s
  step  40812/100000 | loss=3.2520 | rl=1.3686 | vl=0.5906 | behavior=6.4485 | curv_reg=0.623299 | codes=256/256/256/256 | c=0.255/0.255/0.255 | ips_g=75.3 ips/rk=18.8 | elapsed=542.1s | eta=786.2s
  step  41212/100000 | loss=3.0906 | rl=1.3328 | vl=0.4765 | behavior=6.3910 | curv_reg=0.623299 | codes=256/256/255/256 | c=0.257/0.257/0.257 | ips_g=75.3 ips/rk=18.8 | elapsed=547.1s | eta=780.5s
  step  41616/100000 | loss=3.1732 | rl=1.3303 | vl=0.5226 | behavior=6.5860 | curv_reg=0.623299 | codes=255/256/255/256 | c=0.258/0.258/0.258 | ips_g=75.4 ips/rk=18.8 | elapsed=552.2s | eta=774.6s
  step  42016/100000 | loss=3.2232 | rl=1.3580 | vl=0.5397 | behavior=6.6121 | curv_reg=0.623299 | codes=256/256/254/256 | c=0.260/0.260/0.260 | ips_g=75.4 ips/rk=18.9 | elapsed=557.2s | eta=769.0s
  step  42420/100000 | loss=3.3798 | rl=1.3706 | vl=0.6347 | behavior=6.8566 | curv_reg=0.623299 | codes=256/256/253/256 | c=0.261/0.261/0.261 | ips_g=75.4 ips/rk=18.9 | elapsed=562.2s | eta=763.2s
  step  42824/100000 | loss=3.2515 | rl=1.3400 | vl=0.5826 | behavior=6.6290 | curv_reg=0.623299 | codes=256/256/254/256 | c=0.262/0.262/0.262 | ips_g=75.5 ips/rk=18.9 | elapsed=567.3s | eta=757.4s
  step  43232/100000 | loss=3.1510 | rl=1.3398 | vl=0.5093 | behavior=6.4937 | curv_reg=0.623299 | codes=256/256/255/256 | c=0.264/0.264/0.264 | ips_g=75.5 ips/rk=18.9 | elapsed=572.3s | eta=751.5s
  step  43644/100000 | loss=3.2170 | rl=1.3573 | vl=0.5612 | behavior=6.4769 | curv_reg=0.623299 | codes=256/256/247/256 | c=0.265/0.265/0.265 | ips_g=75.6 ips/rk=18.9 | elapsed=577.3s | eta=745.5s
  step  44076/100000 | loss=3.1796 | rl=1.3434 | vl=0.5332 | behavior=6.4995 | curv_reg=0.623299 | codes=256/256/253/256 | c=0.266/0.266/0.266 | ips_g=75.7 ips/rk=18.9 | elapsed=582.4s | eta=738.9s
  step  44500/100000 | loss=3.3098 | rl=1.3687 | vl=0.6135 | behavior=6.6225 | curv_reg=0.623299 | codes=256/255/253/256 | c=0.267/0.267/0.267 | ips_g=75.8 ips/rk=18.9 | elapsed=587.4s | eta=732.5s
  step  44936/100000 | loss=3.2700 | rl=1.3429 | vl=0.5921 | behavior=6.6595 | curv_reg=0.623299 | codes=256/256/254/256 | c=0.268/0.268/0.268 | ips_g=75.9 ips/rk=19.0 | elapsed=592.4s | eta=725.9s
  step  45368/100000 | loss=3.2122 | rl=1.3452 | vl=0.5572 | behavior=6.5336 | curv_reg=0.623299 | codes=256/256/253/256 | c=0.269/0.269/0.269 | ips_g=75.9 ips/rk=19.0 | elapsed=597.4s | eta=719.4s
  step  45756/100000 | loss=3.2946 | rl=1.3771 | vl=0.6082 | behavior=6.5312 | curv_reg=0.623299 | codes=256/256/254/256 | c=0.270/0.270/0.270 | ips_g=76.0 ips/rk=19.0 | elapsed=602.4s | eta=714.2s
  step  46180/100000 | loss=3.2569 | rl=1.3631 | vl=0.5869 | behavior=6.5189 | curv_reg=0.623299 | codes=256/255/256/256 | c=0.271/0.271/0.271 | ips_g=76.0 ips/rk=19.0 | elapsed=607.4s | eta=707.9s
  step  46608/100000 | loss=3.3462 | rl=1.3772 | vl=0.6207 | behavior=6.7265 | curv_reg=0.623299 | codes=256/256/254/256 | c=0.271/0.271/0.271 | ips_g=76.1 ips/rk=19.0 | elapsed=612.5s | eta=701.6s
  step  47036/100000 | loss=3.0942 | rl=1.3292 | vl=0.4539 | behavior=6.5401 | curv_reg=0.623299 | codes=256/256/256/256 | c=0.272/0.272/0.272 | ips_g=76.2 ips/rk=19.0 | elapsed=617.5s | eta=695.3s
  step  47468/100000 | loss=3.3488 | rl=1.3562 | vl=0.6241 | behavior=6.8269 | curv_reg=0.623299 | codes=256/256/254/256 | c=0.272/0.272/0.272 | ips_g=76.3 ips/rk=19.1 | elapsed=622.5s | eta=688.9s
  step  47896/100000 | loss=3.2925 | rl=1.3653 | vl=0.5911 | behavior=6.6648 | curv_reg=0.623299 | codes=256/255/254/256 | c=0.273/0.273/0.273 | ips_g=76.3 ips/rk=19.1 | elapsed=627.6s | eta=682.7s
  step  48312/100000 | loss=3.3323 | rl=1.3727 | vl=0.6248 | behavior=6.6580 | curv_reg=0.623299 | codes=256/256/253/256 | c=0.273/0.273/0.273 | ips_g=76.4 ips/rk=19.1 | elapsed=632.6s | eta=676.8s
  step  48716/100000 | loss=3.2538 | rl=1.3557 | vl=0.5917 | behavior=6.5161 | curv_reg=0.623299 | codes=256/256/252/256 | c=0.274/0.274/0.274 | ips_g=76.4 ips/rk=19.1 | elapsed=637.6s | eta=671.2s
  step  49116/100000 | loss=3.3105 | rl=1.3660 | vl=0.6103 | behavior=6.6553 | curv_reg=0.623299 | codes=256/256/251/256 | c=0.274/0.274/0.274 | ips_g=76.4 ips/rk=19.1 | elapsed=642.6s | eta=665.7s
  step  49520/100000 | loss=3.2130 | rl=1.3463 | vl=0.5608 | behavior=6.5138 | curv_reg=0.623299 | codes=256/255/254/256 | c=0.274/0.274/0.274 | ips_g=76.5 ips/rk=19.1 | elapsed=647.6s | eta=660.2s
  step  49920/100000 | loss=3.2267 | rl=1.3581 | vl=0.5623 | behavior=6.5160 | curv_reg=0.623299 | codes=256/256/253/256 | c=0.274/0.274/0.274 | ips_g=76.5 ips/rk=19.1 | elapsed=652.6s | eta=654.7s
[Step12] saved /home/wlia0047/ar57/wenyu/GeneRec/stage2_RQ-VAE/curvature_RQ-VAE_iter11/results/out/rqvae/instruments/rqvae_best.pth (step=50000)
  [SID save step=50000] wrote raw 3-token SIDs /home/wlia0047/ar57/wenyu/GeneRec/stage2_RQ-VAE/curvature_RQ-VAE_iter11/results/out/rqvae/instruments/sids_raw.npy: shape=(24587, 3)
  [SID metrics step=50000] hitrate@50=0.9972 full_gini=0.0549 per_layer=[0.1381/0.1248/0.2065] unique=23180/24587 l01_pairs=14902 H_l1_given_l0=5.5931
  step  50004/100000 | loss=3.2333 | rl=1.3674 | vl=0.5487 | behavior=6.5704 | curv_reg=0.623299 | codes=255/256/250/256 | c=0.274/0.274/0.274 | ips_g=75.1 ips/rk=18.8 | elapsed=665.6s | eta=665.5s
  step  50408/100000 | loss=3.1588 | rl=1.3499 | vl=0.5081 | behavior=6.4884 | curv_reg=0.623299 | codes=255/256/255/256 | c=0.274/0.274/0.274 | ips_g=75.2 ips/rk=18.8 | elapsed=670.6s | eta=659.8s
  step  50812/100000 | loss=3.3003 | rl=1.3724 | vl=0.5815 | behavior=6.7165 | curv_reg=0.623299 | codes=256/256/253/256 | c=0.274/0.274/0.274 | ips_g=75.2 ips/rk=18.8 | elapsed=675.7s | eta=654.1s
  step  51220/100000 | loss=3.2353 | rl=1.3449 | vl=0.5655 | behavior=6.6088 | curv_reg=0.623299 | codes=256/256/253/256 | c=0.274/0.274/0.274 | ips_g=75.2 ips/rk=18.8 | elapsed=680.7s | eta=648.3s
  step  51620/100000 | loss=3.1526 | rl=1.3475 | vl=0.4793 | behavior=6.6134 | curv_reg=0.623299 | codes=256/256/252/256 | c=0.273/0.273/0.273 | ips_g=75.3 ips/rk=18.8 | elapsed=685.7s | eta=642.7s
  step  52020/100000 | loss=3.2217 | rl=1.3329 | vl=0.5481 | behavior=6.6879 | curv_reg=0.623299 | codes=255/256/254/256 | c=0.273/0.273/0.273 | ips_g=75.3 ips/rk=18.8 | elapsed=690.7s | eta=637.1s
  step  52420/100000 | loss=3.3019 | rl=1.3687 | vl=0.6131 | behavior=6.5846 | curv_reg=0.623299 | codes=256/256/255/256 | c=0.273/0.273/0.273 | ips_g=75.3 ips/rk=18.8 | elapsed=695.8s | eta=631.5s
  step  52828/100000 | loss=3.3120 | rl=1.3971 | vl=0.5993 | behavior=6.5622 | curv_reg=0.623299 | codes=256/256/255/256 | c=0.272/0.272/0.272 | ips_g=75.4 ips/rk=18.8 | elapsed=700.8s | eta=625.8s
  step  53236/100000 | loss=3.3462 | rl=1.3620 | vl=0.6423 | behavior=6.6939 | curv_reg=0.623299 | codes=256/256/255/256 | c=0.272/0.272/0.272 | ips_g=75.4 ips/rk=18.9 | elapsed=705.8s | eta=620.0s
  step  53640/100000 | loss=3.2256 | rl=1.3428 | vl=0.5716 | behavior=6.5409 | curv_reg=0.623299 | codes=256/256/253/256 | c=0.271/0.271/0.271 | ips_g=75.5 ips/rk=18.9 | elapsed=710.8s | eta=614.4s
  step  54044/100000 | loss=3.1901 | rl=1.3544 | vl=0.5157 | behavior=6.5840 | curv_reg=0.623299 | codes=256/256/252/256 | c=0.270/0.270/0.270 | ips_g=75.5 ips/rk=18.9 | elapsed=715.9s | eta=608.7s
  step  54444/100000 | loss=3.1517 | rl=1.3371 | vl=0.5348 | behavior=6.3833 | curv_reg=0.623299 | codes=256/255/254/256 | c=0.269/0.269/0.269 | ips_g=75.5 ips/rk=18.9 | elapsed=720.9s | eta=603.2s
  step  54848/100000 | loss=3.2992 | rl=1.3653 | vl=0.6178 | behavior=6.5651 | curv_reg=0.623299 | codes=256/256/253/256 | c=0.269/0.269/0.269 | ips_g=75.6 ips/rk=18.9 | elapsed=725.9s | eta=597.6s
  step  55248/100000 | loss=3.2850 | rl=1.3523 | vl=0.5876 | behavior=6.7098 | curv_reg=0.623299 | codes=256/256/255/256 | c=0.268/0.268/0.268 | ips_g=75.6 ips/rk=18.9 | elapsed=730.9s | eta=592.1s
  step  55656/100000 | loss=3.2394 | rl=1.3422 | vl=0.5583 | behavior=6.6793 | curv_reg=0.623299 | codes=256/255/254/256 | c=0.267/0.267/0.267 | ips_g=75.6 ips/rk=18.9 | elapsed=736.0s | eta=586.4s
  step  56056/100000 | loss=3.1458 | rl=1.3478 | vl=0.4927 | behavior=6.5111 | curv_reg=0.623299 | codes=256/255/255/256 | c=0.266/0.266/0.266 | ips_g=75.6 ips/rk=18.9 | elapsed=741.0s | eta=580.9s
  step  56460/100000 | loss=3.2412 | rl=1.3517 | vl=0.5743 | behavior=6.5608 | curv_reg=0.623299 | codes=256/256/254/256 | c=0.265/0.265/0.265 | ips_g=75.7 ips/rk=18.9 | elapsed=746.0s | eta=575.3s
  step  56860/100000 | loss=3.1981 | rl=1.3578 | vl=0.5209 | behavior=6.5813 | curv_reg=0.623299 | codes=256/256/255/256 | c=0.263/0.263/0.263 | ips_g=75.7 ips/rk=18.9 | elapsed=751.0s | eta=569.8s
  step  57268/100000 | loss=3.2495 | rl=1.3476 | vl=0.5848 | behavior=6.5699 | curv_reg=0.623299 | codes=256/256/252/256 | c=0.262/0.262/0.262 | ips_g=75.7 ips/rk=18.9 | elapsed=756.1s | eta=564.1s
  step  57664/100000 | loss=3.2142 | rl=1.3439 | vl=0.5519 | behavior=6.5762 | curv_reg=0.623299 | codes=256/256/256/256 | c=0.261/0.261/0.261 | ips_g=75.8 ips/rk=18.9 | elapsed=761.1s | eta=558.8s
  step  58072/100000 | loss=3.2708 | rl=1.3646 | vl=0.5815 | behavior=6.6083 | curv_reg=0.623299 | codes=256/256/253/256 | c=0.259/0.259/0.259 | ips_g=75.8 ips/rk=18.9 | elapsed=766.1s | eta=553.1s
  step  58480/100000 | loss=3.1004 | rl=1.3311 | vl=0.4896 | behavior=6.3831 | curv_reg=0.623299 | codes=256/256/253/256 | c=0.258/0.258/0.258 | ips_g=75.8 ips/rk=19.0 | elapsed=771.2s | eta=547.5s
  step  58884/100000 | loss=3.1469 | rl=1.3531 | vl=0.5086 | behavior=6.4105 | curv_reg=0.623299 | codes=256/256/254/256 | c=0.256/0.256/0.256 | ips_g=75.9 ips/rk=19.0 | elapsed=776.2s | eta=542.0s
  step  59292/100000 | loss=3.1655 | rl=1.3537 | vl=0.5236 | behavior=6.4255 | curv_reg=0.623299 | codes=256/256/253/256 | c=0.255/0.255/0.255 | ips_g=75.9 ips/rk=19.0 | elapsed=781.2s | eta=536.4s
  step  59692/100000 | loss=3.3395 | rl=1.3897 | vl=0.6224 | behavior=6.6213 | curv_reg=0.623299 | codes=256/256/254/256 | c=0.253/0.253/0.253 | ips_g=75.9 ips/rk=19.0 | elapsed=786.3s | eta=530.9s
[Step12] saved /home/wlia0047/ar57/wenyu/GeneRec/stage2_RQ-VAE/curvature_RQ-VAE_iter11/results/out/rqvae/instruments/rqvae_best.pth (step=60000)
  [SID save step=60000] wrote raw 3-token SIDs /home/wlia0047/ar57/wenyu/GeneRec/stage2_RQ-VAE/curvature_RQ-VAE_iter11/results/out/rqvae/instruments/sids_raw.npy: shape=(24587, 3)
  [SID metrics step=60000] hitrate@50=0.9971 full_gini=0.0543 per_layer=[0.1375/0.1223/0.1801] unique=23196/24587 l01_pairs=15057 H_l1_given_l0=5.5987
  step  60004/100000 | loss=3.1558 | rl=1.3552 | vl=0.4967 | behavior=6.5034 | curv_reg=0.623299 | codes=255/256/256/256 | c=0.252/0.252/0.252 | ips_g=74.8 ips/rk=18.7 | elapsed=801.9s | eta=534.5s
  step  60396/100000 | loss=3.1977 | rl=1.3432 | vl=0.5358 | behavior=6.5777 | curv_reg=0.623299 | codes=256/256/254/256 | c=0.250/0.250/0.250 | ips_g=74.8 ips/rk=18.7 | elapsed=806.9s | eta=529.1s
  step  60804/100000 | loss=3.1531 | rl=1.3314 | vl=0.5120 | behavior=6.5329 | curv_reg=0.623299 | codes=255/255/255/256 | c=0.249/0.249/0.249 | ips_g=74.9 ips/rk=18.7 | elapsed=811.9s | eta=523.4s
  step  61208/100000 | loss=3.3158 | rl=1.3551 | vl=0.6298 | behavior=6.6386 | curv_reg=0.623299 | codes=256/256/254/256 | c=0.247/0.247/0.247 | ips_g=74.9 ips/rk=18.7 | elapsed=817.0s | eta=517.8s
  step  61612/100000 | loss=3.1288 | rl=1.3271 | vl=0.5003 | behavior=6.4916 | curv_reg=0.623299 | codes=256/255/254/256 | c=0.245/0.245/0.245 | ips_g=75.0 ips/rk=18.7 | elapsed=822.0s | eta=512.1s
  step  62020/100000 | loss=3.1319 | rl=1.3306 | vl=0.4834 | behavior=6.5741 | curv_reg=0.623299 | codes=255/256/256/256 | c=0.243/0.243/0.243 | ips_g=75.0 ips/rk=18.7 | elapsed=827.0s | eta=506.4s
  step  62420/100000 | loss=3.1670 | rl=1.3357 | vl=0.5393 | behavior=6.4446 | curv_reg=0.623299 | codes=256/256/253/256 | c=0.241/0.241/0.241 | ips_g=75.0 ips/rk=18.8 | elapsed=832.0s | eta=500.9s
  step  62824/100000 | loss=3.2024 | rl=1.3521 | vl=0.5208 | behavior=6.6323 | curv_reg=0.623299 | codes=256/256/253/256 | c=0.239/0.239/0.239 | ips_g=75.1 ips/rk=18.8 | elapsed=837.1s | eta=495.3s
  step  63224/100000 | loss=3.0926 | rl=1.3414 | vl=0.4557 | behavior=6.4619 | curv_reg=0.623299 | codes=256/256/255/256 | c=0.237/0.237/0.237 | ips_g=75.1 ips/rk=18.8 | elapsed=842.1s | eta=489.8s
  step  63632/100000 | loss=3.2342 | rl=1.3724 | vl=0.5328 | behavior=6.6298 | curv_reg=0.623299 | codes=256/256/253/256 | c=0.235/0.235/0.235 | ips_g=75.1 ips/rk=18.8 | elapsed=847.1s | eta=484.2s
  step  64036/100000 | loss=3.1566 | rl=1.3422 | vl=0.5128 | behavior=6.4926 | curv_reg=0.623299 | codes=256/256/256/256 | c=0.233/0.233/0.233 | ips_g=75.1 ips/rk=18.8 | elapsed=852.1s | eta=478.6s
  step  64432/100000 | loss=3.2746 | rl=1.3466 | vl=0.5946 | behavior=6.6511 | curv_reg=0.623299 | codes=256/256/254/256 | c=0.231/0.231/0.231 | ips_g=75.2 ips/rk=18.8 | elapsed=857.2s | eta=473.2s
  step  64804/100000 | loss=3.1214 | rl=1.3107 | vl=0.4834 | behavior=6.6205 | curv_reg=0.623299 | codes=256/255/255/256 | c=0.229/0.229/0.229 | ips_g=75.2 ips/rk=18.8 | elapsed=862.2s | eta=468.3s
  step  65212/100000 | loss=3.0608 | rl=1.3282 | vl=0.4576 | behavior=6.3596 | curv_reg=0.623299 | codes=256/256/256/256 | c=0.226/0.226/0.226 | ips_g=75.2 ips/rk=18.8 | elapsed=867.2s | eta=462.6s
  step  65616/100000 | loss=3.2791 | rl=1.3264 | vl=0.6343 | behavior=6.5763 | curv_reg=0.623299 | codes=256/256/255/256 | c=0.224/0.224/0.224 | ips_g=75.2 ips/rk=18.8 | elapsed=872.2s | eta=457.1s
  step  66016/100000 | loss=3.0908 | rl=1.3252 | vl=0.5004 | behavior=6.3106 | curv_reg=0.623299 | codes=256/256/255/256 | c=0.222/0.222/0.222 | ips_g=75.3 ips/rk=18.8 | elapsed=877.3s | eta=451.6s
  step  66424/100000 | loss=3.1851 | rl=1.3355 | vl=0.5252 | behavior=6.6066 | curv_reg=0.623299 | codes=256/256/254/256 | c=0.220/0.220/0.220 | ips_g=75.3 ips/rk=18.8 | elapsed=882.3s | eta=446.0s
  step  66828/100000 | loss=3.1504 | rl=1.3316 | vl=0.5310 | behavior=6.4233 | curv_reg=0.623299 | codes=256/256/256/256 | c=0.217/0.217/0.217 | ips_g=75.3 ips/rk=18.8 | elapsed=887.4s | eta=440.5s
  step  67236/100000 | loss=3.1846 | rl=1.3636 | vl=0.5240 | behavior=6.4688 | curv_reg=0.623299 | codes=256/256/255/256 | c=0.215/0.215/0.215 | ips_g=75.3 ips/rk=18.8 | elapsed=892.4s | eta=434.9s
  step  67636/100000 | loss=3.1333 | rl=1.3485 | vl=0.4934 | behavior=6.4413 | curv_reg=0.623299 | codes=256/256/255/256 | c=0.212/0.212/0.212 | ips_g=75.4 ips/rk=18.8 | elapsed=897.4s | eta=429.4s
  step  68040/100000 | loss=3.1124 | rl=1.3226 | vl=0.4864 | behavior=6.5012 | curv_reg=0.623299 | codes=256/256/254/256 | c=0.210/0.210/0.210 | ips_g=75.4 ips/rk=18.8 | elapsed=902.4s | eta=423.9s
  step  68432/100000 | loss=3.2128 | rl=1.3645 | vl=0.5561 | behavior=6.4455 | curv_reg=0.623299 | codes=256/256/256/256 | c=0.208/0.208/0.208 | ips_g=75.4 ips/rk=18.9 | elapsed=907.4s | eta=418.6s
  step  68836/100000 | loss=3.0298 | rl=1.3024 | vl=0.4310 | behavior=6.4663 | curv_reg=0.623299 | codes=256/256/256/256 | c=0.205/0.205/0.205 | ips_g=75.4 ips/rk=18.9 | elapsed=912.5s | eta=413.1s
  step  69244/100000 | loss=3.0444 | rl=1.3117 | vl=0.4457 | behavior=6.4195 | curv_reg=0.623299 | codes=256/256/255/256 | c=0.203/0.203/0.203 | ips_g=75.5 ips/rk=18.9 | elapsed=917.5s | eta=407.5s
  step  69648/100000 | loss=3.1275 | rl=1.3280 | vl=0.4939 | behavior=6.5122 | curv_reg=0.623299 | codes=255/256/256/256 | c=0.200/0.200/0.200 | ips_g=75.5 ips/rk=18.9 | elapsed=922.5s | eta=402.0s
[Step12] saved /home/wlia0047/ar57/wenyu/GeneRec/stage2_RQ-VAE/curvature_RQ-VAE_iter11/results/out/rqvae/instruments/rqvae_best.pth (step=70000)
  [SID save step=70000] wrote raw 3-token SIDs /home/wlia0047/ar57/wenyu/GeneRec/stage2_RQ-VAE/curvature_RQ-VAE_iter11/results/out/rqvae/instruments/sids_raw.npy: shape=(24587, 3)
  [SID metrics step=70000] hitrate@50=0.9971 full_gini=0.0544 per_layer=[0.1467/0.1505/0.1823] unique=23193/24587 l01_pairs=14944 H_l1_given_l0=5.6045
  step  70004/100000 | loss=3.0821 | rl=1.3074 | vl=0.4752 | behavior=6.4819 | curv_reg=0.623299 | codes=256/256/255/256 | c=0.198/0.198/0.198 | ips_g=74.6 ips/rk=18.6 | elapsed=938.6s | eta=402.2s
  step  70408/100000 | loss=3.0865 | rl=1.3090 | vl=0.4680 | behavior=6.5318 | curv_reg=0.623299 | codes=256/256/256/256 | c=0.195/0.195/0.195 | ips_g=74.6 ips/rk=18.7 | elapsed=943.7s | eta=396.6s
  step  70812/100000 | loss=3.1866 | rl=1.3382 | vl=0.5303 | behavior=6.5750 | curv_reg=0.623299 | codes=256/256/256/256 | c=0.193/0.193/0.193 | ips_g=74.6 ips/rk=18.7 | elapsed=948.7s | eta=391.0s
  step  71212/100000 | loss=3.0476 | rl=1.3020 | vl=0.4468 | behavior=6.4785 | curv_reg=0.623299 | codes=256/255/254/256 | c=0.190/0.190/0.190 | ips_g=74.7 ips/rk=18.7 | elapsed=953.7s | eta=385.6s
  step  71620/100000 | loss=3.0871 | rl=1.3141 | vl=0.4451 | behavior=6.6238 | curv_reg=0.623299 | codes=256/256/256/256 | c=0.188/0.188/0.188 | ips_g=74.7 ips/rk=18.7 | elapsed=958.8s | eta=379.9s
  step  72020/100000 | loss=3.0416 | rl=1.3190 | vl=0.4350 | behavior=6.4226 | curv_reg=0.623299 | codes=255/256/253/256 | c=0.185/0.185/0.185 | ips_g=74.7 ips/rk=18.7 | elapsed=963.8s | eta=374.4s
  step  72416/100000 | loss=3.1600 | rl=1.3131 | vl=0.5269 | behavior=6.5843 | curv_reg=0.623299 | codes=256/256/256/256 | c=0.183/0.183/0.183 | ips_g=74.7 ips/rk=18.7 | elapsed=968.8s | eta=369.0s
  step  72816/100000 | loss=3.0628 | rl=1.3035 | vl=0.4567 | behavior=6.4976 | curv_reg=0.623299 | codes=256/256/256/256 | c=0.180/0.180/0.180 | ips_g=74.8 ips/rk=18.7 | elapsed=973.8s | eta=363.6s
  step  73224/100000 | loss=2.9992 | rl=1.2967 | vl=0.4195 | behavior=6.3996 | curv_reg=0.623299 | codes=256/256/255/256 | c=0.178/0.178/0.178 | ips_g=74.8 ips/rk=18.7 | elapsed=978.9s | eta=357.9s
  step  73624/100000 | loss=3.0067 | rl=1.2939 | vl=0.4158 | behavior=6.4691 | curv_reg=0.623299 | codes=256/255/255/256 | c=0.175/0.175/0.175 | ips_g=74.8 ips/rk=18.7 | elapsed=984.0s | eta=352.5s
  step  74032/100000 | loss=2.9980 | rl=1.2836 | vl=0.4447 | behavior=6.3328 | curv_reg=0.623299 | codes=255/256/256/256 | c=0.173/0.173/0.173 | ips_g=74.9 ips/rk=18.7 | elapsed=989.0s | eta=346.9s
  step  74440/100000 | loss=3.1190 | rl=1.3170 | vl=0.5054 | behavior=6.4677 | curv_reg=0.623299 | codes=256/256/256/256 | c=0.170/0.170/0.170 | ips_g=74.9 ips/rk=18.7 | elapsed=994.0s | eta=341.3s
  step  74844/100000 | loss=3.1147 | rl=1.3059 | vl=0.5160 | behavior=6.4485 | curv_reg=0.623299 | codes=256/256/256/256 | c=0.167/0.167/0.167 | ips_g=74.9 ips/rk=18.7 | elapsed=999.0s | eta=335.8s
  step  75248/100000 | loss=3.0495 | rl=1.2913 | vl=0.4716 | behavior=6.4172 | curv_reg=0.623299 | codes=256/256/254/256 | c=0.165/0.165/0.165 | ips_g=74.9 ips/rk=18.7 | elapsed=1004.0s | eta=330.3s
  step  75648/100000 | loss=2.9618 | rl=1.2983 | vl=0.3976 | behavior=6.3141 | curv_reg=0.623299 | codes=255/255/255/256 | c=0.162/0.162/0.162 | ips_g=75.0 ips/rk=18.7 | elapsed=1009.1s | eta=324.8s
  step  76056/100000 | loss=3.0693 | rl=1.3215 | vl=0.4355 | behavior=6.5457 | curv_reg=0.623299 | codes=256/256/256/256 | c=0.160/0.160/0.160 | ips_g=75.0 ips/rk=18.7 | elapsed=1014.1s | eta=319.3s
  step  76452/100000 | loss=2.9988 | rl=1.2877 | vl=0.4246 | behavior=6.4170 | curv_reg=0.623299 | codes=256/255/255/256 | c=0.157/0.157/0.157 | ips_g=75.0 ips/rk=18.8 | elapsed=1019.1s | eta=313.9s
  step  76860/100000 | loss=2.9743 | rl=1.2945 | vl=0.3839 | behavior=6.4641 | curv_reg=0.623299 | codes=254/254/256/256 | c=0.155/0.155/0.155 | ips_g=75.0 ips/rk=18.8 | elapsed=1024.2s | eta=308.3s
  step  77264/100000 | loss=2.9971 | rl=1.2995 | vl=0.4044 | behavior=6.4509 | curv_reg=0.623299 | codes=256/256/256/256 | c=0.152/0.152/0.152 | ips_g=75.1 ips/rk=18.8 | elapsed=1029.2s | eta=302.9s
  step  77672/100000 | loss=3.0253 | rl=1.2990 | vl=0.4280 | behavior=6.4757 | curv_reg=0.623299 | codes=256/254/254/256 | c=0.150/0.150/0.150 | ips_g=75.1 ips/rk=18.8 | elapsed=1034.2s | eta=297.3s
  step  78080/100000 | loss=2.9894 | rl=1.2913 | vl=0.4185 | behavior=6.3827 | curv_reg=0.623299 | codes=255/255/256/256 | c=0.147/0.147/0.147 | ips_g=75.1 ips/rk=18.8 | elapsed=1039.3s | eta=291.8s
  step  78480/100000 | loss=3.0550 | rl=1.3124 | vl=0.4540 | behavior=6.4275 | curv_reg=0.623299 | codes=256/256/256/256 | c=0.145/0.145/0.145 | ips_g=75.2 ips/rk=18.8 | elapsed=1044.3s | eta=286.3s
  step  78880/100000 | loss=3.0476 | rl=1.3074 | vl=0.4445 | behavior=6.4632 | curv_reg=0.623299 | codes=256/256/256/256 | c=0.143/0.143/0.143 | ips_g=75.2 ips/rk=18.8 | elapsed=1049.3s | eta=280.9s
  step  79272/100000 | loss=3.0433 | rl=1.2967 | vl=0.4518 | behavior=6.4584 | curv_reg=0.623299 | codes=256/256/254/256 | c=0.140/0.140/0.140 | ips_g=75.2 ips/rk=18.8 | elapsed=1054.3s | eta=275.7s
  step  79676/100000 | loss=3.0289 | rl=1.3035 | vl=0.4305 | behavior=6.4586 | curv_reg=0.623299 | codes=256/256/255/256 | c=0.138/0.138/0.138 | ips_g=75.2 ips/rk=18.8 | elapsed=1059.3s | eta=270.2s
[Step12] saved /home/wlia0047/ar57/wenyu/GeneRec/stage2_RQ-VAE/curvature_RQ-VAE_iter11/results/out/rqvae/instruments/rqvae_best.pth (step=80000)
  [SID save step=80000] wrote raw 3-token SIDs /home/wlia0047/ar57/wenyu/GeneRec/stage2_RQ-VAE/curvature_RQ-VAE_iter11/results/out/rqvae/instruments/sids_raw.npy: shape=(24587, 3)
  [SID metrics step=80000] hitrate@50=0.9972 full_gini=0.0537 per_layer=[0.1687/0.1834/0.1829] unique=23213/24587 l01_pairs=14979 H_l1_given_l0=5.6309
  step  80004/100000 | loss=3.1575 | rl=1.3376 | vl=0.5013 | behavior=6.5775 | curv_reg=0.623299 | codes=256/254/256/256 | c=0.136/0.136/0.136 | ips_g=74.4 ips/rk=18.6 | elapsed=1075.1s | eta=268.7s
  step  80408/100000 | loss=3.0181 | rl=1.2892 | vl=0.4410 | behavior=6.4236 | curv_reg=0.623299 | codes=256/255/256/256 | c=0.133/0.133/0.133 | ips_g=74.4 ips/rk=18.6 | elapsed=1080.1s | eta=263.2s
  step  80800/100000 | loss=3.1145 | rl=1.3017 | vl=0.5004 | behavior=6.5466 | curv_reg=0.623299 | codes=256/256/256/256 | c=0.131/0.131/0.131 | ips_g=74.5 ips/rk=18.6 | elapsed=1085.1s | eta=257.9s
  step  81208/100000 | loss=2.9662 | rl=1.2760 | vl=0.4045 | behavior=6.4127 | curv_reg=0.623299 | codes=256/253/253/256 | c=0.129/0.129/0.129 | ips_g=74.5 ips/rk=18.6 | elapsed=1090.2s | eta=252.3s
  step  81616/100000 | loss=3.0312 | rl=1.3111 | vl=0.4400 | behavior=6.3845 | curv_reg=0.623299 | codes=256/254/255/256 | c=0.127/0.127/0.127 | ips_g=74.5 ips/rk=18.6 | elapsed=1095.3s | eta=246.7s
  step  82024/100000 | loss=2.9675 | rl=1.2930 | vl=0.3897 | behavior=6.4081 | curv_reg=0.623299 | codes=256/255/255/256 | c=0.124/0.124/0.124 | ips_g=74.5 ips/rk=18.6 | elapsed=1100.3s | eta=241.1s
  step  82428/100000 | loss=2.9735 | rl=1.2918 | vl=0.4031 | behavior=6.3772 | curv_reg=0.623299 | codes=256/255/256/256 | c=0.122/0.122/0.122 | ips_g=74.6 ips/rk=18.6 | elapsed=1105.3s | eta=235.6s
  step  82848/100000 | loss=3.0264 | rl=1.2895 | vl=0.4403 | behavior=6.4671 | curv_reg=0.623299 | codes=255/253/255/256 | c=0.120/0.120/0.120 | ips_g=74.6 ips/rk=18.7 | elapsed=1110.4s | eta=229.9s
  step  83280/100000 | loss=2.9668 | rl=1.2668 | vl=0.3953 | behavior=6.5074 | curv_reg=0.623299 | codes=255/256/256/256 | c=0.117/0.117/0.117 | ips_g=74.7 ips/rk=18.7 | elapsed=1115.4s | eta=223.9s
  step  83704/100000 | loss=2.9164 | rl=1.2638 | vl=0.3742 | behavior=6.3764 | curv_reg=0.623299 | codes=254/254/252/256 | c=0.115/0.115/0.115 | ips_g=74.7 ips/rk=18.7 | elapsed=1120.4s | eta=218.1s
  step  84140/100000 | loss=3.0305 | rl=1.2877 | vl=0.4468 | behavior=6.4644 | curv_reg=0.623299 | codes=256/254/256/256 | c=0.113/0.113/0.113 | ips_g=74.8 ips/rk=18.7 | elapsed=1125.4s | eta=212.1s
  step  84568/100000 | loss=2.9567 | rl=1.2566 | vl=0.4053 | behavior=6.4582 | curv_reg=0.623299 | codes=256/256/256/256 | c=0.110/0.110/0.110 | ips_g=74.8 ips/rk=18.7 | elapsed=1130.5s | eta=206.3s
  step  84980/100000 | loss=3.0115 | rl=1.2978 | vl=0.4299 | behavior=6.4030 | curv_reg=0.623299 | codes=256/256/256/256 | c=0.108/0.108/0.108 | ips_g=74.8 ips/rk=18.7 | elapsed=1135.5s | eta=200.7s
  step  85384/100000 | loss=2.9298 | rl=1.2691 | vl=0.3867 | behavior=6.3545 | curv_reg=0.623299 | codes=253/254/254/256 | c=0.106/0.106/0.106 | ips_g=74.9 ips/rk=18.7 | elapsed=1140.5s | eta=195.2s
  step  85792/100000 | loss=2.9872 | rl=1.2923 | vl=0.4351 | behavior=6.2834 | curv_reg=0.623299 | codes=256/256/254/256 | c=0.104/0.104/0.104 | ips_g=74.9 ips/rk=18.7 | elapsed=1145.6s | eta=189.7s
  step  86196/100000 | loss=3.0035 | rl=1.2752 | vl=0.4122 | behavior=6.5647 | curv_reg=0.623299 | codes=256/256/255/256 | c=0.102/0.102/0.102 | ips_g=74.9 ips/rk=18.7 | elapsed=1150.6s | eta=184.3s
  step  86600/100000 | loss=2.9576 | rl=1.2844 | vl=0.4118 | behavior=6.2911 | curv_reg=0.623299 | codes=255/255/254/256 | c=0.100/0.100/0.100 | ips_g=74.9 ips/rk=18.7 | elapsed=1155.6s | eta=178.8s
  step  87000/100000 | loss=2.9495 | rl=1.2649 | vl=0.4005 | behavior=6.4052 | curv_reg=0.623299 | codes=256/254/253/256 | c=0.098/0.098/0.098 | ips_g=75.0 ips/rk=18.7 | elapsed=1160.6s | eta=173.4s
  step  87408/100000 | loss=2.9666 | rl=1.2651 | vl=0.4165 | behavior=6.4092 | curv_reg=0.623299 | codes=256/256/256/256 | c=0.096/0.096/0.096 | ips_g=75.0 ips/rk=18.7 | elapsed=1165.7s | eta=167.9s
  step  87812/100000 | loss=3.0604 | rl=1.3022 | vl=0.4506 | behavior=6.5224 | curv_reg=0.623299 | codes=256/256/255/256 | c=0.094/0.094/0.094 | ips_g=75.0 ips/rk=18.8 | elapsed=1170.7s | eta=162.5s
  step  88220/100000 | loss=2.9798 | rl=1.2873 | vl=0.4157 | behavior=6.3682 | curv_reg=0.623299 | codes=255/255/254/256 | c=0.093/0.093/0.093 | ips_g=75.0 ips/rk=18.8 | elapsed=1175.7s | eta=157.0s
  step  88628/100000 | loss=3.0001 | rl=1.2867 | vl=0.4201 | behavior=6.4510 | curv_reg=0.623299 | codes=256/255/255/256 | c=0.091/0.091/0.091 | ips_g=75.1 ips/rk=18.8 | elapsed=1180.7s | eta=151.5s
  step  89028/100000 | loss=3.0086 | rl=1.2718 | vl=0.4322 | behavior=6.5073 | curv_reg=0.623299 | codes=254/255/256/256 | c=0.089/0.089/0.089 | ips_g=75.1 ips/rk=18.8 | elapsed=1185.8s | eta=146.1s
  step  89428/100000 | loss=2.9069 | rl=1.2409 | vl=0.3772 | behavior=6.4283 | curv_reg=0.623299 | codes=256/255/253/256 | c=0.087/0.087/0.087 | ips_g=75.1 ips/rk=18.8 | elapsed=1190.8s | eta=140.8s
  step  89828/100000 | loss=2.9392 | rl=1.2723 | vl=0.3730 | behavior=6.4541 | curv_reg=0.623299 | codes=256/254/256/256 | c=0.085/0.085/0.085 | ips_g=75.1 ips/rk=18.8 | elapsed=1195.8s | eta=135.4s
[Step12] saved /home/wlia0047/ar57/wenyu/GeneRec/stage2_RQ-VAE/curvature_RQ-VAE_iter11/results/out/rqvae/instruments/rqvae_best.pth (step=90000)
  [SID save step=90000] wrote raw 3-token SIDs /home/wlia0047/ar57/wenyu/GeneRec/stage2_RQ-VAE/curvature_RQ-VAE_iter11/results/out/rqvae/instruments/sids_raw.npy: shape=(24587, 3)
  [SID metrics step=90000] hitrate@50=0.9968 full_gini=0.0584 per_layer=[0.1801/0.1975/0.1933] unique=23091/24587 l01_pairs=14906 H_l1_given_l0=5.6182
  step  90004/100000 | loss=2.9891 | rl=1.2638 | vl=0.4216 | behavior=6.5032 | curv_reg=0.623299 | codes=256/254/255/256 | c=0.085/0.085/0.085 | ips_g=74.4 ips/rk=18.6 | elapsed=1209.9s | eta=134.4s
  step  90400/100000 | loss=2.9735 | rl=1.2658 | vl=0.4106 | behavior=6.4698 | curv_reg=0.623299 | codes=256/254/252/256 | c=0.083/0.083/0.083 | ips_g=74.4 ips/rk=18.6 | elapsed=1215.0s | eta=129.0s
  step  90804/100000 | loss=2.9412 | rl=1.2835 | vl=0.3700 | behavior=6.4227 | curv_reg=0.623299 | codes=256/253/253/256 | c=0.081/0.081/0.081 | ips_g=74.4 ips/rk=18.6 | elapsed=1220.0s | eta=123.6s
  step  91212/100000 | loss=2.8787 | rl=1.2474 | vl=0.3724 | behavior=6.2788 | curv_reg=0.623299 | codes=255/253/253/256 | c=0.080/0.080/0.080 | ips_g=74.5 ips/rk=18.6 | elapsed=1225.0s | eta=118.0s
  step  91620/100000 | loss=2.9860 | rl=1.2630 | vl=0.4039 | behavior=6.5796 | curv_reg=0.623299 | codes=256/255/253/256 | c=0.078/0.078/0.078 | ips_g=74.5 ips/rk=18.6 | elapsed=1230.1s | eta=112.5s
  step  92024/100000 | loss=2.9733 | rl=1.2595 | vl=0.4065 | behavior=6.5214 | curv_reg=0.623299 | codes=256/256/255/256 | c=0.076/0.076/0.076 | ips_g=74.5 ips/rk=18.6 | elapsed=1235.1s | eta=107.0s
  step  92420/100000 | loss=2.9373 | rl=1.2767 | vl=0.3911 | behavior=6.3319 | curv_reg=0.623299 | codes=255/255/255/256 | c=0.075/0.075/0.075 | ips_g=74.5 ips/rk=18.6 | elapsed=1240.1s | eta=101.7s
  step  92820/100000 | loss=2.9365 | rl=1.2535 | vl=0.3930 | behavior=6.4345 | curv_reg=0.623299 | codes=255/255/255/256 | c=0.073/0.073/0.073 | ips_g=74.5 ips/rk=18.6 | elapsed=1245.1s | eta=96.3s
  step  93228/100000 | loss=2.9434 | rl=1.2537 | vl=0.4057 | behavior=6.4043 | curv_reg=0.623299 | codes=254/255/254/256 | c=0.072/0.072/0.072 | ips_g=74.6 ips/rk=18.6 | elapsed=1250.2s | eta=90.8s
  step  93632/100000 | loss=3.0641 | rl=1.2915 | vl=0.4569 | behavior=6.5629 | curv_reg=0.623299 | codes=255/254/255/256 | c=0.070/0.070/0.070 | ips_g=74.6 ips/rk=18.6 | elapsed=1255.2s | eta=85.4s
  step  94036/100000 | loss=2.9179 | rl=1.2713 | vl=0.3715 | behavior=6.3601 | curv_reg=0.623299 | codes=254/255/255/256 | c=0.069/0.069/0.069 | ips_g=74.6 ips/rk=18.7 | elapsed=1260.2s | eta=79.9s
  step  94436/100000 | loss=3.0285 | rl=1.2802 | vl=0.4522 | behavior=6.4645 | curv_reg=0.623299 | codes=256/255/256/256 | c=0.067/0.067/0.067 | ips_g=74.6 ips/rk=18.7 | elapsed=1265.2s | eta=74.5s
  step  94840/100000 | loss=2.9898 | rl=1.2869 | vl=0.3912 | behavior=6.5428 | curv_reg=0.623299 | codes=256/253/252/256 | c=0.066/0.066/0.066 | ips_g=74.7 ips/rk=18.7 | elapsed=1270.2s | eta=69.1s
  step  95240/100000 | loss=2.9056 | rl=1.2326 | vl=0.3912 | behavior=6.3932 | curv_reg=0.623299 | codes=255/253/253/256 | c=0.064/0.064/0.064 | ips_g=74.7 ips/rk=18.7 | elapsed=1275.3s | eta=63.7s
  step  95648/100000 | loss=2.9371 | rl=1.2593 | vl=0.3966 | behavior=6.3904 | curv_reg=0.623299 | codes=255/254/255/256 | c=0.063/0.063/0.063 | ips_g=74.7 ips/rk=18.7 | elapsed=1280.3s | eta=58.3s
  step  96052/100000 | loss=2.9766 | rl=1.2690 | vl=0.4349 | behavior=6.3475 | curv_reg=0.623299 | codes=255/255/254/256 | c=0.062/0.062/0.062 | ips_g=74.7 ips/rk=18.7 | elapsed=1285.3s | eta=52.8s
  step  96460/100000 | loss=2.8991 | rl=1.2492 | vl=0.3680 | behavior=6.3938 | curv_reg=0.623299 | codes=256/254/255/256 | c=0.060/0.060/0.060 | ips_g=74.8 ips/rk=18.7 | elapsed=1290.3s | eta=47.4s
  step  96860/100000 | loss=2.9413 | rl=1.2647 | vl=0.3987 | behavior=6.3740 | curv_reg=0.623299 | codes=255/252/255/256 | c=0.059/0.059/0.059 | ips_g=74.8 ips/rk=18.7 | elapsed=1295.4s | eta=42.0s
  step  97260/100000 | loss=2.9021 | rl=1.2533 | vl=0.3813 | behavior=6.3224 | curv_reg=0.623299 | codes=254/253/255/256 | c=0.058/0.058/0.058 | ips_g=74.8 ips/rk=18.7 | elapsed=1300.4s | eta=36.6s
  step  97660/100000 | loss=3.0142 | rl=1.2805 | vl=0.4454 | behavior=6.4255 | curv_reg=0.623299 | codes=255/256/256/256 | c=0.057/0.057/0.057 | ips_g=74.8 ips/rk=18.7 | elapsed=1305.4s | eta=31.3s
  step  98068/100000 | loss=2.9708 | rl=1.2606 | vl=0.4163 | behavior=6.4536 | curv_reg=0.623299 | codes=256/255/255/256 | c=0.055/0.055/0.055 | ips_g=74.8 ips/rk=18.7 | elapsed=1310.5s | eta=25.8s
  step  98472/100000 | loss=2.9605 | rl=1.2639 | vl=0.4124 | behavior=6.4051 | curv_reg=0.623299 | codes=256/255/256/256 | c=0.054/0.054/0.054 | ips_g=74.9 ips/rk=18.7 | elapsed=1315.5s | eta=20.4s
  step  98880/100000 | loss=3.0250 | rl=1.2984 | vl=0.4232 | behavior=6.5014 | curv_reg=0.623299 | codes=255/255/255/256 | c=0.053/0.053/0.053 | ips_g=74.9 ips/rk=18.7 | elapsed=1320.5s | eta=15.0s
  step  99284/100000 | loss=3.0607 | rl=1.3084 | vl=0.4580 | behavior=6.4559 | curv_reg=0.623299 | codes=256/255/254/256 | c=0.052/0.052/0.052 | ips_g=74.9 ips/rk=18.7 | elapsed=1325.5s | eta=9.6s
  step  99684/100000 | loss=3.0939 | rl=1.3310 | vl=0.4867 | behavior=6.3656 | curv_reg=0.623299 | codes=255/255/256/256 | c=0.051/0.051/0.051 | ips_g=74.9 ips/rk=18.7 | elapsed=1330.5s | eta=4.2s
[Step12] saved /home/wlia0047/ar57/wenyu/GeneRec/stage2_RQ-VAE/curvature_RQ-VAE_iter11/results/out/rqvae/instruments/rqvae_best.pth (step=100000)
  [SID save step=100000] wrote raw 3-token SIDs /home/wlia0047/ar57/wenyu/GeneRec/stage2_RQ-VAE/curvature_RQ-VAE_iter11/results/out/rqvae/instruments/sids_raw.npy: shape=(24587, 3)
  [SID metrics step=100000] hitrate@50=0.9969 full_gini=0.0641 per_layer=[0.1922/0.2108/0.2240] unique=22948/24587 l01_pairs=14749 H_l1_given_l0=5.5844
[train] done at global_step=100000, total time=1346.1s
