2026-09-25 22:46:35,937 - INFO - Configuration: {'batch_size': 4096, 'infer_size': 1024, 'num_epochs': 150, 'eval_interval': 5, 'eval_start_epoch': 75, 'early_eval_epochs': (25, 50, 75, 100, 125), 'early_stop': 10, 'fast': True, 'bf16': True, 'use_lr_scheduler': True, 'lr_warmup_pct': 0.1, 'lr_min_factor': 0.2, 'compile': False, 'compile_mode': 'default', 'num_layers': 4, 'num_decoder_layers': 4, 'd_model': 128, 'd_ff': 1024, 'num_heads': 6, 'd_kv': 64, 'dropout_rate': 0.1, 'activation_function': 'relu', 'feed_forward_proj': 'relu', 'device': 'cuda', 'lr': 0.003, 'weight_decay': 0.05, 'vocab_size': 780, 'eos_token_id': 779, 'pad_token_id': 0, 'n_user_tokens': 1, 'max_len': 20, 'dataset_name': 'Amazon_2023_Instruments', 'dataset_path': '/home/wlia0047/ar57/wenyu/GeneRec/results/stage0_build_parquet/', 'codebook_size': [256, 256, 256, 1], 'code_path': '/home/wlia0047/ar57/wenyu/GeneRec/results/stage2_RQ-VAE/curvature_RQ-VAE_iter15/item_sids.json', 'train_file': 'train.parquet', 'valid_file': 'valid.parquet', 'test_file': 'test.parquet', 'log_path': '/home/wlia0047/ar57/wenyu/GeneRec/results/stage3_T5Train/curvature_RQ-VAE_iter15/logs/', 'save_path': '/home/wlia0047/ar57/wenyu/GeneRec/results/stage3_T5Train/curvature_RQ-VAE_iter15/ckpt/', 'seed': 42, 'topk_list': [5, 10], 'beam_size': 20, 'no_eval': True, 'skip_test': False, 'screen_baseline_log': '', 'screen_start_epoch': 40, 'screen_window': 5, 'screen_min_ndcg_gain': 0.001, 'screen_min_recall_gain': 0.001, 'screen_skip_test_on_fail': True, 'num_workers': 4, 'prefetch_factor': 8, 'exclude_history': True, 'no_exclude_history': False, 'pin_memory': True, 'no_pin_memory': False, 'sid_length': 4, 'max_token_seq_len': 82, 'decoder_start_token_id': 0}
2026-09-25 22:46:35,988 - INFO - #Embedding parameters: 99840
#Non-embedding parameters: 4459648
#Total trainable parameters: 4559488

2026-09-25 22:46:48,931 - INFO - Epoch 1/150 train_loss=4.798031787872315
2026-09-25 22:46:48,978 - INFO - Best train loss=4.798031787872315; saved /home/wlia0047/ar57/wenyu/GeneRec/results/stage3_T5Train/curvature_RQ-VAE_iter15/ckpt/Amazon_2023_Instruments/Sep-25-2026_22-46-35/HG_Rec_best.pth
2026-09-25 22:47:00,615 - INFO - Epoch 2/150 train_loss=4.101363010406494
2026-09-25 22:47:00,653 - INFO - Best train loss=4.101363010406494; saved /home/wlia0047/ar57/wenyu/GeneRec/results/stage3_T5Train/curvature_RQ-VAE_iter15/ckpt/Amazon_2023_Instruments/Sep-25-2026_22-46-35/HG_Rec_best.pth
2026-09-25 22:47:12,268 - INFO - Epoch 3/150 train_loss=3.9065288162231444
2026-09-25 22:47:12,306 - INFO - Best train loss=3.9065288162231444; saved /home/wlia0047/ar57/wenyu/GeneRec/results/stage3_T5Train/curvature_RQ-VAE_iter15/ckpt/Amazon_2023_Instruments/Sep-25-2026_22-46-35/HG_Rec_best.pth
2026-09-25 22:47:23,924 - INFO - Epoch 4/150 train_loss=3.7708445262908934
2026-09-25 22:47:23,962 - INFO - Best train loss=3.7708445262908934; saved /home/wlia0047/ar57/wenyu/GeneRec/results/stage3_T5Train/curvature_RQ-VAE_iter15/ckpt/Amazon_2023_Instruments/Sep-25-2026_22-46-35/HG_Rec_best.pth
2026-09-25 22:47:35,576 - INFO - Epoch 5/150 train_loss=3.7171344566345215
2026-09-25 22:47:35,612 - INFO - Best train loss=3.7171344566345215; saved /home/wlia0047/ar57/wenyu/GeneRec/results/stage3_T5Train/curvature_RQ-VAE_iter15/ckpt/Amazon_2023_Instruments/Sep-25-2026_22-46-35/HG_Rec_best.pth
2026-09-25 22:47:47,222 - INFO - Epoch 6/150 train_loss=3.612056894302368
2026-09-25 22:47:47,259 - INFO - Best train loss=3.612056894302368; saved /home/wlia0047/ar57/wenyu/GeneRec/results/stage3_T5Train/curvature_RQ-VAE_iter15/ckpt/Amazon_2023_Instruments/Sep-25-2026_22-46-35/HG_Rec_best.pth
2026-09-25 22:47:58,875 - INFO - Epoch 7/150 train_loss=3.473606548309326
2026-09-25 22:47:58,913 - INFO - Best train loss=3.473606548309326; saved /home/wlia0047/ar57/wenyu/GeneRec/results/stage3_T5Train/curvature_RQ-VAE_iter15/ckpt/Amazon_2023_Instruments/Sep-25-2026_22-46-35/HG_Rec_best.pth
2026-09-25 22:48:10,520 - INFO - Epoch 8/150 train_loss=3.3685873317718507
2026-09-25 22:48:10,555 - INFO - Best train loss=3.3685873317718507; saved /home/wlia0047/ar57/wenyu/GeneRec/results/stage3_T5Train/curvature_RQ-VAE_iter15/ckpt/Amazon_2023_Instruments/Sep-25-2026_22-46-35/HG_Rec_best.pth
2026-09-25 22:48:22,172 - INFO - Epoch 9/150 train_loss=3.2691617393493653
2026-09-25 22:48:22,210 - INFO - Best train loss=3.2691617393493653; saved /home/wlia0047/ar57/wenyu/GeneRec/results/stage3_T5Train/curvature_RQ-VAE_iter15/ckpt/Amazon_2023_Instruments/Sep-25-2026_22-46-35/HG_Rec_best.pth
2026-09-25 22:48:33,820 - INFO - Epoch 10/150 train_loss=3.173117227554321
2026-09-25 22:48:33,856 - INFO - Best train loss=3.173117227554321; saved /home/wlia0047/ar57/wenyu/GeneRec/results/stage3_T5Train/curvature_RQ-VAE_iter15/ckpt/Amazon_2023_Instruments/Sep-25-2026_22-46-35/HG_Rec_best.pth
2026-09-25 22:48:45,472 - INFO - Epoch 11/150 train_loss=3.0883646965026856
2026-09-25 22:48:45,507 - INFO - Best train loss=3.0883646965026856; saved /home/wlia0047/ar57/wenyu/GeneRec/results/stage3_T5Train/curvature_RQ-VAE_iter15/ckpt/Amazon_2023_Instruments/Sep-25-2026_22-46-35/HG_Rec_best.pth
2026-09-25 22:48:57,133 - INFO - Epoch 12/150 train_loss=3.003658800125122
2026-09-25 22:48:57,168 - INFO - Best train loss=3.003658800125122; saved /home/wlia0047/ar57/wenyu/GeneRec/results/stage3_T5Train/curvature_RQ-VAE_iter15/ckpt/Amazon_2023_Instruments/Sep-25-2026_22-46-35/HG_Rec_best.pth
2026-09-25 22:49:08,784 - INFO - Epoch 13/150 train_loss=2.9322744846343993
2026-09-25 22:49:08,821 - INFO - Best train loss=2.9322744846343993; saved /home/wlia0047/ar57/wenyu/GeneRec/results/stage3_T5Train/curvature_RQ-VAE_iter15/ckpt/Amazon_2023_Instruments/Sep-25-2026_22-46-35/HG_Rec_best.pth
2026-09-25 22:49:20,438 - INFO - Epoch 14/150 train_loss=2.874849033355713
2026-09-25 22:49:20,474 - INFO - Best train loss=2.874849033355713; saved /home/wlia0047/ar57/wenyu/GeneRec/results/stage3_T5Train/curvature_RQ-VAE_iter15/ckpt/Amazon_2023_Instruments/Sep-25-2026_22-46-35/HG_Rec_best.pth
2026-09-25 22:49:32,083 - INFO - Epoch 15/150 train_loss=2.8188537406921386
2026-09-25 22:49:32,120 - INFO - Best train loss=2.8188537406921386; saved /home/wlia0047/ar57/wenyu/GeneRec/results/stage3_T5Train/curvature_RQ-VAE_iter15/ckpt/Amazon_2023_Instruments/Sep-25-2026_22-46-35/HG_Rec_best.pth
2026-09-25 22:49:43,727 - INFO - Epoch 16/150 train_loss=2.764604949951172
2026-09-25 22:49:43,762 - INFO - Best train loss=2.764604949951172; saved /home/wlia0047/ar57/wenyu/GeneRec/results/stage3_T5Train/curvature_RQ-VAE_iter15/ckpt/Amazon_2023_Instruments/Sep-25-2026_22-46-35/HG_Rec_best.pth
2026-09-25 22:49:55,376 - INFO - Epoch 17/150 train_loss=2.7108603572845458
2026-09-25 22:49:55,411 - INFO - Best train loss=2.7108603572845458; saved /home/wlia0047/ar57/wenyu/GeneRec/results/stage3_T5Train/curvature_RQ-VAE_iter15/ckpt/Amazon_2023_Instruments/Sep-25-2026_22-46-35/HG_Rec_best.pth
2026-09-25 22:50:07,593 - INFO - Epoch 18/150 train_loss=2.676320686340332
2026-09-25 22:50:07,630 - INFO - Best train loss=2.676320686340332; saved /home/wlia0047/ar57/wenyu/GeneRec/results/stage3_T5Train/curvature_RQ-VAE_iter15/ckpt/Amazon_2023_Instruments/Sep-25-2026_22-46-35/HG_Rec_best.pth
2026-09-25 22:50:19,244 - INFO - Epoch 19/150 train_loss=2.6280046367645262
2026-09-25 22:50:19,279 - INFO - Best train loss=2.6280046367645262; saved /home/wlia0047/ar57/wenyu/GeneRec/results/stage3_T5Train/curvature_RQ-VAE_iter15/ckpt/Amazon_2023_Instruments/Sep-25-2026_22-46-35/HG_Rec_best.pth
2026-09-25 22:50:30,895 - INFO - Epoch 20/150 train_loss=2.585995759963989
2026-09-25 22:50:30,933 - INFO - Best train loss=2.585995759963989; saved /home/wlia0047/ar57/wenyu/GeneRec/results/stage3_T5Train/curvature_RQ-VAE_iter15/ckpt/Amazon_2023_Instruments/Sep-25-2026_22-46-35/HG_Rec_best.pth
2026-09-25 22:50:42,545 - INFO - Epoch 21/150 train_loss=2.5510393142700196
2026-09-25 22:50:42,580 - INFO - Best train loss=2.5510393142700196; saved /home/wlia0047/ar57/wenyu/GeneRec/results/stage3_T5Train/curvature_RQ-VAE_iter15/ckpt/Amazon_2023_Instruments/Sep-25-2026_22-46-35/HG_Rec_best.pth
2026-09-25 22:50:54,191 - INFO - Epoch 22/150 train_loss=2.5186237239837648
2026-09-25 22:50:54,227 - INFO - Best train loss=2.5186237239837648; saved /home/wlia0047/ar57/wenyu/GeneRec/results/stage3_T5Train/curvature_RQ-VAE_iter15/ckpt/Amazon_2023_Instruments/Sep-25-2026_22-46-35/HG_Rec_best.pth
2026-09-25 22:51:05,833 - INFO - Epoch 23/150 train_loss=2.4839176654815676
2026-09-25 22:51:05,868 - INFO - Best train loss=2.4839176654815676; saved /home/wlia0047/ar57/wenyu/GeneRec/results/stage3_T5Train/curvature_RQ-VAE_iter15/ckpt/Amazon_2023_Instruments/Sep-25-2026_22-46-35/HG_Rec_best.pth
2026-09-25 22:51:17,479 - INFO - Epoch 24/150 train_loss=2.46050971031189
2026-09-25 22:51:17,515 - INFO - Best train loss=2.46050971031189; saved /home/wlia0047/ar57/wenyu/GeneRec/results/stage3_T5Train/curvature_RQ-VAE_iter15/ckpt/Amazon_2023_Instruments/Sep-25-2026_22-46-35/HG_Rec_best.pth
2026-09-25 22:51:29,123 - INFO - Epoch 25/150 train_loss=2.436791400909424
2026-09-25 22:51:29,158 - INFO - Best train loss=2.436791400909424; saved /home/wlia0047/ar57/wenyu/GeneRec/results/stage3_T5Train/curvature_RQ-VAE_iter15/ckpt/Amazon_2023_Instruments/Sep-25-2026_22-46-35/HG_Rec_best.pth
2026-09-25 22:51:40,770 - INFO - Epoch 26/150 train_loss=2.4057071304321287
2026-09-25 22:51:40,804 - INFO - Best train loss=2.4057071304321287; saved /home/wlia0047/ar57/wenyu/GeneRec/results/stage3_T5Train/curvature_RQ-VAE_iter15/ckpt/Amazon_2023_Instruments/Sep-25-2026_22-46-35/HG_Rec_best.pth
2026-09-25 22:51:52,411 - INFO - Epoch 27/150 train_loss=2.3852012538909912
2026-09-25 22:51:52,446 - INFO - Best train loss=2.3852012538909912; saved /home/wlia0047/ar57/wenyu/GeneRec/results/stage3_T5Train/curvature_RQ-VAE_iter15/ckpt/Amazon_2023_Instruments/Sep-25-2026_22-46-35/HG_Rec_best.pth
2026-09-25 22:52:04,057 - INFO - Epoch 28/150 train_loss=2.3618004226684572
2026-09-25 22:52:04,093 - INFO - Best train loss=2.3618004226684572; saved /home/wlia0047/ar57/wenyu/GeneRec/results/stage3_T5Train/curvature_RQ-VAE_iter15/ckpt/Amazon_2023_Instruments/Sep-25-2026_22-46-35/HG_Rec_best.pth
2026-09-25 22:52:15,702 - INFO - Epoch 29/150 train_loss=2.3431633377075194
2026-09-25 22:52:15,737 - INFO - Best train loss=2.3431633377075194; saved /home/wlia0047/ar57/wenyu/GeneRec/results/stage3_T5Train/curvature_RQ-VAE_iter15/ckpt/Amazon_2023_Instruments/Sep-25-2026_22-46-35/HG_Rec_best.pth
2026-09-25 22:52:27,351 - INFO - Epoch 30/150 train_loss=2.324755296707153
2026-09-25 22:52:27,385 - INFO - Best train loss=2.324755296707153; saved /home/wlia0047/ar57/wenyu/GeneRec/results/stage3_T5Train/curvature_RQ-VAE_iter15/ckpt/Amazon_2023_Instruments/Sep-25-2026_22-46-35/HG_Rec_best.pth
2026-09-25 22:52:38,998 - INFO - Epoch 31/150 train_loss=2.313846092224121
2026-09-25 22:52:39,034 - INFO - Best train loss=2.313846092224121; saved /home/wlia0047/ar57/wenyu/GeneRec/results/stage3_T5Train/curvature_RQ-VAE_iter15/ckpt/Amazon_2023_Instruments/Sep-25-2026_22-46-35/HG_Rec_best.pth
2026-09-25 22:52:50,642 - INFO - Epoch 32/150 train_loss=2.298727445602417
2026-09-25 22:52:50,677 - INFO - Best train loss=2.298727445602417; saved /home/wlia0047/ar57/wenyu/GeneRec/results/stage3_T5Train/curvature_RQ-VAE_iter15/ckpt/Amazon_2023_Instruments/Sep-25-2026_22-46-35/HG_Rec_best.pth
2026-09-25 22:53:02,288 - INFO - Epoch 33/150 train_loss=2.280286121368408
2026-09-25 22:53:02,327 - INFO - Best train loss=2.280286121368408; saved /home/wlia0047/ar57/wenyu/GeneRec/results/stage3_T5Train/curvature_RQ-VAE_iter15/ckpt/Amazon_2023_Instruments/Sep-25-2026_22-46-35/HG_Rec_best.pth
2026-09-25 22:53:13,939 - INFO - Epoch 34/150 train_loss=2.268012399673462
2026-09-25 22:53:13,975 - INFO - Best train loss=2.268012399673462; saved /home/wlia0047/ar57/wenyu/GeneRec/results/stage3_T5Train/curvature_RQ-VAE_iter15/ckpt/Amazon_2023_Instruments/Sep-25-2026_22-46-35/HG_Rec_best.pth
2026-09-25 22:53:25,581 - INFO - Epoch 35/150 train_loss=2.257451362609863
2026-09-25 22:53:25,617 - INFO - Best train loss=2.257451362609863; saved /home/wlia0047/ar57/wenyu/GeneRec/results/stage3_T5Train/curvature_RQ-VAE_iter15/ckpt/Amazon_2023_Instruments/Sep-25-2026_22-46-35/HG_Rec_best.pth
2026-09-25 22:53:37,234 - INFO - Epoch 36/150 train_loss=2.2457337379455566
2026-09-25 22:53:37,270 - INFO - Best train loss=2.2457337379455566; saved /home/wlia0047/ar57/wenyu/GeneRec/results/stage3_T5Train/curvature_RQ-VAE_iter15/ckpt/Amazon_2023_Instruments/Sep-25-2026_22-46-35/HG_Rec_best.pth
2026-09-25 22:53:48,878 - INFO - Epoch 37/150 train_loss=2.2318039035797117
2026-09-25 22:53:48,914 - INFO - Best train loss=2.2318039035797117; saved /home/wlia0047/ar57/wenyu/GeneRec/results/stage3_T5Train/curvature_RQ-VAE_iter15/ckpt/Amazon_2023_Instruments/Sep-25-2026_22-46-35/HG_Rec_best.pth
2026-09-25 22:54:00,526 - INFO - Epoch 38/150 train_loss=2.2193703556060793
2026-09-25 22:54:00,561 - INFO - Best train loss=2.2193703556060793; saved /home/wlia0047/ar57/wenyu/GeneRec/results/stage3_T5Train/curvature_RQ-VAE_iter15/ckpt/Amazon_2023_Instruments/Sep-25-2026_22-46-35/HG_Rec_best.pth
2026-09-25 22:54:12,173 - INFO - Epoch 39/150 train_loss=2.214261589050293
2026-09-25 22:54:12,209 - INFO - Best train loss=2.214261589050293; saved /home/wlia0047/ar57/wenyu/GeneRec/results/stage3_T5Train/curvature_RQ-VAE_iter15/ckpt/Amazon_2023_Instruments/Sep-25-2026_22-46-35/HG_Rec_best.pth
2026-09-25 22:54:23,818 - INFO - Epoch 40/150 train_loss=2.2007230949401855
2026-09-25 22:54:23,854 - INFO - Best train loss=2.2007230949401855; saved /home/wlia0047/ar57/wenyu/GeneRec/results/stage3_T5Train/curvature_RQ-VAE_iter15/ckpt/Amazon_2023_Instruments/Sep-25-2026_22-46-35/HG_Rec_best.pth
2026-09-25 22:54:35,468 - INFO - Epoch 41/150 train_loss=2.1979800033569337
2026-09-25 22:54:35,503 - INFO - Best train loss=2.1979800033569337; saved /home/wlia0047/ar57/wenyu/GeneRec/results/stage3_T5Train/curvature_RQ-VAE_iter15/ckpt/Amazon_2023_Instruments/Sep-25-2026_22-46-35/HG_Rec_best.pth
2026-09-25 22:54:47,108 - INFO - Epoch 42/150 train_loss=2.188592691421509
2026-09-25 22:54:47,142 - INFO - Best train loss=2.188592691421509; saved /home/wlia0047/ar57/wenyu/GeneRec/results/stage3_T5Train/curvature_RQ-VAE_iter15/ckpt/Amazon_2023_Instruments/Sep-25-2026_22-46-35/HG_Rec_best.pth
2026-09-25 22:54:58,803 - INFO - Epoch 43/150 train_loss=2.1779067707061768
2026-09-25 22:54:59,275 - INFO - Best train loss=2.1779067707061768; saved /home/wlia0047/ar57/wenyu/GeneRec/results/stage3_T5Train/curvature_RQ-VAE_iter15/ckpt/Amazon_2023_Instruments/Sep-25-2026_22-46-35/HG_Rec_best.pth
2026-09-25 22:55:10,887 - INFO - Epoch 44/150 train_loss=2.1709325218200686
2026-09-25 22:55:10,923 - INFO - Best train loss=2.1709325218200686; saved /home/wlia0047/ar57/wenyu/GeneRec/results/stage3_T5Train/curvature_RQ-VAE_iter15/ckpt/Amazon_2023_Instruments/Sep-25-2026_22-46-35/HG_Rec_best.pth
2026-09-25 22:55:22,532 - INFO - Epoch 45/150 train_loss=2.1645569801330566
2026-09-25 22:55:22,567 - INFO - Best train loss=2.1645569801330566; saved /home/wlia0047/ar57/wenyu/GeneRec/results/stage3_T5Train/curvature_RQ-VAE_iter15/ckpt/Amazon_2023_Instruments/Sep-25-2026_22-46-35/HG_Rec_best.pth
2026-09-25 22:55:34,182 - INFO - Epoch 46/150 train_loss=2.157925567626953
2026-09-25 22:55:34,218 - INFO - Best train loss=2.157925567626953; saved /home/wlia0047/ar57/wenyu/GeneRec/results/stage3_T5Train/curvature_RQ-VAE_iter15/ckpt/Amazon_2023_Instruments/Sep-25-2026_22-46-35/HG_Rec_best.pth
2026-09-25 22:55:45,885 - INFO - Epoch 47/150 train_loss=2.150975580215454
2026-09-25 22:55:45,995 - INFO - Best train loss=2.150975580215454; saved /home/wlia0047/ar57/wenyu/GeneRec/results/stage3_T5Train/curvature_RQ-VAE_iter15/ckpt/Amazon_2023_Instruments/Sep-25-2026_22-46-35/HG_Rec_best.pth
2026-09-25 22:55:57,601 - INFO - Epoch 48/150 train_loss=2.14306809425354
2026-09-25 22:55:57,638 - INFO - Best train loss=2.14306809425354; saved /home/wlia0047/ar57/wenyu/GeneRec/results/stage3_T5Train/curvature_RQ-VAE_iter15/ckpt/Amazon_2023_Instruments/Sep-25-2026_22-46-35/HG_Rec_best.pth
2026-09-25 22:56:09,251 - INFO - Epoch 49/150 train_loss=2.1338070583343507
2026-09-25 22:56:09,285 - INFO - Best train loss=2.1338070583343507; saved /home/wlia0047/ar57/wenyu/GeneRec/results/stage3_T5Train/curvature_RQ-VAE_iter15/ckpt/Amazon_2023_Instruments/Sep-25-2026_22-46-35/HG_Rec_best.pth
2026-09-25 22:56:20,902 - INFO - Epoch 50/150 train_loss=2.1330277633666994
2026-09-25 22:56:20,938 - INFO - Best train loss=2.1330277633666994; saved /home/wlia0047/ar57/wenyu/GeneRec/results/stage3_T5Train/curvature_RQ-VAE_iter15/ckpt/Amazon_2023_Instruments/Sep-25-2026_22-46-35/HG_Rec_best.pth
2026-09-25 22:56:32,961 - INFO - Epoch 51/150 train_loss=2.125909652709961
2026-09-25 22:56:33,076 - INFO - Best train loss=2.125909652709961; saved /home/wlia0047/ar57/wenyu/GeneRec/results/stage3_T5Train/curvature_RQ-VAE_iter15/ckpt/Amazon_2023_Instruments/Sep-25-2026_22-46-35/HG_Rec_best.pth
2026-09-25 22:56:44,938 - INFO - Epoch 52/150 train_loss=2.124949560165405
2026-09-25 22:56:44,990 - INFO - Best train loss=2.124949560165405; saved /home/wlia0047/ar57/wenyu/GeneRec/results/stage3_T5Train/curvature_RQ-VAE_iter15/ckpt/Amazon_2023_Instruments/Sep-25-2026_22-46-35/HG_Rec_best.pth
2026-09-25 22:56:56,599 - INFO - Epoch 53/150 train_loss=2.1192566967010498
2026-09-25 22:56:56,635 - INFO - Best train loss=2.1192566967010498; saved /home/wlia0047/ar57/wenyu/GeneRec/results/stage3_T5Train/curvature_RQ-VAE_iter15/ckpt/Amazon_2023_Instruments/Sep-25-2026_22-46-35/HG_Rec_best.pth
2026-09-25 22:57:08,246 - INFO - Epoch 54/150 train_loss=2.1110003185272217
2026-09-25 22:57:08,281 - INFO - Best train loss=2.1110003185272217; saved /home/wlia0047/ar57/wenyu/GeneRec/results/stage3_T5Train/curvature_RQ-VAE_iter15/ckpt/Amazon_2023_Instruments/Sep-25-2026_22-46-35/HG_Rec_best.pth
2026-09-25 22:57:20,839 - INFO - Epoch 55/150 train_loss=2.1059256172180176
2026-09-25 22:57:20,917 - INFO - Best train loss=2.1059256172180176; saved /home/wlia0047/ar57/wenyu/GeneRec/results/stage3_T5Train/curvature_RQ-VAE_iter15/ckpt/Amazon_2023_Instruments/Sep-25-2026_22-46-35/HG_Rec_best.pth
2026-09-25 22:57:32,575 - INFO - Epoch 56/150 train_loss=2.097093896865845
2026-09-25 22:57:32,611 - INFO - Best train loss=2.097093896865845; saved /home/wlia0047/ar57/wenyu/GeneRec/results/stage3_T5Train/curvature_RQ-VAE_iter15/ckpt/Amazon_2023_Instruments/Sep-25-2026_22-46-35/HG_Rec_best.pth
2026-09-25 22:57:44,225 - INFO - Epoch 57/150 train_loss=2.0836144351959227
2026-09-25 22:57:44,260 - INFO - Best train loss=2.0836144351959227; saved /home/wlia0047/ar57/wenyu/GeneRec/results/stage3_T5Train/curvature_RQ-VAE_iter15/ckpt/Amazon_2023_Instruments/Sep-25-2026_22-46-35/HG_Rec_best.pth
2026-09-25 22:57:55,872 - INFO - Epoch 58/150 train_loss=2.077324562072754
2026-09-25 22:57:55,907 - INFO - Best train loss=2.077324562072754; saved /home/wlia0047/ar57/wenyu/GeneRec/results/stage3_T5Train/curvature_RQ-VAE_iter15/ckpt/Amazon_2023_Instruments/Sep-25-2026_22-46-35/HG_Rec_best.pth
2026-09-25 22:58:07,517 - INFO - Epoch 59/150 train_loss=2.070657339096069
2026-09-25 22:58:07,553 - INFO - Best train loss=2.070657339096069; saved /home/wlia0047/ar57/wenyu/GeneRec/results/stage3_T5Train/curvature_RQ-VAE_iter15/ckpt/Amazon_2023_Instruments/Sep-25-2026_22-46-35/HG_Rec_best.pth
2026-09-25 22:58:19,159 - INFO - Epoch 60/150 train_loss=2.064579906463623
2026-09-25 22:58:19,194 - INFO - Best train loss=2.064579906463623; saved /home/wlia0047/ar57/wenyu/GeneRec/results/stage3_T5Train/curvature_RQ-VAE_iter15/ckpt/Amazon_2023_Instruments/Sep-25-2026_22-46-35/HG_Rec_best.pth
2026-09-25 22:58:30,804 - INFO - Epoch 61/150 train_loss=2.0593275451660156
2026-09-25 22:58:30,839 - INFO - Best train loss=2.0593275451660156; saved /home/wlia0047/ar57/wenyu/GeneRec/results/stage3_T5Train/curvature_RQ-VAE_iter15/ckpt/Amazon_2023_Instruments/Sep-25-2026_22-46-35/HG_Rec_best.pth
2026-09-25 22:58:42,448 - INFO - Epoch 62/150 train_loss=2.0511264991760254
2026-09-25 22:58:42,483 - INFO - Best train loss=2.0511264991760254; saved /home/wlia0047/ar57/wenyu/GeneRec/results/stage3_T5Train/curvature_RQ-VAE_iter15/ckpt/Amazon_2023_Instruments/Sep-25-2026_22-46-35/HG_Rec_best.pth
2026-09-25 22:58:54,092 - INFO - Epoch 63/150 train_loss=2.047406301498413
2026-09-25 22:58:54,129 - INFO - Best train loss=2.047406301498413; saved /home/wlia0047/ar57/wenyu/GeneRec/results/stage3_T5Train/curvature_RQ-VAE_iter15/ckpt/Amazon_2023_Instruments/Sep-25-2026_22-46-35/HG_Rec_best.pth
2026-09-25 22:59:05,738 - INFO - Epoch 64/150 train_loss=2.044530906677246
2026-09-25 22:59:05,773 - INFO - Best train loss=2.044530906677246; saved /home/wlia0047/ar57/wenyu/GeneRec/results/stage3_T5Train/curvature_RQ-VAE_iter15/ckpt/Amazon_2023_Instruments/Sep-25-2026_22-46-35/HG_Rec_best.pth
2026-09-25 22:59:17,377 - INFO - Epoch 65/150 train_loss=2.037430820465088
2026-09-25 22:59:17,413 - INFO - Best train loss=2.037430820465088; saved /home/wlia0047/ar57/wenyu/GeneRec/results/stage3_T5Train/curvature_RQ-VAE_iter15/ckpt/Amazon_2023_Instruments/Sep-25-2026_22-46-35/HG_Rec_best.pth
2026-09-25 22:59:29,022 - INFO - Epoch 66/150 train_loss=2.0323434925079344
2026-09-25 22:59:29,057 - INFO - Best train loss=2.0323434925079344; saved /home/wlia0047/ar57/wenyu/GeneRec/results/stage3_T5Train/curvature_RQ-VAE_iter15/ckpt/Amazon_2023_Instruments/Sep-25-2026_22-46-35/HG_Rec_best.pth
2026-09-25 22:59:40,667 - INFO - Epoch 67/150 train_loss=2.0272159671783445
2026-09-25 22:59:40,701 - INFO - Best train loss=2.0272159671783445; saved /home/wlia0047/ar57/wenyu/GeneRec/results/stage3_T5Train/curvature_RQ-VAE_iter15/ckpt/Amazon_2023_Instruments/Sep-25-2026_22-46-35/HG_Rec_best.pth
2026-09-25 22:59:52,335 - INFO - Epoch 68/150 train_loss=2.0244832611083985
2026-09-25 22:59:52,371 - INFO - Best train loss=2.0244832611083985; saved /home/wlia0047/ar57/wenyu/GeneRec/results/stage3_T5Train/curvature_RQ-VAE_iter15/ckpt/Amazon_2023_Instruments/Sep-25-2026_22-46-35/HG_Rec_best.pth
2026-09-25 23:00:03,985 - INFO - Epoch 69/150 train_loss=2.025467834472656
2026-09-25 23:00:03,988 - INFO - No train loss improvement; patience=1
2026-09-25 23:00:15,599 - INFO - Epoch 70/150 train_loss=2.019019408226013
2026-09-25 23:00:15,635 - INFO - Best train loss=2.019019408226013; saved /home/wlia0047/ar57/wenyu/GeneRec/results/stage3_T5Train/curvature_RQ-VAE_iter15/ckpt/Amazon_2023_Instruments/Sep-25-2026_22-46-35/HG_Rec_best.pth
2026-09-25 23:00:27,243 - INFO - Epoch 71/150 train_loss=2.0143111515045167
2026-09-25 23:00:27,280 - INFO - Best train loss=2.0143111515045167; saved /home/wlia0047/ar57/wenyu/GeneRec/results/stage3_T5Train/curvature_RQ-VAE_iter15/ckpt/Amazon_2023_Instruments/Sep-25-2026_22-46-35/HG_Rec_best.pth
2026-09-25 23:00:38,886 - INFO - Epoch 72/150 train_loss=2.011750354766846
2026-09-25 23:00:38,922 - INFO - Best train loss=2.011750354766846; saved /home/wlia0047/ar57/wenyu/GeneRec/results/stage3_T5Train/curvature_RQ-VAE_iter15/ckpt/Amazon_2023_Instruments/Sep-25-2026_22-46-35/HG_Rec_best.pth
2026-09-25 23:00:50,533 - INFO - Epoch 73/150 train_loss=2.0011899852752686
2026-09-25 23:00:50,567 - INFO - Best train loss=2.0011899852752686; saved /home/wlia0047/ar57/wenyu/GeneRec/results/stage3_T5Train/curvature_RQ-VAE_iter15/ckpt/Amazon_2023_Instruments/Sep-25-2026_22-46-35/HG_Rec_best.pth
2026-09-25 23:01:02,187 - INFO - Epoch 74/150 train_loss=2.005420045852661
2026-09-25 23:01:02,191 - INFO - No train loss improvement; patience=1
2026-09-25 23:01:13,805 - INFO - Epoch 75/150 train_loss=2.00082790851593
2026-09-25 23:01:13,841 - INFO - Best train loss=2.00082790851593; saved /home/wlia0047/ar57/wenyu/GeneRec/results/stage3_T5Train/curvature_RQ-VAE_iter15/ckpt/Amazon_2023_Instruments/Sep-25-2026_22-46-35/HG_Rec_best.pth
2026-09-25 23:01:25,453 - INFO - Epoch 76/150 train_loss=1.9998959684371949
2026-09-25 23:01:25,489 - INFO - Best train loss=1.9998959684371949; saved /home/wlia0047/ar57/wenyu/GeneRec/results/stage3_T5Train/curvature_RQ-VAE_iter15/ckpt/Amazon_2023_Instruments/Sep-25-2026_22-46-35/HG_Rec_best.pth
2026-09-25 23:01:37,095 - INFO - Epoch 77/150 train_loss=1.9933147621154785
2026-09-25 23:01:37,130 - INFO - Best train loss=1.9933147621154785; saved /home/wlia0047/ar57/wenyu/GeneRec/results/stage3_T5Train/curvature_RQ-VAE_iter15/ckpt/Amazon_2023_Instruments/Sep-25-2026_22-46-35/HG_Rec_best.pth
2026-09-25 23:01:48,741 - INFO - Epoch 78/150 train_loss=1.9920343589782714
2026-09-25 23:01:48,776 - INFO - Best train loss=1.9920343589782714; saved /home/wlia0047/ar57/wenyu/GeneRec/results/stage3_T5Train/curvature_RQ-VAE_iter15/ckpt/Amazon_2023_Instruments/Sep-25-2026_22-46-35/HG_Rec_best.pth
2026-09-25 23:02:00,388 - INFO - Epoch 79/150 train_loss=1.9900015687942505
2026-09-25 23:02:00,423 - INFO - Best train loss=1.9900015687942505; saved /home/wlia0047/ar57/wenyu/GeneRec/results/stage3_T5Train/curvature_RQ-VAE_iter15/ckpt/Amazon_2023_Instruments/Sep-25-2026_22-46-35/HG_Rec_best.pth
2026-09-25 23:02:12,034 - INFO - Epoch 80/150 train_loss=1.9866287517547607
2026-09-25 23:02:12,722 - INFO - Best train loss=1.9866287517547607; saved /home/wlia0047/ar57/wenyu/GeneRec/results/stage3_T5Train/curvature_RQ-VAE_iter15/ckpt/Amazon_2023_Instruments/Sep-25-2026_22-46-35/HG_Rec_best.pth
2026-09-25 23:02:24,331 - INFO - Epoch 81/150 train_loss=1.9855233001708985
2026-09-25 23:02:24,367 - INFO - Best train loss=1.9855233001708985; saved /home/wlia0047/ar57/wenyu/GeneRec/results/stage3_T5Train/curvature_RQ-VAE_iter15/ckpt/Amazon_2023_Instruments/Sep-25-2026_22-46-35/HG_Rec_best.pth
2026-09-25 23:02:35,979 - INFO - Epoch 82/150 train_loss=1.9777697467803954
2026-09-25 23:02:36,054 - INFO - Best train loss=1.9777697467803954; saved /home/wlia0047/ar57/wenyu/GeneRec/results/stage3_T5Train/curvature_RQ-VAE_iter15/ckpt/Amazon_2023_Instruments/Sep-25-2026_22-46-35/HG_Rec_best.pth
2026-09-25 23:02:47,674 - INFO - Epoch 83/150 train_loss=1.9784347820281982
2026-09-25 23:02:47,677 - INFO - No train loss improvement; patience=1
2026-09-25 23:02:59,284 - INFO - Epoch 84/150 train_loss=1.9734820747375488
2026-09-25 23:02:59,320 - INFO - Best train loss=1.9734820747375488; saved /home/wlia0047/ar57/wenyu/GeneRec/results/stage3_T5Train/curvature_RQ-VAE_iter15/ckpt/Amazon_2023_Instruments/Sep-25-2026_22-46-35/HG_Rec_best.pth
2026-09-25 23:03:10,926 - INFO - Epoch 85/150 train_loss=1.972724075317383
2026-09-25 23:03:10,961 - INFO - Best train loss=1.972724075317383; saved /home/wlia0047/ar57/wenyu/GeneRec/results/stage3_T5Train/curvature_RQ-VAE_iter15/ckpt/Amazon_2023_Instruments/Sep-25-2026_22-46-35/HG_Rec_best.pth
2026-09-25 23:03:22,567 - INFO - Epoch 86/150 train_loss=1.9695466709136964
2026-09-25 23:03:22,603 - INFO - Best train loss=1.9695466709136964; saved /home/wlia0047/ar57/wenyu/GeneRec/results/stage3_T5Train/curvature_RQ-VAE_iter15/ckpt/Amazon_2023_Instruments/Sep-25-2026_22-46-35/HG_Rec_best.pth
2026-09-25 23:03:34,215 - INFO - Epoch 87/150 train_loss=1.970645694732666
2026-09-25 23:03:34,218 - INFO - No train loss improvement; patience=1
2026-09-25 23:03:45,825 - INFO - Epoch 88/150 train_loss=1.9659593629837036
2026-09-25 23:03:45,860 - INFO - Best train loss=1.9659593629837036; saved /home/wlia0047/ar57/wenyu/GeneRec/results/stage3_T5Train/curvature_RQ-VAE_iter15/ckpt/Amazon_2023_Instruments/Sep-25-2026_22-46-35/HG_Rec_best.pth
2026-09-25 23:03:57,469 - INFO - Epoch 89/150 train_loss=1.9649275493621827
2026-09-25 23:03:57,504 - INFO - Best train loss=1.9649275493621827; saved /home/wlia0047/ar57/wenyu/GeneRec/results/stage3_T5Train/curvature_RQ-VAE_iter15/ckpt/Amazon_2023_Instruments/Sep-25-2026_22-46-35/HG_Rec_best.pth
2026-09-25 23:04:09,106 - INFO - Epoch 90/150 train_loss=1.9606432342529296
2026-09-25 23:04:09,140 - INFO - Best train loss=1.9606432342529296; saved /home/wlia0047/ar57/wenyu/GeneRec/results/stage3_T5Train/curvature_RQ-VAE_iter15/ckpt/Amazon_2023_Instruments/Sep-25-2026_22-46-35/HG_Rec_best.pth
2026-09-25 23:04:20,754 - INFO - Epoch 91/150 train_loss=1.9604358959197998
2026-09-25 23:04:20,790 - INFO - Best train loss=1.9604358959197998; saved /home/wlia0047/ar57/wenyu/GeneRec/results/stage3_T5Train/curvature_RQ-VAE_iter15/ckpt/Amazon_2023_Instruments/Sep-25-2026_22-46-35/HG_Rec_best.pth
2026-09-25 23:04:33,208 - INFO - Epoch 92/150 train_loss=1.9583379888534547
2026-09-25 23:04:33,246 - INFO - Best train loss=1.9583379888534547; saved /home/wlia0047/ar57/wenyu/GeneRec/results/stage3_T5Train/curvature_RQ-VAE_iter15/ckpt/Amazon_2023_Instruments/Sep-25-2026_22-46-35/HG_Rec_best.pth
2026-09-25 23:04:45,040 - INFO - Epoch 93/150 train_loss=1.9524761629104614
2026-09-25 23:04:45,094 - INFO - Best train loss=1.9524761629104614; saved /home/wlia0047/ar57/wenyu/GeneRec/results/stage3_T5Train/curvature_RQ-VAE_iter15/ckpt/Amazon_2023_Instruments/Sep-25-2026_22-46-35/HG_Rec_best.pth
2026-09-25 23:04:56,771 - INFO - Epoch 94/150 train_loss=1.9566917848587035
2026-09-25 23:04:56,774 - INFO - No train loss improvement; patience=1
2026-09-25 23:05:08,382 - INFO - Epoch 95/150 train_loss=1.9495817565917968
2026-09-25 23:05:08,430 - INFO - Best train loss=1.9495817565917968; saved /home/wlia0047/ar57/wenyu/GeneRec/results/stage3_T5Train/curvature_RQ-VAE_iter15/ckpt/Amazon_2023_Instruments/Sep-25-2026_22-46-35/HG_Rec_best.pth
2026-09-25 23:05:20,043 - INFO - Epoch 96/150 train_loss=1.9509114456176757
2026-09-25 23:05:20,045 - INFO - No train loss improvement; patience=1
2026-09-25 23:05:31,821 - INFO - Epoch 97/150 train_loss=1.947513337135315
2026-09-25 23:05:31,901 - INFO - Best train loss=1.947513337135315; saved /home/wlia0047/ar57/wenyu/GeneRec/results/stage3_T5Train/curvature_RQ-VAE_iter15/ckpt/Amazon_2023_Instruments/Sep-25-2026_22-46-35/HG_Rec_best.pth
2026-09-25 23:05:43,509 - INFO - Epoch 98/150 train_loss=1.9464031267166138
2026-09-25 23:05:43,541 - INFO - Best train loss=1.9464031267166138; saved /home/wlia0047/ar57/wenyu/GeneRec/results/stage3_T5Train/curvature_RQ-VAE_iter15/ckpt/Amazon_2023_Instruments/Sep-25-2026_22-46-35/HG_Rec_best.pth
2026-09-25 23:05:55,148 - INFO - Epoch 99/150 train_loss=1.9450585126876831
2026-09-25 23:05:55,184 - INFO - Best train loss=1.9450585126876831; saved /home/wlia0047/ar57/wenyu/GeneRec/results/stage3_T5Train/curvature_RQ-VAE_iter15/ckpt/Amazon_2023_Instruments/Sep-25-2026_22-46-35/HG_Rec_best.pth
2026-09-25 23:06:06,796 - INFO - Epoch 100/150 train_loss=1.942918667793274
2026-09-25 23:06:06,831 - INFO - Best train loss=1.942918667793274; saved /home/wlia0047/ar57/wenyu/GeneRec/results/stage3_T5Train/curvature_RQ-VAE_iter15/ckpt/Amazon_2023_Instruments/Sep-25-2026_22-46-35/HG_Rec_best.pth
2026-09-25 23:06:18,434 - INFO - Epoch 101/150 train_loss=1.9406142807006836
2026-09-25 23:06:18,469 - INFO - Best train loss=1.9406142807006836; saved /home/wlia0047/ar57/wenyu/GeneRec/results/stage3_T5Train/curvature_RQ-VAE_iter15/ckpt/Amazon_2023_Instruments/Sep-25-2026_22-46-35/HG_Rec_best.pth
2026-09-25 23:06:30,071 - INFO - Epoch 102/150 train_loss=1.9399692010879517
2026-09-25 23:06:30,108 - INFO - Best train loss=1.9399692010879517; saved /home/wlia0047/ar57/wenyu/GeneRec/results/stage3_T5Train/curvature_RQ-VAE_iter15/ckpt/Amazon_2023_Instruments/Sep-25-2026_22-46-35/HG_Rec_best.pth
2026-09-25 23:06:41,718 - INFO - Epoch 103/150 train_loss=1.93497615814209
2026-09-25 23:06:41,848 - INFO - Best train loss=1.93497615814209; saved /home/wlia0047/ar57/wenyu/GeneRec/results/stage3_T5Train/curvature_RQ-VAE_iter15/ckpt/Amazon_2023_Instruments/Sep-25-2026_22-46-35/HG_Rec_best.pth
2026-09-25 23:06:53,461 - INFO - Epoch 104/150 train_loss=1.9347648048400878
2026-09-25 23:06:53,497 - INFO - Best train loss=1.9347648048400878; saved /home/wlia0047/ar57/wenyu/GeneRec/results/stage3_T5Train/curvature_RQ-VAE_iter15/ckpt/Amazon_2023_Instruments/Sep-25-2026_22-46-35/HG_Rec_best.pth
2026-09-25 23:07:05,107 - INFO - Epoch 105/150 train_loss=1.9362286901474
2026-09-25 23:07:05,109 - INFO - No train loss improvement; patience=1
2026-09-25 23:07:16,716 - INFO - Epoch 106/150 train_loss=1.9286023139953614
2026-09-25 23:07:16,752 - INFO - Best train loss=1.9286023139953614; saved /home/wlia0047/ar57/wenyu/GeneRec/results/stage3_T5Train/curvature_RQ-VAE_iter15/ckpt/Amazon_2023_Instruments/Sep-25-2026_22-46-35/HG_Rec_best.pth
2026-09-25 23:07:28,368 - INFO - Epoch 107/150 train_loss=1.9310992193222045
2026-09-25 23:07:28,371 - INFO - No train loss improvement; patience=1
2026-09-25 23:07:39,980 - INFO - Epoch 108/150 train_loss=1.9307046985626222
2026-09-25 23:07:39,983 - INFO - No train loss improvement; patience=2
2026-09-25 23:07:51,587 - INFO - Epoch 109/150 train_loss=1.923184208869934
2026-09-25 23:07:51,624 - INFO - Best train loss=1.923184208869934; saved /home/wlia0047/ar57/wenyu/GeneRec/results/stage3_T5Train/curvature_RQ-VAE_iter15/ckpt/Amazon_2023_Instruments/Sep-25-2026_22-46-35/HG_Rec_best.pth
2026-09-25 23:08:03,237 - INFO - Epoch 110/150 train_loss=1.9238320255279542
2026-09-25 23:08:03,240 - INFO - No train loss improvement; patience=1
2026-09-25 23:08:14,845 - INFO - Epoch 111/150 train_loss=1.9228007507324218
2026-09-25 23:08:14,881 - INFO - Best train loss=1.9228007507324218; saved /home/wlia0047/ar57/wenyu/GeneRec/results/stage3_T5Train/curvature_RQ-VAE_iter15/ckpt/Amazon_2023_Instruments/Sep-25-2026_22-46-35/HG_Rec_best.pth
2026-09-25 23:08:26,489 - INFO - Epoch 112/150 train_loss=1.920067629814148
2026-09-25 23:08:26,526 - INFO - Best train loss=1.920067629814148; saved /home/wlia0047/ar57/wenyu/GeneRec/results/stage3_T5Train/curvature_RQ-VAE_iter15/ckpt/Amazon_2023_Instruments/Sep-25-2026_22-46-35/HG_Rec_best.pth
2026-09-25 23:08:38,135 - INFO - Epoch 113/150 train_loss=1.9217997217178344
2026-09-25 23:08:38,138 - INFO - No train loss improvement; patience=1
2026-09-25 23:08:49,745 - INFO - Epoch 114/150 train_loss=1.9169604635238648
2026-09-25 23:08:49,780 - INFO - Best train loss=1.9169604635238648; saved /home/wlia0047/ar57/wenyu/GeneRec/results/stage3_T5Train/curvature_RQ-VAE_iter15/ckpt/Amazon_2023_Instruments/Sep-25-2026_22-46-35/HG_Rec_best.pth
2026-09-25 23:09:01,393 - INFO - Epoch 115/150 train_loss=1.918958411216736
2026-09-25 23:09:01,395 - INFO - No train loss improvement; patience=1
2026-09-25 23:09:13,003 - INFO - Epoch 116/150 train_loss=1.917518138885498
2026-09-25 23:09:13,006 - INFO - No train loss improvement; patience=2
2026-09-25 23:09:25,736 - INFO - Epoch 117/150 train_loss=1.9166455698013305
2026-09-25 23:09:25,771 - INFO - Best train loss=1.9166455698013305; saved /home/wlia0047/ar57/wenyu/GeneRec/results/stage3_T5Train/curvature_RQ-VAE_iter15/ckpt/Amazon_2023_Instruments/Sep-25-2026_22-46-35/HG_Rec_best.pth
2026-09-25 23:09:37,410 - INFO - Epoch 118/150 train_loss=1.9120210790634156
2026-09-25 23:09:37,509 - INFO - Best train loss=1.9120210790634156; saved /home/wlia0047/ar57/wenyu/GeneRec/results/stage3_T5Train/curvature_RQ-VAE_iter15/ckpt/Amazon_2023_Instruments/Sep-25-2026_22-46-35/HG_Rec_best.pth
2026-09-25 23:09:49,118 - INFO - Epoch 119/150 train_loss=1.9108949851989747
2026-09-25 23:09:49,153 - INFO - Best train loss=1.9108949851989747; saved /home/wlia0047/ar57/wenyu/GeneRec/results/stage3_T5Train/curvature_RQ-VAE_iter15/ckpt/Amazon_2023_Instruments/Sep-25-2026_22-46-35/HG_Rec_best.pth
2026-09-25 23:10:00,762 - INFO - Epoch 120/150 train_loss=1.9080574083328248
2026-09-25 23:10:00,797 - INFO - Best train loss=1.9080574083328248; saved /home/wlia0047/ar57/wenyu/GeneRec/results/stage3_T5Train/curvature_RQ-VAE_iter15/ckpt/Amazon_2023_Instruments/Sep-25-2026_22-46-35/HG_Rec_best.pth
2026-09-25 23:10:12,412 - INFO - Epoch 121/150 train_loss=1.9091108560562133
2026-09-25 23:10:12,415 - INFO - No train loss improvement; patience=1
2026-09-25 23:10:24,027 - INFO - Epoch 122/150 train_loss=1.9061245393753052
2026-09-25 23:10:24,062 - INFO - Best train loss=1.9061245393753052; saved /home/wlia0047/ar57/wenyu/GeneRec/results/stage3_T5Train/curvature_RQ-VAE_iter15/ckpt/Amazon_2023_Instruments/Sep-25-2026_22-46-35/HG_Rec_best.pth
2026-09-25 23:10:35,670 - INFO - Epoch 123/150 train_loss=1.9047396850585938
2026-09-25 23:10:35,705 - INFO - Best train loss=1.9047396850585938; saved /home/wlia0047/ar57/wenyu/GeneRec/results/stage3_T5Train/curvature_RQ-VAE_iter15/ckpt/Amazon_2023_Instruments/Sep-25-2026_22-46-35/HG_Rec_best.pth
2026-09-25 23:10:47,317 - INFO - Epoch 124/150 train_loss=1.90364604473114
2026-09-25 23:10:47,354 - INFO - Best train loss=1.90364604473114; saved /home/wlia0047/ar57/wenyu/GeneRec/results/stage3_T5Train/curvature_RQ-VAE_iter15/ckpt/Amazon_2023_Instruments/Sep-25-2026_22-46-35/HG_Rec_best.pth
2026-09-25 23:10:58,956 - INFO - Epoch 125/150 train_loss=1.9033768892288208
2026-09-25 23:10:58,993 - INFO - Best train loss=1.9033768892288208; saved /home/wlia0047/ar57/wenyu/GeneRec/results/stage3_T5Train/curvature_RQ-VAE_iter15/ckpt/Amazon_2023_Instruments/Sep-25-2026_22-46-35/HG_Rec_best.pth
2026-09-25 23:11:10,609 - INFO - Epoch 126/150 train_loss=1.9011377811431884
2026-09-25 23:11:10,645 - INFO - Best train loss=1.9011377811431884; saved /home/wlia0047/ar57/wenyu/GeneRec/results/stage3_T5Train/curvature_RQ-VAE_iter15/ckpt/Amazon_2023_Instruments/Sep-25-2026_22-46-35/HG_Rec_best.pth
2026-09-25 23:11:22,255 - INFO - Epoch 127/150 train_loss=1.9012642335891723
2026-09-25 23:11:22,258 - INFO - No train loss improvement; patience=1
