W0929 10:32:05.211338 3988037 /fs04/scratch2/ar57/wenyu/genrec_env_v2/lib/python3.9/site-packages/torch/distributed/run.py:774] 
W0929 10:32:05.211338 3988037 /fs04/scratch2/ar57/wenyu/genrec_env_v2/lib/python3.9/site-packages/torch/distributed/run.py:774] *****************************************
W0929 10:32:05.211338 3988037 /fs04/scratch2/ar57/wenyu/genrec_env_v2/lib/python3.9/site-packages/torch/distributed/run.py:774] Setting OMP_NUM_THREADS environment variable for each process to be 1 in default, to avoid your system being overloaded, please further tune the variable for optimal performance in your application as needed. 
W0929 10:32:05.211338 3988037 /fs04/scratch2/ar57/wenyu/genrec_env_v2/lib/python3.9/site-packages/torch/distributed/run.py:774] *****************************************
[Iter48 CURVATURE_ONLY] cold_start=true max_global_steps=40000 batch_size_per_rank=512 effective_item_batch=1024 total_effective_batch=4096 initial_c=[0.05, 0.05, 0.05] layer_beta2=[0.999, 0.999, 0.999]
[RecBole RQ-VAE] initializing codebooks with KMeans
/home/wlia0047/ar57/wenyu/GeneRec/stage2_RQ-VAE/curvature_RQ-VAE_iter48/model/layers.py:104: UserWarning: Deterministic behavior was enabled with either `torch.use_deterministic_algorithms(True)` or `at::Context::setDeterministicAlgorithms(true)`, but this operation is not deterministic because it uses CuBLAS and you have CUDA >= 10.2. To enable deterministic behavior in this case, you must set an environment variable before running your PyTorch application: CUBLAS_WORKSPACE_CONFIG=:4096:8 or CUBLAS_WORKSPACE_CONFIG=:16:8. For more information, go to https://docs.nvidia.com/cuda/cublas/index.html#results-reproducibility (Triggered internally at /pytorch/aten/src/ATen/Context.cpp:233.)
  dot = x_point @ y_point.t()
/home/wlia0047/ar57/wenyu/GeneRec/stage2_RQ-VAE/curvature_RQ-VAE_iter48/model/layers.py:104: UserWarning: Deterministic behavior was enabled with either `torch.use_deterministic_algorithms(True)` or `at::Context::setDeterministicAlgorithms(true)`, but this operation is not deterministic because it uses CuBLAS and you have CUDA >= 10.2. To enable deterministic behavior in this case, you must set an environment variable before running your PyTorch application: CUBLAS_WORKSPACE_CONFIG=:4096:8 or CUBLAS_WORKSPACE_CONFIG=:16:8. For more information, go to https://docs.nvidia.com/cuda/cublas/index.html#results-reproducibility (Triggered internally at /pytorch/aten/src/ATen/Context.cpp:233.)
  dot = x_point @ y_point.t()
/home/wlia0047/ar57/wenyu/GeneRec/stage2_RQ-VAE/curvature_RQ-VAE_iter48/model/layers.py:104: UserWarning: Deterministic behavior was enabled with either `torch.use_deterministic_algorithms(True)` or `at::Context::setDeterministicAlgorithms(true)`, but this operation is not deterministic because it uses CuBLAS and you have CUDA >= 10.2. To enable deterministic behavior in this case, you must set an environment variable before running your PyTorch application: CUBLAS_WORKSPACE_CONFIG=:4096:8 or CUBLAS_WORKSPACE_CONFIG=:16:8. For more information, go to https://docs.nvidia.com/cuda/cublas/index.html#results-reproducibility (Triggered internally at /pytorch/aten/src/ATen/Context.cpp:233.)
  dot = x_point @ y_point.t()
/home/wlia0047/ar57/wenyu/GeneRec/stage2_RQ-VAE/curvature_RQ-VAE_iter48/model/layers.py:104: UserWarning: Deterministic behavior was enabled with either `torch.use_deterministic_algorithms(True)` or `at::Context::setDeterministicAlgorithms(true)`, but this operation is not deterministic because it uses CuBLAS and you have CUDA >= 10.2. To enable deterministic behavior in this case, you must set an environment variable before running your PyTorch application: CUBLAS_WORKSPACE_CONFIG=:4096:8 or CUBLAS_WORKSPACE_CONFIG=:16:8. For more information, go to https://docs.nvidia.com/cuda/cublas/index.html#results-reproducibility (Triggered internally at /pytorch/aten/src/ATen/Context.cpp:233.)
  dot = x_point @ y_point.t()
/home/wlia0047/ar57/wenyu/GeneRec/stage2_RQ-VAE/curvature_RQ-VAE_iter48/model/layers.py:104: UserWarning: Deterministic behavior was enabled with either `torch.use_deterministic_algorithms(True)` or `at::Context::setDeterministicAlgorithms(true)`, but this operation is not deterministic because it uses CuBLAS and you have CUDA >= 10.2. To enable deterministic behavior in this case, you must set an environment variable before running your PyTorch application: CUBLAS_WORKSPACE_CONFIG=:4096:8 or CUBLAS_WORKSPACE_CONFIG=:16:8. For more information, go to https://docs.nvidia.com/cuda/cublas/index.html#results-reproducibility (Triggered internally at /pytorch/aten/src/ATen/Context.cpp:233.)
  dot = x_point @ y_point.t()
/home/wlia0047/ar57/wenyu/GeneRec/stage2_RQ-VAE/curvature_RQ-VAE_iter48/model/layers.py:104: UserWarning: Deterministic behavior was enabled with either `torch.use_deterministic_algorithms(True)` or `at::Context::setDeterministicAlgorithms(true)`, but this operation is not deterministic because it uses CuBLAS and you have CUDA >= 10.2. To enable deterministic behavior in this case, you must set an environment variable before running your PyTorch application: CUBLAS_WORKSPACE_CONFIG=:4096:8 or CUBLAS_WORKSPACE_CONFIG=:16:8. For more information, go to https://docs.nvidia.com/cuda/cublas/index.html#results-reproducibility (Triggered internally at /pytorch/aten/src/ATen/Context.cpp:233.)
  dot = x_point @ y_point.t()
/home/wlia0047/ar57/wenyu/GeneRec/stage2_RQ-VAE/curvature_RQ-VAE_iter48/model/layers.py:104: UserWarning: Deterministic behavior was enabled with either `torch.use_deterministic_algorithms(True)` or `at::Context::setDeterministicAlgorithms(true)`, but this operation is not deterministic because it uses CuBLAS and you have CUDA >= 10.2. To enable deterministic behavior in this case, you must set an environment variable before running your PyTorch application: CUBLAS_WORKSPACE_CONFIG=:4096:8 or CUBLAS_WORKSPACE_CONFIG=:16:8. For more information, go to https://docs.nvidia.com/cuda/cublas/index.html#results-reproducibility (Triggered internally at /pytorch/aten/src/ATen/Context.cpp:233.)
  dot = x_point @ y_point.t()
/home/wlia0047/ar57/wenyu/GeneRec/stage2_RQ-VAE/curvature_RQ-VAE_iter48/model/layers.py:104: UserWarning: Deterministic behavior was enabled with either `torch.use_deterministic_algorithms(True)` or `at::Context::setDeterministicAlgorithms(true)`, but this operation is not deterministic because it uses CuBLAS and you have CUDA >= 10.2. To enable deterministic behavior in this case, you must set an environment variable before running your PyTorch application: CUBLAS_WORKSPACE_CONFIG=:4096:8 or CUBLAS_WORKSPACE_CONFIG=:16:8. For more information, go to https://docs.nvidia.com/cuda/cublas/index.html#results-reproducibility (Triggered internally at /pytorch/aten/src/ATen/Context.cpp:233.)
  dot = x_point @ y_point.t()
/home/wlia0047/ar57/wenyu/GeneRec/stage2_RQ-VAE/curvature_RQ-VAE_iter48/model/layers.py:104: UserWarning: Deterministic behavior was enabled with either `torch.use_deterministic_algorithms(True)` or `at::Context::setDeterministicAlgorithms(true)`, but this operation is not deterministic because it uses CuBLAS and you have CUDA >= 10.2. To enable deterministic behavior in this case, you must set an environment variable before running your PyTorch application: CUBLAS_WORKSPACE_CONFIG=:4096:8 or CUBLAS_WORKSPACE_CONFIG=:16:8. For more information, go to https://docs.nvidia.com/cuda/cublas/index.html#results-reproducibility (Triggered internally at /pytorch/aten/src/ATen/Context.cpp:233.)
  dot = x_point @ y_point.t()
/home/wlia0047/ar57_scratch/wenyu/genrec_env_v2/lib64/python3.9/site-packages/torch/distributed/distributed_c10d.py:4807: UserWarning: No device id is provided via `init_process_group` or `barrier `. Using the current device set by the user. 
  warnings.warn(  # warn only once
/home/wlia0047/ar57/wenyu/GeneRec/stage2_RQ-VAE/curvature_RQ-VAE_iter48/model/layers.py:104: UserWarning: Deterministic behavior was enabled with either `torch.use_deterministic_algorithms(True)` or `at::Context::setDeterministicAlgorithms(true)`, but this operation is not deterministic because it uses CuBLAS and you have CUDA >= 10.2. To enable deterministic behavior in this case, you must set an environment variable before running your PyTorch application: CUBLAS_WORKSPACE_CONFIG=:4096:8 or CUBLAS_WORKSPACE_CONFIG=:16:8. For more information, go to https://docs.nvidia.com/cuda/cublas/index.html#results-reproducibility (Triggered internally at /pytorch/aten/src/ATen/Context.cpp:233.)
  dot = x_point @ y_point.t()
/home/wlia0047/ar57/wenyu/GeneRec/stage2_RQ-VAE/curvature_RQ-VAE_iter48/model/layers.py:104: UserWarning: Deterministic behavior was enabled with either `torch.use_deterministic_algorithms(True)` or `at::Context::setDeterministicAlgorithms(true)`, but this operation is not deterministic because it uses CuBLAS and you have CUDA >= 10.2. To enable deterministic behavior in this case, you must set an environment variable before running your PyTorch application: CUBLAS_WORKSPACE_CONFIG=:4096:8 or CUBLAS_WORKSPACE_CONFIG=:16:8. For more information, go to https://docs.nvidia.com/cuda/cublas/index.html#results-reproducibility (Triggered internally at /pytorch/aten/src/ATen/Context.cpp:233.)
  dot = x_point @ y_point.t()
/home/wlia0047/ar57_scratch/wenyu/genrec_env_v2/lib64/python3.9/site-packages/torch/distributed/distributed_c10d.py:4807: UserWarning: No device id is provided via `init_process_group` or `barrier `. Using the current device set by the user. 
  warnings.warn(  # warn only once
/home/wlia0047/ar57_scratch/wenyu/genrec_env_v2/lib64/python3.9/site-packages/torch/distributed/distributed_c10d.py:4807: UserWarning: No device id is provided via `init_process_group` or `barrier `. Using the current device set by the user. 
  warnings.warn(  # warn only once
/home/wlia0047/ar57/wenyu/GeneRec/stage2_RQ-VAE/curvature_RQ-VAE_iter48/model/layers.py:104: UserWarning: Deterministic behavior was enabled with either `torch.use_deterministic_algorithms(True)` or `at::Context::setDeterministicAlgorithms(true)`, but this operation is not deterministic because it uses CuBLAS and you have CUDA >= 10.2. To enable deterministic behavior in this case, you must set an environment variable before running your PyTorch application: CUBLAS_WORKSPACE_CONFIG=:4096:8 or CUBLAS_WORKSPACE_CONFIG=:16:8. For more information, go to https://docs.nvidia.com/cuda/cublas/index.html#results-reproducibility (Triggered internally at /pytorch/aten/src/ATen/Context.cpp:233.)
  dot = x_point @ y_point.t()
/home/wlia0047/ar57_scratch/wenyu/genrec_env_v2/lib64/python3.9/site-packages/torch/distributed/distributed_c10d.py:4807: UserWarning: No device id is provided via `init_process_group` or `barrier `. Using the current device set by the user. 
  warnings.warn(  # warn only once
/home/wlia0047/ar57_scratch/wenyu/genrec_env_v2/lib64/python3.9/site-packages/torch/autograd/graph.py:829: UserWarning: Deterministic behavior was enabled with either `torch.use_deterministic_algorithms(True)` or `at::Context::setDeterministicAlgorithms(true)`, but this operation is not deterministic because it uses CuBLAS and you have CUDA >= 10.2. To enable deterministic behavior in this case, you must set an environment variable before running your PyTorch application: CUBLAS_WORKSPACE_CONFIG=:4096:8 or CUBLAS_WORKSPACE_CONFIG=:16:8. For more information, go to https://docs.nvidia.com/cuda/cublas/index.html#results-reproducibility (Triggered internally at /pytorch/aten/src/ATen/Context.cpp:233.)
  return Variable._execution_engine.run_backward(  # Calls into the C++ engine to run the backward pass
/home/wlia0047/ar57_scratch/wenyu/genrec_env_v2/lib64/python3.9/site-packages/torch/autograd/graph.py:829: UserWarning: Deterministic behavior was enabled with either `torch.use_deterministic_algorithms(True)` or `at::Context::setDeterministicAlgorithms(true)`, but this operation is not deterministic because it uses CuBLAS and you have CUDA >= 10.2. To enable deterministic behavior in this case, you must set an environment variable before running your PyTorch application: CUBLAS_WORKSPACE_CONFIG=:4096:8 or CUBLAS_WORKSPACE_CONFIG=:16:8. For more information, go to https://docs.nvidia.com/cuda/cublas/index.html#results-reproducibility (Triggered internally at /pytorch/aten/src/ATen/Context.cpp:233.)
  return Variable._execution_engine.run_backward(  # Calls into the C++ engine to run the backward pass
/home/wlia0047/ar57_scratch/wenyu/genrec_env_v2/lib64/python3.9/site-packages/torch/autograd/graph.py:829: UserWarning: Deterministic behavior was enabled with either `torch.use_deterministic_algorithms(True)` or `at::Context::setDeterministicAlgorithms(true)`, but this operation is not deterministic because it uses CuBLAS and you have CUDA >= 10.2. To enable deterministic behavior in this case, you must set an environment variable before running your PyTorch application: CUBLAS_WORKSPACE_CONFIG=:4096:8 or CUBLAS_WORKSPACE_CONFIG=:16:8. For more information, go to https://docs.nvidia.com/cuda/cublas/index.html#results-reproducibility (Triggered internally at /pytorch/aten/src/ATen/Context.cpp:233.)
  return Variable._execution_engine.run_backward(  # Calls into the C++ engine to run the backward pass
/home/wlia0047/ar57_scratch/wenyu/genrec_env_v2/lib64/python3.9/site-packages/torch/autograd/graph.py:829: UserWarning: Deterministic behavior was enabled with either `torch.use_deterministic_algorithms(True)` or `at::Context::setDeterministicAlgorithms(true)`, but this operation is not deterministic because it uses CuBLAS and you have CUDA >= 10.2. To enable deterministic behavior in this case, you must set an environment variable before running your PyTorch application: CUBLAS_WORKSPACE_CONFIG=:4096:8 or CUBLAS_WORKSPACE_CONFIG=:16:8. For more information, go to https://docs.nvidia.com/cuda/cublas/index.html#results-reproducibility (Triggered internally at /pytorch/aten/src/ATen/Context.cpp:233.)
  return Variable._execution_engine.run_backward(  # Calls into the C++ engine to run the backward pass
[Iter48 CURVATURE_ONLY] global_step=352/40000 local_updates=88 loss=0.00064302 recon=0.00013041 behavior=0.00000000 behavior_weight=0.000000 c=[0.05, 0.05, 0.05]
[Iter48 CURVATURE_ONLY] global_step=700/40000 local_updates=175 loss=0.00026924 recon=0.00012285 behavior=0.00000000 behavior_weight=0.000000 c=[0.05, 0.05, 0.05]
[Iter48 CURVATURE_ONLY] global_step=1068/40000 local_updates=267 loss=0.00021905 recon=0.00012751 behavior=0.00000000 behavior_weight=0.000000 c=[0.05, 0.05, 0.05]
[Iter48 CURVATURE_ONLY] global_step=1424/40000 local_updates=356 loss=0.00019716 recon=0.00011971 behavior=0.00000000 behavior_weight=0.000000 c=[0.05, 0.05, 0.05]
[Iter48 CURVATURE_ONLY] global_step=1792/40000 local_updates=448 loss=0.00017577 recon=0.00011913 behavior=0.00000000 behavior_weight=0.000000 c=[0.05, 0.05, 0.05]
[Iter48 CURVATURE_ONLY] global_step=2168/40000 local_updates=542 loss=0.00017879 recon=0.00013469 behavior=0.00000000 behavior_weight=0.000000 c=[0.05, 0.05, 0.05]
[Iter48 CURVATURE_ONLY] global_step=2544/40000 local_updates=636 loss=0.00016970 recon=0.00012072 behavior=0.00000000 behavior_weight=0.000000 c=[0.05, 0.05, 0.05]
[Iter48 CURVATURE_ONLY] global_step=2916/40000 local_updates=729 loss=0.00017506 recon=0.00012771 behavior=0.00000000 behavior_weight=0.000000 c=[0.05, 0.05, 0.05]
[Iter48 CURVATURE_ONLY] global_step=3300/40000 local_updates=825 loss=0.00017585 recon=0.00012698 behavior=0.00000000 behavior_weight=0.000000 c=[0.05, 0.05, 0.05]
[Iter48 CURVATURE_ONLY] global_step=3672/40000 local_updates=918 loss=0.00020739 recon=0.00013082 behavior=0.00000000 behavior_weight=0.000000 c=[0.05, 0.05, 0.05]
[Iter48 CURVATURE_ONLY] global_step=4056/40000 local_updates=1014 loss=0.00042726 recon=0.00012995 behavior=0.00000000 behavior_weight=0.000000 c=[0.05, 0.05, 0.05]
[Iter48 CURVATURE_ONLY] global_step=4432/40000 local_updates=1108 loss=0.00027600 recon=0.00012666 behavior=0.00000000 behavior_weight=0.000000 c=[0.05, 0.05, 0.05]
[Iter48 CURVATURE_ONLY] global_step=4816/40000 local_updates=1204 loss=0.00017180 recon=0.00012356 behavior=0.00000000 behavior_weight=0.000000 c=[0.05, 0.05, 0.05]
[Iter48 CURVATURE_ONLY] global_step=5192/40000 local_updates=1298 loss=0.00015974 recon=0.00011314 behavior=0.00000000 behavior_weight=0.000000 c=[0.05, 0.05, 0.05]
[Iter48 CURVATURE_ONLY] global_step=5568/40000 local_updates=1392 loss=0.00018677 recon=0.00011878 behavior=0.00000000 behavior_weight=0.000000 c=[0.05, 0.05, 0.05]
[Iter48 CURVATURE_ONLY] global_step=5952/40000 local_updates=1488 loss=0.00015686 recon=0.00011023 behavior=0.00000000 behavior_weight=0.000000 c=[0.05, 0.05, 0.05]
[Iter48 CURVATURE_ONLY] global_step=6324/40000 local_updates=1581 loss=0.00106383 recon=0.00015930 behavior=0.00000000 behavior_weight=0.000000 c=[0.05, 0.05, 0.05]
[Iter48 CURVATURE_ONLY] global_step=6700/40000 local_updates=1675 loss=0.00021776 recon=0.00012738 behavior=0.00000000 behavior_weight=0.000000 c=[0.05, 0.05, 0.05]
[Iter48 CURVATURE_ONLY] global_step=7084/40000 local_updates=1771 loss=0.00028867 recon=0.00012256 behavior=0.00000000 behavior_weight=0.000000 c=[0.05, 0.05, 0.05]
[Iter48 CURVATURE_ONLY] global_step=7468/40000 local_updates=1867 loss=0.00070530 recon=0.00012563 behavior=0.00000000 behavior_weight=0.000000 c=[0.05, 0.05, 0.05]
[Iter48 CURVATURE_ONLY] global_step=7844/40000 local_updates=1961 loss=0.00037011 recon=0.00012356 behavior=0.00000000 behavior_weight=0.000000 c=[0.05, 0.05, 0.05]
[Iter48 CURVATURE_ONLY] global_step=8228/40000 local_updates=2057 loss=0.00027997 recon=0.00012702 behavior=0.00000000 behavior_weight=0.000000 c=[0.05, 0.05, 0.05]
[Iter48 CURVATURE_ONLY] global_step=8612/40000 local_updates=2153 loss=0.00031734 recon=0.00012495 behavior=0.00000000 behavior_weight=0.000000 c=[0.05, 0.05, 0.05]
[Iter48 CURVATURE_ONLY] global_step=8988/40000 local_updates=2247 loss=0.00030753 recon=0.00010968 behavior=0.00000000 behavior_weight=0.000000 c=[0.05, 0.05, 0.05]
[Iter48 CURVATURE_ONLY] global_step=9364/40000 local_updates=2341 loss=0.00029048 recon=0.00011901 behavior=0.00000000 behavior_weight=0.000000 c=[0.05, 0.05, 0.05]
[Iter48 CURVATURE_ONLY] global_step=9748/40000 local_updates=2437 loss=0.00043128 recon=0.00012101 behavior=0.00000000 behavior_weight=0.000000 c=[0.05, 0.05, 0.05]
[Iter48 CURVATURE_ONLY] global_step=10000/40000 loss=0.00058284 recon=0.00012621 behavior=0.00000000 behavior_weight=0.000000 curvature_alpha=0.000000 c=[0.05, 0.05, 0.05] epsilon=[0.003, 0.003, 0.003] curvature_reg=0.00000000 raw_unique=15628/24587 collision=0.364380 codebook_used=[256, 256, 256]
[Iter48 CURVATURE_ONLY] global_step=10376/40000 local_updates=2594 loss=0.00042468 recon=0.00011738 behavior=0.00000000 behavior_weight=0.000000 c=[0.05, 0.05, 0.05]
[Iter48 CURVATURE_ONLY] global_step=10760/40000 local_updates=2690 loss=0.00028144 recon=0.00011108 behavior=0.00000000 behavior_weight=0.000000 c=[0.05, 0.05, 0.05]
[Iter48 CURVATURE_ONLY] global_step=11136/40000 local_updates=2784 loss=0.00027865 recon=0.00010968 behavior=0.00000000 behavior_weight=0.000000 c=[0.05, 0.05, 0.05]
[Iter48 CURVATURE_ONLY] global_step=11512/40000 local_updates=2878 loss=0.00047314 recon=0.00012896 behavior=0.00000000 behavior_weight=0.000000 c=[0.05, 0.05, 0.05]
[Iter48 CURVATURE_ONLY] global_step=11896/40000 local_updates=2974 loss=0.00044193 recon=0.00012790 behavior=0.00000000 behavior_weight=0.000000 c=[0.05, 0.05, 0.05]
[Iter48 CURVATURE_ONLY] global_step=12272/40000 local_updates=3068 loss=0.00035892 recon=0.00011664 behavior=0.00000000 behavior_weight=0.000000 c=[0.05, 0.05, 0.05]
[Iter48 CURVATURE_ONLY] global_step=12656/40000 local_updates=3164 loss=0.00042903 recon=0.00012263 behavior=0.00000000 behavior_weight=0.000000 c=[0.05, 0.05, 0.05]
[Iter48 CURVATURE_ONLY] global_step=13032/40000 local_updates=3258 loss=0.00030344 recon=0.00011503 behavior=0.00000000 behavior_weight=0.000000 c=[0.05, 0.05, 0.05]
[Iter48 CURVATURE_ONLY] global_step=13408/40000 local_updates=3352 loss=0.00085872 recon=0.00013167 behavior=0.00000000 behavior_weight=0.000000 c=[0.05, 0.05, 0.05]
[Iter48 CURVATURE_ONLY] global_step=13792/40000 local_updates=3448 loss=0.00039132 recon=0.00011934 behavior=0.00000000 behavior_weight=0.000000 c=[0.05, 0.05, 0.05]
[Iter48 CURVATURE_ONLY] global_step=14168/40000 local_updates=3542 loss=0.00036008 recon=0.00010636 behavior=0.00000000 behavior_weight=0.000000 c=[0.05, 0.05, 0.05]
[Iter48 CURVATURE_ONLY] global_step=14544/40000 local_updates=3636 loss=0.00036606 recon=0.00012240 behavior=0.00000000 behavior_weight=0.000000 c=[0.05, 0.05, 0.05]
[Iter48 CURVATURE_ONLY] global_step=14928/40000 local_updates=3732 loss=0.00037579 recon=0.00011239 behavior=0.00000000 behavior_weight=0.000000 c=[0.05, 0.05, 0.05]
[Iter48 CURVATURE_ONLY] global_step=15312/40000 local_updates=3828 loss=0.00042080 recon=0.00011165 behavior=0.00000000 behavior_weight=0.000000 c=[0.05, 0.05, 0.05]
[Iter48 CURVATURE_ONLY] global_step=15688/40000 local_updates=3922 loss=0.00046293 recon=0.00010923 behavior=0.00000000 behavior_weight=0.000000 c=[0.05, 0.05, 0.05]
[Iter48 CURVATURE_ONLY] global_step=16072/40000 local_updates=4018 loss=0.00048130 recon=0.00012743 behavior=0.00000000 behavior_weight=0.000000 c=[0.05, 0.05, 0.05]
[Iter48 CURVATURE_ONLY] global_step=16448/40000 local_updates=4112 loss=0.00040932 recon=0.00011375 behavior=0.00000000 behavior_weight=0.000000 c=[0.05, 0.05, 0.05]
[Iter48 CURVATURE_ONLY] global_step=16832/40000 local_updates=4208 loss=0.00030245 recon=0.00011186 behavior=0.00000000 behavior_weight=0.000000 c=[0.05, 0.05, 0.05]
[Iter48 CURVATURE_ONLY] global_step=17208/40000 local_updates=4302 loss=0.00028617 recon=0.00010928 behavior=0.00000000 behavior_weight=0.000000 c=[0.05, 0.05, 0.05]
[Iter48 CURVATURE_ONLY] global_step=17592/40000 local_updates=4398 loss=0.00038125 recon=0.00011261 behavior=0.00000000 behavior_weight=0.000000 c=[0.05, 0.05, 0.05]
[Iter48 CURVATURE_ONLY] global_step=17968/40000 local_updates=4492 loss=0.00075014 recon=0.00012219 behavior=0.00000000 behavior_weight=0.000000 c=[0.05, 0.05, 0.05]
[Iter48 CURVATURE_ONLY] global_step=18352/40000 local_updates=4588 loss=0.00032352 recon=0.00011951 behavior=0.00000000 behavior_weight=0.000000 c=[0.05, 0.05, 0.05]
[Iter48 CURVATURE_ONLY] global_step=18728/40000 local_updates=4682 loss=0.00032462 recon=0.00010663 behavior=0.00000000 behavior_weight=0.000000 c=[0.05, 0.05, 0.05]
[Iter48 CURVATURE_ONLY] global_step=19112/40000 local_updates=4778 loss=0.00029991 recon=0.00010430 behavior=0.00000000 behavior_weight=0.000000 c=[0.05, 0.05, 0.05]
[Iter48 CURVATURE_ONLY] global_step=19484/40000 local_updates=4871 loss=0.00044762 recon=0.00009903 behavior=0.00000000 behavior_weight=0.000000 c=[0.05, 0.05, 0.05]
[Iter48 CURVATURE_ONLY] global_step=19860/40000 local_updates=4965 loss=0.00056642 recon=0.00011852 behavior=0.00000000 behavior_weight=0.000000 c=[0.05, 0.05, 0.05]
[Iter48 CURVATURE_ONLY] global_step=20000/40000 loss=0.00041590 recon=0.00011522 behavior=0.00000000 behavior_weight=0.000000 curvature_alpha=0.000000 c=[0.05, 0.05, 0.05] epsilon=[0.003, 0.003, 0.003] curvature_reg=0.00000000 raw_unique=11665/24587 collision=0.525562 codebook_used=[256, 255, 255]
[Iter48 CURVATURE_ONLY] global_step=20376/40000 local_updates=5094 loss=0.00050342 recon=0.00011465 behavior=0.00000000 behavior_weight=0.000000 c=[0.05166, 0.061744, 0.063275]
[Iter48 CURVATURE_ONLY] global_step=20756/40000 local_updates=5189 loss=0.00044310 recon=0.00011743 behavior=0.00000000 behavior_weight=0.000000 c=[0.053423, 0.07403, 0.077159]
[Iter48 CURVATURE_ONLY] global_step=21132/40000 local_updates=5283 loss=0.00035095 recon=0.00009623 behavior=0.00000000 behavior_weight=0.000000 c=[0.055253, 0.086604, 0.091363]
[Iter48 CURVATURE_ONLY] global_step=21508/40000 local_updates=5377 loss=0.00019154 recon=0.00009416 behavior=0.00000000 behavior_weight=0.000000 c=[0.05717, 0.099595, 0.106037]
[Iter48 CURVATURE_ONLY] global_step=21892/40000 local_updates=5473 loss=0.00026221 recon=0.00009881 behavior=0.00000000 behavior_weight=0.000000 c=[0.059215, 0.113299, 0.121511]
[Iter48 CURVATURE_ONLY] global_step=22268/40000 local_updates=5567 loss=0.00037922 recon=0.00012052 behavior=0.00000000 behavior_weight=0.000000 c=[0.061306, 0.127147, 0.137146]
[Iter48 CURVATURE_ONLY] global_step=22644/40000 local_updates=5661 loss=0.00036162 recon=0.00010837 behavior=0.00000000 behavior_weight=0.000000 c=[0.063486, 0.141423, 0.15326]
[Iter48 CURVATURE_ONLY] global_step=23028/40000 local_updates=5757 loss=0.00022384 recon=0.00010414 behavior=0.00000000 behavior_weight=0.000000 c=[0.065804, 0.15645, 0.170218]
[Iter48 CURVATURE_ONLY] global_step=23412/40000 local_updates=5853 loss=0.00023560 recon=0.00010328 behavior=0.00000000 behavior_weight=0.000000 c=[0.068214, 0.171946, 0.187682]
[Iter48 CURVATURE_ONLY] global_step=23788/40000 local_updates=5947 loss=0.00019657 recon=0.00009536 behavior=0.00000000 behavior_weight=0.000000 c=[0.070666, 0.187531, 0.205278]
[Iter48 CURVATURE_ONLY] global_step=24172/40000 local_updates=6043 loss=0.00021278 recon=0.00009802 behavior=0.00000000 behavior_weight=0.000000 c=[0.073261, 0.203919, 0.223754]
[Iter48 CURVATURE_ONLY] global_step=24548/40000 local_updates=6137 loss=0.00027231 recon=0.00010862 behavior=0.00000000 behavior_weight=0.000000 c=[0.075895, 0.220429, 0.242344]
[Iter48 CURVATURE_ONLY] global_step=24932/40000 local_updates=6233 loss=0.00016195 recon=0.00010140 behavior=0.00000000 behavior_weight=0.000000 c=[0.078671, 0.237692, 0.261838]
[Iter48 CURVATURE_ONLY] global_step=25308/40000 local_updates=6327 loss=0.00015218 recon=0.00009385 behavior=0.00000000 behavior_weight=0.000000 c=[0.08149, 0.255058, 0.281426]
[Iter48 CURVATURE_ONLY] global_step=25692/40000 local_updates=6423 loss=0.00026973 recon=0.00011175 behavior=0.00000000 behavior_weight=0.000000 c=[0.084452, 0.273312, 0.301942]
[Iter48 CURVATURE_ONLY] global_step=26068/40000 local_updates=6517 loss=0.00063097 recon=0.00011147 behavior=0.00000000 behavior_weight=0.000000 c=[0.087455, 0.291548, 0.322529]
[Iter48 CURVATURE_ONLY] global_step=26452/40000 local_updates=6613 loss=0.00034306 recon=0.00010316 behavior=0.00000000 behavior_weight=0.000000 c=[0.090604, 0.310666, 0.344064]
[Iter48 CURVATURE_ONLY] global_step=26828/40000 local_updates=6707 loss=0.00054053 recon=0.00011165 behavior=0.00000000 behavior_weight=0.000000 c=[0.093785, 0.329833, 0.365647]
[Iter48 CURVATURE_ONLY] global_step=27212/40000 local_updates=6803 loss=0.00043512 recon=0.00011144 behavior=0.00000000 behavior_weight=0.000000 c=[0.097123, 0.349839, 0.388196]
[Iter48 CURVATURE_ONLY] global_step=27588/40000 local_updates=6897 loss=0.00026999 recon=0.00011002 behavior=0.00000000 behavior_weight=0.000000 c=[0.100484, 0.369832, 0.410768]
[Iter48 CURVATURE_ONLY] global_step=27972/40000 local_updates=6993 loss=0.00031251 recon=0.00009953 behavior=0.00000000 behavior_weight=0.000000 c=[0.104017, 0.390782, 0.43432]
[Iter48 CURVATURE_ONLY] global_step=28352/40000 local_updates=7088 loss=0.00023541 recon=0.00010257 behavior=0.00000000 behavior_weight=0.000000 c=[0.107585, 0.411923, 0.458122]
[Iter48 CURVATURE_ONLY] global_step=28720/40000 local_updates=7180 loss=0.00027436 recon=0.00010647 behavior=0.00000000 behavior_weight=0.000000 c=[0.111139, 0.432786, 0.481636]
[Iter48 CURVATURE_ONLY] global_step=29088/40000 local_updates=7272 loss=0.00024079 recon=0.00009926 behavior=0.00000000 behavior_weight=0.000000 c=[0.114768, 0.454108, 0.505603]
[Iter48 CURVATURE_ONLY] global_step=29460/40000 local_updates=7365 loss=0.00025698 recon=0.00009217 behavior=0.00000000 behavior_weight=0.000000 c=[0.118518, 0.476006, 0.530287]
[Iter48 CURVATURE_ONLY] global_step=29836/40000 local_updates=7459 loss=0.00038574 recon=0.00010133 behavior=0.00000000 behavior_weight=0.000000 c=[0.122395, 0.498582, 0.555695]
[Iter48 CURVATURE_ONLY] global_step=30000/40000 loss=0.00033238 recon=0.00010382 behavior=0.00000000 behavior_weight=0.000000 curvature_alpha=0.500000 c=[0.124113, 0.508524, 0.56692] epsilon=[0.003, 0.003, 0.003] curvature_reg=0.00000001 raw_unique=11434/24587 collision=0.534957 codebook_used=[256, 254, 253]
[Iter48 CURVATURE_ONLY] global_step=30376/40000 local_updates=7594 loss=0.00031218 recon=0.00009367 behavior=0.00000000 behavior_weight=0.000000 c=[0.128121, 0.531667, 0.59298]
[Iter48 CURVATURE_ONLY] global_step=30752/40000 local_updates=7688 loss=0.00023527 recon=0.00009870 behavior=0.00000000 behavior_weight=0.000000 c=[0.132199, 0.55526, 0.619485]
[Iter48 CURVATURE_ONLY] global_step=31136/40000 local_updates=7784 loss=0.00015678 recon=0.00009063 behavior=0.00000000 behavior_weight=0.000000 c=[0.136457, 0.579715, 0.647006]
[Iter48 CURVATURE_ONLY] global_step=31512/40000 local_updates=7878 loss=0.00031499 recon=0.00009691 behavior=0.00000000 behavior_weight=0.000000 c=[0.140696, 0.604023, 0.674388]
[Iter48 CURVATURE_ONLY] global_step=31896/40000 local_updates=7974 loss=0.00069650 recon=0.00009909 behavior=0.00000000 behavior_weight=0.000000 c=[0.145092, 0.629285, 0.702786]
[Iter48 CURVATURE_ONLY] global_step=32276/40000 local_updates=8069 loss=0.00020260 recon=0.00009897 behavior=0.00000000 behavior_weight=0.000000 c=[0.149537, 0.654618, 0.731308]
[Iter48 CURVATURE_ONLY] global_step=32660/40000 local_updates=8165 loss=0.00022606 recon=0.00008535 behavior=0.00000000 behavior_weight=0.000000 c=[0.1541, 0.680609, 0.760546]
[Iter48 CURVATURE_ONLY] global_step=33040/40000 local_updates=8260 loss=0.00020623 recon=0.00011248 behavior=0.00000000 behavior_weight=0.000000 c=[0.158691, 0.706703, 0.789879]
[Iter48 CURVATURE_ONLY] global_step=33416/40000 local_updates=8354 loss=0.00020604 recon=0.00008803 behavior=0.00000000 behavior_weight=0.000000 c=[0.163284, 0.732806, 0.819282]
[Iter48 CURVATURE_ONLY] global_step=33800/40000 local_updates=8450 loss=0.00015962 recon=0.00008971 behavior=0.00000000 behavior_weight=0.000000 c=[0.168084, 0.759844, 0.849687]
[Iter48 CURVATURE_ONLY] global_step=34176/40000 local_updates=8544 loss=0.00028839 recon=0.00009722 behavior=0.00000000 behavior_weight=0.000000 c=[0.172856, 0.786719, 0.879814]
[Iter48 CURVATURE_ONLY] global_step=34552/40000 local_updates=8638 loss=0.00037281 recon=0.00009833 behavior=0.00000000 behavior_weight=0.000000 c=[0.177622, 0.813724, 0.91028]
[Iter48 CURVATURE_ONLY] global_step=34936/40000 local_updates=8734 loss=0.00058670 recon=0.00010806 behavior=0.00000000 behavior_weight=0.000000 c=[0.182617, 0.841799, 0.941729]
[Iter48 CURVATURE_ONLY] global_step=35312/40000 local_updates=8828 loss=0.00038234 recon=0.00011270 behavior=0.00000000 behavior_weight=0.000000 c=[0.187526, 0.869319, 0.972836]
[Iter48 CURVATURE_ONLY] global_step=35696/40000 local_updates=8924 loss=0.00028076 recon=0.00009771 behavior=0.00000000 behavior_weight=0.000000 c=[0.192587, 0.897921, 1.00491]
[Iter48 CURVATURE_ONLY] global_step=36072/40000 local_updates=9018 loss=0.00014241 recon=0.00008828 behavior=0.00000000 behavior_weight=0.000000 c=[0.197633, 0.926004, 1.036597]
[Iter48 CURVATURE_ONLY] global_step=36456/40000 local_updates=9114 loss=0.00022076 recon=0.00009622 behavior=0.00000000 behavior_weight=0.000000 c=[0.202818, 0.955132, 1.069229]
[Iter48 CURVATURE_ONLY] global_step=36836/40000 local_updates=9209 loss=0.00015136 recon=0.00008566 behavior=0.00000000 behavior_weight=0.000000 c=[0.207985, 0.983966, 1.101773]
[Iter48 CURVATURE_ONLY] global_step=37220/40000 local_updates=9305 loss=0.00021687 recon=0.00009294 behavior=0.00000000 behavior_weight=0.000000 c=[0.213253, 1.013395, 1.134896]
[Iter48 CURVATURE_ONLY] global_step=37604/40000 local_updates=9401 loss=0.00030588 recon=0.00010227 behavior=0.00000000 behavior_weight=0.000000 c=[0.218574, 1.043127, 1.168239]
[Iter48 CURVATURE_ONLY] global_step=37980/40000 local_updates=9495 loss=0.00025957 recon=0.00009955 behavior=0.00000000 behavior_weight=0.000000 c=[0.223802, 1.072349, 1.201079]
[Iter48 CURVATURE_ONLY] global_step=38360/40000 local_updates=9590 loss=0.00025993 recon=0.00009148 behavior=0.00000000 behavior_weight=0.000000 c=[0.229155, 1.101856, 1.234444]
[Iter48 CURVATURE_ONLY] global_step=38744/40000 local_updates=9686 loss=0.00040994 recon=0.00010763 behavior=0.00000000 behavior_weight=0.000000 c=[0.234549, 1.131985, 1.268319]
[Iter48 CURVATURE_ONLY] global_step=39128/40000 local_updates=9782 loss=0.00085923 recon=0.00012845 behavior=0.00000000 behavior_weight=0.000000 c=[0.239987, 1.162271, 1.302332]
[Iter48 CURVATURE_ONLY] global_step=39504/40000 local_updates=9876 loss=0.00024058 recon=0.00009074 behavior=0.00000000 behavior_weight=0.000000 c=[0.245336, 1.191999, 1.33575]
[Iter48 CURVATURE_ONLY] global_step=39880/40000 local_updates=9970 loss=0.00026070 recon=0.00010765 behavior=0.00000000 behavior_weight=0.000000 c=[0.250706, 1.221834, 1.36926]
[Iter48 CURVATURE_ONLY] global_step=40000/40000 loss=0.00031812 recon=0.00009800 behavior=0.00000000 behavior_weight=0.000000 curvature_alpha=1.000000 c=[0.252437, 1.231443, 1.37997] epsilon=[0.003, 0.003, 0.003] curvature_reg=0.00000000 raw_unique=17955/24587 collision=0.269736 codebook_used=[256, 255, 251]
