W0926 13:08:15.974000 1879391 /fs04/scratch2/ar57/wenyu/genrec_env_v2/lib/python3.9/site-packages/torch/distributed/run.py:774] 
W0926 13:08:15.974000 1879391 /fs04/scratch2/ar57/wenyu/genrec_env_v2/lib/python3.9/site-packages/torch/distributed/run.py:774] *****************************************
W0926 13:08:15.974000 1879391 /fs04/scratch2/ar57/wenyu/genrec_env_v2/lib/python3.9/site-packages/torch/distributed/run.py:774] Setting OMP_NUM_THREADS environment variable for each process to be 1 in default, to avoid your system being overloaded, please further tune the variable for optimal performance in your application as needed. 
W0926 13:08:15.974000 1879391 /fs04/scratch2/ar57/wenyu/genrec_env_v2/lib/python3.9/site-packages/torch/distributed/run.py:774] *****************************************
[Step3] DDP rank=0/4 local_rank=0
[Step0] cleaned 0 stale artifact(s) from /home/wlia0047/ar57/wenyu/GeneRec/results/stage2_RQ-VAE/curvature_RQ-VAE_iter24/out/rqvae/instruments
=== RQ-VAE Step1-Step12 训练循环 (world_size=4) ===
[Step1] emb: /home/wlia0047/ar57/wenyu/GeneRec/stage1_GeneEmbedding/output/sentence_t5.npy
[Step1] out: /home/wlia0047/ar57/wenyu/GeneRec/results/stage2_RQ-VAE/curvature_RQ-VAE_iter24/out/rqvae/instruments
[Step1] per-GPU batch=640 | total=2560 | workers=4 | compile=False
[Step1] hidden=[512, 256, 128] embed=32 codebook=256 layers=3
[Step1] target: MAX_GLOBAL_STEPS=100000 | ckpt every 10000
[Step2] loaded /home/wlia0047/ar57/wenyu/GeneRec/stage1_GeneEmbedding/output/sentence_t5.npy: shape=(24587, 768), train transitions=339519, active sources=24474/24587
[Step4] WARN: 未找到 /home/wlia0047/ar57/wenyu/GeneRec/results/stage2_RQ-VAE/curvature_RQ-VAE_iter24/out/decoder/instruments_hgrec_configs/hgrec_iter24_balanced_behavior/layer_norms.json, 使用 iter1 已记录的残差尺度 [0.001, 0.932889, 1.0]
[Step4] WARN: 未找到 /home/wlia0047/ar57/wenyu/GeneRec/results/stage2_RQ-VAE/curvature_RQ-VAE_iter24/out/decoder/instruments_hgrec_configs/hgrec_iter24_balanced_behavior/layer_norms.json, 使用 iter1 已记录的残差尺度 [0.001, 0.932889, 1.0]
[Step2] 24587 items | 9 batches/rank | 36 batches/epoch
[Step4] WARN: 未找到 /home/wlia0047/ar57/wenyu/GeneRec/results/stage2_RQ-VAE/curvature_RQ-VAE_iter24/out/decoder/instruments_hgrec_configs/hgrec_iter24_balanced_behavior/layer_norms.json, 使用 iter1 已记录的残差尺度 [0.001, 0.932889, 1.0]
[Step3.5] residual_layer_norms (per-layer u_l) = [0.0010/0.9329/1.0000] | mechanism=iter24_balanced_behavior
[Step4] WARN: 未找到 /home/wlia0047/ar57/wenyu/GeneRec/results/stage2_RQ-VAE/curvature_RQ-VAE_iter24/out/decoder/instruments_hgrec_configs/hgrec_iter24_balanced_behavior/layer_norms.json, 使用 iter1 已记录的残差尺度 [0.001, 0.932889, 1.0]
[Step4] iter11 warm-start loaded 11 tensors from /home/wlia0047/ar57/wenyu/GeneRec/results/stage2_RQ-VAE/curvature_RQ-VAE_iter8/out/rqvae/instruments/rqvae_best.pth; c_layer_scale re-initialized in (0.001, 0.933, 1.0) for new range
[Step4] params=1146883 | DDP wrapped
[Step5] standard AdamW: lr=0.001 betas=(0.9, 0.999) groups=4
[train] start, target=100000 global steps (Step1-Step12 loop)
[Step6] first transition batch ok x=(640, 768) x_fut=(640, 768) device=cuda:0
[Step7] first forward ok sem_ids.shape=(1280, 3)
[Step8] first loss ok loss=2.6208 rl=1.2370 vl=0.1135 behavior=6.3517 curvature_reg=0.000000
[Step9] first backward ok params_with_grad=14
[Step10] first optimizer.step ok
[Step11] first curvature sync step=4 c=[0.050/0.244/0.273]
  step    324/100000 | loss=3.3359 | rl=1.3365 | vl=0.6186 | behavior=6.9034 | curv_reg=0.004294 | codes=256/256/255/256 | c=0.051/0.218/0.241 | sinkhorn_eps=0.04913/0.01145/0.01038 | ips_g=64.3 ips/rk=16.1 | elapsed=5.0s | eta=1549.9s
  step    728/100000 | loss=3.1493 | rl=1.2891 | vl=0.5096 | behavior=6.7525 | curv_reg=0.021046 | codes=252/256/247/256 | c=0.052/0.193/0.205 | sinkhorn_eps=0.04808/0.01296/0.01221 | ips_g=72.4 ips/rk=18.1 | elapsed=10.0s | eta=1370.4s
  step   1136/100000 | loss=3.1894 | rl=1.2928 | vl=0.5338 | behavior=6.8131 | curv_reg=0.046096 | codes=254/256/252/256 | c=0.053/0.174/0.178 | sinkhorn_eps=0.04705/0.01440/0.01403 | ips_g=75.3 ips/rk=18.8 | elapsed=15.1s | eta=1312.8s
  step   1536/100000 | loss=3.2005 | rl=1.2905 | vl=0.5426 | behavior=6.8353 | curv_reg=0.078067 | codes=252/253/254/256 | c=0.054/0.157/0.157 | sinkhorn_eps=0.04605/0.01592/0.01590 | ips_g=76.4 ips/rk=19.1 | elapsed=20.1s | eta=1288.7s
  step   1928/100000 | loss=3.2063 | rl=1.2942 | vl=0.5547 | behavior=6.7837 | curv_reg=0.115020 | codes=251/255/250/256 | c=0.055/0.144/0.140 | sinkhorn_eps=0.04510/0.01738/0.01789 | ips_g=76.7 ips/rk=19.2 | elapsed=25.1s | eta=1278.0s
  step   2332/100000 | loss=3.2912 | rl=1.2897 | vl=0.6180 | behavior=6.9134 | curv_reg=0.161267 | codes=251/255/250/256 | c=0.057/0.132/0.123 | sinkhorn_eps=0.04414/0.01896/0.02031 | ips_g=77.3 ips/rk=19.3 | elapsed=30.2s | eta=1263.3s
  step   2728/100000 | loss=3.2407 | rl=1.2963 | vl=0.5686 | behavior=6.8739 | curv_reg=0.212816 | codes=253/252/243/256 | c=0.058/0.121/0.109 | sinkhorn_eps=0.04322/0.02063/0.02289 | ips_g=77.5 ips/rk=19.4 | elapsed=35.2s | eta=1255.3s
  step   3132/100000 | loss=3.1990 | rl=1.2812 | vl=0.5421 | behavior=6.8717 | curv_reg=0.268131 | codes=252/251/239/256 | c=0.059/0.112/0.098 | sinkhorn_eps=0.04230/0.02237/0.02555 | ips_g=77.8 ips/rk=19.5 | elapsed=40.2s | eta=1244.4s
  step   3536/100000 | loss=3.3899 | rl=1.3103 | vl=0.6775 | behavior=7.0026 | curv_reg=0.331568 | codes=251/253/238/256 | c=0.060/0.103/0.087 | sinkhorn_eps=0.04140/0.02432/0.02861 | ips_g=78.2 ips/rk=19.5 | elapsed=45.2s | eta=1234.1s
  step   3944/100000 | loss=3.3261 | rl=1.3238 | vl=0.6206 | behavior=6.8981 | curv_reg=0.406729 | codes=255/249/241/256 | c=0.062/0.094/0.077 | sinkhorn_eps=0.04052/0.02660/0.03234 | ips_g=78.5 ips/rk=19.6 | elapsed=50.3s | eta=1223.9s
  step   4344/100000 | loss=3.3913 | rl=1.3370 | vl=0.6575 | behavior=6.9718 | curv_reg=0.475484 | codes=254/247/234/256 | c=0.063/0.088/0.070 | sinkhorn_eps=0.03967/0.02857/0.03575 | ips_g=78.6 ips/rk=19.6 | elapsed=55.3s | eta=1217.5s
  step   4740/100000 | loss=3.4186 | rl=1.3255 | vl=0.7083 | behavior=6.9106 | curv_reg=0.536470 | codes=254/244/234/256 | c=0.064/0.083/0.065 | sinkhorn_eps=0.03884/0.03020/0.03870 | ips_g=78.6 ips/rk=19.6 | elapsed=60.3s | eta=1212.5s
  step   5148/100000 | loss=3.3944 | rl=1.3333 | vl=0.6709 | behavior=6.9370 | curv_reg=0.567356 | codes=252/243/238/256 | c=0.066/0.077/0.066 | sinkhorn_eps=0.03802/0.03239/0.03802 | ips_g=78.8 ips/rk=19.7 | elapsed=65.3s | eta=1203.8s
  step   5552/100000 | loss=3.5752 | rl=1.3197 | vl=0.8222 | behavior=7.1519 | curv_reg=0.599813 | codes=254/240/230/256 | c=0.067/0.072/0.067 | sinkhorn_eps=0.03722/0.03489/0.03722 | ips_g=78.9 ips/rk=19.7 | elapsed=70.3s | eta=1196.6s
  step   5960/100000 | loss=3.3538 | rl=1.3262 | vl=0.6375 | behavior=6.9348 | curv_reg=0.623299 | codes=255/239/233/256 | c=0.069/0.069/0.069 | sinkhorn_eps=0.03643/0.03643/0.03643 | ips_g=79.1 ips/rk=19.8 | elapsed=75.3s | eta=1188.8s
  step   6364/100000 | loss=3.3417 | rl=1.3111 | vl=0.6319 | behavior=6.9781 | curv_reg=0.623299 | codes=254/245/236/256 | c=0.070/0.070/0.070 | sinkhorn_eps=0.03566/0.03566/0.03566 | ips_g=79.2 ips/rk=19.8 | elapsed=80.3s | eta=1182.2s
  step   6756/100000 | loss=3.4369 | rl=1.3196 | vl=0.6956 | behavior=7.0932 | curv_reg=0.623299 | codes=256/248/249/256 | c=0.072/0.072/0.072 | sinkhorn_eps=0.03494/0.03494/0.03494 | ips_g=79.1 ips/rk=19.8 | elapsed=85.4s | eta=1178.1s
  step   7156/100000 | loss=3.3205 | rl=1.3028 | vl=0.6325 | behavior=6.9108 | curv_reg=0.623299 | codes=256/252/242/256 | c=0.073/0.073/0.073 | sinkhorn_eps=0.03422/0.03422/0.03422 | ips_g=79.2 ips/rk=19.8 | elapsed=90.4s | eta=1172.9s
  step   7564/100000 | loss=3.2559 | rl=1.2972 | vl=0.5862 | behavior=6.8467 | curv_reg=0.623299 | codes=253/252/236/256 | c=0.075/0.075/0.075 | sinkhorn_eps=0.03350/0.03350/0.03350 | ips_g=79.3 ips/rk=19.8 | elapsed=95.4s | eta=1166.4s
  step   7976/100000 | loss=3.5457 | rl=1.3349 | vl=0.7621 | behavior=7.2280 | curv_reg=0.623299 | codes=255/243/247/256 | c=0.076/0.076/0.076 | sinkhorn_eps=0.03279/0.03279/0.03279 | ips_g=79.4 ips/rk=19.9 | elapsed=100.5s | eta=1159.0s
  step   8384/100000 | loss=3.2894 | rl=1.3207 | vl=0.6020 | behavior=6.8181 | curv_reg=0.623299 | codes=255/250/240/256 | c=0.078/0.078/0.078 | sinkhorn_eps=0.03211/0.03211/0.03211 | ips_g=79.5 ips/rk=19.9 | elapsed=105.5s | eta=1152.4s
  step   8788/100000 | loss=3.2862 | rl=1.3056 | vl=0.6153 | behavior=6.8107 | curv_reg=0.623299 | codes=256/249/248/256 | c=0.080/0.080/0.080 | sinkhorn_eps=0.03145/0.03145/0.03145 | ips_g=79.5 ips/rk=19.9 | elapsed=110.5s | eta=1146.7s
  step   9196/100000 | loss=3.4449 | rl=1.3247 | vl=0.7155 | behavior=7.0083 | curv_reg=0.623299 | codes=256/249/240/256 | c=0.081/0.081/0.081 | sinkhorn_eps=0.03080/0.03080/0.03080 | ips_g=79.6 ips/rk=19.9 | elapsed=115.5s | eta=1140.8s
  step   9604/100000 | loss=3.2526 | rl=1.3054 | vl=0.5704 | behavior=6.8681 | curv_reg=0.623299 | codes=255/250/243/256 | c=0.083/0.083/0.083 | sinkhorn_eps=0.03016/0.03016/0.03016 | ips_g=79.7 ips/rk=19.9 | elapsed=120.6s | eta=1134.8s
[Step12] saved /home/wlia0047/ar57/wenyu/GeneRec/results/stage2_RQ-VAE/curvature_RQ-VAE_iter24/out/rqvae/instruments/rqvae_best.pth (step=10000)
  [SID save step=10000] wrote raw 3-token SIDs /home/wlia0047/ar57/wenyu/GeneRec/results/stage2_RQ-VAE/curvature_RQ-VAE_iter24/out/rqvae/instruments/sids_raw.npy: shape=(24587, 3)
  [SID metrics step=10000] hitrate@50=0.9965 full_gini=0.0662 per_layer=[0.1275/0.2737/0.3548] unique=22879/24587 l01_pairs=14417 H_l1_given_l0=5.5114
  step  10004/100000 | loss=3.2367 | rl=1.3105 | vl=0.5555 | behavior=6.8384 | curv_reg=0.623299 | codes=256/254/245/256 | c=0.085/0.085/0.085 | sinkhorn_eps=0.02955/0.02955/0.02955 | ips_g=72.8 ips/rk=18.2 | elapsed=137.4s | eta=1235.9s
  step  10416/100000 | loss=3.3066 | rl=1.3091 | vl=0.6058 | behavior=6.9431 | curv_reg=0.623299 | codes=256/251/238/256 | c=0.086/0.086/0.086 | sinkhorn_eps=0.02894/0.02894/0.02894 | ips_g=73.1 ips/rk=18.3 | elapsed=142.4s | eta=1224.9s
  step  10816/100000 | loss=3.3069 | rl=1.3162 | vl=0.6011 | behavior=6.9320 | curv_reg=0.623299 | codes=256/248/235/256 | c=0.088/0.088/0.088 | sinkhorn_eps=0.02836/0.02836/0.02836 | ips_g=73.3 ips/rk=18.3 | elapsed=147.5s | eta=1215.9s
  step  11192/100000 | loss=3.2682 | rl=1.3000 | vl=0.5912 | behavior=6.8692 | curv_reg=0.623299 | codes=255/247/245/256 | c=0.090/0.090/0.090 | sinkhorn_eps=0.02783/0.02783/0.02783 | ips_g=73.4 ips/rk=18.4 | elapsed=152.5s | eta=1209.8s
  step  11576/100000 | loss=3.2357 | rl=1.3091 | vl=0.5778 | behavior=6.7284 | curv_reg=0.623299 | codes=255/250/249/256 | c=0.092/0.092/0.092 | sinkhorn_eps=0.02730/0.02730/0.02730 | ips_g=73.5 ips/rk=18.4 | elapsed=157.5s | eta=1203.0s
  step  11960/100000 | loss=3.3676 | rl=1.3030 | vl=0.6501 | behavior=7.0568 | curv_reg=0.623299 | codes=256/247/238/256 | c=0.093/0.093/0.093 | sinkhorn_eps=0.02678/0.02678/0.02678 | ips_g=73.6 ips/rk=18.4 | elapsed=162.5s | eta=1196.2s
  step  12348/100000 | loss=3.2937 | rl=1.3219 | vl=0.5932 | behavior=6.8773 | curv_reg=0.623299 | codes=256/249/239/256 | c=0.095/0.095/0.095 | sinkhorn_eps=0.02627/0.02627/0.02627 | ips_g=73.7 ips/rk=18.4 | elapsed=167.5s | eta=1189.0s
  step  12724/100000 | loss=3.3579 | rl=1.3370 | vl=0.6401 | behavior=6.8887 | curv_reg=0.623299 | codes=256/251/244/256 | c=0.097/0.097/0.097 | sinkhorn_eps=0.02579/0.02579/0.02579 | ips_g=73.8 ips/rk=18.4 | elapsed=172.5s | eta=1183.3s
  step  13112/100000 | loss=3.3458 | rl=1.3235 | vl=0.6310 | behavior=6.9408 | curv_reg=0.623299 | codes=256/249/244/256 | c=0.099/0.099/0.099 | sinkhorn_eps=0.02530/0.02530/0.02530 | ips_g=73.9 ips/rk=18.5 | elapsed=177.5s | eta=1176.5s
  step  13504/100000 | loss=3.2136 | rl=1.2978 | vl=0.5524 | behavior=6.8012 | curv_reg=0.623299 | codes=255/252/248/256 | c=0.101/0.101/0.101 | sinkhorn_eps=0.02482/0.02482/0.02482 | ips_g=74.0 ips/rk=18.5 | elapsed=182.6s | eta=1169.6s
  step  13896/100000 | loss=3.1948 | rl=1.2993 | vl=0.5397 | behavior=6.7637 | curv_reg=0.623299 | codes=256/250/247/256 | c=0.103/0.103/0.103 | sinkhorn_eps=0.02436/0.02436/0.02436 | ips_g=74.1 ips/rk=18.5 | elapsed=187.6s | eta=1162.7s
  step  14280/100000 | loss=3.4032 | rl=1.3283 | vl=0.6725 | behavior=6.9963 | curv_reg=0.623299 | codes=256/253/243/256 | c=0.105/0.105/0.105 | sinkhorn_eps=0.02391/0.02391/0.02391 | ips_g=74.1 ips/rk=18.5 | elapsed=192.7s | eta=1156.5s
  step  14656/100000 | loss=3.3320 | rl=1.3196 | vl=0.6303 | behavior=6.8951 | curv_reg=0.623299 | codes=256/253/242/256 | c=0.106/0.106/0.106 | sinkhorn_eps=0.02348/0.02348/0.02348 | ips_g=74.1 ips/rk=18.5 | elapsed=197.7s | eta=1151.3s
  step  15016/100000 | loss=3.1986 | rl=1.2918 | vl=0.5290 | behavior=6.8736 | curv_reg=0.623299 | codes=256/255/246/256 | c=0.108/0.108/0.108 | sinkhorn_eps=0.02308/0.02308/0.02308 | ips_g=74.0 ips/rk=18.5 | elapsed=202.9s | eta=1148.2s
  step  15400/100000 | loss=3.1596 | rl=1.2848 | vl=0.5149 | behavior=6.7838 | curv_reg=0.623299 | codes=256/252/250/256 | c=0.110/0.110/0.110 | sinkhorn_eps=0.02266/0.02266/0.02266 | ips_g=74.1 ips/rk=18.5 | elapsed=207.9s | eta=1142.1s
  step  15780/100000 | loss=3.2330 | rl=1.3127 | vl=0.5575 | behavior=6.7984 | curv_reg=0.623299 | codes=256/249/239/256 | c=0.112/0.112/0.112 | sinkhorn_eps=0.02226/0.02226/0.02226 | ips_g=74.1 ips/rk=18.5 | elapsed=212.9s | eta=1136.3s
  step  16168/100000 | loss=3.2247 | rl=1.3060 | vl=0.5637 | behavior=6.7596 | curv_reg=0.623299 | codes=256/249/243/256 | c=0.114/0.114/0.114 | sinkhorn_eps=0.02186/0.02186/0.02186 | ips_g=74.2 ips/rk=18.5 | elapsed=218.0s | eta=1130.3s
  step  16556/100000 | loss=3.2240 | rl=1.3304 | vl=0.5352 | behavior=6.7765 | curv_reg=0.623299 | codes=256/252/243/256 | c=0.116/0.116/0.116 | sinkhorn_eps=0.02147/0.02147/0.02147 | ips_g=74.2 ips/rk=18.6 | elapsed=223.0s | eta=1124.1s
  step  16936/100000 | loss=3.3246 | rl=1.3410 | vl=0.6013 | behavior=6.8961 | curv_reg=0.623299 | codes=256/253/248/256 | c=0.119/0.119/0.119 | sinkhorn_eps=0.02110/0.02110/0.02110 | ips_g=74.3 ips/rk=18.6 | elapsed=228.0s | eta=1118.4s
  step  17320/100000 | loss=3.3282 | rl=1.3372 | vl=0.6028 | behavior=6.9255 | curv_reg=0.623299 | codes=256/254/247/256 | c=0.121/0.121/0.121 | sinkhorn_eps=0.02073/0.02073/0.02073 | ips_g=74.3 ips/rk=18.6 | elapsed=233.1s | eta=1112.6s
  step  17696/100000 | loss=3.3466 | rl=1.3272 | vl=0.6280 | behavior=6.9412 | curv_reg=0.623299 | codes=256/251/233/256 | c=0.123/0.123/0.123 | sinkhorn_eps=0.02038/0.02038/0.02038 | ips_g=74.3 ips/rk=18.6 | elapsed=238.1s | eta=1107.3s
  step  18076/100000 | loss=3.1821 | rl=1.3040 | vl=0.5257 | behavior=6.7459 | curv_reg=0.623299 | codes=256/255/242/256 | c=0.125/0.125/0.125 | sinkhorn_eps=0.02003/0.02003/0.02003 | ips_g=74.4 ips/rk=18.6 | elapsed=243.1s | eta=1101.7s
  step  18464/100000 | loss=3.1056 | rl=1.2951 | vl=0.4626 | behavior=6.7241 | curv_reg=0.623299 | codes=256/254/249/256 | c=0.127/0.127/0.127 | sinkhorn_eps=0.01968/0.01968/0.01968 | ips_g=74.4 ips/rk=18.6 | elapsed=248.1s | eta=1095.7s
  step  18848/100000 | loss=3.2619 | rl=1.3022 | vl=0.5805 | behavior=6.8805 | curv_reg=0.623299 | codes=256/252/251/256 | c=0.129/0.129/0.129 | sinkhorn_eps=0.01935/0.01935/0.01935 | ips_g=74.5 ips/rk=18.6 | elapsed=253.1s | eta=1089.9s
  step  19232/100000 | loss=3.3932 | rl=1.3242 | vl=0.6723 | behavior=6.9676 | curv_reg=0.623299 | codes=256/253/239/256 | c=0.131/0.131/0.131 | sinkhorn_eps=0.01902/0.01902/0.01902 | ips_g=74.5 ips/rk=18.6 | elapsed=258.2s | eta=1084.2s
  step  19624/100000 | loss=3.1851 | rl=1.2998 | vl=0.5357 | behavior=6.7325 | curv_reg=0.623299 | codes=256/254/243/256 | c=0.134/0.134/0.134 | sinkhorn_eps=0.01870/0.01870/0.01870 | ips_g=74.5 ips/rk=18.6 | elapsed=263.2s | eta=1078.2s
[Step12] saved /home/wlia0047/ar57/wenyu/GeneRec/results/stage2_RQ-VAE/curvature_RQ-VAE_iter24/out/rqvae/instruments/rqvae_best.pth (step=20000)
  [SID save step=20000] wrote raw 3-token SIDs /home/wlia0047/ar57/wenyu/GeneRec/results/stage2_RQ-VAE/curvature_RQ-VAE_iter24/out/rqvae/instruments/sids_raw.npy: shape=(24587, 3)
  [SID metrics step=20000] hitrate@50=0.9970 full_gini=0.0575 per_layer=[0.1070/0.1902/0.2856] unique=23113/24587 l01_pairs=14865 H_l1_given_l0=5.5649
  step  20004/100000 | loss=3.3940 | rl=1.3284 | vl=0.6663 | behavior=6.9806 | curv_reg=0.623299 | codes=256/254/243/256 | c=0.136/0.136/0.136 | sinkhorn_eps=0.01840/0.01840/0.01840 | ips_g=71.4 ips/rk=17.9 | elapsed=280.1s | eta=1120.0s
  step  20384/100000 | loss=3.3105 | rl=1.3497 | vl=0.5896 | behavior=6.8405 | curv_reg=0.623299 | codes=256/253/249/256 | c=0.138/0.138/0.138 | sinkhorn_eps=0.01810/0.01810/0.01810 | ips_g=71.5 ips/rk=17.9 | elapsed=285.1s | eta=1113.6s
  step  20776/100000 | loss=3.2320 | rl=1.3193 | vl=0.5437 | behavior=6.8291 | curv_reg=0.623299 | codes=256/252/250/256 | c=0.140/0.140/0.140 | sinkhorn_eps=0.01780/0.01780/0.01780 | ips_g=71.6 ips/rk=17.9 | elapsed=290.2s | eta=1106.5s
  step  21164/100000 | loss=3.2929 | rl=1.3346 | vl=0.6008 | behavior=6.7721 | curv_reg=0.623299 | codes=256/256/252/256 | c=0.143/0.143/0.143 | sinkhorn_eps=0.01751/0.01751/0.01751 | ips_g=71.7 ips/rk=17.9 | elapsed=295.2s | eta=1099.6s
  step  21552/100000 | loss=3.3023 | rl=1.3340 | vl=0.6016 | behavior=6.8180 | curv_reg=0.623299 | codes=256/251/246/256 | c=0.145/0.145/0.145 | sinkhorn_eps=0.01723/0.01723/0.01723 | ips_g=71.8 ips/rk=17.9 | elapsed=300.2s | eta=1092.8s
  step  21940/100000 | loss=3.3694 | rl=1.3723 | vl=0.6183 | behavior=6.8782 | curv_reg=0.623299 | codes=256/255/242/256 | c=0.147/0.147/0.147 | sinkhorn_eps=0.01695/0.01695/0.01695 | ips_g=71.9 ips/rk=18.0 | elapsed=305.3s | eta=1086.1s
  step  22328/100000 | loss=3.2129 | rl=1.3375 | vl=0.5326 | behavior=6.6982 | curv_reg=0.623299 | codes=256/255/248/256 | c=0.150/0.150/0.150 | sinkhorn_eps=0.01668/0.01668/0.01668 | ips_g=72.0 ips/rk=18.0 | elapsed=310.3s | eta=1079.4s
  step  22712/100000 | loss=3.2696 | rl=1.3396 | vl=0.5679 | behavior=6.7947 | curv_reg=0.623299 | codes=256/254/247/256 | c=0.152/0.152/0.152 | sinkhorn_eps=0.01643/0.01643/0.01643 | ips_g=72.0 ips/rk=18.0 | elapsed=315.3s | eta=1073.1s
  step  23084/100000 | loss=3.1499 | rl=1.3390 | vl=0.4749 | behavior=6.6643 | curv_reg=0.623299 | codes=256/254/248/256 | c=0.154/0.154/0.154 | sinkhorn_eps=0.01618/0.01618/0.01618 | ips_g=72.1 ips/rk=18.0 | elapsed=320.4s | eta=1067.5s
  step  23464/100000 | loss=3.1651 | rl=1.3138 | vl=0.5009 | behavior=6.7362 | curv_reg=0.623299 | codes=256/255/248/256 | c=0.157/0.157/0.157 | sinkhorn_eps=0.01594/0.01594/0.01594 | ips_g=72.1 ips/rk=18.0 | elapsed=325.4s | eta=1061.3s
  step  23852/100000 | loss=3.3013 | rl=1.3198 | vl=0.6006 | behavior=6.8888 | curv_reg=0.623299 | codes=256/255/247/256 | c=0.159/0.159/0.159 | sinkhorn_eps=0.01570/0.01570/0.01570 | ips_g=72.2 ips/rk=18.0 | elapsed=330.4s | eta=1054.9s
  step  24236/100000 | loss=3.1597 | rl=1.3174 | vl=0.5183 | behavior=6.6043 | curv_reg=0.623299 | codes=256/255/249/256 | c=0.162/0.162/0.162 | sinkhorn_eps=0.01546/0.01546/0.01546 | ips_g=72.3 ips/rk=18.1 | elapsed=335.4s | eta=1048.5s
  step  24620/100000 | loss=3.2056 | rl=1.3362 | vl=0.5230 | behavior=6.7164 | curv_reg=0.623299 | codes=255/254/244/256 | c=0.164/0.164/0.164 | sinkhorn_eps=0.01524/0.01524/0.01524 | ips_g=72.3 ips/rk=18.1 | elapsed=340.4s | eta=1042.3s
  step  25004/100000 | loss=3.1646 | rl=1.3175 | vl=0.5142 | behavior=6.6489 | curv_reg=0.623299 | codes=256/255/252/256 | c=0.166/0.166/0.166 | sinkhorn_eps=0.01502/0.01502/0.01502 | ips_g=72.4 ips/rk=18.1 | elapsed=345.5s | eta=1036.2s
  step  25392/100000 | loss=3.1756 | rl=1.3362 | vl=0.4910 | behavior=6.7263 | curv_reg=0.623299 | codes=256/254/245/256 | c=0.169/0.169/0.169 | sinkhorn_eps=0.01480/0.01480/0.01480 | ips_g=72.4 ips/rk=18.1 | elapsed=350.5s | eta=1029.9s
  step  25776/100000 | loss=3.2764 | rl=1.3294 | vl=0.5897 | behavior=6.7711 | curv_reg=0.623299 | codes=256/253/245/256 | c=0.171/0.171/0.171 | sinkhorn_eps=0.01459/0.01459/0.01459 | ips_g=72.5 ips/rk=18.1 | elapsed=355.6s | eta=1023.8s
  step  26160/100000 | loss=3.1618 | rl=1.3210 | vl=0.4996 | behavior=6.6905 | curv_reg=0.623299 | codes=256/255/246/256 | c=0.174/0.174/0.174 | sinkhorn_eps=0.01439/0.01439/0.01439 | ips_g=72.5 ips/rk=18.1 | elapsed=360.6s | eta=1017.8s
  step  26540/100000 | loss=3.1635 | rl=1.3120 | vl=0.4977 | behavior=6.7537 | curv_reg=0.623299 | codes=256/255/251/256 | c=0.176/0.176/0.176 | sinkhorn_eps=0.01419/0.01419/0.01419 | ips_g=72.6 ips/rk=18.1 | elapsed=365.6s | eta=1012.0s
  step  26932/100000 | loss=3.0550 | rl=1.3111 | vl=0.4258 | behavior=6.5752 | curv_reg=0.623299 | codes=256/256/250/256 | c=0.179/0.179/0.179 | sinkhorn_eps=0.01399/0.01399/0.01399 | ips_g=72.7 ips/rk=18.2 | elapsed=370.7s | eta=1005.7s
  step  27312/100000 | loss=3.1307 | rl=1.3254 | vl=0.4745 | behavior=6.6383 | curv_reg=0.623299 | codes=256/252/250/256 | c=0.181/0.181/0.181 | sinkhorn_eps=0.01381/0.01381/0.01381 | ips_g=72.7 ips/rk=18.2 | elapsed=375.7s | eta=999.9s
  step  27696/100000 | loss=3.2295 | rl=1.3198 | vl=0.5454 | behavior=6.8058 | curv_reg=0.623299 | codes=256/256/248/256 | c=0.183/0.183/0.183 | sinkhorn_eps=0.01363/0.01363/0.01363 | ips_g=72.7 ips/rk=18.2 | elapsed=380.7s | eta=993.9s
  step  28080/100000 | loss=3.0716 | rl=1.3046 | vl=0.4508 | behavior=6.5655 | curv_reg=0.623299 | codes=256/255/248/256 | c=0.186/0.186/0.186 | sinkhorn_eps=0.01345/0.01345/0.01345 | ips_g=72.8 ips/rk=18.2 | elapsed=385.7s | eta=987.9s
  step  28456/100000 | loss=3.2064 | rl=1.3409 | vl=0.5254 | behavior=6.6844 | curv_reg=0.623299 | codes=255/255/245/256 | c=0.188/0.188/0.188 | sinkhorn_eps=0.01328/0.01328/0.01328 | ips_g=72.8 ips/rk=18.2 | elapsed=390.7s | eta=982.4s
  step  28844/100000 | loss=3.3242 | rl=1.3401 | vl=0.6140 | behavior=6.8353 | curv_reg=0.623299 | codes=256/255/253/256 | c=0.191/0.191/0.191 | sinkhorn_eps=0.01311/0.01311/0.01311 | ips_g=72.9 ips/rk=18.2 | elapsed=395.8s | eta=976.3s
  step  29232/100000 | loss=3.3058 | rl=1.3649 | vl=0.5788 | behavior=6.7948 | curv_reg=0.623299 | codes=256/256/249/256 | c=0.193/0.193/0.193 | sinkhorn_eps=0.01294/0.01294/0.01294 | ips_g=72.9 ips/rk=18.2 | elapsed=400.8s | eta=970.2s
  step  29620/100000 | loss=3.2841 | rl=1.3587 | vl=0.5678 | behavior=6.7727 | curv_reg=0.623299 | codes=256/256/251/256 | c=0.196/0.196/0.196 | sinkhorn_eps=0.01278/0.01278/0.01278 | ips_g=73.0 ips/rk=18.2 | elapsed=405.8s | eta=964.2s
[Step12] saved /home/wlia0047/ar57/wenyu/GeneRec/results/stage2_RQ-VAE/curvature_RQ-VAE_iter24/out/rqvae/instruments/rqvae_best.pth (step=30000)
  [SID save step=30000] wrote raw 3-token SIDs /home/wlia0047/ar57/wenyu/GeneRec/results/stage2_RQ-VAE/curvature_RQ-VAE_iter24/out/rqvae/instruments/sids_raw.npy: shape=(24587, 3)
  [SID metrics step=30000] hitrate@50=0.9969 full_gini=0.0560 per_layer=[0.1176/0.1367/0.2246] unique=23154/24587 l01_pairs=15100 H_l1_given_l0=5.5989
  step  30004/100000 | loss=3.1252 | rl=1.3175 | vl=0.4885 | behavior=6.5802 | curv_reg=0.623299 | codes=256/256/247/256 | c=0.198/0.198/0.198 | sinkhorn_eps=0.01263/0.01263/0.01263 | ips_g=71.0 ips/rk=17.7 | elapsed=422.7s | eta=986.2s
  step  30392/100000 | loss=3.2256 | rl=1.3490 | vl=0.5189 | behavior=6.7732 | curv_reg=0.623299 | codes=256/256/251/256 | c=0.200/0.200/0.200 | sinkhorn_eps=0.01248/0.01248/0.01248 | ips_g=71.0 ips/rk=17.8 | elapsed=427.8s | eta=979.7s
  step  30784/100000 | loss=3.1536 | rl=1.3395 | vl=0.4818 | behavior=6.6455 | curv_reg=0.623299 | codes=256/256/250/256 | c=0.203/0.203/0.203 | sinkhorn_eps=0.01233/0.01233/0.01233 | ips_g=71.1 ips/rk=17.8 | elapsed=432.8s | eta=973.2s
  step  31168/100000 | loss=3.2275 | rl=1.3285 | vl=0.5361 | behavior=6.7990 | curv_reg=0.623299 | codes=256/256/249/256 | c=0.205/0.205/0.205 | sinkhorn_eps=0.01219/0.01219/0.01219 | ips_g=71.2 ips/rk=17.8 | elapsed=437.9s | eta=967.0s
  step  31544/100000 | loss=3.3279 | rl=1.3704 | vl=0.5912 | behavior=6.8164 | curv_reg=0.623299 | codes=256/256/251/256 | c=0.207/0.207/0.207 | sinkhorn_eps=0.01205/0.01205/0.01205 | ips_g=71.2 ips/rk=17.8 | elapsed=442.9s | eta=961.2s
  step  31936/100000 | loss=3.2233 | rl=1.3234 | vl=0.5516 | behavior=6.7254 | curv_reg=0.623299 | codes=256/256/247/256 | c=0.210/0.210/0.210 | sinkhorn_eps=0.01192/0.01192/0.01192 | ips_g=71.3 ips/rk=17.8 | elapsed=448.0s | eta=954.7s
  step  32328/100000 | loss=3.2137 | rl=1.3468 | vl=0.5164 | behavior=6.7374 | curv_reg=0.623299 | codes=256/255/250/256 | c=0.212/0.212/0.212 | sinkhorn_eps=0.01178/0.01178/0.01178 | ips_g=71.4 ips/rk=17.8 | elapsed=453.0s | eta=948.3s
  step  32716/100000 | loss=3.1772 | rl=1.3512 | vl=0.4828 | behavior=6.7003 | curv_reg=0.623299 | codes=256/256/250/256 | c=0.214/0.214/0.214 | sinkhorn_eps=0.01166/0.01166/0.01166 | ips_g=71.4 ips/rk=17.9 | elapsed=458.0s | eta=942.0s
  step  33104/100000 | loss=3.2414 | rl=1.3603 | vl=0.5269 | behavior=6.7555 | curv_reg=0.623299 | codes=256/256/249/256 | c=0.217/0.217/0.217 | sinkhorn_eps=0.01153/0.01153/0.01153 | ips_g=71.5 ips/rk=17.9 | elapsed=463.1s | eta=935.7s
  step  33488/100000 | loss=3.1401 | rl=1.3278 | vl=0.4812 | behavior=6.6400 | curv_reg=0.623299 | codes=256/255/256/256 | c=0.219/0.219/0.219 | sinkhorn_eps=0.01142/0.01142/0.01142 | ips_g=71.5 ips/rk=17.9 | elapsed=468.1s | eta=929.7s
  step  33868/100000 | loss=3.3477 | rl=1.3633 | vl=0.6190 | behavior=6.8114 | curv_reg=0.623299 | codes=256/253/250/256 | c=0.221/0.221/0.221 | sinkhorn_eps=0.01130/0.01130/0.01130 | ips_g=71.6 ips/rk=17.9 | elapsed=473.1s | eta=923.8s
  step  34252/100000 | loss=3.2736 | rl=1.3914 | vl=0.5310 | behavior=6.7404 | curv_reg=0.623299 | codes=256/255/252/256 | c=0.223/0.223/0.223 | sinkhorn_eps=0.01119/0.01119/0.01119 | ips_g=71.6 ips/rk=17.9 | elapsed=478.1s | eta=917.8s
  step  34636/100000 | loss=3.3830 | rl=1.3929 | vl=0.6144 | behavior=6.8626 | curv_reg=0.623299 | codes=256/256/254/256 | c=0.226/0.226/0.226 | sinkhorn_eps=0.01108/0.01108/0.01108 | ips_g=71.7 ips/rk=17.9 | elapsed=483.2s | eta=911.8s
  step  35024/100000 | loss=3.2631 | rl=1.3628 | vl=0.5427 | behavior=6.7719 | curv_reg=0.623299 | codes=256/256/247/256 | c=0.228/0.228/0.228 | sinkhorn_eps=0.01098/0.01098/0.01098 | ips_g=71.7 ips/rk=17.9 | elapsed=488.2s | eta=905.7s
  step  35408/100000 | loss=3.2153 | rl=1.3486 | vl=0.5256 | behavior=6.6900 | curv_reg=0.623299 | codes=256/255/255/256 | c=0.230/0.230/0.230 | sinkhorn_eps=0.01088/0.01088/0.01088 | ips_g=71.8 ips/rk=17.9 | elapsed=493.2s | eta=899.7s
  step  35788/100000 | loss=3.1638 | rl=1.3671 | vl=0.4702 | behavior=6.6165 | curv_reg=0.623299 | codes=256/256/251/256 | c=0.232/0.232/0.232 | sinkhorn_eps=0.01078/0.01078/0.01078 | ips_g=71.8 ips/rk=18.0 | elapsed=498.2s | eta=894.0s
  step  36180/100000 | loss=3.2738 | rl=1.3493 | vl=0.5866 | behavior=6.6741 | curv_reg=0.623299 | codes=256/256/254/256 | c=0.234/0.234/0.234 | sinkhorn_eps=0.01069/0.01069/0.01069 | ips_g=71.9 ips/rk=18.0 | elapsed=503.3s | eta=887.8s
  step  36552/100000 | loss=3.2509 | rl=1.3415 | vl=0.5565 | behavior=6.7486 | curv_reg=0.623299 | codes=256/256/253/256 | c=0.236/0.236/0.236 | sinkhorn_eps=0.01060/0.01060/0.01060 | ips_g=71.9 ips/rk=18.0 | elapsed=508.3s | eta=882.3s
  step  36936/100000 | loss=3.2012 | rl=1.3541 | vl=0.5030 | behavior=6.7048 | curv_reg=0.623299 | codes=256/256/250/256 | c=0.238/0.238/0.238 | sinkhorn_eps=0.01051/0.01051/0.01051 | ips_g=72.0 ips/rk=18.0 | elapsed=513.3s | eta=876.4s
  step  37316/100000 | loss=3.2418 | rl=1.3475 | vl=0.5477 | behavior=6.7176 | curv_reg=0.623299 | codes=256/256/254/256 | c=0.240/0.240/0.240 | sinkhorn_eps=0.01043/0.01043/0.01043 | ips_g=72.0 ips/rk=18.0 | elapsed=518.3s | eta=870.7s
  step  37700/100000 | loss=3.1710 | rl=1.3658 | vl=0.4828 | behavior=6.5966 | curv_reg=0.623299 | codes=256/255/250/256 | c=0.242/0.242/0.242 | sinkhorn_eps=0.01035/0.01035/0.01035 | ips_g=72.0 ips/rk=18.0 | elapsed=523.4s | eta=864.9s
  step  38088/100000 | loss=3.1111 | rl=1.3419 | vl=0.4586 | behavior=6.5372 | curv_reg=0.623299 | codes=256/255/253/256 | c=0.243/0.243/0.243 | sinkhorn_eps=0.01027/0.01027/0.01027 | ips_g=72.1 ips/rk=18.0 | elapsed=528.4s | eta=858.9s
  step  38472/100000 | loss=3.1758 | rl=1.3494 | vl=0.4956 | behavior=6.6382 | curv_reg=0.623299 | codes=256/256/254/256 | c=0.245/0.245/0.245 | sinkhorn_eps=0.01019/0.01019/0.01019 | ips_g=72.1 ips/rk=18.0 | elapsed=533.4s | eta=853.1s
  step  38860/100000 | loss=3.2239 | rl=1.3696 | vl=0.5026 | behavior=6.7434 | curv_reg=0.623299 | codes=256/256/253/256 | c=0.247/0.247/0.247 | sinkhorn_eps=0.01012/0.01012/0.01012 | ips_g=72.2 ips/rk=18.0 | elapsed=538.5s | eta=847.2s
  step  39244/100000 | loss=3.1934 | rl=1.3299 | vl=0.5210 | behavior=6.6967 | curv_reg=0.623299 | codes=256/256/253/256 | c=0.249/0.249/0.249 | sinkhorn_eps=0.01005/0.01005/0.01005 | ips_g=72.2 ips/rk=18.1 | elapsed=543.5s | eta=841.5s
  step  39628/100000 | loss=3.2047 | rl=1.3517 | vl=0.5246 | behavior=6.6264 | curv_reg=0.623299 | codes=256/256/253/256 | c=0.250/0.250/0.250 | sinkhorn_eps=0.00998/0.00998/0.00998 | ips_g=72.2 ips/rk=18.1 | elapsed=548.5s | eta=835.7s
[Step12] saved /home/wlia0047/ar57/wenyu/GeneRec/results/stage2_RQ-VAE/curvature_RQ-VAE_iter24/out/rqvae/instruments/rqvae_best.pth (step=40000)
  [SID save step=40000] wrote raw 3-token SIDs /home/wlia0047/ar57/wenyu/GeneRec/results/stage2_RQ-VAE/curvature_RQ-VAE_iter24/out/rqvae/instruments/sids_raw.npy: shape=(24587, 3)
  [SID metrics step=40000] hitrate@50=0.9972 full_gini=0.0525 per_layer=[0.1334/0.1420/0.2568] unique=23243/24587 l01_pairs=15030 H_l1_given_l0=5.6027
  step  40004/100000 | loss=3.1614 | rl=1.3433 | vl=0.4922 | behavior=6.6137 | curv_reg=0.623299 | codes=256/256/252/256 | c=0.252/0.252/0.252 | sinkhorn_eps=0.00992/0.00992/0.00992 | ips_g=70.8 ips/rk=17.7 | elapsed=565.1s | eta=847.5s
  step  40392/100000 | loss=3.2220 | rl=1.3504 | vl=0.5383 | behavior=6.6511 | curv_reg=0.623299 | codes=256/256/252/256 | c=0.254/0.254/0.254 | sinkhorn_eps=0.00986/0.00986/0.00986 | ips_g=70.8 ips/rk=17.7 | elapsed=570.2s | eta=841.4s
  step  40776/100000 | loss=3.1469 | rl=1.3610 | vl=0.4700 | behavior=6.5641 | curv_reg=0.623299 | codes=255/256/252/256 | c=0.255/0.255/0.255 | sinkhorn_eps=0.00980/0.00980/0.00980 | ips_g=70.9 ips/rk=17.7 | elapsed=575.2s | eta=835.4s
  step  41160/100000 | loss=3.2089 | rl=1.3553 | vl=0.5151 | behavior=6.6769 | curv_reg=0.623299 | codes=256/255/253/256 | c=0.257/0.257/0.257 | sinkhorn_eps=0.00974/0.00974/0.00974 | ips_g=70.9 ips/rk=17.7 | elapsed=580.2s | eta=829.5s
  step  41580/100000 | loss=3.1020 | rl=1.3273 | vl=0.4557 | behavior=6.5797 | curv_reg=0.623299 | codes=256/256/253/256 | c=0.258/0.258/0.258 | sinkhorn_eps=0.00968/0.00968/0.00968 | ips_g=71.0 ips/rk=17.8 | elapsed=585.2s | eta=822.3s
  step  41984/100000 | loss=3.2671 | rl=1.3645 | vl=0.5528 | behavior=6.7334 | curv_reg=0.623299 | codes=256/256/254/256 | c=0.260/0.260/0.260 | sinkhorn_eps=0.00963/0.00963/0.00963 | ips_g=71.1 ips/rk=17.8 | elapsed=590.3s | eta=815.7s
  step  42404/100000 | loss=3.2299 | rl=1.3397 | vl=0.5604 | behavior=6.6333 | curv_reg=0.623299 | codes=256/255/250/256 | c=0.261/0.261/0.261 | sinkhorn_eps=0.00958/0.00958/0.00958 | ips_g=71.2 ips/rk=17.8 | elapsed=595.3s | eta=808.5s
  step  42800/100000 | loss=3.2548 | rl=1.3748 | vl=0.5329 | behavior=6.7202 | curv_reg=0.623299 | codes=256/256/254/256 | c=0.262/0.262/0.262 | sinkhorn_eps=0.00953/0.00953/0.00953 | ips_g=71.3 ips/rk=17.8 | elapsed=600.3s | eta=802.2s
  step  43172/100000 | loss=3.2680 | rl=1.3726 | vl=0.5448 | behavior=6.7371 | curv_reg=0.623299 | codes=256/256/253/256 | c=0.263/0.263/0.263 | sinkhorn_eps=0.00949/0.00949/0.00949 | ips_g=71.3 ips/rk=17.8 | elapsed=605.3s | eta=796.8s
  step  43572/100000 | loss=3.2699 | rl=1.3723 | vl=0.5498 | behavior=6.7237 | curv_reg=0.623299 | codes=256/256/253/256 | c=0.265/0.265/0.265 | sinkhorn_eps=0.00945/0.00945/0.00945 | ips_g=71.4 ips/rk=17.8 | elapsed=610.3s | eta=790.4s
  step  43972/100000 | loss=3.2899 | rl=1.3914 | vl=0.5491 | behavior=6.7313 | curv_reg=0.623299 | codes=256/256/249/256 | c=0.266/0.266/0.266 | sinkhorn_eps=0.00941/0.00941/0.00941 | ips_g=71.5 ips/rk=17.9 | elapsed=615.3s | eta=784.1s
  step  44368/100000 | loss=3.2644 | rl=1.3735 | vl=0.5496 | behavior=6.6909 | curv_reg=0.623299 | codes=256/256/250/256 | c=0.267/0.267/0.267 | sinkhorn_eps=0.00937/0.00937/0.00937 | ips_g=71.5 ips/rk=17.9 | elapsed=620.4s | eta=777.9s
  step  44768/100000 | loss=3.1240 | rl=1.3306 | vl=0.4724 | behavior=6.5894 | curv_reg=0.623299 | codes=256/256/253/256 | c=0.268/0.268/0.268 | sinkhorn_eps=0.00934/0.00934/0.00934 | ips_g=71.6 ips/rk=17.9 | elapsed=625.4s | eta=771.6s
  step  45172/100000 | loss=3.1333 | rl=1.3443 | vl=0.4711 | behavior=6.5739 | curv_reg=0.623299 | codes=256/255/251/256 | c=0.269/0.269/0.269 | sinkhorn_eps=0.00931/0.00931/0.00931 | ips_g=71.7 ips/rk=17.9 | elapsed=630.4s | eta=765.2s
  step  45576/100000 | loss=3.1543 | rl=1.3634 | vl=0.4649 | behavior=6.6146 | curv_reg=0.623299 | codes=256/256/255/256 | c=0.269/0.269/0.269 | sinkhorn_eps=0.00928/0.00928/0.00928 | ips_g=71.7 ips/rk=17.9 | elapsed=635.4s | eta=758.8s
  step  45976/100000 | loss=3.2648 | rl=1.3715 | vl=0.5444 | behavior=6.7290 | curv_reg=0.623299 | codes=256/255/253/256 | c=0.270/0.270/0.270 | sinkhorn_eps=0.00925/0.00925/0.00925 | ips_g=71.8 ips/rk=17.9 | elapsed=640.4s | eta=752.5s
  step  46380/100000 | loss=3.0794 | rl=1.3384 | vl=0.4362 | behavior=6.5084 | curv_reg=0.623299 | codes=256/256/253/256 | c=0.271/0.271/0.271 | sinkhorn_eps=0.00923/0.00923/0.00923 | ips_g=71.9 ips/rk=18.0 | elapsed=645.4s | eta=746.2s
  step  46784/100000 | loss=3.1514 | rl=1.3431 | vl=0.4770 | behavior=6.6409 | curv_reg=0.623299 | codes=256/255/256/256 | c=0.272/0.272/0.272 | sinkhorn_eps=0.00921/0.00921/0.00921 | ips_g=71.9 ips/rk=18.0 | elapsed=650.4s | eta=739.9s
  step  47180/100000 | loss=3.2657 | rl=1.3618 | vl=0.5456 | behavior=6.7763 | curv_reg=0.623299 | codes=256/256/256/256 | c=0.272/0.272/0.272 | sinkhorn_eps=0.00919/0.00919/0.00919 | ips_g=72.0 ips/rk=18.0 | elapsed=655.5s | eta=733.8s
  step  47584/100000 | loss=3.2133 | rl=1.3857 | vl=0.4841 | behavior=6.7019 | curv_reg=0.623299 | codes=256/254/256/256 | c=0.273/0.273/0.273 | sinkhorn_eps=0.00917/0.00917/0.00917 | ips_g=72.0 ips/rk=18.0 | elapsed=660.5s | eta=727.5s
  step  47984/100000 | loss=3.2354 | rl=1.3882 | vl=0.5064 | behavior=6.6886 | curv_reg=0.623299 | codes=256/256/254/256 | c=0.273/0.273/0.273 | sinkhorn_eps=0.00916/0.00916/0.00916 | ips_g=72.1 ips/rk=18.0 | elapsed=665.5s | eta=721.4s
  step  48392/100000 | loss=3.4196 | rl=1.4263 | vl=0.6205 | behavior=6.8484 | curv_reg=0.623299 | codes=256/254/253/256 | c=0.273/0.273/0.273 | sinkhorn_eps=0.00915/0.00915/0.00915 | ips_g=72.2 ips/rk=18.0 | elapsed=670.5s | eta=715.1s
  step  48800/100000 | loss=3.1321 | rl=1.3308 | vl=0.4711 | behavior=6.6357 | curv_reg=0.623299 | codes=256/256/254/256 | c=0.274/0.274/0.274 | sinkhorn_eps=0.00914/0.00914/0.00914 | ips_g=72.2 ips/rk=18.1 | elapsed=675.6s | eta=708.8s
  step  49216/100000 | loss=3.2689 | rl=1.3866 | vl=0.5513 | behavior=6.6396 | curv_reg=0.623299 | codes=255/256/254/256 | c=0.274/0.274/0.274 | sinkhorn_eps=0.00913/0.00913/0.00913 | ips_g=72.3 ips/rk=18.1 | elapsed=680.6s | eta=702.3s
  step  49628/100000 | loss=3.1882 | rl=1.3490 | vl=0.4937 | behavior=6.7118 | curv_reg=0.623299 | codes=256/256/254/256 | c=0.274/0.274/0.274 | sinkhorn_eps=0.00913/0.00913/0.00913 | ips_g=72.4 ips/rk=18.1 | elapsed=685.6s | eta=695.9s
[Step12] saved /home/wlia0047/ar57/wenyu/GeneRec/results/stage2_RQ-VAE/curvature_RQ-VAE_iter24/out/rqvae/instruments/rqvae_best.pth (step=50000)
  [SID save step=50000] wrote raw 3-token SIDs /home/wlia0047/ar57/wenyu/GeneRec/results/stage2_RQ-VAE/curvature_RQ-VAE_iter24/out/rqvae/instruments/sids_raw.npy: shape=(24587, 3)
  [SID metrics step=50000] hitrate@50=0.9971 full_gini=0.0553 per_layer=[0.1210/0.1241/0.1842] unique=23170/24587 l01_pairs=14978 H_l1_given_l0=5.5856
  step  50004/100000 | loss=3.1981 | rl=1.3638 | vl=0.4938 | behavior=6.6867 | curv_reg=0.623299 | codes=256/256/250/256 | c=0.274/0.274/0.274 | sinkhorn_eps=0.00913/0.00913/0.00913 | ips_g=71.2 ips/rk=17.8 | elapsed=702.6s | eta=702.5s
  step  50396/100000 | loss=3.1622 | rl=1.3742 | vl=0.4539 | behavior=6.6553 | curv_reg=0.623299 | codes=256/256/256/256 | c=0.274/0.274/0.274 | sinkhorn_eps=0.00913/0.00913/0.00913 | ips_g=71.2 ips/rk=17.8 | elapsed=707.6s | eta=696.5s
  step  50808/100000 | loss=3.2140 | rl=1.3637 | vl=0.5280 | behavior=6.5960 | curv_reg=0.623299 | codes=256/255/254/256 | c=0.274/0.274/0.274 | sinkhorn_eps=0.00913/0.00913/0.00913 | ips_g=71.3 ips/rk=17.8 | elapsed=712.7s | eta=690.0s
  step  51216/100000 | loss=3.0297 | rl=1.3498 | vl=0.3722 | behavior=6.5229 | curv_reg=0.623299 | codes=256/256/254/256 | c=0.274/0.274/0.274 | sinkhorn_eps=0.00914/0.00914/0.00914 | ips_g=71.4 ips/rk=17.8 | elapsed=717.7s | eta=683.6s
  step  51628/100000 | loss=3.1298 | rl=1.3606 | vl=0.4523 | behavior=6.5690 | curv_reg=0.623299 | codes=256/256/254/256 | c=0.273/0.273/0.273 | sinkhorn_eps=0.00915/0.00915/0.00915 | ips_g=71.4 ips/rk=17.9 | elapsed=722.7s | eta=677.1s
  step  52036/100000 | loss=3.1985 | rl=1.3570 | vl=0.5163 | behavior=6.6102 | curv_reg=0.623299 | codes=256/254/252/256 | c=0.273/0.273/0.273 | sinkhorn_eps=0.00916/0.00916/0.00916 | ips_g=71.5 ips/rk=17.9 | elapsed=727.8s | eta=670.8s
  step  52440/100000 | loss=3.2493 | rl=1.3937 | vl=0.5219 | behavior=6.6530 | curv_reg=0.623299 | codes=256/256/253/256 | c=0.273/0.273/0.273 | sinkhorn_eps=0.00917/0.00917/0.00917 | ips_g=71.6 ips/rk=17.9 | elapsed=732.8s | eta=664.6s
  step  52852/100000 | loss=3.2191 | rl=1.3448 | vl=0.5175 | behavior=6.7679 | curv_reg=0.623299 | codes=256/256/254/256 | c=0.272/0.272/0.272 | sinkhorn_eps=0.00919/0.00919/0.00919 | ips_g=71.6 ips/rk=17.9 | elapsed=737.8s | eta=658.2s
  step  53268/100000 | loss=3.3269 | rl=1.3670 | vl=0.5933 | behavior=6.8170 | curv_reg=0.623299 | codes=256/255/251/256 | c=0.271/0.271/0.271 | sinkhorn_eps=0.00921/0.00921/0.00921 | ips_g=71.7 ips/rk=17.9 | elapsed=742.9s | eta=651.7s
  step  53680/100000 | loss=3.0704 | rl=1.3319 | vl=0.4306 | behavior=6.5239 | curv_reg=0.623299 | codes=256/256/255/256 | c=0.271/0.271/0.271 | sinkhorn_eps=0.00923/0.00923/0.00923 | ips_g=71.8 ips/rk=17.9 | elapsed=747.9s | eta=645.3s
  step  54092/100000 | loss=3.3160 | rl=1.3457 | vl=0.6040 | behavior=6.8158 | curv_reg=0.623299 | codes=256/256/252/256 | c=0.270/0.270/0.270 | sinkhorn_eps=0.00926/0.00926/0.00926 | ips_g=71.8 ips/rk=18.0 | elapsed=752.9s | eta=639.0s
  step  54504/100000 | loss=3.1524 | rl=1.3400 | vl=0.4939 | behavior=6.5771 | curv_reg=0.623299 | codes=256/254/247/256 | c=0.269/0.269/0.269 | sinkhorn_eps=0.00928/0.00928/0.00928 | ips_g=71.9 ips/rk=18.0 | elapsed=757.9s | eta=632.7s
  step  54916/100000 | loss=3.2203 | rl=1.3622 | vl=0.5241 | behavior=6.6542 | curv_reg=0.623299 | codes=256/256/255/256 | c=0.268/0.268/0.268 | sinkhorn_eps=0.00931/0.00931/0.00931 | ips_g=72.0 ips/rk=18.0 | elapsed=762.9s | eta=626.3s
  step  55308/100000 | loss=3.0971 | rl=1.3339 | vl=0.4534 | behavior=6.5332 | curv_reg=0.623299 | codes=256/256/255/256 | c=0.268/0.268/0.268 | sinkhorn_eps=0.00935/0.00935/0.00935 | ips_g=72.0 ips/rk=18.0 | elapsed=767.9s | eta=620.5s
  step  55696/100000 | loss=3.2212 | rl=1.3661 | vl=0.5147 | behavior=6.6868 | curv_reg=0.623299 | codes=256/256/254/256 | c=0.267/0.267/0.267 | sinkhorn_eps=0.00938/0.00938/0.00938 | ips_g=72.1 ips/rk=18.0 | elapsed=773.0s | eta=614.9s
  step  56084/100000 | loss=3.3276 | rl=1.3721 | vl=0.5647 | behavior=6.9385 | curv_reg=0.623299 | codes=255/256/255/256 | c=0.266/0.266/0.266 | sinkhorn_eps=0.00941/0.00941/0.00941 | ips_g=72.1 ips/rk=18.0 | elapsed=778.0s | eta=609.2s
  step  56492/100000 | loss=3.1618 | rl=1.3546 | vl=0.4773 | behavior=6.6339 | curv_reg=0.623299 | codes=256/256/256/256 | c=0.264/0.264/0.264 | sinkhorn_eps=0.00945/0.00945/0.00945 | ips_g=72.1 ips/rk=18.0 | elapsed=783.0s | eta=603.1s
  step  56908/100000 | loss=3.2655 | rl=1.3620 | vl=0.5583 | behavior=6.7106 | curv_reg=0.623299 | codes=256/256/254/256 | c=0.263/0.263/0.263 | sinkhorn_eps=0.00950/0.00950/0.00950 | ips_g=72.2 ips/rk=18.1 | elapsed=788.1s | eta=596.7s
  step  57316/100000 | loss=3.2704 | rl=1.3772 | vl=0.5588 | behavior=6.6567 | curv_reg=0.623299 | codes=256/254/252/256 | c=0.262/0.262/0.262 | sinkhorn_eps=0.00954/0.00954/0.00954 | ips_g=72.3 ips/rk=18.1 | elapsed=793.1s | eta=590.7s
  step  57712/100000 | loss=3.1734 | rl=1.3492 | vl=0.4928 | behavior=6.6413 | curv_reg=0.623299 | codes=256/255/253/256 | c=0.261/0.261/0.261 | sinkhorn_eps=0.00959/0.00959/0.00959 | ips_g=72.3 ips/rk=18.1 | elapsed=798.2s | eta=584.8s
  step  58128/100000 | loss=3.1793 | rl=1.3756 | vl=0.4870 | behavior=6.5673 | curv_reg=0.623299 | codes=256/256/254/256 | c=0.259/0.259/0.259 | sinkhorn_eps=0.00964/0.00964/0.00964 | ips_g=72.4 ips/rk=18.1 | elapsed=803.2s | eta=578.6s
  step  58540/100000 | loss=3.3130 | rl=1.3781 | vl=0.5840 | behavior=6.7393 | curv_reg=0.623299 | codes=256/254/251/256 | c=0.258/0.258/0.258 | sinkhorn_eps=0.00970/0.00970/0.00970 | ips_g=72.4 ips/rk=18.1 | elapsed=808.2s | eta=572.4s
  step  58956/100000 | loss=3.2808 | rl=1.3745 | vl=0.5634 | behavior=6.6992 | curv_reg=0.623299 | codes=256/255/250/256 | c=0.256/0.256/0.256 | sinkhorn_eps=0.00976/0.00976/0.00976 | ips_g=72.5 ips/rk=18.1 | elapsed=813.2s | eta=566.2s
  step  59368/100000 | loss=3.1071 | rl=1.3228 | vl=0.4710 | behavior=6.5505 | curv_reg=0.623299 | codes=256/256/247/256 | c=0.255/0.255/0.255 | sinkhorn_eps=0.00982/0.00982/0.00982 | ips_g=72.6 ips/rk=18.1 | elapsed=818.2s | eta=560.0s
  step  59772/100000 | loss=3.1264 | rl=1.3367 | vl=0.4558 | behavior=6.6540 | curv_reg=0.623299 | codes=256/256/252/256 | c=0.253/0.253/0.253 | sinkhorn_eps=0.00988/0.00988/0.00988 | ips_g=72.6 ips/rk=18.2 | elapsed=823.3s | eta=554.1s
[Step12] saved /home/wlia0047/ar57/wenyu/GeneRec/results/stage2_RQ-VAE/curvature_RQ-VAE_iter24/out/rqvae/instruments/rqvae_best.pth (step=60000)
  [SID save step=60000] wrote raw 3-token SIDs /home/wlia0047/ar57/wenyu/GeneRec/results/stage2_RQ-VAE/curvature_RQ-VAE_iter24/out/rqvae/instruments/sids_raw.npy: shape=(24587, 3)
  [SID metrics step=60000] hitrate@50=0.9971 full_gini=0.0561 per_layer=[0.1306/0.1356/0.2091] unique=23148/24587 l01_pairs=15075 H_l1_given_l0=5.6070
  step  60004/100000 | loss=3.2109 | rl=1.3754 | vl=0.5181 | behavior=6.5712 | curv_reg=0.623299 | codes=256/256/256/256 | c=0.252/0.252/0.252 | sinkhorn_eps=0.00992/0.00992/0.00992 | ips_g=71.6 ips/rk=17.9 | elapsed=838.0s | eta=558.6s
  step  60380/100000 | loss=3.1584 | rl=1.3450 | vl=0.4829 | behavior=6.6367 | curv_reg=0.623299 | codes=256/256/253/256 | c=0.250/0.250/0.250 | sinkhorn_eps=0.00998/0.00998/0.00998 | ips_g=71.6 ips/rk=17.9 | elapsed=843.0s | eta=553.2s
  step  60792/100000 | loss=3.2408 | rl=1.3737 | vl=0.5174 | behavior=6.7328 | curv_reg=0.623299 | codes=256/256/246/256 | c=0.249/0.249/0.249 | sinkhorn_eps=0.01005/0.01005/0.01005 | ips_g=71.7 ips/rk=17.9 | elapsed=848.0s | eta=546.9s
  step  61196/100000 | loss=3.2006 | rl=1.3274 | vl=0.5343 | behavior=6.6788 | curv_reg=0.623299 | codes=256/255/252/256 | c=0.247/0.247/0.247 | sinkhorn_eps=0.01013/0.01013/0.01013 | ips_g=71.7 ips/rk=17.9 | elapsed=853.0s | eta=540.9s
  step  61604/100000 | loss=3.1389 | rl=1.3424 | vl=0.4681 | behavior=6.6267 | curv_reg=0.623299 | codes=256/256/249/256 | c=0.245/0.245/0.245 | sinkhorn_eps=0.01021/0.01021/0.01021 | ips_g=71.8 ips/rk=17.9 | elapsed=858.1s | eta=534.8s
  step  62016/100000 | loss=3.2202 | rl=1.3559 | vl=0.5157 | behavior=6.7273 | curv_reg=0.623299 | codes=256/256/253/256 | c=0.243/0.243/0.243 | sinkhorn_eps=0.01029/0.01029/0.01029 | ips_g=71.9 ips/rk=18.0 | elapsed=863.1s | eta=528.6s
  step  62424/100000 | loss=3.2736 | rl=1.3808 | vl=0.5461 | behavior=6.7177 | curv_reg=0.623299 | codes=256/255/252/256 | c=0.241/0.241/0.241 | sinkhorn_eps=0.01037/0.01037/0.01037 | ips_g=71.9 ips/rk=18.0 | elapsed=868.1s | eta=522.5s
  step  62832/100000 | loss=3.2472 | rl=1.3311 | vl=0.5634 | behavior=6.7480 | curv_reg=0.623299 | codes=256/254/251/256 | c=0.239/0.239/0.239 | sinkhorn_eps=0.01046/0.01046/0.01046 | ips_g=72.0 ips/rk=18.0 | elapsed=873.1s | eta=516.5s
  step  63232/100000 | loss=3.1504 | rl=1.3256 | vl=0.5027 | behavior=6.5951 | curv_reg=0.623299 | codes=256/256/253/256 | c=0.237/0.237/0.237 | sinkhorn_eps=0.01055/0.01055/0.01055 | ips_g=72.0 ips/rk=18.0 | elapsed=878.1s | eta=510.6s
  step  63644/100000 | loss=3.2795 | rl=1.3652 | vl=0.5609 | behavior=6.7515 | curv_reg=0.623299 | codes=256/255/245/256 | c=0.235/0.235/0.235 | sinkhorn_eps=0.01065/0.01065/0.01065 | ips_g=72.1 ips/rk=18.0 | elapsed=883.1s | eta=504.5s
  step  64060/100000 | loss=3.2372 | rl=1.3611 | vl=0.5366 | behavior=6.6818 | curv_reg=0.623299 | codes=256/255/250/256 | c=0.233/0.233/0.233 | sinkhorn_eps=0.01075/0.01075/0.01075 | ips_g=72.1 ips/rk=18.0 | elapsed=888.2s | eta=498.3s
  step  64472/100000 | loss=3.2034 | rl=1.3513 | vl=0.5147 | behavior=6.6711 | curv_reg=0.623299 | codes=256/256/249/256 | c=0.230/0.230/0.230 | sinkhorn_eps=0.01085/0.01085/0.01085 | ips_g=72.2 ips/rk=18.0 | elapsed=893.2s | eta=492.2s
  step  64876/100000 | loss=3.3388 | rl=1.3669 | vl=0.6124 | behavior=6.7821 | curv_reg=0.623299 | codes=256/256/245/256 | c=0.228/0.228/0.228 | sinkhorn_eps=0.01095/0.01095/0.01095 | ips_g=72.2 ips/rk=18.1 | elapsed=898.2s | eta=486.3s
  step  65288/100000 | loss=3.2105 | rl=1.3610 | vl=0.5128 | behavior=6.6681 | curv_reg=0.623299 | codes=256/255/253/256 | c=0.226/0.226/0.226 | sinkhorn_eps=0.01106/0.01106/0.01106 | ips_g=72.3 ips/rk=18.1 | elapsed=903.3s | eta=480.2s
  step  65692/100000 | loss=3.1481 | rl=1.3250 | vl=0.4943 | behavior=6.6282 | curv_reg=0.623299 | codes=256/256/248/256 | c=0.224/0.224/0.224 | sinkhorn_eps=0.01118/0.01118/0.01118 | ips_g=72.3 ips/rk=18.1 | elapsed=908.3s | eta=474.4s
  step  66100/100000 | loss=3.0809 | rl=1.3203 | vl=0.4376 | behavior=6.5993 | curv_reg=0.623299 | codes=256/256/253/256 | c=0.221/0.221/0.221 | sinkhorn_eps=0.01129/0.01129/0.01129 | ips_g=72.4 ips/rk=18.1 | elapsed=913.3s | eta=468.4s
  step  66516/100000 | loss=3.1976 | rl=1.3537 | vl=0.5207 | behavior=6.6004 | curv_reg=0.623299 | codes=256/255/250/256 | c=0.219/0.219/0.219 | sinkhorn_eps=0.01142/0.01142/0.01142 | ips_g=72.4 ips/rk=18.1 | elapsed=918.3s | eta=462.3s
  step  66928/100000 | loss=3.2240 | rl=1.3395 | vl=0.5477 | behavior=6.6680 | curv_reg=0.623299 | codes=256/256/251/256 | c=0.217/0.217/0.217 | sinkhorn_eps=0.01154/0.01154/0.01154 | ips_g=72.5 ips/rk=18.1 | elapsed=923.3s | eta=456.3s
  step  67336/100000 | loss=3.2665 | rl=1.3517 | vl=0.5598 | behavior=6.7594 | curv_reg=0.623299 | codes=256/255/249/256 | c=0.214/0.214/0.214 | sinkhorn_eps=0.01167/0.01167/0.01167 | ips_g=72.5 ips/rk=18.1 | elapsed=928.3s | eta=450.3s
  step  67720/100000 | loss=3.1989 | rl=1.3474 | vl=0.5074 | behavior=6.7050 | curv_reg=0.623299 | codes=256/254/248/256 | c=0.212/0.212/0.212 | sinkhorn_eps=0.01180/0.01180/0.01180 | ips_g=72.6 ips/rk=18.1 | elapsed=933.4s | eta=444.9s
  step  68108/100000 | loss=3.1745 | rl=1.3398 | vl=0.5024 | behavior=6.6462 | curv_reg=0.623299 | codes=256/254/244/256 | c=0.210/0.210/0.210 | sinkhorn_eps=0.01193/0.01193/0.01193 | ips_g=72.6 ips/rk=18.1 | elapsed=938.4s | eta=439.4s
  step  68480/100000 | loss=3.1113 | rl=1.3360 | vl=0.4615 | behavior=6.5534 | curv_reg=0.623299 | codes=256/256/248/256 | c=0.207/0.207/0.207 | sinkhorn_eps=0.01206/0.01206/0.01206 | ips_g=72.6 ips/rk=18.1 | elapsed=943.4s | eta=434.2s
  step  68868/100000 | loss=3.1767 | rl=1.3075 | vl=0.5253 | behavior=6.7034 | curv_reg=0.623299 | codes=256/255/248/256 | c=0.205/0.205/0.205 | sinkhorn_eps=0.01220/0.01220/0.01220 | ips_g=72.6 ips/rk=18.2 | elapsed=948.4s | eta=428.7s
  step  69272/100000 | loss=3.1321 | rl=1.3379 | vl=0.4732 | behavior=6.5894 | curv_reg=0.623299 | codes=256/256/250/256 | c=0.202/0.202/0.202 | sinkhorn_eps=0.01235/0.01235/0.01235 | ips_g=72.7 ips/rk=18.2 | elapsed=953.5s | eta=422.9s
  step  69680/100000 | loss=3.1086 | rl=1.3329 | vl=0.4543 | behavior=6.5916 | curv_reg=0.623299 | codes=256/255/251/256 | c=0.200/0.200/0.200 | sinkhorn_eps=0.01250/0.01250/0.01250 | ips_g=72.7 ips/rk=18.2 | elapsed=958.5s | eta=417.1s
[Step12] saved /home/wlia0047/ar57/wenyu/GeneRec/results/stage2_RQ-VAE/curvature_RQ-VAE_iter24/out/rqvae/instruments/rqvae_best.pth (step=70000)
  [SID save step=70000] wrote raw 3-token SIDs /home/wlia0047/ar57/wenyu/GeneRec/results/stage2_RQ-VAE/curvature_RQ-VAE_iter24/out/rqvae/instruments/sids_raw.npy: shape=(24587, 3)
  [SID metrics step=70000] hitrate@50=0.9972 full_gini=0.0554 per_layer=[0.1141/0.1490/0.2459] unique=23166/24587 l01_pairs=15056 H_l1_given_l0=5.5879
  step  70004/100000 | loss=3.1849 | rl=1.3250 | vl=0.5223 | behavior=6.6722 | curv_reg=0.623299 | codes=256/255/252/256 | c=0.198/0.198/0.198 | sinkhorn_eps=0.01263/0.01263/0.01263 | ips_g=71.8 ips/rk=18.0 | elapsed=974.4s | eta=417.5s
  step  70396/100000 | loss=3.1020 | rl=1.3236 | vl=0.4610 | behavior=6.5718 | curv_reg=0.623299 | codes=256/255/241/256 | c=0.195/0.195/0.195 | sinkhorn_eps=0.01279/0.01279/0.01279 | ips_g=71.9 ips/rk=18.0 | elapsed=979.4s | eta=411.9s
  step  70808/100000 | loss=3.1377 | rl=1.3434 | vl=0.4711 | behavior=6.6005 | curv_reg=0.623299 | codes=256/256/243/256 | c=0.193/0.193/0.193 | sinkhorn_eps=0.01296/0.01296/0.01296 | ips_g=71.9 ips/rk=18.0 | elapsed=984.5s | eta=405.9s
  step  71212/100000 | loss=3.1234 | rl=1.3104 | vl=0.4882 | behavior=6.6087 | curv_reg=0.623299 | codes=256/254/249/256 | c=0.190/0.190/0.190 | sinkhorn_eps=0.01313/0.01313/0.01313 | ips_g=72.0 ips/rk=18.0 | elapsed=989.5s | eta=400.0s
  step  71596/100000 | loss=3.1825 | rl=1.3131 | vl=0.5242 | behavior=6.7108 | curv_reg=0.623299 | codes=256/255/248/256 | c=0.188/0.188/0.188 | sinkhorn_eps=0.01330/0.01330/0.01330 | ips_g=72.0 ips/rk=18.0 | elapsed=994.5s | eta=394.6s
  step  71980/100000 | loss=3.3695 | rl=1.3704 | vl=0.6277 | behavior=6.8411 | curv_reg=0.623299 | codes=256/254/247/256 | c=0.186/0.186/0.186 | sinkhorn_eps=0.01348/0.01348/0.01348 | ips_g=72.0 ips/rk=18.0 | elapsed=999.6s | eta=389.1s
  step  72364/100000 | loss=3.2521 | rl=1.3439 | vl=0.5574 | behavior=6.7380 | curv_reg=0.623299 | codes=256/254/247/256 | c=0.183/0.183/0.183 | sinkhorn_eps=0.01365/0.01365/0.01365 | ips_g=72.0 ips/rk=18.0 | elapsed=1004.6s | eta=383.6s
  step  72764/100000 | loss=3.2535 | rl=1.3388 | vl=0.5687 | behavior=6.7144 | curv_reg=0.623299 | codes=256/256/247/256 | c=0.181/0.181/0.181 | sinkhorn_eps=0.01384/0.01384/0.01384 | ips_g=72.1 ips/rk=18.0 | elapsed=1009.6s | eta=377.9s
  step  73156/100000 | loss=3.2367 | rl=1.3460 | vl=0.5342 | behavior=6.7666 | curv_reg=0.623299 | codes=256/255/252/256 | c=0.178/0.178/0.178 | sinkhorn_eps=0.01404/0.01404/0.01404 | ips_g=72.1 ips/rk=18.0 | elapsed=1014.6s | eta=372.3s
  step  73568/100000 | loss=3.2062 | rl=1.3211 | vl=0.5452 | behavior=6.6838 | curv_reg=0.623299 | codes=256/251/245/256 | c=0.175/0.175/0.175 | sinkhorn_eps=0.01425/0.01425/0.01425 | ips_g=72.2 ips/rk=18.0 | elapsed=1019.6s | eta=366.3s
  step  73972/100000 | loss=3.2636 | rl=1.3202 | vl=0.5776 | behavior=6.8135 | curv_reg=0.623299 | codes=256/254/247/256 | c=0.173/0.173/0.173 | sinkhorn_eps=0.01446/0.01446/0.01446 | ips_g=72.2 ips/rk=18.0 | elapsed=1024.6s | eta=360.5s
  step  74384/100000 | loss=3.2964 | rl=1.3496 | vl=0.5758 | behavior=6.8391 | curv_reg=0.623299 | codes=256/255/242/256 | c=0.170/0.170/0.170 | sinkhorn_eps=0.01468/0.01468/0.01468 | ips_g=72.2 ips/rk=18.1 | elapsed=1029.6s | eta=354.6s
  step  74804/100000 | loss=3.1208 | rl=1.3175 | vl=0.4908 | behavior=6.5470 | curv_reg=0.623299 | codes=256/254/248/256 | c=0.168/0.168/0.168 | sinkhorn_eps=0.01491/0.01491/0.01491 | ips_g=72.3 ips/rk=18.1 | elapsed=1034.7s | eta=348.5s
  step  75208/100000 | loss=3.4083 | rl=1.3791 | vl=0.6600 | behavior=6.8306 | curv_reg=0.623299 | codes=256/254/248/256 | c=0.165/0.165/0.165 | sinkhorn_eps=0.01514/0.01514/0.01514 | ips_g=72.3 ips/rk=18.1 | elapsed=1039.7s | eta=342.7s
  step  75616/100000 | loss=3.2550 | rl=1.3361 | vl=0.5681 | behavior=6.7386 | curv_reg=0.623299 | codes=256/256/249/256 | c=0.163/0.163/0.163 | sinkhorn_eps=0.01538/0.01538/0.01538 | ips_g=72.4 ips/rk=18.1 | elapsed=1044.7s | eta=336.9s
  step  76008/100000 | loss=3.1557 | rl=1.3154 | vl=0.4949 | behavior=6.7111 | curv_reg=0.623299 | codes=256/254/247/256 | c=0.160/0.160/0.160 | sinkhorn_eps=0.01561/0.01561/0.01561 | ips_g=72.4 ips/rk=18.1 | elapsed=1049.8s | eta=331.4s
  step  76384/100000 | loss=3.3283 | rl=1.3459 | vl=0.6326 | behavior=6.7332 | curv_reg=0.623299 | codes=256/252/239/256 | c=0.158/0.158/0.158 | sinkhorn_eps=0.01584/0.01584/0.01584 | ips_g=72.4 ips/rk=18.1 | elapsed=1054.8s | eta=326.1s
  step  76776/100000 | loss=3.1915 | rl=1.3352 | vl=0.5323 | behavior=6.6043 | curv_reg=0.623299 | codes=256/256/248/256 | c=0.155/0.155/0.155 | sinkhorn_eps=0.01609/0.01609/0.01609 | ips_g=72.4 ips/rk=18.1 | elapsed=1059.8s | eta=320.6s
  step  77180/100000 | loss=3.4681 | rl=1.3974 | vl=0.6725 | behavior=6.9755 | curv_reg=0.623299 | codes=256/254/247/256 | c=0.153/0.153/0.153 | sinkhorn_eps=0.01635/0.01635/0.01635 | ips_g=72.5 ips/rk=18.1 | elapsed=1064.9s | eta=314.8s
  step  77588/100000 | loss=3.2280 | rl=1.3246 | vl=0.5490 | behavior=6.7565 | curv_reg=0.623299 | codes=256/254/242/256 | c=0.150/0.150/0.150 | sinkhorn_eps=0.01663/0.01663/0.01663 | ips_g=72.5 ips/rk=18.1 | elapsed=1069.9s | eta=309.0s
  step  78004/100000 | loss=3.4168 | rl=1.3401 | vl=0.6789 | behavior=6.9734 | curv_reg=0.623299 | codes=256/251/246/256 | c=0.148/0.148/0.148 | sinkhorn_eps=0.01691/0.01691/0.01691 | ips_g=72.6 ips/rk=18.1 | elapsed=1074.9s | eta=303.1s
  step  78416/100000 | loss=3.3997 | rl=1.3649 | vl=0.6534 | behavior=6.8916 | curv_reg=0.623299 | codes=256/255/244/256 | c=0.145/0.145/0.145 | sinkhorn_eps=0.01720/0.01720/0.01720 | ips_g=72.6 ips/rk=18.2 | elapsed=1080.0s | eta=297.3s
  step  78828/100000 | loss=3.3242 | rl=1.3313 | vl=0.6283 | behavior=6.8074 | curv_reg=0.623299 | codes=256/251/247/256 | c=0.143/0.143/0.143 | sinkhorn_eps=0.01750/0.01750/0.01750 | ips_g=72.7 ips/rk=18.2 | elapsed=1085.0s | eta=291.4s
  step  79232/100000 | loss=3.3008 | rl=1.3396 | vl=0.6107 | behavior=6.7369 | curv_reg=0.623299 | codes=256/251/240/256 | c=0.140/0.140/0.140 | sinkhorn_eps=0.01780/0.01780/0.01780 | ips_g=72.7 ips/rk=18.2 | elapsed=1090.0s | eta=285.7s
  step  79640/100000 | loss=3.3681 | rl=1.3360 | vl=0.6426 | behavior=6.9321 | curv_reg=0.623299 | codes=256/253/249/256 | c=0.138/0.138/0.138 | sinkhorn_eps=0.01812/0.01812/0.01812 | ips_g=72.7 ips/rk=18.2 | elapsed=1095.0s | eta=279.9s
[Step12] saved /home/wlia0047/ar57/wenyu/GeneRec/results/stage2_RQ-VAE/curvature_RQ-VAE_iter24/out/rqvae/instruments/rqvae_best.pth (step=80000)
  [SID save step=80000] wrote raw 3-token SIDs /home/wlia0047/ar57/wenyu/GeneRec/results/stage2_RQ-VAE/curvature_RQ-VAE_iter24/out/rqvae/instruments/sids_raw.npy: shape=(24587, 3)
  [SID metrics step=80000] hitrate@50=0.9970 full_gini=0.0603 per_layer=[0.1058/0.1964/0.3030] unique=23036/24587 l01_pairs=14840 H_l1_given_l0=5.5544
  step  80004/100000 | loss=3.4099 | rl=1.3659 | vl=0.6614 | behavior=6.8975 | curv_reg=0.623299 | codes=256/253/247/256 | c=0.136/0.136/0.136 | sinkhorn_eps=0.01840/0.01840/0.01840 | ips_g=72.0 ips/rk=18.0 | elapsed=1111.3s | eta=277.8s
  step  80416/100000 | loss=3.1750 | rl=1.3166 | vl=0.5021 | behavior=6.7657 | curv_reg=0.623299 | codes=256/253/246/256 | c=0.133/0.133/0.133 | sinkhorn_eps=0.01873/0.01873/0.01873 | ips_g=72.0 ips/rk=18.0 | elapsed=1116.4s | eta=271.9s
  step  80816/100000 | loss=3.2554 | rl=1.3220 | vl=0.5785 | behavior=6.7591 | curv_reg=0.623299 | codes=255/255/245/256 | c=0.131/0.131/0.131 | sinkhorn_eps=0.01907/0.01907/0.01907 | ips_g=72.1 ips/rk=18.0 | elapsed=1121.4s | eta=266.2s
  step  81232/100000 | loss=3.3186 | rl=1.3353 | vl=0.6135 | behavior=6.8333 | curv_reg=0.623299 | codes=256/255/242/256 | c=0.129/0.129/0.129 | sinkhorn_eps=0.01942/0.01942/0.01942 | ips_g=72.1 ips/rk=18.0 | elapsed=1126.4s | eta=260.3s
  step  81640/100000 | loss=3.4085 | rl=1.3604 | vl=0.6664 | behavior=6.8928 | curv_reg=0.623299 | codes=256/254/246/256 | c=0.126/0.126/0.126 | sinkhorn_eps=0.01978/0.01978/0.01978 | ips_g=72.2 ips/rk=18.0 | elapsed=1131.4s | eta=254.5s
  step  82052/100000 | loss=3.2328 | rl=1.3074 | vl=0.5718 | behavior=6.7522 | curv_reg=0.623299 | codes=256/250/244/256 | c=0.124/0.124/0.124 | sinkhorn_eps=0.02015/0.02015/0.02015 | ips_g=72.2 ips/rk=18.1 | elapsed=1136.5s | eta=248.6s
  step  82456/100000 | loss=3.4156 | rl=1.3586 | vl=0.6681 | behavior=6.9289 | curv_reg=0.623299 | codes=255/252/245/256 | c=0.122/0.122/0.122 | sinkhorn_eps=0.02052/0.02052/0.02052 | ips_g=72.2 ips/rk=18.1 | elapsed=1141.5s | eta=242.9s
  step  82840/100000 | loss=3.2481 | rl=1.3274 | vl=0.5688 | behavior=6.7437 | curv_reg=0.623299 | codes=256/250/247/256 | c=0.120/0.120/0.120 | sinkhorn_eps=0.02088/0.02088/0.02088 | ips_g=72.3 ips/rk=18.1 | elapsed=1146.5s | eta=237.5s
  step  83228/100000 | loss=3.2385 | rl=1.3012 | vl=0.5776 | behavior=6.7827 | curv_reg=0.623299 | codes=256/251/247/256 | c=0.118/0.118/0.118 | sinkhorn_eps=0.02126/0.02126/0.02126 | ips_g=72.3 ips/rk=18.1 | elapsed=1151.5s | eta=232.0s
  step  83612/100000 | loss=3.2597 | rl=1.3178 | vl=0.5805 | behavior=6.7914 | curv_reg=0.623299 | codes=256/250/247/256 | c=0.116/0.116/0.116 | sinkhorn_eps=0.02164/0.02164/0.02164 | ips_g=72.3 ips/rk=18.1 | elapsed=1156.5s | eta=226.7s
  step  84000/100000 | loss=3.3106 | rl=1.3314 | vl=0.6155 | behavior=6.8027 | curv_reg=0.623299 | codes=255/248/240/256 | c=0.113/0.113/0.113 | sinkhorn_eps=0.02203/0.02203/0.02203 | ips_g=72.3 ips/rk=18.1 | elapsed=1161.5s | eta=221.2s
  step  84380/100000 | loss=3.4871 | rl=1.3439 | vl=0.7359 | behavior=7.0210 | curv_reg=0.623299 | codes=256/247/230/256 | c=0.111/0.111/0.111 | sinkhorn_eps=0.02243/0.02243/0.02243 | ips_g=72.3 ips/rk=18.1 | elapsed=1166.6s | eta=215.9s
  step  84760/100000 | loss=3.3723 | rl=1.3245 | vl=0.6514 | behavior=6.9662 | curv_reg=0.623299 | codes=256/249/247/256 | c=0.109/0.109/0.109 | sinkhorn_eps=0.02284/0.02284/0.02284 | ips_g=72.3 ips/rk=18.1 | elapsed=1171.6s | eta=210.7s
  step  85148/100000 | loss=3.1710 | rl=1.3080 | vl=0.5137 | behavior=6.7308 | curv_reg=0.623299 | codes=255/254/245/256 | c=0.107/0.107/0.107 | sinkhorn_eps=0.02326/0.02326/0.02326 | ips_g=72.4 ips/rk=18.1 | elapsed=1176.6s | eta=205.2s
  step  85536/100000 | loss=3.3190 | rl=1.3454 | vl=0.6053 | behavior=6.8262 | curv_reg=0.623299 | codes=256/247/240/256 | c=0.105/0.105/0.105 | sinkhorn_eps=0.02370/0.02370/0.02370 | ips_g=72.4 ips/rk=18.1 | elapsed=1181.6s | eta=199.8s
  step  85924/100000 | loss=3.3505 | rl=1.3168 | vl=0.6481 | behavior=6.9128 | curv_reg=0.623299 | codes=256/249/240/256 | c=0.104/0.104/0.104 | sinkhorn_eps=0.02415/0.02415/0.02415 | ips_g=72.4 ips/rk=18.1 | elapsed=1186.6s | eta=194.4s
  step  86336/100000 | loss=3.2931 | rl=1.3091 | vl=0.6058 | behavior=6.8754 | curv_reg=0.623299 | codes=256/253/241/256 | c=0.101/0.101/0.101 | sinkhorn_eps=0.02463/0.02463/0.02463 | ips_g=72.4 ips/rk=18.1 | elapsed=1191.7s | eta=188.6s
  step  86744/100000 | loss=3.3614 | rl=1.3269 | vl=0.6579 | behavior=6.8678 | curv_reg=0.623299 | codes=255/249/244/256 | c=0.099/0.099/0.099 | sinkhorn_eps=0.02513/0.02513/0.02513 | ips_g=72.5 ips/rk=18.1 | elapsed=1196.7s | eta=182.9s
  step  87120/100000 | loss=3.3400 | rl=1.3509 | vl=0.6205 | behavior=6.8278 | curv_reg=0.623299 | codes=254/248/243/256 | c=0.098/0.098/0.098 | sinkhorn_eps=0.02559/0.02559/0.02559 | ips_g=72.5 ips/rk=18.1 | elapsed=1201.7s | eta=177.7s
  step  87524/100000 | loss=3.4586 | rl=1.3377 | vl=0.7029 | behavior=7.0748 | curv_reg=0.623299 | codes=256/251/243/256 | c=0.096/0.096/0.096 | sinkhorn_eps=0.02611/0.02611/0.02611 | ips_g=72.5 ips/rk=18.1 | elapsed=1206.7s | eta=172.0s
  step  87936/100000 | loss=3.2382 | rl=1.3171 | vl=0.5592 | behavior=6.7937 | curv_reg=0.623299 | codes=255/252/247/256 | c=0.094/0.094/0.094 | sinkhorn_eps=0.02665/0.02665/0.02665 | ips_g=72.6 ips/rk=18.1 | elapsed=1211.7s | eta=166.2s
  step  88348/100000 | loss=3.2870 | rl=1.3227 | vl=0.6065 | behavior=6.7741 | curv_reg=0.623299 | codes=253/245/241/256 | c=0.092/0.092/0.092 | sinkhorn_eps=0.02720/0.02720/0.02720 | ips_g=72.6 ips/rk=18.2 | elapsed=1216.7s | eta=160.5s
  step  88748/100000 | loss=3.4148 | rl=1.3354 | vl=0.6852 | behavior=6.9559 | curv_reg=0.623299 | codes=254/246/242/256 | c=0.090/0.090/0.090 | sinkhorn_eps=0.02775/0.02775/0.02775 | ips_g=72.6 ips/rk=18.2 | elapsed=1221.8s | eta=154.9s
  step  89148/100000 | loss=3.3476 | rl=1.3322 | vl=0.6648 | behavior=6.7374 | curv_reg=0.623299 | codes=256/248/241/256 | c=0.088/0.088/0.088 | sinkhorn_eps=0.02831/0.02831/0.02831 | ips_g=72.7 ips/rk=18.2 | elapsed=1226.8s | eta=149.3s
  step  89564/100000 | loss=3.4557 | rl=1.3454 | vl=0.7187 | behavior=6.9421 | curv_reg=0.623299 | codes=256/248/235/256 | c=0.086/0.086/0.086 | sinkhorn_eps=0.02891/0.02891/0.02891 | ips_g=72.7 ips/rk=18.2 | elapsed=1231.8s | eta=143.5s
  step  89968/100000 | loss=3.3417 | rl=1.3286 | vl=0.6304 | behavior=6.8981 | curv_reg=0.623299 | codes=255/248/244/256 | c=0.085/0.085/0.085 | sinkhorn_eps=0.02951/0.02951/0.02951 | ips_g=72.7 ips/rk=18.2 | elapsed=1236.8s | eta=137.9s
[Step12] saved /home/wlia0047/ar57/wenyu/GeneRec/results/stage2_RQ-VAE/curvature_RQ-VAE_iter24/out/rqvae/instruments/rqvae_best.pth (step=90000)
  [SID save step=90000] wrote raw 3-token SIDs /home/wlia0047/ar57/wenyu/GeneRec/results/stage2_RQ-VAE/curvature_RQ-VAE_iter24/out/rqvae/instruments/sids_raw.npy: shape=(24587, 3)
  [SID metrics step=90000] hitrate@50=0.9966 full_gini=0.0666 per_layer=[0.1252/0.3177/0.3939] unique=22869/24587 l01_pairs=14307 H_l1_given_l0=5.5039
  step  90004/100000 | loss=3.3720 | rl=1.3225 | vl=0.6764 | behavior=6.8504 | curv_reg=0.623299 | codes=256/243/238/256 | c=0.085/0.085/0.085 | sinkhorn_eps=0.02956/0.02956/0.02956 | ips_g=72.0 ips/rk=18.0 | elapsed=1249.4s | eta=138.8s
  step  90420/100000 | loss=3.3491 | rl=1.3278 | vl=0.6508 | behavior=6.8371 | curv_reg=0.623299 | codes=256/247/230/256 | c=0.083/0.083/0.083 | sinkhorn_eps=0.03020/0.03020/0.03020 | ips_g=72.1 ips/rk=18.0 | elapsed=1254.4s | eta=132.9s
  step  90832/100000 | loss=3.3585 | rl=1.3130 | vl=0.6715 | behavior=6.8542 | curv_reg=0.623299 | codes=256/243/235/256 | c=0.081/0.081/0.081 | sinkhorn_eps=0.03084/0.03084/0.03084 | ips_g=72.1 ips/rk=18.0 | elapsed=1259.5s | eta=127.1s
  step  91244/100000 | loss=3.2998 | rl=1.3058 | vl=0.6097 | behavior=6.9055 | curv_reg=0.623299 | codes=256/247/245/256 | c=0.079/0.079/0.079 | sinkhorn_eps=0.03150/0.03150/0.03150 | ips_g=72.2 ips/rk=18.0 | elapsed=1264.5s | eta=121.3s
  step  91652/100000 | loss=3.4802 | rl=1.3581 | vl=0.7301 | behavior=6.9444 | curv_reg=0.623299 | codes=256/250/242/256 | c=0.078/0.078/0.078 | sinkhorn_eps=0.03217/0.03217/0.03217 | ips_g=72.2 ips/rk=18.0 | elapsed=1269.5s | eta=115.6s
  step  92064/100000 | loss=3.3626 | rl=1.3039 | vl=0.6611 | behavior=6.9726 | curv_reg=0.623299 | codes=256/248/243/256 | c=0.076/0.076/0.076 | sinkhorn_eps=0.03286/0.03286/0.03286 | ips_g=72.2 ips/rk=18.1 | elapsed=1274.5s | eta=109.9s
  step  92464/100000 | loss=3.2960 | rl=1.3181 | vl=0.6215 | behavior=6.7660 | curv_reg=0.623299 | codes=253/244/243/256 | c=0.075/0.075/0.075 | sinkhorn_eps=0.03355/0.03355/0.03355 | ips_g=72.3 ips/rk=18.1 | elapsed=1279.6s | eta=104.3s
  step  92872/100000 | loss=3.5008 | rl=1.3294 | vl=0.7579 | behavior=7.0521 | curv_reg=0.623299 | codes=254/242/239/256 | c=0.073/0.073/0.073 | sinkhorn_eps=0.03427/0.03427/0.03427 | ips_g=72.3 ips/rk=18.1 | elapsed=1284.6s | eta=98.6s
  step  93284/100000 | loss=3.4360 | rl=1.3188 | vl=0.7242 | behavior=6.9496 | curv_reg=0.623299 | codes=256/238/237/256 | c=0.071/0.071/0.071 | sinkhorn_eps=0.03501/0.03501/0.03501 | ips_g=72.3 ips/rk=18.1 | elapsed=1289.6s | eta=92.8s
  step  93700/100000 | loss=3.3200 | rl=1.3248 | vl=0.6140 | behavior=6.8908 | curv_reg=0.623299 | codes=253/248/239/256 | c=0.070/0.070/0.070 | sinkhorn_eps=0.03578/0.03578/0.03578 | ips_g=72.4 ips/rk=18.1 | elapsed=1294.7s | eta=87.0s
  step  94108/100000 | loss=3.3256 | rl=1.3374 | vl=0.6160 | behavior=6.8457 | curv_reg=0.623299 | codes=254/246/244/256 | c=0.068/0.068/0.068 | sinkhorn_eps=0.03656/0.03656/0.03656 | ips_g=72.4 ips/rk=18.1 | elapsed=1299.7s | eta=81.4s
  step  94520/100000 | loss=3.4280 | rl=1.3378 | vl=0.6949 | behavior=6.9606 | curv_reg=0.623299 | codes=255/242/233/256 | c=0.067/0.067/0.067 | sinkhorn_eps=0.03736/0.03736/0.03736 | ips_g=72.4 ips/rk=18.1 | elapsed=1304.7s | eta=75.6s
  step  94928/100000 | loss=3.5241 | rl=1.3365 | vl=0.7712 | behavior=7.0662 | curv_reg=0.623299 | codes=254/239/237/256 | c=0.065/0.065/0.065 | sinkhorn_eps=0.03817/0.03817/0.03817 | ips_g=72.5 ips/rk=18.1 | elapsed=1309.7s | eta=70.0s
  step  95332/100000 | loss=3.3860 | rl=1.3389 | vl=0.6588 | behavior=6.9261 | curv_reg=0.623299 | codes=254/254/238/256 | c=0.064/0.064/0.064 | sinkhorn_eps=0.03899/0.03899/0.03899 | ips_g=72.5 ips/rk=18.1 | elapsed=1314.8s | eta=64.4s
  step  95736/100000 | loss=3.3675 | rl=1.3507 | vl=0.6481 | behavior=6.8283 | curv_reg=0.623299 | codes=256/244/238/256 | c=0.063/0.063/0.063 | sinkhorn_eps=0.03983/0.03983/0.03983 | ips_g=72.5 ips/rk=18.1 | elapsed=1319.8s | eta=58.8s
  step  96144/100000 | loss=3.4950 | rl=1.3446 | vl=0.7361 | behavior=7.0557 | curv_reg=0.623299 | codes=256/238/230/256 | c=0.061/0.061/0.061 | sinkhorn_eps=0.04070/0.04070/0.04070 | ips_g=72.6 ips/rk=18.1 | elapsed=1324.8s | eta=53.1s
  step  96548/100000 | loss=3.4608 | rl=1.3602 | vl=0.6974 | behavior=7.0005 | curv_reg=0.623299 | codes=255/244/247/256 | c=0.060/0.060/0.060 | sinkhorn_eps=0.04159/0.04159/0.04159 | ips_g=72.6 ips/rk=18.2 | elapsed=1329.8s | eta=47.5s
  step  96952/100000 | loss=3.4687 | rl=1.3321 | vl=0.7333 | behavior=7.0007 | curv_reg=0.623299 | codes=255/245/237/256 | c=0.059/0.059/0.059 | sinkhorn_eps=0.04249/0.04249/0.04249 | ips_g=72.6 ips/rk=18.2 | elapsed=1334.9s | eta=42.0s
  step  97360/100000 | loss=3.3745 | rl=1.3097 | vl=0.6645 | behavior=6.9858 | curv_reg=0.623299 | codes=255/245/235/256 | c=0.058/0.058/0.058 | sinkhorn_eps=0.04342/0.04342/0.04342 | ips_g=72.7 ips/rk=18.2 | elapsed=1339.9s | eta=36.3s
  step  97768/100000 | loss=3.3458 | rl=1.3260 | vl=0.6392 | behavior=6.8870 | curv_reg=0.623299 | codes=254/246/241/256 | c=0.056/0.056/0.056 | sinkhorn_eps=0.04438/0.04438/0.04438 | ips_g=72.7 ips/rk=18.2 | elapsed=1345.0s | eta=30.7s
  step  98172/100000 | loss=3.4677 | rl=1.3489 | vl=0.6996 | behavior=7.0803 | curv_reg=0.623299 | codes=256/232/235/256 | c=0.055/0.055/0.055 | sinkhorn_eps=0.04534/0.04534/0.04534 | ips_g=72.7 ips/rk=18.2 | elapsed=1350.0s | eta=25.1s
  step  98580/100000 | loss=3.5327 | rl=1.3323 | vl=0.7785 | behavior=7.0938 | curv_reg=0.623299 | codes=254/243/236/256 | c=0.054/0.054/0.054 | sinkhorn_eps=0.04634/0.04634/0.04634 | ips_g=72.8 ips/rk=18.2 | elapsed=1355.0s | eta=19.5s
  step  98992/100000 | loss=3.3515 | rl=1.3212 | vl=0.6464 | behavior=6.9040 | curv_reg=0.623299 | codes=254/249/232/256 | c=0.053/0.053/0.053 | sinkhorn_eps=0.04737/0.04737/0.04737 | ips_g=72.8 ips/rk=18.2 | elapsed=1360.0s | eta=13.8s
  step  99400/100000 | loss=3.3960 | rl=1.3084 | vl=0.7020 | behavior=6.9128 | curv_reg=0.623299 | codes=256/236/235/256 | c=0.052/0.052/0.052 | sinkhorn_eps=0.04841/0.04841/0.04841 | ips_g=72.8 ips/rk=18.2 | elapsed=1365.0s | eta=8.2s
  step  99816/100000 | loss=3.5945 | rl=1.3367 | vl=0.8148 | behavior=7.1995 | curv_reg=0.623299 | codes=256/239/245/256 | c=0.051/0.051/0.051 | sinkhorn_eps=0.04950/0.04950/0.04950 | ips_g=72.9 ips/rk=18.2 | elapsed=1370.1s | eta=2.5s
[Step12] saved /home/wlia0047/ar57/wenyu/GeneRec/results/stage2_RQ-VAE/curvature_RQ-VAE_iter24/out/rqvae/instruments/rqvae_best.pth (step=100000)
  [SID save step=100000] wrote raw 3-token SIDs /home/wlia0047/ar57/wenyu/GeneRec/results/stage2_RQ-VAE/curvature_RQ-VAE_iter24/out/rqvae/instruments/sids_raw.npy: shape=(24587, 3)
  [SID metrics step=100000] hitrate@50=0.9956 full_gini=0.0850 per_layer=[0.1619/0.4072/0.4270] unique=22377/24587 l01_pairs=13480 H_l1_given_l0=5.3947
[export] 3-token unique=22377/24587 (collision rows=2210) -> extension 值域 [768, 779] (default=768)
[export] wrote /home/wlia0047/ar57/wenyu/GeneRec/results/stage2_RQ-VAE/curvature_RQ-VAE_iter24/dataset/Instruments/sids_for_hgrec.npy: shape=(24587, 4)
[export] wrote /home/wlia0047/ar57/wenyu/GeneRec/results/stage2_RQ-VAE/curvature_RQ-VAE_iter24/item_sids.json: n_items=24587
[export] SID_WIRING_PASS: 4-token extension npy + JSON 校验通过
[train] done at global_step=100000, total time=1384.4s
