2026-09-30 09:27:57,230 - INFO - Configuration: {'batch_size': 4096, 'infer_size': 1024, 'num_epochs': 150, 'eval_interval': 5, 'eval_start_epoch': 75, 'early_eval_epochs': (25, 50, 75, 100, 125), 'fast': True, 'bf16': True, 'use_lr_scheduler': True, 'lr_warmup_pct': 0.1, 'lr_min_factor': 0.2, 'compile': False, 'compile_mode': 'default', 'num_layers': 4, 'num_decoder_layers': 4, 'd_model': 128, 'd_ff': 1024, 'num_heads': 6, 'd_kv': 64, 'dropout_rate': 0.1, 'activation_function': 'relu', 'feed_forward_proj': 'relu', 'device': 'cuda', 'lr': 0.003, 'weight_decay': 0.05, 'vocab_size': 781, 'eos_token_id': 780, 'pad_token_id': 0, 'n_user_tokens': 1, 'max_len': 20, 'dataset_name': 'Amazon_2023_Instruments', 'dataset_path': '/home/wlia0047/ar57/wenyu/GeneRec/results/stage0_build_parquet/', 'codebook_size': [256, 256, 256, 1], 'code_path': '/fs04/ar57/wenyu/GeneRec/results/stage2_RQ-VAE/curvature_RQ-VAE_iter60/item_sids.json', 'train_file': 'train.parquet', 'valid_file': 'valid.parquet', 'test_file': 'test.parquet', 'log_path': '/fs04/ar57/wenyu/GeneRec/results/stage3_T5Train/curvature_RQ-VAE_iter60/logs/', 'save_path': '/fs04/ar57/wenyu/GeneRec/results/stage3_T5Train/curvature_RQ-VAE_iter60/ckpt/', 'seed': 42, 'topk_list': [5, 10], 'beam_size': 20, 'no_eval': True, 'skip_test': False, 'screen_baseline_log': '', 'screen_start_epoch': 40, 'screen_window': 5, 'screen_min_ndcg_gain': 0.001, 'screen_min_recall_gain': 0.001, 'num_workers': 4, 'prefetch_factor': 8, 'exclude_history': True, 'no_exclude_history': False, 'pin_memory': True, 'no_pin_memory': False, 'sid_length': 4, 'max_token_seq_len': 82, 'decoder_start_token_id': 0}
2026-09-30 09:27:57,281 - INFO - #Embedding parameters: 99968
#Non-embedding parameters: 4459648
#Total trainable parameters: 4559616

2026-09-30 09:28:10,360 - INFO - Epoch 1/150 train_loss=4.647987270355225
2026-09-30 09:28:10,446 - INFO - Best train loss=4.647987270355225; saved /fs04/ar57/wenyu/GeneRec/results/stage3_T5Train/curvature_RQ-VAE_iter60/ckpt/Amazon_2023_Instruments/Sep-30-2026_09-27-57/HG_Rec_best.pth
2026-09-30 09:28:22,070 - INFO - Epoch 2/150 train_loss=4.042287340164185
2026-09-30 09:28:22,107 - INFO - Best train loss=4.042287340164185; saved /fs04/ar57/wenyu/GeneRec/results/stage3_T5Train/curvature_RQ-VAE_iter60/ckpt/Amazon_2023_Instruments/Sep-30-2026_09-27-57/HG_Rec_best.pth
2026-09-30 09:28:33,723 - INFO - Epoch 3/150 train_loss=3.8608563995361327
2026-09-30 09:28:33,759 - INFO - Best train loss=3.8608563995361327; saved /fs04/ar57/wenyu/GeneRec/results/stage3_T5Train/curvature_RQ-VAE_iter60/ckpt/Amazon_2023_Instruments/Sep-30-2026_09-27-57/HG_Rec_best.pth
2026-09-30 09:28:45,369 - INFO - Epoch 4/150 train_loss=3.7156214332580566
2026-09-30 09:28:45,403 - INFO - Best train loss=3.7156214332580566; saved /fs04/ar57/wenyu/GeneRec/results/stage3_T5Train/curvature_RQ-VAE_iter60/ckpt/Amazon_2023_Instruments/Sep-30-2026_09-27-57/HG_Rec_best.pth
2026-09-30 09:28:57,014 - INFO - Epoch 5/150 train_loss=3.6094069194793703
2026-09-30 09:28:57,051 - INFO - Best train loss=3.6094069194793703; saved /fs04/ar57/wenyu/GeneRec/results/stage3_T5Train/curvature_RQ-VAE_iter60/ckpt/Amazon_2023_Instruments/Sep-30-2026_09-27-57/HG_Rec_best.pth
2026-09-30 09:29:08,662 - INFO - Epoch 6/150 train_loss=3.4672987270355224
2026-09-30 09:29:08,696 - INFO - Best train loss=3.4672987270355224; saved /fs04/ar57/wenyu/GeneRec/results/stage3_T5Train/curvature_RQ-VAE_iter60/ckpt/Amazon_2023_Instruments/Sep-30-2026_09-27-57/HG_Rec_best.pth
2026-09-30 09:29:20,299 - INFO - Epoch 7/150 train_loss=3.3456464195251465
2026-09-30 09:29:20,336 - INFO - Best train loss=3.3456464195251465; saved /fs04/ar57/wenyu/GeneRec/results/stage3_T5Train/curvature_RQ-VAE_iter60/ckpt/Amazon_2023_Instruments/Sep-30-2026_09-27-57/HG_Rec_best.pth
2026-09-30 09:29:31,939 - INFO - Epoch 8/150 train_loss=3.227483024597168
2026-09-30 09:29:31,975 - INFO - Best train loss=3.227483024597168; saved /fs04/ar57/wenyu/GeneRec/results/stage3_T5Train/curvature_RQ-VAE_iter60/ckpt/Amazon_2023_Instruments/Sep-30-2026_09-27-57/HG_Rec_best.pth
2026-09-30 09:29:43,581 - INFO - Epoch 9/150 train_loss=3.115072555541992
2026-09-30 09:29:43,619 - INFO - Best train loss=3.115072555541992; saved /fs04/ar57/wenyu/GeneRec/results/stage3_T5Train/curvature_RQ-VAE_iter60/ckpt/Amazon_2023_Instruments/Sep-30-2026_09-27-57/HG_Rec_best.pth
2026-09-30 09:29:55,223 - INFO - Epoch 10/150 train_loss=3.5229274368286134
2026-09-30 09:30:06,834 - INFO - Epoch 11/150 train_loss=3.2909150409698484
2026-09-30 09:30:18,441 - INFO - Epoch 12/150 train_loss=3.12953839302063
2026-09-30 09:30:30,065 - INFO - Epoch 13/150 train_loss=3.0541021060943603
2026-09-30 09:30:30,101 - INFO - Best train loss=3.0541021060943603; saved /fs04/ar57/wenyu/GeneRec/results/stage3_T5Train/curvature_RQ-VAE_iter60/ckpt/Amazon_2023_Instruments/Sep-30-2026_09-27-57/HG_Rec_best.pth
2026-09-30 09:30:41,711 - INFO - Epoch 14/150 train_loss=2.9729705333709715
2026-09-30 09:30:41,748 - INFO - Best train loss=2.9729705333709715; saved /fs04/ar57/wenyu/GeneRec/results/stage3_T5Train/curvature_RQ-VAE_iter60/ckpt/Amazon_2023_Instruments/Sep-30-2026_09-27-57/HG_Rec_best.pth
2026-09-30 09:30:53,360 - INFO - Epoch 15/150 train_loss=2.9085846042633055
2026-09-30 09:30:53,396 - INFO - Best train loss=2.9085846042633055; saved /fs04/ar57/wenyu/GeneRec/results/stage3_T5Train/curvature_RQ-VAE_iter60/ckpt/Amazon_2023_Instruments/Sep-30-2026_09-27-57/HG_Rec_best.pth
2026-09-30 09:31:04,999 - INFO - Epoch 16/150 train_loss=2.853022508621216
2026-09-30 09:31:05,035 - INFO - Best train loss=2.853022508621216; saved /fs04/ar57/wenyu/GeneRec/results/stage3_T5Train/curvature_RQ-VAE_iter60/ckpt/Amazon_2023_Instruments/Sep-30-2026_09-27-57/HG_Rec_best.pth
2026-09-30 09:31:16,643 - INFO - Epoch 17/150 train_loss=2.7951088428497313
2026-09-30 09:31:16,677 - INFO - Best train loss=2.7951088428497313; saved /fs04/ar57/wenyu/GeneRec/results/stage3_T5Train/curvature_RQ-VAE_iter60/ckpt/Amazon_2023_Instruments/Sep-30-2026_09-27-57/HG_Rec_best.pth
2026-09-30 09:31:28,843 - INFO - Epoch 18/150 train_loss=2.7514102458953857
2026-09-30 09:31:28,879 - INFO - Best train loss=2.7514102458953857; saved /fs04/ar57/wenyu/GeneRec/results/stage3_T5Train/curvature_RQ-VAE_iter60/ckpt/Amazon_2023_Instruments/Sep-30-2026_09-27-57/HG_Rec_best.pth
2026-09-30 09:31:40,485 - INFO - Epoch 19/150 train_loss=2.7046344470977783
2026-09-30 09:31:40,523 - INFO - Best train loss=2.7046344470977783; saved /fs04/ar57/wenyu/GeneRec/results/stage3_T5Train/curvature_RQ-VAE_iter60/ckpt/Amazon_2023_Instruments/Sep-30-2026_09-27-57/HG_Rec_best.pth
2026-09-30 09:31:52,127 - INFO - Epoch 20/150 train_loss=2.662401571273804
2026-09-30 09:31:52,164 - INFO - Best train loss=2.662401571273804; saved /fs04/ar57/wenyu/GeneRec/results/stage3_T5Train/curvature_RQ-VAE_iter60/ckpt/Amazon_2023_Instruments/Sep-30-2026_09-27-57/HG_Rec_best.pth
2026-09-30 09:32:03,764 - INFO - Epoch 21/150 train_loss=2.625677156448364
2026-09-30 09:32:03,801 - INFO - Best train loss=2.625677156448364; saved /fs04/ar57/wenyu/GeneRec/results/stage3_T5Train/curvature_RQ-VAE_iter60/ckpt/Amazon_2023_Instruments/Sep-30-2026_09-27-57/HG_Rec_best.pth
2026-09-30 09:32:15,405 - INFO - Epoch 22/150 train_loss=2.5960328674316404
2026-09-30 09:32:15,442 - INFO - Best train loss=2.5960328674316404; saved /fs04/ar57/wenyu/GeneRec/results/stage3_T5Train/curvature_RQ-VAE_iter60/ckpt/Amazon_2023_Instruments/Sep-30-2026_09-27-57/HG_Rec_best.pth
2026-09-30 09:32:27,052 - INFO - Epoch 23/150 train_loss=2.560161285400391
2026-09-30 09:32:27,087 - INFO - Best train loss=2.560161285400391; saved /fs04/ar57/wenyu/GeneRec/results/stage3_T5Train/curvature_RQ-VAE_iter60/ckpt/Amazon_2023_Instruments/Sep-30-2026_09-27-57/HG_Rec_best.pth
2026-09-30 09:32:38,692 - INFO - Epoch 24/150 train_loss=2.536799726486206
2026-09-30 09:32:38,727 - INFO - Best train loss=2.536799726486206; saved /fs04/ar57/wenyu/GeneRec/results/stage3_T5Train/curvature_RQ-VAE_iter60/ckpt/Amazon_2023_Instruments/Sep-30-2026_09-27-57/HG_Rec_best.pth
2026-09-30 09:32:50,336 - INFO - Epoch 25/150 train_loss=2.5098698043823244
2026-09-30 09:32:50,370 - INFO - Best train loss=2.5098698043823244; saved /fs04/ar57/wenyu/GeneRec/results/stage3_T5Train/curvature_RQ-VAE_iter60/ckpt/Amazon_2023_Instruments/Sep-30-2026_09-27-57/HG_Rec_best.pth
2026-09-30 09:33:01,982 - INFO - Epoch 26/150 train_loss=2.476900815963745
2026-09-30 09:33:02,016 - INFO - Best train loss=2.476900815963745; saved /fs04/ar57/wenyu/GeneRec/results/stage3_T5Train/curvature_RQ-VAE_iter60/ckpt/Amazon_2023_Instruments/Sep-30-2026_09-27-57/HG_Rec_best.pth
2026-09-30 09:33:13,630 - INFO - Epoch 27/150 train_loss=2.453164176940918
2026-09-30 09:33:13,666 - INFO - Best train loss=2.453164176940918; saved /fs04/ar57/wenyu/GeneRec/results/stage3_T5Train/curvature_RQ-VAE_iter60/ckpt/Amazon_2023_Instruments/Sep-30-2026_09-27-57/HG_Rec_best.pth
2026-09-30 09:33:25,280 - INFO - Epoch 28/150 train_loss=2.431510877609253
2026-09-30 09:33:25,318 - INFO - Best train loss=2.431510877609253; saved /fs04/ar57/wenyu/GeneRec/results/stage3_T5Train/curvature_RQ-VAE_iter60/ckpt/Amazon_2023_Instruments/Sep-30-2026_09-27-57/HG_Rec_best.pth
2026-09-30 09:33:36,929 - INFO - Epoch 29/150 train_loss=2.4084592247009278
2026-09-30 09:33:36,965 - INFO - Best train loss=2.4084592247009278; saved /fs04/ar57/wenyu/GeneRec/results/stage3_T5Train/curvature_RQ-VAE_iter60/ckpt/Amazon_2023_Instruments/Sep-30-2026_09-27-57/HG_Rec_best.pth
2026-09-30 09:33:48,575 - INFO - Epoch 30/150 train_loss=2.387837495803833
2026-09-30 09:33:48,610 - INFO - Best train loss=2.387837495803833; saved /fs04/ar57/wenyu/GeneRec/results/stage3_T5Train/curvature_RQ-VAE_iter60/ckpt/Amazon_2023_Instruments/Sep-30-2026_09-27-57/HG_Rec_best.pth
2026-09-30 09:34:00,217 - INFO - Epoch 31/150 train_loss=2.373193473815918
2026-09-30 09:34:00,252 - INFO - Best train loss=2.373193473815918; saved /fs04/ar57/wenyu/GeneRec/results/stage3_T5Train/curvature_RQ-VAE_iter60/ckpt/Amazon_2023_Instruments/Sep-30-2026_09-27-57/HG_Rec_best.pth
2026-09-30 09:34:11,852 - INFO - Epoch 32/150 train_loss=2.353422842025757
2026-09-30 09:34:11,891 - INFO - Best train loss=2.353422842025757; saved /fs04/ar57/wenyu/GeneRec/results/stage3_T5Train/curvature_RQ-VAE_iter60/ckpt/Amazon_2023_Instruments/Sep-30-2026_09-27-57/HG_Rec_best.pth
2026-09-30 09:34:23,500 - INFO - Epoch 33/150 train_loss=2.333191194534302
2026-09-30 09:34:23,540 - INFO - Best train loss=2.333191194534302; saved /fs04/ar57/wenyu/GeneRec/results/stage3_T5Train/curvature_RQ-VAE_iter60/ckpt/Amazon_2023_Instruments/Sep-30-2026_09-27-57/HG_Rec_best.pth
2026-09-30 09:34:35,140 - INFO - Epoch 34/150 train_loss=2.315495128631592
2026-09-30 09:34:35,184 - INFO - Best train loss=2.315495128631592; saved /fs04/ar57/wenyu/GeneRec/results/stage3_T5Train/curvature_RQ-VAE_iter60/ckpt/Amazon_2023_Instruments/Sep-30-2026_09-27-57/HG_Rec_best.pth
2026-09-30 09:34:46,786 - INFO - Epoch 35/150 train_loss=2.3066806507110598
2026-09-30 09:34:46,823 - INFO - Best train loss=2.3066806507110598; saved /fs04/ar57/wenyu/GeneRec/results/stage3_T5Train/curvature_RQ-VAE_iter60/ckpt/Amazon_2023_Instruments/Sep-30-2026_09-27-57/HG_Rec_best.pth
2026-09-30 09:34:58,425 - INFO - Epoch 36/150 train_loss=2.287771759033203
2026-09-30 09:34:58,459 - INFO - Best train loss=2.287771759033203; saved /fs04/ar57/wenyu/GeneRec/results/stage3_T5Train/curvature_RQ-VAE_iter60/ckpt/Amazon_2023_Instruments/Sep-30-2026_09-27-57/HG_Rec_best.pth
2026-09-30 09:35:10,061 - INFO - Epoch 37/150 train_loss=2.2729351043701174
2026-09-30 09:35:10,098 - INFO - Best train loss=2.2729351043701174; saved /fs04/ar57/wenyu/GeneRec/results/stage3_T5Train/curvature_RQ-VAE_iter60/ckpt/Amazon_2023_Instruments/Sep-30-2026_09-27-57/HG_Rec_best.pth
2026-09-30 09:35:21,704 - INFO - Epoch 38/150 train_loss=2.257670831680298
2026-09-30 09:35:21,739 - INFO - Best train loss=2.257670831680298; saved /fs04/ar57/wenyu/GeneRec/results/stage3_T5Train/curvature_RQ-VAE_iter60/ckpt/Amazon_2023_Instruments/Sep-30-2026_09-27-57/HG_Rec_best.pth
2026-09-30 09:35:33,353 - INFO - Epoch 39/150 train_loss=2.250100212097168
2026-09-30 09:35:33,389 - INFO - Best train loss=2.250100212097168; saved /fs04/ar57/wenyu/GeneRec/results/stage3_T5Train/curvature_RQ-VAE_iter60/ckpt/Amazon_2023_Instruments/Sep-30-2026_09-27-57/HG_Rec_best.pth
2026-09-30 09:35:44,996 - INFO - Epoch 40/150 train_loss=2.2355199337005613
2026-09-30 09:35:45,032 - INFO - Best train loss=2.2355199337005613; saved /fs04/ar57/wenyu/GeneRec/results/stage3_T5Train/curvature_RQ-VAE_iter60/ckpt/Amazon_2023_Instruments/Sep-30-2026_09-27-57/HG_Rec_best.pth
2026-09-30 09:35:56,643 - INFO - Epoch 41/150 train_loss=2.2271259212493897
2026-09-30 09:35:56,678 - INFO - Best train loss=2.2271259212493897; saved /fs04/ar57/wenyu/GeneRec/results/stage3_T5Train/curvature_RQ-VAE_iter60/ckpt/Amazon_2023_Instruments/Sep-30-2026_09-27-57/HG_Rec_best.pth
2026-09-30 09:36:08,283 - INFO - Epoch 42/150 train_loss=2.2160950660705567
2026-09-30 09:36:08,317 - INFO - Best train loss=2.2160950660705567; saved /fs04/ar57/wenyu/GeneRec/results/stage3_T5Train/curvature_RQ-VAE_iter60/ckpt/Amazon_2023_Instruments/Sep-30-2026_09-27-57/HG_Rec_best.pth
2026-09-30 09:36:19,984 - INFO - Epoch 43/150 train_loss=2.2017707061767577
2026-09-30 09:36:20,019 - INFO - Best train loss=2.2017707061767577; saved /fs04/ar57/wenyu/GeneRec/results/stage3_T5Train/curvature_RQ-VAE_iter60/ckpt/Amazon_2023_Instruments/Sep-30-2026_09-27-57/HG_Rec_best.pth
2026-09-30 09:36:31,626 - INFO - Epoch 44/150 train_loss=2.1928121662139892
2026-09-30 09:36:31,660 - INFO - Best train loss=2.1928121662139892; saved /fs04/ar57/wenyu/GeneRec/results/stage3_T5Train/curvature_RQ-VAE_iter60/ckpt/Amazon_2023_Instruments/Sep-30-2026_09-27-57/HG_Rec_best.pth
2026-09-30 09:36:43,269 - INFO - Epoch 45/150 train_loss=2.1843801593780516
2026-09-30 09:36:43,304 - INFO - Best train loss=2.1843801593780516; saved /fs04/ar57/wenyu/GeneRec/results/stage3_T5Train/curvature_RQ-VAE_iter60/ckpt/Amazon_2023_Instruments/Sep-30-2026_09-27-57/HG_Rec_best.pth
2026-09-30 09:36:54,914 - INFO - Epoch 46/150 train_loss=2.174641103744507
2026-09-30 09:36:54,950 - INFO - Best train loss=2.174641103744507; saved /fs04/ar57/wenyu/GeneRec/results/stage3_T5Train/curvature_RQ-VAE_iter60/ckpt/Amazon_2023_Instruments/Sep-30-2026_09-27-57/HG_Rec_best.pth
2026-09-30 09:37:06,560 - INFO - Epoch 47/150 train_loss=2.1668343257904055
2026-09-30 09:37:06,597 - INFO - Best train loss=2.1668343257904055; saved /fs04/ar57/wenyu/GeneRec/results/stage3_T5Train/curvature_RQ-VAE_iter60/ckpt/Amazon_2023_Instruments/Sep-30-2026_09-27-57/HG_Rec_best.pth
2026-09-30 09:37:18,205 - INFO - Epoch 48/150 train_loss=2.1581431102752684
2026-09-30 09:37:18,244 - INFO - Best train loss=2.1581431102752684; saved /fs04/ar57/wenyu/GeneRec/results/stage3_T5Train/curvature_RQ-VAE_iter60/ckpt/Amazon_2023_Instruments/Sep-30-2026_09-27-57/HG_Rec_best.pth
2026-09-30 09:37:29,854 - INFO - Epoch 49/150 train_loss=2.1459297275543214
2026-09-30 09:37:29,888 - INFO - Best train loss=2.1459297275543214; saved /fs04/ar57/wenyu/GeneRec/results/stage3_T5Train/curvature_RQ-VAE_iter60/ckpt/Amazon_2023_Instruments/Sep-30-2026_09-27-57/HG_Rec_best.pth
2026-09-30 09:37:41,494 - INFO - Epoch 50/150 train_loss=2.1447111320495607
2026-09-30 09:37:41,529 - INFO - Best train loss=2.1447111320495607; saved /fs04/ar57/wenyu/GeneRec/results/stage3_T5Train/curvature_RQ-VAE_iter60/ckpt/Amazon_2023_Instruments/Sep-30-2026_09-27-57/HG_Rec_best.pth
2026-09-30 09:37:53,436 - INFO - Epoch 51/150 train_loss=2.1357996749877928
2026-09-30 09:37:53,489 - INFO - Best train loss=2.1357996749877928; saved /fs04/ar57/wenyu/GeneRec/results/stage3_T5Train/curvature_RQ-VAE_iter60/ckpt/Amazon_2023_Instruments/Sep-30-2026_09-27-57/HG_Rec_best.pth
2026-09-30 09:38:05,562 - INFO - Epoch 52/150 train_loss=2.134610204696655
2026-09-30 09:38:05,600 - INFO - Best train loss=2.134610204696655; saved /fs04/ar57/wenyu/GeneRec/results/stage3_T5Train/curvature_RQ-VAE_iter60/ckpt/Amazon_2023_Instruments/Sep-30-2026_09-27-57/HG_Rec_best.pth
2026-09-30 09:38:17,221 - INFO - Epoch 53/150 train_loss=2.125719985961914
2026-09-30 09:38:17,260 - INFO - Best train loss=2.125719985961914; saved /fs04/ar57/wenyu/GeneRec/results/stage3_T5Train/curvature_RQ-VAE_iter60/ckpt/Amazon_2023_Instruments/Sep-30-2026_09-27-57/HG_Rec_best.pth
2026-09-30 09:38:28,872 - INFO - Epoch 54/150 train_loss=2.1157160091400145
2026-09-30 09:38:28,907 - INFO - Best train loss=2.1157160091400145; saved /fs04/ar57/wenyu/GeneRec/results/stage3_T5Train/curvature_RQ-VAE_iter60/ckpt/Amazon_2023_Instruments/Sep-30-2026_09-27-57/HG_Rec_best.pth
