2026-09-28 09:02:59,688 - INFO - Configuration: {'batch_size': 4096, 'infer_size': 1024, 'num_epochs': 150, 'eval_interval': 5, 'eval_start_epoch': 75, 'early_eval_epochs': (25, 50, 75, 100, 125), 'fast': True, 'bf16': True, 'use_lr_scheduler': True, 'lr_warmup_pct': 0.1, 'lr_min_factor': 0.2, 'compile': False, 'compile_mode': 'default', 'num_layers': 4, 'num_decoder_layers': 4, 'd_model': 128, 'd_ff': 1024, 'num_heads': 6, 'd_kv': 64, 'dropout_rate': 0.1, 'activation_function': 'relu', 'feed_forward_proj': 'relu', 'device': 'cuda', 'lr': 0.003, 'weight_decay': 0.05, 'vocab_size': 785, 'eos_token_id': 784, 'pad_token_id': 0, 'n_user_tokens': 1, 'max_len': 20, 'dataset_name': 'Amazon_2023_Instruments', 'dataset_path': '/home/wlia0047/ar57/wenyu/GeneRec/results/stage0_build_parquet/', 'codebook_size': [256, 256, 256, 1], 'code_path': '/fs04/ar57/wenyu/GeneRec/results/stage2_RQ-VAE/curvature_RQ-VAE_iter38/item_sids.json', 'train_file': 'train.parquet', 'valid_file': 'valid.parquet', 'test_file': 'test.parquet', 'log_path': '/fs04/ar57/wenyu/GeneRec/results/stage3_T5Train/curvature_RQ-VAE_iter38/logs/', 'save_path': '/fs04/ar57/wenyu/GeneRec/results/stage3_T5Train/curvature_RQ-VAE_iter38/ckpt/', 'seed': 42, 'topk_list': [5, 10], 'beam_size': 20, 'no_eval': True, 'skip_test': False, 'screen_baseline_log': '', 'screen_start_epoch': 40, 'screen_window': 5, 'screen_min_ndcg_gain': 0.001, 'screen_min_recall_gain': 0.001, 'num_workers': 4, 'prefetch_factor': 8, 'exclude_history': True, 'no_exclude_history': False, 'pin_memory': True, 'no_pin_memory': False, 'sid_length': 4, 'max_token_seq_len': 82, 'decoder_start_token_id': 0}
2026-09-28 09:02:59,785 - INFO - #Embedding parameters: 100480
#Non-embedding parameters: 4459648
#Total trainable parameters: 4560128

2026-09-28 09:03:13,033 - INFO - Epoch 1/150 train_loss=4.841522426605224
2026-09-28 09:03:13,114 - INFO - Best train loss=4.841522426605224; saved /fs04/ar57/wenyu/GeneRec/results/stage3_T5Train/curvature_RQ-VAE_iter38/ckpt/Amazon_2023_Instruments/Sep-28-2026_09-02-59/HG_Rec_best.pth
2026-09-28 09:03:24,743 - INFO - Epoch 2/150 train_loss=4.184148979187012
2026-09-28 09:03:24,779 - INFO - Best train loss=4.184148979187012; saved /fs04/ar57/wenyu/GeneRec/results/stage3_T5Train/curvature_RQ-VAE_iter38/ckpt/Amazon_2023_Instruments/Sep-28-2026_09-02-59/HG_Rec_best.pth
2026-09-28 09:03:36,391 - INFO - Epoch 3/150 train_loss=3.986550931930542
2026-09-28 09:03:36,426 - INFO - Best train loss=3.986550931930542; saved /fs04/ar57/wenyu/GeneRec/results/stage3_T5Train/curvature_RQ-VAE_iter38/ckpt/Amazon_2023_Instruments/Sep-28-2026_09-02-59/HG_Rec_best.pth
2026-09-28 09:03:48,035 - INFO - Epoch 4/150 train_loss=3.8333591842651367
2026-09-28 09:03:48,071 - INFO - Best train loss=3.8333591842651367; saved /fs04/ar57/wenyu/GeneRec/results/stage3_T5Train/curvature_RQ-VAE_iter38/ckpt/Amazon_2023_Instruments/Sep-28-2026_09-02-59/HG_Rec_best.pth
2026-09-28 09:03:59,680 - INFO - Epoch 5/150 train_loss=3.697232933044434
2026-09-28 09:03:59,723 - INFO - Best train loss=3.697232933044434; saved /fs04/ar57/wenyu/GeneRec/results/stage3_T5Train/curvature_RQ-VAE_iter38/ckpt/Amazon_2023_Instruments/Sep-28-2026_09-02-59/HG_Rec_best.pth
2026-09-28 09:04:11,331 - INFO - Epoch 6/150 train_loss=3.573448896408081
2026-09-28 09:04:11,368 - INFO - Best train loss=3.573448896408081; saved /fs04/ar57/wenyu/GeneRec/results/stage3_T5Train/curvature_RQ-VAE_iter38/ckpt/Amazon_2023_Instruments/Sep-28-2026_09-02-59/HG_Rec_best.pth
2026-09-28 09:04:22,975 - INFO - Epoch 7/150 train_loss=3.4270185470581054
2026-09-28 09:04:23,012 - INFO - Best train loss=3.4270185470581054; saved /fs04/ar57/wenyu/GeneRec/results/stage3_T5Train/curvature_RQ-VAE_iter38/ckpt/Amazon_2023_Instruments/Sep-28-2026_09-02-59/HG_Rec_best.pth
2026-09-28 09:04:34,618 - INFO - Epoch 8/150 train_loss=3.292002182006836
2026-09-28 09:04:34,655 - INFO - Best train loss=3.292002182006836; saved /fs04/ar57/wenyu/GeneRec/results/stage3_T5Train/curvature_RQ-VAE_iter38/ckpt/Amazon_2023_Instruments/Sep-28-2026_09-02-59/HG_Rec_best.pth
2026-09-28 09:04:46,259 - INFO - Epoch 9/150 train_loss=3.3285929584503173
2026-09-28 09:04:57,864 - INFO - Epoch 10/150 train_loss=3.1404300689697267
2026-09-28 09:04:57,906 - INFO - Best train loss=3.1404300689697267; saved /fs04/ar57/wenyu/GeneRec/results/stage3_T5Train/curvature_RQ-VAE_iter38/ckpt/Amazon_2023_Instruments/Sep-28-2026_09-02-59/HG_Rec_best.pth
2026-09-28 09:05:09,514 - INFO - Epoch 11/150 train_loss=3.0309537410736085
2026-09-28 09:05:09,552 - INFO - Best train loss=3.0309537410736085; saved /fs04/ar57/wenyu/GeneRec/results/stage3_T5Train/curvature_RQ-VAE_iter38/ckpt/Amazon_2023_Instruments/Sep-28-2026_09-02-59/HG_Rec_best.pth
2026-09-28 09:05:21,161 - INFO - Epoch 12/150 train_loss=2.9392104530334473
2026-09-28 09:05:21,198 - INFO - Best train loss=2.9392104530334473; saved /fs04/ar57/wenyu/GeneRec/results/stage3_T5Train/curvature_RQ-VAE_iter38/ckpt/Amazon_2023_Instruments/Sep-28-2026_09-02-59/HG_Rec_best.pth
2026-09-28 09:05:32,799 - INFO - Epoch 13/150 train_loss=2.8600179767608642
2026-09-28 09:05:32,837 - INFO - Best train loss=2.8600179767608642; saved /fs04/ar57/wenyu/GeneRec/results/stage3_T5Train/curvature_RQ-VAE_iter38/ckpt/Amazon_2023_Instruments/Sep-28-2026_09-02-59/HG_Rec_best.pth
2026-09-28 09:05:44,449 - INFO - Epoch 14/150 train_loss=2.794305534362793
2026-09-28 09:05:44,487 - INFO - Best train loss=2.794305534362793; saved /fs04/ar57/wenyu/GeneRec/results/stage3_T5Train/curvature_RQ-VAE_iter38/ckpt/Amazon_2023_Instruments/Sep-28-2026_09-02-59/HG_Rec_best.pth
2026-09-28 09:05:56,093 - INFO - Epoch 15/150 train_loss=2.7344328212738036
2026-09-28 09:05:56,128 - INFO - Best train loss=2.7344328212738036; saved /fs04/ar57/wenyu/GeneRec/results/stage3_T5Train/curvature_RQ-VAE_iter38/ckpt/Amazon_2023_Instruments/Sep-28-2026_09-02-59/HG_Rec_best.pth
2026-09-28 09:06:07,733 - INFO - Epoch 16/150 train_loss=2.6828504467010497
2026-09-28 09:06:07,771 - INFO - Best train loss=2.6828504467010497; saved /fs04/ar57/wenyu/GeneRec/results/stage3_T5Train/curvature_RQ-VAE_iter38/ckpt/Amazon_2023_Instruments/Sep-28-2026_09-02-59/HG_Rec_best.pth
2026-09-28 09:06:19,381 - INFO - Epoch 17/150 train_loss=2.630122423171997
2026-09-28 09:06:19,420 - INFO - Best train loss=2.630122423171997; saved /fs04/ar57/wenyu/GeneRec/results/stage3_T5Train/curvature_RQ-VAE_iter38/ckpt/Amazon_2023_Instruments/Sep-28-2026_09-02-59/HG_Rec_best.pth
2026-09-28 09:06:31,083 - INFO - Epoch 18/150 train_loss=2.5926788330078123
2026-09-28 09:06:31,618 - INFO - Best train loss=2.5926788330078123; saved /fs04/ar57/wenyu/GeneRec/results/stage3_T5Train/curvature_RQ-VAE_iter38/ckpt/Amazon_2023_Instruments/Sep-28-2026_09-02-59/HG_Rec_best.pth
2026-09-28 09:06:43,221 - INFO - Epoch 19/150 train_loss=2.5517920207977296
2026-09-28 09:06:43,260 - INFO - Best train loss=2.5517920207977296; saved /fs04/ar57/wenyu/GeneRec/results/stage3_T5Train/curvature_RQ-VAE_iter38/ckpt/Amazon_2023_Instruments/Sep-28-2026_09-02-59/HG_Rec_best.pth
2026-09-28 09:06:54,867 - INFO - Epoch 20/150 train_loss=2.5137371826171875
2026-09-28 09:06:54,902 - INFO - Best train loss=2.5137371826171875; saved /fs04/ar57/wenyu/GeneRec/results/stage3_T5Train/curvature_RQ-VAE_iter38/ckpt/Amazon_2023_Instruments/Sep-28-2026_09-02-59/HG_Rec_best.pth
2026-09-28 09:07:06,504 - INFO - Epoch 21/150 train_loss=2.4802796459197998
2026-09-28 09:07:06,544 - INFO - Best train loss=2.4802796459197998; saved /fs04/ar57/wenyu/GeneRec/results/stage3_T5Train/curvature_RQ-VAE_iter38/ckpt/Amazon_2023_Instruments/Sep-28-2026_09-02-59/HG_Rec_best.pth
2026-09-28 09:07:18,154 - INFO - Epoch 22/150 train_loss=2.4511962127685547
2026-09-28 09:07:18,190 - INFO - Best train loss=2.4511962127685547; saved /fs04/ar57/wenyu/GeneRec/results/stage3_T5Train/curvature_RQ-VAE_iter38/ckpt/Amazon_2023_Instruments/Sep-28-2026_09-02-59/HG_Rec_best.pth
2026-09-28 09:07:29,801 - INFO - Epoch 23/150 train_loss=2.426356649398804
2026-09-28 09:07:29,841 - INFO - Best train loss=2.426356649398804; saved /fs04/ar57/wenyu/GeneRec/results/stage3_T5Train/curvature_RQ-VAE_iter38/ckpt/Amazon_2023_Instruments/Sep-28-2026_09-02-59/HG_Rec_best.pth
2026-09-28 09:07:41,449 - INFO - Epoch 24/150 train_loss=2.4019770717620847
2026-09-28 09:07:41,486 - INFO - Best train loss=2.4019770717620847; saved /fs04/ar57/wenyu/GeneRec/results/stage3_T5Train/curvature_RQ-VAE_iter38/ckpt/Amazon_2023_Instruments/Sep-28-2026_09-02-59/HG_Rec_best.pth
2026-09-28 09:07:53,091 - INFO - Epoch 25/150 train_loss=2.3753597259521486
2026-09-28 09:07:53,130 - INFO - Best train loss=2.3753597259521486; saved /fs04/ar57/wenyu/GeneRec/results/stage3_T5Train/curvature_RQ-VAE_iter38/ckpt/Amazon_2023_Instruments/Sep-28-2026_09-02-59/HG_Rec_best.pth
2026-09-28 09:08:04,742 - INFO - Epoch 26/150 train_loss=2.3476466369628906
2026-09-28 09:08:04,782 - INFO - Best train loss=2.3476466369628906; saved /fs04/ar57/wenyu/GeneRec/results/stage3_T5Train/curvature_RQ-VAE_iter38/ckpt/Amazon_2023_Instruments/Sep-28-2026_09-02-59/HG_Rec_best.pth
2026-09-28 09:08:16,393 - INFO - Epoch 27/150 train_loss=2.3310588359832765
2026-09-28 09:08:16,428 - INFO - Best train loss=2.3310588359832765; saved /fs04/ar57/wenyu/GeneRec/results/stage3_T5Train/curvature_RQ-VAE_iter38/ckpt/Amazon_2023_Instruments/Sep-28-2026_09-02-59/HG_Rec_best.pth
2026-09-28 09:08:28,031 - INFO - Epoch 28/150 train_loss=2.3122790622711182
2026-09-28 09:08:28,066 - INFO - Best train loss=2.3122790622711182; saved /fs04/ar57/wenyu/GeneRec/results/stage3_T5Train/curvature_RQ-VAE_iter38/ckpt/Amazon_2023_Instruments/Sep-28-2026_09-02-59/HG_Rec_best.pth
2026-09-28 09:08:39,669 - INFO - Epoch 29/150 train_loss=2.2938547039031985
2026-09-28 09:08:39,705 - INFO - Best train loss=2.2938547039031985; saved /fs04/ar57/wenyu/GeneRec/results/stage3_T5Train/curvature_RQ-VAE_iter38/ckpt/Amazon_2023_Instruments/Sep-28-2026_09-02-59/HG_Rec_best.pth
2026-09-28 09:08:51,312 - INFO - Epoch 30/150 train_loss=2.277524318695068
2026-09-28 09:08:51,348 - INFO - Best train loss=2.277524318695068; saved /fs04/ar57/wenyu/GeneRec/results/stage3_T5Train/curvature_RQ-VAE_iter38/ckpt/Amazon_2023_Instruments/Sep-28-2026_09-02-59/HG_Rec_best.pth
2026-09-28 09:09:02,955 - INFO - Epoch 31/150 train_loss=2.269095067977905
2026-09-28 09:09:02,992 - INFO - Best train loss=2.269095067977905; saved /fs04/ar57/wenyu/GeneRec/results/stage3_T5Train/curvature_RQ-VAE_iter38/ckpt/Amazon_2023_Instruments/Sep-28-2026_09-02-59/HG_Rec_best.pth
2026-09-28 09:09:14,602 - INFO - Epoch 32/150 train_loss=2.2521440410614013
2026-09-28 09:09:14,638 - INFO - Best train loss=2.2521440410614013; saved /fs04/ar57/wenyu/GeneRec/results/stage3_T5Train/curvature_RQ-VAE_iter38/ckpt/Amazon_2023_Instruments/Sep-28-2026_09-02-59/HG_Rec_best.pth
2026-09-28 09:09:26,242 - INFO - Epoch 33/150 train_loss=2.2332382678985594
2026-09-28 09:09:26,281 - INFO - Best train loss=2.2332382678985594; saved /fs04/ar57/wenyu/GeneRec/results/stage3_T5Train/curvature_RQ-VAE_iter38/ckpt/Amazon_2023_Instruments/Sep-28-2026_09-02-59/HG_Rec_best.pth
2026-09-28 09:09:37,894 - INFO - Epoch 34/150 train_loss=2.2216838455200194
2026-09-28 09:09:37,931 - INFO - Best train loss=2.2216838455200194; saved /fs04/ar57/wenyu/GeneRec/results/stage3_T5Train/curvature_RQ-VAE_iter38/ckpt/Amazon_2023_Instruments/Sep-28-2026_09-02-59/HG_Rec_best.pth
2026-09-28 09:09:49,541 - INFO - Epoch 35/150 train_loss=2.2075174236297608
2026-09-28 09:09:49,580 - INFO - Best train loss=2.2075174236297608; saved /fs04/ar57/wenyu/GeneRec/results/stage3_T5Train/curvature_RQ-VAE_iter38/ckpt/Amazon_2023_Instruments/Sep-28-2026_09-02-59/HG_Rec_best.pth
2026-09-28 09:10:01,186 - INFO - Epoch 36/150 train_loss=2.1912745666503906
2026-09-28 09:10:01,223 - INFO - Best train loss=2.1912745666503906; saved /fs04/ar57/wenyu/GeneRec/results/stage3_T5Train/curvature_RQ-VAE_iter38/ckpt/Amazon_2023_Instruments/Sep-28-2026_09-02-59/HG_Rec_best.pth
2026-09-28 09:10:12,827 - INFO - Epoch 37/150 train_loss=2.1721348190307617
2026-09-28 09:10:12,862 - INFO - Best train loss=2.1721348190307617; saved /fs04/ar57/wenyu/GeneRec/results/stage3_T5Train/curvature_RQ-VAE_iter38/ckpt/Amazon_2023_Instruments/Sep-28-2026_09-02-59/HG_Rec_best.pth
2026-09-28 09:10:24,464 - INFO - Epoch 38/150 train_loss=2.1654241561889647
2026-09-28 09:10:24,500 - INFO - Best train loss=2.1654241561889647; saved /fs04/ar57/wenyu/GeneRec/results/stage3_T5Train/curvature_RQ-VAE_iter38/ckpt/Amazon_2023_Instruments/Sep-28-2026_09-02-59/HG_Rec_best.pth
2026-09-28 09:10:36,103 - INFO - Epoch 39/150 train_loss=2.156632356643677
2026-09-28 09:10:36,141 - INFO - Best train loss=2.156632356643677; saved /fs04/ar57/wenyu/GeneRec/results/stage3_T5Train/curvature_RQ-VAE_iter38/ckpt/Amazon_2023_Instruments/Sep-28-2026_09-02-59/HG_Rec_best.pth
2026-09-28 09:10:47,750 - INFO - Epoch 40/150 train_loss=2.142886772155762
2026-09-28 09:10:47,788 - INFO - Best train loss=2.142886772155762; saved /fs04/ar57/wenyu/GeneRec/results/stage3_T5Train/curvature_RQ-VAE_iter38/ckpt/Amazon_2023_Instruments/Sep-28-2026_09-02-59/HG_Rec_best.pth
2026-09-28 09:10:59,407 - INFO - Epoch 41/150 train_loss=2.136711292266846
2026-09-28 09:10:59,442 - INFO - Best train loss=2.136711292266846; saved /fs04/ar57/wenyu/GeneRec/results/stage3_T5Train/curvature_RQ-VAE_iter38/ckpt/Amazon_2023_Instruments/Sep-28-2026_09-02-59/HG_Rec_best.pth
2026-09-28 09:11:11,049 - INFO - Epoch 42/150 train_loss=2.126704092025757
2026-09-28 09:11:11,087 - INFO - Best train loss=2.126704092025757; saved /fs04/ar57/wenyu/GeneRec/results/stage3_T5Train/curvature_RQ-VAE_iter38/ckpt/Amazon_2023_Instruments/Sep-28-2026_09-02-59/HG_Rec_best.pth
2026-09-28 09:11:22,730 - INFO - Epoch 43/150 train_loss=2.1169987678527833
2026-09-28 09:11:22,771 - INFO - Best train loss=2.1169987678527833; saved /fs04/ar57/wenyu/GeneRec/results/stage3_T5Train/curvature_RQ-VAE_iter38/ckpt/Amazon_2023_Instruments/Sep-28-2026_09-02-59/HG_Rec_best.pth
2026-09-28 09:11:34,377 - INFO - Epoch 44/150 train_loss=2.110592794418335
2026-09-28 09:11:34,418 - INFO - Best train loss=2.110592794418335; saved /fs04/ar57/wenyu/GeneRec/results/stage3_T5Train/curvature_RQ-VAE_iter38/ckpt/Amazon_2023_Instruments/Sep-28-2026_09-02-59/HG_Rec_best.pth
2026-09-28 09:11:46,025 - INFO - Epoch 45/150 train_loss=2.103674879074097
2026-09-28 09:11:46,062 - INFO - Best train loss=2.103674879074097; saved /fs04/ar57/wenyu/GeneRec/results/stage3_T5Train/curvature_RQ-VAE_iter38/ckpt/Amazon_2023_Instruments/Sep-28-2026_09-02-59/HG_Rec_best.pth
2026-09-28 09:11:57,666 - INFO - Epoch 46/150 train_loss=2.0964874744415285
2026-09-28 09:11:57,704 - INFO - Best train loss=2.0964874744415285; saved /fs04/ar57/wenyu/GeneRec/results/stage3_T5Train/curvature_RQ-VAE_iter38/ckpt/Amazon_2023_Instruments/Sep-28-2026_09-02-59/HG_Rec_best.pth
2026-09-28 09:12:09,314 - INFO - Epoch 47/150 train_loss=2.0946772861480714
2026-09-28 09:12:09,351 - INFO - Best train loss=2.0946772861480714; saved /fs04/ar57/wenyu/GeneRec/results/stage3_T5Train/curvature_RQ-VAE_iter38/ckpt/Amazon_2023_Instruments/Sep-28-2026_09-02-59/HG_Rec_best.pth
2026-09-28 09:12:20,953 - INFO - Epoch 48/150 train_loss=2.0835722351074217
2026-09-28 09:12:20,992 - INFO - Best train loss=2.0835722351074217; saved /fs04/ar57/wenyu/GeneRec/results/stage3_T5Train/curvature_RQ-VAE_iter38/ckpt/Amazon_2023_Instruments/Sep-28-2026_09-02-59/HG_Rec_best.pth
2026-09-28 09:12:32,598 - INFO - Epoch 49/150 train_loss=2.0752017593383787
2026-09-28 09:12:32,637 - INFO - Best train loss=2.0752017593383787; saved /fs04/ar57/wenyu/GeneRec/results/stage3_T5Train/curvature_RQ-VAE_iter38/ckpt/Amazon_2023_Instruments/Sep-28-2026_09-02-59/HG_Rec_best.pth
2026-09-28 09:12:44,242 - INFO - Epoch 50/150 train_loss=2.07487717628479
2026-09-28 09:12:44,281 - INFO - Best train loss=2.07487717628479; saved /fs04/ar57/wenyu/GeneRec/results/stage3_T5Train/curvature_RQ-VAE_iter38/ckpt/Amazon_2023_Instruments/Sep-28-2026_09-02-59/HG_Rec_best.pth
2026-09-28 09:12:56,310 - INFO - Epoch 51/150 train_loss=2.068036699295044
2026-09-28 09:12:56,566 - INFO - Best train loss=2.068036699295044; saved /fs04/ar57/wenyu/GeneRec/results/stage3_T5Train/curvature_RQ-VAE_iter38/ckpt/Amazon_2023_Instruments/Sep-28-2026_09-02-59/HG_Rec_best.pth
2026-09-28 09:13:08,266 - INFO - Epoch 52/150 train_loss=2.0642627048492432
2026-09-28 09:13:08,354 - INFO - Best train loss=2.0642627048492432; saved /fs04/ar57/wenyu/GeneRec/results/stage3_T5Train/curvature_RQ-VAE_iter38/ckpt/Amazon_2023_Instruments/Sep-28-2026_09-02-59/HG_Rec_best.pth
2026-09-28 09:13:19,962 - INFO - Epoch 53/150 train_loss=2.0609217166900633
2026-09-28 09:13:20,001 - INFO - Best train loss=2.0609217166900633; saved /fs04/ar57/wenyu/GeneRec/results/stage3_T5Train/curvature_RQ-VAE_iter38/ckpt/Amazon_2023_Instruments/Sep-28-2026_09-02-59/HG_Rec_best.pth
2026-09-28 09:13:31,607 - INFO - Epoch 54/150 train_loss=2.0521535968780515
2026-09-28 09:13:31,643 - INFO - Best train loss=2.0521535968780515; saved /fs04/ar57/wenyu/GeneRec/results/stage3_T5Train/curvature_RQ-VAE_iter38/ckpt/Amazon_2023_Instruments/Sep-28-2026_09-02-59/HG_Rec_best.pth
2026-09-28 09:13:45,513 - INFO - Epoch 55/150 train_loss=2.0494319152832032
2026-09-28 09:13:45,550 - INFO - Best train loss=2.0494319152832032; saved /fs04/ar57/wenyu/GeneRec/results/stage3_T5Train/curvature_RQ-VAE_iter38/ckpt/Amazon_2023_Instruments/Sep-28-2026_09-02-59/HG_Rec_best.pth
2026-09-28 09:13:57,156 - INFO - Epoch 56/150 train_loss=2.0461128330230713
2026-09-28 09:13:57,194 - INFO - Best train loss=2.0461128330230713; saved /fs04/ar57/wenyu/GeneRec/results/stage3_T5Train/curvature_RQ-VAE_iter38/ckpt/Amazon_2023_Instruments/Sep-28-2026_09-02-59/HG_Rec_best.pth
2026-09-28 09:14:08,796 - INFO - Epoch 57/150 train_loss=2.038409719467163
2026-09-28 09:14:08,833 - INFO - Best train loss=2.038409719467163; saved /fs04/ar57/wenyu/GeneRec/results/stage3_T5Train/curvature_RQ-VAE_iter38/ckpt/Amazon_2023_Instruments/Sep-28-2026_09-02-59/HG_Rec_best.pth
2026-09-28 09:14:20,436 - INFO - Epoch 58/150 train_loss=2.0336996364593505
2026-09-28 09:14:20,470 - INFO - Best train loss=2.0336996364593505; saved /fs04/ar57/wenyu/GeneRec/results/stage3_T5Train/curvature_RQ-VAE_iter38/ckpt/Amazon_2023_Instruments/Sep-28-2026_09-02-59/HG_Rec_best.pth
2026-09-28 09:14:32,073 - INFO - Epoch 59/150 train_loss=2.028246307373047
2026-09-28 09:14:32,112 - INFO - Best train loss=2.028246307373047; saved /fs04/ar57/wenyu/GeneRec/results/stage3_T5Train/curvature_RQ-VAE_iter38/ckpt/Amazon_2023_Instruments/Sep-28-2026_09-02-59/HG_Rec_best.pth
2026-09-28 09:14:43,718 - INFO - Epoch 60/150 train_loss=2.025564737319946
2026-09-28 09:14:43,756 - INFO - Best train loss=2.025564737319946; saved /fs04/ar57/wenyu/GeneRec/results/stage3_T5Train/curvature_RQ-VAE_iter38/ckpt/Amazon_2023_Instruments/Sep-28-2026_09-02-59/HG_Rec_best.pth
2026-09-28 09:14:55,362 - INFO - Epoch 61/150 train_loss=2.022670030593872
2026-09-28 09:14:55,412 - INFO - Best train loss=2.022670030593872; saved /fs04/ar57/wenyu/GeneRec/results/stage3_T5Train/curvature_RQ-VAE_iter38/ckpt/Amazon_2023_Instruments/Sep-28-2026_09-02-59/HG_Rec_best.pth
2026-09-28 09:15:07,018 - INFO - Epoch 62/150 train_loss=2.0157716417312623
2026-09-28 09:15:07,055 - INFO - Best train loss=2.0157716417312623; saved /fs04/ar57/wenyu/GeneRec/results/stage3_T5Train/curvature_RQ-VAE_iter38/ckpt/Amazon_2023_Instruments/Sep-28-2026_09-02-59/HG_Rec_best.pth
2026-09-28 09:15:18,661 - INFO - Epoch 63/150 train_loss=2.015023417472839
2026-09-28 09:15:18,697 - INFO - Best train loss=2.015023417472839; saved /fs04/ar57/wenyu/GeneRec/results/stage3_T5Train/curvature_RQ-VAE_iter38/ckpt/Amazon_2023_Instruments/Sep-28-2026_09-02-59/HG_Rec_best.pth
2026-09-28 09:15:30,303 - INFO - Epoch 64/150 train_loss=2.0120363235473633
2026-09-28 09:15:30,342 - INFO - Best train loss=2.0120363235473633; saved /fs04/ar57/wenyu/GeneRec/results/stage3_T5Train/curvature_RQ-VAE_iter38/ckpt/Amazon_2023_Instruments/Sep-28-2026_09-02-59/HG_Rec_best.pth
2026-09-28 09:15:41,951 - INFO - Epoch 65/150 train_loss=2.0077060890197753
2026-09-28 09:15:41,986 - INFO - Best train loss=2.0077060890197753; saved /fs04/ar57/wenyu/GeneRec/results/stage3_T5Train/curvature_RQ-VAE_iter38/ckpt/Amazon_2023_Instruments/Sep-28-2026_09-02-59/HG_Rec_best.pth
2026-09-28 09:15:53,596 - INFO - Epoch 66/150 train_loss=2.003900017738342
2026-09-28 09:15:53,633 - INFO - Best train loss=2.003900017738342; saved /fs04/ar57/wenyu/GeneRec/results/stage3_T5Train/curvature_RQ-VAE_iter38/ckpt/Amazon_2023_Instruments/Sep-28-2026_09-02-59/HG_Rec_best.pth
2026-09-28 09:16:05,240 - INFO - Epoch 67/150 train_loss=2.0004312133789064
2026-09-28 09:16:05,278 - INFO - Best train loss=2.0004312133789064; saved /fs04/ar57/wenyu/GeneRec/results/stage3_T5Train/curvature_RQ-VAE_iter38/ckpt/Amazon_2023_Instruments/Sep-28-2026_09-02-59/HG_Rec_best.pth
2026-09-28 09:16:16,913 - INFO - Epoch 68/150 train_loss=1.99804931640625
2026-09-28 09:16:16,950 - INFO - Best train loss=1.99804931640625; saved /fs04/ar57/wenyu/GeneRec/results/stage3_T5Train/curvature_RQ-VAE_iter38/ckpt/Amazon_2023_Instruments/Sep-28-2026_09-02-59/HG_Rec_best.pth
2026-09-28 09:16:28,558 - INFO - Epoch 69/150 train_loss=1.998000841140747
2026-09-28 09:16:28,594 - INFO - Best train loss=1.998000841140747; saved /fs04/ar57/wenyu/GeneRec/results/stage3_T5Train/curvature_RQ-VAE_iter38/ckpt/Amazon_2023_Instruments/Sep-28-2026_09-02-59/HG_Rec_best.pth
2026-09-28 09:16:40,195 - INFO - Epoch 70/150 train_loss=1.993228054046631
2026-09-28 09:16:40,231 - INFO - Best train loss=1.993228054046631; saved /fs04/ar57/wenyu/GeneRec/results/stage3_T5Train/curvature_RQ-VAE_iter38/ckpt/Amazon_2023_Instruments/Sep-28-2026_09-02-59/HG_Rec_best.pth
2026-09-28 09:16:51,834 - INFO - Epoch 71/150 train_loss=1.9893769168853759
2026-09-28 09:16:51,869 - INFO - Best train loss=1.9893769168853759; saved /fs04/ar57/wenyu/GeneRec/results/stage3_T5Train/curvature_RQ-VAE_iter38/ckpt/Amazon_2023_Instruments/Sep-28-2026_09-02-59/HG_Rec_best.pth
2026-09-28 09:17:03,470 - INFO - Epoch 72/150 train_loss=1.9863993263244628
2026-09-28 09:17:03,507 - INFO - Best train loss=1.9863993263244628; saved /fs04/ar57/wenyu/GeneRec/results/stage3_T5Train/curvature_RQ-VAE_iter38/ckpt/Amazon_2023_Instruments/Sep-28-2026_09-02-59/HG_Rec_best.pth
2026-09-28 09:17:15,115 - INFO - Epoch 73/150 train_loss=1.9784333515167236
2026-09-28 09:17:15,151 - INFO - Best train loss=1.9784333515167236; saved /fs04/ar57/wenyu/GeneRec/results/stage3_T5Train/curvature_RQ-VAE_iter38/ckpt/Amazon_2023_Instruments/Sep-28-2026_09-02-59/HG_Rec_best.pth
2026-09-28 09:17:26,752 - INFO - Epoch 74/150 train_loss=1.9824304914474487
2026-09-28 09:17:38,365 - INFO - Epoch 75/150 train_loss=1.9798685455322265
2026-09-28 09:17:49,972 - INFO - Epoch 76/150 train_loss=1.975239782333374
2026-09-28 09:17:50,008 - INFO - Best train loss=1.975239782333374; saved /fs04/ar57/wenyu/GeneRec/results/stage3_T5Train/curvature_RQ-VAE_iter38/ckpt/Amazon_2023_Instruments/Sep-28-2026_09-02-59/HG_Rec_best.pth
2026-09-28 09:18:01,618 - INFO - Epoch 77/150 train_loss=1.971819839477539
2026-09-28 09:18:01,654 - INFO - Best train loss=1.971819839477539; saved /fs04/ar57/wenyu/GeneRec/results/stage3_T5Train/curvature_RQ-VAE_iter38/ckpt/Amazon_2023_Instruments/Sep-28-2026_09-02-59/HG_Rec_best.pth
2026-09-28 09:18:13,262 - INFO - Epoch 78/150 train_loss=1.9686439228057862
2026-09-28 09:18:13,300 - INFO - Best train loss=1.9686439228057862; saved /fs04/ar57/wenyu/GeneRec/results/stage3_T5Train/curvature_RQ-VAE_iter38/ckpt/Amazon_2023_Instruments/Sep-28-2026_09-02-59/HG_Rec_best.pth
2026-09-28 09:18:24,910 - INFO - Epoch 79/150 train_loss=1.969127345085144
2026-09-28 09:18:37,042 - INFO - Epoch 80/150 train_loss=1.9661373615264892
2026-09-28 09:18:37,080 - INFO - Best train loss=1.9661373615264892; saved /fs04/ar57/wenyu/GeneRec/results/stage3_T5Train/curvature_RQ-VAE_iter38/ckpt/Amazon_2023_Instruments/Sep-28-2026_09-02-59/HG_Rec_best.pth
2026-09-28 09:18:48,686 - INFO - Epoch 81/150 train_loss=1.9642028570175172
2026-09-28 09:18:48,723 - INFO - Best train loss=1.9642028570175172; saved /fs04/ar57/wenyu/GeneRec/results/stage3_T5Train/curvature_RQ-VAE_iter38/ckpt/Amazon_2023_Instruments/Sep-28-2026_09-02-59/HG_Rec_best.pth
2026-09-28 09:19:00,325 - INFO - Epoch 82/150 train_loss=1.957039852142334
2026-09-28 09:19:00,366 - INFO - Best train loss=1.957039852142334; saved /fs04/ar57/wenyu/GeneRec/results/stage3_T5Train/curvature_RQ-VAE_iter38/ckpt/Amazon_2023_Instruments/Sep-28-2026_09-02-59/HG_Rec_best.pth
2026-09-28 09:19:11,977 - INFO - Epoch 83/150 train_loss=1.9599132013320923
2026-09-28 09:19:23,588 - INFO - Epoch 84/150 train_loss=1.9533644008636475
2026-09-28 09:19:23,624 - INFO - Best train loss=1.9533644008636475; saved /fs04/ar57/wenyu/GeneRec/results/stage3_T5Train/curvature_RQ-VAE_iter38/ckpt/Amazon_2023_Instruments/Sep-28-2026_09-02-59/HG_Rec_best.pth
2026-09-28 09:19:35,229 - INFO - Epoch 85/150 train_loss=1.9512546825408936
2026-09-28 09:19:35,266 - INFO - Best train loss=1.9512546825408936; saved /fs04/ar57/wenyu/GeneRec/results/stage3_T5Train/curvature_RQ-VAE_iter38/ckpt/Amazon_2023_Instruments/Sep-28-2026_09-02-59/HG_Rec_best.pth
2026-09-28 09:19:46,873 - INFO - Epoch 86/150 train_loss=1.9498997402191163
2026-09-28 09:19:46,914 - INFO - Best train loss=1.9498997402191163; saved /fs04/ar57/wenyu/GeneRec/results/stage3_T5Train/curvature_RQ-VAE_iter38/ckpt/Amazon_2023_Instruments/Sep-28-2026_09-02-59/HG_Rec_best.pth
2026-09-28 09:19:58,518 - INFO - Epoch 87/150 train_loss=1.9496404838562011
2026-09-28 09:19:58,556 - INFO - Best train loss=1.9496404838562011; saved /fs04/ar57/wenyu/GeneRec/results/stage3_T5Train/curvature_RQ-VAE_iter38/ckpt/Amazon_2023_Instruments/Sep-28-2026_09-02-59/HG_Rec_best.pth
2026-09-28 09:20:10,162 - INFO - Epoch 88/150 train_loss=1.9455112600326538
2026-09-28 09:20:10,199 - INFO - Best train loss=1.9455112600326538; saved /fs04/ar57/wenyu/GeneRec/results/stage3_T5Train/curvature_RQ-VAE_iter38/ckpt/Amazon_2023_Instruments/Sep-28-2026_09-02-59/HG_Rec_best.pth
2026-09-28 09:20:21,804 - INFO - Epoch 89/150 train_loss=1.9455476522445678
2026-09-28 09:20:33,412 - INFO - Epoch 90/150 train_loss=1.9412641334533691
2026-09-28 09:20:33,448 - INFO - Best train loss=1.9412641334533691; saved /fs04/ar57/wenyu/GeneRec/results/stage3_T5Train/curvature_RQ-VAE_iter38/ckpt/Amazon_2023_Instruments/Sep-28-2026_09-02-59/HG_Rec_best.pth
2026-09-28 09:20:45,053 - INFO - Epoch 91/150 train_loss=1.9412062358856201
2026-09-28 09:20:45,091 - INFO - Best train loss=1.9412062358856201; saved /fs04/ar57/wenyu/GeneRec/results/stage3_T5Train/curvature_RQ-VAE_iter38/ckpt/Amazon_2023_Instruments/Sep-28-2026_09-02-59/HG_Rec_best.pth
2026-09-28 09:20:56,696 - INFO - Epoch 92/150 train_loss=1.940996584892273
2026-09-28 09:20:56,733 - INFO - Best train loss=1.940996584892273; saved /fs04/ar57/wenyu/GeneRec/results/stage3_T5Train/curvature_RQ-VAE_iter38/ckpt/Amazon_2023_Instruments/Sep-28-2026_09-02-59/HG_Rec_best.pth
2026-09-28 09:21:08,364 - INFO - Epoch 93/150 train_loss=1.9356500911712646
2026-09-28 09:21:08,437 - INFO - Best train loss=1.9356500911712646; saved /fs04/ar57/wenyu/GeneRec/results/stage3_T5Train/curvature_RQ-VAE_iter38/ckpt/Amazon_2023_Instruments/Sep-28-2026_09-02-59/HG_Rec_best.pth
2026-09-28 09:21:20,032 - INFO - Epoch 94/150 train_loss=1.9374513292312623
2026-09-28 09:21:31,633 - INFO - Epoch 95/150 train_loss=1.9341759490966797
2026-09-28 09:21:31,676 - INFO - Best train loss=1.9341759490966797; saved /fs04/ar57/wenyu/GeneRec/results/stage3_T5Train/curvature_RQ-VAE_iter38/ckpt/Amazon_2023_Instruments/Sep-28-2026_09-02-59/HG_Rec_best.pth
2026-09-28 09:21:43,276 - INFO - Epoch 96/150 train_loss=1.9317948198318482
2026-09-28 09:21:43,311 - INFO - Best train loss=1.9317948198318482; saved /fs04/ar57/wenyu/GeneRec/results/stage3_T5Train/curvature_RQ-VAE_iter38/ckpt/Amazon_2023_Instruments/Sep-28-2026_09-02-59/HG_Rec_best.pth
2026-09-28 09:21:54,914 - INFO - Epoch 97/150 train_loss=1.9286470651626586
2026-09-28 09:21:54,948 - INFO - Best train loss=1.9286470651626586; saved /fs04/ar57/wenyu/GeneRec/results/stage3_T5Train/curvature_RQ-VAE_iter38/ckpt/Amazon_2023_Instruments/Sep-28-2026_09-02-59/HG_Rec_best.pth
2026-09-28 09:22:06,550 - INFO - Epoch 98/150 train_loss=1.9263278722763062
2026-09-28 09:22:06,586 - INFO - Best train loss=1.9263278722763062; saved /fs04/ar57/wenyu/GeneRec/results/stage3_T5Train/curvature_RQ-VAE_iter38/ckpt/Amazon_2023_Instruments/Sep-28-2026_09-02-59/HG_Rec_best.pth
2026-09-28 09:22:18,192 - INFO - Epoch 99/150 train_loss=1.9264978742599488
2026-09-28 09:22:29,800 - INFO - Epoch 100/150 train_loss=1.9252046346664429
2026-09-28 09:22:29,839 - INFO - Best train loss=1.9252046346664429; saved /fs04/ar57/wenyu/GeneRec/results/stage3_T5Train/curvature_RQ-VAE_iter38/ckpt/Amazon_2023_Instruments/Sep-28-2026_09-02-59/HG_Rec_best.pth
2026-09-28 09:22:41,447 - INFO - Epoch 101/150 train_loss=1.9221633291244506
2026-09-28 09:22:41,482 - INFO - Best train loss=1.9221633291244506; saved /fs04/ar57/wenyu/GeneRec/results/stage3_T5Train/curvature_RQ-VAE_iter38/ckpt/Amazon_2023_Instruments/Sep-28-2026_09-02-59/HG_Rec_best.pth
2026-09-28 09:22:53,379 - INFO - Epoch 102/150 train_loss=1.923164086341858
2026-09-28 09:23:05,059 - INFO - Epoch 103/150 train_loss=1.9173342275619507
2026-09-28 09:23:05,141 - INFO - Best train loss=1.9173342275619507; saved /fs04/ar57/wenyu/GeneRec/results/stage3_T5Train/curvature_RQ-VAE_iter38/ckpt/Amazon_2023_Instruments/Sep-28-2026_09-02-59/HG_Rec_best.pth
2026-09-28 09:23:17,614 - INFO - Epoch 104/150 train_loss=1.915891065597534
2026-09-28 09:23:17,663 - INFO - Best train loss=1.915891065597534; saved /fs04/ar57/wenyu/GeneRec/results/stage3_T5Train/curvature_RQ-VAE_iter38/ckpt/Amazon_2023_Instruments/Sep-28-2026_09-02-59/HG_Rec_best.pth
2026-09-28 09:23:29,269 - INFO - Epoch 105/150 train_loss=1.9187787008285522
2026-09-28 09:23:40,880 - INFO - Epoch 106/150 train_loss=1.912199182510376
2026-09-28 09:23:40,928 - INFO - Best train loss=1.912199182510376; saved /fs04/ar57/wenyu/GeneRec/results/stage3_T5Train/curvature_RQ-VAE_iter38/ckpt/Amazon_2023_Instruments/Sep-28-2026_09-02-59/HG_Rec_best.pth
2026-09-28 09:23:52,539 - INFO - Epoch 107/150 train_loss=1.9130430793762208
2026-09-28 09:24:04,142 - INFO - Epoch 108/150 train_loss=1.911573839187622
2026-09-28 09:24:04,185 - INFO - Best train loss=1.911573839187622; saved /fs04/ar57/wenyu/GeneRec/results/stage3_T5Train/curvature_RQ-VAE_iter38/ckpt/Amazon_2023_Instruments/Sep-28-2026_09-02-59/HG_Rec_best.pth
2026-09-28 09:24:15,790 - INFO - Epoch 109/150 train_loss=1.907508864402771
2026-09-28 09:24:15,837 - INFO - Best train loss=1.907508864402771; saved /fs04/ar57/wenyu/GeneRec/results/stage3_T5Train/curvature_RQ-VAE_iter38/ckpt/Amazon_2023_Instruments/Sep-28-2026_09-02-59/HG_Rec_best.pth
2026-09-28 09:24:27,445 - INFO - Epoch 110/150 train_loss=1.9071123313903808
2026-09-28 09:24:27,481 - INFO - Best train loss=1.9071123313903808; saved /fs04/ar57/wenyu/GeneRec/results/stage3_T5Train/curvature_RQ-VAE_iter38/ckpt/Amazon_2023_Instruments/Sep-28-2026_09-02-59/HG_Rec_best.pth
2026-09-28 09:24:39,088 - INFO - Epoch 111/150 train_loss=1.905949034690857
2026-09-28 09:24:39,123 - INFO - Best train loss=1.905949034690857; saved /fs04/ar57/wenyu/GeneRec/results/stage3_T5Train/curvature_RQ-VAE_iter38/ckpt/Amazon_2023_Instruments/Sep-28-2026_09-02-59/HG_Rec_best.pth
2026-09-28 09:24:50,726 - INFO - Epoch 112/150 train_loss=1.9043971395492554
2026-09-28 09:24:50,760 - INFO - Best train loss=1.9043971395492554; saved /fs04/ar57/wenyu/GeneRec/results/stage3_T5Train/curvature_RQ-VAE_iter38/ckpt/Amazon_2023_Instruments/Sep-28-2026_09-02-59/HG_Rec_best.pth
2026-09-28 09:25:02,364 - INFO - Epoch 113/150 train_loss=1.9035836553573608
2026-09-28 09:25:02,399 - INFO - Best train loss=1.9035836553573608; saved /fs04/ar57/wenyu/GeneRec/results/stage3_T5Train/curvature_RQ-VAE_iter38/ckpt/Amazon_2023_Instruments/Sep-28-2026_09-02-59/HG_Rec_best.pth
2026-09-28 09:25:14,011 - INFO - Epoch 114/150 train_loss=1.90118492603302
2026-09-28 09:25:14,046 - INFO - Best train loss=1.90118492603302; saved /fs04/ar57/wenyu/GeneRec/results/stage3_T5Train/curvature_RQ-VAE_iter38/ckpt/Amazon_2023_Instruments/Sep-28-2026_09-02-59/HG_Rec_best.pth
2026-09-28 09:25:25,656 - INFO - Epoch 115/150 train_loss=1.9020929670333862
2026-09-28 09:25:37,267 - INFO - Epoch 116/150 train_loss=1.899408369064331
2026-09-28 09:25:37,302 - INFO - Best train loss=1.899408369064331; saved /fs04/ar57/wenyu/GeneRec/results/stage3_T5Train/curvature_RQ-VAE_iter38/ckpt/Amazon_2023_Instruments/Sep-28-2026_09-02-59/HG_Rec_best.pth
2026-09-28 09:25:51,126 - INFO - Epoch 117/150 train_loss=1.8958250427246093
2026-09-28 09:25:51,198 - INFO - Best train loss=1.8958250427246093; saved /fs04/ar57/wenyu/GeneRec/results/stage3_T5Train/curvature_RQ-VAE_iter38/ckpt/Amazon_2023_Instruments/Sep-28-2026_09-02-59/HG_Rec_best.pth
2026-09-28 09:26:02,799 - INFO - Epoch 118/150 train_loss=1.894067087173462
2026-09-28 09:26:02,836 - INFO - Best train loss=1.894067087173462; saved /fs04/ar57/wenyu/GeneRec/results/stage3_T5Train/curvature_RQ-VAE_iter38/ckpt/Amazon_2023_Instruments/Sep-28-2026_09-02-59/HG_Rec_best.pth
2026-09-28 09:26:14,439 - INFO - Epoch 119/150 train_loss=1.8933095169067382
2026-09-28 09:26:14,476 - INFO - Best train loss=1.8933095169067382; saved /fs04/ar57/wenyu/GeneRec/results/stage3_T5Train/curvature_RQ-VAE_iter38/ckpt/Amazon_2023_Instruments/Sep-28-2026_09-02-59/HG_Rec_best.pth
2026-09-28 09:26:26,092 - INFO - Epoch 120/150 train_loss=1.8909763050079347
2026-09-28 09:26:26,128 - INFO - Best train loss=1.8909763050079347; saved /fs04/ar57/wenyu/GeneRec/results/stage3_T5Train/curvature_RQ-VAE_iter38/ckpt/Amazon_2023_Instruments/Sep-28-2026_09-02-59/HG_Rec_best.pth
2026-09-28 09:26:37,736 - INFO - Epoch 121/150 train_loss=1.8888254165649414
2026-09-28 09:26:37,771 - INFO - Best train loss=1.8888254165649414; saved /fs04/ar57/wenyu/GeneRec/results/stage3_T5Train/curvature_RQ-VAE_iter38/ckpt/Amazon_2023_Instruments/Sep-28-2026_09-02-59/HG_Rec_best.pth
2026-09-28 09:26:49,380 - INFO - Epoch 122/150 train_loss=1.8898688459396362
2026-09-28 09:27:00,991 - INFO - Epoch 123/150 train_loss=1.8864476299285888
2026-09-28 09:27:01,029 - INFO - Best train loss=1.8864476299285888; saved /fs04/ar57/wenyu/GeneRec/results/stage3_T5Train/curvature_RQ-VAE_iter38/ckpt/Amazon_2023_Instruments/Sep-28-2026_09-02-59/HG_Rec_best.pth
2026-09-28 09:27:12,639 - INFO - Epoch 124/150 train_loss=1.8878639268875121
2026-09-28 09:27:24,257 - INFO - Epoch 125/150 train_loss=1.8854828262329102
2026-09-28 09:27:24,300 - INFO - Best train loss=1.8854828262329102; saved /fs04/ar57/wenyu/GeneRec/results/stage3_T5Train/curvature_RQ-VAE_iter38/ckpt/Amazon_2023_Instruments/Sep-28-2026_09-02-59/HG_Rec_best.pth
2026-09-28 09:27:35,910 - INFO - Epoch 126/150 train_loss=1.883240032196045
2026-09-28 09:27:35,946 - INFO - Best train loss=1.883240032196045; saved /fs04/ar57/wenyu/GeneRec/results/stage3_T5Train/curvature_RQ-VAE_iter38/ckpt/Amazon_2023_Instruments/Sep-28-2026_09-02-59/HG_Rec_best.pth
2026-09-28 09:27:47,560 - INFO - Epoch 127/150 train_loss=1.8826940584182739
2026-09-28 09:27:47,595 - INFO - Best train loss=1.8826940584182739; saved /fs04/ar57/wenyu/GeneRec/results/stage3_T5Train/curvature_RQ-VAE_iter38/ckpt/Amazon_2023_Instruments/Sep-28-2026_09-02-59/HG_Rec_best.pth
2026-09-28 09:27:59,204 - INFO - Epoch 128/150 train_loss=1.8858324527740478
2026-09-28 09:28:10,814 - INFO - Epoch 129/150 train_loss=1.8802539825439453
2026-09-28 09:28:10,851 - INFO - Best train loss=1.8802539825439453; saved /fs04/ar57/wenyu/GeneRec/results/stage3_T5Train/curvature_RQ-VAE_iter38/ckpt/Amazon_2023_Instruments/Sep-28-2026_09-02-59/HG_Rec_best.pth
2026-09-28 09:28:22,453 - INFO - Epoch 130/150 train_loss=1.881913423538208
2026-09-28 09:28:34,060 - INFO - Epoch 131/150 train_loss=1.8787611246109008
2026-09-28 09:28:34,100 - INFO - Best train loss=1.8787611246109008; saved /fs04/ar57/wenyu/GeneRec/results/stage3_T5Train/curvature_RQ-VAE_iter38/ckpt/Amazon_2023_Instruments/Sep-28-2026_09-02-59/HG_Rec_best.pth
2026-09-28 09:28:45,709 - INFO - Epoch 132/150 train_loss=1.8780245208740234
2026-09-28 09:28:45,748 - INFO - Best train loss=1.8780245208740234; saved /fs04/ar57/wenyu/GeneRec/results/stage3_T5Train/curvature_RQ-VAE_iter38/ckpt/Amazon_2023_Instruments/Sep-28-2026_09-02-59/HG_Rec_best.pth
2026-09-28 09:28:57,358 - INFO - Epoch 133/150 train_loss=1.8791871452331543
2026-09-28 09:29:08,966 - INFO - Epoch 134/150 train_loss=1.8758322048187255
2026-09-28 09:29:09,004 - INFO - Best train loss=1.8758322048187255; saved /fs04/ar57/wenyu/GeneRec/results/stage3_T5Train/curvature_RQ-VAE_iter38/ckpt/Amazon_2023_Instruments/Sep-28-2026_09-02-59/HG_Rec_best.pth
2026-09-28 09:29:20,605 - INFO - Epoch 135/150 train_loss=1.8743024015426635
2026-09-28 09:29:20,648 - INFO - Best train loss=1.8743024015426635; saved /fs04/ar57/wenyu/GeneRec/results/stage3_T5Train/curvature_RQ-VAE_iter38/ckpt/Amazon_2023_Instruments/Sep-28-2026_09-02-59/HG_Rec_best.pth
2026-09-28 09:29:32,252 - INFO - Epoch 136/150 train_loss=1.877046790122986
2026-09-28 09:29:43,864 - INFO - Epoch 137/150 train_loss=1.8759495306015015
2026-09-28 09:29:55,475 - INFO - Epoch 138/150 train_loss=1.87315034866333
2026-09-28 09:29:55,512 - INFO - Best train loss=1.87315034866333; saved /fs04/ar57/wenyu/GeneRec/results/stage3_T5Train/curvature_RQ-VAE_iter38/ckpt/Amazon_2023_Instruments/Sep-28-2026_09-02-59/HG_Rec_best.pth
2026-09-28 09:30:07,129 - INFO - Epoch 139/150 train_loss=1.8727621507644654
2026-09-28 09:30:07,168 - INFO - Best train loss=1.8727621507644654; saved /fs04/ar57/wenyu/GeneRec/results/stage3_T5Train/curvature_RQ-VAE_iter38/ckpt/Amazon_2023_Instruments/Sep-28-2026_09-02-59/HG_Rec_best.pth
2026-09-28 09:30:18,778 - INFO - Epoch 140/150 train_loss=1.870572600364685
2026-09-28 09:30:18,814 - INFO - Best train loss=1.870572600364685; saved /fs04/ar57/wenyu/GeneRec/results/stage3_T5Train/curvature_RQ-VAE_iter38/ckpt/Amazon_2023_Instruments/Sep-28-2026_09-02-59/HG_Rec_best.pth
2026-09-28 09:30:30,422 - INFO - Epoch 141/150 train_loss=1.8739934158325195
2026-09-28 09:30:42,028 - INFO - Epoch 142/150 train_loss=1.870769591331482
2026-09-28 09:30:54,320 - INFO - Epoch 143/150 train_loss=1.8688844060897827
2026-09-28 09:30:54,360 - INFO - Best train loss=1.8688844060897827; saved /fs04/ar57/wenyu/GeneRec/results/stage3_T5Train/curvature_RQ-VAE_iter38/ckpt/Amazon_2023_Instruments/Sep-28-2026_09-02-59/HG_Rec_best.pth
2026-09-28 09:31:05,963 - INFO - Epoch 144/150 train_loss=1.8663093328475953
2026-09-28 09:31:06,000 - INFO - Best train loss=1.8663093328475953; saved /fs04/ar57/wenyu/GeneRec/results/stage3_T5Train/curvature_RQ-VAE_iter38/ckpt/Amazon_2023_Instruments/Sep-28-2026_09-02-59/HG_Rec_best.pth
2026-09-28 09:31:17,601 - INFO - Epoch 145/150 train_loss=1.8662547636032105
2026-09-28 09:31:17,638 - INFO - Best train loss=1.8662547636032105; saved /fs04/ar57/wenyu/GeneRec/results/stage3_T5Train/curvature_RQ-VAE_iter38/ckpt/Amazon_2023_Instruments/Sep-28-2026_09-02-59/HG_Rec_best.pth
2026-09-28 09:31:29,235 - INFO - Epoch 146/150 train_loss=1.8666832828521729
2026-09-28 09:31:40,840 - INFO - Epoch 147/150 train_loss=1.8628688716888429
2026-09-28 09:31:40,883 - INFO - Best train loss=1.8628688716888429; saved /fs04/ar57/wenyu/GeneRec/results/stage3_T5Train/curvature_RQ-VAE_iter38/ckpt/Amazon_2023_Instruments/Sep-28-2026_09-02-59/HG_Rec_best.pth
2026-09-28 09:31:52,484 - INFO - Epoch 148/150 train_loss=1.865872688293457
2026-09-28 09:32:04,092 - INFO - Epoch 149/150 train_loss=1.8645039129257202
2026-09-28 09:32:15,706 - INFO - Epoch 150/150 train_loss=1.8642249488830567
2026-09-28 09:40:32,406 - INFO - Test={'best_checkpoint': '/fs04/ar57/wenyu/GeneRec/results/stage3_T5Train/curvature_RQ-VAE_iter38/ckpt/Amazon_2023_Instruments/Sep-28-2026_09-02-59/HG_Rec_best.pth', 'n_eval': 57439, 'test_recall@5': 0.037831438569612984, 'test_recall@10': 0.05684291161057818, 'test_ndcg@5': 0.02530699032033303, 'test_ndcg@10': 0.031420995573203186}
