[baseline-seed] seed=44 geometry=euclid cone=off
[baseline-seed] seed=44 geometry=euclid cone=off
[baseline-seed] seed=44 geometry=euclid cone=off
[baseline-seed] seed=44 geometry=euclid cone=off
[hyperbolic] cold_start=true max_global_steps=72000 batch_size_per_rank=1024 total_effective_batch=4096 c=[1.0, 1.0, 1.0] radius=[0.2, 0.2, 0.2]
[RecBole RQ-VAE] initializing codebooks with KMeans
/home/wlia0047/ar57_scratch/wenyu/genrec_env_v2/lib64/python3.9/site-packages/torch/functional.py:1510: UserWarning: Deterministic behavior was enabled with either `torch.use_deterministic_algorithms(True)` or `at::Context::setDeterministicAlgorithms(true)`, but this operation is not deterministic because it uses CuBLAS and you have CUDA >= 10.2. To enable deterministic behavior in this case, you must set an environment variable before running your PyTorch application: CUBLAS_WORKSPACE_CONFIG=:4096:8 or CUBLAS_WORKSPACE_CONFIG=:16:8. For more information, go to https://docs.nvidia.com/cuda/cublas/index.html#results-reproducibility (Triggered internally at /pytorch/aten/src/ATen/Context.cpp:233.)
  return _VF.cdist(x1, x2, p, None)  # type: ignore[attr-defined]
/home/wlia0047/ar57_scratch/wenyu/genrec_env_v2/lib64/python3.9/site-packages/torch/functional.py:1510: UserWarning: Deterministic behavior was enabled with either `torch.use_deterministic_algorithms(True)` or `at::Context::setDeterministicAlgorithms(true)`, but this operation is not deterministic because it uses CuBLAS and you have CUDA >= 10.2. To enable deterministic behavior in this case, you must set an environment variable before running your PyTorch application: CUBLAS_WORKSPACE_CONFIG=:4096:8 or CUBLAS_WORKSPACE_CONFIG=:16:8. For more information, go to https://docs.nvidia.com/cuda/cublas/index.html#results-reproducibility (Triggered internally at /pytorch/aten/src/ATen/Context.cpp:233.)
  return _VF.cdist(x1, x2, p, None)  # type: ignore[attr-defined]
/home/wlia0047/ar57_scratch/wenyu/genrec_env_v2/lib64/python3.9/site-packages/torch/functional.py:1510: UserWarning: Deterministic behavior was enabled with either `torch.use_deterministic_algorithms(True)` or `at::Context::setDeterministicAlgorithms(true)`, but this operation is not deterministic because it uses CuBLAS and you have CUDA >= 10.2. To enable deterministic behavior in this case, you must set an environment variable before running your PyTorch application: CUBLAS_WORKSPACE_CONFIG=:4096:8 or CUBLAS_WORKSPACE_CONFIG=:16:8. For more information, go to https://docs.nvidia.com/cuda/cublas/index.html#results-reproducibility (Triggered internally at /pytorch/aten/src/ATen/Context.cpp:233.)
  return _VF.cdist(x1, x2, p, None)  # type: ignore[attr-defined]
/home/wlia0047/ar57_scratch/wenyu/genrec_env_v2/lib64/python3.9/site-packages/torch/functional.py:1510: UserWarning: Deterministic behavior was enabled with either `torch.use_deterministic_algorithms(True)` or `at::Context::setDeterministicAlgorithms(true)`, but this operation is not deterministic because it uses CuBLAS and you have CUDA >= 10.2. To enable deterministic behavior in this case, you must set an environment variable before running your PyTorch application: CUBLAS_WORKSPACE_CONFIG=:4096:8 or CUBLAS_WORKSPACE_CONFIG=:16:8. For more information, go to https://docs.nvidia.com/cuda/cublas/index.html#results-reproducibility (Triggered internally at /pytorch/aten/src/ATen/Context.cpp:233.)
  return _VF.cdist(x1, x2, p, None)  # type: ignore[attr-defined]
/home/wlia0047/ar57_scratch/wenyu/genrec_env_v2/lib64/python3.9/site-packages/torch/functional.py:1510: UserWarning: Deterministic behavior was enabled with either `torch.use_deterministic_algorithms(True)` or `at::Context::setDeterministicAlgorithms(true)`, but this operation is not deterministic because it uses CuBLAS and you have CUDA >= 10.2. To enable deterministic behavior in this case, you must set an environment variable before running your PyTorch application: CUBLAS_WORKSPACE_CONFIG=:4096:8 or CUBLAS_WORKSPACE_CONFIG=:16:8. For more information, go to https://docs.nvidia.com/cuda/cublas/index.html#results-reproducibility (Triggered internally at /pytorch/aten/src/ATen/Context.cpp:233.)
  return _VF.cdist(x1, x2, p, None)  # type: ignore[attr-defined]
/home/wlia0047/ar57_scratch/wenyu/genrec_env_v2/lib64/python3.9/site-packages/torch/functional.py:1510: UserWarning: Deterministic behavior was enabled with either `torch.use_deterministic_algorithms(True)` or `at::Context::setDeterministicAlgorithms(true)`, but this operation is not deterministic because it uses CuBLAS and you have CUDA >= 10.2. To enable deterministic behavior in this case, you must set an environment variable before running your PyTorch application: CUBLAS_WORKSPACE_CONFIG=:4096:8 or CUBLAS_WORKSPACE_CONFIG=:16:8. For more information, go to https://docs.nvidia.com/cuda/cublas/index.html#results-reproducibility (Triggered internally at /pytorch/aten/src/ATen/Context.cpp:233.)
  return _VF.cdist(x1, x2, p, None)  # type: ignore[attr-defined]
/home/wlia0047/ar57_scratch/wenyu/genrec_env_v2/lib64/python3.9/site-packages/torch/functional.py:1510: UserWarning: Deterministic behavior was enabled with either `torch.use_deterministic_algorithms(True)` or `at::Context::setDeterministicAlgorithms(true)`, but this operation is not deterministic because it uses CuBLAS and you have CUDA >= 10.2. To enable deterministic behavior in this case, you must set an environment variable before running your PyTorch application: CUBLAS_WORKSPACE_CONFIG=:4096:8 or CUBLAS_WORKSPACE_CONFIG=:16:8. For more information, go to https://docs.nvidia.com/cuda/cublas/index.html#results-reproducibility (Triggered internally at /pytorch/aten/src/ATen/Context.cpp:233.)
  return _VF.cdist(x1, x2, p, None)  # type: ignore[attr-defined]
/home/wlia0047/ar57_scratch/wenyu/genrec_env_v2/lib64/python3.9/site-packages/torch/functional.py:1510: UserWarning: Deterministic behavior was enabled with either `torch.use_deterministic_algorithms(True)` or `at::Context::setDeterministicAlgorithms(true)`, but this operation is not deterministic because it uses CuBLAS and you have CUDA >= 10.2. To enable deterministic behavior in this case, you must set an environment variable before running your PyTorch application: CUBLAS_WORKSPACE_CONFIG=:4096:8 or CUBLAS_WORKSPACE_CONFIG=:16:8. For more information, go to https://docs.nvidia.com/cuda/cublas/index.html#results-reproducibility (Triggered internally at /pytorch/aten/src/ATen/Context.cpp:233.)
  return _VF.cdist(x1, x2, p, None)  # type: ignore[attr-defined]
/home/wlia0047/ar57_scratch/wenyu/genrec_env_v2/lib64/python3.9/site-packages/torch/functional.py:1510: UserWarning: Deterministic behavior was enabled with either `torch.use_deterministic_algorithms(True)` or `at::Context::setDeterministicAlgorithms(true)`, but this operation is not deterministic because it uses CuBLAS and you have CUDA >= 10.2. To enable deterministic behavior in this case, you must set an environment variable before running your PyTorch application: CUBLAS_WORKSPACE_CONFIG=:4096:8 or CUBLAS_WORKSPACE_CONFIG=:16:8. For more information, go to https://docs.nvidia.com/cuda/cublas/index.html#results-reproducibility (Triggered internally at /pytorch/aten/src/ATen/Context.cpp:233.)
  return _VF.cdist(x1, x2, p, None)  # type: ignore[attr-defined]
/home/wlia0047/ar57_scratch/wenyu/genrec_env_v2/lib64/python3.9/site-packages/torch/functional.py:1510: UserWarning: Deterministic behavior was enabled with either `torch.use_deterministic_algorithms(True)` or `at::Context::setDeterministicAlgorithms(true)`, but this operation is not deterministic because it uses CuBLAS and you have CUDA >= 10.2. To enable deterministic behavior in this case, you must set an environment variable before running your PyTorch application: CUBLAS_WORKSPACE_CONFIG=:4096:8 or CUBLAS_WORKSPACE_CONFIG=:16:8. For more information, go to https://docs.nvidia.com/cuda/cublas/index.html#results-reproducibility (Triggered internally at /pytorch/aten/src/ATen/Context.cpp:233.)
  return _VF.cdist(x1, x2, p, None)  # type: ignore[attr-defined]
/home/wlia0047/ar57_scratch/wenyu/genrec_env_v2/lib64/python3.9/site-packages/torch/functional.py:1510: UserWarning: Deterministic behavior was enabled with either `torch.use_deterministic_algorithms(True)` or `at::Context::setDeterministicAlgorithms(true)`, but this operation is not deterministic because it uses CuBLAS and you have CUDA >= 10.2. To enable deterministic behavior in this case, you must set an environment variable before running your PyTorch application: CUBLAS_WORKSPACE_CONFIG=:4096:8 or CUBLAS_WORKSPACE_CONFIG=:16:8. For more information, go to https://docs.nvidia.com/cuda/cublas/index.html#results-reproducibility (Triggered internally at /pytorch/aten/src/ATen/Context.cpp:233.)
  return _VF.cdist(x1, x2, p, None)  # type: ignore[attr-defined]
/home/wlia0047/ar57_scratch/wenyu/genrec_env_v2/lib64/python3.9/site-packages/torch/functional.py:1510: UserWarning: Deterministic behavior was enabled with either `torch.use_deterministic_algorithms(True)` or `at::Context::setDeterministicAlgorithms(true)`, but this operation is not deterministic because it uses CuBLAS and you have CUDA >= 10.2. To enable deterministic behavior in this case, you must set an environment variable before running your PyTorch application: CUBLAS_WORKSPACE_CONFIG=:4096:8 or CUBLAS_WORKSPACE_CONFIG=:16:8. For more information, go to https://docs.nvidia.com/cuda/cublas/index.html#results-reproducibility (Triggered internally at /pytorch/aten/src/ATen/Context.cpp:233.)
  return _VF.cdist(x1, x2, p, None)  # type: ignore[attr-defined]
/home/wlia0047/ar57_scratch/wenyu/genrec_env_v2/lib64/python3.9/site-packages/torch/distributed/distributed_c10d.py:4807: UserWarning: No device id is provided via `init_process_group` or `barrier `. Using the current device set by the user. 
  warnings.warn(  # warn only once
/home/wlia0047/ar57_scratch/wenyu/genrec_env_v2/lib64/python3.9/site-packages/torch/distributed/distributed_c10d.py:4807: UserWarning: No device id is provided via `init_process_group` or `barrier `. Using the current device set by the user. 
  warnings.warn(  # warn only once
/home/wlia0047/ar57_scratch/wenyu/genrec_env_v2/lib64/python3.9/site-packages/torch/distributed/distributed_c10d.py:4807: UserWarning: No device id is provided via `init_process_group` or `barrier `. Using the current device set by the user. 
  warnings.warn(  # warn only once
/home/wlia0047/ar57_scratch/wenyu/genrec_env_v2/lib64/python3.9/site-packages/torch/distributed/distributed_c10d.py:4807: UserWarning: No device id is provided via `init_process_group` or `barrier `. Using the current device set by the user. 
  warnings.warn(  # warn only once
/home/wlia0047/ar57_scratch/wenyu/genrec_env_v2/lib64/python3.9/site-packages/torch/autograd/graph.py:829: UserWarning: Deterministic behavior was enabled with either `torch.use_deterministic_algorithms(True)` or `at::Context::setDeterministicAlgorithms(true)`, but this operation is not deterministic because it uses CuBLAS and you have CUDA >= 10.2. To enable deterministic behavior in this case, you must set an environment variable before running your PyTorch application: CUBLAS_WORKSPACE_CONFIG=:4096:8 or CUBLAS_WORKSPACE_CONFIG=:16:8. For more information, go to https://docs.nvidia.com/cuda/cublas/index.html#results-reproducibility (Triggered internally at /pytorch/aten/src/ATen/Context.cpp:233.)
  return Variable._execution_engine.run_backward(  # Calls into the C++ engine to run the backward pass
/home/wlia0047/ar57_scratch/wenyu/genrec_env_v2/lib64/python3.9/site-packages/torch/autograd/graph.py:829: UserWarning: Deterministic behavior was enabled with either `torch.use_deterministic_algorithms(True)` or `at::Context::setDeterministicAlgorithms(true)`, but this operation is not deterministic because it uses CuBLAS and you have CUDA >= 10.2. To enable deterministic behavior in this case, you must set an environment variable before running your PyTorch application: CUBLAS_WORKSPACE_CONFIG=:4096:8 or CUBLAS_WORKSPACE_CONFIG=:16:8. For more information, go to https://docs.nvidia.com/cuda/cublas/index.html#results-reproducibility (Triggered internally at /pytorch/aten/src/ATen/Context.cpp:233.)
  return Variable._execution_engine.run_backward(  # Calls into the C++ engine to run the backward pass
/home/wlia0047/ar57_scratch/wenyu/genrec_env_v2/lib64/python3.9/site-packages/torch/autograd/graph.py:829: UserWarning: Deterministic behavior was enabled with either `torch.use_deterministic_algorithms(True)` or `at::Context::setDeterministicAlgorithms(true)`, but this operation is not deterministic because it uses CuBLAS and you have CUDA >= 10.2. To enable deterministic behavior in this case, you must set an environment variable before running your PyTorch application: CUBLAS_WORKSPACE_CONFIG=:4096:8 or CUBLAS_WORKSPACE_CONFIG=:16:8. For more information, go to https://docs.nvidia.com/cuda/cublas/index.html#results-reproducibility (Triggered internally at /pytorch/aten/src/ATen/Context.cpp:233.)
  return Variable._execution_engine.run_backward(  # Calls into the C++ engine to run the backward pass
/home/wlia0047/ar57_scratch/wenyu/genrec_env_v2/lib64/python3.9/site-packages/torch/autograd/graph.py:829: UserWarning: Deterministic behavior was enabled with either `torch.use_deterministic_algorithms(True)` or `at::Context::setDeterministicAlgorithms(true)`, but this operation is not deterministic because it uses CuBLAS and you have CUDA >= 10.2. To enable deterministic behavior in this case, you must set an environment variable before running your PyTorch application: CUBLAS_WORKSPACE_CONFIG=:4096:8 or CUBLAS_WORKSPACE_CONFIG=:16:8. For more information, go to https://docs.nvidia.com/cuda/cublas/index.html#results-reproducibility (Triggered internally at /pytorch/aten/src/ATen/Context.cpp:233.)
  return Variable._execution_engine.run_backward(  # Calls into the C++ engine to run the backward pass
[hyperbolic] global_step=132/72000 local_updates=33 loss=0.05741639 recon=0.00021014
[hyperbolic] global_step=276/72000 local_updates=69 loss=0.05147661 recon=0.00018483
[hyperbolic] global_step=396/72000 local_updates=99 loss=0.05114599 recon=0.00016523
[hyperbolic] global_step=564/72000 local_updates=141 loss=0.04962089 recon=0.00016804
[hyperbolic] global_step=720/72000 local_updates=180 loss=0.05097752 recon=0.00019250
[hyperbolic] global_step=900/72000 local_updates=225 loss=0.05057281 recon=0.00016918
[hyperbolic] global_step=1080/72000 local_updates=270 loss=0.04899698 recon=0.00016187
[hyperbolic] global_step=1272/72000 local_updates=318 loss=0.04891561 recon=0.00016474
[hyperbolic] global_step=1480/72000 local_updates=370 loss=0.04873997 recon=0.00016131
[hyperbolic] global_step=1680/72000 local_updates=420 loss=0.04803092 recon=0.00018005
[hyperbolic] global_step=1900/72000 local_updates=475 loss=0.04983545 recon=0.00017638
[hyperbolic] global_step=2136/72000 local_updates=534 loss=0.04763128 recon=0.00014530
[hyperbolic] global_step=2356/72000 local_updates=589 loss=0.04739464 recon=0.00015703
[hyperbolic] global_step=2592/72000 local_updates=648 loss=0.04765326 recon=0.00016543
[hyperbolic] global_step=2832/72000 local_updates=708 loss=0.04839406 recon=0.00017112
[hyperbolic] global_step=3060/72000 local_updates=765 loss=0.04796927 recon=0.00014247
[hyperbolic] global_step=3308/72000 local_updates=827 loss=0.04851217 recon=0.00016776
[hyperbolic] global_step=3544/72000 local_updates=886 loss=0.04953958 recon=0.00017904
[hyperbolic] global_step=3804/72000 local_updates=951 loss=0.04790892 recon=0.00014728
[hyperbolic] global_step=4072/72000 local_updates=1018 loss=0.04719269 recon=0.00014345
[hyperbolic] global_step=4336/72000 local_updates=1084 loss=0.04678610 recon=0.00016246
[hyperbolic] global_step=4636/72000 local_updates=1159 loss=0.04976076 recon=0.00017565
[hyperbolic] global_step=4888/72000 local_updates=1222 loss=0.04797953 recon=0.00015403
[hyperbolic] global_step=5160/72000 local_updates=1290 loss=0.04628811 recon=0.00016997
[hyperbolic] global_step=5432/72000 local_updates=1358 loss=0.04861386 recon=0.00015525
[hyperbolic] global_step=5716/72000 local_updates=1429 loss=0.04689728 recon=0.00016101
[hyperbolic] global_step=6004/72000 local_updates=1501 loss=0.04747957 recon=0.00016035
[hyperbolic] global_step=6276/72000 local_updates=1569 loss=0.04736593 recon=0.00016143
[hyperbolic] global_step=6528/72000 local_updates=1632 loss=0.04579645 recon=0.00015353
[hyperbolic] global_step=6824/72000 local_updates=1706 loss=0.04640699 recon=0.00016291
[hyperbolic] global_step=7096/72000 local_updates=1774 loss=0.04626298 recon=0.00014387
[hyperbolic] global_step=7384/72000 local_updates=1846 loss=0.04771750 recon=0.00016563
[hyperbolic] global_step=7512/72000 local_updates=1878 loss=0.04787944 recon=0.00015472
[hyperbolic] global_step=7620/72000 local_updates=1905 loss=0.04755960 recon=0.00015518
[hyperbolic] global_step=7732/72000 local_updates=1933 loss=0.04761435 recon=0.00014710
[hyperbolic] global_step=7840/72000 local_updates=1960 loss=0.04656107 recon=0.00015444
[hyperbolic] global_step=7952/72000 local_updates=1988 loss=0.04712456 recon=0.00015565
[hyperbolic] global_step=8060/72000 local_updates=2015 loss=0.04791395 recon=0.00014810
[hyperbolic] global_step=8168/72000 local_updates=2042 loss=0.04829376 recon=0.00015835
[hyperbolic] global_step=8280/72000 local_updates=2070 loss=0.04634477 recon=0.00015199
[hyperbolic] global_step=8380/72000 local_updates=2095 loss=0.04771035 recon=0.00014300
[hyperbolic] global_step=8480/72000 local_updates=2120 loss=0.04672243 recon=0.00015829
[hyperbolic] global_step=8584/72000 local_updates=2146 loss=0.04663355 recon=0.00016280
[hyperbolic] global_step=8696/72000 local_updates=2174 loss=0.04565027 recon=0.00014207
[hyperbolic] global_step=8804/72000 local_updates=2201 loss=0.04802255 recon=0.00014920
[hyperbolic] global_step=8916/72000 local_updates=2229 loss=0.04523408 recon=0.00017203
[hyperbolic] global_step=9028/72000 local_updates=2257 loss=0.04336169 recon=0.00015428
[hyperbolic] global_step=9132/72000 local_updates=2283 loss=0.04762122 recon=0.00014245
[hyperbolic] global_step=9220/72000 local_updates=2305 loss=0.04652864 recon=0.00013691
[hyperbolic] global_step=9328/72000 local_updates=2332 loss=0.04610886 recon=0.00015210
[hyperbolic] global_step=9432/72000 local_updates=2358 loss=0.04667143 recon=0.00014057
[hyperbolic] global_step=9540/72000 local_updates=2385 loss=0.04753651 recon=0.00015110
[hyperbolic] global_step=9656/72000 local_updates=2414 loss=0.04639830 recon=0.00014443
[hyperbolic] global_step=9752/72000 local_updates=2438 loss=0.04644901 recon=0.00013362
[hyperbolic] global_step=9844/72000 local_updates=2461 loss=0.04502036 recon=0.00016520
[hyperbolic] global_step=9940/72000 local_updates=2485 loss=0.04629507 recon=0.00016403
[hyperbolic] global_step=10040/72000 local_updates=2510 loss=0.04559939 recon=0.00015269
[hyperbolic] global_step=10140/72000 local_updates=2535 loss=0.04715671 recon=0.00015913
[hyperbolic] global_step=10240/72000 local_updates=2560 loss=0.04573945 recon=0.00016510
[hyperbolic] global_step=10336/72000 local_updates=2584 loss=0.04800565 recon=0.00016093
[hyperbolic] global_step=10440/72000 local_updates=2610 loss=0.04531029 recon=0.00015217
[hyperbolic] global_step=10548/72000 local_updates=2637 loss=0.04432230 recon=0.00014215
[hyperbolic] global_step=10652/72000 local_updates=2663 loss=0.04657650 recon=0.00016550
[hyperbolic] global_step=10748/72000 local_updates=2687 loss=0.04508731 recon=0.00015462
[hyperbolic] global_step=10852/72000 local_updates=2713 loss=0.04704916 recon=0.00017006
[hyperbolic] global_step=10952/72000 local_updates=2738 loss=0.04693353 recon=0.00016807
[hyperbolic] global_step=11056/72000 local_updates=2764 loss=0.04638526 recon=0.00015233
[hyperbolic] global_step=11156/72000 local_updates=2789 loss=0.04647962 recon=0.00016519
[hyperbolic] global_step=11260/72000 local_updates=2815 loss=0.04613095 recon=0.00015440
[hyperbolic] global_step=11364/72000 local_updates=2841 loss=0.04578612 recon=0.00014095
[hyperbolic] global_step=11476/72000 local_updates=2869 loss=0.04743009 recon=0.00015327
[hyperbolic] global_step=11588/72000 local_updates=2897 loss=0.04469825 recon=0.00015852
[hyperbolic] global_step=11696/72000 local_updates=2924 loss=0.04495581 recon=0.00014995
[hyperbolic] global_step=11804/72000 local_updates=2951 loss=0.04569484 recon=0.00014953
[hyperbolic] global_step=11908/72000 local_updates=2977 loss=0.04491213 recon=0.00015948
[hyperbolic] global_step=12020/72000 local_updates=3005 loss=0.04645734 recon=0.00015726
[hyperbolic] global_step=12124/72000 local_updates=3031 loss=0.04540776 recon=0.00015865
[hyperbolic] global_step=12240/72000 local_updates=3060 loss=0.04602683 recon=0.00018602
[hyperbolic] global_step=12348/72000 local_updates=3087 loss=0.04657133 recon=0.00016094
[hyperbolic] global_step=12464/72000 local_updates=3116 loss=0.04673202 recon=0.00015789
[hyperbolic] global_step=12576/72000 local_updates=3144 loss=0.04550938 recon=0.00014433
[hyperbolic] global_step=12688/72000 local_updates=3172 loss=0.04492585 recon=0.00013854
[hyperbolic] global_step=12804/72000 local_updates=3201 loss=0.04589584 recon=0.00015774
[hyperbolic] global_step=12916/72000 local_updates=3229 loss=0.04575052 recon=0.00014546
[hyperbolic] global_step=13024/72000 local_updates=3256 loss=0.04695822 recon=0.00015863
[hyperbolic] global_step=13136/72000 local_updates=3284 loss=0.04666927 recon=0.00015497
[hyperbolic] global_step=13252/72000 local_updates=3313 loss=0.04562707 recon=0.00013400
[hyperbolic] global_step=13364/72000 local_updates=3341 loss=0.04504487 recon=0.00016432
[hyperbolic] global_step=13472/72000 local_updates=3368 loss=0.04757180 recon=0.00018702
[hyperbolic] global_step=13588/72000 local_updates=3397 loss=0.04505073 recon=0.00014661
[hyperbolic] global_step=13696/72000 local_updates=3424 loss=0.04619289 recon=0.00015398
[hyperbolic] global_step=13808/72000 local_updates=3452 loss=0.04555260 recon=0.00018060
[hyperbolic] global_step=13916/72000 local_updates=3479 loss=0.04719063 recon=0.00015464
[hyperbolic] global_step=14028/72000 local_updates=3507 loss=0.04791630 recon=0.00013767
[hyperbolic] global_step=14136/72000 local_updates=3534 loss=0.04808334 recon=0.00015237
[hyperbolic] global_step=14248/72000 local_updates=3562 loss=0.04522549 recon=0.00017615
[hyperbolic] global_step=14356/72000 local_updates=3589 loss=0.04661846 recon=0.00014832
[hyperbolic] global_step=14476/72000 local_updates=3619 loss=0.04712174 recon=0.00014874
[hyperbolic] global_step=14588/72000 local_updates=3647 loss=0.04762010 recon=0.00015347
[hyperbolic] global_step=14696/72000 local_updates=3674 loss=0.04507016 recon=0.00015596
[hyperbolic] global_step=14812/72000 local_updates=3703 loss=0.04681659 recon=0.00015824
[hyperbolic] global_step=14924/72000 local_updates=3731 loss=0.04784076 recon=0.00015782
[hyperbolic] global_step=15040/72000 local_updates=3760 loss=0.04709025 recon=0.00015067
[hyperbolic] global_step=15148/72000 local_updates=3787 loss=0.04646267 recon=0.00016426
[hyperbolic] global_step=15264/72000 local_updates=3816 loss=0.04719007 recon=0.00017346
[hyperbolic] global_step=15380/72000 local_updates=3845 loss=0.04639962 recon=0.00014338
[hyperbolic] global_step=15484/72000 local_updates=3871 loss=0.04712155 recon=0.00015395
[hyperbolic] global_step=15596/72000 local_updates=3899 loss=0.04451791 recon=0.00015101
[hyperbolic] global_step=15708/72000 local_updates=3927 loss=0.04512565 recon=0.00014932
[hyperbolic] global_step=15816/72000 local_updates=3954 loss=0.04508591 recon=0.00014404
[hyperbolic] global_step=15920/72000 local_updates=3980 loss=0.04710691 recon=0.00014753
[hyperbolic] global_step=16032/72000 local_updates=4008 loss=0.04506848 recon=0.00015030
[hyperbolic] global_step=16140/72000 local_updates=4035 loss=0.04610731 recon=0.00015611
[hyperbolic] global_step=16248/72000 local_updates=4062 loss=0.04590101 recon=0.00014902
[hyperbolic] global_step=16356/72000 local_updates=4089 loss=0.04533433 recon=0.00015267
[hyperbolic] global_step=16460/72000 local_updates=4115 loss=0.04825675 recon=0.00015703
[hyperbolic] global_step=16568/72000 local_updates=4142 loss=0.04566986 recon=0.00015776
[hyperbolic] global_step=16676/72000 local_updates=4169 loss=0.04290074 recon=0.00014609
[hyperbolic] global_step=16784/72000 local_updates=4196 loss=0.04633285 recon=0.00014829
[hyperbolic] global_step=16888/72000 local_updates=4222 loss=0.04721860 recon=0.00015119
[hyperbolic] global_step=16992/72000 local_updates=4248 loss=0.04683373 recon=0.00015884
[hyperbolic] global_step=17100/72000 local_updates=4275 loss=0.04652664 recon=0.00015837
[hyperbolic] global_step=17208/72000 local_updates=4302 loss=0.04764125 recon=0.00014602
[hyperbolic] global_step=17320/72000 local_updates=4330 loss=0.04482034 recon=0.00014857
[hyperbolic] global_step=17432/72000 local_updates=4358 loss=0.04628492 recon=0.00015710
[hyperbolic] global_step=17544/72000 local_updates=4386 loss=0.04614158 recon=0.00014513
[hyperbolic] global_step=17648/72000 local_updates=4412 loss=0.04413483 recon=0.00015457
[hyperbolic] global_step=17760/72000 local_updates=4440 loss=0.04745854 recon=0.00016333
[hyperbolic] global_step=17868/72000 local_updates=4467 loss=0.04543006 recon=0.00015206
[hyperbolic] global_step=17976/72000 local_updates=4494 loss=0.04502129 recon=0.00014582
[hyperbolic] global_step=18084/72000 local_updates=4521 loss=0.04437977 recon=0.00014491
[hyperbolic] global_step=18196/72000 local_updates=4549 loss=0.04453234 recon=0.00016316
[hyperbolic] global_step=18312/72000 local_updates=4578 loss=0.04698756 recon=0.00014950
[hyperbolic] global_step=18420/72000 local_updates=4605 loss=0.04631798 recon=0.00015668
[hyperbolic] global_step=18524/72000 local_updates=4631 loss=0.04524935 recon=0.00015135
[hyperbolic] global_step=18636/72000 local_updates=4659 loss=0.04515157 recon=0.00015872
[hyperbolic] global_step=18748/72000 local_updates=4687 loss=0.04562423 recon=0.00015665
[hyperbolic] global_step=18860/72000 local_updates=4715 loss=0.04613026 recon=0.00014875
[hyperbolic] global_step=18968/72000 local_updates=4742 loss=0.04661245 recon=0.00015579
[hyperbolic] global_step=19080/72000 local_updates=4770 loss=0.04678716 recon=0.00014075
[hyperbolic] global_step=19196/72000 local_updates=4799 loss=0.04358155 recon=0.00016346
[hyperbolic] global_step=19304/72000 local_updates=4826 loss=0.04529403 recon=0.00015810
[hyperbolic] global_step=19416/72000 local_updates=4854 loss=0.04593000 recon=0.00016020
[hyperbolic] global_step=19528/72000 local_updates=4882 loss=0.04686093 recon=0.00016081
[hyperbolic] global_step=19640/72000 local_updates=4910 loss=0.04514764 recon=0.00013733
[hyperbolic] global_step=19756/72000 local_updates=4939 loss=0.04546680 recon=0.00015599
[hyperbolic] global_step=19864/72000 local_updates=4966 loss=0.04576212 recon=0.00017254
[hyperbolic] global_step=19948/72000 local_updates=4987 loss=0.04501086 recon=0.00013335
[hyperbolic] global_step=20052/72000 local_updates=5013 loss=0.04444493 recon=0.00014975
[hyperbolic] global_step=20164/72000 local_updates=5041 loss=0.04565574 recon=0.00016803
[hyperbolic] global_step=20276/72000 local_updates=5069 loss=0.04452106 recon=0.00015171
[hyperbolic] global_step=20388/72000 local_updates=5097 loss=0.04403777 recon=0.00015254
[hyperbolic] global_step=20500/72000 local_updates=5125 loss=0.04510328 recon=0.00014817
[hyperbolic] global_step=20612/72000 local_updates=5153 loss=0.04519644 recon=0.00015063
[hyperbolic] global_step=20724/72000 local_updates=5181 loss=0.04537481 recon=0.00015980
[hyperbolic] global_step=20832/72000 local_updates=5208 loss=0.04682432 recon=0.00015587
[hyperbolic] global_step=20944/72000 local_updates=5236 loss=0.04496059 recon=0.00015770
[hyperbolic] global_step=21056/72000 local_updates=5264 loss=0.04512250 recon=0.00014028
[hyperbolic] global_step=21168/72000 local_updates=5292 loss=0.04666111 recon=0.00014478
[hyperbolic] global_step=21272/72000 local_updates=5318 loss=0.04484619 recon=0.00015013
[hyperbolic] global_step=21380/72000 local_updates=5345 loss=0.04509112 recon=0.00015274
[hyperbolic] global_step=21492/72000 local_updates=5373 loss=0.04448835 recon=0.00016148
[hyperbolic] global_step=21600/72000 local_updates=5400 loss=0.04714365 recon=0.00014358
[hyperbolic] global_step=21704/72000 local_updates=5426 loss=0.04503659 recon=0.00014547
[hyperbolic] global_step=21812/72000 local_updates=5453 loss=0.04638823 recon=0.00015301
[hyperbolic] global_step=21952/72000 local_updates=5488 loss=0.04699575 recon=0.00015352
[hyperbolic] global_step=22064/72000 local_updates=5516 loss=0.04561839 recon=0.00015313
[hyperbolic] global_step=22168/72000 local_updates=5542 loss=0.04630018 recon=0.00015303
[hyperbolic] global_step=22276/72000 local_updates=5569 loss=0.04653360 recon=0.00013881
[hyperbolic] global_step=22388/72000 local_updates=5597 loss=0.04475902 recon=0.00016416
[hyperbolic] global_step=22500/72000 local_updates=5625 loss=0.04484713 recon=0.00015407
[hyperbolic] global_step=22600/72000 local_updates=5650 loss=0.04590214 recon=0.00014327
[hyperbolic] global_step=22708/72000 local_updates=5677 loss=0.04521134 recon=0.00013935
[hyperbolic] global_step=22816/72000 local_updates=5704 loss=0.04618644 recon=0.00016984
[hyperbolic] global_step=22924/72000 local_updates=5731 loss=0.04601254 recon=0.00013917
[hyperbolic] global_step=23012/72000 local_updates=5753 loss=0.04343553 recon=0.00015479
[hyperbolic] global_step=23124/72000 local_updates=5781 loss=0.04364008 recon=0.00014354
[hyperbolic] global_step=23236/72000 local_updates=5809 loss=0.04437877 recon=0.00013911
[hyperbolic] global_step=23344/72000 local_updates=5836 loss=0.04619451 recon=0.00014168
[hyperbolic] global_step=23456/72000 local_updates=5864 loss=0.04641097 recon=0.00014683
[hyperbolic] global_step=23564/72000 local_updates=5891 loss=0.04600850 recon=0.00015818
[hyperbolic] global_step=23668/72000 local_updates=5917 loss=0.04426663 recon=0.00016520
[hyperbolic] global_step=23772/72000 local_updates=5943 loss=0.04627207 recon=0.00015219
[hyperbolic] global_step=23876/72000 local_updates=5969 loss=0.04630370 recon=0.00015809
[hyperbolic] global_step=23980/72000 local_updates=5995 loss=0.04564738 recon=0.00015575
[hyperbolic] global_step=24088/72000 local_updates=6022 loss=0.04492858 recon=0.00016260
[hyperbolic] global_step=24200/72000 local_updates=6050 loss=0.04599108 recon=0.00014537
[hyperbolic] global_step=24312/72000 local_updates=6078 loss=0.04615270 recon=0.00015260
[hyperbolic] global_step=24340/72000 local_updates=6085 loss=0.04595760 recon=0.00016170
[hyperbolic] global_step=24444/72000 local_updates=6111 loss=0.04429091 recon=0.00015134
[hyperbolic] global_step=24552/72000 local_updates=6138 loss=0.04492275 recon=0.00016241
[hyperbolic] global_step=24660/72000 local_updates=6165 loss=0.04531007 recon=0.00014004
[hyperbolic] global_step=24728/72000 local_updates=6182 loss=0.04384240 recon=0.00014470
[hyperbolic] global_step=24840/72000 local_updates=6210 loss=0.04510581 recon=0.00015277
[hyperbolic] global_step=24948/72000 local_updates=6237 loss=0.04551977 recon=0.00016590
[hyperbolic] global_step=25056/72000 local_updates=6264 loss=0.04644887 recon=0.00016213
[hyperbolic] global_step=25164/72000 local_updates=6291 loss=0.04423327 recon=0.00016341
[hyperbolic] global_step=25272/72000 local_updates=6318 loss=0.04563272 recon=0.00013786
[hyperbolic] global_step=25380/72000 local_updates=6345 loss=0.04538457 recon=0.00016521
[hyperbolic] global_step=25492/72000 local_updates=6373 loss=0.04558759 recon=0.00014092
[hyperbolic] global_step=25600/72000 local_updates=6400 loss=0.04598418 recon=0.00014897
[hyperbolic] global_step=25708/72000 local_updates=6427 loss=0.04550087 recon=0.00013846
[hyperbolic] global_step=25816/72000 local_updates=6454 loss=0.04424983 recon=0.00015169
[hyperbolic] global_step=25932/72000 local_updates=6483 loss=0.04535232 recon=0.00014493
[hyperbolic] global_step=26040/72000 local_updates=6510 loss=0.04398096 recon=0.00013779
[hyperbolic] global_step=26152/72000 local_updates=6538 loss=0.04479493 recon=0.00013974
[hyperbolic] global_step=26260/72000 local_updates=6565 loss=0.04563920 recon=0.00015109
[hyperbolic] global_step=26372/72000 local_updates=6593 loss=0.04483321 recon=0.00015954
[hyperbolic] global_step=26480/72000 local_updates=6620 loss=0.04514807 recon=0.00015680
[hyperbolic] global_step=26588/72000 local_updates=6647 loss=0.04536130 recon=0.00015235
[hyperbolic] global_step=26696/72000 local_updates=6674 loss=0.04486816 recon=0.00015461
[hyperbolic] global_step=26808/72000 local_updates=6702 loss=0.04552004 recon=0.00015837
[hyperbolic] global_step=26916/72000 local_updates=6729 loss=0.04615739 recon=0.00014573
[hyperbolic] global_step=27028/72000 local_updates=6757 loss=0.04504690 recon=0.00015997
[hyperbolic] global_step=27140/72000 local_updates=6785 loss=0.04652195 recon=0.00014821
[hyperbolic] global_step=27252/72000 local_updates=6813 loss=0.04548061 recon=0.00014839
[hyperbolic] global_step=27360/72000 local_updates=6840 loss=0.04679031 recon=0.00016347
[hyperbolic] global_step=27468/72000 local_updates=6867 loss=0.04414614 recon=0.00014648
[hyperbolic] global_step=27572/72000 local_updates=6893 loss=0.04441975 recon=0.00013662
[hyperbolic] global_step=27676/72000 local_updates=6919 loss=0.04562107 recon=0.00015451
[hyperbolic] global_step=27784/72000 local_updates=6946 loss=0.04573589 recon=0.00015526
[hyperbolic] global_step=27896/72000 local_updates=6974 loss=0.04720812 recon=0.00014087
[hyperbolic] global_step=28000/72000 local_updates=7000 loss=0.04477698 recon=0.00015889
[hyperbolic] global_step=28108/72000 local_updates=7027 loss=0.04512300 recon=0.00014647
[hyperbolic] global_step=28216/72000 local_updates=7054 loss=0.04647187 recon=0.00014159
[hyperbolic] global_step=28328/72000 local_updates=7082 loss=0.04667795 recon=0.00015941
[hyperbolic] global_step=28436/72000 local_updates=7109 loss=0.04465272 recon=0.00015428
[hyperbolic] global_step=28544/72000 local_updates=7136 loss=0.04454163 recon=0.00013712
[hyperbolic] global_step=28652/72000 local_updates=7163 loss=0.04523071 recon=0.00015947
[hyperbolic] global_step=28760/72000 local_updates=7190 loss=0.04424862 recon=0.00016125
[hyperbolic] global_step=28872/72000 local_updates=7218 loss=0.04444566 recon=0.00015713
[hyperbolic] global_step=28976/72000 local_updates=7244 loss=0.04569307 recon=0.00016501
[hyperbolic] global_step=29084/72000 local_updates=7271 loss=0.04503632 recon=0.00014581
[hyperbolic] global_step=29192/72000 local_updates=7298 loss=0.04638566 recon=0.00015058
[hyperbolic] global_step=29300/72000 local_updates=7325 loss=0.04539397 recon=0.00014948
[hyperbolic] global_step=29480/72000 local_updates=7370 loss=0.04406031 recon=0.00013131
[hyperbolic] global_step=29600/72000 local_updates=7400 loss=0.04523360 recon=0.00015200
[hyperbolic] global_step=29708/72000 local_updates=7427 loss=0.04621570 recon=0.00013085
[hyperbolic] global_step=29812/72000 local_updates=7453 loss=0.04522655 recon=0.00015184
[hyperbolic] global_step=29916/72000 local_updates=7479 loss=0.04444813 recon=0.00015033
[hyperbolic] global_step=30024/72000 local_updates=7506 loss=0.04502571 recon=0.00015244
[hyperbolic] global_step=30224/72000 local_updates=7556 loss=0.04511558 recon=0.00014512
[hyperbolic] global_step=30432/72000 local_updates=7608 loss=0.04506300 recon=0.00016391
[hyperbolic] global_step=30552/72000 local_updates=7638 loss=0.04547043 recon=0.00014472
[hyperbolic] global_step=30660/72000 local_updates=7665 loss=0.04728041 recon=0.00014738
[hyperbolic] global_step=30808/72000 local_updates=7702 loss=0.04420713 recon=0.00015103
[hyperbolic] global_step=30912/72000 local_updates=7728 loss=0.04603592 recon=0.00014768
[hyperbolic] global_step=31020/72000 local_updates=7755 loss=0.04363856 recon=0.00015088
[hyperbolic] global_step=31128/72000 local_updates=7782 loss=0.04375665 recon=0.00015294
[hyperbolic] global_step=31236/72000 local_updates=7809 loss=0.04561274 recon=0.00013895
[hyperbolic] global_step=31344/72000 local_updates=7836 loss=0.04778463 recon=0.00016428
[hyperbolic] global_step=31452/72000 local_updates=7863 loss=0.04481442 recon=0.00014364
[hyperbolic] global_step=31568/72000 local_updates=7892 loss=0.04506881 recon=0.00014156
[hyperbolic] global_step=31676/72000 local_updates=7919 loss=0.04621568 recon=0.00014985
[hyperbolic] global_step=31784/72000 local_updates=7946 loss=0.04689345 recon=0.00013458
[hyperbolic] global_step=31892/72000 local_updates=7973 loss=0.04508416 recon=0.00016580
[hyperbolic] global_step=32004/72000 local_updates=8001 loss=0.04579695 recon=0.00015591
[hyperbolic] global_step=32096/72000 local_updates=8024 loss=0.04492795 recon=0.00014998
[hyperbolic] global_step=32204/72000 local_updates=8051 loss=0.04531792 recon=0.00013776
[hyperbolic] global_step=32312/72000 local_updates=8078 loss=0.04350072 recon=0.00015795
[hyperbolic] global_step=32420/72000 local_updates=8105 loss=0.04384842 recon=0.00014485
[hyperbolic] global_step=32528/72000 local_updates=8132 loss=0.04493639 recon=0.00016347
[hyperbolic] global_step=32632/72000 local_updates=8158 loss=0.04451510 recon=0.00016241
[hyperbolic] global_step=32744/72000 local_updates=8186 loss=0.04443873 recon=0.00015450
[hyperbolic] global_step=32856/72000 local_updates=8214 loss=0.04435802 recon=0.00015088
[hyperbolic] global_step=32964/72000 local_updates=8241 loss=0.04535036 recon=0.00014436
[hyperbolic] global_step=33072/72000 local_updates=8268 loss=0.04550437 recon=0.00015631
[hyperbolic] global_step=33180/72000 local_updates=8295 loss=0.04558025 recon=0.00015263
[hyperbolic] global_step=33284/72000 local_updates=8321 loss=0.04445684 recon=0.00015489
[hyperbolic] global_step=33392/72000 local_updates=8348 loss=0.04613896 recon=0.00015137
[hyperbolic] global_step=33500/72000 local_updates=8375 loss=0.04494549 recon=0.00016087
[hyperbolic] global_step=33608/72000 local_updates=8402 loss=0.04457247 recon=0.00016264
[hyperbolic] global_step=33708/72000 local_updates=8427 loss=0.04442512 recon=0.00015495
[hyperbolic] global_step=33816/72000 local_updates=8454 loss=0.04365110 recon=0.00014381
[hyperbolic] global_step=33932/72000 local_updates=8483 loss=0.04755219 recon=0.00014697
[hyperbolic] global_step=34036/72000 local_updates=8509 loss=0.04416653 recon=0.00014759
[hyperbolic] global_step=34144/72000 local_updates=8536 loss=0.04676407 recon=0.00015191
[hyperbolic] global_step=34256/72000 local_updates=8564 loss=0.04547087 recon=0.00014637
[hyperbolic] global_step=34360/72000 local_updates=8590 loss=0.04477463 recon=0.00015456
[hyperbolic] global_step=34468/72000 local_updates=8617 loss=0.04587679 recon=0.00015945
[hyperbolic] global_step=34580/72000 local_updates=8645 loss=0.04453911 recon=0.00015925
[hyperbolic] global_step=34688/72000 local_updates=8672 loss=0.04552814 recon=0.00015777
[hyperbolic] global_step=34792/72000 local_updates=8698 loss=0.04527842 recon=0.00017088
[hyperbolic] global_step=34900/72000 local_updates=8725 loss=0.04468086 recon=0.00015457
[hyperbolic] global_step=35012/72000 local_updates=8753 loss=0.04439664 recon=0.00013622
[hyperbolic] global_step=35120/72000 local_updates=8780 loss=0.04457777 recon=0.00015969
[hyperbolic] global_step=35224/72000 local_updates=8806 loss=0.04557247 recon=0.00014603
[hyperbolic] global_step=35328/72000 local_updates=8832 loss=0.04412729 recon=0.00014696
[hyperbolic] global_step=35440/72000 local_updates=8860 loss=0.04577247 recon=0.00014528
[hyperbolic] global_step=35548/72000 local_updates=8887 loss=0.04392777 recon=0.00013997
[hyperbolic] global_step=35656/72000 local_updates=8914 loss=0.04436222 recon=0.00015819
[hyperbolic] global_step=35760/72000 local_updates=8940 loss=0.04365064 recon=0.00014454
[hyperbolic] global_step=35860/72000 local_updates=8965 loss=0.04528722 recon=0.00015804
[hyperbolic] global_step=35972/72000 local_updates=8993 loss=0.04372450 recon=0.00014464
[hyperbolic] global_step=36000/72000 loss=0.04621843 recon=0.00015541 c=[1.0, 1.0, 1.0] epsilon=[0.003, 0.003, 0.003] raw_unique=24587/24587 collision=0.000000 behaviour=0.17858944 codebook_used=[256, 256, 256]
[hyperbolic] global_step=36108/72000 local_updates=9027 loss=0.04349905 recon=0.00014613
[hyperbolic] global_step=36220/72000 local_updates=9055 loss=0.04566877 recon=0.00015037
[hyperbolic] global_step=36316/72000 local_updates=9079 loss=0.04386093 recon=0.00015888
[hyperbolic] global_step=36424/72000 local_updates=9106 loss=0.04565145 recon=0.00016305
[hyperbolic] global_step=36532/72000 local_updates=9133 loss=0.04453161 recon=0.00014364
[hyperbolic] global_step=36640/72000 local_updates=9160 loss=0.04406674 recon=0.00014519
[hyperbolic] global_step=36748/72000 local_updates=9187 loss=0.04557562 recon=0.00012889
[hyperbolic] global_step=36856/72000 local_updates=9214 loss=0.04397285 recon=0.00015891
[hyperbolic] global_step=36968/72000 local_updates=9242 loss=0.04485540 recon=0.00014896
[hyperbolic] global_step=37076/72000 local_updates=9269 loss=0.04404916 recon=0.00014153
[hyperbolic] global_step=37184/72000 local_updates=9296 loss=0.04423039 recon=0.00013461
[hyperbolic] global_step=37296/72000 local_updates=9324 loss=0.04287553 recon=0.00014043
[hyperbolic] global_step=37392/72000 local_updates=9348 loss=0.04487531 recon=0.00016719
[hyperbolic] global_step=37496/72000 local_updates=9374 loss=0.04472426 recon=0.00014138
[hyperbolic] global_step=37604/72000 local_updates=9401 loss=0.04533246 recon=0.00014908
[hyperbolic] global_step=37716/72000 local_updates=9429 loss=0.04410505 recon=0.00015181
[hyperbolic] global_step=37824/72000 local_updates=9456 loss=0.04548965 recon=0.00013148
[hyperbolic] global_step=37936/72000 local_updates=9484 loss=0.04540634 recon=0.00014416
[hyperbolic] global_step=38008/72000 local_updates=9502 loss=0.04501767 recon=0.00014472
[hyperbolic] global_step=38112/72000 local_updates=9528 loss=0.04343216 recon=0.00015528
[hyperbolic] global_step=38220/72000 local_updates=9555 loss=0.04429483 recon=0.00015575
[hyperbolic] global_step=38328/72000 local_updates=9582 loss=0.04319361 recon=0.00014685
[hyperbolic] global_step=38440/72000 local_updates=9610 loss=0.04329593 recon=0.00015580
[hyperbolic] global_step=38548/72000 local_updates=9637 loss=0.04412574 recon=0.00014303
[hyperbolic] global_step=38660/72000 local_updates=9665 loss=0.04352642 recon=0.00016054
[hyperbolic] global_step=38772/72000 local_updates=9693 loss=0.04597655 recon=0.00014576
[hyperbolic] global_step=38880/72000 local_updates=9720 loss=0.04533551 recon=0.00015601
[hyperbolic] global_step=38988/72000 local_updates=9747 loss=0.04549171 recon=0.00015490
[hyperbolic] global_step=39096/72000 local_updates=9774 loss=0.04582165 recon=0.00014435
[hyperbolic] global_step=39208/72000 local_updates=9802 loss=0.04399621 recon=0.00016801
[hyperbolic] global_step=39268/72000 local_updates=9817 loss=0.04388987 recon=0.00013536
[hyperbolic] global_step=39372/72000 local_updates=9843 loss=0.04395463 recon=0.00014745
[hyperbolic] global_step=39480/72000 local_updates=9870 loss=0.04615523 recon=0.00014789
[hyperbolic] global_step=39584/72000 local_updates=9896 loss=0.04536312 recon=0.00014383
[hyperbolic] global_step=39692/72000 local_updates=9923 loss=0.04547263 recon=0.00015117
[hyperbolic] global_step=39804/72000 local_updates=9951 loss=0.04322620 recon=0.00015898
[hyperbolic] global_step=39916/72000 local_updates=9979 loss=0.04387258 recon=0.00014679
[hyperbolic] global_step=40028/72000 local_updates=10007 loss=0.04434712 recon=0.00015410
[hyperbolic] global_step=40136/72000 local_updates=10034 loss=0.04359945 recon=0.00014376
[hyperbolic] global_step=40248/72000 local_updates=10062 loss=0.04269517 recon=0.00014404
[hyperbolic] global_step=40352/72000 local_updates=10088 loss=0.04429249 recon=0.00015602
[hyperbolic] global_step=40460/72000 local_updates=10115 loss=0.04408636 recon=0.00013899
[hyperbolic] global_step=40568/72000 local_updates=10142 loss=0.04698350 recon=0.00014401
[hyperbolic] global_step=40680/72000 local_updates=10170 loss=0.04398630 recon=0.00014656
[hyperbolic] global_step=40788/72000 local_updates=10197 loss=0.04536124 recon=0.00014842
[hyperbolic] global_step=40896/72000 local_updates=10224 loss=0.04648867 recon=0.00014930
[hyperbolic] global_step=41008/72000 local_updates=10252 loss=0.04692964 recon=0.00014771
[hyperbolic] global_step=41116/72000 local_updates=10279 loss=0.04495740 recon=0.00014343
[hyperbolic] global_step=41224/72000 local_updates=10306 loss=0.04564670 recon=0.00015202
[hyperbolic] global_step=41328/72000 local_updates=10332 loss=0.04539006 recon=0.00014535
[hyperbolic] global_step=41440/72000 local_updates=10360 loss=0.04319862 recon=0.00015850
[hyperbolic] global_step=41548/72000 local_updates=10387 loss=0.04568427 recon=0.00013507
[hyperbolic] global_step=41660/72000 local_updates=10415 loss=0.04540926 recon=0.00015814
[hyperbolic] global_step=41764/72000 local_updates=10441 loss=0.04432877 recon=0.00014770
[hyperbolic] global_step=41876/72000 local_updates=10469 loss=0.04451123 recon=0.00014293
[hyperbolic] global_step=41984/72000 local_updates=10496 loss=0.04457625 recon=0.00016013
[hyperbolic] global_step=42096/72000 local_updates=10524 loss=0.04507232 recon=0.00014512
[hyperbolic] global_step=42204/72000 local_updates=10551 loss=0.04524435 recon=0.00015324
[hyperbolic] global_step=42312/72000 local_updates=10578 loss=0.04269635 recon=0.00014801
[hyperbolic] global_step=42452/72000 local_updates=10613 loss=0.04478945 recon=0.00013960
[hyperbolic] global_step=42560/72000 local_updates=10640 loss=0.04392289 recon=0.00015165
[hyperbolic] global_step=42680/72000 local_updates=10670 loss=0.04406517 recon=0.00014327
[hyperbolic] global_step=42788/72000 local_updates=10697 loss=0.04487772 recon=0.00015675
[hyperbolic] global_step=42896/72000 local_updates=10724 loss=0.04564135 recon=0.00014975
[hyperbolic] global_step=43008/72000 local_updates=10752 loss=0.04362139 recon=0.00016533
[hyperbolic] global_step=43300/72000 local_updates=10825 loss=0.04363801 recon=0.00015405
[hyperbolic] global_step=43568/72000 local_updates=10892 loss=0.04390582 recon=0.00014974
[hyperbolic] global_step=43760/72000 local_updates=10940 loss=0.04395777 recon=0.00015580
[hyperbolic] global_step=43868/72000 local_updates=10967 loss=0.04399491 recon=0.00014213
[hyperbolic] global_step=43984/72000 local_updates=10996 loss=0.04548635 recon=0.00014144
[hyperbolic] global_step=44108/72000 local_updates=11027 loss=0.04448748 recon=0.00014945
[hyperbolic] global_step=44228/72000 local_updates=11057 loss=0.04538872 recon=0.00014945
[hyperbolic] global_step=44336/72000 local_updates=11084 loss=0.04499254 recon=0.00015383
[hyperbolic] global_step=44448/72000 local_updates=11112 loss=0.04495808 recon=0.00014832
[hyperbolic] global_step=44560/72000 local_updates=11140 loss=0.04542109 recon=0.00015976
[hyperbolic] global_step=44672/72000 local_updates=11168 loss=0.04606992 recon=0.00015442
[hyperbolic] global_step=44776/72000 local_updates=11194 loss=0.04471648 recon=0.00013922
[hyperbolic] global_step=44884/72000 local_updates=11221 loss=0.04489309 recon=0.00015945
[hyperbolic] global_step=44992/72000 local_updates=11248 loss=0.04450594 recon=0.00014395
[hyperbolic] global_step=45104/72000 local_updates=11276 loss=0.04486908 recon=0.00015739
[hyperbolic] global_step=45216/72000 local_updates=11304 loss=0.04282625 recon=0.00014497
[hyperbolic] global_step=45324/72000 local_updates=11331 loss=0.04552071 recon=0.00016027
[hyperbolic] global_step=45432/72000 local_updates=11358 loss=0.04498494 recon=0.00015032
[hyperbolic] global_step=45544/72000 local_updates=11386 loss=0.04513913 recon=0.00014953
[hyperbolic] global_step=45652/72000 local_updates=11413 loss=0.04583187 recon=0.00013202
[hyperbolic] global_step=45764/72000 local_updates=11441 loss=0.04516851 recon=0.00015051
[hyperbolic] global_step=45872/72000 local_updates=11468 loss=0.04592901 recon=0.00014614
[hyperbolic] global_step=45980/72000 local_updates=11495 loss=0.04624534 recon=0.00014083
[hyperbolic] global_step=46092/72000 local_updates=11523 loss=0.04711210 recon=0.00015212
[hyperbolic] global_step=46200/72000 local_updates=11550 loss=0.04372341 recon=0.00015453
[hyperbolic] global_step=46308/72000 local_updates=11577 loss=0.04458855 recon=0.00015371
[hyperbolic] global_step=46412/72000 local_updates=11603 loss=0.04552764 recon=0.00013826
[hyperbolic] global_step=46528/72000 local_updates=11632 loss=0.04386264 recon=0.00015197
[hyperbolic] global_step=46632/72000 local_updates=11658 loss=0.04523618 recon=0.00014816
[hyperbolic] global_step=46740/72000 local_updates=11685 loss=0.04666443 recon=0.00015505
[hyperbolic] global_step=46844/72000 local_updates=11711 loss=0.04570698 recon=0.00015878
[hyperbolic] global_step=47032/72000 local_updates=11758 loss=0.04489675 recon=0.00016013
[hyperbolic] global_step=47136/72000 local_updates=11784 loss=0.04459147 recon=0.00014170
[hyperbolic] global_step=47244/72000 local_updates=11811 loss=0.04439757 recon=0.00015649
[hyperbolic] global_step=47356/72000 local_updates=11839 loss=0.04515253 recon=0.00014700
[hyperbolic] global_step=47468/72000 local_updates=11867 loss=0.04383418 recon=0.00014588
[hyperbolic] global_step=47572/72000 local_updates=11893 loss=0.04360196 recon=0.00015207
[hyperbolic] global_step=47680/72000 local_updates=11920 loss=0.04351469 recon=0.00014875
[hyperbolic] global_step=47792/72000 local_updates=11948 loss=0.04678432 recon=0.00014009
[hyperbolic] global_step=47904/72000 local_updates=11976 loss=0.04537952 recon=0.00014975
[hyperbolic] global_step=48012/72000 local_updates=12003 loss=0.04393597 recon=0.00014240
[hyperbolic] global_step=48124/72000 local_updates=12031 loss=0.04549818 recon=0.00014540
[hyperbolic] global_step=48232/72000 local_updates=12058 loss=0.04452315 recon=0.00015287
[hyperbolic] global_step=48348/72000 local_updates=12087 loss=0.04417846 recon=0.00014640
[hyperbolic] global_step=48456/72000 local_updates=12114 loss=0.04311934 recon=0.00015455
[hyperbolic] global_step=48568/72000 local_updates=12142 loss=0.04534099 recon=0.00013846
[hyperbolic] global_step=48672/72000 local_updates=12168 loss=0.04435404 recon=0.00014300
[hyperbolic] global_step=48784/72000 local_updates=12196 loss=0.04544288 recon=0.00013988
[hyperbolic] global_step=48892/72000 local_updates=12223 loss=0.04402522 recon=0.00014614
[hyperbolic] global_step=49004/72000 local_updates=12251 loss=0.04446956 recon=0.00014342
[hyperbolic] global_step=49112/72000 local_updates=12278 loss=0.04469338 recon=0.00013562
[hyperbolic] global_step=49220/72000 local_updates=12305 loss=0.04590752 recon=0.00015058
[hyperbolic] global_step=49332/72000 local_updates=12333 loss=0.04473113 recon=0.00015194
[hyperbolic] global_step=49432/72000 local_updates=12358 loss=0.04513491 recon=0.00014547
[hyperbolic] global_step=49540/72000 local_updates=12385 loss=0.04322055 recon=0.00013858
[hyperbolic] global_step=49644/72000 local_updates=12411 loss=0.04641667 recon=0.00015792
[hyperbolic] global_step=49756/72000 local_updates=12439 loss=0.04290559 recon=0.00015342
[hyperbolic] global_step=49856/72000 local_updates=12464 loss=0.04495364 recon=0.00014361
[hyperbolic] global_step=49968/72000 local_updates=12492 loss=0.04379129 recon=0.00013687
[hyperbolic] global_step=50072/72000 local_updates=12518 loss=0.04494677 recon=0.00012283
[hyperbolic] global_step=50184/72000 local_updates=12546 loss=0.04408899 recon=0.00015306
[hyperbolic] global_step=50292/72000 local_updates=12573 loss=0.04336962 recon=0.00014837
[hyperbolic] global_step=50400/72000 local_updates=12600 loss=0.04312416 recon=0.00014700
[hyperbolic] global_step=50512/72000 local_updates=12628 loss=0.04437970 recon=0.00013841
[hyperbolic] global_step=50612/72000 local_updates=12653 loss=0.04491620 recon=0.00015490
[hyperbolic] global_step=50704/72000 local_updates=12676 loss=0.04627757 recon=0.00014178
[hyperbolic] global_step=50808/72000 local_updates=12702 loss=0.04527742 recon=0.00015894
[hyperbolic] global_step=50920/72000 local_updates=12730 loss=0.04364225 recon=0.00015069
[hyperbolic] global_step=51024/72000 local_updates=12756 loss=0.04653005 recon=0.00014686
[hyperbolic] global_step=51132/72000 local_updates=12783 loss=0.04414120 recon=0.00014182
[hyperbolic] global_step=51236/72000 local_updates=12809 loss=0.04400586 recon=0.00014893
[hyperbolic] global_step=51344/72000 local_updates=12836 loss=0.04437072 recon=0.00015810
[hyperbolic] global_step=51392/72000 local_updates=12848 loss=0.04568829 recon=0.00015524
[hyperbolic] global_step=51500/72000 local_updates=12875 loss=0.04514247 recon=0.00015139
[hyperbolic] global_step=51612/72000 local_updates=12903 loss=0.04390663 recon=0.00014429
[hyperbolic] global_step=51716/72000 local_updates=12929 loss=0.04385038 recon=0.00015219
[hyperbolic] global_step=51824/72000 local_updates=12956 loss=0.04315982 recon=0.00015988
[hyperbolic] global_step=51936/72000 local_updates=12984 loss=0.04403438 recon=0.00015327
[hyperbolic] global_step=52048/72000 local_updates=13012 loss=0.04508832 recon=0.00015209
[hyperbolic] global_step=52156/72000 local_updates=13039 loss=0.04381410 recon=0.00015058
[hyperbolic] global_step=52264/72000 local_updates=13066 loss=0.04515975 recon=0.00015016
[hyperbolic] global_step=52372/72000 local_updates=13093 loss=0.04456399 recon=0.00015362
[hyperbolic] global_step=52480/72000 local_updates=13120 loss=0.04442902 recon=0.00013919
[hyperbolic] global_step=52588/72000 local_updates=13147 loss=0.04510491 recon=0.00015150
[hyperbolic] global_step=52656/72000 local_updates=13164 loss=0.04441691 recon=0.00015583
[hyperbolic] global_step=52764/72000 local_updates=13191 loss=0.04538208 recon=0.00014118
[hyperbolic] global_step=52868/72000 local_updates=13217 loss=0.04373827 recon=0.00014462
[hyperbolic] global_step=52976/72000 local_updates=13244 loss=0.04556812 recon=0.00014515
[hyperbolic] global_step=53084/72000 local_updates=13271 loss=0.04529998 recon=0.00016022
[hyperbolic] global_step=53192/72000 local_updates=13298 loss=0.04441155 recon=0.00014948
[hyperbolic] global_step=53300/72000 local_updates=13325 loss=0.04473157 recon=0.00015776
[hyperbolic] global_step=53408/72000 local_updates=13352 loss=0.04468684 recon=0.00015256
[hyperbolic] global_step=53516/72000 local_updates=13379 loss=0.04484292 recon=0.00015125
[hyperbolic] global_step=53620/72000 local_updates=13405 loss=0.04528162 recon=0.00014906
[hyperbolic] global_step=53732/72000 local_updates=13433 loss=0.04340351 recon=0.00013735
[hyperbolic] global_step=53840/72000 local_updates=13460 loss=0.04461596 recon=0.00014336
[hyperbolic] global_step=53944/72000 local_updates=13486 loss=0.04453726 recon=0.00014359
[hyperbolic] global_step=54048/72000 local_updates=13512 loss=0.04429097 recon=0.00015579
[hyperbolic] global_step=54152/72000 local_updates=13538 loss=0.04434454 recon=0.00015469
[hyperbolic] global_step=54264/72000 local_updates=13566 loss=0.04564237 recon=0.00015135
[hyperbolic] global_step=54368/72000 local_updates=13592 loss=0.04395366 recon=0.00014965
[hyperbolic] global_step=54476/72000 local_updates=13619 loss=0.04473844 recon=0.00016212
[hyperbolic] global_step=54588/72000 local_updates=13647 loss=0.04476374 recon=0.00016134
[hyperbolic] global_step=54692/72000 local_updates=13673 loss=0.04624564 recon=0.00013804
[hyperbolic] global_step=54796/72000 local_updates=13699 loss=0.04265688 recon=0.00014575
[hyperbolic] global_step=54896/72000 local_updates=13724 loss=0.04481944 recon=0.00014323
[hyperbolic] global_step=55004/72000 local_updates=13751 loss=0.04342698 recon=0.00014866
[hyperbolic] global_step=55112/72000 local_updates=13778 loss=0.04655649 recon=0.00014024
[hyperbolic] global_step=55216/72000 local_updates=13804 loss=0.04513282 recon=0.00012693
[hyperbolic] global_step=55328/72000 local_updates=13832 loss=0.04497200 recon=0.00014761
[hyperbolic] global_step=55436/72000 local_updates=13859 loss=0.04525358 recon=0.00014269
[hyperbolic] global_step=55544/72000 local_updates=13886 loss=0.04464842 recon=0.00014444
[hyperbolic] global_step=55652/72000 local_updates=13913 loss=0.04437187 recon=0.00013149
[hyperbolic] global_step=55856/72000 local_updates=13964 loss=0.04567363 recon=0.00014748
[hyperbolic] global_step=55964/72000 local_updates=13991 loss=0.04472432 recon=0.00013916
[hyperbolic] global_step=56072/72000 local_updates=14018 loss=0.04449540 recon=0.00016416
[hyperbolic] global_step=56176/72000 local_updates=14044 loss=0.04202075 recon=0.00014760
[hyperbolic] global_step=56288/72000 local_updates=14072 loss=0.04429875 recon=0.00013805
[hyperbolic] global_step=56392/72000 local_updates=14098 loss=0.04364558 recon=0.00014311
[hyperbolic] global_step=56500/72000 local_updates=14125 loss=0.04595116 recon=0.00015725
[hyperbolic] global_step=56604/72000 local_updates=14151 loss=0.04537584 recon=0.00014476
[hyperbolic] global_step=56728/72000 local_updates=14182 loss=0.04581832 recon=0.00014764
[hyperbolic] global_step=56832/72000 local_updates=14208 loss=0.04560639 recon=0.00014837
[hyperbolic] global_step=56944/72000 local_updates=14236 loss=0.04399837 recon=0.00014213
[hyperbolic] global_step=57048/72000 local_updates=14262 loss=0.04515031 recon=0.00014323
[hyperbolic] global_step=57156/72000 local_updates=14289 loss=0.04494252 recon=0.00015647
[hyperbolic] global_step=57264/72000 local_updates=14316 loss=0.04453149 recon=0.00014337
[hyperbolic] global_step=57372/72000 local_updates=14343 loss=0.04340037 recon=0.00013942
[hyperbolic] global_step=57480/72000 local_updates=14370 loss=0.04390629 recon=0.00013950
[hyperbolic] global_step=57588/72000 local_updates=14397 loss=0.04368557 recon=0.00014753
[hyperbolic] global_step=57696/72000 local_updates=14424 loss=0.04585254 recon=0.00014627
[hyperbolic] global_step=57804/72000 local_updates=14451 loss=0.04443044 recon=0.00014995
[hyperbolic] global_step=57912/72000 local_updates=14478 loss=0.04182908 recon=0.00014721
[hyperbolic] global_step=58016/72000 local_updates=14504 loss=0.04521272 recon=0.00013610
[hyperbolic] global_step=58120/72000 local_updates=14530 loss=0.04469378 recon=0.00013785
[hyperbolic] global_step=58224/72000 local_updates=14556 loss=0.04585680 recon=0.00014269
[hyperbolic] global_step=58332/72000 local_updates=14583 loss=0.04265682 recon=0.00015047
[hyperbolic] global_step=58416/72000 local_updates=14604 loss=0.04389346 recon=0.00014225
[hyperbolic] global_step=58524/72000 local_updates=14631 loss=0.04466387 recon=0.00014725
[hyperbolic] global_step=58636/72000 local_updates=14659 loss=0.04282662 recon=0.00013932
[hyperbolic] global_step=58744/72000 local_updates=14686 loss=0.04446413 recon=0.00014136
[hyperbolic] global_step=58856/72000 local_updates=14714 loss=0.04289786 recon=0.00014544
[hyperbolic] global_step=58968/72000 local_updates=14742 loss=0.04432345 recon=0.00014036
[hyperbolic] global_step=59076/72000 local_updates=14769 loss=0.04444690 recon=0.00016914
[hyperbolic] global_step=59180/72000 local_updates=14795 loss=0.04363955 recon=0.00013724
[hyperbolic] global_step=59292/72000 local_updates=14823 loss=0.04449135 recon=0.00013306
[hyperbolic] global_step=59400/72000 local_updates=14850 loss=0.04408602 recon=0.00015079
[hyperbolic] global_step=59508/72000 local_updates=14877 loss=0.04470286 recon=0.00015192
[hyperbolic] global_step=59616/72000 local_updates=14904 loss=0.04353242 recon=0.00014358
[hyperbolic] global_step=59724/72000 local_updates=14931 loss=0.04604150 recon=0.00015158
[hyperbolic] global_step=59944/72000 local_updates=14986 loss=0.04499093 recon=0.00015386
[hyperbolic] global_step=60048/72000 local_updates=15012 loss=0.04554426 recon=0.00016988
[hyperbolic] global_step=60156/72000 local_updates=15039 loss=0.04520205 recon=0.00013979
[hyperbolic] global_step=60264/72000 local_updates=15066 loss=0.04492446 recon=0.00015104
[hyperbolic] global_step=60400/72000 local_updates=15100 loss=0.04423790 recon=0.00014557
[hyperbolic] global_step=60508/72000 local_updates=15127 loss=0.04612342 recon=0.00014881
[hyperbolic] global_step=60616/72000 local_updates=15154 loss=0.04303457 recon=0.00015809
[hyperbolic] global_step=60728/72000 local_updates=15182 loss=0.04460628 recon=0.00014857
[hyperbolic] global_step=60836/72000 local_updates=15209 loss=0.04388299 recon=0.00014229
[hyperbolic] global_step=60948/72000 local_updates=15237 loss=0.04336656 recon=0.00014115
[hyperbolic] global_step=61052/72000 local_updates=15263 loss=0.04331899 recon=0.00015645
[hyperbolic] global_step=61160/72000 local_updates=15290 loss=0.04438101 recon=0.00016281
[hyperbolic] global_step=61264/72000 local_updates=15316 loss=0.04453716 recon=0.00015585
[hyperbolic] global_step=61376/72000 local_updates=15344 loss=0.04617257 recon=0.00014342
[hyperbolic] global_step=61484/72000 local_updates=15371 loss=0.04450300 recon=0.00013501
[hyperbolic] global_step=61600/72000 local_updates=15400 loss=0.04460532 recon=0.00015100
[hyperbolic] global_step=61708/72000 local_updates=15427 loss=0.04431028 recon=0.00014757
[hyperbolic] global_step=61816/72000 local_updates=15454 loss=0.04392565 recon=0.00014580
[hyperbolic] global_step=61920/72000 local_updates=15480 loss=0.04532594 recon=0.00014335
[hyperbolic] global_step=62028/72000 local_updates=15507 loss=0.04617550 recon=0.00015455
[hyperbolic] global_step=62136/72000 local_updates=15534 loss=0.04394678 recon=0.00013343
[hyperbolic] global_step=62240/72000 local_updates=15560 loss=0.04466733 recon=0.00014472
[hyperbolic] global_step=62352/72000 local_updates=15588 loss=0.04445193 recon=0.00014432
[hyperbolic] global_step=62460/72000 local_updates=15615 loss=0.04462426 recon=0.00013838
[hyperbolic] global_step=62572/72000 local_updates=15643 loss=0.04435804 recon=0.00015116
[hyperbolic] global_step=62680/72000 local_updates=15670 loss=0.04497343 recon=0.00013153
[hyperbolic] global_step=62792/72000 local_updates=15698 loss=0.04328666 recon=0.00014444
[hyperbolic] global_step=62900/72000 local_updates=15725 loss=0.04430977 recon=0.00013880
[hyperbolic] global_step=63008/72000 local_updates=15752 loss=0.04472163 recon=0.00013874
[hyperbolic] global_step=63116/72000 local_updates=15779 loss=0.04477263 recon=0.00015446
[hyperbolic] global_step=63220/72000 local_updates=15805 loss=0.04372965 recon=0.00015149
[hyperbolic] global_step=63324/72000 local_updates=15831 loss=0.04389244 recon=0.00015021
[hyperbolic] global_step=63436/72000 local_updates=15859 loss=0.04284447 recon=0.00015503
[hyperbolic] global_step=63548/72000 local_updates=15887 loss=0.04509864 recon=0.00012844
[hyperbolic] global_step=63656/72000 local_updates=15914 loss=0.04442739 recon=0.00014340
[hyperbolic] global_step=63756/72000 local_updates=15939 loss=0.04425777 recon=0.00014654
[hyperbolic] global_step=63872/72000 local_updates=15968 loss=0.04358693 recon=0.00013910
[hyperbolic] global_step=63980/72000 local_updates=15995 loss=0.04243531 recon=0.00013362
[hyperbolic] global_step=64088/72000 local_updates=16022 loss=0.04429250 recon=0.00013871
[hyperbolic] global_step=64196/72000 local_updates=16049 loss=0.04556371 recon=0.00014519
[hyperbolic] global_step=64304/72000 local_updates=16076 loss=0.04449982 recon=0.00015972
[hyperbolic] global_step=64336/72000 local_updates=16084 loss=0.04421333 recon=0.00014122
[hyperbolic] global_step=64440/72000 local_updates=16110 loss=0.04526844 recon=0.00016553
[hyperbolic] global_step=64552/72000 local_updates=16138 loss=0.04475761 recon=0.00014360
[hyperbolic] global_step=64660/72000 local_updates=16165 loss=0.04504516 recon=0.00013976
[hyperbolic] global_step=64764/72000 local_updates=16191 loss=0.04529234 recon=0.00014030
[hyperbolic] global_step=64872/72000 local_updates=16218 loss=0.04498077 recon=0.00014248
[hyperbolic] global_step=64984/72000 local_updates=16246 loss=0.04339297 recon=0.00014676
[hyperbolic] global_step=65092/72000 local_updates=16273 loss=0.04457543 recon=0.00015356
[hyperbolic] global_step=65200/72000 local_updates=16300 loss=0.04468004 recon=0.00013483
[hyperbolic] global_step=65316/72000 local_updates=16329 loss=0.04391839 recon=0.00014872
[hyperbolic] global_step=65424/72000 local_updates=16356 loss=0.04190083 recon=0.00014623
[hyperbolic] global_step=65536/72000 local_updates=16384 loss=0.04349694 recon=0.00014120
[hyperbolic] global_step=65604/72000 local_updates=16401 loss=0.04285024 recon=0.00014782
[hyperbolic] global_step=65712/72000 local_updates=16428 loss=0.04463752 recon=0.00015055
[hyperbolic] global_step=65820/72000 local_updates=16455 loss=0.04332209 recon=0.00014520
[hyperbolic] global_step=65932/72000 local_updates=16483 loss=0.04467367 recon=0.00014728
[hyperbolic] global_step=66044/72000 local_updates=16511 loss=0.04563670 recon=0.00014803
[hyperbolic] global_step=66152/72000 local_updates=16538 loss=0.04517282 recon=0.00014671
[hyperbolic] global_step=66260/72000 local_updates=16565 loss=0.04518904 recon=0.00013669
[hyperbolic] global_step=66376/72000 local_updates=16594 loss=0.04375537 recon=0.00014469
[hyperbolic] global_step=66484/72000 local_updates=16621 loss=0.04277333 recon=0.00014375
[hyperbolic] global_step=66596/72000 local_updates=16649 loss=0.04460469 recon=0.00014107
[hyperbolic] global_step=66708/72000 local_updates=16677 loss=0.04628115 recon=0.00014342
[hyperbolic] global_step=66960/72000 local_updates=16740 loss=0.04539776 recon=0.00014111
[hyperbolic] global_step=67240/72000 local_updates=16810 loss=0.04274027 recon=0.00013952
[hyperbolic] global_step=67516/72000 local_updates=16879 loss=0.04277540 recon=0.00013588
[hyperbolic] global_step=67784/72000 local_updates=16946 loss=0.04401108 recon=0.00013510
[hyperbolic] global_step=68052/72000 local_updates=17013 loss=0.04291570 recon=0.00015118
[hyperbolic] global_step=68328/72000 local_updates=17082 loss=0.04356294 recon=0.00013914
[hyperbolic] global_step=68596/72000 local_updates=17149 loss=0.04430723 recon=0.00016053
[hyperbolic] global_step=68876/72000 local_updates=17219 loss=0.04339439 recon=0.00015397
[hyperbolic] global_step=69148/72000 local_updates=17287 loss=0.04475133 recon=0.00015516
[hyperbolic] global_step=69416/72000 local_updates=17354 loss=0.04367883 recon=0.00012758
[hyperbolic] global_step=69692/72000 local_updates=17423 loss=0.04253267 recon=0.00015320
[hyperbolic] global_step=69968/72000 local_updates=17492 loss=0.04362600 recon=0.00015006
[hyperbolic] global_step=70244/72000 local_updates=17561 loss=0.04238237 recon=0.00013394
[hyperbolic] global_step=70512/72000 local_updates=17628 loss=0.04439259 recon=0.00014769
[hyperbolic] global_step=70788/72000 local_updates=17697 loss=0.04396981 recon=0.00014472
[hyperbolic] global_step=71068/72000 local_updates=17767 loss=0.04361688 recon=0.00015769
[hyperbolic] global_step=71340/72000 local_updates=17835 loss=0.04359343 recon=0.00014898
[hyperbolic] global_step=71612/72000 local_updates=17903 loss=0.04371791 recon=0.00013528
[hyperbolic] global_step=71888/72000 local_updates=17972 loss=0.04332107 recon=0.00014257
[hyperbolic] global_step=72000/72000 loss=0.04445346 recon=0.00014754 c=[1.0, 1.0, 1.0] epsilon=[0.003, 0.003, 0.003] raw_unique=24587/24587 collision=0.000000 behaviour=0.15990503 codebook_used=[256, 256, 256]
