W1006 17:08:28.423641 2544983 /fs04/scratch2/ar57/wenyu/genrec_env_v2/lib/python3.9/site-packages/torch/distributed/run.py:774] 
W1006 17:08:28.423641 2544983 /fs04/scratch2/ar57/wenyu/genrec_env_v2/lib/python3.9/site-packages/torch/distributed/run.py:774] *****************************************
W1006 17:08:28.423641 2544983 /fs04/scratch2/ar57/wenyu/genrec_env_v2/lib/python3.9/site-packages/torch/distributed/run.py:774] Setting OMP_NUM_THREADS environment variable for each process to be 1 in default, to avoid your system being overloaded, please further tune the variable for optimal performance in your application as needed. 
W1006 17:08:28.423641 2544983 /fs04/scratch2/ar57/wenyu/genrec_env_v2/lib/python3.9/site-packages/torch/distributed/run.py:774] *****************************************
[hyperbolic-adaptive] cold_start=true max_global_steps=72000 batch_size_per_rank=1024 total_effective_batch=4096 c=[1.0, 1.0, 1.0] radius=[0.2, 0.2, 0.2]
[RecBole RQ-VAE] initializing codebooks with KMeans
/fs04/ar57/wenyu/GeneRec/stage2_RQ-VAE/curvature_RQ-VAE_iter94/model/layers.py:113: UserWarning: Deterministic behavior was enabled with either `torch.use_deterministic_algorithms(True)` or `at::Context::setDeterministicAlgorithms(true)`, but this operation is not deterministic because it uses CuBLAS and you have CUDA >= 10.2. To enable deterministic behavior in this case, you must set an environment variable before running your PyTorch application: CUBLAS_WORKSPACE_CONFIG=:4096:8 or CUBLAS_WORKSPACE_CONFIG=:16:8. For more information, go to https://docs.nvidia.com/cuda/cublas/index.html#results-reproducibility (Triggered internally at /pytorch/aten/src/ATen/Context.cpp:233.)
  dot = x_point @ y_point.t()
/fs04/ar57/wenyu/GeneRec/stage2_RQ-VAE/curvature_RQ-VAE_iter94/model/layers.py:113: UserWarning: Deterministic behavior was enabled with either `torch.use_deterministic_algorithms(True)` or `at::Context::setDeterministicAlgorithms(true)`, but this operation is not deterministic because it uses CuBLAS and you have CUDA >= 10.2. To enable deterministic behavior in this case, you must set an environment variable before running your PyTorch application: CUBLAS_WORKSPACE_CONFIG=:4096:8 or CUBLAS_WORKSPACE_CONFIG=:16:8. For more information, go to https://docs.nvidia.com/cuda/cublas/index.html#results-reproducibility (Triggered internally at /pytorch/aten/src/ATen/Context.cpp:233.)
  dot = x_point @ y_point.t()
/fs04/ar57/wenyu/GeneRec/stage2_RQ-VAE/curvature_RQ-VAE_iter94/model/layers.py:113: UserWarning: Deterministic behavior was enabled with either `torch.use_deterministic_algorithms(True)` or `at::Context::setDeterministicAlgorithms(true)`, but this operation is not deterministic because it uses CuBLAS and you have CUDA >= 10.2. To enable deterministic behavior in this case, you must set an environment variable before running your PyTorch application: CUBLAS_WORKSPACE_CONFIG=:4096:8 or CUBLAS_WORKSPACE_CONFIG=:16:8. For more information, go to https://docs.nvidia.com/cuda/cublas/index.html#results-reproducibility (Triggered internally at /pytorch/aten/src/ATen/Context.cpp:233.)
  dot = x_point @ y_point.t()
/fs04/ar57/wenyu/GeneRec/stage2_RQ-VAE/curvature_RQ-VAE_iter94/model/layers.py:113: UserWarning: Deterministic behavior was enabled with either `torch.use_deterministic_algorithms(True)` or `at::Context::setDeterministicAlgorithms(true)`, but this operation is not deterministic because it uses CuBLAS and you have CUDA >= 10.2. To enable deterministic behavior in this case, you must set an environment variable before running your PyTorch application: CUBLAS_WORKSPACE_CONFIG=:4096:8 or CUBLAS_WORKSPACE_CONFIG=:16:8. For more information, go to https://docs.nvidia.com/cuda/cublas/index.html#results-reproducibility (Triggered internally at /pytorch/aten/src/ATen/Context.cpp:233.)
  dot = x_point @ y_point.t()
/fs04/ar57/wenyu/GeneRec/stage2_RQ-VAE/curvature_RQ-VAE_iter94/model/layers.py:113: UserWarning: Deterministic behavior was enabled with either `torch.use_deterministic_algorithms(True)` or `at::Context::setDeterministicAlgorithms(true)`, but this operation is not deterministic because it uses CuBLAS and you have CUDA >= 10.2. To enable deterministic behavior in this case, you must set an environment variable before running your PyTorch application: CUBLAS_WORKSPACE_CONFIG=:4096:8 or CUBLAS_WORKSPACE_CONFIG=:16:8. For more information, go to https://docs.nvidia.com/cuda/cublas/index.html#results-reproducibility (Triggered internally at /pytorch/aten/src/ATen/Context.cpp:233.)
  dot = x_point @ y_point.t()
/fs04/ar57/wenyu/GeneRec/stage2_RQ-VAE/curvature_RQ-VAE_iter94/model/layers.py:113: UserWarning: Deterministic behavior was enabled with either `torch.use_deterministic_algorithms(True)` or `at::Context::setDeterministicAlgorithms(true)`, but this operation is not deterministic because it uses CuBLAS and you have CUDA >= 10.2. To enable deterministic behavior in this case, you must set an environment variable before running your PyTorch application: CUBLAS_WORKSPACE_CONFIG=:4096:8 or CUBLAS_WORKSPACE_CONFIG=:16:8. For more information, go to https://docs.nvidia.com/cuda/cublas/index.html#results-reproducibility (Triggered internally at /pytorch/aten/src/ATen/Context.cpp:233.)
  dot = x_point @ y_point.t()
/fs04/ar57/wenyu/GeneRec/stage2_RQ-VAE/curvature_RQ-VAE_iter94/model/layers.py:113: UserWarning: Deterministic behavior was enabled with either `torch.use_deterministic_algorithms(True)` or `at::Context::setDeterministicAlgorithms(true)`, but this operation is not deterministic because it uses CuBLAS and you have CUDA >= 10.2. To enable deterministic behavior in this case, you must set an environment variable before running your PyTorch application: CUBLAS_WORKSPACE_CONFIG=:4096:8 or CUBLAS_WORKSPACE_CONFIG=:16:8. For more information, go to https://docs.nvidia.com/cuda/cublas/index.html#results-reproducibility (Triggered internally at /pytorch/aten/src/ATen/Context.cpp:233.)
  dot = x_point @ y_point.t()
/fs04/ar57/wenyu/GeneRec/stage2_RQ-VAE/curvature_RQ-VAE_iter94/model/layers.py:113: UserWarning: Deterministic behavior was enabled with either `torch.use_deterministic_algorithms(True)` or `at::Context::setDeterministicAlgorithms(true)`, but this operation is not deterministic because it uses CuBLAS and you have CUDA >= 10.2. To enable deterministic behavior in this case, you must set an environment variable before running your PyTorch application: CUBLAS_WORKSPACE_CONFIG=:4096:8 or CUBLAS_WORKSPACE_CONFIG=:16:8. For more information, go to https://docs.nvidia.com/cuda/cublas/index.html#results-reproducibility (Triggered internally at /pytorch/aten/src/ATen/Context.cpp:233.)
  dot = x_point @ y_point.t()
/fs04/ar57/wenyu/GeneRec/stage2_RQ-VAE/curvature_RQ-VAE_iter94/model/layers.py:113: UserWarning: Deterministic behavior was enabled with either `torch.use_deterministic_algorithms(True)` or `at::Context::setDeterministicAlgorithms(true)`, but this operation is not deterministic because it uses CuBLAS and you have CUDA >= 10.2. To enable deterministic behavior in this case, you must set an environment variable before running your PyTorch application: CUBLAS_WORKSPACE_CONFIG=:4096:8 or CUBLAS_WORKSPACE_CONFIG=:16:8. For more information, go to https://docs.nvidia.com/cuda/cublas/index.html#results-reproducibility (Triggered internally at /pytorch/aten/src/ATen/Context.cpp:233.)
  dot = x_point @ y_point.t()
/fs04/ar57/wenyu/GeneRec/stage2_RQ-VAE/curvature_RQ-VAE_iter94/model/layers.py:113: UserWarning: Deterministic behavior was enabled with either `torch.use_deterministic_algorithms(True)` or `at::Context::setDeterministicAlgorithms(true)`, but this operation is not deterministic because it uses CuBLAS and you have CUDA >= 10.2. To enable deterministic behavior in this case, you must set an environment variable before running your PyTorch application: CUBLAS_WORKSPACE_CONFIG=:4096:8 or CUBLAS_WORKSPACE_CONFIG=:16:8. For more information, go to https://docs.nvidia.com/cuda/cublas/index.html#results-reproducibility (Triggered internally at /pytorch/aten/src/ATen/Context.cpp:233.)
  dot = x_point @ y_point.t()
/home/wlia0047/ar57_scratch/wenyu/genrec_env_v2/lib64/python3.9/site-packages/torch/distributed/distributed_c10d.py:4807: UserWarning: No device id is provided via `init_process_group` or `barrier `. Using the current device set by the user. 
  warnings.warn(  # warn only once
/home/wlia0047/ar57_scratch/wenyu/genrec_env_v2/lib64/python3.9/site-packages/torch/distributed/distributed_c10d.py:4807: UserWarning: No device id is provided via `init_process_group` or `barrier `. Using the current device set by the user. 
  warnings.warn(  # warn only once
/fs04/ar57/wenyu/GeneRec/stage2_RQ-VAE/curvature_RQ-VAE_iter94/model/layers.py:113: UserWarning: Deterministic behavior was enabled with either `torch.use_deterministic_algorithms(True)` or `at::Context::setDeterministicAlgorithms(true)`, but this operation is not deterministic because it uses CuBLAS and you have CUDA >= 10.2. To enable deterministic behavior in this case, you must set an environment variable before running your PyTorch application: CUBLAS_WORKSPACE_CONFIG=:4096:8 or CUBLAS_WORKSPACE_CONFIG=:16:8. For more information, go to https://docs.nvidia.com/cuda/cublas/index.html#results-reproducibility (Triggered internally at /pytorch/aten/src/ATen/Context.cpp:233.)
  dot = x_point @ y_point.t()
/fs04/ar57/wenyu/GeneRec/stage2_RQ-VAE/curvature_RQ-VAE_iter94/model/layers.py:113: UserWarning: Deterministic behavior was enabled with either `torch.use_deterministic_algorithms(True)` or `at::Context::setDeterministicAlgorithms(true)`, but this operation is not deterministic because it uses CuBLAS and you have CUDA >= 10.2. To enable deterministic behavior in this case, you must set an environment variable before running your PyTorch application: CUBLAS_WORKSPACE_CONFIG=:4096:8 or CUBLAS_WORKSPACE_CONFIG=:16:8. For more information, go to https://docs.nvidia.com/cuda/cublas/index.html#results-reproducibility (Triggered internally at /pytorch/aten/src/ATen/Context.cpp:233.)
  dot = x_point @ y_point.t()
/home/wlia0047/ar57_scratch/wenyu/genrec_env_v2/lib64/python3.9/site-packages/torch/distributed/distributed_c10d.py:4807: UserWarning: No device id is provided via `init_process_group` or `barrier `. Using the current device set by the user. 
  warnings.warn(  # warn only once
/home/wlia0047/ar57_scratch/wenyu/genrec_env_v2/lib64/python3.9/site-packages/torch/distributed/distributed_c10d.py:4807: UserWarning: No device id is provided via `init_process_group` or `barrier `. Using the current device set by the user. 
  warnings.warn(  # warn only once
/home/wlia0047/ar57_scratch/wenyu/genrec_env_v2/lib64/python3.9/site-packages/torch/autograd/graph.py:829: UserWarning: Deterministic behavior was enabled with either `torch.use_deterministic_algorithms(True)` or `at::Context::setDeterministicAlgorithms(true)`, but this operation is not deterministic because it uses CuBLAS and you have CUDA >= 10.2. To enable deterministic behavior in this case, you must set an environment variable before running your PyTorch application: CUBLAS_WORKSPACE_CONFIG=:4096:8 or CUBLAS_WORKSPACE_CONFIG=:16:8. For more information, go to https://docs.nvidia.com/cuda/cublas/index.html#results-reproducibility (Triggered internally at /pytorch/aten/src/ATen/Context.cpp:233.)
  return Variable._execution_engine.run_backward(  # Calls into the C++ engine to run the backward pass
/home/wlia0047/ar57_scratch/wenyu/genrec_env_v2/lib64/python3.9/site-packages/torch/autograd/graph.py:829: UserWarning: Deterministic behavior was enabled with either `torch.use_deterministic_algorithms(True)` or `at::Context::setDeterministicAlgorithms(true)`, but this operation is not deterministic because it uses CuBLAS and you have CUDA >= 10.2. To enable deterministic behavior in this case, you must set an environment variable before running your PyTorch application: CUBLAS_WORKSPACE_CONFIG=:4096:8 or CUBLAS_WORKSPACE_CONFIG=:16:8. For more information, go to https://docs.nvidia.com/cuda/cublas/index.html#results-reproducibility (Triggered internally at /pytorch/aten/src/ATen/Context.cpp:233.)
  return Variable._execution_engine.run_backward(  # Calls into the C++ engine to run the backward pass
/home/wlia0047/ar57_scratch/wenyu/genrec_env_v2/lib64/python3.9/site-packages/torch/autograd/graph.py:829: UserWarning: Deterministic behavior was enabled with either `torch.use_deterministic_algorithms(True)` or `at::Context::setDeterministicAlgorithms(true)`, but this operation is not deterministic because it uses CuBLAS and you have CUDA >= 10.2. To enable deterministic behavior in this case, you must set an environment variable before running your PyTorch application: CUBLAS_WORKSPACE_CONFIG=:4096:8 or CUBLAS_WORKSPACE_CONFIG=:16:8. For more information, go to https://docs.nvidia.com/cuda/cublas/index.html#results-reproducibility (Triggered internally at /pytorch/aten/src/ATen/Context.cpp:233.)
  return Variable._execution_engine.run_backward(  # Calls into the C++ engine to run the backward pass
/home/wlia0047/ar57_scratch/wenyu/genrec_env_v2/lib64/python3.9/site-packages/torch/autograd/graph.py:829: UserWarning: Deterministic behavior was enabled with either `torch.use_deterministic_algorithms(True)` or `at::Context::setDeterministicAlgorithms(true)`, but this operation is not deterministic because it uses CuBLAS and you have CUDA >= 10.2. To enable deterministic behavior in this case, you must set an environment variable before running your PyTorch application: CUBLAS_WORKSPACE_CONFIG=:4096:8 or CUBLAS_WORKSPACE_CONFIG=:16:8. For more information, go to https://docs.nvidia.com/cuda/cublas/index.html#results-reproducibility (Triggered internally at /pytorch/aten/src/ATen/Context.cpp:233.)
  return Variable._execution_engine.run_backward(  # Calls into the C++ engine to run the backward pass
[hyperbolic] global_step=176/72000 local_updates=44 loss=0.14348722 recon=0.00018608
[hyperbolic] global_step=236/72000 local_updates=59 loss=0.13701476 recon=0.00018273
[hyperbolic] global_step=340/72000 local_updates=85 loss=0.12896129 recon=0.00018821
[hyperbolic] global_step=448/72000 local_updates=112 loss=0.13522680 recon=0.00019937
[hyperbolic] global_step=564/72000 local_updates=141 loss=0.13360900 recon=0.00019858
[hyperbolic] global_step=672/72000 local_updates=168 loss=0.13231432 recon=0.00017079
[hyperbolic] global_step=764/72000 local_updates=191 loss=0.12969199 recon=0.00015675
[hyperbolic] global_step=860/72000 local_updates=215 loss=0.13148050 recon=0.00017786
[hyperbolic] global_step=968/72000 local_updates=242 loss=0.13088679 recon=0.00016666
[hyperbolic] global_step=1076/72000 local_updates=269 loss=0.12743261 recon=0.00015909
[hyperbolic] global_step=1192/72000 local_updates=298 loss=0.13258715 recon=0.00016797
[hyperbolic] global_step=1308/72000 local_updates=327 loss=0.12853363 recon=0.00018605
[hyperbolic] global_step=1424/72000 local_updates=356 loss=0.13141879 recon=0.00014596
[hyperbolic] global_step=1536/72000 local_updates=384 loss=0.13314702 recon=0.00017344
[hyperbolic] global_step=1648/72000 local_updates=412 loss=0.12974918 recon=0.00017727
[hyperbolic] global_step=1756/72000 local_updates=439 loss=0.12676288 recon=0.00015180
[hyperbolic] global_step=1868/72000 local_updates=467 loss=0.12837747 recon=0.00016654
[hyperbolic] global_step=1984/72000 local_updates=496 loss=0.13059850 recon=0.00016663
[hyperbolic] global_step=2100/72000 local_updates=525 loss=0.12668906 recon=0.00014145
[hyperbolic] global_step=2212/72000 local_updates=553 loss=0.12688622 recon=0.00018271
[hyperbolic] global_step=2328/72000 local_updates=582 loss=0.13441008 recon=0.00015488
[hyperbolic] global_step=2448/72000 local_updates=612 loss=0.13021490 recon=0.00016667
[hyperbolic] global_step=2568/72000 local_updates=642 loss=0.13110909 recon=0.00015593
[hyperbolic] global_step=2684/72000 local_updates=671 loss=0.13291392 recon=0.00015587
[hyperbolic] global_step=2804/72000 local_updates=701 loss=0.13078743 recon=0.00013482
[hyperbolic] global_step=2928/72000 local_updates=732 loss=0.12824877 recon=0.00013407
[hyperbolic] global_step=3040/72000 local_updates=760 loss=0.13065770 recon=0.00013799
[hyperbolic] global_step=3156/72000 local_updates=789 loss=0.13384092 recon=0.00017202
[hyperbolic] global_step=3276/72000 local_updates=819 loss=0.12916082 recon=0.00014414
[hyperbolic] global_step=3396/72000 local_updates=849 loss=0.12928560 recon=0.00017751
[hyperbolic] global_step=3520/72000 local_updates=880 loss=0.12469343 recon=0.00015933
[hyperbolic] global_step=3644/72000 local_updates=911 loss=0.12792444 recon=0.00013938
[hyperbolic] global_step=3764/72000 local_updates=941 loss=0.12974380 recon=0.00013400
[hyperbolic] global_step=3892/72000 local_updates=973 loss=0.12848020 recon=0.00015461
[hyperbolic] global_step=4020/72000 local_updates=1005 loss=0.12968586 recon=0.00014307
[hyperbolic] global_step=4148/72000 local_updates=1037 loss=0.12598130 recon=0.00015415
[hyperbolic] global_step=4272/72000 local_updates=1068 loss=0.13262944 recon=0.00014644
[hyperbolic] global_step=4396/72000 local_updates=1099 loss=0.13039894 recon=0.00015418
[hyperbolic] global_step=4524/72000 local_updates=1131 loss=0.13032036 recon=0.00016879
[hyperbolic] global_step=4652/72000 local_updates=1163 loss=0.12510622 recon=0.00016008
[hyperbolic] global_step=4776/72000 local_updates=1194 loss=0.12534009 recon=0.00016301
[hyperbolic] global_step=4896/72000 local_updates=1224 loss=0.12437150 recon=0.00014538
[hyperbolic] global_step=5028/72000 local_updates=1257 loss=0.12902337 recon=0.00016292
[hyperbolic] global_step=5152/72000 local_updates=1288 loss=0.12359195 recon=0.00016182
[hyperbolic] global_step=5280/72000 local_updates=1320 loss=0.12748544 recon=0.00013834
[hyperbolic] global_step=5408/72000 local_updates=1352 loss=0.12682973 recon=0.00013955
[hyperbolic] global_step=5528/72000 local_updates=1382 loss=0.12701505 recon=0.00015807
[hyperbolic] global_step=5648/72000 local_updates=1412 loss=0.12666896 recon=0.00014172
[hyperbolic] global_step=5776/72000 local_updates=1444 loss=0.13055919 recon=0.00015871
[hyperbolic] global_step=5900/72000 local_updates=1475 loss=0.12415193 recon=0.00014403
[hyperbolic] global_step=6028/72000 local_updates=1507 loss=0.13134985 recon=0.00015177
[hyperbolic] global_step=6152/72000 local_updates=1538 loss=0.12524976 recon=0.00014734
[hyperbolic] global_step=6272/72000 local_updates=1568 loss=0.12332420 recon=0.00014761
[hyperbolic] global_step=6400/72000 local_updates=1600 loss=0.12656356 recon=0.00014639
[hyperbolic] global_step=6528/72000 local_updates=1632 loss=0.12708643 recon=0.00015736
[hyperbolic] global_step=6660/72000 local_updates=1665 loss=0.12501447 recon=0.00014070
[hyperbolic] global_step=6788/72000 local_updates=1697 loss=0.12877731 recon=0.00015604
[hyperbolic] global_step=6912/72000 local_updates=1728 loss=0.12517768 recon=0.00015075
[hyperbolic] global_step=7032/72000 local_updates=1758 loss=0.12541148 recon=0.00014758
[hyperbolic] global_step=7160/72000 local_updates=1790 loss=0.12385869 recon=0.00014306
[hyperbolic] global_step=7292/72000 local_updates=1823 loss=0.12560052 recon=0.00015988
[hyperbolic] global_step=7420/72000 local_updates=1855 loss=0.12662467 recon=0.00015089
[hyperbolic] global_step=7548/72000 local_updates=1887 loss=0.12840971 recon=0.00014828
[hyperbolic] global_step=7668/72000 local_updates=1917 loss=0.12749131 recon=0.00014656
[hyperbolic] global_step=7792/72000 local_updates=1948 loss=0.13001528 recon=0.00014565
[hyperbolic] global_step=7924/72000 local_updates=1981 loss=0.12491266 recon=0.00016947
[hyperbolic] global_step=8048/72000 local_updates=2012 loss=0.12976231 recon=0.00014082
[hyperbolic] global_step=8176/72000 local_updates=2044 loss=0.12595940 recon=0.00015142
[hyperbolic] global_step=8308/72000 local_updates=2077 loss=0.12599261 recon=0.00017271
[hyperbolic] global_step=8436/72000 local_updates=2109 loss=0.12465207 recon=0.00016077
[hyperbolic] global_step=8560/72000 local_updates=2140 loss=0.12552008 recon=0.00015530
[hyperbolic] global_step=8684/72000 local_updates=2171 loss=0.12437738 recon=0.00014418
[hyperbolic] global_step=8808/72000 local_updates=2202 loss=0.12503891 recon=0.00016188
[hyperbolic] global_step=8932/72000 local_updates=2233 loss=0.12776279 recon=0.00015899
[hyperbolic] global_step=9064/72000 local_updates=2266 loss=0.12752138 recon=0.00014582
[hyperbolic] global_step=9192/72000 local_updates=2298 loss=0.12608451 recon=0.00016304
[hyperbolic] global_step=9316/72000 local_updates=2329 loss=0.12652528 recon=0.00015969
[hyperbolic] global_step=9448/72000 local_updates=2362 loss=0.12492444 recon=0.00015752
[hyperbolic] global_step=9576/72000 local_updates=2394 loss=0.12334941 recon=0.00016325
[hyperbolic] global_step=9700/72000 local_updates=2425 loss=0.12660991 recon=0.00014934
[hyperbolic] global_step=9828/72000 local_updates=2457 loss=0.12790182 recon=0.00015199
[hyperbolic] global_step=9960/72000 local_updates=2490 loss=0.12702559 recon=0.00014242
[hyperbolic] global_step=10000/72000 loss=0.12869633 recon=0.00015555 c=[0.96, 1.0, 1.000107] epsilon=[0.003, 0.003, 0.003] raw_unique=24550/24587 collision=0.001505 behaviour=0.21672627 codebook_used=[256, 256, 256] support=[1.0, 0.06765, 0.00268]
[hyperbolic] global_step=10124/72000 local_updates=2531 loss=0.12626489 recon=0.00015495
[hyperbolic] global_step=10248/72000 local_updates=2562 loss=0.12525970 recon=0.00015801
[hyperbolic] global_step=10380/72000 local_updates=2595 loss=0.12492856 recon=0.00015402
[hyperbolic] global_step=10504/72000 local_updates=2626 loss=0.12543124 recon=0.00016363
[hyperbolic] global_step=10636/72000 local_updates=2659 loss=0.12500580 recon=0.00014639
[hyperbolic] global_step=10772/72000 local_updates=2693 loss=0.12494064 recon=0.00015398
[hyperbolic] global_step=10904/72000 local_updates=2726 loss=0.12427080 recon=0.00013280
[hyperbolic] global_step=11032/72000 local_updates=2758 loss=0.12635985 recon=0.00013056
[hyperbolic] global_step=11152/72000 local_updates=2788 loss=0.12703146 recon=0.00013816
[hyperbolic] global_step=11268/72000 local_updates=2817 loss=0.12547641 recon=0.00014021
[hyperbolic] global_step=11384/72000 local_updates=2846 loss=0.12719944 recon=0.00012680
[hyperbolic] global_step=11508/72000 local_updates=2877 loss=0.12529816 recon=0.00016562
[hyperbolic] global_step=11632/72000 local_updates=2908 loss=0.12368726 recon=0.00015149
[hyperbolic] global_step=11752/72000 local_updates=2938 loss=0.12396849 recon=0.00016195
[hyperbolic] global_step=11880/72000 local_updates=2970 loss=0.12533741 recon=0.00014239
[hyperbolic] global_step=12004/72000 local_updates=3001 loss=0.12372713 recon=0.00014080
[hyperbolic] global_step=12136/72000 local_updates=3034 loss=0.12606382 recon=0.00013292
[hyperbolic] global_step=12264/72000 local_updates=3066 loss=0.12556019 recon=0.00014316
[hyperbolic] global_step=12392/72000 local_updates=3098 loss=0.12617473 recon=0.00014315
[hyperbolic] global_step=12516/72000 local_updates=3129 loss=0.12570448 recon=0.00015692
[hyperbolic] global_step=12648/72000 local_updates=3162 loss=0.12425016 recon=0.00014879
[hyperbolic] global_step=12768/72000 local_updates=3192 loss=0.12560026 recon=0.00012956
[hyperbolic] global_step=12892/72000 local_updates=3223 loss=0.12500028 recon=0.00015723
[hyperbolic] global_step=13020/72000 local_updates=3255 loss=0.12582316 recon=0.00015497
[hyperbolic] global_step=13148/72000 local_updates=3287 loss=0.12418376 recon=0.00015098
[hyperbolic] global_step=13272/72000 local_updates=3318 loss=0.12607297 recon=0.00013494
[hyperbolic] global_step=13404/72000 local_updates=3351 loss=0.12451105 recon=0.00016019
[hyperbolic] global_step=13528/72000 local_updates=3382 loss=0.12559961 recon=0.00016845
[hyperbolic] global_step=13644/72000 local_updates=3411 loss=0.12327763 recon=0.00014073
[hyperbolic] global_step=13768/72000 local_updates=3442 loss=0.12310108 recon=0.00015760
[hyperbolic] global_step=13896/72000 local_updates=3474 loss=0.12660277 recon=0.00013886
[hyperbolic] global_step=14016/72000 local_updates=3504 loss=0.12539229 recon=0.00013777
[hyperbolic] global_step=14140/72000 local_updates=3535 loss=0.12524842 recon=0.00014826
[hyperbolic] global_step=14272/72000 local_updates=3568 loss=0.12728231 recon=0.00015868
[hyperbolic] global_step=14392/72000 local_updates=3598 loss=0.12554021 recon=0.00013689
[hyperbolic] global_step=14520/72000 local_updates=3630 loss=0.12582582 recon=0.00012997
[hyperbolic] global_step=14644/72000 local_updates=3661 loss=0.12472235 recon=0.00014579
[hyperbolic] global_step=14788/72000 local_updates=3697 loss=0.12598678 recon=0.00014686
[hyperbolic] global_step=14916/72000 local_updates=3729 loss=0.12478562 recon=0.00016697
[hyperbolic] global_step=15048/72000 local_updates=3762 loss=0.12389395 recon=0.00015253
[hyperbolic] global_step=15164/72000 local_updates=3791 loss=0.12546860 recon=0.00014246
[hyperbolic] global_step=15296/72000 local_updates=3824 loss=0.12466522 recon=0.00013582
[hyperbolic] global_step=15424/72000 local_updates=3856 loss=0.12509407 recon=0.00015545
[hyperbolic] global_step=15552/72000 local_updates=3888 loss=0.12426430 recon=0.00015152
[hyperbolic] global_step=15680/72000 local_updates=3920 loss=0.12443319 recon=0.00014150
[hyperbolic] global_step=15812/72000 local_updates=3953 loss=0.12662475 recon=0.00015001
[hyperbolic] global_step=15940/72000 local_updates=3985 loss=0.12444450 recon=0.00014169
[hyperbolic] global_step=16068/72000 local_updates=4017 loss=0.12785682 recon=0.00013831
[hyperbolic] global_step=16204/72000 local_updates=4051 loss=0.12826644 recon=0.00015852
[hyperbolic] global_step=16336/72000 local_updates=4084 loss=0.12448483 recon=0.00014075
[hyperbolic] global_step=16464/72000 local_updates=4116 loss=0.12491677 recon=0.00013631
[hyperbolic] global_step=16596/72000 local_updates=4149 loss=0.12338267 recon=0.00014161
[hyperbolic] global_step=16736/72000 local_updates=4184 loss=0.12646067 recon=0.00013762
[hyperbolic] global_step=16864/72000 local_updates=4216 loss=0.12539332 recon=0.00015649
[hyperbolic] global_step=16996/72000 local_updates=4249 loss=0.12469196 recon=0.00015243
[hyperbolic] global_step=17120/72000 local_updates=4280 loss=0.12603995 recon=0.00015780
[hyperbolic] global_step=17252/72000 local_updates=4313 loss=0.12439805 recon=0.00014432
[hyperbolic] global_step=17380/72000 local_updates=4345 loss=0.12620580 recon=0.00013919
[hyperbolic] global_step=17504/72000 local_updates=4376 loss=0.12479682 recon=0.00014214
[hyperbolic] global_step=17640/72000 local_updates=4410 loss=0.12494697 recon=0.00014899
[hyperbolic] global_step=17768/72000 local_updates=4442 loss=0.12377997 recon=0.00013940
[hyperbolic] global_step=17900/72000 local_updates=4475 loss=0.12553272 recon=0.00014963
[hyperbolic] global_step=18036/72000 local_updates=4509 loss=0.12841702 recon=0.00015620
[hyperbolic] global_step=18160/72000 local_updates=4540 loss=0.12578708 recon=0.00015332
[hyperbolic] global_step=18292/72000 local_updates=4573 loss=0.12570983 recon=0.00015013
[hyperbolic] global_step=18424/72000 local_updates=4606 loss=0.12396676 recon=0.00014247
[hyperbolic] global_step=18548/72000 local_updates=4637 loss=0.12400565 recon=0.00013716
[hyperbolic] global_step=18672/72000 local_updates=4668 loss=0.12285100 recon=0.00013113
[hyperbolic] global_step=18804/72000 local_updates=4701 loss=0.12535480 recon=0.00015973
[hyperbolic] global_step=18936/72000 local_updates=4734 loss=0.12476402 recon=0.00015340
[hyperbolic] global_step=19064/72000 local_updates=4766 loss=0.12506232 recon=0.00013521
[hyperbolic] global_step=19200/72000 local_updates=4800 loss=0.12482603 recon=0.00014589
[hyperbolic] global_step=19328/72000 local_updates=4832 loss=0.12302199 recon=0.00015145
[hyperbolic] global_step=19452/72000 local_updates=4863 loss=0.12441418 recon=0.00016730
[hyperbolic] global_step=19580/72000 local_updates=4895 loss=0.12587884 recon=0.00014064
[hyperbolic] global_step=19712/72000 local_updates=4928 loss=0.12469636 recon=0.00014254
[hyperbolic] global_step=19848/72000 local_updates=4962 loss=0.12531565 recon=0.00014592
[hyperbolic] global_step=19972/72000 local_updates=4993 loss=0.12574954 recon=0.00014837
[hyperbolic] global_step=20000/72000 loss=0.12531717 recon=0.00014722 c=[1.0, 1.002732, 1.000014] epsilon=[0.003, 0.003, 0.003] raw_unique=24550/24587 collision=0.001505 behaviour=0.19027952 codebook_used=[256, 256, 256] support=[1.0, 0.06829, 0.00234]
[hyperbolic] global_step=20124/72000 local_updates=5031 loss=0.12736107 recon=0.00015393
[hyperbolic] global_step=20256/72000 local_updates=5064 loss=0.12535048 recon=0.00014536
[hyperbolic] global_step=20384/72000 local_updates=5096 loss=0.12410910 recon=0.00014641
[hyperbolic] global_step=20516/72000 local_updates=5129 loss=0.12507752 recon=0.00015296
[hyperbolic] global_step=20644/72000 local_updates=5161 loss=0.12369351 recon=0.00014848
[hyperbolic] global_step=20768/72000 local_updates=5192 loss=0.12749289 recon=0.00014885
[hyperbolic] global_step=20896/72000 local_updates=5224 loss=0.12427635 recon=0.00016171
[hyperbolic] global_step=21036/72000 local_updates=5259 loss=0.12503588 recon=0.00013597
[hyperbolic] global_step=21168/72000 local_updates=5292 loss=0.12492323 recon=0.00015151
[hyperbolic] global_step=21300/72000 local_updates=5325 loss=0.12433911 recon=0.00016274
[hyperbolic] global_step=21436/72000 local_updates=5359 loss=0.12614647 recon=0.00014552
[hyperbolic] global_step=21568/72000 local_updates=5392 loss=0.12708317 recon=0.00016668
[hyperbolic] global_step=21692/72000 local_updates=5423 loss=0.12722871 recon=0.00015849
[hyperbolic] global_step=21824/72000 local_updates=5456 loss=0.12551406 recon=0.00014474
[hyperbolic] global_step=21944/72000 local_updates=5486 loss=0.12311640 recon=0.00013296
[hyperbolic] global_step=22072/72000 local_updates=5518 loss=0.12457185 recon=0.00014155
[hyperbolic] global_step=22208/72000 local_updates=5552 loss=0.12718579 recon=0.00015003
[hyperbolic] global_step=22340/72000 local_updates=5585 loss=0.12565467 recon=0.00015033
[hyperbolic] global_step=22476/72000 local_updates=5619 loss=0.12507769 recon=0.00013480
[hyperbolic] global_step=22616/72000 local_updates=5654 loss=0.12560475 recon=0.00015924
[hyperbolic] global_step=22744/72000 local_updates=5686 loss=0.12470946 recon=0.00014714
[hyperbolic] global_step=22876/72000 local_updates=5719 loss=0.12549837 recon=0.00013953
[hyperbolic] global_step=23008/72000 local_updates=5752 loss=0.12398598 recon=0.00014457
[hyperbolic] global_step=23144/72000 local_updates=5786 loss=0.12590574 recon=0.00013693
[hyperbolic] global_step=23272/72000 local_updates=5818 loss=0.12495082 recon=0.00014903
[hyperbolic] global_step=23404/72000 local_updates=5851 loss=0.12676956 recon=0.00014529
[hyperbolic] global_step=23536/72000 local_updates=5884 loss=0.12373876 recon=0.00015209
[hyperbolic] global_step=23668/72000 local_updates=5917 loss=0.12643060 recon=0.00012829
[hyperbolic] global_step=23796/72000 local_updates=5949 loss=0.12446525 recon=0.00015799
[hyperbolic] global_step=23928/72000 local_updates=5982 loss=0.12586221 recon=0.00013941
[hyperbolic] global_step=24060/72000 local_updates=6015 loss=0.12560621 recon=0.00014764
[hyperbolic] global_step=24196/72000 local_updates=6049 loss=0.12481486 recon=0.00013900
[hyperbolic] global_step=24340/72000 local_updates=6085 loss=0.12595706 recon=0.00013433
[hyperbolic] global_step=24472/72000 local_updates=6118 loss=0.12585773 recon=0.00013829
[hyperbolic] global_step=24616/72000 local_updates=6154 loss=0.12350644 recon=0.00014594
[hyperbolic] global_step=24752/72000 local_updates=6188 loss=0.12527463 recon=0.00015418
[hyperbolic] global_step=24888/72000 local_updates=6222 loss=0.12513892 recon=0.00014058
[hyperbolic] global_step=25016/72000 local_updates=6254 loss=0.12570339 recon=0.00014223
[hyperbolic] global_step=25148/72000 local_updates=6287 loss=0.12364137 recon=0.00014591
[hyperbolic] global_step=25276/72000 local_updates=6319 loss=0.12408019 recon=0.00014633
[hyperbolic] global_step=25412/72000 local_updates=6353 loss=0.12524486 recon=0.00013941
[hyperbolic] global_step=25544/72000 local_updates=6386 loss=0.12604141 recon=0.00013625
[hyperbolic] global_step=25676/72000 local_updates=6419 loss=0.12496606 recon=0.00013401
[hyperbolic] global_step=25808/72000 local_updates=6452 loss=0.12602329 recon=0.00014448
[hyperbolic] global_step=25944/72000 local_updates=6486 loss=0.12505305 recon=0.00013698
[hyperbolic] global_step=26088/72000 local_updates=6522 loss=0.12554376 recon=0.00013501
[hyperbolic] global_step=26220/72000 local_updates=6555 loss=0.12594341 recon=0.00013007
[hyperbolic] global_step=26356/72000 local_updates=6589 loss=0.12494668 recon=0.00015556
[hyperbolic] global_step=26496/72000 local_updates=6624 loss=0.12614125 recon=0.00016033
[hyperbolic] global_step=26628/72000 local_updates=6657 loss=0.12521291 recon=0.00013351
[hyperbolic] global_step=26772/72000 local_updates=6693 loss=0.12497222 recon=0.00014012
[hyperbolic] global_step=26920/72000 local_updates=6730 loss=0.12426249 recon=0.00013226
[hyperbolic] global_step=27064/72000 local_updates=6766 loss=0.12503128 recon=0.00015822
[hyperbolic] global_step=27196/72000 local_updates=6799 loss=0.12789901 recon=0.00016418
[hyperbolic] global_step=27340/72000 local_updates=6835 loss=0.12485480 recon=0.00014500
[hyperbolic] global_step=27476/72000 local_updates=6869 loss=0.12432282 recon=0.00013169
[hyperbolic] global_step=27624/72000 local_updates=6906 loss=0.12546676 recon=0.00014432
[hyperbolic] global_step=27764/72000 local_updates=6941 loss=0.12487272 recon=0.00013699
[hyperbolic] global_step=27900/72000 local_updates=6975 loss=0.12453600 recon=0.00014961
[hyperbolic] global_step=28048/72000 local_updates=7012 loss=0.12487790 recon=0.00015716
[hyperbolic] global_step=28184/72000 local_updates=7046 loss=0.12638155 recon=0.00016208
[hyperbolic] global_step=28320/72000 local_updates=7080 loss=0.12256977 recon=0.00014694
[hyperbolic] global_step=28456/72000 local_updates=7114 loss=0.12524222 recon=0.00014933
[hyperbolic] global_step=28596/72000 local_updates=7149 loss=0.12575237 recon=0.00014432
[hyperbolic] global_step=28740/72000 local_updates=7185 loss=0.12641011 recon=0.00015199
[hyperbolic] global_step=28880/72000 local_updates=7220 loss=0.12559941 recon=0.00014328
[hyperbolic] global_step=29028/72000 local_updates=7257 loss=0.12641244 recon=0.00016166
[hyperbolic] global_step=29164/72000 local_updates=7291 loss=0.12768686 recon=0.00014189
[hyperbolic] global_step=29296/72000 local_updates=7324 loss=0.12641746 recon=0.00014623
[hyperbolic] global_step=29432/72000 local_updates=7358 loss=0.12488768 recon=0.00014113
[hyperbolic] global_step=29572/72000 local_updates=7393 loss=0.12550841 recon=0.00014624
[hyperbolic] global_step=29712/72000 local_updates=7428 loss=0.12451571 recon=0.00014987
[hyperbolic] global_step=29860/72000 local_updates=7465 loss=0.12546147 recon=0.00014308
[hyperbolic] global_step=30000/72000 local_updates=7500 loss=0.12506510 recon=0.00015007
[hyperbolic] global_step=30000/72000 loss=0.12521662 recon=0.00014665 c=[0.96, 1.005463, 0.999925] epsilon=[0.003, 0.003, 0.003] raw_unique=24554/24587 collision=0.001342 behaviour=0.17934041 codebook_used=[256, 256, 256] support=[1.0, 0.06829, 0.00222]
[hyperbolic] global_step=30136/72000 local_updates=7534 loss=0.12476832 recon=0.00014762
[hyperbolic] global_step=30280/72000 local_updates=7570 loss=0.12367714 recon=0.00015315
[hyperbolic] global_step=30424/72000 local_updates=7606 loss=0.12515508 recon=0.00015519
[hyperbolic] global_step=30560/72000 local_updates=7640 loss=0.12464847 recon=0.00014690
[hyperbolic] global_step=30704/72000 local_updates=7676 loss=0.12547095 recon=0.00014920
[hyperbolic] global_step=30856/72000 local_updates=7714 loss=0.12600648 recon=0.00014526
[hyperbolic] global_step=31000/72000 local_updates=7750 loss=0.12438555 recon=0.00013713
[hyperbolic] global_step=31132/72000 local_updates=7783 loss=0.12441453 recon=0.00014555
[hyperbolic] global_step=31280/72000 local_updates=7820 loss=0.12599272 recon=0.00014613
[hyperbolic] global_step=31428/72000 local_updates=7857 loss=0.12466019 recon=0.00014666
[hyperbolic] global_step=31576/72000 local_updates=7894 loss=0.12392308 recon=0.00015183
[hyperbolic] global_step=31728/72000 local_updates=7932 loss=0.12686729 recon=0.00015145
[hyperbolic] global_step=31868/72000 local_updates=7967 loss=0.12639374 recon=0.00015284
[hyperbolic] global_step=32008/72000 local_updates=8002 loss=0.12383756 recon=0.00013912
[hyperbolic] global_step=32144/72000 local_updates=8036 loss=0.12536964 recon=0.00014477
[hyperbolic] global_step=32292/72000 local_updates=8073 loss=0.12577656 recon=0.00014628
[hyperbolic] global_step=32432/72000 local_updates=8108 loss=0.12552887 recon=0.00016052
[hyperbolic] global_step=32568/72000 local_updates=8142 loss=0.12484874 recon=0.00013231
[hyperbolic] global_step=32704/72000 local_updates=8176 loss=0.12452339 recon=0.00015289
[hyperbolic] global_step=32844/72000 local_updates=8211 loss=0.12452658 recon=0.00014265
[hyperbolic] global_step=32980/72000 local_updates=8245 loss=0.12683927 recon=0.00015005
[hyperbolic] global_step=33120/72000 local_updates=8280 loss=0.12710935 recon=0.00015061
[hyperbolic] global_step=33264/72000 local_updates=8316 loss=0.12467176 recon=0.00015764
[hyperbolic] global_step=33396/72000 local_updates=8349 loss=0.12532520 recon=0.00014563
[hyperbolic] global_step=33532/72000 local_updates=8383 loss=0.12540381 recon=0.00014300
[hyperbolic] global_step=33668/72000 local_updates=8417 loss=0.12526269 recon=0.00013766
[hyperbolic] global_step=33816/72000 local_updates=8454 loss=0.12496002 recon=0.00014397
[hyperbolic] global_step=33952/72000 local_updates=8488 loss=0.12499468 recon=0.00017118
[hyperbolic] global_step=34096/72000 local_updates=8524 loss=0.12583762 recon=0.00014424
[hyperbolic] global_step=34252/72000 local_updates=8563 loss=0.12574933 recon=0.00014171
[hyperbolic] global_step=34404/72000 local_updates=8601 loss=0.12459198 recon=0.00014581
[hyperbolic] global_step=34544/72000 local_updates=8636 loss=0.12317012 recon=0.00014399
[hyperbolic] global_step=34684/72000 local_updates=8671 loss=0.12569250 recon=0.00015607
[hyperbolic] global_step=34832/72000 local_updates=8708 loss=0.12551980 recon=0.00014677
[hyperbolic] global_step=34980/72000 local_updates=8745 loss=0.12396374 recon=0.00013668
[hyperbolic] global_step=35128/72000 local_updates=8782 loss=0.12365793 recon=0.00015403
[hyperbolic] global_step=35272/72000 local_updates=8818 loss=0.12378839 recon=0.00013537
[hyperbolic] global_step=35428/72000 local_updates=8857 loss=0.12544227 recon=0.00014381
[hyperbolic] global_step=35588/72000 local_updates=8897 loss=0.12464146 recon=0.00015122
[hyperbolic] global_step=35736/72000 local_updates=8934 loss=0.12502629 recon=0.00014091
[hyperbolic] global_step=35872/72000 local_updates=8968 loss=0.12343453 recon=0.00014799
[hyperbolic] global_step=36016/72000 local_updates=9004 loss=0.12589437 recon=0.00014102
[hyperbolic] global_step=36164/72000 local_updates=9041 loss=0.12471371 recon=0.00014767
[hyperbolic] global_step=36308/72000 local_updates=9077 loss=0.12613289 recon=0.00013976
[hyperbolic] global_step=36456/72000 local_updates=9114 loss=0.12448899 recon=0.00013497
[hyperbolic] global_step=36600/72000 local_updates=9150 loss=0.12372115 recon=0.00013910
[hyperbolic] global_step=36748/72000 local_updates=9187 loss=0.12378231 recon=0.00014798
[hyperbolic] global_step=36892/72000 local_updates=9223 loss=0.12500775 recon=0.00014120
[hyperbolic] global_step=37048/72000 local_updates=9262 loss=0.12528424 recon=0.00014125
[hyperbolic] global_step=37188/72000 local_updates=9297 loss=0.12559615 recon=0.00014220
[hyperbolic] global_step=37348/72000 local_updates=9337 loss=0.12628117 recon=0.00014010
[hyperbolic] global_step=37500/72000 local_updates=9375 loss=0.12361328 recon=0.00013760
[hyperbolic] global_step=37648/72000 local_updates=9412 loss=0.12623325 recon=0.00014510
[hyperbolic] global_step=37788/72000 local_updates=9447 loss=0.12758249 recon=0.00013180
[hyperbolic] global_step=37948/72000 local_updates=9487 loss=0.12347668 recon=0.00013697
[hyperbolic] global_step=38100/72000 local_updates=9525 loss=0.12458924 recon=0.00014030
[hyperbolic] global_step=38256/72000 local_updates=9564 loss=0.12612164 recon=0.00015440
[hyperbolic] global_step=38396/72000 local_updates=9599 loss=0.12403161 recon=0.00013460
[hyperbolic] global_step=38540/72000 local_updates=9635 loss=0.12416284 recon=0.00013613
[hyperbolic] global_step=38684/72000 local_updates=9671 loss=0.12526222 recon=0.00013927
[hyperbolic] global_step=38832/72000 local_updates=9708 loss=0.12487229 recon=0.00015161
[hyperbolic] global_step=38968/72000 local_updates=9742 loss=0.12560132 recon=0.00014495
[hyperbolic] global_step=39124/72000 local_updates=9781 loss=0.12470542 recon=0.00015233
[hyperbolic] global_step=39276/72000 local_updates=9819 loss=0.12538460 recon=0.00014516
[hyperbolic] global_step=39436/72000 local_updates=9859 loss=0.12548712 recon=0.00014804
[hyperbolic] global_step=39588/72000 local_updates=9897 loss=0.12581421 recon=0.00014778
[hyperbolic] global_step=39744/72000 local_updates=9936 loss=0.12601906 recon=0.00014338
[hyperbolic] global_step=39888/72000 local_updates=9972 loss=0.12640220 recon=0.00015148
[hyperbolic] global_step=40000/72000 loss=0.12523416 recon=0.00014608 c=[1.0, 1.005463, 1.000004] epsilon=[0.003, 0.003, 0.003] raw_unique=24549/24587 collision=0.001546 behaviour=0.17214156 codebook_used=[256, 256, 256] support=[1.0, 0.06792, 0.00197]
[hyperbolic] global_step=40144/72000 local_updates=10036 loss=0.12371670 recon=0.00016170
[hyperbolic] global_step=40296/72000 local_updates=10074 loss=0.12468634 recon=0.00013823
[hyperbolic] global_step=40440/72000 local_updates=10110 loss=0.12486754 recon=0.00015503
[hyperbolic] global_step=40584/72000 local_updates=10146 loss=0.12380280 recon=0.00015459
[hyperbolic] global_step=40744/72000 local_updates=10186 loss=0.12602729 recon=0.00015386
[hyperbolic] global_step=40888/72000 local_updates=10222 loss=0.12682459 recon=0.00014635
[hyperbolic] global_step=41040/72000 local_updates=10260 loss=0.12582843 recon=0.00012918
[hyperbolic] global_step=41188/72000 local_updates=10297 loss=0.12396382 recon=0.00014184
[hyperbolic] global_step=41340/72000 local_updates=10335 loss=0.12499674 recon=0.00014424
[hyperbolic] global_step=41492/72000 local_updates=10373 loss=0.12535441 recon=0.00012901
[hyperbolic] global_step=41640/72000 local_updates=10410 loss=0.12306166 recon=0.00015309
[hyperbolic] global_step=41800/72000 local_updates=10450 loss=0.12498399 recon=0.00014298
[hyperbolic] global_step=41940/72000 local_updates=10485 loss=0.12484839 recon=0.00015279
[hyperbolic] global_step=42088/72000 local_updates=10522 loss=0.12479529 recon=0.00014953
[hyperbolic] global_step=42240/72000 local_updates=10560 loss=0.12523165 recon=0.00014968
[hyperbolic] global_step=42392/72000 local_updates=10598 loss=0.12425360 recon=0.00016659
[hyperbolic] global_step=42544/72000 local_updates=10636 loss=0.12499839 recon=0.00014838
[hyperbolic] global_step=42688/72000 local_updates=10672 loss=0.12613140 recon=0.00013807
[hyperbolic] global_step=42836/72000 local_updates=10709 loss=0.12563115 recon=0.00014711
[hyperbolic] global_step=42996/72000 local_updates=10749 loss=0.12613705 recon=0.00015398
[hyperbolic] global_step=43148/72000 local_updates=10787 loss=0.12578714 recon=0.00015889
[hyperbolic] global_step=43288/72000 local_updates=10822 loss=0.12469731 recon=0.00015798
[hyperbolic] global_step=43440/72000 local_updates=10860 loss=0.12546155 recon=0.00014745
[hyperbolic] global_step=43588/72000 local_updates=10897 loss=0.12545910 recon=0.00014471
[hyperbolic] global_step=43748/72000 local_updates=10937 loss=0.12474793 recon=0.00015573
[hyperbolic] global_step=43904/72000 local_updates=10976 loss=0.12616627 recon=0.00014605
[hyperbolic] global_step=44064/72000 local_updates=11016 loss=0.12424799 recon=0.00014353
[hyperbolic] global_step=44228/72000 local_updates=11057 loss=0.12534946 recon=0.00014695
[hyperbolic] global_step=44388/72000 local_updates=11097 loss=0.12539446 recon=0.00014741
[hyperbolic] global_step=44536/72000 local_updates=11134 loss=0.12537903 recon=0.00012838
[hyperbolic] global_step=44700/72000 local_updates=11175 loss=0.12649284 recon=0.00014293
[hyperbolic] global_step=44848/72000 local_updates=11212 loss=0.12440487 recon=0.00015217
[hyperbolic] global_step=45008/72000 local_updates=11252 loss=0.12610897 recon=0.00013388
[hyperbolic] global_step=45152/72000 local_updates=11288 loss=0.12674190 recon=0.00015279
[hyperbolic] global_step=45308/72000 local_updates=11327 loss=0.12568973 recon=0.00014982
[hyperbolic] global_step=45460/72000 local_updates=11365 loss=0.12637521 recon=0.00015517
[hyperbolic] global_step=45608/72000 local_updates=11402 loss=0.12703708 recon=0.00015074
[hyperbolic] global_step=45764/72000 local_updates=11441 loss=0.12474713 recon=0.00013109
[hyperbolic] global_step=45916/72000 local_updates=11479 loss=0.12491143 recon=0.00014584
[hyperbolic] global_step=46072/72000 local_updates=11518 loss=0.12466952 recon=0.00014036
[hyperbolic] global_step=46232/72000 local_updates=11558 loss=0.12456171 recon=0.00016265
[hyperbolic] global_step=46392/72000 local_updates=11598 loss=0.12548314 recon=0.00014378
[hyperbolic] global_step=46540/72000 local_updates=11635 loss=0.12435374 recon=0.00014474
[hyperbolic] global_step=46700/72000 local_updates=11675 loss=0.12467587 recon=0.00012624
[hyperbolic] global_step=46856/72000 local_updates=11714 loss=0.12332611 recon=0.00014482
[hyperbolic] global_step=47012/72000 local_updates=11753 loss=0.12500931 recon=0.00014490
[hyperbolic] global_step=47180/72000 local_updates=11795 loss=0.12501025 recon=0.00016063
[hyperbolic] global_step=47336/72000 local_updates=11834 loss=0.12481935 recon=0.00014241
[hyperbolic] global_step=47488/72000 local_updates=11872 loss=0.12454951 recon=0.00016194
[hyperbolic] global_step=47644/72000 local_updates=11911 loss=0.12577865 recon=0.00013207
[hyperbolic] global_step=47788/72000 local_updates=11947 loss=0.12528384 recon=0.00014876
[hyperbolic] global_step=47944/72000 local_updates=11986 loss=0.12635012 recon=0.00013920
[hyperbolic] global_step=48112/72000 local_updates=12028 loss=0.12505913 recon=0.00013325
[hyperbolic] global_step=48272/72000 local_updates=12068 loss=0.12837389 recon=0.00015532
[hyperbolic] global_step=48424/72000 local_updates=12106 loss=0.12590185 recon=0.00014223
[hyperbolic] global_step=48572/72000 local_updates=12143 loss=0.12732162 recon=0.00014575
[hyperbolic] global_step=48728/72000 local_updates=12182 loss=0.12656064 recon=0.00013327
[hyperbolic] global_step=48888/72000 local_updates=12222 loss=0.12554803 recon=0.00013702
[hyperbolic] global_step=49052/72000 local_updates=12263 loss=0.12534183 recon=0.00014119
[hyperbolic] global_step=49192/72000 local_updates=12298 loss=0.12425933 recon=0.00015406
[hyperbolic] global_step=49348/72000 local_updates=12337 loss=0.12513557 recon=0.00013711
[hyperbolic] global_step=49508/72000 local_updates=12377 loss=0.12568980 recon=0.00015657
[hyperbolic] global_step=49668/72000 local_updates=12417 loss=0.12428717 recon=0.00014934
[hyperbolic] global_step=49820/72000 local_updates=12455 loss=0.12572277 recon=0.00015114
[hyperbolic] global_step=49972/72000 local_updates=12493 loss=0.12483818 recon=0.00014793
[hyperbolic] global_step=50000/72000 loss=0.12526969 recon=0.00014613 c=[1.04, 1.005463, 1.000004] epsilon=[0.003, 0.003, 0.003] raw_unique=24553/24587 collision=0.001383 behaviour=0.16705827 codebook_used=[256, 256, 256] support=[1.0, 0.07372, 0.00185]
[hyperbolic] global_step=50160/72000 local_updates=12540 loss=0.12410595 recon=0.00016384
[hyperbolic] global_step=50320/72000 local_updates=12580 loss=0.12294189 recon=0.00014793
[hyperbolic] global_step=50480/72000 local_updates=12620 loss=0.12509504 recon=0.00014610
[hyperbolic] global_step=50640/72000 local_updates=12660 loss=0.12537794 recon=0.00013642
[hyperbolic] global_step=50800/72000 local_updates=12700 loss=0.12519099 recon=0.00014377
[hyperbolic] global_step=50960/72000 local_updates=12740 loss=0.12485524 recon=0.00014722
[hyperbolic] global_step=51112/72000 local_updates=12778 loss=0.12508199 recon=0.00014135
[hyperbolic] global_step=51272/72000 local_updates=12818 loss=0.12420093 recon=0.00015296
[hyperbolic] global_step=51424/72000 local_updates=12856 loss=0.12453981 recon=0.00015231
[hyperbolic] global_step=51576/72000 local_updates=12894 loss=0.12401573 recon=0.00013916
[hyperbolic] global_step=51740/72000 local_updates=12935 loss=0.12472522 recon=0.00013867
[hyperbolic] global_step=51892/72000 local_updates=12973 loss=0.12552935 recon=0.00015182
[hyperbolic] global_step=52048/72000 local_updates=13012 loss=0.12584926 recon=0.00013837
[hyperbolic] global_step=52212/72000 local_updates=13053 loss=0.12671079 recon=0.00015198
[hyperbolic] global_step=52368/72000 local_updates=13092 loss=0.12579001 recon=0.00014094
[hyperbolic] global_step=52520/72000 local_updates=13130 loss=0.12358208 recon=0.00014457
[hyperbolic] global_step=52684/72000 local_updates=13171 loss=0.12599504 recon=0.00015345
[hyperbolic] global_step=52840/72000 local_updates=13210 loss=0.12524357 recon=0.00014239
[hyperbolic] global_step=53004/72000 local_updates=13251 loss=0.12521912 recon=0.00012800
[hyperbolic] global_step=53148/72000 local_updates=13287 loss=0.12375277 recon=0.00014023
[hyperbolic] global_step=53312/72000 local_updates=13328 loss=0.12503216 recon=0.00014705
[hyperbolic] global_step=53464/72000 local_updates=13366 loss=0.12517445 recon=0.00014886
[hyperbolic] global_step=53616/72000 local_updates=13404 loss=0.12522078 recon=0.00015076
[hyperbolic] global_step=53772/72000 local_updates=13443 loss=0.12345531 recon=0.00013901
[hyperbolic] global_step=53932/72000 local_updates=13483 loss=0.12369859 recon=0.00013558
[hyperbolic] global_step=54096/72000 local_updates=13524 loss=0.12471947 recon=0.00014128
[hyperbolic] global_step=54248/72000 local_updates=13562 loss=0.12399039 recon=0.00015564
[hyperbolic] global_step=54408/72000 local_updates=13602 loss=0.12533432 recon=0.00015104
[hyperbolic] global_step=54568/72000 local_updates=13642 loss=0.12529396 recon=0.00015293
[hyperbolic] global_step=54716/72000 local_updates=13679 loss=0.12594254 recon=0.00016134
[hyperbolic] global_step=54876/72000 local_updates=13719 loss=0.12335174 recon=0.00014294
[hyperbolic] global_step=55024/72000 local_updates=13756 loss=0.12467106 recon=0.00013731
[hyperbolic] global_step=55180/72000 local_updates=13795 loss=0.12518491 recon=0.00014702
[hyperbolic] global_step=55328/72000 local_updates=13832 loss=0.12439233 recon=0.00014649
[hyperbolic] global_step=55488/72000 local_updates=13872 loss=0.12609324 recon=0.00014549
[hyperbolic] global_step=55636/72000 local_updates=13909 loss=0.12556542 recon=0.00013844
[hyperbolic] global_step=55792/72000 local_updates=13948 loss=0.12691845 recon=0.00014079
[hyperbolic] global_step=55948/72000 local_updates=13987 loss=0.12620431 recon=0.00015220
[hyperbolic] global_step=56104/72000 local_updates=14026 loss=0.12471093 recon=0.00014152
[hyperbolic] global_step=56260/72000 local_updates=14065 loss=0.12215923 recon=0.00014172
[hyperbolic] global_step=56416/72000 local_updates=14104 loss=0.12700534 recon=0.00013954
[hyperbolic] global_step=56572/72000 local_updates=14143 loss=0.12631150 recon=0.00014450
[hyperbolic] global_step=56720/72000 local_updates=14180 loss=0.12517112 recon=0.00014711
[hyperbolic] global_step=56892/72000 local_updates=14223 loss=0.12541413 recon=0.00014225
[hyperbolic] global_step=57060/72000 local_updates=14265 loss=0.12686311 recon=0.00015159
[hyperbolic] global_step=57212/72000 local_updates=14303 loss=0.12373230 recon=0.00014189
[hyperbolic] global_step=57372/72000 local_updates=14343 loss=0.12388047 recon=0.00014690
[hyperbolic] global_step=57524/72000 local_updates=14381 loss=0.12448531 recon=0.00016134
[hyperbolic] global_step=57672/72000 local_updates=14418 loss=0.12438910 recon=0.00015506
[hyperbolic] global_step=57836/72000 local_updates=14459 loss=0.12648493 recon=0.00014852
[hyperbolic] global_step=58000/72000 local_updates=14500 loss=0.12618175 recon=0.00015309
[hyperbolic] global_step=58172/72000 local_updates=14543 loss=0.12468281 recon=0.00014549
[hyperbolic] global_step=58332/72000 local_updates=14583 loss=0.12646678 recon=0.00013456
[hyperbolic] global_step=58500/72000 local_updates=14625 loss=0.12405422 recon=0.00015193
[hyperbolic] global_step=58660/72000 local_updates=14665 loss=0.12709406 recon=0.00014942
[hyperbolic] global_step=58832/72000 local_updates=14708 loss=0.12390101 recon=0.00014837
[hyperbolic] global_step=58984/72000 local_updates=14746 loss=0.12550572 recon=0.00014217
[hyperbolic] global_step=59152/72000 local_updates=14788 loss=0.12453061 recon=0.00014153
[hyperbolic] global_step=59308/72000 local_updates=14827 loss=0.12509699 recon=0.00013558
[hyperbolic] global_step=59456/72000 local_updates=14864 loss=0.12626003 recon=0.00014846
[hyperbolic] global_step=59612/72000 local_updates=14903 loss=0.12550110 recon=0.00014165
[hyperbolic] global_step=59772/72000 local_updates=14943 loss=0.12433255 recon=0.00014832
[hyperbolic] global_step=59944/72000 local_updates=14986 loss=0.12573181 recon=0.00016637
[hyperbolic] global_step=60000/72000 loss=0.12512070 recon=0.00014562 c=[1.08, 1.002632, 1.000072] epsilon=[0.003, 0.003, 0.003] raw_unique=24553/24587 collision=0.001383 behaviour=0.16317231 codebook_used=[256, 256, 256] support=[1.0, 0.07078, 0.00171]
[hyperbolic] global_step=60160/72000 local_updates=15040 loss=0.12527543 recon=0.00016110
[hyperbolic] global_step=60316/72000 local_updates=15079 loss=0.12218919 recon=0.00013150
[hyperbolic] global_step=60488/72000 local_updates=15122 loss=0.12457760 recon=0.00013763
[hyperbolic] global_step=60648/72000 local_updates=15162 loss=0.12389801 recon=0.00014491
[hyperbolic] global_step=60808/72000 local_updates=15202 loss=0.12414782 recon=0.00014986
[hyperbolic] global_step=60968/72000 local_updates=15242 loss=0.12490988 recon=0.00015564
[hyperbolic] global_step=61116/72000 local_updates=15279 loss=0.12651609 recon=0.00014308
[hyperbolic] global_step=61272/72000 local_updates=15318 loss=0.12651801 recon=0.00014067
[hyperbolic] global_step=61440/72000 local_updates=15360 loss=0.12612882 recon=0.00014088
[hyperbolic] global_step=61588/72000 local_updates=15397 loss=0.12520590 recon=0.00013791
[hyperbolic] global_step=61744/72000 local_updates=15436 loss=0.12468426 recon=0.00014441
[hyperbolic] global_step=61908/72000 local_updates=15477 loss=0.12574632 recon=0.00014551
[hyperbolic] global_step=62076/72000 local_updates=15519 loss=0.12421646 recon=0.00015135
[hyperbolic] global_step=62236/72000 local_updates=15559 loss=0.12373295 recon=0.00013677
[hyperbolic] global_step=62392/72000 local_updates=15598 loss=0.12515442 recon=0.00014700
[hyperbolic] global_step=62556/72000 local_updates=15639 loss=0.12388420 recon=0.00014132
[hyperbolic] global_step=62700/72000 local_updates=15675 loss=0.12546375 recon=0.00013400
[hyperbolic] global_step=62860/72000 local_updates=15715 loss=0.12441445 recon=0.00013639
[hyperbolic] global_step=63032/72000 local_updates=15758 loss=0.12372188 recon=0.00013872
[hyperbolic] global_step=63204/72000 local_updates=15801 loss=0.12481561 recon=0.00015170
[hyperbolic] global_step=63380/72000 local_updates=15845 loss=0.12472078 recon=0.00015236
[hyperbolic] global_step=63552/72000 local_updates=15888 loss=0.12432696 recon=0.00013585
[hyperbolic] global_step=63720/72000 local_updates=15930 loss=0.12580952 recon=0.00015132
[hyperbolic] global_step=63888/72000 local_updates=15972 loss=0.12560666 recon=0.00015279
[hyperbolic] global_step=64052/72000 local_updates=16013 loss=0.12454077 recon=0.00014541
[hyperbolic] global_step=64208/72000 local_updates=16052 loss=0.12756976 recon=0.00014039
[hyperbolic] global_step=64372/72000 local_updates=16093 loss=0.12447704 recon=0.00015597
[hyperbolic] global_step=64548/72000 local_updates=16137 loss=0.12532099 recon=0.00014102
[hyperbolic] global_step=64716/72000 local_updates=16179 loss=0.12429992 recon=0.00014587
[hyperbolic] global_step=64876/72000 local_updates=16219 loss=0.12417008 recon=0.00014782
[hyperbolic] global_step=65040/72000 local_updates=16260 loss=0.12306433 recon=0.00013913
[hyperbolic] global_step=65212/72000 local_updates=16303 loss=0.12427428 recon=0.00013825
[hyperbolic] global_step=65392/72000 local_updates=16348 loss=0.12547009 recon=0.00015089
[hyperbolic] global_step=65560/72000 local_updates=16390 loss=0.12506284 recon=0.00012464
[hyperbolic] global_step=65728/72000 local_updates=16432 loss=0.12521888 recon=0.00014266
[hyperbolic] global_step=65888/72000 local_updates=16472 loss=0.12609307 recon=0.00013541
[hyperbolic] global_step=66052/72000 local_updates=16513 loss=0.12829535 recon=0.00013654
[hyperbolic] global_step=66220/72000 local_updates=16555 loss=0.12183985 recon=0.00015035
[hyperbolic] global_step=66392/72000 local_updates=16598 loss=0.12345422 recon=0.00012490
[hyperbolic] global_step=66560/72000 local_updates=16640 loss=0.12757498 recon=0.00013085
[hyperbolic] global_step=66736/72000 local_updates=16684 loss=0.12518488 recon=0.00015632
[hyperbolic] global_step=66896/72000 local_updates=16724 loss=0.12520266 recon=0.00013647
[hyperbolic] global_step=67068/72000 local_updates=16767 loss=0.12449901 recon=0.00015594
[hyperbolic] global_step=67228/72000 local_updates=16807 loss=0.12424436 recon=0.00015744
[hyperbolic] global_step=67404/72000 local_updates=16851 loss=0.12354209 recon=0.00013606
[hyperbolic] global_step=67568/72000 local_updates=16892 loss=0.12445001 recon=0.00014718
[hyperbolic] global_step=67736/72000 local_updates=16934 loss=0.12501141 recon=0.00014025
[hyperbolic] global_step=67908/72000 local_updates=16977 loss=0.12452614 recon=0.00014637
[hyperbolic] global_step=68068/72000 local_updates=17017 loss=0.12442529 recon=0.00014126
[hyperbolic] global_step=68228/72000 local_updates=17057 loss=0.12373562 recon=0.00014280
[hyperbolic] global_step=68384/72000 local_updates=17096 loss=0.12489336 recon=0.00015209
[hyperbolic] global_step=68560/72000 local_updates=17140 loss=0.12442990 recon=0.00014858
[hyperbolic] global_step=68724/72000 local_updates=17181 loss=0.12491885 recon=0.00014352
[hyperbolic] global_step=68900/72000 local_updates=17225 loss=0.12511903 recon=0.00015234
[hyperbolic] global_step=69068/72000 local_updates=17267 loss=0.12497086 recon=0.00016582
[hyperbolic] global_step=69248/72000 local_updates=17312 loss=0.12476559 recon=0.00015647
[hyperbolic] global_step=69416/72000 local_updates=17354 loss=0.12553130 recon=0.00014314
[hyperbolic] global_step=69580/72000 local_updates=17395 loss=0.12507778 recon=0.00014929
[hyperbolic] global_step=69744/72000 local_updates=17436 loss=0.12376966 recon=0.00014410
[hyperbolic] global_step=69900/72000 local_updates=17475 loss=0.12493515 recon=0.00015843
[hyperbolic] global_step=70000/72000 loss=0.12494107 recon=0.00014490 c=[1.04, 1.005512, 1.000136] epsilon=[0.003, 0.003, 0.003] raw_unique=24551/24587 collision=0.001464 behaviour=0.16034533 codebook_used=[256, 256, 256] support=[1.0, 0.07199, 0.0016]
[hyperbolic] global_step=70160/72000 local_updates=17540 loss=0.12372167 recon=0.00015393
[hyperbolic] global_step=70324/72000 local_updates=17581 loss=0.12656260 recon=0.00014464
[hyperbolic] global_step=70488/72000 local_updates=17622 loss=0.12671959 recon=0.00013540
[hyperbolic] global_step=70652/72000 local_updates=17663 loss=0.12327275 recon=0.00015064
[hyperbolic] global_step=70820/72000 local_updates=17705 loss=0.12440342 recon=0.00013931
[hyperbolic] global_step=71000/72000 local_updates=17750 loss=0.12637565 recon=0.00013845
[hyperbolic] global_step=71172/72000 local_updates=17793 loss=0.12461851 recon=0.00013448
[hyperbolic] global_step=71340/72000 local_updates=17835 loss=0.12579697 recon=0.00014978
[hyperbolic] global_step=71504/72000 local_updates=17876 loss=0.12474789 recon=0.00013096
[hyperbolic] global_step=71668/72000 local_updates=17917 loss=0.12561876 recon=0.00013100
[hyperbolic] global_step=71840/72000 local_updates=17960 loss=0.12473010 recon=0.00014776
[hyperbolic] global_step=72000/72000 loss=0.12492622 recon=0.00014483 c=[1.04, 1.005512, 1.000136] epsilon=[0.003, 0.003, 0.003] raw_unique=24548/24587 collision=0.001586 behaviour=0.15844366 codebook_used=[256, 256, 256] support=[1.0, 0.07111, 0.00169]
