2026-10-06 18:59:58,562 - INFO - Configuration: {'batch_size': 4096, 'infer_size': 1024, 'num_epochs': 150, 'eval_interval': 5, 'eval_start_epoch': 75, 'early_eval_epochs': (25, 50, 75, 100, 125), 'fast': True, 'bf16': True, 'use_lr_scheduler': True, 'lr_warmup_pct': 0.1, 'lr_min_factor': 0.2, 'compile': False, 'compile_mode': 'default', 'num_layers': 4, 'num_decoder_layers': 4, 'd_model': 128, 'd_ff': 1024, 'num_heads': 6, 'd_kv': 64, 'dropout_rate': 0.1, 'activation_function': 'relu', 'feed_forward_proj': 'relu', 'device': 'cuda', 'lr': 0.003, 'weight_decay': 0.05, 'vocab_size': 774, 'eos_token_id': 773, 'pad_token_id': 0, 'n_user_tokens': 1, 'max_len': 20, 'dataset_name': 'Amazon_2023_Instruments', 'dataset_path': '/home/wlia0047/ar57/wenyu/GeneRec/results/stage0_build_parquet/', 'codebook_size': [256, 256, 256, 1], 'code_path': '/home/wlia0047/ar57/wenyu/GeneRec/results/stage2_RQ-VAE/curvature_RQ-VAE_iter94/item_sids.json', 'train_file': 'train.parquet', 'valid_file': 'valid.parquet', 'test_file': 'test.parquet', 'log_path': '/home/wlia0047/ar57/wenyu/GeneRec/results/stage3_T5Train/curvature_RQ-VAE_iter94/logs/', 'save_path': '/home/wlia0047/ar57/wenyu/GeneRec/results/stage3_T5Train/curvature_RQ-VAE_iter94/ckpt/', 'seed': 42, 'topk_list': [5, 10], 'beam_size': 20, 'no_eval': True, 'skip_test': False, 'screen_baseline_log': '', 'screen_start_epoch': 40, 'screen_window': 5, 'screen_min_ndcg_gain': 0.001, 'screen_min_recall_gain': 0.001, 'num_workers': 4, 'prefetch_factor': 8, 'exclude_history': True, 'no_exclude_history': False, 'pin_memory': True, 'no_pin_memory': False, 'sid_length': 4, 'max_token_seq_len': 82, 'decoder_start_token_id': 0}
2026-10-06 18:59:58,658 - INFO - #Embedding parameters: 99072
#Non-embedding parameters: 4459648
#Total trainable parameters: 4558720

2026-10-06 19:00:12,852 - INFO - Epoch 1/150 train_loss=4.736687774658203
2026-10-06 19:00:12,936 - INFO - Best train loss=4.736687774658203; saved /home/wlia0047/ar57/wenyu/GeneRec/results/stage3_T5Train/curvature_RQ-VAE_iter94/ckpt/Amazon_2023_Instruments/Oct-06-2026_18-59-58/HG_Rec_best.pth
2026-10-06 19:00:24,563 - INFO - Epoch 2/150 train_loss=4.053863162994385
2026-10-06 19:00:24,600 - INFO - Best train loss=4.053863162994385; saved /home/wlia0047/ar57/wenyu/GeneRec/results/stage3_T5Train/curvature_RQ-VAE_iter94/ckpt/Amazon_2023_Instruments/Oct-06-2026_18-59-58/HG_Rec_best.pth
2026-10-06 19:00:36,212 - INFO - Epoch 3/150 train_loss=3.8566950607299804
2026-10-06 19:00:36,252 - INFO - Best train loss=3.8566950607299804; saved /home/wlia0047/ar57/wenyu/GeneRec/results/stage3_T5Train/curvature_RQ-VAE_iter94/ckpt/Amazon_2023_Instruments/Oct-06-2026_18-59-58/HG_Rec_best.pth
2026-10-06 19:00:47,866 - INFO - Epoch 4/150 train_loss=3.719986906051636
2026-10-06 19:00:47,903 - INFO - Best train loss=3.719986906051636; saved /home/wlia0047/ar57/wenyu/GeneRec/results/stage3_T5Train/curvature_RQ-VAE_iter94/ckpt/Amazon_2023_Instruments/Oct-06-2026_18-59-58/HG_Rec_best.pth
2026-10-06 19:00:59,516 - INFO - Epoch 5/150 train_loss=3.6026709842681885
2026-10-06 19:00:59,553 - INFO - Best train loss=3.6026709842681885; saved /home/wlia0047/ar57/wenyu/GeneRec/results/stage3_T5Train/curvature_RQ-VAE_iter94/ckpt/Amazon_2023_Instruments/Oct-06-2026_18-59-58/HG_Rec_best.pth
2026-10-06 19:01:11,159 - INFO - Epoch 6/150 train_loss=3.5116287994384767
2026-10-06 19:01:11,195 - INFO - Best train loss=3.5116287994384767; saved /home/wlia0047/ar57/wenyu/GeneRec/results/stage3_T5Train/curvature_RQ-VAE_iter94/ckpt/Amazon_2023_Instruments/Oct-06-2026_18-59-58/HG_Rec_best.pth
2026-10-06 19:01:22,805 - INFO - Epoch 7/150 train_loss=3.4003410720825196
2026-10-06 19:01:22,842 - INFO - Best train loss=3.4003410720825196; saved /home/wlia0047/ar57/wenyu/GeneRec/results/stage3_T5Train/curvature_RQ-VAE_iter94/ckpt/Amazon_2023_Instruments/Oct-06-2026_18-59-58/HG_Rec_best.pth
2026-10-06 19:01:34,450 - INFO - Epoch 8/150 train_loss=3.304403095245361
2026-10-06 19:01:34,487 - INFO - Best train loss=3.304403095245361; saved /home/wlia0047/ar57/wenyu/GeneRec/results/stage3_T5Train/curvature_RQ-VAE_iter94/ckpt/Amazon_2023_Instruments/Oct-06-2026_18-59-58/HG_Rec_best.pth
2026-10-06 19:01:46,102 - INFO - Epoch 9/150 train_loss=3.4125665187835694
2026-10-06 19:01:57,710 - INFO - Epoch 10/150 train_loss=3.426993751525879
2026-10-06 19:02:09,320 - INFO - Epoch 11/150 train_loss=3.253681869506836
2026-10-06 19:02:09,356 - INFO - Best train loss=3.253681869506836; saved /home/wlia0047/ar57/wenyu/GeneRec/results/stage3_T5Train/curvature_RQ-VAE_iter94/ckpt/Amazon_2023_Instruments/Oct-06-2026_18-59-58/HG_Rec_best.pth
2026-10-06 19:02:20,964 - INFO - Epoch 12/150 train_loss=3.1678991508483887
2026-10-06 19:02:21,001 - INFO - Best train loss=3.1678991508483887; saved /home/wlia0047/ar57/wenyu/GeneRec/results/stage3_T5Train/curvature_RQ-VAE_iter94/ckpt/Amazon_2023_Instruments/Oct-06-2026_18-59-58/HG_Rec_best.pth
2026-10-06 19:02:32,611 - INFO - Epoch 13/150 train_loss=3.10058012008667
2026-10-06 19:02:32,646 - INFO - Best train loss=3.10058012008667; saved /home/wlia0047/ar57/wenyu/GeneRec/results/stage3_T5Train/curvature_RQ-VAE_iter94/ckpt/Amazon_2023_Instruments/Oct-06-2026_18-59-58/HG_Rec_best.pth
2026-10-06 19:02:44,254 - INFO - Epoch 14/150 train_loss=3.0411015224456786
2026-10-06 19:02:44,290 - INFO - Best train loss=3.0411015224456786; saved /home/wlia0047/ar57/wenyu/GeneRec/results/stage3_T5Train/curvature_RQ-VAE_iter94/ckpt/Amazon_2023_Instruments/Oct-06-2026_18-59-58/HG_Rec_best.pth
2026-10-06 19:02:55,892 - INFO - Epoch 15/150 train_loss=2.9882840156555175
2026-10-06 19:02:55,927 - INFO - Best train loss=2.9882840156555175; saved /home/wlia0047/ar57/wenyu/GeneRec/results/stage3_T5Train/curvature_RQ-VAE_iter94/ckpt/Amazon_2023_Instruments/Oct-06-2026_18-59-58/HG_Rec_best.pth
2026-10-06 19:03:07,541 - INFO - Epoch 16/150 train_loss=2.943545255661011
2026-10-06 19:03:07,577 - INFO - Best train loss=2.943545255661011; saved /home/wlia0047/ar57/wenyu/GeneRec/results/stage3_T5Train/curvature_RQ-VAE_iter94/ckpt/Amazon_2023_Instruments/Oct-06-2026_18-59-58/HG_Rec_best.pth
2026-10-06 19:03:19,185 - INFO - Epoch 17/150 train_loss=2.891942901611328
2026-10-06 19:03:19,222 - INFO - Best train loss=2.891942901611328; saved /home/wlia0047/ar57/wenyu/GeneRec/results/stage3_T5Train/curvature_RQ-VAE_iter94/ckpt/Amazon_2023_Instruments/Oct-06-2026_18-59-58/HG_Rec_best.pth
2026-10-06 19:03:31,424 - INFO - Epoch 18/150 train_loss=2.854572515487671
2026-10-06 19:03:31,460 - INFO - Best train loss=2.854572515487671; saved /home/wlia0047/ar57/wenyu/GeneRec/results/stage3_T5Train/curvature_RQ-VAE_iter94/ckpt/Amazon_2023_Instruments/Oct-06-2026_18-59-58/HG_Rec_best.pth
2026-10-06 19:03:43,062 - INFO - Epoch 19/150 train_loss=2.816184606552124
2026-10-06 19:03:43,098 - INFO - Best train loss=2.816184606552124; saved /home/wlia0047/ar57/wenyu/GeneRec/results/stage3_T5Train/curvature_RQ-VAE_iter94/ckpt/Amazon_2023_Instruments/Oct-06-2026_18-59-58/HG_Rec_best.pth
2026-10-06 19:03:54,701 - INFO - Epoch 20/150 train_loss=2.7747258377075195
2026-10-06 19:03:54,736 - INFO - Best train loss=2.7747258377075195; saved /home/wlia0047/ar57/wenyu/GeneRec/results/stage3_T5Train/curvature_RQ-VAE_iter94/ckpt/Amazon_2023_Instruments/Oct-06-2026_18-59-58/HG_Rec_best.pth
2026-10-06 19:04:06,342 - INFO - Epoch 21/150 train_loss=2.7344290161132814
2026-10-06 19:04:06,378 - INFO - Best train loss=2.7344290161132814; saved /home/wlia0047/ar57/wenyu/GeneRec/results/stage3_T5Train/curvature_RQ-VAE_iter94/ckpt/Amazon_2023_Instruments/Oct-06-2026_18-59-58/HG_Rec_best.pth
2026-10-06 19:04:17,979 - INFO - Epoch 22/150 train_loss=2.7036805057525637
2026-10-06 19:04:18,014 - INFO - Best train loss=2.7036805057525637; saved /home/wlia0047/ar57/wenyu/GeneRec/results/stage3_T5Train/curvature_RQ-VAE_iter94/ckpt/Amazon_2023_Instruments/Oct-06-2026_18-59-58/HG_Rec_best.pth
2026-10-06 19:04:29,623 - INFO - Epoch 23/150 train_loss=2.6650708961486815
2026-10-06 19:04:29,659 - INFO - Best train loss=2.6650708961486815; saved /home/wlia0047/ar57/wenyu/GeneRec/results/stage3_T5Train/curvature_RQ-VAE_iter94/ckpt/Amazon_2023_Instruments/Oct-06-2026_18-59-58/HG_Rec_best.pth
2026-10-06 19:04:41,264 - INFO - Epoch 24/150 train_loss=2.639301052093506
2026-10-06 19:04:41,300 - INFO - Best train loss=2.639301052093506; saved /home/wlia0047/ar57/wenyu/GeneRec/results/stage3_T5Train/curvature_RQ-VAE_iter94/ckpt/Amazon_2023_Instruments/Oct-06-2026_18-59-58/HG_Rec_best.pth
2026-10-06 19:04:52,905 - INFO - Epoch 25/150 train_loss=2.609779758453369
2026-10-06 19:04:52,940 - INFO - Best train loss=2.609779758453369; saved /home/wlia0047/ar57/wenyu/GeneRec/results/stage3_T5Train/curvature_RQ-VAE_iter94/ckpt/Amazon_2023_Instruments/Oct-06-2026_18-59-58/HG_Rec_best.pth
2026-10-06 19:05:04,551 - INFO - Epoch 26/150 train_loss=2.5758921241760255
2026-10-06 19:05:04,587 - INFO - Best train loss=2.5758921241760255; saved /home/wlia0047/ar57/wenyu/GeneRec/results/stage3_T5Train/curvature_RQ-VAE_iter94/ckpt/Amazon_2023_Instruments/Oct-06-2026_18-59-58/HG_Rec_best.pth
2026-10-06 19:05:16,193 - INFO - Epoch 27/150 train_loss=2.5511344051361085
2026-10-06 19:05:16,229 - INFO - Best train loss=2.5511344051361085; saved /home/wlia0047/ar57/wenyu/GeneRec/results/stage3_T5Train/curvature_RQ-VAE_iter94/ckpt/Amazon_2023_Instruments/Oct-06-2026_18-59-58/HG_Rec_best.pth
2026-10-06 19:05:27,832 - INFO - Epoch 28/150 train_loss=2.526298608779907
2026-10-06 19:05:27,866 - INFO - Best train loss=2.526298608779907; saved /home/wlia0047/ar57/wenyu/GeneRec/results/stage3_T5Train/curvature_RQ-VAE_iter94/ckpt/Amazon_2023_Instruments/Oct-06-2026_18-59-58/HG_Rec_best.pth
2026-10-06 19:05:39,469 - INFO - Epoch 29/150 train_loss=2.502045602798462
2026-10-06 19:05:39,507 - INFO - Best train loss=2.502045602798462; saved /home/wlia0047/ar57/wenyu/GeneRec/results/stage3_T5Train/curvature_RQ-VAE_iter94/ckpt/Amazon_2023_Instruments/Oct-06-2026_18-59-58/HG_Rec_best.pth
2026-10-06 19:05:51,119 - INFO - Epoch 30/150 train_loss=2.4790556049346923
2026-10-06 19:05:51,155 - INFO - Best train loss=2.4790556049346923; saved /home/wlia0047/ar57/wenyu/GeneRec/results/stage3_T5Train/curvature_RQ-VAE_iter94/ckpt/Amazon_2023_Instruments/Oct-06-2026_18-59-58/HG_Rec_best.pth
2026-10-06 19:06:02,759 - INFO - Epoch 31/150 train_loss=2.4596137237548827
2026-10-06 19:06:02,795 - INFO - Best train loss=2.4596137237548827; saved /home/wlia0047/ar57/wenyu/GeneRec/results/stage3_T5Train/curvature_RQ-VAE_iter94/ckpt/Amazon_2023_Instruments/Oct-06-2026_18-59-58/HG_Rec_best.pth
2026-10-06 19:06:14,402 - INFO - Epoch 32/150 train_loss=2.4372350215911864
2026-10-06 19:06:14,439 - INFO - Best train loss=2.4372350215911864; saved /home/wlia0047/ar57/wenyu/GeneRec/results/stage3_T5Train/curvature_RQ-VAE_iter94/ckpt/Amazon_2023_Instruments/Oct-06-2026_18-59-58/HG_Rec_best.pth
2026-10-06 19:06:26,045 - INFO - Epoch 33/150 train_loss=2.416668062210083
2026-10-06 19:06:26,081 - INFO - Best train loss=2.416668062210083; saved /home/wlia0047/ar57/wenyu/GeneRec/results/stage3_T5Train/curvature_RQ-VAE_iter94/ckpt/Amazon_2023_Instruments/Oct-06-2026_18-59-58/HG_Rec_best.pth
2026-10-06 19:06:37,685 - INFO - Epoch 34/150 train_loss=2.396639232635498
2026-10-06 19:06:37,721 - INFO - Best train loss=2.396639232635498; saved /home/wlia0047/ar57/wenyu/GeneRec/results/stage3_T5Train/curvature_RQ-VAE_iter94/ckpt/Amazon_2023_Instruments/Oct-06-2026_18-59-58/HG_Rec_best.pth
2026-10-06 19:06:49,331 - INFO - Epoch 35/150 train_loss=2.376211233139038
2026-10-06 19:06:49,366 - INFO - Best train loss=2.376211233139038; saved /home/wlia0047/ar57/wenyu/GeneRec/results/stage3_T5Train/curvature_RQ-VAE_iter94/ckpt/Amazon_2023_Instruments/Oct-06-2026_18-59-58/HG_Rec_best.pth
2026-10-06 19:07:00,971 - INFO - Epoch 36/150 train_loss=2.3596204280853272
2026-10-06 19:07:01,006 - INFO - Best train loss=2.3596204280853272; saved /home/wlia0047/ar57/wenyu/GeneRec/results/stage3_T5Train/curvature_RQ-VAE_iter94/ckpt/Amazon_2023_Instruments/Oct-06-2026_18-59-58/HG_Rec_best.pth
2026-10-06 19:07:12,613 - INFO - Epoch 37/150 train_loss=2.3318310260772703
2026-10-06 19:07:12,649 - INFO - Best train loss=2.3318310260772703; saved /home/wlia0047/ar57/wenyu/GeneRec/results/stage3_T5Train/curvature_RQ-VAE_iter94/ckpt/Amazon_2023_Instruments/Oct-06-2026_18-59-58/HG_Rec_best.pth
2026-10-06 19:07:24,254 - INFO - Epoch 38/150 train_loss=2.3066545486450196
2026-10-06 19:07:24,289 - INFO - Best train loss=2.3066545486450196; saved /home/wlia0047/ar57/wenyu/GeneRec/results/stage3_T5Train/curvature_RQ-VAE_iter94/ckpt/Amazon_2023_Instruments/Oct-06-2026_18-59-58/HG_Rec_best.pth
2026-10-06 19:07:35,898 - INFO - Epoch 39/150 train_loss=2.2869103527069092
2026-10-06 19:07:35,934 - INFO - Best train loss=2.2869103527069092; saved /home/wlia0047/ar57/wenyu/GeneRec/results/stage3_T5Train/curvature_RQ-VAE_iter94/ckpt/Amazon_2023_Instruments/Oct-06-2026_18-59-58/HG_Rec_best.pth
2026-10-06 19:07:47,538 - INFO - Epoch 40/150 train_loss=2.263117790222168
2026-10-06 19:07:47,575 - INFO - Best train loss=2.263117790222168; saved /home/wlia0047/ar57/wenyu/GeneRec/results/stage3_T5Train/curvature_RQ-VAE_iter94/ckpt/Amazon_2023_Instruments/Oct-06-2026_18-59-58/HG_Rec_best.pth
2026-10-06 19:07:59,190 - INFO - Epoch 41/150 train_loss=2.2453225326538084
2026-10-06 19:07:59,225 - INFO - Best train loss=2.2453225326538084; saved /home/wlia0047/ar57/wenyu/GeneRec/results/stage3_T5Train/curvature_RQ-VAE_iter94/ckpt/Amazon_2023_Instruments/Oct-06-2026_18-59-58/HG_Rec_best.pth
2026-10-06 19:08:10,837 - INFO - Epoch 42/150 train_loss=2.232609300613403
2026-10-06 19:08:10,872 - INFO - Best train loss=2.232609300613403; saved /home/wlia0047/ar57/wenyu/GeneRec/results/stage3_T5Train/curvature_RQ-VAE_iter94/ckpt/Amazon_2023_Instruments/Oct-06-2026_18-59-58/HG_Rec_best.pth
2026-10-06 19:08:22,517 - INFO - Epoch 43/150 train_loss=2.211317148208618
2026-10-06 19:08:22,972 - INFO - Best train loss=2.211317148208618; saved /home/wlia0047/ar57/wenyu/GeneRec/results/stage3_T5Train/curvature_RQ-VAE_iter94/ckpt/Amazon_2023_Instruments/Oct-06-2026_18-59-58/HG_Rec_best.pth
2026-10-06 19:08:34,578 - INFO - Epoch 44/150 train_loss=2.2001532173156737
2026-10-06 19:08:34,613 - INFO - Best train loss=2.2001532173156737; saved /home/wlia0047/ar57/wenyu/GeneRec/results/stage3_T5Train/curvature_RQ-VAE_iter94/ckpt/Amazon_2023_Instruments/Oct-06-2026_18-59-58/HG_Rec_best.pth
2026-10-06 19:08:46,224 - INFO - Epoch 45/150 train_loss=2.1891520595550538
2026-10-06 19:08:46,259 - INFO - Best train loss=2.1891520595550538; saved /home/wlia0047/ar57/wenyu/GeneRec/results/stage3_T5Train/curvature_RQ-VAE_iter94/ckpt/Amazon_2023_Instruments/Oct-06-2026_18-59-58/HG_Rec_best.pth
2026-10-06 19:08:57,871 - INFO - Epoch 46/150 train_loss=2.1751420402526858
2026-10-06 19:08:57,906 - INFO - Best train loss=2.1751420402526858; saved /home/wlia0047/ar57/wenyu/GeneRec/results/stage3_T5Train/curvature_RQ-VAE_iter94/ckpt/Amazon_2023_Instruments/Oct-06-2026_18-59-58/HG_Rec_best.pth
2026-10-06 19:09:09,509 - INFO - Epoch 47/150 train_loss=2.1676259517669676
2026-10-06 19:09:09,545 - INFO - Best train loss=2.1676259517669676; saved /home/wlia0047/ar57/wenyu/GeneRec/results/stage3_T5Train/curvature_RQ-VAE_iter94/ckpt/Amazon_2023_Instruments/Oct-06-2026_18-59-58/HG_Rec_best.pth
2026-10-06 19:09:21,155 - INFO - Epoch 48/150 train_loss=2.154662265777588
2026-10-06 19:09:21,190 - INFO - Best train loss=2.154662265777588; saved /home/wlia0047/ar57/wenyu/GeneRec/results/stage3_T5Train/curvature_RQ-VAE_iter94/ckpt/Amazon_2023_Instruments/Oct-06-2026_18-59-58/HG_Rec_best.pth
2026-10-06 19:09:32,802 - INFO - Epoch 49/150 train_loss=2.14172137260437
2026-10-06 19:09:32,837 - INFO - Best train loss=2.14172137260437; saved /home/wlia0047/ar57/wenyu/GeneRec/results/stage3_T5Train/curvature_RQ-VAE_iter94/ckpt/Amazon_2023_Instruments/Oct-06-2026_18-59-58/HG_Rec_best.pth
2026-10-06 19:09:44,450 - INFO - Epoch 50/150 train_loss=2.1394653797149656
2026-10-06 19:09:44,486 - INFO - Best train loss=2.1394653797149656; saved /home/wlia0047/ar57/wenyu/GeneRec/results/stage3_T5Train/curvature_RQ-VAE_iter94/ckpt/Amazon_2023_Instruments/Oct-06-2026_18-59-58/HG_Rec_best.pth
2026-10-06 19:09:56,161 - INFO - Epoch 51/150 train_loss=2.127563180923462
2026-10-06 19:09:56,207 - INFO - Best train loss=2.127563180923462; saved /home/wlia0047/ar57/wenyu/GeneRec/results/stage3_T5Train/curvature_RQ-VAE_iter94/ckpt/Amazon_2023_Instruments/Oct-06-2026_18-59-58/HG_Rec_best.pth
2026-10-06 19:10:07,848 - INFO - Epoch 52/150 train_loss=2.124809293746948
2026-10-06 19:10:07,884 - INFO - Best train loss=2.124809293746948; saved /home/wlia0047/ar57/wenyu/GeneRec/results/stage3_T5Train/curvature_RQ-VAE_iter94/ckpt/Amazon_2023_Instruments/Oct-06-2026_18-59-58/HG_Rec_best.pth
2026-10-06 19:10:19,569 - INFO - Epoch 53/150 train_loss=2.11450213432312
2026-10-06 19:10:19,614 - INFO - Best train loss=2.11450213432312; saved /home/wlia0047/ar57/wenyu/GeneRec/results/stage3_T5Train/curvature_RQ-VAE_iter94/ckpt/Amazon_2023_Instruments/Oct-06-2026_18-59-58/HG_Rec_best.pth
2026-10-06 19:10:31,224 - INFO - Epoch 54/150 train_loss=2.103080587387085
2026-10-06 19:10:31,259 - INFO - Best train loss=2.103080587387085; saved /home/wlia0047/ar57/wenyu/GeneRec/results/stage3_T5Train/curvature_RQ-VAE_iter94/ckpt/Amazon_2023_Instruments/Oct-06-2026_18-59-58/HG_Rec_best.pth
2026-10-06 19:10:44,313 - INFO - Epoch 55/150 train_loss=2.100764064788818
2026-10-06 19:10:44,370 - INFO - Best train loss=2.100764064788818; saved /home/wlia0047/ar57/wenyu/GeneRec/results/stage3_T5Train/curvature_RQ-VAE_iter94/ckpt/Amazon_2023_Instruments/Oct-06-2026_18-59-58/HG_Rec_best.pth
2026-10-06 19:10:55,977 - INFO - Epoch 56/150 train_loss=2.0921192932128907
2026-10-06 19:10:56,012 - INFO - Best train loss=2.0921192932128907; saved /home/wlia0047/ar57/wenyu/GeneRec/results/stage3_T5Train/curvature_RQ-VAE_iter94/ckpt/Amazon_2023_Instruments/Oct-06-2026_18-59-58/HG_Rec_best.pth
2026-10-06 19:11:07,679 - INFO - Epoch 57/150 train_loss=2.081324119567871
2026-10-06 19:11:07,811 - INFO - Best train loss=2.081324119567871; saved /home/wlia0047/ar57/wenyu/GeneRec/results/stage3_T5Train/curvature_RQ-VAE_iter94/ckpt/Amazon_2023_Instruments/Oct-06-2026_18-59-58/HG_Rec_best.pth
2026-10-06 19:11:19,422 - INFO - Epoch 58/150 train_loss=2.0739002418518067
2026-10-06 19:11:19,457 - INFO - Best train loss=2.0739002418518067; saved /home/wlia0047/ar57/wenyu/GeneRec/results/stage3_T5Train/curvature_RQ-VAE_iter94/ckpt/Amazon_2023_Instruments/Oct-06-2026_18-59-58/HG_Rec_best.pth
2026-10-06 19:11:31,063 - INFO - Epoch 59/150 train_loss=2.067271518707275
2026-10-06 19:11:31,099 - INFO - Best train loss=2.067271518707275; saved /home/wlia0047/ar57/wenyu/GeneRec/results/stage3_T5Train/curvature_RQ-VAE_iter94/ckpt/Amazon_2023_Instruments/Oct-06-2026_18-59-58/HG_Rec_best.pth
2026-10-06 19:11:42,705 - INFO - Epoch 60/150 train_loss=2.06302001953125
2026-10-06 19:11:42,740 - INFO - Best train loss=2.06302001953125; saved /home/wlia0047/ar57/wenyu/GeneRec/results/stage3_T5Train/curvature_RQ-VAE_iter94/ckpt/Amazon_2023_Instruments/Oct-06-2026_18-59-58/HG_Rec_best.pth
2026-10-06 19:11:54,350 - INFO - Epoch 61/150 train_loss=2.0564575004577637
2026-10-06 19:11:54,385 - INFO - Best train loss=2.0564575004577637; saved /home/wlia0047/ar57/wenyu/GeneRec/results/stage3_T5Train/curvature_RQ-VAE_iter94/ckpt/Amazon_2023_Instruments/Oct-06-2026_18-59-58/HG_Rec_best.pth
2026-10-06 19:12:05,996 - INFO - Epoch 62/150 train_loss=2.048710889816284
2026-10-06 19:12:06,032 - INFO - Best train loss=2.048710889816284; saved /home/wlia0047/ar57/wenyu/GeneRec/results/stage3_T5Train/curvature_RQ-VAE_iter94/ckpt/Amazon_2023_Instruments/Oct-06-2026_18-59-58/HG_Rec_best.pth
2026-10-06 19:12:17,644 - INFO - Epoch 63/150 train_loss=2.0472161293029787
2026-10-06 19:12:17,679 - INFO - Best train loss=2.0472161293029787; saved /home/wlia0047/ar57/wenyu/GeneRec/results/stage3_T5Train/curvature_RQ-VAE_iter94/ckpt/Amazon_2023_Instruments/Oct-06-2026_18-59-58/HG_Rec_best.pth
2026-10-06 19:12:29,291 - INFO - Epoch 64/150 train_loss=2.0420916366577146
2026-10-06 19:12:29,326 - INFO - Best train loss=2.0420916366577146; saved /home/wlia0047/ar57/wenyu/GeneRec/results/stage3_T5Train/curvature_RQ-VAE_iter94/ckpt/Amazon_2023_Instruments/Oct-06-2026_18-59-58/HG_Rec_best.pth
2026-10-06 19:12:40,937 - INFO - Epoch 65/150 train_loss=2.034845161437988
2026-10-06 19:12:40,973 - INFO - Best train loss=2.034845161437988; saved /home/wlia0047/ar57/wenyu/GeneRec/results/stage3_T5Train/curvature_RQ-VAE_iter94/ckpt/Amazon_2023_Instruments/Oct-06-2026_18-59-58/HG_Rec_best.pth
2026-10-06 19:12:52,582 - INFO - Epoch 66/150 train_loss=2.030788927078247
2026-10-06 19:12:52,619 - INFO - Best train loss=2.030788927078247; saved /home/wlia0047/ar57/wenyu/GeneRec/results/stage3_T5Train/curvature_RQ-VAE_iter94/ckpt/Amazon_2023_Instruments/Oct-06-2026_18-59-58/HG_Rec_best.pth
2026-10-06 19:13:04,226 - INFO - Epoch 67/150 train_loss=2.0243996524810792
2026-10-06 19:13:04,261 - INFO - Best train loss=2.0243996524810792; saved /home/wlia0047/ar57/wenyu/GeneRec/results/stage3_T5Train/curvature_RQ-VAE_iter94/ckpt/Amazon_2023_Instruments/Oct-06-2026_18-59-58/HG_Rec_best.pth
2026-10-06 19:13:15,896 - INFO - Epoch 68/150 train_loss=2.0237835311889647
2026-10-06 19:13:15,932 - INFO - Best train loss=2.0237835311889647; saved /home/wlia0047/ar57/wenyu/GeneRec/results/stage3_T5Train/curvature_RQ-VAE_iter94/ckpt/Amazon_2023_Instruments/Oct-06-2026_18-59-58/HG_Rec_best.pth
2026-10-06 19:13:27,538 - INFO - Epoch 69/150 train_loss=2.0230451107025145
2026-10-06 19:13:27,574 - INFO - Best train loss=2.0230451107025145; saved /home/wlia0047/ar57/wenyu/GeneRec/results/stage3_T5Train/curvature_RQ-VAE_iter94/ckpt/Amazon_2023_Instruments/Oct-06-2026_18-59-58/HG_Rec_best.pth
2026-10-06 19:13:39,187 - INFO - Epoch 70/150 train_loss=2.0162312602996826
2026-10-06 19:13:39,222 - INFO - Best train loss=2.0162312602996826; saved /home/wlia0047/ar57/wenyu/GeneRec/results/stage3_T5Train/curvature_RQ-VAE_iter94/ckpt/Amazon_2023_Instruments/Oct-06-2026_18-59-58/HG_Rec_best.pth
2026-10-06 19:13:50,831 - INFO - Epoch 71/150 train_loss=2.008953094482422
2026-10-06 19:13:50,867 - INFO - Best train loss=2.008953094482422; saved /home/wlia0047/ar57/wenyu/GeneRec/results/stage3_T5Train/curvature_RQ-VAE_iter94/ckpt/Amazon_2023_Instruments/Oct-06-2026_18-59-58/HG_Rec_best.pth
2026-10-06 19:14:02,475 - INFO - Epoch 72/150 train_loss=2.0052094650268555
2026-10-06 19:14:02,510 - INFO - Best train loss=2.0052094650268555; saved /home/wlia0047/ar57/wenyu/GeneRec/results/stage3_T5Train/curvature_RQ-VAE_iter94/ckpt/Amazon_2023_Instruments/Oct-06-2026_18-59-58/HG_Rec_best.pth
2026-10-06 19:14:14,120 - INFO - Epoch 73/150 train_loss=1.9937517166137695
2026-10-06 19:14:14,156 - INFO - Best train loss=1.9937517166137695; saved /home/wlia0047/ar57/wenyu/GeneRec/results/stage3_T5Train/curvature_RQ-VAE_iter94/ckpt/Amazon_2023_Instruments/Oct-06-2026_18-59-58/HG_Rec_best.pth
2026-10-06 19:14:25,768 - INFO - Epoch 74/150 train_loss=1.9987761354446412
2026-10-06 19:14:37,380 - INFO - Epoch 75/150 train_loss=1.9958945083618165
2026-10-06 19:14:48,990 - INFO - Epoch 76/150 train_loss=1.99011079788208
2026-10-06 19:14:49,028 - INFO - Best train loss=1.99011079788208; saved /home/wlia0047/ar57/wenyu/GeneRec/results/stage3_T5Train/curvature_RQ-VAE_iter94/ckpt/Amazon_2023_Instruments/Oct-06-2026_18-59-58/HG_Rec_best.pth
2026-10-06 19:15:00,643 - INFO - Epoch 77/150 train_loss=1.9840647220611571
2026-10-06 19:15:00,678 - INFO - Best train loss=1.9840647220611571; saved /home/wlia0047/ar57/wenyu/GeneRec/results/stage3_T5Train/curvature_RQ-VAE_iter94/ckpt/Amazon_2023_Instruments/Oct-06-2026_18-59-58/HG_Rec_best.pth
2026-10-06 19:15:12,288 - INFO - Epoch 78/150 train_loss=1.9823536586761474
2026-10-06 19:15:12,323 - INFO - Best train loss=1.9823536586761474; saved /home/wlia0047/ar57/wenyu/GeneRec/results/stage3_T5Train/curvature_RQ-VAE_iter94/ckpt/Amazon_2023_Instruments/Oct-06-2026_18-59-58/HG_Rec_best.pth
2026-10-06 19:15:23,935 - INFO - Epoch 79/150 train_loss=1.979320650100708
2026-10-06 19:15:23,971 - INFO - Best train loss=1.979320650100708; saved /home/wlia0047/ar57/wenyu/GeneRec/results/stage3_T5Train/curvature_RQ-VAE_iter94/ckpt/Amazon_2023_Instruments/Oct-06-2026_18-59-58/HG_Rec_best.pth
2026-10-06 19:15:35,583 - INFO - Epoch 80/150 train_loss=1.9764136457443238
2026-10-06 19:15:36,196 - INFO - Best train loss=1.9764136457443238; saved /home/wlia0047/ar57/wenyu/GeneRec/results/stage3_T5Train/curvature_RQ-VAE_iter94/ckpt/Amazon_2023_Instruments/Oct-06-2026_18-59-58/HG_Rec_best.pth
2026-10-06 19:15:47,808 - INFO - Epoch 81/150 train_loss=1.9750955629348754
2026-10-06 19:15:47,843 - INFO - Best train loss=1.9750955629348754; saved /home/wlia0047/ar57/wenyu/GeneRec/results/stage3_T5Train/curvature_RQ-VAE_iter94/ckpt/Amazon_2023_Instruments/Oct-06-2026_18-59-58/HG_Rec_best.pth
2026-10-06 19:15:59,457 - INFO - Epoch 82/150 train_loss=1.9666719436645508
2026-10-06 19:15:59,493 - INFO - Best train loss=1.9666719436645508; saved /home/wlia0047/ar57/wenyu/GeneRec/results/stage3_T5Train/curvature_RQ-VAE_iter94/ckpt/Amazon_2023_Instruments/Oct-06-2026_18-59-58/HG_Rec_best.pth
2026-10-06 19:16:11,101 - INFO - Epoch 83/150 train_loss=1.9648281669616698
2026-10-06 19:16:11,137 - INFO - Best train loss=1.9648281669616698; saved /home/wlia0047/ar57/wenyu/GeneRec/results/stage3_T5Train/curvature_RQ-VAE_iter94/ckpt/Amazon_2023_Instruments/Oct-06-2026_18-59-58/HG_Rec_best.pth
2026-10-06 19:16:22,754 - INFO - Epoch 84/150 train_loss=1.9603548002243043
2026-10-06 19:16:22,789 - INFO - Best train loss=1.9603548002243043; saved /home/wlia0047/ar57/wenyu/GeneRec/results/stage3_T5Train/curvature_RQ-VAE_iter94/ckpt/Amazon_2023_Instruments/Oct-06-2026_18-59-58/HG_Rec_best.pth
2026-10-06 19:16:34,400 - INFO - Epoch 85/150 train_loss=1.9569543504714966
2026-10-06 19:16:34,435 - INFO - Best train loss=1.9569543504714966; saved /home/wlia0047/ar57/wenyu/GeneRec/results/stage3_T5Train/curvature_RQ-VAE_iter94/ckpt/Amazon_2023_Instruments/Oct-06-2026_18-59-58/HG_Rec_best.pth
2026-10-06 19:16:46,045 - INFO - Epoch 86/150 train_loss=1.9559722137451172
2026-10-06 19:16:46,082 - INFO - Best train loss=1.9559722137451172; saved /home/wlia0047/ar57/wenyu/GeneRec/results/stage3_T5Train/curvature_RQ-VAE_iter94/ckpt/Amazon_2023_Instruments/Oct-06-2026_18-59-58/HG_Rec_best.pth
2026-10-06 19:16:57,691 - INFO - Epoch 87/150 train_loss=1.954803705215454
2026-10-06 19:16:57,726 - INFO - Best train loss=1.954803705215454; saved /home/wlia0047/ar57/wenyu/GeneRec/results/stage3_T5Train/curvature_RQ-VAE_iter94/ckpt/Amazon_2023_Instruments/Oct-06-2026_18-59-58/HG_Rec_best.pth
2026-10-06 19:17:09,340 - INFO - Epoch 88/150 train_loss=1.9485320377349853
2026-10-06 19:17:09,376 - INFO - Best train loss=1.9485320377349853; saved /home/wlia0047/ar57/wenyu/GeneRec/results/stage3_T5Train/curvature_RQ-VAE_iter94/ckpt/Amazon_2023_Instruments/Oct-06-2026_18-59-58/HG_Rec_best.pth
2026-10-06 19:17:20,986 - INFO - Epoch 89/150 train_loss=1.9494967079162597
2026-10-06 19:17:32,593 - INFO - Epoch 90/150 train_loss=1.9404225111007691
2026-10-06 19:17:32,628 - INFO - Best train loss=1.9404225111007691; saved /home/wlia0047/ar57/wenyu/GeneRec/results/stage3_T5Train/curvature_RQ-VAE_iter94/ckpt/Amazon_2023_Instruments/Oct-06-2026_18-59-58/HG_Rec_best.pth
2026-10-06 19:17:44,235 - INFO - Epoch 91/150 train_loss=1.9410222673416138
2026-10-06 19:17:56,337 - INFO - Epoch 92/150 train_loss=1.9390292596817016
2026-10-06 19:17:56,373 - INFO - Best train loss=1.9390292596817016; saved /home/wlia0047/ar57/wenyu/GeneRec/results/stage3_T5Train/curvature_RQ-VAE_iter94/ckpt/Amazon_2023_Instruments/Oct-06-2026_18-59-58/HG_Rec_best.pth
2026-10-06 19:18:07,999 - INFO - Epoch 93/150 train_loss=1.935782561302185
2026-10-06 19:18:08,034 - INFO - Best train loss=1.935782561302185; saved /home/wlia0047/ar57/wenyu/GeneRec/results/stage3_T5Train/curvature_RQ-VAE_iter94/ckpt/Amazon_2023_Instruments/Oct-06-2026_18-59-58/HG_Rec_best.pth
2026-10-06 19:18:19,643 - INFO - Epoch 94/150 train_loss=1.9368815517425537
2026-10-06 19:18:31,255 - INFO - Epoch 95/150 train_loss=1.9295872163772583
2026-10-06 19:18:31,290 - INFO - Best train loss=1.9295872163772583; saved /home/wlia0047/ar57/wenyu/GeneRec/results/stage3_T5Train/curvature_RQ-VAE_iter94/ckpt/Amazon_2023_Instruments/Oct-06-2026_18-59-58/HG_Rec_best.pth
2026-10-06 19:18:42,903 - INFO - Epoch 96/150 train_loss=1.930318865776062
2026-10-06 19:18:54,524 - INFO - Epoch 97/150 train_loss=1.9281176900863648
2026-10-06 19:18:54,559 - INFO - Best train loss=1.9281176900863648; saved /home/wlia0047/ar57/wenyu/GeneRec/results/stage3_T5Train/curvature_RQ-VAE_iter94/ckpt/Amazon_2023_Instruments/Oct-06-2026_18-59-58/HG_Rec_best.pth
2026-10-06 19:19:06,167 - INFO - Epoch 98/150 train_loss=1.926553382873535
2026-10-06 19:19:06,203 - INFO - Best train loss=1.926553382873535; saved /home/wlia0047/ar57/wenyu/GeneRec/results/stage3_T5Train/curvature_RQ-VAE_iter94/ckpt/Amazon_2023_Instruments/Oct-06-2026_18-59-58/HG_Rec_best.pth
2026-10-06 19:19:17,810 - INFO - Epoch 99/150 train_loss=1.923146824836731
2026-10-06 19:19:17,846 - INFO - Best train loss=1.923146824836731; saved /home/wlia0047/ar57/wenyu/GeneRec/results/stage3_T5Train/curvature_RQ-VAE_iter94/ckpt/Amazon_2023_Instruments/Oct-06-2026_18-59-58/HG_Rec_best.pth
2026-10-06 19:19:29,456 - INFO - Epoch 100/150 train_loss=1.9207820463180543
2026-10-06 19:19:29,492 - INFO - Best train loss=1.9207820463180543; saved /home/wlia0047/ar57/wenyu/GeneRec/results/stage3_T5Train/curvature_RQ-VAE_iter94/ckpt/Amazon_2023_Instruments/Oct-06-2026_18-59-58/HG_Rec_best.pth
2026-10-06 19:19:41,103 - INFO - Epoch 101/150 train_loss=1.9164748811721801
2026-10-06 19:19:41,139 - INFO - Best train loss=1.9164748811721801; saved /home/wlia0047/ar57/wenyu/GeneRec/results/stage3_T5Train/curvature_RQ-VAE_iter94/ckpt/Amazon_2023_Instruments/Oct-06-2026_18-59-58/HG_Rec_best.pth
2026-10-06 19:19:52,742 - INFO - Epoch 102/150 train_loss=1.9165221500396727
2026-10-06 19:20:04,409 - INFO - Epoch 103/150 train_loss=1.9131164264678955
2026-10-06 19:20:04,464 - INFO - Best train loss=1.9131164264678955; saved /home/wlia0047/ar57/wenyu/GeneRec/results/stage3_T5Train/curvature_RQ-VAE_iter94/ckpt/Amazon_2023_Instruments/Oct-06-2026_18-59-58/HG_Rec_best.pth
2026-10-06 19:20:16,074 - INFO - Epoch 104/150 train_loss=1.9116913414001464
2026-10-06 19:20:16,110 - INFO - Best train loss=1.9116913414001464; saved /home/wlia0047/ar57/wenyu/GeneRec/results/stage3_T5Train/curvature_RQ-VAE_iter94/ckpt/Amazon_2023_Instruments/Oct-06-2026_18-59-58/HG_Rec_best.pth
2026-10-06 19:20:27,879 - INFO - Epoch 105/150 train_loss=1.9109770631790162
2026-10-06 19:20:27,924 - INFO - Best train loss=1.9109770631790162; saved /home/wlia0047/ar57/wenyu/GeneRec/results/stage3_T5Train/curvature_RQ-VAE_iter94/ckpt/Amazon_2023_Instruments/Oct-06-2026_18-59-58/HG_Rec_best.pth
2026-10-06 19:20:39,535 - INFO - Epoch 106/150 train_loss=1.9067236614227294
2026-10-06 19:20:39,571 - INFO - Best train loss=1.9067236614227294; saved /home/wlia0047/ar57/wenyu/GeneRec/results/stage3_T5Train/curvature_RQ-VAE_iter94/ckpt/Amazon_2023_Instruments/Oct-06-2026_18-59-58/HG_Rec_best.pth
2026-10-06 19:20:51,235 - INFO - Epoch 107/150 train_loss=1.9077688550949097
2026-10-06 19:21:02,842 - INFO - Epoch 108/150 train_loss=1.9064510345458985
2026-10-06 19:21:02,881 - INFO - Best train loss=1.9064510345458985; saved /home/wlia0047/ar57/wenyu/GeneRec/results/stage3_T5Train/curvature_RQ-VAE_iter94/ckpt/Amazon_2023_Instruments/Oct-06-2026_18-59-58/HG_Rec_best.pth
2026-10-06 19:21:14,492 - INFO - Epoch 109/150 train_loss=1.8997223377227783
2026-10-06 19:21:14,544 - INFO - Best train loss=1.8997223377227783; saved /home/wlia0047/ar57/wenyu/GeneRec/results/stage3_T5Train/curvature_RQ-VAE_iter94/ckpt/Amazon_2023_Instruments/Oct-06-2026_18-59-58/HG_Rec_best.pth
2026-10-06 19:21:26,154 - INFO - Epoch 110/150 train_loss=1.89876211643219
2026-10-06 19:21:26,189 - INFO - Best train loss=1.89876211643219; saved /home/wlia0047/ar57/wenyu/GeneRec/results/stage3_T5Train/curvature_RQ-VAE_iter94/ckpt/Amazon_2023_Instruments/Oct-06-2026_18-59-58/HG_Rec_best.pth
2026-10-06 19:21:37,797 - INFO - Epoch 111/150 train_loss=1.8993365383148193
2026-10-06 19:21:49,407 - INFO - Epoch 112/150 train_loss=1.8946207761764526
2026-10-06 19:21:49,451 - INFO - Best train loss=1.8946207761764526; saved /home/wlia0047/ar57/wenyu/GeneRec/results/stage3_T5Train/curvature_RQ-VAE_iter94/ckpt/Amazon_2023_Instruments/Oct-06-2026_18-59-58/HG_Rec_best.pth
2026-10-06 19:22:01,062 - INFO - Epoch 113/150 train_loss=1.8938714027404786
2026-10-06 19:22:01,098 - INFO - Best train loss=1.8938714027404786; saved /home/wlia0047/ar57/wenyu/GeneRec/results/stage3_T5Train/curvature_RQ-VAE_iter94/ckpt/Amazon_2023_Instruments/Oct-06-2026_18-59-58/HG_Rec_best.pth
2026-10-06 19:22:12,711 - INFO - Epoch 114/150 train_loss=1.8911889123916625
2026-10-06 19:22:12,747 - INFO - Best train loss=1.8911889123916625; saved /home/wlia0047/ar57/wenyu/GeneRec/results/stage3_T5Train/curvature_RQ-VAE_iter94/ckpt/Amazon_2023_Instruments/Oct-06-2026_18-59-58/HG_Rec_best.pth
2026-10-06 19:22:24,355 - INFO - Epoch 115/150 train_loss=1.8938131904602051
2026-10-06 19:22:35,966 - INFO - Epoch 116/150 train_loss=1.8895736742019653
2026-10-06 19:22:36,001 - INFO - Best train loss=1.8895736742019653; saved /home/wlia0047/ar57/wenyu/GeneRec/results/stage3_T5Train/curvature_RQ-VAE_iter94/ckpt/Amazon_2023_Instruments/Oct-06-2026_18-59-58/HG_Rec_best.pth
2026-10-06 19:22:49,423 - INFO - Epoch 117/150 train_loss=1.8876335382461549
2026-10-06 19:22:49,458 - INFO - Best train loss=1.8876335382461549; saved /home/wlia0047/ar57/wenyu/GeneRec/results/stage3_T5Train/curvature_RQ-VAE_iter94/ckpt/Amazon_2023_Instruments/Oct-06-2026_18-59-58/HG_Rec_best.pth
2026-10-06 19:23:01,083 - INFO - Epoch 118/150 train_loss=1.8856431484222411
2026-10-06 19:23:01,119 - INFO - Best train loss=1.8856431484222411; saved /home/wlia0047/ar57/wenyu/GeneRec/results/stage3_T5Train/curvature_RQ-VAE_iter94/ckpt/Amazon_2023_Instruments/Oct-06-2026_18-59-58/HG_Rec_best.pth
2026-10-06 19:23:12,729 - INFO - Epoch 119/150 train_loss=1.8856113529205323
2026-10-06 19:23:12,764 - INFO - Best train loss=1.8856113529205323; saved /home/wlia0047/ar57/wenyu/GeneRec/results/stage3_T5Train/curvature_RQ-VAE_iter94/ckpt/Amazon_2023_Instruments/Oct-06-2026_18-59-58/HG_Rec_best.pth
2026-10-06 19:23:24,375 - INFO - Epoch 120/150 train_loss=1.8787698221206666
2026-10-06 19:23:24,410 - INFO - Best train loss=1.8787698221206666; saved /home/wlia0047/ar57/wenyu/GeneRec/results/stage3_T5Train/curvature_RQ-VAE_iter94/ckpt/Amazon_2023_Instruments/Oct-06-2026_18-59-58/HG_Rec_best.pth
2026-10-06 19:23:36,022 - INFO - Epoch 121/150 train_loss=1.8808730840682983
2026-10-06 19:23:47,633 - INFO - Epoch 122/150 train_loss=1.8784402179718018
2026-10-06 19:23:47,671 - INFO - Best train loss=1.8784402179718018; saved /home/wlia0047/ar57/wenyu/GeneRec/results/stage3_T5Train/curvature_RQ-VAE_iter94/ckpt/Amazon_2023_Instruments/Oct-06-2026_18-59-58/HG_Rec_best.pth
2026-10-06 19:23:59,277 - INFO - Epoch 123/150 train_loss=1.876590747833252
2026-10-06 19:23:59,312 - INFO - Best train loss=1.876590747833252; saved /home/wlia0047/ar57/wenyu/GeneRec/results/stage3_T5Train/curvature_RQ-VAE_iter94/ckpt/Amazon_2023_Instruments/Oct-06-2026_18-59-58/HG_Rec_best.pth
2026-10-06 19:24:10,926 - INFO - Epoch 124/150 train_loss=1.8763704109191894
2026-10-06 19:24:10,961 - INFO - Best train loss=1.8763704109191894; saved /home/wlia0047/ar57/wenyu/GeneRec/results/stage3_T5Train/curvature_RQ-VAE_iter94/ckpt/Amazon_2023_Instruments/Oct-06-2026_18-59-58/HG_Rec_best.pth
2026-10-06 19:24:22,573 - INFO - Epoch 125/150 train_loss=1.8745021104812623
2026-10-06 19:24:22,609 - INFO - Best train loss=1.8745021104812623; saved /home/wlia0047/ar57/wenyu/GeneRec/results/stage3_T5Train/curvature_RQ-VAE_iter94/ckpt/Amazon_2023_Instruments/Oct-06-2026_18-59-58/HG_Rec_best.pth
2026-10-06 19:24:34,221 - INFO - Epoch 126/150 train_loss=1.8722951221466064
2026-10-06 19:24:34,259 - INFO - Best train loss=1.8722951221466064; saved /home/wlia0047/ar57/wenyu/GeneRec/results/stage3_T5Train/curvature_RQ-VAE_iter94/ckpt/Amazon_2023_Instruments/Oct-06-2026_18-59-58/HG_Rec_best.pth
2026-10-06 19:24:45,882 - INFO - Epoch 127/150 train_loss=1.8709564113616943
2026-10-06 19:24:45,918 - INFO - Best train loss=1.8709564113616943; saved /home/wlia0047/ar57/wenyu/GeneRec/results/stage3_T5Train/curvature_RQ-VAE_iter94/ckpt/Amazon_2023_Instruments/Oct-06-2026_18-59-58/HG_Rec_best.pth
2026-10-06 19:24:57,530 - INFO - Epoch 128/150 train_loss=1.8748866319656372
2026-10-06 19:25:09,143 - INFO - Epoch 129/150 train_loss=1.8689002943038941
2026-10-06 19:25:09,180 - INFO - Best train loss=1.8689002943038941; saved /home/wlia0047/ar57/wenyu/GeneRec/results/stage3_T5Train/curvature_RQ-VAE_iter94/ckpt/Amazon_2023_Instruments/Oct-06-2026_18-59-58/HG_Rec_best.pth
2026-10-06 19:25:20,783 - INFO - Epoch 130/150 train_loss=1.8692086791992188
2026-10-06 19:25:32,395 - INFO - Epoch 131/150 train_loss=1.86697190284729
2026-10-06 19:25:32,430 - INFO - Best train loss=1.86697190284729; saved /home/wlia0047/ar57/wenyu/GeneRec/results/stage3_T5Train/curvature_RQ-VAE_iter94/ckpt/Amazon_2023_Instruments/Oct-06-2026_18-59-58/HG_Rec_best.pth
2026-10-06 19:25:44,034 - INFO - Epoch 132/150 train_loss=1.8655974102020263
2026-10-06 19:25:44,070 - INFO - Best train loss=1.8655974102020263; saved /home/wlia0047/ar57/wenyu/GeneRec/results/stage3_T5Train/curvature_RQ-VAE_iter94/ckpt/Amazon_2023_Instruments/Oct-06-2026_18-59-58/HG_Rec_best.pth
2026-10-06 19:25:55,675 - INFO - Epoch 133/150 train_loss=1.8667335748672484
2026-10-06 19:26:07,284 - INFO - Epoch 134/150 train_loss=1.8634996938705444
2026-10-06 19:26:07,323 - INFO - Best train loss=1.8634996938705444; saved /home/wlia0047/ar57/wenyu/GeneRec/results/stage3_T5Train/curvature_RQ-VAE_iter94/ckpt/Amazon_2023_Instruments/Oct-06-2026_18-59-58/HG_Rec_best.pth
2026-10-06 19:26:18,930 - INFO - Epoch 135/150 train_loss=1.861018443107605
2026-10-06 19:26:18,965 - INFO - Best train loss=1.861018443107605; saved /home/wlia0047/ar57/wenyu/GeneRec/results/stage3_T5Train/curvature_RQ-VAE_iter94/ckpt/Amazon_2023_Instruments/Oct-06-2026_18-59-58/HG_Rec_best.pth
2026-10-06 19:26:30,575 - INFO - Epoch 136/150 train_loss=1.8647322273254394
2026-10-06 19:26:42,189 - INFO - Epoch 137/150 train_loss=1.86230872631073
2026-10-06 19:26:53,803 - INFO - Epoch 138/150 train_loss=1.8617570734024047
2026-10-06 19:27:05,410 - INFO - Epoch 139/150 train_loss=1.8579791736602784
2026-10-06 19:27:05,450 - INFO - Best train loss=1.8579791736602784; saved /home/wlia0047/ar57/wenyu/GeneRec/results/stage3_T5Train/curvature_RQ-VAE_iter94/ckpt/Amazon_2023_Instruments/Oct-06-2026_18-59-58/HG_Rec_best.pth
2026-10-06 19:27:17,060 - INFO - Epoch 140/150 train_loss=1.8576031827926636
2026-10-06 19:27:17,095 - INFO - Best train loss=1.8576031827926636; saved /home/wlia0047/ar57/wenyu/GeneRec/results/stage3_T5Train/curvature_RQ-VAE_iter94/ckpt/Amazon_2023_Instruments/Oct-06-2026_18-59-58/HG_Rec_best.pth
2026-10-06 19:27:28,707 - INFO - Epoch 141/150 train_loss=1.8605024766921998
2026-10-06 19:27:40,317 - INFO - Epoch 142/150 train_loss=1.859725513458252
2026-10-06 19:27:51,929 - INFO - Epoch 143/150 train_loss=1.8548663473129272
2026-10-06 19:27:51,965 - INFO - Best train loss=1.8548663473129272; saved /home/wlia0047/ar57/wenyu/GeneRec/results/stage3_T5Train/curvature_RQ-VAE_iter94/ckpt/Amazon_2023_Instruments/Oct-06-2026_18-59-58/HG_Rec_best.pth
2026-10-06 19:28:03,576 - INFO - Epoch 144/150 train_loss=1.8544511270523072
2026-10-06 19:28:03,611 - INFO - Best train loss=1.8544511270523072; saved /home/wlia0047/ar57/wenyu/GeneRec/results/stage3_T5Train/curvature_RQ-VAE_iter94/ckpt/Amazon_2023_Instruments/Oct-06-2026_18-59-58/HG_Rec_best.pth
2026-10-06 19:28:15,214 - INFO - Epoch 145/150 train_loss=1.854049367904663
2026-10-06 19:28:15,250 - INFO - Best train loss=1.854049367904663; saved /home/wlia0047/ar57/wenyu/GeneRec/results/stage3_T5Train/curvature_RQ-VAE_iter94/ckpt/Amazon_2023_Instruments/Oct-06-2026_18-59-58/HG_Rec_best.pth
2026-10-06 19:28:26,859 - INFO - Epoch 146/150 train_loss=1.8529358005523682
2026-10-06 19:28:26,895 - INFO - Best train loss=1.8529358005523682; saved /home/wlia0047/ar57/wenyu/GeneRec/results/stage3_T5Train/curvature_RQ-VAE_iter94/ckpt/Amazon_2023_Instruments/Oct-06-2026_18-59-58/HG_Rec_best.pth
2026-10-06 19:28:38,505 - INFO - Epoch 147/150 train_loss=1.851259970664978
2026-10-06 19:28:38,540 - INFO - Best train loss=1.851259970664978; saved /home/wlia0047/ar57/wenyu/GeneRec/results/stage3_T5Train/curvature_RQ-VAE_iter94/ckpt/Amazon_2023_Instruments/Oct-06-2026_18-59-58/HG_Rec_best.pth
2026-10-06 19:28:50,150 - INFO - Epoch 148/150 train_loss=1.851319556236267
2026-10-06 19:29:01,759 - INFO - Epoch 149/150 train_loss=1.8497361707687379
2026-10-06 19:29:01,798 - INFO - Best train loss=1.8497361707687379; saved /home/wlia0047/ar57/wenyu/GeneRec/results/stage3_T5Train/curvature_RQ-VAE_iter94/ckpt/Amazon_2023_Instruments/Oct-06-2026_18-59-58/HG_Rec_best.pth
2026-10-06 19:29:13,466 - INFO - Epoch 150/150 train_loss=1.8489425039291383
2026-10-06 19:29:13,517 - INFO - Best train loss=1.8489425039291383; saved /home/wlia0047/ar57/wenyu/GeneRec/results/stage3_T5Train/curvature_RQ-VAE_iter94/ckpt/Amazon_2023_Instruments/Oct-06-2026_18-59-58/HG_Rec_best.pth
2026-10-06 19:31:22,652 - INFO - Test={'best_checkpoint': '/home/wlia0047/ar57/wenyu/GeneRec/results/stage3_T5Train/curvature_RQ-VAE_iter94/ckpt/Amazon_2023_Instruments/Oct-06-2026_18-59-58/HG_Rec_best.pth', 'n_eval': 57439, 'test_recall@5': 0.0375180626403663, 'test_recall@10': 0.057643761207541916, 'test_ndcg@5': 0.02515843249147591, 'test_ndcg@10': 0.03164510007457232}
