W0925 14:01:13.049939 2825675 /fs04/scratch2/ar57/wenyu/genrec_env_v2/lib/python3.9/site-packages/torch/distributed/run.py:774] 
W0925 14:01:13.049939 2825675 /fs04/scratch2/ar57/wenyu/genrec_env_v2/lib/python3.9/site-packages/torch/distributed/run.py:774] *****************************************
W0925 14:01:13.049939 2825675 /fs04/scratch2/ar57/wenyu/genrec_env_v2/lib/python3.9/site-packages/torch/distributed/run.py:774] Setting OMP_NUM_THREADS environment variable for each process to be 1 in default, to avoid your system being overloaded, please further tune the variable for optimal performance in your application as needed. 
W0925 14:01:13.049939 2825675 /fs04/scratch2/ar57/wenyu/genrec_env_v2/lib/python3.9/site-packages/torch/distributed/run.py:774] *****************************************
[Step3] DDP rank=0/4 local_rank=0
[Step0] cleaned 2 stale artifact(s) from /home/wlia0047/ar57/wenyu/GeneRec/results/stage2_RQ-VAE/curvature_RQ-VAE_iter12/out/rqvae/instruments
=== RQ-VAE Step1-Step12 训练循环 (world_size=4) ===
[Step1] emb: /home/wlia0047/ar57/wenyu/GeneRec/stage1_GeneEmbedding/output/sentence_t5.npy
[Step1] out: /home/wlia0047/ar57/wenyu/GeneRec/results/stage2_RQ-VAE/curvature_RQ-VAE_iter12/out/rqvae/instruments
[Step1] per-GPU batch=640 | total=2560 | workers=4 | compile=False
[Step1] hidden=[512, 256, 128] embed=32 codebook=256 layers=3
[Step1] target: MAX_GLOBAL_STEPS=100000 | ckpt every 10000
[Step2] loaded /home/wlia0047/ar57/wenyu/GeneRec/stage1_GeneEmbedding/output/sentence_t5.npy: shape=(24587, 768), train transitions=339519, active sources=24474/24587
[Step4] WARN: 未找到 /home/wlia0047/ar57/wenyu/GeneRec/results/stage2_RQ-VAE/curvature_RQ-VAE_iter12/out/decoder/instruments_hgrec_configs/hgrec_iter12_behavior_branching_per_layer_curvature/layer_norms.json, 使用 iter1 已记录的残差尺度 [0.001, 0.932889, 1.0]
[Step4] WARN: 未找到 /home/wlia0047/ar57/wenyu/GeneRec/results/stage2_RQ-VAE/curvature_RQ-VAE_iter12/out/decoder/instruments_hgrec_configs/hgrec_iter12_behavior_branching_per_layer_curvature/layer_norms.json, 使用 iter1 已记录的残差尺度 [0.001, 0.932889, 1.0]
[Step2] 24587 items | 9 batches/rank | 36 batches/epoch
[Step4] WARN: 未找到 /home/wlia0047/ar57/wenyu/GeneRec/results/stage2_RQ-VAE/curvature_RQ-VAE_iter12/out/decoder/instruments_hgrec_configs/hgrec_iter12_behavior_branching_per_layer_curvature/layer_norms.json, 使用 iter1 已记录的残差尺度 [0.001, 0.932889, 1.0]
[Step3.5] residual_layer_norms (per-layer u_l) = [0.0010/0.9329/1.0000] | behavior_branch_mid (per-layer B_l warp) = [2.0000/0.5000/0.5000] | mechanism=iter12_behavior_branching_per_layer_curvature
[Step4] WARN: 未找到 /home/wlia0047/ar57/wenyu/GeneRec/results/stage2_RQ-VAE/curvature_RQ-VAE_iter12/out/decoder/instruments_hgrec_configs/hgrec_iter12_behavior_branching_per_layer_curvature/layer_norms.json, 使用 iter1 已记录的残差尺度 [0.001, 0.932889, 1.0]
[Step4] iter12 warm-start loaded 11 tensors from /home/wlia0047/ar57/wenyu/GeneRec/results/stage2_RQ-VAE/curvature_RQ-VAE_iter8/out/rqvae/instruments/rqvae_best.pth; c_layer_scale re-initialized in (0.001, 0.933, 1.0) for new range; period=50_000
[Step4] params=1146883 | DDP wrapped
[Step5] optimizer covers 1 group(s)
[train] start, target=100000 global steps (Step1-Step12 loop)
[Step6] first transition batch ok x=(640, 768) x_fut=(640, 768) device=cuda:0
[Step7] first forward ok sem_ids.shape=(1280, 3)
[Step8] first loss ok loss=2.6216 rl=1.2488 vl=0.1113 behavior=6.3074 curvature_reg=0.000000
[Step9] first backward ok params_with_grad=14
[Step10] first optimizer.step ok
[Step11] first curvature sync step=4 c=[0.100/0.122/0.137]
  step    276/100000 | loss=3.2079 | rl=1.3564 | vl=0.5134 | behavior=6.6910 | curv_reg=0.002837 | codes=251/255/255/256 | c=0.103/0.112/0.126 | ips_g=55.1 ips/rk=13.8 | elapsed=5.0s | eta=1810.6s
  step    696/100000 | loss=3.0218 | rl=1.3116 | vl=0.4050 | behavior=6.5255 | curv_reg=0.014087 | codes=250/253/256/256 | c=0.108/0.103/0.115 | ips_g=69.3 ips/rk=17.3 | elapsed=10.0s | eta=1432.5s
  step   1116/100000 | loss=3.0080 | rl=1.2938 | vl=0.4154 | behavior=6.4930 | curv_reg=0.029157 | codes=253/255/254/256 | c=0.113/0.097/0.107 | ips_g=74.0 ips/rk=18.5 | elapsed=15.1s | eta=1335.8s
  step   1528/100000 | loss=3.0114 | rl=1.2948 | vl=0.4157 | behavior=6.5034 | curv_reg=0.045470 | codes=256/255/255/256 | c=0.118/0.093/0.102 | ips_g=76.1 ips/rk=19.0 | elapsed=20.1s | eta=1294.3s
  step   1936/100000 | loss=2.9393 | rl=1.2695 | vl=0.3586 | behavior=6.5545 | curv_reg=0.062237 | codes=255/253/254/256 | c=0.123/0.091/0.099 | ips_g=77.1 ips/rk=19.3 | elapsed=25.1s | eta=1271.5s
  step   2356/100000 | loss=3.0077 | rl=1.2948 | vl=0.4047 | behavior=6.5393 | curv_reg=0.079342 | codes=256/255/255/256 | c=0.129/0.089/0.096 | ips_g=78.2 ips/rk=19.5 | elapsed=30.1s | eta=1249.0s
  step   2776/100000 | loss=2.9066 | rl=1.2754 | vl=0.3542 | behavior=6.3823 | curv_reg=0.094080 | codes=255/256/251/256 | c=0.134/0.089/0.095 | ips_g=79.0 ips/rk=19.7 | elapsed=35.1s | eta=1230.8s
  step   3204/100000 | loss=3.0255 | rl=1.3276 | vl=0.4007 | behavior=6.4833 | curv_reg=0.109167 | codes=256/254/256/256 | c=0.141/0.089/0.094 | ips_g=79.7 ips/rk=19.9 | elapsed=40.2s | eta=1213.9s
  step   3616/100000 | loss=2.9885 | rl=1.3236 | vl=0.3862 | behavior=6.3906 | curv_reg=0.125690 | codes=256/256/256/256 | c=0.147/0.089/0.092 | ips_g=80.0 ips/rk=20.0 | elapsed=45.2s | eta=1205.2s
  step   4036/100000 | loss=2.9483 | rl=1.2881 | vl=0.3667 | behavior=6.4640 | curv_reg=0.137993 | codes=255/256/254/256 | c=0.153/0.090/0.093 | ips_g=80.3 ips/rk=20.1 | elapsed=50.3s | eta=1195.3s
  step   4456/100000 | loss=3.0141 | rl=1.3012 | vl=0.4214 | behavior=6.4537 | curv_reg=0.149507 | codes=256/256/256/256 | c=0.160/0.091/0.094 | ips_g=80.6 ips/rk=20.1 | elapsed=55.3s | eta=1185.8s
  step   4880/100000 | loss=2.9214 | rl=1.2873 | vl=0.3503 | behavior=6.4147 | curv_reg=0.159205 | codes=256/255/254/256 | c=0.167/0.093/0.095 | ips_g=80.9 ips/rk=20.2 | elapsed=60.3s | eta=1175.9s
  step   5308/100000 | loss=2.8798 | rl=1.2628 | vl=0.3396 | behavior=6.3830 | curv_reg=0.168411 | codes=256/255/255/256 | c=0.175/0.095/0.097 | ips_g=81.2 ips/rk=20.3 | elapsed=65.3s | eta=1165.5s
  step   5732/100000 | loss=2.9901 | rl=1.3125 | vl=0.3739 | behavior=6.5138 | curv_reg=0.183266 | codes=255/256/256/256 | c=0.182/0.097/0.096 | ips_g=81.5 ips/rk=20.4 | elapsed=70.4s | eta=1157.1s
  step   6156/100000 | loss=2.9653 | rl=1.3033 | vl=0.3831 | behavior=6.3893 | curv_reg=0.202125 | codes=256/255/256/256 | c=0.190/0.097/0.096 | ips_g=81.7 ips/rk=20.4 | elapsed=75.4s | eta=1149.3s
  step   6556/100000 | loss=2.9676 | rl=1.3104 | vl=0.3791 | behavior=6.3851 | curv_reg=0.220229 | codes=254/255/255/256 | c=0.198/0.098/0.095 | ips_g=81.5 ips/rk=20.4 | elapsed=80.4s | eta=1146.0s
  step   6940/100000 | loss=2.8519 | rl=1.2699 | vl=0.3266 | behavior=6.2709 | curv_reg=0.235796 | codes=255/255/255/256 | c=0.205/0.098/0.095 | ips_g=81.2 ips/rk=20.3 | elapsed=85.4s | eta=1145.4s
  step   7324/100000 | loss=2.9704 | rl=1.3033 | vl=0.3724 | behavior=6.4672 | curv_reg=0.249422 | codes=256/256/256/256 | c=0.213/0.099/0.096 | ips_g=81.0 ips/rk=20.2 | elapsed=90.4s | eta=1144.4s
  step   7716/100000 | loss=3.0046 | rl=1.3200 | vl=0.3927 | behavior=6.4527 | curv_reg=0.267556 | codes=256/256/256/256 | c=0.221/0.100/0.096 | ips_g=80.8 ips/rk=20.2 | elapsed=95.5s | eta=1141.8s
  step   8108/100000 | loss=3.0032 | rl=1.3266 | vl=0.3916 | behavior=6.4178 | curv_reg=0.291064 | codes=255/254/254/256 | c=0.229/0.100/0.094 | ips_g=80.7 ips/rk=20.2 | elapsed=100.5s | eta=1139.0s
  step   8500/100000 | loss=3.0262 | rl=1.3234 | vl=0.4174 | behavior=6.4195 | curv_reg=0.299783 | codes=256/254/255/256 | c=0.238/0.100/0.097 | ips_g=80.6 ips/rk=20.1 | elapsed=105.5s | eta=1135.7s
  step   8888/100000 | loss=2.9974 | rl=1.3135 | vl=0.3763 | behavior=6.5302 | curv_reg=0.311807 | codes=256/254/255/256 | c=0.246/0.102/0.098 | ips_g=80.4 ips/rk=20.1 | elapsed=110.5s | eta=1132.8s
  step   9280/100000 | loss=3.0463 | rl=1.3093 | vl=0.4169 | behavior=6.5924 | curv_reg=0.330497 | codes=256/256/256/256 | c=0.255/0.102/0.098 | ips_g=80.3 ips/rk=20.1 | elapsed=115.5s | eta=1129.3s
  step   9668/100000 | loss=3.0343 | rl=1.3338 | vl=0.4100 | behavior=6.4433 | curv_reg=0.352334 | codes=256/256/255/256 | c=0.264/0.101/0.097 | ips_g=80.2 ips/rk=20.1 | elapsed=120.5s | eta=1126.3s
[Step12] saved /home/wlia0047/ar57/wenyu/GeneRec/results/stage2_RQ-VAE/curvature_RQ-VAE_iter12/out/rqvae/instruments/rqvae_best.pth (step=10000)
  [SID save step=10000] wrote raw 3-token SIDs /home/wlia0047/ar57/wenyu/GeneRec/results/stage2_RQ-VAE/curvature_RQ-VAE_iter12/out/rqvae/instruments/sids_raw.npy: shape=(24587, 3)
  [SID metrics step=10000] hitrate@50=0.9969 full_gini=0.0561 per_layer=[0.1395/0.1714/0.1504] unique=23154/24587 l01_pairs=14915 H_l1_given_l0=5.5849
  step  10004/100000 | loss=2.9994 | rl=1.3288 | vl=0.3768 | behavior=6.4596 | curv_reg=0.380103 | codes=255/254/255/256 | c=0.272/0.102/0.094 | ips_g=73.2 ips/rk=18.3 | elapsed=136.7s | eta=1229.9s
  step  10416/100000 | loss=3.0724 | rl=1.3321 | vl=0.4292 | behavior=6.5453 | curv_reg=0.405143 | codes=256/256/255/256 | c=0.282/0.103/0.092 | ips_g=73.5 ips/rk=18.4 | elapsed=141.7s | eta=1219.0s
  step  10840/100000 | loss=3.0938 | rl=1.3441 | vl=0.4483 | behavior=6.4966 | curv_reg=0.426040 | codes=255/255/256/256 | c=0.292/0.104/0.092 | ips_g=73.8 ips/rk=18.4 | elapsed=146.9s | eta=1208.1s
  step  11240/100000 | loss=3.0375 | rl=1.3369 | vl=0.3893 | behavior=6.5453 | curv_reg=0.443748 | codes=256/256/254/256 | c=0.302/0.104/0.092 | ips_g=74.0 ips/rk=18.5 | elapsed=151.9s | eta=1199.7s
  step  11656/100000 | loss=3.1052 | rl=1.3368 | vl=0.4524 | behavior=6.5681 | curv_reg=0.475917 | codes=256/256/254/256 | c=0.312/0.104/0.089 | ips_g=74.3 ips/rk=18.6 | elapsed=157.0s | eta=1189.6s
  step  12068/100000 | loss=3.0985 | rl=1.3734 | vl=0.4262 | behavior=6.4821 | curv_reg=0.501321 | codes=256/255/255/256 | c=0.322/0.104/0.088 | ips_g=74.5 ips/rk=18.6 | elapsed=162.0s | eta=1180.2s
  step  12468/100000 | loss=3.0937 | rl=1.3522 | vl=0.4184 | behavior=6.6031 | curv_reg=0.503845 | codes=256/255/256/256 | c=0.332/0.106/0.091 | ips_g=74.7 ips/rk=18.7 | elapsed=167.0s | eta=1172.3s
  step  12896/100000 | loss=2.9779 | rl=1.3334 | vl=0.3669 | behavior=6.3752 | curv_reg=0.517381 | codes=255/253/252/256 | c=0.343/0.108/0.092 | ips_g=75.0 ips/rk=18.7 | elapsed=172.0s | eta=1161.8s
  step  13316/100000 | loss=3.0678 | rl=1.3635 | vl=0.3987 | behavior=6.5138 | curv_reg=0.559264 | codes=256/255/253/256 | c=0.354/0.106/0.088 | ips_g=75.2 ips/rk=18.8 | elapsed=177.0s | eta=1152.5s
  step  13728/100000 | loss=3.1542 | rl=1.3886 | vl=0.4586 | behavior=6.5205 | curv_reg=0.574962 | codes=256/255/256/256 | c=0.364/0.104/0.091 | ips_g=75.4 ips/rk=18.9 | elapsed=182.0s | eta=1144.0s
  step  14152/100000 | loss=3.0754 | rl=1.3741 | vl=0.4121 | behavior=6.4317 | curv_reg=0.584449 | codes=256/254/252/256 | c=0.375/0.105/0.094 | ips_g=75.6 ips/rk=18.9 | elapsed=187.1s | eta=1134.8s
  step  14572/100000 | loss=3.1185 | rl=1.3734 | vl=0.4351 | behavior=6.5353 | curv_reg=0.597987 | codes=256/255/254/256 | c=0.385/0.103/0.096 | ips_g=75.9 ips/rk=19.0 | elapsed=192.1s | eta=1126.2s
  step  14988/100000 | loss=3.1668 | rl=1.3889 | vl=0.4468 | behavior=6.6403 | curv_reg=0.606494 | codes=256/254/256/256 | c=0.396/0.104/0.099 | ips_g=76.0 ips/rk=19.0 | elapsed=197.1s | eta=1118.0s
  step  15400/100000 | loss=3.0741 | rl=1.3597 | vl=0.3999 | behavior=6.5573 | curv_reg=0.608971 | codes=256/256/254/256 | c=0.406/0.106/0.101 | ips_g=76.2 ips/rk=19.0 | elapsed=202.1s | eta=1110.5s
  step  15784/100000 | loss=3.0801 | rl=1.3814 | vl=0.4018 | behavior=6.4692 | curv_reg=0.623299 | codes=256/252/254/256 | c=0.415/0.104/0.104 | ips_g=76.2 ips/rk=19.0 | elapsed=207.2s | eta=1105.4s
  step  16184/100000 | loss=3.1650 | rl=1.4038 | vl=0.4600 | behavior=6.4905 | curv_reg=0.623299 | codes=256/255/254/256 | c=0.425/0.106/0.106 | ips_g=76.3 ips/rk=19.1 | elapsed=212.2s | eta=1099.0s
  step  16600/100000 | loss=3.1053 | rl=1.3725 | vl=0.4338 | behavior=6.4795 | curv_reg=0.623299 | codes=256/253/256/256 | c=0.435/0.109/0.109 | ips_g=76.4 ips/rk=19.1 | elapsed=217.2s | eta=1091.5s
  step  17024/100000 | loss=3.1001 | rl=1.3780 | vl=0.4376 | behavior=6.4071 | curv_reg=0.623299 | codes=256/253/254/256 | c=0.444/0.111/0.111 | ips_g=76.6 ips/rk=19.1 | elapsed=222.3s | eta=1083.4s
  step  17428/100000 | loss=3.2624 | rl=1.4327 | vl=0.5317 | behavior=6.4743 | curv_reg=0.623299 | codes=256/252/254/256 | c=0.454/0.113/0.113 | ips_g=76.7 ips/rk=19.2 | elapsed=227.3s | eta=1076.9s
  step  17832/100000 | loss=3.1927 | rl=1.4148 | vl=0.4761 | behavior=6.4934 | curv_reg=0.623299 | codes=256/256/255/256 | c=0.462/0.116/0.116 | ips_g=76.8 ips/rk=19.2 | elapsed=232.3s | eta=1070.5s
  step  18256/100000 | loss=3.2468 | rl=1.4334 | vl=0.5156 | behavior=6.4734 | curv_reg=0.623299 | codes=256/256/255/256 | c=0.471/0.118/0.118 | ips_g=76.9 ips/rk=19.2 | elapsed=237.4s | eta=1062.9s
  step  18688/100000 | loss=3.2511 | rl=1.4231 | vl=0.5220 | behavior=6.5145 | curv_reg=0.623299 | codes=256/256/255/256 | c=0.480/0.120/0.120 | ips_g=77.1 ips/rk=19.3 | elapsed=242.4s | eta=1054.8s
  step  19112/100000 | loss=3.1998 | rl=1.4335 | vl=0.4372 | behavior=6.6297 | curv_reg=0.623299 | codes=256/253/256/256 | c=0.488/0.122/0.122 | ips_g=77.2 ips/rk=19.3 | elapsed=247.5s | eta=1047.3s
  step  19524/100000 | loss=3.3064 | rl=1.4411 | vl=0.5627 | behavior=6.4977 | curv_reg=0.623299 | codes=256/256/255/256 | c=0.496/0.124/0.124 | ips_g=77.3 ips/rk=19.3 | elapsed=252.5s | eta=1040.6s
  step  19948/100000 | loss=3.2870 | rl=1.4474 | vl=0.5051 | behavior=6.6567 | curv_reg=0.623299 | codes=256/256/252/256 | c=0.503/0.126/0.126 | ips_g=77.5 ips/rk=19.4 | elapsed=257.5s | eta=1033.4s
[Step12] saved /home/wlia0047/ar57/wenyu/GeneRec/results/stage2_RQ-VAE/curvature_RQ-VAE_iter12/out/rqvae/instruments/rqvae_best.pth (step=20000)
  [SID save step=20000] wrote raw 3-token SIDs /home/wlia0047/ar57/wenyu/GeneRec/results/stage2_RQ-VAE/curvature_RQ-VAE_iter12/out/rqvae/instruments/sids_raw.npy: shape=(24587, 3)
  [SID metrics step=20000] hitrate@50=0.9974 full_gini=0.0526 per_layer=[0.1122/0.2048/0.2233] unique=23241/24587 l01_pairs=14900 H_l1_given_l0=5.5734
  step  20004/100000 | loss=3.3479 | rl=1.4559 | vl=0.5608 | behavior=6.6404 | curv_reg=0.623299 | codes=256/256/255/256 | c=0.504/0.126/0.126 | ips_g=74.1 ips/rk=18.5 | elapsed=270.0s | eta=1079.7s
  step  20428/100000 | loss=3.3292 | rl=1.4579 | vl=0.5568 | behavior=6.5572 | curv_reg=0.623299 | codes=256/255/255/256 | c=0.511/0.128/0.128 | ips_g=74.3 ips/rk=18.6 | elapsed=275.0s | eta=1071.2s
  step  20848/100000 | loss=3.2002 | rl=1.4212 | vl=0.4518 | behavior=6.6204 | curv_reg=0.623299 | codes=256/255/256/256 | c=0.517/0.129/0.129 | ips_g=74.5 ips/rk=18.6 | elapsed=280.0s | eta=1063.1s
  step  21272/100000 | loss=3.3308 | rl=1.4539 | vl=0.5360 | behavior=6.6885 | curv_reg=0.623299 | codes=256/255/255/256 | c=0.523/0.131/0.131 | ips_g=74.6 ips/rk=18.7 | elapsed=285.1s | eta=1055.0s
  step  21696/100000 | loss=3.1932 | rl=1.4267 | vl=0.4644 | behavior=6.4947 | curv_reg=0.623299 | codes=256/256/252/256 | c=0.528/0.132/0.132 | ips_g=74.8 ips/rk=18.7 | elapsed=290.1s | eta=1047.0s
  step  22124/100000 | loss=3.1619 | rl=1.4230 | vl=0.4485 | behavior=6.4368 | curv_reg=0.623299 | codes=256/254/255/256 | c=0.533/0.133/0.133 | ips_g=75.0 ips/rk=18.7 | elapsed=295.1s | eta=1038.8s
  step  22540/100000 | loss=3.4688 | rl=1.4812 | vl=0.6466 | behavior=6.6895 | curv_reg=0.623299 | codes=255/256/256/256 | c=0.537/0.134/0.134 | ips_g=75.1 ips/rk=18.8 | elapsed=300.1s | eta=1031.4s
  step  22964/100000 | loss=3.2769 | rl=1.4321 | vl=0.5125 | behavior=6.6454 | curv_reg=0.623299 | codes=256/256/255/256 | c=0.540/0.135/0.135 | ips_g=75.3 ips/rk=18.8 | elapsed=305.1s | eta=1023.6s
  step  23336/100000 | loss=3.3860 | rl=1.4922 | vl=0.5542 | behavior=6.6823 | curv_reg=0.623299 | codes=256/255/256/256 | c=0.543/0.136/0.136 | ips_g=75.2 ips/rk=18.8 | elapsed=310.2s | eta=1019.0s
  step  23728/100000 | loss=3.2092 | rl=1.4391 | vl=0.4726 | behavior=6.4720 | curv_reg=0.623299 | codes=255/255/255/256 | c=0.545/0.136/0.136 | ips_g=75.3 ips/rk=18.8 | elapsed=315.2s | eta=1013.2s
  step  24124/100000 | loss=3.2866 | rl=1.4317 | vl=0.5369 | behavior=6.5742 | curv_reg=0.623299 | codes=256/255/252/256 | c=0.546/0.137/0.137 | ips_g=75.3 ips/rk=18.8 | elapsed=320.3s | eta=1007.3s
  step  24520/100000 | loss=3.2670 | rl=1.4376 | vl=0.5144 | behavior=6.5596 | curv_reg=0.623299 | codes=256/254/255/256 | c=0.547/0.137/0.137 | ips_g=75.4 ips/rk=18.8 | elapsed=325.3s | eta=1001.5s
  step  24908/100000 | loss=3.3277 | rl=1.4422 | vl=0.5613 | behavior=6.6051 | curv_reg=0.623299 | codes=256/255/254/256 | c=0.548/0.137/0.137 | ips_g=75.4 ips/rk=18.8 | elapsed=330.3s | eta=995.9s
  step  25300/100000 | loss=3.3512 | rl=1.4537 | vl=0.5494 | behavior=6.7252 | curv_reg=0.623299 | codes=256/256/253/256 | c=0.548/0.137/0.137 | ips_g=75.4 ips/rk=18.9 | elapsed=335.4s | eta=990.2s
  step  25680/100000 | loss=3.2700 | rl=1.4572 | vl=0.5166 | behavior=6.4653 | curv_reg=0.623299 | codes=256/255/251/256 | c=0.547/0.137/0.137 | ips_g=75.4 ips/rk=18.9 | elapsed=340.4s | eta=985.0s
  step  26084/100000 | loss=3.2636 | rl=1.4332 | vl=0.5230 | behavior=6.5214 | curv_reg=0.623299 | codes=256/254/254/256 | c=0.546/0.136/0.136 | ips_g=75.5 ips/rk=18.9 | elapsed=345.4s | eta=978.8s
  step  26496/100000 | loss=3.3044 | rl=1.4509 | vl=0.5099 | behavior=6.7023 | curv_reg=0.623299 | codes=256/255/255/256 | c=0.544/0.136/0.136 | ips_g=75.6 ips/rk=18.9 | elapsed=350.4s | eta=972.2s
  step  26892/100000 | loss=3.3055 | rl=1.4498 | vl=0.5024 | behavior=6.7507 | curv_reg=0.623299 | codes=256/256/255/256 | c=0.541/0.135/0.135 | ips_g=75.6 ips/rk=18.9 | elapsed=355.5s | eta=966.4s
  step  27280/100000 | loss=3.3071 | rl=1.4561 | vl=0.5295 | behavior=6.5915 | curv_reg=0.623299 | codes=256/256/256/256 | c=0.538/0.135/0.135 | ips_g=75.7 ips/rk=18.9 | elapsed=360.5s | eta=961.0s
  step  27672/100000 | loss=3.2825 | rl=1.4688 | vl=0.5051 | behavior=6.5269 | curv_reg=0.623299 | codes=256/252/256/256 | c=0.535/0.134/0.134 | ips_g=75.7 ips/rk=18.9 | elapsed=365.5s | eta=955.4s
  step  28084/100000 | loss=3.2458 | rl=1.4290 | vl=0.4837 | behavior=6.6499 | curv_reg=0.623299 | codes=256/256/255/256 | c=0.531/0.133/0.133 | ips_g=75.8 ips/rk=18.9 | elapsed=370.5s | eta=948.9s
  step  28488/100000 | loss=3.2332 | rl=1.4488 | vl=0.4883 | behavior=6.4651 | curv_reg=0.623299 | codes=256/255/255/256 | c=0.526/0.131/0.131 | ips_g=75.9 ips/rk=19.0 | elapsed=375.6s | eta=942.8s
  step  28900/100000 | loss=3.2531 | rl=1.4387 | vl=0.5043 | behavior=6.5348 | curv_reg=0.623299 | codes=256/250/249/256 | c=0.521/0.130/0.130 | ips_g=75.9 ips/rk=19.0 | elapsed=380.6s | eta=936.3s
  step  29304/100000 | loss=3.2679 | rl=1.4371 | vl=0.5223 | behavior=6.5267 | curv_reg=0.623299 | codes=256/256/256/256 | c=0.515/0.129/0.129 | ips_g=76.0 ips/rk=19.0 | elapsed=385.6s | eta=930.3s
  step  29708/100000 | loss=3.2135 | rl=1.4389 | vl=0.4692 | behavior=6.5117 | curv_reg=0.623299 | codes=256/256/255/256 | c=0.509/0.127/0.127 | ips_g=76.1 ips/rk=19.0 | elapsed=390.6s | eta=924.2s
[Step12] saved /home/wlia0047/ar57/wenyu/GeneRec/results/stage2_RQ-VAE/curvature_RQ-VAE_iter12/out/rqvae/instruments/rqvae_best.pth (step=30000)
  [SID save step=30000] wrote raw 3-token SIDs /home/wlia0047/ar57/wenyu/GeneRec/results/stage2_RQ-VAE/curvature_RQ-VAE_iter12/out/rqvae/instruments/sids_raw.npy: shape=(24587, 3)
  [SID metrics step=30000] hitrate@50=0.9971 full_gini=0.0543 per_layer=[0.1038/0.1982/0.1800] unique=23197/24587 l01_pairs=14759 H_l1_given_l0=5.5550
  step  30004/100000 | loss=3.1189 | rl=1.4047 | vl=0.4127 | behavior=6.4920 | curv_reg=0.623299 | codes=256/254/253/256 | c=0.504/0.126/0.126 | ips_g=73.9 ips/rk=18.5 | elapsed=406.2s | eta=947.5s
  step  30388/100000 | loss=3.1589 | rl=1.4106 | vl=0.4336 | behavior=6.5577 | curv_reg=0.623299 | codes=256/253/252/256 | c=0.497/0.124/0.124 | ips_g=73.9 ips/rk=18.5 | elapsed=411.2s | eta=941.9s
  step  30792/100000 | loss=3.2780 | rl=1.4213 | vl=0.5346 | behavior=6.5950 | curv_reg=0.623299 | codes=256/255/256/256 | c=0.490/0.123/0.123 | ips_g=74.0 ips/rk=18.5 | elapsed=416.2s | eta=935.4s
  step  31204/100000 | loss=3.4278 | rl=1.4384 | vl=0.6168 | behavior=6.8471 | curv_reg=0.623299 | codes=256/256/256/256 | c=0.482/0.121/0.121 | ips_g=74.1 ips/rk=18.5 | elapsed=421.2s | eta=928.7s
  step  31612/100000 | loss=3.1934 | rl=1.4134 | vl=0.4578 | behavior=6.5953 | curv_reg=0.623299 | codes=256/254/255/256 | c=0.474/0.119/0.119 | ips_g=74.2 ips/rk=18.5 | elapsed=426.2s | eta=922.1s
  step  32012/100000 | loss=3.2305 | rl=1.4125 | vl=0.4803 | behavior=6.6726 | curv_reg=0.623299 | codes=256/256/256/256 | c=0.466/0.116/0.116 | ips_g=74.2 ips/rk=18.6 | elapsed=431.3s | eta=915.9s
  step  32424/100000 | loss=3.1695 | rl=1.3879 | vl=0.4738 | behavior=6.5231 | curv_reg=0.623299 | codes=256/255/254/256 | c=0.457/0.114/0.114 | ips_g=74.3 ips/rk=18.6 | elapsed=436.3s | eta=909.3s
  step  32828/100000 | loss=3.1343 | rl=1.3914 | vl=0.4453 | behavior=6.4722 | curv_reg=0.623299 | codes=256/255/254/256 | c=0.448/0.112/0.112 | ips_g=74.4 ips/rk=18.6 | elapsed=441.3s | eta=903.0s
  step  33224/100000 | loss=3.1611 | rl=1.4053 | vl=0.4453 | behavior=6.5369 | curv_reg=0.623299 | codes=256/254/254/256 | c=0.439/0.110/0.110 | ips_g=74.4 ips/rk=18.6 | elapsed=446.4s | eta=897.1s
  step  33624/100000 | loss=3.2069 | rl=1.3937 | vl=0.4861 | behavior=6.6203 | curv_reg=0.623299 | codes=256/254/255/256 | c=0.429/0.107/0.107 | ips_g=74.5 ips/rk=18.6 | elapsed=451.4s | eta=891.1s
  step  34020/100000 | loss=3.1427 | rl=1.3817 | vl=0.4383 | behavior=6.5976 | curv_reg=0.623299 | codes=256/252/253/256 | c=0.420/0.105/0.105 | ips_g=74.5 ips/rk=18.6 | elapsed=456.4s | eta=885.2s
  step  34432/100000 | loss=3.2080 | rl=1.4373 | vl=0.4820 | behavior=6.4280 | curv_reg=0.623299 | codes=256/255/254/256 | c=0.410/0.102/0.102 | ips_g=74.6 ips/rk=18.7 | elapsed=461.4s | eta=878.7s
  step  34848/100000 | loss=3.1018 | rl=1.3773 | vl=0.4097 | behavior=6.5586 | curv_reg=0.623299 | codes=256/249/253/256 | c=0.400/0.100/0.100 | ips_g=74.7 ips/rk=18.7 | elapsed=466.5s | eta=872.1s
  step  35264/100000 | loss=3.2184 | rl=1.3831 | vl=0.4888 | behavior=6.7171 | curv_reg=0.623299 | codes=256/256/252/256 | c=0.389/0.097/0.097 | ips_g=74.8 ips/rk=18.7 | elapsed=471.5s | eta=865.6s
  step  35664/100000 | loss=3.1998 | rl=1.3928 | vl=0.4725 | behavior=6.6568 | curv_reg=0.623299 | codes=256/252/253/256 | c=0.379/0.095/0.095 | ips_g=74.8 ips/rk=18.7 | elapsed=476.5s | eta=859.6s
  step  36068/100000 | loss=3.0900 | rl=1.3663 | vl=0.4136 | behavior=6.5350 | curv_reg=0.623299 | codes=256/254/252/256 | c=0.369/0.092/0.092 | ips_g=74.9 ips/rk=18.7 | elapsed=481.6s | eta=853.6s
  step  36472/100000 | loss=3.1177 | rl=1.3600 | vl=0.4282 | behavior=6.6323 | curv_reg=0.623299 | codes=256/250/255/256 | c=0.359/0.090/0.090 | ips_g=74.9 ips/rk=18.7 | elapsed=486.6s | eta=847.6s
  step  36888/100000 | loss=3.2185 | rl=1.4201 | vl=0.4873 | behavior=6.5401 | curv_reg=0.623299 | codes=256/253/255/256 | c=0.348/0.087/0.087 | ips_g=75.0 ips/rk=18.8 | elapsed=491.6s | eta=841.1s
  step  37304/100000 | loss=3.0665 | rl=1.3501 | vl=0.3998 | behavior=6.5674 | curv_reg=0.623299 | codes=256/254/254/256 | c=0.338/0.084/0.084 | ips_g=75.1 ips/rk=18.8 | elapsed=496.7s | eta=834.8s
  step  37720/100000 | loss=3.0326 | rl=1.3601 | vl=0.3863 | behavior=6.4155 | curv_reg=0.623299 | codes=256/253/254/256 | c=0.327/0.082/0.082 | ips_g=75.2 ips/rk=18.8 | elapsed=501.7s | eta=828.4s
  step  38136/100000 | loss=3.0956 | rl=1.3625 | vl=0.4191 | behavior=6.5543 | curv_reg=0.623299 | codes=256/255/255/256 | c=0.317/0.079/0.079 | ips_g=75.3 ips/rk=18.8 | elapsed=506.7s | eta=822.0s
  step  38544/100000 | loss=3.0274 | rl=1.3528 | vl=0.3708 | behavior=6.5032 | curv_reg=0.623299 | codes=256/254/254/256 | c=0.307/0.077/0.077 | ips_g=75.3 ips/rk=18.8 | elapsed=511.8s | eta=816.0s
  step  38960/100000 | loss=3.0645 | rl=1.3526 | vl=0.3983 | behavior=6.5529 | curv_reg=0.623299 | codes=256/252/253/256 | c=0.297/0.074/0.074 | ips_g=75.4 ips/rk=18.8 | elapsed=516.8s | eta=809.7s
  step  39360/100000 | loss=2.9490 | rl=1.3261 | vl=0.3368 | behavior=6.4145 | curv_reg=0.623299 | codes=256/252/255/256 | c=0.287/0.072/0.072 | ips_g=75.4 ips/rk=18.9 | elapsed=521.8s | eta=804.0s
  step  39760/100000 | loss=3.0964 | rl=1.3621 | vl=0.4331 | behavior=6.4903 | curv_reg=0.623299 | codes=256/255/253/256 | c=0.277/0.069/0.069 | ips_g=75.5 ips/rk=18.9 | elapsed=526.8s | eta=798.2s
[Step12] saved /home/wlia0047/ar57/wenyu/GeneRec/results/stage2_RQ-VAE/curvature_RQ-VAE_iter12/out/rqvae/instruments/rqvae_best.pth (step=40000)
  [SID save step=40000] wrote raw 3-token SIDs /home/wlia0047/ar57/wenyu/GeneRec/results/stage2_RQ-VAE/curvature_RQ-VAE_iter12/out/rqvae/instruments/sids_raw.npy: shape=(24587, 3)
  [SID metrics step=40000] hitrate@50=0.9967 full_gini=0.0587 per_layer=[0.1219/0.2195/0.2079] unique=23079/24587 l01_pairs=14786 H_l1_given_l0=5.5665
  step  40004/100000 | loss=2.9535 | rl=1.3209 | vl=0.3428 | behavior=6.4338 | curv_reg=0.623299 | codes=256/254/252/256 | c=0.272/0.068/0.068 | ips_g=73.9 ips/rk=18.5 | elapsed=541.5s | eta=812.1s
  step  40420/100000 | loss=3.0077 | rl=1.3386 | vl=0.3929 | behavior=6.3655 | curv_reg=0.623299 | codes=256/255/253/256 | c=0.262/0.065/0.065 | ips_g=74.0 ips/rk=18.5 | elapsed=546.5s | eta=805.6s
  step  40828/100000 | loss=3.0170 | rl=1.3416 | vl=0.3890 | behavior=6.4163 | curv_reg=0.623299 | codes=256/255/254/256 | c=0.253/0.063/0.063 | ips_g=74.0 ips/rk=18.5 | elapsed=551.5s | eta=799.3s
  step  41240/100000 | loss=3.0204 | rl=1.3316 | vl=0.3981 | behavior=6.4377 | curv_reg=0.623299 | codes=256/253/253/256 | c=0.243/0.061/0.061 | ips_g=74.1 ips/rk=18.5 | elapsed=556.5s | eta=793.0s
  step  41652/100000 | loss=3.0195 | rl=1.3319 | vl=0.3834 | behavior=6.5053 | curv_reg=0.623299 | codes=256/254/253/256 | c=0.234/0.059/0.059 | ips_g=74.2 ips/rk=18.5 | elapsed=561.5s | eta=786.6s
  step  42052/100000 | loss=3.0549 | rl=1.3501 | vl=0.3991 | behavior=6.5132 | curv_reg=0.623299 | codes=256/251/256/256 | c=0.226/0.056/0.056 | ips_g=74.2 ips/rk=18.6 | elapsed=566.6s | eta=780.8s
  step  42468/100000 | loss=2.9938 | rl=1.3136 | vl=0.3738 | behavior=6.5160 | curv_reg=0.623299 | codes=256/256/256/256 | c=0.217/0.054/0.054 | ips_g=74.3 ips/rk=18.6 | elapsed=571.6s | eta=774.4s
  step  42872/100000 | loss=3.1284 | rl=1.3648 | vl=0.4438 | behavior=6.5835 | curv_reg=0.623299 | codes=256/256/255/256 | c=0.209/0.052/0.052 | ips_g=74.3 ips/rk=18.6 | elapsed=576.7s | eta=768.4s
  step  43276/100000 | loss=3.0339 | rl=1.3526 | vl=0.4062 | behavior=6.3599 | curv_reg=0.623299 | codes=256/256/255/256 | c=0.201/0.050/0.050 | ips_g=74.4 ips/rk=18.6 | elapsed=581.7s | eta=762.5s
  step  43672/100000 | loss=3.0609 | rl=1.3600 | vl=0.4085 | behavior=6.4466 | curv_reg=0.623299 | codes=256/255/255/256 | c=0.193/0.050/0.050 | ips_g=74.4 ips/rk=18.6 | elapsed=586.9s | eta=756.9s
  step  44084/100000 | loss=3.0010 | rl=1.3288 | vl=0.3762 | behavior=6.4646 | curv_reg=0.623299 | codes=256/255/255/256 | c=0.185/0.050/0.050 | ips_g=74.5 ips/rk=18.6 | elapsed=591.9s | eta=750.7s
  step  44476/100000 | loss=3.1255 | rl=1.3705 | vl=0.4572 | behavior=6.4737 | curv_reg=0.623299 | codes=256/255/256/256 | c=0.178/0.050/0.050 | ips_g=74.5 ips/rk=18.6 | elapsed=596.9s | eta=745.2s
  step  44880/100000 | loss=2.9244 | rl=1.3083 | vl=0.3288 | behavior=6.4209 | curv_reg=0.623299 | codes=253/254/255/256 | c=0.171/0.050/0.050 | ips_g=74.6 ips/rk=18.6 | elapsed=602.0s | eta=739.3s
  step  45292/100000 | loss=3.1017 | rl=1.3561 | vl=0.4420 | behavior=6.5024 | curv_reg=0.623299 | codes=256/256/256/256 | c=0.164/0.050/0.050 | ips_g=74.6 ips/rk=18.7 | elapsed=607.0s | eta=733.2s
  step  45692/100000 | loss=2.9512 | rl=1.2737 | vl=0.3881 | behavior=6.4319 | curv_reg=0.623299 | codes=256/255/256/256 | c=0.158/0.050/0.050 | ips_g=74.7 ips/rk=18.7 | elapsed=612.0s | eta=727.5s
  step  46096/100000 | loss=2.9047 | rl=1.2725 | vl=0.3273 | behavior=6.5087 | curv_reg=0.623299 | codes=254/254/253/256 | c=0.151/0.050/0.050 | ips_g=74.7 ips/rk=18.7 | elapsed=617.1s | eta=721.6s
  step  46480/100000 | loss=2.9035 | rl=1.2746 | vl=0.3401 | behavior=6.4284 | curv_reg=0.623299 | codes=256/255/256/256 | c=0.145/0.050/0.050 | ips_g=74.7 ips/rk=18.7 | elapsed=622.1s | eta=716.4s
  step  46868/100000 | loss=3.1036 | rl=1.3418 | vl=0.4431 | behavior=6.5779 | curv_reg=0.623299 | codes=256/256/255/256 | c=0.139/0.050/0.050 | ips_g=74.7 ips/rk=18.7 | elapsed=627.1s | eta=710.9s
  step  47252/100000 | loss=2.9574 | rl=1.2817 | vl=0.4083 | behavior=6.3217 | curv_reg=0.623299 | codes=256/254/256/256 | c=0.134/0.050/0.050 | ips_g=74.7 ips/rk=18.7 | elapsed=632.2s | eta=705.7s
  step  47644/100000 | loss=3.0338 | rl=1.3270 | vl=0.4210 | behavior=6.4136 | curv_reg=0.623299 | codes=256/255/256/256 | c=0.129/0.050/0.050 | ips_g=74.8 ips/rk=18.7 | elapsed=637.2s | eta=700.2s
  step  48032/100000 | loss=2.9160 | rl=1.2850 | vl=0.3524 | behavior=6.3768 | curv_reg=0.623299 | codes=255/255/255/256 | c=0.123/0.050/0.050 | ips_g=74.8 ips/rk=18.7 | elapsed=642.2s | eta=694.8s
  step  48428/100000 | loss=3.0058 | rl=1.3036 | vl=0.4126 | behavior=6.4325 | curv_reg=0.623299 | codes=256/254/256/256 | c=0.118/0.050/0.050 | ips_g=74.8 ips/rk=18.7 | elapsed=647.2s | eta=689.2s
  step  48820/100000 | loss=3.0411 | rl=1.3112 | vl=0.4388 | behavior=6.4400 | curv_reg=0.623299 | codes=256/255/255/256 | c=0.113/0.050/0.050 | ips_g=74.8 ips/rk=18.7 | elapsed=652.4s | eta=683.9s
  step  49212/100000 | loss=2.9439 | rl=1.2737 | vl=0.3835 | behavior=6.4184 | curv_reg=0.623299 | codes=255/256/251/256 | c=0.109/0.050/0.050 | ips_g=74.9 ips/rk=18.7 | elapsed=657.4s | eta=678.4s
  step  49608/100000 | loss=2.9585 | rl=1.2942 | vl=0.3846 | behavior=6.3831 | curv_reg=0.623299 | codes=254/254/254/256 | c=0.104/0.050/0.050 | ips_g=74.9 ips/rk=18.7 | elapsed=662.4s | eta=672.9s
  step  50000/100000 | loss=3.0878 | rl=1.3431 | vl=0.4525 | behavior=6.4457 | curv_reg=0.623299 | codes=256/256/255/256 | c=0.100/0.050/0.050 | ips_g=74.9 ips/rk=18.7 | elapsed=667.4s | eta=667.4s
[Step12] saved /home/wlia0047/ar57/wenyu/GeneRec/results/stage2_RQ-VAE/curvature_RQ-VAE_iter12/out/rqvae/instruments/rqvae_best.pth (step=50000)
  [SID save step=50000] wrote raw 3-token SIDs /home/wlia0047/ar57/wenyu/GeneRec/results/stage2_RQ-VAE/curvature_RQ-VAE_iter12/out/rqvae/instruments/sids_raw.npy: shape=(24587, 3)
  [SID metrics step=50000] hitrate@50=0.9965 full_gini=0.0654 per_layer=[0.1551/0.2055/0.1954] unique=22919/24587 l01_pairs=14824 H_l1_given_l0=5.5753
  step  50004/100000 | loss=3.0196 | rl=1.3053 | vl=0.4133 | behavior=6.4894 | curv_reg=0.623299 | codes=256/255/253/256 | c=0.100/0.050/0.050 | ips_g=73.6 ips/rk=18.4 | elapsed=679.7s | eta=679.5s
  step  50404/100000 | loss=2.9468 | rl=1.2778 | vl=0.3802 | behavior=6.4282 | curv_reg=0.623299 | codes=255/254/250/256 | c=0.104/0.050/0.050 | ips_g=73.6 ips/rk=18.4 | elapsed=684.7s | eta=673.7s
  step  50812/100000 | loss=3.0084 | rl=1.3042 | vl=0.3914 | behavior=6.5482 | curv_reg=0.623299 | codes=255/255/255/256 | c=0.109/0.050/0.050 | ips_g=73.7 ips/rk=18.4 | elapsed=689.7s | eta=667.7s
  step  51228/100000 | loss=2.9045 | rl=1.2696 | vl=0.3457 | behavior=6.4305 | curv_reg=0.623299 | codes=252/255/255/256 | c=0.114/0.050/0.050 | ips_g=73.7 ips/rk=18.4 | elapsed=694.7s | eta=661.4s
  step  51636/100000 | loss=2.9510 | rl=1.2878 | vl=0.3815 | behavior=6.3928 | curv_reg=0.623299 | codes=255/255/254/256 | c=0.119/0.050/0.050 | ips_g=73.8 ips/rk=18.4 | elapsed=699.7s | eta=655.4s
  step  52044/100000 | loss=2.9972 | rl=1.3055 | vl=0.4017 | behavior=6.4343 | curv_reg=0.623299 | codes=254/256/255/256 | c=0.124/0.050/0.050 | ips_g=73.8 ips/rk=18.5 | elapsed=704.8s | eta=649.4s
  step  52436/100000 | loss=2.9598 | rl=1.2770 | vl=0.3943 | behavior=6.4273 | curv_reg=0.623299 | codes=255/255/254/256 | c=0.130/0.050/0.050 | ips_g=73.9 ips/rk=18.5 | elapsed=709.8s | eta=643.8s
  step  52836/100000 | loss=3.0666 | rl=1.3194 | vl=0.4202 | behavior=6.6191 | curv_reg=0.623299 | codes=256/254/255/256 | c=0.135/0.050/0.050 | ips_g=73.9 ips/rk=18.5 | elapsed=714.8s | eta=638.1s
  step  53240/100000 | loss=3.0538 | rl=1.3444 | vl=0.4315 | behavior=6.3736 | curv_reg=0.623299 | codes=256/255/256/256 | c=0.141/0.050/0.050 | ips_g=74.0 ips/rk=18.5 | elapsed=719.8s | eta=632.2s
  step  53652/100000 | loss=3.0443 | rl=1.3064 | vl=0.4367 | behavior=6.4905 | curv_reg=0.623299 | codes=256/255/255/256 | c=0.147/0.050/0.050 | ips_g=74.0 ips/rk=18.5 | elapsed=724.9s | eta=626.2s
  step  54068/100000 | loss=3.0489 | rl=1.3047 | vl=0.4198 | behavior=6.6065 | curv_reg=0.623299 | codes=256/256/256/256 | c=0.154/0.050/0.050 | ips_g=74.1 ips/rk=18.5 | elapsed=729.9s | eta=620.0s
  step  54456/100000 | loss=3.0823 | rl=1.3283 | vl=0.4691 | behavior=6.4091 | curv_reg=0.623299 | codes=256/256/255/256 | c=0.160/0.050/0.050 | ips_g=74.1 ips/rk=18.5 | elapsed=734.9s | eta=614.6s
  step  54844/100000 | loss=3.0096 | rl=1.3063 | vl=0.4072 | behavior=6.4649 | curv_reg=0.623299 | codes=256/254/256/256 | c=0.166/0.050/0.050 | ips_g=74.1 ips/rk=18.5 | elapsed=739.9s | eta=609.2s
  step  55232/100000 | loss=3.0690 | rl=1.3191 | vl=0.4509 | behavior=6.4792 | curv_reg=0.623299 | codes=256/254/255/256 | c=0.173/0.050/0.050 | ips_g=74.1 ips/rk=18.5 | elapsed=745.0s | eta=603.8s
  step  55624/100000 | loss=3.1138 | rl=1.3431 | vl=0.4636 | behavior=6.5199 | curv_reg=0.623299 | codes=256/255/256/256 | c=0.180/0.050/0.050 | ips_g=74.2 ips/rk=18.5 | elapsed=750.0s | eta=598.3s
  step  56016/100000 | loss=3.0512 | rl=1.3610 | vl=0.4017 | behavior=6.4269 | curv_reg=0.623299 | codes=256/253/255/256 | c=0.187/0.050/0.050 | ips_g=74.2 ips/rk=18.5 | elapsed=755.0s | eta=592.8s
  step  56408/100000 | loss=3.0436 | rl=1.3253 | vl=0.4293 | behavior=6.4296 | curv_reg=0.623299 | codes=256/256/256/256 | c=0.195/0.050/0.050 | ips_g=74.2 ips/rk=18.6 | elapsed=760.0s | eta=587.3s
  step  56800/100000 | loss=3.0468 | rl=1.3464 | vl=0.4216 | behavior=6.3782 | curv_reg=0.623299 | codes=256/255/256/256 | c=0.202/0.051/0.051 | ips_g=74.2 ips/rk=18.6 | elapsed=765.0s | eta=581.8s
  step  57188/100000 | loss=3.0159 | rl=1.3308 | vl=0.3979 | behavior=6.4204 | curv_reg=0.623299 | codes=256/254/254/256 | c=0.210/0.053/0.053 | ips_g=74.3 ips/rk=18.6 | elapsed=770.0s | eta=576.5s
  step  57576/100000 | loss=2.9394 | rl=1.2899 | vl=0.3544 | behavior=6.4600 | curv_reg=0.623299 | codes=254/254/256/256 | c=0.218/0.055/0.055 | ips_g=74.3 ips/rk=18.6 | elapsed=775.1s | eta=571.1s
  step  57964/100000 | loss=3.0814 | rl=1.3393 | vl=0.4252 | behavior=6.5684 | curv_reg=0.623299 | codes=255/254/255/256 | c=0.226/0.057/0.057 | ips_g=74.3 ips/rk=18.6 | elapsed=780.1s | eta=565.7s
  step  58360/100000 | loss=2.9821 | rl=1.3237 | vl=0.3743 | behavior=6.4052 | curv_reg=0.623299 | codes=254/254/253/256 | c=0.235/0.059/0.059 | ips_g=74.3 ips/rk=18.6 | elapsed=785.1s | eta=560.2s
  step  58752/100000 | loss=3.0518 | rl=1.3325 | vl=0.4204 | behavior=6.4788 | curv_reg=0.623299 | codes=256/256/255/256 | c=0.243/0.061/0.061 | ips_g=74.4 ips/rk=18.6 | elapsed=790.1s | eta=554.7s
  step  59144/100000 | loss=3.0633 | rl=1.3423 | vl=0.4223 | behavior=6.4778 | curv_reg=0.623299 | codes=256/254/251/256 | c=0.252/0.063/0.063 | ips_g=74.4 ips/rk=18.6 | elapsed=795.2s | eta=549.3s
  step  59524/100000 | loss=3.0649 | rl=1.3413 | vl=0.4403 | behavior=6.4010 | curv_reg=0.623299 | codes=256/255/256/256 | c=0.261/0.065/0.065 | ips_g=74.4 ips/rk=18.6 | elapsed=800.2s | eta=544.1s
  step  59916/100000 | loss=3.1479 | rl=1.3588 | vl=0.4591 | behavior=6.6344 | curv_reg=0.623299 | codes=256/254/256/256 | c=0.270/0.067/0.067 | ips_g=74.4 ips/rk=18.6 | elapsed=805.2s | eta=538.7s
[Step12] saved /home/wlia0047/ar57/wenyu/GeneRec/results/stage2_RQ-VAE/curvature_RQ-VAE_iter12/out/rqvae/instruments/rqvae_best.pth (step=60000)
  [SID save step=60000] wrote raw 3-token SIDs /home/wlia0047/ar57/wenyu/GeneRec/results/stage2_RQ-VAE/curvature_RQ-VAE_iter12/out/rqvae/instruments/sids_raw.npy: shape=(24587, 3)
  [SID metrics step=60000] hitrate@50=0.9970 full_gini=0.0564 per_layer=[0.1257/0.2167/0.2388] unique=23141/24587 l01_pairs=14907 H_l1_given_l0=5.5861
  step  60004/100000 | loss=3.0353 | rl=1.3502 | vl=0.3909 | behavior=6.4557 | curv_reg=0.623299 | codes=256/252/253/256 | c=0.272/0.068/0.068 | ips_g=73.4 ips/rk=18.3 | elapsed=818.0s | eta=545.3s
  step  60388/100000 | loss=3.0296 | rl=1.3243 | vl=0.4021 | behavior=6.5000 | curv_reg=0.623299 | codes=256/251/253/256 | c=0.281/0.070/0.070 | ips_g=73.4 ips/rk=18.3 | elapsed=823.0s | eta=539.9s
  step  60784/100000 | loss=3.0449 | rl=1.3484 | vl=0.4203 | behavior=6.3654 | curv_reg=0.623299 | codes=256/256/255/256 | c=0.290/0.073/0.073 | ips_g=73.4 ips/rk=18.4 | elapsed=828.0s | eta=534.2s
  step  61188/100000 | loss=3.0319 | rl=1.3467 | vl=0.3986 | behavior=6.4174 | curv_reg=0.623299 | codes=256/254/252/256 | c=0.300/0.075/0.075 | ips_g=73.4 ips/rk=18.4 | elapsed=833.1s | eta=528.4s
  step  61588/100000 | loss=3.0438 | rl=1.3358 | vl=0.4119 | behavior=6.4652 | curv_reg=0.623299 | codes=256/255/255/256 | c=0.310/0.078/0.078 | ips_g=73.5 ips/rk=18.4 | elapsed=838.1s | eta=522.7s
  step  61996/100000 | loss=3.0813 | rl=1.3445 | vl=0.4214 | behavior=6.5610 | curv_reg=0.623299 | codes=256/254/253/256 | c=0.320/0.080/0.080 | ips_g=73.5 ips/rk=18.4 | elapsed=843.1s | eta=516.8s
  step  62408/100000 | loss=3.1592 | rl=1.3727 | vl=0.4929 | behavior=6.4525 | curv_reg=0.623299 | codes=256/255/255/256 | c=0.331/0.083/0.083 | ips_g=73.6 ips/rk=18.4 | elapsed=848.1s | eta=510.9s
  step  62804/100000 | loss=3.0912 | rl=1.3452 | vl=0.4333 | behavior=6.5476 | curv_reg=0.623299 | codes=256/253/252/256 | c=0.341/0.085/0.085 | ips_g=73.6 ips/rk=18.4 | elapsed=853.1s | eta=505.3s
  step  63200/100000 | loss=3.0938 | rl=1.3739 | vl=0.4317 | behavior=6.4253 | curv_reg=0.623299 | codes=256/252/253/256 | c=0.351/0.088/0.088 | ips_g=73.6 ips/rk=18.4 | elapsed=858.2s | eta=499.7s
  step  63592/100000 | loss=3.0373 | rl=1.3428 | vl=0.4076 | behavior=6.4183 | curv_reg=0.623299 | codes=256/255/253/256 | c=0.360/0.090/0.090 | ips_g=73.7 ips/rk=18.4 | elapsed=863.2s | eta=494.2s
  step  63996/100000 | loss=3.1332 | rl=1.3820 | vl=0.4455 | behavior=6.5128 | curv_reg=0.623299 | codes=256/253/256/256 | c=0.371/0.093/0.093 | ips_g=73.7 ips/rk=18.4 | elapsed=868.2s | eta=488.5s
  step  64392/100000 | loss=3.0587 | rl=1.3586 | vl=0.4112 | behavior=6.4288 | curv_reg=0.623299 | codes=256/255/255/256 | c=0.381/0.095/0.095 | ips_g=73.7 ips/rk=18.4 | elapsed=873.2s | eta=482.9s
  step  64792/100000 | loss=3.1655 | rl=1.3895 | vl=0.4654 | behavior=6.5370 | curv_reg=0.623299 | codes=256/256/252/256 | c=0.391/0.098/0.098 | ips_g=73.8 ips/rk=18.4 | elapsed=878.3s | eta=477.2s
  step  65180/100000 | loss=3.0954 | rl=1.3673 | vl=0.4378 | behavior=6.4359 | curv_reg=0.623299 | codes=256/254/255/256 | c=0.400/0.100/0.100 | ips_g=73.8 ips/rk=18.4 | elapsed=883.3s | eta=471.9s
  step  65592/100000 | loss=3.1478 | rl=1.3774 | vl=0.4624 | behavior=6.5247 | curv_reg=0.623299 | codes=256/256/255/256 | c=0.410/0.103/0.103 | ips_g=73.8 ips/rk=18.5 | elapsed=888.3s | eta=466.0s
  step  65996/100000 | loss=3.0704 | rl=1.3684 | vl=0.4169 | behavior=6.4102 | curv_reg=0.623299 | codes=256/256/255/256 | c=0.420/0.105/0.105 | ips_g=73.9 ips/rk=18.5 | elapsed=893.3s | eta=460.3s
  step  66376/100000 | loss=3.2773 | rl=1.4172 | vl=0.5348 | behavior=6.6112 | curv_reg=0.623299 | codes=256/255/255/256 | c=0.429/0.107/0.107 | ips_g=73.9 ips/rk=18.5 | elapsed=898.3s | eta=455.1s
  step  66772/100000 | loss=3.1689 | rl=1.3846 | vl=0.4681 | behavior=6.5655 | curv_reg=0.623299 | codes=256/255/255/256 | c=0.439/0.110/0.110 | ips_g=73.9 ips/rk=18.5 | elapsed=903.4s | eta=449.5s
  step  67176/100000 | loss=3.2094 | rl=1.4140 | vl=0.5157 | behavior=6.3830 | curv_reg=0.623299 | codes=256/254/253/256 | c=0.448/0.112/0.112 | ips_g=74.0 ips/rk=18.5 | elapsed=908.4s | eta=443.9s
  step  67572/100000 | loss=3.1749 | rl=1.3958 | vl=0.4708 | behavior=6.5257 | curv_reg=0.623299 | codes=256/256/254/256 | c=0.457/0.114/0.114 | ips_g=74.0 ips/rk=18.5 | elapsed=913.4s | eta=438.3s
  step  67964/100000 | loss=3.2232 | rl=1.3929 | vl=0.4967 | behavior=6.6521 | curv_reg=0.623299 | codes=256/253/254/256 | c=0.465/0.116/0.116 | ips_g=74.0 ips/rk=18.5 | elapsed=918.4s | eta=432.9s
  step  68360/100000 | loss=3.2480 | rl=1.4278 | vl=0.5094 | behavior=6.5380 | curv_reg=0.623299 | codes=256/254/256/256 | c=0.473/0.118/0.118 | ips_g=74.0 ips/rk=18.5 | elapsed=923.4s | eta=427.4s
  step  68764/100000 | loss=3.1866 | rl=1.4021 | vl=0.4838 | behavior=6.4878 | curv_reg=0.623299 | codes=256/254/254/256 | c=0.482/0.120/0.120 | ips_g=74.1 ips/rk=18.5 | elapsed=928.5s | eta=421.8s
  step  69164/100000 | loss=3.2735 | rl=1.4175 | vl=0.5386 | behavior=6.5715 | curv_reg=0.623299 | codes=256/253/256/256 | c=0.489/0.122/0.122 | ips_g=74.1 ips/rk=18.5 | elapsed=933.5s | eta=416.2s
  step  69564/100000 | loss=3.2753 | rl=1.4396 | vl=0.5171 | behavior=6.5772 | curv_reg=0.623299 | codes=256/255/255/256 | c=0.497/0.124/0.124 | ips_g=74.1 ips/rk=18.5 | elapsed=938.5s | eta=410.6s
  step  69968/100000 | loss=3.4249 | rl=1.4637 | vl=0.6215 | behavior=6.6831 | curv_reg=0.623299 | codes=256/256/256/256 | c=0.504/0.126/0.126 | ips_g=74.2 ips/rk=18.5 | elapsed=943.5s | eta=405.0s
[Step12] saved /home/wlia0047/ar57/wenyu/GeneRec/results/stage2_RQ-VAE/curvature_RQ-VAE_iter12/out/rqvae/instruments/rqvae_best.pth (step=70000)
  [SID save step=70000] wrote raw 3-token SIDs /home/wlia0047/ar57/wenyu/GeneRec/results/stage2_RQ-VAE/curvature_RQ-VAE_iter12/out/rqvae/instruments/sids_raw.npy: shape=(24587, 3)
  [SID metrics step=70000] hitrate@50=0.9973 full_gini=0.0523 per_layer=[0.1016/0.2133/0.2178] unique=23251/24587 l01_pairs=14933 H_l1_given_l0=5.5796
  step  70004/100000 | loss=3.2423 | rl=1.3973 | vl=0.5366 | behavior=6.5262 | curv_reg=0.623299 | codes=256/254/255/256 | c=0.504/0.126/0.126 | ips_g=73.2 ips/rk=18.3 | elapsed=956.0s | eta=409.6s
  step  70416/100000 | loss=3.2779 | rl=1.4191 | vl=0.5436 | behavior=6.5601 | curv_reg=0.623299 | codes=256/255/256/256 | c=0.511/0.128/0.128 | ips_g=73.3 ips/rk=18.3 | elapsed=961.0s | eta=403.7s
  step  70808/100000 | loss=3.2196 | rl=1.4223 | vl=0.4807 | behavior=6.5672 | curv_reg=0.623299 | codes=256/255/252/256 | c=0.517/0.129/0.129 | ips_g=73.3 ips/rk=18.3 | elapsed=966.0s | eta=398.3s
  step  71204/100000 | loss=3.2119 | rl=1.4216 | vl=0.4809 | behavior=6.5317 | curv_reg=0.623299 | codes=256/254/255/256 | c=0.522/0.131/0.131 | ips_g=73.3 ips/rk=18.3 | elapsed=971.0s | eta=392.7s
  step  71608/100000 | loss=3.3037 | rl=1.4397 | vl=0.5314 | behavior=6.6473 | curv_reg=0.623299 | codes=256/254/255/256 | c=0.527/0.132/0.132 | ips_g=73.4 ips/rk=18.3 | elapsed=976.1s | eta=387.0s
  step  72012/100000 | loss=3.3201 | rl=1.4513 | vl=0.5209 | behavior=6.7239 | curv_reg=0.623299 | codes=256/255/256/256 | c=0.532/0.133/0.133 | ips_g=73.4 ips/rk=18.3 | elapsed=981.1s | eta=381.3s
  step  72404/100000 | loss=3.2751 | rl=1.4465 | vl=0.5453 | behavior=6.4008 | curv_reg=0.623299 | codes=256/256/253/256 | c=0.536/0.134/0.134 | ips_g=73.4 ips/rk=18.4 | elapsed=986.1s | eta=375.8s
  step  72816/100000 | loss=3.2648 | rl=1.4295 | vl=0.5160 | behavior=6.5812 | curv_reg=0.623299 | codes=256/255/255/256 | c=0.539/0.135/0.135 | ips_g=73.5 ips/rk=18.4 | elapsed=991.1s | eta=370.0s
  step  73232/100000 | loss=3.3007 | rl=1.4364 | vl=0.5181 | behavior=6.7154 | curv_reg=0.623299 | codes=256/252/255/256 | c=0.542/0.136/0.136 | ips_g=73.5 ips/rk=18.4 | elapsed=996.1s | eta=364.1s
  step  73636/100000 | loss=3.3598 | rl=1.4535 | vl=0.5704 | behavior=6.6644 | curv_reg=0.623299 | codes=256/254/253/256 | c=0.544/0.136/0.136 | ips_g=73.5 ips/rk=18.4 | elapsed=1001.2s | eta=358.5s
  step  74048/100000 | loss=3.4038 | rl=1.4633 | vl=0.5962 | behavior=6.7062 | curv_reg=0.623299 | codes=256/254/254/256 | c=0.546/0.137/0.137 | ips_g=73.6 ips/rk=18.4 | elapsed=1006.2s | eta=352.6s
  step  74456/100000 | loss=3.4298 | rl=1.4554 | vl=0.6464 | behavior=6.6250 | curv_reg=0.623299 | codes=256/255/255/256 | c=0.547/0.137/0.137 | ips_g=73.6 ips/rk=18.4 | elapsed=1011.2s | eta=346.9s
  step  74852/100000 | loss=3.3886 | rl=1.4553 | vl=0.6023 | behavior=6.6390 | curv_reg=0.623299 | codes=255/256/255/256 | c=0.548/0.137/0.137 | ips_g=73.7 ips/rk=18.4 | elapsed=1016.2s | eta=341.4s
  step  75244/100000 | loss=3.4592 | rl=1.4831 | vl=0.6101 | behavior=6.8144 | curv_reg=0.623299 | codes=256/256/255/256 | c=0.548/0.137/0.137 | ips_g=73.7 ips/rk=18.4 | elapsed=1021.3s | eta=336.0s
  step  75632/100000 | loss=3.4023 | rl=1.4518 | vl=0.6249 | behavior=6.6121 | curv_reg=0.623299 | codes=256/256/256/256 | c=0.547/0.137/0.137 | ips_g=73.7 ips/rk=18.4 | elapsed=1026.3s | eta=330.7s
  step  76024/100000 | loss=3.2226 | rl=1.4257 | vl=0.4894 | behavior=6.5218 | curv_reg=0.623299 | codes=256/256/255/256 | c=0.546/0.136/0.136 | ips_g=73.7 ips/rk=18.4 | elapsed=1031.3s | eta=325.2s
  step  76408/100000 | loss=3.3571 | rl=1.4567 | vl=0.5669 | behavior=6.6518 | curv_reg=0.623299 | codes=256/254/253/256 | c=0.544/0.136/0.136 | ips_g=73.7 ips/rk=18.4 | elapsed=1036.3s | eta=320.0s
  step  76800/100000 | loss=3.1823 | rl=1.4102 | vl=0.4950 | behavior=6.3696 | curv_reg=0.623299 | codes=256/255/255/256 | c=0.542/0.135/0.135 | ips_g=73.8 ips/rk=18.4 | elapsed=1041.3s | eta=314.6s
  step  77192/100000 | loss=3.3684 | rl=1.4530 | vl=0.5979 | behavior=6.5721 | curv_reg=0.623299 | codes=256/254/253/256 | c=0.539/0.135/0.135 | ips_g=73.8 ips/rk=18.4 | elapsed=1046.3s | eta=309.2s
  step  77584/100000 | loss=3.1689 | rl=1.4140 | vl=0.4593 | behavior=6.4620 | curv_reg=0.623299 | codes=256/255/251/256 | c=0.536/0.134/0.134 | ips_g=73.8 ips/rk=18.4 | elapsed=1051.4s | eta=303.8s
  step  77980/100000 | loss=3.2776 | rl=1.4286 | vl=0.5246 | behavior=6.6063 | curv_reg=0.623299 | codes=256/255/254/256 | c=0.532/0.133/0.133 | ips_g=73.8 ips/rk=18.5 | elapsed=1056.5s | eta=298.3s
  step  78364/100000 | loss=3.3301 | rl=1.4552 | vl=0.5584 | behavior=6.5669 | curv_reg=0.623299 | codes=256/256/255/256 | c=0.527/0.132/0.132 | ips_g=73.8 ips/rk=18.5 | elapsed=1061.5s | eta=293.1s
  step  78764/100000 | loss=3.2163 | rl=1.4181 | vl=0.4782 | behavior=6.5846 | curv_reg=0.623299 | codes=256/256/256/256 | c=0.522/0.131/0.131 | ips_g=73.9 ips/rk=18.5 | elapsed=1066.5s | eta=287.6s
  step  79160/100000 | loss=3.2618 | rl=1.4307 | vl=0.5049 | behavior=6.6157 | curv_reg=0.623299 | codes=256/255/252/256 | c=0.517/0.129/0.129 | ips_g=73.9 ips/rk=18.5 | elapsed=1071.5s | eta=282.1s
  step  79564/100000 | loss=3.2234 | rl=1.4034 | vl=0.4930 | behavior=6.6194 | curv_reg=0.623299 | codes=256/256/254/256 | c=0.511/0.128/0.128 | ips_g=73.9 ips/rk=18.5 | elapsed=1076.6s | eta=276.5s
  step  79976/100000 | loss=3.2863 | rl=1.4163 | vl=0.5459 | behavior=6.6045 | curv_reg=0.623299 | codes=256/256/255/256 | c=0.504/0.126/0.126 | ips_g=73.9 ips/rk=18.5 | elapsed=1081.6s | eta=270.8s
[Step12] saved /home/wlia0047/ar57/wenyu/GeneRec/results/stage2_RQ-VAE/curvature_RQ-VAE_iter12/out/rqvae/instruments/rqvae_best.pth (step=80000)
  [SID save step=80000] wrote raw 3-token SIDs /home/wlia0047/ar57/wenyu/GeneRec/results/stage2_RQ-VAE/curvature_RQ-VAE_iter12/out/rqvae/instruments/sids_raw.npy: shape=(24587, 3)
  [SID metrics step=80000] hitrate@50=0.9974 full_gini=0.0525 per_layer=[0.1092/0.2150/0.2478] unique=23242/24587 l01_pairs=14792 H_l1_given_l0=5.5617
  step  80004/100000 | loss=3.4440 | rl=1.4833 | vl=0.6161 | behavior=6.7076 | curv_reg=0.623299 | codes=256/255/254/256 | c=0.504/0.126/0.126 | ips_g=73.2 ips/rk=18.3 | elapsed=1093.6s | eta=273.3s
  step  80412/100000 | loss=3.3357 | rl=1.4246 | vl=0.5933 | behavior=6.5734 | curv_reg=0.623299 | codes=255/256/256/256 | c=0.497/0.124/0.124 | ips_g=73.2 ips/rk=18.3 | elapsed=1098.7s | eta=267.6s
  step  80816/100000 | loss=3.2539 | rl=1.4332 | vl=0.5084 | behavior=6.5459 | curv_reg=0.623299 | codes=255/255/255/256 | c=0.490/0.122/0.122 | ips_g=73.2 ips/rk=18.3 | elapsed=1103.7s | eta=262.0s
  step  81232/100000 | loss=3.2920 | rl=1.4300 | vl=0.5464 | behavior=6.5627 | curv_reg=0.623299 | codes=256/256/255/256 | c=0.482/0.120/0.120 | ips_g=73.3 ips/rk=18.3 | elapsed=1108.7s | eta=256.2s
  step  81632/100000 | loss=3.1498 | rl=1.3954 | vl=0.4624 | behavior=6.4442 | curv_reg=0.623299 | codes=256/256/251/256 | c=0.474/0.118/0.118 | ips_g=73.3 ips/rk=18.3 | elapsed=1113.7s | eta=250.6s
  step  82036/100000 | loss=3.3190 | rl=1.4349 | vl=0.5506 | behavior=6.6519 | curv_reg=0.623299 | codes=256/256/256/256 | c=0.465/0.116/0.116 | ips_g=73.3 ips/rk=18.3 | elapsed=1118.8s | eta=245.0s
  step  82440/100000 | loss=3.1621 | rl=1.4071 | vl=0.4441 | behavior=6.5389 | curv_reg=0.623299 | codes=256/255/252/256 | c=0.456/0.114/0.114 | ips_g=73.4 ips/rk=18.3 | elapsed=1123.8s | eta=239.4s
  step  82836/100000 | loss=3.1705 | rl=1.3997 | vl=0.4470 | behavior=6.6031 | curv_reg=0.623299 | codes=256/253/254/256 | c=0.448/0.112/0.112 | ips_g=73.4 ips/rk=18.3 | elapsed=1128.8s | eta=233.9s
  step  83228/100000 | loss=3.1705 | rl=1.3664 | vl=0.4765 | behavior=6.6223 | curv_reg=0.623299 | codes=256/254/252/256 | c=0.439/0.110/0.110 | ips_g=73.4 ips/rk=18.4 | elapsed=1133.8s | eta=228.5s
  step  83612/100000 | loss=3.1046 | rl=1.3765 | vl=0.4350 | behavior=6.4501 | curv_reg=0.623299 | codes=256/254/254/256 | c=0.430/0.107/0.107 | ips_g=73.4 ips/rk=18.4 | elapsed=1138.8s | eta=223.2s
  step  84004/100000 | loss=3.1832 | rl=1.3737 | vl=0.4938 | behavior=6.5629 | curv_reg=0.623299 | codes=256/256/256/256 | c=0.420/0.105/0.105 | ips_g=73.4 ips/rk=18.4 | elapsed=1143.8s | eta=217.8s
  step  84388/100000 | loss=3.2096 | rl=1.4254 | vl=0.4909 | behavior=6.4512 | curv_reg=0.623299 | codes=256/255/255/256 | c=0.411/0.103/0.103 | ips_g=73.5 ips/rk=18.4 | elapsed=1148.9s | eta=212.5s
  step  84784/100000 | loss=3.0876 | rl=1.3659 | vl=0.4138 | behavior=6.5238 | curv_reg=0.623299 | codes=256/253/253/256 | c=0.401/0.100/0.100 | ips_g=73.5 ips/rk=18.4 | elapsed=1153.9s | eta=207.1s
  step  85180/100000 | loss=3.2139 | rl=1.4008 | vl=0.4911 | behavior=6.5948 | curv_reg=0.623299 | codes=256/253/255/256 | c=0.391/0.098/0.098 | ips_g=73.5 ips/rk=18.4 | elapsed=1159.0s | eta=201.6s
  step  85572/100000 | loss=3.1882 | rl=1.3941 | vl=0.4587 | behavior=6.6616 | curv_reg=0.623299 | codes=256/252/255/256 | c=0.382/0.095/0.095 | ips_g=73.5 ips/rk=18.4 | elapsed=1164.0s | eta=196.3s
  step  85964/100000 | loss=3.0271 | rl=1.3492 | vl=0.3885 | behavior=6.4314 | curv_reg=0.623299 | codes=256/253/254/256 | c=0.372/0.093/0.093 | ips_g=73.5 ips/rk=18.4 | elapsed=1169.0s | eta=190.9s
  step  86352/100000 | loss=3.0451 | rl=1.3618 | vl=0.4020 | behavior=6.3911 | curv_reg=0.623299 | codes=256/254/250/256 | c=0.362/0.090/0.090 | ips_g=73.6 ips/rk=18.4 | elapsed=1174.0s | eta=185.6s
  step  86744/100000 | loss=3.0543 | rl=1.3590 | vl=0.3939 | behavior=6.4913 | curv_reg=0.623299 | codes=256/255/256/256 | c=0.352/0.088/0.088 | ips_g=73.6 ips/rk=18.4 | elapsed=1179.1s | eta=180.2s
  step  87132/100000 | loss=3.0945 | rl=1.3823 | vl=0.4405 | behavior=6.3432 | curv_reg=0.623299 | codes=256/254/255/256 | c=0.342/0.086/0.086 | ips_g=73.6 ips/rk=18.4 | elapsed=1184.1s | eta=174.9s
  step  87528/100000 | loss=3.1436 | rl=1.3940 | vl=0.4482 | behavior=6.4915 | curv_reg=0.623299 | codes=256/254/256/256 | c=0.332/0.083/0.083 | ips_g=73.6 ips/rk=18.4 | elapsed=1189.1s | eta=169.4s
  step  87920/100000 | loss=2.9989 | rl=1.3171 | vl=0.3818 | behavior=6.4841 | curv_reg=0.623299 | codes=256/254/251/256 | c=0.322/0.081/0.081 | ips_g=73.6 ips/rk=18.4 | elapsed=1194.1s | eta=164.1s
  step  88312/100000 | loss=3.0547 | rl=1.3459 | vl=0.4092 | behavior=6.4824 | curv_reg=0.623299 | codes=256/254/253/256 | c=0.313/0.078/0.078 | ips_g=73.6 ips/rk=18.4 | elapsed=1199.2s | eta=158.7s
  step  88704/100000 | loss=3.0911 | rl=1.3600 | vl=0.4236 | behavior=6.5218 | curv_reg=0.623299 | codes=256/253/254/256 | c=0.303/0.076/0.076 | ips_g=73.7 ips/rk=18.4 | elapsed=1204.2s | eta=153.3s
  step  89080/100000 | loss=2.9176 | rl=1.3138 | vl=0.3351 | behavior=6.3279 | curv_reg=0.623299 | codes=254/252/247/256 | c=0.294/0.073/0.073 | ips_g=73.7 ips/rk=18.4 | elapsed=1209.2s | eta=148.2s
  step  89472/100000 | loss=2.9999 | rl=1.3208 | vl=0.3831 | behavior=6.4642 | curv_reg=0.623299 | codes=256/253/253/256 | c=0.284/0.071/0.071 | ips_g=73.7 ips/rk=18.4 | elapsed=1214.2s | eta=142.9s
  step  89860/100000 | loss=3.0732 | rl=1.3459 | vl=0.4262 | behavior=6.4900 | curv_reg=0.623299 | codes=256/253/254/256 | c=0.275/0.069/0.069 | ips_g=73.7 ips/rk=18.4 | elapsed=1219.3s | eta=137.6s
[Step12] saved /home/wlia0047/ar57/wenyu/GeneRec/results/stage2_RQ-VAE/curvature_RQ-VAE_iter12/out/rqvae/instruments/rqvae_best.pth (step=90000)
  [SID save step=90000] wrote raw 3-token SIDs /home/wlia0047/ar57/wenyu/GeneRec/results/stage2_RQ-VAE/curvature_RQ-VAE_iter12/out/rqvae/instruments/sids_raw.npy: shape=(24587, 3)
  [SID metrics step=90000] hitrate@50=0.9970 full_gini=0.0561 per_layer=[0.1171/0.2115/0.2104] unique=23151/24587 l01_pairs=14883 H_l1_given_l0=5.5719
  step  90004/100000 | loss=3.0342 | rl=1.3167 | vl=0.4091 | behavior=6.5261 | curv_reg=0.623299 | codes=256/253/253/256 | c=0.272/0.068/0.068 | ips_g=73.0 ips/rk=18.2 | elapsed=1233.2s | eta=137.0s
  step  90400/100000 | loss=3.0616 | rl=1.3258 | vl=0.4294 | behavior=6.5160 | curv_reg=0.623299 | codes=256/253/255/256 | c=0.262/0.066/0.066 | ips_g=73.0 ips/rk=18.3 | elapsed=1238.3s | eta=131.5s
  step  90792/100000 | loss=3.0803 | rl=1.3399 | vl=0.4408 | behavior=6.4827 | curv_reg=0.623299 | codes=256/254/254/256 | c=0.253/0.063/0.063 | ips_g=73.0 ips/rk=18.3 | elapsed=1243.3s | eta=126.1s
  step  91188/100000 | loss=2.9764 | rl=1.3227 | vl=0.3782 | behavior=6.3621 | curv_reg=0.623299 | codes=256/252/248/256 | c=0.245/0.061/0.061 | ips_g=73.0 ips/rk=18.3 | elapsed=1248.3s | eta=120.6s
  step  91576/100000 | loss=3.1009 | rl=1.3403 | vl=0.4476 | behavior=6.5495 | curv_reg=0.623299 | codes=256/254/254/256 | c=0.236/0.059/0.059 | ips_g=73.1 ips/rk=18.3 | elapsed=1253.4s | eta=115.3s
  step  91972/100000 | loss=3.0013 | rl=1.3043 | vl=0.3982 | behavior=6.4786 | curv_reg=0.623299 | codes=256/254/253/256 | c=0.228/0.057/0.057 | ips_g=73.1 ips/rk=18.3 | elapsed=1258.4s | eta=109.8s
  step  92360/100000 | loss=3.0477 | rl=1.3270 | vl=0.4212 | behavior=6.4824 | curv_reg=0.623299 | codes=256/255/256/256 | c=0.219/0.055/0.055 | ips_g=73.1 ips/rk=18.3 | elapsed=1263.4s | eta=104.5s
  step  92752/100000 | loss=3.0687 | rl=1.3482 | vl=0.4197 | behavior=6.4881 | curv_reg=0.623299 | codes=256/255/254/256 | c=0.211/0.053/0.053 | ips_g=73.1 ips/rk=18.3 | elapsed=1268.4s | eta=99.1s
  step  93148/100000 | loss=2.9404 | rl=1.3061 | vl=0.3618 | behavior=6.3468 | curv_reg=0.623299 | codes=256/255/254/256 | c=0.203/0.051/0.051 | ips_g=73.1 ips/rk=18.3 | elapsed=1273.5s | eta=93.7s
  step  93540/100000 | loss=2.9998 | rl=1.3247 | vl=0.3937 | behavior=6.3912 | curv_reg=0.623299 | codes=256/255/256/256 | c=0.196/0.050/0.050 | ips_g=73.2 ips/rk=18.3 | elapsed=1278.5s | eta=88.3s
  step  93936/100000 | loss=2.9537 | rl=1.3072 | vl=0.3696 | behavior=6.3690 | curv_reg=0.623299 | codes=255/256/255/256 | c=0.188/0.050/0.050 | ips_g=73.2 ips/rk=18.3 | elapsed=1283.5s | eta=82.9s
  step  94324/100000 | loss=2.9107 | rl=1.2774 | vl=0.3489 | behavior=6.4066 | curv_reg=0.623299 | codes=256/256/255/256 | c=0.181/0.050/0.050 | ips_g=73.2 ips/rk=18.3 | elapsed=1288.5s | eta=77.5s
  step  94720/100000 | loss=3.0556 | rl=1.3399 | vl=0.4337 | behavior=6.3946 | curv_reg=0.623299 | codes=256/254/255/256 | c=0.174/0.050/0.050 | ips_g=73.2 ips/rk=18.3 | elapsed=1293.5s | eta=72.1s
  step  95112/100000 | loss=2.9774 | rl=1.3063 | vl=0.3863 | behavior=6.4082 | curv_reg=0.623299 | codes=256/254/255/256 | c=0.167/0.050/0.050 | ips_g=73.2 ips/rk=18.3 | elapsed=1298.6s | eta=66.7s
  step  95508/100000 | loss=3.1743 | rl=1.3743 | vl=0.4886 | behavior=6.5413 | curv_reg=0.623299 | codes=256/255/256/256 | c=0.161/0.050/0.050 | ips_g=73.3 ips/rk=18.3 | elapsed=1303.6s | eta=61.3s
  step  95904/100000 | loss=3.0659 | rl=1.3084 | vl=0.4543 | behavior=6.5007 | curv_reg=0.623299 | codes=256/256/255/256 | c=0.154/0.050/0.050 | ips_g=73.3 ips/rk=18.3 | elapsed=1308.6s | eta=55.9s
  step  96300/100000 | loss=2.9432 | rl=1.2881 | vl=0.3811 | behavior=6.3549 | curv_reg=0.623299 | codes=256/255/255/256 | c=0.148/0.050/0.050 | ips_g=73.3 ips/rk=18.3 | elapsed=1313.6s | eta=50.5s
  step  96696/100000 | loss=3.0321 | rl=1.3053 | vl=0.4418 | behavior=6.4095 | curv_reg=0.623299 | codes=256/255/254/256 | c=0.142/0.050/0.050 | ips_g=73.3 ips/rk=18.3 | elapsed=1318.6s | eta=45.1s
  step  97084/100000 | loss=2.9184 | rl=1.2853 | vl=0.3687 | behavior=6.3064 | curv_reg=0.623299 | codes=256/253/254/256 | c=0.136/0.050/0.050 | ips_g=73.3 ips/rk=18.3 | elapsed=1323.7s | eta=39.8s
  step  97476/100000 | loss=3.0043 | rl=1.2914 | vl=0.4085 | behavior=6.5063 | curv_reg=0.623299 | codes=256/253/254/256 | c=0.131/0.050/0.050 | ips_g=73.4 ips/rk=18.3 | elapsed=1328.7s | eta=34.4s
  step  97864/100000 | loss=3.1201 | rl=1.3559 | vl=0.4458 | behavior=6.5764 | curv_reg=0.623299 | codes=256/255/256/256 | c=0.126/0.050/0.050 | ips_g=73.4 ips/rk=18.3 | elapsed=1333.7s | eta=29.1s
  step  98260/100000 | loss=2.9807 | rl=1.2859 | vl=0.4156 | behavior=6.3806 | curv_reg=0.623299 | codes=256/254/256/256 | c=0.120/0.050/0.050 | ips_g=73.4 ips/rk=18.3 | elapsed=1338.7s | eta=23.7s
  step  98652/100000 | loss=3.0771 | rl=1.3273 | vl=0.4763 | behavior=6.3514 | curv_reg=0.623299 | codes=256/254/254/256 | c=0.115/0.050/0.050 | ips_g=73.4 ips/rk=18.4 | elapsed=1343.7s | eta=18.4s
  step  99048/100000 | loss=2.9686 | rl=1.2817 | vl=0.3801 | behavior=6.5184 | curv_reg=0.623299 | codes=254/256/256/256 | c=0.111/0.050/0.050 | ips_g=73.4 ips/rk=18.4 | elapsed=1348.7s | eta=13.0s
  step  99436/100000 | loss=3.0047 | rl=1.3095 | vl=0.4089 | behavior=6.4154 | curv_reg=0.623299 | codes=255/255/255/256 | c=0.106/0.050/0.050 | ips_g=73.5 ips/rk=18.4 | elapsed=1353.7s | eta=7.7s
  step  99832/100000 | loss=3.0056 | rl=1.2852 | vl=0.4116 | behavior=6.5283 | curv_reg=0.623299 | codes=256/256/255/256 | c=0.102/0.050/0.050 | ips_g=73.5 ips/rk=18.4 | elapsed=1358.7s | eta=2.3s
[Step12] saved /home/wlia0047/ar57/wenyu/GeneRec/results/stage2_RQ-VAE/curvature_RQ-VAE_iter12/out/rqvae/instruments/rqvae_best.pth (step=100000)
  [SID save step=100000] wrote raw 3-token SIDs /home/wlia0047/ar57/wenyu/GeneRec/results/stage2_RQ-VAE/curvature_RQ-VAE_iter12/out/rqvae/instruments/sids_raw.npy: shape=(24587, 3)
  [SID metrics step=100000] hitrate@50=0.9967 full_gini=0.0667 per_layer=[0.1575/0.2093/0.2246] unique=22885/24587 l01_pairs=14824 H_l1_given_l0=5.5718
[train] done at global_step=100000, total time=1372.6s
