2026-09-25 05:25:18,772 - INFO - Configuration: {'batch_size': 4096, 'infer_size': 1024, 'num_epochs': 150, 'eval_interval': 5, 'eval_start_epoch': 75, 'early_eval_epochs': (25, 50, 75, 100, 125), 'early_stop': 10, 'fast': True, 'bf16': True, 'use_lr_scheduler': True, 'lr_warmup_pct': 0.1, 'lr_min_factor': 0.2, 'compile': False, 'compile_mode': 'default', 'num_layers': 4, 'num_decoder_layers': 4, 'd_model': 128, 'd_ff': 1024, 'num_heads': 6, 'd_kv': 64, 'dropout_rate': 0.1, 'activation_function': 'relu', 'feed_forward_proj': 'relu', 'device': 'cuda', 'lr': 0.003, 'weight_decay': 0.05, 'vocab_size': 850, 'eos_token_id': 849, 'pad_token_id': 0, 'n_user_tokens': 1, 'max_len': 20, 'dataset_name': 'Amazon_2023_Instruments', 'dataset_path': '/home/wlia0047/ar57/wenyu/GeneRec/results/stage0_build_parquet/', 'codebook_size': [256, 256, 256, 1], 'code_path': '/home/wlia0047/ar57/wenyu/GeneRec/stage2_RQ-VAE/curvature_RQ-VAE_iter11/results/item_sids.json', 'train_file': 'train.parquet', 'valid_file': 'valid.parquet', 'test_file': 'test.parquet', 'log_path': '/home/wlia0047/ar57/wenyu/GeneRec/results/stage3_T5Train/iter11_curvature_scaled_commitment/logs/', 'save_path': '/home/wlia0047/ar57/wenyu/GeneRec/results/stage3_T5Train/iter11_curvature_scaled_commitment/ckpt/', 'seed': 42, 'topk_list': [5, 10], 'beam_size': 20, 'no_eval': True, 'skip_test': False, 'screen_baseline_log': '', 'screen_start_epoch': 40, 'screen_window': 5, 'screen_min_ndcg_gain': 0.001, 'screen_min_recall_gain': 0.001, 'screen_skip_test_on_fail': True, 'num_workers': 4, 'prefetch_factor': 8, 'exclude_history': True, 'no_exclude_history': False, 'pin_memory': True, 'no_pin_memory': False, 'sid_length': 4, 'max_token_seq_len': 82, 'decoder_start_token_id': 0}
2026-09-25 05:25:18,824 - INFO - #Embedding parameters: 108800
#Non-embedding parameters: 4459648
#Total trainable parameters: 4568448

2026-09-25 05:25:32,146 - INFO - Epoch 1/150 train_loss=4.841188240051269
2026-09-25 05:25:32,204 - INFO - Best train loss=4.841188240051269; saved /home/wlia0047/ar57/wenyu/GeneRec/results/stage3_T5Train/iter11_curvature_scaled_commitment/ckpt/Amazon_2023_Instruments/Sep-25-2026_05-25-18/HG_Rec_best.pth
2026-09-25 05:25:43,834 - INFO - Epoch 2/150 train_loss=4.174075527191162
2026-09-25 05:25:43,870 - INFO - Best train loss=4.174075527191162; saved /home/wlia0047/ar57/wenyu/GeneRec/results/stage3_T5Train/iter11_curvature_scaled_commitment/ckpt/Amazon_2023_Instruments/Sep-25-2026_05-25-18/HG_Rec_best.pth
2026-09-25 05:25:55,484 - INFO - Epoch 3/150 train_loss=3.97609245300293
2026-09-25 05:25:55,520 - INFO - Best train loss=3.97609245300293; saved /home/wlia0047/ar57/wenyu/GeneRec/results/stage3_T5Train/iter11_curvature_scaled_commitment/ckpt/Amazon_2023_Instruments/Sep-25-2026_05-25-18/HG_Rec_best.pth
2026-09-25 05:26:07,136 - INFO - Epoch 4/150 train_loss=3.8260246562957763
2026-09-25 05:26:07,175 - INFO - Best train loss=3.8260246562957763; saved /home/wlia0047/ar57/wenyu/GeneRec/results/stage3_T5Train/iter11_curvature_scaled_commitment/ckpt/Amazon_2023_Instruments/Sep-25-2026_05-25-18/HG_Rec_best.pth
2026-09-25 05:26:18,787 - INFO - Epoch 5/150 train_loss=3.6813672256469725
2026-09-25 05:26:18,826 - INFO - Best train loss=3.6813672256469725; saved /home/wlia0047/ar57/wenyu/GeneRec/results/stage3_T5Train/iter11_curvature_scaled_commitment/ckpt/Amazon_2023_Instruments/Sep-25-2026_05-25-18/HG_Rec_best.pth
2026-09-25 05:26:30,447 - INFO - Epoch 6/150 train_loss=3.5964641189575195
2026-09-25 05:26:30,482 - INFO - Best train loss=3.5964641189575195; saved /home/wlia0047/ar57/wenyu/GeneRec/results/stage3_T5Train/iter11_curvature_scaled_commitment/ckpt/Amazon_2023_Instruments/Sep-25-2026_05-25-18/HG_Rec_best.pth
2026-09-25 05:26:42,089 - INFO - Epoch 7/150 train_loss=3.4362873363494875
2026-09-25 05:26:42,127 - INFO - Best train loss=3.4362873363494875; saved /home/wlia0047/ar57/wenyu/GeneRec/results/stage3_T5Train/iter11_curvature_scaled_commitment/ckpt/Amazon_2023_Instruments/Sep-25-2026_05-25-18/HG_Rec_best.pth
2026-09-25 05:26:53,737 - INFO - Epoch 8/150 train_loss=3.318113298416138
2026-09-25 05:26:53,773 - INFO - Best train loss=3.318113298416138; saved /home/wlia0047/ar57/wenyu/GeneRec/results/stage3_T5Train/iter11_curvature_scaled_commitment/ckpt/Amazon_2023_Instruments/Sep-25-2026_05-25-18/HG_Rec_best.pth
2026-09-25 05:27:05,389 - INFO - Epoch 9/150 train_loss=3.2078033542633055
2026-09-25 05:27:05,425 - INFO - Best train loss=3.2078033542633055; saved /home/wlia0047/ar57/wenyu/GeneRec/results/stage3_T5Train/iter11_curvature_scaled_commitment/ckpt/Amazon_2023_Instruments/Sep-25-2026_05-25-18/HG_Rec_best.pth
2026-09-25 05:27:17,051 - INFO - Epoch 10/150 train_loss=3.662220277786255
2026-09-25 05:27:17,054 - INFO - No train loss improvement; patience=1
2026-09-25 05:27:28,653 - INFO - Epoch 11/150 train_loss=3.4790209484100343
2026-09-25 05:27:28,676 - INFO - No train loss improvement; patience=2
2026-09-25 05:27:40,276 - INFO - Epoch 12/150 train_loss=3.3488990306854247
2026-09-25 05:27:40,286 - INFO - No train loss improvement; patience=3
2026-09-25 05:27:51,885 - INFO - Epoch 13/150 train_loss=3.2459246826171877
2026-09-25 05:27:51,897 - INFO - No train loss improvement; patience=4
2026-09-25 05:28:03,497 - INFO - Epoch 14/150 train_loss=3.2653628635406493
2026-09-25 05:28:03,514 - INFO - No train loss improvement; patience=5
2026-09-25 05:28:15,118 - INFO - Epoch 15/150 train_loss=3.1462059593200684
2026-09-25 05:28:15,161 - INFO - Best train loss=3.1462059593200684; saved /home/wlia0047/ar57/wenyu/GeneRec/results/stage3_T5Train/iter11_curvature_scaled_commitment/ckpt/Amazon_2023_Instruments/Sep-25-2026_05-25-18/HG_Rec_best.pth
2026-09-25 05:28:26,770 - INFO - Epoch 16/150 train_loss=3.061756801605225
2026-09-25 05:28:26,807 - INFO - Best train loss=3.061756801605225; saved /home/wlia0047/ar57/wenyu/GeneRec/results/stage3_T5Train/iter11_curvature_scaled_commitment/ckpt/Amazon_2023_Instruments/Sep-25-2026_05-25-18/HG_Rec_best.pth
2026-09-25 05:28:38,414 - INFO - Epoch 17/150 train_loss=2.9910209369659424
2026-09-25 05:28:38,449 - INFO - Best train loss=2.9910209369659424; saved /home/wlia0047/ar57/wenyu/GeneRec/results/stage3_T5Train/iter11_curvature_scaled_commitment/ckpt/Amazon_2023_Instruments/Sep-25-2026_05-25-18/HG_Rec_best.pth
2026-09-25 05:28:50,162 - INFO - Epoch 18/150 train_loss=2.936410722732544
2026-09-25 05:28:50,676 - INFO - Best train loss=2.936410722732544; saved /home/wlia0047/ar57/wenyu/GeneRec/results/stage3_T5Train/iter11_curvature_scaled_commitment/ckpt/Amazon_2023_Instruments/Sep-25-2026_05-25-18/HG_Rec_best.pth
2026-09-25 05:29:02,282 - INFO - Epoch 19/150 train_loss=2.882574119567871
2026-09-25 05:29:02,320 - INFO - Best train loss=2.882574119567871; saved /home/wlia0047/ar57/wenyu/GeneRec/results/stage3_T5Train/iter11_curvature_scaled_commitment/ckpt/Amazon_2023_Instruments/Sep-25-2026_05-25-18/HG_Rec_best.pth
2026-09-25 05:29:13,926 - INFO - Epoch 20/150 train_loss=2.8255677032470703
2026-09-25 05:29:13,964 - INFO - Best train loss=2.8255677032470703; saved /home/wlia0047/ar57/wenyu/GeneRec/results/stage3_T5Train/iter11_curvature_scaled_commitment/ckpt/Amazon_2023_Instruments/Sep-25-2026_05-25-18/HG_Rec_best.pth
2026-09-25 05:29:25,568 - INFO - Epoch 21/150 train_loss=2.7753021049499513
2026-09-25 05:29:25,603 - INFO - Best train loss=2.7753021049499513; saved /home/wlia0047/ar57/wenyu/GeneRec/results/stage3_T5Train/iter11_curvature_scaled_commitment/ckpt/Amazon_2023_Instruments/Sep-25-2026_05-25-18/HG_Rec_best.pth
2026-09-25 05:29:37,204 - INFO - Epoch 22/150 train_loss=2.732984447479248
2026-09-25 05:29:37,240 - INFO - Best train loss=2.732984447479248; saved /home/wlia0047/ar57/wenyu/GeneRec/results/stage3_T5Train/iter11_curvature_scaled_commitment/ckpt/Amazon_2023_Instruments/Sep-25-2026_05-25-18/HG_Rec_best.pth
2026-09-25 05:29:48,846 - INFO - Epoch 23/150 train_loss=2.6851748275756835
2026-09-25 05:29:48,881 - INFO - Best train loss=2.6851748275756835; saved /home/wlia0047/ar57/wenyu/GeneRec/results/stage3_T5Train/iter11_curvature_scaled_commitment/ckpt/Amazon_2023_Instruments/Sep-25-2026_05-25-18/HG_Rec_best.pth
2026-09-25 05:30:00,485 - INFO - Epoch 24/150 train_loss=2.6459990406036376
2026-09-25 05:30:00,523 - INFO - Best train loss=2.6459990406036376; saved /home/wlia0047/ar57/wenyu/GeneRec/results/stage3_T5Train/iter11_curvature_scaled_commitment/ckpt/Amazon_2023_Instruments/Sep-25-2026_05-25-18/HG_Rec_best.pth
2026-09-25 05:30:12,129 - INFO - Epoch 25/150 train_loss=2.6070843601226805
2026-09-25 05:30:12,172 - INFO - Best train loss=2.6070843601226805; saved /home/wlia0047/ar57/wenyu/GeneRec/results/stage3_T5Train/iter11_curvature_scaled_commitment/ckpt/Amazon_2023_Instruments/Sep-25-2026_05-25-18/HG_Rec_best.pth
2026-09-25 05:30:23,783 - INFO - Epoch 26/150 train_loss=2.5637255001068113
2026-09-25 05:30:23,821 - INFO - Best train loss=2.5637255001068113; saved /home/wlia0047/ar57/wenyu/GeneRec/results/stage3_T5Train/iter11_curvature_scaled_commitment/ckpt/Amazon_2023_Instruments/Sep-25-2026_05-25-18/HG_Rec_best.pth
2026-09-25 05:30:35,437 - INFO - Epoch 27/150 train_loss=2.5400712203979494
2026-09-25 05:30:35,474 - INFO - Best train loss=2.5400712203979494; saved /home/wlia0047/ar57/wenyu/GeneRec/results/stage3_T5Train/iter11_curvature_scaled_commitment/ckpt/Amazon_2023_Instruments/Sep-25-2026_05-25-18/HG_Rec_best.pth
2026-09-25 05:30:47,082 - INFO - Epoch 28/150 train_loss=2.5024352645874024
2026-09-25 05:30:47,121 - INFO - Best train loss=2.5024352645874024; saved /home/wlia0047/ar57/wenyu/GeneRec/results/stage3_T5Train/iter11_curvature_scaled_commitment/ckpt/Amazon_2023_Instruments/Sep-25-2026_05-25-18/HG_Rec_best.pth
2026-09-25 05:30:58,733 - INFO - Epoch 29/150 train_loss=2.4755873680114746
2026-09-25 05:30:58,769 - INFO - Best train loss=2.4755873680114746; saved /home/wlia0047/ar57/wenyu/GeneRec/results/stage3_T5Train/iter11_curvature_scaled_commitment/ckpt/Amazon_2023_Instruments/Sep-25-2026_05-25-18/HG_Rec_best.pth
2026-09-25 05:31:10,386 - INFO - Epoch 30/150 train_loss=2.4504103088378906
2026-09-25 05:31:10,422 - INFO - Best train loss=2.4504103088378906; saved /home/wlia0047/ar57/wenyu/GeneRec/results/stage3_T5Train/iter11_curvature_scaled_commitment/ckpt/Amazon_2023_Instruments/Sep-25-2026_05-25-18/HG_Rec_best.pth
2026-09-25 05:31:22,029 - INFO - Epoch 31/150 train_loss=2.429813346862793
2026-09-25 05:31:22,066 - INFO - Best train loss=2.429813346862793; saved /home/wlia0047/ar57/wenyu/GeneRec/results/stage3_T5Train/iter11_curvature_scaled_commitment/ckpt/Amazon_2023_Instruments/Sep-25-2026_05-25-18/HG_Rec_best.pth
2026-09-25 05:31:33,676 - INFO - Epoch 32/150 train_loss=2.403560800552368
2026-09-25 05:31:33,713 - INFO - Best train loss=2.403560800552368; saved /home/wlia0047/ar57/wenyu/GeneRec/results/stage3_T5Train/iter11_curvature_scaled_commitment/ckpt/Amazon_2023_Instruments/Sep-25-2026_05-25-18/HG_Rec_best.pth
2026-09-25 05:31:45,321 - INFO - Epoch 33/150 train_loss=2.3794857978820803
2026-09-25 05:31:45,358 - INFO - Best train loss=2.3794857978820803; saved /home/wlia0047/ar57/wenyu/GeneRec/results/stage3_T5Train/iter11_curvature_scaled_commitment/ckpt/Amazon_2023_Instruments/Sep-25-2026_05-25-18/HG_Rec_best.pth
2026-09-25 05:31:56,962 - INFO - Epoch 34/150 train_loss=2.361843271255493
2026-09-25 05:31:57,001 - INFO - Best train loss=2.361843271255493; saved /home/wlia0047/ar57/wenyu/GeneRec/results/stage3_T5Train/iter11_curvature_scaled_commitment/ckpt/Amazon_2023_Instruments/Sep-25-2026_05-25-18/HG_Rec_best.pth
2026-09-25 05:32:08,611 - INFO - Epoch 35/150 train_loss=2.3487895107269288
2026-09-25 05:32:08,650 - INFO - Best train loss=2.3487895107269288; saved /home/wlia0047/ar57/wenyu/GeneRec/results/stage3_T5Train/iter11_curvature_scaled_commitment/ckpt/Amazon_2023_Instruments/Sep-25-2026_05-25-18/HG_Rec_best.pth
2026-09-25 05:32:20,252 - INFO - Epoch 36/150 train_loss=2.3289848518371583
2026-09-25 05:32:20,290 - INFO - Best train loss=2.3289848518371583; saved /home/wlia0047/ar57/wenyu/GeneRec/results/stage3_T5Train/iter11_curvature_scaled_commitment/ckpt/Amazon_2023_Instruments/Sep-25-2026_05-25-18/HG_Rec_best.pth
2026-09-25 05:32:31,899 - INFO - Epoch 37/150 train_loss=2.3069998931884768
2026-09-25 05:32:31,935 - INFO - Best train loss=2.3069998931884768; saved /home/wlia0047/ar57/wenyu/GeneRec/results/stage3_T5Train/iter11_curvature_scaled_commitment/ckpt/Amazon_2023_Instruments/Sep-25-2026_05-25-18/HG_Rec_best.pth
2026-09-25 05:32:43,543 - INFO - Epoch 38/150 train_loss=2.294556932449341
2026-09-25 05:32:43,581 - INFO - Best train loss=2.294556932449341; saved /home/wlia0047/ar57/wenyu/GeneRec/results/stage3_T5Train/iter11_curvature_scaled_commitment/ckpt/Amazon_2023_Instruments/Sep-25-2026_05-25-18/HG_Rec_best.pth
2026-09-25 05:32:55,185 - INFO - Epoch 39/150 train_loss=2.2800373935699465
2026-09-25 05:32:55,223 - INFO - Best train loss=2.2800373935699465; saved /home/wlia0047/ar57/wenyu/GeneRec/results/stage3_T5Train/iter11_curvature_scaled_commitment/ckpt/Amazon_2023_Instruments/Sep-25-2026_05-25-18/HG_Rec_best.pth
2026-09-25 05:33:06,828 - INFO - Epoch 40/150 train_loss=2.2633155822753905
2026-09-25 05:33:06,866 - INFO - Best train loss=2.2633155822753905; saved /home/wlia0047/ar57/wenyu/GeneRec/results/stage3_T5Train/iter11_curvature_scaled_commitment/ckpt/Amazon_2023_Instruments/Sep-25-2026_05-25-18/HG_Rec_best.pth
2026-09-25 05:33:18,472 - INFO - Epoch 41/150 train_loss=2.245054340362549
2026-09-25 05:33:18,508 - INFO - Best train loss=2.245054340362549; saved /home/wlia0047/ar57/wenyu/GeneRec/results/stage3_T5Train/iter11_curvature_scaled_commitment/ckpt/Amazon_2023_Instruments/Sep-25-2026_05-25-18/HG_Rec_best.pth
2026-09-25 05:33:30,114 - INFO - Epoch 42/150 train_loss=2.22700740814209
2026-09-25 05:33:30,151 - INFO - Best train loss=2.22700740814209; saved /home/wlia0047/ar57/wenyu/GeneRec/results/stage3_T5Train/iter11_curvature_scaled_commitment/ckpt/Amazon_2023_Instruments/Sep-25-2026_05-25-18/HG_Rec_best.pth
2026-09-25 05:33:41,803 - INFO - Epoch 43/150 train_loss=2.210724048614502
2026-09-25 05:33:41,840 - INFO - Best train loss=2.210724048614502; saved /home/wlia0047/ar57/wenyu/GeneRec/results/stage3_T5Train/iter11_curvature_scaled_commitment/ckpt/Amazon_2023_Instruments/Sep-25-2026_05-25-18/HG_Rec_best.pth
2026-09-25 05:33:53,446 - INFO - Epoch 44/150 train_loss=2.1978324699401854
2026-09-25 05:33:53,485 - INFO - Best train loss=2.1978324699401854; saved /home/wlia0047/ar57/wenyu/GeneRec/results/stage3_T5Train/iter11_curvature_scaled_commitment/ckpt/Amazon_2023_Instruments/Sep-25-2026_05-25-18/HG_Rec_best.pth
2026-09-25 05:34:05,091 - INFO - Epoch 45/150 train_loss=2.1879889488220217
2026-09-25 05:34:05,127 - INFO - Best train loss=2.1879889488220217; saved /home/wlia0047/ar57/wenyu/GeneRec/results/stage3_T5Train/iter11_curvature_scaled_commitment/ckpt/Amazon_2023_Instruments/Sep-25-2026_05-25-18/HG_Rec_best.pth
2026-09-25 05:34:16,736 - INFO - Epoch 46/150 train_loss=2.178872833251953
2026-09-25 05:34:16,771 - INFO - Best train loss=2.178872833251953; saved /home/wlia0047/ar57/wenyu/GeneRec/results/stage3_T5Train/iter11_curvature_scaled_commitment/ckpt/Amazon_2023_Instruments/Sep-25-2026_05-25-18/HG_Rec_best.pth
2026-09-25 05:34:28,377 - INFO - Epoch 47/150 train_loss=2.169790897369385
2026-09-25 05:34:28,417 - INFO - Best train loss=2.169790897369385; saved /home/wlia0047/ar57/wenyu/GeneRec/results/stage3_T5Train/iter11_curvature_scaled_commitment/ckpt/Amazon_2023_Instruments/Sep-25-2026_05-25-18/HG_Rec_best.pth
2026-09-25 05:34:40,023 - INFO - Epoch 48/150 train_loss=2.1600676441192626
2026-09-25 05:34:40,060 - INFO - Best train loss=2.1600676441192626; saved /home/wlia0047/ar57/wenyu/GeneRec/results/stage3_T5Train/iter11_curvature_scaled_commitment/ckpt/Amazon_2023_Instruments/Sep-25-2026_05-25-18/HG_Rec_best.pth
2026-09-25 05:34:51,665 - INFO - Epoch 49/150 train_loss=2.146162509918213
2026-09-25 05:34:51,701 - INFO - Best train loss=2.146162509918213; saved /home/wlia0047/ar57/wenyu/GeneRec/results/stage3_T5Train/iter11_curvature_scaled_commitment/ckpt/Amazon_2023_Instruments/Sep-25-2026_05-25-18/HG_Rec_best.pth
2026-09-25 05:35:03,311 - INFO - Epoch 50/150 train_loss=2.145854740142822
2026-09-25 05:35:03,346 - INFO - Best train loss=2.145854740142822; saved /home/wlia0047/ar57/wenyu/GeneRec/results/stage3_T5Train/iter11_curvature_scaled_commitment/ckpt/Amazon_2023_Instruments/Sep-25-2026_05-25-18/HG_Rec_best.pth
2026-09-25 05:35:15,139 - INFO - Epoch 51/150 train_loss=2.1343749809265136
2026-09-25 05:35:15,256 - INFO - Best train loss=2.1343749809265136; saved /home/wlia0047/ar57/wenyu/GeneRec/results/stage3_T5Train/iter11_curvature_scaled_commitment/ckpt/Amazon_2023_Instruments/Sep-25-2026_05-25-18/HG_Rec_best.pth
2026-09-25 05:35:26,976 - INFO - Epoch 52/150 train_loss=2.13077260017395
2026-09-25 05:35:27,012 - INFO - Best train loss=2.13077260017395; saved /home/wlia0047/ar57/wenyu/GeneRec/results/stage3_T5Train/iter11_curvature_scaled_commitment/ckpt/Amazon_2023_Instruments/Sep-25-2026_05-25-18/HG_Rec_best.pth
2026-09-25 05:35:38,619 - INFO - Epoch 53/150 train_loss=2.123349542617798
2026-09-25 05:35:38,655 - INFO - Best train loss=2.123349542617798; saved /home/wlia0047/ar57/wenyu/GeneRec/results/stage3_T5Train/iter11_curvature_scaled_commitment/ckpt/Amazon_2023_Instruments/Sep-25-2026_05-25-18/HG_Rec_best.pth
2026-09-25 05:35:50,262 - INFO - Epoch 54/150 train_loss=2.114423542022705
2026-09-25 05:35:50,299 - INFO - Best train loss=2.114423542022705; saved /home/wlia0047/ar57/wenyu/GeneRec/results/stage3_T5Train/iter11_curvature_scaled_commitment/ckpt/Amazon_2023_Instruments/Sep-25-2026_05-25-18/HG_Rec_best.pth
2026-09-25 05:36:03,647 - INFO - Epoch 55/150 train_loss=2.1082946968078615
2026-09-25 05:36:03,685 - INFO - Best train loss=2.1082946968078615; saved /home/wlia0047/ar57/wenyu/GeneRec/results/stage3_T5Train/iter11_curvature_scaled_commitment/ckpt/Amazon_2023_Instruments/Sep-25-2026_05-25-18/HG_Rec_best.pth
2026-09-25 05:36:15,295 - INFO - Epoch 56/150 train_loss=2.103505401611328
2026-09-25 05:36:15,363 - INFO - Best train loss=2.103505401611328; saved /home/wlia0047/ar57/wenyu/GeneRec/results/stage3_T5Train/iter11_curvature_scaled_commitment/ckpt/Amazon_2023_Instruments/Sep-25-2026_05-25-18/HG_Rec_best.pth
2026-09-25 05:36:26,969 - INFO - Epoch 57/150 train_loss=2.091688327789307
2026-09-25 05:36:27,010 - INFO - Best train loss=2.091688327789307; saved /home/wlia0047/ar57/wenyu/GeneRec/results/stage3_T5Train/iter11_curvature_scaled_commitment/ckpt/Amazon_2023_Instruments/Sep-25-2026_05-25-18/HG_Rec_best.pth
2026-09-25 05:36:38,612 - INFO - Epoch 58/150 train_loss=2.0864008712768554
2026-09-25 05:36:38,649 - INFO - Best train loss=2.0864008712768554; saved /home/wlia0047/ar57/wenyu/GeneRec/results/stage3_T5Train/iter11_curvature_scaled_commitment/ckpt/Amazon_2023_Instruments/Sep-25-2026_05-25-18/HG_Rec_best.pth
2026-09-25 05:36:50,256 - INFO - Epoch 59/150 train_loss=2.083836107254028
2026-09-25 05:36:50,293 - INFO - Best train loss=2.083836107254028; saved /home/wlia0047/ar57/wenyu/GeneRec/results/stage3_T5Train/iter11_curvature_scaled_commitment/ckpt/Amazon_2023_Instruments/Sep-25-2026_05-25-18/HG_Rec_best.pth
2026-09-25 05:37:01,902 - INFO - Epoch 60/150 train_loss=2.07680814743042
2026-09-25 05:37:01,941 - INFO - Best train loss=2.07680814743042; saved /home/wlia0047/ar57/wenyu/GeneRec/results/stage3_T5Train/iter11_curvature_scaled_commitment/ckpt/Amazon_2023_Instruments/Sep-25-2026_05-25-18/HG_Rec_best.pth
2026-09-25 05:37:13,553 - INFO - Epoch 61/150 train_loss=2.072015810012817
2026-09-25 05:37:13,590 - INFO - Best train loss=2.072015810012817; saved /home/wlia0047/ar57/wenyu/GeneRec/results/stage3_T5Train/iter11_curvature_scaled_commitment/ckpt/Amazon_2023_Instruments/Sep-25-2026_05-25-18/HG_Rec_best.pth
2026-09-25 05:37:25,196 - INFO - Epoch 62/150 train_loss=2.06408221244812
2026-09-25 05:37:25,235 - INFO - Best train loss=2.06408221244812; saved /home/wlia0047/ar57/wenyu/GeneRec/results/stage3_T5Train/iter11_curvature_scaled_commitment/ckpt/Amazon_2023_Instruments/Sep-25-2026_05-25-18/HG_Rec_best.pth
2026-09-25 05:37:36,843 - INFO - Epoch 63/150 train_loss=2.063099937438965
2026-09-25 05:37:36,885 - INFO - Best train loss=2.063099937438965; saved /home/wlia0047/ar57/wenyu/GeneRec/results/stage3_T5Train/iter11_curvature_scaled_commitment/ckpt/Amazon_2023_Instruments/Sep-25-2026_05-25-18/HG_Rec_best.pth
2026-09-25 05:37:48,501 - INFO - Epoch 64/150 train_loss=2.0599938011169434
2026-09-25 05:37:48,537 - INFO - Best train loss=2.0599938011169434; saved /home/wlia0047/ar57/wenyu/GeneRec/results/stage3_T5Train/iter11_curvature_scaled_commitment/ckpt/Amazon_2023_Instruments/Sep-25-2026_05-25-18/HG_Rec_best.pth
2026-09-25 05:38:00,138 - INFO - Epoch 65/150 train_loss=2.054626865386963
2026-09-25 05:38:00,175 - INFO - Best train loss=2.054626865386963; saved /home/wlia0047/ar57/wenyu/GeneRec/results/stage3_T5Train/iter11_curvature_scaled_commitment/ckpt/Amazon_2023_Instruments/Sep-25-2026_05-25-18/HG_Rec_best.pth
2026-09-25 05:38:11,777 - INFO - Epoch 66/150 train_loss=2.049268751144409
2026-09-25 05:38:11,815 - INFO - Best train loss=2.049268751144409; saved /home/wlia0047/ar57/wenyu/GeneRec/results/stage3_T5Train/iter11_curvature_scaled_commitment/ckpt/Amazon_2023_Instruments/Sep-25-2026_05-25-18/HG_Rec_best.pth
2026-09-25 05:38:23,418 - INFO - Epoch 67/150 train_loss=2.045516138076782
2026-09-25 05:38:23,456 - INFO - Best train loss=2.045516138076782; saved /home/wlia0047/ar57/wenyu/GeneRec/results/stage3_T5Train/iter11_curvature_scaled_commitment/ckpt/Amazon_2023_Instruments/Sep-25-2026_05-25-18/HG_Rec_best.pth
2026-09-25 05:38:35,087 - INFO - Epoch 68/150 train_loss=2.0426982688903808
2026-09-25 05:38:35,124 - INFO - Best train loss=2.0426982688903808; saved /home/wlia0047/ar57/wenyu/GeneRec/results/stage3_T5Train/iter11_curvature_scaled_commitment/ckpt/Amazon_2023_Instruments/Sep-25-2026_05-25-18/HG_Rec_best.pth
2026-09-25 05:38:46,729 - INFO - Epoch 69/150 train_loss=2.041264047622681
2026-09-25 05:38:46,765 - INFO - Best train loss=2.041264047622681; saved /home/wlia0047/ar57/wenyu/GeneRec/results/stage3_T5Train/iter11_curvature_scaled_commitment/ckpt/Amazon_2023_Instruments/Sep-25-2026_05-25-18/HG_Rec_best.pth
2026-09-25 05:38:58,375 - INFO - Epoch 70/150 train_loss=2.032011613845825
2026-09-25 05:38:58,411 - INFO - Best train loss=2.032011613845825; saved /home/wlia0047/ar57/wenyu/GeneRec/results/stage3_T5Train/iter11_curvature_scaled_commitment/ckpt/Amazon_2023_Instruments/Sep-25-2026_05-25-18/HG_Rec_best.pth
2026-09-25 05:39:10,017 - INFO - Epoch 71/150 train_loss=2.0311408138275144
2026-09-25 05:39:10,055 - INFO - Best train loss=2.0311408138275144; saved /home/wlia0047/ar57/wenyu/GeneRec/results/stage3_T5Train/iter11_curvature_scaled_commitment/ckpt/Amazon_2023_Instruments/Sep-25-2026_05-25-18/HG_Rec_best.pth
2026-09-25 05:39:21,658 - INFO - Epoch 72/150 train_loss=2.0279874992370606
2026-09-25 05:39:21,695 - INFO - Best train loss=2.0279874992370606; saved /home/wlia0047/ar57/wenyu/GeneRec/results/stage3_T5Train/iter11_curvature_scaled_commitment/ckpt/Amazon_2023_Instruments/Sep-25-2026_05-25-18/HG_Rec_best.pth
2026-09-25 05:39:33,304 - INFO - Epoch 73/150 train_loss=2.0183011054992677
2026-09-25 05:39:33,341 - INFO - Best train loss=2.0183011054992677; saved /home/wlia0047/ar57/wenyu/GeneRec/results/stage3_T5Train/iter11_curvature_scaled_commitment/ckpt/Amazon_2023_Instruments/Sep-25-2026_05-25-18/HG_Rec_best.pth
2026-09-25 05:39:44,946 - INFO - Epoch 74/150 train_loss=2.021673393249512
2026-09-25 05:39:44,953 - INFO - No train loss improvement; patience=1
2026-09-25 05:39:56,553 - INFO - Epoch 75/150 train_loss=2.017833752632141
2026-09-25 05:39:56,595 - INFO - Best train loss=2.017833752632141; saved /home/wlia0047/ar57/wenyu/GeneRec/results/stage3_T5Train/iter11_curvature_scaled_commitment/ckpt/Amazon_2023_Instruments/Sep-25-2026_05-25-18/HG_Rec_best.pth
2026-09-25 05:40:08,202 - INFO - Epoch 76/150 train_loss=2.0145386981964113
2026-09-25 05:40:08,241 - INFO - Best train loss=2.0145386981964113; saved /home/wlia0047/ar57/wenyu/GeneRec/results/stage3_T5Train/iter11_curvature_scaled_commitment/ckpt/Amazon_2023_Instruments/Sep-25-2026_05-25-18/HG_Rec_best.pth
2026-09-25 05:40:19,846 - INFO - Epoch 77/150 train_loss=2.0069669389724734
2026-09-25 05:40:19,888 - INFO - Best train loss=2.0069669389724734; saved /home/wlia0047/ar57/wenyu/GeneRec/results/stage3_T5Train/iter11_curvature_scaled_commitment/ckpt/Amazon_2023_Instruments/Sep-25-2026_05-25-18/HG_Rec_best.pth
2026-09-25 05:40:31,496 - INFO - Epoch 78/150 train_loss=2.006351714134216
2026-09-25 05:40:31,531 - INFO - Best train loss=2.006351714134216; saved /home/wlia0047/ar57/wenyu/GeneRec/results/stage3_T5Train/iter11_curvature_scaled_commitment/ckpt/Amazon_2023_Instruments/Sep-25-2026_05-25-18/HG_Rec_best.pth
2026-09-25 05:40:43,140 - INFO - Epoch 79/150 train_loss=2.0053489780426026
2026-09-25 05:40:43,177 - INFO - Best train loss=2.0053489780426026; saved /home/wlia0047/ar57/wenyu/GeneRec/results/stage3_T5Train/iter11_curvature_scaled_commitment/ckpt/Amazon_2023_Instruments/Sep-25-2026_05-25-18/HG_Rec_best.pth
2026-09-25 05:40:55,319 - INFO - Epoch 80/150 train_loss=2.000422658920288
2026-09-25 05:40:55,356 - INFO - Best train loss=2.000422658920288; saved /home/wlia0047/ar57/wenyu/GeneRec/results/stage3_T5Train/iter11_curvature_scaled_commitment/ckpt/Amazon_2023_Instruments/Sep-25-2026_05-25-18/HG_Rec_best.pth
2026-09-25 05:41:06,962 - INFO - Epoch 81/150 train_loss=2.001393961906433
2026-09-25 05:41:06,970 - INFO - No train loss improvement; patience=1
2026-09-25 05:41:18,571 - INFO - Epoch 82/150 train_loss=1.9929467678070067
2026-09-25 05:41:18,612 - INFO - Best train loss=1.9929467678070067; saved /home/wlia0047/ar57/wenyu/GeneRec/results/stage3_T5Train/iter11_curvature_scaled_commitment/ckpt/Amazon_2023_Instruments/Sep-25-2026_05-25-18/HG_Rec_best.pth
2026-09-25 05:41:30,218 - INFO - Epoch 83/150 train_loss=1.991841778755188
2026-09-25 05:41:30,254 - INFO - Best train loss=1.991841778755188; saved /home/wlia0047/ar57/wenyu/GeneRec/results/stage3_T5Train/iter11_curvature_scaled_commitment/ckpt/Amazon_2023_Instruments/Sep-25-2026_05-25-18/HG_Rec_best.pth
2026-09-25 05:41:41,855 - INFO - Epoch 84/150 train_loss=1.9873919630050658
2026-09-25 05:41:41,896 - INFO - Best train loss=1.9873919630050658; saved /home/wlia0047/ar57/wenyu/GeneRec/results/stage3_T5Train/iter11_curvature_scaled_commitment/ckpt/Amazon_2023_Instruments/Sep-25-2026_05-25-18/HG_Rec_best.pth
2026-09-25 05:41:53,499 - INFO - Epoch 85/150 train_loss=1.9846157073974608
2026-09-25 05:41:53,533 - INFO - Best train loss=1.9846157073974608; saved /home/wlia0047/ar57/wenyu/GeneRec/results/stage3_T5Train/iter11_curvature_scaled_commitment/ckpt/Amazon_2023_Instruments/Sep-25-2026_05-25-18/HG_Rec_best.pth
2026-09-25 05:42:05,133 - INFO - Epoch 86/150 train_loss=1.982728796005249
2026-09-25 05:42:05,174 - INFO - Best train loss=1.982728796005249; saved /home/wlia0047/ar57/wenyu/GeneRec/results/stage3_T5Train/iter11_curvature_scaled_commitment/ckpt/Amazon_2023_Instruments/Sep-25-2026_05-25-18/HG_Rec_best.pth
2026-09-25 05:42:16,781 - INFO - Epoch 87/150 train_loss=1.9815264320373536
2026-09-25 05:42:16,819 - INFO - Best train loss=1.9815264320373536; saved /home/wlia0047/ar57/wenyu/GeneRec/results/stage3_T5Train/iter11_curvature_scaled_commitment/ckpt/Amazon_2023_Instruments/Sep-25-2026_05-25-18/HG_Rec_best.pth
2026-09-25 05:42:28,420 - INFO - Epoch 88/150 train_loss=1.9776186180114745
2026-09-25 05:42:28,458 - INFO - Best train loss=1.9776186180114745; saved /home/wlia0047/ar57/wenyu/GeneRec/results/stage3_T5Train/iter11_curvature_scaled_commitment/ckpt/Amazon_2023_Instruments/Sep-25-2026_05-25-18/HG_Rec_best.pth
2026-09-25 05:42:40,060 - INFO - Epoch 89/150 train_loss=1.9755372619628906
2026-09-25 05:42:40,098 - INFO - Best train loss=1.9755372619628906; saved /home/wlia0047/ar57/wenyu/GeneRec/results/stage3_T5Train/iter11_curvature_scaled_commitment/ckpt/Amazon_2023_Instruments/Sep-25-2026_05-25-18/HG_Rec_best.pth
2026-09-25 05:42:51,707 - INFO - Epoch 90/150 train_loss=1.9731201696395875
2026-09-25 05:42:51,746 - INFO - Best train loss=1.9731201696395875; saved /home/wlia0047/ar57/wenyu/GeneRec/results/stage3_T5Train/iter11_curvature_scaled_commitment/ckpt/Amazon_2023_Instruments/Sep-25-2026_05-25-18/HG_Rec_best.pth
2026-09-25 05:43:03,351 - INFO - Epoch 91/150 train_loss=1.9685138750076294
2026-09-25 05:43:03,387 - INFO - Best train loss=1.9685138750076294; saved /home/wlia0047/ar57/wenyu/GeneRec/results/stage3_T5Train/iter11_curvature_scaled_commitment/ckpt/Amazon_2023_Instruments/Sep-25-2026_05-25-18/HG_Rec_best.pth
2026-09-25 05:43:14,986 - INFO - Epoch 92/150 train_loss=1.9706103229522705
2026-09-25 05:43:14,989 - INFO - No train loss improvement; patience=1
2026-09-25 05:43:26,633 - INFO - Epoch 93/150 train_loss=1.9638209342956543
2026-09-25 05:43:26,682 - INFO - Best train loss=1.9638209342956543; saved /home/wlia0047/ar57/wenyu/GeneRec/results/stage3_T5Train/iter11_curvature_scaled_commitment/ckpt/Amazon_2023_Instruments/Sep-25-2026_05-25-18/HG_Rec_best.pth
2026-09-25 05:43:38,287 - INFO - Epoch 94/150 train_loss=1.9670888137817384
2026-09-25 05:43:38,290 - INFO - No train loss improvement; patience=1
2026-09-25 05:43:49,895 - INFO - Epoch 95/150 train_loss=1.9596443700790405
2026-09-25 05:43:49,933 - INFO - Best train loss=1.9596443700790405; saved /home/wlia0047/ar57/wenyu/GeneRec/results/stage3_T5Train/iter11_curvature_scaled_commitment/ckpt/Amazon_2023_Instruments/Sep-25-2026_05-25-18/HG_Rec_best.pth
2026-09-25 05:44:01,533 - INFO - Epoch 96/150 train_loss=1.9604903078079223
2026-09-25 05:44:01,539 - INFO - No train loss improvement; patience=1
2026-09-25 05:44:13,139 - INFO - Epoch 97/150 train_loss=1.9569010162353515
2026-09-25 05:44:13,175 - INFO - Best train loss=1.9569010162353515; saved /home/wlia0047/ar57/wenyu/GeneRec/results/stage3_T5Train/iter11_curvature_scaled_commitment/ckpt/Amazon_2023_Instruments/Sep-25-2026_05-25-18/HG_Rec_best.pth
2026-09-25 05:44:24,776 - INFO - Epoch 98/150 train_loss=1.9534106063842773
2026-09-25 05:44:24,813 - INFO - Best train loss=1.9534106063842773; saved /home/wlia0047/ar57/wenyu/GeneRec/results/stage3_T5Train/iter11_curvature_scaled_commitment/ckpt/Amazon_2023_Instruments/Sep-25-2026_05-25-18/HG_Rec_best.pth
2026-09-25 05:44:36,421 - INFO - Epoch 99/150 train_loss=1.9527386808395386
2026-09-25 05:44:36,459 - INFO - Best train loss=1.9527386808395386; saved /home/wlia0047/ar57/wenyu/GeneRec/results/stage3_T5Train/iter11_curvature_scaled_commitment/ckpt/Amazon_2023_Instruments/Sep-25-2026_05-25-18/HG_Rec_best.pth
2026-09-25 05:44:48,067 - INFO - Epoch 100/150 train_loss=1.9513832855224609
2026-09-25 05:44:48,103 - INFO - Best train loss=1.9513832855224609; saved /home/wlia0047/ar57/wenyu/GeneRec/results/stage3_T5Train/iter11_curvature_scaled_commitment/ckpt/Amazon_2023_Instruments/Sep-25-2026_05-25-18/HG_Rec_best.pth
2026-09-25 05:44:59,708 - INFO - Epoch 101/150 train_loss=1.9474072647094727
2026-09-25 05:44:59,743 - INFO - Best train loss=1.9474072647094727; saved /home/wlia0047/ar57/wenyu/GeneRec/results/stage3_T5Train/iter11_curvature_scaled_commitment/ckpt/Amazon_2023_Instruments/Sep-25-2026_05-25-18/HG_Rec_best.pth
2026-09-25 05:45:11,353 - INFO - Epoch 102/150 train_loss=1.949055404663086
2026-09-25 05:45:11,360 - INFO - No train loss improvement; patience=1
2026-09-25 05:45:23,003 - INFO - Epoch 103/150 train_loss=1.9427561283111572
2026-09-25 05:45:23,042 - INFO - Best train loss=1.9427561283111572; saved /home/wlia0047/ar57/wenyu/GeneRec/results/stage3_T5Train/iter11_curvature_scaled_commitment/ckpt/Amazon_2023_Instruments/Sep-25-2026_05-25-18/HG_Rec_best.pth
2026-09-25 05:45:35,599 - INFO - Epoch 104/150 train_loss=1.9426277732849122
2026-09-25 05:45:35,637 - INFO - Best train loss=1.9426277732849122; saved /home/wlia0047/ar57/wenyu/GeneRec/results/stage3_T5Train/iter11_curvature_scaled_commitment/ckpt/Amazon_2023_Instruments/Sep-25-2026_05-25-18/HG_Rec_best.pth
2026-09-25 05:45:47,243 - INFO - Epoch 105/150 train_loss=1.9424044132232665
2026-09-25 05:45:47,284 - INFO - Best train loss=1.9424044132232665; saved /home/wlia0047/ar57/wenyu/GeneRec/results/stage3_T5Train/iter11_curvature_scaled_commitment/ckpt/Amazon_2023_Instruments/Sep-25-2026_05-25-18/HG_Rec_best.pth
2026-09-25 05:45:59,034 - INFO - Epoch 106/150 train_loss=1.9367161035537719
2026-09-25 05:45:59,069 - INFO - Best train loss=1.9367161035537719; saved /home/wlia0047/ar57/wenyu/GeneRec/results/stage3_T5Train/iter11_curvature_scaled_commitment/ckpt/Amazon_2023_Instruments/Sep-25-2026_05-25-18/HG_Rec_best.pth
2026-09-25 05:46:10,673 - INFO - Epoch 107/150 train_loss=1.9392601823806763
2026-09-25 05:46:10,679 - INFO - No train loss improvement; patience=1
2026-09-25 05:46:22,280 - INFO - Epoch 108/150 train_loss=1.937976016998291
2026-09-25 05:46:22,287 - INFO - No train loss improvement; patience=2
2026-09-25 05:46:33,887 - INFO - Epoch 109/150 train_loss=1.9314743947982789
2026-09-25 05:46:33,925 - INFO - Best train loss=1.9314743947982789; saved /home/wlia0047/ar57/wenyu/GeneRec/results/stage3_T5Train/iter11_curvature_scaled_commitment/ckpt/Amazon_2023_Instruments/Sep-25-2026_05-25-18/HG_Rec_best.pth
2026-09-25 05:46:45,528 - INFO - Epoch 110/150 train_loss=1.9292003631591796
2026-09-25 05:46:45,569 - INFO - Best train loss=1.9292003631591796; saved /home/wlia0047/ar57/wenyu/GeneRec/results/stage3_T5Train/iter11_curvature_scaled_commitment/ckpt/Amazon_2023_Instruments/Sep-25-2026_05-25-18/HG_Rec_best.pth
2026-09-25 05:46:57,175 - INFO - Epoch 111/150 train_loss=1.9291366624832154
2026-09-25 05:46:57,211 - INFO - Best train loss=1.9291366624832154; saved /home/wlia0047/ar57/wenyu/GeneRec/results/stage3_T5Train/iter11_curvature_scaled_commitment/ckpt/Amazon_2023_Instruments/Sep-25-2026_05-25-18/HG_Rec_best.pth
2026-09-25 05:47:08,823 - INFO - Epoch 112/150 train_loss=1.9269410371780396
2026-09-25 05:47:08,863 - INFO - Best train loss=1.9269410371780396; saved /home/wlia0047/ar57/wenyu/GeneRec/results/stage3_T5Train/iter11_curvature_scaled_commitment/ckpt/Amazon_2023_Instruments/Sep-25-2026_05-25-18/HG_Rec_best.pth
2026-09-25 05:47:20,471 - INFO - Epoch 113/150 train_loss=1.9269786739349366
2026-09-25 05:47:20,474 - INFO - No train loss improvement; patience=1
2026-09-25 05:47:32,073 - INFO - Epoch 114/150 train_loss=1.9249807453155519
2026-09-25 05:47:32,120 - INFO - Best train loss=1.9249807453155519; saved /home/wlia0047/ar57/wenyu/GeneRec/results/stage3_T5Train/iter11_curvature_scaled_commitment/ckpt/Amazon_2023_Instruments/Sep-25-2026_05-25-18/HG_Rec_best.pth
2026-09-25 05:47:43,729 - INFO - Epoch 115/150 train_loss=1.9221496486663818
2026-09-25 05:47:43,766 - INFO - Best train loss=1.9221496486663818; saved /home/wlia0047/ar57/wenyu/GeneRec/results/stage3_T5Train/iter11_curvature_scaled_commitment/ckpt/Amazon_2023_Instruments/Sep-25-2026_05-25-18/HG_Rec_best.pth
2026-09-25 05:47:55,374 - INFO - Epoch 116/150 train_loss=1.9228926992416382
2026-09-25 05:47:55,378 - INFO - No train loss improvement; patience=1
2026-09-25 05:48:08,720 - INFO - Epoch 117/150 train_loss=1.9208038234710694
2026-09-25 05:48:08,811 - INFO - Best train loss=1.9208038234710694; saved /home/wlia0047/ar57/wenyu/GeneRec/results/stage3_T5Train/iter11_curvature_scaled_commitment/ckpt/Amazon_2023_Instruments/Sep-25-2026_05-25-18/HG_Rec_best.pth
2026-09-25 05:48:20,417 - INFO - Epoch 118/150 train_loss=1.9171390533447266
2026-09-25 05:48:20,454 - INFO - Best train loss=1.9171390533447266; saved /home/wlia0047/ar57/wenyu/GeneRec/results/stage3_T5Train/iter11_curvature_scaled_commitment/ckpt/Amazon_2023_Instruments/Sep-25-2026_05-25-18/HG_Rec_best.pth
2026-09-25 05:48:32,061 - INFO - Epoch 119/150 train_loss=1.9154955673217773
2026-09-25 05:48:32,116 - INFO - Best train loss=1.9154955673217773; saved /home/wlia0047/ar57/wenyu/GeneRec/results/stage3_T5Train/iter11_curvature_scaled_commitment/ckpt/Amazon_2023_Instruments/Sep-25-2026_05-25-18/HG_Rec_best.pth
2026-09-25 05:48:43,727 - INFO - Epoch 120/150 train_loss=1.912297797203064
2026-09-25 05:48:43,763 - INFO - Best train loss=1.912297797203064; saved /home/wlia0047/ar57/wenyu/GeneRec/results/stage3_T5Train/iter11_curvature_scaled_commitment/ckpt/Amazon_2023_Instruments/Sep-25-2026_05-25-18/HG_Rec_best.pth
2026-09-25 05:48:55,371 - INFO - Epoch 121/150 train_loss=1.9125542879104613
2026-09-25 05:48:55,374 - INFO - No train loss improvement; patience=1
2026-09-25 05:49:06,977 - INFO - Epoch 122/150 train_loss=1.91156813621521
2026-09-25 05:49:07,012 - INFO - Best train loss=1.91156813621521; saved /home/wlia0047/ar57/wenyu/GeneRec/results/stage3_T5Train/iter11_curvature_scaled_commitment/ckpt/Amazon_2023_Instruments/Sep-25-2026_05-25-18/HG_Rec_best.pth
2026-09-25 05:49:18,619 - INFO - Epoch 123/150 train_loss=1.9085551071166993
2026-09-25 05:49:18,657 - INFO - Best train loss=1.9085551071166993; saved /home/wlia0047/ar57/wenyu/GeneRec/results/stage3_T5Train/iter11_curvature_scaled_commitment/ckpt/Amazon_2023_Instruments/Sep-25-2026_05-25-18/HG_Rec_best.pth
2026-09-25 05:49:30,260 - INFO - Epoch 124/150 train_loss=1.9091445636749267
2026-09-25 05:49:30,268 - INFO - No train loss improvement; patience=1
2026-09-25 05:49:41,873 - INFO - Epoch 125/150 train_loss=1.9073720788955688
2026-09-25 05:49:41,914 - INFO - Best train loss=1.9073720788955688; saved /home/wlia0047/ar57/wenyu/GeneRec/results/stage3_T5Train/iter11_curvature_scaled_commitment/ckpt/Amazon_2023_Instruments/Sep-25-2026_05-25-18/HG_Rec_best.pth
2026-09-25 05:49:53,521 - INFO - Epoch 126/150 train_loss=1.9055522394180298
2026-09-25 05:49:53,559 - INFO - Best train loss=1.9055522394180298; saved /home/wlia0047/ar57/wenyu/GeneRec/results/stage3_T5Train/iter11_curvature_scaled_commitment/ckpt/Amazon_2023_Instruments/Sep-25-2026_05-25-18/HG_Rec_best.pth
2026-09-25 05:50:05,169 - INFO - Epoch 127/150 train_loss=1.90459050655365
2026-09-25 05:50:05,207 - INFO - Best train loss=1.90459050655365; saved /home/wlia0047/ar57/wenyu/GeneRec/results/stage3_T5Train/iter11_curvature_scaled_commitment/ckpt/Amazon_2023_Instruments/Sep-25-2026_05-25-18/HG_Rec_best.pth
2026-09-25 05:50:16,815 - INFO - Epoch 128/150 train_loss=1.9065149450302123
2026-09-25 05:50:16,824 - INFO - No train loss improvement; patience=1
2026-09-25 05:50:28,425 - INFO - Epoch 129/150 train_loss=1.900925145149231
2026-09-25 05:50:28,464 - INFO - Best train loss=1.900925145149231; saved /home/wlia0047/ar57/wenyu/GeneRec/results/stage3_T5Train/iter11_curvature_scaled_commitment/ckpt/Amazon_2023_Instruments/Sep-25-2026_05-25-18/HG_Rec_best.pth
2026-09-25 05:50:40,070 - INFO - Epoch 130/150 train_loss=1.9025972270965577
2026-09-25 05:50:40,078 - INFO - No train loss improvement; patience=1
2026-09-25 05:50:51,682 - INFO - Epoch 131/150 train_loss=1.9002458238601685
2026-09-25 05:50:51,722 - INFO - Best train loss=1.9002458238601685; saved /home/wlia0047/ar57/wenyu/GeneRec/results/stage3_T5Train/iter11_curvature_scaled_commitment/ckpt/Amazon_2023_Instruments/Sep-25-2026_05-25-18/HG_Rec_best.pth
2026-09-25 05:51:03,325 - INFO - Epoch 132/150 train_loss=1.9003423690795898
2026-09-25 05:51:03,328 - INFO - No train loss improvement; patience=1
2026-09-25 05:51:14,928 - INFO - Epoch 133/150 train_loss=1.8999954748153687
2026-09-25 05:51:14,972 - INFO - Best train loss=1.8999954748153687; saved /home/wlia0047/ar57/wenyu/GeneRec/results/stage3_T5Train/iter11_curvature_scaled_commitment/ckpt/Amazon_2023_Instruments/Sep-25-2026_05-25-18/HG_Rec_best.pth
2026-09-25 05:51:26,573 - INFO - Epoch 134/150 train_loss=1.8981321811676026
2026-09-25 05:51:26,610 - INFO - Best train loss=1.8981321811676026; saved /home/wlia0047/ar57/wenyu/GeneRec/results/stage3_T5Train/iter11_curvature_scaled_commitment/ckpt/Amazon_2023_Instruments/Sep-25-2026_05-25-18/HG_Rec_best.pth
2026-09-25 05:51:38,213 - INFO - Epoch 135/150 train_loss=1.8948486042022705
2026-09-25 05:51:38,253 - INFO - Best train loss=1.8948486042022705; saved /home/wlia0047/ar57/wenyu/GeneRec/results/stage3_T5Train/iter11_curvature_scaled_commitment/ckpt/Amazon_2023_Instruments/Sep-25-2026_05-25-18/HG_Rec_best.pth
2026-09-25 05:51:49,859 - INFO - Epoch 136/150 train_loss=1.8977109146118165
2026-09-25 05:51:49,864 - INFO - No train loss improvement; patience=1
2026-09-25 05:52:01,471 - INFO - Epoch 137/150 train_loss=1.89655375957489
2026-09-25 05:52:01,477 - INFO - No train loss improvement; patience=2
2026-09-25 05:52:13,082 - INFO - Epoch 138/150 train_loss=1.8928966188430787
2026-09-25 05:52:13,120 - INFO - Best train loss=1.8928966188430787; saved /home/wlia0047/ar57/wenyu/GeneRec/results/stage3_T5Train/iter11_curvature_scaled_commitment/ckpt/Amazon_2023_Instruments/Sep-25-2026_05-25-18/HG_Rec_best.pth
2026-09-25 05:52:24,725 - INFO - Epoch 139/150 train_loss=1.8922635650634765
2026-09-25 05:52:24,762 - INFO - Best train loss=1.8922635650634765; saved /home/wlia0047/ar57/wenyu/GeneRec/results/stage3_T5Train/iter11_curvature_scaled_commitment/ckpt/Amazon_2023_Instruments/Sep-25-2026_05-25-18/HG_Rec_best.pth
2026-09-25 05:52:36,371 - INFO - Epoch 140/150 train_loss=1.8901925134658812
2026-09-25 05:52:36,411 - INFO - Best train loss=1.8901925134658812; saved /home/wlia0047/ar57/wenyu/GeneRec/results/stage3_T5Train/iter11_curvature_scaled_commitment/ckpt/Amazon_2023_Instruments/Sep-25-2026_05-25-18/HG_Rec_best.pth
2026-09-25 05:52:48,020 - INFO - Epoch 141/150 train_loss=1.895037784576416
2026-09-25 05:52:48,024 - INFO - No train loss improvement; patience=1
2026-09-25 05:52:59,636 - INFO - Epoch 142/150 train_loss=1.891985158920288
2026-09-25 05:53:00,387 - INFO - No train loss improvement; patience=2
2026-09-25 05:53:11,998 - INFO - Epoch 143/150 train_loss=1.8880797004699708
2026-09-25 05:53:12,036 - INFO - Best train loss=1.8880797004699708; saved /home/wlia0047/ar57/wenyu/GeneRec/results/stage3_T5Train/iter11_curvature_scaled_commitment/ckpt/Amazon_2023_Instruments/Sep-25-2026_05-25-18/HG_Rec_best.pth
2026-09-25 05:53:23,639 - INFO - Epoch 144/150 train_loss=1.8848363447189331
2026-09-25 05:53:23,675 - INFO - Best train loss=1.8848363447189331; saved /home/wlia0047/ar57/wenyu/GeneRec/results/stage3_T5Train/iter11_curvature_scaled_commitment/ckpt/Amazon_2023_Instruments/Sep-25-2026_05-25-18/HG_Rec_best.pth
2026-09-25 05:53:35,285 - INFO - Epoch 145/150 train_loss=1.8856872510910034
2026-09-25 05:53:35,290 - INFO - No train loss improvement; patience=1
2026-09-25 05:53:46,897 - INFO - Epoch 146/150 train_loss=1.887027325630188
2026-09-25 05:53:46,903 - INFO - No train loss improvement; patience=2
2026-09-25 05:53:58,511 - INFO - Epoch 147/150 train_loss=1.8824549961090087
2026-09-25 05:53:58,548 - INFO - Best train loss=1.8824549961090087; saved /home/wlia0047/ar57/wenyu/GeneRec/results/stage3_T5Train/iter11_curvature_scaled_commitment/ckpt/Amazon_2023_Instruments/Sep-25-2026_05-25-18/HG_Rec_best.pth
2026-09-25 05:54:10,158 - INFO - Epoch 148/150 train_loss=1.8839260005950929
2026-09-25 05:54:10,164 - INFO - No train loss improvement; patience=1
2026-09-25 05:54:21,768 - INFO - Epoch 149/150 train_loss=1.8839780759811402
2026-09-25 05:54:21,774 - INFO - No train loss improvement; patience=2
2026-09-25 05:54:33,376 - INFO - Epoch 150/150 train_loss=1.8806882572174073
2026-09-25 05:54:33,416 - INFO - Best train loss=1.8806882572174073; saved /home/wlia0047/ar57/wenyu/GeneRec/results/stage3_T5Train/iter11_curvature_scaled_commitment/ckpt/Amazon_2023_Instruments/Sep-25-2026_05-25-18/HG_Rec_best.pth
2026-09-25 06:02:45,750 - INFO - Test={'best_checkpoint': '/home/wlia0047/ar57/wenyu/GeneRec/results/stage3_T5Train/iter11_curvature_scaled_commitment/ckpt/Amazon_2023_Instruments/Sep-25-2026_05-25-18/HG_Rec_best.pth', 'n_eval': 57439, 'test_recall@5': 0.03889343477428228, 'test_recall@10': 0.05976775361688052, 'test_ndcg@5': 0.025639654041466, 'test_ndcg@10': 0.032359795100014896}
