2026-09-24 01:20:42,075 - INFO - Configuration: {'batch_size': 4096, 'infer_size': 1024, 'num_epochs': 150, 'eval_interval': 5, 'eval_start_epoch': 75, 'early_eval_epochs': (25, 50, 75, 100, 125), 'early_stop': 10, 'fast': True, 'bf16': True, 'use_lr_scheduler': True, 'lr_warmup_pct': 0.1, 'lr_min_factor': 0.2, 'compile': False, 'compile_mode': 'default', 'num_layers': 4, 'num_decoder_layers': 4, 'd_model': 128, 'd_ff': 1024, 'num_heads': 6, 'd_kv': 64, 'dropout_rate': 0.1, 'activation_function': 'relu', 'feed_forward_proj': 'relu', 'device': 'cuda', 'lr': 0.003, 'weight_decay': 0.05, 'vocab_size': 799, 'eos_token_id': 798, 'pad_token_id': 0, 'n_user_tokens': 1, 'max_len': 20, 'dataset_name': 'Amazon_2023_Instruments', 'dataset_path': '/home/wlia0047/ar57/wenyu/GeneRec/results/stage0_build_parquet/', 'codebook_size': [256, 256, 256, 1], 'code_path': 'item_sids.json', 'train_file': 'train.parquet', 'valid_file': 'valid.parquet', 'test_file': 'test.parquet', 'log_path': '/home/wlia0047/ar57/wenyu/GeneRec/results/stage3_T5Train/logs/tiger_baseline/', 'save_path': '/home/wlia0047/ar57/wenyu/GeneRec/results/stage3_T5Train/ckpt/tiger_baseline/', 'seed': 42, 'topk_list': [5, 10], 'beam_size': 20, 'no_eval': True, 'skip_test': False, 'screen_baseline_log': '', 'screen_start_epoch': 40, 'screen_window': 5, 'screen_min_ndcg_gain': 0.001, 'screen_min_recall_gain': 0.001, 'screen_skip_test_on_fail': True, 'num_workers': 4, 'prefetch_factor': 8, 'exclude_history': True, 'no_exclude_history': False, 'pin_memory': True, 'no_pin_memory': False, 'sid_length': 4, 'max_token_seq_len': 82, 'decoder_start_token_id': 0}
2026-09-24 01:20:42,125 - INFO - #Embedding parameters: 102272
#Non-embedding parameters: 4459648
#Total trainable parameters: 4561920

2026-09-24 01:20:55,390 - INFO - Epoch 1/150 train_loss=4.791298732757569
2026-09-24 01:20:55,439 - INFO - Best train loss=4.791298732757569; saved /home/wlia0047/ar57/wenyu/GeneRec/results/stage3_T5Train/ckpt/tiger_baseline/Amazon_2023_Instruments/Sep-24-2026_01-20-42/HG_Rec_best.pth
2026-09-24 01:21:07,305 - INFO - Epoch 2/150 train_loss=4.041057682037353
2026-09-24 01:21:07,343 - INFO - Best train loss=4.041057682037353; saved /home/wlia0047/ar57/wenyu/GeneRec/results/stage3_T5Train/ckpt/tiger_baseline/Amazon_2023_Instruments/Sep-24-2026_01-20-42/HG_Rec_best.pth
2026-09-24 01:21:18,991 - INFO - Epoch 3/150 train_loss=3.8639550018310547
2026-09-24 01:21:19,029 - INFO - Best train loss=3.8639550018310547; saved /home/wlia0047/ar57/wenyu/GeneRec/results/stage3_T5Train/ckpt/tiger_baseline/Amazon_2023_Instruments/Sep-24-2026_01-20-42/HG_Rec_best.pth
2026-09-24 01:21:30,644 - INFO - Epoch 4/150 train_loss=3.6503062438964844
2026-09-24 01:21:30,682 - INFO - Best train loss=3.6503062438964844; saved /home/wlia0047/ar57/wenyu/GeneRec/results/stage3_T5Train/ckpt/tiger_baseline/Amazon_2023_Instruments/Sep-24-2026_01-20-42/HG_Rec_best.pth
2026-09-24 01:21:42,294 - INFO - Epoch 5/150 train_loss=3.4577721977233886
2026-09-24 01:21:42,334 - INFO - Best train loss=3.4577721977233886; saved /home/wlia0047/ar57/wenyu/GeneRec/results/stage3_T5Train/ckpt/tiger_baseline/Amazon_2023_Instruments/Sep-24-2026_01-20-42/HG_Rec_best.pth
2026-09-24 01:21:53,953 - INFO - Epoch 6/150 train_loss=3.385388870239258
2026-09-24 01:21:53,990 - INFO - Best train loss=3.385388870239258; saved /home/wlia0047/ar57/wenyu/GeneRec/results/stage3_T5Train/ckpt/tiger_baseline/Amazon_2023_Instruments/Sep-24-2026_01-20-42/HG_Rec_best.pth
2026-09-24 01:22:05,606 - INFO - Epoch 7/150 train_loss=3.1756292152404786
2026-09-24 01:22:05,644 - INFO - Best train loss=3.1756292152404786; saved /home/wlia0047/ar57/wenyu/GeneRec/results/stage3_T5Train/ckpt/tiger_baseline/Amazon_2023_Instruments/Sep-24-2026_01-20-42/HG_Rec_best.pth
2026-09-24 01:22:17,257 - INFO - Epoch 8/150 train_loss=3.0374646282196043
2026-09-24 01:22:17,293 - INFO - Best train loss=3.0374646282196043; saved /home/wlia0047/ar57/wenyu/GeneRec/results/stage3_T5Train/ckpt/tiger_baseline/Amazon_2023_Instruments/Sep-24-2026_01-20-42/HG_Rec_best.pth
2026-09-24 01:22:28,913 - INFO - Epoch 9/150 train_loss=2.921739139556885
2026-09-24 01:22:28,950 - INFO - Best train loss=2.921739139556885; saved /home/wlia0047/ar57/wenyu/GeneRec/results/stage3_T5Train/ckpt/tiger_baseline/Amazon_2023_Instruments/Sep-24-2026_01-20-42/HG_Rec_best.pth
2026-09-24 01:22:40,564 - INFO - Epoch 10/150 train_loss=2.832613716125488
2026-09-24 01:22:40,602 - INFO - Best train loss=2.832613716125488; saved /home/wlia0047/ar57/wenyu/GeneRec/results/stage3_T5Train/ckpt/tiger_baseline/Amazon_2023_Instruments/Sep-24-2026_01-20-42/HG_Rec_best.pth
2026-09-24 01:22:52,218 - INFO - Epoch 11/150 train_loss=2.752867259979248
2026-09-24 01:22:52,254 - INFO - Best train loss=2.752867259979248; saved /home/wlia0047/ar57/wenyu/GeneRec/results/stage3_T5Train/ckpt/tiger_baseline/Amazon_2023_Instruments/Sep-24-2026_01-20-42/HG_Rec_best.pth
2026-09-24 01:23:03,870 - INFO - Epoch 12/150 train_loss=2.676922254562378
2026-09-24 01:23:03,907 - INFO - Best train loss=2.676922254562378; saved /home/wlia0047/ar57/wenyu/GeneRec/results/stage3_T5Train/ckpt/tiger_baseline/Amazon_2023_Instruments/Sep-24-2026_01-20-42/HG_Rec_best.pth
2026-09-24 01:23:15,514 - INFO - Epoch 13/150 train_loss=2.614171199798584
2026-09-24 01:23:15,551 - INFO - Best train loss=2.614171199798584; saved /home/wlia0047/ar57/wenyu/GeneRec/results/stage3_T5Train/ckpt/tiger_baseline/Amazon_2023_Instruments/Sep-24-2026_01-20-42/HG_Rec_best.pth
2026-09-24 01:23:27,158 - INFO - Epoch 14/150 train_loss=2.55878155708313
2026-09-24 01:23:27,194 - INFO - Best train loss=2.55878155708313; saved /home/wlia0047/ar57/wenyu/GeneRec/results/stage3_T5Train/ckpt/tiger_baseline/Amazon_2023_Instruments/Sep-24-2026_01-20-42/HG_Rec_best.pth
2026-09-24 01:23:38,806 - INFO - Epoch 15/150 train_loss=2.514422369003296
2026-09-24 01:23:38,841 - INFO - Best train loss=2.514422369003296; saved /home/wlia0047/ar57/wenyu/GeneRec/results/stage3_T5Train/ckpt/tiger_baseline/Amazon_2023_Instruments/Sep-24-2026_01-20-42/HG_Rec_best.pth
2026-09-24 01:23:50,456 - INFO - Epoch 16/150 train_loss=2.471960411071777
2026-09-24 01:23:50,493 - INFO - Best train loss=2.471960411071777; saved /home/wlia0047/ar57/wenyu/GeneRec/results/stage3_T5Train/ckpt/tiger_baseline/Amazon_2023_Instruments/Sep-24-2026_01-20-42/HG_Rec_best.pth
2026-09-24 01:24:02,100 - INFO - Epoch 17/150 train_loss=2.426850357055664
2026-09-24 01:24:02,139 - INFO - Best train loss=2.426850357055664; saved /home/wlia0047/ar57/wenyu/GeneRec/results/stage3_T5Train/ckpt/tiger_baseline/Amazon_2023_Instruments/Sep-24-2026_01-20-42/HG_Rec_best.pth
2026-09-24 01:24:13,845 - INFO - Epoch 18/150 train_loss=2.4014055728912354
2026-09-24 01:24:14,274 - INFO - Best train loss=2.4014055728912354; saved /home/wlia0047/ar57/wenyu/GeneRec/results/stage3_T5Train/ckpt/tiger_baseline/Amazon_2023_Instruments/Sep-24-2026_01-20-42/HG_Rec_best.pth
2026-09-24 01:24:25,884 - INFO - Epoch 19/150 train_loss=2.3757595443725585
2026-09-24 01:24:25,920 - INFO - Best train loss=2.3757595443725585; saved /home/wlia0047/ar57/wenyu/GeneRec/results/stage3_T5Train/ckpt/tiger_baseline/Amazon_2023_Instruments/Sep-24-2026_01-20-42/HG_Rec_best.pth
2026-09-24 01:24:37,529 - INFO - Epoch 20/150 train_loss=2.3439714813232424
2026-09-24 01:24:37,567 - INFO - Best train loss=2.3439714813232424; saved /home/wlia0047/ar57/wenyu/GeneRec/results/stage3_T5Train/ckpt/tiger_baseline/Amazon_2023_Instruments/Sep-24-2026_01-20-42/HG_Rec_best.pth
2026-09-24 01:24:49,172 - INFO - Epoch 21/150 train_loss=2.3207664489746094
2026-09-24 01:24:49,208 - INFO - Best train loss=2.3207664489746094; saved /home/wlia0047/ar57/wenyu/GeneRec/results/stage3_T5Train/ckpt/tiger_baseline/Amazon_2023_Instruments/Sep-24-2026_01-20-42/HG_Rec_best.pth
2026-09-24 01:25:00,817 - INFO - Epoch 22/150 train_loss=2.299244680404663
2026-09-24 01:25:00,853 - INFO - Best train loss=2.299244680404663; saved /home/wlia0047/ar57/wenyu/GeneRec/results/stage3_T5Train/ckpt/tiger_baseline/Amazon_2023_Instruments/Sep-24-2026_01-20-42/HG_Rec_best.pth
2026-09-24 01:25:12,461 - INFO - Epoch 23/150 train_loss=2.2815658855438232
2026-09-24 01:25:12,499 - INFO - Best train loss=2.2815658855438232; saved /home/wlia0047/ar57/wenyu/GeneRec/results/stage3_T5Train/ckpt/tiger_baseline/Amazon_2023_Instruments/Sep-24-2026_01-20-42/HG_Rec_best.pth
2026-09-24 01:25:24,105 - INFO - Epoch 24/150 train_loss=2.2668333435058594
2026-09-24 01:25:24,140 - INFO - Best train loss=2.2668333435058594; saved /home/wlia0047/ar57/wenyu/GeneRec/results/stage3_T5Train/ckpt/tiger_baseline/Amazon_2023_Instruments/Sep-24-2026_01-20-42/HG_Rec_best.pth
2026-09-24 01:25:35,753 - INFO - Epoch 25/150 train_loss=2.248313570022583
2026-09-24 01:25:35,789 - INFO - Best train loss=2.248313570022583; saved /home/wlia0047/ar57/wenyu/GeneRec/results/stage3_T5Train/ckpt/tiger_baseline/Amazon_2023_Instruments/Sep-24-2026_01-20-42/HG_Rec_best.pth
2026-09-24 01:25:47,391 - INFO - Epoch 26/150 train_loss=2.228507947921753
2026-09-24 01:25:47,428 - INFO - Best train loss=2.228507947921753; saved /home/wlia0047/ar57/wenyu/GeneRec/results/stage3_T5Train/ckpt/tiger_baseline/Amazon_2023_Instruments/Sep-24-2026_01-20-42/HG_Rec_best.pth
2026-09-24 01:25:59,029 - INFO - Epoch 27/150 train_loss=2.2185525035858156
2026-09-24 01:25:59,065 - INFO - Best train loss=2.2185525035858156; saved /home/wlia0047/ar57/wenyu/GeneRec/results/stage3_T5Train/ckpt/tiger_baseline/Amazon_2023_Instruments/Sep-24-2026_01-20-42/HG_Rec_best.pth
2026-09-24 01:26:10,679 - INFO - Epoch 28/150 train_loss=2.206566152572632
2026-09-24 01:26:10,715 - INFO - Best train loss=2.206566152572632; saved /home/wlia0047/ar57/wenyu/GeneRec/results/stage3_T5Train/ckpt/tiger_baseline/Amazon_2023_Instruments/Sep-24-2026_01-20-42/HG_Rec_best.pth
2026-09-24 01:26:22,328 - INFO - Epoch 29/150 train_loss=2.19317156791687
2026-09-24 01:26:22,367 - INFO - Best train loss=2.19317156791687; saved /home/wlia0047/ar57/wenyu/GeneRec/results/stage3_T5Train/ckpt/tiger_baseline/Amazon_2023_Instruments/Sep-24-2026_01-20-42/HG_Rec_best.pth
2026-09-24 01:26:33,973 - INFO - Epoch 30/150 train_loss=2.1821901416778564
2026-09-24 01:26:34,009 - INFO - Best train loss=2.1821901416778564; saved /home/wlia0047/ar57/wenyu/GeneRec/results/stage3_T5Train/ckpt/tiger_baseline/Amazon_2023_Instruments/Sep-24-2026_01-20-42/HG_Rec_best.pth
2026-09-24 01:26:45,617 - INFO - Epoch 31/150 train_loss=2.1749402713775634
2026-09-24 01:26:45,657 - INFO - Best train loss=2.1749402713775634; saved /home/wlia0047/ar57/wenyu/GeneRec/results/stage3_T5Train/ckpt/tiger_baseline/Amazon_2023_Instruments/Sep-24-2026_01-20-42/HG_Rec_best.pth
2026-09-24 01:26:57,262 - INFO - Epoch 32/150 train_loss=2.1617149829864504
2026-09-24 01:26:57,299 - INFO - Best train loss=2.1617149829864504; saved /home/wlia0047/ar57/wenyu/GeneRec/results/stage3_T5Train/ckpt/tiger_baseline/Amazon_2023_Instruments/Sep-24-2026_01-20-42/HG_Rec_best.pth
2026-09-24 01:27:08,905 - INFO - Epoch 33/150 train_loss=2.1503692722320555
2026-09-24 01:27:08,942 - INFO - Best train loss=2.1503692722320555; saved /home/wlia0047/ar57/wenyu/GeneRec/results/stage3_T5Train/ckpt/tiger_baseline/Amazon_2023_Instruments/Sep-24-2026_01-20-42/HG_Rec_best.pth
2026-09-24 01:27:20,557 - INFO - Epoch 34/150 train_loss=2.1436376953125
2026-09-24 01:27:20,593 - INFO - Best train loss=2.1436376953125; saved /home/wlia0047/ar57/wenyu/GeneRec/results/stage3_T5Train/ckpt/tiger_baseline/Amazon_2023_Instruments/Sep-24-2026_01-20-42/HG_Rec_best.pth
2026-09-24 01:27:32,204 - INFO - Epoch 35/150 train_loss=2.133977699279785
2026-09-24 01:27:32,242 - INFO - Best train loss=2.133977699279785; saved /home/wlia0047/ar57/wenyu/GeneRec/results/stage3_T5Train/ckpt/tiger_baseline/Amazon_2023_Instruments/Sep-24-2026_01-20-42/HG_Rec_best.pth
2026-09-24 01:27:43,854 - INFO - Epoch 36/150 train_loss=2.1248035526275633
2026-09-24 01:27:43,892 - INFO - Best train loss=2.1248035526275633; saved /home/wlia0047/ar57/wenyu/GeneRec/results/stage3_T5Train/ckpt/tiger_baseline/Amazon_2023_Instruments/Sep-24-2026_01-20-42/HG_Rec_best.pth
2026-09-24 01:27:55,498 - INFO - Epoch 37/150 train_loss=2.1119580554962156
2026-09-24 01:27:55,536 - INFO - Best train loss=2.1119580554962156; saved /home/wlia0047/ar57/wenyu/GeneRec/results/stage3_T5Train/ckpt/tiger_baseline/Amazon_2023_Instruments/Sep-24-2026_01-20-42/HG_Rec_best.pth
2026-09-24 01:28:07,148 - INFO - Epoch 38/150 train_loss=2.1032304096221925
2026-09-24 01:28:07,184 - INFO - Best train loss=2.1032304096221925; saved /home/wlia0047/ar57/wenyu/GeneRec/results/stage3_T5Train/ckpt/tiger_baseline/Amazon_2023_Instruments/Sep-24-2026_01-20-42/HG_Rec_best.pth
2026-09-24 01:28:18,787 - INFO - Epoch 39/150 train_loss=2.0964493465423586
2026-09-24 01:28:18,822 - INFO - Best train loss=2.0964493465423586; saved /home/wlia0047/ar57/wenyu/GeneRec/results/stage3_T5Train/ckpt/tiger_baseline/Amazon_2023_Instruments/Sep-24-2026_01-20-42/HG_Rec_best.pth
2026-09-24 01:28:30,423 - INFO - Epoch 40/150 train_loss=2.0892140579223635
2026-09-24 01:28:30,460 - INFO - Best train loss=2.0892140579223635; saved /home/wlia0047/ar57/wenyu/GeneRec/results/stage3_T5Train/ckpt/tiger_baseline/Amazon_2023_Instruments/Sep-24-2026_01-20-42/HG_Rec_best.pth
2026-09-24 01:28:42,067 - INFO - Epoch 41/150 train_loss=2.084228925704956
2026-09-24 01:28:42,103 - INFO - Best train loss=2.084228925704956; saved /home/wlia0047/ar57/wenyu/GeneRec/results/stage3_T5Train/ckpt/tiger_baseline/Amazon_2023_Instruments/Sep-24-2026_01-20-42/HG_Rec_best.pth
2026-09-24 01:28:53,705 - INFO - Epoch 42/150 train_loss=2.0794261646270753
2026-09-24 01:28:53,742 - INFO - Best train loss=2.0794261646270753; saved /home/wlia0047/ar57/wenyu/GeneRec/results/stage3_T5Train/ckpt/tiger_baseline/Amazon_2023_Instruments/Sep-24-2026_01-20-42/HG_Rec_best.pth
2026-09-24 01:29:05,425 - INFO - Epoch 43/150 train_loss=2.0690639781951905
2026-09-24 01:29:05,460 - INFO - Best train loss=2.0690639781951905; saved /home/wlia0047/ar57/wenyu/GeneRec/results/stage3_T5Train/ckpt/tiger_baseline/Amazon_2023_Instruments/Sep-24-2026_01-20-42/HG_Rec_best.pth
2026-09-24 01:29:17,140 - INFO - Epoch 44/150 train_loss=2.0639990043640135
2026-09-24 01:29:17,177 - INFO - Best train loss=2.0639990043640135; saved /home/wlia0047/ar57/wenyu/GeneRec/results/stage3_T5Train/ckpt/tiger_baseline/Amazon_2023_Instruments/Sep-24-2026_01-20-42/HG_Rec_best.pth
2026-09-24 01:29:28,876 - INFO - Epoch 45/150 train_loss=2.058857021331787
2026-09-24 01:29:28,911 - INFO - Best train loss=2.058857021331787; saved /home/wlia0047/ar57/wenyu/GeneRec/results/stage3_T5Train/ckpt/tiger_baseline/Amazon_2023_Instruments/Sep-24-2026_01-20-42/HG_Rec_best.pth
2026-09-24 01:29:40,518 - INFO - Epoch 46/150 train_loss=2.0528602981567383
2026-09-24 01:29:40,553 - INFO - Best train loss=2.0528602981567383; saved /home/wlia0047/ar57/wenyu/GeneRec/results/stage3_T5Train/ckpt/tiger_baseline/Amazon_2023_Instruments/Sep-24-2026_01-20-42/HG_Rec_best.pth
2026-09-24 01:29:52,157 - INFO - Epoch 47/150 train_loss=2.0503521251678465
2026-09-24 01:29:52,193 - INFO - Best train loss=2.0503521251678465; saved /home/wlia0047/ar57/wenyu/GeneRec/results/stage3_T5Train/ckpt/tiger_baseline/Amazon_2023_Instruments/Sep-24-2026_01-20-42/HG_Rec_best.pth
2026-09-24 01:30:03,803 - INFO - Epoch 48/150 train_loss=2.0418255710601807
2026-09-24 01:30:03,841 - INFO - Best train loss=2.0418255710601807; saved /home/wlia0047/ar57/wenyu/GeneRec/results/stage3_T5Train/ckpt/tiger_baseline/Amazon_2023_Instruments/Sep-24-2026_01-20-42/HG_Rec_best.pth
2026-09-24 01:30:15,445 - INFO - Epoch 49/150 train_loss=2.0348762893676757
2026-09-24 01:30:15,480 - INFO - Best train loss=2.0348762893676757; saved /home/wlia0047/ar57/wenyu/GeneRec/results/stage3_T5Train/ckpt/tiger_baseline/Amazon_2023_Instruments/Sep-24-2026_01-20-42/HG_Rec_best.pth
2026-09-24 01:30:27,086 - INFO - Epoch 50/150 train_loss=2.035743656158447
2026-09-24 01:30:27,089 - INFO - No train loss improvement; patience=1
2026-09-24 01:30:38,702 - INFO - Epoch 51/150 train_loss=2.029886426925659
2026-09-24 01:30:38,738 - INFO - Best train loss=2.029886426925659; saved /home/wlia0047/ar57/wenyu/GeneRec/results/stage3_T5Train/ckpt/tiger_baseline/Amazon_2023_Instruments/Sep-24-2026_01-20-42/HG_Rec_best.pth
2026-09-24 01:30:50,351 - INFO - Epoch 52/150 train_loss=2.028887891769409
2026-09-24 01:30:50,388 - INFO - Best train loss=2.028887891769409; saved /home/wlia0047/ar57/wenyu/GeneRec/results/stage3_T5Train/ckpt/tiger_baseline/Amazon_2023_Instruments/Sep-24-2026_01-20-42/HG_Rec_best.pth
2026-09-24 01:31:02,032 - INFO - Epoch 53/150 train_loss=2.0240252113342283
2026-09-24 01:31:02,081 - INFO - Best train loss=2.0240252113342283; saved /home/wlia0047/ar57/wenyu/GeneRec/results/stage3_T5Train/ckpt/tiger_baseline/Amazon_2023_Instruments/Sep-24-2026_01-20-42/HG_Rec_best.pth
2026-09-24 01:31:13,927 - INFO - Epoch 54/150 train_loss=2.016448488235474
2026-09-24 01:31:13,978 - INFO - Best train loss=2.016448488235474; saved /home/wlia0047/ar57/wenyu/GeneRec/results/stage3_T5Train/ckpt/tiger_baseline/Amazon_2023_Instruments/Sep-24-2026_01-20-42/HG_Rec_best.pth
2026-09-24 01:31:26,460 - INFO - Epoch 55/150 train_loss=2.0146872568130494
2026-09-24 01:31:26,497 - INFO - Best train loss=2.0146872568130494; saved /home/wlia0047/ar57/wenyu/GeneRec/results/stage3_T5Train/ckpt/tiger_baseline/Amazon_2023_Instruments/Sep-24-2026_01-20-42/HG_Rec_best.pth
2026-09-24 01:31:38,133 - INFO - Epoch 56/150 train_loss=2.011066427230835
2026-09-24 01:31:38,242 - INFO - Best train loss=2.011066427230835; saved /home/wlia0047/ar57/wenyu/GeneRec/results/stage3_T5Train/ckpt/tiger_baseline/Amazon_2023_Instruments/Sep-24-2026_01-20-42/HG_Rec_best.pth
2026-09-24 01:31:50,018 - INFO - Epoch 57/150 train_loss=2.0049678659439087
2026-09-24 01:31:50,053 - INFO - Best train loss=2.0049678659439087; saved /home/wlia0047/ar57/wenyu/GeneRec/results/stage3_T5Train/ckpt/tiger_baseline/Amazon_2023_Instruments/Sep-24-2026_01-20-42/HG_Rec_best.pth
2026-09-24 01:32:01,662 - INFO - Epoch 58/150 train_loss=1.9999876260757445
2026-09-24 01:32:01,697 - INFO - Best train loss=1.9999876260757445; saved /home/wlia0047/ar57/wenyu/GeneRec/results/stage3_T5Train/ckpt/tiger_baseline/Amazon_2023_Instruments/Sep-24-2026_01-20-42/HG_Rec_best.pth
2026-09-24 01:32:13,300 - INFO - Epoch 59/150 train_loss=1.9969829845428466
2026-09-24 01:32:13,335 - INFO - Best train loss=1.9969829845428466; saved /home/wlia0047/ar57/wenyu/GeneRec/results/stage3_T5Train/ckpt/tiger_baseline/Amazon_2023_Instruments/Sep-24-2026_01-20-42/HG_Rec_best.pth
2026-09-24 01:32:24,943 - INFO - Epoch 60/150 train_loss=1.9948942136764527
2026-09-24 01:32:24,978 - INFO - Best train loss=1.9948942136764527; saved /home/wlia0047/ar57/wenyu/GeneRec/results/stage3_T5Train/ckpt/tiger_baseline/Amazon_2023_Instruments/Sep-24-2026_01-20-42/HG_Rec_best.pth
2026-09-24 01:32:36,589 - INFO - Epoch 61/150 train_loss=1.9908501863479615
2026-09-24 01:32:36,628 - INFO - Best train loss=1.9908501863479615; saved /home/wlia0047/ar57/wenyu/GeneRec/results/stage3_T5Train/ckpt/tiger_baseline/Amazon_2023_Instruments/Sep-24-2026_01-20-42/HG_Rec_best.pth
2026-09-24 01:32:48,238 - INFO - Epoch 62/150 train_loss=1.9856919956207275
2026-09-24 01:32:48,274 - INFO - Best train loss=1.9856919956207275; saved /home/wlia0047/ar57/wenyu/GeneRec/results/stage3_T5Train/ckpt/tiger_baseline/Amazon_2023_Instruments/Sep-24-2026_01-20-42/HG_Rec_best.pth
2026-09-24 01:32:59,882 - INFO - Epoch 63/150 train_loss=1.983376293182373
2026-09-24 01:32:59,919 - INFO - Best train loss=1.983376293182373; saved /home/wlia0047/ar57/wenyu/GeneRec/results/stage3_T5Train/ckpt/tiger_baseline/Amazon_2023_Instruments/Sep-24-2026_01-20-42/HG_Rec_best.pth
2026-09-24 01:33:11,528 - INFO - Epoch 64/150 train_loss=1.9829909420013427
2026-09-24 01:33:11,564 - INFO - Best train loss=1.9829909420013427; saved /home/wlia0047/ar57/wenyu/GeneRec/results/stage3_T5Train/ckpt/tiger_baseline/Amazon_2023_Instruments/Sep-24-2026_01-20-42/HG_Rec_best.pth
2026-09-24 01:33:23,170 - INFO - Epoch 65/150 train_loss=1.9811254739761353
2026-09-24 01:33:23,208 - INFO - Best train loss=1.9811254739761353; saved /home/wlia0047/ar57/wenyu/GeneRec/results/stage3_T5Train/ckpt/tiger_baseline/Amazon_2023_Instruments/Sep-24-2026_01-20-42/HG_Rec_best.pth
2026-09-24 01:33:34,815 - INFO - Epoch 66/150 train_loss=1.9760489797592162
2026-09-24 01:33:34,853 - INFO - Best train loss=1.9760489797592162; saved /home/wlia0047/ar57/wenyu/GeneRec/results/stage3_T5Train/ckpt/tiger_baseline/Amazon_2023_Instruments/Sep-24-2026_01-20-42/HG_Rec_best.pth
2026-09-24 01:33:46,465 - INFO - Epoch 67/150 train_loss=1.9738021469116211
2026-09-24 01:33:46,501 - INFO - Best train loss=1.9738021469116211; saved /home/wlia0047/ar57/wenyu/GeneRec/results/stage3_T5Train/ckpt/tiger_baseline/Amazon_2023_Instruments/Sep-24-2026_01-20-42/HG_Rec_best.pth
2026-09-24 01:33:58,154 - INFO - Epoch 68/150 train_loss=1.9709631204605103
2026-09-24 01:33:58,189 - INFO - Best train loss=1.9709631204605103; saved /home/wlia0047/ar57/wenyu/GeneRec/results/stage3_T5Train/ckpt/tiger_baseline/Amazon_2023_Instruments/Sep-24-2026_01-20-42/HG_Rec_best.pth
2026-09-24 01:34:09,799 - INFO - Epoch 69/150 train_loss=1.9740757131576538
2026-09-24 01:34:09,801 - INFO - No train loss improvement; patience=1
2026-09-24 01:34:21,411 - INFO - Epoch 70/150 train_loss=1.9676005887985228
2026-09-24 01:34:21,446 - INFO - Best train loss=1.9676005887985228; saved /home/wlia0047/ar57/wenyu/GeneRec/results/stage3_T5Train/ckpt/tiger_baseline/Amazon_2023_Instruments/Sep-24-2026_01-20-42/HG_Rec_best.pth
2026-09-24 01:34:33,053 - INFO - Epoch 71/150 train_loss=1.9652135515213012
2026-09-24 01:34:33,091 - INFO - Best train loss=1.9652135515213012; saved /home/wlia0047/ar57/wenyu/GeneRec/results/stage3_T5Train/ckpt/tiger_baseline/Amazon_2023_Instruments/Sep-24-2026_01-20-42/HG_Rec_best.pth
2026-09-24 01:34:44,699 - INFO - Epoch 72/150 train_loss=1.9618625497817994
2026-09-24 01:34:44,736 - INFO - Best train loss=1.9618625497817994; saved /home/wlia0047/ar57/wenyu/GeneRec/results/stage3_T5Train/ckpt/tiger_baseline/Amazon_2023_Instruments/Sep-24-2026_01-20-42/HG_Rec_best.pth
2026-09-24 01:34:56,338 - INFO - Epoch 73/150 train_loss=1.953977952003479
2026-09-24 01:34:56,374 - INFO - Best train loss=1.953977952003479; saved /home/wlia0047/ar57/wenyu/GeneRec/results/stage3_T5Train/ckpt/tiger_baseline/Amazon_2023_Instruments/Sep-24-2026_01-20-42/HG_Rec_best.pth
2026-09-24 01:35:07,981 - INFO - Epoch 74/150 train_loss=1.9571044635772705
2026-09-24 01:35:07,984 - INFO - No train loss improvement; patience=1
2026-09-24 01:35:19,589 - INFO - Epoch 75/150 train_loss=1.9549551677703858
2026-09-24 01:35:19,594 - INFO - No train loss improvement; patience=2
2026-09-24 01:35:31,198 - INFO - Epoch 76/150 train_loss=1.9518259906768798
2026-09-24 01:35:31,240 - INFO - Best train loss=1.9518259906768798; saved /home/wlia0047/ar57/wenyu/GeneRec/results/stage3_T5Train/ckpt/tiger_baseline/Amazon_2023_Instruments/Sep-24-2026_01-20-42/HG_Rec_best.pth
2026-09-24 01:35:42,851 - INFO - Epoch 77/150 train_loss=1.9477451276779174
2026-09-24 01:35:42,888 - INFO - Best train loss=1.9477451276779174; saved /home/wlia0047/ar57/wenyu/GeneRec/results/stage3_T5Train/ckpt/tiger_baseline/Amazon_2023_Instruments/Sep-24-2026_01-20-42/HG_Rec_best.pth
2026-09-24 01:35:54,490 - INFO - Epoch 78/150 train_loss=1.9459996175765992
2026-09-24 01:35:54,526 - INFO - Best train loss=1.9459996175765992; saved /home/wlia0047/ar57/wenyu/GeneRec/results/stage3_T5Train/ckpt/tiger_baseline/Amazon_2023_Instruments/Sep-24-2026_01-20-42/HG_Rec_best.pth
2026-09-24 01:36:06,129 - INFO - Epoch 79/150 train_loss=1.9463298511505127
2026-09-24 01:36:06,133 - INFO - No train loss improvement; patience=1
2026-09-24 01:36:18,374 - INFO - Epoch 80/150 train_loss=1.943833212852478
2026-09-24 01:36:18,411 - INFO - Best train loss=1.943833212852478; saved /home/wlia0047/ar57/wenyu/GeneRec/results/stage3_T5Train/ckpt/tiger_baseline/Amazon_2023_Instruments/Sep-24-2026_01-20-42/HG_Rec_best.pth
2026-09-24 01:36:30,020 - INFO - Epoch 81/150 train_loss=1.9427616214752197
2026-09-24 01:36:30,057 - INFO - Best train loss=1.9427616214752197; saved /home/wlia0047/ar57/wenyu/GeneRec/results/stage3_T5Train/ckpt/tiger_baseline/Amazon_2023_Instruments/Sep-24-2026_01-20-42/HG_Rec_best.pth
2026-09-24 01:36:41,668 - INFO - Epoch 82/150 train_loss=1.9373419952392579
2026-09-24 01:36:41,705 - INFO - Best train loss=1.9373419952392579; saved /home/wlia0047/ar57/wenyu/GeneRec/results/stage3_T5Train/ckpt/tiger_baseline/Amazon_2023_Instruments/Sep-24-2026_01-20-42/HG_Rec_best.pth
2026-09-24 01:36:53,319 - INFO - Epoch 83/150 train_loss=1.9380078315734863
2026-09-24 01:36:53,323 - INFO - No train loss improvement; patience=1
2026-09-24 01:37:04,928 - INFO - Epoch 84/150 train_loss=1.9345997428894044
2026-09-24 01:37:04,966 - INFO - Best train loss=1.9345997428894044; saved /home/wlia0047/ar57/wenyu/GeneRec/results/stage3_T5Train/ckpt/tiger_baseline/Amazon_2023_Instruments/Sep-24-2026_01-20-42/HG_Rec_best.pth
2026-09-24 01:37:16,572 - INFO - Epoch 85/150 train_loss=1.9324164581298828
2026-09-24 01:37:16,608 - INFO - Best train loss=1.9324164581298828; saved /home/wlia0047/ar57/wenyu/GeneRec/results/stage3_T5Train/ckpt/tiger_baseline/Amazon_2023_Instruments/Sep-24-2026_01-20-42/HG_Rec_best.pth
2026-09-24 01:37:28,214 - INFO - Epoch 86/150 train_loss=1.9291901683807373
2026-09-24 01:37:28,255 - INFO - Best train loss=1.9291901683807373; saved /home/wlia0047/ar57/wenyu/GeneRec/results/stage3_T5Train/ckpt/tiger_baseline/Amazon_2023_Instruments/Sep-24-2026_01-20-42/HG_Rec_best.pth
2026-09-24 01:37:39,859 - INFO - Epoch 87/150 train_loss=1.9300969791412355
2026-09-24 01:37:39,864 - INFO - No train loss improvement; patience=1
2026-09-24 01:37:51,462 - INFO - Epoch 88/150 train_loss=1.92709454536438
2026-09-24 01:37:51,506 - INFO - Best train loss=1.92709454536438; saved /home/wlia0047/ar57/wenyu/GeneRec/results/stage3_T5Train/ckpt/tiger_baseline/Amazon_2023_Instruments/Sep-24-2026_01-20-42/HG_Rec_best.pth
2026-09-24 01:38:03,109 - INFO - Epoch 89/150 train_loss=1.9242467451095582
2026-09-24 01:38:03,147 - INFO - Best train loss=1.9242467451095582; saved /home/wlia0047/ar57/wenyu/GeneRec/results/stage3_T5Train/ckpt/tiger_baseline/Amazon_2023_Instruments/Sep-24-2026_01-20-42/HG_Rec_best.pth
2026-09-24 01:38:14,749 - INFO - Epoch 90/150 train_loss=1.9231884002685546
2026-09-24 01:38:14,788 - INFO - Best train loss=1.9231884002685546; saved /home/wlia0047/ar57/wenyu/GeneRec/results/stage3_T5Train/ckpt/tiger_baseline/Amazon_2023_Instruments/Sep-24-2026_01-20-42/HG_Rec_best.pth
2026-09-24 01:38:26,405 - INFO - Epoch 91/150 train_loss=1.9214476537704468
2026-09-24 01:38:26,443 - INFO - Best train loss=1.9214476537704468; saved /home/wlia0047/ar57/wenyu/GeneRec/results/stage3_T5Train/ckpt/tiger_baseline/Amazon_2023_Instruments/Sep-24-2026_01-20-42/HG_Rec_best.pth
2026-09-24 01:38:38,052 - INFO - Epoch 92/150 train_loss=1.9195755910873413
2026-09-24 01:38:38,091 - INFO - Best train loss=1.9195755910873413; saved /home/wlia0047/ar57/wenyu/GeneRec/results/stage3_T5Train/ckpt/tiger_baseline/Amazon_2023_Instruments/Sep-24-2026_01-20-42/HG_Rec_best.pth
2026-09-24 01:38:49,745 - INFO - Epoch 93/150 train_loss=1.9165508985519408
2026-09-24 01:38:49,782 - INFO - Best train loss=1.9165508985519408; saved /home/wlia0047/ar57/wenyu/GeneRec/results/stage3_T5Train/ckpt/tiger_baseline/Amazon_2023_Instruments/Sep-24-2026_01-20-42/HG_Rec_best.pth
2026-09-24 01:39:01,398 - INFO - Epoch 94/150 train_loss=1.9209919214248656
2026-09-24 01:39:01,404 - INFO - No train loss improvement; patience=1
2026-09-24 01:39:13,009 - INFO - Epoch 95/150 train_loss=1.9144616842269897
2026-09-24 01:39:13,052 - INFO - Best train loss=1.9144616842269897; saved /home/wlia0047/ar57/wenyu/GeneRec/results/stage3_T5Train/ckpt/tiger_baseline/Amazon_2023_Instruments/Sep-24-2026_01-20-42/HG_Rec_best.pth
2026-09-24 01:39:24,660 - INFO - Epoch 96/150 train_loss=1.9149613189697265
2026-09-24 01:39:24,667 - INFO - No train loss improvement; patience=1
2026-09-24 01:39:36,280 - INFO - Epoch 97/150 train_loss=1.9118519830703735
2026-09-24 01:39:36,318 - INFO - Best train loss=1.9118519830703735; saved /home/wlia0047/ar57/wenyu/GeneRec/results/stage3_T5Train/ckpt/tiger_baseline/Amazon_2023_Instruments/Sep-24-2026_01-20-42/HG_Rec_best.pth
2026-09-24 01:39:47,933 - INFO - Epoch 98/150 train_loss=1.9101916313171388
2026-09-24 01:39:47,975 - INFO - Best train loss=1.9101916313171388; saved /home/wlia0047/ar57/wenyu/GeneRec/results/stage3_T5Train/ckpt/tiger_baseline/Amazon_2023_Instruments/Sep-24-2026_01-20-42/HG_Rec_best.pth
2026-09-24 01:39:59,585 - INFO - Epoch 99/150 train_loss=1.9102239179611207
2026-09-24 01:39:59,590 - INFO - No train loss improvement; patience=1
2026-09-24 01:40:11,201 - INFO - Epoch 100/150 train_loss=1.907709288597107
2026-09-24 01:40:11,239 - INFO - Best train loss=1.907709288597107; saved /home/wlia0047/ar57/wenyu/GeneRec/results/stage3_T5Train/ckpt/tiger_baseline/Amazon_2023_Instruments/Sep-24-2026_01-20-42/HG_Rec_best.pth
2026-09-24 01:40:22,845 - INFO - Epoch 101/150 train_loss=1.905116400718689
2026-09-24 01:40:22,881 - INFO - Best train loss=1.905116400718689; saved /home/wlia0047/ar57/wenyu/GeneRec/results/stage3_T5Train/ckpt/tiger_baseline/Amazon_2023_Instruments/Sep-24-2026_01-20-42/HG_Rec_best.pth
2026-09-24 01:40:34,488 - INFO - Epoch 102/150 train_loss=1.9035326337814331
2026-09-24 01:40:34,530 - INFO - Best train loss=1.9035326337814331; saved /home/wlia0047/ar57/wenyu/GeneRec/results/stage3_T5Train/ckpt/tiger_baseline/Amazon_2023_Instruments/Sep-24-2026_01-20-42/HG_Rec_best.pth
2026-09-24 01:40:46,141 - INFO - Epoch 103/150 train_loss=1.9000314664840698
2026-09-24 01:40:46,177 - INFO - Best train loss=1.9000314664840698; saved /home/wlia0047/ar57/wenyu/GeneRec/results/stage3_T5Train/ckpt/tiger_baseline/Amazon_2023_Instruments/Sep-24-2026_01-20-42/HG_Rec_best.pth
2026-09-24 01:40:57,785 - INFO - Epoch 104/150 train_loss=1.8994255018234254
2026-09-24 01:40:57,824 - INFO - Best train loss=1.8994255018234254; saved /home/wlia0047/ar57/wenyu/GeneRec/results/stage3_T5Train/ckpt/tiger_baseline/Amazon_2023_Instruments/Sep-24-2026_01-20-42/HG_Rec_best.pth
2026-09-24 01:41:09,443 - INFO - Epoch 105/150 train_loss=1.900420479774475
2026-09-24 01:41:09,447 - INFO - No train loss improvement; patience=1
2026-09-24 01:41:21,117 - INFO - Epoch 106/150 train_loss=1.896274585723877
2026-09-24 01:41:21,164 - INFO - Best train loss=1.896274585723877; saved /home/wlia0047/ar57/wenyu/GeneRec/results/stage3_T5Train/ckpt/tiger_baseline/Amazon_2023_Instruments/Sep-24-2026_01-20-42/HG_Rec_best.pth
2026-09-24 01:41:32,771 - INFO - Epoch 107/150 train_loss=1.8986309337615968
2026-09-24 01:41:32,774 - INFO - No train loss improvement; patience=1
2026-09-24 01:41:44,379 - INFO - Epoch 108/150 train_loss=1.898157091140747
2026-09-24 01:41:44,386 - INFO - No train loss improvement; patience=2
2026-09-24 01:41:56,141 - INFO - Epoch 109/150 train_loss=1.8906768798828124
2026-09-24 01:41:56,194 - INFO - Best train loss=1.8906768798828124; saved /home/wlia0047/ar57/wenyu/GeneRec/results/stage3_T5Train/ckpt/tiger_baseline/Amazon_2023_Instruments/Sep-24-2026_01-20-42/HG_Rec_best.pth
2026-09-24 01:42:07,806 - INFO - Epoch 110/150 train_loss=1.8902062463760376
2026-09-24 01:42:07,843 - INFO - Best train loss=1.8902062463760376; saved /home/wlia0047/ar57/wenyu/GeneRec/results/stage3_T5Train/ckpt/tiger_baseline/Amazon_2023_Instruments/Sep-24-2026_01-20-42/HG_Rec_best.pth
2026-09-24 01:42:19,452 - INFO - Epoch 111/150 train_loss=1.891087703704834
2026-09-24 01:42:19,457 - INFO - No train loss improvement; patience=1
2026-09-24 01:42:31,063 - INFO - Epoch 112/150 train_loss=1.8880961084365844
2026-09-24 01:42:31,108 - INFO - Best train loss=1.8880961084365844; saved /home/wlia0047/ar57/wenyu/GeneRec/results/stage3_T5Train/ckpt/tiger_baseline/Amazon_2023_Instruments/Sep-24-2026_01-20-42/HG_Rec_best.pth
2026-09-24 01:42:42,714 - INFO - Epoch 113/150 train_loss=1.8883648490905762
2026-09-24 01:42:42,717 - INFO - No train loss improvement; patience=1
2026-09-24 01:42:54,319 - INFO - Epoch 114/150 train_loss=1.8866124248504639
2026-09-24 01:42:54,359 - INFO - Best train loss=1.8866124248504639; saved /home/wlia0047/ar57/wenyu/GeneRec/results/stage3_T5Train/ckpt/tiger_baseline/Amazon_2023_Instruments/Sep-24-2026_01-20-42/HG_Rec_best.pth
2026-09-24 01:43:05,965 - INFO - Epoch 115/150 train_loss=1.8880206298828126
2026-09-24 01:43:05,970 - INFO - No train loss improvement; patience=1
2026-09-24 01:43:17,570 - INFO - Epoch 116/150 train_loss=1.8861702823638915
2026-09-24 01:43:17,615 - INFO - Best train loss=1.8861702823638915; saved /home/wlia0047/ar57/wenyu/GeneRec/results/stage3_T5Train/ckpt/tiger_baseline/Amazon_2023_Instruments/Sep-24-2026_01-20-42/HG_Rec_best.pth
2026-09-24 01:43:30,150 - INFO - Epoch 117/150 train_loss=1.884400849342346
2026-09-24 01:43:30,230 - INFO - Best train loss=1.884400849342346; saved /home/wlia0047/ar57/wenyu/GeneRec/results/stage3_T5Train/ckpt/tiger_baseline/Amazon_2023_Instruments/Sep-24-2026_01-20-42/HG_Rec_best.pth
2026-09-24 01:43:42,061 - INFO - Epoch 118/150 train_loss=1.880707311630249
2026-09-24 01:43:42,130 - INFO - Best train loss=1.880707311630249; saved /home/wlia0047/ar57/wenyu/GeneRec/results/stage3_T5Train/ckpt/tiger_baseline/Amazon_2023_Instruments/Sep-24-2026_01-20-42/HG_Rec_best.pth
2026-09-24 01:43:53,736 - INFO - Epoch 119/150 train_loss=1.881428074836731
2026-09-24 01:43:53,739 - INFO - No train loss improvement; patience=1
2026-09-24 01:44:05,430 - INFO - Epoch 120/150 train_loss=1.877266764640808
2026-09-24 01:44:05,471 - INFO - Best train loss=1.877266764640808; saved /home/wlia0047/ar57/wenyu/GeneRec/results/stage3_T5Train/ckpt/tiger_baseline/Amazon_2023_Instruments/Sep-24-2026_01-20-42/HG_Rec_best.pth
2026-09-24 01:44:17,088 - INFO - Epoch 121/150 train_loss=1.876159772872925
2026-09-24 01:44:17,130 - INFO - Best train loss=1.876159772872925; saved /home/wlia0047/ar57/wenyu/GeneRec/results/stage3_T5Train/ckpt/tiger_baseline/Amazon_2023_Instruments/Sep-24-2026_01-20-42/HG_Rec_best.pth
2026-09-24 01:44:28,734 - INFO - Epoch 122/150 train_loss=1.8766234016418457
2026-09-24 01:44:28,737 - INFO - No train loss improvement; patience=1
2026-09-24 01:44:40,344 - INFO - Epoch 123/150 train_loss=1.8730860757827759
2026-09-24 01:44:40,382 - INFO - Best train loss=1.8730860757827759; saved /home/wlia0047/ar57/wenyu/GeneRec/results/stage3_T5Train/ckpt/tiger_baseline/Amazon_2023_Instruments/Sep-24-2026_01-20-42/HG_Rec_best.pth
2026-09-24 01:44:51,993 - INFO - Epoch 124/150 train_loss=1.8740235090255737
2026-09-24 01:44:51,997 - INFO - No train loss improvement; patience=1
2026-09-24 01:45:03,599 - INFO - Epoch 125/150 train_loss=1.8733855772018433
2026-09-24 01:45:03,614 - INFO - No train loss improvement; patience=2
2026-09-24 01:45:15,220 - INFO - Epoch 126/150 train_loss=1.8718826389312744
2026-09-24 01:45:15,258 - INFO - Best train loss=1.8718826389312744; saved /home/wlia0047/ar57/wenyu/GeneRec/results/stage3_T5Train/ckpt/tiger_baseline/Amazon_2023_Instruments/Sep-24-2026_01-20-42/HG_Rec_best.pth
2026-09-24 01:45:26,867 - INFO - Epoch 127/150 train_loss=1.8704334688186646
2026-09-24 01:45:26,903 - INFO - Best train loss=1.8704334688186646; saved /home/wlia0047/ar57/wenyu/GeneRec/results/stage3_T5Train/ckpt/tiger_baseline/Amazon_2023_Instruments/Sep-24-2026_01-20-42/HG_Rec_best.pth
2026-09-24 01:45:38,513 - INFO - Epoch 128/150 train_loss=1.873022437095642
2026-09-24 01:45:38,518 - INFO - No train loss improvement; patience=1
2026-09-24 01:45:50,123 - INFO - Epoch 129/150 train_loss=1.8684146213531494
2026-09-24 01:45:50,161 - INFO - Best train loss=1.8684146213531494; saved /home/wlia0047/ar57/wenyu/GeneRec/results/stage3_T5Train/ckpt/tiger_baseline/Amazon_2023_Instruments/Sep-24-2026_01-20-42/HG_Rec_best.pth
2026-09-24 01:46:01,771 - INFO - Epoch 130/150 train_loss=1.8685683631896972
2026-09-24 01:46:01,778 - INFO - No train loss improvement; patience=1
2026-09-24 01:46:13,393 - INFO - Epoch 131/150 train_loss=1.8676211500167847
2026-09-24 01:46:13,428 - INFO - Best train loss=1.8676211500167847; saved /home/wlia0047/ar57/wenyu/GeneRec/results/stage3_T5Train/ckpt/tiger_baseline/Amazon_2023_Instruments/Sep-24-2026_01-20-42/HG_Rec_best.pth
2026-09-24 01:46:25,040 - INFO - Epoch 132/150 train_loss=1.866183123588562
2026-09-24 01:46:25,075 - INFO - Best train loss=1.866183123588562; saved /home/wlia0047/ar57/wenyu/GeneRec/results/stage3_T5Train/ckpt/tiger_baseline/Amazon_2023_Instruments/Sep-24-2026_01-20-42/HG_Rec_best.pth
2026-09-24 01:46:36,685 - INFO - Epoch 133/150 train_loss=1.8685825300216674
2026-09-24 01:46:36,689 - INFO - No train loss improvement; patience=1
2026-09-24 01:46:48,292 - INFO - Epoch 134/150 train_loss=1.864262351989746
2026-09-24 01:46:48,331 - INFO - Best train loss=1.864262351989746; saved /home/wlia0047/ar57/wenyu/GeneRec/results/stage3_T5Train/ckpt/tiger_baseline/Amazon_2023_Instruments/Sep-24-2026_01-20-42/HG_Rec_best.pth
2026-09-24 01:46:59,936 - INFO - Epoch 135/150 train_loss=1.8623969221115113
2026-09-24 01:46:59,973 - INFO - Best train loss=1.8623969221115113; saved /home/wlia0047/ar57/wenyu/GeneRec/results/stage3_T5Train/ckpt/tiger_baseline/Amazon_2023_Instruments/Sep-24-2026_01-20-42/HG_Rec_best.pth
2026-09-24 01:47:11,580 - INFO - Epoch 136/150 train_loss=1.8631048679351807
2026-09-24 01:47:11,583 - INFO - No train loss improvement; patience=1
2026-09-24 01:47:23,185 - INFO - Epoch 137/150 train_loss=1.8644613552093505
2026-09-24 01:47:23,194 - INFO - No train loss improvement; patience=2
2026-09-24 01:47:34,796 - INFO - Epoch 138/150 train_loss=1.8626421117782592
2026-09-24 01:47:34,811 - INFO - No train loss improvement; patience=3
2026-09-24 01:47:46,417 - INFO - Epoch 139/150 train_loss=1.859891700744629
2026-09-24 01:47:46,459 - INFO - Best train loss=1.859891700744629; saved /home/wlia0047/ar57/wenyu/GeneRec/results/stage3_T5Train/ckpt/tiger_baseline/Amazon_2023_Instruments/Sep-24-2026_01-20-42/HG_Rec_best.pth
2026-09-24 01:47:58,066 - INFO - Epoch 140/150 train_loss=1.8589911794662475
2026-09-24 01:47:58,102 - INFO - Best train loss=1.8589911794662475; saved /home/wlia0047/ar57/wenyu/GeneRec/results/stage3_T5Train/ckpt/tiger_baseline/Amazon_2023_Instruments/Sep-24-2026_01-20-42/HG_Rec_best.pth
2026-09-24 01:48:09,708 - INFO - Epoch 141/150 train_loss=1.8625048732757568
2026-09-24 01:48:09,712 - INFO - No train loss improvement; patience=1
2026-09-24 01:48:21,314 - INFO - Epoch 142/150 train_loss=1.8617535495758057
2026-09-24 01:48:22,054 - INFO - No train loss improvement; patience=2
2026-09-24 01:48:33,665 - INFO - Epoch 143/150 train_loss=1.85759259223938
2026-09-24 01:48:33,703 - INFO - Best train loss=1.85759259223938; saved /home/wlia0047/ar57/wenyu/GeneRec/results/stage3_T5Train/ckpt/tiger_baseline/Amazon_2023_Instruments/Sep-24-2026_01-20-42/HG_Rec_best.pth
2026-09-24 01:48:45,317 - INFO - Epoch 144/150 train_loss=1.8564076280593873
2026-09-24 01:48:45,353 - INFO - Best train loss=1.8564076280593873; saved /home/wlia0047/ar57/wenyu/GeneRec/results/stage3_T5Train/ckpt/tiger_baseline/Amazon_2023_Instruments/Sep-24-2026_01-20-42/HG_Rec_best.pth
2026-09-24 01:48:56,957 - INFO - Epoch 145/150 train_loss=1.8567019414901733
2026-09-24 01:48:56,959 - INFO - No train loss improvement; patience=1
2026-09-24 01:49:08,566 - INFO - Epoch 146/150 train_loss=1.8560056018829345
2026-09-24 01:49:08,603 - INFO - Best train loss=1.8560056018829345; saved /home/wlia0047/ar57/wenyu/GeneRec/results/stage3_T5Train/ckpt/tiger_baseline/Amazon_2023_Instruments/Sep-24-2026_01-20-42/HG_Rec_best.pth
2026-09-24 01:49:20,214 - INFO - Epoch 147/150 train_loss=1.8510026168823241
2026-09-24 01:49:20,248 - INFO - Best train loss=1.8510026168823241; saved /home/wlia0047/ar57/wenyu/GeneRec/results/stage3_T5Train/ckpt/tiger_baseline/Amazon_2023_Instruments/Sep-24-2026_01-20-42/HG_Rec_best.pth
2026-09-24 01:49:31,882 - INFO - Epoch 148/150 train_loss=1.8534021520614623
2026-09-24 01:49:31,886 - INFO - No train loss improvement; patience=1
2026-09-24 01:49:43,494 - INFO - Epoch 149/150 train_loss=1.8515810441970826
2026-09-24 01:49:43,501 - INFO - No train loss improvement; patience=2
2026-09-24 01:49:55,106 - INFO - Epoch 150/150 train_loss=1.8517689466476441
2026-09-24 01:49:55,109 - INFO - No train loss improvement; patience=3
2026-09-24 01:58:06,705 - INFO - Test={'best_checkpoint': '/home/wlia0047/ar57/wenyu/GeneRec/results/stage3_T5Train/ckpt/tiger_baseline/Amazon_2023_Instruments/Sep-24-2026_01-20-42/HG_Rec_best.pth', 'n_eval': 57439, 'test_recall@5': 0.036351607792614773, 'test_recall@10': 0.055049704904333294, 'test_ndcg@5': 0.023779522727304804, 'test_ndcg@10': 0.029826233748527036}
