W0921 14:59:27.800882 3605949 /fs04/scratch2/ar57/wenyu/genrec_env_v2/lib/python3.9/site-packages/torch/distributed/run.py:774] 
W0921 14:59:27.800882 3605949 /fs04/scratch2/ar57/wenyu/genrec_env_v2/lib/python3.9/site-packages/torch/distributed/run.py:774] *****************************************
W0921 14:59:27.800882 3605949 /fs04/scratch2/ar57/wenyu/genrec_env_v2/lib/python3.9/site-packages/torch/distributed/run.py:774] Setting OMP_NUM_THREADS environment variable for each process to be 1 in default, to avoid your system being overloaded, please further tune the variable for optimal performance in your application as needed. 
W0921 14:59:27.800882 3605949 /fs04/scratch2/ar57/wenyu/genrec_env_v2/lib/python3.9/site-packages/torch/distributed/run.py:774] *****************************************
/home/wlia0047/ar57_scratch/wenyu/genrec_env_v2/lib64/python3.9/site-packages/torch/distributed/distributed_c10d.py:4807: UserWarning: No device id is provided via `init_process_group` or `barrier `. Using the current device set by the user. 
  warnings.warn(  # warn only once
[rank2]:[W921 14:59:30.601795112 ProcessGroupNCCL.cpp:5023] [PG ID 0 PG GUID 0 Rank 2]  using GPU 2 as device used by this process is currently unknown. This can potentially cause a hang if this rank to GPU mapping is incorrect. You can specify device_id in init_process_group() to force use of a particular device.
[Step3] DDP rank=0/4 local_rank=0
/home/wlia0047/ar57_scratch/wenyu/genrec_env_v2/lib64/python3.9/site-packages/torch/distributed/distributed_c10d.py:4807: UserWarning: No device id is provided via `init_process_group` or `barrier `. Using the current device set by the user. 
  warnings.warn(  # warn only once
[rank1]:[W921 14:59:30.608208820 ProcessGroupNCCL.cpp:5023] [PG ID 0 PG GUID 0 Rank 1]  using GPU 1 as device used by this process is currently unknown. This can potentially cause a hang if this rank to GPU mapping is incorrect. You can specify device_id in init_process_group() to force use of a particular device.
/home/wlia0047/ar57_scratch/wenyu/genrec_env_v2/lib64/python3.9/site-packages/torch/distributed/distributed_c10d.py:4807: UserWarning: No device id is provided via `init_process_group` or `barrier `. Using the current device set by the user. 
  warnings.warn(  # warn only once
[rank3]:[W921 14:59:30.609187736 ProcessGroupNCCL.cpp:5023] [PG ID 0 PG GUID 0 Rank 3]  using GPU 3 as device used by this process is currently unknown. This can potentially cause a hang if this rank to GPU mapping is incorrect. You can specify device_id in init_process_group() to force use of a particular device.
/home/wlia0047/ar57_scratch/wenyu/genrec_env_v2/lib64/python3.9/site-packages/torch/distributed/distributed_c10d.py:4807: UserWarning: No device id is provided via `init_process_group` or `barrier `. Using the current device set by the user. 
  warnings.warn(  # warn only once
[rank0]:[W921 14:59:30.610214384 ProcessGroupNCCL.cpp:5023] [PG ID 0 PG GUID 0 Rank 0]  using GPU 0 as device used by this process is currently unknown. This can potentially cause a hang if this rank to GPU mapping is incorrect. You can specify device_id in init_process_group() to force use of a particular device.
[Step0] cleaned 0 stale artifact(s) from /home/wlia0047/ar57/wenyu/GeneRec/results/stage2_RQ-VAE/curvature_RQ-VAE_iter5/out/rqvae/instruments
=== RQ-VAE Step1-Step12 训练循环 (world_size=4) ===
[Step1] emb: /home/wlia0047/ar57/wenyu/GeneRec/results/stage2_RQ-VAE/curvature_RQ-VAE_iter5/dataset/Instruments/item_emb.npy
[Step1] out: /home/wlia0047/ar57/wenyu/GeneRec/results/stage2_RQ-VAE/curvature_RQ-VAE_iter5/out/rqvae/instruments
[Step1] per-GPU batch=640 | total=2560 | workers=4 | compile=False
[Step1] hidden=[512, 256, 128] embed=32 codebook=256 layers=3
[Step1] target: MAX_GLOBAL_STEPS=100000 | ckpt every 10000
[Step2] loaded /home/wlia0047/ar57/wenyu/GeneRec/results/stage2_RQ-VAE/curvature_RQ-VAE_iter5/dataset/Instruments/item_emb.npy: shape=(24587, 768), dtype=torch.float32
[Step2] 24587 items | 9 batches/rank | 36 batches/epoch
[Step4] params=1174531 | DDP wrapped
[Step5] optimizer covers 1 group(s)
[train] start, target=100000 global steps (Step1-Step12 loop)
[Step6] first batch ok shape=(640, 768) device=cuda:0
[rank3]:[W921 14:59:32.753516989 reducer.cpp:1457] Warning: find_unused_parameters=True was specified in DDP constructor, but did not find any unused parameters in the forward pass. This flag results in an extra traversal of the autograd graph every iteration,  which can adversely affect performance. If your model indeed never has any unused parameters in the forward pass, consider turning this flag off. Note that this warning may be a false positive if your model has flow control causing later iterations to have unused parameters. (function operator())
[rank2]:[W921 14:59:32.763531326 reducer.cpp:1457] Warning: find_unused_parameters=True was specified in DDP constructor, but did not find any unused parameters in the forward pass. This flag results in an extra traversal of the autograd graph every iteration,  which can adversely affect performance. If your model indeed never has any unused parameters in the forward pass, consider turning this flag off. Note that this warning may be a false positive if your model has flow control causing later iterations to have unused parameters. (function operator())
[rank0]:[W921 14:59:32.775296171 reducer.cpp:1457] Warning: find_unused_parameters=True was specified in DDP constructor, but did not find any unused parameters in the forward pass. This flag results in an extra traversal of the autograd graph every iteration,  which can adversely affect performance. If your model indeed never has any unused parameters in the forward pass, consider turning this flag off. Note that this warning may be a false positive if your model has flow control causing later iterations to have unused parameters. (function operator())
[rank1]:[W921 14:59:32.775505567 reducer.cpp:1457] Warning: find_unused_parameters=True was specified in DDP constructor, but did not find any unused parameters in the forward pass. This flag results in an extra traversal of the autograd graph every iteration,  which can adversely affect performance. If your model indeed never has any unused parameters in the forward pass, consider turning this flag off. Note that this warning may be a false positive if your model has flow control causing later iterations to have unused parameters. (function operator())
[Step7] first forward ok sem_ids.shape=(640, 3)
[Step8] first loss ok loss=177.8737 rl=9.2837 vl=168.5900
[Step9] first backward ok params_with_grad=20
[Step10] first optimizer.step ok
[Step11] first curvature sync step=4 c=[0.300/0.300/0.300]
  step    572/100000 | loss=1.2093 | rl=0.8891 | vl=0.3202 | codes=56/82/38/256 | c=0.325/0.325/0.325 | ips_g=113.8 ips/rk=28.5 | elapsed=5.0s | eta=873.6s
  [iter5][attn] step=  1000 layer=0 temp=0.5550 min=-0.0850 max=0.0782 mean=0.0014
  [iter5][attn] step=  1000 layer=1 temp=0.5195 min=-0.1076 max=0.1014 mean=-0.0004
  [iter5][attn] step=  1000 layer=2 temp=0.4927 min=-0.2397 max=0.3599 mean=-0.0007
  step   1232/100000 | loss=1.6362 | rl=0.7630 | vl=0.8732 | codes=126/139/74/256 | c=0.354/0.354/0.354 | ips_g=122.6 ips/rk=30.7 | elapsed=10.0s | eta=805.3s
  step   1900/100000 | loss=1.6841 | rl=0.6523 | vl=1.0318 | codes=191/111/102/256 | c=0.383/0.383/0.383 | ips_g=126.1 ips/rk=31.5 | elapsed=15.1s | eta=777.7s
  [iter5][attn] step=  2000 layer=0 temp=0.6764 min=-0.0887 max=0.0778 mean=0.0004
  [iter5][attn] step=  2000 layer=1 temp=0.5902 min=-0.0736 max=0.0872 mean=-0.0000
  [iter5][attn] step=  2000 layer=2 temp=0.5601 min=-0.4563 max=0.5948 mean=-0.0001
  step   2568/100000 | loss=1.7181 | rl=0.6504 | vl=1.0677 | codes=232/115/102/256 | c=0.412/0.412/0.412 | ips_g=128.0 ips/rk=32.0 | elapsed=20.1s | eta=761.2s
  [iter5][attn] step=  3000 layer=0 temp=0.7675 min=-0.0573 max=0.0642 mean=0.0002
  [iter5][attn] step=  3000 layer=1 temp=0.6434 min=-0.0485 max=0.0550 mean=-0.0000
  [iter5][attn] step=  3000 layer=2 temp=0.6181 min=-0.5751 max=0.4883 mean=0.0001
  step   3256/100000 | loss=2.0867 | rl=0.6610 | vl=1.4257 | codes=245/110/116/256 | c=0.442/0.442/0.442 | ips_g=129.8 ips/rk=32.4 | elapsed=25.1s | eta=745.5s
  step   3952/100000 | loss=1.6083 | rl=0.6459 | vl=0.9624 | codes=253/125/99/256 | c=0.472/0.472/0.472 | ips_g=131.2 ips/rk=32.8 | elapsed=30.1s | eta=731.9s
  [iter5][attn] step=  4000 layer=0 temp=0.8830 min=-0.0588 max=0.0653 mean=0.0004
  [iter5][attn] step=  4000 layer=1 temp=0.7041 min=-0.0954 max=0.1104 mean=-0.0001
  [iter5][attn] step=  4000 layer=2 temp=0.6773 min=-0.6066 max=0.7282 mean=-0.0000
  step   4636/100000 | loss=1.9141 | rl=0.6489 | vl=1.2653 | codes=254/133/98/256 | c=0.501/0.501/0.501 | ips_g=132.0 ips/rk=33.0 | elapsed=35.1s | eta=722.5s
  [iter5][attn] step=  5000 layer=0 temp=1.0023 min=-0.0610 max=0.0674 mean=0.0000
  [iter5][attn] step=  5000 layer=1 temp=0.7673 min=-0.0613 max=0.0798 mean=-0.0000
  [iter5][attn] step=  5000 layer=2 temp=0.7400 min=-0.6218 max=0.4697 mean=-0.0005
  step   5308/100000 | loss=2.0580 | rl=0.6369 | vl=1.4211 | codes=254/136/103/256 | c=0.529/0.529/0.529 | ips_g=132.2 ips/rk=33.1 | elapsed=40.1s | eta=716.0s
  step   5976/100000 | loss=1.8719 | rl=0.6867 | vl=1.1851 | codes=253/151/100/256 | c=0.557/0.557/0.557 | ips_g=132.4 ips/rk=33.1 | elapsed=45.2s | eta=710.4s
  [iter5][attn] step=  6000 layer=0 temp=1.1200 min=-0.0485 max=0.0728 mean=0.0000
  [iter5][attn] step=  6000 layer=1 temp=0.8303 min=-0.0690 max=0.0705 mean=0.0001
  [iter5][attn] step=  6000 layer=2 temp=0.7916 min=-0.5699 max=0.3912 mean=-0.0004
  step   6644/100000 | loss=2.0330 | rl=0.6655 | vl=1.3675 | codes=254/147/91/256 | c=0.584/0.584/0.584 | ips_g=132.5 ips/rk=33.1 | elapsed=50.2s | eta=704.7s
  [iter5][attn] step=  7000 layer=0 temp=1.2501 min=-0.0496 max=0.0629 mean=-0.0000
  [iter5][attn] step=  7000 layer=1 temp=0.8944 min=-0.0624 max=0.0631 mean=0.0000
  [iter5][attn] step=  7000 layer=2 temp=0.8458 min=-0.4768 max=0.3861 mean=-0.0003
  step   7316/100000 | loss=2.0755 | rl=0.6877 | vl=1.3878 | codes=252/155/103/256 | c=0.611/0.611/0.611 | ips_g=132.6 ips/rk=33.2 | elapsed=55.2s | eta=699.0s
  step   7968/100000 | loss=1.8469 | rl=0.6805 | vl=1.1664 | codes=255/165/106/256 | c=0.636/0.636/0.636 | ips_g=132.4 ips/rk=33.1 | elapsed=60.2s | eta=695.2s
  [iter5][attn] step=  8000 layer=0 temp=1.3830 min=-0.0410 max=0.0425 mean=-0.0001
  [iter5][attn] step=  8000 layer=1 temp=0.9607 min=-0.0710 max=0.0572 mean=0.0000
  [iter5][attn] step=  8000 layer=2 temp=0.9027 min=-0.5122 max=0.3467 mean=0.0000
  step   8660/100000 | loss=1.9742 | rl=0.6953 | vl=1.2789 | codes=253/165/115/256 | c=0.662/0.662/0.662 | ips_g=132.8 ips/rk=33.2 | elapsed=65.2s | eta=687.8s
  [iter5][attn] step=  9000 layer=0 temp=1.5153 min=-0.0419 max=0.0325 mean=-0.0001
  [iter5][attn] step=  9000 layer=1 temp=1.0294 min=-0.0957 max=0.0710 mean=0.0000
  [iter5][attn] step=  9000 layer=2 temp=0.9546 min=-0.4193 max=0.4531 mean=0.0002
  step   9356/100000 | loss=2.0811 | rl=0.7280 | vl=1.3532 | codes=255/173/119/256 | c=0.688/0.688/0.688 | ips_g=133.2 ips/rk=33.3 | elapsed=70.2s | eta=680.5s
  [iter5][attn] step= 10000 layer=0 temp=1.6504 min=-0.0274 max=0.0308 mean=0.0001
  [iter5][attn] step= 10000 layer=1 temp=1.0985 min=-0.0691 max=0.0606 mean=-0.0000
  [iter5][attn] step= 10000 layer=2 temp=1.0079 min=-0.4463 max=0.5537 mean=-0.0002
/home/wlia0047/ar57_scratch/wenyu/genrec_env_v2/lib64/python3.9/site-packages/torch/distributed/distributed_c10d.py:4807: UserWarning: No device id is provided via `init_process_group` or `barrier `. Using the current device set by the user. 
  warnings.warn(  # warn only once
/home/wlia0047/ar57_scratch/wenyu/genrec_env_v2/lib64/python3.9/site-packages/torch/distributed/distributed_c10d.py:4807: UserWarning: No device id is provided via `init_process_group` or `barrier `. Using the current device set by the user. 
  warnings.warn(  # warn only once
/home/wlia0047/ar57_scratch/wenyu/genrec_env_v2/lib64/python3.9/site-packages/torch/distributed/distributed_c10d.py:4807: UserWarning: No device id is provided via `init_process_group` or `barrier `. Using the current device set by the user. 
  warnings.warn(  # warn only once
[Step12] saved /home/wlia0047/ar57/wenyu/GeneRec/results/stage2_RQ-VAE/curvature_RQ-VAE_iter5/out/rqvae/instruments/rqvae_step10000.pt (step=10000)
/home/wlia0047/ar57_scratch/wenyu/genrec_env_v2/lib64/python3.9/site-packages/torch/distributed/distributed_c10d.py:4807: UserWarning: No device id is provided via `init_process_group` or `barrier `. Using the current device set by the user. 
  warnings.warn(  # warn only once
  [SID gate step=10000] hitrate@50=0.7165 full_gini=0.0917 per_layer=[0.0703/0.3990/0.7467] unique=22168/24587 l01_pairs=13916 H_l1_given_l0=5.4775 | early_stop=False
  step  10004/100000 | loss=2.0052 | rl=0.7175 | vl=1.2877 | codes=253/175/113/256 | c=0.712/0.712/0.712 | ips_g=89.3 ips/rk=22.3 | elapsed=112.1s | eta=1008.0s
  step  10676/100000 | loss=1.9212 | rl=0.7501 | vl=1.1711 | codes=252/177/119/256 | c=0.735/0.735/0.735 | ips_g=91.2 ips/rk=22.8 | elapsed=117.1s | eta=979.6s
  [iter5][attn] step= 11000 layer=0 temp=1.7872 min=-0.0289 max=0.0250 mean=0.0001
  [iter5][attn] step= 11000 layer=1 temp=1.1695 min=-0.0799 max=0.0696 mean=-0.0000
  [iter5][attn] step= 11000 layer=2 temp=1.0657 min=-0.4458 max=0.3627 mean=-0.0001
  step  11356/100000 | loss=1.8603 | rl=0.7571 | vl=1.1032 | codes=252/173/122/256 | c=0.758/0.758/0.758 | ips_g=93.0 ips/rk=23.3 | elapsed=122.1s | eta=953.1s
  step  11992/100000 | loss=1.8524 | rl=0.7717 | vl=1.0808 | codes=254/184/123/256 | c=0.779/0.779/0.779 | ips_g=94.3 ips/rk=23.6 | elapsed=127.1s | eta=933.0s
  [iter5][attn] step= 12000 layer=0 temp=1.9253 min=-0.0278 max=0.0258 mean=0.0001
  [iter5][attn] step= 12000 layer=1 temp=1.2398 min=-0.0696 max=0.0624 mean=-0.0000
  [iter5][attn] step= 12000 layer=2 temp=1.1153 min=-0.3771 max=0.4242 mean=0.0007
  step  12684/100000 | loss=2.0291 | rl=0.7675 | vl=1.2616 | codes=254/189/126/256 | c=0.801/0.801/0.801 | ips_g=96.0 ips/rk=24.0 | elapsed=132.1s | eta=909.6s
  [iter5][attn] step= 13000 layer=0 temp=2.0594 min=-0.0266 max=0.0242 mean=0.0001
  [iter5][attn] step= 13000 layer=1 temp=1.3100 min=-0.0638 max=0.0633 mean=-0.0000
  [iter5][attn] step= 13000 layer=2 temp=1.1523 min=-0.3190 max=0.3660 mean=0.0002
  step  13364/100000 | loss=2.0730 | rl=0.7840 | vl=1.2891 | codes=255/190/124/256 | c=0.821/0.821/0.821 | ips_g=97.4 ips/rk=24.4 | elapsed=137.2s | eta=889.1s
  [iter5][attn] step= 14000 layer=0 temp=2.1967 min=-0.0287 max=0.0251 mean=-0.0000
  [iter5][attn] step= 14000 layer=1 temp=1.3816 min=-0.0743 max=0.0685 mean=-0.0000
  [iter5][attn] step= 14000 layer=2 temp=1.1957 min=-0.3575 max=0.4138 mean=-0.0002
  step  14056/100000 | loss=2.1113 | rl=0.8060 | vl=1.3053 | codes=255/194/122/256 | c=0.841/0.841/0.841 | ips_g=98.9 ips/rk=24.7 | elapsed=142.2s | eta=869.2s
  step  14760/100000 | loss=2.1251 | rl=0.8139 | vl=1.3112 | codes=256/195/128/256 | c=0.860/0.860/0.860 | ips_g=100.3 ips/rk=25.1 | elapsed=147.2s | eta=850.0s
  [iter5][attn] step= 15000 layer=0 temp=2.3349 min=-0.0279 max=0.0230 mean=-0.0000
  [iter5][attn] step= 15000 layer=1 temp=1.4524 min=-0.0652 max=0.0756 mean=0.0000
  [iter5][attn] step= 15000 layer=2 temp=1.2364 min=-0.4529 max=0.4244 mean=-0.0006
  step  15460/100000 | loss=2.3989 | rl=0.8222 | vl=1.5767 | codes=255/196/127/256 | c=0.878/0.878/0.878 | ips_g=101.6 ips/rk=25.4 | elapsed=152.2s | eta=832.2s
  [iter5][attn] step= 16000 layer=0 temp=2.4729 min=-0.0277 max=0.0228 mean=-0.0003
  [iter5][attn] step= 16000 layer=1 temp=1.5241 min=-0.0580 max=0.0618 mean=-0.0000
  [iter5][attn] step= 16000 layer=2 temp=1.2792 min=-0.2772 max=0.4863 mean=0.0007
  step  16132/100000 | loss=2.5223 | rl=0.8319 | vl=1.6904 | codes=253/194/125/256 | c=0.894/0.894/0.894 | ips_g=102.6 ips/rk=25.7 | elapsed=157.2s | eta=817.2s
  step  16804/100000 | loss=2.4459 | rl=0.8378 | vl=1.6081 | codes=252/201/124/256 | c=0.909/0.909/0.909 | ips_g=103.6 ips/rk=25.9 | elapsed=162.2s | eta=803.1s
  [iter5][attn] step= 17000 layer=0 temp=2.6074 min=-0.0281 max=0.0233 mean=-0.0004
  [iter5][attn] step= 17000 layer=1 temp=1.5953 min=-0.0625 max=0.0673 mean=0.0000
  [iter5][attn] step= 17000 layer=2 temp=1.3149 min=-0.4147 max=0.3665 mean=-0.0000
  step  17452/100000 | loss=2.5901 | rl=0.8742 | vl=1.7159 | codes=254/209/122/256 | c=0.923/0.923/0.923 | ips_g=104.4 ips/rk=26.1 | elapsed=167.2s | eta=790.9s
  [iter5][attn] step= 18000 layer=0 temp=2.7351 min=-0.0275 max=0.0207 mean=-0.0004
  [iter5][attn] step= 18000 layer=1 temp=1.6667 min=-0.0594 max=0.0600 mean=-0.0000
  [iter5][attn] step= 18000 layer=2 temp=1.3409 min=-0.4342 max=0.3903 mean=-0.0007
  step  18116/100000 | loss=2.6357 | rl=0.8825 | vl=1.7532 | codes=253/201/131/256 | c=0.936/0.936/0.936 | ips_g=105.2 ips/rk=26.3 | elapsed=172.2s | eta=778.4s
  step  18796/100000 | loss=2.4583 | rl=0.8539 | vl=1.6044 | codes=255/212/125/256 | c=0.947/0.947/0.947 | ips_g=106.0 ips/rk=26.5 | elapsed=177.2s | eta=765.7s
  [iter5][attn] step= 19000 layer=0 temp=2.8581 min=-0.0245 max=0.0198 mean=-0.0005
  [iter5][attn] step= 19000 layer=1 temp=1.7352 min=-0.0582 max=0.0601 mean=-0.0000
  [iter5][attn] step= 19000 layer=2 temp=1.3730 min=-0.2807 max=0.4332 mean=0.0020
  step  19464/100000 | loss=2.6555 | rl=0.8750 | vl=1.7806 | codes=253/211/124/256 | c=0.958/0.958/0.958 | ips_g=106.8 ips/rk=26.7 | elapsed=182.3s | eta=754.1s
  [iter5][attn] step= 20000 layer=0 temp=2.9735 min=-0.0307 max=0.0193 mean=-0.0006
  [iter5][attn] step= 20000 layer=1 temp=1.8017 min=-0.0718 max=0.0684 mean=0.0000
  [iter5][attn] step= 20000 layer=2 temp=1.4031 min=-0.3898 max=0.3588 mean=0.0008
[Step12] saved /home/wlia0047/ar57/wenyu/GeneRec/results/stage2_RQ-VAE/curvature_RQ-VAE_iter5/out/rqvae/instruments/rqvae_step20000.pt (step=20000)
  [SID gate step=20000] hitrate@50=0.7165 full_gini=0.0825 per_layer=[0.0703/0.2752/0.7066] unique=22432/24587 l01_pairs=14895 H_l1_given_l0=5.5826 | early_stop=False
[Step12] deleted previous artifacts with tag=step10000 (rqvae_step10000.pt + sids_step10000.npy + quality_step10000.json)
  step  20004/100000 | loss=2.7859 | rl=0.9019 | vl=1.8840 | codes=254/210/128/256 | c=0.966/0.966/0.966 | ips_g=90.6 ips/rk=22.7 | elapsed=220.7s | eta=882.5s
  step  20676/100000 | loss=2.6516 | rl=0.8712 | vl=1.7805 | codes=253/210/127/256 | c=0.974/0.974/0.974 | ips_g=91.6 ips/rk=22.9 | elapsed=225.7s | eta=865.9s
  [iter5][attn] step= 21000 layer=0 temp=3.0843 min=-0.0225 max=0.0155 mean=-0.0006
  [iter5][attn] step= 21000 layer=1 temp=1.8690 min=-0.0578 max=0.0766 mean=-0.0000
  [iter5][attn] step= 21000 layer=2 temp=1.4302 min=-0.3122 max=0.3567 mean=0.0004
  step  21376/100000 | loss=2.4004 | rl=0.8843 | vl=1.5161 | codes=254/212/137/256 | c=0.982/0.982/0.982 | ips_g=92.6 ips/rk=23.2 | elapsed=230.7s | eta=848.6s
  [iter5][attn] step= 22000 layer=0 temp=3.1903 min=-0.0250 max=0.0151 mean=-0.0006
  [iter5][attn] step= 22000 layer=1 temp=1.9318 min=-0.0573 max=0.0521 mean=0.0000
  [iter5][attn] step= 22000 layer=2 temp=1.4520 min=-0.3073 max=0.3482 mean=0.0005
  step  22072/100000 | loss=2.5635 | rl=0.8877 | vl=1.6758 | codes=253/217/134/256 | c=0.988/0.988/0.988 | ips_g=93.6 ips/rk=23.4 | elapsed=235.7s | eta=832.3s
  step  22772/100000 | loss=2.5775 | rl=0.9040 | vl=1.6735 | codes=256/217/127/256 | c=0.993/0.993/0.993 | ips_g=94.6 ips/rk=23.6 | elapsed=240.7s | eta=816.5s
  [iter5][attn] step= 23000 layer=0 temp=3.2928 min=-0.0252 max=0.0164 mean=-0.0007
  [iter5][attn] step= 23000 layer=1 temp=1.9952 min=-0.0703 max=0.0697 mean=0.0000
  [iter5][attn] step= 23000 layer=2 temp=1.4703 min=-0.3239 max=0.4128 mean=-0.0001
  step  23468/100000 | loss=2.8228 | rl=0.8897 | vl=1.9332 | codes=255/221/126/256 | c=0.997/0.997/0.997 | ips_g=95.5 ips/rk=23.9 | elapsed=245.8s | eta=801.4s
  [iter5][attn] step= 24000 layer=0 temp=3.3874 min=-0.0253 max=0.0173 mean=-0.0007
  [iter5][attn] step= 24000 layer=1 temp=2.0547 min=-0.0789 max=0.0638 mean=-0.0000
  [iter5][attn] step= 24000 layer=2 temp=1.4858 min=-0.2863 max=0.4087 mean=0.0002
  step  24168/100000 | loss=2.8582 | rl=0.8744 | vl=1.9837 | codes=253/219/132/256 | c=0.999/0.999/0.999 | ips_g=96.4 ips/rk=24.1 | elapsed=250.8s | eta=786.9s
  step  24868/100000 | loss=2.9375 | rl=0.8921 | vl=2.0454 | codes=256/210/118/256 | c=1.000/1.000/1.000 | ips_g=97.2 ips/rk=24.3 | elapsed=255.8s | eta=772.8s
  [iter5][attn] step= 25000 layer=0 temp=3.4807 min=-0.0274 max=0.0181 mean=-0.0007
  [iter5][attn] step= 25000 layer=1 temp=2.1129 min=-0.0632 max=0.0658 mean=0.0000
  [iter5][attn] step= 25000 layer=2 temp=1.5036 min=-0.4073 max=0.3712 mean=0.0010
  step  25568/100000 | loss=2.6844 | rl=0.9211 | vl=1.7633 | codes=256/214/133/256 | c=1.000/1.000/1.000 | ips_g=98.0 ips/rk=24.5 | elapsed=260.8s | eta=759.2s
  [iter5][attn] step= 26000 layer=0 temp=3.5733 min=-0.0217 max=0.0151 mean=-0.0006
  [iter5][attn] step= 26000 layer=1 temp=2.1682 min=-0.0644 max=0.0769 mean=-0.0000
  [iter5][attn] step= 26000 layer=2 temp=1.5233 min=-0.4023 max=0.4628 mean=0.0006
  step  26248/100000 | loss=3.0074 | rl=0.8878 | vl=2.1196 | codes=253/217/123/256 | c=0.998/0.998/0.998 | ips_g=98.7 ips/rk=24.7 | elapsed=265.8s | eta=746.9s
  step  26920/100000 | loss=2.7452 | rl=0.8901 | vl=1.8551 | codes=252/214/140/256 | c=0.995/0.995/0.995 | ips_g=99.4 ips/rk=24.8 | elapsed=270.8s | eta=735.2s
  [iter5][attn] step= 27000 layer=0 temp=3.6556 min=-0.0256 max=0.0215 mean=-0.0006
  [iter5][attn] step= 27000 layer=1 temp=2.2232 min=-0.0591 max=0.0613 mean=0.0000
  [iter5][attn] step= 27000 layer=2 temp=1.5458 min=-0.3493 max=0.3853 mean=0.0005
  step  27592/100000 | loss=2.7895 | rl=0.8659 | vl=1.9237 | codes=256/218/131/256 | c=0.991/0.991/0.991 | ips_g=100.0 ips/rk=25.0 | elapsed=275.9s | eta=723.9s
  [iter5][attn] step= 28000 layer=0 temp=3.7282 min=-0.0225 max=0.0240 mean=-0.0005
  [iter5][attn] step= 28000 layer=1 temp=2.2705 min=-0.0610 max=0.0698 mean=0.0001
  [iter5][attn] step= 28000 layer=2 temp=1.5524 min=-0.3964 max=0.4576 mean=0.0003
  step  28264/100000 | loss=3.2085 | rl=0.8735 | vl=2.3350 | codes=256/218/135/256 | c=0.985/0.985/0.985 | ips_g=100.6 ips/rk=25.2 | elapsed=280.9s | eta=712.9s
  step  28936/100000 | loss=2.9102 | rl=0.8774 | vl=2.0328 | codes=252/217/132/256 | c=0.979/0.979/0.979 | ips_g=101.2 ips/rk=25.3 | elapsed=285.9s | eta=702.1s
  [iter5][attn] step= 29000 layer=0 temp=3.7878 min=-0.0208 max=0.0202 mean=-0.0005
  [iter5][attn] step= 29000 layer=1 temp=2.3094 min=-0.0546 max=0.0550 mean=-0.0000
  [iter5][attn] step= 29000 layer=2 temp=1.5582 min=-0.3432 max=0.4083 mean=0.0009
  step  29608/100000 | loss=3.0578 | rl=0.8811 | vl=2.1767 | codes=255/220/139/256 | c=0.971/0.971/0.971 | ips_g=101.8 ips/rk=25.4 | elapsed=290.9s | eta=691.7s
  [iter5][attn] step= 30000 layer=0 temp=3.8381 min=-0.0198 max=0.0202 mean=-0.0005
  [iter5][attn] step= 30000 layer=1 temp=2.3399 min=-0.0628 max=0.0596 mean=0.0000
  [iter5][attn] step= 30000 layer=2 temp=1.5595 min=-0.4191 max=0.3855 mean=0.0006
[Step12] saved /home/wlia0047/ar57/wenyu/GeneRec/results/stage2_RQ-VAE/curvature_RQ-VAE_iter5/out/rqvae/instruments/rqvae_step30000.pt (step=30000)
  [SID gate step=30000] hitrate@50=0.7165 full_gini=0.0843 per_layer=[0.0733/0.2270/0.6633] unique=22387/24587 l01_pairs=15075 H_l1_given_l0=5.5982 | early_stop=False
[Step12] deleted previous artifacts with tag=step20000 (rqvae_step20000.pt + sids_step20000.npy + quality_step20000.json)
  step  30004/100000 | loss=3.0771 | rl=0.8331 | vl=2.2440 | codes=256/223/134/256 | c=0.966/0.966/0.966 | ips_g=91.4 ips/rk=22.8 | elapsed=328.4s | eta=766.2s
  step  30704/100000 | loss=2.9479 | rl=0.8325 | vl=2.1153 | codes=255/223/125/256 | c=0.956/0.956/0.956 | ips_g=92.1 ips/rk=23.0 | elapsed=333.4s | eta=752.6s
  [iter5][attn] step= 31000 layer=0 temp=3.8782 min=-0.0214 max=0.0125 mean=-0.0004
  [iter5][attn] step= 31000 layer=1 temp=2.3672 min=-0.0544 max=0.0704 mean=0.0000
  [iter5][attn] step= 31000 layer=2 temp=1.5536 min=-0.3913 max=0.5132 mean=0.0005
  step  31400/100000 | loss=3.0796 | rl=0.8329 | vl=2.2467 | codes=253/225/131/256 | c=0.944/0.944/0.944 | ips_g=92.8 ips/rk=23.2 | elapsed=338.5s | eta=739.4s
  [iter5][attn] step= 32000 layer=0 temp=3.9029 min=-0.0197 max=0.0144 mean=-0.0004
  [iter5][attn] step= 32000 layer=1 temp=2.3883 min=-0.0617 max=0.0749 mean=-0.0000
  [iter5][attn] step= 32000 layer=2 temp=1.5459 min=-0.3568 max=0.4219 mean=0.0003
  step  32096/100000 | loss=2.9769 | rl=0.8237 | vl=2.1532 | codes=256/226/124/256 | c=0.932/0.932/0.932 | ips_g=93.4 ips/rk=23.4 | elapsed=343.5s | eta=726.7s
  step  32792/100000 | loss=2.9482 | rl=0.8088 | vl=2.1394 | codes=256/223/127/256 | c=0.918/0.918/0.918 | ips_g=94.1 ips/rk=23.5 | elapsed=348.5s | eta=714.2s
  [iter5][attn] step= 33000 layer=0 temp=3.9198 min=-0.0183 max=0.0129 mean=-0.0005
  [iter5][attn] step= 33000 layer=1 temp=2.3976 min=-0.0651 max=0.0586 mean=-0.0001
  [iter5][attn] step= 33000 layer=2 temp=1.5339 min=-0.4380 max=0.4372 mean=0.0006
  step  33484/100000 | loss=2.7567 | rl=0.7991 | vl=1.9576 | codes=256/216/138/256 | c=0.903/0.903/0.903 | ips_g=94.7 ips/rk=23.7 | elapsed=353.5s | eta=702.2s
  [iter5][attn] step= 34000 layer=0 temp=3.9166 min=-0.0178 max=0.0129 mean=-0.0004
  [iter5][attn] step= 34000 layer=1 temp=2.4009 min=-0.0595 max=0.0573 mean=-0.0000
  [iter5][attn] step= 34000 layer=2 temp=1.5116 min=-0.3096 max=0.4319 mean=0.0001
  step  34180/100000 | loss=3.0629 | rl=0.7872 | vl=2.2757 | codes=251/222/131/256 | c=0.887/0.887/0.887 | ips_g=95.3 ips/rk=23.8 | elapsed=358.5s | eta=690.4s
  step  34884/100000 | loss=3.2544 | rl=0.8056 | vl=2.4488 | codes=256/216/130/256 | c=0.869/0.869/0.869 | ips_g=96.0 ips/rk=24.0 | elapsed=363.5s | eta=678.6s
  [iter5][attn] step= 35000 layer=0 temp=3.9011 min=-0.0188 max=0.0145 mean=-0.0003
  [iter5][attn] step= 35000 layer=1 temp=2.4047 min=-0.0583 max=0.0561 mean=-0.0000
  [iter5][attn] step= 35000 layer=2 temp=1.4940 min=-0.3414 max=0.3634 mean=0.0012
  step  35572/100000 | loss=2.9588 | rl=0.7656 | vl=2.1932 | codes=254/216/130/256 | c=0.851/0.851/0.851 | ips_g=96.5 ips/rk=24.1 | elapsed=368.5s | eta=667.5s
  [iter5][attn] step= 36000 layer=0 temp=3.8811 min=-0.0174 max=0.0139 mean=-0.0004
  [iter5][attn] step= 36000 layer=1 temp=2.3944 min=-0.0726 max=0.0639 mean=0.0001
  [iter5][attn] step= 36000 layer=2 temp=1.4783 min=-0.4219 max=0.4549 mean=0.0006
  step  36244/100000 | loss=3.2678 | rl=0.7226 | vl=2.5452 | codes=252/216/133/256 | c=0.832/0.832/0.832 | ips_g=97.0 ips/rk=24.3 | elapsed=373.5s | eta=657.1s
  step  36912/100000 | loss=3.0855 | rl=0.7422 | vl=2.3433 | codes=255/214/132/256 | c=0.813/0.813/0.813 | ips_g=97.5 ips/rk=24.4 | elapsed=378.5s | eta=647.0s
  [iter5][attn] step= 37000 layer=0 temp=3.8420 min=-0.0156 max=0.0123 mean=-0.0002
  [iter5][attn] step= 37000 layer=1 temp=2.3795 min=-0.0659 max=0.0627 mean=0.0000
  [iter5][attn] step= 37000 layer=2 temp=1.4504 min=-0.3999 max=0.3922 mean=0.0006
  step  37584/100000 | loss=3.0583 | rl=0.7069 | vl=2.3514 | codes=254/215/134/256 | c=0.792/0.792/0.792 | ips_g=98.0 ips/rk=24.5 | elapsed=383.6s | eta=637.0s
  [iter5][attn] step= 38000 layer=0 temp=3.7979 min=-0.0160 max=0.0131 mean=-0.0004
  [iter5][attn] step= 38000 layer=1 temp=2.3557 min=-0.0680 max=0.0609 mean=-0.0000
  [iter5][attn] step= 38000 layer=2 temp=1.4193 min=-0.2864 max=0.4302 mean=0.0006
  step  38260/100000 | loss=2.9247 | rl=0.7053 | vl=2.2194 | codes=255/214/135/256 | c=0.771/0.771/0.771 | ips_g=98.5 ips/rk=24.6 | elapsed=388.6s | eta=627.1s
  step  38956/100000 | loss=3.2206 | rl=0.6768 | vl=2.5438 | codes=254/217/131/256 | c=0.748/0.748/0.748 | ips_g=99.0 ips/rk=24.7 | elapsed=393.6s | eta=616.8s
  [iter5][attn] step= 39000 layer=0 temp=3.7417 min=-0.0124 max=0.0117 mean=-0.0003
  [iter5][attn] step= 39000 layer=1 temp=2.3272 min=-0.0737 max=0.0666 mean=-0.0000
  [iter5][attn] step= 39000 layer=2 temp=1.3840 min=-0.3009 max=0.4706 mean=0.0008
  step  39648/100000 | loss=2.8790 | rl=0.6648 | vl=2.2142 | codes=256/215/142/256 | c=0.724/0.724/0.724 | ips_g=99.5 ips/rk=24.9 | elapsed=398.6s | eta=606.7s
  [iter5][attn] step= 40000 layer=0 temp=3.6774 min=-0.0170 max=0.0117 mean=-0.0004
  [iter5][attn] step= 40000 layer=1 temp=2.2904 min=-0.0617 max=0.0630 mean=0.0000
  [iter5][attn] step= 40000 layer=2 temp=1.3487 min=-0.3433 max=0.4216 mean=0.0009
[Step12] saved /home/wlia0047/ar57/wenyu/GeneRec/results/stage2_RQ-VAE/curvature_RQ-VAE_iter5/out/rqvae/instruments/rqvae_step40000.pt (step=40000)
  [SID gate step=40000] hitrate@50=0.7165 full_gini=0.0751 per_layer=[0.0706/0.2675/0.6098] unique=22632/24587 l01_pairs=14804 H_l1_given_l0=5.5700 | early_stop=False
[Step12] deleted previous artifacts with tag=step30000 (rqvae_step30000.pt + sids_step30000.npy + quality_step30000.json)
  step  40004/100000 | loss=3.1402 | rl=0.6696 | vl=2.4706 | codes=255/222/136/256 | c=0.711/0.711/0.711 | ips_g=91.9 ips/rk=23.0 | elapsed=435.2s | eta=652.7s
  step  40704/100000 | loss=3.1785 | rl=0.6403 | vl=2.5382 | codes=254/223/140/256 | c=0.686/0.686/0.686 | ips_g=92.5 ips/rk=23.1 | elapsed=440.2s | eta=641.3s
  [iter5][attn] step= 41000 layer=0 temp=3.6029 min=-0.0143 max=0.0099 mean=-0.0002
  [iter5][attn] step= 41000 layer=1 temp=2.2458 min=-0.0662 max=0.0627 mean=0.0001
  [iter5][attn] step= 41000 layer=2 temp=1.3105 min=-0.4149 max=0.4142 mean=-0.0001
  step  41400/100000 | loss=3.0743 | rl=0.6121 | vl=2.4622 | codes=255/216/129/256 | c=0.660/0.660/0.660 | ips_g=93.0 ips/rk=23.2 | elapsed=445.3s | eta=630.3s
  [iter5][attn] step= 42000 layer=0 temp=3.5208 min=-0.0148 max=0.0093 mean=-0.0001
  [iter5][attn] step= 42000 layer=1 temp=2.1956 min=-0.0649 max=0.0694 mean=0.0000
  [iter5][attn] step= 42000 layer=2 temp=1.2735 min=-0.4245 max=0.4745 mean=0.0008
  step  42096/100000 | loss=2.8797 | rl=0.6051 | vl=2.2746 | codes=254/211/134/256 | c=0.634/0.634/0.634 | ips_g=93.5 ips/rk=23.4 | elapsed=450.3s | eta=619.4s
  step  42772/100000 | loss=3.1742 | rl=0.5794 | vl=2.5948 | codes=253/219/140/256 | c=0.607/0.607/0.607 | ips_g=93.9 ips/rk=23.5 | elapsed=455.3s | eta=609.2s
  [iter5][attn] step= 43000 layer=0 temp=3.4337 min=-0.0123 max=0.0093 mean=-0.0003
  [iter5][attn] step= 43000 layer=1 temp=2.1418 min=-0.0634 max=0.0614 mean=-0.0001
  [iter5][attn] step= 43000 layer=2 temp=1.2402 min=-0.3560 max=0.4751 mean=-0.0001
  step  43456/100000 | loss=2.9602 | rl=0.5672 | vl=2.3930 | codes=255/219/128/256 | c=0.580/0.580/0.580 | ips_g=94.4 ips/rk=23.6 | elapsed=460.3s | eta=599.0s
  [iter5][attn] step= 44000 layer=0 temp=3.3358 min=-0.0120 max=0.0096 mean=-0.0004
  [iter5][attn] step= 44000 layer=1 temp=2.0800 min=-0.0708 max=0.0683 mean=-0.0000
  [iter5][attn] step= 44000 layer=2 temp=1.2049 min=-0.3751 max=0.4454 mean=0.0009
  step  44152/100000 | loss=2.8047 | rl=0.5503 | vl=2.2544 | codes=253/216/131/256 | c=0.551/0.551/0.551 | ips_g=94.9 ips/rk=23.7 | elapsed=465.3s | eta=588.6s
  step  44848/100000 | loss=2.8480 | rl=0.5334 | vl=2.3146 | codes=254/213/135/256 | c=0.523/0.523/0.523 | ips_g=95.4 ips/rk=23.8 | elapsed=470.3s | eta=578.4s
  [iter5][attn] step= 45000 layer=0 temp=3.2265 min=-0.0129 max=0.0087 mean=-0.0005
  [iter5][attn] step= 45000 layer=1 temp=2.0133 min=-0.0634 max=0.0683 mean=-0.0001
  [iter5][attn] step= 45000 layer=2 temp=1.1607 min=-0.3437 max=0.3680 mean=0.0005
  step  45540/100000 | loss=2.9583 | rl=0.5112 | vl=2.4471 | codes=255/217/126/256 | c=0.494/0.494/0.494 | ips_g=95.8 ips/rk=24.0 | elapsed=475.4s | eta=568.5s
  [iter5][attn] step= 46000 layer=0 temp=3.1120 min=-0.0111 max=0.0095 mean=-0.0002
  [iter5][attn] step= 46000 layer=1 temp=1.9362 min=-0.0795 max=0.0746 mean=-0.0000
  [iter5][attn] step= 46000 layer=2 temp=1.1131 min=-0.3768 max=0.4928 mean=0.0008
  step  46228/100000 | loss=2.9322 | rl=0.5035 | vl=2.4287 | codes=255/215/133/256 | c=0.464/0.464/0.464 | ips_g=96.2 ips/rk=24.1 | elapsed=480.4s | eta=558.8s
  step  46932/100000 | loss=3.2958 | rl=0.4964 | vl=2.7994 | codes=255/214/130/256 | c=0.434/0.434/0.434 | ips_g=96.7 ips/rk=24.2 | elapsed=485.4s | eta=548.9s
  [iter5][attn] step= 47000 layer=0 temp=2.9927 min=-0.0111 max=0.0080 mean=-0.0001
  [iter5][attn] step= 47000 layer=1 temp=1.8581 min=-0.0728 max=0.0750 mean=0.0001
  [iter5][attn] step= 47000 layer=2 temp=1.0621 min=-0.3642 max=0.4222 mean=0.0005
  step  47632/100000 | loss=2.7943 | rl=0.4695 | vl=2.3248 | codes=253/213/133/256 | c=0.404/0.404/0.404 | ips_g=97.1 ips/rk=24.3 | elapsed=490.4s | eta=539.2s
  [iter5][attn] step= 48000 layer=0 temp=2.8677 min=-0.0130 max=0.0080 mean=-0.0004
  [iter5][attn] step= 48000 layer=1 temp=1.7755 min=-0.0755 max=0.0661 mean=0.0000
  [iter5][attn] step= 48000 layer=2 temp=1.0176 min=-0.4003 max=0.4109 mean=0.0002
  step  48332/100000 | loss=3.2896 | rl=0.4690 | vl=2.8205 | codes=255/227/134/256 | c=0.373/0.373/0.373 | ips_g=97.6 ips/rk=24.4 | elapsed=495.4s | eta=529.6s
  [iter5][attn] step= 49000 layer=0 temp=2.7329 min=-0.0113 max=0.0075 mean=-0.0003
  [iter5][attn] step= 49000 layer=1 temp=1.6880 min=-0.0712 max=0.0679 mean=0.0000
  [iter5][attn] step= 49000 layer=2 temp=0.9661 min=-0.3637 max=0.4171 mean=0.0002
  step  49024/100000 | loss=2.9165 | rl=0.4367 | vl=2.4798 | codes=255/212/144/256 | c=0.343/0.343/0.343 | ips_g=98.0 ips/rk=24.5 | elapsed=500.4s | eta=520.4s
  step  49724/100000 | loss=2.9545 | rl=0.4243 | vl=2.5302 | codes=254/206/137/256 | c=0.312/0.312/0.312 | ips_g=98.4 ips/rk=24.6 | elapsed=505.4s | eta=511.0s
  [iter5][attn] step= 50000 layer=0 temp=2.5941 min=-0.0112 max=0.0075 mean=-0.0006
  [iter5][attn] step= 50000 layer=1 temp=1.5961 min=-0.0651 max=0.0696 mean=-0.0001
  [iter5][attn] step= 50000 layer=2 temp=0.9113 min=-0.3675 max=0.4544 mean=0.0008
[Step12] saved /home/wlia0047/ar57/wenyu/GeneRec/results/stage2_RQ-VAE/curvature_RQ-VAE_iter5/out/rqvae/instruments/rqvae_step50000.pt (step=50000)
  [SID gate step=50000] hitrate@50=0.7165 full_gini=0.0765 per_layer=[0.0722/0.3063/0.5912] unique=22597/24587 l01_pairs=14478 H_l1_given_l0=5.5222 | early_stop=False
[Step12] deleted previous artifacts with tag=step40000 (rqvae_step40000.pt + sids_step40000.npy + quality_step40000.json)
  step  50004/100000 | loss=2.8862 | rl=0.4029 | vl=2.4833 | codes=253/208/134/256 | c=0.300/0.300/0.300 | ips_g=92.3 ips/rk=23.1 | elapsed=541.7s | eta=541.6s
  step  50688/100000 | loss=3.1258 | rl=0.4289 | vl=2.6969 | codes=255/213/131/256 | c=0.330/0.330/0.330 | ips_g=92.7 ips/rk=23.2 | elapsed=546.7s | eta=531.9s
  [iter5][attn] step= 51000 layer=0 temp=2.8600 min=-0.0101 max=0.0073 mean=-0.0003
  [iter5][attn] step= 51000 layer=1 temp=1.7460 min=-0.0688 max=0.0712 mean=0.0000
  [iter5][attn] step= 51000 layer=2 temp=0.9856 min=-0.4485 max=0.4521 mean=0.0002
  step  51368/100000 | loss=2.7121 | rl=0.4496 | vl=2.2625 | codes=253/216/132/256 | c=0.360/0.360/0.360 | ips_g=93.1 ips/rk=23.3 | elapsed=551.7s | eta=522.4s
  [iter5][attn] step= 52000 layer=0 temp=3.1250 min=-0.0109 max=0.0071 mean=-0.0006
  [iter5][attn] step= 52000 layer=1 temp=1.8960 min=-0.0713 max=0.0598 mean=-0.0001
  [iter5][attn] step= 52000 layer=2 temp=1.0528 min=-0.3699 max=0.4542 mean=0.0004
  step  52068/100000 | loss=3.0527 | rl=0.4656 | vl=2.5871 | codes=254/220/132/256 | c=0.391/0.391/0.391 | ips_g=93.5 ips/rk=23.4 | elapsed=556.8s | eta=512.5s
  step  52772/100000 | loss=2.9473 | rl=0.4718 | vl=2.4754 | codes=252/210/128/256 | c=0.421/0.421/0.421 | ips_g=93.9 ips/rk=23.5 | elapsed=561.8s | eta=502.8s
  [iter5][attn] step= 53000 layer=0 temp=3.3919 min=-0.0108 max=0.0064 mean=-0.0002
  [iter5][attn] step= 53000 layer=1 temp=2.0472 min=-0.0759 max=0.0682 mean=0.0000
  [iter5][attn] step= 53000 layer=2 temp=1.1265 min=-0.3885 max=0.4134 mean=0.0004
  step  53472/100000 | loss=2.8118 | rl=0.4996 | vl=2.3122 | codes=254/215/138/256 | c=0.451/0.451/0.451 | ips_g=94.3 ips/rk=23.6 | elapsed=566.8s | eta=493.2s
  [iter5][attn] step= 54000 layer=0 temp=3.6524 min=-0.0105 max=0.0060 mean=-0.0005
  [iter5][attn] step= 54000 layer=1 temp=2.1974 min=-0.0742 max=0.0721 mean=-0.0000
  [iter5][attn] step= 54000 layer=2 temp=1.1990 min=-0.3743 max=0.4684 mean=0.0001
  step  54164/100000 | loss=2.8985 | rl=0.5084 | vl=2.3901 | codes=253/213/142/256 | c=0.481/0.481/0.481 | ips_g=94.7 ips/rk=23.7 | elapsed=571.8s | eta=483.9s
  step  54868/100000 | loss=3.1799 | rl=0.5245 | vl=2.6554 | codes=255/218/132/256 | c=0.511/0.511/0.511 | ips_g=95.1 ips/rk=23.8 | elapsed=576.9s | eta=474.5s
  [iter5][attn] step= 55000 layer=0 temp=3.9193 min=-0.0111 max=0.0059 mean=-0.0006
  [iter5][attn] step= 55000 layer=1 temp=2.3474 min=-0.0640 max=0.0721 mean=-0.0000
  [iter5][attn] step= 55000 layer=2 temp=1.2655 min=-0.4690 max=0.4521 mean=0.0003
  step  55572/100000 | loss=2.8071 | rl=0.5360 | vl=2.2711 | codes=254/215/130/256 | c=0.540/0.540/0.540 | ips_g=95.5 ips/rk=23.9 | elapsed=581.9s | eta=465.2s
  [iter5][attn] step= 56000 layer=0 temp=4.1771 min=-0.0128 max=0.0063 mean=-0.0004
  [iter5][attn] step= 56000 layer=1 temp=2.4950 min=-0.0665 max=0.0652 mean=0.0001
  [iter5][attn] step= 56000 layer=2 temp=1.3317 min=-0.3220 max=0.3788 mean=0.0001
  step  56268/100000 | loss=2.7808 | rl=0.5428 | vl=2.2380 | codes=252/219/135/256 | c=0.569/0.569/0.569 | ips_g=95.9 ips/rk=24.0 | elapsed=586.9s | eta=456.1s
  step  56964/100000 | loss=3.0803 | rl=0.5790 | vl=2.5014 | codes=253/222/131/256 | c=0.597/0.597/0.597 | ips_g=96.2 ips/rk=24.1 | elapsed=591.9s | eta=447.2s
  [iter5][attn] step= 57000 layer=0 temp=4.4375 min=-0.0103 max=0.0059 mean=-0.0003
  [iter5][attn] step= 57000 layer=1 temp=2.6390 min=-0.0651 max=0.0697 mean=-0.0001
  [iter5][attn] step= 57000 layer=2 temp=1.3938 min=-0.3230 max=0.5325 mean=0.0011
  step  57656/100000 | loss=2.9126 | rl=0.5857 | vl=2.3268 | codes=255/221/141/256 | c=0.624/0.624/0.624 | ips_g=96.6 ips/rk=24.1 | elapsed=596.9s | eta=438.4s
  [iter5][attn] step= 58000 layer=0 temp=4.7035 min=-0.0113 max=0.0068 mean=-0.0002
  [iter5][attn] step= 58000 layer=1 temp=2.7839 min=-0.0668 max=0.0591 mean=0.0001
  [iter5][attn] step= 58000 layer=2 temp=1.4548 min=-0.3144 max=0.4898 mean=0.0006
  step  58328/100000 | loss=3.0181 | rl=0.5950 | vl=2.4230 | codes=254/215/137/256 | c=0.650/0.650/0.650 | ips_g=96.9 ips/rk=24.2 | elapsed=601.9s | eta=430.0s
  [iter5][attn] step= 59000 layer=0 temp=4.9606 min=-0.0111 max=0.0058 mean=-0.0004
  [iter5][attn] step= 59000 layer=1 temp=2.9215 min=-0.0649 max=0.0578 mean=-0.0001
  [iter5][attn] step= 59000 layer=2 temp=1.5123 min=-0.3636 max=0.4320 mean=0.0003
  step  59004/100000 | loss=2.8694 | rl=0.5970 | vl=2.2724 | codes=255/220/142/256 | c=0.675/0.675/0.675 | ips_g=97.2 ips/rk=24.3 | elapsed=606.9s | eta=421.7s
  step  59672/100000 | loss=3.0562 | rl=0.6391 | vl=2.4171 | codes=256/221/143/256 | c=0.700/0.700/0.700 | ips_g=97.5 ips/rk=24.4 | elapsed=612.0s | eta=413.6s
  [iter5][attn] step= 60000 layer=0 temp=5.2359 min=-0.0104 max=0.0065 mean=-0.0002
  [iter5][attn] step= 60000 layer=1 temp=3.0588 min=-0.0933 max=0.0725 mean=-0.0000
  [iter5][attn] step= 60000 layer=2 temp=1.5682 min=-0.3838 max=0.4579 mean=0.0005
[Step12] saved /home/wlia0047/ar57/wenyu/GeneRec/results/stage2_RQ-VAE/curvature_RQ-VAE_iter5/out/rqvae/instruments/rqvae_step60000.pt (step=60000)
  [SID gate step=60000] hitrate@50=0.7165 full_gini=0.0706 per_layer=[0.0773/0.2551/0.5672] unique=22759/24587 l01_pairs=14782 H_l1_given_l0=5.5541 | early_stop=False
[Step12] deleted previous artifacts with tag=step50000 (rqvae_step50000.pt + sids_step50000.npy + quality_step50000.json)
  step  60004/100000 | loss=3.0621 | rl=0.6598 | vl=2.4023 | codes=253/224/136/256 | c=0.712/0.712/0.712 | ips_g=92.5 ips/rk=23.1 | elapsed=648.8s | eta=432.4s
  step  60676/100000 | loss=2.8177 | rl=0.6621 | vl=2.1556 | codes=255/210/143/256 | c=0.735/0.735/0.735 | ips_g=92.8 ips/rk=23.2 | elapsed=653.8s | eta=423.7s
  [iter5][attn] step= 61000 layer=0 temp=5.4957 min=-0.0116 max=0.0063 mean=-0.0002
  [iter5][attn] step= 61000 layer=1 temp=3.1950 min=-0.0585 max=0.0562 mean=-0.0000
  [iter5][attn] step= 61000 layer=2 temp=1.6296 min=-0.3428 max=0.4571 mean=0.0001
  step  61348/100000 | loss=2.9433 | rl=0.6762 | vl=2.2671 | codes=255/219/155/256 | c=0.758/0.758/0.758 | ips_g=93.1 ips/rk=23.3 | elapsed=658.8s | eta=415.1s
  [iter5][attn] step= 62000 layer=0 temp=5.7534 min=-0.0101 max=0.0063 mean=-0.0002
  [iter5][attn] step= 62000 layer=1 temp=3.3277 min=-0.0604 max=0.0546 mean=-0.0000
  [iter5][attn] step= 62000 layer=2 temp=1.6867 min=-0.3505 max=0.3991 mean=0.0005
  step  62024/100000 | loss=2.9434 | rl=0.6732 | vl=2.2702 | codes=256/223/148/256 | c=0.780/0.780/0.780 | ips_g=93.4 ips/rk=23.4 | elapsed=663.8s | eta=406.4s
  step  62696/100000 | loss=2.9297 | rl=0.6836 | vl=2.2460 | codes=254/224/147/256 | c=0.801/0.801/0.801 | ips_g=93.7 ips/rk=23.4 | elapsed=668.8s | eta=397.9s
  [iter5][attn] step= 63000 layer=0 temp=6.0011 min=-0.0109 max=0.0054 mean=-0.0002
  [iter5][attn] step= 63000 layer=1 temp=3.4555 min=-0.0598 max=0.0534 mean=0.0000
  [iter5][attn] step= 63000 layer=2 temp=1.7352 min=-0.3581 max=0.4082 mean=0.0012
  step  63372/100000 | loss=2.9012 | rl=0.7227 | vl=2.1784 | codes=254/215/153/256 | c=0.821/0.821/0.821 | ips_g=94.0 ips/rk=23.5 | elapsed=673.9s | eta=389.5s
  [iter5][attn] step= 64000 layer=0 temp=6.2358 min=-0.0120 max=0.0080 mean=0.0002
  [iter5][attn] step= 64000 layer=1 temp=3.5800 min=-0.0601 max=0.0545 mean=0.0001
  [iter5][attn] step= 64000 layer=2 temp=1.7809 min=-0.3399 max=0.4812 mean=0.0006
  step  64048/100000 | loss=3.0470 | rl=0.7523 | vl=2.2947 | codes=254/218/157/256 | c=0.841/0.841/0.841 | ips_g=94.3 ips/rk=23.6 | elapsed=678.9s | eta=381.1s
  step  64720/100000 | loss=2.9738 | rl=0.7212 | vl=2.2526 | codes=256/220/146/256 | c=0.859/0.859/0.859 | ips_g=94.6 ips/rk=23.7 | elapsed=683.9s | eta=372.8s
  [iter5][attn] step= 65000 layer=0 temp=6.4680 min=-0.0112 max=0.0059 mean=-0.0004
  [iter5][attn] step= 65000 layer=1 temp=3.6944 min=-0.0862 max=0.0648 mean=-0.0001
  [iter5][attn] step= 65000 layer=2 temp=1.8176 min=-0.3151 max=0.4891 mean=0.0007
  step  65388/100000 | loss=3.1851 | rl=0.7524 | vl=2.4327 | codes=255/218/147/256 | c=0.876/0.876/0.876 | ips_g=94.9 ips/rk=23.7 | elapsed=688.9s | eta=364.7s
  [iter5][attn] step= 66000 layer=0 temp=6.6782 min=-0.0092 max=0.0058 mean=-0.0004
  [iter5][attn] step= 66000 layer=1 temp=3.8099 min=-0.0651 max=0.0544 mean=-0.0000
  [iter5][attn] step= 66000 layer=2 temp=1.8654 min=-0.4391 max=0.3664 mean=0.0005
  step  66064/100000 | loss=3.0978 | rl=0.7761 | vl=2.3217 | codes=252/221/149/256 | c=0.893/0.893/0.893 | ips_g=95.2 ips/rk=23.8 | elapsed=693.9s | eta=356.5s
  step  66736/100000 | loss=3.0438 | rl=0.7683 | vl=2.2755 | codes=254/221/151/256 | c=0.908/0.908/0.908 | ips_g=95.5 ips/rk=23.9 | elapsed=698.9s | eta=348.4s
  [iter5][attn] step= 67000 layer=0 temp=6.8900 min=-0.0094 max=0.0064 mean=-0.0000
  [iter5][attn] step= 67000 layer=1 temp=3.9177 min=-0.0615 max=0.0508 mean=0.0001
  [iter5][attn] step= 67000 layer=2 temp=1.9015 min=-0.3484 max=0.3976 mean=0.0003
  step  67408/100000 | loss=2.9774 | rl=0.7903 | vl=2.1871 | codes=253/224/161/256 | c=0.922/0.922/0.922 | ips_g=95.8 ips/rk=23.9 | elapsed=703.9s | eta=340.4s
  [iter5][attn] step= 68000 layer=0 temp=7.0974 min=-0.0119 max=0.0068 mean=-0.0000
  [iter5][attn] step= 68000 layer=1 temp=4.0188 min=-0.0584 max=0.0598 mean=0.0001
  [iter5][attn] step= 68000 layer=2 temp=1.9371 min=-0.3439 max=0.4342 mean=0.0005
  step  68080/100000 | loss=3.0863 | rl=0.8170 | vl=2.2692 | codes=255/223/141/256 | c=0.935/0.935/0.935 | ips_g=96.0 ips/rk=24.0 | elapsed=709.0s | eta=332.4s
  step  68752/100000 | loss=3.2540 | rl=0.8127 | vl=2.4413 | codes=255/223/158/256 | c=0.947/0.947/0.947 | ips_g=96.3 ips/rk=24.1 | elapsed=714.0s | eta=324.5s
  [iter5][attn] step= 69000 layer=0 temp=7.2899 min=-0.0114 max=0.0058 mean=-0.0005
  [iter5][attn] step= 69000 layer=1 temp=4.1122 min=-0.0646 max=0.0580 mean=-0.0000
  [iter5][attn] step= 69000 layer=2 temp=1.9692 min=-0.3929 max=0.3834 mean=0.0002
  step  69420/100000 | loss=3.1028 | rl=0.8239 | vl=2.2790 | codes=255/224/152/256 | c=0.957/0.957/0.957 | ips_g=96.6 ips/rk=24.1 | elapsed=719.0s | eta=316.7s
  [iter5][attn] step= 70000 layer=0 temp=7.4615 min=-0.0102 max=0.0063 mean=-0.0002
  [iter5][attn] step= 70000 layer=1 temp=4.1976 min=-0.0575 max=0.0591 mean=-0.0000
  [iter5][attn] step= 70000 layer=2 temp=1.9911 min=-0.3084 max=0.3701 mean=0.0007
[Step12] saved /home/wlia0047/ar57/wenyu/GeneRec/results/stage2_RQ-VAE/curvature_RQ-VAE_iter5/out/rqvae/instruments/rqvae_step70000.pt (step=70000)
  [SID gate step=70000] hitrate@50=0.7165 full_gini=0.0712 per_layer=[0.0707/0.2165/0.5143] unique=22740/24587 l01_pairs=14776 H_l1_given_l0=5.5534 | early_stop=False
[Step12] deleted previous artifacts with tag=step60000 (rqvae_step60000.pt + sids_step60000.npy + quality_step60000.json)
  step  70004/100000 | loss=3.0473 | rl=0.8105 | vl=2.2368 | codes=254/226/153/256 | c=0.966/0.966/0.966 | ips_g=92.4 ips/rk=23.1 | elapsed=757.7s | eta=324.7s
  step  70708/100000 | loss=3.2891 | rl=0.8282 | vl=2.4608 | codes=254/217/157/256 | c=0.975/0.975/0.975 | ips_g=92.7 ips/rk=23.2 | elapsed=762.8s | eta=316.0s
  [iter5][attn] step= 71000 layer=0 temp=7.6329 min=-0.0127 max=0.0063 mean=-0.0005
  [iter5][attn] step= 71000 layer=1 temp=4.2791 min=-0.0532 max=0.0515 mean=-0.0001
  [iter5][attn] step= 71000 layer=2 temp=2.0174 min=-0.3905 max=0.4505 mean=0.0011
  step  71412/100000 | loss=2.9321 | rl=0.8206 | vl=2.1115 | codes=251/224/156/256 | c=0.982/0.982/0.982 | ips_g=93.0 ips/rk=23.3 | elapsed=767.8s | eta=307.4s
  [iter5][attn] step= 72000 layer=0 temp=7.7827 min=-0.0127 max=0.0067 mean=-0.0003
  [iter5][attn] step= 72000 layer=1 temp=4.3532 min=-0.0619 max=0.0744 mean=-0.0001
  [iter5][attn] step= 72000 layer=2 temp=2.0357 min=-0.3458 max=0.3794 mean=0.0009
  step  72104/100000 | loss=2.9426 | rl=0.8387 | vl=2.1039 | codes=256/215/159/256 | c=0.988/0.988/0.988 | ips_g=93.3 ips/rk=23.3 | elapsed=772.8s | eta=299.0s
  step  72804/100000 | loss=3.3208 | rl=0.8711 | vl=2.4497 | codes=254/225/151/256 | c=0.993/0.993/0.993 | ips_g=93.6 ips/rk=23.4 | elapsed=777.8s | eta=290.6s
  [iter5][attn] step= 73000 layer=0 temp=7.9271 min=-0.0121 max=0.0072 mean=0.0000
  [iter5][attn] step= 73000 layer=1 temp=4.4177 min=-0.0627 max=0.0517 mean=0.0000
  [iter5][attn] step= 73000 layer=2 temp=2.0555 min=-0.3872 max=0.4923 mean=0.0003
  step  73504/100000 | loss=2.9517 | rl=0.8190 | vl=2.1327 | codes=255/233/146/256 | c=0.997/0.997/0.997 | ips_g=93.9 ips/rk=23.5 | elapsed=782.9s | eta=282.2s
  [iter5][attn] step= 74000 layer=0 temp=8.0327 min=-0.0110 max=0.0064 mean=-0.0002
  [iter5][attn] step= 74000 layer=1 temp=4.4715 min=-0.0492 max=0.0714 mean=-0.0000
  [iter5][attn] step= 74000 layer=2 temp=2.0622 min=-0.3723 max=0.4551 mean=0.0005
  step  74204/100000 | loss=3.1284 | rl=0.8159 | vl=2.3124 | codes=255/218/154/256 | c=0.999/0.999/0.999 | ips_g=94.2 ips/rk=23.5 | elapsed=787.9s | eta=273.9s
  step  74908/100000 | loss=3.0233 | rl=0.8279 | vl=2.1954 | codes=253/222/154/256 | c=1.000/1.000/1.000 | ips_g=94.5 ips/rk=23.6 | elapsed=792.9s | eta=265.6s
  [iter5][attn] step= 75000 layer=0 temp=8.1214 min=-0.0134 max=0.0065 mean=-0.0003
  [iter5][attn] step= 75000 layer=1 temp=4.5170 min=-0.0511 max=0.0567 mean=-0.0000
  [iter5][attn] step= 75000 layer=2 temp=2.0800 min=-0.2889 max=0.3891 mean=0.0009
  step  75592/100000 | loss=3.3357 | rl=0.8435 | vl=2.4921 | codes=255/232/152/256 | c=1.000/1.000/1.000 | ips_g=94.7 ips/rk=23.7 | elapsed=797.9s | eta=257.6s
  [iter5][attn] step= 76000 layer=0 temp=8.2282 min=-0.0118 max=0.0060 mean=-0.0003
  [iter5][attn] step= 76000 layer=1 temp=4.5556 min=-0.0580 max=0.0525 mean=-0.0000
  [iter5][attn] step= 76000 layer=2 temp=2.0883 min=-0.3305 max=0.4110 mean=0.0008
  step  76272/100000 | loss=3.1676 | rl=0.8385 | vl=2.3291 | codes=254/228/159/256 | c=0.998/0.998/0.998 | ips_g=95.0 ips/rk=23.7 | elapsed=802.9s | eta=249.8s
  step  76948/100000 | loss=3.2283 | rl=0.8406 | vl=2.3877 | codes=256/230/162/256 | c=0.995/0.995/0.995 | ips_g=95.2 ips/rk=23.8 | elapsed=807.9s | eta=242.0s
  [iter5][attn] step= 77000 layer=0 temp=8.2914 min=-0.0128 max=0.0073 mean=0.0000
  [iter5][attn] step= 77000 layer=1 temp=4.5755 min=-0.0601 max=0.0506 mean=0.0000
  [iter5][attn] step= 77000 layer=2 temp=2.0867 min=-0.3270 max=0.3993 mean=0.0003
  step  77652/100000 | loss=3.0477 | rl=0.8502 | vl=2.1974 | codes=255/222/158/256 | c=0.990/0.990/0.990 | ips_g=95.5 ips/rk=23.9 | elapsed=812.9s | eta=234.0s
  [iter5][attn] step= 78000 layer=0 temp=8.3235 min=-0.0124 max=0.0062 mean=-0.0001
  [iter5][attn] step= 78000 layer=1 temp=4.5925 min=-0.0593 max=0.0533 mean=0.0000
  [iter5][attn] step= 78000 layer=2 temp=2.0835 min=-0.3614 max=0.4148 mean=0.0002
  step  78348/100000 | loss=3.2576 | rl=0.8336 | vl=2.4240 | codes=254/231/154/256 | c=0.985/0.985/0.985 | ips_g=95.8 ips/rk=23.9 | elapsed=818.0s | eta=226.0s
  [iter5][attn] step= 79000 layer=0 temp=8.3419 min=-0.0118 max=0.0060 mean=-0.0002
  [iter5][attn] step= 79000 layer=1 temp=4.6003 min=-0.0568 max=0.0484 mean=-0.0001
  [iter5][attn] step= 79000 layer=2 temp=2.0752 min=-0.3462 max=0.3974 mean=0.0011
  step  79048/100000 | loss=3.1866 | rl=0.8271 | vl=2.3596 | codes=255/221/156/256 | c=0.977/0.977/0.977 | ips_g=96.1 ips/rk=24.0 | elapsed=823.0s | eta=218.1s
  step  79748/100000 | loss=3.3116 | rl=0.7812 | vl=2.5304 | codes=253/227/155/256 | c=0.969/0.969/0.969 | ips_g=96.3 ips/rk=24.1 | elapsed=828.0s | eta=210.3s
  [iter5][attn] step= 80000 layer=0 temp=8.3311 min=-0.0129 max=0.0069 mean=-0.0002
  [iter5][attn] step= 80000 layer=1 temp=4.5917 min=-0.0621 max=0.0501 mean=0.0000
  [iter5][attn] step= 80000 layer=2 temp=2.0697 min=-0.3073 max=0.3498 mean=0.0007
[Step12] saved /home/wlia0047/ar57/wenyu/GeneRec/results/stage2_RQ-VAE/curvature_RQ-VAE_iter5/out/rqvae/instruments/rqvae_step80000.pt (step=80000)
  [SID gate step=80000] hitrate@50=0.7165 full_gini=0.0729 per_layer=[0.0764/0.1984/0.4891] unique=22700/24587 l01_pairs=14884 H_l1_given_l0=5.5623 | early_stop=False
[Step12] deleted previous artifacts with tag=step70000 (rqvae_step70000.pt + sids_step70000.npy + quality_step70000.json)
  step  80004/100000 | loss=3.1409 | rl=0.8138 | vl=2.3271 | codes=253/226/157/256 | c=0.966/0.966/0.966 | ips_g=92.6 ips/rk=23.1 | elapsed=864.1s | eta=216.0s
  step  80696/100000 | loss=2.9712 | rl=0.8223 | vl=2.1489 | codes=254/229/156/256 | c=0.956/0.956/0.956 | ips_g=92.9 ips/rk=23.2 | elapsed=869.1s | eta=207.9s
  [iter5][attn] step= 81000 layer=0 temp=8.3223 min=-0.0113 max=0.0078 mean=-0.0001
  [iter5][attn] step= 81000 layer=1 temp=4.5776 min=-0.0524 max=0.0590 mean=-0.0000
  [iter5][attn] step= 81000 layer=2 temp=2.0539 min=-0.3251 max=0.4485 mean=0.0007
  step  81384/100000 | loss=3.2041 | rl=0.8271 | vl=2.3769 | codes=255/226/154/256 | c=0.944/0.944/0.944 | ips_g=93.1 ips/rk=23.3 | elapsed=874.1s | eta=199.9s
  [iter5][attn] step= 82000 layer=0 temp=8.2874 min=-0.0160 max=0.0071 mean=-0.0004
  [iter5][attn] step= 82000 layer=1 temp=4.5525 min=-0.0564 max=0.0565 mean=-0.0000
  [iter5][attn] step= 82000 layer=2 temp=2.0287 min=-0.3832 max=0.4333 mean=-0.0000
  step  82088/100000 | loss=3.1608 | rl=0.8274 | vl=2.3334 | codes=255/224/153/256 | c=0.932/0.932/0.932 | ips_g=93.4 ips/rk=23.3 | elapsed=879.1s | eta=191.8s
  step  82772/100000 | loss=3.3921 | rl=0.7854 | vl=2.6067 | codes=255/224/152/256 | c=0.918/0.918/0.918 | ips_g=93.6 ips/rk=23.4 | elapsed=884.1s | eta=184.0s
  [iter5][attn] step= 83000 layer=0 temp=8.2210 min=-0.0140 max=0.0078 mean=0.0001
  [iter5][attn] step= 83000 layer=1 temp=4.5133 min=-0.0575 max=0.0549 mean=0.0000
  [iter5][attn] step= 83000 layer=2 temp=2.0244 min=-0.3070 max=0.4696 mean=0.0008
  step  83444/100000 | loss=3.1505 | rl=0.7767 | vl=2.3738 | codes=254/222/158/256 | c=0.904/0.904/0.904 | ips_g=93.8 ips/rk=23.5 | elapsed=889.1s | eta=176.4s
  [iter5][attn] step= 84000 layer=0 temp=8.1546 min=-0.0108 max=0.0079 mean=0.0002
  [iter5][attn] step= 84000 layer=1 temp=4.4630 min=-0.0589 max=0.0484 mean=0.0000
  [iter5][attn] step= 84000 layer=2 temp=2.0007 min=-0.4608 max=0.4187 mean=0.0010
  step  84132/100000 | loss=3.1466 | rl=0.7465 | vl=2.4001 | codes=255/233/160/256 | c=0.888/0.888/0.888 | ips_g=94.1 ips/rk=23.5 | elapsed=894.1s | eta=168.6s
  step  84824/100000 | loss=3.2798 | rl=0.7616 | vl=2.5182 | codes=254/228/162/256 | c=0.871/0.871/0.871 | ips_g=94.3 ips/rk=23.6 | elapsed=899.1s | eta=160.9s
  [iter5][attn] step= 85000 layer=0 temp=8.0393 min=-0.0123 max=0.0072 mean=-0.0000
  [iter5][attn] step= 85000 layer=1 temp=4.4031 min=-0.0549 max=0.0754 mean=-0.0000
  [iter5][attn] step= 85000 layer=2 temp=1.9714 min=-0.3391 max=0.3731 mean=0.0006
  step  85520/100000 | loss=3.0444 | rl=0.7204 | vl=2.3240 | codes=254/228/157/256 | c=0.853/0.853/0.853 | ips_g=94.6 ips/rk=23.6 | elapsed=904.1s | eta=153.1s
  [iter5][attn] step= 86000 layer=0 temp=7.9095 min=-0.0148 max=0.0062 mean=-0.0004
  [iter5][attn] step= 86000 layer=1 temp=4.3328 min=-0.0600 max=0.0635 mean=-0.0000
  [iter5][attn] step= 86000 layer=2 temp=1.9378 min=-0.3388 max=0.4361 mean=0.0006
  step  86200/100000 | loss=3.2370 | rl=0.7380 | vl=2.4990 | codes=255/226/157/256 | c=0.834/0.834/0.834 | ips_g=94.8 ips/rk=23.7 | elapsed=909.2s | eta=145.6s
  step  86904/100000 | loss=3.1099 | rl=0.7054 | vl=2.4045 | codes=255/216/152/256 | c=0.813/0.813/0.813 | ips_g=95.1 ips/rk=23.8 | elapsed=914.2s | eta=137.8s
  [iter5][attn] step= 87000 layer=0 temp=7.7778 min=-0.0132 max=0.0068 mean=-0.0001
  [iter5][attn] step= 87000 layer=1 temp=4.2577 min=-0.0567 max=0.0536 mean=-0.0000
  [iter5][attn] step= 87000 layer=2 temp=1.9011 min=-0.3260 max=0.4848 mean=-0.0000
  step  87604/100000 | loss=3.0629 | rl=0.7077 | vl=2.3552 | codes=253/227/151/256 | c=0.792/0.792/0.792 | ips_g=95.3 ips/rk=23.8 | elapsed=919.2s | eta=130.1s
  [iter5][attn] step= 88000 layer=0 temp=7.6104 min=-0.0156 max=0.0072 mean=-0.0001
  [iter5][attn] step= 88000 layer=1 temp=4.1658 min=-0.0625 max=0.0565 mean=-0.0000
  [iter5][attn] step= 88000 layer=2 temp=1.8576 min=-0.3520 max=0.4663 mean=0.0005
  step  88308/100000 | loss=3.0972 | rl=0.6889 | vl=2.4083 | codes=256/224/155/256 | c=0.769/0.769/0.769 | ips_g=95.5 ips/rk=23.9 | elapsed=924.2s | eta=122.4s
  [iter5][attn] step= 89000 layer=0 temp=7.4333 min=-0.0146 max=0.0069 mean=-0.0002
  [iter5][attn] step= 89000 layer=1 temp=4.0696 min=-0.0555 max=0.0641 mean=0.0001
  [iter5][attn] step= 89000 layer=2 temp=1.8181 min=-0.3432 max=0.3776 mean=0.0004
  step  89004/100000 | loss=3.0127 | rl=0.6418 | vl=2.3709 | codes=253/226/156/256 | c=0.746/0.746/0.746 | ips_g=95.8 ips/rk=23.9 | elapsed=929.2s | eta=114.8s
  step  89684/100000 | loss=3.1463 | rl=0.6443 | vl=2.5020 | codes=253/224/149/256 | c=0.723/0.723/0.723 | ips_g=96.0 ips/rk=24.0 | elapsed=934.3s | eta=107.5s
  [iter5][attn] step= 90000 layer=0 temp=7.2333 min=-0.0132 max=0.0074 mean=-0.0004
  [iter5][attn] step= 90000 layer=1 temp=3.9637 min=-0.0640 max=0.0517 mean=-0.0000
  [iter5][attn] step= 90000 layer=2 temp=1.7724 min=-0.3477 max=0.4026 mean=-0.0001
[Step12] saved /home/wlia0047/ar57/wenyu/GeneRec/results/stage2_RQ-VAE/curvature_RQ-VAE_iter5/out/rqvae/instruments/rqvae_step90000.pt (step=90000)
  [SID gate step=90000] hitrate@50=0.7165 full_gini=0.0743 per_layer=[0.0740/0.2248/0.4812] unique=22659/24587 l01_pairs=14784 H_l1_given_l0=5.5526 | early_stop=False
[Step12] deleted previous artifacts with tag=step80000 (rqvae_step80000.pt + sids_step80000.npy + quality_step80000.json)
  step  90004/100000 | loss=2.6886 | rl=0.6423 | vl=2.0463 | codes=255/228/154/256 | c=0.711/0.711/0.711 | ips_g=92.7 ips/rk=23.2 | elapsed=970.7s | eta=107.8s
  step  90704/100000 | loss=3.3359 | rl=0.6201 | vl=2.7159 | codes=255/226/150/256 | c=0.686/0.686/0.686 | ips_g=93.0 ips/rk=23.2 | elapsed=975.7s | eta=100.0s
  [iter5][attn] step= 91000 layer=0 temp=7.0259 min=-0.0153 max=0.0068 mean=-0.0003
  [iter5][attn] step= 91000 layer=1 temp=3.8449 min=-0.0657 max=0.0534 mean=0.0000
  [iter5][attn] step= 91000 layer=2 temp=1.7227 min=-0.3381 max=0.4521 mean=0.0007
  step  91400/100000 | loss=3.0842 | rl=0.6023 | vl=2.4819 | codes=256/226/152/256 | c=0.660/0.660/0.660 | ips_g=93.2 ips/rk=23.3 | elapsed=980.7s | eta=92.3s
  [iter5][attn] step= 92000 layer=0 temp=6.7954 min=-0.0152 max=0.0066 mean=0.0000
  [iter5][attn] step= 92000 layer=1 temp=3.7207 min=-0.0674 max=0.0646 mean=0.0001
  [iter5][attn] step= 92000 layer=2 temp=1.6692 min=-0.4088 max=0.4447 mean=-0.0001
  step  92100/100000 | loss=2.9157 | rl=0.5941 | vl=2.3215 | codes=254/220/147/256 | c=0.633/0.633/0.633 | ips_g=93.4 ips/rk=23.4 | elapsed=985.7s | eta=84.6s
  step  92800/100000 | loss=2.7315 | rl=0.5802 | vl=2.1513 | codes=255/220/149/256 | c=0.606/0.606/0.606 | ips_g=93.7 ips/rk=23.4 | elapsed=990.8s | eta=76.9s
  [iter5][attn] step= 93000 layer=0 temp=6.5538 min=-0.0156 max=0.0069 mean=-0.0007
  [iter5][attn] step= 93000 layer=1 temp=3.5898 min=-0.0745 max=0.0629 mean=-0.0000
  [iter5][attn] step= 93000 layer=2 temp=1.6131 min=-0.3666 max=0.3927 mean=0.0006
  step  93500/100000 | loss=2.9369 | rl=0.5513 | vl=2.3856 | codes=252/220/153/256 | c=0.578/0.578/0.578 | ips_g=93.9 ips/rk=23.5 | elapsed=995.8s | eta=69.2s
  [iter5][attn] step= 94000 layer=0 temp=6.2925 min=-0.0155 max=0.0075 mean=-0.0003
  [iter5][attn] step= 94000 layer=1 temp=3.4530 min=-0.0589 max=0.0655 mean=0.0001
  [iter5][attn] step= 94000 layer=2 temp=1.5536 min=-0.3843 max=0.4359 mean=0.0002
  step  94204/100000 | loss=3.1601 | rl=0.5404 | vl=2.6197 | codes=255/227/151/256 | c=0.549/0.549/0.549 | ips_g=94.1 ips/rk=23.5 | elapsed=1000.8s | eta=61.6s
  step  94904/100000 | loss=2.8541 | rl=0.5140 | vl=2.3401 | codes=254/222/147/256 | c=0.520/0.520/0.520 | ips_g=94.4 ips/rk=23.6 | elapsed=1005.8s | eta=54.0s
  [iter5][attn] step= 95000 layer=0 temp=6.0243 min=-0.0146 max=0.0080 mean=-0.0001
  [iter5][attn] step= 95000 layer=1 temp=3.3095 min=-0.0759 max=0.0525 mean=0.0001
  [iter5][attn] step= 95000 layer=2 temp=1.4901 min=-0.3646 max=0.4838 mean=0.0003
  step  95608/100000 | loss=2.8096 | rl=0.4967 | vl=2.3129 | codes=256/225/155/256 | c=0.491/0.491/0.491 | ips_g=94.6 ips/rk=23.6 | elapsed=1010.8s | eta=46.4s
  [iter5][attn] step= 96000 layer=0 temp=5.7510 min=-0.0145 max=0.0070 mean=-0.0005
  [iter5][attn] step= 96000 layer=1 temp=3.1581 min=-0.0663 max=0.0635 mean=-0.0001
  [iter5][attn] step= 96000 layer=2 temp=1.4342 min=-0.3499 max=0.4024 mean=0.0004
  step  96308/100000 | loss=3.0498 | rl=0.4901 | vl=2.5597 | codes=253/224/144/256 | c=0.461/0.461/0.461 | ips_g=94.8 ips/rk=23.7 | elapsed=1015.8s | eta=38.9s
  step  96992/100000 | loss=2.9735 | rl=0.4678 | vl=2.5057 | codes=255/216/152/256 | c=0.432/0.432/0.432 | ips_g=95.0 ips/rk=23.8 | elapsed=1020.8s | eta=31.7s
  [iter5][attn] step= 97000 layer=0 temp=5.4600 min=-0.0153 max=0.0070 mean=-0.0001
  [iter5][attn] step= 97000 layer=1 temp=3.0023 min=-0.0719 max=0.0703 mean=0.0001
  [iter5][attn] step= 97000 layer=2 temp=1.3700 min=-0.4270 max=0.4929 mean=0.0010
  step  97692/100000 | loss=3.0020 | rl=0.4354 | vl=2.5665 | codes=252/222/144/256 | c=0.401/0.401/0.401 | ips_g=95.2 ips/rk=23.8 | elapsed=1025.8s | eta=24.2s
  [iter5][attn] step= 98000 layer=0 temp=5.1635 min=-0.0168 max=0.0069 mean=-0.0009
  [iter5][attn] step= 98000 layer=1 temp=2.8414 min=-0.0694 max=0.0679 mean=-0.0001
  [iter5][attn] step= 98000 layer=2 temp=1.3010 min=-0.5385 max=0.4988 mean=0.0007
  step  98392/100000 | loss=2.8746 | rl=0.4272 | vl=2.4474 | codes=254/225/145/256 | c=0.371/0.371/0.371 | ips_g=95.4 ips/rk=23.9 | elapsed=1030.8s | eta=16.8s
  [iter5][attn] step= 99000 layer=0 temp=4.8575 min=-0.0150 max=0.0073 mean=-0.0003
  [iter5][attn] step= 99000 layer=1 temp=2.6740 min=-0.0652 max=0.0859 mean=0.0000
  [iter5][attn] step= 99000 layer=2 temp=1.2323 min=-0.3564 max=0.3914 mean=0.0001
  step  99092/100000 | loss=2.6186 | rl=0.4408 | vl=2.1778 | codes=252/214/151/256 | c=0.340/0.340/0.340 | ips_g=95.7 ips/rk=23.9 | elapsed=1035.9s | eta=9.5s
  step  99792/100000 | loss=2.6945 | rl=0.3979 | vl=2.2965 | codes=254/218/139/256 | c=0.309/0.309/0.309 | ips_g=95.9 ips/rk=24.0 | elapsed=1040.9s | eta=2.2s
  [iter5][attn] step=100000 layer=0 temp=4.5474 min=-0.0148 max=0.0069 mean=-0.0006
  [iter5][attn] step=100000 layer=1 temp=2.5032 min=-0.0646 max=0.0598 mean=-0.0000
  [iter5][attn] step=100000 layer=2 temp=1.1625 min=-0.4195 max=0.4721 mean=0.0008
[Step12] saved /home/wlia0047/ar57/wenyu/GeneRec/results/stage2_RQ-VAE/curvature_RQ-VAE_iter5/out/rqvae/instruments/rqvae_final.pt (step=100000)
  [SID gate step=100000] hitrate@50=0.7165 full_gini=0.0738 per_layer=[0.0742/0.2769/0.5196] unique=22675/24587 l01_pairs=14692 H_l1_given_l0=5.5376 | early_stop=False
[Step12] deleted previous artifacts with tag=step90000 (rqvae_step90000.pt + sids_step90000.npy + quality_step90000.json)
[train] done at global_step=100000, total time=1077.0s
