2026-09-26 09:42:56,091 - INFO - Configuration: {'batch_size': 4096, 'infer_size': 1024, 'num_epochs': 150, 'eval_interval': 5, 'eval_start_epoch': 75, 'early_eval_epochs': (25, 50, 75, 100, 125), 'early_stop': 10, 'fast': True, 'bf16': True, 'use_lr_scheduler': True, 'lr_warmup_pct': 0.1, 'lr_min_factor': 0.2, 'compile': False, 'compile_mode': 'default', 'num_layers': 4, 'num_decoder_layers': 4, 'd_model': 128, 'd_ff': 1024, 'num_heads': 6, 'd_kv': 64, 'dropout_rate': 0.1, 'activation_function': 'relu', 'feed_forward_proj': 'relu', 'device': 'cuda', 'lr': 0.003, 'weight_decay': 0.05, 'vocab_size': 786, 'eos_token_id': 785, 'pad_token_id': 0, 'n_user_tokens': 1, 'max_len': 20, 'dataset_name': 'Amazon_2023_Instruments', 'dataset_path': '/home/wlia0047/ar57/wenyu/GeneRec/results/stage0_build_parquet/', 'codebook_size': [256, 256, 256, 1], 'code_path': '/home/wlia0047/ar57/wenyu/GeneRec/results/stage2_RQ-VAE/curvature_RQ-VAE_iter21/item_sids.json', 'train_file': 'train.parquet', 'valid_file': 'valid.parquet', 'test_file': 'test.parquet', 'log_path': '/home/wlia0047/ar57/wenyu/GeneRec/results/stage3_T5Train/curvature_RQ-VAE_iter21/logs/', 'save_path': '/home/wlia0047/ar57/wenyu/GeneRec/results/stage3_T5Train/curvature_RQ-VAE_iter21/ckpt/', 'seed': 42, 'topk_list': [5, 10], 'beam_size': 20, 'no_eval': True, 'skip_test': False, 'screen_baseline_log': '', 'screen_start_epoch': 40, 'screen_window': 5, 'screen_min_ndcg_gain': 0.001, 'screen_min_recall_gain': 0.001, 'screen_skip_test_on_fail': True, 'num_workers': 4, 'prefetch_factor': 8, 'exclude_history': True, 'no_exclude_history': False, 'pin_memory': True, 'no_pin_memory': False, 'sid_length': 4, 'max_token_seq_len': 82, 'decoder_start_token_id': 0}
2026-09-26 09:42:56,143 - INFO - #Embedding parameters: 100608
#Non-embedding parameters: 4459648
#Total trainable parameters: 4560256

2026-09-26 09:43:09,220 - INFO - Epoch 1/150 train_loss=4.809781913757324
2026-09-26 09:43:09,303 - INFO - Best train loss=4.809781913757324; saved /home/wlia0047/ar57/wenyu/GeneRec/results/stage3_T5Train/curvature_RQ-VAE_iter21/ckpt/Amazon_2023_Instruments/Sep-26-2026_09-42-56/HG_Rec_best.pth
2026-09-26 09:43:20,927 - INFO - Epoch 2/150 train_loss=4.144746208190918
2026-09-26 09:43:20,968 - INFO - Best train loss=4.144746208190918; saved /home/wlia0047/ar57/wenyu/GeneRec/results/stage3_T5Train/curvature_RQ-VAE_iter21/ckpt/Amazon_2023_Instruments/Sep-26-2026_09-42-56/HG_Rec_best.pth
2026-09-26 09:43:32,580 - INFO - Epoch 3/150 train_loss=3.9664859771728516
2026-09-26 09:43:32,619 - INFO - Best train loss=3.9664859771728516; saved /home/wlia0047/ar57/wenyu/GeneRec/results/stage3_T5Train/curvature_RQ-VAE_iter21/ckpt/Amazon_2023_Instruments/Sep-26-2026_09-42-56/HG_Rec_best.pth
2026-09-26 09:43:44,218 - INFO - Epoch 4/150 train_loss=3.806557397842407
2026-09-26 09:43:44,254 - INFO - Best train loss=3.806557397842407; saved /home/wlia0047/ar57/wenyu/GeneRec/results/stage3_T5Train/curvature_RQ-VAE_iter21/ckpt/Amazon_2023_Instruments/Sep-26-2026_09-42-56/HG_Rec_best.pth
2026-09-26 09:43:55,850 - INFO - Epoch 5/150 train_loss=3.669905843734741
2026-09-26 09:43:55,885 - INFO - Best train loss=3.669905843734741; saved /home/wlia0047/ar57/wenyu/GeneRec/results/stage3_T5Train/curvature_RQ-VAE_iter21/ckpt/Amazon_2023_Instruments/Sep-26-2026_09-42-56/HG_Rec_best.pth
2026-09-26 09:44:07,486 - INFO - Epoch 6/150 train_loss=3.540469751358032
2026-09-26 09:44:07,521 - INFO - Best train loss=3.540469751358032; saved /home/wlia0047/ar57/wenyu/GeneRec/results/stage3_T5Train/curvature_RQ-VAE_iter21/ckpt/Amazon_2023_Instruments/Sep-26-2026_09-42-56/HG_Rec_best.pth
2026-09-26 09:44:19,122 - INFO - Epoch 7/150 train_loss=3.398077993392944
2026-09-26 09:44:19,158 - INFO - Best train loss=3.398077993392944; saved /home/wlia0047/ar57/wenyu/GeneRec/results/stage3_T5Train/curvature_RQ-VAE_iter21/ckpt/Amazon_2023_Instruments/Sep-26-2026_09-42-56/HG_Rec_best.pth
2026-09-26 09:44:30,755 - INFO - Epoch 8/150 train_loss=3.3324076557159423
2026-09-26 09:44:30,791 - INFO - Best train loss=3.3324076557159423; saved /home/wlia0047/ar57/wenyu/GeneRec/results/stage3_T5Train/curvature_RQ-VAE_iter21/ckpt/Amazon_2023_Instruments/Sep-26-2026_09-42-56/HG_Rec_best.pth
2026-09-26 09:44:42,389 - INFO - Epoch 9/150 train_loss=3.186465940475464
2026-09-26 09:44:42,425 - INFO - Best train loss=3.186465940475464; saved /home/wlia0047/ar57/wenyu/GeneRec/results/stage3_T5Train/curvature_RQ-VAE_iter21/ckpt/Amazon_2023_Instruments/Sep-26-2026_09-42-56/HG_Rec_best.pth
2026-09-26 09:44:54,022 - INFO - Epoch 10/150 train_loss=3.081142749786377
2026-09-26 09:44:54,058 - INFO - Best train loss=3.081142749786377; saved /home/wlia0047/ar57/wenyu/GeneRec/results/stage3_T5Train/curvature_RQ-VAE_iter21/ckpt/Amazon_2023_Instruments/Sep-26-2026_09-42-56/HG_Rec_best.pth
2026-09-26 09:45:05,655 - INFO - Epoch 11/150 train_loss=2.987977533340454
2026-09-26 09:45:05,693 - INFO - Best train loss=2.987977533340454; saved /home/wlia0047/ar57/wenyu/GeneRec/results/stage3_T5Train/curvature_RQ-VAE_iter21/ckpt/Amazon_2023_Instruments/Sep-26-2026_09-42-56/HG_Rec_best.pth
2026-09-26 09:45:17,289 - INFO - Epoch 12/150 train_loss=2.9093259048461912
2026-09-26 09:45:17,332 - INFO - Best train loss=2.9093259048461912; saved /home/wlia0047/ar57/wenyu/GeneRec/results/stage3_T5Train/curvature_RQ-VAE_iter21/ckpt/Amazon_2023_Instruments/Sep-26-2026_09-42-56/HG_Rec_best.pth
2026-09-26 09:45:28,928 - INFO - Epoch 13/150 train_loss=2.83487850189209
2026-09-26 09:45:28,967 - INFO - Best train loss=2.83487850189209; saved /home/wlia0047/ar57/wenyu/GeneRec/results/stage3_T5Train/curvature_RQ-VAE_iter21/ckpt/Amazon_2023_Instruments/Sep-26-2026_09-42-56/HG_Rec_best.pth
2026-09-26 09:45:40,564 - INFO - Epoch 14/150 train_loss=2.7714194869995117
2026-09-26 09:45:40,607 - INFO - Best train loss=2.7714194869995117; saved /home/wlia0047/ar57/wenyu/GeneRec/results/stage3_T5Train/curvature_RQ-VAE_iter21/ckpt/Amazon_2023_Instruments/Sep-26-2026_09-42-56/HG_Rec_best.pth
2026-09-26 09:45:52,215 - INFO - Epoch 15/150 train_loss=2.7176454734802244
2026-09-26 09:45:52,251 - INFO - Best train loss=2.7176454734802244; saved /home/wlia0047/ar57/wenyu/GeneRec/results/stage3_T5Train/curvature_RQ-VAE_iter21/ckpt/Amazon_2023_Instruments/Sep-26-2026_09-42-56/HG_Rec_best.pth
2026-09-26 09:46:03,853 - INFO - Epoch 16/150 train_loss=2.665689649581909
2026-09-26 09:46:03,888 - INFO - Best train loss=2.665689649581909; saved /home/wlia0047/ar57/wenyu/GeneRec/results/stage3_T5Train/curvature_RQ-VAE_iter21/ckpt/Amazon_2023_Instruments/Sep-26-2026_09-42-56/HG_Rec_best.pth
2026-09-26 09:46:15,492 - INFO - Epoch 17/150 train_loss=2.6159151077270506
2026-09-26 09:46:15,527 - INFO - Best train loss=2.6159151077270506; saved /home/wlia0047/ar57/wenyu/GeneRec/results/stage3_T5Train/curvature_RQ-VAE_iter21/ckpt/Amazon_2023_Instruments/Sep-26-2026_09-42-56/HG_Rec_best.pth
2026-09-26 09:46:27,674 - INFO - Epoch 18/150 train_loss=2.5821933364868164
2026-09-26 09:46:27,709 - INFO - Best train loss=2.5821933364868164; saved /home/wlia0047/ar57/wenyu/GeneRec/results/stage3_T5Train/curvature_RQ-VAE_iter21/ckpt/Amazon_2023_Instruments/Sep-26-2026_09-42-56/HG_Rec_best.pth
2026-09-26 09:46:39,308 - INFO - Epoch 19/150 train_loss=2.549379243850708
2026-09-26 09:46:39,342 - INFO - Best train loss=2.549379243850708; saved /home/wlia0047/ar57/wenyu/GeneRec/results/stage3_T5Train/curvature_RQ-VAE_iter21/ckpt/Amazon_2023_Instruments/Sep-26-2026_09-42-56/HG_Rec_best.pth
2026-09-26 09:46:50,939 - INFO - Epoch 20/150 train_loss=2.515553903579712
2026-09-26 09:46:50,973 - INFO - Best train loss=2.515553903579712; saved /home/wlia0047/ar57/wenyu/GeneRec/results/stage3_T5Train/curvature_RQ-VAE_iter21/ckpt/Amazon_2023_Instruments/Sep-26-2026_09-42-56/HG_Rec_best.pth
2026-09-26 09:47:02,573 - INFO - Epoch 21/150 train_loss=2.486161890029907
2026-09-26 09:47:02,608 - INFO - Best train loss=2.486161890029907; saved /home/wlia0047/ar57/wenyu/GeneRec/results/stage3_T5Train/curvature_RQ-VAE_iter21/ckpt/Amazon_2023_Instruments/Sep-26-2026_09-42-56/HG_Rec_best.pth
2026-09-26 09:47:14,210 - INFO - Epoch 22/150 train_loss=2.4621649551391602
2026-09-26 09:47:14,246 - INFO - Best train loss=2.4621649551391602; saved /home/wlia0047/ar57/wenyu/GeneRec/results/stage3_T5Train/curvature_RQ-VAE_iter21/ckpt/Amazon_2023_Instruments/Sep-26-2026_09-42-56/HG_Rec_best.pth
2026-09-26 09:47:25,850 - INFO - Epoch 23/150 train_loss=2.4350142669677735
2026-09-26 09:47:25,886 - INFO - Best train loss=2.4350142669677735; saved /home/wlia0047/ar57/wenyu/GeneRec/results/stage3_T5Train/curvature_RQ-VAE_iter21/ckpt/Amazon_2023_Instruments/Sep-26-2026_09-42-56/HG_Rec_best.pth
2026-09-26 09:47:37,489 - INFO - Epoch 24/150 train_loss=2.4140749740600587
2026-09-26 09:47:37,523 - INFO - Best train loss=2.4140749740600587; saved /home/wlia0047/ar57/wenyu/GeneRec/results/stage3_T5Train/curvature_RQ-VAE_iter21/ckpt/Amazon_2023_Instruments/Sep-26-2026_09-42-56/HG_Rec_best.pth
2026-09-26 09:47:49,121 - INFO - Epoch 25/150 train_loss=2.3929976749420168
2026-09-26 09:47:49,158 - INFO - Best train loss=2.3929976749420168; saved /home/wlia0047/ar57/wenyu/GeneRec/results/stage3_T5Train/curvature_RQ-VAE_iter21/ckpt/Amazon_2023_Instruments/Sep-26-2026_09-42-56/HG_Rec_best.pth
2026-09-26 09:48:00,763 - INFO - Epoch 26/150 train_loss=2.364435796737671
2026-09-26 09:48:00,800 - INFO - Best train loss=2.364435796737671; saved /home/wlia0047/ar57/wenyu/GeneRec/results/stage3_T5Train/curvature_RQ-VAE_iter21/ckpt/Amazon_2023_Instruments/Sep-26-2026_09-42-56/HG_Rec_best.pth
2026-09-26 09:48:12,403 - INFO - Epoch 27/150 train_loss=2.346676731109619
2026-09-26 09:48:12,439 - INFO - Best train loss=2.346676731109619; saved /home/wlia0047/ar57/wenyu/GeneRec/results/stage3_T5Train/curvature_RQ-VAE_iter21/ckpt/Amazon_2023_Instruments/Sep-26-2026_09-42-56/HG_Rec_best.pth
2026-09-26 09:48:24,038 - INFO - Epoch 28/150 train_loss=2.325108041763306
2026-09-26 09:48:24,075 - INFO - Best train loss=2.325108041763306; saved /home/wlia0047/ar57/wenyu/GeneRec/results/stage3_T5Train/curvature_RQ-VAE_iter21/ckpt/Amazon_2023_Instruments/Sep-26-2026_09-42-56/HG_Rec_best.pth
2026-09-26 09:48:35,670 - INFO - Epoch 29/150 train_loss=2.3065270233154296
2026-09-26 09:48:35,711 - INFO - Best train loss=2.3065270233154296; saved /home/wlia0047/ar57/wenyu/GeneRec/results/stage3_T5Train/curvature_RQ-VAE_iter21/ckpt/Amazon_2023_Instruments/Sep-26-2026_09-42-56/HG_Rec_best.pth
2026-09-26 09:48:47,319 - INFO - Epoch 30/150 train_loss=2.287679224014282
2026-09-26 09:48:47,355 - INFO - Best train loss=2.287679224014282; saved /home/wlia0047/ar57/wenyu/GeneRec/results/stage3_T5Train/curvature_RQ-VAE_iter21/ckpt/Amazon_2023_Instruments/Sep-26-2026_09-42-56/HG_Rec_best.pth
2026-09-26 09:48:58,950 - INFO - Epoch 31/150 train_loss=2.2743441677093506
2026-09-26 09:48:58,985 - INFO - Best train loss=2.2743441677093506; saved /home/wlia0047/ar57/wenyu/GeneRec/results/stage3_T5Train/curvature_RQ-VAE_iter21/ckpt/Amazon_2023_Instruments/Sep-26-2026_09-42-56/HG_Rec_best.pth
2026-09-26 09:49:10,583 - INFO - Epoch 32/150 train_loss=2.2593474102020266
2026-09-26 09:49:10,617 - INFO - Best train loss=2.2593474102020266; saved /home/wlia0047/ar57/wenyu/GeneRec/results/stage3_T5Train/curvature_RQ-VAE_iter21/ckpt/Amazon_2023_Instruments/Sep-26-2026_09-42-56/HG_Rec_best.pth
2026-09-26 09:49:22,216 - INFO - Epoch 33/150 train_loss=2.2419961643218995
2026-09-26 09:49:22,253 - INFO - Best train loss=2.2419961643218995; saved /home/wlia0047/ar57/wenyu/GeneRec/results/stage3_T5Train/curvature_RQ-VAE_iter21/ckpt/Amazon_2023_Instruments/Sep-26-2026_09-42-56/HG_Rec_best.pth
2026-09-26 09:49:33,853 - INFO - Epoch 34/150 train_loss=2.2331151008605956
2026-09-26 09:49:33,886 - INFO - Best train loss=2.2331151008605956; saved /home/wlia0047/ar57/wenyu/GeneRec/results/stage3_T5Train/curvature_RQ-VAE_iter21/ckpt/Amazon_2023_Instruments/Sep-26-2026_09-42-56/HG_Rec_best.pth
2026-09-26 09:49:45,484 - INFO - Epoch 35/150 train_loss=2.221496877670288
2026-09-26 09:49:45,520 - INFO - Best train loss=2.221496877670288; saved /home/wlia0047/ar57/wenyu/GeneRec/results/stage3_T5Train/curvature_RQ-VAE_iter21/ckpt/Amazon_2023_Instruments/Sep-26-2026_09-42-56/HG_Rec_best.pth
2026-09-26 09:49:57,120 - INFO - Epoch 36/150 train_loss=2.20957896232605
2026-09-26 09:49:57,155 - INFO - Best train loss=2.20957896232605; saved /home/wlia0047/ar57/wenyu/GeneRec/results/stage3_T5Train/curvature_RQ-VAE_iter21/ckpt/Amazon_2023_Instruments/Sep-26-2026_09-42-56/HG_Rec_best.pth
2026-09-26 09:50:08,755 - INFO - Epoch 37/150 train_loss=2.1946416759490965
2026-09-26 09:50:08,791 - INFO - Best train loss=2.1946416759490965; saved /home/wlia0047/ar57/wenyu/GeneRec/results/stage3_T5Train/curvature_RQ-VAE_iter21/ckpt/Amazon_2023_Instruments/Sep-26-2026_09-42-56/HG_Rec_best.pth
2026-09-26 09:50:20,397 - INFO - Epoch 38/150 train_loss=2.182021112442017
2026-09-26 09:50:20,434 - INFO - Best train loss=2.182021112442017; saved /home/wlia0047/ar57/wenyu/GeneRec/results/stage3_T5Train/curvature_RQ-VAE_iter21/ckpt/Amazon_2023_Instruments/Sep-26-2026_09-42-56/HG_Rec_best.pth
2026-09-26 09:50:32,040 - INFO - Epoch 39/150 train_loss=2.1734167194366454
2026-09-26 09:50:32,075 - INFO - Best train loss=2.1734167194366454; saved /home/wlia0047/ar57/wenyu/GeneRec/results/stage3_T5Train/curvature_RQ-VAE_iter21/ckpt/Amazon_2023_Instruments/Sep-26-2026_09-42-56/HG_Rec_best.pth
2026-09-26 09:50:43,676 - INFO - Epoch 40/150 train_loss=2.159758358001709
2026-09-26 09:50:43,711 - INFO - Best train loss=2.159758358001709; saved /home/wlia0047/ar57/wenyu/GeneRec/results/stage3_T5Train/curvature_RQ-VAE_iter21/ckpt/Amazon_2023_Instruments/Sep-26-2026_09-42-56/HG_Rec_best.pth
2026-09-26 09:50:55,317 - INFO - Epoch 41/150 train_loss=2.148375005722046
2026-09-26 09:50:55,354 - INFO - Best train loss=2.148375005722046; saved /home/wlia0047/ar57/wenyu/GeneRec/results/stage3_T5Train/curvature_RQ-VAE_iter21/ckpt/Amazon_2023_Instruments/Sep-26-2026_09-42-56/HG_Rec_best.pth
2026-09-26 09:51:06,962 - INFO - Epoch 42/150 train_loss=2.134611577987671
2026-09-26 09:51:06,998 - INFO - Best train loss=2.134611577987671; saved /home/wlia0047/ar57/wenyu/GeneRec/results/stage3_T5Train/curvature_RQ-VAE_iter21/ckpt/Amazon_2023_Instruments/Sep-26-2026_09-42-56/HG_Rec_best.pth
2026-09-26 09:51:18,607 - INFO - Epoch 43/150 train_loss=2.1221978664398193
2026-09-26 09:51:18,722 - INFO - Best train loss=2.1221978664398193; saved /home/wlia0047/ar57/wenyu/GeneRec/results/stage3_T5Train/curvature_RQ-VAE_iter21/ckpt/Amazon_2023_Instruments/Sep-26-2026_09-42-56/HG_Rec_best.pth
2026-09-26 09:51:30,329 - INFO - Epoch 44/150 train_loss=2.1144813919067382
2026-09-26 09:51:30,365 - INFO - Best train loss=2.1144813919067382; saved /home/wlia0047/ar57/wenyu/GeneRec/results/stage3_T5Train/curvature_RQ-VAE_iter21/ckpt/Amazon_2023_Instruments/Sep-26-2026_09-42-56/HG_Rec_best.pth
2026-09-26 09:51:41,967 - INFO - Epoch 45/150 train_loss=2.1077795696258543
2026-09-26 09:51:42,003 - INFO - Best train loss=2.1077795696258543; saved /home/wlia0047/ar57/wenyu/GeneRec/results/stage3_T5Train/curvature_RQ-VAE_iter21/ckpt/Amazon_2023_Instruments/Sep-26-2026_09-42-56/HG_Rec_best.pth
2026-09-26 09:51:53,605 - INFO - Epoch 46/150 train_loss=2.1003466796875
2026-09-26 09:51:53,640 - INFO - Best train loss=2.1003466796875; saved /home/wlia0047/ar57/wenyu/GeneRec/results/stage3_T5Train/curvature_RQ-VAE_iter21/ckpt/Amazon_2023_Instruments/Sep-26-2026_09-42-56/HG_Rec_best.pth
2026-09-26 09:52:05,238 - INFO - Epoch 47/150 train_loss=2.0930504322052004
2026-09-26 09:52:05,273 - INFO - Best train loss=2.0930504322052004; saved /home/wlia0047/ar57/wenyu/GeneRec/results/stage3_T5Train/curvature_RQ-VAE_iter21/ckpt/Amazon_2023_Instruments/Sep-26-2026_09-42-56/HG_Rec_best.pth
2026-09-26 09:52:16,875 - INFO - Epoch 48/150 train_loss=2.083211145401001
2026-09-26 09:52:16,912 - INFO - Best train loss=2.083211145401001; saved /home/wlia0047/ar57/wenyu/GeneRec/results/stage3_T5Train/curvature_RQ-VAE_iter21/ckpt/Amazon_2023_Instruments/Sep-26-2026_09-42-56/HG_Rec_best.pth
2026-09-26 09:52:28,509 - INFO - Epoch 49/150 train_loss=2.075338907241821
2026-09-26 09:52:28,545 - INFO - Best train loss=2.075338907241821; saved /home/wlia0047/ar57/wenyu/GeneRec/results/stage3_T5Train/curvature_RQ-VAE_iter21/ckpt/Amazon_2023_Instruments/Sep-26-2026_09-42-56/HG_Rec_best.pth
2026-09-26 09:52:40,144 - INFO - Epoch 50/150 train_loss=2.073651885986328
2026-09-26 09:52:40,179 - INFO - Best train loss=2.073651885986328; saved /home/wlia0047/ar57/wenyu/GeneRec/results/stage3_T5Train/curvature_RQ-VAE_iter21/ckpt/Amazon_2023_Instruments/Sep-26-2026_09-42-56/HG_Rec_best.pth
2026-09-26 09:52:52,281 - INFO - Epoch 51/150 train_loss=2.0660435962677
2026-09-26 09:52:52,360 - INFO - Best train loss=2.0660435962677; saved /home/wlia0047/ar57/wenyu/GeneRec/results/stage3_T5Train/curvature_RQ-VAE_iter21/ckpt/Amazon_2023_Instruments/Sep-26-2026_09-42-56/HG_Rec_best.pth
2026-09-26 09:53:04,033 - INFO - Epoch 52/150 train_loss=2.064645309448242
2026-09-26 09:53:04,082 - INFO - Best train loss=2.064645309448242; saved /home/wlia0047/ar57/wenyu/GeneRec/results/stage3_T5Train/curvature_RQ-VAE_iter21/ckpt/Amazon_2023_Instruments/Sep-26-2026_09-42-56/HG_Rec_best.pth
2026-09-26 09:53:15,685 - INFO - Epoch 53/150 train_loss=2.059968843460083
2026-09-26 09:53:15,724 - INFO - Best train loss=2.059968843460083; saved /home/wlia0047/ar57/wenyu/GeneRec/results/stage3_T5Train/curvature_RQ-VAE_iter21/ckpt/Amazon_2023_Instruments/Sep-26-2026_09-42-56/HG_Rec_best.pth
2026-09-26 09:53:27,322 - INFO - Epoch 54/150 train_loss=2.051706705093384
2026-09-26 09:53:27,359 - INFO - Best train loss=2.051706705093384; saved /home/wlia0047/ar57/wenyu/GeneRec/results/stage3_T5Train/curvature_RQ-VAE_iter21/ckpt/Amazon_2023_Instruments/Sep-26-2026_09-42-56/HG_Rec_best.pth
2026-09-26 09:53:40,004 - INFO - Epoch 55/150 train_loss=2.0446824073791503
2026-09-26 09:53:40,146 - INFO - Best train loss=2.0446824073791503; saved /home/wlia0047/ar57/wenyu/GeneRec/results/stage3_T5Train/curvature_RQ-VAE_iter21/ckpt/Amazon_2023_Instruments/Sep-26-2026_09-42-56/HG_Rec_best.pth
2026-09-26 09:53:51,915 - INFO - Epoch 56/150 train_loss=2.044400806427002
2026-09-26 09:53:52,016 - INFO - Best train loss=2.044400806427002; saved /home/wlia0047/ar57/wenyu/GeneRec/results/stage3_T5Train/curvature_RQ-VAE_iter21/ckpt/Amazon_2023_Instruments/Sep-26-2026_09-42-56/HG_Rec_best.pth
2026-09-26 09:54:03,628 - INFO - Epoch 57/150 train_loss=2.0355324649810793
2026-09-26 09:54:03,663 - INFO - Best train loss=2.0355324649810793; saved /home/wlia0047/ar57/wenyu/GeneRec/results/stage3_T5Train/curvature_RQ-VAE_iter21/ckpt/Amazon_2023_Instruments/Sep-26-2026_09-42-56/HG_Rec_best.pth
2026-09-26 09:54:15,337 - INFO - Epoch 58/150 train_loss=2.028692750930786
2026-09-26 09:54:15,386 - INFO - Best train loss=2.028692750930786; saved /home/wlia0047/ar57/wenyu/GeneRec/results/stage3_T5Train/curvature_RQ-VAE_iter21/ckpt/Amazon_2023_Instruments/Sep-26-2026_09-42-56/HG_Rec_best.pth
2026-09-26 09:54:26,995 - INFO - Epoch 59/150 train_loss=2.0252090454101563
2026-09-26 09:54:27,030 - INFO - Best train loss=2.0252090454101563; saved /home/wlia0047/ar57/wenyu/GeneRec/results/stage3_T5Train/curvature_RQ-VAE_iter21/ckpt/Amazon_2023_Instruments/Sep-26-2026_09-42-56/HG_Rec_best.pth
2026-09-26 09:54:38,635 - INFO - Epoch 60/150 train_loss=2.021280746459961
2026-09-26 09:54:38,670 - INFO - Best train loss=2.021280746459961; saved /home/wlia0047/ar57/wenyu/GeneRec/results/stage3_T5Train/curvature_RQ-VAE_iter21/ckpt/Amazon_2023_Instruments/Sep-26-2026_09-42-56/HG_Rec_best.pth
2026-09-26 09:54:50,274 - INFO - Epoch 61/150 train_loss=2.0176774215698243
2026-09-26 09:54:50,309 - INFO - Best train loss=2.0176774215698243; saved /home/wlia0047/ar57/wenyu/GeneRec/results/stage3_T5Train/curvature_RQ-VAE_iter21/ckpt/Amazon_2023_Instruments/Sep-26-2026_09-42-56/HG_Rec_best.pth
2026-09-26 09:55:01,910 - INFO - Epoch 62/150 train_loss=2.0120265817642213
2026-09-26 09:55:01,944 - INFO - Best train loss=2.0120265817642213; saved /home/wlia0047/ar57/wenyu/GeneRec/results/stage3_T5Train/curvature_RQ-VAE_iter21/ckpt/Amazon_2023_Instruments/Sep-26-2026_09-42-56/HG_Rec_best.pth
2026-09-26 09:55:13,552 - INFO - Epoch 63/150 train_loss=2.0103452157974244
2026-09-26 09:55:13,589 - INFO - Best train loss=2.0103452157974244; saved /home/wlia0047/ar57/wenyu/GeneRec/results/stage3_T5Train/curvature_RQ-VAE_iter21/ckpt/Amazon_2023_Instruments/Sep-26-2026_09-42-56/HG_Rec_best.pth
2026-09-26 09:55:25,198 - INFO - Epoch 64/150 train_loss=2.008460259437561
2026-09-26 09:55:25,233 - INFO - Best train loss=2.008460259437561; saved /home/wlia0047/ar57/wenyu/GeneRec/results/stage3_T5Train/curvature_RQ-VAE_iter21/ckpt/Amazon_2023_Instruments/Sep-26-2026_09-42-56/HG_Rec_best.pth
2026-09-26 09:55:36,839 - INFO - Epoch 65/150 train_loss=2.0041238832473756
2026-09-26 09:55:36,874 - INFO - Best train loss=2.0041238832473756; saved /home/wlia0047/ar57/wenyu/GeneRec/results/stage3_T5Train/curvature_RQ-VAE_iter21/ckpt/Amazon_2023_Instruments/Sep-26-2026_09-42-56/HG_Rec_best.pth
2026-09-26 09:55:48,479 - INFO - Epoch 66/150 train_loss=2.0005089712142943
2026-09-26 09:55:48,516 - INFO - Best train loss=2.0005089712142943; saved /home/wlia0047/ar57/wenyu/GeneRec/results/stage3_T5Train/curvature_RQ-VAE_iter21/ckpt/Amazon_2023_Instruments/Sep-26-2026_09-42-56/HG_Rec_best.pth
2026-09-26 09:56:00,116 - INFO - Epoch 67/150 train_loss=1.9967820405960084
2026-09-26 09:56:00,154 - INFO - Best train loss=1.9967820405960084; saved /home/wlia0047/ar57/wenyu/GeneRec/results/stage3_T5Train/curvature_RQ-VAE_iter21/ckpt/Amazon_2023_Instruments/Sep-26-2026_09-42-56/HG_Rec_best.pth
2026-09-26 09:56:11,761 - INFO - Epoch 68/150 train_loss=1.9937058877944946
2026-09-26 09:56:11,798 - INFO - Best train loss=1.9937058877944946; saved /home/wlia0047/ar57/wenyu/GeneRec/results/stage3_T5Train/curvature_RQ-VAE_iter21/ckpt/Amazon_2023_Instruments/Sep-26-2026_09-42-56/HG_Rec_best.pth
2026-09-26 09:56:23,404 - INFO - Epoch 69/150 train_loss=1.995474796295166
2026-09-26 09:56:23,407 - INFO - No train loss improvement; patience=1
2026-09-26 09:56:35,016 - INFO - Epoch 70/150 train_loss=1.9902384328842162
2026-09-26 09:56:35,051 - INFO - Best train loss=1.9902384328842162; saved /home/wlia0047/ar57/wenyu/GeneRec/results/stage3_T5Train/curvature_RQ-VAE_iter21/ckpt/Amazon_2023_Instruments/Sep-26-2026_09-42-56/HG_Rec_best.pth
2026-09-26 09:56:46,657 - INFO - Epoch 71/150 train_loss=1.9879833602905272
2026-09-26 09:56:46,692 - INFO - Best train loss=1.9879833602905272; saved /home/wlia0047/ar57/wenyu/GeneRec/results/stage3_T5Train/curvature_RQ-VAE_iter21/ckpt/Amazon_2023_Instruments/Sep-26-2026_09-42-56/HG_Rec_best.pth
2026-09-26 09:56:58,303 - INFO - Epoch 72/150 train_loss=1.9816744327545166
2026-09-26 09:56:58,339 - INFO - Best train loss=1.9816744327545166; saved /home/wlia0047/ar57/wenyu/GeneRec/results/stage3_T5Train/curvature_RQ-VAE_iter21/ckpt/Amazon_2023_Instruments/Sep-26-2026_09-42-56/HG_Rec_best.pth
2026-09-26 09:57:09,947 - INFO - Epoch 73/150 train_loss=1.9716169881820678
2026-09-26 09:57:09,983 - INFO - Best train loss=1.9716169881820678; saved /home/wlia0047/ar57/wenyu/GeneRec/results/stage3_T5Train/curvature_RQ-VAE_iter21/ckpt/Amazon_2023_Instruments/Sep-26-2026_09-42-56/HG_Rec_best.pth
2026-09-26 09:57:21,582 - INFO - Epoch 74/150 train_loss=1.9795224857330322
2026-09-26 09:57:21,586 - INFO - No train loss improvement; patience=1
2026-09-26 09:57:33,192 - INFO - Epoch 75/150 train_loss=1.9749992132186889
2026-09-26 09:57:33,197 - INFO - No train loss improvement; patience=2
2026-09-26 09:57:44,797 - INFO - Epoch 76/150 train_loss=1.9712599229812622
2026-09-26 09:57:44,842 - INFO - Best train loss=1.9712599229812622; saved /home/wlia0047/ar57/wenyu/GeneRec/results/stage3_T5Train/curvature_RQ-VAE_iter21/ckpt/Amazon_2023_Instruments/Sep-26-2026_09-42-56/HG_Rec_best.pth
2026-09-26 09:57:56,451 - INFO - Epoch 77/150 train_loss=1.96722580909729
2026-09-26 09:57:56,488 - INFO - Best train loss=1.96722580909729; saved /home/wlia0047/ar57/wenyu/GeneRec/results/stage3_T5Train/curvature_RQ-VAE_iter21/ckpt/Amazon_2023_Instruments/Sep-26-2026_09-42-56/HG_Rec_best.pth
2026-09-26 09:58:08,088 - INFO - Epoch 78/150 train_loss=1.9660531044006349
2026-09-26 09:58:08,123 - INFO - Best train loss=1.9660531044006349; saved /home/wlia0047/ar57/wenyu/GeneRec/results/stage3_T5Train/curvature_RQ-VAE_iter21/ckpt/Amazon_2023_Instruments/Sep-26-2026_09-42-56/HG_Rec_best.pth
2026-09-26 09:58:19,725 - INFO - Epoch 79/150 train_loss=1.9638702154159546
2026-09-26 09:58:19,761 - INFO - Best train loss=1.9638702154159546; saved /home/wlia0047/ar57/wenyu/GeneRec/results/stage3_T5Train/curvature_RQ-VAE_iter21/ckpt/Amazon_2023_Instruments/Sep-26-2026_09-42-56/HG_Rec_best.pth
2026-09-26 09:58:31,368 - INFO - Epoch 80/150 train_loss=1.9630762720108033
2026-09-26 09:58:31,998 - INFO - Best train loss=1.9630762720108033; saved /home/wlia0047/ar57/wenyu/GeneRec/results/stage3_T5Train/curvature_RQ-VAE_iter21/ckpt/Amazon_2023_Instruments/Sep-26-2026_09-42-56/HG_Rec_best.pth
2026-09-26 09:58:43,603 - INFO - Epoch 81/150 train_loss=1.962461657524109
2026-09-26 09:58:43,638 - INFO - Best train loss=1.962461657524109; saved /home/wlia0047/ar57/wenyu/GeneRec/results/stage3_T5Train/curvature_RQ-VAE_iter21/ckpt/Amazon_2023_Instruments/Sep-26-2026_09-42-56/HG_Rec_best.pth
2026-09-26 09:58:55,243 - INFO - Epoch 82/150 train_loss=1.9532323265075684
2026-09-26 09:58:55,279 - INFO - Best train loss=1.9532323265075684; saved /home/wlia0047/ar57/wenyu/GeneRec/results/stage3_T5Train/curvature_RQ-VAE_iter21/ckpt/Amazon_2023_Instruments/Sep-26-2026_09-42-56/HG_Rec_best.pth
2026-09-26 09:59:06,882 - INFO - Epoch 83/150 train_loss=1.954425344467163
2026-09-26 09:59:06,885 - INFO - No train loss improvement; patience=1
2026-09-26 09:59:18,475 - INFO - Epoch 84/150 train_loss=1.9480334615707398
2026-09-26 09:59:18,529 - INFO - Best train loss=1.9480334615707398; saved /home/wlia0047/ar57/wenyu/GeneRec/results/stage3_T5Train/curvature_RQ-VAE_iter21/ckpt/Amazon_2023_Instruments/Sep-26-2026_09-42-56/HG_Rec_best.pth
2026-09-26 09:59:30,132 - INFO - Epoch 85/150 train_loss=1.947355604171753
2026-09-26 09:59:30,167 - INFO - Best train loss=1.947355604171753; saved /home/wlia0047/ar57/wenyu/GeneRec/results/stage3_T5Train/curvature_RQ-VAE_iter21/ckpt/Amazon_2023_Instruments/Sep-26-2026_09-42-56/HG_Rec_best.pth
2026-09-26 09:59:41,779 - INFO - Epoch 86/150 train_loss=1.9461648607254027
2026-09-26 09:59:41,814 - INFO - Best train loss=1.9461648607254027; saved /home/wlia0047/ar57/wenyu/GeneRec/results/stage3_T5Train/curvature_RQ-VAE_iter21/ckpt/Amazon_2023_Instruments/Sep-26-2026_09-42-56/HG_Rec_best.pth
2026-09-26 09:59:53,420 - INFO - Epoch 87/150 train_loss=1.9460675859451293
2026-09-26 09:59:53,455 - INFO - Best train loss=1.9460675859451293; saved /home/wlia0047/ar57/wenyu/GeneRec/results/stage3_T5Train/curvature_RQ-VAE_iter21/ckpt/Amazon_2023_Instruments/Sep-26-2026_09-42-56/HG_Rec_best.pth
2026-09-26 10:00:05,055 - INFO - Epoch 88/150 train_loss=1.940598759651184
2026-09-26 10:00:05,091 - INFO - Best train loss=1.940598759651184; saved /home/wlia0047/ar57/wenyu/GeneRec/results/stage3_T5Train/curvature_RQ-VAE_iter21/ckpt/Amazon_2023_Instruments/Sep-26-2026_09-42-56/HG_Rec_best.pth
2026-09-26 10:00:16,690 - INFO - Epoch 89/150 train_loss=1.9400937271118164
2026-09-26 10:00:16,724 - INFO - Best train loss=1.9400937271118164; saved /home/wlia0047/ar57/wenyu/GeneRec/results/stage3_T5Train/curvature_RQ-VAE_iter21/ckpt/Amazon_2023_Instruments/Sep-26-2026_09-42-56/HG_Rec_best.pth
2026-09-26 10:00:28,328 - INFO - Epoch 90/150 train_loss=1.9372065496444701
2026-09-26 10:00:28,363 - INFO - Best train loss=1.9372065496444701; saved /home/wlia0047/ar57/wenyu/GeneRec/results/stage3_T5Train/curvature_RQ-VAE_iter21/ckpt/Amazon_2023_Instruments/Sep-26-2026_09-42-56/HG_Rec_best.pth
2026-09-26 10:00:39,965 - INFO - Epoch 91/150 train_loss=1.934605827331543
2026-09-26 10:00:40,001 - INFO - Best train loss=1.934605827331543; saved /home/wlia0047/ar57/wenyu/GeneRec/results/stage3_T5Train/curvature_RQ-VAE_iter21/ckpt/Amazon_2023_Instruments/Sep-26-2026_09-42-56/HG_Rec_best.pth
2026-09-26 10:00:52,077 - INFO - Epoch 92/150 train_loss=1.9344338512420653
2026-09-26 10:00:52,111 - INFO - Best train loss=1.9344338512420653; saved /home/wlia0047/ar57/wenyu/GeneRec/results/stage3_T5Train/curvature_RQ-VAE_iter21/ckpt/Amazon_2023_Instruments/Sep-26-2026_09-42-56/HG_Rec_best.pth
2026-09-26 10:01:03,713 - INFO - Epoch 93/150 train_loss=1.9296548414230346
2026-09-26 10:01:04,250 - INFO - Best train loss=1.9296548414230346; saved /home/wlia0047/ar57/wenyu/GeneRec/results/stage3_T5Train/curvature_RQ-VAE_iter21/ckpt/Amazon_2023_Instruments/Sep-26-2026_09-42-56/HG_Rec_best.pth
2026-09-26 10:01:15,850 - INFO - Epoch 94/150 train_loss=1.932674059867859
2026-09-26 10:01:15,852 - INFO - No train loss improvement; patience=1
2026-09-26 10:01:27,460 - INFO - Epoch 95/150 train_loss=1.9296582984924315
2026-09-26 10:01:27,467 - INFO - No train loss improvement; patience=2
2026-09-26 10:01:39,069 - INFO - Epoch 96/150 train_loss=1.9289477920532228
2026-09-26 10:01:39,111 - INFO - Best train loss=1.9289477920532228; saved /home/wlia0047/ar57/wenyu/GeneRec/results/stage3_T5Train/curvature_RQ-VAE_iter21/ckpt/Amazon_2023_Instruments/Sep-26-2026_09-42-56/HG_Rec_best.pth
2026-09-26 10:01:50,713 - INFO - Epoch 97/150 train_loss=1.926685037612915
2026-09-26 10:01:50,748 - INFO - Best train loss=1.926685037612915; saved /home/wlia0047/ar57/wenyu/GeneRec/results/stage3_T5Train/curvature_RQ-VAE_iter21/ckpt/Amazon_2023_Instruments/Sep-26-2026_09-42-56/HG_Rec_best.pth
2026-09-26 10:02:02,350 - INFO - Epoch 98/150 train_loss=1.9233315467834473
2026-09-26 10:02:02,386 - INFO - Best train loss=1.9233315467834473; saved /home/wlia0047/ar57/wenyu/GeneRec/results/stage3_T5Train/curvature_RQ-VAE_iter21/ckpt/Amazon_2023_Instruments/Sep-26-2026_09-42-56/HG_Rec_best.pth
2026-09-26 10:02:13,991 - INFO - Epoch 99/150 train_loss=1.9213170337677001
2026-09-26 10:02:14,029 - INFO - Best train loss=1.9213170337677001; saved /home/wlia0047/ar57/wenyu/GeneRec/results/stage3_T5Train/curvature_RQ-VAE_iter21/ckpt/Amazon_2023_Instruments/Sep-26-2026_09-42-56/HG_Rec_best.pth
2026-09-26 10:02:25,635 - INFO - Epoch 100/150 train_loss=1.921962571144104
2026-09-26 10:02:25,638 - INFO - No train loss improvement; patience=1
2026-09-26 10:02:37,236 - INFO - Epoch 101/150 train_loss=1.9156573581695557
2026-09-26 10:02:37,288 - INFO - Best train loss=1.9156573581695557; saved /home/wlia0047/ar57/wenyu/GeneRec/results/stage3_T5Train/curvature_RQ-VAE_iter21/ckpt/Amazon_2023_Instruments/Sep-26-2026_09-42-56/HG_Rec_best.pth
2026-09-26 10:02:49,087 - INFO - Epoch 102/150 train_loss=1.9181009149551391
2026-09-26 10:02:49,103 - INFO - No train loss improvement; patience=1
2026-09-26 10:03:00,751 - INFO - Epoch 103/150 train_loss=1.9124366569519042
2026-09-26 10:03:00,794 - INFO - Best train loss=1.9124366569519042; saved /home/wlia0047/ar57/wenyu/GeneRec/results/stage3_T5Train/curvature_RQ-VAE_iter21/ckpt/Amazon_2023_Instruments/Sep-26-2026_09-42-56/HG_Rec_best.pth
2026-09-26 10:03:12,420 - INFO - Epoch 104/150 train_loss=1.910217227935791
2026-09-26 10:03:12,464 - INFO - Best train loss=1.910217227935791; saved /home/wlia0047/ar57/wenyu/GeneRec/results/stage3_T5Train/curvature_RQ-VAE_iter21/ckpt/Amazon_2023_Instruments/Sep-26-2026_09-42-56/HG_Rec_best.pth
2026-09-26 10:03:24,074 - INFO - Epoch 105/150 train_loss=1.9133614349365233
2026-09-26 10:03:24,078 - INFO - No train loss improvement; patience=1
2026-09-26 10:03:35,804 - INFO - Epoch 106/150 train_loss=1.9070738458633423
2026-09-26 10:03:35,849 - INFO - Best train loss=1.9070738458633423; saved /home/wlia0047/ar57/wenyu/GeneRec/results/stage3_T5Train/curvature_RQ-VAE_iter21/ckpt/Amazon_2023_Instruments/Sep-26-2026_09-42-56/HG_Rec_best.pth
2026-09-26 10:03:47,448 - INFO - Epoch 107/150 train_loss=1.910720362663269
2026-09-26 10:03:47,450 - INFO - No train loss improvement; patience=1
2026-09-26 10:03:59,055 - INFO - Epoch 108/150 train_loss=1.9067955350875854
2026-09-26 10:03:59,112 - INFO - Best train loss=1.9067955350875854; saved /home/wlia0047/ar57/wenyu/GeneRec/results/stage3_T5Train/curvature_RQ-VAE_iter21/ckpt/Amazon_2023_Instruments/Sep-26-2026_09-42-56/HG_Rec_best.pth
2026-09-26 10:04:10,721 - INFO - Epoch 109/150 train_loss=1.901551637649536
2026-09-26 10:04:10,757 - INFO - Best train loss=1.901551637649536; saved /home/wlia0047/ar57/wenyu/GeneRec/results/stage3_T5Train/curvature_RQ-VAE_iter21/ckpt/Amazon_2023_Instruments/Sep-26-2026_09-42-56/HG_Rec_best.pth
2026-09-26 10:04:22,361 - INFO - Epoch 110/150 train_loss=1.9032597208023072
2026-09-26 10:04:22,363 - INFO - No train loss improvement; patience=1
2026-09-26 10:04:34,080 - INFO - Epoch 111/150 train_loss=1.9020387649536132
2026-09-26 10:04:34,087 - INFO - No train loss improvement; patience=2
2026-09-26 10:04:45,687 - INFO - Epoch 112/150 train_loss=1.8987920475006104
2026-09-26 10:04:45,725 - INFO - Best train loss=1.8987920475006104; saved /home/wlia0047/ar57/wenyu/GeneRec/results/stage3_T5Train/curvature_RQ-VAE_iter21/ckpt/Amazon_2023_Instruments/Sep-26-2026_09-42-56/HG_Rec_best.pth
2026-09-26 10:04:57,336 - INFO - Epoch 113/150 train_loss=1.8986330604553223
2026-09-26 10:04:57,386 - INFO - Best train loss=1.8986330604553223; saved /home/wlia0047/ar57/wenyu/GeneRec/results/stage3_T5Train/curvature_RQ-VAE_iter21/ckpt/Amazon_2023_Instruments/Sep-26-2026_09-42-56/HG_Rec_best.pth
2026-09-26 10:05:08,990 - INFO - Epoch 114/150 train_loss=1.8987061595916748
2026-09-26 10:05:08,995 - INFO - No train loss improvement; patience=1
2026-09-26 10:05:20,597 - INFO - Epoch 115/150 train_loss=1.8983212327957153
2026-09-26 10:05:20,639 - INFO - Best train loss=1.8983212327957153; saved /home/wlia0047/ar57/wenyu/GeneRec/results/stage3_T5Train/curvature_RQ-VAE_iter21/ckpt/Amazon_2023_Instruments/Sep-26-2026_09-42-56/HG_Rec_best.pth
2026-09-26 10:05:32,239 - INFO - Epoch 116/150 train_loss=1.8955466175079345
2026-09-26 10:05:32,276 - INFO - Best train loss=1.8955466175079345; saved /home/wlia0047/ar57/wenyu/GeneRec/results/stage3_T5Train/curvature_RQ-VAE_iter21/ckpt/Amazon_2023_Instruments/Sep-26-2026_09-42-56/HG_Rec_best.pth
2026-09-26 10:05:45,097 - INFO - Epoch 117/150 train_loss=1.8938327789306642
2026-09-26 10:05:45,132 - INFO - Best train loss=1.8938327789306642; saved /home/wlia0047/ar57/wenyu/GeneRec/results/stage3_T5Train/curvature_RQ-VAE_iter21/ckpt/Amazon_2023_Instruments/Sep-26-2026_09-42-56/HG_Rec_best.pth
2026-09-26 10:05:56,739 - INFO - Epoch 118/150 train_loss=1.8902719879150391
2026-09-26 10:05:56,779 - INFO - Best train loss=1.8902719879150391; saved /home/wlia0047/ar57/wenyu/GeneRec/results/stage3_T5Train/curvature_RQ-VAE_iter21/ckpt/Amazon_2023_Instruments/Sep-26-2026_09-42-56/HG_Rec_best.pth
2026-09-26 10:06:08,388 - INFO - Epoch 119/150 train_loss=1.8900949954986572
2026-09-26 10:06:08,423 - INFO - Best train loss=1.8900949954986572; saved /home/wlia0047/ar57/wenyu/GeneRec/results/stage3_T5Train/curvature_RQ-VAE_iter21/ckpt/Amazon_2023_Instruments/Sep-26-2026_09-42-56/HG_Rec_best.pth
2026-09-26 10:06:20,031 - INFO - Epoch 120/150 train_loss=1.8871778917312623
2026-09-26 10:06:20,065 - INFO - Best train loss=1.8871778917312623; saved /home/wlia0047/ar57/wenyu/GeneRec/results/stage3_T5Train/curvature_RQ-VAE_iter21/ckpt/Amazon_2023_Instruments/Sep-26-2026_09-42-56/HG_Rec_best.pth
2026-09-26 10:06:31,672 - INFO - Epoch 121/150 train_loss=1.887741174697876
2026-09-26 10:06:31,677 - INFO - No train loss improvement; patience=1
2026-09-26 10:06:43,282 - INFO - Epoch 122/150 train_loss=1.8848341846466063
2026-09-26 10:06:43,323 - INFO - Best train loss=1.8848341846466063; saved /home/wlia0047/ar57/wenyu/GeneRec/results/stage3_T5Train/curvature_RQ-VAE_iter21/ckpt/Amazon_2023_Instruments/Sep-26-2026_09-42-56/HG_Rec_best.pth
2026-09-26 10:06:54,923 - INFO - Epoch 123/150 train_loss=1.8843452072143554
2026-09-26 10:06:54,961 - INFO - Best train loss=1.8843452072143554; saved /home/wlia0047/ar57/wenyu/GeneRec/results/stage3_T5Train/curvature_RQ-VAE_iter21/ckpt/Amazon_2023_Instruments/Sep-26-2026_09-42-56/HG_Rec_best.pth
2026-09-26 10:07:06,568 - INFO - Epoch 124/150 train_loss=1.8833870601654052
2026-09-26 10:07:06,606 - INFO - Best train loss=1.8833870601654052; saved /home/wlia0047/ar57/wenyu/GeneRec/results/stage3_T5Train/curvature_RQ-VAE_iter21/ckpt/Amazon_2023_Instruments/Sep-26-2026_09-42-56/HG_Rec_best.pth
2026-09-26 10:07:18,213 - INFO - Epoch 125/150 train_loss=1.8818293857574462
2026-09-26 10:07:18,247 - INFO - Best train loss=1.8818293857574462; saved /home/wlia0047/ar57/wenyu/GeneRec/results/stage3_T5Train/curvature_RQ-VAE_iter21/ckpt/Amazon_2023_Instruments/Sep-26-2026_09-42-56/HG_Rec_best.pth
2026-09-26 10:07:29,847 - INFO - Epoch 126/150 train_loss=1.882914228439331
2026-09-26 10:07:29,851 - INFO - No train loss improvement; patience=1
2026-09-26 10:07:41,454 - INFO - Epoch 127/150 train_loss=1.8789529275894166
2026-09-26 10:07:41,493 - INFO - Best train loss=1.8789529275894166; saved /home/wlia0047/ar57/wenyu/GeneRec/results/stage3_T5Train/curvature_RQ-VAE_iter21/ckpt/Amazon_2023_Instruments/Sep-26-2026_09-42-56/HG_Rec_best.pth
2026-09-26 10:07:53,099 - INFO - Epoch 128/150 train_loss=1.8798452186584473
2026-09-26 10:07:53,102 - INFO - No train loss improvement; patience=1
2026-09-26 10:08:04,704 - INFO - Epoch 129/150 train_loss=1.8778796529769897
2026-09-26 10:08:04,743 - INFO - Best train loss=1.8778796529769897; saved /home/wlia0047/ar57/wenyu/GeneRec/results/stage3_T5Train/curvature_RQ-VAE_iter21/ckpt/Amazon_2023_Instruments/Sep-26-2026_09-42-56/HG_Rec_best.pth
2026-09-26 10:08:16,344 - INFO - Epoch 130/150 train_loss=1.8784745740890503
2026-09-26 10:08:16,347 - INFO - No train loss improvement; patience=1
2026-09-26 10:08:27,945 - INFO - Epoch 131/150 train_loss=1.8770869731903077
2026-09-26 10:08:27,994 - INFO - Best train loss=1.8770869731903077; saved /home/wlia0047/ar57/wenyu/GeneRec/results/stage3_T5Train/curvature_RQ-VAE_iter21/ckpt/Amazon_2023_Instruments/Sep-26-2026_09-42-56/HG_Rec_best.pth
2026-09-26 10:08:39,596 - INFO - Epoch 132/150 train_loss=1.874208402633667
2026-09-26 10:08:39,631 - INFO - Best train loss=1.874208402633667; saved /home/wlia0047/ar57/wenyu/GeneRec/results/stage3_T5Train/curvature_RQ-VAE_iter21/ckpt/Amazon_2023_Instruments/Sep-26-2026_09-42-56/HG_Rec_best.pth
2026-09-26 10:08:51,238 - INFO - Epoch 133/150 train_loss=1.8754198789596557
2026-09-26 10:08:51,241 - INFO - No train loss improvement; patience=1
2026-09-26 10:09:02,841 - INFO - Epoch 134/150 train_loss=1.8725077629089355
2026-09-26 10:09:02,887 - INFO - Best train loss=1.8725077629089355; saved /home/wlia0047/ar57/wenyu/GeneRec/results/stage3_T5Train/curvature_RQ-VAE_iter21/ckpt/Amazon_2023_Instruments/Sep-26-2026_09-42-56/HG_Rec_best.pth
2026-09-26 10:09:14,493 - INFO - Epoch 135/150 train_loss=1.8719136238098144
2026-09-26 10:09:14,528 - INFO - Best train loss=1.8719136238098144; saved /home/wlia0047/ar57/wenyu/GeneRec/results/stage3_T5Train/curvature_RQ-VAE_iter21/ckpt/Amazon_2023_Instruments/Sep-26-2026_09-42-56/HG_Rec_best.pth
2026-09-26 10:09:26,127 - INFO - Epoch 136/150 train_loss=1.8731843614578247
2026-09-26 10:09:26,130 - INFO - No train loss improvement; patience=1
2026-09-26 10:09:37,728 - INFO - Epoch 137/150 train_loss=1.872508807182312
2026-09-26 10:09:37,737 - INFO - No train loss improvement; patience=2
2026-09-26 10:09:49,331 - INFO - Epoch 138/150 train_loss=1.8694476509094238
2026-09-26 10:09:49,375 - INFO - Best train loss=1.8694476509094238; saved /home/wlia0047/ar57/wenyu/GeneRec/results/stage3_T5Train/curvature_RQ-VAE_iter21/ckpt/Amazon_2023_Instruments/Sep-26-2026_09-42-56/HG_Rec_best.pth
2026-09-26 10:10:00,979 - INFO - Epoch 139/150 train_loss=1.867336678504944
2026-09-26 10:10:01,016 - INFO - Best train loss=1.867336678504944; saved /home/wlia0047/ar57/wenyu/GeneRec/results/stage3_T5Train/curvature_RQ-VAE_iter21/ckpt/Amazon_2023_Instruments/Sep-26-2026_09-42-56/HG_Rec_best.pth
2026-09-26 10:10:12,621 - INFO - Epoch 140/150 train_loss=1.8677593851089478
2026-09-26 10:10:12,623 - INFO - No train loss improvement; patience=1
2026-09-26 10:10:24,223 - INFO - Epoch 141/150 train_loss=1.8705988121032715
2026-09-26 10:10:24,229 - INFO - No train loss improvement; patience=2
2026-09-26 10:10:35,832 - INFO - Epoch 142/150 train_loss=1.8685681676864625
2026-09-26 10:10:35,839 - INFO - No train loss improvement; patience=3
2026-09-26 10:10:47,448 - INFO - Epoch 143/150 train_loss=1.8645851278305055
2026-09-26 10:10:47,496 - INFO - Best train loss=1.8645851278305055; saved /home/wlia0047/ar57/wenyu/GeneRec/results/stage3_T5Train/curvature_RQ-VAE_iter21/ckpt/Amazon_2023_Instruments/Sep-26-2026_09-42-56/HG_Rec_best.pth
2026-09-26 10:10:59,102 - INFO - Epoch 144/150 train_loss=1.8638692331314086
2026-09-26 10:10:59,137 - INFO - Best train loss=1.8638692331314086; saved /home/wlia0047/ar57/wenyu/GeneRec/results/stage3_T5Train/curvature_RQ-VAE_iter21/ckpt/Amazon_2023_Instruments/Sep-26-2026_09-42-56/HG_Rec_best.pth
2026-09-26 10:11:10,740 - INFO - Epoch 145/150 train_loss=1.8632635068893433
2026-09-26 10:11:10,776 - INFO - Best train loss=1.8632635068893433; saved /home/wlia0047/ar57/wenyu/GeneRec/results/stage3_T5Train/curvature_RQ-VAE_iter21/ckpt/Amazon_2023_Instruments/Sep-26-2026_09-42-56/HG_Rec_best.pth
2026-09-26 10:11:22,381 - INFO - Epoch 146/150 train_loss=1.8635846757888794
2026-09-26 10:11:22,390 - INFO - No train loss improvement; patience=1
2026-09-26 10:11:33,988 - INFO - Epoch 147/150 train_loss=1.8592048597335815
2026-09-26 10:11:34,030 - INFO - Best train loss=1.8592048597335815; saved /home/wlia0047/ar57/wenyu/GeneRec/results/stage3_T5Train/curvature_RQ-VAE_iter21/ckpt/Amazon_2023_Instruments/Sep-26-2026_09-42-56/HG_Rec_best.pth
2026-09-26 10:11:45,638 - INFO - Epoch 148/150 train_loss=1.861572151184082
2026-09-26 10:11:45,641 - INFO - No train loss improvement; patience=1
2026-09-26 10:11:57,246 - INFO - Epoch 149/150 train_loss=1.8606460428237914
2026-09-26 10:11:57,251 - INFO - No train loss improvement; patience=2
2026-09-26 10:12:08,849 - INFO - Epoch 150/150 train_loss=1.8588800811767578
2026-09-26 10:12:08,893 - INFO - Best train loss=1.8588800811767578; saved /home/wlia0047/ar57/wenyu/GeneRec/results/stage3_T5Train/curvature_RQ-VAE_iter21/ckpt/Amazon_2023_Instruments/Sep-26-2026_09-42-56/HG_Rec_best.pth
2026-09-26 10:20:13,641 - INFO - Test={'best_checkpoint': '/home/wlia0047/ar57/wenyu/GeneRec/results/stage3_T5Train/curvature_RQ-VAE_iter21/ckpt/Amazon_2023_Instruments/Sep-26-2026_09-42-56/HG_Rec_best.pth', 'n_eval': 57439, 'test_recall@5': 0.03812740472501262, 'test_recall@10': 0.05797454691063563, 'test_ndcg@5': 0.025358210362482193, 'test_ndcg@10': 0.03174162401831697}
