2026-10-03 04:52:03,350 - INFO - Configuration: {'batch_size': 4096, 'infer_size': 1024, 'num_epochs': 150, 'eval_interval': 5, 'eval_start_epoch': 75, 'early_eval_epochs': (25, 50, 75, 100, 125), 'fast': True, 'bf16': True, 'use_lr_scheduler': True, 'lr_warmup_pct': 0.1, 'lr_min_factor': 0.2, 'compile': False, 'compile_mode': 'default', 'num_layers': 4, 'num_decoder_layers': 4, 'd_model': 128, 'd_ff': 1024, 'num_heads': 6, 'd_kv': 64, 'dropout_rate': 0.1, 'activation_function': 'relu', 'feed_forward_proj': 'relu', 'device': 'cuda', 'lr': 0.003, 'weight_decay': 0.05, 'vocab_size': 774, 'eos_token_id': 773, 'pad_token_id': 0, 'n_user_tokens': 1, 'max_len': 20, 'dataset_name': 'Amazon_2023_Instruments', 'dataset_path': '/home/wlia0047/ar57/wenyu/GeneRec/results/stage0_build_parquet/', 'codebook_size': [256, 256, 256, 1], 'code_path': '/fs04/ar57/wenyu/GeneRec/results/stage2_RQ-VAE/curvature_RQ-VAE/item_sids.json', 'train_file': 'train.parquet', 'valid_file': 'valid.parquet', 'test_file': 'test.parquet', 'log_path': '/fs04/ar57/wenyu/GeneRec/results/stage3_T5Train/curvature_RQ-VAE/logs/', 'save_path': '/fs04/ar57/wenyu/GeneRec/results/stage3_T5Train/curvature_RQ-VAE/ckpt/', 'seed': 42, 'topk_list': [5, 10], 'beam_size': 20, 'no_eval': True, 'skip_test': False, 'screen_baseline_log': '', 'screen_start_epoch': 40, 'screen_window': 5, 'screen_min_ndcg_gain': 0.001, 'screen_min_recall_gain': 0.001, 'num_workers': 4, 'prefetch_factor': 8, 'exclude_history': True, 'no_exclude_history': False, 'pin_memory': True, 'no_pin_memory': False, 'sid_length': 4, 'max_token_seq_len': 82, 'decoder_start_token_id': 0}
2026-10-03 04:52:03,405 - INFO - #Embedding parameters: 99072
#Non-embedding parameters: 4459648
#Total trainable parameters: 4558720

2026-10-03 04:52:16,640 - INFO - Epoch 1/150 train_loss=4.738132514953613
2026-10-03 04:52:16,723 - INFO - Best train loss=4.738132514953613; saved /fs04/ar57/wenyu/GeneRec/results/stage3_T5Train/curvature_RQ-VAE/ckpt/Amazon_2023_Instruments/Oct-03-2026_04-52-03/HG_Rec_best.pth
2026-10-03 04:52:28,357 - INFO - Epoch 2/150 train_loss=4.057388286590577
2026-10-03 04:52:28,395 - INFO - Best train loss=4.057388286590577; saved /fs04/ar57/wenyu/GeneRec/results/stage3_T5Train/curvature_RQ-VAE/ckpt/Amazon_2023_Instruments/Oct-03-2026_04-52-03/HG_Rec_best.pth
2026-10-03 04:52:40,003 - INFO - Epoch 3/150 train_loss=3.8556160354614257
2026-10-03 04:52:40,040 - INFO - Best train loss=3.8556160354614257; saved /fs04/ar57/wenyu/GeneRec/results/stage3_T5Train/curvature_RQ-VAE/ckpt/Amazon_2023_Instruments/Oct-03-2026_04-52-03/HG_Rec_best.pth
2026-10-03 04:52:51,648 - INFO - Epoch 4/150 train_loss=3.729091625213623
2026-10-03 04:52:51,683 - INFO - Best train loss=3.729091625213623; saved /fs04/ar57/wenyu/GeneRec/results/stage3_T5Train/curvature_RQ-VAE/ckpt/Amazon_2023_Instruments/Oct-03-2026_04-52-03/HG_Rec_best.pth
2026-10-03 04:53:03,293 - INFO - Epoch 5/150 train_loss=3.607100019454956
2026-10-03 04:53:03,329 - INFO - Best train loss=3.607100019454956; saved /fs04/ar57/wenyu/GeneRec/results/stage3_T5Train/curvature_RQ-VAE/ckpt/Amazon_2023_Instruments/Oct-03-2026_04-52-03/HG_Rec_best.pth
2026-10-03 04:53:14,933 - INFO - Epoch 6/150 train_loss=3.682994899749756
2026-10-03 04:53:26,538 - INFO - Epoch 7/150 train_loss=3.5797481441497805
2026-10-03 04:53:26,584 - INFO - Best train loss=3.5797481441497805; saved /fs04/ar57/wenyu/GeneRec/results/stage3_T5Train/curvature_RQ-VAE/ckpt/Amazon_2023_Instruments/Oct-03-2026_04-52-03/HG_Rec_best.pth
2026-10-03 04:53:38,187 - INFO - Epoch 8/150 train_loss=3.472909460067749
2026-10-03 04:53:38,225 - INFO - Best train loss=3.472909460067749; saved /fs04/ar57/wenyu/GeneRec/results/stage3_T5Train/curvature_RQ-VAE/ckpt/Amazon_2023_Instruments/Oct-03-2026_04-52-03/HG_Rec_best.pth
2026-10-03 04:53:49,831 - INFO - Epoch 9/150 train_loss=3.405618438720703
2026-10-03 04:53:49,866 - INFO - Best train loss=3.405618438720703; saved /fs04/ar57/wenyu/GeneRec/results/stage3_T5Train/curvature_RQ-VAE/ckpt/Amazon_2023_Instruments/Oct-03-2026_04-52-03/HG_Rec_best.pth
2026-10-03 04:54:01,467 - INFO - Epoch 10/150 train_loss=3.3534239768981933
2026-10-03 04:54:01,503 - INFO - Best train loss=3.3534239768981933; saved /fs04/ar57/wenyu/GeneRec/results/stage3_T5Train/curvature_RQ-VAE/ckpt/Amazon_2023_Instruments/Oct-03-2026_04-52-03/HG_Rec_best.pth
2026-10-03 04:54:13,113 - INFO - Epoch 11/150 train_loss=3.293911266326904
2026-10-03 04:54:13,153 - INFO - Best train loss=3.293911266326904; saved /fs04/ar57/wenyu/GeneRec/results/stage3_T5Train/curvature_RQ-VAE/ckpt/Amazon_2023_Instruments/Oct-03-2026_04-52-03/HG_Rec_best.pth
2026-10-03 04:54:24,755 - INFO - Epoch 12/150 train_loss=3.221332197189331
2026-10-03 04:54:24,794 - INFO - Best train loss=3.221332197189331; saved /fs04/ar57/wenyu/GeneRec/results/stage3_T5Train/curvature_RQ-VAE/ckpt/Amazon_2023_Instruments/Oct-03-2026_04-52-03/HG_Rec_best.pth
2026-10-03 04:54:36,410 - INFO - Epoch 13/150 train_loss=3.1507876110076904
2026-10-03 04:54:36,449 - INFO - Best train loss=3.1507876110076904; saved /fs04/ar57/wenyu/GeneRec/results/stage3_T5Train/curvature_RQ-VAE/ckpt/Amazon_2023_Instruments/Oct-03-2026_04-52-03/HG_Rec_best.pth
2026-10-03 04:54:48,062 - INFO - Epoch 14/150 train_loss=3.0852244091033936
2026-10-03 04:54:48,098 - INFO - Best train loss=3.0852244091033936; saved /fs04/ar57/wenyu/GeneRec/results/stage3_T5Train/curvature_RQ-VAE/ckpt/Amazon_2023_Instruments/Oct-03-2026_04-52-03/HG_Rec_best.pth
2026-10-03 04:54:59,705 - INFO - Epoch 15/150 train_loss=3.0221394634246828
2026-10-03 04:54:59,741 - INFO - Best train loss=3.0221394634246828; saved /fs04/ar57/wenyu/GeneRec/results/stage3_T5Train/curvature_RQ-VAE/ckpt/Amazon_2023_Instruments/Oct-03-2026_04-52-03/HG_Rec_best.pth
2026-10-03 04:55:11,339 - INFO - Epoch 16/150 train_loss=2.972477788925171
2026-10-03 04:55:11,376 - INFO - Best train loss=2.972477788925171; saved /fs04/ar57/wenyu/GeneRec/results/stage3_T5Train/curvature_RQ-VAE/ckpt/Amazon_2023_Instruments/Oct-03-2026_04-52-03/HG_Rec_best.pth
2026-10-03 04:55:22,983 - INFO - Epoch 17/150 train_loss=2.9236598205566406
2026-10-03 04:55:23,024 - INFO - Best train loss=2.9236598205566406; saved /fs04/ar57/wenyu/GeneRec/results/stage3_T5Train/curvature_RQ-VAE/ckpt/Amazon_2023_Instruments/Oct-03-2026_04-52-03/HG_Rec_best.pth
2026-10-03 04:55:35,168 - INFO - Epoch 18/150 train_loss=2.881225652694702
2026-10-03 04:55:35,226 - INFO - Best train loss=2.881225652694702; saved /fs04/ar57/wenyu/GeneRec/results/stage3_T5Train/curvature_RQ-VAE/ckpt/Amazon_2023_Instruments/Oct-03-2026_04-52-03/HG_Rec_best.pth
2026-10-03 04:55:46,834 - INFO - Epoch 19/150 train_loss=2.83537145614624
2026-10-03 04:55:46,868 - INFO - Best train loss=2.83537145614624; saved /fs04/ar57/wenyu/GeneRec/results/stage3_T5Train/curvature_RQ-VAE/ckpt/Amazon_2023_Instruments/Oct-03-2026_04-52-03/HG_Rec_best.pth
2026-10-03 04:55:58,467 - INFO - Epoch 20/150 train_loss=2.7875726222991943
2026-10-03 04:55:58,502 - INFO - Best train loss=2.7875726222991943; saved /fs04/ar57/wenyu/GeneRec/results/stage3_T5Train/curvature_RQ-VAE/ckpt/Amazon_2023_Instruments/Oct-03-2026_04-52-03/HG_Rec_best.pth
2026-10-03 04:56:10,102 - INFO - Epoch 21/150 train_loss=2.7504927349090575
2026-10-03 04:56:10,138 - INFO - Best train loss=2.7504927349090575; saved /fs04/ar57/wenyu/GeneRec/results/stage3_T5Train/curvature_RQ-VAE/ckpt/Amazon_2023_Instruments/Oct-03-2026_04-52-03/HG_Rec_best.pth
2026-10-03 04:56:21,745 - INFO - Epoch 22/150 train_loss=2.7029520416259767
2026-10-03 04:56:21,784 - INFO - Best train loss=2.7029520416259767; saved /fs04/ar57/wenyu/GeneRec/results/stage3_T5Train/curvature_RQ-VAE/ckpt/Amazon_2023_Instruments/Oct-03-2026_04-52-03/HG_Rec_best.pth
2026-10-03 04:56:33,395 - INFO - Epoch 23/150 train_loss=2.6638673400878905
2026-10-03 04:56:33,431 - INFO - Best train loss=2.6638673400878905; saved /fs04/ar57/wenyu/GeneRec/results/stage3_T5Train/curvature_RQ-VAE/ckpt/Amazon_2023_Instruments/Oct-03-2026_04-52-03/HG_Rec_best.pth
2026-10-03 04:56:45,038 - INFO - Epoch 24/150 train_loss=2.6415508365631104
2026-10-03 04:56:45,075 - INFO - Best train loss=2.6415508365631104; saved /fs04/ar57/wenyu/GeneRec/results/stage3_T5Train/curvature_RQ-VAE/ckpt/Amazon_2023_Instruments/Oct-03-2026_04-52-03/HG_Rec_best.pth
2026-10-03 04:56:56,680 - INFO - Epoch 25/150 train_loss=2.613939666748047
2026-10-03 04:56:56,715 - INFO - Best train loss=2.613939666748047; saved /fs04/ar57/wenyu/GeneRec/results/stage3_T5Train/curvature_RQ-VAE/ckpt/Amazon_2023_Instruments/Oct-03-2026_04-52-03/HG_Rec_best.pth
2026-10-03 04:57:08,316 - INFO - Epoch 26/150 train_loss=2.5799605655670166
2026-10-03 04:57:08,352 - INFO - Best train loss=2.5799605655670166; saved /fs04/ar57/wenyu/GeneRec/results/stage3_T5Train/curvature_RQ-VAE/ckpt/Amazon_2023_Instruments/Oct-03-2026_04-52-03/HG_Rec_best.pth
2026-10-03 04:57:19,967 - INFO - Epoch 27/150 train_loss=2.555629358291626
2026-10-03 04:57:20,004 - INFO - Best train loss=2.555629358291626; saved /fs04/ar57/wenyu/GeneRec/results/stage3_T5Train/curvature_RQ-VAE/ckpt/Amazon_2023_Instruments/Oct-03-2026_04-52-03/HG_Rec_best.pth
2026-10-03 04:57:31,609 - INFO - Epoch 28/150 train_loss=2.5304017543792723
2026-10-03 04:57:31,644 - INFO - Best train loss=2.5304017543792723; saved /fs04/ar57/wenyu/GeneRec/results/stage3_T5Train/curvature_RQ-VAE/ckpt/Amazon_2023_Instruments/Oct-03-2026_04-52-03/HG_Rec_best.pth
2026-10-03 04:57:43,264 - INFO - Epoch 29/150 train_loss=2.505154571533203
2026-10-03 04:57:43,301 - INFO - Best train loss=2.505154571533203; saved /fs04/ar57/wenyu/GeneRec/results/stage3_T5Train/curvature_RQ-VAE/ckpt/Amazon_2023_Instruments/Oct-03-2026_04-52-03/HG_Rec_best.pth
2026-10-03 04:57:54,905 - INFO - Epoch 30/150 train_loss=2.4845043182373048
2026-10-03 04:57:54,943 - INFO - Best train loss=2.4845043182373048; saved /fs04/ar57/wenyu/GeneRec/results/stage3_T5Train/curvature_RQ-VAE/ckpt/Amazon_2023_Instruments/Oct-03-2026_04-52-03/HG_Rec_best.pth
2026-10-03 04:58:06,545 - INFO - Epoch 31/150 train_loss=2.467349786758423
2026-10-03 04:58:06,582 - INFO - Best train loss=2.467349786758423; saved /fs04/ar57/wenyu/GeneRec/results/stage3_T5Train/curvature_RQ-VAE/ckpt/Amazon_2023_Instruments/Oct-03-2026_04-52-03/HG_Rec_best.pth
2026-10-03 04:58:18,180 - INFO - Epoch 32/150 train_loss=2.448761043548584
2026-10-03 04:58:18,217 - INFO - Best train loss=2.448761043548584; saved /fs04/ar57/wenyu/GeneRec/results/stage3_T5Train/curvature_RQ-VAE/ckpt/Amazon_2023_Instruments/Oct-03-2026_04-52-03/HG_Rec_best.pth
2026-10-03 04:58:29,818 - INFO - Epoch 33/150 train_loss=2.426803779602051
2026-10-03 04:58:29,855 - INFO - Best train loss=2.426803779602051; saved /fs04/ar57/wenyu/GeneRec/results/stage3_T5Train/curvature_RQ-VAE/ckpt/Amazon_2023_Instruments/Oct-03-2026_04-52-03/HG_Rec_best.pth
2026-10-03 04:58:41,467 - INFO - Epoch 34/150 train_loss=2.4113656806945802
2026-10-03 04:58:41,503 - INFO - Best train loss=2.4113656806945802; saved /fs04/ar57/wenyu/GeneRec/results/stage3_T5Train/curvature_RQ-VAE/ckpt/Amazon_2023_Instruments/Oct-03-2026_04-52-03/HG_Rec_best.pth
2026-10-03 04:58:53,115 - INFO - Epoch 35/150 train_loss=2.3947597408294676
2026-10-03 04:58:53,152 - INFO - Best train loss=2.3947597408294676; saved /fs04/ar57/wenyu/GeneRec/results/stage3_T5Train/curvature_RQ-VAE/ckpt/Amazon_2023_Instruments/Oct-03-2026_04-52-03/HG_Rec_best.pth
2026-10-03 04:59:04,761 - INFO - Epoch 36/150 train_loss=2.3739089870452883
2026-10-03 04:59:04,799 - INFO - Best train loss=2.3739089870452883; saved /fs04/ar57/wenyu/GeneRec/results/stage3_T5Train/curvature_RQ-VAE/ckpt/Amazon_2023_Instruments/Oct-03-2026_04-52-03/HG_Rec_best.pth
2026-10-03 04:59:16,401 - INFO - Epoch 37/150 train_loss=2.352120885848999
2026-10-03 04:59:16,438 - INFO - Best train loss=2.352120885848999; saved /fs04/ar57/wenyu/GeneRec/results/stage3_T5Train/curvature_RQ-VAE/ckpt/Amazon_2023_Instruments/Oct-03-2026_04-52-03/HG_Rec_best.pth
2026-10-03 04:59:28,039 - INFO - Epoch 38/150 train_loss=2.337500686645508
2026-10-03 04:59:28,076 - INFO - Best train loss=2.337500686645508; saved /fs04/ar57/wenyu/GeneRec/results/stage3_T5Train/curvature_RQ-VAE/ckpt/Amazon_2023_Instruments/Oct-03-2026_04-52-03/HG_Rec_best.pth
2026-10-03 04:59:39,676 - INFO - Epoch 39/150 train_loss=2.324946403503418
2026-10-03 04:59:39,712 - INFO - Best train loss=2.324946403503418; saved /fs04/ar57/wenyu/GeneRec/results/stage3_T5Train/curvature_RQ-VAE/ckpt/Amazon_2023_Instruments/Oct-03-2026_04-52-03/HG_Rec_best.pth
2026-10-03 04:59:51,312 - INFO - Epoch 40/150 train_loss=2.30632643699646
2026-10-03 04:59:51,348 - INFO - Best train loss=2.30632643699646; saved /fs04/ar57/wenyu/GeneRec/results/stage3_T5Train/curvature_RQ-VAE/ckpt/Amazon_2023_Instruments/Oct-03-2026_04-52-03/HG_Rec_best.pth
2026-10-03 05:00:02,952 - INFO - Epoch 41/150 train_loss=2.295017318725586
2026-10-03 05:00:03,005 - INFO - Best train loss=2.295017318725586; saved /fs04/ar57/wenyu/GeneRec/results/stage3_T5Train/curvature_RQ-VAE/ckpt/Amazon_2023_Instruments/Oct-03-2026_04-52-03/HG_Rec_best.pth
2026-10-03 05:00:14,616 - INFO - Epoch 42/150 train_loss=2.280658874511719
2026-10-03 05:00:14,651 - INFO - Best train loss=2.280658874511719; saved /fs04/ar57/wenyu/GeneRec/results/stage3_T5Train/curvature_RQ-VAE/ckpt/Amazon_2023_Instruments/Oct-03-2026_04-52-03/HG_Rec_best.pth
2026-10-03 05:00:26,284 - INFO - Epoch 43/150 train_loss=2.2644524574279785
2026-10-03 05:00:26,338 - INFO - Best train loss=2.2644524574279785; saved /fs04/ar57/wenyu/GeneRec/results/stage3_T5Train/curvature_RQ-VAE/ckpt/Amazon_2023_Instruments/Oct-03-2026_04-52-03/HG_Rec_best.pth
2026-10-03 05:00:37,944 - INFO - Epoch 44/150 train_loss=2.2553635120391844
2026-10-03 05:00:37,979 - INFO - Best train loss=2.2553635120391844; saved /fs04/ar57/wenyu/GeneRec/results/stage3_T5Train/curvature_RQ-VAE/ckpt/Amazon_2023_Instruments/Oct-03-2026_04-52-03/HG_Rec_best.pth
2026-10-03 05:00:49,584 - INFO - Epoch 45/150 train_loss=2.2424872875213624
2026-10-03 05:00:49,624 - INFO - Best train loss=2.2424872875213624; saved /fs04/ar57/wenyu/GeneRec/results/stage3_T5Train/curvature_RQ-VAE/ckpt/Amazon_2023_Instruments/Oct-03-2026_04-52-03/HG_Rec_best.pth
2026-10-03 05:01:01,226 - INFO - Epoch 46/150 train_loss=2.22564507484436
2026-10-03 05:01:01,263 - INFO - Best train loss=2.22564507484436; saved /fs04/ar57/wenyu/GeneRec/results/stage3_T5Train/curvature_RQ-VAE/ckpt/Amazon_2023_Instruments/Oct-03-2026_04-52-03/HG_Rec_best.pth
2026-10-03 05:01:12,869 - INFO - Epoch 47/150 train_loss=2.211194772720337
2026-10-03 05:01:12,905 - INFO - Best train loss=2.211194772720337; saved /fs04/ar57/wenyu/GeneRec/results/stage3_T5Train/curvature_RQ-VAE/ckpt/Amazon_2023_Instruments/Oct-03-2026_04-52-03/HG_Rec_best.pth
2026-10-03 05:01:24,512 - INFO - Epoch 48/150 train_loss=2.196855525970459
2026-10-03 05:01:24,547 - INFO - Best train loss=2.196855525970459; saved /fs04/ar57/wenyu/GeneRec/results/stage3_T5Train/curvature_RQ-VAE/ckpt/Amazon_2023_Instruments/Oct-03-2026_04-52-03/HG_Rec_best.pth
2026-10-03 05:01:36,150 - INFO - Epoch 49/150 train_loss=2.18139518737793
2026-10-03 05:01:36,188 - INFO - Best train loss=2.18139518737793; saved /fs04/ar57/wenyu/GeneRec/results/stage3_T5Train/curvature_RQ-VAE/ckpt/Amazon_2023_Instruments/Oct-03-2026_04-52-03/HG_Rec_best.pth
2026-10-03 05:01:47,789 - INFO - Epoch 50/150 train_loss=2.1766489791870116
2026-10-03 05:01:47,825 - INFO - Best train loss=2.1766489791870116; saved /fs04/ar57/wenyu/GeneRec/results/stage3_T5Train/curvature_RQ-VAE/ckpt/Amazon_2023_Instruments/Oct-03-2026_04-52-03/HG_Rec_best.pth
2026-10-03 05:01:59,451 - INFO - Epoch 51/150 train_loss=2.1646651935577395
2026-10-03 05:01:59,490 - INFO - Best train loss=2.1646651935577395; saved /fs04/ar57/wenyu/GeneRec/results/stage3_T5Train/curvature_RQ-VAE/ckpt/Amazon_2023_Instruments/Oct-03-2026_04-52-03/HG_Rec_best.pth
2026-10-03 05:02:11,211 - INFO - Epoch 52/150 train_loss=2.1599995136260985
2026-10-03 05:02:11,248 - INFO - Best train loss=2.1599995136260985; saved /fs04/ar57/wenyu/GeneRec/results/stage3_T5Train/curvature_RQ-VAE/ckpt/Amazon_2023_Instruments/Oct-03-2026_04-52-03/HG_Rec_best.pth
2026-10-03 05:02:22,956 - INFO - Epoch 53/150 train_loss=2.1494323348999025
2026-10-03 05:02:23,012 - INFO - Best train loss=2.1494323348999025; saved /fs04/ar57/wenyu/GeneRec/results/stage3_T5Train/curvature_RQ-VAE/ckpt/Amazon_2023_Instruments/Oct-03-2026_04-52-03/HG_Rec_best.pth
2026-10-03 05:02:34,616 - INFO - Epoch 54/150 train_loss=2.1401405239105227
2026-10-03 05:02:34,652 - INFO - Best train loss=2.1401405239105227; saved /fs04/ar57/wenyu/GeneRec/results/stage3_T5Train/curvature_RQ-VAE/ckpt/Amazon_2023_Instruments/Oct-03-2026_04-52-03/HG_Rec_best.pth
2026-10-03 05:02:49,123 - INFO - Epoch 55/150 train_loss=2.132656478881836
2026-10-03 05:02:49,241 - INFO - Best train loss=2.132656478881836; saved /fs04/ar57/wenyu/GeneRec/results/stage3_T5Train/curvature_RQ-VAE/ckpt/Amazon_2023_Instruments/Oct-03-2026_04-52-03/HG_Rec_best.pth
2026-10-03 05:03:00,840 - INFO - Epoch 56/150 train_loss=2.1255138397216795
2026-10-03 05:03:00,876 - INFO - Best train loss=2.1255138397216795; saved /fs04/ar57/wenyu/GeneRec/results/stage3_T5Train/curvature_RQ-VAE/ckpt/Amazon_2023_Instruments/Oct-03-2026_04-52-03/HG_Rec_best.pth
2026-10-03 05:03:12,476 - INFO - Epoch 57/150 train_loss=2.115518960952759
2026-10-03 05:03:12,511 - INFO - Best train loss=2.115518960952759; saved /fs04/ar57/wenyu/GeneRec/results/stage3_T5Train/curvature_RQ-VAE/ckpt/Amazon_2023_Instruments/Oct-03-2026_04-52-03/HG_Rec_best.pth
2026-10-03 05:03:24,116 - INFO - Epoch 58/150 train_loss=2.107898082733154
2026-10-03 05:03:24,152 - INFO - Best train loss=2.107898082733154; saved /fs04/ar57/wenyu/GeneRec/results/stage3_T5Train/curvature_RQ-VAE/ckpt/Amazon_2023_Instruments/Oct-03-2026_04-52-03/HG_Rec_best.pth
2026-10-03 05:03:35,755 - INFO - Epoch 59/150 train_loss=2.101012306213379
2026-10-03 05:03:35,790 - INFO - Best train loss=2.101012306213379; saved /fs04/ar57/wenyu/GeneRec/results/stage3_T5Train/curvature_RQ-VAE/ckpt/Amazon_2023_Instruments/Oct-03-2026_04-52-03/HG_Rec_best.pth
2026-10-03 05:03:47,393 - INFO - Epoch 60/150 train_loss=2.097592525482178
2026-10-03 05:03:47,434 - INFO - Best train loss=2.097592525482178; saved /fs04/ar57/wenyu/GeneRec/results/stage3_T5Train/curvature_RQ-VAE/ckpt/Amazon_2023_Instruments/Oct-03-2026_04-52-03/HG_Rec_best.pth
2026-10-03 05:03:59,039 - INFO - Epoch 61/150 train_loss=2.0918728733062744
2026-10-03 05:03:59,075 - INFO - Best train loss=2.0918728733062744; saved /fs04/ar57/wenyu/GeneRec/results/stage3_T5Train/curvature_RQ-VAE/ckpt/Amazon_2023_Instruments/Oct-03-2026_04-52-03/HG_Rec_best.pth
2026-10-03 05:04:10,685 - INFO - Epoch 62/150 train_loss=2.0823681449890135
2026-10-03 05:04:10,721 - INFO - Best train loss=2.0823681449890135; saved /fs04/ar57/wenyu/GeneRec/results/stage3_T5Train/curvature_RQ-VAE/ckpt/Amazon_2023_Instruments/Oct-03-2026_04-52-03/HG_Rec_best.pth
2026-10-03 05:04:22,321 - INFO - Epoch 63/150 train_loss=2.0798346519470217
2026-10-03 05:04:22,357 - INFO - Best train loss=2.0798346519470217; saved /fs04/ar57/wenyu/GeneRec/results/stage3_T5Train/curvature_RQ-VAE/ckpt/Amazon_2023_Instruments/Oct-03-2026_04-52-03/HG_Rec_best.pth
2026-10-03 05:04:33,967 - INFO - Epoch 64/150 train_loss=2.0759143829345703
2026-10-03 05:04:34,003 - INFO - Best train loss=2.0759143829345703; saved /fs04/ar57/wenyu/GeneRec/results/stage3_T5Train/curvature_RQ-VAE/ckpt/Amazon_2023_Instruments/Oct-03-2026_04-52-03/HG_Rec_best.pth
2026-10-03 05:04:45,613 - INFO - Epoch 65/150 train_loss=2.0702613162994385
2026-10-03 05:04:45,650 - INFO - Best train loss=2.0702613162994385; saved /fs04/ar57/wenyu/GeneRec/results/stage3_T5Train/curvature_RQ-VAE/ckpt/Amazon_2023_Instruments/Oct-03-2026_04-52-03/HG_Rec_best.pth
2026-10-03 05:04:57,254 - INFO - Epoch 66/150 train_loss=2.0654521083831785
2026-10-03 05:04:57,291 - INFO - Best train loss=2.0654521083831785; saved /fs04/ar57/wenyu/GeneRec/results/stage3_T5Train/curvature_RQ-VAE/ckpt/Amazon_2023_Instruments/Oct-03-2026_04-52-03/HG_Rec_best.pth
2026-10-03 05:05:08,896 - INFO - Epoch 67/150 train_loss=2.059542064666748
2026-10-03 05:05:08,931 - INFO - Best train loss=2.059542064666748; saved /fs04/ar57/wenyu/GeneRec/results/stage3_T5Train/curvature_RQ-VAE/ckpt/Amazon_2023_Instruments/Oct-03-2026_04-52-03/HG_Rec_best.pth
2026-10-03 05:05:20,561 - INFO - Epoch 68/150 train_loss=2.0551087474822998
2026-10-03 05:05:20,596 - INFO - Best train loss=2.0551087474822998; saved /fs04/ar57/wenyu/GeneRec/results/stage3_T5Train/curvature_RQ-VAE/ckpt/Amazon_2023_Instruments/Oct-03-2026_04-52-03/HG_Rec_best.pth
2026-10-03 05:05:32,201 - INFO - Epoch 69/150 train_loss=2.0546671962738037
2026-10-03 05:05:32,237 - INFO - Best train loss=2.0546671962738037; saved /fs04/ar57/wenyu/GeneRec/results/stage3_T5Train/curvature_RQ-VAE/ckpt/Amazon_2023_Instruments/Oct-03-2026_04-52-03/HG_Rec_best.pth
2026-10-03 05:05:43,848 - INFO - Epoch 70/150 train_loss=2.0483781719207763
2026-10-03 05:05:43,883 - INFO - Best train loss=2.0483781719207763; saved /fs04/ar57/wenyu/GeneRec/results/stage3_T5Train/curvature_RQ-VAE/ckpt/Amazon_2023_Instruments/Oct-03-2026_04-52-03/HG_Rec_best.pth
2026-10-03 05:05:55,491 - INFO - Epoch 71/150 train_loss=2.0473143959045412
2026-10-03 05:05:55,526 - INFO - Best train loss=2.0473143959045412; saved /fs04/ar57/wenyu/GeneRec/results/stage3_T5Train/curvature_RQ-VAE/ckpt/Amazon_2023_Instruments/Oct-03-2026_04-52-03/HG_Rec_best.pth
2026-10-03 05:06:07,132 - INFO - Epoch 72/150 train_loss=2.0412386894226073
2026-10-03 05:06:07,167 - INFO - Best train loss=2.0412386894226073; saved /fs04/ar57/wenyu/GeneRec/results/stage3_T5Train/curvature_RQ-VAE/ckpt/Amazon_2023_Instruments/Oct-03-2026_04-52-03/HG_Rec_best.pth
2026-10-03 05:06:18,770 - INFO - Epoch 73/150 train_loss=2.030646276473999
2026-10-03 05:06:18,808 - INFO - Best train loss=2.030646276473999; saved /fs04/ar57/wenyu/GeneRec/results/stage3_T5Train/curvature_RQ-VAE/ckpt/Amazon_2023_Instruments/Oct-03-2026_04-52-03/HG_Rec_best.pth
2026-10-03 05:06:30,412 - INFO - Epoch 74/150 train_loss=2.032983856201172
2026-10-03 05:06:42,014 - INFO - Epoch 75/150 train_loss=2.030229730606079
2026-10-03 05:06:42,059 - INFO - Best train loss=2.030229730606079; saved /fs04/ar57/wenyu/GeneRec/results/stage3_T5Train/curvature_RQ-VAE/ckpt/Amazon_2023_Instruments/Oct-03-2026_04-52-03/HG_Rec_best.pth
2026-10-03 05:06:53,662 - INFO - Epoch 76/150 train_loss=2.0258014583587647
2026-10-03 05:06:53,697 - INFO - Best train loss=2.0258014583587647; saved /fs04/ar57/wenyu/GeneRec/results/stage3_T5Train/curvature_RQ-VAE/ckpt/Amazon_2023_Instruments/Oct-03-2026_04-52-03/HG_Rec_best.pth
2026-10-03 05:07:05,303 - INFO - Epoch 77/150 train_loss=2.022191276550293
2026-10-03 05:07:05,340 - INFO - Best train loss=2.022191276550293; saved /fs04/ar57/wenyu/GeneRec/results/stage3_T5Train/curvature_RQ-VAE/ckpt/Amazon_2023_Instruments/Oct-03-2026_04-52-03/HG_Rec_best.pth
2026-10-03 05:07:16,941 - INFO - Epoch 78/150 train_loss=2.0182392692565916
2026-10-03 05:07:16,977 - INFO - Best train loss=2.0182392692565916; saved /fs04/ar57/wenyu/GeneRec/results/stage3_T5Train/curvature_RQ-VAE/ckpt/Amazon_2023_Instruments/Oct-03-2026_04-52-03/HG_Rec_best.pth
2026-10-03 05:07:28,579 - INFO - Epoch 79/150 train_loss=2.0161164474487303
2026-10-03 05:07:28,614 - INFO - Best train loss=2.0161164474487303; saved /fs04/ar57/wenyu/GeneRec/results/stage3_T5Train/curvature_RQ-VAE/ckpt/Amazon_2023_Instruments/Oct-03-2026_04-52-03/HG_Rec_best.pth
2026-10-03 05:07:40,219 - INFO - Epoch 80/150 train_loss=2.0110052108764647
2026-10-03 05:07:40,770 - INFO - Best train loss=2.0110052108764647; saved /fs04/ar57/wenyu/GeneRec/results/stage3_T5Train/curvature_RQ-VAE/ckpt/Amazon_2023_Instruments/Oct-03-2026_04-52-03/HG_Rec_best.pth
2026-10-03 05:07:52,373 - INFO - Epoch 81/150 train_loss=2.009696741104126
2026-10-03 05:07:52,408 - INFO - Best train loss=2.009696741104126; saved /fs04/ar57/wenyu/GeneRec/results/stage3_T5Train/curvature_RQ-VAE/ckpt/Amazon_2023_Instruments/Oct-03-2026_04-52-03/HG_Rec_best.pth
2026-10-03 05:08:04,008 - INFO - Epoch 82/150 train_loss=2.001567211151123
2026-10-03 05:08:04,043 - INFO - Best train loss=2.001567211151123; saved /fs04/ar57/wenyu/GeneRec/results/stage3_T5Train/curvature_RQ-VAE/ckpt/Amazon_2023_Instruments/Oct-03-2026_04-52-03/HG_Rec_best.pth
2026-10-03 05:08:15,634 - INFO - Epoch 83/150 train_loss=2.0025874900817873
2026-10-03 05:08:27,234 - INFO - Epoch 84/150 train_loss=1.9960619974136353
2026-10-03 05:08:27,282 - INFO - Best train loss=1.9960619974136353; saved /fs04/ar57/wenyu/GeneRec/results/stage3_T5Train/curvature_RQ-VAE/ckpt/Amazon_2023_Instruments/Oct-03-2026_04-52-03/HG_Rec_best.pth
2026-10-03 05:08:38,884 - INFO - Epoch 85/150 train_loss=1.9957271528244018
2026-10-03 05:08:38,919 - INFO - Best train loss=1.9957271528244018; saved /fs04/ar57/wenyu/GeneRec/results/stage3_T5Train/curvature_RQ-VAE/ckpt/Amazon_2023_Instruments/Oct-03-2026_04-52-03/HG_Rec_best.pth
2026-10-03 05:08:50,522 - INFO - Epoch 86/150 train_loss=1.9918071413040161
2026-10-03 05:08:50,558 - INFO - Best train loss=1.9918071413040161; saved /fs04/ar57/wenyu/GeneRec/results/stage3_T5Train/curvature_RQ-VAE/ckpt/Amazon_2023_Instruments/Oct-03-2026_04-52-03/HG_Rec_best.pth
2026-10-03 05:09:02,161 - INFO - Epoch 87/150 train_loss=1.9919612073898316
2026-10-03 05:09:13,768 - INFO - Epoch 88/150 train_loss=1.9852524518966674
2026-10-03 05:09:13,813 - INFO - Best train loss=1.9852524518966674; saved /fs04/ar57/wenyu/GeneRec/results/stage3_T5Train/curvature_RQ-VAE/ckpt/Amazon_2023_Instruments/Oct-03-2026_04-52-03/HG_Rec_best.pth
2026-10-03 05:09:25,422 - INFO - Epoch 89/150 train_loss=1.9829971647262574
2026-10-03 05:09:25,458 - INFO - Best train loss=1.9829971647262574; saved /fs04/ar57/wenyu/GeneRec/results/stage3_T5Train/curvature_RQ-VAE/ckpt/Amazon_2023_Instruments/Oct-03-2026_04-52-03/HG_Rec_best.pth
2026-10-03 05:09:37,212 - INFO - Epoch 90/150 train_loss=1.9798964881896972
2026-10-03 05:09:37,255 - INFO - Best train loss=1.9798964881896972; saved /fs04/ar57/wenyu/GeneRec/results/stage3_T5Train/curvature_RQ-VAE/ckpt/Amazon_2023_Instruments/Oct-03-2026_04-52-03/HG_Rec_best.pth
2026-10-03 05:09:48,859 - INFO - Epoch 91/150 train_loss=1.9770316076278687
2026-10-03 05:09:48,895 - INFO - Best train loss=1.9770316076278687; saved /fs04/ar57/wenyu/GeneRec/results/stage3_T5Train/curvature_RQ-VAE/ckpt/Amazon_2023_Instruments/Oct-03-2026_04-52-03/HG_Rec_best.pth
2026-10-03 05:10:01,024 - INFO - Epoch 92/150 train_loss=1.9772769117355347
2026-10-03 05:10:12,640 - INFO - Epoch 93/150 train_loss=1.9730948305130005
2026-10-03 05:10:12,713 - INFO - Best train loss=1.9730948305130005; saved /fs04/ar57/wenyu/GeneRec/results/stage3_T5Train/curvature_RQ-VAE/ckpt/Amazon_2023_Instruments/Oct-03-2026_04-52-03/HG_Rec_best.pth
2026-10-03 05:10:24,320 - INFO - Epoch 94/150 train_loss=1.9748033618927001
2026-10-03 05:10:35,929 - INFO - Epoch 95/150 train_loss=1.9701131582260132
2026-10-03 05:10:35,965 - INFO - Best train loss=1.9701131582260132; saved /fs04/ar57/wenyu/GeneRec/results/stage3_T5Train/curvature_RQ-VAE/ckpt/Amazon_2023_Instruments/Oct-03-2026_04-52-03/HG_Rec_best.pth
2026-10-03 05:10:47,569 - INFO - Epoch 96/150 train_loss=1.967508659362793
2026-10-03 05:10:47,605 - INFO - Best train loss=1.967508659362793; saved /fs04/ar57/wenyu/GeneRec/results/stage3_T5Train/curvature_RQ-VAE/ckpt/Amazon_2023_Instruments/Oct-03-2026_04-52-03/HG_Rec_best.pth
2026-10-03 05:10:59,207 - INFO - Epoch 97/150 train_loss=1.964334568977356
2026-10-03 05:10:59,243 - INFO - Best train loss=1.964334568977356; saved /fs04/ar57/wenyu/GeneRec/results/stage3_T5Train/curvature_RQ-VAE/ckpt/Amazon_2023_Instruments/Oct-03-2026_04-52-03/HG_Rec_best.pth
2026-10-03 05:11:10,850 - INFO - Epoch 98/150 train_loss=1.9644682931900024
2026-10-03 05:11:22,453 - INFO - Epoch 99/150 train_loss=1.9608613204956056
2026-10-03 05:11:22,500 - INFO - Best train loss=1.9608613204956056; saved /fs04/ar57/wenyu/GeneRec/results/stage3_T5Train/curvature_RQ-VAE/ckpt/Amazon_2023_Instruments/Oct-03-2026_04-52-03/HG_Rec_best.pth
2026-10-03 05:11:34,099 - INFO - Epoch 100/150 train_loss=1.9587217807769775
2026-10-03 05:11:34,134 - INFO - Best train loss=1.9587217807769775; saved /fs04/ar57/wenyu/GeneRec/results/stage3_T5Train/curvature_RQ-VAE/ckpt/Amazon_2023_Instruments/Oct-03-2026_04-52-03/HG_Rec_best.pth
2026-10-03 05:11:45,734 - INFO - Epoch 101/150 train_loss=1.955649538040161
2026-10-03 05:11:45,770 - INFO - Best train loss=1.955649538040161; saved /fs04/ar57/wenyu/GeneRec/results/stage3_T5Train/curvature_RQ-VAE/ckpt/Amazon_2023_Instruments/Oct-03-2026_04-52-03/HG_Rec_best.pth
2026-10-03 05:11:57,436 - INFO - Epoch 102/150 train_loss=1.9562186479568482
2026-10-03 05:12:09,066 - INFO - Epoch 103/150 train_loss=1.9510048294067384
2026-10-03 05:12:09,101 - INFO - Best train loss=1.9510048294067384; saved /fs04/ar57/wenyu/GeneRec/results/stage3_T5Train/curvature_RQ-VAE/ckpt/Amazon_2023_Instruments/Oct-03-2026_04-52-03/HG_Rec_best.pth
2026-10-03 05:12:20,740 - INFO - Epoch 104/150 train_loss=1.9474247646331788
2026-10-03 05:12:20,807 - INFO - Best train loss=1.9474247646331788; saved /fs04/ar57/wenyu/GeneRec/results/stage3_T5Train/curvature_RQ-VAE/ckpt/Amazon_2023_Instruments/Oct-03-2026_04-52-03/HG_Rec_best.pth
2026-10-03 05:12:32,428 - INFO - Epoch 105/150 train_loss=1.9496506547927857
2026-10-03 05:12:44,047 - INFO - Epoch 106/150 train_loss=1.9451237964630126
2026-10-03 05:12:44,087 - INFO - Best train loss=1.9451237964630126; saved /fs04/ar57/wenyu/GeneRec/results/stage3_T5Train/curvature_RQ-VAE/ckpt/Amazon_2023_Instruments/Oct-03-2026_04-52-03/HG_Rec_best.pth
2026-10-03 05:12:55,692 - INFO - Epoch 107/150 train_loss=1.9461983060836792
2026-10-03 05:13:07,303 - INFO - Epoch 108/150 train_loss=1.943914213180542
2026-10-03 05:13:07,343 - INFO - Best train loss=1.943914213180542; saved /fs04/ar57/wenyu/GeneRec/results/stage3_T5Train/curvature_RQ-VAE/ckpt/Amazon_2023_Instruments/Oct-03-2026_04-52-03/HG_Rec_best.pth
2026-10-03 05:13:18,951 - INFO - Epoch 109/150 train_loss=1.9383324193954468
2026-10-03 05:13:18,986 - INFO - Best train loss=1.9383324193954468; saved /fs04/ar57/wenyu/GeneRec/results/stage3_T5Train/curvature_RQ-VAE/ckpt/Amazon_2023_Instruments/Oct-03-2026_04-52-03/HG_Rec_best.pth
2026-10-03 05:13:30,594 - INFO - Epoch 110/150 train_loss=1.9373905372619629
2026-10-03 05:13:30,643 - INFO - Best train loss=1.9373905372619629; saved /fs04/ar57/wenyu/GeneRec/results/stage3_T5Train/curvature_RQ-VAE/ckpt/Amazon_2023_Instruments/Oct-03-2026_04-52-03/HG_Rec_best.pth
2026-10-03 05:13:42,250 - INFO - Epoch 111/150 train_loss=1.936540961265564
2026-10-03 05:13:42,286 - INFO - Best train loss=1.936540961265564; saved /fs04/ar57/wenyu/GeneRec/results/stage3_T5Train/curvature_RQ-VAE/ckpt/Amazon_2023_Instruments/Oct-03-2026_04-52-03/HG_Rec_best.pth
2026-10-03 05:13:53,888 - INFO - Epoch 112/150 train_loss=1.9360039281845092
2026-10-03 05:13:53,924 - INFO - Best train loss=1.9360039281845092; saved /fs04/ar57/wenyu/GeneRec/results/stage3_T5Train/curvature_RQ-VAE/ckpt/Amazon_2023_Instruments/Oct-03-2026_04-52-03/HG_Rec_best.pth
2026-10-03 05:14:05,527 - INFO - Epoch 113/150 train_loss=1.9351855611801148
2026-10-03 05:14:05,563 - INFO - Best train loss=1.9351855611801148; saved /fs04/ar57/wenyu/GeneRec/results/stage3_T5Train/curvature_RQ-VAE/ckpt/Amazon_2023_Instruments/Oct-03-2026_04-52-03/HG_Rec_best.pth
2026-10-03 05:14:17,168 - INFO - Epoch 114/150 train_loss=1.9322929286956787
2026-10-03 05:14:17,208 - INFO - Best train loss=1.9322929286956787; saved /fs04/ar57/wenyu/GeneRec/results/stage3_T5Train/curvature_RQ-VAE/ckpt/Amazon_2023_Instruments/Oct-03-2026_04-52-03/HG_Rec_best.pth
2026-10-03 05:14:28,814 - INFO - Epoch 115/150 train_loss=1.9317436408996582
2026-10-03 05:14:28,849 - INFO - Best train loss=1.9317436408996582; saved /fs04/ar57/wenyu/GeneRec/results/stage3_T5Train/curvature_RQ-VAE/ckpt/Amazon_2023_Instruments/Oct-03-2026_04-52-03/HG_Rec_best.pth
2026-10-03 05:14:40,464 - INFO - Epoch 116/150 train_loss=1.9294597911834717
2026-10-03 05:14:40,500 - INFO - Best train loss=1.9294597911834717; saved /fs04/ar57/wenyu/GeneRec/results/stage3_T5Train/curvature_RQ-VAE/ckpt/Amazon_2023_Instruments/Oct-03-2026_04-52-03/HG_Rec_best.pth
2026-10-03 05:14:52,782 - INFO - Epoch 117/150 train_loss=1.9262254762649536
2026-10-03 05:14:52,817 - INFO - Best train loss=1.9262254762649536; saved /fs04/ar57/wenyu/GeneRec/results/stage3_T5Train/curvature_RQ-VAE/ckpt/Amazon_2023_Instruments/Oct-03-2026_04-52-03/HG_Rec_best.pth
2026-10-03 05:15:04,441 - INFO - Epoch 118/150 train_loss=1.9240945863723755
2026-10-03 05:15:04,491 - INFO - Best train loss=1.9240945863723755; saved /fs04/ar57/wenyu/GeneRec/results/stage3_T5Train/curvature_RQ-VAE/ckpt/Amazon_2023_Instruments/Oct-03-2026_04-52-03/HG_Rec_best.pth
2026-10-03 05:15:16,101 - INFO - Epoch 119/150 train_loss=1.9236197662353516
2026-10-03 05:15:16,138 - INFO - Best train loss=1.9236197662353516; saved /fs04/ar57/wenyu/GeneRec/results/stage3_T5Train/curvature_RQ-VAE/ckpt/Amazon_2023_Instruments/Oct-03-2026_04-52-03/HG_Rec_best.pth
2026-10-03 05:15:27,752 - INFO - Epoch 120/150 train_loss=1.9217958402633668
2026-10-03 05:15:27,789 - INFO - Best train loss=1.9217958402633668; saved /fs04/ar57/wenyu/GeneRec/results/stage3_T5Train/curvature_RQ-VAE/ckpt/Amazon_2023_Instruments/Oct-03-2026_04-52-03/HG_Rec_best.pth
2026-10-03 05:15:39,393 - INFO - Epoch 121/150 train_loss=1.920740647315979
2026-10-03 05:15:39,429 - INFO - Best train loss=1.920740647315979; saved /fs04/ar57/wenyu/GeneRec/results/stage3_T5Train/curvature_RQ-VAE/ckpt/Amazon_2023_Instruments/Oct-03-2026_04-52-03/HG_Rec_best.pth
2026-10-03 05:15:51,032 - INFO - Epoch 122/150 train_loss=1.9178621768951416
2026-10-03 05:15:51,067 - INFO - Best train loss=1.9178621768951416; saved /fs04/ar57/wenyu/GeneRec/results/stage3_T5Train/curvature_RQ-VAE/ckpt/Amazon_2023_Instruments/Oct-03-2026_04-52-03/HG_Rec_best.pth
2026-10-03 05:16:02,671 - INFO - Epoch 123/150 train_loss=1.915323543548584
2026-10-03 05:16:02,708 - INFO - Best train loss=1.915323543548584; saved /fs04/ar57/wenyu/GeneRec/results/stage3_T5Train/curvature_RQ-VAE/ckpt/Amazon_2023_Instruments/Oct-03-2026_04-52-03/HG_Rec_best.pth
2026-10-03 05:16:14,315 - INFO - Epoch 124/150 train_loss=1.9167641353607179
2026-10-03 05:16:25,923 - INFO - Epoch 125/150 train_loss=1.9152870464324951
2026-10-03 05:16:25,969 - INFO - Best train loss=1.9152870464324951; saved /fs04/ar57/wenyu/GeneRec/results/stage3_T5Train/curvature_RQ-VAE/ckpt/Amazon_2023_Instruments/Oct-03-2026_04-52-03/HG_Rec_best.pth
2026-10-03 05:16:37,574 - INFO - Epoch 126/150 train_loss=1.913425827026367
2026-10-03 05:16:37,610 - INFO - Best train loss=1.913425827026367; saved /fs04/ar57/wenyu/GeneRec/results/stage3_T5Train/curvature_RQ-VAE/ckpt/Amazon_2023_Instruments/Oct-03-2026_04-52-03/HG_Rec_best.pth
2026-10-03 05:16:49,221 - INFO - Epoch 127/150 train_loss=1.9107316255569458
2026-10-03 05:16:49,258 - INFO - Best train loss=1.9107316255569458; saved /fs04/ar57/wenyu/GeneRec/results/stage3_T5Train/curvature_RQ-VAE/ckpt/Amazon_2023_Instruments/Oct-03-2026_04-52-03/HG_Rec_best.pth
2026-10-03 05:17:00,864 - INFO - Epoch 128/150 train_loss=1.9155615949630738
2026-10-03 05:17:12,471 - INFO - Epoch 129/150 train_loss=1.9085576915740967
2026-10-03 05:17:12,507 - INFO - Best train loss=1.9085576915740967; saved /fs04/ar57/wenyu/GeneRec/results/stage3_T5Train/curvature_RQ-VAE/ckpt/Amazon_2023_Instruments/Oct-03-2026_04-52-03/HG_Rec_best.pth
2026-10-03 05:17:24,110 - INFO - Epoch 130/150 train_loss=1.9112676858901978
2026-10-03 05:17:35,716 - INFO - Epoch 131/150 train_loss=1.9094535255432128
2026-10-03 05:17:47,329 - INFO - Epoch 132/150 train_loss=1.9074869060516357
2026-10-03 05:17:47,364 - INFO - Best train loss=1.9074869060516357; saved /fs04/ar57/wenyu/GeneRec/results/stage3_T5Train/curvature_RQ-VAE/ckpt/Amazon_2023_Instruments/Oct-03-2026_04-52-03/HG_Rec_best.pth
2026-10-03 05:17:58,970 - INFO - Epoch 133/150 train_loss=1.9072840213775635
2026-10-03 05:17:59,005 - INFO - Best train loss=1.9072840213775635; saved /fs04/ar57/wenyu/GeneRec/results/stage3_T5Train/curvature_RQ-VAE/ckpt/Amazon_2023_Instruments/Oct-03-2026_04-52-03/HG_Rec_best.pth
2026-10-03 05:18:10,610 - INFO - Epoch 134/150 train_loss=1.9048615646362306
2026-10-03 05:18:10,650 - INFO - Best train loss=1.9048615646362306; saved /fs04/ar57/wenyu/GeneRec/results/stage3_T5Train/curvature_RQ-VAE/ckpt/Amazon_2023_Instruments/Oct-03-2026_04-52-03/HG_Rec_best.pth
2026-10-03 05:18:22,251 - INFO - Epoch 135/150 train_loss=1.9031983757019042
2026-10-03 05:18:22,287 - INFO - Best train loss=1.9031983757019042; saved /fs04/ar57/wenyu/GeneRec/results/stage3_T5Train/curvature_RQ-VAE/ckpt/Amazon_2023_Instruments/Oct-03-2026_04-52-03/HG_Rec_best.pth
2026-10-03 05:18:33,888 - INFO - Epoch 136/150 train_loss=1.9044178247451782
2026-10-03 05:18:45,496 - INFO - Epoch 137/150 train_loss=1.903838963508606
2026-10-03 05:18:57,123 - INFO - Epoch 138/150 train_loss=1.9028835344314574
2026-10-03 05:18:57,164 - INFO - Best train loss=1.9028835344314574; saved /fs04/ar57/wenyu/GeneRec/results/stage3_T5Train/curvature_RQ-VAE/ckpt/Amazon_2023_Instruments/Oct-03-2026_04-52-03/HG_Rec_best.pth
2026-10-03 05:19:08,771 - INFO - Epoch 139/150 train_loss=1.9004203033447267
2026-10-03 05:19:08,808 - INFO - Best train loss=1.9004203033447267; saved /fs04/ar57/wenyu/GeneRec/results/stage3_T5Train/curvature_RQ-VAE/ckpt/Amazon_2023_Instruments/Oct-03-2026_04-52-03/HG_Rec_best.pth
2026-10-03 05:19:20,418 - INFO - Epoch 140/150 train_loss=1.8989446067810059
2026-10-03 05:19:20,456 - INFO - Best train loss=1.8989446067810059; saved /fs04/ar57/wenyu/GeneRec/results/stage3_T5Train/curvature_RQ-VAE/ckpt/Amazon_2023_Instruments/Oct-03-2026_04-52-03/HG_Rec_best.pth
2026-10-03 05:19:32,057 - INFO - Epoch 141/150 train_loss=1.9019049501419067
2026-10-03 05:19:43,674 - INFO - Epoch 142/150 train_loss=1.9014222049713134
2026-10-03 05:19:55,280 - INFO - Epoch 143/150 train_loss=1.8979864311218262
2026-10-03 05:19:55,337 - INFO - Best train loss=1.8979864311218262; saved /fs04/ar57/wenyu/GeneRec/results/stage3_T5Train/curvature_RQ-VAE/ckpt/Amazon_2023_Instruments/Oct-03-2026_04-52-03/HG_Rec_best.pth
2026-10-03 05:20:06,942 - INFO - Epoch 144/150 train_loss=1.8947310400009156
2026-10-03 05:20:06,979 - INFO - Best train loss=1.8947310400009156; saved /fs04/ar57/wenyu/GeneRec/results/stage3_T5Train/curvature_RQ-VAE/ckpt/Amazon_2023_Instruments/Oct-03-2026_04-52-03/HG_Rec_best.pth
2026-10-03 05:20:18,588 - INFO - Epoch 145/150 train_loss=1.8954436016082763
2026-10-03 05:20:30,194 - INFO - Epoch 146/150 train_loss=1.8935418176651
2026-10-03 05:20:30,237 - INFO - Best train loss=1.8935418176651; saved /fs04/ar57/wenyu/GeneRec/results/stage3_T5Train/curvature_RQ-VAE/ckpt/Amazon_2023_Instruments/Oct-03-2026_04-52-03/HG_Rec_best.pth
2026-10-03 05:20:41,846 - INFO - Epoch 147/150 train_loss=1.8910701417922973
2026-10-03 05:20:41,883 - INFO - Best train loss=1.8910701417922973; saved /fs04/ar57/wenyu/GeneRec/results/stage3_T5Train/curvature_RQ-VAE/ckpt/Amazon_2023_Instruments/Oct-03-2026_04-52-03/HG_Rec_best.pth
2026-10-03 05:20:53,490 - INFO - Epoch 148/150 train_loss=1.8931351327896118
2026-10-03 05:21:05,091 - INFO - Epoch 149/150 train_loss=1.8922073936462402
2026-10-03 05:21:16,708 - INFO - Epoch 150/150 train_loss=1.8887568616867065
2026-10-03 05:21:16,756 - INFO - Best train loss=1.8887568616867065; saved /fs04/ar57/wenyu/GeneRec/results/stage3_T5Train/curvature_RQ-VAE/ckpt/Amazon_2023_Instruments/Oct-03-2026_04-52-03/HG_Rec_best.pth
2026-10-03 05:29:00,932 - INFO - Test={'best_checkpoint': '/fs04/ar57/wenyu/GeneRec/results/stage3_T5Train/curvature_RQ-VAE/ckpt/Amazon_2023_Instruments/Oct-03-2026_04-52-03/HG_Rec_best.pth', 'n_eval': 57439, 'test_recall@5': 0.03370532216786504, 'test_recall@10': 0.052507877922665785, 'test_ndcg@5': 0.022218580021283706, 'test_ndcg@10': 0.028258494120062528}
