2026-08-14 20:15:45,198 - INFO - Configuration: {'batch_size': 256, 'infer_size': 96, 'num_epochs': 200, 'lr': 0.0001, 'device': 'cuda', 'num_layers': 6, 'num_decoder_layers': 4, 'd_model': 128, 'd_ff': 1024, 'num_heads': 6, 'd_kv': 64, 'dropout_rate': 0.1, 'vocab_size': 1025, 'pad_token_id': 0, 'eos_token_id': 0, 'feed_forward_proj': 'relu', 'max_len': 20, 'dataset_name': 'Instruments', 'dataset_path': './dataset/', 'codebook_size': [64, 128, 256, 1], 'code_path': '_t5_rqvae_beta_0.250_codebook_[64,128,256]_sk_0.000.npy', 'mode': 'train', 'log_path': './logs/', 'seed': 2025, 'save_path': './ckpt/', 'early_stop': 20, 'topk_list': [5, 10, 20], 'beam_size': 20}
2026-08-14 20:15:45,282 - INFO - #Embedding parameters: 131200
#Non-embedding parameters: 5377664
#Total trainable parameters: 5508864

2026-08-14 20:15:48,380 - INFO - Epoch 1/200
2026-08-14 20:16:19,704 - INFO - Training loss: 4.5559175375595835
2026-08-14 20:16:38,574 - INFO - Validation Dataset: {'Recall@5': 0.06101190460608503, 'Recall@10': 0.07074485201043397, 'Recall@20': 0.08699324314255973}
2026-08-14 20:16:38,574 - INFO - Validation Dataset: {'NDCG@5': 0.044127245795010483, 'NDCG@10': 0.04725171096126718, 'NDCG@20': 0.05140374578952674}
2026-08-14 20:16:38,574 - INFO - Best NDCG@20: 0.05140374578952674
2026-08-14 20:16:38,654 - INFO - Best model saved to ./ckpt/Instruments/Aug-14-2026_20-15-45
2026-08-14 20:16:38,654 - INFO - Epoch 2/200
2026-08-14 20:17:03,508 - INFO - Training loss: 3.7905766982476687
2026-08-14 20:17:19,566 - INFO - Validation Dataset: {'Recall@5': 0.0732384168733501, 'Recall@10': 0.08807915064027987, 'Recall@20': 0.10810810829149595}
2026-08-14 20:17:19,566 - INFO - Validation Dataset: {'NDCG@5': 0.06159586731962946, 'NDCG@10': 0.06634088597012303, 'NDCG@20': 0.07140738608739897}
2026-08-14 20:17:19,566 - INFO - Best NDCG@20: 0.07140738608739897
2026-08-14 20:17:19,605 - INFO - Best model saved to ./ckpt/Instruments/Aug-14-2026_20-15-45
2026-08-14 20:17:19,605 - INFO - Epoch 3/200
2026-08-14 20:17:44,091 - INFO - Training loss: 3.4209486882663467
2026-08-14 20:18:00,264 - INFO - Validation Dataset: {'Recall@5': 0.07890926598495729, 'Recall@10': 0.09588159604221007, 'Recall@20': 0.11619208529447726}
2026-08-14 20:18:00,265 - INFO - Validation Dataset: {'NDCG@5': 0.06610302422123757, 'NDCG@10': 0.0715570210813613, 'NDCG@20': 0.07666420296165359}
2026-08-14 20:18:00,265 - INFO - Best NDCG@20: 0.07666420296165359
2026-08-14 20:18:00,306 - INFO - Best model saved to ./ckpt/Instruments/Aug-14-2026_20-15-45
2026-08-14 20:18:00,306 - INFO - Epoch 4/200
2026-08-14 20:18:25,690 - INFO - Training loss: 3.168919488758717
2026-08-14 20:18:41,840 - INFO - Validation Dataset: {'Recall@5': 0.07959298554333251, 'Recall@10': 0.09789253557352601, 'Recall@20': 0.12274774752240844}
2026-08-14 20:18:41,841 - INFO - Validation Dataset: {'NDCG@5': 0.06803993463631303, 'NDCG@10': 0.07391742888377785, 'NDCG@20': 0.08020566281607253}
2026-08-14 20:18:41,841 - INFO - Best NDCG@20: 0.08020566281607253
2026-08-14 20:18:41,888 - INFO - Best model saved to ./ckpt/Instruments/Aug-14-2026_20-15-45
2026-08-14 20:18:41,888 - INFO - Epoch 5/200
2026-08-14 20:19:06,803 - INFO - Training loss: 2.9847481088730894
2026-08-14 20:19:22,927 - INFO - Validation Dataset: {'Recall@5': 0.08389639623578221, 'Recall@10': 0.10291988443597633, 'Recall@20': 0.1287403476629478}
2026-08-14 20:19:22,928 - INFO - Validation Dataset: {'NDCG@5': 0.06999896599778108, 'NDCG@10': 0.07610689588682186, 'NDCG@20': 0.08261310620571426}
2026-08-14 20:19:22,928 - INFO - Best NDCG@20: 0.08261310620571426
2026-08-14 20:19:22,972 - INFO - Best model saved to ./ckpt/Instruments/Aug-14-2026_20-15-45
2026-08-14 20:19:22,973 - INFO - Epoch 6/200
2026-08-14 20:19:47,514 - INFO - Training loss: 2.8426520514256746
2026-08-14 20:20:03,628 - INFO - Validation Dataset: {'Recall@5': 0.08626930478557542, 'Recall@10': 0.10778635789183576, 'Recall@20': 0.1340492279862115}
2026-08-14 20:20:03,628 - INFO - Validation Dataset: {'NDCG@5': 0.07201842507383423, 'NDCG@10': 0.07895566708620451, 'NDCG@20': 0.08558900557947435}
2026-08-14 20:20:03,628 - INFO - Best NDCG@20: 0.08558900557947435
2026-08-14 20:20:03,674 - INFO - Best model saved to ./ckpt/Instruments/Aug-14-2026_20-15-45
2026-08-14 20:20:03,675 - INFO - Epoch 7/200
2026-08-14 20:20:28,614 - INFO - Training loss: 2.731958092069163
2026-08-14 20:20:44,708 - INFO - Validation Dataset: {'Recall@5': 0.08928571428211844, 'Recall@10': 0.10991795374706215, 'Recall@20': 0.13722651210185643}
2026-08-14 20:20:44,708 - INFO - Validation Dataset: {'NDCG@5': 0.07373668871187106, 'NDCG@10': 0.08031888272699587, 'NDCG@20': 0.08721924010793675}
2026-08-14 20:20:44,708 - INFO - Best NDCG@20: 0.08721924010793675
2026-08-14 20:20:44,756 - INFO - Best model saved to ./ckpt/Instruments/Aug-14-2026_20-15-45
2026-08-14 20:20:44,756 - INFO - Epoch 8/200
2026-08-14 20:21:09,776 - INFO - Training loss: 2.6450806585330406
2026-08-14 20:21:25,981 - INFO - Validation Dataset: {'Recall@5': 0.08864221343605215, 'Recall@10': 0.11188867470271109, 'Recall@20': 0.14112773472910684}
2026-08-14 20:21:25,982 - INFO - Validation Dataset: {'NDCG@5': 0.07422518682698485, 'NDCG@10': 0.081652621123724, 'NDCG@20': 0.0890408351111251}
2026-08-14 20:21:25,982 - INFO - Best NDCG@20: 0.0890408351111251
2026-08-14 20:21:26,029 - INFO - Best model saved to ./ckpt/Instruments/Aug-14-2026_20-15-45
2026-08-14 20:21:26,029 - INFO - Epoch 9/200
2026-08-14 20:21:50,975 - INFO - Training loss: 2.573510657930837
2026-08-14 20:22:07,136 - INFO - Validation Dataset: {'Recall@5': 0.09073359046030689, 'Recall@10': 0.1115669243210301, 'Recall@20': 0.14036357799782256}
2026-08-14 20:22:07,137 - INFO - Validation Dataset: {'NDCG@5': 0.0751164883418318, 'NDCG@10': 0.08179531039303334, 'NDCG@20': 0.0890619149323711}
2026-08-14 20:22:07,137 - INFO - Best NDCG@20: 0.0890619149323711
2026-08-14 20:22:07,188 - INFO - Best model saved to ./ckpt/Instruments/Aug-14-2026_20-15-45
2026-08-14 20:22:07,188 - INFO - Epoch 10/200
2026-08-14 20:22:32,028 - INFO - Training loss: 2.515546403347867
2026-08-14 20:22:48,249 - INFO - Validation Dataset: {'Recall@5': 0.09286518664635056, 'Recall@10': 0.11514639658817453, 'Recall@20': 0.14362130023567832}
2026-08-14 20:22:48,249 - INFO - Validation Dataset: {'NDCG@5': 0.07688171287430415, 'NDCG@10': 0.08401440986536414, 'NDCG@20': 0.0911855174724775}
2026-08-14 20:22:48,249 - INFO - Best NDCG@20: 0.0911855174724775
2026-08-14 20:22:48,299 - INFO - Best model saved to ./ckpt/Instruments/Aug-14-2026_20-15-45
2026-08-14 20:22:48,299 - INFO - Epoch 11/200
2026-08-14 20:23:13,312 - INFO - Training loss: 2.4682373296867297
2026-08-14 20:23:29,542 - INFO - Validation Dataset: {'Recall@5': 0.09189993535387815, 'Recall@10': 0.11458333374565632, 'Recall@20': 0.14454633207509876}
2026-08-14 20:23:29,542 - INFO - Validation Dataset: {'NDCG@5': 0.07668398090900716, 'NDCG@10': 0.08393817886882768, 'NDCG@20': 0.09148247842766834}
2026-08-14 20:23:29,542 - INFO - Best NDCG@20: 0.09148247842766834
2026-08-14 20:23:29,583 - INFO - Best model saved to ./ckpt/Instruments/Aug-14-2026_20-15-45
2026-08-14 20:23:29,583 - INFO - Epoch 12/200
2026-08-14 20:23:54,558 - INFO - Training loss: 2.426592373616487
2026-08-14 20:24:10,716 - INFO - Validation Dataset: {'Recall@5': 0.09226190474272696, 'Recall@10': 0.11526705284376403, 'Recall@20': 0.1453909269429772}
2026-08-14 20:24:10,717 - INFO - Validation Dataset: {'NDCG@5': 0.07685678849234084, 'NDCG@10': 0.08420395003955336, 'NDCG@20': 0.09181677153815865}
2026-08-14 20:24:10,717 - INFO - Best NDCG@20: 0.09181677153815865
2026-08-14 20:24:10,766 - INFO - Best model saved to ./ckpt/Instruments/Aug-14-2026_20-15-45
2026-08-14 20:24:10,766 - INFO - Epoch 13/200
2026-08-14 20:24:35,834 - INFO - Training loss: 2.3913648202581315
2026-08-14 20:24:51,985 - INFO - Validation Dataset: {'Recall@5': 0.09495656356992178, 'Recall@10': 0.11743886796146286, 'Recall@20': 0.14909105585406185}
2026-08-14 20:24:51,985 - INFO - Validation Dataset: {'NDCG@5': 0.07863543821232659, 'NDCG@10': 0.0858567050553887, 'NDCG@20': 0.09385332811810795}
2026-08-14 20:24:51,985 - INFO - Best NDCG@20: 0.09385332811810795
2026-08-14 20:24:52,032 - INFO - Best model saved to ./ckpt/Instruments/Aug-14-2026_20-15-45
2026-08-14 20:24:52,032 - INFO - Epoch 14/200
2026-08-14 20:25:23,077 - INFO - Training loss: 2.359855455565221
2026-08-14 20:25:40,649 - INFO - Validation Dataset: {'Recall@5': 0.09427284450058081, 'Recall@10': 0.11703667953667954, 'Recall@20': 0.14776383564739154}
2026-08-14 20:25:40,649 - INFO - Validation Dataset: {'NDCG@5': 0.07890365684124494, 'NDCG@10': 0.08624264683473755, 'NDCG@20': 0.09398088384865563}
2026-08-14 20:25:40,649 - INFO - Best NDCG@20: 0.09398088384865563
2026-08-14 20:25:40,698 - INFO - Best model saved to ./ckpt/Instruments/Aug-14-2026_20-15-45
2026-08-14 20:25:40,698 - INFO - Epoch 15/200
2026-08-14 20:26:08,348 - INFO - Training loss: 2.3337533279530054
2026-08-14 20:26:24,832 - INFO - Validation Dataset: {'Recall@5': 0.09451415732819371, 'Recall@10': 0.11884652534104222, 'Recall@20': 0.14720077195625508}
2026-08-14 20:26:24,832 - INFO - Validation Dataset: {'NDCG@5': 0.07910470168275262, 'NDCG@10': 0.08692671150745802, 'NDCG@20': 0.09407633893249348}
2026-08-14 20:26:24,832 - INFO - Best NDCG@20: 0.09407633893249348
2026-08-14 20:26:24,887 - INFO - Best model saved to ./ckpt/Instruments/Aug-14-2026_20-15-45
2026-08-14 20:26:24,888 - INFO - Epoch 16/200
2026-08-14 20:26:50,174 - INFO - Training loss: 2.3082868992703633
2026-08-14 20:27:06,373 - INFO - Validation Dataset: {'Recall@5': 0.0948761261237289, 'Recall@10': 0.11961068270519433, 'Recall@20': 0.15001608789484933}
2026-08-14 20:27:06,373 - INFO - Validation Dataset: {'NDCG@5': 0.0797411809283449, 'NDCG@10': 0.08768359463820126, 'NDCG@20': 0.09534521984173755}
2026-08-14 20:27:06,373 - INFO - Best NDCG@20: 0.09534521984173755
2026-08-14 20:27:06,414 - INFO - Best model saved to ./ckpt/Instruments/Aug-14-2026_20-15-45
2026-08-14 20:27:06,414 - INFO - Epoch 17/200
2026-08-14 20:27:31,540 - INFO - Training loss: 2.2879379735409633
2026-08-14 20:27:47,692 - INFO - Validation Dataset: {'Recall@5': 0.09616312743470246, 'Recall@10': 0.11872586898476921, 'Recall@20': 0.1496138997577332}
2026-08-14 20:27:47,692 - INFO - Validation Dataset: {'NDCG@5': 0.08067843426939489, 'NDCG@10': 0.08792705932437914, 'NDCG@20': 0.09574716464835704}
2026-08-14 20:27:47,692 - INFO - Best NDCG@20: 0.09574716464835704
2026-08-14 20:27:47,741 - INFO - Best model saved to ./ckpt/Instruments/Aug-14-2026_20-15-45
2026-08-14 20:27:47,741 - INFO - Epoch 18/200
2026-08-14 20:28:13,179 - INFO - Training loss: 2.268270498572044
2026-08-14 20:28:32,587 - INFO - Validation Dataset: {'Recall@5': 0.09660553423018989, 'Recall@10': 0.12061615177505725, 'Recall@20': 0.15146396402629186}
2026-08-14 20:28:32,587 - INFO - Validation Dataset: {'NDCG@5': 0.08103939290356221, 'NDCG@10': 0.08877157408413279, 'NDCG@20': 0.09654879048610517}
2026-08-14 20:28:32,587 - INFO - Best NDCG@20: 0.09654879048610517
2026-08-14 20:28:32,632 - INFO - Best model saved to ./ckpt/Instruments/Aug-14-2026_20-15-45
2026-08-14 20:28:32,632 - INFO - Epoch 19/200
2026-08-14 20:28:57,767 - INFO - Training loss: 2.2503249348945986
2026-08-14 20:29:13,982 - INFO - Validation Dataset: {'Recall@5': 0.09761100398326242, 'Recall@10': 0.12214446601432723, 'Recall@20': 0.15279118420419546}
2026-08-14 20:29:13,982 - INFO - Validation Dataset: {'NDCG@5': 0.08171027297563994, 'NDCG@10': 0.08958088450536535, 'NDCG@20': 0.09728576716136288}
2026-08-14 20:29:13,982 - INFO - Best NDCG@20: 0.09728576716136288
2026-08-14 20:29:14,026 - INFO - Best model saved to ./ckpt/Instruments/Aug-14-2026_20-15-45
2026-08-14 20:29:14,026 - INFO - Epoch 20/200
2026-08-14 20:29:39,194 - INFO - Training loss: 2.2341633213376535
2026-08-14 20:29:55,371 - INFO - Validation Dataset: {'Recall@5': 0.09845559862819878, 'Recall@10': 0.12355212381102404, 'Recall@20': 0.1531531532730145}
2026-08-14 20:29:55,371 - INFO - Validation Dataset: {'NDCG@5': 0.08250708219282415, 'NDCG@10': 0.09057909537207436, 'NDCG@20': 0.0980218725358082}
2026-08-14 20:29:55,371 - INFO - Best NDCG@20: 0.0980218725358082
2026-08-14 20:29:55,412 - INFO - Best model saved to ./ckpt/Instruments/Aug-14-2026_20-15-45
2026-08-14 20:29:55,412 - INFO - Epoch 21/200
2026-08-14 20:30:20,796 - INFO - Training loss: 2.22012286278808
2026-08-14 20:30:36,993 - INFO - Validation Dataset: {'Recall@5': 0.09909909919019372, 'Recall@10': 0.12367278006661353, 'Recall@20': 0.15347490384887083}
2026-08-14 20:30:36,993 - INFO - Validation Dataset: {'NDCG@5': 0.08228328635621256, 'NDCG@10': 0.09016148841662987, 'NDCG@20': 0.09768152407381295}
2026-08-14 20:30:36,993 - INFO - No improvement in NDCG@20. Early stop counter: 1
2026-08-14 20:30:36,993 - INFO - Epoch 22/200
2026-08-14 20:31:02,177 - INFO - Training loss: 2.206881319897846
2026-08-14 20:31:18,359 - INFO - Validation Dataset: {'Recall@5': 0.0991393181146572, 'Recall@10': 0.12306949822771503, 'Recall@20': 0.15295205955684876}
2026-08-14 20:31:18,359 - INFO - Validation Dataset: {'NDCG@5': 0.082961687854128, 'NDCG@10': 0.0906838974034464, 'NDCG@20': 0.09819077724828223}
2026-08-14 20:31:18,359 - INFO - Best NDCG@20: 0.09819077724828223
2026-08-14 20:31:18,410 - INFO - Best model saved to ./ckpt/Instruments/Aug-14-2026_20-15-45
2026-08-14 20:31:18,410 - INFO - Epoch 23/200
2026-08-14 20:31:43,610 - INFO - Training loss: 2.193534246926169
2026-08-14 20:31:59,815 - INFO - Validation Dataset: {'Recall@5': 0.09950128692457574, 'Recall@10': 0.12327059203018093, 'Recall@20': 0.1519465895520674}
2026-08-14 20:31:59,815 - INFO - Validation Dataset: {'NDCG@5': 0.08295337481129354, 'NDCG@10': 0.09055140517421902, 'NDCG@20': 0.09777261559135896}
2026-08-14 20:31:59,815 - INFO - No improvement in NDCG@20. Early stop counter: 1
2026-08-14 20:31:59,815 - INFO - Epoch 24/200
2026-08-14 20:32:25,041 - INFO - Training loss: 2.180877670732517
2026-08-14 20:32:41,235 - INFO - Validation Dataset: {'Recall@5': 0.0987773488876212, 'Recall@10': 0.12319015477097173, 'Recall@20': 0.1542792791738013}
2026-08-14 20:32:41,236 - INFO - Validation Dataset: {'NDCG@5': 0.08285084243101502, 'NDCG@10': 0.09071609540392994, 'NDCG@20': 0.09854469927293914}
2026-08-14 20:32:41,236 - INFO - Best NDCG@20: 0.09854469927293914
2026-08-14 20:32:41,276 - INFO - Best model saved to ./ckpt/Instruments/Aug-14-2026_20-15-45
2026-08-14 20:32:41,276 - INFO - Epoch 25/200
2026-08-14 20:33:06,469 - INFO - Training loss: 2.170063336844583
2026-08-14 20:33:22,632 - INFO - Validation Dataset: {'Recall@5': 0.09897844271885382, 'Recall@10': 0.12419562405658505, 'Recall@20': 0.155244530886987}
2026-08-14 20:33:22,632 - INFO - Validation Dataset: {'NDCG@5': 0.08286210127951556, 'NDCG@10': 0.09095487761595304, 'NDCG@20': 0.09879275207123701}
2026-08-14 20:33:22,632 - INFO - Best NDCG@20: 0.09879275207123701
2026-08-14 20:33:22,678 - INFO - Best model saved to ./ckpt/Instruments/Aug-14-2026_20-15-45
2026-08-14 20:33:22,678 - INFO - Epoch 26/200
2026-08-14 20:33:48,007 - INFO - Training loss: 2.159584628262566
2026-08-14 20:34:04,219 - INFO - Validation Dataset: {'Recall@5': 0.10010456896484128, 'Recall@10': 0.12387387378277925, 'Recall@20': 0.1539575289431456}
2026-08-14 20:34:04,220 - INFO - Validation Dataset: {'NDCG@5': 0.08375044203000179, 'NDCG@10': 0.09140110959417572, 'NDCG@20': 0.09897659320571248}
2026-08-14 20:34:04,220 - INFO - Best NDCG@20: 0.09897659320571248
2026-08-14 20:34:04,271 - INFO - Best model saved to ./ckpt/Instruments/Aug-14-2026_20-15-45
2026-08-14 20:34:04,271 - INFO - Epoch 27/200
2026-08-14 20:34:29,442 - INFO - Training loss: 2.1502095615979537
2026-08-14 20:34:45,641 - INFO - Validation Dataset: {'Recall@5': 0.10127091413529223, 'Recall@10': 0.12532175028818915, 'Recall@20': 0.1559684687225745}
2026-08-14 20:34:45,642 - INFO - Validation Dataset: {'NDCG@5': 0.08412149475175441, 'NDCG@10': 0.09185609791758668, 'NDCG@20': 0.09957474717532346}
2026-08-14 20:34:45,642 - INFO - Best NDCG@20: 0.09957474717532346
2026-08-14 20:34:45,683 - INFO - Best model saved to ./ckpt/Instruments/Aug-14-2026_20-15-45
2026-08-14 20:34:45,683 - INFO - Epoch 28/200
2026-08-14 20:35:10,897 - INFO - Training loss: 2.1391531469752487
2026-08-14 20:35:27,111 - INFO - Validation Dataset: {'Recall@5': 0.1001447879468382, 'Recall@10': 0.12540218802204925, 'Recall@20': 0.1557673744886078}
2026-08-14 20:35:27,111 - INFO - Validation Dataset: {'NDCG@5': 0.0840722035084452, 'NDCG@10': 0.09221640585932492, 'NDCG@20': 0.0998798001658272}
2026-08-14 20:35:27,111 - INFO - Best NDCG@20: 0.0998798001658272
2026-08-14 20:35:27,153 - INFO - Best model saved to ./ckpt/Instruments/Aug-14-2026_20-15-45
2026-08-14 20:35:27,153 - INFO - Epoch 29/200
2026-08-14 20:35:56,608 - INFO - Training loss: 2.130168100236689
2026-08-14 20:36:14,468 - INFO - Validation Dataset: {'Recall@5': 0.10135135149518495, 'Recall@10': 0.12576415756551915, 'Recall@20': 0.15608912510761422}
2026-08-14 20:36:14,469 - INFO - Validation Dataset: {'NDCG@5': 0.08484686286149108, 'NDCG@10': 0.09268098626587842, 'NDCG@20': 0.1003350768396523}
2026-08-14 20:36:14,469 - INFO - Best NDCG@20: 0.1003350768396523
2026-08-14 20:36:14,540 - INFO - Best model saved to ./ckpt/Instruments/Aug-14-2026_20-15-45
2026-08-14 20:36:14,540 - INFO - Epoch 30/200
2026-08-14 20:36:39,987 - INFO - Training loss: 2.120995718530081
2026-08-14 20:36:56,206 - INFO - Validation Dataset: {'Recall@5': 0.10251769643550214, 'Recall@10': 0.12612612640420443, 'Recall@20': 0.15657175024503905}
2026-08-14 20:36:56,206 - INFO - Validation Dataset: {'NDCG@5': 0.0853502937164661, 'NDCG@10': 0.09292024401336563, 'NDCG@20': 0.10060135433342467}
2026-08-14 20:36:56,207 - INFO - Best NDCG@20: 0.10060135433342467
2026-08-14 20:36:56,265 - INFO - Best model saved to ./ckpt/Instruments/Aug-14-2026_20-15-45
2026-08-14 20:36:56,265 - INFO - Epoch 31/200
2026-08-14 20:37:21,515 - INFO - Training loss: 2.1131403237870594
2026-08-14 20:37:37,733 - INFO - Validation Dataset: {'Recall@5': 0.10183397704253555, 'Recall@10': 0.12604568867034432, 'Recall@20': 0.15773809544425674}
2026-08-14 20:37:37,733 - INFO - Validation Dataset: {'NDCG@5': 0.08486649830570323, 'NDCG@10': 0.09261266518254768, 'NDCG@20': 0.1006165079513572}
2026-08-14 20:37:37,733 - INFO - Best NDCG@20: 0.1006165079513572
2026-08-14 20:37:37,775 - INFO - Best model saved to ./ckpt/Instruments/Aug-14-2026_20-15-45
2026-08-14 20:37:37,775 - INFO - Epoch 32/200
2026-08-14 20:38:12,379 - INFO - Training loss: 2.105728135294127
2026-08-14 20:38:33,944 - INFO - Validation Dataset: {'Recall@5': 0.1020350706795928, 'Recall@10': 0.12721203361066152, 'Recall@20': 0.15777831409543638}
2026-08-14 20:38:33,959 - INFO - Validation Dataset: {'NDCG@5': 0.0853920349326258, 'NDCG@10': 0.09348922553669992, 'NDCG@20': 0.10122741797658467}
2026-08-14 20:38:33,959 - INFO - Best NDCG@20: 0.10122741797658467
2026-08-14 20:38:34,182 - INFO - Best model saved to ./ckpt/Instruments/Aug-14-2026_20-15-45
2026-08-14 20:38:34,182 - INFO - Epoch 33/200
2026-08-14 20:38:59,452 - INFO - Training loss: 2.0993934351263692
2026-08-14 20:39:15,633 - INFO - Validation Dataset: {'Recall@5': 0.1028796656337714, 'Recall@10': 0.12640765792614705, 'Recall@20': 0.1568935008640455}
2026-08-14 20:39:15,633 - INFO - Validation Dataset: {'NDCG@5': 0.08579272246815293, 'NDCG@10': 0.09334785490508936, 'NDCG@20': 0.10105051385044592}
2026-08-14 20:39:15,633 - INFO - No improvement in NDCG@20. Early stop counter: 1
2026-08-14 20:39:15,633 - INFO - Epoch 34/200
2026-08-14 20:39:40,800 - INFO - Training loss: 2.0926082638860906
2026-08-14 20:39:56,945 - INFO - Validation Dataset: {'Recall@5': 0.1019546334203836, 'Recall@10': 0.12616634483963365, 'Recall@20': 0.1571750321846211}
2026-08-14 20:39:56,946 - INFO - Validation Dataset: {'NDCG@5': 0.08537828479983402, 'NDCG@10': 0.09320231904653278, 'NDCG@20': 0.10104640102927288}
2026-08-14 20:39:56,946 - INFO - No improvement in NDCG@20. Early stop counter: 2
2026-08-14 20:39:56,946 - INFO - Epoch 35/200
2026-08-14 20:40:22,346 - INFO - Training loss: 2.0833962616411226
2026-08-14 20:40:38,544 - INFO - Validation Dataset: {'Recall@5': 0.10207528984857342, 'Recall@10': 0.1272522526789586, 'Recall@20': 0.157818533264417}
2026-08-14 20:40:38,544 - INFO - Validation Dataset: {'NDCG@5': 0.08537376290151281, 'NDCG@10': 0.09347890093059613, 'NDCG@20': 0.10120612270698584}
2026-08-14 20:40:38,544 - INFO - No improvement in NDCG@20. Early stop counter: 3
2026-08-14 20:40:38,544 - INFO - Epoch 36/200
2026-08-14 20:41:03,726 - INFO - Training loss: 2.075970072653687
2026-08-14 20:41:19,934 - INFO - Validation Dataset: {'Recall@5': 0.1032014159075772, 'Recall@10': 0.12809684751807032, 'Recall@20': 0.15950772264058985}
2026-08-14 20:41:19,935 - INFO - Validation Dataset: {'NDCG@5': 0.08627233940489504, 'NDCG@10': 0.09428276423666929, 'NDCG@20': 0.10224114939512893}
2026-08-14 20:41:19,935 - INFO - Best NDCG@20: 0.10224114939512893
2026-08-14 20:41:19,985 - INFO - Best model saved to ./ckpt/Instruments/Aug-14-2026_20-15-45
2026-08-14 20:41:19,985 - INFO - Epoch 37/200
2026-08-14 20:41:45,203 - INFO - Training loss: 2.0701979090866534
2026-08-14 20:42:01,401 - INFO - Validation Dataset: {'Recall@5': 0.10296010310153933, 'Recall@10': 0.12757400260756374, 'Recall@20': 0.15830115910662648}
2026-08-14 20:42:01,402 - INFO - Validation Dataset: {'NDCG@5': 0.08640906314678404, 'NDCG@10': 0.09429850961480822, 'NDCG@20': 0.10210318269359099}
2026-08-14 20:42:01,402 - INFO - No improvement in NDCG@20. Early stop counter: 1
2026-08-14 20:42:01,402 - INFO - Epoch 38/200
2026-08-14 20:42:26,525 - INFO - Training loss: 2.0637542421377977
2026-08-14 20:42:42,721 - INFO - Validation Dataset: {'Recall@5': 0.1025579154750325, 'Recall@10': 0.1272522527508754, 'Recall@20': 0.15717503277433886}
2026-08-14 20:42:42,722 - INFO - Validation Dataset: {'NDCG@5': 0.08551040362264659, 'NDCG@10': 0.09350169381004503, 'NDCG@20': 0.10105618339707953}
2026-08-14 20:42:42,722 - INFO - No improvement in NDCG@20. Early stop counter: 2
2026-08-14 20:42:42,722 - INFO - Epoch 39/200
2026-08-14 20:43:08,027 - INFO - Training loss: 2.058163488258436
2026-08-14 20:43:24,205 - INFO - Validation Dataset: {'Recall@5': 0.10223616491355951, 'Recall@10': 0.127212033869562, 'Recall@20': 0.15810006464252602}
2026-08-14 20:43:24,205 - INFO - Validation Dataset: {'NDCG@5': 0.08535085220076863, 'NDCG@10': 0.09339687945932496, 'NDCG@20': 0.10120981505938939}
2026-08-14 20:43:24,206 - INFO - No improvement in NDCG@20. Early stop counter: 3
2026-08-14 20:43:24,206 - INFO - Epoch 40/200
2026-08-14 20:43:49,450 - INFO - Training loss: 2.052768322565023
2026-08-14 20:44:05,646 - INFO - Validation Dataset: {'Recall@5': 0.10300032193251098, 'Recall@10': 0.1293838486420602, 'Recall@20': 0.15854247118630466}
2026-08-14 20:44:05,646 - INFO - Validation Dataset: {'NDCG@5': 0.08599529539065932, 'NDCG@10': 0.09446422396853393, 'NDCG@20': 0.10181330773677374}
2026-08-14 20:44:05,646 - INFO - No improvement in NDCG@20. Early stop counter: 4
2026-08-14 20:44:05,646 - INFO - Epoch 41/200
2026-08-14 20:44:30,935 - INFO - Training loss: 2.0452688057445787
2026-08-14 20:44:47,212 - INFO - Validation Dataset: {'Recall@5': 0.10396557249502786, 'Recall@10': 0.12926319215633694, 'Recall@20': 0.15986969140735832}
2026-08-14 20:44:47,212 - INFO - Validation Dataset: {'NDCG@5': 0.08663676326742044, 'NDCG@10': 0.09472052448044413, 'NDCG@20': 0.10247505466277534}
2026-08-14 20:44:47,212 - INFO - Best NDCG@20: 0.10247505466277534
2026-08-14 20:44:47,254 - INFO - Best model saved to ./ckpt/Instruments/Aug-14-2026_20-15-45
2026-08-14 20:44:47,254 - INFO - Epoch 42/200
2026-08-14 20:45:12,602 - INFO - Training loss: 2.0407217824343338
2026-08-14 20:45:28,916 - INFO - Validation Dataset: {'Recall@5': 0.1043275419234309, 'Recall@10': 0.13026866191660116, 'Recall@20': 0.15850225223307443}
2026-08-14 20:45:28,916 - INFO - Validation Dataset: {'NDCG@5': 0.08696082532118186, 'NDCG@10': 0.09527724263578308, 'NDCG@20': 0.10243151204581426}
2026-08-14 20:45:28,916 - INFO - No improvement in NDCG@20. Early stop counter: 1
2026-08-14 20:45:28,916 - INFO - Epoch 43/200
2026-08-14 20:45:53,977 - INFO - Training loss: 2.03554218764444
2026-08-14 20:46:11,092 - INFO - Validation Dataset: {'Recall@5': 0.10489060499608287, 'Recall@10': 0.1292229733613237, 'Recall@20': 0.16031209831072096}
2026-08-14 20:46:11,092 - INFO - Validation Dataset: {'NDCG@5': 0.08787647322625727, 'NDCG@10': 0.09566402211641482, 'NDCG@20': 0.10351409849397925}
2026-08-14 20:46:11,092 - INFO - Best NDCG@20: 0.10351409849397925
2026-08-14 20:46:11,132 - INFO - Best model saved to ./ckpt/Instruments/Aug-14-2026_20-15-45
2026-08-14 20:46:11,132 - INFO - Epoch 44/200
2026-08-14 20:46:41,096 - INFO - Training loss: 2.029749432350825
2026-08-14 20:46:57,873 - INFO - Validation Dataset: {'Recall@5': 0.10666023180406527, 'Recall@10': 0.13087194365481614, 'Recall@20': 0.160271879486941}
2026-08-14 20:46:57,873 - INFO - Validation Dataset: {'NDCG@5': 0.08838643991607727, 'NDCG@10': 0.09615306620230776, 'NDCG@20': 0.10357451879034632}
2026-08-14 20:46:57,873 - INFO - Best NDCG@20: 0.10357451879034632
2026-08-14 20:46:57,966 - INFO - Best model saved to ./ckpt/Instruments/Aug-14-2026_20-15-45
2026-08-14 20:46:57,966 - INFO - Epoch 45/200
2026-08-14 20:47:23,342 - INFO - Training loss: 2.0234709950326715
2026-08-14 20:47:39,587 - INFO - Validation Dataset: {'Recall@5': 0.10481016778002375, 'Recall@10': 0.12966537974688538, 'Recall@20': 0.16123713032274173}
2026-08-14 20:47:39,587 - INFO - Validation Dataset: {'NDCG@5': 0.0873822185739472, 'NDCG@10': 0.09541027747008331, 'NDCG@20': 0.1033918546174714}
2026-08-14 20:47:39,587 - INFO - No improvement in NDCG@20. Early stop counter: 1
2026-08-14 20:47:39,587 - INFO - Epoch 46/200
2026-08-14 20:48:04,919 - INFO - Training loss: 2.018731406591471
2026-08-14 20:48:21,087 - INFO - Validation Dataset: {'Recall@5': 0.10464929219723669, 'Recall@10': 0.1297458177540293, 'Recall@20': 0.160231660461794}
2026-08-14 20:48:21,087 - INFO - Validation Dataset: {'NDCG@5': 0.08765261934559548, 'NDCG@10': 0.09571670947244039, 'NDCG@20': 0.10342523616713446}
2026-08-14 20:48:21,087 - INFO - No improvement in NDCG@20. Early stop counter: 2
2026-08-14 20:48:21,087 - INFO - Epoch 47/200
2026-08-14 20:48:46,585 - INFO - Training loss: 2.0127970926969954
2026-08-14 20:49:02,863 - INFO - Validation Dataset: {'Recall@5': 0.10476994881241018, 'Recall@10': 0.13038931821534072, 'Recall@20': 0.15886422180531107}
2026-08-14 20:49:02,864 - INFO - Validation Dataset: {'NDCG@5': 0.08747982458862329, 'NDCG@10': 0.09575302747139369, 'NDCG@20': 0.10291078621989051}
2026-08-14 20:49:02,864 - INFO - No improvement in NDCG@20. Early stop counter: 3
2026-08-14 20:49:02,864 - INFO - Epoch 48/200
2026-08-14 20:49:27,770 - INFO - Training loss: 2.007928911227624
2026-08-14 20:49:43,950 - INFO - Validation Dataset: {'Recall@5': 0.1050112617047482, 'Recall@10': 0.130188224499175, 'Recall@20': 0.16043275446562694}
2026-08-14 20:49:43,950 - INFO - Validation Dataset: {'NDCG@5': 0.08772704832284607, 'NDCG@10': 0.09583640938560015, 'NDCG@20': 0.1034885587666946}
2026-08-14 20:49:43,950 - INFO - No improvement in NDCG@20. Early stop counter: 4
2026-08-14 20:49:43,950 - INFO - Epoch 49/200
2026-08-14 20:50:08,917 - INFO - Training loss: 2.0011795749942074
2026-08-14 20:50:25,114 - INFO - Validation Dataset: {'Recall@5': 0.10428732357430182, 'Recall@10': 0.13071106847476316, 'Recall@20': 0.16003056621344394}
2026-08-14 20:50:25,114 - INFO - Validation Dataset: {'NDCG@5': 0.0873997203473534, 'NDCG@10': 0.09591363837877756, 'NDCG@20': 0.10329775244687975}
2026-08-14 20:50:25,114 - INFO - No improvement in NDCG@20. Early stop counter: 5
2026-08-14 20:50:25,114 - INFO - Epoch 50/200
2026-08-14 20:50:50,317 - INFO - Training loss: 1.997338126932533
2026-08-14 20:51:06,457 - INFO - Validation Dataset: {'Recall@5': 0.10561454326317117, 'Recall@10': 0.13123391250788474, 'Recall@20': 0.15970881622730534}
2026-08-14 20:51:06,457 - INFO - Validation Dataset: {'NDCG@5': 0.08770314983045502, 'NDCG@10': 0.09592611559857273, 'NDCG@20': 0.10313312932273595}
2026-08-14 20:51:06,457 - INFO - No improvement in NDCG@20. Early stop counter: 6
2026-08-14 20:51:06,457 - INFO - Epoch 51/200
2026-08-14 20:51:31,591 - INFO - Training loss: 1.9928382260128132
2026-08-14 20:51:47,790 - INFO - Validation Dataset: {'Recall@5': 0.1054938871082652, 'Recall@10': 0.1296653798763356, 'Recall@20': 0.15922619045701267}
2026-08-14 20:51:47,790 - INFO - Validation Dataset: {'NDCG@5': 0.0876134428048226, 'NDCG@10': 0.09538058532423495, 'NDCG@20': 0.10287871915113511}
2026-08-14 20:51:47,790 - INFO - No improvement in NDCG@20. Early stop counter: 7
2026-08-14 20:51:47,790 - INFO - Epoch 52/200
2026-08-14 20:52:12,932 - INFO - Training loss: 1.9885326147079467
2026-08-14 20:52:29,058 - INFO - Validation Dataset: {'Recall@5': 0.10585585619146759, 'Recall@10': 0.1321187258543425, 'Recall@20': 0.15982947202262732}
2026-08-14 20:52:29,058 - INFO - Validation Dataset: {'NDCG@5': 0.08813505066724127, 'NDCG@10': 0.09659496824972648, 'NDCG@20': 0.10363123820497723}
2026-08-14 20:52:29,058 - INFO - Best NDCG@20: 0.10363123820497723
2026-08-14 20:52:29,104 - INFO - Best model saved to ./ckpt/Instruments/Aug-14-2026_20-15-45
2026-08-14 20:52:29,104 - INFO - Epoch 53/200
2026-08-14 20:52:54,230 - INFO - Training loss: 1.9825449626422622
2026-08-14 20:53:10,408 - INFO - Validation Dataset: {'Recall@5': 0.10621782513083639, 'Recall@10': 0.1317165379617435, 'Recall@20': 0.16171975540263311}
2026-08-14 20:53:10,408 - INFO - Validation Dataset: {'NDCG@5': 0.0884838812628538, 'NDCG@10': 0.09668449333304374, 'NDCG@20': 0.1042701849232079}
2026-08-14 20:53:10,408 - INFO - Best NDCG@20: 0.1042701849232079
2026-08-14 20:53:10,475 - INFO - Best model saved to ./ckpt/Instruments/Aug-14-2026_20-15-45
2026-08-14 20:53:10,475 - INFO - Epoch 54/200
2026-08-14 20:53:35,533 - INFO - Training loss: 1.978240845272842
2026-08-14 20:53:51,715 - INFO - Validation Dataset: {'Recall@5': 0.10613738781409374, 'Recall@10': 0.13171653794736016, 'Recall@20': 0.16373069564232956}
2026-08-14 20:53:51,716 - INFO - Validation Dataset: {'NDCG@5': 0.08825134364420613, 'NDCG@10': 0.09648295898982917, 'NDCG@20': 0.10458752966007671}
2026-08-14 20:53:51,716 - INFO - Best NDCG@20: 0.10458752966007671
2026-08-14 20:53:51,759 - INFO - Best model saved to ./ckpt/Instruments/Aug-14-2026_20-15-45
2026-08-14 20:53:51,759 - INFO - Epoch 55/200
2026-08-14 20:54:16,997 - INFO - Training loss: 1.9734399786273253
2026-08-14 20:54:33,201 - INFO - Validation Dataset: {'Recall@5': 0.10690154431524423, 'Recall@10': 0.13119369394300526, 'Recall@20': 0.1612371298624742}
2026-08-14 20:54:33,201 - INFO - Validation Dataset: {'NDCG@5': 0.0886919943105185, 'NDCG@10': 0.09646664050670203, 'NDCG@20': 0.10407797668603856}
2026-08-14 20:54:33,201 - INFO - No improvement in NDCG@20. Early stop counter: 1
2026-08-14 20:54:33,201 - INFO - Epoch 56/200
2026-08-14 20:54:58,435 - INFO - Training loss: 1.968181564275501
2026-08-14 20:55:14,629 - INFO - Validation Dataset: {'Recall@5': 0.10456885464316859, 'Recall@10': 0.12878056648672778, 'Recall@20': 0.16035231683245035}
2026-08-14 20:55:14,629 - INFO - Validation Dataset: {'NDCG@5': 0.08751996722374414, 'NDCG@10': 0.0953036495502391, 'NDCG@20': 0.10327018450758632}
2026-08-14 20:55:14,629 - INFO - No improvement in NDCG@20. Early stop counter: 2
2026-08-14 20:55:14,629 - INFO - Epoch 57/200
2026-08-14 20:55:39,791 - INFO - Training loss: 1.9657213470310841
2026-08-14 20:55:56,037 - INFO - Validation Dataset: {'Recall@5': 0.10557432481335857, 'Recall@10': 0.13042953688090372, 'Recall@20': 0.16103603618945855}
2026-08-14 20:55:56,037 - INFO - Validation Dataset: {'NDCG@5': 0.08814275748740062, 'NDCG@10': 0.09615372647765061, 'NDCG@20': 0.10387285611804388}
2026-08-14 20:55:56,037 - INFO - No improvement in NDCG@20. Early stop counter: 3
2026-08-14 20:55:56,037 - INFO - Epoch 58/200
2026-08-14 20:56:21,558 - INFO - Training loss: 1.9604151241987655
2026-08-14 20:56:37,885 - INFO - Validation Dataset: {'Recall@5': 0.10585585616989256, 'Recall@10': 0.13067084957906638, 'Recall@20': 0.1606740675952904}
2026-08-14 20:56:37,886 - INFO - Validation Dataset: {'NDCG@5': 0.08879343186177917, 'NDCG@10': 0.0968045039195927, 'NDCG@20': 0.10438210622166574}
2026-08-14 20:56:37,886 - INFO - No improvement in NDCG@20. Early stop counter: 4
2026-08-14 20:56:37,886 - INFO - Epoch 59/200
2026-08-14 20:57:11,435 - INFO - Training loss: 1.954996728434146
2026-08-14 20:57:28,508 - INFO - Validation Dataset: {'Recall@5': 0.10601673131398713, 'Recall@10': 0.13071106844599642, 'Recall@20': 0.16055341053423275}
2026-08-14 20:57:28,508 - INFO - Validation Dataset: {'NDCG@5': 0.08858482092331275, 'NDCG@10': 0.09651980425400163, 'NDCG@20': 0.10403515401379022}
2026-08-14 20:57:28,508 - INFO - No improvement in NDCG@20. Early stop counter: 5
2026-08-14 20:57:28,508 - INFO - Epoch 60/200
2026-08-14 20:57:53,770 - INFO - Training loss: 1.9499924891203353
2026-08-14 20:58:10,685 - INFO - Validation Dataset: {'Recall@5': 0.10674066943724184, 'Recall@10': 0.13079150612232307, 'Recall@20': 0.16119691159964528}
2026-08-14 20:58:10,686 - INFO - Validation Dataset: {'NDCG@5': 0.08872549786703467, 'NDCG@10': 0.09646464119086394, 'NDCG@20': 0.10418091590685273}
2026-08-14 20:58:10,686 - INFO - No improvement in NDCG@20. Early stop counter: 6
2026-08-14 20:58:10,686 - INFO - Epoch 61/200
2026-08-14 20:58:35,951 - INFO - Training loss: 1.9467783219605974
2026-08-14 20:58:52,208 - INFO - Validation Dataset: {'Recall@5': 0.10597651256212397, 'Recall@10': 0.13014800527266093, 'Recall@20': 0.16171975592043408}
2026-08-14 20:58:52,208 - INFO - Validation Dataset: {'NDCG@5': 0.08874255921475906, 'NDCG@10': 0.09654755437293568, 'NDCG@20': 0.10453277540080336}
2026-08-14 20:58:52,208 - INFO - No improvement in NDCG@20. Early stop counter: 7
2026-08-14 20:58:52,208 - INFO - Epoch 62/200
2026-08-14 20:59:17,366 - INFO - Training loss: 1.9424009075442563
2026-08-14 20:59:33,525 - INFO - Validation Dataset: {'Recall@5': 0.10569498057991382, 'Recall@10': 0.13067084942084942, 'Recall@20': 0.16103603644835904}
2026-08-14 20:59:33,525 - INFO - Validation Dataset: {'NDCG@5': 0.08835621060925791, 'NDCG@10': 0.09634972677267656, 'NDCG@20': 0.10401099940409532}
2026-08-14 20:59:33,525 - INFO - No improvement in NDCG@20. Early stop counter: 8
2026-08-14 20:59:33,525 - INFO - Epoch 63/200
2026-08-14 20:59:58,590 - INFO - Training loss: 1.9375063361473455
2026-08-14 21:00:14,806 - INFO - Validation Dataset: {'Recall@5': 0.10706241938023034, 'Recall@10': 0.13123391269486842, 'Recall@20': 0.16111647380825175}
2026-08-14 21:00:14,806 - INFO - Validation Dataset: {'NDCG@5': 0.08916552246882649, 'NDCG@10': 0.09690193787332207, 'NDCG@20': 0.10446182606763361}
2026-08-14 21:00:14,806 - INFO - No improvement in NDCG@20. Early stop counter: 9
2026-08-14 21:00:14,806 - INFO - Epoch 64/200
2026-08-14 21:00:39,932 - INFO - Training loss: 1.9339288549515807
2026-08-14 21:00:56,118 - INFO - Validation Dataset: {'Recall@5': 0.10589607468443027, 'Recall@10': 0.1305501933234769, 'Recall@20': 0.16196106837407961}
2026-08-14 21:00:56,118 - INFO - Validation Dataset: {'NDCG@5': 0.08904169259672, 'NDCG@10': 0.09697636803719988, 'NDCG@20': 0.10494139862451775}
2026-08-14 21:00:56,119 - INFO - Best NDCG@20: 0.10494139862451775
2026-08-14 21:00:56,210 - INFO - Best model saved to ./ckpt/Instruments/Aug-14-2026_20-15-45
2026-08-14 21:00:56,210 - INFO - Epoch 65/200
2026-08-14 21:01:21,333 - INFO - Training loss: 1.928482788974799
2026-08-14 21:01:37,516 - INFO - Validation Dataset: {'Recall@5': 0.10698198240868834, 'Recall@10': 0.13183719427486645, 'Recall@20': 0.16075450440861544}
2026-08-14 21:01:37,517 - INFO - Validation Dataset: {'NDCG@5': 0.08892969877735989, 'NDCG@10': 0.09693860499957814, 'NDCG@20': 0.10423726973961679}
2026-08-14 21:01:37,517 - INFO - No improvement in NDCG@20. Early stop counter: 1
2026-08-14 21:01:37,517 - INFO - Epoch 66/200
2026-08-14 21:02:02,579 - INFO - Training loss: 1.9255157572551838
2026-08-14 21:02:18,780 - INFO - Validation Dataset: {'Recall@5': 0.1060167312852204, 'Recall@10': 0.1296653800633193, 'Recall@20': 0.16035231680368364}
2026-08-14 21:02:18,780 - INFO - Validation Dataset: {'NDCG@5': 0.08847899463128399, 'NDCG@10': 0.09608938963544415, 'NDCG@20': 0.10378946063313706}
2026-08-14 21:02:18,780 - INFO - No improvement in NDCG@20. Early stop counter: 2
2026-08-14 21:02:18,780 - INFO - Epoch 67/200
2026-08-14 21:02:43,840 - INFO - Training loss: 1.9206666874654086
2026-08-14 21:03:00,045 - INFO - Validation Dataset: {'Recall@5': 0.10577541855829102, 'Recall@10': 0.13079150620862323, 'Recall@20': 0.16019144176746428}
2026-08-14 21:03:00,046 - INFO - Validation Dataset: {'NDCG@5': 0.08805090186822599, 'NDCG@10': 0.09609791862285735, 'NDCG@20': 0.10353688517419989}
2026-08-14 21:03:00,047 - INFO - No improvement in NDCG@20. Early stop counter: 3
2026-08-14 21:03:00,047 - INFO - Epoch 68/200
2026-08-14 21:03:25,155 - INFO - Training loss: 1.9183458649996414
2026-08-14 21:03:41,341 - INFO - Validation Dataset: {'Recall@5': 0.10404601040148827, 'Recall@10': 0.1302686617152341, 'Recall@20': 0.16212194343906572}
2026-08-14 21:03:41,341 - INFO - Validation Dataset: {'NDCG@5': 0.08709575359540557, 'NDCG@10': 0.09550907142086379, 'NDCG@20': 0.10357197881838069}
2026-08-14 21:03:41,341 - INFO - No improvement in NDCG@20. Early stop counter: 4
2026-08-14 21:03:41,341 - INFO - Epoch 69/200
2026-08-14 21:04:06,383 - INFO - Training loss: 1.912702016923034
2026-08-14 21:04:22,558 - INFO - Validation Dataset: {'Recall@5': 0.10641891878946867, 'Recall@10': 0.13079150617985652, 'Recall@20': 0.16115669218614756}
2026-08-14 21:04:22,559 - INFO - Validation Dataset: {'NDCG@5': 0.08902229105471184, 'NDCG@10': 0.09683625689171917, 'NDCG@20': 0.10451420701493627}
2026-08-14 21:04:22,559 - INFO - No improvement in NDCG@20. Early stop counter: 5
2026-08-14 21:04:22,559 - INFO - Epoch 70/200
2026-08-14 21:04:47,743 - INFO - Training loss: 1.908432649177255
2026-08-14 21:05:03,895 - INFO - Validation Dataset: {'Recall@5': 0.10436776091981119, 'Recall@10': 0.12833815951144834, 'Recall@20': 0.15962837883864592}
2026-08-14 21:05:03,895 - INFO - Validation Dataset: {'NDCG@5': 0.08749436421686618, 'NDCG@10': 0.09517974263366355, 'NDCG@20': 0.1030920259654522}
2026-08-14 21:05:03,895 - INFO - No improvement in NDCG@20. Early stop counter: 6
2026-08-14 21:05:03,895 - INFO - Epoch 71/200
2026-08-14 21:05:29,049 - INFO - Training loss: 1.9058114380512423
2026-08-14 21:05:45,261 - INFO - Validation Dataset: {'Recall@5': 0.10629826283592975, 'Recall@10': 0.1309121626943465, 'Recall@20': 0.16019144170993083}
2026-08-14 21:05:45,262 - INFO - Validation Dataset: {'NDCG@5': 0.08888371565656082, 'NDCG@10': 0.09676831896672147, 'NDCG@20': 0.1041573112305527}
2026-08-14 21:05:45,262 - INFO - No improvement in NDCG@20. Early stop counter: 7
2026-08-14 21:05:45,262 - INFO - Epoch 72/200
2026-08-14 21:06:10,375 - INFO - Training loss: 1.902832593732667
2026-08-14 21:06:27,107 - INFO - Validation Dataset: {'Recall@5': 0.1058960749289474, 'Recall@10': 0.13099259999670576, 'Recall@20': 0.1612371300063078}
2026-08-14 21:06:27,107 - INFO - Validation Dataset: {'NDCG@5': 0.08846270366352497, 'NDCG@10': 0.09651946985525975, 'NDCG@20': 0.1041599006093607}
2026-08-14 21:06:27,107 - INFO - No improvement in NDCG@20. Early stop counter: 8
2026-08-14 21:06:27,107 - INFO - Epoch 73/200
2026-08-14 21:06:52,179 - INFO - Training loss: 1.8969367337458343
2026-08-14 21:07:08,389 - INFO - Validation Dataset: {'Recall@5': 0.10666023192632383, 'Recall@10': 0.13167631944001412, 'Recall@20': 0.16175997424079644}
2026-08-14 21:07:08,389 - INFO - Validation Dataset: {'NDCG@5': 0.08851811955377287, 'NDCG@10': 0.09655522766548234, 'NDCG@20': 0.10411626345057284}
2026-08-14 21:07:08,389 - INFO - No improvement in NDCG@20. Early stop counter: 9
2026-08-14 21:07:08,389 - INFO - Epoch 74/200
2026-08-14 21:07:34,058 - INFO - Training loss: 1.893339852221961
2026-08-14 21:07:50,368 - INFO - Validation Dataset: {'Recall@5': 0.10585585619146759, 'Recall@10': 0.12990669263203172, 'Recall@20': 0.16051319222825375}
2026-08-14 21:07:50,368 - INFO - Validation Dataset: {'NDCG@5': 0.08817716365730441, 'NDCG@10': 0.09586560240008196, 'NDCG@20': 0.10362016659906012}
2026-08-14 21:07:50,368 - INFO - No improvement in NDCG@20. Early stop counter: 10
2026-08-14 21:07:50,368 - INFO - Epoch 75/200
2026-08-14 21:08:15,495 - INFO - Training loss: 1.8902596811646397
2026-08-14 21:08:40,296 - INFO - Validation Dataset: {'Recall@5': 0.10645913820296642, 'Recall@10': 0.13038931778383991, 'Recall@20': 0.15974903503670196}
2026-08-14 21:08:40,297 - INFO - Validation Dataset: {'NDCG@5': 0.08872469336973884, 'NDCG@10': 0.09636151310214665, 'NDCG@20': 0.1037726615587947}
2026-08-14 21:08:40,297 - INFO - No improvement in NDCG@20. Early stop counter: 11
2026-08-14 21:08:40,297 - INFO - Epoch 76/200
2026-08-14 21:09:07,531 - INFO - Training loss: 1.8851195758986241
2026-08-14 21:09:23,738 - INFO - Validation Dataset: {'Recall@5': 0.10629826274962959, 'Recall@10': 0.12958494196987522, 'Recall@20': 0.16256434979586068}
2026-08-14 21:09:23,738 - INFO - Validation Dataset: {'NDCG@5': 0.08873650725772712, 'NDCG@10': 0.09618768682092083, 'NDCG@20': 0.10450815862497768}
2026-08-14 21:09:23,738 - INFO - No improvement in NDCG@20. Early stop counter: 12
2026-08-14 21:09:23,738 - INFO - Epoch 77/200
2026-08-14 21:09:48,824 - INFO - Training loss: 1.882130524255697
2026-08-14 21:10:05,017 - INFO - Validation Dataset: {'Recall@5': 0.10549388687813144, 'Recall@10': 0.1305904120609567, 'Recall@20': 0.16224259986725553}
2026-08-14 21:10:05,018 - INFO - Validation Dataset: {'NDCG@5': 0.08803948874380367, 'NDCG@10': 0.096132629223772, 'NDCG@20': 0.10410535685056425}
2026-08-14 21:10:05,018 - INFO - No improvement in NDCG@20. Early stop counter: 13
2026-08-14 21:10:05,018 - INFO - Epoch 78/200
2026-08-14 21:10:30,099 - INFO - Training loss: 1.8781439251112706
2026-08-14 21:10:46,313 - INFO - Validation Dataset: {'Recall@5': 0.10525257423750221, 'Recall@10': 0.1312339128530854, 'Recall@20': 0.1622023808852586}
2026-08-14 21:10:46,314 - INFO - Validation Dataset: {'NDCG@5': 0.08779794210028695, 'NDCG@10': 0.09611149547211682, 'NDCG@20': 0.10393330552633205}
2026-08-14 21:10:46,314 - INFO - No improvement in NDCG@20. Early stop counter: 14
2026-08-14 21:10:46,314 - INFO - Epoch 79/200
2026-08-14 21:11:11,401 - INFO - Training loss: 1.8730610872935323
2026-08-14 21:11:27,625 - INFO - Validation Dataset: {'Recall@5': 0.1054938869644316, 'Recall@10': 0.12950450484011625, 'Recall@20': 0.15986969100462423}
2026-08-14 21:11:27,625 - INFO - Validation Dataset: {'NDCG@5': 0.0879931452335308, 'NDCG@10': 0.09570904293288135, 'NDCG@20': 0.10339527840377281}
2026-08-14 21:11:27,625 - INFO - No improvement in NDCG@20. Early stop counter: 15
2026-08-14 21:11:27,625 - INFO - Epoch 80/200
2026-08-14 21:11:52,681 - INFO - Training loss: 1.8700245748445825
2026-08-14 21:12:08,864 - INFO - Validation Dataset: {'Recall@5': 0.10541344924495487, 'Recall@10': 0.13083172498925313, 'Recall@20': 0.16228281899308605}
2026-08-14 21:12:08,864 - INFO - Validation Dataset: {'NDCG@5': 0.08761278649928717, 'NDCG@10': 0.09573798665496373, 'NDCG@20': 0.1036857574689112}
2026-08-14 21:12:08,864 - INFO - No improvement in NDCG@20. Early stop counter: 16
2026-08-14 21:12:08,864 - INFO - Epoch 81/200
2026-08-14 21:12:33,798 - INFO - Training loss: 1.8647697888531731
2026-08-14 21:12:49,992 - INFO - Validation Dataset: {'Recall@5': 0.10456885473666044, 'Recall@10': 0.12938384834000963, 'Recall@20': 0.16167953675145347}
2026-08-14 21:12:49,992 - INFO - Validation Dataset: {'NDCG@5': 0.08776054307674579, 'NDCG@10': 0.09578904907244283, 'NDCG@20': 0.10396133154688195}
2026-08-14 21:12:49,992 - INFO - No improvement in NDCG@20. Early stop counter: 17
2026-08-14 21:12:49,992 - INFO - Epoch 82/200
2026-08-14 21:13:15,106 - INFO - Training loss: 1.862571286229254
2026-08-14 21:13:31,308 - INFO - Validation Dataset: {'Recall@5': 0.10629826282873807, 'Recall@10': 0.13030888056778078, 'Recall@20': 0.1631274128397459}
2026-08-14 21:13:31,309 - INFO - Validation Dataset: {'NDCG@5': 0.08819376098344454, 'NDCG@10': 0.09592992623973078, 'NDCG@20': 0.1042160799431985}
2026-08-14 21:13:31,309 - INFO - No improvement in NDCG@20. Early stop counter: 18
2026-08-14 21:13:31,309 - INFO - Epoch 83/200
2026-08-14 21:13:56,476 - INFO - Training loss: 1.8594926841050676
2026-08-14 21:14:12,714 - INFO - Validation Dataset: {'Recall@5': 0.10621782503015287, 'Recall@10': 0.12950450481134954, 'Recall@20': 0.16063384835439298}
2026-08-14 21:14:12,715 - INFO - Validation Dataset: {'NDCG@5': 0.08813202539350996, 'NDCG@10': 0.09563982823295483, 'NDCG@20': 0.10350682678485008}
2026-08-14 21:14:12,716 - INFO - No improvement in NDCG@20. Early stop counter: 19
2026-08-14 21:14:12,716 - INFO - Epoch 84/200
2026-08-14 21:14:37,854 - INFO - Training loss: 1.8547838440219175
2026-08-14 21:14:54,111 - INFO - Validation Dataset: {'Recall@5': 0.1058558559325671, 'Recall@10': 0.1308719433671489, 'Recall@20': 0.16212194378426636}
2026-08-14 21:14:54,111 - INFO - Validation Dataset: {'NDCG@5': 0.08818754377598698, 'NDCG@10': 0.09630302381503997, 'NDCG@20': 0.10417480889031785}
2026-08-14 21:14:54,111 - INFO - No improvement in NDCG@20. Early stop counter: 20
2026-08-14 21:14:54,111 - INFO - Early stopping triggered.
