2026-09-27 00:15:26,513 - INFO - Configuration: {'batch_size': 4096, 'infer_size': 1024, 'num_epochs': 150, 'eval_interval': 5, 'eval_start_epoch': 75, 'early_eval_epochs': (25, 50, 75, 100, 125), 'early_stop': 10, 'fast': True, 'bf16': True, 'use_lr_scheduler': True, 'lr_warmup_pct': 0.1, 'lr_min_factor': 0.2, 'compile': False, 'compile_mode': 'default', 'num_layers': 4, 'num_decoder_layers': 4, 'd_model': 128, 'd_ff': 1024, 'num_heads': 6, 'd_kv': 64, 'dropout_rate': 0.1, 'activation_function': 'relu', 'feed_forward_proj': 'relu', 'device': 'cuda', 'lr': 0.003, 'weight_decay': 0.05, 'vocab_size': 811, 'eos_token_id': 810, 'pad_token_id': 0, 'n_user_tokens': 1, 'max_len': 20, 'dataset_name': 'Amazon_2023_Instruments', 'dataset_path': '/home/wlia0047/ar57/wenyu/GeneRec/results/stage0_build_parquet/', 'codebook_size': [256, 256, 256, 1], 'code_path': '/home/wlia0047/ar57/wenyu/GeneRec/results/stage2_RQ-VAE/curvature_RQ-VAE_iter28/item_sids.json', 'train_file': 'train.parquet', 'valid_file': 'valid.parquet', 'test_file': 'test.parquet', 'log_path': '/home/wlia0047/ar57/wenyu/GeneRec/results/stage3_T5Train/curvature_RQ-VAE_iter28/logs/', 'save_path': '/home/wlia0047/ar57/wenyu/GeneRec/results/stage3_T5Train/curvature_RQ-VAE_iter28/ckpt/', 'seed': 42, 'topk_list': [5, 10], 'beam_size': 20, 'no_eval': True, 'skip_test': False, 'screen_baseline_log': '', 'screen_start_epoch': 40, 'screen_window': 5, 'screen_min_ndcg_gain': 0.001, 'screen_min_recall_gain': 0.001, 'screen_skip_test_on_fail': True, 'num_workers': 4, 'prefetch_factor': 8, 'exclude_history': True, 'no_exclude_history': False, 'pin_memory': True, 'no_pin_memory': False, 'sid_length': 4, 'max_token_seq_len': 82, 'decoder_start_token_id': 0}
2026-09-27 00:15:26,617 - INFO - #Embedding parameters: 103808
#Non-embedding parameters: 4459648
#Total trainable parameters: 4563456

2026-09-27 00:15:40,626 - INFO - Epoch 1/150 train_loss=4.842844734191894
2026-09-27 00:15:40,714 - INFO - Best train loss=4.842844734191894; saved /home/wlia0047/ar57/wenyu/GeneRec/results/stage3_T5Train/curvature_RQ-VAE_iter28/ckpt/Amazon_2023_Instruments/Sep-27-2026_00-15-26/HG_Rec_best.pth
2026-09-27 00:15:52,341 - INFO - Epoch 2/150 train_loss=4.1439876365661625
2026-09-27 00:15:52,389 - INFO - Best train loss=4.1439876365661625; saved /home/wlia0047/ar57/wenyu/GeneRec/results/stage3_T5Train/curvature_RQ-VAE_iter28/ckpt/Amazon_2023_Instruments/Sep-27-2026_00-15-26/HG_Rec_best.pth
2026-09-27 00:16:04,008 - INFO - Epoch 3/150 train_loss=3.952586145401001
2026-09-27 00:16:04,052 - INFO - Best train loss=3.952586145401001; saved /home/wlia0047/ar57/wenyu/GeneRec/results/stage3_T5Train/curvature_RQ-VAE_iter28/ckpt/Amazon_2023_Instruments/Sep-27-2026_00-15-26/HG_Rec_best.pth
2026-09-27 00:16:15,664 - INFO - Epoch 4/150 train_loss=3.8046556949615478
2026-09-27 00:16:15,706 - INFO - Best train loss=3.8046556949615478; saved /home/wlia0047/ar57/wenyu/GeneRec/results/stage3_T5Train/curvature_RQ-VAE_iter28/ckpt/Amazon_2023_Instruments/Sep-27-2026_00-15-26/HG_Rec_best.pth
2026-09-27 00:16:27,314 - INFO - Epoch 5/150 train_loss=3.658474521636963
2026-09-27 00:16:27,359 - INFO - Best train loss=3.658474521636963; saved /home/wlia0047/ar57/wenyu/GeneRec/results/stage3_T5Train/curvature_RQ-VAE_iter28/ckpt/Amazon_2023_Instruments/Sep-27-2026_00-15-26/HG_Rec_best.pth
2026-09-27 00:16:38,966 - INFO - Epoch 6/150 train_loss=3.540403137207031
2026-09-27 00:16:39,014 - INFO - Best train loss=3.540403137207031; saved /home/wlia0047/ar57/wenyu/GeneRec/results/stage3_T5Train/curvature_RQ-VAE_iter28/ckpt/Amazon_2023_Instruments/Sep-27-2026_00-15-26/HG_Rec_best.pth
2026-09-27 00:16:50,627 - INFO - Epoch 7/150 train_loss=3.374345693588257
2026-09-27 00:16:50,667 - INFO - Best train loss=3.374345693588257; saved /home/wlia0047/ar57/wenyu/GeneRec/results/stage3_T5Train/curvature_RQ-VAE_iter28/ckpt/Amazon_2023_Instruments/Sep-27-2026_00-15-26/HG_Rec_best.pth
2026-09-27 00:17:02,278 - INFO - Epoch 8/150 train_loss=3.258945732116699
2026-09-27 00:17:02,319 - INFO - Best train loss=3.258945732116699; saved /home/wlia0047/ar57/wenyu/GeneRec/results/stage3_T5Train/curvature_RQ-VAE_iter28/ckpt/Amazon_2023_Instruments/Sep-27-2026_00-15-26/HG_Rec_best.pth
2026-09-27 00:17:13,931 - INFO - Epoch 9/150 train_loss=3.1520641899108885
2026-09-27 00:17:13,971 - INFO - Best train loss=3.1520641899108885; saved /home/wlia0047/ar57/wenyu/GeneRec/results/stage3_T5Train/curvature_RQ-VAE_iter28/ckpt/Amazon_2023_Instruments/Sep-27-2026_00-15-26/HG_Rec_best.pth
2026-09-27 00:17:25,577 - INFO - Epoch 10/150 train_loss=3.978836793899536
2026-09-27 00:17:25,581 - INFO - No train loss improvement; patience=1
2026-09-27 00:17:37,195 - INFO - Epoch 11/150 train_loss=3.5541049098968505
2026-09-27 00:17:37,205 - INFO - No train loss improvement; patience=2
2026-09-27 00:17:48,825 - INFO - Epoch 12/150 train_loss=3.4671758937835695
2026-09-27 00:17:48,830 - INFO - No train loss improvement; patience=3
2026-09-27 00:18:00,440 - INFO - Epoch 13/150 train_loss=3.395939426422119
2026-09-27 00:18:00,450 - INFO - No train loss improvement; patience=4
2026-09-27 00:18:12,055 - INFO - Epoch 14/150 train_loss=3.3181129455566407
2026-09-27 00:18:12,066 - INFO - No train loss improvement; patience=5
2026-09-27 00:18:23,670 - INFO - Epoch 15/150 train_loss=3.238758201599121
2026-09-27 00:18:23,676 - INFO - No train loss improvement; patience=6
2026-09-27 00:18:35,276 - INFO - Epoch 16/150 train_loss=3.1622649669647216
2026-09-27 00:18:35,282 - INFO - No train loss improvement; patience=7
2026-09-27 00:18:46,895 - INFO - Epoch 17/150 train_loss=3.090035982131958
2026-09-27 00:18:46,940 - INFO - Best train loss=3.090035982131958; saved /home/wlia0047/ar57/wenyu/GeneRec/results/stage3_T5Train/curvature_RQ-VAE_iter28/ckpt/Amazon_2023_Instruments/Sep-27-2026_00-15-26/HG_Rec_best.pth
2026-09-27 00:18:59,157 - INFO - Epoch 18/150 train_loss=3.024389524459839
2026-09-27 00:18:59,197 - INFO - Best train loss=3.024389524459839; saved /home/wlia0047/ar57/wenyu/GeneRec/results/stage3_T5Train/curvature_RQ-VAE_iter28/ckpt/Amazon_2023_Instruments/Sep-27-2026_00-15-26/HG_Rec_best.pth
2026-09-27 00:19:10,804 - INFO - Epoch 19/150 train_loss=2.9690102195739745
2026-09-27 00:19:10,843 - INFO - Best train loss=2.9690102195739745; saved /home/wlia0047/ar57/wenyu/GeneRec/results/stage3_T5Train/curvature_RQ-VAE_iter28/ckpt/Amazon_2023_Instruments/Sep-27-2026_00-15-26/HG_Rec_best.pth
2026-09-27 00:19:22,458 - INFO - Epoch 20/150 train_loss=2.90633261680603
2026-09-27 00:19:22,494 - INFO - Best train loss=2.90633261680603; saved /home/wlia0047/ar57/wenyu/GeneRec/results/stage3_T5Train/curvature_RQ-VAE_iter28/ckpt/Amazon_2023_Instruments/Sep-27-2026_00-15-26/HG_Rec_best.pth
2026-09-27 00:19:34,097 - INFO - Epoch 21/150 train_loss=2.857946367263794
2026-09-27 00:19:34,136 - INFO - Best train loss=2.857946367263794; saved /home/wlia0047/ar57/wenyu/GeneRec/results/stage3_T5Train/curvature_RQ-VAE_iter28/ckpt/Amazon_2023_Instruments/Sep-27-2026_00-15-26/HG_Rec_best.pth
2026-09-27 00:19:45,748 - INFO - Epoch 22/150 train_loss=2.813508825302124
2026-09-27 00:19:45,784 - INFO - Best train loss=2.813508825302124; saved /home/wlia0047/ar57/wenyu/GeneRec/results/stage3_T5Train/curvature_RQ-VAE_iter28/ckpt/Amazon_2023_Instruments/Sep-27-2026_00-15-26/HG_Rec_best.pth
2026-09-27 00:19:57,391 - INFO - Epoch 23/150 train_loss=2.7670894145965574
2026-09-27 00:19:57,434 - INFO - Best train loss=2.7670894145965574; saved /home/wlia0047/ar57/wenyu/GeneRec/results/stage3_T5Train/curvature_RQ-VAE_iter28/ckpt/Amazon_2023_Instruments/Sep-27-2026_00-15-26/HG_Rec_best.pth
2026-09-27 00:20:09,047 - INFO - Epoch 24/150 train_loss=2.7310497188568115
2026-09-27 00:20:09,083 - INFO - Best train loss=2.7310497188568115; saved /home/wlia0047/ar57/wenyu/GeneRec/results/stage3_T5Train/curvature_RQ-VAE_iter28/ckpt/Amazon_2023_Instruments/Sep-27-2026_00-15-26/HG_Rec_best.pth
2026-09-27 00:20:20,697 - INFO - Epoch 25/150 train_loss=2.691603755950928
2026-09-27 00:20:20,741 - INFO - Best train loss=2.691603755950928; saved /home/wlia0047/ar57/wenyu/GeneRec/results/stage3_T5Train/curvature_RQ-VAE_iter28/ckpt/Amazon_2023_Instruments/Sep-27-2026_00-15-26/HG_Rec_best.pth
2026-09-27 00:20:32,364 - INFO - Epoch 26/150 train_loss=2.6499813842773436
2026-09-27 00:20:32,402 - INFO - Best train loss=2.6499813842773436; saved /home/wlia0047/ar57/wenyu/GeneRec/results/stage3_T5Train/curvature_RQ-VAE_iter28/ckpt/Amazon_2023_Instruments/Sep-27-2026_00-15-26/HG_Rec_best.pth
2026-09-27 00:20:44,009 - INFO - Epoch 27/150 train_loss=2.6235069465637206
2026-09-27 00:20:44,052 - INFO - Best train loss=2.6235069465637206; saved /home/wlia0047/ar57/wenyu/GeneRec/results/stage3_T5Train/curvature_RQ-VAE_iter28/ckpt/Amazon_2023_Instruments/Sep-27-2026_00-15-26/HG_Rec_best.pth
2026-09-27 00:20:55,661 - INFO - Epoch 28/150 train_loss=2.5889381980895996
2026-09-27 00:20:55,699 - INFO - Best train loss=2.5889381980895996; saved /home/wlia0047/ar57/wenyu/GeneRec/results/stage3_T5Train/curvature_RQ-VAE_iter28/ckpt/Amazon_2023_Instruments/Sep-27-2026_00-15-26/HG_Rec_best.pth
2026-09-27 00:21:07,308 - INFO - Epoch 29/150 train_loss=2.5648192024230956
2026-09-27 00:21:07,349 - INFO - Best train loss=2.5648192024230956; saved /home/wlia0047/ar57/wenyu/GeneRec/results/stage3_T5Train/curvature_RQ-VAE_iter28/ckpt/Amazon_2023_Instruments/Sep-27-2026_00-15-26/HG_Rec_best.pth
2026-09-27 00:21:18,958 - INFO - Epoch 30/150 train_loss=2.5393471050262453
2026-09-27 00:21:18,999 - INFO - Best train loss=2.5393471050262453; saved /home/wlia0047/ar57/wenyu/GeneRec/results/stage3_T5Train/curvature_RQ-VAE_iter28/ckpt/Amazon_2023_Instruments/Sep-27-2026_00-15-26/HG_Rec_best.pth
2026-09-27 00:21:30,602 - INFO - Epoch 31/150 train_loss=2.5218417835235596
2026-09-27 00:21:30,640 - INFO - Best train loss=2.5218417835235596; saved /home/wlia0047/ar57/wenyu/GeneRec/results/stage3_T5Train/curvature_RQ-VAE_iter28/ckpt/Amazon_2023_Instruments/Sep-27-2026_00-15-26/HG_Rec_best.pth
2026-09-27 00:21:42,245 - INFO - Epoch 32/150 train_loss=2.497646770477295
2026-09-27 00:21:42,286 - INFO - Best train loss=2.497646770477295; saved /home/wlia0047/ar57/wenyu/GeneRec/results/stage3_T5Train/curvature_RQ-VAE_iter28/ckpt/Amazon_2023_Instruments/Sep-27-2026_00-15-26/HG_Rec_best.pth
2026-09-27 00:21:53,892 - INFO - Epoch 33/150 train_loss=2.4713345050811766
2026-09-27 00:21:53,931 - INFO - Best train loss=2.4713345050811766; saved /home/wlia0047/ar57/wenyu/GeneRec/results/stage3_T5Train/curvature_RQ-VAE_iter28/ckpt/Amazon_2023_Instruments/Sep-27-2026_00-15-26/HG_Rec_best.pth
2026-09-27 00:22:05,539 - INFO - Epoch 34/150 train_loss=2.447651424407959
2026-09-27 00:22:05,578 - INFO - Best train loss=2.447651424407959; saved /home/wlia0047/ar57/wenyu/GeneRec/results/stage3_T5Train/curvature_RQ-VAE_iter28/ckpt/Amazon_2023_Instruments/Sep-27-2026_00-15-26/HG_Rec_best.pth
2026-09-27 00:22:17,189 - INFO - Epoch 35/150 train_loss=2.4228173446655275
2026-09-27 00:22:17,229 - INFO - Best train loss=2.4228173446655275; saved /home/wlia0047/ar57/wenyu/GeneRec/results/stage3_T5Train/curvature_RQ-VAE_iter28/ckpt/Amazon_2023_Instruments/Sep-27-2026_00-15-26/HG_Rec_best.pth
2026-09-27 00:22:28,841 - INFO - Epoch 36/150 train_loss=2.400965385437012
2026-09-27 00:22:28,881 - INFO - Best train loss=2.400965385437012; saved /home/wlia0047/ar57/wenyu/GeneRec/results/stage3_T5Train/curvature_RQ-VAE_iter28/ckpt/Amazon_2023_Instruments/Sep-27-2026_00-15-26/HG_Rec_best.pth
2026-09-27 00:22:40,489 - INFO - Epoch 37/150 train_loss=2.3766480541229247
2026-09-27 00:22:40,532 - INFO - Best train loss=2.3766480541229247; saved /home/wlia0047/ar57/wenyu/GeneRec/results/stage3_T5Train/curvature_RQ-VAE_iter28/ckpt/Amazon_2023_Instruments/Sep-27-2026_00-15-26/HG_Rec_best.pth
2026-09-27 00:22:52,138 - INFO - Epoch 38/150 train_loss=2.357793998718262
2026-09-27 00:22:52,174 - INFO - Best train loss=2.357793998718262; saved /home/wlia0047/ar57/wenyu/GeneRec/results/stage3_T5Train/curvature_RQ-VAE_iter28/ckpt/Amazon_2023_Instruments/Sep-27-2026_00-15-26/HG_Rec_best.pth
2026-09-27 00:23:03,779 - INFO - Epoch 39/150 train_loss=2.3446037101745607
2026-09-27 00:23:03,815 - INFO - Best train loss=2.3446037101745607; saved /home/wlia0047/ar57/wenyu/GeneRec/results/stage3_T5Train/curvature_RQ-VAE_iter28/ckpt/Amazon_2023_Instruments/Sep-27-2026_00-15-26/HG_Rec_best.pth
2026-09-27 00:23:15,424 - INFO - Epoch 40/150 train_loss=2.3276562881469727
2026-09-27 00:23:15,461 - INFO - Best train loss=2.3276562881469727; saved /home/wlia0047/ar57/wenyu/GeneRec/results/stage3_T5Train/curvature_RQ-VAE_iter28/ckpt/Amazon_2023_Instruments/Sep-27-2026_00-15-26/HG_Rec_best.pth
2026-09-27 00:23:27,067 - INFO - Epoch 41/150 train_loss=2.312883138656616
2026-09-27 00:23:27,101 - INFO - Best train loss=2.312883138656616; saved /home/wlia0047/ar57/wenyu/GeneRec/results/stage3_T5Train/curvature_RQ-VAE_iter28/ckpt/Amazon_2023_Instruments/Sep-27-2026_00-15-26/HG_Rec_best.pth
2026-09-27 00:23:38,710 - INFO - Epoch 42/150 train_loss=2.299757356643677
2026-09-27 00:23:38,751 - INFO - Best train loss=2.299757356643677; saved /home/wlia0047/ar57/wenyu/GeneRec/results/stage3_T5Train/curvature_RQ-VAE_iter28/ckpt/Amazon_2023_Instruments/Sep-27-2026_00-15-26/HG_Rec_best.pth
2026-09-27 00:23:50,905 - INFO - Epoch 43/150 train_loss=2.2811914920806884
2026-09-27 00:23:50,942 - INFO - Best train loss=2.2811914920806884; saved /home/wlia0047/ar57/wenyu/GeneRec/results/stage3_T5Train/curvature_RQ-VAE_iter28/ckpt/Amazon_2023_Instruments/Sep-27-2026_00-15-26/HG_Rec_best.pth
2026-09-27 00:24:02,551 - INFO - Epoch 44/150 train_loss=2.270439329147339
2026-09-27 00:24:02,592 - INFO - Best train loss=2.270439329147339; saved /home/wlia0047/ar57/wenyu/GeneRec/results/stage3_T5Train/curvature_RQ-VAE_iter28/ckpt/Amazon_2023_Instruments/Sep-27-2026_00-15-26/HG_Rec_best.pth
2026-09-27 00:24:14,204 - INFO - Epoch 45/150 train_loss=2.2577515602111817
2026-09-27 00:24:14,245 - INFO - Best train loss=2.2577515602111817; saved /home/wlia0047/ar57/wenyu/GeneRec/results/stage3_T5Train/curvature_RQ-VAE_iter28/ckpt/Amazon_2023_Instruments/Sep-27-2026_00-15-26/HG_Rec_best.pth
2026-09-27 00:24:25,859 - INFO - Epoch 46/150 train_loss=2.2459409618377686
2026-09-27 00:24:25,895 - INFO - Best train loss=2.2459409618377686; saved /home/wlia0047/ar57/wenyu/GeneRec/results/stage3_T5Train/curvature_RQ-VAE_iter28/ckpt/Amazon_2023_Instruments/Sep-27-2026_00-15-26/HG_Rec_best.pth
2026-09-27 00:24:37,508 - INFO - Epoch 47/150 train_loss=2.2361706733703612
2026-09-27 00:24:37,548 - INFO - Best train loss=2.2361706733703612; saved /home/wlia0047/ar57/wenyu/GeneRec/results/stage3_T5Train/curvature_RQ-VAE_iter28/ckpt/Amazon_2023_Instruments/Sep-27-2026_00-15-26/HG_Rec_best.pth
2026-09-27 00:24:49,162 - INFO - Epoch 48/150 train_loss=2.226227674484253
2026-09-27 00:24:49,199 - INFO - Best train loss=2.226227674484253; saved /home/wlia0047/ar57/wenyu/GeneRec/results/stage3_T5Train/curvature_RQ-VAE_iter28/ckpt/Amazon_2023_Instruments/Sep-27-2026_00-15-26/HG_Rec_best.pth
2026-09-27 00:25:00,801 - INFO - Epoch 49/150 train_loss=2.2114652824401855
2026-09-27 00:25:00,840 - INFO - Best train loss=2.2114652824401855; saved /home/wlia0047/ar57/wenyu/GeneRec/results/stage3_T5Train/curvature_RQ-VAE_iter28/ckpt/Amazon_2023_Instruments/Sep-27-2026_00-15-26/HG_Rec_best.pth
2026-09-27 00:25:12,465 - INFO - Epoch 50/150 train_loss=2.209797601699829
2026-09-27 00:25:12,511 - INFO - Best train loss=2.209797601699829; saved /home/wlia0047/ar57/wenyu/GeneRec/results/stage3_T5Train/curvature_RQ-VAE_iter28/ckpt/Amazon_2023_Instruments/Sep-27-2026_00-15-26/HG_Rec_best.pth
2026-09-27 00:25:24,549 - INFO - Epoch 51/150 train_loss=2.1992341327667235
2026-09-27 00:25:24,928 - INFO - Best train loss=2.1992341327667235; saved /home/wlia0047/ar57/wenyu/GeneRec/results/stage3_T5Train/curvature_RQ-VAE_iter28/ckpt/Amazon_2023_Instruments/Sep-27-2026_00-15-26/HG_Rec_best.pth
2026-09-27 00:25:36,654 - INFO - Epoch 52/150 train_loss=2.1923998165130616
2026-09-27 00:25:36,700 - INFO - Best train loss=2.1923998165130616; saved /home/wlia0047/ar57/wenyu/GeneRec/results/stage3_T5Train/curvature_RQ-VAE_iter28/ckpt/Amazon_2023_Instruments/Sep-27-2026_00-15-26/HG_Rec_best.pth
2026-09-27 00:25:48,326 - INFO - Epoch 53/150 train_loss=2.1855552291870115
2026-09-27 00:25:48,376 - INFO - Best train loss=2.1855552291870115; saved /home/wlia0047/ar57/wenyu/GeneRec/results/stage3_T5Train/curvature_RQ-VAE_iter28/ckpt/Amazon_2023_Instruments/Sep-27-2026_00-15-26/HG_Rec_best.pth
2026-09-27 00:25:59,991 - INFO - Epoch 54/150 train_loss=2.176248073577881
2026-09-27 00:26:00,027 - INFO - Best train loss=2.176248073577881; saved /home/wlia0047/ar57/wenyu/GeneRec/results/stage3_T5Train/curvature_RQ-VAE_iter28/ckpt/Amazon_2023_Instruments/Sep-27-2026_00-15-26/HG_Rec_best.pth
2026-09-27 00:26:13,283 - INFO - Epoch 55/150 train_loss=2.172072238922119
2026-09-27 00:26:13,321 - INFO - Best train loss=2.172072238922119; saved /home/wlia0047/ar57/wenyu/GeneRec/results/stage3_T5Train/curvature_RQ-VAE_iter28/ckpt/Amazon_2023_Instruments/Sep-27-2026_00-15-26/HG_Rec_best.pth
2026-09-27 00:26:24,946 - INFO - Epoch 56/150 train_loss=2.163994007110596
2026-09-27 00:26:25,011 - INFO - Best train loss=2.163994007110596; saved /home/wlia0047/ar57/wenyu/GeneRec/results/stage3_T5Train/curvature_RQ-VAE_iter28/ckpt/Amazon_2023_Instruments/Sep-27-2026_00-15-26/HG_Rec_best.pth
2026-09-27 00:26:36,626 - INFO - Epoch 57/150 train_loss=2.1539337825775147
2026-09-27 00:26:36,666 - INFO - Best train loss=2.1539337825775147; saved /home/wlia0047/ar57/wenyu/GeneRec/results/stage3_T5Train/curvature_RQ-VAE_iter28/ckpt/Amazon_2023_Instruments/Sep-27-2026_00-15-26/HG_Rec_best.pth
2026-09-27 00:26:48,275 - INFO - Epoch 58/150 train_loss=2.1458844566345214
2026-09-27 00:26:48,310 - INFO - Best train loss=2.1458844566345214; saved /home/wlia0047/ar57/wenyu/GeneRec/results/stage3_T5Train/curvature_RQ-VAE_iter28/ckpt/Amazon_2023_Instruments/Sep-27-2026_00-15-26/HG_Rec_best.pth
2026-09-27 00:26:59,921 - INFO - Epoch 59/150 train_loss=2.1386975955963137
2026-09-27 00:26:59,960 - INFO - Best train loss=2.1386975955963137; saved /home/wlia0047/ar57/wenyu/GeneRec/results/stage3_T5Train/curvature_RQ-VAE_iter28/ckpt/Amazon_2023_Instruments/Sep-27-2026_00-15-26/HG_Rec_best.pth
2026-09-27 00:27:11,574 - INFO - Epoch 60/150 train_loss=2.1359692096710203
2026-09-27 00:27:11,614 - INFO - Best train loss=2.1359692096710203; saved /home/wlia0047/ar57/wenyu/GeneRec/results/stage3_T5Train/curvature_RQ-VAE_iter28/ckpt/Amazon_2023_Instruments/Sep-27-2026_00-15-26/HG_Rec_best.pth
2026-09-27 00:27:23,224 - INFO - Epoch 61/150 train_loss=2.129306573867798
2026-09-27 00:27:23,262 - INFO - Best train loss=2.129306573867798; saved /home/wlia0047/ar57/wenyu/GeneRec/results/stage3_T5Train/curvature_RQ-VAE_iter28/ckpt/Amazon_2023_Instruments/Sep-27-2026_00-15-26/HG_Rec_best.pth
2026-09-27 00:27:34,879 - INFO - Epoch 62/150 train_loss=2.1239452743530274
2026-09-27 00:27:34,916 - INFO - Best train loss=2.1239452743530274; saved /home/wlia0047/ar57/wenyu/GeneRec/results/stage3_T5Train/curvature_RQ-VAE_iter28/ckpt/Amazon_2023_Instruments/Sep-27-2026_00-15-26/HG_Rec_best.pth
2026-09-27 00:27:46,529 - INFO - Epoch 63/150 train_loss=2.120119180679321
2026-09-27 00:27:46,568 - INFO - Best train loss=2.120119180679321; saved /home/wlia0047/ar57/wenyu/GeneRec/results/stage3_T5Train/curvature_RQ-VAE_iter28/ckpt/Amazon_2023_Instruments/Sep-27-2026_00-15-26/HG_Rec_best.pth
2026-09-27 00:27:58,178 - INFO - Epoch 64/150 train_loss=2.114451484680176
2026-09-27 00:27:58,217 - INFO - Best train loss=2.114451484680176; saved /home/wlia0047/ar57/wenyu/GeneRec/results/stage3_T5Train/curvature_RQ-VAE_iter28/ckpt/Amazon_2023_Instruments/Sep-27-2026_00-15-26/HG_Rec_best.pth
2026-09-27 00:28:09,837 - INFO - Epoch 65/150 train_loss=2.1112123012542723
2026-09-27 00:28:09,876 - INFO - Best train loss=2.1112123012542723; saved /home/wlia0047/ar57/wenyu/GeneRec/results/stage3_T5Train/curvature_RQ-VAE_iter28/ckpt/Amazon_2023_Instruments/Sep-27-2026_00-15-26/HG_Rec_best.pth
2026-09-27 00:28:21,487 - INFO - Epoch 66/150 train_loss=2.1053482913970947
2026-09-27 00:28:21,526 - INFO - Best train loss=2.1053482913970947; saved /home/wlia0047/ar57/wenyu/GeneRec/results/stage3_T5Train/curvature_RQ-VAE_iter28/ckpt/Amazon_2023_Instruments/Sep-27-2026_00-15-26/HG_Rec_best.pth
2026-09-27 00:28:33,139 - INFO - Epoch 67/150 train_loss=2.0992187881469726
2026-09-27 00:28:33,180 - INFO - Best train loss=2.0992187881469726; saved /home/wlia0047/ar57/wenyu/GeneRec/results/stage3_T5Train/curvature_RQ-VAE_iter28/ckpt/Amazon_2023_Instruments/Sep-27-2026_00-15-26/HG_Rec_best.pth
2026-09-27 00:28:44,842 - INFO - Epoch 68/150 train_loss=2.094250564575195
2026-09-27 00:28:44,880 - INFO - Best train loss=2.094250564575195; saved /home/wlia0047/ar57/wenyu/GeneRec/results/stage3_T5Train/curvature_RQ-VAE_iter28/ckpt/Amazon_2023_Instruments/Sep-27-2026_00-15-26/HG_Rec_best.pth
2026-09-27 00:28:56,488 - INFO - Epoch 69/150 train_loss=2.0946078205108645
2026-09-27 00:28:56,492 - INFO - No train loss improvement; patience=1
2026-09-27 00:29:08,106 - INFO - Epoch 70/150 train_loss=2.086158800125122
2026-09-27 00:29:08,142 - INFO - Best train loss=2.086158800125122; saved /home/wlia0047/ar57/wenyu/GeneRec/results/stage3_T5Train/curvature_RQ-VAE_iter28/ckpt/Amazon_2023_Instruments/Sep-27-2026_00-15-26/HG_Rec_best.pth
2026-09-27 00:29:19,758 - INFO - Epoch 71/150 train_loss=2.0835938167572023
2026-09-27 00:29:19,797 - INFO - Best train loss=2.0835938167572023; saved /home/wlia0047/ar57/wenyu/GeneRec/results/stage3_T5Train/curvature_RQ-VAE_iter28/ckpt/Amazon_2023_Instruments/Sep-27-2026_00-15-26/HG_Rec_best.pth
2026-09-27 00:29:31,405 - INFO - Epoch 72/150 train_loss=2.0796547508239747
2026-09-27 00:29:31,443 - INFO - Best train loss=2.0796547508239747; saved /home/wlia0047/ar57/wenyu/GeneRec/results/stage3_T5Train/curvature_RQ-VAE_iter28/ckpt/Amazon_2023_Instruments/Sep-27-2026_00-15-26/HG_Rec_best.pth
2026-09-27 00:29:43,051 - INFO - Epoch 73/150 train_loss=2.0668613433837892
2026-09-27 00:29:43,088 - INFO - Best train loss=2.0668613433837892; saved /home/wlia0047/ar57/wenyu/GeneRec/results/stage3_T5Train/curvature_RQ-VAE_iter28/ckpt/Amazon_2023_Instruments/Sep-27-2026_00-15-26/HG_Rec_best.pth
2026-09-27 00:29:54,699 - INFO - Epoch 74/150 train_loss=2.0690563678741456
2026-09-27 00:29:54,703 - INFO - No train loss improvement; patience=1
2026-09-27 00:30:06,312 - INFO - Epoch 75/150 train_loss=2.0622998046875
2026-09-27 00:30:06,356 - INFO - Best train loss=2.0622998046875; saved /home/wlia0047/ar57/wenyu/GeneRec/results/stage3_T5Train/curvature_RQ-VAE_iter28/ckpt/Amazon_2023_Instruments/Sep-27-2026_00-15-26/HG_Rec_best.pth
2026-09-27 00:30:17,967 - INFO - Epoch 76/150 train_loss=2.0537407207489013
2026-09-27 00:30:18,004 - INFO - Best train loss=2.0537407207489013; saved /home/wlia0047/ar57/wenyu/GeneRec/results/stage3_T5Train/curvature_RQ-VAE_iter28/ckpt/Amazon_2023_Instruments/Sep-27-2026_00-15-26/HG_Rec_best.pth
2026-09-27 00:30:29,614 - INFO - Epoch 77/150 train_loss=2.045651006698608
2026-09-27 00:30:29,650 - INFO - Best train loss=2.045651006698608; saved /home/wlia0047/ar57/wenyu/GeneRec/results/stage3_T5Train/curvature_RQ-VAE_iter28/ckpt/Amazon_2023_Instruments/Sep-27-2026_00-15-26/HG_Rec_best.pth
2026-09-27 00:30:41,261 - INFO - Epoch 78/150 train_loss=2.0392082023620604
2026-09-27 00:30:41,299 - INFO - Best train loss=2.0392082023620604; saved /home/wlia0047/ar57/wenyu/GeneRec/results/stage3_T5Train/curvature_RQ-VAE_iter28/ckpt/Amazon_2023_Instruments/Sep-27-2026_00-15-26/HG_Rec_best.pth
2026-09-27 00:30:52,906 - INFO - Epoch 79/150 train_loss=2.034353847503662
2026-09-27 00:30:52,941 - INFO - Best train loss=2.034353847503662; saved /home/wlia0047/ar57/wenyu/GeneRec/results/stage3_T5Train/curvature_RQ-VAE_iter28/ckpt/Amazon_2023_Instruments/Sep-27-2026_00-15-26/HG_Rec_best.pth
2026-09-27 00:31:04,550 - INFO - Epoch 80/150 train_loss=2.0307616996765137
2026-09-27 00:31:05,145 - INFO - Best train loss=2.0307616996765137; saved /home/wlia0047/ar57/wenyu/GeneRec/results/stage3_T5Train/curvature_RQ-VAE_iter28/ckpt/Amazon_2023_Instruments/Sep-27-2026_00-15-26/HG_Rec_best.pth
2026-09-27 00:31:16,752 - INFO - Epoch 81/150 train_loss=2.026731424331665
2026-09-27 00:31:16,794 - INFO - Best train loss=2.026731424331665; saved /home/wlia0047/ar57/wenyu/GeneRec/results/stage3_T5Train/curvature_RQ-VAE_iter28/ckpt/Amazon_2023_Instruments/Sep-27-2026_00-15-26/HG_Rec_best.pth
2026-09-27 00:31:28,402 - INFO - Epoch 82/150 train_loss=2.017360305786133
2026-09-27 00:31:28,442 - INFO - Best train loss=2.017360305786133; saved /home/wlia0047/ar57/wenyu/GeneRec/results/stage3_T5Train/curvature_RQ-VAE_iter28/ckpt/Amazon_2023_Instruments/Sep-27-2026_00-15-26/HG_Rec_best.pth
2026-09-27 00:31:40,050 - INFO - Epoch 83/150 train_loss=2.0168645000457763
2026-09-27 00:31:40,088 - INFO - Best train loss=2.0168645000457763; saved /home/wlia0047/ar57/wenyu/GeneRec/results/stage3_T5Train/curvature_RQ-VAE_iter28/ckpt/Amazon_2023_Instruments/Sep-27-2026_00-15-26/HG_Rec_best.pth
2026-09-27 00:31:51,697 - INFO - Epoch 84/150 train_loss=2.0103582906723023
2026-09-27 00:31:51,737 - INFO - Best train loss=2.0103582906723023; saved /home/wlia0047/ar57/wenyu/GeneRec/results/stage3_T5Train/curvature_RQ-VAE_iter28/ckpt/Amazon_2023_Instruments/Sep-27-2026_00-15-26/HG_Rec_best.pth
2026-09-27 00:32:03,345 - INFO - Epoch 85/150 train_loss=2.009720940589905
2026-09-27 00:32:03,383 - INFO - Best train loss=2.009720940589905; saved /home/wlia0047/ar57/wenyu/GeneRec/results/stage3_T5Train/curvature_RQ-VAE_iter28/ckpt/Amazon_2023_Instruments/Sep-27-2026_00-15-26/HG_Rec_best.pth
2026-09-27 00:32:14,992 - INFO - Epoch 86/150 train_loss=2.006300826072693
2026-09-27 00:32:15,030 - INFO - Best train loss=2.006300826072693; saved /home/wlia0047/ar57/wenyu/GeneRec/results/stage3_T5Train/curvature_RQ-VAE_iter28/ckpt/Amazon_2023_Instruments/Sep-27-2026_00-15-26/HG_Rec_best.pth
2026-09-27 00:32:26,640 - INFO - Epoch 87/150 train_loss=2.0041857719421388
2026-09-27 00:32:26,680 - INFO - Best train loss=2.0041857719421388; saved /home/wlia0047/ar57/wenyu/GeneRec/results/stage3_T5Train/curvature_RQ-VAE_iter28/ckpt/Amazon_2023_Instruments/Sep-27-2026_00-15-26/HG_Rec_best.pth
2026-09-27 00:32:38,294 - INFO - Epoch 88/150 train_loss=1.9988347244262696
2026-09-27 00:32:38,332 - INFO - Best train loss=1.9988347244262696; saved /home/wlia0047/ar57/wenyu/GeneRec/results/stage3_T5Train/curvature_RQ-VAE_iter28/ckpt/Amazon_2023_Instruments/Sep-27-2026_00-15-26/HG_Rec_best.pth
2026-09-27 00:32:49,946 - INFO - Epoch 89/150 train_loss=1.9979644203186036
2026-09-27 00:32:49,984 - INFO - Best train loss=1.9979644203186036; saved /home/wlia0047/ar57/wenyu/GeneRec/results/stage3_T5Train/curvature_RQ-VAE_iter28/ckpt/Amazon_2023_Instruments/Sep-27-2026_00-15-26/HG_Rec_best.pth
2026-09-27 00:33:01,590 - INFO - Epoch 90/150 train_loss=1.9937195682525635
2026-09-27 00:33:01,628 - INFO - Best train loss=1.9937195682525635; saved /home/wlia0047/ar57/wenyu/GeneRec/results/stage3_T5Train/curvature_RQ-VAE_iter28/ckpt/Amazon_2023_Instruments/Sep-27-2026_00-15-26/HG_Rec_best.pth
2026-09-27 00:33:13,242 - INFO - Epoch 91/150 train_loss=1.99087459564209
2026-09-27 00:33:13,284 - INFO - Best train loss=1.99087459564209; saved /home/wlia0047/ar57/wenyu/GeneRec/results/stage3_T5Train/curvature_RQ-VAE_iter28/ckpt/Amazon_2023_Instruments/Sep-27-2026_00-15-26/HG_Rec_best.pth
2026-09-27 00:33:25,393 - INFO - Epoch 92/150 train_loss=1.9916324520111084
2026-09-27 00:33:25,399 - INFO - No train loss improvement; patience=1
2026-09-27 00:33:37,500 - INFO - Epoch 93/150 train_loss=1.9831393575668335
2026-09-27 00:33:37,539 - INFO - Best train loss=1.9831393575668335; saved /home/wlia0047/ar57/wenyu/GeneRec/results/stage3_T5Train/curvature_RQ-VAE_iter28/ckpt/Amazon_2023_Instruments/Sep-27-2026_00-15-26/HG_Rec_best.pth
2026-09-27 00:33:49,151 - INFO - Epoch 94/150 train_loss=1.987973051071167
2026-09-27 00:33:49,156 - INFO - No train loss improvement; patience=1
2026-09-27 00:34:00,762 - INFO - Epoch 95/150 train_loss=1.9809347534179687
2026-09-27 00:34:00,804 - INFO - Best train loss=1.9809347534179687; saved /home/wlia0047/ar57/wenyu/GeneRec/results/stage3_T5Train/curvature_RQ-VAE_iter28/ckpt/Amazon_2023_Instruments/Sep-27-2026_00-15-26/HG_Rec_best.pth
2026-09-27 00:34:12,417 - INFO - Epoch 96/150 train_loss=1.9806117916107178
2026-09-27 00:34:12,453 - INFO - Best train loss=1.9806117916107178; saved /home/wlia0047/ar57/wenyu/GeneRec/results/stage3_T5Train/curvature_RQ-VAE_iter28/ckpt/Amazon_2023_Instruments/Sep-27-2026_00-15-26/HG_Rec_best.pth
2026-09-27 00:34:24,068 - INFO - Epoch 97/150 train_loss=1.9766865110397338
2026-09-27 00:34:24,104 - INFO - Best train loss=1.9766865110397338; saved /home/wlia0047/ar57/wenyu/GeneRec/results/stage3_T5Train/curvature_RQ-VAE_iter28/ckpt/Amazon_2023_Instruments/Sep-27-2026_00-15-26/HG_Rec_best.pth
2026-09-27 00:34:35,711 - INFO - Epoch 98/150 train_loss=1.9764478015899658
2026-09-27 00:34:35,747 - INFO - Best train loss=1.9764478015899658; saved /home/wlia0047/ar57/wenyu/GeneRec/results/stage3_T5Train/curvature_RQ-VAE_iter28/ckpt/Amazon_2023_Instruments/Sep-27-2026_00-15-26/HG_Rec_best.pth
2026-09-27 00:34:47,363 - INFO - Epoch 99/150 train_loss=1.9716639232635498
2026-09-27 00:34:47,405 - INFO - Best train loss=1.9716639232635498; saved /home/wlia0047/ar57/wenyu/GeneRec/results/stage3_T5Train/curvature_RQ-VAE_iter28/ckpt/Amazon_2023_Instruments/Sep-27-2026_00-15-26/HG_Rec_best.pth
2026-09-27 00:34:59,019 - INFO - Epoch 100/150 train_loss=1.9698179960250854
2026-09-27 00:34:59,057 - INFO - Best train loss=1.9698179960250854; saved /home/wlia0047/ar57/wenyu/GeneRec/results/stage3_T5Train/curvature_RQ-VAE_iter28/ckpt/Amazon_2023_Instruments/Sep-27-2026_00-15-26/HG_Rec_best.pth
2026-09-27 00:35:10,672 - INFO - Epoch 101/150 train_loss=1.9661352396011353
2026-09-27 00:35:10,708 - INFO - Best train loss=1.9661352396011353; saved /home/wlia0047/ar57/wenyu/GeneRec/results/stage3_T5Train/curvature_RQ-VAE_iter28/ckpt/Amazon_2023_Instruments/Sep-27-2026_00-15-26/HG_Rec_best.pth
2026-09-27 00:35:22,449 - INFO - Epoch 102/150 train_loss=1.9672854137420654
2026-09-27 00:35:22,470 - INFO - No train loss improvement; patience=1
2026-09-27 00:35:34,777 - INFO - Epoch 103/150 train_loss=1.9618990564346312
2026-09-27 00:35:34,851 - INFO - Best train loss=1.9618990564346312; saved /home/wlia0047/ar57/wenyu/GeneRec/results/stage3_T5Train/curvature_RQ-VAE_iter28/ckpt/Amazon_2023_Instruments/Sep-27-2026_00-15-26/HG_Rec_best.pth
2026-09-27 00:35:46,489 - INFO - Epoch 104/150 train_loss=1.959585566520691
2026-09-27 00:35:46,552 - INFO - Best train loss=1.959585566520691; saved /home/wlia0047/ar57/wenyu/GeneRec/results/stage3_T5Train/curvature_RQ-VAE_iter28/ckpt/Amazon_2023_Instruments/Sep-27-2026_00-15-26/HG_Rec_best.pth
2026-09-27 00:35:58,162 - INFO - Epoch 105/150 train_loss=1.9614862203598022
2026-09-27 00:35:58,166 - INFO - No train loss improvement; patience=1
2026-09-27 00:36:09,844 - INFO - Epoch 106/150 train_loss=1.9583662843704224
2026-09-27 00:36:09,893 - INFO - Best train loss=1.9583662843704224; saved /home/wlia0047/ar57/wenyu/GeneRec/results/stage3_T5Train/curvature_RQ-VAE_iter28/ckpt/Amazon_2023_Instruments/Sep-27-2026_00-15-26/HG_Rec_best.pth
2026-09-27 00:36:21,512 - INFO - Epoch 107/150 train_loss=1.9568215990066529
2026-09-27 00:36:21,551 - INFO - Best train loss=1.9568215990066529; saved /home/wlia0047/ar57/wenyu/GeneRec/results/stage3_T5Train/curvature_RQ-VAE_iter28/ckpt/Amazon_2023_Instruments/Sep-27-2026_00-15-26/HG_Rec_best.pth
2026-09-27 00:36:33,160 - INFO - Epoch 108/150 train_loss=1.95567946434021
2026-09-27 00:36:33,218 - INFO - Best train loss=1.95567946434021; saved /home/wlia0047/ar57/wenyu/GeneRec/results/stage3_T5Train/curvature_RQ-VAE_iter28/ckpt/Amazon_2023_Instruments/Sep-27-2026_00-15-26/HG_Rec_best.pth
2026-09-27 00:36:44,848 - INFO - Epoch 109/150 train_loss=1.9500619745254517
2026-09-27 00:36:44,904 - INFO - Best train loss=1.9500619745254517; saved /home/wlia0047/ar57/wenyu/GeneRec/results/stage3_T5Train/curvature_RQ-VAE_iter28/ckpt/Amazon_2023_Instruments/Sep-27-2026_00-15-26/HG_Rec_best.pth
2026-09-27 00:36:56,512 - INFO - Epoch 110/150 train_loss=1.9480488872528077
2026-09-27 00:36:56,550 - INFO - Best train loss=1.9480488872528077; saved /home/wlia0047/ar57/wenyu/GeneRec/results/stage3_T5Train/curvature_RQ-VAE_iter28/ckpt/Amazon_2023_Instruments/Sep-27-2026_00-15-26/HG_Rec_best.pth
2026-09-27 00:37:08,173 - INFO - Epoch 111/150 train_loss=1.9494804573059081
2026-09-27 00:37:08,179 - INFO - No train loss improvement; patience=1
2026-09-27 00:37:19,792 - INFO - Epoch 112/150 train_loss=1.9452869701385498
2026-09-27 00:37:19,828 - INFO - Best train loss=1.9452869701385498; saved /home/wlia0047/ar57/wenyu/GeneRec/results/stage3_T5Train/curvature_RQ-VAE_iter28/ckpt/Amazon_2023_Instruments/Sep-27-2026_00-15-26/HG_Rec_best.pth
2026-09-27 00:37:31,443 - INFO - Epoch 113/150 train_loss=1.9443922472000121
2026-09-27 00:37:31,479 - INFO - Best train loss=1.9443922472000121; saved /home/wlia0047/ar57/wenyu/GeneRec/results/stage3_T5Train/curvature_RQ-VAE_iter28/ckpt/Amazon_2023_Instruments/Sep-27-2026_00-15-26/HG_Rec_best.pth
2026-09-27 00:37:43,088 - INFO - Epoch 114/150 train_loss=1.9409418487548828
2026-09-27 00:37:43,126 - INFO - Best train loss=1.9409418487548828; saved /home/wlia0047/ar57/wenyu/GeneRec/results/stage3_T5Train/curvature_RQ-VAE_iter28/ckpt/Amazon_2023_Instruments/Sep-27-2026_00-15-26/HG_Rec_best.pth
2026-09-27 00:37:54,745 - INFO - Epoch 115/150 train_loss=1.9417091369628907
2026-09-27 00:37:54,752 - INFO - No train loss improvement; patience=1
2026-09-27 00:38:06,367 - INFO - Epoch 116/150 train_loss=1.941407036781311
2026-09-27 00:38:06,372 - INFO - No train loss improvement; patience=2
2026-09-27 00:38:20,291 - INFO - Epoch 117/150 train_loss=1.9389142036437987
2026-09-27 00:38:20,333 - INFO - Best train loss=1.9389142036437987; saved /home/wlia0047/ar57/wenyu/GeneRec/results/stage3_T5Train/curvature_RQ-VAE_iter28/ckpt/Amazon_2023_Instruments/Sep-27-2026_00-15-26/HG_Rec_best.pth
2026-09-27 00:38:31,982 - INFO - Epoch 118/150 train_loss=1.935092453956604
2026-09-27 00:38:32,037 - INFO - Best train loss=1.935092453956604; saved /home/wlia0047/ar57/wenyu/GeneRec/results/stage3_T5Train/curvature_RQ-VAE_iter28/ckpt/Amazon_2023_Instruments/Sep-27-2026_00-15-26/HG_Rec_best.pth
2026-09-27 00:38:43,652 - INFO - Epoch 119/150 train_loss=1.9358794355392457
2026-09-27 00:38:43,657 - INFO - No train loss improvement; patience=1
2026-09-27 00:38:55,267 - INFO - Epoch 120/150 train_loss=1.9313152265548705
2026-09-27 00:38:55,306 - INFO - Best train loss=1.9313152265548705; saved /home/wlia0047/ar57/wenyu/GeneRec/results/stage3_T5Train/curvature_RQ-VAE_iter28/ckpt/Amazon_2023_Instruments/Sep-27-2026_00-15-26/HG_Rec_best.pth
2026-09-27 00:39:06,917 - INFO - Epoch 121/150 train_loss=1.930197124481201
2026-09-27 00:39:06,955 - INFO - Best train loss=1.930197124481201; saved /home/wlia0047/ar57/wenyu/GeneRec/results/stage3_T5Train/curvature_RQ-VAE_iter28/ckpt/Amazon_2023_Instruments/Sep-27-2026_00-15-26/HG_Rec_best.pth
2026-09-27 00:39:18,564 - INFO - Epoch 122/150 train_loss=1.9288278722763061
2026-09-27 00:39:18,602 - INFO - Best train loss=1.9288278722763061; saved /home/wlia0047/ar57/wenyu/GeneRec/results/stage3_T5Train/curvature_RQ-VAE_iter28/ckpt/Amazon_2023_Instruments/Sep-27-2026_00-15-26/HG_Rec_best.pth
2026-09-27 00:39:30,213 - INFO - Epoch 123/150 train_loss=1.9264262437820434
2026-09-27 00:39:30,249 - INFO - Best train loss=1.9264262437820434; saved /home/wlia0047/ar57/wenyu/GeneRec/results/stage3_T5Train/curvature_RQ-VAE_iter28/ckpt/Amazon_2023_Instruments/Sep-27-2026_00-15-26/HG_Rec_best.pth
2026-09-27 00:39:41,860 - INFO - Epoch 124/150 train_loss=1.9268488121032714
2026-09-27 00:39:41,865 - INFO - No train loss improvement; patience=1
2026-09-27 00:39:53,471 - INFO - Epoch 125/150 train_loss=1.9251052713394166
2026-09-27 00:39:53,518 - INFO - Best train loss=1.9251052713394166; saved /home/wlia0047/ar57/wenyu/GeneRec/results/stage3_T5Train/curvature_RQ-VAE_iter28/ckpt/Amazon_2023_Instruments/Sep-27-2026_00-15-26/HG_Rec_best.pth
2026-09-27 00:40:05,129 - INFO - Epoch 126/150 train_loss=1.9238095331192016
2026-09-27 00:40:05,168 - INFO - Best train loss=1.9238095331192016; saved /home/wlia0047/ar57/wenyu/GeneRec/results/stage3_T5Train/curvature_RQ-VAE_iter28/ckpt/Amazon_2023_Instruments/Sep-27-2026_00-15-26/HG_Rec_best.pth
2026-09-27 00:40:16,775 - INFO - Epoch 127/150 train_loss=1.9203701400756836
2026-09-27 00:40:16,813 - INFO - Best train loss=1.9203701400756836; saved /home/wlia0047/ar57/wenyu/GeneRec/results/stage3_T5Train/curvature_RQ-VAE_iter28/ckpt/Amazon_2023_Instruments/Sep-27-2026_00-15-26/HG_Rec_best.pth
2026-09-27 00:40:28,427 - INFO - Epoch 128/150 train_loss=1.9245953130722047
2026-09-27 00:40:28,431 - INFO - No train loss improvement; patience=1
2026-09-27 00:40:40,040 - INFO - Epoch 129/150 train_loss=1.920405192375183
2026-09-27 00:40:40,045 - INFO - No train loss improvement; patience=2
2026-09-27 00:40:51,650 - INFO - Epoch 130/150 train_loss=1.9186101484298705
2026-09-27 00:40:51,689 - INFO - Best train loss=1.9186101484298705; saved /home/wlia0047/ar57/wenyu/GeneRec/results/stage3_T5Train/curvature_RQ-VAE_iter28/ckpt/Amazon_2023_Instruments/Sep-27-2026_00-15-26/HG_Rec_best.pth
2026-09-27 00:41:03,300 - INFO - Epoch 131/150 train_loss=1.9194882440567016
2026-09-27 00:41:03,304 - INFO - No train loss improvement; patience=1
2026-09-27 00:41:14,914 - INFO - Epoch 132/150 train_loss=1.9159405469894408
2026-09-27 00:41:14,951 - INFO - Best train loss=1.9159405469894408; saved /home/wlia0047/ar57/wenyu/GeneRec/results/stage3_T5Train/curvature_RQ-VAE_iter28/ckpt/Amazon_2023_Instruments/Sep-27-2026_00-15-26/HG_Rec_best.pth
2026-09-27 00:41:26,559 - INFO - Epoch 133/150 train_loss=1.9178795003890992
2026-09-27 00:41:26,566 - INFO - No train loss improvement; patience=1
2026-09-27 00:41:38,171 - INFO - Epoch 134/150 train_loss=1.9138551759719848
2026-09-27 00:41:38,208 - INFO - Best train loss=1.9138551759719848; saved /home/wlia0047/ar57/wenyu/GeneRec/results/stage3_T5Train/curvature_RQ-VAE_iter28/ckpt/Amazon_2023_Instruments/Sep-27-2026_00-15-26/HG_Rec_best.pth
2026-09-27 00:41:49,817 - INFO - Epoch 135/150 train_loss=1.9122326040267945
2026-09-27 00:41:49,855 - INFO - Best train loss=1.9122326040267945; saved /home/wlia0047/ar57/wenyu/GeneRec/results/stage3_T5Train/curvature_RQ-VAE_iter28/ckpt/Amazon_2023_Instruments/Sep-27-2026_00-15-26/HG_Rec_best.pth
2026-09-27 00:42:01,471 - INFO - Epoch 136/150 train_loss=1.9131732034683226
2026-09-27 00:42:01,476 - INFO - No train loss improvement; patience=1
2026-09-27 00:42:13,081 - INFO - Epoch 137/150 train_loss=1.9150845718383789
2026-09-27 00:42:13,085 - INFO - No train loss improvement; patience=2
2026-09-27 00:42:24,698 - INFO - Epoch 138/150 train_loss=1.9119490146636964
2026-09-27 00:42:24,736 - INFO - Best train loss=1.9119490146636964; saved /home/wlia0047/ar57/wenyu/GeneRec/results/stage3_T5Train/curvature_RQ-VAE_iter28/ckpt/Amazon_2023_Instruments/Sep-27-2026_00-15-26/HG_Rec_best.pth
2026-09-27 00:42:36,341 - INFO - Epoch 139/150 train_loss=1.9100652980804442
2026-09-27 00:42:36,377 - INFO - Best train loss=1.9100652980804442; saved /home/wlia0047/ar57/wenyu/GeneRec/results/stage3_T5Train/curvature_RQ-VAE_iter28/ckpt/Amazon_2023_Instruments/Sep-27-2026_00-15-26/HG_Rec_best.pth
2026-09-27 00:42:47,987 - INFO - Epoch 140/150 train_loss=1.9077401638031006
2026-09-27 00:42:48,025 - INFO - Best train loss=1.9077401638031006; saved /home/wlia0047/ar57/wenyu/GeneRec/results/stage3_T5Train/curvature_RQ-VAE_iter28/ckpt/Amazon_2023_Instruments/Sep-27-2026_00-15-26/HG_Rec_best.pth
2026-09-27 00:42:59,641 - INFO - Epoch 141/150 train_loss=1.9120848369598389
2026-09-27 00:42:59,644 - INFO - No train loss improvement; patience=1
2026-09-27 00:43:11,254 - INFO - Epoch 142/150 train_loss=1.9102718544006347
2026-09-27 00:43:11,262 - INFO - No train loss improvement; patience=2
2026-09-27 00:43:22,868 - INFO - Epoch 143/150 train_loss=1.905360779762268
2026-09-27 00:43:22,904 - INFO - Best train loss=1.905360779762268; saved /home/wlia0047/ar57/wenyu/GeneRec/results/stage3_T5Train/curvature_RQ-VAE_iter28/ckpt/Amazon_2023_Instruments/Sep-27-2026_00-15-26/HG_Rec_best.pth
2026-09-27 00:43:34,513 - INFO - Epoch 144/150 train_loss=1.9043367385864258
2026-09-27 00:43:34,550 - INFO - Best train loss=1.9043367385864258; saved /home/wlia0047/ar57/wenyu/GeneRec/results/stage3_T5Train/curvature_RQ-VAE_iter28/ckpt/Amazon_2023_Instruments/Sep-27-2026_00-15-26/HG_Rec_best.pth
2026-09-27 00:43:46,159 - INFO - Epoch 145/150 train_loss=1.9051966381072998
2026-09-27 00:43:46,163 - INFO - No train loss improvement; patience=1
2026-09-27 00:43:57,774 - INFO - Epoch 146/150 train_loss=1.903742275238037
2026-09-27 00:43:57,813 - INFO - Best train loss=1.903742275238037; saved /home/wlia0047/ar57/wenyu/GeneRec/results/stage3_T5Train/curvature_RQ-VAE_iter28/ckpt/Amazon_2023_Instruments/Sep-27-2026_00-15-26/HG_Rec_best.pth
2026-09-27 00:44:09,425 - INFO - Epoch 147/150 train_loss=1.9018110418319703
2026-09-27 00:44:09,460 - INFO - Best train loss=1.9018110418319703; saved /home/wlia0047/ar57/wenyu/GeneRec/results/stage3_T5Train/curvature_RQ-VAE_iter28/ckpt/Amazon_2023_Instruments/Sep-27-2026_00-15-26/HG_Rec_best.pth
2026-09-27 00:44:21,069 - INFO - Epoch 148/150 train_loss=1.9024395656585693
2026-09-27 00:44:21,073 - INFO - No train loss improvement; patience=1
2026-09-27 00:44:32,679 - INFO - Epoch 149/150 train_loss=1.901843514442444
2026-09-27 00:44:32,683 - INFO - No train loss improvement; patience=2
2026-09-27 00:44:44,295 - INFO - Epoch 150/150 train_loss=1.89939124584198
2026-09-27 00:44:44,331 - INFO - Best train loss=1.89939124584198; saved /home/wlia0047/ar57/wenyu/GeneRec/results/stage3_T5Train/curvature_RQ-VAE_iter28/ckpt/Amazon_2023_Instruments/Sep-27-2026_00-15-26/HG_Rec_best.pth
2026-09-27 00:52:56,137 - INFO - Test={'best_checkpoint': '/home/wlia0047/ar57/wenyu/GeneRec/results/stage3_T5Train/curvature_RQ-VAE_iter28/ckpt/Amazon_2023_Instruments/Sep-27-2026_00-15-26/HG_Rec_best.pth', 'n_eval': 57439, 'test_recall@5': 0.03706540852034332, 'test_recall@10': 0.05649471613363742, 'test_ndcg@5': 0.024799025279798593, 'test_ndcg@10': 0.031058744990046853}
