2026-09-28 10:09:51,512 - INFO - Configuration: {'batch_size': 4096, 'infer_size': 1024, 'num_epochs': 150, 'eval_interval': 5, 'eval_start_epoch': 75, 'early_eval_epochs': (25, 50, 75, 100, 125), 'fast': True, 'bf16': True, 'use_lr_scheduler': True, 'lr_warmup_pct': 0.1, 'lr_min_factor': 0.2, 'compile': False, 'compile_mode': 'default', 'num_layers': 4, 'num_decoder_layers': 4, 'd_model': 128, 'd_ff': 1024, 'num_heads': 6, 'd_kv': 64, 'dropout_rate': 0.1, 'activation_function': 'relu', 'feed_forward_proj': 'relu', 'device': 'cuda', 'lr': 0.003, 'weight_decay': 0.05, 'vocab_size': 789, 'eos_token_id': 788, 'pad_token_id': 0, 'n_user_tokens': 1, 'max_len': 20, 'dataset_name': 'Amazon_2023_Instruments', 'dataset_path': '/home/wlia0047/ar57/wenyu/GeneRec/results/stage0_build_parquet/', 'codebook_size': [256, 256, 256, 1], 'code_path': '/fs04/ar57/wenyu/GeneRec/results/stage2_RQ-VAE/curvature_RQ-VAE_iter39/item_sids.json', 'train_file': 'train.parquet', 'valid_file': 'valid.parquet', 'test_file': 'test.parquet', 'log_path': '/fs04/ar57/wenyu/GeneRec/results/stage3_T5Train/curvature_RQ-VAE_iter39/logs/', 'save_path': '/fs04/ar57/wenyu/GeneRec/results/stage3_T5Train/curvature_RQ-VAE_iter39/ckpt/', 'seed': 42, 'topk_list': [5, 10], 'beam_size': 20, 'no_eval': True, 'skip_test': False, 'screen_baseline_log': '', 'screen_start_epoch': 40, 'screen_window': 5, 'screen_min_ndcg_gain': 0.001, 'screen_min_recall_gain': 0.001, 'num_workers': 4, 'prefetch_factor': 8, 'exclude_history': True, 'no_exclude_history': False, 'pin_memory': True, 'no_pin_memory': False, 'sid_length': 4, 'max_token_seq_len': 82, 'decoder_start_token_id': 0}
2026-09-28 10:09:51,565 - INFO - #Embedding parameters: 100992
#Non-embedding parameters: 4459648
#Total trainable parameters: 4560640

2026-09-28 10:10:04,661 - INFO - Epoch 1/150 train_loss=4.842555809020996
2026-09-28 10:10:04,747 - INFO - Best train loss=4.842555809020996; saved /fs04/ar57/wenyu/GeneRec/results/stage3_T5Train/curvature_RQ-VAE_iter39/ckpt/Amazon_2023_Instruments/Sep-28-2026_10-09-51/HG_Rec_best.pth
2026-09-28 10:10:16,364 - INFO - Epoch 2/150 train_loss=4.162805004119873
2026-09-28 10:10:16,400 - INFO - Best train loss=4.162805004119873; saved /fs04/ar57/wenyu/GeneRec/results/stage3_T5Train/curvature_RQ-VAE_iter39/ckpt/Amazon_2023_Instruments/Sep-28-2026_10-09-51/HG_Rec_best.pth
2026-09-28 10:10:28,012 - INFO - Epoch 3/150 train_loss=3.9588512325286866
2026-09-28 10:10:28,050 - INFO - Best train loss=3.9588512325286866; saved /fs04/ar57/wenyu/GeneRec/results/stage3_T5Train/curvature_RQ-VAE_iter39/ckpt/Amazon_2023_Instruments/Sep-28-2026_10-09-51/HG_Rec_best.pth
2026-09-28 10:10:39,657 - INFO - Epoch 4/150 train_loss=3.7864362144470216
2026-09-28 10:10:39,696 - INFO - Best train loss=3.7864362144470216; saved /fs04/ar57/wenyu/GeneRec/results/stage3_T5Train/curvature_RQ-VAE_iter39/ckpt/Amazon_2023_Instruments/Sep-28-2026_10-09-51/HG_Rec_best.pth
2026-09-28 10:10:51,298 - INFO - Epoch 5/150 train_loss=3.652245292663574
2026-09-28 10:10:51,332 - INFO - Best train loss=3.652245292663574; saved /fs04/ar57/wenyu/GeneRec/results/stage3_T5Train/curvature_RQ-VAE_iter39/ckpt/Amazon_2023_Instruments/Sep-28-2026_10-09-51/HG_Rec_best.pth
2026-09-28 10:11:02,943 - INFO - Epoch 6/150 train_loss=3.486297254562378
2026-09-28 10:11:02,978 - INFO - Best train loss=3.486297254562378; saved /fs04/ar57/wenyu/GeneRec/results/stage3_T5Train/curvature_RQ-VAE_iter39/ckpt/Amazon_2023_Instruments/Sep-28-2026_10-09-51/HG_Rec_best.pth
2026-09-28 10:11:14,583 - INFO - Epoch 7/150 train_loss=3.4389438247680664
2026-09-28 10:11:14,618 - INFO - Best train loss=3.4389438247680664; saved /fs04/ar57/wenyu/GeneRec/results/stage3_T5Train/curvature_RQ-VAE_iter39/ckpt/Amazon_2023_Instruments/Sep-28-2026_10-09-51/HG_Rec_best.pth
2026-09-28 10:11:26,219 - INFO - Epoch 8/150 train_loss=3.2539470386505127
2026-09-28 10:11:26,255 - INFO - Best train loss=3.2539470386505127; saved /fs04/ar57/wenyu/GeneRec/results/stage3_T5Train/curvature_RQ-VAE_iter39/ckpt/Amazon_2023_Instruments/Sep-28-2026_10-09-51/HG_Rec_best.pth
2026-09-28 10:11:37,851 - INFO - Epoch 9/150 train_loss=3.113990125656128
2026-09-28 10:11:37,888 - INFO - Best train loss=3.113990125656128; saved /fs04/ar57/wenyu/GeneRec/results/stage3_T5Train/curvature_RQ-VAE_iter39/ckpt/Amazon_2023_Instruments/Sep-28-2026_10-09-51/HG_Rec_best.pth
2026-09-28 10:11:49,493 - INFO - Epoch 10/150 train_loss=2.9988592624664308
2026-09-28 10:11:49,529 - INFO - Best train loss=2.9988592624664308; saved /fs04/ar57/wenyu/GeneRec/results/stage3_T5Train/curvature_RQ-VAE_iter39/ckpt/Amazon_2023_Instruments/Sep-28-2026_10-09-51/HG_Rec_best.pth
2026-09-28 10:12:01,130 - INFO - Epoch 11/150 train_loss=2.893959093093872
2026-09-28 10:12:01,165 - INFO - Best train loss=2.893959093093872; saved /fs04/ar57/wenyu/GeneRec/results/stage3_T5Train/curvature_RQ-VAE_iter39/ckpt/Amazon_2023_Instruments/Sep-28-2026_10-09-51/HG_Rec_best.pth
2026-09-28 10:12:12,765 - INFO - Epoch 12/150 train_loss=2.8047179126739503
2026-09-28 10:12:12,802 - INFO - Best train loss=2.8047179126739503; saved /fs04/ar57/wenyu/GeneRec/results/stage3_T5Train/curvature_RQ-VAE_iter39/ckpt/Amazon_2023_Instruments/Sep-28-2026_10-09-51/HG_Rec_best.pth
2026-09-28 10:12:24,402 - INFO - Epoch 13/150 train_loss=2.7359647083282472
2026-09-28 10:12:24,437 - INFO - Best train loss=2.7359647083282472; saved /fs04/ar57/wenyu/GeneRec/results/stage3_T5Train/curvature_RQ-VAE_iter39/ckpt/Amazon_2023_Instruments/Sep-28-2026_10-09-51/HG_Rec_best.pth
2026-09-28 10:12:36,040 - INFO - Epoch 14/150 train_loss=2.667897148132324
2026-09-28 10:12:36,076 - INFO - Best train loss=2.667897148132324; saved /fs04/ar57/wenyu/GeneRec/results/stage3_T5Train/curvature_RQ-VAE_iter39/ckpt/Amazon_2023_Instruments/Sep-28-2026_10-09-51/HG_Rec_best.pth
2026-09-28 10:12:47,688 - INFO - Epoch 15/150 train_loss=2.618704195022583
2026-09-28 10:12:47,722 - INFO - Best train loss=2.618704195022583; saved /fs04/ar57/wenyu/GeneRec/results/stage3_T5Train/curvature_RQ-VAE_iter39/ckpt/Amazon_2023_Instruments/Sep-28-2026_10-09-51/HG_Rec_best.pth
2026-09-28 10:12:59,333 - INFO - Epoch 16/150 train_loss=2.566089611053467
2026-09-28 10:12:59,368 - INFO - Best train loss=2.566089611053467; saved /fs04/ar57/wenyu/GeneRec/results/stage3_T5Train/curvature_RQ-VAE_iter39/ckpt/Amazon_2023_Instruments/Sep-28-2026_10-09-51/HG_Rec_best.pth
2026-09-28 10:13:10,971 - INFO - Epoch 17/150 train_loss=2.5181314373016357
2026-09-28 10:13:11,008 - INFO - Best train loss=2.5181314373016357; saved /fs04/ar57/wenyu/GeneRec/results/stage3_T5Train/curvature_RQ-VAE_iter39/ckpt/Amazon_2023_Instruments/Sep-28-2026_10-09-51/HG_Rec_best.pth
2026-09-28 10:13:22,678 - INFO - Epoch 18/150 train_loss=2.4855559730529784
2026-09-28 10:13:23,216 - INFO - Best train loss=2.4855559730529784; saved /fs04/ar57/wenyu/GeneRec/results/stage3_T5Train/curvature_RQ-VAE_iter39/ckpt/Amazon_2023_Instruments/Sep-28-2026_10-09-51/HG_Rec_best.pth
2026-09-28 10:13:34,815 - INFO - Epoch 19/150 train_loss=2.449474754333496
2026-09-28 10:13:34,850 - INFO - Best train loss=2.449474754333496; saved /fs04/ar57/wenyu/GeneRec/results/stage3_T5Train/curvature_RQ-VAE_iter39/ckpt/Amazon_2023_Instruments/Sep-28-2026_10-09-51/HG_Rec_best.pth
2026-09-28 10:13:46,455 - INFO - Epoch 20/150 train_loss=2.4192922592163084
2026-09-28 10:13:46,490 - INFO - Best train loss=2.4192922592163084; saved /fs04/ar57/wenyu/GeneRec/results/stage3_T5Train/curvature_RQ-VAE_iter39/ckpt/Amazon_2023_Instruments/Sep-28-2026_10-09-51/HG_Rec_best.pth
2026-09-28 10:13:58,089 - INFO - Epoch 21/150 train_loss=2.3882489013671875
2026-09-28 10:13:58,125 - INFO - Best train loss=2.3882489013671875; saved /fs04/ar57/wenyu/GeneRec/results/stage3_T5Train/curvature_RQ-VAE_iter39/ckpt/Amazon_2023_Instruments/Sep-28-2026_10-09-51/HG_Rec_best.pth
2026-09-28 10:14:09,725 - INFO - Epoch 22/150 train_loss=2.3609180068969726
2026-09-28 10:14:09,760 - INFO - Best train loss=2.3609180068969726; saved /fs04/ar57/wenyu/GeneRec/results/stage3_T5Train/curvature_RQ-VAE_iter39/ckpt/Amazon_2023_Instruments/Sep-28-2026_10-09-51/HG_Rec_best.pth
2026-09-28 10:14:21,363 - INFO - Epoch 23/150 train_loss=2.3390478324890136
2026-09-28 10:14:21,397 - INFO - Best train loss=2.3390478324890136; saved /fs04/ar57/wenyu/GeneRec/results/stage3_T5Train/curvature_RQ-VAE_iter39/ckpt/Amazon_2023_Instruments/Sep-28-2026_10-09-51/HG_Rec_best.pth
2026-09-28 10:14:32,997 - INFO - Epoch 24/150 train_loss=2.3200949001312257
2026-09-28 10:14:33,032 - INFO - Best train loss=2.3200949001312257; saved /fs04/ar57/wenyu/GeneRec/results/stage3_T5Train/curvature_RQ-VAE_iter39/ckpt/Amazon_2023_Instruments/Sep-28-2026_10-09-51/HG_Rec_best.pth
2026-09-28 10:14:44,633 - INFO - Epoch 25/150 train_loss=2.3016090297698977
2026-09-28 10:14:44,667 - INFO - Best train loss=2.3016090297698977; saved /fs04/ar57/wenyu/GeneRec/results/stage3_T5Train/curvature_RQ-VAE_iter39/ckpt/Amazon_2023_Instruments/Sep-28-2026_10-09-51/HG_Rec_best.pth
2026-09-28 10:14:56,269 - INFO - Epoch 26/150 train_loss=2.2783355808258055
2026-09-28 10:14:56,303 - INFO - Best train loss=2.2783355808258055; saved /fs04/ar57/wenyu/GeneRec/results/stage3_T5Train/curvature_RQ-VAE_iter39/ckpt/Amazon_2023_Instruments/Sep-28-2026_10-09-51/HG_Rec_best.pth
2026-09-28 10:15:07,910 - INFO - Epoch 27/150 train_loss=2.2660228061676024
2026-09-28 10:15:07,944 - INFO - Best train loss=2.2660228061676024; saved /fs04/ar57/wenyu/GeneRec/results/stage3_T5Train/curvature_RQ-VAE_iter39/ckpt/Amazon_2023_Instruments/Sep-28-2026_10-09-51/HG_Rec_best.pth
2026-09-28 10:15:19,547 - INFO - Epoch 28/150 train_loss=2.251196575164795
2026-09-28 10:15:19,582 - INFO - Best train loss=2.251196575164795; saved /fs04/ar57/wenyu/GeneRec/results/stage3_T5Train/curvature_RQ-VAE_iter39/ckpt/Amazon_2023_Instruments/Sep-28-2026_10-09-51/HG_Rec_best.pth
2026-09-28 10:15:31,184 - INFO - Epoch 29/150 train_loss=2.2362881469726563
2026-09-28 10:15:31,220 - INFO - Best train loss=2.2362881469726563; saved /fs04/ar57/wenyu/GeneRec/results/stage3_T5Train/curvature_RQ-VAE_iter39/ckpt/Amazon_2023_Instruments/Sep-28-2026_10-09-51/HG_Rec_best.pth
2026-09-28 10:15:42,836 - INFO - Epoch 30/150 train_loss=2.2229816246032716
2026-09-28 10:15:42,871 - INFO - Best train loss=2.2229816246032716; saved /fs04/ar57/wenyu/GeneRec/results/stage3_T5Train/curvature_RQ-VAE_iter39/ckpt/Amazon_2023_Instruments/Sep-28-2026_10-09-51/HG_Rec_best.pth
2026-09-28 10:15:54,477 - INFO - Epoch 31/150 train_loss=2.21512490272522
2026-09-28 10:15:54,513 - INFO - Best train loss=2.21512490272522; saved /fs04/ar57/wenyu/GeneRec/results/stage3_T5Train/curvature_RQ-VAE_iter39/ckpt/Amazon_2023_Instruments/Sep-28-2026_10-09-51/HG_Rec_best.pth
2026-09-28 10:16:06,113 - INFO - Epoch 32/150 train_loss=2.2029092121124267
2026-09-28 10:16:06,149 - INFO - Best train loss=2.2029092121124267; saved /fs04/ar57/wenyu/GeneRec/results/stage3_T5Train/curvature_RQ-VAE_iter39/ckpt/Amazon_2023_Instruments/Sep-28-2026_10-09-51/HG_Rec_best.pth
2026-09-28 10:16:17,753 - INFO - Epoch 33/150 train_loss=2.1860262393951415
2026-09-28 10:16:17,789 - INFO - Best train loss=2.1860262393951415; saved /fs04/ar57/wenyu/GeneRec/results/stage3_T5Train/curvature_RQ-VAE_iter39/ckpt/Amazon_2023_Instruments/Sep-28-2026_10-09-51/HG_Rec_best.pth
2026-09-28 10:16:29,392 - INFO - Epoch 34/150 train_loss=2.178220796585083
2026-09-28 10:16:29,427 - INFO - Best train loss=2.178220796585083; saved /fs04/ar57/wenyu/GeneRec/results/stage3_T5Train/curvature_RQ-VAE_iter39/ckpt/Amazon_2023_Instruments/Sep-28-2026_10-09-51/HG_Rec_best.pth
2026-09-28 10:16:41,031 - INFO - Epoch 35/150 train_loss=2.1696160411834717
2026-09-28 10:16:41,068 - INFO - Best train loss=2.1696160411834717; saved /fs04/ar57/wenyu/GeneRec/results/stage3_T5Train/curvature_RQ-VAE_iter39/ckpt/Amazon_2023_Instruments/Sep-28-2026_10-09-51/HG_Rec_best.pth
2026-09-28 10:16:52,675 - INFO - Epoch 36/150 train_loss=2.1598613929748534
2026-09-28 10:16:52,710 - INFO - Best train loss=2.1598613929748534; saved /fs04/ar57/wenyu/GeneRec/results/stage3_T5Train/curvature_RQ-VAE_iter39/ckpt/Amazon_2023_Instruments/Sep-28-2026_10-09-51/HG_Rec_best.pth
2026-09-28 10:17:04,313 - INFO - Epoch 37/150 train_loss=2.148366718292236
2026-09-28 10:17:04,347 - INFO - Best train loss=2.148366718292236; saved /fs04/ar57/wenyu/GeneRec/results/stage3_T5Train/curvature_RQ-VAE_iter39/ckpt/Amazon_2023_Instruments/Sep-28-2026_10-09-51/HG_Rec_best.pth
2026-09-28 10:17:15,949 - INFO - Epoch 38/150 train_loss=2.13958083152771
2026-09-28 10:17:15,990 - INFO - Best train loss=2.13958083152771; saved /fs04/ar57/wenyu/GeneRec/results/stage3_T5Train/curvature_RQ-VAE_iter39/ckpt/Amazon_2023_Instruments/Sep-28-2026_10-09-51/HG_Rec_best.pth
2026-09-28 10:17:27,595 - INFO - Epoch 39/150 train_loss=2.1348128509521485
2026-09-28 10:17:27,638 - INFO - Best train loss=2.1348128509521485; saved /fs04/ar57/wenyu/GeneRec/results/stage3_T5Train/curvature_RQ-VAE_iter39/ckpt/Amazon_2023_Instruments/Sep-28-2026_10-09-51/HG_Rec_best.pth
2026-09-28 10:17:39,248 - INFO - Epoch 40/150 train_loss=2.1240170574188233
2026-09-28 10:17:39,284 - INFO - Best train loss=2.1240170574188233; saved /fs04/ar57/wenyu/GeneRec/results/stage3_T5Train/curvature_RQ-VAE_iter39/ckpt/Amazon_2023_Instruments/Sep-28-2026_10-09-51/HG_Rec_best.pth
2026-09-28 10:17:50,893 - INFO - Epoch 41/150 train_loss=2.1138724422454835
2026-09-28 10:17:50,930 - INFO - Best train loss=2.1138724422454835; saved /fs04/ar57/wenyu/GeneRec/results/stage3_T5Train/curvature_RQ-VAE_iter39/ckpt/Amazon_2023_Instruments/Sep-28-2026_10-09-51/HG_Rec_best.pth
2026-09-28 10:18:02,542 - INFO - Epoch 42/150 train_loss=2.105282163619995
2026-09-28 10:18:02,578 - INFO - Best train loss=2.105282163619995; saved /fs04/ar57/wenyu/GeneRec/results/stage3_T5Train/curvature_RQ-VAE_iter39/ckpt/Amazon_2023_Instruments/Sep-28-2026_10-09-51/HG_Rec_best.pth
2026-09-28 10:18:14,192 - INFO - Epoch 43/150 train_loss=2.0902957248687746
2026-09-28 10:18:14,255 - INFO - Best train loss=2.0902957248687746; saved /fs04/ar57/wenyu/GeneRec/results/stage3_T5Train/curvature_RQ-VAE_iter39/ckpt/Amazon_2023_Instruments/Sep-28-2026_10-09-51/HG_Rec_best.pth
2026-09-28 10:18:25,859 - INFO - Epoch 44/150 train_loss=2.084065179824829
2026-09-28 10:18:25,895 - INFO - Best train loss=2.084065179824829; saved /fs04/ar57/wenyu/GeneRec/results/stage3_T5Train/curvature_RQ-VAE_iter39/ckpt/Amazon_2023_Instruments/Sep-28-2026_10-09-51/HG_Rec_best.pth
2026-09-28 10:18:37,504 - INFO - Epoch 45/150 train_loss=2.077350625991821
2026-09-28 10:18:37,541 - INFO - Best train loss=2.077350625991821; saved /fs04/ar57/wenyu/GeneRec/results/stage3_T5Train/curvature_RQ-VAE_iter39/ckpt/Amazon_2023_Instruments/Sep-28-2026_10-09-51/HG_Rec_best.pth
2026-09-28 10:18:49,150 - INFO - Epoch 46/150 train_loss=2.0703297424316407
2026-09-28 10:18:49,187 - INFO - Best train loss=2.0703297424316407; saved /fs04/ar57/wenyu/GeneRec/results/stage3_T5Train/curvature_RQ-VAE_iter39/ckpt/Amazon_2023_Instruments/Sep-28-2026_10-09-51/HG_Rec_best.pth
2026-09-28 10:19:00,794 - INFO - Epoch 47/150 train_loss=2.063948726654053
2026-09-28 10:19:00,829 - INFO - Best train loss=2.063948726654053; saved /fs04/ar57/wenyu/GeneRec/results/stage3_T5Train/curvature_RQ-VAE_iter39/ckpt/Amazon_2023_Instruments/Sep-28-2026_10-09-51/HG_Rec_best.pth
2026-09-28 10:19:12,433 - INFO - Epoch 48/150 train_loss=2.058169116973877
2026-09-28 10:19:12,469 - INFO - Best train loss=2.058169116973877; saved /fs04/ar57/wenyu/GeneRec/results/stage3_T5Train/curvature_RQ-VAE_iter39/ckpt/Amazon_2023_Instruments/Sep-28-2026_10-09-51/HG_Rec_best.pth
2026-09-28 10:19:24,069 - INFO - Epoch 49/150 train_loss=2.0499379634857178
2026-09-28 10:19:24,103 - INFO - Best train loss=2.0499379634857178; saved /fs04/ar57/wenyu/GeneRec/results/stage3_T5Train/curvature_RQ-VAE_iter39/ckpt/Amazon_2023_Instruments/Sep-28-2026_10-09-51/HG_Rec_best.pth
2026-09-28 10:19:35,714 - INFO - Epoch 50/150 train_loss=2.0505456638336184
2026-09-28 10:19:47,773 - INFO - Epoch 51/150 train_loss=2.041542272567749
2026-09-28 10:19:48,058 - INFO - Best train loss=2.041542272567749; saved /fs04/ar57/wenyu/GeneRec/results/stage3_T5Train/curvature_RQ-VAE_iter39/ckpt/Amazon_2023_Instruments/Sep-28-2026_10-09-51/HG_Rec_best.pth
2026-09-28 10:19:59,751 - INFO - Epoch 52/150 train_loss=2.040717372894287
2026-09-28 10:19:59,813 - INFO - Best train loss=2.040717372894287; saved /fs04/ar57/wenyu/GeneRec/results/stage3_T5Train/curvature_RQ-VAE_iter39/ckpt/Amazon_2023_Instruments/Sep-28-2026_10-09-51/HG_Rec_best.pth
2026-09-28 10:20:11,419 - INFO - Epoch 53/150 train_loss=2.0347687435150146
2026-09-28 10:20:11,457 - INFO - Best train loss=2.0347687435150146; saved /fs04/ar57/wenyu/GeneRec/results/stage3_T5Train/curvature_RQ-VAE_iter39/ckpt/Amazon_2023_Instruments/Sep-28-2026_10-09-51/HG_Rec_best.pth
2026-09-28 10:20:23,066 - INFO - Epoch 54/150 train_loss=2.026197338104248
2026-09-28 10:20:23,101 - INFO - Best train loss=2.026197338104248; saved /fs04/ar57/wenyu/GeneRec/results/stage3_T5Train/curvature_RQ-VAE_iter39/ckpt/Amazon_2023_Instruments/Sep-28-2026_10-09-51/HG_Rec_best.pth
2026-09-28 10:20:37,073 - INFO - Epoch 55/150 train_loss=2.0251248359680174
2026-09-28 10:20:37,110 - INFO - Best train loss=2.0251248359680174; saved /fs04/ar57/wenyu/GeneRec/results/stage3_T5Train/curvature_RQ-VAE_iter39/ckpt/Amazon_2023_Instruments/Sep-28-2026_10-09-51/HG_Rec_best.pth
2026-09-28 10:20:48,715 - INFO - Epoch 56/150 train_loss=2.0206909942626954
2026-09-28 10:20:48,759 - INFO - Best train loss=2.0206909942626954; saved /fs04/ar57/wenyu/GeneRec/results/stage3_T5Train/curvature_RQ-VAE_iter39/ckpt/Amazon_2023_Instruments/Sep-28-2026_10-09-51/HG_Rec_best.pth
2026-09-28 10:21:00,369 - INFO - Epoch 57/150 train_loss=2.012253065109253
2026-09-28 10:21:00,404 - INFO - Best train loss=2.012253065109253; saved /fs04/ar57/wenyu/GeneRec/results/stage3_T5Train/curvature_RQ-VAE_iter39/ckpt/Amazon_2023_Instruments/Sep-28-2026_10-09-51/HG_Rec_best.pth
2026-09-28 10:21:12,010 - INFO - Epoch 58/150 train_loss=2.010863904953003
2026-09-28 10:21:12,048 - INFO - Best train loss=2.010863904953003; saved /fs04/ar57/wenyu/GeneRec/results/stage3_T5Train/curvature_RQ-VAE_iter39/ckpt/Amazon_2023_Instruments/Sep-28-2026_10-09-51/HG_Rec_best.pth
2026-09-28 10:21:23,653 - INFO - Epoch 59/150 train_loss=2.0047580575942994
2026-09-28 10:21:23,689 - INFO - Best train loss=2.0047580575942994; saved /fs04/ar57/wenyu/GeneRec/results/stage3_T5Train/curvature_RQ-VAE_iter39/ckpt/Amazon_2023_Instruments/Sep-28-2026_10-09-51/HG_Rec_best.pth
2026-09-28 10:21:35,299 - INFO - Epoch 60/150 train_loss=2.003260221481323
2026-09-28 10:21:35,335 - INFO - Best train loss=2.003260221481323; saved /fs04/ar57/wenyu/GeneRec/results/stage3_T5Train/curvature_RQ-VAE_iter39/ckpt/Amazon_2023_Instruments/Sep-28-2026_10-09-51/HG_Rec_best.pth
2026-09-28 10:21:46,943 - INFO - Epoch 61/150 train_loss=1.99988534450531
2026-09-28 10:21:46,979 - INFO - Best train loss=1.99988534450531; saved /fs04/ar57/wenyu/GeneRec/results/stage3_T5Train/curvature_RQ-VAE_iter39/ckpt/Amazon_2023_Instruments/Sep-28-2026_10-09-51/HG_Rec_best.pth
2026-09-28 10:21:58,584 - INFO - Epoch 62/150 train_loss=1.9921450901031494
2026-09-28 10:21:58,623 - INFO - Best train loss=1.9921450901031494; saved /fs04/ar57/wenyu/GeneRec/results/stage3_T5Train/curvature_RQ-VAE_iter39/ckpt/Amazon_2023_Instruments/Sep-28-2026_10-09-51/HG_Rec_best.pth
2026-09-28 10:22:10,233 - INFO - Epoch 63/150 train_loss=1.995307903289795
2026-09-28 10:22:21,840 - INFO - Epoch 64/150 train_loss=1.990349349975586
2026-09-28 10:22:21,876 - INFO - Best train loss=1.990349349975586; saved /fs04/ar57/wenyu/GeneRec/results/stage3_T5Train/curvature_RQ-VAE_iter39/ckpt/Amazon_2023_Instruments/Sep-28-2026_10-09-51/HG_Rec_best.pth
2026-09-28 10:22:33,487 - INFO - Epoch 65/150 train_loss=1.9876103401184082
2026-09-28 10:22:33,522 - INFO - Best train loss=1.9876103401184082; saved /fs04/ar57/wenyu/GeneRec/results/stage3_T5Train/curvature_RQ-VAE_iter39/ckpt/Amazon_2023_Instruments/Sep-28-2026_10-09-51/HG_Rec_best.pth
2026-09-28 10:22:45,126 - INFO - Epoch 66/150 train_loss=1.9832271146774292
2026-09-28 10:22:45,163 - INFO - Best train loss=1.9832271146774292; saved /fs04/ar57/wenyu/GeneRec/results/stage3_T5Train/curvature_RQ-VAE_iter39/ckpt/Amazon_2023_Instruments/Sep-28-2026_10-09-51/HG_Rec_best.pth
2026-09-28 10:22:56,769 - INFO - Epoch 67/150 train_loss=1.9794176530838012
2026-09-28 10:22:56,803 - INFO - Best train loss=1.9794176530838012; saved /fs04/ar57/wenyu/GeneRec/results/stage3_T5Train/curvature_RQ-VAE_iter39/ckpt/Amazon_2023_Instruments/Sep-28-2026_10-09-51/HG_Rec_best.pth
2026-09-28 10:23:08,414 - INFO - Epoch 68/150 train_loss=1.9786394929885864
2026-09-28 10:23:08,450 - INFO - Best train loss=1.9786394929885864; saved /fs04/ar57/wenyu/GeneRec/results/stage3_T5Train/curvature_RQ-VAE_iter39/ckpt/Amazon_2023_Instruments/Sep-28-2026_10-09-51/HG_Rec_best.pth
2026-09-28 10:23:20,057 - INFO - Epoch 69/150 train_loss=1.9790672302246093
2026-09-28 10:23:31,667 - INFO - Epoch 70/150 train_loss=1.972375931739807
2026-09-28 10:23:31,702 - INFO - Best train loss=1.972375931739807; saved /fs04/ar57/wenyu/GeneRec/results/stage3_T5Train/curvature_RQ-VAE_iter39/ckpt/Amazon_2023_Instruments/Sep-28-2026_10-09-51/HG_Rec_best.pth
2026-09-28 10:23:43,303 - INFO - Epoch 71/150 train_loss=1.9728070735931396
2026-09-28 10:23:54,905 - INFO - Epoch 72/150 train_loss=1.9676224565505982
2026-09-28 10:23:54,944 - INFO - Best train loss=1.9676224565505982; saved /fs04/ar57/wenyu/GeneRec/results/stage3_T5Train/curvature_RQ-VAE_iter39/ckpt/Amazon_2023_Instruments/Sep-28-2026_10-09-51/HG_Rec_best.pth
2026-09-28 10:24:06,549 - INFO - Epoch 73/150 train_loss=1.9602489614486693
2026-09-28 10:24:06,586 - INFO - Best train loss=1.9602489614486693; saved /fs04/ar57/wenyu/GeneRec/results/stage3_T5Train/curvature_RQ-VAE_iter39/ckpt/Amazon_2023_Instruments/Sep-28-2026_10-09-51/HG_Rec_best.pth
2026-09-28 10:24:18,193 - INFO - Epoch 74/150 train_loss=1.9635810995101928
2026-09-28 10:24:29,794 - INFO - Epoch 75/150 train_loss=1.963884015083313
2026-09-28 10:24:41,401 - INFO - Epoch 76/150 train_loss=1.9580432987213134
2026-09-28 10:24:41,437 - INFO - Best train loss=1.9580432987213134; saved /fs04/ar57/wenyu/GeneRec/results/stage3_T5Train/curvature_RQ-VAE_iter39/ckpt/Amazon_2023_Instruments/Sep-28-2026_10-09-51/HG_Rec_best.pth
2026-09-28 10:24:53,046 - INFO - Epoch 77/150 train_loss=1.9547227716445923
2026-09-28 10:24:53,081 - INFO - Best train loss=1.9547227716445923; saved /fs04/ar57/wenyu/GeneRec/results/stage3_T5Train/curvature_RQ-VAE_iter39/ckpt/Amazon_2023_Instruments/Sep-28-2026_10-09-51/HG_Rec_best.pth
2026-09-28 10:25:04,692 - INFO - Epoch 78/150 train_loss=1.950658631324768
2026-09-28 10:25:04,733 - INFO - Best train loss=1.950658631324768; saved /fs04/ar57/wenyu/GeneRec/results/stage3_T5Train/curvature_RQ-VAE_iter39/ckpt/Amazon_2023_Instruments/Sep-28-2026_10-09-51/HG_Rec_best.pth
2026-09-28 10:25:16,340 - INFO - Epoch 79/150 train_loss=1.951258487701416
2026-09-28 10:25:28,537 - INFO - Epoch 80/150 train_loss=1.9473565578460694
2026-09-28 10:25:28,572 - INFO - Best train loss=1.9473565578460694; saved /fs04/ar57/wenyu/GeneRec/results/stage3_T5Train/curvature_RQ-VAE_iter39/ckpt/Amazon_2023_Instruments/Sep-28-2026_10-09-51/HG_Rec_best.pth
2026-09-28 10:25:40,180 - INFO - Epoch 81/150 train_loss=1.946593999862671
2026-09-28 10:25:40,216 - INFO - Best train loss=1.946593999862671; saved /fs04/ar57/wenyu/GeneRec/results/stage3_T5Train/curvature_RQ-VAE_iter39/ckpt/Amazon_2023_Instruments/Sep-28-2026_10-09-51/HG_Rec_best.pth
2026-09-28 10:25:51,827 - INFO - Epoch 82/150 train_loss=1.9396764612197877
2026-09-28 10:25:51,863 - INFO - Best train loss=1.9396764612197877; saved /fs04/ar57/wenyu/GeneRec/results/stage3_T5Train/curvature_RQ-VAE_iter39/ckpt/Amazon_2023_Instruments/Sep-28-2026_10-09-51/HG_Rec_best.pth
2026-09-28 10:26:03,474 - INFO - Epoch 83/150 train_loss=1.9410123443603515
2026-09-28 10:26:15,077 - INFO - Epoch 84/150 train_loss=1.9373646354675294
2026-09-28 10:26:15,118 - INFO - Best train loss=1.9373646354675294; saved /fs04/ar57/wenyu/GeneRec/results/stage3_T5Train/curvature_RQ-VAE_iter39/ckpt/Amazon_2023_Instruments/Sep-28-2026_10-09-51/HG_Rec_best.pth
2026-09-28 10:26:26,727 - INFO - Epoch 85/150 train_loss=1.937391047477722
2026-09-28 10:26:38,339 - INFO - Epoch 86/150 train_loss=1.9347286653518676
2026-09-28 10:26:38,376 - INFO - Best train loss=1.9347286653518676; saved /fs04/ar57/wenyu/GeneRec/results/stage3_T5Train/curvature_RQ-VAE_iter39/ckpt/Amazon_2023_Instruments/Sep-28-2026_10-09-51/HG_Rec_best.pth
2026-09-28 10:26:49,984 - INFO - Epoch 87/150 train_loss=1.9332258749008178
2026-09-28 10:26:50,020 - INFO - Best train loss=1.9332258749008178; saved /fs04/ar57/wenyu/GeneRec/results/stage3_T5Train/curvature_RQ-VAE_iter39/ckpt/Amazon_2023_Instruments/Sep-28-2026_10-09-51/HG_Rec_best.pth
2026-09-28 10:27:01,625 - INFO - Epoch 88/150 train_loss=1.9297514009475707
2026-09-28 10:27:01,661 - INFO - Best train loss=1.9297514009475707; saved /fs04/ar57/wenyu/GeneRec/results/stage3_T5Train/curvature_RQ-VAE_iter39/ckpt/Amazon_2023_Instruments/Sep-28-2026_10-09-51/HG_Rec_best.pth
2026-09-28 10:27:13,269 - INFO - Epoch 89/150 train_loss=1.9306721162796021
2026-09-28 10:27:24,876 - INFO - Epoch 90/150 train_loss=1.9263603782653809
2026-09-28 10:27:24,917 - INFO - Best train loss=1.9263603782653809; saved /fs04/ar57/wenyu/GeneRec/results/stage3_T5Train/curvature_RQ-VAE_iter39/ckpt/Amazon_2023_Instruments/Sep-28-2026_10-09-51/HG_Rec_best.pth
2026-09-28 10:27:36,522 - INFO - Epoch 91/150 train_loss=1.9248507022857666
2026-09-28 10:27:36,559 - INFO - Best train loss=1.9248507022857666; saved /fs04/ar57/wenyu/GeneRec/results/stage3_T5Train/curvature_RQ-VAE_iter39/ckpt/Amazon_2023_Instruments/Sep-28-2026_10-09-51/HG_Rec_best.pth
2026-09-28 10:27:48,164 - INFO - Epoch 92/150 train_loss=1.9235442543029786
2026-09-28 10:27:48,199 - INFO - Best train loss=1.9235442543029786; saved /fs04/ar57/wenyu/GeneRec/results/stage3_T5Train/curvature_RQ-VAE_iter39/ckpt/Amazon_2023_Instruments/Sep-28-2026_10-09-51/HG_Rec_best.pth
2026-09-28 10:27:59,815 - INFO - Epoch 93/150 train_loss=1.9209293746948242
2026-09-28 10:27:59,855 - INFO - Best train loss=1.9209293746948242; saved /fs04/ar57/wenyu/GeneRec/results/stage3_T5Train/curvature_RQ-VAE_iter39/ckpt/Amazon_2023_Instruments/Sep-28-2026_10-09-51/HG_Rec_best.pth
2026-09-28 10:28:11,467 - INFO - Epoch 94/150 train_loss=1.9229086542129517
2026-09-28 10:28:23,076 - INFO - Epoch 95/150 train_loss=1.9184846019744872
2026-09-28 10:28:23,110 - INFO - Best train loss=1.9184846019744872; saved /fs04/ar57/wenyu/GeneRec/results/stage3_T5Train/curvature_RQ-VAE_iter39/ckpt/Amazon_2023_Instruments/Sep-28-2026_10-09-51/HG_Rec_best.pth
2026-09-28 10:28:34,720 - INFO - Epoch 96/150 train_loss=1.917623562812805
2026-09-28 10:28:34,756 - INFO - Best train loss=1.917623562812805; saved /fs04/ar57/wenyu/GeneRec/results/stage3_T5Train/curvature_RQ-VAE_iter39/ckpt/Amazon_2023_Instruments/Sep-28-2026_10-09-51/HG_Rec_best.pth
2026-09-28 10:28:46,373 - INFO - Epoch 97/150 train_loss=1.91673810005188
2026-09-28 10:28:46,408 - INFO - Best train loss=1.91673810005188; saved /fs04/ar57/wenyu/GeneRec/results/stage3_T5Train/curvature_RQ-VAE_iter39/ckpt/Amazon_2023_Instruments/Sep-28-2026_10-09-51/HG_Rec_best.pth
2026-09-28 10:28:58,012 - INFO - Epoch 98/150 train_loss=1.913117651939392
2026-09-28 10:28:58,046 - INFO - Best train loss=1.913117651939392; saved /fs04/ar57/wenyu/GeneRec/results/stage3_T5Train/curvature_RQ-VAE_iter39/ckpt/Amazon_2023_Instruments/Sep-28-2026_10-09-51/HG_Rec_best.pth
2026-09-28 10:29:09,654 - INFO - Epoch 99/150 train_loss=1.9104251098632812
2026-09-28 10:29:09,690 - INFO - Best train loss=1.9104251098632812; saved /fs04/ar57/wenyu/GeneRec/results/stage3_T5Train/curvature_RQ-VAE_iter39/ckpt/Amazon_2023_Instruments/Sep-28-2026_10-09-51/HG_Rec_best.pth
2026-09-28 10:29:21,292 - INFO - Epoch 100/150 train_loss=1.9090648460388184
2026-09-28 10:29:21,328 - INFO - Best train loss=1.9090648460388184; saved /fs04/ar57/wenyu/GeneRec/results/stage3_T5Train/curvature_RQ-VAE_iter39/ckpt/Amazon_2023_Instruments/Sep-28-2026_10-09-51/HG_Rec_best.pth
2026-09-28 10:29:32,937 - INFO - Epoch 101/150 train_loss=1.9077746963500977
2026-09-28 10:29:32,973 - INFO - Best train loss=1.9077746963500977; saved /fs04/ar57/wenyu/GeneRec/results/stage3_T5Train/curvature_RQ-VAE_iter39/ckpt/Amazon_2023_Instruments/Sep-28-2026_10-09-51/HG_Rec_best.pth
2026-09-28 10:29:44,946 - INFO - Epoch 102/150 train_loss=1.9081852102279664
2026-09-28 10:29:56,561 - INFO - Epoch 103/150 train_loss=1.902570972442627
2026-09-28 10:29:56,612 - INFO - Best train loss=1.902570972442627; saved /fs04/ar57/wenyu/GeneRec/results/stage3_T5Train/curvature_RQ-VAE_iter39/ckpt/Amazon_2023_Instruments/Sep-28-2026_10-09-51/HG_Rec_best.pth
2026-09-28 10:30:08,302 - INFO - Epoch 104/150 train_loss=1.9015530824661255
2026-09-28 10:30:08,338 - INFO - Best train loss=1.9015530824661255; saved /fs04/ar57/wenyu/GeneRec/results/stage3_T5Train/curvature_RQ-VAE_iter39/ckpt/Amazon_2023_Instruments/Sep-28-2026_10-09-51/HG_Rec_best.pth
2026-09-28 10:30:20,010 - INFO - Epoch 105/150 train_loss=1.9034188079833985
2026-09-28 10:30:31,665 - INFO - Epoch 106/150 train_loss=1.8991243076324462
2026-09-28 10:30:31,738 - INFO - Best train loss=1.8991243076324462; saved /fs04/ar57/wenyu/GeneRec/results/stage3_T5Train/curvature_RQ-VAE_iter39/ckpt/Amazon_2023_Instruments/Sep-28-2026_10-09-51/HG_Rec_best.pth
2026-09-28 10:30:43,683 - INFO - Epoch 107/150 train_loss=1.900133900642395
2026-09-28 10:30:55,296 - INFO - Epoch 108/150 train_loss=1.8995487356185914
2026-09-28 10:31:06,906 - INFO - Epoch 109/150 train_loss=1.8931641340255738
2026-09-28 10:31:06,952 - INFO - Best train loss=1.8931641340255738; saved /fs04/ar57/wenyu/GeneRec/results/stage3_T5Train/curvature_RQ-VAE_iter39/ckpt/Amazon_2023_Instruments/Sep-28-2026_10-09-51/HG_Rec_best.pth
2026-09-28 10:31:18,564 - INFO - Epoch 110/150 train_loss=1.8931442165374757
2026-09-28 10:31:18,599 - INFO - Best train loss=1.8931442165374757; saved /fs04/ar57/wenyu/GeneRec/results/stage3_T5Train/curvature_RQ-VAE_iter39/ckpt/Amazon_2023_Instruments/Sep-28-2026_10-09-51/HG_Rec_best.pth
2026-09-28 10:31:30,208 - INFO - Epoch 111/150 train_loss=1.8920433568954467
2026-09-28 10:31:30,243 - INFO - Best train loss=1.8920433568954467; saved /fs04/ar57/wenyu/GeneRec/results/stage3_T5Train/curvature_RQ-VAE_iter39/ckpt/Amazon_2023_Instruments/Sep-28-2026_10-09-51/HG_Rec_best.pth
2026-09-28 10:31:41,851 - INFO - Epoch 112/150 train_loss=1.8911178302764893
2026-09-28 10:31:41,888 - INFO - Best train loss=1.8911178302764893; saved /fs04/ar57/wenyu/GeneRec/results/stage3_T5Train/curvature_RQ-VAE_iter39/ckpt/Amazon_2023_Instruments/Sep-28-2026_10-09-51/HG_Rec_best.pth
2026-09-28 10:31:53,499 - INFO - Epoch 113/150 train_loss=1.88981915473938
2026-09-28 10:31:53,535 - INFO - Best train loss=1.88981915473938; saved /fs04/ar57/wenyu/GeneRec/results/stage3_T5Train/curvature_RQ-VAE_iter39/ckpt/Amazon_2023_Instruments/Sep-28-2026_10-09-51/HG_Rec_best.pth
2026-09-28 10:32:05,145 - INFO - Epoch 114/150 train_loss=1.88974130153656
2026-09-28 10:32:05,180 - INFO - Best train loss=1.88974130153656; saved /fs04/ar57/wenyu/GeneRec/results/stage3_T5Train/curvature_RQ-VAE_iter39/ckpt/Amazon_2023_Instruments/Sep-28-2026_10-09-51/HG_Rec_best.pth
2026-09-28 10:32:16,786 - INFO - Epoch 115/150 train_loss=1.8894767189025878
2026-09-28 10:32:16,822 - INFO - Best train loss=1.8894767189025878; saved /fs04/ar57/wenyu/GeneRec/results/stage3_T5Train/curvature_RQ-VAE_iter39/ckpt/Amazon_2023_Instruments/Sep-28-2026_10-09-51/HG_Rec_best.pth
2026-09-28 10:32:28,426 - INFO - Epoch 116/150 train_loss=1.8883007335662843
2026-09-28 10:32:28,461 - INFO - Best train loss=1.8883007335662843; saved /fs04/ar57/wenyu/GeneRec/results/stage3_T5Train/curvature_RQ-VAE_iter39/ckpt/Amazon_2023_Instruments/Sep-28-2026_10-09-51/HG_Rec_best.pth
2026-09-28 10:32:42,030 - INFO - Epoch 117/150 train_loss=1.8846379661560058
2026-09-28 10:32:42,135 - INFO - Best train loss=1.8846379661560058; saved /fs04/ar57/wenyu/GeneRec/results/stage3_T5Train/curvature_RQ-VAE_iter39/ckpt/Amazon_2023_Instruments/Sep-28-2026_10-09-51/HG_Rec_best.pth
2026-09-28 10:32:53,745 - INFO - Epoch 118/150 train_loss=1.8831512451171875
2026-09-28 10:32:53,800 - INFO - Best train loss=1.8831512451171875; saved /fs04/ar57/wenyu/GeneRec/results/stage3_T5Train/curvature_RQ-VAE_iter39/ckpt/Amazon_2023_Instruments/Sep-28-2026_10-09-51/HG_Rec_best.pth
2026-09-28 10:33:05,406 - INFO - Epoch 119/150 train_loss=1.8811086750030517
2026-09-28 10:33:05,442 - INFO - Best train loss=1.8811086750030517; saved /fs04/ar57/wenyu/GeneRec/results/stage3_T5Train/curvature_RQ-VAE_iter39/ckpt/Amazon_2023_Instruments/Sep-28-2026_10-09-51/HG_Rec_best.pth
2026-09-28 10:33:17,045 - INFO - Epoch 120/150 train_loss=1.8796824169158937
2026-09-28 10:33:17,082 - INFO - Best train loss=1.8796824169158937; saved /fs04/ar57/wenyu/GeneRec/results/stage3_T5Train/curvature_RQ-VAE_iter39/ckpt/Amazon_2023_Instruments/Sep-28-2026_10-09-51/HG_Rec_best.pth
2026-09-28 10:33:28,690 - INFO - Epoch 121/150 train_loss=1.8791772794723511
2026-09-28 10:33:28,725 - INFO - Best train loss=1.8791772794723511; saved /fs04/ar57/wenyu/GeneRec/results/stage3_T5Train/curvature_RQ-VAE_iter39/ckpt/Amazon_2023_Instruments/Sep-28-2026_10-09-51/HG_Rec_best.pth
2026-09-28 10:33:40,331 - INFO - Epoch 122/150 train_loss=1.8768608522415162
2026-09-28 10:33:40,367 - INFO - Best train loss=1.8768608522415162; saved /fs04/ar57/wenyu/GeneRec/results/stage3_T5Train/curvature_RQ-VAE_iter39/ckpt/Amazon_2023_Instruments/Sep-28-2026_10-09-51/HG_Rec_best.pth
2026-09-28 10:33:51,969 - INFO - Epoch 123/150 train_loss=1.8739556026458741
2026-09-28 10:33:52,005 - INFO - Best train loss=1.8739556026458741; saved /fs04/ar57/wenyu/GeneRec/results/stage3_T5Train/curvature_RQ-VAE_iter39/ckpt/Amazon_2023_Instruments/Sep-28-2026_10-09-51/HG_Rec_best.pth
2026-09-28 10:34:03,610 - INFO - Epoch 124/150 train_loss=1.8750535726547242
2026-09-28 10:34:15,214 - INFO - Epoch 125/150 train_loss=1.8740728425979614
2026-09-28 10:34:26,830 - INFO - Epoch 126/150 train_loss=1.8728373765945434
2026-09-28 10:34:26,869 - INFO - Best train loss=1.8728373765945434; saved /fs04/ar57/wenyu/GeneRec/results/stage3_T5Train/curvature_RQ-VAE_iter39/ckpt/Amazon_2023_Instruments/Sep-28-2026_10-09-51/HG_Rec_best.pth
2026-09-28 10:34:38,474 - INFO - Epoch 127/150 train_loss=1.872430019378662
2026-09-28 10:34:38,508 - INFO - Best train loss=1.872430019378662; saved /fs04/ar57/wenyu/GeneRec/results/stage3_T5Train/curvature_RQ-VAE_iter39/ckpt/Amazon_2023_Instruments/Sep-28-2026_10-09-51/HG_Rec_best.pth
2026-09-28 10:34:50,119 - INFO - Epoch 128/150 train_loss=1.873912491798401
2026-09-28 10:35:01,722 - INFO - Epoch 129/150 train_loss=1.868443751335144
2026-09-28 10:35:01,765 - INFO - Best train loss=1.868443751335144; saved /fs04/ar57/wenyu/GeneRec/results/stage3_T5Train/curvature_RQ-VAE_iter39/ckpt/Amazon_2023_Instruments/Sep-28-2026_10-09-51/HG_Rec_best.pth
2026-09-28 10:35:13,366 - INFO - Epoch 130/150 train_loss=1.8713700675964355
2026-09-28 10:35:24,972 - INFO - Epoch 131/150 train_loss=1.8682088708877564
2026-09-28 10:35:25,015 - INFO - Best train loss=1.8682088708877564; saved /fs04/ar57/wenyu/GeneRec/results/stage3_T5Train/curvature_RQ-VAE_iter39/ckpt/Amazon_2023_Instruments/Sep-28-2026_10-09-51/HG_Rec_best.pth
2026-09-28 10:35:36,627 - INFO - Epoch 132/150 train_loss=1.8678124237060547
2026-09-28 10:35:36,663 - INFO - Best train loss=1.8678124237060547; saved /fs04/ar57/wenyu/GeneRec/results/stage3_T5Train/curvature_RQ-VAE_iter39/ckpt/Amazon_2023_Instruments/Sep-28-2026_10-09-51/HG_Rec_best.pth
2026-09-28 10:35:48,267 - INFO - Epoch 133/150 train_loss=1.866915740966797
2026-09-28 10:35:48,304 - INFO - Best train loss=1.866915740966797; saved /fs04/ar57/wenyu/GeneRec/results/stage3_T5Train/curvature_RQ-VAE_iter39/ckpt/Amazon_2023_Instruments/Sep-28-2026_10-09-51/HG_Rec_best.pth
2026-09-28 10:35:59,916 - INFO - Epoch 134/150 train_loss=1.8657144594192505
2026-09-28 10:35:59,951 - INFO - Best train loss=1.8657144594192505; saved /fs04/ar57/wenyu/GeneRec/results/stage3_T5Train/curvature_RQ-VAE_iter39/ckpt/Amazon_2023_Instruments/Sep-28-2026_10-09-51/HG_Rec_best.pth
2026-09-28 10:36:11,555 - INFO - Epoch 135/150 train_loss=1.8645088148117066
2026-09-28 10:36:11,591 - INFO - Best train loss=1.8645088148117066; saved /fs04/ar57/wenyu/GeneRec/results/stage3_T5Train/curvature_RQ-VAE_iter39/ckpt/Amazon_2023_Instruments/Sep-28-2026_10-09-51/HG_Rec_best.pth
2026-09-28 10:36:23,197 - INFO - Epoch 136/150 train_loss=1.864987759590149
2026-09-28 10:36:34,805 - INFO - Epoch 137/150 train_loss=1.8636467218399049
2026-09-28 10:36:34,840 - INFO - Best train loss=1.8636467218399049; saved /fs04/ar57/wenyu/GeneRec/results/stage3_T5Train/curvature_RQ-VAE_iter39/ckpt/Amazon_2023_Instruments/Sep-28-2026_10-09-51/HG_Rec_best.pth
2026-09-28 10:36:46,449 - INFO - Epoch 138/150 train_loss=1.8637816905975342
2026-09-28 10:36:58,058 - INFO - Epoch 139/150 train_loss=1.8624411773681642
2026-09-28 10:36:58,095 - INFO - Best train loss=1.8624411773681642; saved /fs04/ar57/wenyu/GeneRec/results/stage3_T5Train/curvature_RQ-VAE_iter39/ckpt/Amazon_2023_Instruments/Sep-28-2026_10-09-51/HG_Rec_best.pth
2026-09-28 10:37:09,694 - INFO - Epoch 140/150 train_loss=1.8607022523880006
2026-09-28 10:37:09,730 - INFO - Best train loss=1.8607022523880006; saved /fs04/ar57/wenyu/GeneRec/results/stage3_T5Train/curvature_RQ-VAE_iter39/ckpt/Amazon_2023_Instruments/Sep-28-2026_10-09-51/HG_Rec_best.pth
2026-09-28 10:37:21,336 - INFO - Epoch 141/150 train_loss=1.8656142902374269
2026-09-28 10:37:32,938 - INFO - Epoch 142/150 train_loss=1.8623412084579467
2026-09-28 10:37:45,342 - INFO - Epoch 143/150 train_loss=1.859174780845642
2026-09-28 10:37:45,379 - INFO - Best train loss=1.859174780845642; saved /fs04/ar57/wenyu/GeneRec/results/stage3_T5Train/curvature_RQ-VAE_iter39/ckpt/Amazon_2023_Instruments/Sep-28-2026_10-09-51/HG_Rec_best.pth
2026-09-28 10:37:56,985 - INFO - Epoch 144/150 train_loss=1.8553307962417602
2026-09-28 10:37:57,020 - INFO - Best train loss=1.8553307962417602; saved /fs04/ar57/wenyu/GeneRec/results/stage3_T5Train/curvature_RQ-VAE_iter39/ckpt/Amazon_2023_Instruments/Sep-28-2026_10-09-51/HG_Rec_best.pth
2026-09-28 10:38:08,631 - INFO - Epoch 145/150 train_loss=1.857441349029541
2026-09-28 10:38:20,238 - INFO - Epoch 146/150 train_loss=1.8562591648101807
2026-09-28 10:38:31,849 - INFO - Epoch 147/150 train_loss=1.8532126998901368
2026-09-28 10:38:31,884 - INFO - Best train loss=1.8532126998901368; saved /fs04/ar57/wenyu/GeneRec/results/stage3_T5Train/curvature_RQ-VAE_iter39/ckpt/Amazon_2023_Instruments/Sep-28-2026_10-09-51/HG_Rec_best.pth
2026-09-28 10:38:43,485 - INFO - Epoch 148/150 train_loss=1.8556369638442993
2026-09-28 10:38:55,087 - INFO - Epoch 149/150 train_loss=1.8534186935424806
2026-09-28 10:39:06,705 - INFO - Epoch 150/150 train_loss=1.8531223726272583
2026-09-28 10:39:06,740 - INFO - Best train loss=1.8531223726272583; saved /fs04/ar57/wenyu/GeneRec/results/stage3_T5Train/curvature_RQ-VAE_iter39/ckpt/Amazon_2023_Instruments/Sep-28-2026_10-09-51/HG_Rec_best.pth
2026-09-28 10:46:55,189 - INFO - Test={'best_checkpoint': '/fs04/ar57/wenyu/GeneRec/results/stage3_T5Train/curvature_RQ-VAE_iter39/ckpt/Amazon_2023_Instruments/Sep-28-2026_10-09-51/HG_Rec_best.pth', 'n_eval': 57439, 'test_recall@5': 0.03760511150960149, 'test_recall@10': 0.05614652065669667, 'test_ndcg@5': 0.025016992594527165, 'test_ndcg@10': 0.030987577365214646}
