W1006 03:21:44.817434 1762675 /fs04/scratch2/ar57/wenyu/genrec_env_v2/lib/python3.9/site-packages/torch/distributed/run.py:774] 
W1006 03:21:44.817434 1762675 /fs04/scratch2/ar57/wenyu/genrec_env_v2/lib/python3.9/site-packages/torch/distributed/run.py:774] *****************************************
W1006 03:21:44.817434 1762675 /fs04/scratch2/ar57/wenyu/genrec_env_v2/lib/python3.9/site-packages/torch/distributed/run.py:774] Setting OMP_NUM_THREADS environment variable for each process to be 1 in default, to avoid your system being overloaded, please further tune the variable for optimal performance in your application as needed. 
W1006 03:21:44.817434 1762675 /fs04/scratch2/ar57/wenyu/genrec_env_v2/lib/python3.9/site-packages/torch/distributed/run.py:774] *****************************************
[hyperbolic] cold_start=true max_global_steps=72000 batch_size_per_rank=1024 total_effective_batch=4096 c=[1.0, 1.0, 1.5] radius=[0.2, 0.2, 0.2]
[RecBole RQ-VAE] initializing codebooks with KMeans
/fs04/ar57/wenyu/GeneRec/stage2_RQ-VAE/curvature_RQ-VAE_iter92/model/layers.py:113: UserWarning: Deterministic behavior was enabled with either `torch.use_deterministic_algorithms(True)` or `at::Context::setDeterministicAlgorithms(true)`, but this operation is not deterministic because it uses CuBLAS and you have CUDA >= 10.2. To enable deterministic behavior in this case, you must set an environment variable before running your PyTorch application: CUBLAS_WORKSPACE_CONFIG=:4096:8 or CUBLAS_WORKSPACE_CONFIG=:16:8. For more information, go to https://docs.nvidia.com/cuda/cublas/index.html#results-reproducibility (Triggered internally at /pytorch/aten/src/ATen/Context.cpp:233.)
  dot = x_point @ y_point.t()
/fs04/ar57/wenyu/GeneRec/stage2_RQ-VAE/curvature_RQ-VAE_iter92/model/layers.py:113: UserWarning: Deterministic behavior was enabled with either `torch.use_deterministic_algorithms(True)` or `at::Context::setDeterministicAlgorithms(true)`, but this operation is not deterministic because it uses CuBLAS and you have CUDA >= 10.2. To enable deterministic behavior in this case, you must set an environment variable before running your PyTorch application: CUBLAS_WORKSPACE_CONFIG=:4096:8 or CUBLAS_WORKSPACE_CONFIG=:16:8. For more information, go to https://docs.nvidia.com/cuda/cublas/index.html#results-reproducibility (Triggered internally at /pytorch/aten/src/ATen/Context.cpp:233.)
  dot = x_point @ y_point.t()
/fs04/ar57/wenyu/GeneRec/stage2_RQ-VAE/curvature_RQ-VAE_iter92/model/layers.py:113: UserWarning: Deterministic behavior was enabled with either `torch.use_deterministic_algorithms(True)` or `at::Context::setDeterministicAlgorithms(true)`, but this operation is not deterministic because it uses CuBLAS and you have CUDA >= 10.2. To enable deterministic behavior in this case, you must set an environment variable before running your PyTorch application: CUBLAS_WORKSPACE_CONFIG=:4096:8 or CUBLAS_WORKSPACE_CONFIG=:16:8. For more information, go to https://docs.nvidia.com/cuda/cublas/index.html#results-reproducibility (Triggered internally at /pytorch/aten/src/ATen/Context.cpp:233.)
  dot = x_point @ y_point.t()
/fs04/ar57/wenyu/GeneRec/stage2_RQ-VAE/curvature_RQ-VAE_iter92/model/layers.py:113: UserWarning: Deterministic behavior was enabled with either `torch.use_deterministic_algorithms(True)` or `at::Context::setDeterministicAlgorithms(true)`, but this operation is not deterministic because it uses CuBLAS and you have CUDA >= 10.2. To enable deterministic behavior in this case, you must set an environment variable before running your PyTorch application: CUBLAS_WORKSPACE_CONFIG=:4096:8 or CUBLAS_WORKSPACE_CONFIG=:16:8. For more information, go to https://docs.nvidia.com/cuda/cublas/index.html#results-reproducibility (Triggered internally at /pytorch/aten/src/ATen/Context.cpp:233.)
  dot = x_point @ y_point.t()
/fs04/ar57/wenyu/GeneRec/stage2_RQ-VAE/curvature_RQ-VAE_iter92/model/layers.py:113: UserWarning: Deterministic behavior was enabled with either `torch.use_deterministic_algorithms(True)` or `at::Context::setDeterministicAlgorithms(true)`, but this operation is not deterministic because it uses CuBLAS and you have CUDA >= 10.2. To enable deterministic behavior in this case, you must set an environment variable before running your PyTorch application: CUBLAS_WORKSPACE_CONFIG=:4096:8 or CUBLAS_WORKSPACE_CONFIG=:16:8. For more information, go to https://docs.nvidia.com/cuda/cublas/index.html#results-reproducibility (Triggered internally at /pytorch/aten/src/ATen/Context.cpp:233.)
  dot = x_point @ y_point.t()
/fs04/ar57/wenyu/GeneRec/stage2_RQ-VAE/curvature_RQ-VAE_iter92/model/layers.py:113: UserWarning: Deterministic behavior was enabled with either `torch.use_deterministic_algorithms(True)` or `at::Context::setDeterministicAlgorithms(true)`, but this operation is not deterministic because it uses CuBLAS and you have CUDA >= 10.2. To enable deterministic behavior in this case, you must set an environment variable before running your PyTorch application: CUBLAS_WORKSPACE_CONFIG=:4096:8 or CUBLAS_WORKSPACE_CONFIG=:16:8. For more information, go to https://docs.nvidia.com/cuda/cublas/index.html#results-reproducibility (Triggered internally at /pytorch/aten/src/ATen/Context.cpp:233.)
  dot = x_point @ y_point.t()
/fs04/ar57/wenyu/GeneRec/stage2_RQ-VAE/curvature_RQ-VAE_iter92/model/layers.py:113: UserWarning: Deterministic behavior was enabled with either `torch.use_deterministic_algorithms(True)` or `at::Context::setDeterministicAlgorithms(true)`, but this operation is not deterministic because it uses CuBLAS and you have CUDA >= 10.2. To enable deterministic behavior in this case, you must set an environment variable before running your PyTorch application: CUBLAS_WORKSPACE_CONFIG=:4096:8 or CUBLAS_WORKSPACE_CONFIG=:16:8. For more information, go to https://docs.nvidia.com/cuda/cublas/index.html#results-reproducibility (Triggered internally at /pytorch/aten/src/ATen/Context.cpp:233.)
  dot = x_point @ y_point.t()
/fs04/ar57/wenyu/GeneRec/stage2_RQ-VAE/curvature_RQ-VAE_iter92/model/layers.py:113: UserWarning: Deterministic behavior was enabled with either `torch.use_deterministic_algorithms(True)` or `at::Context::setDeterministicAlgorithms(true)`, but this operation is not deterministic because it uses CuBLAS and you have CUDA >= 10.2. To enable deterministic behavior in this case, you must set an environment variable before running your PyTorch application: CUBLAS_WORKSPACE_CONFIG=:4096:8 or CUBLAS_WORKSPACE_CONFIG=:16:8. For more information, go to https://docs.nvidia.com/cuda/cublas/index.html#results-reproducibility (Triggered internally at /pytorch/aten/src/ATen/Context.cpp:233.)
  dot = x_point @ y_point.t()
/fs04/ar57/wenyu/GeneRec/stage2_RQ-VAE/curvature_RQ-VAE_iter92/model/layers.py:113: UserWarning: Deterministic behavior was enabled with either `torch.use_deterministic_algorithms(True)` or `at::Context::setDeterministicAlgorithms(true)`, but this operation is not deterministic because it uses CuBLAS and you have CUDA >= 10.2. To enable deterministic behavior in this case, you must set an environment variable before running your PyTorch application: CUBLAS_WORKSPACE_CONFIG=:4096:8 or CUBLAS_WORKSPACE_CONFIG=:16:8. For more information, go to https://docs.nvidia.com/cuda/cublas/index.html#results-reproducibility (Triggered internally at /pytorch/aten/src/ATen/Context.cpp:233.)
  dot = x_point @ y_point.t()
/fs04/ar57/wenyu/GeneRec/stage2_RQ-VAE/curvature_RQ-VAE_iter92/model/layers.py:113: UserWarning: Deterministic behavior was enabled with either `torch.use_deterministic_algorithms(True)` or `at::Context::setDeterministicAlgorithms(true)`, but this operation is not deterministic because it uses CuBLAS and you have CUDA >= 10.2. To enable deterministic behavior in this case, you must set an environment variable before running your PyTorch application: CUBLAS_WORKSPACE_CONFIG=:4096:8 or CUBLAS_WORKSPACE_CONFIG=:16:8. For more information, go to https://docs.nvidia.com/cuda/cublas/index.html#results-reproducibility (Triggered internally at /pytorch/aten/src/ATen/Context.cpp:233.)
  dot = x_point @ y_point.t()
/home/wlia0047/ar57_scratch/wenyu/genrec_env_v2/lib64/python3.9/site-packages/torch/distributed/distributed_c10d.py:4807: UserWarning: No device id is provided via `init_process_group` or `barrier `. Using the current device set by the user. 
  warnings.warn(  # warn only once
/home/wlia0047/ar57_scratch/wenyu/genrec_env_v2/lib64/python3.9/site-packages/torch/distributed/distributed_c10d.py:4807: UserWarning: No device id is provided via `init_process_group` or `barrier `. Using the current device set by the user. 
  warnings.warn(  # warn only once
/fs04/ar57/wenyu/GeneRec/stage2_RQ-VAE/curvature_RQ-VAE_iter92/model/layers.py:113: UserWarning: Deterministic behavior was enabled with either `torch.use_deterministic_algorithms(True)` or `at::Context::setDeterministicAlgorithms(true)`, but this operation is not deterministic because it uses CuBLAS and you have CUDA >= 10.2. To enable deterministic behavior in this case, you must set an environment variable before running your PyTorch application: CUBLAS_WORKSPACE_CONFIG=:4096:8 or CUBLAS_WORKSPACE_CONFIG=:16:8. For more information, go to https://docs.nvidia.com/cuda/cublas/index.html#results-reproducibility (Triggered internally at /pytorch/aten/src/ATen/Context.cpp:233.)
  dot = x_point @ y_point.t()
/fs04/ar57/wenyu/GeneRec/stage2_RQ-VAE/curvature_RQ-VAE_iter92/model/layers.py:113: UserWarning: Deterministic behavior was enabled with either `torch.use_deterministic_algorithms(True)` or `at::Context::setDeterministicAlgorithms(true)`, but this operation is not deterministic because it uses CuBLAS and you have CUDA >= 10.2. To enable deterministic behavior in this case, you must set an environment variable before running your PyTorch application: CUBLAS_WORKSPACE_CONFIG=:4096:8 or CUBLAS_WORKSPACE_CONFIG=:16:8. For more information, go to https://docs.nvidia.com/cuda/cublas/index.html#results-reproducibility (Triggered internally at /pytorch/aten/src/ATen/Context.cpp:233.)
  dot = x_point @ y_point.t()
/home/wlia0047/ar57_scratch/wenyu/genrec_env_v2/lib64/python3.9/site-packages/torch/distributed/distributed_c10d.py:4807: UserWarning: No device id is provided via `init_process_group` or `barrier `. Using the current device set by the user. 
  warnings.warn(  # warn only once
/home/wlia0047/ar57_scratch/wenyu/genrec_env_v2/lib64/python3.9/site-packages/torch/distributed/distributed_c10d.py:4807: UserWarning: No device id is provided via `init_process_group` or `barrier `. Using the current device set by the user. 
  warnings.warn(  # warn only once
/home/wlia0047/ar57_scratch/wenyu/genrec_env_v2/lib64/python3.9/site-packages/torch/autograd/graph.py:829: UserWarning: Deterministic behavior was enabled with either `torch.use_deterministic_algorithms(True)` or `at::Context::setDeterministicAlgorithms(true)`, but this operation is not deterministic because it uses CuBLAS and you have CUDA >= 10.2. To enable deterministic behavior in this case, you must set an environment variable before running your PyTorch application: CUBLAS_WORKSPACE_CONFIG=:4096:8 or CUBLAS_WORKSPACE_CONFIG=:16:8. For more information, go to https://docs.nvidia.com/cuda/cublas/index.html#results-reproducibility (Triggered internally at /pytorch/aten/src/ATen/Context.cpp:233.)
  return Variable._execution_engine.run_backward(  # Calls into the C++ engine to run the backward pass
/home/wlia0047/ar57_scratch/wenyu/genrec_env_v2/lib64/python3.9/site-packages/torch/autograd/graph.py:829: UserWarning: Deterministic behavior was enabled with either `torch.use_deterministic_algorithms(True)` or `at::Context::setDeterministicAlgorithms(true)`, but this operation is not deterministic because it uses CuBLAS and you have CUDA >= 10.2. To enable deterministic behavior in this case, you must set an environment variable before running your PyTorch application: CUBLAS_WORKSPACE_CONFIG=:4096:8 or CUBLAS_WORKSPACE_CONFIG=:16:8. For more information, go to https://docs.nvidia.com/cuda/cublas/index.html#results-reproducibility (Triggered internally at /pytorch/aten/src/ATen/Context.cpp:233.)
  return Variable._execution_engine.run_backward(  # Calls into the C++ engine to run the backward pass
/home/wlia0047/ar57_scratch/wenyu/genrec_env_v2/lib64/python3.9/site-packages/torch/autograd/graph.py:829: UserWarning: Deterministic behavior was enabled with either `torch.use_deterministic_algorithms(True)` or `at::Context::setDeterministicAlgorithms(true)`, but this operation is not deterministic because it uses CuBLAS and you have CUDA >= 10.2. To enable deterministic behavior in this case, you must set an environment variable before running your PyTorch application: CUBLAS_WORKSPACE_CONFIG=:4096:8 or CUBLAS_WORKSPACE_CONFIG=:16:8. For more information, go to https://docs.nvidia.com/cuda/cublas/index.html#results-reproducibility (Triggered internally at /pytorch/aten/src/ATen/Context.cpp:233.)
  return Variable._execution_engine.run_backward(  # Calls into the C++ engine to run the backward pass
/home/wlia0047/ar57_scratch/wenyu/genrec_env_v2/lib64/python3.9/site-packages/torch/autograd/graph.py:829: UserWarning: Deterministic behavior was enabled with either `torch.use_deterministic_algorithms(True)` or `at::Context::setDeterministicAlgorithms(true)`, but this operation is not deterministic because it uses CuBLAS and you have CUDA >= 10.2. To enable deterministic behavior in this case, you must set an environment variable before running your PyTorch application: CUBLAS_WORKSPACE_CONFIG=:4096:8 or CUBLAS_WORKSPACE_CONFIG=:16:8. For more information, go to https://docs.nvidia.com/cuda/cublas/index.html#results-reproducibility (Triggered internally at /pytorch/aten/src/ATen/Context.cpp:233.)
  return Variable._execution_engine.run_backward(  # Calls into the C++ engine to run the backward pass
[hyperbolic] global_step=172/72000 local_updates=43 loss=0.14388773 recon=0.00020286
[hyperbolic] global_step=236/72000 local_updates=59 loss=0.13669096 recon=0.00018273
[hyperbolic] global_step=300/72000 local_updates=75 loss=0.13246270 recon=0.00019988
[hyperbolic] global_step=404/72000 local_updates=101 loss=0.13313787 recon=0.00018705
[hyperbolic] global_step=520/72000 local_updates=130 loss=0.13551736 recon=0.00017985
[hyperbolic] global_step=628/72000 local_updates=157 loss=0.13810590 recon=0.00016267
[hyperbolic] global_step=740/72000 local_updates=185 loss=0.13695511 recon=0.00018224
[hyperbolic] global_step=852/72000 local_updates=213 loss=0.13453925 recon=0.00016771
[hyperbolic] global_step=964/72000 local_updates=241 loss=0.12998673 recon=0.00015292
[hyperbolic] global_step=1072/72000 local_updates=268 loss=0.12866066 recon=0.00014621
[hyperbolic] global_step=1184/72000 local_updates=296 loss=0.13096963 recon=0.00016421
[hyperbolic] global_step=1304/72000 local_updates=326 loss=0.12835792 recon=0.00018012
[hyperbolic] global_step=1420/72000 local_updates=355 loss=0.13082969 recon=0.00019033
[hyperbolic] global_step=1536/72000 local_updates=384 loss=0.13265906 recon=0.00017886
[hyperbolic] global_step=1652/72000 local_updates=413 loss=0.12660134 recon=0.00014243
[hyperbolic] global_step=1772/72000 local_updates=443 loss=0.12789075 recon=0.00016452
[hyperbolic] global_step=1884/72000 local_updates=471 loss=0.13020836 recon=0.00014295
[hyperbolic] global_step=2008/72000 local_updates=502 loss=0.13013503 recon=0.00013750
[hyperbolic] global_step=2132/72000 local_updates=533 loss=0.13352691 recon=0.00016198
[hyperbolic] global_step=2252/72000 local_updates=563 loss=0.13183700 recon=0.00015282
[hyperbolic] global_step=2372/72000 local_updates=593 loss=0.12948421 recon=0.00016163
[hyperbolic] global_step=2488/72000 local_updates=622 loss=0.12715311 recon=0.00015552
[hyperbolic] global_step=2608/72000 local_updates=652 loss=0.12911052 recon=0.00018717
[hyperbolic] global_step=2724/72000 local_updates=681 loss=0.13096145 recon=0.00016194
[hyperbolic] global_step=2840/72000 local_updates=710 loss=0.13070539 recon=0.00015591
[hyperbolic] global_step=2968/72000 local_updates=742 loss=0.13124211 recon=0.00015050
[hyperbolic] global_step=3092/72000 local_updates=773 loss=0.12887350 recon=0.00014291
[hyperbolic] global_step=3220/72000 local_updates=805 loss=0.13150036 recon=0.00016780
[hyperbolic] global_step=3344/72000 local_updates=836 loss=0.12828541 recon=0.00016418
[hyperbolic] global_step=3472/72000 local_updates=868 loss=0.12772623 recon=0.00016700
[hyperbolic] global_step=3596/72000 local_updates=899 loss=0.12956996 recon=0.00016891
[hyperbolic] global_step=3716/72000 local_updates=929 loss=0.13207152 recon=0.00015883
[hyperbolic] global_step=3836/72000 local_updates=959 loss=0.12983993 recon=0.00015196
[hyperbolic] global_step=3960/72000 local_updates=990 loss=0.12494230 recon=0.00014543
[hyperbolic] global_step=4080/72000 local_updates=1020 loss=0.12481619 recon=0.00014906
[hyperbolic] global_step=4200/72000 local_updates=1050 loss=0.13124938 recon=0.00016001
[hyperbolic] global_step=4328/72000 local_updates=1082 loss=0.12727964 recon=0.00015056
[hyperbolic] global_step=4448/72000 local_updates=1112 loss=0.12772340 recon=0.00016552
[hyperbolic] global_step=4572/72000 local_updates=1143 loss=0.12825759 recon=0.00014246
[hyperbolic] global_step=4700/72000 local_updates=1175 loss=0.12699085 recon=0.00013179
[hyperbolic] global_step=4824/72000 local_updates=1206 loss=0.12907687 recon=0.00016816
[hyperbolic] global_step=4948/72000 local_updates=1237 loss=0.12617259 recon=0.00015324
[hyperbolic] global_step=5076/72000 local_updates=1269 loss=0.12679577 recon=0.00013704
[hyperbolic] global_step=5200/72000 local_updates=1300 loss=0.12524517 recon=0.00014750
[hyperbolic] global_step=5320/72000 local_updates=1330 loss=0.12702031 recon=0.00015173
[hyperbolic] global_step=5444/72000 local_updates=1361 loss=0.12576734 recon=0.00013585
[hyperbolic] global_step=5564/72000 local_updates=1391 loss=0.12862414 recon=0.00015162
[hyperbolic] global_step=5692/72000 local_updates=1423 loss=0.12449953 recon=0.00017586
[hyperbolic] global_step=5816/72000 local_updates=1454 loss=0.12660085 recon=0.00014174
[hyperbolic] global_step=5936/72000 local_updates=1484 loss=0.12633973 recon=0.00015538
[hyperbolic] global_step=6064/72000 local_updates=1516 loss=0.12917592 recon=0.00014783
[hyperbolic] global_step=6184/72000 local_updates=1546 loss=0.12736656 recon=0.00015883
[hyperbolic] global_step=6308/72000 local_updates=1577 loss=0.12558724 recon=0.00015687
[hyperbolic] global_step=6432/72000 local_updates=1608 loss=0.12554868 recon=0.00017594
[hyperbolic] global_step=6552/72000 local_updates=1638 loss=0.12573905 recon=0.00015194
[hyperbolic] global_step=6680/72000 local_updates=1670 loss=0.12623659 recon=0.00015835
[hyperbolic] global_step=6804/72000 local_updates=1701 loss=0.12649742 recon=0.00015081
[hyperbolic] global_step=6924/72000 local_updates=1731 loss=0.12721673 recon=0.00016891
[hyperbolic] global_step=7048/72000 local_updates=1762 loss=0.12472440 recon=0.00013985
[hyperbolic] global_step=7176/72000 local_updates=1794 loss=0.12613487 recon=0.00015239
[hyperbolic] global_step=7304/72000 local_updates=1826 loss=0.12556638 recon=0.00016675
[hyperbolic] global_step=7436/72000 local_updates=1859 loss=0.12471612 recon=0.00013938
[hyperbolic] global_step=7564/72000 local_updates=1891 loss=0.12473179 recon=0.00015251
[hyperbolic] global_step=7696/72000 local_updates=1924 loss=0.12610479 recon=0.00015779
[hyperbolic] global_step=7824/72000 local_updates=1956 loss=0.12657626 recon=0.00015356
[hyperbolic] global_step=7948/72000 local_updates=1987 loss=0.12500514 recon=0.00014416
[hyperbolic] global_step=8076/72000 local_updates=2019 loss=0.12566014 recon=0.00017272
[hyperbolic] global_step=8204/72000 local_updates=2051 loss=0.12629060 recon=0.00016334
[hyperbolic] global_step=8328/72000 local_updates=2082 loss=0.12284694 recon=0.00014159
[hyperbolic] global_step=8448/72000 local_updates=2112 loss=0.12879762 recon=0.00014079
[hyperbolic] global_step=8572/72000 local_updates=2143 loss=0.12768887 recon=0.00014954
[hyperbolic] global_step=8704/72000 local_updates=2176 loss=0.12768364 recon=0.00014469
[hyperbolic] global_step=8832/72000 local_updates=2208 loss=0.12556270 recon=0.00014266
[hyperbolic] global_step=8960/72000 local_updates=2240 loss=0.12454451 recon=0.00016725
[hyperbolic] global_step=9088/72000 local_updates=2272 loss=0.12731503 recon=0.00015928
[hyperbolic] global_step=9216/72000 local_updates=2304 loss=0.12732740 recon=0.00016619
[hyperbolic] global_step=9344/72000 local_updates=2336 loss=0.12298531 recon=0.00014711
[hyperbolic] global_step=9472/72000 local_updates=2368 loss=0.12541874 recon=0.00016177
[hyperbolic] global_step=9592/72000 local_updates=2398 loss=0.12504500 recon=0.00015912
[hyperbolic] global_step=9716/72000 local_updates=2429 loss=0.12554406 recon=0.00015395
[hyperbolic] global_step=9832/72000 local_updates=2458 loss=0.12427347 recon=0.00014377
[hyperbolic] global_step=9956/72000 local_updates=2489 loss=0.13017638 recon=0.00015178
[hyperbolic] global_step=10000/72000 loss=0.12855035 recon=0.00015609 c=[1.0, 1.0, 1.5] epsilon=[0.003, 0.003, 0.003] raw_unique=24551/24587 collision=0.001464 behaviour=0.21687479 codebook_used=[256, 256, 256]
[hyperbolic] global_step=10128/72000 local_updates=2532 loss=0.12417536 recon=0.00014934
[hyperbolic] global_step=10244/72000 local_updates=2561 loss=0.12843587 recon=0.00015174
[hyperbolic] global_step=10372/72000 local_updates=2593 loss=0.12463638 recon=0.00016023
[hyperbolic] global_step=10500/72000 local_updates=2625 loss=0.12917878 recon=0.00015080
[hyperbolic] global_step=10624/72000 local_updates=2656 loss=0.12368314 recon=0.00015471
[hyperbolic] global_step=10752/72000 local_updates=2688 loss=0.12550162 recon=0.00013496
[hyperbolic] global_step=10880/72000 local_updates=2720 loss=0.12719496 recon=0.00017882
[hyperbolic] global_step=11004/72000 local_updates=2751 loss=0.12427568 recon=0.00013736
[hyperbolic] global_step=11124/72000 local_updates=2781 loss=0.12572482 recon=0.00014570
[hyperbolic] global_step=11252/72000 local_updates=2813 loss=0.12533310 recon=0.00013574
[hyperbolic] global_step=11380/72000 local_updates=2845 loss=0.13022169 recon=0.00015803
[hyperbolic] global_step=11508/72000 local_updates=2877 loss=0.12621918 recon=0.00017076
[hyperbolic] global_step=11636/72000 local_updates=2909 loss=0.12448935 recon=0.00015524
[hyperbolic] global_step=11760/72000 local_updates=2940 loss=0.12446943 recon=0.00014859
[hyperbolic] global_step=11884/72000 local_updates=2971 loss=0.12520654 recon=0.00012599
[hyperbolic] global_step=12008/72000 local_updates=3002 loss=0.12839329 recon=0.00015787
[hyperbolic] global_step=12136/72000 local_updates=3034 loss=0.12692647 recon=0.00013082
[hyperbolic] global_step=12256/72000 local_updates=3064 loss=0.12655924 recon=0.00014349
[hyperbolic] global_step=12376/72000 local_updates=3094 loss=0.12592897 recon=0.00013535
[hyperbolic] global_step=12508/72000 local_updates=3127 loss=0.12530488 recon=0.00013926
[hyperbolic] global_step=12632/72000 local_updates=3158 loss=0.12276978 recon=0.00015530
[hyperbolic] global_step=12752/72000 local_updates=3188 loss=0.12738691 recon=0.00013819
[hyperbolic] global_step=12872/72000 local_updates=3218 loss=0.12605056 recon=0.00015024
[hyperbolic] global_step=12992/72000 local_updates=3248 loss=0.12471642 recon=0.00014550
[hyperbolic] global_step=13112/72000 local_updates=3278 loss=0.12696420 recon=0.00015770
[hyperbolic] global_step=13236/72000 local_updates=3309 loss=0.12385048 recon=0.00014850
[hyperbolic] global_step=13364/72000 local_updates=3341 loss=0.12532079 recon=0.00015447
[hyperbolic] global_step=13488/72000 local_updates=3372 loss=0.12356493 recon=0.00015428
[hyperbolic] global_step=13612/72000 local_updates=3403 loss=0.12525830 recon=0.00015898
[hyperbolic] global_step=13736/72000 local_updates=3434 loss=0.12302120 recon=0.00014484
[hyperbolic] global_step=13860/72000 local_updates=3465 loss=0.12467649 recon=0.00013897
[hyperbolic] global_step=13988/72000 local_updates=3497 loss=0.12536624 recon=0.00014744
[hyperbolic] global_step=14108/72000 local_updates=3527 loss=0.12667173 recon=0.00015584
[hyperbolic] global_step=14228/72000 local_updates=3557 loss=0.12482133 recon=0.00013724
[hyperbolic] global_step=14356/72000 local_updates=3589 loss=0.12215249 recon=0.00015141
[hyperbolic] global_step=14484/72000 local_updates=3621 loss=0.12544581 recon=0.00015102
[hyperbolic] global_step=14612/72000 local_updates=3653 loss=0.12604544 recon=0.00014745
[hyperbolic] global_step=14740/72000 local_updates=3685 loss=0.12345278 recon=0.00014649
[hyperbolic] global_step=14868/72000 local_updates=3717 loss=0.12517568 recon=0.00013400
[hyperbolic] global_step=14996/72000 local_updates=3749 loss=0.12481014 recon=0.00013550
[hyperbolic] global_step=15124/72000 local_updates=3781 loss=0.12570581 recon=0.00014605
[hyperbolic] global_step=15256/72000 local_updates=3814 loss=0.12353812 recon=0.00014611
[hyperbolic] global_step=15380/72000 local_updates=3845 loss=0.12637977 recon=0.00014063
[hyperbolic] global_step=15508/72000 local_updates=3877 loss=0.12634888 recon=0.00015491
[hyperbolic] global_step=15632/72000 local_updates=3908 loss=0.12495381 recon=0.00014627
[hyperbolic] global_step=15760/72000 local_updates=3940 loss=0.12377731 recon=0.00014691
[hyperbolic] global_step=15892/72000 local_updates=3973 loss=0.12585545 recon=0.00014395
[hyperbolic] global_step=16024/72000 local_updates=4006 loss=0.12384726 recon=0.00014471
[hyperbolic] global_step=16148/72000 local_updates=4037 loss=0.12671711 recon=0.00014538
[hyperbolic] global_step=16280/72000 local_updates=4070 loss=0.12368348 recon=0.00015295
[hyperbolic] global_step=16408/72000 local_updates=4102 loss=0.12678313 recon=0.00014624
[hyperbolic] global_step=16536/72000 local_updates=4134 loss=0.12721188 recon=0.00014726
[hyperbolic] global_step=16664/72000 local_updates=4166 loss=0.12481371 recon=0.00013956
[hyperbolic] global_step=16788/72000 local_updates=4197 loss=0.12446059 recon=0.00014568
[hyperbolic] global_step=16916/72000 local_updates=4229 loss=0.12581462 recon=0.00014723
[hyperbolic] global_step=17040/72000 local_updates=4260 loss=0.12453508 recon=0.00014767
[hyperbolic] global_step=17164/72000 local_updates=4291 loss=0.12496119 recon=0.00014182
[hyperbolic] global_step=17296/72000 local_updates=4324 loss=0.12662372 recon=0.00013636
[hyperbolic] global_step=17432/72000 local_updates=4358 loss=0.12508491 recon=0.00015635
[hyperbolic] global_step=17556/72000 local_updates=4389 loss=0.12368551 recon=0.00013969
[hyperbolic] global_step=17692/72000 local_updates=4423 loss=0.12520701 recon=0.00013715
[hyperbolic] global_step=17824/72000 local_updates=4456 loss=0.12301895 recon=0.00014703
[hyperbolic] global_step=17952/72000 local_updates=4488 loss=0.12444227 recon=0.00014766
[hyperbolic] global_step=18080/72000 local_updates=4520 loss=0.12712291 recon=0.00015574
[hyperbolic] global_step=18220/72000 local_updates=4555 loss=0.12482595 recon=0.00013202
[hyperbolic] global_step=18360/72000 local_updates=4590 loss=0.12687549 recon=0.00014305
[hyperbolic] global_step=18500/72000 local_updates=4625 loss=0.12430051 recon=0.00014278
[hyperbolic] global_step=18628/72000 local_updates=4657 loss=0.12518409 recon=0.00013300
[hyperbolic] global_step=18764/72000 local_updates=4691 loss=0.12483223 recon=0.00014527
[hyperbolic] global_step=18892/72000 local_updates=4723 loss=0.12506843 recon=0.00013292
[hyperbolic] global_step=19028/72000 local_updates=4757 loss=0.12512916 recon=0.00015983
[hyperbolic] global_step=19164/72000 local_updates=4791 loss=0.12510832 recon=0.00014893
[hyperbolic] global_step=19300/72000 local_updates=4825 loss=0.12415921 recon=0.00014710
[hyperbolic] global_step=19432/72000 local_updates=4858 loss=0.12605250 recon=0.00013590
[hyperbolic] global_step=19572/72000 local_updates=4893 loss=0.12396258 recon=0.00015164
[hyperbolic] global_step=19708/72000 local_updates=4927 loss=0.12424275 recon=0.00014974
[hyperbolic] global_step=19844/72000 local_updates=4961 loss=0.12448455 recon=0.00015148
[hyperbolic] global_step=19972/72000 local_updates=4993 loss=0.12415801 recon=0.00014830
[hyperbolic] global_step=20000/72000 loss=0.12518960 recon=0.00014722 c=[1.0, 1.0, 1.5] epsilon=[0.003, 0.003, 0.003] raw_unique=24550/24587 collision=0.001505 behaviour=0.19037077 codebook_used=[256, 256, 256]
[hyperbolic] global_step=20128/72000 local_updates=5032 loss=0.12732176 recon=0.00013595
[hyperbolic] global_step=20260/72000 local_updates=5065 loss=0.12647304 recon=0.00016779
[hyperbolic] global_step=20392/72000 local_updates=5098 loss=0.12585203 recon=0.00013920
[hyperbolic] global_step=20524/72000 local_updates=5131 loss=0.12423688 recon=0.00016209
[hyperbolic] global_step=20656/72000 local_updates=5164 loss=0.12324549 recon=0.00015092
[hyperbolic] global_step=20792/72000 local_updates=5198 loss=0.12723592 recon=0.00016256
[hyperbolic] global_step=20924/72000 local_updates=5231 loss=0.12435699 recon=0.00015862
[hyperbolic] global_step=21056/72000 local_updates=5264 loss=0.12764272 recon=0.00013542
[hyperbolic] global_step=21184/72000 local_updates=5296 loss=0.12556842 recon=0.00014797
[hyperbolic] global_step=21316/72000 local_updates=5329 loss=0.12400603 recon=0.00014528
[hyperbolic] global_step=21452/72000 local_updates=5363 loss=0.12385521 recon=0.00014260
[hyperbolic] global_step=21584/72000 local_updates=5396 loss=0.12391042 recon=0.00016051
[hyperbolic] global_step=21712/72000 local_updates=5428 loss=0.12335861 recon=0.00014137
[hyperbolic] global_step=21840/72000 local_updates=5460 loss=0.12436283 recon=0.00013588
[hyperbolic] global_step=21972/72000 local_updates=5493 loss=0.12719852 recon=0.00014012
[hyperbolic] global_step=22100/72000 local_updates=5525 loss=0.12624185 recon=0.00014286
[hyperbolic] global_step=22236/72000 local_updates=5559 loss=0.12532723 recon=0.00014945
[hyperbolic] global_step=22376/72000 local_updates=5594 loss=0.12637274 recon=0.00014752
[hyperbolic] global_step=22508/72000 local_updates=5627 loss=0.12494352 recon=0.00014087
[hyperbolic] global_step=22636/72000 local_updates=5659 loss=0.12510026 recon=0.00014670
[hyperbolic] global_step=22772/72000 local_updates=5693 loss=0.12385491 recon=0.00013790
[hyperbolic] global_step=22912/72000 local_updates=5728 loss=0.12541871 recon=0.00015657
[hyperbolic] global_step=23052/72000 local_updates=5763 loss=0.12423531 recon=0.00015807
[hyperbolic] global_step=23184/72000 local_updates=5796 loss=0.12532067 recon=0.00014427
[hyperbolic] global_step=23316/72000 local_updates=5829 loss=0.12299893 recon=0.00012675
[hyperbolic] global_step=23464/72000 local_updates=5866 loss=0.12415446 recon=0.00015010
[hyperbolic] global_step=23592/72000 local_updates=5898 loss=0.12237773 recon=0.00014492
[hyperbolic] global_step=23728/72000 local_updates=5932 loss=0.12556829 recon=0.00013975
[hyperbolic] global_step=23864/72000 local_updates=5966 loss=0.12319665 recon=0.00014643
[hyperbolic] global_step=24000/72000 local_updates=6000 loss=0.12418073 recon=0.00013234
[hyperbolic] global_step=24132/72000 local_updates=6033 loss=0.12335212 recon=0.00013865
[hyperbolic] global_step=24268/72000 local_updates=6067 loss=0.12558027 recon=0.00015177
[hyperbolic] global_step=24416/72000 local_updates=6104 loss=0.12464941 recon=0.00014768
[hyperbolic] global_step=24552/72000 local_updates=6138 loss=0.12264091 recon=0.00015144
[hyperbolic] global_step=24696/72000 local_updates=6174 loss=0.12288915 recon=0.00014614
[hyperbolic] global_step=24840/72000 local_updates=6210 loss=0.12406822 recon=0.00015131
[hyperbolic] global_step=24984/72000 local_updates=6246 loss=0.12589455 recon=0.00014589
[hyperbolic] global_step=25124/72000 local_updates=6281 loss=0.12355062 recon=0.00015428
[hyperbolic] global_step=25264/72000 local_updates=6316 loss=0.12505355 recon=0.00014918
[hyperbolic] global_step=25404/72000 local_updates=6351 loss=0.12727180 recon=0.00016710
[hyperbolic] global_step=25540/72000 local_updates=6385 loss=0.12430975 recon=0.00015026
[hyperbolic] global_step=25680/72000 local_updates=6420 loss=0.12469479 recon=0.00016233
[hyperbolic] global_step=25812/72000 local_updates=6453 loss=0.12549689 recon=0.00013856
[hyperbolic] global_step=25948/72000 local_updates=6487 loss=0.12287985 recon=0.00014543
[hyperbolic] global_step=26088/72000 local_updates=6522 loss=0.12452852 recon=0.00013771
[hyperbolic] global_step=26232/72000 local_updates=6558 loss=0.12521891 recon=0.00014313
[hyperbolic] global_step=26368/72000 local_updates=6592 loss=0.12554055 recon=0.00013027
[hyperbolic] global_step=26504/72000 local_updates=6626 loss=0.12386838 recon=0.00013029
[hyperbolic] global_step=26636/72000 local_updates=6659 loss=0.12553279 recon=0.00014674
[hyperbolic] global_step=26772/72000 local_updates=6693 loss=0.12453273 recon=0.00013549
[hyperbolic] global_step=26912/72000 local_updates=6728 loss=0.12292422 recon=0.00013815
[hyperbolic] global_step=27056/72000 local_updates=6764 loss=0.12463087 recon=0.00013494
[hyperbolic] global_step=27200/72000 local_updates=6800 loss=0.12326661 recon=0.00013888
[hyperbolic] global_step=27348/72000 local_updates=6837 loss=0.12493484 recon=0.00015500
[hyperbolic] global_step=27492/72000 local_updates=6873 loss=0.12364832 recon=0.00015190
[hyperbolic] global_step=27640/72000 local_updates=6910 loss=0.12479720 recon=0.00014158
[hyperbolic] global_step=27784/72000 local_updates=6946 loss=0.12664805 recon=0.00014154
[hyperbolic] global_step=27924/72000 local_updates=6981 loss=0.12472039 recon=0.00013797
[hyperbolic] global_step=28068/72000 local_updates=7017 loss=0.12582275 recon=0.00016324
[hyperbolic] global_step=28212/72000 local_updates=7053 loss=0.12482008 recon=0.00015028
[hyperbolic] global_step=28336/72000 local_updates=7084 loss=0.12389352 recon=0.00013814
[hyperbolic] global_step=28472/72000 local_updates=7118 loss=0.12502730 recon=0.00014417
[hyperbolic] global_step=28620/72000 local_updates=7155 loss=0.12502158 recon=0.00014572
[hyperbolic] global_step=28764/72000 local_updates=7191 loss=0.12565278 recon=0.00014059
[hyperbolic] global_step=28916/72000 local_updates=7229 loss=0.12466802 recon=0.00015431
[hyperbolic] global_step=29056/72000 local_updates=7264 loss=0.12475662 recon=0.00013603
[hyperbolic] global_step=29196/72000 local_updates=7299 loss=0.12473340 recon=0.00014441
[hyperbolic] global_step=29340/72000 local_updates=7335 loss=0.12387195 recon=0.00014261
[hyperbolic] global_step=29480/72000 local_updates=7370 loss=0.12540254 recon=0.00015516
[hyperbolic] global_step=29612/72000 local_updates=7403 loss=0.12275593 recon=0.00014919
[hyperbolic] global_step=29748/72000 local_updates=7437 loss=0.12684609 recon=0.00013717
[hyperbolic] global_step=29892/72000 local_updates=7473 loss=0.12435116 recon=0.00013393
[hyperbolic] global_step=30000/72000 loss=0.12489070 recon=0.00014648 c=[1.0, 1.0, 1.5] epsilon=[0.003, 0.003, 0.003] raw_unique=24550/24587 collision=0.001505 behaviour=0.17945071 codebook_used=[256, 256, 256]
[hyperbolic] global_step=30136/72000 local_updates=7534 loss=0.12284070 recon=0.00014500
[hyperbolic] global_step=30272/72000 local_updates=7568 loss=0.12455462 recon=0.00014323
[hyperbolic] global_step=30408/72000 local_updates=7602 loss=0.12482853 recon=0.00014004
[hyperbolic] global_step=30540/72000 local_updates=7635 loss=0.12263993 recon=0.00014776
[hyperbolic] global_step=30684/72000 local_updates=7671 loss=0.12518805 recon=0.00013404
[hyperbolic] global_step=30824/72000 local_updates=7706 loss=0.12354195 recon=0.00014771
[hyperbolic] global_step=30956/72000 local_updates=7739 loss=0.12628624 recon=0.00013717
[hyperbolic] global_step=31092/72000 local_updates=7773 loss=0.12469481 recon=0.00014034
[hyperbolic] global_step=31236/72000 local_updates=7809 loss=0.12393627 recon=0.00013946
[hyperbolic] global_step=31380/72000 local_updates=7845 loss=0.12355500 recon=0.00013884
[hyperbolic] global_step=31516/72000 local_updates=7879 loss=0.12588327 recon=0.00014588
[hyperbolic] global_step=31660/72000 local_updates=7915 loss=0.12487914 recon=0.00013076
[hyperbolic] global_step=31804/72000 local_updates=7951 loss=0.12454895 recon=0.00013488
[hyperbolic] global_step=31944/72000 local_updates=7986 loss=0.12615877 recon=0.00016055
[hyperbolic] global_step=32084/72000 local_updates=8021 loss=0.12306996 recon=0.00013814
[hyperbolic] global_step=32244/72000 local_updates=8061 loss=0.12486742 recon=0.00013819
[hyperbolic] global_step=32388/72000 local_updates=8097 loss=0.12480905 recon=0.00013927
[hyperbolic] global_step=32524/72000 local_updates=8131 loss=0.12789124 recon=0.00013525
[hyperbolic] global_step=32668/72000 local_updates=8167 loss=0.12394146 recon=0.00015149
[hyperbolic] global_step=32808/72000 local_updates=8202 loss=0.12666880 recon=0.00014845
[hyperbolic] global_step=32948/72000 local_updates=8237 loss=0.12442307 recon=0.00014950
[hyperbolic] global_step=33084/72000 local_updates=8271 loss=0.12490705 recon=0.00014613
[hyperbolic] global_step=33224/72000 local_updates=8306 loss=0.12705690 recon=0.00015109
[hyperbolic] global_step=33372/72000 local_updates=8343 loss=0.12578532 recon=0.00015060
[hyperbolic] global_step=33516/72000 local_updates=8379 loss=0.12431690 recon=0.00015049
[hyperbolic] global_step=33660/72000 local_updates=8415 loss=0.12374901 recon=0.00014014
[hyperbolic] global_step=33804/72000 local_updates=8451 loss=0.12624864 recon=0.00014916
[hyperbolic] global_step=33952/72000 local_updates=8488 loss=0.12580818 recon=0.00016748
[hyperbolic] global_step=34112/72000 local_updates=8528 loss=0.12534951 recon=0.00014254
[hyperbolic] global_step=34264/72000 local_updates=8566 loss=0.12264173 recon=0.00013773
[hyperbolic] global_step=34408/72000 local_updates=8602 loss=0.12477711 recon=0.00014725
[hyperbolic] global_step=34548/72000 local_updates=8637 loss=0.12434928 recon=0.00014431
[hyperbolic] global_step=34692/72000 local_updates=8673 loss=0.12426730 recon=0.00014726
[hyperbolic] global_step=34848/72000 local_updates=8712 loss=0.12317744 recon=0.00016398
[hyperbolic] global_step=35000/72000 local_updates=8750 loss=0.12573297 recon=0.00014853
[hyperbolic] global_step=35152/72000 local_updates=8788 loss=0.12295075 recon=0.00014120
[hyperbolic] global_step=35300/72000 local_updates=8825 loss=0.12484256 recon=0.00014123
[hyperbolic] global_step=35444/72000 local_updates=8861 loss=0.12471199 recon=0.00015368
[hyperbolic] global_step=35600/72000 local_updates=8900 loss=0.12564206 recon=0.00014746
[hyperbolic] global_step=35748/72000 local_updates=8937 loss=0.12709916 recon=0.00015124
[hyperbolic] global_step=35900/72000 local_updates=8975 loss=0.12494341 recon=0.00013946
[hyperbolic] global_step=36048/72000 local_updates=9012 loss=0.12414517 recon=0.00015286
[hyperbolic] global_step=36188/72000 local_updates=9047 loss=0.12643766 recon=0.00015619
[hyperbolic] global_step=36328/72000 local_updates=9082 loss=0.12630956 recon=0.00015663
[hyperbolic] global_step=36480/72000 local_updates=9120 loss=0.12469701 recon=0.00014050
[hyperbolic] global_step=36624/72000 local_updates=9156 loss=0.12485951 recon=0.00013941
[hyperbolic] global_step=36784/72000 local_updates=9196 loss=0.12651306 recon=0.00015634
[hyperbolic] global_step=36928/72000 local_updates=9232 loss=0.12365782 recon=0.00016202
[hyperbolic] global_step=37080/72000 local_updates=9270 loss=0.12678164 recon=0.00014935
[hyperbolic] global_step=37228/72000 local_updates=9307 loss=0.12418763 recon=0.00013610
[hyperbolic] global_step=37372/72000 local_updates=9343 loss=0.12598673 recon=0.00013775
[hyperbolic] global_step=37516/72000 local_updates=9379 loss=0.12448921 recon=0.00012384
[hyperbolic] global_step=37660/72000 local_updates=9415 loss=0.12751594 recon=0.00016213
[hyperbolic] global_step=37812/72000 local_updates=9453 loss=0.12457523 recon=0.00013895
[hyperbolic] global_step=37956/72000 local_updates=9489 loss=0.12496147 recon=0.00015076
[hyperbolic] global_step=38104/72000 local_updates=9526 loss=0.12663087 recon=0.00015719
[hyperbolic] global_step=38264/72000 local_updates=9566 loss=0.12315738 recon=0.00013888
[hyperbolic] global_step=38416/72000 local_updates=9604 loss=0.12538584 recon=0.00013490
[hyperbolic] global_step=38568/72000 local_updates=9642 loss=0.12416021 recon=0.00012605
[hyperbolic] global_step=38720/72000 local_updates=9680 loss=0.12517074 recon=0.00014556
[hyperbolic] global_step=38872/72000 local_updates=9718 loss=0.12542044 recon=0.00013225
[hyperbolic] global_step=39012/72000 local_updates=9753 loss=0.12506467 recon=0.00014720
[hyperbolic] global_step=39160/72000 local_updates=9790 loss=0.12622678 recon=0.00016216
[hyperbolic] global_step=39308/72000 local_updates=9827 loss=0.12543029 recon=0.00014234
[hyperbolic] global_step=39452/72000 local_updates=9863 loss=0.12274341 recon=0.00015503
[hyperbolic] global_step=39604/72000 local_updates=9901 loss=0.12512256 recon=0.00014837
[hyperbolic] global_step=39756/72000 local_updates=9939 loss=0.12620273 recon=0.00013754
[hyperbolic] global_step=39916/72000 local_updates=9979 loss=0.12410881 recon=0.00013522
[hyperbolic] global_step=40000/72000 loss=0.12496687 recon=0.00014512 c=[1.0, 1.0, 1.5] epsilon=[0.003, 0.003, 0.003] raw_unique=24549/24587 collision=0.001546 behaviour=0.17248246 codebook_used=[256, 256, 256]
[hyperbolic] global_step=40148/72000 local_updates=10037 loss=0.12605414 recon=0.00014567
[hyperbolic] global_step=40292/72000 local_updates=10073 loss=0.12391950 recon=0.00015881
[hyperbolic] global_step=40440/72000 local_updates=10110 loss=0.12448181 recon=0.00015219
[hyperbolic] global_step=40592/72000 local_updates=10148 loss=0.12515941 recon=0.00015438
[hyperbolic] global_step=40744/72000 local_updates=10186 loss=0.12678958 recon=0.00014458
[hyperbolic] global_step=40908/72000 local_updates=10227 loss=0.12706630 recon=0.00015040
[hyperbolic] global_step=41068/72000 local_updates=10267 loss=0.12541439 recon=0.00014957
[hyperbolic] global_step=41212/72000 local_updates=10303 loss=0.12405058 recon=0.00015556
[hyperbolic] global_step=41372/72000 local_updates=10343 loss=0.12489774 recon=0.00014496
[hyperbolic] global_step=41532/72000 local_updates=10383 loss=0.12473654 recon=0.00014289
[hyperbolic] global_step=41672/72000 local_updates=10418 loss=0.12681855 recon=0.00015624
[hyperbolic] global_step=41824/72000 local_updates=10456 loss=0.12642778 recon=0.00015123
[hyperbolic] global_step=41976/72000 local_updates=10494 loss=0.12529050 recon=0.00015660
[hyperbolic] global_step=42128/72000 local_updates=10532 loss=0.12451126 recon=0.00014540
[hyperbolic] global_step=42280/72000 local_updates=10570 loss=0.12586825 recon=0.00013635
[hyperbolic] global_step=42436/72000 local_updates=10609 loss=0.12432937 recon=0.00013383
[hyperbolic] global_step=42588/72000 local_updates=10647 loss=0.12519227 recon=0.00015079
[hyperbolic] global_step=42736/72000 local_updates=10684 loss=0.12508038 recon=0.00014071
[hyperbolic] global_step=42892/72000 local_updates=10723 loss=0.12381321 recon=0.00014835
[hyperbolic] global_step=43056/72000 local_updates=10764 loss=0.12289457 recon=0.00015654
[hyperbolic] global_step=43204/72000 local_updates=10801 loss=0.12637167 recon=0.00014666
[hyperbolic] global_step=43352/72000 local_updates=10838 loss=0.12416136 recon=0.00013646
[hyperbolic] global_step=43508/72000 local_updates=10877 loss=0.12489890 recon=0.00014286
[hyperbolic] global_step=43652/72000 local_updates=10913 loss=0.12552840 recon=0.00016063
[hyperbolic] global_step=43808/72000 local_updates=10952 loss=0.12482128 recon=0.00015137
[hyperbolic] global_step=43968/72000 local_updates=10992 loss=0.12452568 recon=0.00014871
[hyperbolic] global_step=44124/72000 local_updates=11031 loss=0.12332714 recon=0.00014850
[hyperbolic] global_step=44272/72000 local_updates=11068 loss=0.12402172 recon=0.00015262
[hyperbolic] global_step=44432/72000 local_updates=11108 loss=0.12601514 recon=0.00013965
[hyperbolic] global_step=44576/72000 local_updates=11144 loss=0.12415612 recon=0.00013716
[hyperbolic] global_step=44728/72000 local_updates=11182 loss=0.12574175 recon=0.00013769
[hyperbolic] global_step=44880/72000 local_updates=11220 loss=0.12483744 recon=0.00016049
[hyperbolic] global_step=45032/72000 local_updates=11258 loss=0.12356342 recon=0.00015490
[hyperbolic] global_step=45176/72000 local_updates=11294 loss=0.12418276 recon=0.00014018
[hyperbolic] global_step=45328/72000 local_updates=11332 loss=0.12548071 recon=0.00014666
[hyperbolic] global_step=45480/72000 local_updates=11370 loss=0.12543586 recon=0.00014260
[hyperbolic] global_step=45628/72000 local_updates=11407 loss=0.12459736 recon=0.00014321
[hyperbolic] global_step=45776/72000 local_updates=11444 loss=0.12359698 recon=0.00015564
[hyperbolic] global_step=45920/72000 local_updates=11480 loss=0.12609325 recon=0.00014235
[hyperbolic] global_step=46072/72000 local_updates=11518 loss=0.12520671 recon=0.00014318
[hyperbolic] global_step=46212/72000 local_updates=11553 loss=0.12539534 recon=0.00014420
[hyperbolic] global_step=46356/72000 local_updates=11589 loss=0.12539247 recon=0.00015588
[hyperbolic] global_step=46504/72000 local_updates=11626 loss=0.12356553 recon=0.00014660
[hyperbolic] global_step=46660/72000 local_updates=11665 loss=0.12273388 recon=0.00013811
[hyperbolic] global_step=46804/72000 local_updates=11701 loss=0.12666775 recon=0.00014130
[hyperbolic] global_step=46960/72000 local_updates=11740 loss=0.12576944 recon=0.00015660
[hyperbolic] global_step=47112/72000 local_updates=11778 loss=0.12508462 recon=0.00015426
[hyperbolic] global_step=47276/72000 local_updates=11819 loss=0.12382410 recon=0.00014075
[hyperbolic] global_step=47420/72000 local_updates=11855 loss=0.12415261 recon=0.00014467
[hyperbolic] global_step=47572/72000 local_updates=11893 loss=0.12483718 recon=0.00015191
[hyperbolic] global_step=47716/72000 local_updates=11929 loss=0.12622860 recon=0.00014153
[hyperbolic] global_step=47848/72000 local_updates=11962 loss=0.12584712 recon=0.00013677
[hyperbolic] global_step=48000/72000 local_updates=12000 loss=0.12333167 recon=0.00014882
[hyperbolic] global_step=48144/72000 local_updates=12036 loss=0.12308300 recon=0.00015710
[hyperbolic] global_step=48284/72000 local_updates=12071 loss=0.12465544 recon=0.00013092
[hyperbolic] global_step=48444/72000 local_updates=12111 loss=0.12484036 recon=0.00014306
[hyperbolic] global_step=48596/72000 local_updates=12149 loss=0.12487786 recon=0.00013860
[hyperbolic] global_step=48736/72000 local_updates=12184 loss=0.12284553 recon=0.00013499
[hyperbolic] global_step=48896/72000 local_updates=12224 loss=0.12360197 recon=0.00015100
[hyperbolic] global_step=49060/72000 local_updates=12265 loss=0.12443203 recon=0.00014482
[hyperbolic] global_step=49220/72000 local_updates=12305 loss=0.12463304 recon=0.00015134
[hyperbolic] global_step=49368/72000 local_updates=12342 loss=0.12390886 recon=0.00015939
[hyperbolic] global_step=49528/72000 local_updates=12382 loss=0.12483732 recon=0.00014272
[hyperbolic] global_step=49676/72000 local_updates=12419 loss=0.12489164 recon=0.00015538
[hyperbolic] global_step=49828/72000 local_updates=12457 loss=0.12442195 recon=0.00014605
[hyperbolic] global_step=49984/72000 local_updates=12496 loss=0.12576485 recon=0.00015058
[hyperbolic] global_step=50000/72000 loss=0.12483618 recon=0.00014467 c=[1.0, 1.0, 1.5] epsilon=[0.003, 0.003, 0.003] raw_unique=24551/24587 collision=0.001464 behaviour=0.16731574 codebook_used=[256, 256, 256]
[hyperbolic] global_step=50144/72000 local_updates=12536 loss=0.12536876 recon=0.00012767
[hyperbolic] global_step=50296/72000 local_updates=12574 loss=0.12504257 recon=0.00015220
[hyperbolic] global_step=50448/72000 local_updates=12612 loss=0.12473784 recon=0.00014230
[hyperbolic] global_step=50608/72000 local_updates=12652 loss=0.12601961 recon=0.00015276
[hyperbolic] global_step=50772/72000 local_updates=12693 loss=0.12548873 recon=0.00012991
[hyperbolic] global_step=50928/72000 local_updates=12732 loss=0.12617695 recon=0.00013557
[hyperbolic] global_step=51084/72000 local_updates=12771 loss=0.12605697 recon=0.00013822
[hyperbolic] global_step=51236/72000 local_updates=12809 loss=0.12359098 recon=0.00015493
[hyperbolic] global_step=51388/72000 local_updates=12847 loss=0.12443297 recon=0.00014407
[hyperbolic] global_step=51532/72000 local_updates=12883 loss=0.12446909 recon=0.00014495
[hyperbolic] global_step=51680/72000 local_updates=12920 loss=0.12468217 recon=0.00016775
[hyperbolic] global_step=51832/72000 local_updates=12958 loss=0.12289829 recon=0.00015633
[hyperbolic] global_step=51984/72000 local_updates=12996 loss=0.12612413 recon=0.00014792
[hyperbolic] global_step=52136/72000 local_updates=13034 loss=0.12471075 recon=0.00014302
[hyperbolic] global_step=52292/72000 local_updates=13073 loss=0.12646465 recon=0.00013885
[hyperbolic] global_step=52444/72000 local_updates=13111 loss=0.12514369 recon=0.00013258
[hyperbolic] global_step=52584/72000 local_updates=13146 loss=0.12522434 recon=0.00014550
[hyperbolic] global_step=52736/72000 local_updates=13184 loss=0.12319585 recon=0.00014456
[hyperbolic] global_step=52884/72000 local_updates=13221 loss=0.12447240 recon=0.00014747
[hyperbolic] global_step=53028/72000 local_updates=13257 loss=0.12708490 recon=0.00014135
[hyperbolic] global_step=53172/72000 local_updates=13293 loss=0.12615713 recon=0.00013531
[hyperbolic] global_step=53336/72000 local_updates=13334 loss=0.12234041 recon=0.00013323
[hyperbolic] global_step=53484/72000 local_updates=13371 loss=0.12445900 recon=0.00013591
[hyperbolic] global_step=53632/72000 local_updates=13408 loss=0.12811933 recon=0.00012702
[hyperbolic] global_step=53788/72000 local_updates=13447 loss=0.12635387 recon=0.00014624
[hyperbolic] global_step=53936/72000 local_updates=13484 loss=0.12355762 recon=0.00013617
[hyperbolic] global_step=54092/72000 local_updates=13523 loss=0.12462449 recon=0.00014361
[hyperbolic] global_step=54232/72000 local_updates=13558 loss=0.12365850 recon=0.00014917
[hyperbolic] global_step=54396/72000 local_updates=13599 loss=0.12582219 recon=0.00015270
[hyperbolic] global_step=54540/72000 local_updates=13635 loss=0.12463326 recon=0.00016470
[hyperbolic] global_step=54692/72000 local_updates=13673 loss=0.12381244 recon=0.00014358
[hyperbolic] global_step=54848/72000 local_updates=13712 loss=0.12534712 recon=0.00013238
[hyperbolic] global_step=54996/72000 local_updates=13749 loss=0.12320029 recon=0.00016293
[hyperbolic] global_step=55160/72000 local_updates=13790 loss=0.12512894 recon=0.00013672
[hyperbolic] global_step=55312/72000 local_updates=13828 loss=0.12370007 recon=0.00015010
[hyperbolic] global_step=55460/72000 local_updates=13865 loss=0.12499056 recon=0.00015024
[hyperbolic] global_step=55616/72000 local_updates=13904 loss=0.12427748 recon=0.00014573
[hyperbolic] global_step=55764/72000 local_updates=13941 loss=0.12698199 recon=0.00014870
[hyperbolic] global_step=55920/72000 local_updates=13980 loss=0.12479605 recon=0.00013472
[hyperbolic] global_step=56084/72000 local_updates=14021 loss=0.12598273 recon=0.00015411
[hyperbolic] global_step=56236/72000 local_updates=14059 loss=0.12369973 recon=0.00015736
[hyperbolic] global_step=56388/72000 local_updates=14097 loss=0.12663065 recon=0.00013018
[hyperbolic] global_step=56544/72000 local_updates=14136 loss=0.12311784 recon=0.00013539
[hyperbolic] global_step=56696/72000 local_updates=14174 loss=0.12622836 recon=0.00014398
[hyperbolic] global_step=56864/72000 local_updates=14216 loss=0.12507655 recon=0.00016252
[hyperbolic] global_step=57040/72000 local_updates=14260 loss=0.12515335 recon=0.00014421
[hyperbolic] global_step=57212/72000 local_updates=14303 loss=0.12342922 recon=0.00014206
[hyperbolic] global_step=57368/72000 local_updates=14342 loss=0.12645677 recon=0.00015125
[hyperbolic] global_step=57528/72000 local_updates=14382 loss=0.12483852 recon=0.00013555
[hyperbolic] global_step=57692/72000 local_updates=14423 loss=0.12353739 recon=0.00013898
[hyperbolic] global_step=57852/72000 local_updates=14463 loss=0.12498318 recon=0.00014766
[hyperbolic] global_step=58024/72000 local_updates=14506 loss=0.12407700 recon=0.00013799
[hyperbolic] global_step=58184/72000 local_updates=14546 loss=0.12550721 recon=0.00013620
[hyperbolic] global_step=58332/72000 local_updates=14583 loss=0.12539159 recon=0.00013316
[hyperbolic] global_step=58484/72000 local_updates=14621 loss=0.12422805 recon=0.00014508
[hyperbolic] global_step=58632/72000 local_updates=14658 loss=0.12454940 recon=0.00015425
[hyperbolic] global_step=58796/72000 local_updates=14699 loss=0.12483282 recon=0.00014013
[hyperbolic] global_step=58960/72000 local_updates=14740 loss=0.12531140 recon=0.00013725
[hyperbolic] global_step=59120/72000 local_updates=14780 loss=0.12431011 recon=0.00015045
[hyperbolic] global_step=59280/72000 local_updates=14820 loss=0.12591095 recon=0.00015701
[hyperbolic] global_step=59432/72000 local_updates=14858 loss=0.12419415 recon=0.00015596
[hyperbolic] global_step=59596/72000 local_updates=14899 loss=0.12574632 recon=0.00014526
[hyperbolic] global_step=59760/72000 local_updates=14940 loss=0.12305451 recon=0.00014707
[hyperbolic] global_step=59920/72000 local_updates=14980 loss=0.12599988 recon=0.00014889
[hyperbolic] global_step=60000/72000 loss=0.12483478 recon=0.00014448 c=[1.0, 1.0, 1.5] epsilon=[0.003, 0.003, 0.003] raw_unique=24550/24587 collision=0.001505 behaviour=0.16332326 codebook_used=[256, 256, 256]
[hyperbolic] global_step=60152/72000 local_updates=15038 loss=0.12324429 recon=0.00014352
[hyperbolic] global_step=60308/72000 local_updates=15077 loss=0.12302858 recon=0.00013840
[hyperbolic] global_step=60476/72000 local_updates=15119 loss=0.12303901 recon=0.00014417
[hyperbolic] global_step=60640/72000 local_updates=15160 loss=0.12515000 recon=0.00013172
[hyperbolic] global_step=60796/72000 local_updates=15199 loss=0.12445244 recon=0.00014359
[hyperbolic] global_step=60968/72000 local_updates=15242 loss=0.12507814 recon=0.00015721
[hyperbolic] global_step=61112/72000 local_updates=15278 loss=0.12292835 recon=0.00014545
[hyperbolic] global_step=61272/72000 local_updates=15318 loss=0.12503895 recon=0.00013818
[hyperbolic] global_step=61424/72000 local_updates=15356 loss=0.12341004 recon=0.00013966
[hyperbolic] global_step=61568/72000 local_updates=15392 loss=0.12686363 recon=0.00015756
[hyperbolic] global_step=61720/72000 local_updates=15430 loss=0.12446751 recon=0.00013484
[hyperbolic] global_step=61884/72000 local_updates=15471 loss=0.12436554 recon=0.00014835
[hyperbolic] global_step=62040/72000 local_updates=15510 loss=0.12587972 recon=0.00013841
[hyperbolic] global_step=62192/72000 local_updates=15548 loss=0.12336176 recon=0.00014264
[hyperbolic] global_step=62352/72000 local_updates=15588 loss=0.12509291 recon=0.00014607
[hyperbolic] global_step=62504/72000 local_updates=15626 loss=0.12504673 recon=0.00014450
[hyperbolic] global_step=62660/72000 local_updates=15665 loss=0.12273577 recon=0.00014281
[hyperbolic] global_step=62824/72000 local_updates=15706 loss=0.12288660 recon=0.00014698
[hyperbolic] global_step=62988/72000 local_updates=15747 loss=0.12480129 recon=0.00014980
[hyperbolic] global_step=63148/72000 local_updates=15787 loss=0.12384433 recon=0.00014385
[hyperbolic] global_step=63308/72000 local_updates=15827 loss=0.12458317 recon=0.00014144
[hyperbolic] global_step=63456/72000 local_updates=15864 loss=0.12464138 recon=0.00014733
[hyperbolic] global_step=63620/72000 local_updates=15905 loss=0.12535578 recon=0.00014279
[hyperbolic] global_step=63780/72000 local_updates=15945 loss=0.12483341 recon=0.00014308
[hyperbolic] global_step=63952/72000 local_updates=15988 loss=0.12303897 recon=0.00015991
[hyperbolic] global_step=64112/72000 local_updates=16028 loss=0.12452970 recon=0.00014739
[hyperbolic] global_step=64268/72000 local_updates=16067 loss=0.12333331 recon=0.00014214
[hyperbolic] global_step=64412/72000 local_updates=16103 loss=0.12357552 recon=0.00014149
[hyperbolic] global_step=64560/72000 local_updates=16140 loss=0.12577748 recon=0.00013850
[hyperbolic] global_step=64736/72000 local_updates=16184 loss=0.12528031 recon=0.00014596
[hyperbolic] global_step=64892/72000 local_updates=16223 loss=0.12479575 recon=0.00014474
[hyperbolic] global_step=65044/72000 local_updates=16261 loss=0.12606730 recon=0.00014165
[hyperbolic] global_step=65204/72000 local_updates=16301 loss=0.12418500 recon=0.00014325
[hyperbolic] global_step=65372/72000 local_updates=16343 loss=0.12352121 recon=0.00014129
[hyperbolic] global_step=65524/72000 local_updates=16381 loss=0.12432595 recon=0.00013900
[hyperbolic] global_step=65684/72000 local_updates=16421 loss=0.12391759 recon=0.00014419
[hyperbolic] global_step=65832/72000 local_updates=16458 loss=0.12357468 recon=0.00014486
[hyperbolic] global_step=65980/72000 local_updates=16495 loss=0.12449086 recon=0.00014511
[hyperbolic] global_step=66128/72000 local_updates=16532 loss=0.12547328 recon=0.00014920
[hyperbolic] global_step=66284/72000 local_updates=16571 loss=0.12474600 recon=0.00013528
[hyperbolic] global_step=66436/72000 local_updates=16609 loss=0.12202051 recon=0.00014257
[hyperbolic] global_step=66604/72000 local_updates=16651 loss=0.12447640 recon=0.00014797
[hyperbolic] global_step=66764/72000 local_updates=16691 loss=0.12307739 recon=0.00015464
[hyperbolic] global_step=66932/72000 local_updates=16733 loss=0.12421954 recon=0.00014521
[hyperbolic] global_step=67092/72000 local_updates=16773 loss=0.12260757 recon=0.00013635
[hyperbolic] global_step=67260/72000 local_updates=16815 loss=0.12551154 recon=0.00014543
[hyperbolic] global_step=67424/72000 local_updates=16856 loss=0.12365478 recon=0.00014219
[hyperbolic] global_step=67588/72000 local_updates=16897 loss=0.12398275 recon=0.00015197
[hyperbolic] global_step=67760/72000 local_updates=16940 loss=0.12618217 recon=0.00014179
[hyperbolic] global_step=67928/72000 local_updates=16982 loss=0.12590927 recon=0.00013773
[hyperbolic] global_step=68092/72000 local_updates=17023 loss=0.12517343 recon=0.00016113
[hyperbolic] global_step=68260/72000 local_updates=17065 loss=0.12446973 recon=0.00012562
[hyperbolic] global_step=68416/72000 local_updates=17104 loss=0.12616751 recon=0.00012742
[hyperbolic] global_step=68588/72000 local_updates=17147 loss=0.12316940 recon=0.00014381
[hyperbolic] global_step=68764/72000 local_updates=17191 loss=0.12542002 recon=0.00015560
[hyperbolic] global_step=68932/72000 local_updates=17233 loss=0.12454820 recon=0.00013066
[hyperbolic] global_step=69088/72000 local_updates=17272 loss=0.12477206 recon=0.00016211
[hyperbolic] global_step=69252/72000 local_updates=17313 loss=0.12515962 recon=0.00015944
[hyperbolic] global_step=69412/72000 local_updates=17353 loss=0.12528272 recon=0.00014506
[hyperbolic] global_step=69564/72000 local_updates=17391 loss=0.12565845 recon=0.00012155
[hyperbolic] global_step=69728/72000 local_updates=17432 loss=0.12316273 recon=0.00013301
[hyperbolic] global_step=69884/72000 local_updates=17471 loss=0.12486886 recon=0.00013983
[hyperbolic] global_step=70000/72000 loss=0.12469439 recon=0.00014423 c=[1.0, 1.0, 1.5] epsilon=[0.003, 0.003, 0.003] raw_unique=24554/24587 collision=0.001342 behaviour=0.16018211 codebook_used=[256, 256, 256]
[hyperbolic] global_step=70160/72000 local_updates=17540 loss=0.12439329 recon=0.00015276
[hyperbolic] global_step=70324/72000 local_updates=17581 loss=0.12529019 recon=0.00014156
[hyperbolic] global_step=70492/72000 local_updates=17623 loss=0.12340220 recon=0.00014123
[hyperbolic] global_step=70660/72000 local_updates=17665 loss=0.12478126 recon=0.00014062
[hyperbolic] global_step=70816/72000 local_updates=17704 loss=0.12458289 recon=0.00014214
[hyperbolic] global_step=70984/72000 local_updates=17746 loss=0.12543698 recon=0.00014121
[hyperbolic] global_step=71148/72000 local_updates=17787 loss=0.12585565 recon=0.00013919
[hyperbolic] global_step=71324/72000 local_updates=17831 loss=0.12456163 recon=0.00013846
[hyperbolic] global_step=71492/72000 local_updates=17873 loss=0.12515508 recon=0.00014575
[hyperbolic] global_step=71664/72000 local_updates=17916 loss=0.12549916 recon=0.00014431
[hyperbolic] global_step=71840/72000 local_updates=17960 loss=0.12503594 recon=0.00014937
[hyperbolic] global_step=72000/72000 loss=0.12464629 recon=0.00014430 c=[1.0, 1.0, 1.5] epsilon=[0.003, 0.003, 0.003] raw_unique=24550/24587 collision=0.001505 behaviour=0.15860649 codebook_used=[256, 256, 256]
