W1006 02:03:21.308432 1523974 /fs04/scratch2/ar57/wenyu/genrec_env_v2/lib/python3.9/site-packages/torch/distributed/run.py:774] 
W1006 02:03:21.308432 1523974 /fs04/scratch2/ar57/wenyu/genrec_env_v2/lib/python3.9/site-packages/torch/distributed/run.py:774] *****************************************
W1006 02:03:21.308432 1523974 /fs04/scratch2/ar57/wenyu/genrec_env_v2/lib/python3.9/site-packages/torch/distributed/run.py:774] Setting OMP_NUM_THREADS environment variable for each process to be 1 in default, to avoid your system being overloaded, please further tune the variable for optimal performance in your application as needed. 
W1006 02:03:21.308432 1523974 /fs04/scratch2/ar57/wenyu/genrec_env_v2/lib/python3.9/site-packages/torch/distributed/run.py:774] *****************************************
[hyperbolic] cold_start=true max_global_steps=72000 batch_size_per_rank=1024 total_effective_batch=4096 c=[1.0, 1.5, 1.0] radius=[0.2, 0.2, 0.2]
[RecBole RQ-VAE] initializing codebooks with KMeans
/fs04/ar57/wenyu/GeneRec/stage2_RQ-VAE/curvature_RQ-VAE_iter91/model/layers.py:113: UserWarning: Deterministic behavior was enabled with either `torch.use_deterministic_algorithms(True)` or `at::Context::setDeterministicAlgorithms(true)`, but this operation is not deterministic because it uses CuBLAS and you have CUDA >= 10.2. To enable deterministic behavior in this case, you must set an environment variable before running your PyTorch application: CUBLAS_WORKSPACE_CONFIG=:4096:8 or CUBLAS_WORKSPACE_CONFIG=:16:8. For more information, go to https://docs.nvidia.com/cuda/cublas/index.html#results-reproducibility (Triggered internally at /pytorch/aten/src/ATen/Context.cpp:233.)
  dot = x_point @ y_point.t()
/fs04/ar57/wenyu/GeneRec/stage2_RQ-VAE/curvature_RQ-VAE_iter91/model/layers.py:113: UserWarning: Deterministic behavior was enabled with either `torch.use_deterministic_algorithms(True)` or `at::Context::setDeterministicAlgorithms(true)`, but this operation is not deterministic because it uses CuBLAS and you have CUDA >= 10.2. To enable deterministic behavior in this case, you must set an environment variable before running your PyTorch application: CUBLAS_WORKSPACE_CONFIG=:4096:8 or CUBLAS_WORKSPACE_CONFIG=:16:8. For more information, go to https://docs.nvidia.com/cuda/cublas/index.html#results-reproducibility (Triggered internally at /pytorch/aten/src/ATen/Context.cpp:233.)
  dot = x_point @ y_point.t()
/fs04/ar57/wenyu/GeneRec/stage2_RQ-VAE/curvature_RQ-VAE_iter91/model/layers.py:113: UserWarning: Deterministic behavior was enabled with either `torch.use_deterministic_algorithms(True)` or `at::Context::setDeterministicAlgorithms(true)`, but this operation is not deterministic because it uses CuBLAS and you have CUDA >= 10.2. To enable deterministic behavior in this case, you must set an environment variable before running your PyTorch application: CUBLAS_WORKSPACE_CONFIG=:4096:8 or CUBLAS_WORKSPACE_CONFIG=:16:8. For more information, go to https://docs.nvidia.com/cuda/cublas/index.html#results-reproducibility (Triggered internally at /pytorch/aten/src/ATen/Context.cpp:233.)
  dot = x_point @ y_point.t()
/fs04/ar57/wenyu/GeneRec/stage2_RQ-VAE/curvature_RQ-VAE_iter91/model/layers.py:113: UserWarning: Deterministic behavior was enabled with either `torch.use_deterministic_algorithms(True)` or `at::Context::setDeterministicAlgorithms(true)`, but this operation is not deterministic because it uses CuBLAS and you have CUDA >= 10.2. To enable deterministic behavior in this case, you must set an environment variable before running your PyTorch application: CUBLAS_WORKSPACE_CONFIG=:4096:8 or CUBLAS_WORKSPACE_CONFIG=:16:8. For more information, go to https://docs.nvidia.com/cuda/cublas/index.html#results-reproducibility (Triggered internally at /pytorch/aten/src/ATen/Context.cpp:233.)
  dot = x_point @ y_point.t()
/fs04/ar57/wenyu/GeneRec/stage2_RQ-VAE/curvature_RQ-VAE_iter91/model/layers.py:113: UserWarning: Deterministic behavior was enabled with either `torch.use_deterministic_algorithms(True)` or `at::Context::setDeterministicAlgorithms(true)`, but this operation is not deterministic because it uses CuBLAS and you have CUDA >= 10.2. To enable deterministic behavior in this case, you must set an environment variable before running your PyTorch application: CUBLAS_WORKSPACE_CONFIG=:4096:8 or CUBLAS_WORKSPACE_CONFIG=:16:8. For more information, go to https://docs.nvidia.com/cuda/cublas/index.html#results-reproducibility (Triggered internally at /pytorch/aten/src/ATen/Context.cpp:233.)
  dot = x_point @ y_point.t()
/fs04/ar57/wenyu/GeneRec/stage2_RQ-VAE/curvature_RQ-VAE_iter91/model/layers.py:113: UserWarning: Deterministic behavior was enabled with either `torch.use_deterministic_algorithms(True)` or `at::Context::setDeterministicAlgorithms(true)`, but this operation is not deterministic because it uses CuBLAS and you have CUDA >= 10.2. To enable deterministic behavior in this case, you must set an environment variable before running your PyTorch application: CUBLAS_WORKSPACE_CONFIG=:4096:8 or CUBLAS_WORKSPACE_CONFIG=:16:8. For more information, go to https://docs.nvidia.com/cuda/cublas/index.html#results-reproducibility (Triggered internally at /pytorch/aten/src/ATen/Context.cpp:233.)
  dot = x_point @ y_point.t()
/fs04/ar57/wenyu/GeneRec/stage2_RQ-VAE/curvature_RQ-VAE_iter91/model/layers.py:113: UserWarning: Deterministic behavior was enabled with either `torch.use_deterministic_algorithms(True)` or `at::Context::setDeterministicAlgorithms(true)`, but this operation is not deterministic because it uses CuBLAS and you have CUDA >= 10.2. To enable deterministic behavior in this case, you must set an environment variable before running your PyTorch application: CUBLAS_WORKSPACE_CONFIG=:4096:8 or CUBLAS_WORKSPACE_CONFIG=:16:8. For more information, go to https://docs.nvidia.com/cuda/cublas/index.html#results-reproducibility (Triggered internally at /pytorch/aten/src/ATen/Context.cpp:233.)
  dot = x_point @ y_point.t()
/fs04/ar57/wenyu/GeneRec/stage2_RQ-VAE/curvature_RQ-VAE_iter91/model/layers.py:113: UserWarning: Deterministic behavior was enabled with either `torch.use_deterministic_algorithms(True)` or `at::Context::setDeterministicAlgorithms(true)`, but this operation is not deterministic because it uses CuBLAS and you have CUDA >= 10.2. To enable deterministic behavior in this case, you must set an environment variable before running your PyTorch application: CUBLAS_WORKSPACE_CONFIG=:4096:8 or CUBLAS_WORKSPACE_CONFIG=:16:8. For more information, go to https://docs.nvidia.com/cuda/cublas/index.html#results-reproducibility (Triggered internally at /pytorch/aten/src/ATen/Context.cpp:233.)
  dot = x_point @ y_point.t()
/fs04/ar57/wenyu/GeneRec/stage2_RQ-VAE/curvature_RQ-VAE_iter91/model/layers.py:113: UserWarning: Deterministic behavior was enabled with either `torch.use_deterministic_algorithms(True)` or `at::Context::setDeterministicAlgorithms(true)`, but this operation is not deterministic because it uses CuBLAS and you have CUDA >= 10.2. To enable deterministic behavior in this case, you must set an environment variable before running your PyTorch application: CUBLAS_WORKSPACE_CONFIG=:4096:8 or CUBLAS_WORKSPACE_CONFIG=:16:8. For more information, go to https://docs.nvidia.com/cuda/cublas/index.html#results-reproducibility (Triggered internally at /pytorch/aten/src/ATen/Context.cpp:233.)
  dot = x_point @ y_point.t()
/fs04/ar57/wenyu/GeneRec/stage2_RQ-VAE/curvature_RQ-VAE_iter91/model/layers.py:113: UserWarning: Deterministic behavior was enabled with either `torch.use_deterministic_algorithms(True)` or `at::Context::setDeterministicAlgorithms(true)`, but this operation is not deterministic because it uses CuBLAS and you have CUDA >= 10.2. To enable deterministic behavior in this case, you must set an environment variable before running your PyTorch application: CUBLAS_WORKSPACE_CONFIG=:4096:8 or CUBLAS_WORKSPACE_CONFIG=:16:8. For more information, go to https://docs.nvidia.com/cuda/cublas/index.html#results-reproducibility (Triggered internally at /pytorch/aten/src/ATen/Context.cpp:233.)
  dot = x_point @ y_point.t()
/home/wlia0047/ar57_scratch/wenyu/genrec_env_v2/lib64/python3.9/site-packages/torch/distributed/distributed_c10d.py:4807: UserWarning: No device id is provided via `init_process_group` or `barrier `. Using the current device set by the user. 
  warnings.warn(  # warn only once
/home/wlia0047/ar57_scratch/wenyu/genrec_env_v2/lib64/python3.9/site-packages/torch/distributed/distributed_c10d.py:4807: UserWarning: No device id is provided via `init_process_group` or `barrier `. Using the current device set by the user. 
  warnings.warn(  # warn only once
/fs04/ar57/wenyu/GeneRec/stage2_RQ-VAE/curvature_RQ-VAE_iter91/model/layers.py:113: UserWarning: Deterministic behavior was enabled with either `torch.use_deterministic_algorithms(True)` or `at::Context::setDeterministicAlgorithms(true)`, but this operation is not deterministic because it uses CuBLAS and you have CUDA >= 10.2. To enable deterministic behavior in this case, you must set an environment variable before running your PyTorch application: CUBLAS_WORKSPACE_CONFIG=:4096:8 or CUBLAS_WORKSPACE_CONFIG=:16:8. For more information, go to https://docs.nvidia.com/cuda/cublas/index.html#results-reproducibility (Triggered internally at /pytorch/aten/src/ATen/Context.cpp:233.)
  dot = x_point @ y_point.t()
/fs04/ar57/wenyu/GeneRec/stage2_RQ-VAE/curvature_RQ-VAE_iter91/model/layers.py:113: UserWarning: Deterministic behavior was enabled with either `torch.use_deterministic_algorithms(True)` or `at::Context::setDeterministicAlgorithms(true)`, but this operation is not deterministic because it uses CuBLAS and you have CUDA >= 10.2. To enable deterministic behavior in this case, you must set an environment variable before running your PyTorch application: CUBLAS_WORKSPACE_CONFIG=:4096:8 or CUBLAS_WORKSPACE_CONFIG=:16:8. For more information, go to https://docs.nvidia.com/cuda/cublas/index.html#results-reproducibility (Triggered internally at /pytorch/aten/src/ATen/Context.cpp:233.)
  dot = x_point @ y_point.t()
/home/wlia0047/ar57_scratch/wenyu/genrec_env_v2/lib64/python3.9/site-packages/torch/distributed/distributed_c10d.py:4807: UserWarning: No device id is provided via `init_process_group` or `barrier `. Using the current device set by the user. 
  warnings.warn(  # warn only once
/home/wlia0047/ar57_scratch/wenyu/genrec_env_v2/lib64/python3.9/site-packages/torch/distributed/distributed_c10d.py:4807: UserWarning: No device id is provided via `init_process_group` or `barrier `. Using the current device set by the user. 
  warnings.warn(  # warn only once
/home/wlia0047/ar57_scratch/wenyu/genrec_env_v2/lib64/python3.9/site-packages/torch/autograd/graph.py:829: UserWarning: Deterministic behavior was enabled with either `torch.use_deterministic_algorithms(True)` or `at::Context::setDeterministicAlgorithms(true)`, but this operation is not deterministic because it uses CuBLAS and you have CUDA >= 10.2. To enable deterministic behavior in this case, you must set an environment variable before running your PyTorch application: CUBLAS_WORKSPACE_CONFIG=:4096:8 or CUBLAS_WORKSPACE_CONFIG=:16:8. For more information, go to https://docs.nvidia.com/cuda/cublas/index.html#results-reproducibility (Triggered internally at /pytorch/aten/src/ATen/Context.cpp:233.)
  return Variable._execution_engine.run_backward(  # Calls into the C++ engine to run the backward pass
/home/wlia0047/ar57_scratch/wenyu/genrec_env_v2/lib64/python3.9/site-packages/torch/autograd/graph.py:829: UserWarning: Deterministic behavior was enabled with either `torch.use_deterministic_algorithms(True)` or `at::Context::setDeterministicAlgorithms(true)`, but this operation is not deterministic because it uses CuBLAS and you have CUDA >= 10.2. To enable deterministic behavior in this case, you must set an environment variable before running your PyTorch application: CUBLAS_WORKSPACE_CONFIG=:4096:8 or CUBLAS_WORKSPACE_CONFIG=:16:8. For more information, go to https://docs.nvidia.com/cuda/cublas/index.html#results-reproducibility (Triggered internally at /pytorch/aten/src/ATen/Context.cpp:233.)
  return Variable._execution_engine.run_backward(  # Calls into the C++ engine to run the backward pass
/home/wlia0047/ar57_scratch/wenyu/genrec_env_v2/lib64/python3.9/site-packages/torch/autograd/graph.py:829: UserWarning: Deterministic behavior was enabled with either `torch.use_deterministic_algorithms(True)` or `at::Context::setDeterministicAlgorithms(true)`, but this operation is not deterministic because it uses CuBLAS and you have CUDA >= 10.2. To enable deterministic behavior in this case, you must set an environment variable before running your PyTorch application: CUBLAS_WORKSPACE_CONFIG=:4096:8 or CUBLAS_WORKSPACE_CONFIG=:16:8. For more information, go to https://docs.nvidia.com/cuda/cublas/index.html#results-reproducibility (Triggered internally at /pytorch/aten/src/ATen/Context.cpp:233.)
  return Variable._execution_engine.run_backward(  # Calls into the C++ engine to run the backward pass
/home/wlia0047/ar57_scratch/wenyu/genrec_env_v2/lib64/python3.9/site-packages/torch/autograd/graph.py:829: UserWarning: Deterministic behavior was enabled with either `torch.use_deterministic_algorithms(True)` or `at::Context::setDeterministicAlgorithms(true)`, but this operation is not deterministic because it uses CuBLAS and you have CUDA >= 10.2. To enable deterministic behavior in this case, you must set an environment variable before running your PyTorch application: CUBLAS_WORKSPACE_CONFIG=:4096:8 or CUBLAS_WORKSPACE_CONFIG=:16:8. For more information, go to https://docs.nvidia.com/cuda/cublas/index.html#results-reproducibility (Triggered internally at /pytorch/aten/src/ATen/Context.cpp:233.)
  return Variable._execution_engine.run_backward(  # Calls into the C++ engine to run the backward pass
[hyperbolic] global_step=176/72000 local_updates=44 loss=0.14485151 recon=0.00018650
[hyperbolic] global_step=256/72000 local_updates=64 loss=0.13819999 recon=0.00019737
[hyperbolic] global_step=324/72000 local_updates=81 loss=0.12924749 recon=0.00018029
[hyperbolic] global_step=416/72000 local_updates=104 loss=0.13224918 recon=0.00020037
[hyperbolic] global_step=528/72000 local_updates=132 loss=0.13387440 recon=0.00017507
[hyperbolic] global_step=636/72000 local_updates=159 loss=0.13523388 recon=0.00018152
[hyperbolic] global_step=744/72000 local_updates=186 loss=0.13448489 recon=0.00016073
[hyperbolic] global_step=852/72000 local_updates=213 loss=0.13199770 recon=0.00016727
[hyperbolic] global_step=960/72000 local_updates=240 loss=0.13319610 recon=0.00016124
[hyperbolic] global_step=1072/72000 local_updates=268 loss=0.13284712 recon=0.00014737
[hyperbolic] global_step=1184/72000 local_updates=296 loss=0.13286570 recon=0.00016336
[hyperbolic] global_step=1300/72000 local_updates=325 loss=0.12914096 recon=0.00017764
[hyperbolic] global_step=1412/72000 local_updates=353 loss=0.12982057 recon=0.00014652
[hyperbolic] global_step=1532/72000 local_updates=383 loss=0.13191235 recon=0.00017500
[hyperbolic] global_step=1652/72000 local_updates=413 loss=0.12850203 recon=0.00014168
[hyperbolic] global_step=1768/72000 local_updates=442 loss=0.13140845 recon=0.00016221
[hyperbolic] global_step=1892/72000 local_updates=473 loss=0.12548736 recon=0.00016893
[hyperbolic] global_step=2004/72000 local_updates=501 loss=0.12738311 recon=0.00016133
[hyperbolic] global_step=2120/72000 local_updates=530 loss=0.12933093 recon=0.00016132
[hyperbolic] global_step=2244/72000 local_updates=561 loss=0.13150238 recon=0.00014580
[hyperbolic] global_step=2368/72000 local_updates=592 loss=0.13418740 recon=0.00013996
[hyperbolic] global_step=2492/72000 local_updates=623 loss=0.12704517 recon=0.00015766
[hyperbolic] global_step=2612/72000 local_updates=653 loss=0.12972841 recon=0.00015082
[hyperbolic] global_step=2732/72000 local_updates=683 loss=0.12899354 recon=0.00016739
[hyperbolic] global_step=2852/72000 local_updates=713 loss=0.12797454 recon=0.00014826
[hyperbolic] global_step=2976/72000 local_updates=744 loss=0.13067842 recon=0.00014292
[hyperbolic] global_step=3104/72000 local_updates=776 loss=0.12589939 recon=0.00014598
[hyperbolic] global_step=3232/72000 local_updates=808 loss=0.12938710 recon=0.00015212
[hyperbolic] global_step=3356/72000 local_updates=839 loss=0.13036464 recon=0.00015823
[hyperbolic] global_step=3488/72000 local_updates=872 loss=0.12958062 recon=0.00015549
[hyperbolic] global_step=3620/72000 local_updates=905 loss=0.12934451 recon=0.00015376
[hyperbolic] global_step=3748/72000 local_updates=937 loss=0.12926799 recon=0.00014450
[hyperbolic] global_step=3876/72000 local_updates=969 loss=0.12887651 recon=0.00018018
[hyperbolic] global_step=3996/72000 local_updates=999 loss=0.12758204 recon=0.00015871
[hyperbolic] global_step=4124/72000 local_updates=1031 loss=0.12632607 recon=0.00014906
[hyperbolic] global_step=4252/72000 local_updates=1063 loss=0.12627850 recon=0.00016658
[hyperbolic] global_step=4380/72000 local_updates=1095 loss=0.12379537 recon=0.00016400
[hyperbolic] global_step=4508/72000 local_updates=1127 loss=0.12716478 recon=0.00014621
[hyperbolic] global_step=4636/72000 local_updates=1159 loss=0.12395740 recon=0.00015248
[hyperbolic] global_step=4756/72000 local_updates=1189 loss=0.12932052 recon=0.00015020
[hyperbolic] global_step=4884/72000 local_updates=1221 loss=0.12537906 recon=0.00014071
[hyperbolic] global_step=5012/72000 local_updates=1253 loss=0.12907247 recon=0.00015531
[hyperbolic] global_step=5140/72000 local_updates=1285 loss=0.12254694 recon=0.00016157
[hyperbolic] global_step=5276/72000 local_updates=1319 loss=0.12733525 recon=0.00015044
[hyperbolic] global_step=5396/72000 local_updates=1349 loss=0.12693028 recon=0.00015806
[hyperbolic] global_step=5520/72000 local_updates=1380 loss=0.12642379 recon=0.00015537
[hyperbolic] global_step=5644/72000 local_updates=1411 loss=0.12430362 recon=0.00014388
[hyperbolic] global_step=5764/72000 local_updates=1441 loss=0.12487848 recon=0.00015180
[hyperbolic] global_step=5892/72000 local_updates=1473 loss=0.12645720 recon=0.00014518
[hyperbolic] global_step=6020/72000 local_updates=1505 loss=0.12602542 recon=0.00015909
[hyperbolic] global_step=6140/72000 local_updates=1535 loss=0.12415814 recon=0.00014129
[hyperbolic] global_step=6264/72000 local_updates=1566 loss=0.12579504 recon=0.00014325
[hyperbolic] global_step=6388/72000 local_updates=1597 loss=0.12569258 recon=0.00017401
[hyperbolic] global_step=6516/72000 local_updates=1629 loss=0.12592034 recon=0.00015962
[hyperbolic] global_step=6636/72000 local_updates=1659 loss=0.12377056 recon=0.00013350
[hyperbolic] global_step=6768/72000 local_updates=1692 loss=0.12571642 recon=0.00016850
[hyperbolic] global_step=6896/72000 local_updates=1724 loss=0.12417858 recon=0.00015512
[hyperbolic] global_step=7020/72000 local_updates=1755 loss=0.12742859 recon=0.00014434
[hyperbolic] global_step=7140/72000 local_updates=1785 loss=0.12305479 recon=0.00017404
[hyperbolic] global_step=7264/72000 local_updates=1816 loss=0.12735774 recon=0.00013623
[hyperbolic] global_step=7388/72000 local_updates=1847 loss=0.12647170 recon=0.00015143
[hyperbolic] global_step=7520/72000 local_updates=1880 loss=0.12821288 recon=0.00016184
[hyperbolic] global_step=7652/72000 local_updates=1913 loss=0.12453488 recon=0.00015642
[hyperbolic] global_step=7780/72000 local_updates=1945 loss=0.12423962 recon=0.00013818
[hyperbolic] global_step=7904/72000 local_updates=1976 loss=0.12627982 recon=0.00014949
[hyperbolic] global_step=8028/72000 local_updates=2007 loss=0.12724030 recon=0.00013428
[hyperbolic] global_step=8152/72000 local_updates=2038 loss=0.12334153 recon=0.00014886
[hyperbolic] global_step=8280/72000 local_updates=2070 loss=0.12860025 recon=0.00015569
[hyperbolic] global_step=8404/72000 local_updates=2101 loss=0.12436809 recon=0.00015580
[hyperbolic] global_step=8532/72000 local_updates=2133 loss=0.12377019 recon=0.00015452
[hyperbolic] global_step=8656/72000 local_updates=2164 loss=0.12343237 recon=0.00014523
[hyperbolic] global_step=8784/72000 local_updates=2196 loss=0.12482712 recon=0.00014645
[hyperbolic] global_step=8912/72000 local_updates=2228 loss=0.12456295 recon=0.00016085
[hyperbolic] global_step=9040/72000 local_updates=2260 loss=0.12496365 recon=0.00013974
[hyperbolic] global_step=9164/72000 local_updates=2291 loss=0.12472235 recon=0.00016554
[hyperbolic] global_step=9288/72000 local_updates=2322 loss=0.12465429 recon=0.00014843
[hyperbolic] global_step=9408/72000 local_updates=2352 loss=0.12307582 recon=0.00015928
[hyperbolic] global_step=9536/72000 local_updates=2384 loss=0.12433093 recon=0.00013902
[hyperbolic] global_step=9664/72000 local_updates=2416 loss=0.12391374 recon=0.00013864
[hyperbolic] global_step=9796/72000 local_updates=2449 loss=0.12429212 recon=0.00015566
[hyperbolic] global_step=9916/72000 local_updates=2479 loss=0.12508401 recon=0.00015444
[hyperbolic] global_step=10000/72000 loss=0.12841312 recon=0.00015643 c=[1.0, 1.5, 1.0] epsilon=[0.003, 0.003, 0.003] raw_unique=24549/24587 collision=0.001546 behaviour=0.21712722 codebook_used=[256, 256, 256]
[hyperbolic] global_step=10124/72000 local_updates=2531 loss=0.12859820 recon=0.00015355
[hyperbolic] global_step=10248/72000 local_updates=2562 loss=0.12592000 recon=0.00015816
[hyperbolic] global_step=10376/72000 local_updates=2594 loss=0.12512751 recon=0.00014950
[hyperbolic] global_step=10500/72000 local_updates=2625 loss=0.12626159 recon=0.00014996
[hyperbolic] global_step=10620/72000 local_updates=2655 loss=0.12204318 recon=0.00016472
[hyperbolic] global_step=10740/72000 local_updates=2685 loss=0.12458795 recon=0.00016978
[hyperbolic] global_step=10868/72000 local_updates=2717 loss=0.12425964 recon=0.00014899
[hyperbolic] global_step=10996/72000 local_updates=2749 loss=0.12373902 recon=0.00012511
[hyperbolic] global_step=11124/72000 local_updates=2781 loss=0.12914145 recon=0.00015097
[hyperbolic] global_step=11248/72000 local_updates=2812 loss=0.12358853 recon=0.00016940
[hyperbolic] global_step=11380/72000 local_updates=2845 loss=0.12839043 recon=0.00015653
[hyperbolic] global_step=11504/72000 local_updates=2876 loss=0.12466384 recon=0.00016191
[hyperbolic] global_step=11632/72000 local_updates=2908 loss=0.12450843 recon=0.00015656
[hyperbolic] global_step=11760/72000 local_updates=2940 loss=0.12430965 recon=0.00015142
[hyperbolic] global_step=11884/72000 local_updates=2971 loss=0.12374249 recon=0.00012520
[hyperbolic] global_step=12008/72000 local_updates=3002 loss=0.12421715 recon=0.00015670
[hyperbolic] global_step=12132/72000 local_updates=3033 loss=0.12482459 recon=0.00014270
[hyperbolic] global_step=12252/72000 local_updates=3063 loss=0.12285614 recon=0.00015953
[hyperbolic] global_step=12380/72000 local_updates=3095 loss=0.12281351 recon=0.00015001
[hyperbolic] global_step=12508/72000 local_updates=3127 loss=0.12475204 recon=0.00014075
[hyperbolic] global_step=12640/72000 local_updates=3160 loss=0.12414777 recon=0.00015104
[hyperbolic] global_step=12772/72000 local_updates=3193 loss=0.12510636 recon=0.00015780
[hyperbolic] global_step=12904/72000 local_updates=3226 loss=0.12448953 recon=0.00015440
[hyperbolic] global_step=13040/72000 local_updates=3260 loss=0.12798876 recon=0.00014073
[hyperbolic] global_step=13172/72000 local_updates=3293 loss=0.12371798 recon=0.00014568
[hyperbolic] global_step=13304/72000 local_updates=3326 loss=0.12352719 recon=0.00013784
[hyperbolic] global_step=13424/72000 local_updates=3356 loss=0.12669857 recon=0.00015470
[hyperbolic] global_step=13564/72000 local_updates=3391 loss=0.12629978 recon=0.00014506
[hyperbolic] global_step=13692/72000 local_updates=3423 loss=0.12483149 recon=0.00014707
[hyperbolic] global_step=13820/72000 local_updates=3455 loss=0.12532684 recon=0.00015548
[hyperbolic] global_step=13944/72000 local_updates=3486 loss=0.12583779 recon=0.00013817
[hyperbolic] global_step=14072/72000 local_updates=3518 loss=0.12587374 recon=0.00014020
[hyperbolic] global_step=14200/72000 local_updates=3550 loss=0.12464134 recon=0.00014761
[hyperbolic] global_step=14328/72000 local_updates=3582 loss=0.12550592 recon=0.00015511
[hyperbolic] global_step=14460/72000 local_updates=3615 loss=0.12469606 recon=0.00013287
[hyperbolic] global_step=14588/72000 local_updates=3647 loss=0.12828219 recon=0.00013911
[hyperbolic] global_step=14716/72000 local_updates=3679 loss=0.12524138 recon=0.00015204
[hyperbolic] global_step=14840/72000 local_updates=3710 loss=0.12469660 recon=0.00013637
[hyperbolic] global_step=14972/72000 local_updates=3743 loss=0.12448090 recon=0.00015252
[hyperbolic] global_step=15096/72000 local_updates=3774 loss=0.12490659 recon=0.00015098
[hyperbolic] global_step=15212/72000 local_updates=3803 loss=0.12530991 recon=0.00014855
[hyperbolic] global_step=15340/72000 local_updates=3835 loss=0.12548916 recon=0.00014695
[hyperbolic] global_step=15464/72000 local_updates=3866 loss=0.12752262 recon=0.00014640
[hyperbolic] global_step=15576/72000 local_updates=3894 loss=0.12475280 recon=0.00014778
[hyperbolic] global_step=15712/72000 local_updates=3928 loss=0.12666924 recon=0.00016062
[hyperbolic] global_step=15836/72000 local_updates=3959 loss=0.12582606 recon=0.00013586
[hyperbolic] global_step=15972/72000 local_updates=3993 loss=0.12632284 recon=0.00014340
[hyperbolic] global_step=16104/72000 local_updates=4026 loss=0.12679034 recon=0.00014855
[hyperbolic] global_step=16232/72000 local_updates=4058 loss=0.12310041 recon=0.00013830
[hyperbolic] global_step=16360/72000 local_updates=4090 loss=0.12322281 recon=0.00013566
[hyperbolic] global_step=16484/72000 local_updates=4121 loss=0.12484626 recon=0.00013945
[hyperbolic] global_step=16608/72000 local_updates=4152 loss=0.12570776 recon=0.00015348
[hyperbolic] global_step=16736/72000 local_updates=4184 loss=0.12453160 recon=0.00013884
[hyperbolic] global_step=16860/72000 local_updates=4215 loss=0.12308031 recon=0.00014883
[hyperbolic] global_step=16992/72000 local_updates=4248 loss=0.12342717 recon=0.00013221
[hyperbolic] global_step=17120/72000 local_updates=4280 loss=0.12641604 recon=0.00015751
[hyperbolic] global_step=17252/72000 local_updates=4313 loss=0.12639460 recon=0.00014399
[hyperbolic] global_step=17376/72000 local_updates=4344 loss=0.12530398 recon=0.00014521
[hyperbolic] global_step=17508/72000 local_updates=4377 loss=0.12302560 recon=0.00014891
[hyperbolic] global_step=17648/72000 local_updates=4412 loss=0.12424497 recon=0.00013834
[hyperbolic] global_step=17780/72000 local_updates=4445 loss=0.12499529 recon=0.00013403
[hyperbolic] global_step=17904/72000 local_updates=4476 loss=0.12424441 recon=0.00014444
[hyperbolic] global_step=18032/72000 local_updates=4508 loss=0.12550667 recon=0.00016325
[hyperbolic] global_step=18156/72000 local_updates=4539 loss=0.12675175 recon=0.00015157
[hyperbolic] global_step=18288/72000 local_updates=4572 loss=0.12367791 recon=0.00015686
[hyperbolic] global_step=18420/72000 local_updates=4605 loss=0.12593955 recon=0.00014125
[hyperbolic] global_step=18560/72000 local_updates=4640 loss=0.12684314 recon=0.00013744
[hyperbolic] global_step=18692/72000 local_updates=4673 loss=0.12443804 recon=0.00014211
[hyperbolic] global_step=18828/72000 local_updates=4707 loss=0.12505850 recon=0.00014968
[hyperbolic] global_step=18956/72000 local_updates=4739 loss=0.12342747 recon=0.00014085
[hyperbolic] global_step=19092/72000 local_updates=4773 loss=0.12384291 recon=0.00016227
[hyperbolic] global_step=19228/72000 local_updates=4807 loss=0.12595633 recon=0.00014428
[hyperbolic] global_step=19360/72000 local_updates=4840 loss=0.12454762 recon=0.00014943
[hyperbolic] global_step=19496/72000 local_updates=4874 loss=0.12690130 recon=0.00014695
[hyperbolic] global_step=19636/72000 local_updates=4909 loss=0.12715761 recon=0.00014436
[hyperbolic] global_step=19768/72000 local_updates=4942 loss=0.12455356 recon=0.00015341
[hyperbolic] global_step=19904/72000 local_updates=4976 loss=0.12693378 recon=0.00015249
[hyperbolic] global_step=20000/72000 loss=0.12508941 recon=0.00014700 c=[1.0, 1.5, 1.0] epsilon=[0.003, 0.003, 0.003] raw_unique=24551/24587 collision=0.001464 behaviour=0.19055349 codebook_used=[256, 256, 256]
[hyperbolic] global_step=20132/72000 local_updates=5033 loss=0.12702826 recon=0.00014758
[hyperbolic] global_step=20268/72000 local_updates=5067 loss=0.12480099 recon=0.00014183
[hyperbolic] global_step=20396/72000 local_updates=5099 loss=0.12355189 recon=0.00014977
[hyperbolic] global_step=20528/72000 local_updates=5132 loss=0.12427780 recon=0.00014348
[hyperbolic] global_step=20660/72000 local_updates=5165 loss=0.12701063 recon=0.00014545
[hyperbolic] global_step=20792/72000 local_updates=5198 loss=0.12584540 recon=0.00016377
[hyperbolic] global_step=20924/72000 local_updates=5231 loss=0.12551655 recon=0.00015855
[hyperbolic] global_step=21060/72000 local_updates=5265 loss=0.12739815 recon=0.00014764
[hyperbolic] global_step=21192/72000 local_updates=5298 loss=0.12616624 recon=0.00014182
[hyperbolic] global_step=21324/72000 local_updates=5331 loss=0.12512642 recon=0.00014611
[hyperbolic] global_step=21452/72000 local_updates=5363 loss=0.12409728 recon=0.00014012
[hyperbolic] global_step=21592/72000 local_updates=5398 loss=0.12689871 recon=0.00014358
[hyperbolic] global_step=21716/72000 local_updates=5429 loss=0.12534395 recon=0.00014520
[hyperbolic] global_step=21844/72000 local_updates=5461 loss=0.12443148 recon=0.00013644
[hyperbolic] global_step=21980/72000 local_updates=5495 loss=0.12363451 recon=0.00013967
[hyperbolic] global_step=22116/72000 local_updates=5529 loss=0.12462045 recon=0.00015864
[hyperbolic] global_step=22252/72000 local_updates=5563 loss=0.12298295 recon=0.00015434
[hyperbolic] global_step=22384/72000 local_updates=5596 loss=0.12512219 recon=0.00014088
[hyperbolic] global_step=22524/72000 local_updates=5631 loss=0.12621389 recon=0.00013207
[hyperbolic] global_step=22664/72000 local_updates=5666 loss=0.12729612 recon=0.00014094
[hyperbolic] global_step=22800/72000 local_updates=5700 loss=0.12613872 recon=0.00013439
[hyperbolic] global_step=22944/72000 local_updates=5736 loss=0.12486956 recon=0.00014482
[hyperbolic] global_step=23072/72000 local_updates=5768 loss=0.12511434 recon=0.00014375
[hyperbolic] global_step=23204/72000 local_updates=5801 loss=0.12473413 recon=0.00014342
[hyperbolic] global_step=23328/72000 local_updates=5832 loss=0.12397902 recon=0.00014205
[hyperbolic] global_step=23464/72000 local_updates=5866 loss=0.12518254 recon=0.00015001
[hyperbolic] global_step=23596/72000 local_updates=5899 loss=0.12531455 recon=0.00015387
[hyperbolic] global_step=23724/72000 local_updates=5931 loss=0.12765107 recon=0.00013801
[hyperbolic] global_step=23856/72000 local_updates=5964 loss=0.12342397 recon=0.00014236
[hyperbolic] global_step=23992/72000 local_updates=5998 loss=0.12476672 recon=0.00016910
[hyperbolic] global_step=24128/72000 local_updates=6032 loss=0.12516475 recon=0.00015516
[hyperbolic] global_step=24264/72000 local_updates=6066 loss=0.12505698 recon=0.00015073
[hyperbolic] global_step=24400/72000 local_updates=6100 loss=0.12488946 recon=0.00014942
[hyperbolic] global_step=24540/72000 local_updates=6135 loss=0.12770435 recon=0.00013762
[hyperbolic] global_step=24680/72000 local_updates=6170 loss=0.12405957 recon=0.00014083
[hyperbolic] global_step=24820/72000 local_updates=6205 loss=0.12400365 recon=0.00014500
[hyperbolic] global_step=24952/72000 local_updates=6238 loss=0.12531245 recon=0.00014500
[hyperbolic] global_step=25080/72000 local_updates=6270 loss=0.12490365 recon=0.00014885
[hyperbolic] global_step=25216/72000 local_updates=6304 loss=0.12721954 recon=0.00014090
[hyperbolic] global_step=25348/72000 local_updates=6337 loss=0.12398899 recon=0.00012984
[hyperbolic] global_step=25480/72000 local_updates=6370 loss=0.12518817 recon=0.00015007
[hyperbolic] global_step=25616/72000 local_updates=6404 loss=0.12588850 recon=0.00015618
[hyperbolic] global_step=25752/72000 local_updates=6438 loss=0.12415648 recon=0.00014248
[hyperbolic] global_step=25896/72000 local_updates=6474 loss=0.12708069 recon=0.00013882
[hyperbolic] global_step=26024/72000 local_updates=6506 loss=0.12534507 recon=0.00014537
[hyperbolic] global_step=26168/72000 local_updates=6542 loss=0.12557030 recon=0.00015586
[hyperbolic] global_step=26304/72000 local_updates=6576 loss=0.12285778 recon=0.00015228
[hyperbolic] global_step=26448/72000 local_updates=6612 loss=0.12520629 recon=0.00014299
[hyperbolic] global_step=26592/72000 local_updates=6648 loss=0.12351499 recon=0.00016172
[hyperbolic] global_step=26732/72000 local_updates=6683 loss=0.12570421 recon=0.00014327
[hyperbolic] global_step=26876/72000 local_updates=6719 loss=0.12659991 recon=0.00015957
[hyperbolic] global_step=27012/72000 local_updates=6753 loss=0.12378376 recon=0.00012883
[hyperbolic] global_step=27144/72000 local_updates=6786 loss=0.12460250 recon=0.00013059
[hyperbolic] global_step=27288/72000 local_updates=6822 loss=0.12533833 recon=0.00014625
[hyperbolic] global_step=27420/72000 local_updates=6855 loss=0.12370153 recon=0.00013188
[hyperbolic] global_step=27564/72000 local_updates=6891 loss=0.12571979 recon=0.00013370
[hyperbolic] global_step=27708/72000 local_updates=6927 loss=0.12401197 recon=0.00016376
[hyperbolic] global_step=27856/72000 local_updates=6964 loss=0.12414116 recon=0.00014070
[hyperbolic] global_step=28000/72000 local_updates=7000 loss=0.12363977 recon=0.00015359
[hyperbolic] global_step=28156/72000 local_updates=7039 loss=0.12695301 recon=0.00015221
[hyperbolic] global_step=28288/72000 local_updates=7072 loss=0.12384803 recon=0.00014452
[hyperbolic] global_step=28424/72000 local_updates=7106 loss=0.12650107 recon=0.00013935
[hyperbolic] global_step=28572/72000 local_updates=7143 loss=0.12361385 recon=0.00014623
[hyperbolic] global_step=28716/72000 local_updates=7179 loss=0.12595800 recon=0.00014928
[hyperbolic] global_step=28856/72000 local_updates=7214 loss=0.12531687 recon=0.00015106
[hyperbolic] global_step=28996/72000 local_updates=7249 loss=0.12502886 recon=0.00013834
[hyperbolic] global_step=29136/72000 local_updates=7284 loss=0.12515332 recon=0.00014063
[hyperbolic] global_step=29276/72000 local_updates=7319 loss=0.12375246 recon=0.00013783
[hyperbolic] global_step=29420/72000 local_updates=7355 loss=0.12656219 recon=0.00015236
[hyperbolic] global_step=29564/72000 local_updates=7391 loss=0.12512839 recon=0.00015087
[hyperbolic] global_step=29708/72000 local_updates=7427 loss=0.12602340 recon=0.00015633
[hyperbolic] global_step=29856/72000 local_updates=7464 loss=0.12590958 recon=0.00014922
[hyperbolic] global_step=29996/72000 local_updates=7499 loss=0.12674181 recon=0.00015006
[hyperbolic] global_step=30000/72000 loss=0.12511662 recon=0.00014609 c=[1.0, 1.5, 1.0] epsilon=[0.003, 0.003, 0.003] raw_unique=24552/24587 collision=0.001424 behaviour=0.17943869 codebook_used=[256, 256, 256]
[hyperbolic] global_step=30144/72000 local_updates=7536 loss=0.12598191 recon=0.00015604
[hyperbolic] global_step=30284/72000 local_updates=7571 loss=0.12498505 recon=0.00014732
[hyperbolic] global_step=30432/72000 local_updates=7608 loss=0.12364708 recon=0.00014579
[hyperbolic] global_step=30576/72000 local_updates=7644 loss=0.12424066 recon=0.00012750
[hyperbolic] global_step=30724/72000 local_updates=7681 loss=0.12367362 recon=0.00014534
[hyperbolic] global_step=30872/72000 local_updates=7718 loss=0.12894981 recon=0.00013864
[hyperbolic] global_step=31016/72000 local_updates=7754 loss=0.12357506 recon=0.00014284
[hyperbolic] global_step=31164/72000 local_updates=7791 loss=0.12654473 recon=0.00013303
[hyperbolic] global_step=31300/72000 local_updates=7825 loss=0.12536106 recon=0.00014777
[hyperbolic] global_step=31444/72000 local_updates=7861 loss=0.12535733 recon=0.00014109
[hyperbolic] global_step=31580/72000 local_updates=7895 loss=0.12460331 recon=0.00014206
[hyperbolic] global_step=31728/72000 local_updates=7932 loss=0.12684907 recon=0.00015374
[hyperbolic] global_step=31876/72000 local_updates=7969 loss=0.12466428 recon=0.00014981
[hyperbolic] global_step=32024/72000 local_updates=8006 loss=0.12487128 recon=0.00015022
[hyperbolic] global_step=32168/72000 local_updates=8042 loss=0.12456968 recon=0.00015019
[hyperbolic] global_step=32312/72000 local_updates=8078 loss=0.12369607 recon=0.00014281
[hyperbolic] global_step=32452/72000 local_updates=8113 loss=0.12459476 recon=0.00013892
[hyperbolic] global_step=32596/72000 local_updates=8149 loss=0.12333010 recon=0.00015743
[hyperbolic] global_step=32732/72000 local_updates=8183 loss=0.12384587 recon=0.00014831
[hyperbolic] global_step=32884/72000 local_updates=8221 loss=0.12515408 recon=0.00014392
[hyperbolic] global_step=33024/72000 local_updates=8256 loss=0.12702249 recon=0.00015201
[hyperbolic] global_step=33172/72000 local_updates=8293 loss=0.12540765 recon=0.00013914
[hyperbolic] global_step=33316/72000 local_updates=8329 loss=0.12489653 recon=0.00013760
[hyperbolic] global_step=33448/72000 local_updates=8362 loss=0.12564990 recon=0.00015137
[hyperbolic] global_step=33600/72000 local_updates=8400 loss=0.12434173 recon=0.00013756
[hyperbolic] global_step=33752/72000 local_updates=8438 loss=0.12297933 recon=0.00013094
[hyperbolic] global_step=33904/72000 local_updates=8476 loss=0.12604627 recon=0.00014622
[hyperbolic] global_step=34044/72000 local_updates=8511 loss=0.12450284 recon=0.00014698
[hyperbolic] global_step=34188/72000 local_updates=8547 loss=0.12646492 recon=0.00015084
[hyperbolic] global_step=34336/72000 local_updates=8584 loss=0.12654185 recon=0.00013728
[hyperbolic] global_step=34484/72000 local_updates=8621 loss=0.12565002 recon=0.00013374
[hyperbolic] global_step=34624/72000 local_updates=8656 loss=0.12523109 recon=0.00013997
[hyperbolic] global_step=34780/72000 local_updates=8695 loss=0.12633064 recon=0.00014567
[hyperbolic] global_step=34924/72000 local_updates=8731 loss=0.12618715 recon=0.00015074
[hyperbolic] global_step=35068/72000 local_updates=8767 loss=0.12499537 recon=0.00014387
[hyperbolic] global_step=35216/72000 local_updates=8804 loss=0.12507510 recon=0.00013922
[hyperbolic] global_step=35360/72000 local_updates=8840 loss=0.12479873 recon=0.00013560
[hyperbolic] global_step=35508/72000 local_updates=8877 loss=0.12492292 recon=0.00016462
[hyperbolic] global_step=35652/72000 local_updates=8913 loss=0.12439460 recon=0.00013223
[hyperbolic] global_step=35800/72000 local_updates=8950 loss=0.12416165 recon=0.00014732
[hyperbolic] global_step=35944/72000 local_updates=8986 loss=0.12310601 recon=0.00014298
[hyperbolic] global_step=36096/72000 local_updates=9024 loss=0.12637733 recon=0.00014315
[hyperbolic] global_step=36244/72000 local_updates=9061 loss=0.12518544 recon=0.00014730
[hyperbolic] global_step=36392/72000 local_updates=9098 loss=0.12536071 recon=0.00014972
[hyperbolic] global_step=36540/72000 local_updates=9135 loss=0.12314195 recon=0.00014603
[hyperbolic] global_step=36684/72000 local_updates=9171 loss=0.12666148 recon=0.00013786
[hyperbolic] global_step=36832/72000 local_updates=9208 loss=0.12503593 recon=0.00014412
[hyperbolic] global_step=36980/72000 local_updates=9245 loss=0.12397837 recon=0.00014383
[hyperbolic] global_step=37128/72000 local_updates=9282 loss=0.12679592 recon=0.00014935
[hyperbolic] global_step=37280/72000 local_updates=9320 loss=0.12543534 recon=0.00014654
[hyperbolic] global_step=37436/72000 local_updates=9359 loss=0.12577009 recon=0.00016406
[hyperbolic] global_step=37584/72000 local_updates=9396 loss=0.12417154 recon=0.00014427
[hyperbolic] global_step=37732/72000 local_updates=9433 loss=0.12387501 recon=0.00015115
[hyperbolic] global_step=37876/72000 local_updates=9469 loss=0.12477085 recon=0.00014241
[hyperbolic] global_step=38028/72000 local_updates=9507 loss=0.12508565 recon=0.00014744
[hyperbolic] global_step=38172/72000 local_updates=9543 loss=0.12700771 recon=0.00013456
[hyperbolic] global_step=38332/72000 local_updates=9583 loss=0.12574914 recon=0.00015212
[hyperbolic] global_step=38468/72000 local_updates=9617 loss=0.12513040 recon=0.00014280
[hyperbolic] global_step=38612/72000 local_updates=9653 loss=0.12337768 recon=0.00014561
[hyperbolic] global_step=38776/72000 local_updates=9694 loss=0.12370682 recon=0.00013459
[hyperbolic] global_step=38936/72000 local_updates=9734 loss=0.12387012 recon=0.00013119
[hyperbolic] global_step=39080/72000 local_updates=9770 loss=0.12357380 recon=0.00013773
[hyperbolic] global_step=39240/72000 local_updates=9810 loss=0.12305971 recon=0.00015572
[hyperbolic] global_step=39388/72000 local_updates=9847 loss=0.12494263 recon=0.00014352
[hyperbolic] global_step=39540/72000 local_updates=9885 loss=0.12545370 recon=0.00015508
[hyperbolic] global_step=39696/72000 local_updates=9924 loss=0.12515852 recon=0.00015540
[hyperbolic] global_step=39844/72000 local_updates=9961 loss=0.12681136 recon=0.00014187
[hyperbolic] global_step=40000/72000 local_updates=10000 loss=0.12497183 recon=0.00015054
[hyperbolic] global_step=40000/72000 loss=0.12504443 recon=0.00014522 c=[1.0, 1.5, 1.0] epsilon=[0.003, 0.003, 0.003] raw_unique=24550/24587 collision=0.001505 behaviour=0.17231812 codebook_used=[256, 256, 256]
[hyperbolic] global_step=40156/72000 local_updates=10039 loss=0.12572932 recon=0.00015051
[hyperbolic] global_step=40312/72000 local_updates=10078 loss=0.12347760 recon=0.00014555
[hyperbolic] global_step=40468/72000 local_updates=10117 loss=0.12447427 recon=0.00013769
[hyperbolic] global_step=40628/72000 local_updates=10157 loss=0.12345698 recon=0.00014594
[hyperbolic] global_step=40772/72000 local_updates=10193 loss=0.12558410 recon=0.00016998
[hyperbolic] global_step=40924/72000 local_updates=10231 loss=0.12478814 recon=0.00015308
[hyperbolic] global_step=41080/72000 local_updates=10270 loss=0.12458672 recon=0.00015255
[hyperbolic] global_step=41228/72000 local_updates=10307 loss=0.12780404 recon=0.00014848
[hyperbolic] global_step=41384/72000 local_updates=10346 loss=0.12587680 recon=0.00015284
[hyperbolic] global_step=41536/72000 local_updates=10384 loss=0.12511897 recon=0.00014972
[hyperbolic] global_step=41688/72000 local_updates=10422 loss=0.12647471 recon=0.00014459
[hyperbolic] global_step=41832/72000 local_updates=10458 loss=0.12496428 recon=0.00015677
[hyperbolic] global_step=41980/72000 local_updates=10495 loss=0.12472530 recon=0.00014529
[hyperbolic] global_step=42128/72000 local_updates=10532 loss=0.12481181 recon=0.00014481
[hyperbolic] global_step=42280/72000 local_updates=10570 loss=0.12645692 recon=0.00013944
[hyperbolic] global_step=42436/72000 local_updates=10609 loss=0.12468845 recon=0.00013224
[hyperbolic] global_step=42588/72000 local_updates=10647 loss=0.12696178 recon=0.00015280
[hyperbolic] global_step=42740/72000 local_updates=10685 loss=0.12514818 recon=0.00015784
[hyperbolic] global_step=42880/72000 local_updates=10720 loss=0.12404694 recon=0.00014222
[hyperbolic] global_step=43044/72000 local_updates=10761 loss=0.12511477 recon=0.00013631
[hyperbolic] global_step=43196/72000 local_updates=10799 loss=0.12551722 recon=0.00014172
[hyperbolic] global_step=43356/72000 local_updates=10839 loss=0.12802011 recon=0.00015118
[hyperbolic] global_step=43508/72000 local_updates=10877 loss=0.12536056 recon=0.00014631
[hyperbolic] global_step=43656/72000 local_updates=10914 loss=0.12449086 recon=0.00014838
[hyperbolic] global_step=43816/72000 local_updates=10954 loss=0.12531547 recon=0.00013412
[hyperbolic] global_step=43972/72000 local_updates=10993 loss=0.12327625 recon=0.00013387
[hyperbolic] global_step=44128/72000 local_updates=11032 loss=0.12561791 recon=0.00014551
[hyperbolic] global_step=44268/72000 local_updates=11067 loss=0.12548445 recon=0.00014492
[hyperbolic] global_step=44416/72000 local_updates=11104 loss=0.12575142 recon=0.00013024
[hyperbolic] global_step=44568/72000 local_updates=11142 loss=0.12332667 recon=0.00014277
[hyperbolic] global_step=44728/72000 local_updates=11182 loss=0.12712854 recon=0.00014127
[hyperbolic] global_step=44880/72000 local_updates=11220 loss=0.12454502 recon=0.00016304
[hyperbolic] global_step=45040/72000 local_updates=11260 loss=0.12505019 recon=0.00014025
[hyperbolic] global_step=45192/72000 local_updates=11298 loss=0.12479720 recon=0.00015243
[hyperbolic] global_step=45348/72000 local_updates=11337 loss=0.12542029 recon=0.00011974
[hyperbolic] global_step=45492/72000 local_updates=11373 loss=0.12274932 recon=0.00013669
[hyperbolic] global_step=45644/72000 local_updates=11411 loss=0.12492275 recon=0.00014880
[hyperbolic] global_step=45800/72000 local_updates=11450 loss=0.12628807 recon=0.00013343
[hyperbolic] global_step=45948/72000 local_updates=11487 loss=0.12558815 recon=0.00014201
[hyperbolic] global_step=46096/72000 local_updates=11524 loss=0.12455336 recon=0.00014485
[hyperbolic] global_step=46248/72000 local_updates=11562 loss=0.12687613 recon=0.00015006
[hyperbolic] global_step=46408/72000 local_updates=11602 loss=0.12363549 recon=0.00014190
[hyperbolic] global_step=46568/72000 local_updates=11642 loss=0.12458187 recon=0.00013684
[hyperbolic] global_step=46728/72000 local_updates=11682 loss=0.12587444 recon=0.00013773
[hyperbolic] global_step=46888/72000 local_updates=11722 loss=0.12700054 recon=0.00013828
[hyperbolic] global_step=47036/72000 local_updates=11759 loss=0.12615246 recon=0.00013534
[hyperbolic] global_step=47192/72000 local_updates=11798 loss=0.12521979 recon=0.00013406
[hyperbolic] global_step=47348/72000 local_updates=11837 loss=0.12580079 recon=0.00015150
[hyperbolic] global_step=47504/72000 local_updates=11876 loss=0.12420155 recon=0.00013296
[hyperbolic] global_step=47656/72000 local_updates=11914 loss=0.12453843 recon=0.00013960
[hyperbolic] global_step=47800/72000 local_updates=11950 loss=0.12461098 recon=0.00014024
[hyperbolic] global_step=47952/72000 local_updates=11988 loss=0.12276904 recon=0.00014450
[hyperbolic] global_step=48104/72000 local_updates=12026 loss=0.12471484 recon=0.00014211
[hyperbolic] global_step=48252/72000 local_updates=12063 loss=0.12346052 recon=0.00016147
[hyperbolic] global_step=48408/72000 local_updates=12102 loss=0.12333009 recon=0.00014689
[hyperbolic] global_step=48560/72000 local_updates=12140 loss=0.12543572 recon=0.00014187
[hyperbolic] global_step=48700/72000 local_updates=12175 loss=0.12539823 recon=0.00014151
[hyperbolic] global_step=48860/72000 local_updates=12215 loss=0.12569056 recon=0.00015072
[hyperbolic] global_step=49016/72000 local_updates=12254 loss=0.12482346 recon=0.00015772
[hyperbolic] global_step=49168/72000 local_updates=12292 loss=0.12407521 recon=0.00014106
[hyperbolic] global_step=49324/72000 local_updates=12331 loss=0.12379189 recon=0.00016588
[hyperbolic] global_step=49476/72000 local_updates=12369 loss=0.12288199 recon=0.00013520
[hyperbolic] global_step=49640/72000 local_updates=12410 loss=0.12351514 recon=0.00014120
[hyperbolic] global_step=49792/72000 local_updates=12448 loss=0.12544793 recon=0.00014283
[hyperbolic] global_step=49948/72000 local_updates=12487 loss=0.12338291 recon=0.00013660
[hyperbolic] global_step=50000/72000 loss=0.12511455 recon=0.00014512 c=[1.0, 1.5, 1.0] epsilon=[0.003, 0.003, 0.003] raw_unique=24548/24587 collision=0.001586 behaviour=0.16708353 codebook_used=[256, 256, 256]
[hyperbolic] global_step=50164/72000 local_updates=12541 loss=0.12493926 recon=0.00014185
[hyperbolic] global_step=50324/72000 local_updates=12581 loss=0.12530312 recon=0.00014208
[hyperbolic] global_step=50476/72000 local_updates=12619 loss=0.12252031 recon=0.00013181
[hyperbolic] global_step=50632/72000 local_updates=12658 loss=0.12445096 recon=0.00015058
[hyperbolic] global_step=50792/72000 local_updates=12698 loss=0.12506630 recon=0.00015170
[hyperbolic] global_step=50952/72000 local_updates=12738 loss=0.12495694 recon=0.00013300
[hyperbolic] global_step=51104/72000 local_updates=12776 loss=0.12502526 recon=0.00014837
[hyperbolic] global_step=51260/72000 local_updates=12815 loss=0.12496194 recon=0.00014764
[hyperbolic] global_step=51420/72000 local_updates=12855 loss=0.12684160 recon=0.00016080
[hyperbolic] global_step=51568/72000 local_updates=12892 loss=0.12446716 recon=0.00015999
[hyperbolic] global_step=51732/72000 local_updates=12933 loss=0.12609512 recon=0.00015208
[hyperbolic] global_step=51892/72000 local_updates=12973 loss=0.12548581 recon=0.00014673
[hyperbolic] global_step=52056/72000 local_updates=13014 loss=0.12461323 recon=0.00015226
[hyperbolic] global_step=52220/72000 local_updates=13055 loss=0.12514456 recon=0.00014012
[hyperbolic] global_step=52376/72000 local_updates=13094 loss=0.12506381 recon=0.00013118
[hyperbolic] global_step=52520/72000 local_updates=13130 loss=0.12282306 recon=0.00014394
[hyperbolic] global_step=52680/72000 local_updates=13170 loss=0.12438217 recon=0.00014248
[hyperbolic] global_step=52828/72000 local_updates=13207 loss=0.12490664 recon=0.00014538
[hyperbolic] global_step=52984/72000 local_updates=13246 loss=0.12672655 recon=0.00014468
[hyperbolic] global_step=53140/72000 local_updates=13285 loss=0.12433011 recon=0.00015021
[hyperbolic] global_step=53296/72000 local_updates=13324 loss=0.12402440 recon=0.00014532
[hyperbolic] global_step=53452/72000 local_updates=13363 loss=0.12582245 recon=0.00014371
[hyperbolic] global_step=53608/72000 local_updates=13402 loss=0.12477425 recon=0.00014832
[hyperbolic] global_step=53768/72000 local_updates=13442 loss=0.12339738 recon=0.00014757
[hyperbolic] global_step=53928/72000 local_updates=13482 loss=0.12314991 recon=0.00014410
[hyperbolic] global_step=54084/72000 local_updates=13521 loss=0.12533079 recon=0.00013140
[hyperbolic] global_step=54236/72000 local_updates=13559 loss=0.12676123 recon=0.00014263
[hyperbolic] global_step=54404/72000 local_updates=13601 loss=0.12596935 recon=0.00013842
[hyperbolic] global_step=54556/72000 local_updates=13639 loss=0.12420545 recon=0.00014515
[hyperbolic] global_step=54704/72000 local_updates=13676 loss=0.12645245 recon=0.00015088
[hyperbolic] global_step=54868/72000 local_updates=13717 loss=0.12395978 recon=0.00012966
[hyperbolic] global_step=55032/72000 local_updates=13758 loss=0.12493377 recon=0.00015208
[hyperbolic] global_step=55200/72000 local_updates=13800 loss=0.12628913 recon=0.00013651
[hyperbolic] global_step=55360/72000 local_updates=13840 loss=0.12361971 recon=0.00013388
[hyperbolic] global_step=55516/72000 local_updates=13879 loss=0.12480111 recon=0.00013264
[hyperbolic] global_step=55680/72000 local_updates=13920 loss=0.12624574 recon=0.00015031
[hyperbolic] global_step=55840/72000 local_updates=13960 loss=0.12322982 recon=0.00014111
[hyperbolic] global_step=56004/72000 local_updates=14001 loss=0.12523158 recon=0.00013144
[hyperbolic] global_step=56164/72000 local_updates=14041 loss=0.12594602 recon=0.00014630
[hyperbolic] global_step=56336/72000 local_updates=14084 loss=0.12426329 recon=0.00013367
[hyperbolic] global_step=56484/72000 local_updates=14121 loss=0.12443669 recon=0.00014376
[hyperbolic] global_step=56648/72000 local_updates=14162 loss=0.12653384 recon=0.00016038
[hyperbolic] global_step=56816/72000 local_updates=14204 loss=0.12667306 recon=0.00014780
[hyperbolic] global_step=56980/72000 local_updates=14245 loss=0.12405366 recon=0.00013660
[hyperbolic] global_step=57148/72000 local_updates=14287 loss=0.12593757 recon=0.00013715
[hyperbolic] global_step=57312/72000 local_updates=14328 loss=0.12276457 recon=0.00014453
[hyperbolic] global_step=57476/72000 local_updates=14369 loss=0.12345246 recon=0.00013811
[hyperbolic] global_step=57640/72000 local_updates=14410 loss=0.12312886 recon=0.00014555
[hyperbolic] global_step=57808/72000 local_updates=14452 loss=0.12385744 recon=0.00013229
[hyperbolic] global_step=57984/72000 local_updates=14496 loss=0.12333323 recon=0.00013447
[hyperbolic] global_step=58152/72000 local_updates=14538 loss=0.12456305 recon=0.00014905
[hyperbolic] global_step=58304/72000 local_updates=14576 loss=0.12372808 recon=0.00013106
[hyperbolic] global_step=58468/72000 local_updates=14617 loss=0.12377188 recon=0.00014480
[hyperbolic] global_step=58632/72000 local_updates=14658 loss=0.12521306 recon=0.00015201
[hyperbolic] global_step=58792/72000 local_updates=14698 loss=0.12409799 recon=0.00014354
[hyperbolic] global_step=58952/72000 local_updates=14738 loss=0.12543267 recon=0.00014230
[hyperbolic] global_step=59112/72000 local_updates=14778 loss=0.12491850 recon=0.00014499
[hyperbolic] global_step=59276/72000 local_updates=14819 loss=0.12258177 recon=0.00015167
[hyperbolic] global_step=59428/72000 local_updates=14857 loss=0.12453935 recon=0.00014935
[hyperbolic] global_step=59584/72000 local_updates=14896 loss=0.12468126 recon=0.00013942
[hyperbolic] global_step=59752/72000 local_updates=14938 loss=0.12360451 recon=0.00013703
[hyperbolic] global_step=59904/72000 local_updates=14976 loss=0.12651303 recon=0.00013500
[hyperbolic] global_step=60000/72000 loss=0.12500198 recon=0.00014477 c=[1.0, 1.5, 1.0] epsilon=[0.003, 0.003, 0.003] raw_unique=24553/24587 collision=0.001383 behaviour=0.16312579 codebook_used=[256, 256, 256]
[hyperbolic] global_step=60152/72000 local_updates=15038 loss=0.12335733 recon=0.00014821
[hyperbolic] global_step=60312/72000 local_updates=15078 loss=0.12601562 recon=0.00015221
[hyperbolic] global_step=60484/72000 local_updates=15121 loss=0.12406481 recon=0.00014240
[hyperbolic] global_step=60648/72000 local_updates=15162 loss=0.12483395 recon=0.00014940
[hyperbolic] global_step=60812/72000 local_updates=15203 loss=0.12509201 recon=0.00015698
[hyperbolic] global_step=60976/72000 local_updates=15244 loss=0.12415837 recon=0.00014744
[hyperbolic] global_step=61140/72000 local_updates=15285 loss=0.12438902 recon=0.00013762
[hyperbolic] global_step=61296/72000 local_updates=15324 loss=0.12316059 recon=0.00017167
[hyperbolic] global_step=61440/72000 local_updates=15360 loss=0.12568325 recon=0.00013926
[hyperbolic] global_step=61600/72000 local_updates=15400 loss=0.12357303 recon=0.00015529
[hyperbolic] global_step=61760/72000 local_updates=15440 loss=0.12440458 recon=0.00013915
[hyperbolic] global_step=61908/72000 local_updates=15477 loss=0.12565376 recon=0.00014553
[hyperbolic] global_step=62056/72000 local_updates=15514 loss=0.12570372 recon=0.00014550
[hyperbolic] global_step=62212/72000 local_updates=15553 loss=0.12328672 recon=0.00016223
[hyperbolic] global_step=62368/72000 local_updates=15592 loss=0.12420093 recon=0.00013602
[hyperbolic] global_step=62520/72000 local_updates=15630 loss=0.12468336 recon=0.00013856
[hyperbolic] global_step=62680/72000 local_updates=15670 loss=0.12348029 recon=0.00014430
[hyperbolic] global_step=62836/72000 local_updates=15709 loss=0.12486486 recon=0.00014079
[hyperbolic] global_step=62992/72000 local_updates=15748 loss=0.12581472 recon=0.00014240
[hyperbolic] global_step=63156/72000 local_updates=15789 loss=0.12666962 recon=0.00013236
[hyperbolic] global_step=63324/72000 local_updates=15831 loss=0.12633637 recon=0.00014786
[hyperbolic] global_step=63476/72000 local_updates=15869 loss=0.12382055 recon=0.00014427
[hyperbolic] global_step=63640/72000 local_updates=15910 loss=0.12378012 recon=0.00014852
[hyperbolic] global_step=63796/72000 local_updates=15949 loss=0.12319820 recon=0.00014698
[hyperbolic] global_step=63968/72000 local_updates=15992 loss=0.12474073 recon=0.00014260
[hyperbolic] global_step=64124/72000 local_updates=16031 loss=0.12469832 recon=0.00015200
[hyperbolic] global_step=64292/72000 local_updates=16073 loss=0.12575924 recon=0.00016162
[hyperbolic] global_step=64464/72000 local_updates=16116 loss=0.12671879 recon=0.00013399
[hyperbolic] global_step=64624/72000 local_updates=16156 loss=0.12491041 recon=0.00014458
[hyperbolic] global_step=64788/72000 local_updates=16197 loss=0.12277865 recon=0.00015073
[hyperbolic] global_step=64936/72000 local_updates=16234 loss=0.12565590 recon=0.00013337
[hyperbolic] global_step=65096/72000 local_updates=16274 loss=0.12342938 recon=0.00013745
[hyperbolic] global_step=65264/72000 local_updates=16316 loss=0.12405521 recon=0.00014685
[hyperbolic] global_step=65428/72000 local_updates=16357 loss=0.12335937 recon=0.00014817
[hyperbolic] global_step=65592/72000 local_updates=16398 loss=0.12353233 recon=0.00013750
[hyperbolic] global_step=65748/72000 local_updates=16437 loss=0.12347040 recon=0.00012706
[hyperbolic] global_step=65916/72000 local_updates=16479 loss=0.12398700 recon=0.00015309
[hyperbolic] global_step=66072/72000 local_updates=16518 loss=0.12535867 recon=0.00014492
[hyperbolic] global_step=66236/72000 local_updates=16559 loss=0.12451528 recon=0.00013651
[hyperbolic] global_step=66392/72000 local_updates=16598 loss=0.12562652 recon=0.00012425
[hyperbolic] global_step=66552/72000 local_updates=16638 loss=0.12368929 recon=0.00012989
[hyperbolic] global_step=66728/72000 local_updates=16682 loss=0.12556566 recon=0.00012851
[hyperbolic] global_step=66880/72000 local_updates=16720 loss=0.12467204 recon=0.00014161
[hyperbolic] global_step=67040/72000 local_updates=16760 loss=0.12444370 recon=0.00014917
[hyperbolic] global_step=67204/72000 local_updates=16801 loss=0.12302376 recon=0.00014492
[hyperbolic] global_step=67368/72000 local_updates=16842 loss=0.12392387 recon=0.00013915
[hyperbolic] global_step=67524/72000 local_updates=16881 loss=0.12668578 recon=0.00013593
[hyperbolic] global_step=67680/72000 local_updates=16920 loss=0.12460965 recon=0.00014321
[hyperbolic] global_step=67840/72000 local_updates=16960 loss=0.12195040 recon=0.00013810
[hyperbolic] global_step=67992/72000 local_updates=16998 loss=0.12378802 recon=0.00014795
[hyperbolic] global_step=68156/72000 local_updates=17039 loss=0.12338880 recon=0.00015911
[hyperbolic] global_step=68320/72000 local_updates=17080 loss=0.12595434 recon=0.00014400
[hyperbolic] global_step=68488/72000 local_updates=17122 loss=0.12558067 recon=0.00013764
[hyperbolic] global_step=68660/72000 local_updates=17165 loss=0.12626047 recon=0.00014579
[hyperbolic] global_step=68824/72000 local_updates=17206 loss=0.12339772 recon=0.00015148
[hyperbolic] global_step=68984/72000 local_updates=17246 loss=0.12538685 recon=0.00013345
[hyperbolic] global_step=69160/72000 local_updates=17290 loss=0.12556793 recon=0.00014363
[hyperbolic] global_step=69328/72000 local_updates=17332 loss=0.12432672 recon=0.00013461
[hyperbolic] global_step=69496/72000 local_updates=17374 loss=0.12477110 recon=0.00015495
[hyperbolic] global_step=69660/72000 local_updates=17415 loss=0.12553869 recon=0.00013312
[hyperbolic] global_step=69832/72000 local_updates=17458 loss=0.12262168 recon=0.00014177
[hyperbolic] global_step=69980/72000 local_updates=17495 loss=0.12603107 recon=0.00014608
[hyperbolic] global_step=70000/72000 loss=0.12484019 recon=0.00014433 c=[1.0, 1.5, 1.0] epsilon=[0.003, 0.003, 0.003] raw_unique=24551/24587 collision=0.001464 behaviour=0.16003928 codebook_used=[256, 256, 256]
[hyperbolic] global_step=70152/72000 local_updates=17538 loss=0.12435625 recon=0.00013160
[hyperbolic] global_step=70308/72000 local_updates=17577 loss=0.12454622 recon=0.00013534
[hyperbolic] global_step=70472/72000 local_updates=17618 loss=0.12360265 recon=0.00013093
[hyperbolic] global_step=70636/72000 local_updates=17659 loss=0.12437815 recon=0.00014376
[hyperbolic] global_step=70800/72000 local_updates=17700 loss=0.12475958 recon=0.00015374
[hyperbolic] global_step=70976/72000 local_updates=17744 loss=0.12336750 recon=0.00014759
[hyperbolic] global_step=71148/72000 local_updates=17787 loss=0.12510610 recon=0.00013795
[hyperbolic] global_step=71324/72000 local_updates=17831 loss=0.12555364 recon=0.00013664
[hyperbolic] global_step=71488/72000 local_updates=17872 loss=0.12350324 recon=0.00013952
[hyperbolic] global_step=71660/72000 local_updates=17915 loss=0.12421080 recon=0.00013275
[hyperbolic] global_step=71840/72000 local_updates=17960 loss=0.12542951 recon=0.00014938
[hyperbolic] global_step=72000/72000 loss=0.12476440 recon=0.00014407 c=[1.0, 1.5, 1.0] epsilon=[0.003, 0.003, 0.003] raw_unique=24554/24587 collision=0.001342 behaviour=0.15828364 codebook_used=[256, 256, 256]
