raw latent: ||z|| mean=2.063299 std=0.057623  min=1.466986 max=2.283851

1. angular distributions on the raw latent
   random pairs          p1=0.970855  p5=0.978464  p50=0.988392  p95=0.994748  p99=0.996408  mean=0.987707
   positive pairs        p1=0.982513  p5=0.986469  p50=0.993477  p95=0.997441  p99=0.998445  mean=0.992931
   negative pairs (batch shuffle)p1=0.972748  p5=0.979190  p50=0.988332  p95=0.994457  p99=0.996286  mean=0.987755
   separation: p50 positive - p50 random = +0.005085   p50 positive - p50 negative = +0.005145

2/3. what the distance is made of (Spearman)
   pair type       rho(d_H, -cos)     rho(d_H, |d||z||)
   random                  0.9050                0.0892
   positive                0.9160                0.1568
   negative                0.8902                0.0669

4. angular vs hyperbolic margin, by population
   population        n   cos margin p50   hyp margin p50  cos pos p50
   persistent     5960        -0.000049         0.004417     0.990676
   rotating       6838         0.004586         0.471635     0.993355
   never          7202         0.009254         0.962180     0.995508

verdict
   positive/negative cosine separation p50 = +0.005145
   rho(d_H, -cos) on random pairs = +0.9050
   angular margin orders the populations: True
   the encoder does carry angular structure, the metric tracks it, and the angular margin collapses exactly where the hyperbolic one does; the limit is how much angular range the encoder learned
