2026-10-07 06:38:43,529 - INFO - Configuration: {'batch_size': 4096, 'infer_size': 1024, 'num_epochs': 150, 'eval_interval': 5, 'eval_start_epoch': 75, 'early_eval_epochs': (25, 50, 75, 100, 125), 'fast': True, 'bf16': True, 'use_lr_scheduler': True, 'lr_warmup_pct': 0.1, 'lr_min_factor': 0.2, 'compile': False, 'compile_mode': 'default', 'num_layers': 4, 'num_decoder_layers': 4, 'd_model': 128, 'd_ff': 1024, 'num_heads': 6, 'd_kv': 64, 'dropout_rate': 0.1, 'activation_function': 'relu', 'feed_forward_proj': 'relu', 'device': 'cuda', 'lr': 0.003, 'weight_decay': 0.05, 'vocab_size': 774, 'eos_token_id': 773, 'pad_token_id': 0, 'n_user_tokens': 1, 'max_len': 20, 'dataset_name': 'Amazon_2023_Instruments', 'dataset_path': '/home/wlia0047/ar57/wenyu/GeneRec/results/stage0_build_parquet/', 'codebook_size': [256, 256, 256, 1], 'code_path': '/home/wlia0047/ar57/wenyu/GeneRec/results/stage2_RQ-VAE/curvature_RQ-VAE_iter101/item_sids.json', 'train_file': 'train.parquet', 'valid_file': 'valid.parquet', 'test_file': 'test.parquet', 'log_path': '/home/wlia0047/ar57/wenyu/GeneRec/results/stage3_T5Train/curvature_RQ-VAE_iter101/logs/', 'save_path': '/home/wlia0047/ar57/wenyu/GeneRec/results/stage3_T5Train/curvature_RQ-VAE_iter101/ckpt/', 'seed': 42, 'topk_list': [5, 10], 'beam_size': 20, 'no_eval': True, 'skip_test': False, 'screen_baseline_log': '', 'screen_start_epoch': 40, 'screen_window': 5, 'screen_min_ndcg_gain': 0.001, 'screen_min_recall_gain': 0.001, 'num_workers': 4, 'prefetch_factor': 8, 'exclude_history': True, 'no_exclude_history': False, 'pin_memory': True, 'no_pin_memory': False, 'sid_length': 4, 'max_token_seq_len': 82, 'decoder_start_token_id': 0}
2026-10-07 06:38:43,624 - INFO - #Embedding parameters: 99072
#Non-embedding parameters: 4459648
#Total trainable parameters: 4558720

2026-10-07 06:38:57,125 - INFO - Epoch 1/150 train_loss=4.7369209671020505
2026-10-07 06:38:57,205 - INFO - Best train loss=4.7369209671020505; saved /home/wlia0047/ar57/wenyu/GeneRec/results/stage3_T5Train/curvature_RQ-VAE_iter101/ckpt/Amazon_2023_Instruments/Oct-07-2026_06-38-43/HG_Rec_best.pth
2026-10-07 06:39:08,829 - INFO - Epoch 2/150 train_loss=4.053606967926026
2026-10-07 06:39:08,870 - INFO - Best train loss=4.053606967926026; saved /home/wlia0047/ar57/wenyu/GeneRec/results/stage3_T5Train/curvature_RQ-VAE_iter101/ckpt/Amazon_2023_Instruments/Oct-07-2026_06-38-43/HG_Rec_best.pth
2026-10-07 06:39:20,479 - INFO - Epoch 3/150 train_loss=3.874625310897827
2026-10-07 06:39:20,518 - INFO - Best train loss=3.874625310897827; saved /home/wlia0047/ar57/wenyu/GeneRec/results/stage3_T5Train/curvature_RQ-VAE_iter101/ckpt/Amazon_2023_Instruments/Oct-07-2026_06-38-43/HG_Rec_best.pth
2026-10-07 06:39:32,131 - INFO - Epoch 4/150 train_loss=3.724316806793213
2026-10-07 06:39:32,170 - INFO - Best train loss=3.724316806793213; saved /home/wlia0047/ar57/wenyu/GeneRec/results/stage3_T5Train/curvature_RQ-VAE_iter101/ckpt/Amazon_2023_Instruments/Oct-07-2026_06-38-43/HG_Rec_best.pth
2026-10-07 06:39:43,780 - INFO - Epoch 5/150 train_loss=3.608659381866455
2026-10-07 06:39:43,816 - INFO - Best train loss=3.608659381866455; saved /home/wlia0047/ar57/wenyu/GeneRec/results/stage3_T5Train/curvature_RQ-VAE_iter101/ckpt/Amazon_2023_Instruments/Oct-07-2026_06-38-43/HG_Rec_best.pth
2026-10-07 06:39:55,421 - INFO - Epoch 6/150 train_loss=3.510754556655884
2026-10-07 06:39:55,457 - INFO - Best train loss=3.510754556655884; saved /home/wlia0047/ar57/wenyu/GeneRec/results/stage3_T5Train/curvature_RQ-VAE_iter101/ckpt/Amazon_2023_Instruments/Oct-07-2026_06-38-43/HG_Rec_best.pth
2026-10-07 06:40:07,064 - INFO - Epoch 7/150 train_loss=3.3953236293792726
2026-10-07 06:40:07,102 - INFO - Best train loss=3.3953236293792726; saved /home/wlia0047/ar57/wenyu/GeneRec/results/stage3_T5Train/curvature_RQ-VAE_iter101/ckpt/Amazon_2023_Instruments/Oct-07-2026_06-38-43/HG_Rec_best.pth
2026-10-07 06:40:18,701 - INFO - Epoch 8/150 train_loss=3.5857794094085693
2026-10-07 06:40:30,304 - INFO - Epoch 9/150 train_loss=3.3863372898101805
2026-10-07 06:40:30,358 - INFO - Best train loss=3.3863372898101805; saved /home/wlia0047/ar57/wenyu/GeneRec/results/stage3_T5Train/curvature_RQ-VAE_iter101/ckpt/Amazon_2023_Instruments/Oct-07-2026_06-38-43/HG_Rec_best.pth
2026-10-07 06:40:41,966 - INFO - Epoch 10/150 train_loss=3.284431285858154
2026-10-07 06:40:42,002 - INFO - Best train loss=3.284431285858154; saved /home/wlia0047/ar57/wenyu/GeneRec/results/stage3_T5Train/curvature_RQ-VAE_iter101/ckpt/Amazon_2023_Instruments/Oct-07-2026_06-38-43/HG_Rec_best.pth
2026-10-07 06:40:53,600 - INFO - Epoch 11/150 train_loss=3.2192312908172607
2026-10-07 06:40:53,637 - INFO - Best train loss=3.2192312908172607; saved /home/wlia0047/ar57/wenyu/GeneRec/results/stage3_T5Train/curvature_RQ-VAE_iter101/ckpt/Amazon_2023_Instruments/Oct-07-2026_06-38-43/HG_Rec_best.pth
2026-10-07 06:41:05,243 - INFO - Epoch 12/150 train_loss=3.1517598533630373
2026-10-07 06:41:05,286 - INFO - Best train loss=3.1517598533630373; saved /home/wlia0047/ar57/wenyu/GeneRec/results/stage3_T5Train/curvature_RQ-VAE_iter101/ckpt/Amazon_2023_Instruments/Oct-07-2026_06-38-43/HG_Rec_best.pth
2026-10-07 06:41:16,888 - INFO - Epoch 13/150 train_loss=3.095921287536621
2026-10-07 06:41:16,925 - INFO - Best train loss=3.095921287536621; saved /home/wlia0047/ar57/wenyu/GeneRec/results/stage3_T5Train/curvature_RQ-VAE_iter101/ckpt/Amazon_2023_Instruments/Oct-07-2026_06-38-43/HG_Rec_best.pth
2026-10-07 06:41:28,525 - INFO - Epoch 14/150 train_loss=3.038925132751465
2026-10-07 06:41:28,565 - INFO - Best train loss=3.038925132751465; saved /home/wlia0047/ar57/wenyu/GeneRec/results/stage3_T5Train/curvature_RQ-VAE_iter101/ckpt/Amazon_2023_Instruments/Oct-07-2026_06-38-43/HG_Rec_best.pth
2026-10-07 06:41:40,176 - INFO - Epoch 15/150 train_loss=2.99102725982666
2026-10-07 06:41:40,213 - INFO - Best train loss=2.99102725982666; saved /home/wlia0047/ar57/wenyu/GeneRec/results/stage3_T5Train/curvature_RQ-VAE_iter101/ckpt/Amazon_2023_Instruments/Oct-07-2026_06-38-43/HG_Rec_best.pth
2026-10-07 06:41:51,823 - INFO - Epoch 16/150 train_loss=2.948226099014282
2026-10-07 06:41:51,862 - INFO - Best train loss=2.948226099014282; saved /home/wlia0047/ar57/wenyu/GeneRec/results/stage3_T5Train/curvature_RQ-VAE_iter101/ckpt/Amazon_2023_Instruments/Oct-07-2026_06-38-43/HG_Rec_best.pth
2026-10-07 06:42:03,474 - INFO - Epoch 17/150 train_loss=2.89404878616333
2026-10-07 06:42:03,514 - INFO - Best train loss=2.89404878616333; saved /home/wlia0047/ar57/wenyu/GeneRec/results/stage3_T5Train/curvature_RQ-VAE_iter101/ckpt/Amazon_2023_Instruments/Oct-07-2026_06-38-43/HG_Rec_best.pth
2026-10-07 06:42:15,671 - INFO - Epoch 18/150 train_loss=2.8566656494140625
2026-10-07 06:42:15,710 - INFO - Best train loss=2.8566656494140625; saved /home/wlia0047/ar57/wenyu/GeneRec/results/stage3_T5Train/curvature_RQ-VAE_iter101/ckpt/Amazon_2023_Instruments/Oct-07-2026_06-38-43/HG_Rec_best.pth
2026-10-07 06:42:27,317 - INFO - Epoch 19/150 train_loss=2.813220500946045
2026-10-07 06:42:27,353 - INFO - Best train loss=2.813220500946045; saved /home/wlia0047/ar57/wenyu/GeneRec/results/stage3_T5Train/curvature_RQ-VAE_iter101/ckpt/Amazon_2023_Instruments/Oct-07-2026_06-38-43/HG_Rec_best.pth
2026-10-07 06:42:38,953 - INFO - Epoch 20/150 train_loss=2.761145009994507
2026-10-07 06:42:38,991 - INFO - Best train loss=2.761145009994507; saved /home/wlia0047/ar57/wenyu/GeneRec/results/stage3_T5Train/curvature_RQ-VAE_iter101/ckpt/Amazon_2023_Instruments/Oct-07-2026_06-38-43/HG_Rec_best.pth
2026-10-07 06:42:50,585 - INFO - Epoch 21/150 train_loss=2.723700065612793
2026-10-07 06:42:50,621 - INFO - Best train loss=2.723700065612793; saved /home/wlia0047/ar57/wenyu/GeneRec/results/stage3_T5Train/curvature_RQ-VAE_iter101/ckpt/Amazon_2023_Instruments/Oct-07-2026_06-38-43/HG_Rec_best.pth
2026-10-07 06:43:02,223 - INFO - Epoch 22/150 train_loss=2.6919310474395752
2026-10-07 06:43:02,258 - INFO - Best train loss=2.6919310474395752; saved /home/wlia0047/ar57/wenyu/GeneRec/results/stage3_T5Train/curvature_RQ-VAE_iter101/ckpt/Amazon_2023_Instruments/Oct-07-2026_06-38-43/HG_Rec_best.pth
2026-10-07 06:43:13,863 - INFO - Epoch 23/150 train_loss=2.657176399230957
2026-10-07 06:43:13,900 - INFO - Best train loss=2.657176399230957; saved /home/wlia0047/ar57/wenyu/GeneRec/results/stage3_T5Train/curvature_RQ-VAE_iter101/ckpt/Amazon_2023_Instruments/Oct-07-2026_06-38-43/HG_Rec_best.pth
2026-10-07 06:43:25,500 - INFO - Epoch 24/150 train_loss=2.6305999755859375
2026-10-07 06:43:25,536 - INFO - Best train loss=2.6305999755859375; saved /home/wlia0047/ar57/wenyu/GeneRec/results/stage3_T5Train/curvature_RQ-VAE_iter101/ckpt/Amazon_2023_Instruments/Oct-07-2026_06-38-43/HG_Rec_best.pth
2026-10-07 06:43:37,137 - INFO - Epoch 25/150 train_loss=2.599593954086304
2026-10-07 06:43:37,173 - INFO - Best train loss=2.599593954086304; saved /home/wlia0047/ar57/wenyu/GeneRec/results/stage3_T5Train/curvature_RQ-VAE_iter101/ckpt/Amazon_2023_Instruments/Oct-07-2026_06-38-43/HG_Rec_best.pth
2026-10-07 06:43:48,776 - INFO - Epoch 26/150 train_loss=2.5690954875946046
2026-10-07 06:43:48,812 - INFO - Best train loss=2.5690954875946046; saved /home/wlia0047/ar57/wenyu/GeneRec/results/stage3_T5Train/curvature_RQ-VAE_iter101/ckpt/Amazon_2023_Instruments/Oct-07-2026_06-38-43/HG_Rec_best.pth
2026-10-07 06:44:00,420 - INFO - Epoch 27/150 train_loss=2.5463216304779053
2026-10-07 06:44:00,457 - INFO - Best train loss=2.5463216304779053; saved /home/wlia0047/ar57/wenyu/GeneRec/results/stage3_T5Train/curvature_RQ-VAE_iter101/ckpt/Amazon_2023_Instruments/Oct-07-2026_06-38-43/HG_Rec_best.pth
2026-10-07 06:44:12,064 - INFO - Epoch 28/150 train_loss=2.517041177749634
2026-10-07 06:44:12,102 - INFO - Best train loss=2.517041177749634; saved /home/wlia0047/ar57/wenyu/GeneRec/results/stage3_T5Train/curvature_RQ-VAE_iter101/ckpt/Amazon_2023_Instruments/Oct-07-2026_06-38-43/HG_Rec_best.pth
2026-10-07 06:44:23,704 - INFO - Epoch 29/150 train_loss=2.491809272766113
2026-10-07 06:44:23,741 - INFO - Best train loss=2.491809272766113; saved /home/wlia0047/ar57/wenyu/GeneRec/results/stage3_T5Train/curvature_RQ-VAE_iter101/ckpt/Amazon_2023_Instruments/Oct-07-2026_06-38-43/HG_Rec_best.pth
2026-10-07 06:44:35,345 - INFO - Epoch 30/150 train_loss=2.46486985206604
2026-10-07 06:44:35,382 - INFO - Best train loss=2.46486985206604; saved /home/wlia0047/ar57/wenyu/GeneRec/results/stage3_T5Train/curvature_RQ-VAE_iter101/ckpt/Amazon_2023_Instruments/Oct-07-2026_06-38-43/HG_Rec_best.pth
2026-10-07 06:44:46,996 - INFO - Epoch 31/150 train_loss=2.4481805896759035
2026-10-07 06:44:47,035 - INFO - Best train loss=2.4481805896759035; saved /home/wlia0047/ar57/wenyu/GeneRec/results/stage3_T5Train/curvature_RQ-VAE_iter101/ckpt/Amazon_2023_Instruments/Oct-07-2026_06-38-43/HG_Rec_best.pth
2026-10-07 06:44:58,647 - INFO - Epoch 32/150 train_loss=2.4249813556671143
2026-10-07 06:44:58,683 - INFO - Best train loss=2.4249813556671143; saved /home/wlia0047/ar57/wenyu/GeneRec/results/stage3_T5Train/curvature_RQ-VAE_iter101/ckpt/Amazon_2023_Instruments/Oct-07-2026_06-38-43/HG_Rec_best.pth
2026-10-07 06:45:10,283 - INFO - Epoch 33/150 train_loss=2.3986239528656004
2026-10-07 06:45:10,319 - INFO - Best train loss=2.3986239528656004; saved /home/wlia0047/ar57/wenyu/GeneRec/results/stage3_T5Train/curvature_RQ-VAE_iter101/ckpt/Amazon_2023_Instruments/Oct-07-2026_06-38-43/HG_Rec_best.pth
2026-10-07 06:45:21,928 - INFO - Epoch 34/150 train_loss=2.3801877975463865
2026-10-07 06:45:21,965 - INFO - Best train loss=2.3801877975463865; saved /home/wlia0047/ar57/wenyu/GeneRec/results/stage3_T5Train/curvature_RQ-VAE_iter101/ckpt/Amazon_2023_Instruments/Oct-07-2026_06-38-43/HG_Rec_best.pth
2026-10-07 06:45:33,566 - INFO - Epoch 35/150 train_loss=2.360643815994263
2026-10-07 06:45:33,602 - INFO - Best train loss=2.360643815994263; saved /home/wlia0047/ar57/wenyu/GeneRec/results/stage3_T5Train/curvature_RQ-VAE_iter101/ckpt/Amazon_2023_Instruments/Oct-07-2026_06-38-43/HG_Rec_best.pth
2026-10-07 06:45:45,203 - INFO - Epoch 36/150 train_loss=2.334869966506958
2026-10-07 06:45:45,239 - INFO - Best train loss=2.334869966506958; saved /home/wlia0047/ar57/wenyu/GeneRec/results/stage3_T5Train/curvature_RQ-VAE_iter101/ckpt/Amazon_2023_Instruments/Oct-07-2026_06-38-43/HG_Rec_best.pth
2026-10-07 06:45:56,845 - INFO - Epoch 37/150 train_loss=2.3044715118408203
2026-10-07 06:45:56,881 - INFO - Best train loss=2.3044715118408203; saved /home/wlia0047/ar57/wenyu/GeneRec/results/stage3_T5Train/curvature_RQ-VAE_iter101/ckpt/Amazon_2023_Instruments/Oct-07-2026_06-38-43/HG_Rec_best.pth
2026-10-07 06:46:08,482 - INFO - Epoch 38/150 train_loss=2.2851422309875487
2026-10-07 06:46:08,520 - INFO - Best train loss=2.2851422309875487; saved /home/wlia0047/ar57/wenyu/GeneRec/results/stage3_T5Train/curvature_RQ-VAE_iter101/ckpt/Amazon_2023_Instruments/Oct-07-2026_06-38-43/HG_Rec_best.pth
2026-10-07 06:46:20,131 - INFO - Epoch 39/150 train_loss=2.2670952033996583
2026-10-07 06:46:20,167 - INFO - Best train loss=2.2670952033996583; saved /home/wlia0047/ar57/wenyu/GeneRec/results/stage3_T5Train/curvature_RQ-VAE_iter101/ckpt/Amazon_2023_Instruments/Oct-07-2026_06-38-43/HG_Rec_best.pth
2026-10-07 06:46:31,776 - INFO - Epoch 40/150 train_loss=2.2505923652648927
2026-10-07 06:46:31,812 - INFO - Best train loss=2.2505923652648927; saved /home/wlia0047/ar57/wenyu/GeneRec/results/stage3_T5Train/curvature_RQ-VAE_iter101/ckpt/Amazon_2023_Instruments/Oct-07-2026_06-38-43/HG_Rec_best.pth
2026-10-07 06:46:43,422 - INFO - Epoch 41/150 train_loss=2.2357621669769285
2026-10-07 06:46:43,460 - INFO - Best train loss=2.2357621669769285; saved /home/wlia0047/ar57/wenyu/GeneRec/results/stage3_T5Train/curvature_RQ-VAE_iter101/ckpt/Amazon_2023_Instruments/Oct-07-2026_06-38-43/HG_Rec_best.pth
2026-10-07 06:46:55,062 - INFO - Epoch 42/150 train_loss=2.222766246795654
2026-10-07 06:46:55,098 - INFO - Best train loss=2.222766246795654; saved /home/wlia0047/ar57/wenyu/GeneRec/results/stage3_T5Train/curvature_RQ-VAE_iter101/ckpt/Amazon_2023_Instruments/Oct-07-2026_06-38-43/HG_Rec_best.pth
2026-10-07 06:47:06,789 - INFO - Epoch 43/150 train_loss=2.206720161437988
2026-10-07 06:47:06,826 - INFO - Best train loss=2.206720161437988; saved /home/wlia0047/ar57/wenyu/GeneRec/results/stage3_T5Train/curvature_RQ-VAE_iter101/ckpt/Amazon_2023_Instruments/Oct-07-2026_06-38-43/HG_Rec_best.pth
2026-10-07 06:47:18,438 - INFO - Epoch 44/150 train_loss=2.195462188720703
2026-10-07 06:47:18,475 - INFO - Best train loss=2.195462188720703; saved /home/wlia0047/ar57/wenyu/GeneRec/results/stage3_T5Train/curvature_RQ-VAE_iter101/ckpt/Amazon_2023_Instruments/Oct-07-2026_06-38-43/HG_Rec_best.pth
2026-10-07 06:47:30,078 - INFO - Epoch 45/150 train_loss=2.184176778793335
2026-10-07 06:47:30,115 - INFO - Best train loss=2.184176778793335; saved /home/wlia0047/ar57/wenyu/GeneRec/results/stage3_T5Train/curvature_RQ-VAE_iter101/ckpt/Amazon_2023_Instruments/Oct-07-2026_06-38-43/HG_Rec_best.pth
2026-10-07 06:47:41,719 - INFO - Epoch 46/150 train_loss=2.172836809158325
2026-10-07 06:47:41,755 - INFO - Best train loss=2.172836809158325; saved /home/wlia0047/ar57/wenyu/GeneRec/results/stage3_T5Train/curvature_RQ-VAE_iter101/ckpt/Amazon_2023_Instruments/Oct-07-2026_06-38-43/HG_Rec_best.pth
2026-10-07 06:47:53,361 - INFO - Epoch 47/150 train_loss=2.1638105010986326
2026-10-07 06:47:53,402 - INFO - Best train loss=2.1638105010986326; saved /home/wlia0047/ar57/wenyu/GeneRec/results/stage3_T5Train/curvature_RQ-VAE_iter101/ckpt/Amazon_2023_Instruments/Oct-07-2026_06-38-43/HG_Rec_best.pth
2026-10-07 06:48:05,012 - INFO - Epoch 48/150 train_loss=2.1527449703216552
2026-10-07 06:48:05,050 - INFO - Best train loss=2.1527449703216552; saved /home/wlia0047/ar57/wenyu/GeneRec/results/stage3_T5Train/curvature_RQ-VAE_iter101/ckpt/Amazon_2023_Instruments/Oct-07-2026_06-38-43/HG_Rec_best.pth
2026-10-07 06:48:16,652 - INFO - Epoch 49/150 train_loss=2.1407683181762693
2026-10-07 06:48:16,688 - INFO - Best train loss=2.1407683181762693; saved /home/wlia0047/ar57/wenyu/GeneRec/results/stage3_T5Train/curvature_RQ-VAE_iter101/ckpt/Amazon_2023_Instruments/Oct-07-2026_06-38-43/HG_Rec_best.pth
2026-10-07 06:48:28,295 - INFO - Epoch 50/150 train_loss=2.136651611328125
2026-10-07 06:48:28,332 - INFO - Best train loss=2.136651611328125; saved /home/wlia0047/ar57/wenyu/GeneRec/results/stage3_T5Train/curvature_RQ-VAE_iter101/ckpt/Amazon_2023_Instruments/Oct-07-2026_06-38-43/HG_Rec_best.pth
2026-10-07 06:48:39,945 - INFO - Epoch 51/150 train_loss=2.1251381492614745
2026-10-07 06:48:40,255 - INFO - Best train loss=2.1251381492614745; saved /home/wlia0047/ar57/wenyu/GeneRec/results/stage3_T5Train/curvature_RQ-VAE_iter101/ckpt/Amazon_2023_Instruments/Oct-07-2026_06-38-43/HG_Rec_best.pth
2026-10-07 06:48:52,075 - INFO - Epoch 52/150 train_loss=2.1241300296783447
2026-10-07 06:48:52,111 - INFO - Best train loss=2.1241300296783447; saved /home/wlia0047/ar57/wenyu/GeneRec/results/stage3_T5Train/curvature_RQ-VAE_iter101/ckpt/Amazon_2023_Instruments/Oct-07-2026_06-38-43/HG_Rec_best.pth
2026-10-07 06:49:03,764 - INFO - Epoch 53/150 train_loss=2.113257713317871
2026-10-07 06:49:03,802 - INFO - Best train loss=2.113257713317871; saved /home/wlia0047/ar57/wenyu/GeneRec/results/stage3_T5Train/curvature_RQ-VAE_iter101/ckpt/Amazon_2023_Instruments/Oct-07-2026_06-38-43/HG_Rec_best.pth
2026-10-07 06:49:15,456 - INFO - Epoch 54/150 train_loss=2.103641777038574
2026-10-07 06:49:15,509 - INFO - Best train loss=2.103641777038574; saved /home/wlia0047/ar57/wenyu/GeneRec/results/stage3_T5Train/curvature_RQ-VAE_iter101/ckpt/Amazon_2023_Instruments/Oct-07-2026_06-38-43/HG_Rec_best.pth
2026-10-07 06:49:29,385 - INFO - Epoch 55/150 train_loss=2.0980903244018556
2026-10-07 06:49:29,467 - INFO - Best train loss=2.0980903244018556; saved /home/wlia0047/ar57/wenyu/GeneRec/results/stage3_T5Train/curvature_RQ-VAE_iter101/ckpt/Amazon_2023_Instruments/Oct-07-2026_06-38-43/HG_Rec_best.pth
2026-10-07 06:49:41,067 - INFO - Epoch 56/150 train_loss=2.0915816593170167
2026-10-07 06:49:41,137 - INFO - Best train loss=2.0915816593170167; saved /home/wlia0047/ar57/wenyu/GeneRec/results/stage3_T5Train/curvature_RQ-VAE_iter101/ckpt/Amazon_2023_Instruments/Oct-07-2026_06-38-43/HG_Rec_best.pth
2026-10-07 06:49:52,746 - INFO - Epoch 57/150 train_loss=2.081829767227173
2026-10-07 06:49:52,783 - INFO - Best train loss=2.081829767227173; saved /home/wlia0047/ar57/wenyu/GeneRec/results/stage3_T5Train/curvature_RQ-VAE_iter101/ckpt/Amazon_2023_Instruments/Oct-07-2026_06-38-43/HG_Rec_best.pth
2026-10-07 06:50:04,393 - INFO - Epoch 58/150 train_loss=2.073633460998535
2026-10-07 06:50:04,429 - INFO - Best train loss=2.073633460998535; saved /home/wlia0047/ar57/wenyu/GeneRec/results/stage3_T5Train/curvature_RQ-VAE_iter101/ckpt/Amazon_2023_Instruments/Oct-07-2026_06-38-43/HG_Rec_best.pth
2026-10-07 06:50:16,038 - INFO - Epoch 59/150 train_loss=2.066859874725342
2026-10-07 06:50:16,074 - INFO - Best train loss=2.066859874725342; saved /home/wlia0047/ar57/wenyu/GeneRec/results/stage3_T5Train/curvature_RQ-VAE_iter101/ckpt/Amazon_2023_Instruments/Oct-07-2026_06-38-43/HG_Rec_best.pth
2026-10-07 06:50:27,681 - INFO - Epoch 60/150 train_loss=2.0613914585113524
2026-10-07 06:50:27,718 - INFO - Best train loss=2.0613914585113524; saved /home/wlia0047/ar57/wenyu/GeneRec/results/stage3_T5Train/curvature_RQ-VAE_iter101/ckpt/Amazon_2023_Instruments/Oct-07-2026_06-38-43/HG_Rec_best.pth
2026-10-07 06:50:39,319 - INFO - Epoch 61/150 train_loss=2.0568888282775877
2026-10-07 06:50:39,354 - INFO - Best train loss=2.0568888282775877; saved /home/wlia0047/ar57/wenyu/GeneRec/results/stage3_T5Train/curvature_RQ-VAE_iter101/ckpt/Amazon_2023_Instruments/Oct-07-2026_06-38-43/HG_Rec_best.pth
2026-10-07 06:50:50,964 - INFO - Epoch 62/150 train_loss=2.047915096282959
2026-10-07 06:50:51,001 - INFO - Best train loss=2.047915096282959; saved /home/wlia0047/ar57/wenyu/GeneRec/results/stage3_T5Train/curvature_RQ-VAE_iter101/ckpt/Amazon_2023_Instruments/Oct-07-2026_06-38-43/HG_Rec_best.pth
2026-10-07 06:51:02,604 - INFO - Epoch 63/150 train_loss=2.0470286083221434
2026-10-07 06:51:02,641 - INFO - Best train loss=2.0470286083221434; saved /home/wlia0047/ar57/wenyu/GeneRec/results/stage3_T5Train/curvature_RQ-VAE_iter101/ckpt/Amazon_2023_Instruments/Oct-07-2026_06-38-43/HG_Rec_best.pth
2026-10-07 06:51:14,244 - INFO - Epoch 64/150 train_loss=2.043100843429565
2026-10-07 06:51:14,280 - INFO - Best train loss=2.043100843429565; saved /home/wlia0047/ar57/wenyu/GeneRec/results/stage3_T5Train/curvature_RQ-VAE_iter101/ckpt/Amazon_2023_Instruments/Oct-07-2026_06-38-43/HG_Rec_best.pth
2026-10-07 06:51:25,885 - INFO - Epoch 65/150 train_loss=2.0352787590026855
2026-10-07 06:51:25,942 - INFO - Best train loss=2.0352787590026855; saved /home/wlia0047/ar57/wenyu/GeneRec/results/stage3_T5Train/curvature_RQ-VAE_iter101/ckpt/Amazon_2023_Instruments/Oct-07-2026_06-38-43/HG_Rec_best.pth
2026-10-07 06:51:37,565 - INFO - Epoch 66/150 train_loss=2.03001030921936
2026-10-07 06:51:37,604 - INFO - Best train loss=2.03001030921936; saved /home/wlia0047/ar57/wenyu/GeneRec/results/stage3_T5Train/curvature_RQ-VAE_iter101/ckpt/Amazon_2023_Instruments/Oct-07-2026_06-38-43/HG_Rec_best.pth
2026-10-07 06:51:49,218 - INFO - Epoch 67/150 train_loss=2.0239904880523683
2026-10-07 06:51:49,253 - INFO - Best train loss=2.0239904880523683; saved /home/wlia0047/ar57/wenyu/GeneRec/results/stage3_T5Train/curvature_RQ-VAE_iter101/ckpt/Amazon_2023_Instruments/Oct-07-2026_06-38-43/HG_Rec_best.pth
2026-10-07 06:52:00,891 - INFO - Epoch 68/150 train_loss=2.0217887687683107
2026-10-07 06:52:00,943 - INFO - Best train loss=2.0217887687683107; saved /home/wlia0047/ar57/wenyu/GeneRec/results/stage3_T5Train/curvature_RQ-VAE_iter101/ckpt/Amazon_2023_Instruments/Oct-07-2026_06-38-43/HG_Rec_best.pth
2026-10-07 06:52:12,548 - INFO - Epoch 69/150 train_loss=2.018633289337158
2026-10-07 06:52:12,583 - INFO - Best train loss=2.018633289337158; saved /home/wlia0047/ar57/wenyu/GeneRec/results/stage3_T5Train/curvature_RQ-VAE_iter101/ckpt/Amazon_2023_Instruments/Oct-07-2026_06-38-43/HG_Rec_best.pth
2026-10-07 06:52:24,286 - INFO - Epoch 70/150 train_loss=2.0118127393722536
2026-10-07 06:52:24,334 - INFO - Best train loss=2.0118127393722536; saved /home/wlia0047/ar57/wenyu/GeneRec/results/stage3_T5Train/curvature_RQ-VAE_iter101/ckpt/Amazon_2023_Instruments/Oct-07-2026_06-38-43/HG_Rec_best.pth
2026-10-07 06:52:35,943 - INFO - Epoch 71/150 train_loss=2.009431576728821
2026-10-07 06:52:35,978 - INFO - Best train loss=2.009431576728821; saved /home/wlia0047/ar57/wenyu/GeneRec/results/stage3_T5Train/curvature_RQ-VAE_iter101/ckpt/Amazon_2023_Instruments/Oct-07-2026_06-38-43/HG_Rec_best.pth
2026-10-07 06:52:47,587 - INFO - Epoch 72/150 train_loss=2.0022562885284425
2026-10-07 06:52:47,629 - INFO - Best train loss=2.0022562885284425; saved /home/wlia0047/ar57/wenyu/GeneRec/results/stage3_T5Train/curvature_RQ-VAE_iter101/ckpt/Amazon_2023_Instruments/Oct-07-2026_06-38-43/HG_Rec_best.pth
2026-10-07 06:52:59,237 - INFO - Epoch 73/150 train_loss=1.99174222946167
2026-10-07 06:52:59,273 - INFO - Best train loss=1.99174222946167; saved /home/wlia0047/ar57/wenyu/GeneRec/results/stage3_T5Train/curvature_RQ-VAE_iter101/ckpt/Amazon_2023_Instruments/Oct-07-2026_06-38-43/HG_Rec_best.pth
2026-10-07 06:53:10,879 - INFO - Epoch 74/150 train_loss=1.9979416704177857
2026-10-07 06:53:22,483 - INFO - Epoch 75/150 train_loss=1.9922701978683472
2026-10-07 06:53:34,105 - INFO - Epoch 76/150 train_loss=1.9867941188812255
2026-10-07 06:53:34,142 - INFO - Best train loss=1.9867941188812255; saved /home/wlia0047/ar57/wenyu/GeneRec/results/stage3_T5Train/curvature_RQ-VAE_iter101/ckpt/Amazon_2023_Instruments/Oct-07-2026_06-38-43/HG_Rec_best.pth
2026-10-07 06:53:45,747 - INFO - Epoch 77/150 train_loss=1.9831944036483764
2026-10-07 06:53:45,782 - INFO - Best train loss=1.9831944036483764; saved /home/wlia0047/ar57/wenyu/GeneRec/results/stage3_T5Train/curvature_RQ-VAE_iter101/ckpt/Amazon_2023_Instruments/Oct-07-2026_06-38-43/HG_Rec_best.pth
2026-10-07 06:53:57,383 - INFO - Epoch 78/150 train_loss=1.9792409086227416
2026-10-07 06:53:57,419 - INFO - Best train loss=1.9792409086227416; saved /home/wlia0047/ar57/wenyu/GeneRec/results/stage3_T5Train/curvature_RQ-VAE_iter101/ckpt/Amazon_2023_Instruments/Oct-07-2026_06-38-43/HG_Rec_best.pth
2026-10-07 06:54:09,028 - INFO - Epoch 79/150 train_loss=1.9767779207229614
2026-10-07 06:54:09,068 - INFO - Best train loss=1.9767779207229614; saved /home/wlia0047/ar57/wenyu/GeneRec/results/stage3_T5Train/curvature_RQ-VAE_iter101/ckpt/Amazon_2023_Instruments/Oct-07-2026_06-38-43/HG_Rec_best.pth
2026-10-07 06:54:20,673 - INFO - Epoch 80/150 train_loss=1.9735213947296142
2026-10-07 06:54:21,180 - INFO - Best train loss=1.9735213947296142; saved /home/wlia0047/ar57/wenyu/GeneRec/results/stage3_T5Train/curvature_RQ-VAE_iter101/ckpt/Amazon_2023_Instruments/Oct-07-2026_06-38-43/HG_Rec_best.pth
2026-10-07 06:54:32,784 - INFO - Epoch 81/150 train_loss=1.9725330400466918
2026-10-07 06:54:32,819 - INFO - Best train loss=1.9725330400466918; saved /home/wlia0047/ar57/wenyu/GeneRec/results/stage3_T5Train/curvature_RQ-VAE_iter101/ckpt/Amazon_2023_Instruments/Oct-07-2026_06-38-43/HG_Rec_best.pth
2026-10-07 06:54:44,426 - INFO - Epoch 82/150 train_loss=1.9640016078948974
2026-10-07 06:54:44,460 - INFO - Best train loss=1.9640016078948974; saved /home/wlia0047/ar57/wenyu/GeneRec/results/stage3_T5Train/curvature_RQ-VAE_iter101/ckpt/Amazon_2023_Instruments/Oct-07-2026_06-38-43/HG_Rec_best.pth
2026-10-07 06:54:56,061 - INFO - Epoch 83/150 train_loss=1.9638816928863525
2026-10-07 06:54:56,098 - INFO - Best train loss=1.9638816928863525; saved /home/wlia0047/ar57/wenyu/GeneRec/results/stage3_T5Train/curvature_RQ-VAE_iter101/ckpt/Amazon_2023_Instruments/Oct-07-2026_06-38-43/HG_Rec_best.pth
2026-10-07 06:55:07,710 - INFO - Epoch 84/150 train_loss=1.9577531814575195
2026-10-07 06:55:07,748 - INFO - Best train loss=1.9577531814575195; saved /home/wlia0047/ar57/wenyu/GeneRec/results/stage3_T5Train/curvature_RQ-VAE_iter101/ckpt/Amazon_2023_Instruments/Oct-07-2026_06-38-43/HG_Rec_best.pth
2026-10-07 06:55:19,354 - INFO - Epoch 85/150 train_loss=1.9555009031295776
2026-10-07 06:55:19,390 - INFO - Best train loss=1.9555009031295776; saved /home/wlia0047/ar57/wenyu/GeneRec/results/stage3_T5Train/curvature_RQ-VAE_iter101/ckpt/Amazon_2023_Instruments/Oct-07-2026_06-38-43/HG_Rec_best.pth
2026-10-07 06:55:30,998 - INFO - Epoch 86/150 train_loss=1.955312557220459
2026-10-07 06:55:31,034 - INFO - Best train loss=1.955312557220459; saved /home/wlia0047/ar57/wenyu/GeneRec/results/stage3_T5Train/curvature_RQ-VAE_iter101/ckpt/Amazon_2023_Instruments/Oct-07-2026_06-38-43/HG_Rec_best.pth
2026-10-07 06:55:42,636 - INFO - Epoch 87/150 train_loss=1.952317819595337
2026-10-07 06:55:42,674 - INFO - Best train loss=1.952317819595337; saved /home/wlia0047/ar57/wenyu/GeneRec/results/stage3_T5Train/curvature_RQ-VAE_iter101/ckpt/Amazon_2023_Instruments/Oct-07-2026_06-38-43/HG_Rec_best.pth
2026-10-07 06:55:54,283 - INFO - Epoch 88/150 train_loss=1.9475465393066407
2026-10-07 06:55:54,322 - INFO - Best train loss=1.9475465393066407; saved /home/wlia0047/ar57/wenyu/GeneRec/results/stage3_T5Train/curvature_RQ-VAE_iter101/ckpt/Amazon_2023_Instruments/Oct-07-2026_06-38-43/HG_Rec_best.pth
2026-10-07 06:56:05,925 - INFO - Epoch 89/150 train_loss=1.9441280603408813
2026-10-07 06:56:05,960 - INFO - Best train loss=1.9441280603408813; saved /home/wlia0047/ar57/wenyu/GeneRec/results/stage3_T5Train/curvature_RQ-VAE_iter101/ckpt/Amazon_2023_Instruments/Oct-07-2026_06-38-43/HG_Rec_best.pth
2026-10-07 06:56:17,571 - INFO - Epoch 90/150 train_loss=1.9415355920791626
2026-10-07 06:56:17,605 - INFO - Best train loss=1.9415355920791626; saved /home/wlia0047/ar57/wenyu/GeneRec/results/stage3_T5Train/curvature_RQ-VAE_iter101/ckpt/Amazon_2023_Instruments/Oct-07-2026_06-38-43/HG_Rec_best.pth
2026-10-07 06:56:29,208 - INFO - Epoch 91/150 train_loss=1.9396159267425537
2026-10-07 06:56:29,243 - INFO - Best train loss=1.9396159267425537; saved /home/wlia0047/ar57/wenyu/GeneRec/results/stage3_T5Train/curvature_RQ-VAE_iter101/ckpt/Amazon_2023_Instruments/Oct-07-2026_06-38-43/HG_Rec_best.pth
2026-10-07 06:56:41,326 - INFO - Epoch 92/150 train_loss=1.93711275100708
2026-10-07 06:56:41,364 - INFO - Best train loss=1.93711275100708; saved /home/wlia0047/ar57/wenyu/GeneRec/results/stage3_T5Train/curvature_RQ-VAE_iter101/ckpt/Amazon_2023_Instruments/Oct-07-2026_06-38-43/HG_Rec_best.pth
2026-10-07 06:56:53,056 - INFO - Epoch 93/150 train_loss=1.9313139390945435
2026-10-07 06:56:53,093 - INFO - Best train loss=1.9313139390945435; saved /home/wlia0047/ar57/wenyu/GeneRec/results/stage3_T5Train/curvature_RQ-VAE_iter101/ckpt/Amazon_2023_Instruments/Oct-07-2026_06-38-43/HG_Rec_best.pth
2026-10-07 06:57:04,695 - INFO - Epoch 94/150 train_loss=1.9339897155761718
2026-10-07 06:57:16,302 - INFO - Epoch 95/150 train_loss=1.9286994171142577
2026-10-07 06:57:16,341 - INFO - Best train loss=1.9286994171142577; saved /home/wlia0047/ar57/wenyu/GeneRec/results/stage3_T5Train/curvature_RQ-VAE_iter101/ckpt/Amazon_2023_Instruments/Oct-07-2026_06-38-43/HG_Rec_best.pth
2026-10-07 06:57:27,945 - INFO - Epoch 96/150 train_loss=1.9267713117599488
2026-10-07 06:57:27,981 - INFO - Best train loss=1.9267713117599488; saved /home/wlia0047/ar57/wenyu/GeneRec/results/stage3_T5Train/curvature_RQ-VAE_iter101/ckpt/Amazon_2023_Instruments/Oct-07-2026_06-38-43/HG_Rec_best.pth
2026-10-07 06:57:39,590 - INFO - Epoch 97/150 train_loss=1.9217966318130493
2026-10-07 06:57:39,627 - INFO - Best train loss=1.9217966318130493; saved /home/wlia0047/ar57/wenyu/GeneRec/results/stage3_T5Train/curvature_RQ-VAE_iter101/ckpt/Amazon_2023_Instruments/Oct-07-2026_06-38-43/HG_Rec_best.pth
2026-10-07 06:57:51,230 - INFO - Epoch 98/150 train_loss=1.9232589817047119
2026-10-07 06:58:02,834 - INFO - Epoch 99/150 train_loss=1.9185597133636474
2026-10-07 06:58:02,874 - INFO - Best train loss=1.9185597133636474; saved /home/wlia0047/ar57/wenyu/GeneRec/results/stage3_T5Train/curvature_RQ-VAE_iter101/ckpt/Amazon_2023_Instruments/Oct-07-2026_06-38-43/HG_Rec_best.pth
2026-10-07 06:58:14,482 - INFO - Epoch 100/150 train_loss=1.9194368076324464
2026-10-07 06:58:26,084 - INFO - Epoch 101/150 train_loss=1.9127837133407593
2026-10-07 06:58:26,127 - INFO - Best train loss=1.9127837133407593; saved /home/wlia0047/ar57/wenyu/GeneRec/results/stage3_T5Train/curvature_RQ-VAE_iter101/ckpt/Amazon_2023_Instruments/Oct-07-2026_06-38-43/HG_Rec_best.pth
2026-10-07 06:58:37,734 - INFO - Epoch 102/150 train_loss=1.9121903371810913
2026-10-07 06:58:37,769 - INFO - Best train loss=1.9121903371810913; saved /home/wlia0047/ar57/wenyu/GeneRec/results/stage3_T5Train/curvature_RQ-VAE_iter101/ckpt/Amazon_2023_Instruments/Oct-07-2026_06-38-43/HG_Rec_best.pth
2026-10-07 06:58:49,607 - INFO - Epoch 103/150 train_loss=1.9076882553100587
2026-10-07 06:58:49,645 - INFO - Best train loss=1.9076882553100587; saved /home/wlia0047/ar57/wenyu/GeneRec/results/stage3_T5Train/curvature_RQ-VAE_iter101/ckpt/Amazon_2023_Instruments/Oct-07-2026_06-38-43/HG_Rec_best.pth
2026-10-07 06:59:01,247 - INFO - Epoch 104/150 train_loss=1.9083061408996582
2026-10-07 06:59:12,897 - INFO - Epoch 105/150 train_loss=1.9077238750457763
2026-10-07 06:59:24,710 - INFO - Epoch 106/150 train_loss=1.9035135746002196
2026-10-07 06:59:24,764 - INFO - Best train loss=1.9035135746002196; saved /home/wlia0047/ar57/wenyu/GeneRec/results/stage3_T5Train/curvature_RQ-VAE_iter101/ckpt/Amazon_2023_Instruments/Oct-07-2026_06-38-43/HG_Rec_best.pth
2026-10-07 06:59:36,398 - INFO - Epoch 107/150 train_loss=1.9046652793884278
2026-10-07 06:59:48,006 - INFO - Epoch 108/150 train_loss=1.9028435754776
2026-10-07 06:59:48,047 - INFO - Best train loss=1.9028435754776; saved /home/wlia0047/ar57/wenyu/GeneRec/results/stage3_T5Train/curvature_RQ-VAE_iter101/ckpt/Amazon_2023_Instruments/Oct-07-2026_06-38-43/HG_Rec_best.pth
2026-10-07 06:59:59,659 - INFO - Epoch 109/150 train_loss=1.8960693264007569
2026-10-07 06:59:59,711 - INFO - Best train loss=1.8960693264007569; saved /home/wlia0047/ar57/wenyu/GeneRec/results/stage3_T5Train/curvature_RQ-VAE_iter101/ckpt/Amazon_2023_Instruments/Oct-07-2026_06-38-43/HG_Rec_best.pth
2026-10-07 07:00:11,318 - INFO - Epoch 110/150 train_loss=1.8965649652481078
2026-10-07 07:00:22,922 - INFO - Epoch 111/150 train_loss=1.8954001951217652
2026-10-07 07:00:22,966 - INFO - Best train loss=1.8954001951217652; saved /home/wlia0047/ar57/wenyu/GeneRec/results/stage3_T5Train/curvature_RQ-VAE_iter101/ckpt/Amazon_2023_Instruments/Oct-07-2026_06-38-43/HG_Rec_best.pth
2026-10-07 07:00:34,574 - INFO - Epoch 112/150 train_loss=1.8918719291687012
2026-10-07 07:00:34,609 - INFO - Best train loss=1.8918719291687012; saved /home/wlia0047/ar57/wenyu/GeneRec/results/stage3_T5Train/curvature_RQ-VAE_iter101/ckpt/Amazon_2023_Instruments/Oct-07-2026_06-38-43/HG_Rec_best.pth
2026-10-07 07:00:46,217 - INFO - Epoch 113/150 train_loss=1.8919022130966185
2026-10-07 07:00:57,827 - INFO - Epoch 114/150 train_loss=1.8884155988693236
2026-10-07 07:00:57,861 - INFO - Best train loss=1.8884155988693236; saved /home/wlia0047/ar57/wenyu/GeneRec/results/stage3_T5Train/curvature_RQ-VAE_iter101/ckpt/Amazon_2023_Instruments/Oct-07-2026_06-38-43/HG_Rec_best.pth
2026-10-07 07:01:09,466 - INFO - Epoch 115/150 train_loss=1.8887466812133789
2026-10-07 07:01:21,068 - INFO - Epoch 116/150 train_loss=1.8861677551269531
2026-10-07 07:01:21,110 - INFO - Best train loss=1.8861677551269531; saved /home/wlia0047/ar57/wenyu/GeneRec/results/stage3_T5Train/curvature_RQ-VAE_iter101/ckpt/Amazon_2023_Instruments/Oct-07-2026_06-38-43/HG_Rec_best.pth
2026-10-07 07:01:36,246 - INFO - Epoch 117/150 train_loss=1.8839488077163695
2026-10-07 07:01:36,283 - INFO - Best train loss=1.8839488077163695; saved /home/wlia0047/ar57/wenyu/GeneRec/results/stage3_T5Train/curvature_RQ-VAE_iter101/ckpt/Amazon_2023_Instruments/Oct-07-2026_06-38-43/HG_Rec_best.pth
2026-10-07 07:01:47,941 - INFO - Epoch 118/150 train_loss=1.8829976224899292
2026-10-07 07:01:47,977 - INFO - Best train loss=1.8829976224899292; saved /home/wlia0047/ar57/wenyu/GeneRec/results/stage3_T5Train/curvature_RQ-VAE_iter101/ckpt/Amazon_2023_Instruments/Oct-07-2026_06-38-43/HG_Rec_best.pth
2026-10-07 07:01:59,585 - INFO - Epoch 119/150 train_loss=1.8799454593658447
2026-10-07 07:01:59,623 - INFO - Best train loss=1.8799454593658447; saved /home/wlia0047/ar57/wenyu/GeneRec/results/stage3_T5Train/curvature_RQ-VAE_iter101/ckpt/Amazon_2023_Instruments/Oct-07-2026_06-38-43/HG_Rec_best.pth
2026-10-07 07:02:11,212 - INFO - Epoch 120/150 train_loss=1.8775797128677367
2026-10-07 07:02:11,248 - INFO - Best train loss=1.8775797128677367; saved /home/wlia0047/ar57/wenyu/GeneRec/results/stage3_T5Train/curvature_RQ-VAE_iter101/ckpt/Amazon_2023_Instruments/Oct-07-2026_06-38-43/HG_Rec_best.pth
2026-10-07 07:02:22,858 - INFO - Epoch 121/150 train_loss=1.8755910730361938
2026-10-07 07:02:22,904 - INFO - Best train loss=1.8755910730361938; saved /home/wlia0047/ar57/wenyu/GeneRec/results/stage3_T5Train/curvature_RQ-VAE_iter101/ckpt/Amazon_2023_Instruments/Oct-07-2026_06-38-43/HG_Rec_best.pth
2026-10-07 07:02:34,509 - INFO - Epoch 122/150 train_loss=1.8747494983673096
2026-10-07 07:02:34,545 - INFO - Best train loss=1.8747494983673096; saved /home/wlia0047/ar57/wenyu/GeneRec/results/stage3_T5Train/curvature_RQ-VAE_iter101/ckpt/Amazon_2023_Instruments/Oct-07-2026_06-38-43/HG_Rec_best.pth
2026-10-07 07:02:46,153 - INFO - Epoch 123/150 train_loss=1.8718512439727784
2026-10-07 07:02:46,189 - INFO - Best train loss=1.8718512439727784; saved /home/wlia0047/ar57/wenyu/GeneRec/results/stage3_T5Train/curvature_RQ-VAE_iter101/ckpt/Amazon_2023_Instruments/Oct-07-2026_06-38-43/HG_Rec_best.pth
2026-10-07 07:02:57,795 - INFO - Epoch 124/150 train_loss=1.8728293943405152
2026-10-07 07:03:09,401 - INFO - Epoch 125/150 train_loss=1.872127923965454
2026-10-07 07:03:21,016 - INFO - Epoch 126/150 train_loss=1.8695870447158813
2026-10-07 07:03:21,060 - INFO - Best train loss=1.8695870447158813; saved /home/wlia0047/ar57/wenyu/GeneRec/results/stage3_T5Train/curvature_RQ-VAE_iter101/ckpt/Amazon_2023_Instruments/Oct-07-2026_06-38-43/HG_Rec_best.pth
2026-10-07 07:03:32,662 - INFO - Epoch 127/150 train_loss=1.8664143800735473
2026-10-07 07:03:32,699 - INFO - Best train loss=1.8664143800735473; saved /home/wlia0047/ar57/wenyu/GeneRec/results/stage3_T5Train/curvature_RQ-VAE_iter101/ckpt/Amazon_2023_Instruments/Oct-07-2026_06-38-43/HG_Rec_best.pth
2026-10-07 07:03:44,307 - INFO - Epoch 128/150 train_loss=1.869178991317749
2026-10-07 07:03:55,915 - INFO - Epoch 129/150 train_loss=1.8645974969863892
2026-10-07 07:03:55,951 - INFO - Best train loss=1.8645974969863892; saved /home/wlia0047/ar57/wenyu/GeneRec/results/stage3_T5Train/curvature_RQ-VAE_iter101/ckpt/Amazon_2023_Instruments/Oct-07-2026_06-38-43/HG_Rec_best.pth
2026-10-07 07:04:07,559 - INFO - Epoch 130/150 train_loss=1.865341429710388
2026-10-07 07:04:19,167 - INFO - Epoch 131/150 train_loss=1.8633222484588623
2026-10-07 07:04:19,208 - INFO - Best train loss=1.8633222484588623; saved /home/wlia0047/ar57/wenyu/GeneRec/results/stage3_T5Train/curvature_RQ-VAE_iter101/ckpt/Amazon_2023_Instruments/Oct-07-2026_06-38-43/HG_Rec_best.pth
2026-10-07 07:04:30,813 - INFO - Epoch 132/150 train_loss=1.8616798210144043
2026-10-07 07:04:30,849 - INFO - Best train loss=1.8616798210144043; saved /home/wlia0047/ar57/wenyu/GeneRec/results/stage3_T5Train/curvature_RQ-VAE_iter101/ckpt/Amazon_2023_Instruments/Oct-07-2026_06-38-43/HG_Rec_best.pth
2026-10-07 07:04:42,452 - INFO - Epoch 133/150 train_loss=1.865054545402527
2026-10-07 07:04:54,064 - INFO - Epoch 134/150 train_loss=1.8580976581573487
2026-10-07 07:04:54,099 - INFO - Best train loss=1.8580976581573487; saved /home/wlia0047/ar57/wenyu/GeneRec/results/stage3_T5Train/curvature_RQ-VAE_iter101/ckpt/Amazon_2023_Instruments/Oct-07-2026_06-38-43/HG_Rec_best.pth
2026-10-07 07:05:05,703 - INFO - Epoch 135/150 train_loss=1.8585875272750854
2026-10-07 07:05:17,308 - INFO - Epoch 136/150 train_loss=1.860744218826294
2026-10-07 07:05:28,920 - INFO - Epoch 137/150 train_loss=1.859831371307373
2026-10-07 07:05:40,523 - INFO - Epoch 138/150 train_loss=1.8579064178466798
2026-10-07 07:05:40,568 - INFO - Best train loss=1.8579064178466798; saved /home/wlia0047/ar57/wenyu/GeneRec/results/stage3_T5Train/curvature_RQ-VAE_iter101/ckpt/Amazon_2023_Instruments/Oct-07-2026_06-38-43/HG_Rec_best.pth
2026-10-07 07:05:52,173 - INFO - Epoch 139/150 train_loss=1.8564238595962523
2026-10-07 07:05:52,208 - INFO - Best train loss=1.8564238595962523; saved /home/wlia0047/ar57/wenyu/GeneRec/results/stage3_T5Train/curvature_RQ-VAE_iter101/ckpt/Amazon_2023_Instruments/Oct-07-2026_06-38-43/HG_Rec_best.pth
2026-10-07 07:06:03,823 - INFO - Epoch 140/150 train_loss=1.854444718360901
2026-10-07 07:06:03,860 - INFO - Best train loss=1.854444718360901; saved /home/wlia0047/ar57/wenyu/GeneRec/results/stage3_T5Train/curvature_RQ-VAE_iter101/ckpt/Amazon_2023_Instruments/Oct-07-2026_06-38-43/HG_Rec_best.pth
2026-10-07 07:06:15,465 - INFO - Epoch 141/150 train_loss=1.8583652400970458
2026-10-07 07:06:27,077 - INFO - Epoch 142/150 train_loss=1.8568902349472045
2026-10-07 07:06:38,686 - INFO - Epoch 143/150 train_loss=1.8526081562042236
2026-10-07 07:06:38,725 - INFO - Best train loss=1.8526081562042236; saved /home/wlia0047/ar57/wenyu/GeneRec/results/stage3_T5Train/curvature_RQ-VAE_iter101/ckpt/Amazon_2023_Instruments/Oct-07-2026_06-38-43/HG_Rec_best.pth
2026-10-07 07:06:50,331 - INFO - Epoch 144/150 train_loss=1.8481912183761597
2026-10-07 07:06:50,366 - INFO - Best train loss=1.8481912183761597; saved /home/wlia0047/ar57/wenyu/GeneRec/results/stage3_T5Train/curvature_RQ-VAE_iter101/ckpt/Amazon_2023_Instruments/Oct-07-2026_06-38-43/HG_Rec_best.pth
2026-10-07 07:07:01,966 - INFO - Epoch 145/150 train_loss=1.8493055248260497
2026-10-07 07:07:13,582 - INFO - Epoch 146/150 train_loss=1.849470796585083
2026-10-07 07:07:25,184 - INFO - Epoch 147/150 train_loss=1.8456774473190307
2026-10-07 07:07:25,230 - INFO - Best train loss=1.8456774473190307; saved /home/wlia0047/ar57/wenyu/GeneRec/results/stage3_T5Train/curvature_RQ-VAE_iter101/ckpt/Amazon_2023_Instruments/Oct-07-2026_06-38-43/HG_Rec_best.pth
2026-10-07 07:07:36,830 - INFO - Epoch 148/150 train_loss=1.8477274227142333
2026-10-07 07:07:48,438 - INFO - Epoch 149/150 train_loss=1.844304642677307
2026-10-07 07:07:48,479 - INFO - Best train loss=1.844304642677307; saved /home/wlia0047/ar57/wenyu/GeneRec/results/stage3_T5Train/curvature_RQ-VAE_iter101/ckpt/Amazon_2023_Instruments/Oct-07-2026_06-38-43/HG_Rec_best.pth
2026-10-07 07:08:00,084 - INFO - Epoch 150/150 train_loss=1.8453350734710694
2026-10-07 07:10:10,003 - INFO - Test={'best_checkpoint': '/home/wlia0047/ar57/wenyu/GeneRec/results/stage3_T5Train/curvature_RQ-VAE_iter101/ckpt/Amazon_2023_Instruments/Oct-07-2026_06-38-43/HG_Rec_best.pth', 'n_eval': 57439, 'test_recall@5': 0.03795330698654224, 'test_recall@10': 0.05856647922143492, 'test_ndcg@5': 0.025085491219155695, 'test_ndcg@10': 0.03171659843640681}
