2026-09-28 02:14:00,627 - INFO - Configuration: {'batch_size': 4096, 'infer_size': 1024, 'num_epochs': 150, 'eval_interval': 5, 'eval_start_epoch': 75, 'early_eval_epochs': (25, 50, 75, 100, 125), 'fast': True, 'bf16': True, 'use_lr_scheduler': True, 'lr_warmup_pct': 0.1, 'lr_min_factor': 0.2, 'compile': False, 'compile_mode': 'default', 'num_layers': 4, 'num_decoder_layers': 4, 'd_model': 128, 'd_ff': 1024, 'num_heads': 6, 'd_kv': 64, 'dropout_rate': 0.1, 'activation_function': 'relu', 'feed_forward_proj': 'relu', 'device': 'cuda', 'lr': 0.003, 'weight_decay': 0.05, 'vocab_size': 788, 'eos_token_id': 787, 'pad_token_id': 0, 'n_user_tokens': 1, 'max_len': 20, 'dataset_name': 'Amazon_2023_Instruments', 'dataset_path': '/home/wlia0047/ar57/wenyu/GeneRec/results/stage0_build_parquet/', 'codebook_size': [256, 256, 256, 1], 'code_path': '/fs04/ar57/wenyu/GeneRec/results/stage2_RQ-VAE/curvature_RQ-VAE_iter32/item_sids.json', 'train_file': 'train.parquet', 'valid_file': 'valid.parquet', 'test_file': 'test.parquet', 'log_path': '/fs04/ar57/wenyu/GeneRec/results/stage3_T5Train/curvature_RQ-VAE_iter32/logs/', 'save_path': '/fs04/ar57/wenyu/GeneRec/results/stage3_T5Train/curvature_RQ-VAE_iter32/ckpt/', 'seed': 42, 'topk_list': [5, 10], 'beam_size': 20, 'no_eval': True, 'skip_test': False, 'screen_baseline_log': '', 'screen_start_epoch': 40, 'screen_window': 5, 'screen_min_ndcg_gain': 0.001, 'screen_min_recall_gain': 0.001, 'num_workers': 4, 'prefetch_factor': 8, 'exclude_history': True, 'no_exclude_history': False, 'pin_memory': True, 'no_pin_memory': False, 'sid_length': 4, 'max_token_seq_len': 82, 'decoder_start_token_id': 0}
2026-09-28 02:14:00,726 - INFO - #Embedding parameters: 100864
#Non-embedding parameters: 4459648
#Total trainable parameters: 4560512

2026-09-28 02:14:14,539 - INFO - Epoch 1/150 train_loss=4.742020587921143
2026-09-28 02:14:14,619 - INFO - Best train loss=4.742020587921143; saved /fs04/ar57/wenyu/GeneRec/results/stage3_T5Train/curvature_RQ-VAE_iter32/ckpt/Amazon_2023_Instruments/Sep-28-2026_02-14-00/HG_Rec_best.pth
2026-09-28 02:14:26,242 - INFO - Epoch 2/150 train_loss=4.11623363494873
2026-09-28 02:14:26,281 - INFO - Best train loss=4.11623363494873; saved /fs04/ar57/wenyu/GeneRec/results/stage3_T5Train/curvature_RQ-VAE_iter32/ckpt/Amazon_2023_Instruments/Sep-28-2026_02-14-00/HG_Rec_best.pth
2026-09-28 02:14:37,895 - INFO - Epoch 3/150 train_loss=3.92193470954895
2026-09-28 02:14:37,935 - INFO - Best train loss=3.92193470954895; saved /fs04/ar57/wenyu/GeneRec/results/stage3_T5Train/curvature_RQ-VAE_iter32/ckpt/Amazon_2023_Instruments/Sep-28-2026_02-14-00/HG_Rec_best.pth
2026-09-28 02:14:49,541 - INFO - Epoch 4/150 train_loss=3.7738820457458497
2026-09-28 02:14:49,577 - INFO - Best train loss=3.7738820457458497; saved /fs04/ar57/wenyu/GeneRec/results/stage3_T5Train/curvature_RQ-VAE_iter32/ckpt/Amazon_2023_Instruments/Sep-28-2026_02-14-00/HG_Rec_best.pth
2026-09-28 02:15:01,178 - INFO - Epoch 5/150 train_loss=3.6546943378448487
2026-09-28 02:15:01,213 - INFO - Best train loss=3.6546943378448487; saved /fs04/ar57/wenyu/GeneRec/results/stage3_T5Train/curvature_RQ-VAE_iter32/ckpt/Amazon_2023_Instruments/Sep-28-2026_02-14-00/HG_Rec_best.pth
2026-09-28 02:15:12,817 - INFO - Epoch 6/150 train_loss=3.5095662879943847
2026-09-28 02:15:12,854 - INFO - Best train loss=3.5095662879943847; saved /fs04/ar57/wenyu/GeneRec/results/stage3_T5Train/curvature_RQ-VAE_iter32/ckpt/Amazon_2023_Instruments/Sep-28-2026_02-14-00/HG_Rec_best.pth
2026-09-28 02:15:24,465 - INFO - Epoch 7/150 train_loss=3.4367308902740477
2026-09-28 02:15:24,502 - INFO - Best train loss=3.4367308902740477; saved /fs04/ar57/wenyu/GeneRec/results/stage3_T5Train/curvature_RQ-VAE_iter32/ckpt/Amazon_2023_Instruments/Sep-28-2026_02-14-00/HG_Rec_best.pth
2026-09-28 02:15:36,116 - INFO - Epoch 8/150 train_loss=3.2846389389038086
2026-09-28 02:15:36,151 - INFO - Best train loss=3.2846389389038086; saved /fs04/ar57/wenyu/GeneRec/results/stage3_T5Train/curvature_RQ-VAE_iter32/ckpt/Amazon_2023_Instruments/Sep-28-2026_02-14-00/HG_Rec_best.pth
2026-09-28 02:15:47,760 - INFO - Epoch 9/150 train_loss=3.163920545578003
2026-09-28 02:15:47,795 - INFO - Best train loss=3.163920545578003; saved /fs04/ar57/wenyu/GeneRec/results/stage3_T5Train/curvature_RQ-VAE_iter32/ckpt/Amazon_2023_Instruments/Sep-28-2026_02-14-00/HG_Rec_best.pth
2026-09-28 02:15:59,396 - INFO - Epoch 10/150 train_loss=3.057436008453369
2026-09-28 02:15:59,433 - INFO - Best train loss=3.057436008453369; saved /fs04/ar57/wenyu/GeneRec/results/stage3_T5Train/curvature_RQ-VAE_iter32/ckpt/Amazon_2023_Instruments/Sep-28-2026_02-14-00/HG_Rec_best.pth
2026-09-28 02:16:11,043 - INFO - Epoch 11/150 train_loss=2.971403169631958
2026-09-28 02:16:11,079 - INFO - Best train loss=2.971403169631958; saved /fs04/ar57/wenyu/GeneRec/results/stage3_T5Train/curvature_RQ-VAE_iter32/ckpt/Amazon_2023_Instruments/Sep-28-2026_02-14-00/HG_Rec_best.pth
2026-09-28 02:16:22,691 - INFO - Epoch 12/150 train_loss=2.8920257663726807
2026-09-28 02:16:22,726 - INFO - Best train loss=2.8920257663726807; saved /fs04/ar57/wenyu/GeneRec/results/stage3_T5Train/curvature_RQ-VAE_iter32/ckpt/Amazon_2023_Instruments/Sep-28-2026_02-14-00/HG_Rec_best.pth
2026-09-28 02:16:34,333 - INFO - Epoch 13/150 train_loss=2.824135160446167
2026-09-28 02:16:34,368 - INFO - Best train loss=2.824135160446167; saved /fs04/ar57/wenyu/GeneRec/results/stage3_T5Train/curvature_RQ-VAE_iter32/ckpt/Amazon_2023_Instruments/Sep-28-2026_02-14-00/HG_Rec_best.pth
2026-09-28 02:16:45,978 - INFO - Epoch 14/150 train_loss=2.757626552581787
2026-09-28 02:16:46,014 - INFO - Best train loss=2.757626552581787; saved /fs04/ar57/wenyu/GeneRec/results/stage3_T5Train/curvature_RQ-VAE_iter32/ckpt/Amazon_2023_Instruments/Sep-28-2026_02-14-00/HG_Rec_best.pth
2026-09-28 02:16:57,619 - INFO - Epoch 15/150 train_loss=2.7204020118713377
2026-09-28 02:16:57,656 - INFO - Best train loss=2.7204020118713377; saved /fs04/ar57/wenyu/GeneRec/results/stage3_T5Train/curvature_RQ-VAE_iter32/ckpt/Amazon_2023_Instruments/Sep-28-2026_02-14-00/HG_Rec_best.pth
2026-09-28 02:17:09,257 - INFO - Epoch 16/150 train_loss=2.6611329078674317
2026-09-28 02:17:09,293 - INFO - Best train loss=2.6611329078674317; saved /fs04/ar57/wenyu/GeneRec/results/stage3_T5Train/curvature_RQ-VAE_iter32/ckpt/Amazon_2023_Instruments/Sep-28-2026_02-14-00/HG_Rec_best.pth
2026-09-28 02:17:20,908 - INFO - Epoch 17/150 train_loss=2.6057119274139406
2026-09-28 02:17:20,944 - INFO - Best train loss=2.6057119274139406; saved /fs04/ar57/wenyu/GeneRec/results/stage3_T5Train/curvature_RQ-VAE_iter32/ckpt/Amazon_2023_Instruments/Sep-28-2026_02-14-00/HG_Rec_best.pth
2026-09-28 02:17:32,666 - INFO - Epoch 18/150 train_loss=2.5625235176086427
2026-09-28 02:17:33,159 - INFO - Best train loss=2.5625235176086427; saved /fs04/ar57/wenyu/GeneRec/results/stage3_T5Train/curvature_RQ-VAE_iter32/ckpt/Amazon_2023_Instruments/Sep-28-2026_02-14-00/HG_Rec_best.pth
2026-09-28 02:17:44,763 - INFO - Epoch 19/150 train_loss=2.526084451675415
2026-09-28 02:17:44,798 - INFO - Best train loss=2.526084451675415; saved /fs04/ar57/wenyu/GeneRec/results/stage3_T5Train/curvature_RQ-VAE_iter32/ckpt/Amazon_2023_Instruments/Sep-28-2026_02-14-00/HG_Rec_best.pth
2026-09-28 02:17:56,398 - INFO - Epoch 20/150 train_loss=2.4826928615570067
2026-09-28 02:17:56,433 - INFO - Best train loss=2.4826928615570067; saved /fs04/ar57/wenyu/GeneRec/results/stage3_T5Train/curvature_RQ-VAE_iter32/ckpt/Amazon_2023_Instruments/Sep-28-2026_02-14-00/HG_Rec_best.pth
2026-09-28 02:18:08,036 - INFO - Epoch 21/150 train_loss=2.453149871826172
2026-09-28 02:18:08,073 - INFO - Best train loss=2.453149871826172; saved /fs04/ar57/wenyu/GeneRec/results/stage3_T5Train/curvature_RQ-VAE_iter32/ckpt/Amazon_2023_Instruments/Sep-28-2026_02-14-00/HG_Rec_best.pth
2026-09-28 02:18:19,673 - INFO - Epoch 22/150 train_loss=2.4294425582885744
2026-09-28 02:18:19,709 - INFO - Best train loss=2.4294425582885744; saved /fs04/ar57/wenyu/GeneRec/results/stage3_T5Train/curvature_RQ-VAE_iter32/ckpt/Amazon_2023_Instruments/Sep-28-2026_02-14-00/HG_Rec_best.pth
2026-09-28 02:18:31,316 - INFO - Epoch 23/150 train_loss=2.3987109565734865
2026-09-28 02:18:31,353 - INFO - Best train loss=2.3987109565734865; saved /fs04/ar57/wenyu/GeneRec/results/stage3_T5Train/curvature_RQ-VAE_iter32/ckpt/Amazon_2023_Instruments/Sep-28-2026_02-14-00/HG_Rec_best.pth
2026-09-28 02:18:42,952 - INFO - Epoch 24/150 train_loss=2.381589593887329
2026-09-28 02:18:42,990 - INFO - Best train loss=2.381589593887329; saved /fs04/ar57/wenyu/GeneRec/results/stage3_T5Train/curvature_RQ-VAE_iter32/ckpt/Amazon_2023_Instruments/Sep-28-2026_02-14-00/HG_Rec_best.pth
2026-09-28 02:18:54,596 - INFO - Epoch 25/150 train_loss=2.3592947578430175
2026-09-28 02:18:54,632 - INFO - Best train loss=2.3592947578430175; saved /fs04/ar57/wenyu/GeneRec/results/stage3_T5Train/curvature_RQ-VAE_iter32/ckpt/Amazon_2023_Instruments/Sep-28-2026_02-14-00/HG_Rec_best.pth
2026-09-28 02:19:06,232 - INFO - Epoch 26/150 train_loss=2.3348178577423098
2026-09-28 02:19:06,268 - INFO - Best train loss=2.3348178577423098; saved /fs04/ar57/wenyu/GeneRec/results/stage3_T5Train/curvature_RQ-VAE_iter32/ckpt/Amazon_2023_Instruments/Sep-28-2026_02-14-00/HG_Rec_best.pth
2026-09-28 02:19:17,874 - INFO - Epoch 27/150 train_loss=2.318556213378906
2026-09-28 02:19:17,910 - INFO - Best train loss=2.318556213378906; saved /fs04/ar57/wenyu/GeneRec/results/stage3_T5Train/curvature_RQ-VAE_iter32/ckpt/Amazon_2023_Instruments/Sep-28-2026_02-14-00/HG_Rec_best.pth
2026-09-28 02:19:29,509 - INFO - Epoch 28/150 train_loss=2.299801368713379
2026-09-28 02:19:29,546 - INFO - Best train loss=2.299801368713379; saved /fs04/ar57/wenyu/GeneRec/results/stage3_T5Train/curvature_RQ-VAE_iter32/ckpt/Amazon_2023_Instruments/Sep-28-2026_02-14-00/HG_Rec_best.pth
2026-09-28 02:19:41,152 - INFO - Epoch 29/150 train_loss=2.28224328994751
2026-09-28 02:19:41,188 - INFO - Best train loss=2.28224328994751; saved /fs04/ar57/wenyu/GeneRec/results/stage3_T5Train/curvature_RQ-VAE_iter32/ckpt/Amazon_2023_Instruments/Sep-28-2026_02-14-00/HG_Rec_best.pth
2026-09-28 02:19:52,798 - INFO - Epoch 30/150 train_loss=2.265641002655029
2026-09-28 02:19:52,834 - INFO - Best train loss=2.265641002655029; saved /fs04/ar57/wenyu/GeneRec/results/stage3_T5Train/curvature_RQ-VAE_iter32/ckpt/Amazon_2023_Instruments/Sep-28-2026_02-14-00/HG_Rec_best.pth
2026-09-28 02:20:04,437 - INFO - Epoch 31/150 train_loss=2.255644416809082
2026-09-28 02:20:04,473 - INFO - Best train loss=2.255644416809082; saved /fs04/ar57/wenyu/GeneRec/results/stage3_T5Train/curvature_RQ-VAE_iter32/ckpt/Amazon_2023_Instruments/Sep-28-2026_02-14-00/HG_Rec_best.pth
2026-09-28 02:20:16,077 - INFO - Epoch 32/150 train_loss=2.240610132217407
2026-09-28 02:20:16,111 - INFO - Best train loss=2.240610132217407; saved /fs04/ar57/wenyu/GeneRec/results/stage3_T5Train/curvature_RQ-VAE_iter32/ckpt/Amazon_2023_Instruments/Sep-28-2026_02-14-00/HG_Rec_best.pth
2026-09-28 02:20:27,714 - INFO - Epoch 33/150 train_loss=2.2230653095245363
2026-09-28 02:20:27,750 - INFO - Best train loss=2.2230653095245363; saved /fs04/ar57/wenyu/GeneRec/results/stage3_T5Train/curvature_RQ-VAE_iter32/ckpt/Amazon_2023_Instruments/Sep-28-2026_02-14-00/HG_Rec_best.pth
2026-09-28 02:20:39,348 - INFO - Epoch 34/150 train_loss=2.2132816696166993
2026-09-28 02:20:39,384 - INFO - Best train loss=2.2132816696166993; saved /fs04/ar57/wenyu/GeneRec/results/stage3_T5Train/curvature_RQ-VAE_iter32/ckpt/Amazon_2023_Instruments/Sep-28-2026_02-14-00/HG_Rec_best.pth
2026-09-28 02:20:50,986 - INFO - Epoch 35/150 train_loss=2.2032300281524657
2026-09-28 02:20:51,022 - INFO - Best train loss=2.2032300281524657; saved /fs04/ar57/wenyu/GeneRec/results/stage3_T5Train/curvature_RQ-VAE_iter32/ckpt/Amazon_2023_Instruments/Sep-28-2026_02-14-00/HG_Rec_best.pth
2026-09-28 02:21:02,627 - INFO - Epoch 36/150 train_loss=2.185964336395264
2026-09-28 02:21:02,662 - INFO - Best train loss=2.185964336395264; saved /fs04/ar57/wenyu/GeneRec/results/stage3_T5Train/curvature_RQ-VAE_iter32/ckpt/Amazon_2023_Instruments/Sep-28-2026_02-14-00/HG_Rec_best.pth
2026-09-28 02:21:14,266 - INFO - Epoch 37/150 train_loss=2.168518295288086
2026-09-28 02:21:14,302 - INFO - Best train loss=2.168518295288086; saved /fs04/ar57/wenyu/GeneRec/results/stage3_T5Train/curvature_RQ-VAE_iter32/ckpt/Amazon_2023_Instruments/Sep-28-2026_02-14-00/HG_Rec_best.pth
2026-09-28 02:21:25,905 - INFO - Epoch 38/150 train_loss=2.157429313659668
2026-09-28 02:21:25,941 - INFO - Best train loss=2.157429313659668; saved /fs04/ar57/wenyu/GeneRec/results/stage3_T5Train/curvature_RQ-VAE_iter32/ckpt/Amazon_2023_Instruments/Sep-28-2026_02-14-00/HG_Rec_best.pth
2026-09-28 02:21:37,549 - INFO - Epoch 39/150 train_loss=2.150219326019287
2026-09-28 02:21:37,586 - INFO - Best train loss=2.150219326019287; saved /fs04/ar57/wenyu/GeneRec/results/stage3_T5Train/curvature_RQ-VAE_iter32/ckpt/Amazon_2023_Instruments/Sep-28-2026_02-14-00/HG_Rec_best.pth
2026-09-28 02:21:49,192 - INFO - Epoch 40/150 train_loss=2.138740940093994
2026-09-28 02:21:49,228 - INFO - Best train loss=2.138740940093994; saved /fs04/ar57/wenyu/GeneRec/results/stage3_T5Train/curvature_RQ-VAE_iter32/ckpt/Amazon_2023_Instruments/Sep-28-2026_02-14-00/HG_Rec_best.pth
2026-09-28 02:22:00,832 - INFO - Epoch 41/150 train_loss=2.1287675380706785
2026-09-28 02:22:00,869 - INFO - Best train loss=2.1287675380706785; saved /fs04/ar57/wenyu/GeneRec/results/stage3_T5Train/curvature_RQ-VAE_iter32/ckpt/Amazon_2023_Instruments/Sep-28-2026_02-14-00/HG_Rec_best.pth
2026-09-28 02:22:12,481 - INFO - Epoch 42/150 train_loss=2.1218485736846926
2026-09-28 02:22:12,517 - INFO - Best train loss=2.1218485736846926; saved /fs04/ar57/wenyu/GeneRec/results/stage3_T5Train/curvature_RQ-VAE_iter32/ckpt/Amazon_2023_Instruments/Sep-28-2026_02-14-00/HG_Rec_best.pth
2026-09-28 02:22:24,156 - INFO - Epoch 43/150 train_loss=2.1091904163360597
2026-09-28 02:22:24,192 - INFO - Best train loss=2.1091904163360597; saved /fs04/ar57/wenyu/GeneRec/results/stage3_T5Train/curvature_RQ-VAE_iter32/ckpt/Amazon_2023_Instruments/Sep-28-2026_02-14-00/HG_Rec_best.pth
2026-09-28 02:22:35,796 - INFO - Epoch 44/150 train_loss=2.1054723358154295
2026-09-28 02:22:35,832 - INFO - Best train loss=2.1054723358154295; saved /fs04/ar57/wenyu/GeneRec/results/stage3_T5Train/curvature_RQ-VAE_iter32/ckpt/Amazon_2023_Instruments/Sep-28-2026_02-14-00/HG_Rec_best.pth
2026-09-28 02:22:47,434 - INFO - Epoch 45/150 train_loss=2.097861671447754
2026-09-28 02:22:47,475 - INFO - Best train loss=2.097861671447754; saved /fs04/ar57/wenyu/GeneRec/results/stage3_T5Train/curvature_RQ-VAE_iter32/ckpt/Amazon_2023_Instruments/Sep-28-2026_02-14-00/HG_Rec_best.pth
2026-09-28 02:22:59,088 - INFO - Epoch 46/150 train_loss=2.0903589820861814
2026-09-28 02:22:59,123 - INFO - Best train loss=2.0903589820861814; saved /fs04/ar57/wenyu/GeneRec/results/stage3_T5Train/curvature_RQ-VAE_iter32/ckpt/Amazon_2023_Instruments/Sep-28-2026_02-14-00/HG_Rec_best.pth
2026-09-28 02:23:10,723 - INFO - Epoch 47/150 train_loss=2.0854593181610106
2026-09-28 02:23:10,758 - INFO - Best train loss=2.0854593181610106; saved /fs04/ar57/wenyu/GeneRec/results/stage3_T5Train/curvature_RQ-VAE_iter32/ckpt/Amazon_2023_Instruments/Sep-28-2026_02-14-00/HG_Rec_best.pth
2026-09-28 02:23:22,363 - INFO - Epoch 48/150 train_loss=2.0801776123046873
2026-09-28 02:23:22,398 - INFO - Best train loss=2.0801776123046873; saved /fs04/ar57/wenyu/GeneRec/results/stage3_T5Train/curvature_RQ-VAE_iter32/ckpt/Amazon_2023_Instruments/Sep-28-2026_02-14-00/HG_Rec_best.pth
2026-09-28 02:23:34,002 - INFO - Epoch 49/150 train_loss=2.068431634902954
2026-09-28 02:23:34,036 - INFO - Best train loss=2.068431634902954; saved /fs04/ar57/wenyu/GeneRec/results/stage3_T5Train/curvature_RQ-VAE_iter32/ckpt/Amazon_2023_Instruments/Sep-28-2026_02-14-00/HG_Rec_best.pth
2026-09-28 02:23:45,641 - INFO - Epoch 50/150 train_loss=2.067049627304077
2026-09-28 02:23:45,680 - INFO - Best train loss=2.067049627304077; saved /fs04/ar57/wenyu/GeneRec/results/stage3_T5Train/curvature_RQ-VAE_iter32/ckpt/Amazon_2023_Instruments/Sep-28-2026_02-14-00/HG_Rec_best.pth
2026-09-28 02:23:57,603 - INFO - Epoch 51/150 train_loss=2.061473836898804
2026-09-28 02:23:57,779 - INFO - Best train loss=2.061473836898804; saved /fs04/ar57/wenyu/GeneRec/results/stage3_T5Train/curvature_RQ-VAE_iter32/ckpt/Amazon_2023_Instruments/Sep-28-2026_02-14-00/HG_Rec_best.pth
2026-09-28 02:24:09,497 - INFO - Epoch 52/150 train_loss=2.05832820892334
2026-09-28 02:24:09,533 - INFO - Best train loss=2.05832820892334; saved /fs04/ar57/wenyu/GeneRec/results/stage3_T5Train/curvature_RQ-VAE_iter32/ckpt/Amazon_2023_Instruments/Sep-28-2026_02-14-00/HG_Rec_best.pth
2026-09-28 02:24:21,140 - INFO - Epoch 53/150 train_loss=2.05179913520813
2026-09-28 02:24:21,223 - INFO - Best train loss=2.05179913520813; saved /fs04/ar57/wenyu/GeneRec/results/stage3_T5Train/curvature_RQ-VAE_iter32/ckpt/Amazon_2023_Instruments/Sep-28-2026_02-14-00/HG_Rec_best.pth
2026-09-28 02:24:32,829 - INFO - Epoch 54/150 train_loss=2.0448146533966063
2026-09-28 02:24:32,864 - INFO - Best train loss=2.0448146533966063; saved /fs04/ar57/wenyu/GeneRec/results/stage3_T5Train/curvature_RQ-VAE_iter32/ckpt/Amazon_2023_Instruments/Sep-28-2026_02-14-00/HG_Rec_best.pth
2026-09-28 02:24:49,360 - INFO - Epoch 55/150 train_loss=2.04307089805603
2026-09-28 02:24:49,395 - INFO - Best train loss=2.04307089805603; saved /fs04/ar57/wenyu/GeneRec/results/stage3_T5Train/curvature_RQ-VAE_iter32/ckpt/Amazon_2023_Instruments/Sep-28-2026_02-14-00/HG_Rec_best.pth
2026-09-28 02:25:00,998 - INFO - Epoch 56/150 train_loss=2.0395735836029054
2026-09-28 02:25:01,050 - INFO - Best train loss=2.0395735836029054; saved /fs04/ar57/wenyu/GeneRec/results/stage3_T5Train/curvature_RQ-VAE_iter32/ckpt/Amazon_2023_Instruments/Sep-28-2026_02-14-00/HG_Rec_best.pth
2026-09-28 02:25:12,651 - INFO - Epoch 57/150 train_loss=2.0313494873046873
2026-09-28 02:25:12,686 - INFO - Best train loss=2.0313494873046873; saved /fs04/ar57/wenyu/GeneRec/results/stage3_T5Train/curvature_RQ-VAE_iter32/ckpt/Amazon_2023_Instruments/Sep-28-2026_02-14-00/HG_Rec_best.pth
2026-09-28 02:25:24,289 - INFO - Epoch 58/150 train_loss=2.025769762992859
2026-09-28 02:25:24,326 - INFO - Best train loss=2.025769762992859; saved /fs04/ar57/wenyu/GeneRec/results/stage3_T5Train/curvature_RQ-VAE_iter32/ckpt/Amazon_2023_Instruments/Sep-28-2026_02-14-00/HG_Rec_best.pth
2026-09-28 02:25:35,932 - INFO - Epoch 59/150 train_loss=2.0211009216308593
2026-09-28 02:25:35,968 - INFO - Best train loss=2.0211009216308593; saved /fs04/ar57/wenyu/GeneRec/results/stage3_T5Train/curvature_RQ-VAE_iter32/ckpt/Amazon_2023_Instruments/Sep-28-2026_02-14-00/HG_Rec_best.pth
2026-09-28 02:25:47,575 - INFO - Epoch 60/150 train_loss=2.017452931404114
2026-09-28 02:25:47,609 - INFO - Best train loss=2.017452931404114; saved /fs04/ar57/wenyu/GeneRec/results/stage3_T5Train/curvature_RQ-VAE_iter32/ckpt/Amazon_2023_Instruments/Sep-28-2026_02-14-00/HG_Rec_best.pth
2026-09-28 02:25:59,217 - INFO - Epoch 61/150 train_loss=2.0159596252441405
2026-09-28 02:25:59,251 - INFO - Best train loss=2.0159596252441405; saved /fs04/ar57/wenyu/GeneRec/results/stage3_T5Train/curvature_RQ-VAE_iter32/ckpt/Amazon_2023_Instruments/Sep-28-2026_02-14-00/HG_Rec_best.pth
2026-09-28 02:26:10,859 - INFO - Epoch 62/150 train_loss=2.0082292413711547
2026-09-28 02:26:10,893 - INFO - Best train loss=2.0082292413711547; saved /fs04/ar57/wenyu/GeneRec/results/stage3_T5Train/curvature_RQ-VAE_iter32/ckpt/Amazon_2023_Instruments/Sep-28-2026_02-14-00/HG_Rec_best.pth
2026-09-28 02:26:22,494 - INFO - Epoch 63/150 train_loss=2.007562828063965
2026-09-28 02:26:22,529 - INFO - Best train loss=2.007562828063965; saved /fs04/ar57/wenyu/GeneRec/results/stage3_T5Train/curvature_RQ-VAE_iter32/ckpt/Amazon_2023_Instruments/Sep-28-2026_02-14-00/HG_Rec_best.pth
2026-09-28 02:26:34,131 - INFO - Epoch 64/150 train_loss=2.007653021812439
2026-09-28 02:26:45,732 - INFO - Epoch 65/150 train_loss=2.0014071226119996
2026-09-28 02:26:45,774 - INFO - Best train loss=2.0014071226119996; saved /fs04/ar57/wenyu/GeneRec/results/stage3_T5Train/curvature_RQ-VAE_iter32/ckpt/Amazon_2023_Instruments/Sep-28-2026_02-14-00/HG_Rec_best.pth
2026-09-28 02:26:57,383 - INFO - Epoch 66/150 train_loss=1.9990289735794067
2026-09-28 02:26:57,418 - INFO - Best train loss=1.9990289735794067; saved /fs04/ar57/wenyu/GeneRec/results/stage3_T5Train/curvature_RQ-VAE_iter32/ckpt/Amazon_2023_Instruments/Sep-28-2026_02-14-00/HG_Rec_best.pth
2026-09-28 02:27:09,024 - INFO - Epoch 67/150 train_loss=1.9941274547576904
2026-09-28 02:27:09,060 - INFO - Best train loss=1.9941274547576904; saved /fs04/ar57/wenyu/GeneRec/results/stage3_T5Train/curvature_RQ-VAE_iter32/ckpt/Amazon_2023_Instruments/Sep-28-2026_02-14-00/HG_Rec_best.pth
2026-09-28 02:27:20,676 - INFO - Epoch 68/150 train_loss=1.990585856437683
2026-09-28 02:27:20,712 - INFO - Best train loss=1.990585856437683; saved /fs04/ar57/wenyu/GeneRec/results/stage3_T5Train/curvature_RQ-VAE_iter32/ckpt/Amazon_2023_Instruments/Sep-28-2026_02-14-00/HG_Rec_best.pth
2026-09-28 02:27:32,318 - INFO - Epoch 69/150 train_loss=1.9926492691040039
2026-09-28 02:27:43,922 - INFO - Epoch 70/150 train_loss=1.9872919082641602
2026-09-28 02:27:43,961 - INFO - Best train loss=1.9872919082641602; saved /fs04/ar57/wenyu/GeneRec/results/stage3_T5Train/curvature_RQ-VAE_iter32/ckpt/Amazon_2023_Instruments/Sep-28-2026_02-14-00/HG_Rec_best.pth
2026-09-28 02:27:55,562 - INFO - Epoch 71/150 train_loss=1.9842819595336914
2026-09-28 02:27:55,598 - INFO - Best train loss=1.9842819595336914; saved /fs04/ar57/wenyu/GeneRec/results/stage3_T5Train/curvature_RQ-VAE_iter32/ckpt/Amazon_2023_Instruments/Sep-28-2026_02-14-00/HG_Rec_best.pth
2026-09-28 02:28:07,205 - INFO - Epoch 72/150 train_loss=1.980937294960022
2026-09-28 02:28:07,242 - INFO - Best train loss=1.980937294960022; saved /fs04/ar57/wenyu/GeneRec/results/stage3_T5Train/curvature_RQ-VAE_iter32/ckpt/Amazon_2023_Instruments/Sep-28-2026_02-14-00/HG_Rec_best.pth
2026-09-28 02:28:18,850 - INFO - Epoch 73/150 train_loss=1.9711379432678222
2026-09-28 02:28:18,884 - INFO - Best train loss=1.9711379432678222; saved /fs04/ar57/wenyu/GeneRec/results/stage3_T5Train/curvature_RQ-VAE_iter32/ckpt/Amazon_2023_Instruments/Sep-28-2026_02-14-00/HG_Rec_best.pth
2026-09-28 02:28:30,484 - INFO - Epoch 74/150 train_loss=1.9760082101821899
2026-09-28 02:28:42,090 - INFO - Epoch 75/150 train_loss=1.9730530500411987
2026-09-28 02:28:53,701 - INFO - Epoch 76/150 train_loss=1.9691006708145142
2026-09-28 02:28:53,736 - INFO - Best train loss=1.9691006708145142; saved /fs04/ar57/wenyu/GeneRec/results/stage3_T5Train/curvature_RQ-VAE_iter32/ckpt/Amazon_2023_Instruments/Sep-28-2026_02-14-00/HG_Rec_best.pth
2026-09-28 02:29:05,346 - INFO - Epoch 77/150 train_loss=1.9658609771728515
2026-09-28 02:29:05,381 - INFO - Best train loss=1.9658609771728515; saved /fs04/ar57/wenyu/GeneRec/results/stage3_T5Train/curvature_RQ-VAE_iter32/ckpt/Amazon_2023_Instruments/Sep-28-2026_02-14-00/HG_Rec_best.pth
2026-09-28 02:29:16,984 - INFO - Epoch 78/150 train_loss=1.9644400310516357
2026-09-28 02:29:17,020 - INFO - Best train loss=1.9644400310516357; saved /fs04/ar57/wenyu/GeneRec/results/stage3_T5Train/curvature_RQ-VAE_iter32/ckpt/Amazon_2023_Instruments/Sep-28-2026_02-14-00/HG_Rec_best.pth
2026-09-28 02:29:28,630 - INFO - Epoch 79/150 train_loss=1.9647105932235718
2026-09-28 02:29:40,744 - INFO - Epoch 80/150 train_loss=1.9612933683395386
2026-09-28 02:29:40,780 - INFO - Best train loss=1.9612933683395386; saved /fs04/ar57/wenyu/GeneRec/results/stage3_T5Train/curvature_RQ-VAE_iter32/ckpt/Amazon_2023_Instruments/Sep-28-2026_02-14-00/HG_Rec_best.pth
2026-09-28 02:29:52,384 - INFO - Epoch 81/150 train_loss=1.9576416063308715
2026-09-28 02:29:52,419 - INFO - Best train loss=1.9576416063308715; saved /fs04/ar57/wenyu/GeneRec/results/stage3_T5Train/curvature_RQ-VAE_iter32/ckpt/Amazon_2023_Instruments/Sep-28-2026_02-14-00/HG_Rec_best.pth
2026-09-28 02:30:04,023 - INFO - Epoch 82/150 train_loss=1.953003659248352
2026-09-28 02:30:04,062 - INFO - Best train loss=1.953003659248352; saved /fs04/ar57/wenyu/GeneRec/results/stage3_T5Train/curvature_RQ-VAE_iter32/ckpt/Amazon_2023_Instruments/Sep-28-2026_02-14-00/HG_Rec_best.pth
2026-09-28 02:30:15,672 - INFO - Epoch 83/150 train_loss=1.9541122388839722
2026-09-28 02:30:27,281 - INFO - Epoch 84/150 train_loss=1.9483520555496217
2026-09-28 02:30:27,316 - INFO - Best train loss=1.9483520555496217; saved /fs04/ar57/wenyu/GeneRec/results/stage3_T5Train/curvature_RQ-VAE_iter32/ckpt/Amazon_2023_Instruments/Sep-28-2026_02-14-00/HG_Rec_best.pth
2026-09-28 02:30:38,919 - INFO - Epoch 85/150 train_loss=1.94743878364563
2026-09-28 02:30:38,954 - INFO - Best train loss=1.94743878364563; saved /fs04/ar57/wenyu/GeneRec/results/stage3_T5Train/curvature_RQ-VAE_iter32/ckpt/Amazon_2023_Instruments/Sep-28-2026_02-14-00/HG_Rec_best.pth
2026-09-28 02:30:50,560 - INFO - Epoch 86/150 train_loss=1.9466957759857177
2026-09-28 02:30:50,595 - INFO - Best train loss=1.9466957759857177; saved /fs04/ar57/wenyu/GeneRec/results/stage3_T5Train/curvature_RQ-VAE_iter32/ckpt/Amazon_2023_Instruments/Sep-28-2026_02-14-00/HG_Rec_best.pth
2026-09-28 02:31:02,198 - INFO - Epoch 87/150 train_loss=1.9451179313659668
2026-09-28 02:31:02,233 - INFO - Best train loss=1.9451179313659668; saved /fs04/ar57/wenyu/GeneRec/results/stage3_T5Train/curvature_RQ-VAE_iter32/ckpt/Amazon_2023_Instruments/Sep-28-2026_02-14-00/HG_Rec_best.pth
2026-09-28 02:31:13,841 - INFO - Epoch 88/150 train_loss=1.9409916734695434
2026-09-28 02:31:13,876 - INFO - Best train loss=1.9409916734695434; saved /fs04/ar57/wenyu/GeneRec/results/stage3_T5Train/curvature_RQ-VAE_iter32/ckpt/Amazon_2023_Instruments/Sep-28-2026_02-14-00/HG_Rec_best.pth
2026-09-28 02:31:25,485 - INFO - Epoch 89/150 train_loss=1.9398724699020387
2026-09-28 02:31:25,521 - INFO - Best train loss=1.9398724699020387; saved /fs04/ar57/wenyu/GeneRec/results/stage3_T5Train/curvature_RQ-VAE_iter32/ckpt/Amazon_2023_Instruments/Sep-28-2026_02-14-00/HG_Rec_best.pth
2026-09-28 02:31:37,129 - INFO - Epoch 90/150 train_loss=1.9371069955825806
2026-09-28 02:31:37,163 - INFO - Best train loss=1.9371069955825806; saved /fs04/ar57/wenyu/GeneRec/results/stage3_T5Train/curvature_RQ-VAE_iter32/ckpt/Amazon_2023_Instruments/Sep-28-2026_02-14-00/HG_Rec_best.pth
2026-09-28 02:31:48,764 - INFO - Epoch 91/150 train_loss=1.9357250118255616
2026-09-28 02:31:48,798 - INFO - Best train loss=1.9357250118255616; saved /fs04/ar57/wenyu/GeneRec/results/stage3_T5Train/curvature_RQ-VAE_iter32/ckpt/Amazon_2023_Instruments/Sep-28-2026_02-14-00/HG_Rec_best.pth
2026-09-28 02:32:00,397 - INFO - Epoch 92/150 train_loss=1.9356006288528442
2026-09-28 02:32:00,436 - INFO - Best train loss=1.9356006288528442; saved /fs04/ar57/wenyu/GeneRec/results/stage3_T5Train/curvature_RQ-VAE_iter32/ckpt/Amazon_2023_Instruments/Sep-28-2026_02-14-00/HG_Rec_best.pth
2026-09-28 02:32:12,087 - INFO - Epoch 93/150 train_loss=1.9299351119995116
2026-09-28 02:32:12,124 - INFO - Best train loss=1.9299351119995116; saved /fs04/ar57/wenyu/GeneRec/results/stage3_T5Train/curvature_RQ-VAE_iter32/ckpt/Amazon_2023_Instruments/Sep-28-2026_02-14-00/HG_Rec_best.pth
2026-09-28 02:32:23,730 - INFO - Epoch 94/150 train_loss=1.9341529130935669
2026-09-28 02:32:35,330 - INFO - Epoch 95/150 train_loss=1.928909125328064
2026-09-28 02:32:35,373 - INFO - Best train loss=1.928909125328064; saved /fs04/ar57/wenyu/GeneRec/results/stage3_T5Train/curvature_RQ-VAE_iter32/ckpt/Amazon_2023_Instruments/Sep-28-2026_02-14-00/HG_Rec_best.pth
2026-09-28 02:32:46,975 - INFO - Epoch 96/150 train_loss=1.9285920858383179
2026-09-28 02:32:47,012 - INFO - Best train loss=1.9285920858383179; saved /fs04/ar57/wenyu/GeneRec/results/stage3_T5Train/curvature_RQ-VAE_iter32/ckpt/Amazon_2023_Instruments/Sep-28-2026_02-14-00/HG_Rec_best.pth
2026-09-28 02:32:58,620 - INFO - Epoch 97/150 train_loss=1.9245225048065187
2026-09-28 02:32:58,655 - INFO - Best train loss=1.9245225048065187; saved /fs04/ar57/wenyu/GeneRec/results/stage3_T5Train/curvature_RQ-VAE_iter32/ckpt/Amazon_2023_Instruments/Sep-28-2026_02-14-00/HG_Rec_best.pth
2026-09-28 02:33:10,264 - INFO - Epoch 98/150 train_loss=1.9235020303726196
2026-09-28 02:33:10,302 - INFO - Best train loss=1.9235020303726196; saved /fs04/ar57/wenyu/GeneRec/results/stage3_T5Train/curvature_RQ-VAE_iter32/ckpt/Amazon_2023_Instruments/Sep-28-2026_02-14-00/HG_Rec_best.pth
2026-09-28 02:33:21,913 - INFO - Epoch 99/150 train_loss=1.9208334112167358
2026-09-28 02:33:21,949 - INFO - Best train loss=1.9208334112167358; saved /fs04/ar57/wenyu/GeneRec/results/stage3_T5Train/curvature_RQ-VAE_iter32/ckpt/Amazon_2023_Instruments/Sep-28-2026_02-14-00/HG_Rec_best.pth
2026-09-28 02:33:33,559 - INFO - Epoch 100/150 train_loss=1.9206950998306274
2026-09-28 02:33:33,595 - INFO - Best train loss=1.9206950998306274; saved /fs04/ar57/wenyu/GeneRec/results/stage3_T5Train/curvature_RQ-VAE_iter32/ckpt/Amazon_2023_Instruments/Sep-28-2026_02-14-00/HG_Rec_best.pth
2026-09-28 02:33:45,204 - INFO - Epoch 101/150 train_loss=1.9147563219070434
2026-09-28 02:33:45,242 - INFO - Best train loss=1.9147563219070434; saved /fs04/ar57/wenyu/GeneRec/results/stage3_T5Train/curvature_RQ-VAE_iter32/ckpt/Amazon_2023_Instruments/Sep-28-2026_02-14-00/HG_Rec_best.pth
2026-09-28 02:33:56,924 - INFO - Epoch 102/150 train_loss=1.9166410207748412
2026-09-28 02:34:08,670 - INFO - Epoch 103/150 train_loss=1.9113683986663819
2026-09-28 02:34:08,733 - INFO - Best train loss=1.9113683986663819; saved /fs04/ar57/wenyu/GeneRec/results/stage3_T5Train/curvature_RQ-VAE_iter32/ckpt/Amazon_2023_Instruments/Sep-28-2026_02-14-00/HG_Rec_best.pth
2026-09-28 02:34:20,879 - INFO - Epoch 104/150 train_loss=1.9124794960021974
2026-09-28 02:34:32,934 - INFO - Epoch 105/150 train_loss=1.9113905811309815
2026-09-28 02:34:45,219 - INFO - Epoch 106/150 train_loss=1.9068064069747925
2026-09-28 02:34:45,274 - INFO - Best train loss=1.9068064069747925; saved /fs04/ar57/wenyu/GeneRec/results/stage3_T5Train/curvature_RQ-VAE_iter32/ckpt/Amazon_2023_Instruments/Sep-28-2026_02-14-00/HG_Rec_best.pth
2026-09-28 02:34:56,883 - INFO - Epoch 107/150 train_loss=1.9098929119110108
2026-09-28 02:35:08,552 - INFO - Epoch 108/150 train_loss=1.907351622581482
2026-09-28 02:35:20,155 - INFO - Epoch 109/150 train_loss=1.9033130741119384
2026-09-28 02:35:20,196 - INFO - Best train loss=1.9033130741119384; saved /fs04/ar57/wenyu/GeneRec/results/stage3_T5Train/curvature_RQ-VAE_iter32/ckpt/Amazon_2023_Instruments/Sep-28-2026_02-14-00/HG_Rec_best.pth
2026-09-28 02:35:31,794 - INFO - Epoch 110/150 train_loss=1.9022074031829834
2026-09-28 02:35:31,828 - INFO - Best train loss=1.9022074031829834; saved /fs04/ar57/wenyu/GeneRec/results/stage3_T5Train/curvature_RQ-VAE_iter32/ckpt/Amazon_2023_Instruments/Sep-28-2026_02-14-00/HG_Rec_best.pth
2026-09-28 02:35:43,429 - INFO - Epoch 111/150 train_loss=1.9011964368820191
2026-09-28 02:35:43,465 - INFO - Best train loss=1.9011964368820191; saved /fs04/ar57/wenyu/GeneRec/results/stage3_T5Train/curvature_RQ-VAE_iter32/ckpt/Amazon_2023_Instruments/Sep-28-2026_02-14-00/HG_Rec_best.pth
2026-09-28 02:35:55,074 - INFO - Epoch 112/150 train_loss=1.8990881967544555
2026-09-28 02:35:55,109 - INFO - Best train loss=1.8990881967544555; saved /fs04/ar57/wenyu/GeneRec/results/stage3_T5Train/curvature_RQ-VAE_iter32/ckpt/Amazon_2023_Instruments/Sep-28-2026_02-14-00/HG_Rec_best.pth
2026-09-28 02:36:06,708 - INFO - Epoch 113/150 train_loss=1.8983843374252318
2026-09-28 02:36:06,743 - INFO - Best train loss=1.8983843374252318; saved /fs04/ar57/wenyu/GeneRec/results/stage3_T5Train/curvature_RQ-VAE_iter32/ckpt/Amazon_2023_Instruments/Sep-28-2026_02-14-00/HG_Rec_best.pth
2026-09-28 02:36:18,349 - INFO - Epoch 114/150 train_loss=1.8967071676254272
2026-09-28 02:36:18,383 - INFO - Best train loss=1.8967071676254272; saved /fs04/ar57/wenyu/GeneRec/results/stage3_T5Train/curvature_RQ-VAE_iter32/ckpt/Amazon_2023_Instruments/Sep-28-2026_02-14-00/HG_Rec_best.pth
2026-09-28 02:36:29,985 - INFO - Epoch 115/150 train_loss=1.8966275930404664
2026-09-28 02:36:30,019 - INFO - Best train loss=1.8966275930404664; saved /fs04/ar57/wenyu/GeneRec/results/stage3_T5Train/curvature_RQ-VAE_iter32/ckpt/Amazon_2023_Instruments/Sep-28-2026_02-14-00/HG_Rec_best.pth
2026-09-28 02:36:41,625 - INFO - Epoch 116/150 train_loss=1.8961432933807374
2026-09-28 02:36:41,660 - INFO - Best train loss=1.8961432933807374; saved /fs04/ar57/wenyu/GeneRec/results/stage3_T5Train/curvature_RQ-VAE_iter32/ckpt/Amazon_2023_Instruments/Sep-28-2026_02-14-00/HG_Rec_best.pth
2026-09-28 02:36:56,181 - INFO - Epoch 117/150 train_loss=1.8940444612503051
2026-09-28 02:36:56,261 - INFO - Best train loss=1.8940444612503051; saved /fs04/ar57/wenyu/GeneRec/results/stage3_T5Train/curvature_RQ-VAE_iter32/ckpt/Amazon_2023_Instruments/Sep-28-2026_02-14-00/HG_Rec_best.pth
2026-09-28 02:37:07,861 - INFO - Epoch 118/150 train_loss=1.8895921564102174
2026-09-28 02:37:07,907 - INFO - Best train loss=1.8895921564102174; saved /fs04/ar57/wenyu/GeneRec/results/stage3_T5Train/curvature_RQ-VAE_iter32/ckpt/Amazon_2023_Instruments/Sep-28-2026_02-14-00/HG_Rec_best.pth
2026-09-28 02:37:19,512 - INFO - Epoch 119/150 train_loss=1.8893495225906372
2026-09-28 02:37:19,548 - INFO - Best train loss=1.8893495225906372; saved /fs04/ar57/wenyu/GeneRec/results/stage3_T5Train/curvature_RQ-VAE_iter32/ckpt/Amazon_2023_Instruments/Sep-28-2026_02-14-00/HG_Rec_best.pth
2026-09-28 02:37:31,151 - INFO - Epoch 120/150 train_loss=1.8883084535598755
2026-09-28 02:37:31,185 - INFO - Best train loss=1.8883084535598755; saved /fs04/ar57/wenyu/GeneRec/results/stage3_T5Train/curvature_RQ-VAE_iter32/ckpt/Amazon_2023_Instruments/Sep-28-2026_02-14-00/HG_Rec_best.pth
2026-09-28 02:37:42,789 - INFO - Epoch 121/150 train_loss=1.8861078071594237
2026-09-28 02:37:42,825 - INFO - Best train loss=1.8861078071594237; saved /fs04/ar57/wenyu/GeneRec/results/stage3_T5Train/curvature_RQ-VAE_iter32/ckpt/Amazon_2023_Instruments/Sep-28-2026_02-14-00/HG_Rec_best.pth
2026-09-28 02:37:54,430 - INFO - Epoch 122/150 train_loss=1.8843465280532836
2026-09-28 02:37:54,464 - INFO - Best train loss=1.8843465280532836; saved /fs04/ar57/wenyu/GeneRec/results/stage3_T5Train/curvature_RQ-VAE_iter32/ckpt/Amazon_2023_Instruments/Sep-28-2026_02-14-00/HG_Rec_best.pth
2026-09-28 02:38:06,071 - INFO - Epoch 123/150 train_loss=1.8825126266479493
2026-09-28 02:38:06,105 - INFO - Best train loss=1.8825126266479493; saved /fs04/ar57/wenyu/GeneRec/results/stage3_T5Train/curvature_RQ-VAE_iter32/ckpt/Amazon_2023_Instruments/Sep-28-2026_02-14-00/HG_Rec_best.pth
2026-09-28 02:38:17,708 - INFO - Epoch 124/150 train_loss=1.8837930536270142
2026-09-28 02:38:29,313 - INFO - Epoch 125/150 train_loss=1.8822991418838502
2026-09-28 02:38:29,351 - INFO - Best train loss=1.8822991418838502; saved /fs04/ar57/wenyu/GeneRec/results/stage3_T5Train/curvature_RQ-VAE_iter32/ckpt/Amazon_2023_Instruments/Sep-28-2026_02-14-00/HG_Rec_best.pth
2026-09-28 02:38:40,956 - INFO - Epoch 126/150 train_loss=1.881998472213745
2026-09-28 02:38:40,990 - INFO - Best train loss=1.881998472213745; saved /fs04/ar57/wenyu/GeneRec/results/stage3_T5Train/curvature_RQ-VAE_iter32/ckpt/Amazon_2023_Instruments/Sep-28-2026_02-14-00/HG_Rec_best.pth
2026-09-28 02:38:52,603 - INFO - Epoch 127/150 train_loss=1.8784988403320313
2026-09-28 02:38:52,637 - INFO - Best train loss=1.8784988403320313; saved /fs04/ar57/wenyu/GeneRec/results/stage3_T5Train/curvature_RQ-VAE_iter32/ckpt/Amazon_2023_Instruments/Sep-28-2026_02-14-00/HG_Rec_best.pth
2026-09-28 02:39:04,244 - INFO - Epoch 128/150 train_loss=1.8817586946487426
2026-09-28 02:39:15,837 - INFO - Epoch 129/150 train_loss=1.8775147581100464
2026-09-28 02:39:15,886 - INFO - Best train loss=1.8775147581100464; saved /fs04/ar57/wenyu/GeneRec/results/stage3_T5Train/curvature_RQ-VAE_iter32/ckpt/Amazon_2023_Instruments/Sep-28-2026_02-14-00/HG_Rec_best.pth
2026-09-28 02:39:27,495 - INFO - Epoch 130/150 train_loss=1.877328929901123
2026-09-28 02:39:27,529 - INFO - Best train loss=1.877328929901123; saved /fs04/ar57/wenyu/GeneRec/results/stage3_T5Train/curvature_RQ-VAE_iter32/ckpt/Amazon_2023_Instruments/Sep-28-2026_02-14-00/HG_Rec_best.pth
2026-09-28 02:39:39,129 - INFO - Epoch 131/150 train_loss=1.8752297401428222
2026-09-28 02:39:39,164 - INFO - Best train loss=1.8752297401428222; saved /fs04/ar57/wenyu/GeneRec/results/stage3_T5Train/curvature_RQ-VAE_iter32/ckpt/Amazon_2023_Instruments/Sep-28-2026_02-14-00/HG_Rec_best.pth
2026-09-28 02:39:50,767 - INFO - Epoch 132/150 train_loss=1.8755226755142211
2026-09-28 02:40:02,373 - INFO - Epoch 133/150 train_loss=1.8752719926834107
2026-09-28 02:40:13,985 - INFO - Epoch 134/150 train_loss=1.872855200767517
2026-09-28 02:40:14,024 - INFO - Best train loss=1.872855200767517; saved /fs04/ar57/wenyu/GeneRec/results/stage3_T5Train/curvature_RQ-VAE_iter32/ckpt/Amazon_2023_Instruments/Sep-28-2026_02-14-00/HG_Rec_best.pth
2026-09-28 02:40:25,630 - INFO - Epoch 135/150 train_loss=1.870624408721924
2026-09-28 02:40:25,664 - INFO - Best train loss=1.870624408721924; saved /fs04/ar57/wenyu/GeneRec/results/stage3_T5Train/curvature_RQ-VAE_iter32/ckpt/Amazon_2023_Instruments/Sep-28-2026_02-14-00/HG_Rec_best.pth
2026-09-28 02:40:37,273 - INFO - Epoch 136/150 train_loss=1.872710452079773
2026-09-28 02:40:48,882 - INFO - Epoch 137/150 train_loss=1.8711071062088012
2026-09-28 02:41:00,489 - INFO - Epoch 138/150 train_loss=1.8699492073059083
2026-09-28 02:41:00,528 - INFO - Best train loss=1.8699492073059083; saved /fs04/ar57/wenyu/GeneRec/results/stage3_T5Train/curvature_RQ-VAE_iter32/ckpt/Amazon_2023_Instruments/Sep-28-2026_02-14-00/HG_Rec_best.pth
2026-09-28 02:41:12,134 - INFO - Epoch 139/150 train_loss=1.8685425853729247
2026-09-28 02:41:12,169 - INFO - Best train loss=1.8685425853729247; saved /fs04/ar57/wenyu/GeneRec/results/stage3_T5Train/curvature_RQ-VAE_iter32/ckpt/Amazon_2023_Instruments/Sep-28-2026_02-14-00/HG_Rec_best.pth
2026-09-28 02:41:23,776 - INFO - Epoch 140/150 train_loss=1.8658947563171386
2026-09-28 02:41:23,811 - INFO - Best train loss=1.8658947563171386; saved /fs04/ar57/wenyu/GeneRec/results/stage3_T5Train/curvature_RQ-VAE_iter32/ckpt/Amazon_2023_Instruments/Sep-28-2026_02-14-00/HG_Rec_best.pth
2026-09-28 02:41:35,415 - INFO - Epoch 141/150 train_loss=1.8704148626327515
2026-09-28 02:41:47,021 - INFO - Epoch 142/150 train_loss=1.8686403369903564
2026-09-28 02:41:59,357 - INFO - Epoch 143/150 train_loss=1.865477533340454
2026-09-28 02:41:59,398 - INFO - Best train loss=1.865477533340454; saved /fs04/ar57/wenyu/GeneRec/results/stage3_T5Train/curvature_RQ-VAE_iter32/ckpt/Amazon_2023_Instruments/Sep-28-2026_02-14-00/HG_Rec_best.pth
2026-09-28 02:42:10,998 - INFO - Epoch 144/150 train_loss=1.861914176940918
2026-09-28 02:42:11,035 - INFO - Best train loss=1.861914176940918; saved /fs04/ar57/wenyu/GeneRec/results/stage3_T5Train/curvature_RQ-VAE_iter32/ckpt/Amazon_2023_Instruments/Sep-28-2026_02-14-00/HG_Rec_best.pth
2026-09-28 02:42:22,637 - INFO - Epoch 145/150 train_loss=1.8640539836883545
2026-09-28 02:42:34,243 - INFO - Epoch 146/150 train_loss=1.8634421730041504
2026-09-28 02:42:45,849 - INFO - Epoch 147/150 train_loss=1.8588867998123169
2026-09-28 02:42:45,884 - INFO - Best train loss=1.8588867998123169; saved /fs04/ar57/wenyu/GeneRec/results/stage3_T5Train/curvature_RQ-VAE_iter32/ckpt/Amazon_2023_Instruments/Sep-28-2026_02-14-00/HG_Rec_best.pth
2026-09-28 02:42:57,482 - INFO - Epoch 148/150 train_loss=1.861364755630493
2026-09-28 02:43:09,086 - INFO - Epoch 149/150 train_loss=1.8611218738555908
2026-09-28 02:43:20,693 - INFO - Epoch 150/150 train_loss=1.8587014818191527
2026-09-28 02:43:20,727 - INFO - Best train loss=1.8587014818191527; saved /fs04/ar57/wenyu/GeneRec/results/stage3_T5Train/curvature_RQ-VAE_iter32/ckpt/Amazon_2023_Instruments/Sep-28-2026_02-14-00/HG_Rec_best.pth
2026-09-28 02:51:30,558 - INFO - Test={'best_checkpoint': '/fs04/ar57/wenyu/GeneRec/results/stage3_T5Train/curvature_RQ-VAE_iter32/ckpt/Amazon_2023_Instruments/Sep-28-2026_02-14-00/HG_Rec_best.pth', 'n_eval': 57439, 'test_recall@5': 0.039415727989693415, 'test_recall@10': 0.059454377687633835, 'test_ndcg@5': 0.026457965146261798, 'test_ndcg@10': 0.03289454986610588}
