2026-10-10 01:55:10,704 - INFO - Configuration: {'batch_size': 4096, 'infer_size': 1024, 'num_epochs': 150, 'eval_interval': 5, 'eval_start_epoch': 75, 'early_eval_epochs': (25, 50, 75, 100, 125), 'fast': True, 'bf16': True, 'use_lr_scheduler': True, 'lr_warmup_pct': 0.1, 'lr_min_factor': 0.2, 'compile': False, 'compile_mode': 'default', 'num_layers': 4, 'num_decoder_layers': 4, 'd_model': 128, 'd_ff': 1024, 'num_heads': 6, 'd_kv': 64, 'dropout_rate': 0.1, 'activation_function': 'relu', 'feed_forward_proj': 'relu', 'device': 'cuda', 'lr': 0.003, 'weight_decay': 0.05, 'vocab_size': 772, 'eos_token_id': 771, 'pad_token_id': 0, 'n_user_tokens': 1, 'max_len': 20, 'dataset_name': 'Amazon_2023_Instruments', 'dataset_path': '/home/wlia0047/ar57/wenyu/GeneRec/results/stage0_build_parquet/', 'codebook_size': [256, 256, 256, 1], 'code_path': '/home/wlia0047/ar57/wenyu/GeneRec/results/stage2_RQ-VAE/curvature_RQ-VAE/euclid_l2_256_72k_s42/item_sids.json', 'train_file': 'train.parquet', 'valid_file': 'valid.parquet', 'test_file': 'test.parquet', 'log_path': '/home/wlia0047/ar57/wenyu/GeneRec/results/stage3_T5Train/sidarm_E72_euclid_l2_256_72k/logs/', 'save_path': '/home/wlia0047/ar57/wenyu/GeneRec/results/stage3_T5Train/sidarm_E72_euclid_l2_256_72k/ckpt/', 'seed': 42, 'topk_list': [5, 10], 'beam_size': 20, 'no_eval': True, 'skip_test': False, 'screen_baseline_log': '', 'screen_start_epoch': 40, 'screen_window': 5, 'screen_min_ndcg_gain': 0.001, 'screen_min_recall_gain': 0.001, 'num_workers': 4, 'prefetch_factor': 8, 'exclude_history': True, 'no_exclude_history': False, 'pin_memory': True, 'no_pin_memory': False, 'sid_length': 4, 'max_token_seq_len': 82, 'decoder_start_token_id': 0}
2026-10-10 01:55:11,116 - INFO - #Embedding parameters: 98816
#Non-embedding parameters: 4459648
#Total trainable parameters: 4558464

2026-10-10 01:55:29,005 - INFO - Epoch 1/150 train_loss=4.708960933685303
2026-10-10 01:55:29,098 - INFO - Best train loss=4.708960933685303; saved /home/wlia0047/ar57/wenyu/GeneRec/results/stage3_T5Train/sidarm_E72_euclid_l2_256_72k/ckpt/Amazon_2023_Instruments/Oct-10-2026_01-55-10/HG_Rec_best.pth
2026-10-10 01:55:40,720 - INFO - Epoch 2/150 train_loss=4.048713960647583
2026-10-10 01:55:40,758 - INFO - Best train loss=4.048713960647583; saved /home/wlia0047/ar57/wenyu/GeneRec/results/stage3_T5Train/sidarm_E72_euclid_l2_256_72k/ckpt/Amazon_2023_Instruments/Oct-10-2026_01-55-10/HG_Rec_best.pth
2026-10-10 01:55:52,372 - INFO - Epoch 3/150 train_loss=3.8584775066375734
2026-10-10 01:55:52,409 - INFO - Best train loss=3.8584775066375734; saved /home/wlia0047/ar57/wenyu/GeneRec/results/stage3_T5Train/sidarm_E72_euclid_l2_256_72k/ckpt/Amazon_2023_Instruments/Oct-10-2026_01-55-10/HG_Rec_best.pth
2026-10-10 01:56:04,020 - INFO - Epoch 4/150 train_loss=3.716350793838501
2026-10-10 01:56:04,057 - INFO - Best train loss=3.716350793838501; saved /home/wlia0047/ar57/wenyu/GeneRec/results/stage3_T5Train/sidarm_E72_euclid_l2_256_72k/ckpt/Amazon_2023_Instruments/Oct-10-2026_01-55-10/HG_Rec_best.pth
2026-10-10 01:56:15,669 - INFO - Epoch 5/150 train_loss=3.613572187423706
2026-10-10 01:56:15,703 - INFO - Best train loss=3.613572187423706; saved /home/wlia0047/ar57/wenyu/GeneRec/results/stage3_T5Train/sidarm_E72_euclid_l2_256_72k/ckpt/Amazon_2023_Instruments/Oct-10-2026_01-55-10/HG_Rec_best.pth
2026-10-10 01:56:27,313 - INFO - Epoch 6/150 train_loss=3.497959671020508
2026-10-10 01:56:27,350 - INFO - Best train loss=3.497959671020508; saved /home/wlia0047/ar57/wenyu/GeneRec/results/stage3_T5Train/sidarm_E72_euclid_l2_256_72k/ckpt/Amazon_2023_Instruments/Oct-10-2026_01-55-10/HG_Rec_best.pth
2026-10-10 01:56:38,965 - INFO - Epoch 7/150 train_loss=3.519391794204712
2026-10-10 01:56:50,576 - INFO - Epoch 8/150 train_loss=3.389858455657959
2026-10-10 01:56:50,613 - INFO - Best train loss=3.389858455657959; saved /home/wlia0047/ar57/wenyu/GeneRec/results/stage3_T5Train/sidarm_E72_euclid_l2_256_72k/ckpt/Amazon_2023_Instruments/Oct-10-2026_01-55-10/HG_Rec_best.pth
2026-10-10 01:57:02,220 - INFO - Epoch 9/150 train_loss=3.2890380954742433
2026-10-10 01:57:02,257 - INFO - Best train loss=3.2890380954742433; saved /home/wlia0047/ar57/wenyu/GeneRec/results/stage3_T5Train/sidarm_E72_euclid_l2_256_72k/ckpt/Amazon_2023_Instruments/Oct-10-2026_01-55-10/HG_Rec_best.pth
2026-10-10 01:57:13,866 - INFO - Epoch 10/150 train_loss=3.2073704528808595
2026-10-10 01:57:13,903 - INFO - Best train loss=3.2073704528808595; saved /home/wlia0047/ar57/wenyu/GeneRec/results/stage3_T5Train/sidarm_E72_euclid_l2_256_72k/ckpt/Amazon_2023_Instruments/Oct-10-2026_01-55-10/HG_Rec_best.pth
2026-10-10 01:57:25,507 - INFO - Epoch 11/150 train_loss=3.1335905838012694
2026-10-10 01:57:25,548 - INFO - Best train loss=3.1335905838012694; saved /home/wlia0047/ar57/wenyu/GeneRec/results/stage3_T5Train/sidarm_E72_euclid_l2_256_72k/ckpt/Amazon_2023_Instruments/Oct-10-2026_01-55-10/HG_Rec_best.pth
2026-10-10 01:57:37,157 - INFO - Epoch 12/150 train_loss=3.0685697174072266
2026-10-10 01:57:37,193 - INFO - Best train loss=3.0685697174072266; saved /home/wlia0047/ar57/wenyu/GeneRec/results/stage3_T5Train/sidarm_E72_euclid_l2_256_72k/ckpt/Amazon_2023_Instruments/Oct-10-2026_01-55-10/HG_Rec_best.pth
2026-10-10 01:57:48,798 - INFO - Epoch 13/150 train_loss=3.0104698753356933
2026-10-10 01:57:48,836 - INFO - Best train loss=3.0104698753356933; saved /home/wlia0047/ar57/wenyu/GeneRec/results/stage3_T5Train/sidarm_E72_euclid_l2_256_72k/ckpt/Amazon_2023_Instruments/Oct-10-2026_01-55-10/HG_Rec_best.pth
2026-10-10 01:58:00,439 - INFO - Epoch 14/150 train_loss=2.958254814147949
2026-10-10 01:58:00,475 - INFO - Best train loss=2.958254814147949; saved /home/wlia0047/ar57/wenyu/GeneRec/results/stage3_T5Train/sidarm_E72_euclid_l2_256_72k/ckpt/Amazon_2023_Instruments/Oct-10-2026_01-55-10/HG_Rec_best.pth
2026-10-10 01:58:12,085 - INFO - Epoch 15/150 train_loss=2.9066645908355713
2026-10-10 01:58:12,122 - INFO - Best train loss=2.9066645908355713; saved /home/wlia0047/ar57/wenyu/GeneRec/results/stage3_T5Train/sidarm_E72_euclid_l2_256_72k/ckpt/Amazon_2023_Instruments/Oct-10-2026_01-55-10/HG_Rec_best.pth
2026-10-10 01:58:23,728 - INFO - Epoch 16/150 train_loss=2.8638259983062744
2026-10-10 01:58:23,763 - INFO - Best train loss=2.8638259983062744; saved /home/wlia0047/ar57/wenyu/GeneRec/results/stage3_T5Train/sidarm_E72_euclid_l2_256_72k/ckpt/Amazon_2023_Instruments/Oct-10-2026_01-55-10/HG_Rec_best.pth
2026-10-10 01:58:35,374 - INFO - Epoch 17/150 train_loss=2.8054523944854735
2026-10-10 01:58:35,410 - INFO - Best train loss=2.8054523944854735; saved /home/wlia0047/ar57/wenyu/GeneRec/results/stage3_T5Train/sidarm_E72_euclid_l2_256_72k/ckpt/Amazon_2023_Instruments/Oct-10-2026_01-55-10/HG_Rec_best.pth
2026-10-10 01:58:47,019 - INFO - Epoch 18/150 train_loss=2.7658941745758057
2026-10-10 01:58:47,056 - INFO - Best train loss=2.7658941745758057; saved /home/wlia0047/ar57/wenyu/GeneRec/results/stage3_T5Train/sidarm_E72_euclid_l2_256_72k/ckpt/Amazon_2023_Instruments/Oct-10-2026_01-55-10/HG_Rec_best.pth
2026-10-10 01:58:58,661 - INFO - Epoch 19/150 train_loss=2.7246921920776366
2026-10-10 01:58:58,697 - INFO - Best train loss=2.7246921920776366; saved /home/wlia0047/ar57/wenyu/GeneRec/results/stage3_T5Train/sidarm_E72_euclid_l2_256_72k/ckpt/Amazon_2023_Instruments/Oct-10-2026_01-55-10/HG_Rec_best.pth
2026-10-10 01:59:10,306 - INFO - Epoch 20/150 train_loss=2.682123956680298
2026-10-10 01:59:10,345 - INFO - Best train loss=2.682123956680298; saved /home/wlia0047/ar57/wenyu/GeneRec/results/stage3_T5Train/sidarm_E72_euclid_l2_256_72k/ckpt/Amazon_2023_Instruments/Oct-10-2026_01-55-10/HG_Rec_best.pth
2026-10-10 01:59:21,951 - INFO - Epoch 21/150 train_loss=2.6464647579193117
2026-10-10 01:59:21,990 - INFO - Best train loss=2.6464647579193117; saved /home/wlia0047/ar57/wenyu/GeneRec/results/stage3_T5Train/sidarm_E72_euclid_l2_256_72k/ckpt/Amazon_2023_Instruments/Oct-10-2026_01-55-10/HG_Rec_best.pth
2026-10-10 01:59:33,603 - INFO - Epoch 22/150 train_loss=2.6173886966705324
2026-10-10 01:59:33,640 - INFO - Best train loss=2.6173886966705324; saved /home/wlia0047/ar57/wenyu/GeneRec/results/stage3_T5Train/sidarm_E72_euclid_l2_256_72k/ckpt/Amazon_2023_Instruments/Oct-10-2026_01-55-10/HG_Rec_best.pth
2026-10-10 01:59:45,247 - INFO - Epoch 23/150 train_loss=2.5821393299102784
2026-10-10 01:59:45,282 - INFO - Best train loss=2.5821393299102784; saved /home/wlia0047/ar57/wenyu/GeneRec/results/stage3_T5Train/sidarm_E72_euclid_l2_256_72k/ckpt/Amazon_2023_Instruments/Oct-10-2026_01-55-10/HG_Rec_best.pth
2026-10-10 01:59:56,894 - INFO - Epoch 24/150 train_loss=2.554243402481079
2026-10-10 01:59:56,930 - INFO - Best train loss=2.554243402481079; saved /home/wlia0047/ar57/wenyu/GeneRec/results/stage3_T5Train/sidarm_E72_euclid_l2_256_72k/ckpt/Amazon_2023_Instruments/Oct-10-2026_01-55-10/HG_Rec_best.pth
2026-10-10 02:00:08,538 - INFO - Epoch 25/150 train_loss=2.5274517250061037
2026-10-10 02:00:08,576 - INFO - Best train loss=2.5274517250061037; saved /home/wlia0047/ar57/wenyu/GeneRec/results/stage3_T5Train/sidarm_E72_euclid_l2_256_72k/ckpt/Amazon_2023_Instruments/Oct-10-2026_01-55-10/HG_Rec_best.pth
2026-10-10 02:00:20,186 - INFO - Epoch 26/150 train_loss=2.4920411491394043
2026-10-10 02:00:20,221 - INFO - Best train loss=2.4920411491394043; saved /home/wlia0047/ar57/wenyu/GeneRec/results/stage3_T5Train/sidarm_E72_euclid_l2_256_72k/ckpt/Amazon_2023_Instruments/Oct-10-2026_01-55-10/HG_Rec_best.pth
2026-10-10 02:00:31,833 - INFO - Epoch 27/150 train_loss=2.4682322788238524
2026-10-10 02:00:31,871 - INFO - Best train loss=2.4682322788238524; saved /home/wlia0047/ar57/wenyu/GeneRec/results/stage3_T5Train/sidarm_E72_euclid_l2_256_72k/ckpt/Amazon_2023_Instruments/Oct-10-2026_01-55-10/HG_Rec_best.pth
2026-10-10 02:00:43,474 - INFO - Epoch 28/150 train_loss=2.4459221839904783
2026-10-10 02:00:43,511 - INFO - Best train loss=2.4459221839904783; saved /home/wlia0047/ar57/wenyu/GeneRec/results/stage3_T5Train/sidarm_E72_euclid_l2_256_72k/ckpt/Amazon_2023_Instruments/Oct-10-2026_01-55-10/HG_Rec_best.pth
2026-10-10 02:00:55,125 - INFO - Epoch 29/150 train_loss=2.4229306983947754
2026-10-10 02:00:55,160 - INFO - Best train loss=2.4229306983947754; saved /home/wlia0047/ar57/wenyu/GeneRec/results/stage3_T5Train/sidarm_E72_euclid_l2_256_72k/ckpt/Amazon_2023_Instruments/Oct-10-2026_01-55-10/HG_Rec_best.pth
2026-10-10 02:01:06,768 - INFO - Epoch 30/150 train_loss=2.404652490615845
2026-10-10 02:01:06,804 - INFO - Best train loss=2.404652490615845; saved /home/wlia0047/ar57/wenyu/GeneRec/results/stage3_T5Train/sidarm_E72_euclid_l2_256_72k/ckpt/Amazon_2023_Instruments/Oct-10-2026_01-55-10/HG_Rec_best.pth
2026-10-10 02:01:18,413 - INFO - Epoch 31/150 train_loss=2.3852507305145263
2026-10-10 02:01:18,449 - INFO - Best train loss=2.3852507305145263; saved /home/wlia0047/ar57/wenyu/GeneRec/results/stage3_T5Train/sidarm_E72_euclid_l2_256_72k/ckpt/Amazon_2023_Instruments/Oct-10-2026_01-55-10/HG_Rec_best.pth
2026-10-10 02:01:30,059 - INFO - Epoch 32/150 train_loss=2.367928733825684
2026-10-10 02:01:30,096 - INFO - Best train loss=2.367928733825684; saved /home/wlia0047/ar57/wenyu/GeneRec/results/stage3_T5Train/sidarm_E72_euclid_l2_256_72k/ckpt/Amazon_2023_Instruments/Oct-10-2026_01-55-10/HG_Rec_best.pth
2026-10-10 02:01:41,700 - INFO - Epoch 33/150 train_loss=2.343076019287109
2026-10-10 02:01:41,736 - INFO - Best train loss=2.343076019287109; saved /home/wlia0047/ar57/wenyu/GeneRec/results/stage3_T5Train/sidarm_E72_euclid_l2_256_72k/ckpt/Amazon_2023_Instruments/Oct-10-2026_01-55-10/HG_Rec_best.pth
2026-10-10 02:01:53,343 - INFO - Epoch 34/150 train_loss=2.3289884185791014
2026-10-10 02:01:53,380 - INFO - Best train loss=2.3289884185791014; saved /home/wlia0047/ar57/wenyu/GeneRec/results/stage3_T5Train/sidarm_E72_euclid_l2_256_72k/ckpt/Amazon_2023_Instruments/Oct-10-2026_01-55-10/HG_Rec_best.pth
2026-10-10 02:02:04,985 - INFO - Epoch 35/150 train_loss=2.3124146461486816
2026-10-10 02:02:05,021 - INFO - Best train loss=2.3124146461486816; saved /home/wlia0047/ar57/wenyu/GeneRec/results/stage3_T5Train/sidarm_E72_euclid_l2_256_72k/ckpt/Amazon_2023_Instruments/Oct-10-2026_01-55-10/HG_Rec_best.pth
2026-10-10 02:02:16,631 - INFO - Epoch 36/150 train_loss=2.298276634216309
2026-10-10 02:02:16,667 - INFO - Best train loss=2.298276634216309; saved /home/wlia0047/ar57/wenyu/GeneRec/results/stage3_T5Train/sidarm_E72_euclid_l2_256_72k/ckpt/Amazon_2023_Instruments/Oct-10-2026_01-55-10/HG_Rec_best.pth
2026-10-10 02:02:28,280 - INFO - Epoch 37/150 train_loss=2.2731399440765383
2026-10-10 02:02:28,317 - INFO - Best train loss=2.2731399440765383; saved /home/wlia0047/ar57/wenyu/GeneRec/results/stage3_T5Train/sidarm_E72_euclid_l2_256_72k/ckpt/Amazon_2023_Instruments/Oct-10-2026_01-55-10/HG_Rec_best.pth
2026-10-10 02:02:40,470 - INFO - Epoch 38/150 train_loss=2.249681930541992
2026-10-10 02:02:40,520 - INFO - Best train loss=2.249681930541992; saved /home/wlia0047/ar57/wenyu/GeneRec/results/stage3_T5Train/sidarm_E72_euclid_l2_256_72k/ckpt/Amazon_2023_Instruments/Oct-10-2026_01-55-10/HG_Rec_best.pth
2026-10-10 02:02:52,134 - INFO - Epoch 39/150 train_loss=2.236095609664917
2026-10-10 02:02:52,169 - INFO - Best train loss=2.236095609664917; saved /home/wlia0047/ar57/wenyu/GeneRec/results/stage3_T5Train/sidarm_E72_euclid_l2_256_72k/ckpt/Amazon_2023_Instruments/Oct-10-2026_01-55-10/HG_Rec_best.pth
2026-10-10 02:03:03,774 - INFO - Epoch 40/150 train_loss=2.218384943008423
2026-10-10 02:03:03,810 - INFO - Best train loss=2.218384943008423; saved /home/wlia0047/ar57/wenyu/GeneRec/results/stage3_T5Train/sidarm_E72_euclid_l2_256_72k/ckpt/Amazon_2023_Instruments/Oct-10-2026_01-55-10/HG_Rec_best.pth
2026-10-10 02:03:15,421 - INFO - Epoch 41/150 train_loss=2.2039849281311037
2026-10-10 02:03:15,457 - INFO - Best train loss=2.2039849281311037; saved /home/wlia0047/ar57/wenyu/GeneRec/results/stage3_T5Train/sidarm_E72_euclid_l2_256_72k/ckpt/Amazon_2023_Instruments/Oct-10-2026_01-55-10/HG_Rec_best.pth
2026-10-10 02:03:27,065 - INFO - Epoch 42/150 train_loss=2.1926931667327882
2026-10-10 02:03:27,102 - INFO - Best train loss=2.1926931667327882; saved /home/wlia0047/ar57/wenyu/GeneRec/results/stage3_T5Train/sidarm_E72_euclid_l2_256_72k/ckpt/Amazon_2023_Instruments/Oct-10-2026_01-55-10/HG_Rec_best.pth
2026-10-10 02:03:38,712 - INFO - Epoch 43/150 train_loss=2.175831937789917
2026-10-10 02:03:38,748 - INFO - Best train loss=2.175831937789917; saved /home/wlia0047/ar57/wenyu/GeneRec/results/stage3_T5Train/sidarm_E72_euclid_l2_256_72k/ckpt/Amazon_2023_Instruments/Oct-10-2026_01-55-10/HG_Rec_best.pth
2026-10-10 02:03:50,416 - INFO - Epoch 44/150 train_loss=2.1634800148010256
2026-10-10 02:03:50,451 - INFO - Best train loss=2.1634800148010256; saved /home/wlia0047/ar57/wenyu/GeneRec/results/stage3_T5Train/sidarm_E72_euclid_l2_256_72k/ckpt/Amazon_2023_Instruments/Oct-10-2026_01-55-10/HG_Rec_best.pth
2026-10-10 02:04:02,061 - INFO - Epoch 45/150 train_loss=2.155031614303589
2026-10-10 02:04:02,096 - INFO - Best train loss=2.155031614303589; saved /home/wlia0047/ar57/wenyu/GeneRec/results/stage3_T5Train/sidarm_E72_euclid_l2_256_72k/ckpt/Amazon_2023_Instruments/Oct-10-2026_01-55-10/HG_Rec_best.pth
2026-10-10 02:04:13,704 - INFO - Epoch 46/150 train_loss=2.145324649810791
2026-10-10 02:04:13,740 - INFO - Best train loss=2.145324649810791; saved /home/wlia0047/ar57/wenyu/GeneRec/results/stage3_T5Train/sidarm_E72_euclid_l2_256_72k/ckpt/Amazon_2023_Instruments/Oct-10-2026_01-55-10/HG_Rec_best.pth
2026-10-10 02:04:25,345 - INFO - Epoch 47/150 train_loss=2.137529773712158
2026-10-10 02:04:25,380 - INFO - Best train loss=2.137529773712158; saved /home/wlia0047/ar57/wenyu/GeneRec/results/stage3_T5Train/sidarm_E72_euclid_l2_256_72k/ckpt/Amazon_2023_Instruments/Oct-10-2026_01-55-10/HG_Rec_best.pth
2026-10-10 02:04:36,992 - INFO - Epoch 48/150 train_loss=2.125909519195557
2026-10-10 02:04:37,029 - INFO - Best train loss=2.125909519195557; saved /home/wlia0047/ar57/wenyu/GeneRec/results/stage3_T5Train/sidarm_E72_euclid_l2_256_72k/ckpt/Amazon_2023_Instruments/Oct-10-2026_01-55-10/HG_Rec_best.pth
2026-10-10 02:04:48,639 - INFO - Epoch 49/150 train_loss=2.1131488037109376
2026-10-10 02:04:48,675 - INFO - Best train loss=2.1131488037109376; saved /home/wlia0047/ar57/wenyu/GeneRec/results/stage3_T5Train/sidarm_E72_euclid_l2_256_72k/ckpt/Amazon_2023_Instruments/Oct-10-2026_01-55-10/HG_Rec_best.pth
2026-10-10 02:05:00,282 - INFO - Epoch 50/150 train_loss=2.1117092037200926
2026-10-10 02:05:00,318 - INFO - Best train loss=2.1117092037200926; saved /home/wlia0047/ar57/wenyu/GeneRec/results/stage3_T5Train/sidarm_E72_euclid_l2_256_72k/ckpt/Amazon_2023_Instruments/Oct-10-2026_01-55-10/HG_Rec_best.pth
2026-10-10 02:05:11,942 - INFO - Epoch 51/150 train_loss=2.0999060916900634
2026-10-10 02:05:11,996 - INFO - Best train loss=2.0999060916900634; saved /home/wlia0047/ar57/wenyu/GeneRec/results/stage3_T5Train/sidarm_E72_euclid_l2_256_72k/ckpt/Amazon_2023_Instruments/Oct-10-2026_01-55-10/HG_Rec_best.pth
2026-10-10 02:05:25,990 - INFO - Epoch 52/150 train_loss=2.096766586303711
2026-10-10 02:05:26,379 - INFO - Best train loss=2.096766586303711; saved /home/wlia0047/ar57/wenyu/GeneRec/results/stage3_T5Train/sidarm_E72_euclid_l2_256_72k/ckpt/Amazon_2023_Instruments/Oct-10-2026_01-55-10/HG_Rec_best.pth
2026-10-10 02:05:38,162 - INFO - Epoch 53/150 train_loss=2.0897719955444334
2026-10-10 02:05:38,204 - INFO - Best train loss=2.0897719955444334; saved /home/wlia0047/ar57/wenyu/GeneRec/results/stage3_T5Train/sidarm_E72_euclid_l2_256_72k/ckpt/Amazon_2023_Instruments/Oct-10-2026_01-55-10/HG_Rec_best.pth
2026-10-10 02:05:49,814 - INFO - Epoch 54/150 train_loss=2.080805196762085
2026-10-10 02:05:49,850 - INFO - Best train loss=2.080805196762085; saved /home/wlia0047/ar57/wenyu/GeneRec/results/stage3_T5Train/sidarm_E72_euclid_l2_256_72k/ckpt/Amazon_2023_Instruments/Oct-10-2026_01-55-10/HG_Rec_best.pth
2026-10-10 02:06:01,455 - INFO - Epoch 55/150 train_loss=2.074138069152832
2026-10-10 02:06:01,491 - INFO - Best train loss=2.074138069152832; saved /home/wlia0047/ar57/wenyu/GeneRec/results/stage3_T5Train/sidarm_E72_euclid_l2_256_72k/ckpt/Amazon_2023_Instruments/Oct-10-2026_01-55-10/HG_Rec_best.pth
2026-10-10 02:06:13,094 - INFO - Epoch 56/150 train_loss=2.065954313278198
2026-10-10 02:06:13,130 - INFO - Best train loss=2.065954313278198; saved /home/wlia0047/ar57/wenyu/GeneRec/results/stage3_T5Train/sidarm_E72_euclid_l2_256_72k/ckpt/Amazon_2023_Instruments/Oct-10-2026_01-55-10/HG_Rec_best.pth
2026-10-10 02:06:24,731 - INFO - Epoch 57/150 train_loss=2.056796016693115
2026-10-10 02:06:24,768 - INFO - Best train loss=2.056796016693115; saved /home/wlia0047/ar57/wenyu/GeneRec/results/stage3_T5Train/sidarm_E72_euclid_l2_256_72k/ckpt/Amazon_2023_Instruments/Oct-10-2026_01-55-10/HG_Rec_best.pth
2026-10-10 02:06:36,377 - INFO - Epoch 58/150 train_loss=2.051199312210083
2026-10-10 02:06:36,413 - INFO - Best train loss=2.051199312210083; saved /home/wlia0047/ar57/wenyu/GeneRec/results/stage3_T5Train/sidarm_E72_euclid_l2_256_72k/ckpt/Amazon_2023_Instruments/Oct-10-2026_01-55-10/HG_Rec_best.pth
2026-10-10 02:06:48,024 - INFO - Epoch 59/150 train_loss=2.044665842056274
2026-10-10 02:06:48,059 - INFO - Best train loss=2.044665842056274; saved /home/wlia0047/ar57/wenyu/GeneRec/results/stage3_T5Train/sidarm_E72_euclid_l2_256_72k/ckpt/Amazon_2023_Instruments/Oct-10-2026_01-55-10/HG_Rec_best.pth
2026-10-10 02:06:59,667 - INFO - Epoch 60/150 train_loss=2.039260272979736
2026-10-10 02:06:59,703 - INFO - Best train loss=2.039260272979736; saved /home/wlia0047/ar57/wenyu/GeneRec/results/stage3_T5Train/sidarm_E72_euclid_l2_256_72k/ckpt/Amazon_2023_Instruments/Oct-10-2026_01-55-10/HG_Rec_best.pth
2026-10-10 02:07:11,309 - INFO - Epoch 61/150 train_loss=2.0354094886779786
2026-10-10 02:07:11,347 - INFO - Best train loss=2.0354094886779786; saved /home/wlia0047/ar57/wenyu/GeneRec/results/stage3_T5Train/sidarm_E72_euclid_l2_256_72k/ckpt/Amazon_2023_Instruments/Oct-10-2026_01-55-10/HG_Rec_best.pth
2026-10-10 02:07:22,957 - INFO - Epoch 62/150 train_loss=2.02775426864624
2026-10-10 02:07:22,992 - INFO - Best train loss=2.02775426864624; saved /home/wlia0047/ar57/wenyu/GeneRec/results/stage3_T5Train/sidarm_E72_euclid_l2_256_72k/ckpt/Amazon_2023_Instruments/Oct-10-2026_01-55-10/HG_Rec_best.pth
2026-10-10 02:07:34,604 - INFO - Epoch 63/150 train_loss=2.023458423614502
2026-10-10 02:07:34,646 - INFO - Best train loss=2.023458423614502; saved /home/wlia0047/ar57/wenyu/GeneRec/results/stage3_T5Train/sidarm_E72_euclid_l2_256_72k/ckpt/Amazon_2023_Instruments/Oct-10-2026_01-55-10/HG_Rec_best.pth
2026-10-10 02:07:46,257 - INFO - Epoch 64/150 train_loss=2.0224003410339355
2026-10-10 02:07:46,294 - INFO - Best train loss=2.0224003410339355; saved /home/wlia0047/ar57/wenyu/GeneRec/results/stage3_T5Train/sidarm_E72_euclid_l2_256_72k/ckpt/Amazon_2023_Instruments/Oct-10-2026_01-55-10/HG_Rec_best.pth
2026-10-10 02:07:57,906 - INFO - Epoch 65/150 train_loss=2.0152249002456664
2026-10-10 02:07:57,944 - INFO - Best train loss=2.0152249002456664; saved /home/wlia0047/ar57/wenyu/GeneRec/results/stage3_T5Train/sidarm_E72_euclid_l2_256_72k/ckpt/Amazon_2023_Instruments/Oct-10-2026_01-55-10/HG_Rec_best.pth
2026-10-10 02:08:09,553 - INFO - Epoch 66/150 train_loss=2.0088721895217896
2026-10-10 02:08:09,588 - INFO - Best train loss=2.0088721895217896; saved /home/wlia0047/ar57/wenyu/GeneRec/results/stage3_T5Train/sidarm_E72_euclid_l2_256_72k/ckpt/Amazon_2023_Instruments/Oct-10-2026_01-55-10/HG_Rec_best.pth
2026-10-10 02:08:21,207 - INFO - Epoch 67/150 train_loss=2.0061485528945924
2026-10-10 02:08:21,242 - INFO - Best train loss=2.0061485528945924; saved /home/wlia0047/ar57/wenyu/GeneRec/results/stage3_T5Train/sidarm_E72_euclid_l2_256_72k/ckpt/Amazon_2023_Instruments/Oct-10-2026_01-55-10/HG_Rec_best.pth
2026-10-10 02:08:32,855 - INFO - Epoch 68/150 train_loss=2.003962965011597
2026-10-10 02:08:32,891 - INFO - Best train loss=2.003962965011597; saved /home/wlia0047/ar57/wenyu/GeneRec/results/stage3_T5Train/sidarm_E72_euclid_l2_256_72k/ckpt/Amazon_2023_Instruments/Oct-10-2026_01-55-10/HG_Rec_best.pth
2026-10-10 02:08:44,600 - INFO - Epoch 69/150 train_loss=2.0027762126922606
2026-10-10 02:08:44,646 - INFO - Best train loss=2.0027762126922606; saved /home/wlia0047/ar57/wenyu/GeneRec/results/stage3_T5Train/sidarm_E72_euclid_l2_256_72k/ckpt/Amazon_2023_Instruments/Oct-10-2026_01-55-10/HG_Rec_best.pth
2026-10-10 02:08:56,256 - INFO - Epoch 70/150 train_loss=1.9943366527557373
2026-10-10 02:08:56,293 - INFO - Best train loss=1.9943366527557373; saved /home/wlia0047/ar57/wenyu/GeneRec/results/stage3_T5Train/sidarm_E72_euclid_l2_256_72k/ckpt/Amazon_2023_Instruments/Oct-10-2026_01-55-10/HG_Rec_best.pth
2026-10-10 02:09:07,898 - INFO - Epoch 71/150 train_loss=1.9896637678146363
2026-10-10 02:09:07,934 - INFO - Best train loss=1.9896637678146363; saved /home/wlia0047/ar57/wenyu/GeneRec/results/stage3_T5Train/sidarm_E72_euclid_l2_256_72k/ckpt/Amazon_2023_Instruments/Oct-10-2026_01-55-10/HG_Rec_best.pth
2026-10-10 02:09:19,548 - INFO - Epoch 72/150 train_loss=1.9839659643173218
2026-10-10 02:09:19,583 - INFO - Best train loss=1.9839659643173218; saved /home/wlia0047/ar57/wenyu/GeneRec/results/stage3_T5Train/sidarm_E72_euclid_l2_256_72k/ckpt/Amazon_2023_Instruments/Oct-10-2026_01-55-10/HG_Rec_best.pth
2026-10-10 02:09:31,193 - INFO - Epoch 73/150 train_loss=1.9761581993103028
2026-10-10 02:09:31,229 - INFO - Best train loss=1.9761581993103028; saved /home/wlia0047/ar57/wenyu/GeneRec/results/stage3_T5Train/sidarm_E72_euclid_l2_256_72k/ckpt/Amazon_2023_Instruments/Oct-10-2026_01-55-10/HG_Rec_best.pth
2026-10-10 02:09:42,837 - INFO - Epoch 74/150 train_loss=1.9823929452896119
2026-10-10 02:09:54,447 - INFO - Epoch 75/150 train_loss=1.9771816539764404
2026-10-10 02:10:06,054 - INFO - Epoch 76/150 train_loss=1.9730832481384277
2026-10-10 02:10:06,092 - INFO - Best train loss=1.9730832481384277; saved /home/wlia0047/ar57/wenyu/GeneRec/results/stage3_T5Train/sidarm_E72_euclid_l2_256_72k/ckpt/Amazon_2023_Instruments/Oct-10-2026_01-55-10/HG_Rec_best.pth
2026-10-10 02:10:17,704 - INFO - Epoch 77/150 train_loss=1.9675421047210693
2026-10-10 02:10:17,740 - INFO - Best train loss=1.9675421047210693; saved /home/wlia0047/ar57/wenyu/GeneRec/results/stage3_T5Train/sidarm_E72_euclid_l2_256_72k/ckpt/Amazon_2023_Instruments/Oct-10-2026_01-55-10/HG_Rec_best.pth
2026-10-10 02:10:29,353 - INFO - Epoch 78/150 train_loss=1.9653444337844848
2026-10-10 02:10:29,389 - INFO - Best train loss=1.9653444337844848; saved /home/wlia0047/ar57/wenyu/GeneRec/results/stage3_T5Train/sidarm_E72_euclid_l2_256_72k/ckpt/Amazon_2023_Instruments/Oct-10-2026_01-55-10/HG_Rec_best.pth
2026-10-10 02:10:40,999 - INFO - Epoch 79/150 train_loss=1.9626421451568603
2026-10-10 02:10:41,035 - INFO - Best train loss=1.9626421451568603; saved /home/wlia0047/ar57/wenyu/GeneRec/results/stage3_T5Train/sidarm_E72_euclid_l2_256_72k/ckpt/Amazon_2023_Instruments/Oct-10-2026_01-55-10/HG_Rec_best.pth
2026-10-10 02:10:52,640 - INFO - Epoch 80/150 train_loss=1.9583952569961547
2026-10-10 02:10:53,602 - INFO - Best train loss=1.9583952569961547; saved /home/wlia0047/ar57/wenyu/GeneRec/results/stage3_T5Train/sidarm_E72_euclid_l2_256_72k/ckpt/Amazon_2023_Instruments/Oct-10-2026_01-55-10/HG_Rec_best.pth
2026-10-10 02:11:05,210 - INFO - Epoch 81/150 train_loss=1.9568513011932374
2026-10-10 02:11:05,246 - INFO - Best train loss=1.9568513011932374; saved /home/wlia0047/ar57/wenyu/GeneRec/results/stage3_T5Train/sidarm_E72_euclid_l2_256_72k/ckpt/Amazon_2023_Instruments/Oct-10-2026_01-55-10/HG_Rec_best.pth
2026-10-10 02:11:16,857 - INFO - Epoch 82/150 train_loss=1.9496397352218628
2026-10-10 02:11:16,892 - INFO - Best train loss=1.9496397352218628; saved /home/wlia0047/ar57/wenyu/GeneRec/results/stage3_T5Train/sidarm_E72_euclid_l2_256_72k/ckpt/Amazon_2023_Instruments/Oct-10-2026_01-55-10/HG_Rec_best.pth
2026-10-10 02:11:28,496 - INFO - Epoch 83/150 train_loss=1.9514832067489625
2026-10-10 02:11:40,103 - INFO - Epoch 84/150 train_loss=1.9447104930877686
2026-10-10 02:11:40,140 - INFO - Best train loss=1.9447104930877686; saved /home/wlia0047/ar57/wenyu/GeneRec/results/stage3_T5Train/sidarm_E72_euclid_l2_256_72k/ckpt/Amazon_2023_Instruments/Oct-10-2026_01-55-10/HG_Rec_best.pth
2026-10-10 02:11:51,750 - INFO - Epoch 85/150 train_loss=1.9418401193618775
2026-10-10 02:11:51,785 - INFO - Best train loss=1.9418401193618775; saved /home/wlia0047/ar57/wenyu/GeneRec/results/stage3_T5Train/sidarm_E72_euclid_l2_256_72k/ckpt/Amazon_2023_Instruments/Oct-10-2026_01-55-10/HG_Rec_best.pth
2026-10-10 02:12:03,399 - INFO - Epoch 86/150 train_loss=1.9406679821014405
2026-10-10 02:12:03,434 - INFO - Best train loss=1.9406679821014405; saved /home/wlia0047/ar57/wenyu/GeneRec/results/stage3_T5Train/sidarm_E72_euclid_l2_256_72k/ckpt/Amazon_2023_Instruments/Oct-10-2026_01-55-10/HG_Rec_best.pth
2026-10-10 02:12:15,040 - INFO - Epoch 87/150 train_loss=1.9376561260223388
2026-10-10 02:12:15,076 - INFO - Best train loss=1.9376561260223388; saved /home/wlia0047/ar57/wenyu/GeneRec/results/stage3_T5Train/sidarm_E72_euclid_l2_256_72k/ckpt/Amazon_2023_Instruments/Oct-10-2026_01-55-10/HG_Rec_best.pth
2026-10-10 02:12:26,683 - INFO - Epoch 88/150 train_loss=1.9334232473373414
2026-10-10 02:12:26,718 - INFO - Best train loss=1.9334232473373414; saved /home/wlia0047/ar57/wenyu/GeneRec/results/stage3_T5Train/sidarm_E72_euclid_l2_256_72k/ckpt/Amazon_2023_Instruments/Oct-10-2026_01-55-10/HG_Rec_best.pth
2026-10-10 02:12:38,327 - INFO - Epoch 89/150 train_loss=1.932797794342041
2026-10-10 02:12:38,363 - INFO - Best train loss=1.932797794342041; saved /home/wlia0047/ar57/wenyu/GeneRec/results/stage3_T5Train/sidarm_E72_euclid_l2_256_72k/ckpt/Amazon_2023_Instruments/Oct-10-2026_01-55-10/HG_Rec_best.pth
2026-10-10 02:12:49,977 - INFO - Epoch 90/150 train_loss=1.9275077438354493
2026-10-10 02:12:50,013 - INFO - Best train loss=1.9275077438354493; saved /home/wlia0047/ar57/wenyu/GeneRec/results/stage3_T5Train/sidarm_E72_euclid_l2_256_72k/ckpt/Amazon_2023_Instruments/Oct-10-2026_01-55-10/HG_Rec_best.pth
2026-10-10 02:13:01,615 - INFO - Epoch 91/150 train_loss=1.926958875656128
2026-10-10 02:13:01,652 - INFO - Best train loss=1.926958875656128; saved /home/wlia0047/ar57/wenyu/GeneRec/results/stage3_T5Train/sidarm_E72_euclid_l2_256_72k/ckpt/Amazon_2023_Instruments/Oct-10-2026_01-55-10/HG_Rec_best.pth
2026-10-10 02:13:13,258 - INFO - Epoch 92/150 train_loss=1.9229666709899902
2026-10-10 02:13:13,295 - INFO - Best train loss=1.9229666709899902; saved /home/wlia0047/ar57/wenyu/GeneRec/results/stage3_T5Train/sidarm_E72_euclid_l2_256_72k/ckpt/Amazon_2023_Instruments/Oct-10-2026_01-55-10/HG_Rec_best.pth
2026-10-10 02:13:24,905 - INFO - Epoch 93/150 train_loss=1.9174739694595337
2026-10-10 02:13:24,941 - INFO - Best train loss=1.9174739694595337; saved /home/wlia0047/ar57/wenyu/GeneRec/results/stage3_T5Train/sidarm_E72_euclid_l2_256_72k/ckpt/Amazon_2023_Instruments/Oct-10-2026_01-55-10/HG_Rec_best.pth
2026-10-10 02:13:36,546 - INFO - Epoch 94/150 train_loss=1.9226411962509156
2026-10-10 02:13:48,202 - INFO - Epoch 95/150 train_loss=1.9170086002349853
2026-10-10 02:13:48,280 - INFO - Best train loss=1.9170086002349853; saved /home/wlia0047/ar57/wenyu/GeneRec/results/stage3_T5Train/sidarm_E72_euclid_l2_256_72k/ckpt/Amazon_2023_Instruments/Oct-10-2026_01-55-10/HG_Rec_best.pth
2026-10-10 02:13:59,900 - INFO - Epoch 96/150 train_loss=1.9176402235031127
2026-10-10 02:14:11,524 - INFO - Epoch 97/150 train_loss=1.9111256694793701
2026-10-10 02:14:11,561 - INFO - Best train loss=1.9111256694793701; saved /home/wlia0047/ar57/wenyu/GeneRec/results/stage3_T5Train/sidarm_E72_euclid_l2_256_72k/ckpt/Amazon_2023_Instruments/Oct-10-2026_01-55-10/HG_Rec_best.pth
2026-10-10 02:14:23,167 - INFO - Epoch 98/150 train_loss=1.9104226303100587
2026-10-10 02:14:23,202 - INFO - Best train loss=1.9104226303100587; saved /home/wlia0047/ar57/wenyu/GeneRec/results/stage3_T5Train/sidarm_E72_euclid_l2_256_72k/ckpt/Amazon_2023_Instruments/Oct-10-2026_01-55-10/HG_Rec_best.pth
2026-10-10 02:14:34,809 - INFO - Epoch 99/150 train_loss=1.9065670251846314
2026-10-10 02:14:34,845 - INFO - Best train loss=1.9065670251846314; saved /home/wlia0047/ar57/wenyu/GeneRec/results/stage3_T5Train/sidarm_E72_euclid_l2_256_72k/ckpt/Amazon_2023_Instruments/Oct-10-2026_01-55-10/HG_Rec_best.pth
2026-10-10 02:14:47,724 - INFO - Epoch 100/150 train_loss=1.9075295972824096
2026-10-10 02:14:59,343 - INFO - Epoch 101/150 train_loss=1.902726969718933
2026-10-10 02:14:59,469 - INFO - Best train loss=1.902726969718933; saved /home/wlia0047/ar57/wenyu/GeneRec/results/stage3_T5Train/sidarm_E72_euclid_l2_256_72k/ckpt/Amazon_2023_Instruments/Oct-10-2026_01-55-10/HG_Rec_best.pth
2026-10-10 02:15:11,079 - INFO - Epoch 102/150 train_loss=1.903626832962036
2026-10-10 02:15:22,725 - INFO - Epoch 103/150 train_loss=1.897525577545166
2026-10-10 02:15:22,761 - INFO - Best train loss=1.897525577545166; saved /home/wlia0047/ar57/wenyu/GeneRec/results/stage3_T5Train/sidarm_E72_euclid_l2_256_72k/ckpt/Amazon_2023_Instruments/Oct-10-2026_01-55-10/HG_Rec_best.pth
2026-10-10 02:15:36,045 - INFO - Epoch 104/150 train_loss=1.8974027061462402
2026-10-10 02:15:36,082 - INFO - Best train loss=1.8974027061462402; saved /home/wlia0047/ar57/wenyu/GeneRec/results/stage3_T5Train/sidarm_E72_euclid_l2_256_72k/ckpt/Amazon_2023_Instruments/Oct-10-2026_01-55-10/HG_Rec_best.pth
2026-10-10 02:15:47,747 - INFO - Epoch 105/150 train_loss=1.8975003004074096
2026-10-10 02:15:59,376 - INFO - Epoch 106/150 train_loss=1.8908717584609986
2026-10-10 02:15:59,413 - INFO - Best train loss=1.8908717584609986; saved /home/wlia0047/ar57/wenyu/GeneRec/results/stage3_T5Train/sidarm_E72_euclid_l2_256_72k/ckpt/Amazon_2023_Instruments/Oct-10-2026_01-55-10/HG_Rec_best.pth
2026-10-10 02:16:11,021 - INFO - Epoch 107/150 train_loss=1.896470160484314
2026-10-10 02:16:22,628 - INFO - Epoch 108/150 train_loss=1.89109233379364
2026-10-10 02:16:34,237 - INFO - Epoch 109/150 train_loss=1.88573983669281
2026-10-10 02:16:34,273 - INFO - Best train loss=1.88573983669281; saved /home/wlia0047/ar57/wenyu/GeneRec/results/stage3_T5Train/sidarm_E72_euclid_l2_256_72k/ckpt/Amazon_2023_Instruments/Oct-10-2026_01-55-10/HG_Rec_best.pth
2026-10-10 02:16:45,878 - INFO - Epoch 110/150 train_loss=1.8855724430084229
2026-10-10 02:16:45,914 - INFO - Best train loss=1.8855724430084229; saved /home/wlia0047/ar57/wenyu/GeneRec/results/stage3_T5Train/sidarm_E72_euclid_l2_256_72k/ckpt/Amazon_2023_Instruments/Oct-10-2026_01-55-10/HG_Rec_best.pth
2026-10-10 02:16:57,524 - INFO - Epoch 111/150 train_loss=1.8856634902954101
2026-10-10 02:17:09,133 - INFO - Epoch 112/150 train_loss=1.8820811319351196
2026-10-10 02:17:09,171 - INFO - Best train loss=1.8820811319351196; saved /home/wlia0047/ar57/wenyu/GeneRec/results/stage3_T5Train/sidarm_E72_euclid_l2_256_72k/ckpt/Amazon_2023_Instruments/Oct-10-2026_01-55-10/HG_Rec_best.pth
2026-10-10 02:17:21,743 - INFO - Epoch 113/150 train_loss=1.8824439668655395
2026-10-10 02:17:33,619 - INFO - Epoch 114/150 train_loss=1.8807951593399048
2026-10-10 02:17:33,855 - INFO - Best train loss=1.8807951593399048; saved /home/wlia0047/ar57/wenyu/GeneRec/results/stage3_T5Train/sidarm_E72_euclid_l2_256_72k/ckpt/Amazon_2023_Instruments/Oct-10-2026_01-55-10/HG_Rec_best.pth
2026-10-10 02:17:45,465 - INFO - Epoch 115/150 train_loss=1.879501256942749
2026-10-10 02:17:45,500 - INFO - Best train loss=1.879501256942749; saved /home/wlia0047/ar57/wenyu/GeneRec/results/stage3_T5Train/sidarm_E72_euclid_l2_256_72k/ckpt/Amazon_2023_Instruments/Oct-10-2026_01-55-10/HG_Rec_best.pth
2026-10-10 02:17:57,105 - INFO - Epoch 116/150 train_loss=1.8765744400024413
2026-10-10 02:17:57,141 - INFO - Best train loss=1.8765744400024413; saved /home/wlia0047/ar57/wenyu/GeneRec/results/stage3_T5Train/sidarm_E72_euclid_l2_256_72k/ckpt/Amazon_2023_Instruments/Oct-10-2026_01-55-10/HG_Rec_best.pth
2026-10-10 02:18:08,754 - INFO - Epoch 117/150 train_loss=1.87599928855896
2026-10-10 02:18:08,791 - INFO - Best train loss=1.87599928855896; saved /home/wlia0047/ar57/wenyu/GeneRec/results/stage3_T5Train/sidarm_E72_euclid_l2_256_72k/ckpt/Amazon_2023_Instruments/Oct-10-2026_01-55-10/HG_Rec_best.pth
2026-10-10 02:18:20,399 - INFO - Epoch 118/150 train_loss=1.8734533739089967
2026-10-10 02:18:20,435 - INFO - Best train loss=1.8734533739089967; saved /home/wlia0047/ar57/wenyu/GeneRec/results/stage3_T5Train/sidarm_E72_euclid_l2_256_72k/ckpt/Amazon_2023_Instruments/Oct-10-2026_01-55-10/HG_Rec_best.pth
2026-10-10 02:18:32,040 - INFO - Epoch 119/150 train_loss=1.8715469217300416
2026-10-10 02:18:32,075 - INFO - Best train loss=1.8715469217300416; saved /home/wlia0047/ar57/wenyu/GeneRec/results/stage3_T5Train/sidarm_E72_euclid_l2_256_72k/ckpt/Amazon_2023_Instruments/Oct-10-2026_01-55-10/HG_Rec_best.pth
2026-10-10 02:18:43,681 - INFO - Epoch 120/150 train_loss=1.868991060256958
2026-10-10 02:18:43,717 - INFO - Best train loss=1.868991060256958; saved /home/wlia0047/ar57/wenyu/GeneRec/results/stage3_T5Train/sidarm_E72_euclid_l2_256_72k/ckpt/Amazon_2023_Instruments/Oct-10-2026_01-55-10/HG_Rec_best.pth
2026-10-10 02:18:55,501 - INFO - Epoch 121/150 train_loss=1.8682703828811646
2026-10-10 02:18:55,536 - INFO - Best train loss=1.8682703828811646; saved /home/wlia0047/ar57/wenyu/GeneRec/results/stage3_T5Train/sidarm_E72_euclid_l2_256_72k/ckpt/Amazon_2023_Instruments/Oct-10-2026_01-55-10/HG_Rec_best.pth
2026-10-10 02:19:07,140 - INFO - Epoch 122/150 train_loss=1.8660368394851685
2026-10-10 02:19:07,178 - INFO - Best train loss=1.8660368394851685; saved /home/wlia0047/ar57/wenyu/GeneRec/results/stage3_T5Train/sidarm_E72_euclid_l2_256_72k/ckpt/Amazon_2023_Instruments/Oct-10-2026_01-55-10/HG_Rec_best.pth
2026-10-10 02:19:18,785 - INFO - Epoch 123/150 train_loss=1.8631748247146607
2026-10-10 02:19:18,819 - INFO - Best train loss=1.8631748247146607; saved /home/wlia0047/ar57/wenyu/GeneRec/results/stage3_T5Train/sidarm_E72_euclid_l2_256_72k/ckpt/Amazon_2023_Instruments/Oct-10-2026_01-55-10/HG_Rec_best.pth
2026-10-10 02:19:30,425 - INFO - Epoch 124/150 train_loss=1.8646991920471192
2026-10-10 02:19:43,419 - INFO - Epoch 125/150 train_loss=1.8620552158355712
2026-10-10 02:19:43,454 - INFO - Best train loss=1.8620552158355712; saved /home/wlia0047/ar57/wenyu/GeneRec/results/stage3_T5Train/sidarm_E72_euclid_l2_256_72k/ckpt/Amazon_2023_Instruments/Oct-10-2026_01-55-10/HG_Rec_best.pth
2026-10-10 02:19:55,064 - INFO - Epoch 126/150 train_loss=1.8610924291610718
2026-10-10 02:19:55,101 - INFO - Best train loss=1.8610924291610718; saved /home/wlia0047/ar57/wenyu/GeneRec/results/stage3_T5Train/sidarm_E72_euclid_l2_256_72k/ckpt/Amazon_2023_Instruments/Oct-10-2026_01-55-10/HG_Rec_best.pth
2026-10-10 02:20:06,718 - INFO - Epoch 127/150 train_loss=1.8593753337860108
2026-10-10 02:20:06,753 - INFO - Best train loss=1.8593753337860108; saved /home/wlia0047/ar57/wenyu/GeneRec/results/stage3_T5Train/sidarm_E72_euclid_l2_256_72k/ckpt/Amazon_2023_Instruments/Oct-10-2026_01-55-10/HG_Rec_best.pth
2026-10-10 02:20:18,359 - INFO - Epoch 128/150 train_loss=1.8623292541503906
2026-10-10 02:20:29,972 - INFO - Epoch 129/150 train_loss=1.8585426330566406
2026-10-10 02:20:30,007 - INFO - Best train loss=1.8585426330566406; saved /home/wlia0047/ar57/wenyu/GeneRec/results/stage3_T5Train/sidarm_E72_euclid_l2_256_72k/ckpt/Amazon_2023_Instruments/Oct-10-2026_01-55-10/HG_Rec_best.pth
2026-10-10 02:20:41,619 - INFO - Epoch 130/150 train_loss=1.8579701232910155
2026-10-10 02:20:41,656 - INFO - Best train loss=1.8579701232910155; saved /home/wlia0047/ar57/wenyu/GeneRec/results/stage3_T5Train/sidarm_E72_euclid_l2_256_72k/ckpt/Amazon_2023_Instruments/Oct-10-2026_01-55-10/HG_Rec_best.pth
2026-10-10 02:20:53,261 - INFO - Epoch 131/150 train_loss=1.8577657079696654
2026-10-10 02:20:53,297 - INFO - Best train loss=1.8577657079696654; saved /home/wlia0047/ar57/wenyu/GeneRec/results/stage3_T5Train/sidarm_E72_euclid_l2_256_72k/ckpt/Amazon_2023_Instruments/Oct-10-2026_01-55-10/HG_Rec_best.pth
2026-10-10 02:21:04,901 - INFO - Epoch 132/150 train_loss=1.855878038406372
2026-10-10 02:21:04,939 - INFO - Best train loss=1.855878038406372; saved /home/wlia0047/ar57/wenyu/GeneRec/results/stage3_T5Train/sidarm_E72_euclid_l2_256_72k/ckpt/Amazon_2023_Instruments/Oct-10-2026_01-55-10/HG_Rec_best.pth
2026-10-10 02:21:16,546 - INFO - Epoch 133/150 train_loss=1.8566557455062866
2026-10-10 02:21:28,158 - INFO - Epoch 134/150 train_loss=1.8516633987426758
2026-10-10 02:21:28,194 - INFO - Best train loss=1.8516633987426758; saved /home/wlia0047/ar57/wenyu/GeneRec/results/stage3_T5Train/sidarm_E72_euclid_l2_256_72k/ckpt/Amazon_2023_Instruments/Oct-10-2026_01-55-10/HG_Rec_best.pth
2026-10-10 02:21:39,799 - INFO - Epoch 135/150 train_loss=1.8508024024963379
2026-10-10 02:21:39,837 - INFO - Best train loss=1.8508024024963379; saved /home/wlia0047/ar57/wenyu/GeneRec/results/stage3_T5Train/sidarm_E72_euclid_l2_256_72k/ckpt/Amazon_2023_Instruments/Oct-10-2026_01-55-10/HG_Rec_best.pth
2026-10-10 02:21:51,451 - INFO - Epoch 136/150 train_loss=1.8512438488006593
2026-10-10 02:22:03,063 - INFO - Epoch 137/150 train_loss=1.8511549186706544
2026-10-10 02:22:14,723 - INFO - Epoch 138/150 train_loss=1.8499207592010498
2026-10-10 02:22:14,759 - INFO - Best train loss=1.8499207592010498; saved /home/wlia0047/ar57/wenyu/GeneRec/results/stage3_T5Train/sidarm_E72_euclid_l2_256_72k/ckpt/Amazon_2023_Instruments/Oct-10-2026_01-55-10/HG_Rec_best.pth
2026-10-10 02:22:26,365 - INFO - Epoch 139/150 train_loss=1.8488224172592163
2026-10-10 02:22:26,403 - INFO - Best train loss=1.8488224172592163; saved /home/wlia0047/ar57/wenyu/GeneRec/results/stage3_T5Train/sidarm_E72_euclid_l2_256_72k/ckpt/Amazon_2023_Instruments/Oct-10-2026_01-55-10/HG_Rec_best.pth
2026-10-10 02:22:38,012 - INFO - Epoch 140/150 train_loss=1.8467670106887817
2026-10-10 02:22:38,048 - INFO - Best train loss=1.8467670106887817; saved /home/wlia0047/ar57/wenyu/GeneRec/results/stage3_T5Train/sidarm_E72_euclid_l2_256_72k/ckpt/Amazon_2023_Instruments/Oct-10-2026_01-55-10/HG_Rec_best.pth
2026-10-10 02:22:49,656 - INFO - Epoch 141/150 train_loss=1.8518004846572875
2026-10-10 02:23:01,265 - INFO - Epoch 142/150 train_loss=1.8492557621002197
2026-10-10 02:23:12,870 - INFO - Epoch 143/150 train_loss=1.8454281520843505
2026-10-10 02:23:12,906 - INFO - Best train loss=1.8454281520843505; saved /home/wlia0047/ar57/wenyu/GeneRec/results/stage3_T5Train/sidarm_E72_euclid_l2_256_72k/ckpt/Amazon_2023_Instruments/Oct-10-2026_01-55-10/HG_Rec_best.pth
2026-10-10 02:23:24,511 - INFO - Epoch 144/150 train_loss=1.8427497386932372
2026-10-10 02:23:24,546 - INFO - Best train loss=1.8427497386932372; saved /home/wlia0047/ar57/wenyu/GeneRec/results/stage3_T5Train/sidarm_E72_euclid_l2_256_72k/ckpt/Amazon_2023_Instruments/Oct-10-2026_01-55-10/HG_Rec_best.pth
2026-10-10 02:23:36,152 - INFO - Epoch 145/150 train_loss=1.8442483711242676
2026-10-10 02:23:47,761 - INFO - Epoch 146/150 train_loss=1.8427545356750488
2026-10-10 02:23:59,382 - INFO - Epoch 147/150 train_loss=1.8399390077590942
2026-10-10 02:23:59,417 - INFO - Best train loss=1.8399390077590942; saved /home/wlia0047/ar57/wenyu/GeneRec/results/stage3_T5Train/sidarm_E72_euclid_l2_256_72k/ckpt/Amazon_2023_Instruments/Oct-10-2026_01-55-10/HG_Rec_best.pth
2026-10-10 02:24:11,025 - INFO - Epoch 148/150 train_loss=1.8404246950149536
2026-10-10 02:24:22,665 - INFO - Epoch 149/150 train_loss=1.8399626350402831
2026-10-10 02:24:34,275 - INFO - Epoch 150/150 train_loss=1.8391837358474732
2026-10-10 02:24:34,309 - INFO - Best train loss=1.8391837358474732; saved /home/wlia0047/ar57/wenyu/GeneRec/results/stage3_T5Train/sidarm_E72_euclid_l2_256_72k/ckpt/Amazon_2023_Instruments/Oct-10-2026_01-55-10/HG_Rec_best.pth
2026-10-10 02:26:44,062 - INFO - Test={'best_checkpoint': '/home/wlia0047/ar57/wenyu/GeneRec/results/stage3_T5Train/sidarm_E72_euclid_l2_256_72k/ckpt/Amazon_2023_Instruments/Oct-10-2026_01-55-10/HG_Rec_best.pth', 'n_eval': 57439, 'test_recall@5': 0.03957241595431675, 'test_recall@10': 0.059158411532234195, 'test_ndcg@5': 0.026413481394199023, 'test_ndcg@10': 0.03270374329614224}
