2026-09-27 20:15:25,243 - INFO - Configuration: {'batch_size': 4096, 'infer_size': 1024, 'num_epochs': 150, 'eval_interval': 5, 'eval_start_epoch': 75, 'early_eval_epochs': (25, 50, 75, 100, 125), 'early_stop': 10, 'fast': True, 'bf16': True, 'use_lr_scheduler': True, 'lr_warmup_pct': 0.1, 'lr_min_factor': 0.2, 'compile': False, 'compile_mode': 'default', 'num_layers': 4, 'num_decoder_layers': 4, 'd_model': 128, 'd_ff': 1024, 'num_heads': 6, 'd_kv': 64, 'dropout_rate': 0.1, 'activation_function': 'relu', 'feed_forward_proj': 'relu', 'device': 'cuda', 'lr': 0.003, 'weight_decay': 0.05, 'vocab_size': 782, 'eos_token_id': 781, 'pad_token_id': 0, 'n_user_tokens': 1, 'max_len': 20, 'dataset_name': 'Amazon_2023_Instruments', 'dataset_path': '/home/wlia0047/ar57/wenyu/GeneRec/results/stage0_build_parquet/', 'codebook_size': [256, 256, 256, 1], 'code_path': '/home/wlia0047/ar57/wenyu/GeneRec/results/stage2_RQ-VAE/curvature_RQ-VAE_iter31/item_sids.json', 'train_file': 'train.parquet', 'valid_file': 'valid.parquet', 'test_file': 'test.parquet', 'log_path': '/home/wlia0047/ar57/wenyu/GeneRec/results/stage3_T5Train/curvature_RQ-VAE_iter31/logs/', 'save_path': '/home/wlia0047/ar57/wenyu/GeneRec/results/stage3_T5Train/curvature_RQ-VAE_iter31/ckpt/', 'seed': 42, 'topk_list': [5, 10], 'beam_size': 20, 'no_eval': True, 'skip_test': False, 'screen_baseline_log': '', 'screen_start_epoch': 40, 'screen_window': 5, 'screen_min_ndcg_gain': 0.001, 'screen_min_recall_gain': 0.001, 'screen_skip_test_on_fail': True, 'num_workers': 4, 'prefetch_factor': 8, 'exclude_history': True, 'no_exclude_history': False, 'pin_memory': True, 'no_pin_memory': False, 'sid_length': 4, 'max_token_seq_len': 82, 'decoder_start_token_id': 0}
2026-09-27 20:15:25,294 - INFO - #Embedding parameters: 100096
#Non-embedding parameters: 4459648
#Total trainable parameters: 4559744

2026-09-27 20:15:39,367 - INFO - Epoch 1/150 train_loss=4.736661949157715
2026-09-27 20:15:39,453 - INFO - Best train loss=4.736661949157715; saved /home/wlia0047/ar57/wenyu/GeneRec/results/stage3_T5Train/curvature_RQ-VAE_iter31/ckpt/Amazon_2023_Instruments/Sep-27-2026_20-15-25/HG_Rec_best.pth
2026-09-27 20:15:51,080 - INFO - Epoch 2/150 train_loss=4.128115043640137
2026-09-27 20:15:51,118 - INFO - Best train loss=4.128115043640137; saved /home/wlia0047/ar57/wenyu/GeneRec/results/stage3_T5Train/curvature_RQ-VAE_iter31/ckpt/Amazon_2023_Instruments/Sep-27-2026_20-15-25/HG_Rec_best.pth
2026-09-27 20:16:02,734 - INFO - Epoch 3/150 train_loss=3.9403622055053713
2026-09-27 20:16:02,773 - INFO - Best train loss=3.9403622055053713; saved /home/wlia0047/ar57/wenyu/GeneRec/results/stage3_T5Train/curvature_RQ-VAE_iter31/ckpt/Amazon_2023_Instruments/Sep-27-2026_20-15-25/HG_Rec_best.pth
2026-09-27 20:16:14,388 - INFO - Epoch 4/150 train_loss=3.79799054145813
2026-09-27 20:16:14,424 - INFO - Best train loss=3.79799054145813; saved /home/wlia0047/ar57/wenyu/GeneRec/results/stage3_T5Train/curvature_RQ-VAE_iter31/ckpt/Amazon_2023_Instruments/Sep-27-2026_20-15-25/HG_Rec_best.pth
2026-09-27 20:16:26,035 - INFO - Epoch 5/150 train_loss=3.6534729480743406
2026-09-27 20:16:26,071 - INFO - Best train loss=3.6534729480743406; saved /home/wlia0047/ar57/wenyu/GeneRec/results/stage3_T5Train/curvature_RQ-VAE_iter31/ckpt/Amazon_2023_Instruments/Sep-27-2026_20-15-25/HG_Rec_best.pth
2026-09-27 20:16:37,691 - INFO - Epoch 6/150 train_loss=3.612782344818115
2026-09-27 20:16:37,728 - INFO - Best train loss=3.612782344818115; saved /home/wlia0047/ar57/wenyu/GeneRec/results/stage3_T5Train/curvature_RQ-VAE_iter31/ckpt/Amazon_2023_Instruments/Sep-27-2026_20-15-25/HG_Rec_best.pth
2026-09-27 20:16:49,352 - INFO - Epoch 7/150 train_loss=3.4380250072479246
2026-09-27 20:16:49,388 - INFO - Best train loss=3.4380250072479246; saved /home/wlia0047/ar57/wenyu/GeneRec/results/stage3_T5Train/curvature_RQ-VAE_iter31/ckpt/Amazon_2023_Instruments/Sep-27-2026_20-15-25/HG_Rec_best.pth
2026-09-27 20:17:00,995 - INFO - Epoch 8/150 train_loss=3.3163400077819825
2026-09-27 20:17:01,031 - INFO - Best train loss=3.3163400077819825; saved /home/wlia0047/ar57/wenyu/GeneRec/results/stage3_T5Train/curvature_RQ-VAE_iter31/ckpt/Amazon_2023_Instruments/Sep-27-2026_20-15-25/HG_Rec_best.pth
2026-09-27 20:17:12,635 - INFO - Epoch 9/150 train_loss=3.2040787887573243
2026-09-27 20:17:12,672 - INFO - Best train loss=3.2040787887573243; saved /home/wlia0047/ar57/wenyu/GeneRec/results/stage3_T5Train/curvature_RQ-VAE_iter31/ckpt/Amazon_2023_Instruments/Sep-27-2026_20-15-25/HG_Rec_best.pth
2026-09-27 20:17:24,280 - INFO - Epoch 10/150 train_loss=3.0981760883331297
2026-09-27 20:17:24,317 - INFO - Best train loss=3.0981760883331297; saved /home/wlia0047/ar57/wenyu/GeneRec/results/stage3_T5Train/curvature_RQ-VAE_iter31/ckpt/Amazon_2023_Instruments/Sep-27-2026_20-15-25/HG_Rec_best.pth
2026-09-27 20:17:35,937 - INFO - Epoch 11/150 train_loss=3.001313524246216
2026-09-27 20:17:35,972 - INFO - Best train loss=3.001313524246216; saved /home/wlia0047/ar57/wenyu/GeneRec/results/stage3_T5Train/curvature_RQ-VAE_iter31/ckpt/Amazon_2023_Instruments/Sep-27-2026_20-15-25/HG_Rec_best.pth
2026-09-27 20:17:47,593 - INFO - Epoch 12/150 train_loss=3.681790370941162
2026-09-27 20:17:47,597 - INFO - No train loss improvement; patience=1
2026-09-27 20:17:59,201 - INFO - Epoch 13/150 train_loss=3.4821266555786132
2026-09-27 20:17:59,204 - INFO - No train loss improvement; patience=2
2026-09-27 20:18:10,814 - INFO - Epoch 14/150 train_loss=3.3871194076538087
2026-09-27 20:18:10,817 - INFO - No train loss improvement; patience=3
2026-09-27 20:18:22,427 - INFO - Epoch 15/150 train_loss=3.3259820175170898
2026-09-27 20:18:22,430 - INFO - No train loss improvement; patience=4
2026-09-27 20:18:34,033 - INFO - Epoch 16/150 train_loss=3.2780465030670167
2026-09-27 20:18:34,037 - INFO - No train loss improvement; patience=5
2026-09-27 20:18:45,645 - INFO - Epoch 17/150 train_loss=3.2204028606414794
2026-09-27 20:18:45,648 - INFO - No train loss improvement; patience=6
2026-09-27 20:18:57,380 - INFO - Epoch 18/150 train_loss=3.1453710556030274
2026-09-27 20:18:57,848 - INFO - No train loss improvement; patience=7
2026-09-27 20:19:09,461 - INFO - Epoch 19/150 train_loss=3.102299213409424
2026-09-27 20:19:09,464 - INFO - No train loss improvement; patience=8
2026-09-27 20:19:21,074 - INFO - Epoch 20/150 train_loss=3.168148412704468
2026-09-27 20:19:21,077 - INFO - No train loss improvement; patience=9
2026-09-27 20:19:32,684 - INFO - Epoch 21/150 train_loss=3.0596177864074705
2026-09-27 20:19:32,687 - INFO - No train loss improvement; patience=10
2026-09-27 20:27:42,373 - INFO - Test={'best_checkpoint': '/home/wlia0047/ar57/wenyu/GeneRec/results/stage3_T5Train/curvature_RQ-VAE_iter31/ckpt/Amazon_2023_Instruments/Sep-27-2026_20-15-25/HG_Rec_best.pth', 'n_eval': 57439, 'test_recall@5': 0.013422935636066087, 'test_recall@10': 0.021170284997997876, 'test_ndcg@5': 0.006919332448219404, 'test_ndcg@10': 0.00943575468903065}
