2026-10-09 23:44:56,612 - INFO - Configuration: {'batch_size': 4096, 'infer_size': 1024, 'num_epochs': 150, 'eval_interval': 5, 'eval_start_epoch': 75, 'early_eval_epochs': (25, 50, 75, 100, 125), 'fast': True, 'bf16': True, 'use_lr_scheduler': True, 'lr_warmup_pct': 0.1, 'lr_min_factor': 0.2, 'compile': False, 'compile_mode': 'default', 'num_layers': 4, 'num_decoder_layers': 4, 'd_model': 128, 'd_ff': 1024, 'num_heads': 6, 'd_kv': 64, 'dropout_rate': 0.1, 'activation_function': 'relu', 'feed_forward_proj': 'relu', 'device': 'cuda', 'lr': 0.003, 'weight_decay': 0.05, 'vocab_size': 582, 'eos_token_id': 581, 'pad_token_id': 0, 'n_user_tokens': 1, 'max_len': 20, 'dataset_name': 'Amazon_2023_Instruments', 'dataset_path': '/home/wlia0047/ar57/wenyu/GeneRec/results/stage0_build_parquet/', 'codebook_size': [256, 256, 256, 1], 'code_path': '/home/wlia0047/ar57/wenyu/GeneRec/results/stage2_RQ-VAE/curvature_RQ-VAE/l2_cone_arms/D_poincare_cone_s42/item_sids.json', 'train_file': 'train.parquet', 'valid_file': 'valid.parquet', 'test_file': 'test.parquet', 'log_path': '/home/wlia0047/ar57/wenyu/GeneRec/results/stage3_T5Train/sidarm_D_l2_64_cone/logs/', 'save_path': '/home/wlia0047/ar57/wenyu/GeneRec/results/stage3_T5Train/sidarm_D_l2_64_cone/ckpt/', 'seed': 42, 'topk_list': [5, 10], 'beam_size': 20, 'no_eval': True, 'skip_test': False, 'screen_baseline_log': '', 'screen_start_epoch': 40, 'screen_window': 5, 'screen_min_ndcg_gain': 0.001, 'screen_min_recall_gain': 0.001, 'num_workers': 4, 'prefetch_factor': 8, 'exclude_history': True, 'no_exclude_history': False, 'pin_memory': True, 'no_pin_memory': False, 'sid_length': 4, 'max_token_seq_len': 82, 'decoder_start_token_id': 0}
2026-10-09 23:44:56,907 - INFO - #Embedding parameters: 74496
#Non-embedding parameters: 4459648
#Total trainable parameters: 4534144

2026-10-09 23:45:13,639 - INFO - Epoch 1/150 train_loss=4.618691635131836
2026-10-09 23:45:13,731 - INFO - Best train loss=4.618691635131836; saved /home/wlia0047/ar57/wenyu/GeneRec/results/stage3_T5Train/sidarm_D_l2_64_cone/ckpt/Amazon_2023_Instruments/Oct-09-2026_23-44-56/HG_Rec_best.pth
2026-10-09 23:45:25,336 - INFO - Epoch 2/150 train_loss=3.899887828826904
2026-10-09 23:45:25,373 - INFO - Best train loss=3.899887828826904; saved /home/wlia0047/ar57/wenyu/GeneRec/results/stage3_T5Train/sidarm_D_l2_64_cone/ckpt/Amazon_2023_Instruments/Oct-09-2026_23-44-56/HG_Rec_best.pth
2026-10-09 23:45:36,970 - INFO - Epoch 3/150 train_loss=3.7130202770233156
2026-10-09 23:45:37,006 - INFO - Best train loss=3.7130202770233156; saved /home/wlia0047/ar57/wenyu/GeneRec/results/stage3_T5Train/sidarm_D_l2_64_cone/ckpt/Amazon_2023_Instruments/Oct-09-2026_23-44-56/HG_Rec_best.pth
2026-10-09 23:45:48,621 - INFO - Epoch 4/150 train_loss=3.5919724464416505
2026-10-09 23:45:48,657 - INFO - Best train loss=3.5919724464416505; saved /home/wlia0047/ar57/wenyu/GeneRec/results/stage3_T5Train/sidarm_D_l2_64_cone/ckpt/Amazon_2023_Instruments/Oct-09-2026_23-44-56/HG_Rec_best.pth
2026-10-09 23:46:00,257 - INFO - Epoch 5/150 train_loss=3.4642426109313966
2026-10-09 23:46:00,293 - INFO - Best train loss=3.4642426109313966; saved /home/wlia0047/ar57/wenyu/GeneRec/results/stage3_T5Train/sidarm_D_l2_64_cone/ckpt/Amazon_2023_Instruments/Oct-09-2026_23-44-56/HG_Rec_best.pth
2026-10-09 23:46:11,893 - INFO - Epoch 6/150 train_loss=3.3789036083221435
2026-10-09 23:46:11,929 - INFO - Best train loss=3.3789036083221435; saved /home/wlia0047/ar57/wenyu/GeneRec/results/stage3_T5Train/sidarm_D_l2_64_cone/ckpt/Amazon_2023_Instruments/Oct-09-2026_23-44-56/HG_Rec_best.pth
2026-10-09 23:46:23,528 - INFO - Epoch 7/150 train_loss=3.2107643032073976
2026-10-09 23:46:23,565 - INFO - Best train loss=3.2107643032073976; saved /home/wlia0047/ar57/wenyu/GeneRec/results/stage3_T5Train/sidarm_D_l2_64_cone/ckpt/Amazon_2023_Instruments/Oct-09-2026_23-44-56/HG_Rec_best.pth
2026-10-09 23:46:35,172 - INFO - Epoch 8/150 train_loss=3.0530317497253416
2026-10-09 23:46:35,209 - INFO - Best train loss=3.0530317497253416; saved /home/wlia0047/ar57/wenyu/GeneRec/results/stage3_T5Train/sidarm_D_l2_64_cone/ckpt/Amazon_2023_Instruments/Oct-09-2026_23-44-56/HG_Rec_best.pth
2026-10-09 23:46:46,811 - INFO - Epoch 9/150 train_loss=2.914510517120361
2026-10-09 23:46:46,847 - INFO - Best train loss=2.914510517120361; saved /home/wlia0047/ar57/wenyu/GeneRec/results/stage3_T5Train/sidarm_D_l2_64_cone/ckpt/Amazon_2023_Instruments/Oct-09-2026_23-44-56/HG_Rec_best.pth
2026-10-09 23:46:58,452 - INFO - Epoch 10/150 train_loss=2.801762762069702
2026-10-09 23:46:58,488 - INFO - Best train loss=2.801762762069702; saved /home/wlia0047/ar57/wenyu/GeneRec/results/stage3_T5Train/sidarm_D_l2_64_cone/ckpt/Amazon_2023_Instruments/Oct-09-2026_23-44-56/HG_Rec_best.pth
2026-10-09 23:47:10,093 - INFO - Epoch 11/150 train_loss=2.7114009952545164
2026-10-09 23:47:10,128 - INFO - Best train loss=2.7114009952545164; saved /home/wlia0047/ar57/wenyu/GeneRec/results/stage3_T5Train/sidarm_D_l2_64_cone/ckpt/Amazon_2023_Instruments/Oct-09-2026_23-44-56/HG_Rec_best.pth
2026-10-09 23:47:21,728 - INFO - Epoch 12/150 train_loss=2.63643515586853
2026-10-09 23:47:21,763 - INFO - Best train loss=2.63643515586853; saved /home/wlia0047/ar57/wenyu/GeneRec/results/stage3_T5Train/sidarm_D_l2_64_cone/ckpt/Amazon_2023_Instruments/Oct-09-2026_23-44-56/HG_Rec_best.pth
2026-10-09 23:47:33,361 - INFO - Epoch 13/150 train_loss=2.573661832809448
2026-10-09 23:47:33,396 - INFO - Best train loss=2.573661832809448; saved /home/wlia0047/ar57/wenyu/GeneRec/results/stage3_T5Train/sidarm_D_l2_64_cone/ckpt/Amazon_2023_Instruments/Oct-09-2026_23-44-56/HG_Rec_best.pth
2026-10-09 23:47:44,987 - INFO - Epoch 14/150 train_loss=2.525146312713623
2026-10-09 23:47:45,024 - INFO - Best train loss=2.525146312713623; saved /home/wlia0047/ar57/wenyu/GeneRec/results/stage3_T5Train/sidarm_D_l2_64_cone/ckpt/Amazon_2023_Instruments/Oct-09-2026_23-44-56/HG_Rec_best.pth
2026-10-09 23:47:56,617 - INFO - Epoch 15/150 train_loss=2.4899088287353517
2026-10-09 23:47:56,653 - INFO - Best train loss=2.4899088287353517; saved /home/wlia0047/ar57/wenyu/GeneRec/results/stage3_T5Train/sidarm_D_l2_64_cone/ckpt/Amazon_2023_Instruments/Oct-09-2026_23-44-56/HG_Rec_best.pth
2026-10-09 23:48:08,248 - INFO - Epoch 16/150 train_loss=2.4480438232421875
2026-10-09 23:48:08,284 - INFO - Best train loss=2.4480438232421875; saved /home/wlia0047/ar57/wenyu/GeneRec/results/stage3_T5Train/sidarm_D_l2_64_cone/ckpt/Amazon_2023_Instruments/Oct-09-2026_23-44-56/HG_Rec_best.pth
2026-10-09 23:48:19,879 - INFO - Epoch 17/150 train_loss=2.408917875289917
2026-10-09 23:48:19,915 - INFO - Best train loss=2.408917875289917; saved /home/wlia0047/ar57/wenyu/GeneRec/results/stage3_T5Train/sidarm_D_l2_64_cone/ckpt/Amazon_2023_Instruments/Oct-09-2026_23-44-56/HG_Rec_best.pth
2026-10-09 23:48:31,513 - INFO - Epoch 18/150 train_loss=2.3816127967834473
2026-10-09 23:48:31,550 - INFO - Best train loss=2.3816127967834473; saved /home/wlia0047/ar57/wenyu/GeneRec/results/stage3_T5Train/sidarm_D_l2_64_cone/ckpt/Amazon_2023_Instruments/Oct-09-2026_23-44-56/HG_Rec_best.pth
2026-10-09 23:48:43,152 - INFO - Epoch 19/150 train_loss=2.3571307373046877
2026-10-09 23:48:43,187 - INFO - Best train loss=2.3571307373046877; saved /home/wlia0047/ar57/wenyu/GeneRec/results/stage3_T5Train/sidarm_D_l2_64_cone/ckpt/Amazon_2023_Instruments/Oct-09-2026_23-44-56/HG_Rec_best.pth
2026-10-09 23:48:54,780 - INFO - Epoch 20/150 train_loss=2.3295936584472656
2026-10-09 23:48:54,816 - INFO - Best train loss=2.3295936584472656; saved /home/wlia0047/ar57/wenyu/GeneRec/results/stage3_T5Train/sidarm_D_l2_64_cone/ckpt/Amazon_2023_Instruments/Oct-09-2026_23-44-56/HG_Rec_best.pth
2026-10-09 23:49:06,408 - INFO - Epoch 21/150 train_loss=2.3099513339996336
2026-10-09 23:49:06,445 - INFO - Best train loss=2.3099513339996336; saved /home/wlia0047/ar57/wenyu/GeneRec/results/stage3_T5Train/sidarm_D_l2_64_cone/ckpt/Amazon_2023_Instruments/Oct-09-2026_23-44-56/HG_Rec_best.pth
2026-10-09 23:49:18,036 - INFO - Epoch 22/150 train_loss=2.288894844055176
2026-10-09 23:49:18,072 - INFO - Best train loss=2.288894844055176; saved /home/wlia0047/ar57/wenyu/GeneRec/results/stage3_T5Train/sidarm_D_l2_64_cone/ckpt/Amazon_2023_Instruments/Oct-09-2026_23-44-56/HG_Rec_best.pth
2026-10-09 23:49:29,669 - INFO - Epoch 23/150 train_loss=2.2686093425750733
2026-10-09 23:49:29,706 - INFO - Best train loss=2.2686093425750733; saved /home/wlia0047/ar57/wenyu/GeneRec/results/stage3_T5Train/sidarm_D_l2_64_cone/ckpt/Amazon_2023_Instruments/Oct-09-2026_23-44-56/HG_Rec_best.pth
2026-10-09 23:49:41,297 - INFO - Epoch 24/150 train_loss=2.2554523372650146
2026-10-09 23:49:41,333 - INFO - Best train loss=2.2554523372650146; saved /home/wlia0047/ar57/wenyu/GeneRec/results/stage3_T5Train/sidarm_D_l2_64_cone/ckpt/Amazon_2023_Instruments/Oct-09-2026_23-44-56/HG_Rec_best.pth
2026-10-09 23:49:52,928 - INFO - Epoch 25/150 train_loss=2.236926727294922
2026-10-09 23:49:52,963 - INFO - Best train loss=2.236926727294922; saved /home/wlia0047/ar57/wenyu/GeneRec/results/stage3_T5Train/sidarm_D_l2_64_cone/ckpt/Amazon_2023_Instruments/Oct-09-2026_23-44-56/HG_Rec_best.pth
2026-10-09 23:50:04,559 - INFO - Epoch 26/150 train_loss=2.2173388385772705
2026-10-09 23:50:04,627 - INFO - Best train loss=2.2173388385772705; saved /home/wlia0047/ar57/wenyu/GeneRec/results/stage3_T5Train/sidarm_D_l2_64_cone/ckpt/Amazon_2023_Instruments/Oct-09-2026_23-44-56/HG_Rec_best.pth
2026-10-09 23:50:16,221 - INFO - Epoch 27/150 train_loss=2.2071868991851806
2026-10-09 23:50:16,256 - INFO - Best train loss=2.2071868991851806; saved /home/wlia0047/ar57/wenyu/GeneRec/results/stage3_T5Train/sidarm_D_l2_64_cone/ckpt/Amazon_2023_Instruments/Oct-09-2026_23-44-56/HG_Rec_best.pth
2026-10-09 23:50:27,854 - INFO - Epoch 28/150 train_loss=2.189433469772339
2026-10-09 23:50:27,890 - INFO - Best train loss=2.189433469772339; saved /home/wlia0047/ar57/wenyu/GeneRec/results/stage3_T5Train/sidarm_D_l2_64_cone/ckpt/Amazon_2023_Instruments/Oct-09-2026_23-44-56/HG_Rec_best.pth
2026-10-09 23:50:39,486 - INFO - Epoch 29/150 train_loss=2.177071647644043
2026-10-09 23:50:39,521 - INFO - Best train loss=2.177071647644043; saved /home/wlia0047/ar57/wenyu/GeneRec/results/stage3_T5Train/sidarm_D_l2_64_cone/ckpt/Amazon_2023_Instruments/Oct-09-2026_23-44-56/HG_Rec_best.pth
2026-10-09 23:50:51,111 - INFO - Epoch 30/150 train_loss=2.161293668746948
2026-10-09 23:50:51,146 - INFO - Best train loss=2.161293668746948; saved /home/wlia0047/ar57/wenyu/GeneRec/results/stage3_T5Train/sidarm_D_l2_64_cone/ckpt/Amazon_2023_Instruments/Oct-09-2026_23-44-56/HG_Rec_best.pth
2026-10-09 23:51:02,738 - INFO - Epoch 31/150 train_loss=2.1559904766082765
2026-10-09 23:51:02,774 - INFO - Best train loss=2.1559904766082765; saved /home/wlia0047/ar57/wenyu/GeneRec/results/stage3_T5Train/sidarm_D_l2_64_cone/ckpt/Amazon_2023_Instruments/Oct-09-2026_23-44-56/HG_Rec_best.pth
2026-10-09 23:51:14,366 - INFO - Epoch 32/150 train_loss=2.142970657348633
2026-10-09 23:51:14,402 - INFO - Best train loss=2.142970657348633; saved /home/wlia0047/ar57/wenyu/GeneRec/results/stage3_T5Train/sidarm_D_l2_64_cone/ckpt/Amazon_2023_Instruments/Oct-09-2026_23-44-56/HG_Rec_best.pth
2026-10-09 23:51:25,993 - INFO - Epoch 33/150 train_loss=2.13138427734375
2026-10-09 23:51:26,042 - INFO - Best train loss=2.13138427734375; saved /home/wlia0047/ar57/wenyu/GeneRec/results/stage3_T5Train/sidarm_D_l2_64_cone/ckpt/Amazon_2023_Instruments/Oct-09-2026_23-44-56/HG_Rec_best.pth
2026-10-09 23:51:37,638 - INFO - Epoch 34/150 train_loss=2.1231968593597412
2026-10-09 23:51:37,674 - INFO - Best train loss=2.1231968593597412; saved /home/wlia0047/ar57/wenyu/GeneRec/results/stage3_T5Train/sidarm_D_l2_64_cone/ckpt/Amazon_2023_Instruments/Oct-09-2026_23-44-56/HG_Rec_best.pth
2026-10-09 23:51:49,277 - INFO - Epoch 35/150 train_loss=2.1132068729400633
2026-10-09 23:51:49,312 - INFO - Best train loss=2.1132068729400633; saved /home/wlia0047/ar57/wenyu/GeneRec/results/stage3_T5Train/sidarm_D_l2_64_cone/ckpt/Amazon_2023_Instruments/Oct-09-2026_23-44-56/HG_Rec_best.pth
2026-10-09 23:52:00,910 - INFO - Epoch 36/150 train_loss=2.1035595989227294
2026-10-09 23:52:00,945 - INFO - Best train loss=2.1035595989227294; saved /home/wlia0047/ar57/wenyu/GeneRec/results/stage3_T5Train/sidarm_D_l2_64_cone/ckpt/Amazon_2023_Instruments/Oct-09-2026_23-44-56/HG_Rec_best.pth
2026-10-09 23:52:12,535 - INFO - Epoch 37/150 train_loss=2.0934635162353517
2026-10-09 23:52:12,571 - INFO - Best train loss=2.0934635162353517; saved /home/wlia0047/ar57/wenyu/GeneRec/results/stage3_T5Train/sidarm_D_l2_64_cone/ckpt/Amazon_2023_Instruments/Oct-09-2026_23-44-56/HG_Rec_best.pth
2026-10-09 23:52:24,755 - INFO - Epoch 38/150 train_loss=2.085575008392334
2026-10-09 23:52:24,824 - INFO - Best train loss=2.085575008392334; saved /home/wlia0047/ar57/wenyu/GeneRec/results/stage3_T5Train/sidarm_D_l2_64_cone/ckpt/Amazon_2023_Instruments/Oct-09-2026_23-44-56/HG_Rec_best.pth
2026-10-09 23:52:36,416 - INFO - Epoch 39/150 train_loss=2.0817228507995607
2026-10-09 23:52:36,451 - INFO - Best train loss=2.0817228507995607; saved /home/wlia0047/ar57/wenyu/GeneRec/results/stage3_T5Train/sidarm_D_l2_64_cone/ckpt/Amazon_2023_Instruments/Oct-09-2026_23-44-56/HG_Rec_best.pth
2026-10-09 23:52:48,055 - INFO - Epoch 40/150 train_loss=2.0716017723083495
2026-10-09 23:52:48,090 - INFO - Best train loss=2.0716017723083495; saved /home/wlia0047/ar57/wenyu/GeneRec/results/stage3_T5Train/sidarm_D_l2_64_cone/ckpt/Amazon_2023_Instruments/Oct-09-2026_23-44-56/HG_Rec_best.pth
2026-10-09 23:52:59,721 - INFO - Epoch 41/150 train_loss=2.0677284145355226
2026-10-09 23:52:59,758 - INFO - Best train loss=2.0677284145355226; saved /home/wlia0047/ar57/wenyu/GeneRec/results/stage3_T5Train/sidarm_D_l2_64_cone/ckpt/Amazon_2023_Instruments/Oct-09-2026_23-44-56/HG_Rec_best.pth
2026-10-09 23:53:11,407 - INFO - Epoch 42/150 train_loss=2.0612214851379393
2026-10-09 23:53:11,463 - INFO - Best train loss=2.0612214851379393; saved /home/wlia0047/ar57/wenyu/GeneRec/results/stage3_T5Train/sidarm_D_l2_64_cone/ckpt/Amazon_2023_Instruments/Oct-09-2026_23-44-56/HG_Rec_best.pth
2026-10-09 23:53:23,058 - INFO - Epoch 43/150 train_loss=2.0530584812164308
2026-10-09 23:53:23,098 - INFO - Best train loss=2.0530584812164308; saved /home/wlia0047/ar57/wenyu/GeneRec/results/stage3_T5Train/sidarm_D_l2_64_cone/ckpt/Amazon_2023_Instruments/Oct-09-2026_23-44-56/HG_Rec_best.pth
2026-10-09 23:53:34,688 - INFO - Epoch 44/150 train_loss=2.0467623805999757
2026-10-09 23:53:34,724 - INFO - Best train loss=2.0467623805999757; saved /home/wlia0047/ar57/wenyu/GeneRec/results/stage3_T5Train/sidarm_D_l2_64_cone/ckpt/Amazon_2023_Instruments/Oct-09-2026_23-44-56/HG_Rec_best.pth
2026-10-09 23:53:46,314 - INFO - Epoch 45/150 train_loss=2.041149892807007
2026-10-09 23:53:46,350 - INFO - Best train loss=2.041149892807007; saved /home/wlia0047/ar57/wenyu/GeneRec/results/stage3_T5Train/sidarm_D_l2_64_cone/ckpt/Amazon_2023_Instruments/Oct-09-2026_23-44-56/HG_Rec_best.pth
2026-10-09 23:53:57,943 - INFO - Epoch 46/150 train_loss=2.037442932128906
2026-10-09 23:53:57,978 - INFO - Best train loss=2.037442932128906; saved /home/wlia0047/ar57/wenyu/GeneRec/results/stage3_T5Train/sidarm_D_l2_64_cone/ckpt/Amazon_2023_Instruments/Oct-09-2026_23-44-56/HG_Rec_best.pth
2026-10-09 23:54:09,580 - INFO - Epoch 47/150 train_loss=2.0342110347747804
2026-10-09 23:54:09,616 - INFO - Best train loss=2.0342110347747804; saved /home/wlia0047/ar57/wenyu/GeneRec/results/stage3_T5Train/sidarm_D_l2_64_cone/ckpt/Amazon_2023_Instruments/Oct-09-2026_23-44-56/HG_Rec_best.pth
2026-10-09 23:54:21,210 - INFO - Epoch 48/150 train_loss=2.0275442028045654
2026-10-09 23:54:21,245 - INFO - Best train loss=2.0275442028045654; saved /home/wlia0047/ar57/wenyu/GeneRec/results/stage3_T5Train/sidarm_D_l2_64_cone/ckpt/Amazon_2023_Instruments/Oct-09-2026_23-44-56/HG_Rec_best.pth
2026-10-09 23:54:32,844 - INFO - Epoch 49/150 train_loss=2.0184529399871827
2026-10-09 23:54:32,880 - INFO - Best train loss=2.0184529399871827; saved /home/wlia0047/ar57/wenyu/GeneRec/results/stage3_T5Train/sidarm_D_l2_64_cone/ckpt/Amazon_2023_Instruments/Oct-09-2026_23-44-56/HG_Rec_best.pth
2026-10-09 23:54:44,477 - INFO - Epoch 50/150 train_loss=2.020566673278809
2026-10-09 23:54:56,073 - INFO - Epoch 51/150 train_loss=2.0121402454376223
2026-10-09 23:54:56,143 - INFO - Best train loss=2.0121402454376223; saved /home/wlia0047/ar57/wenyu/GeneRec/results/stage3_T5Train/sidarm_D_l2_64_cone/ckpt/Amazon_2023_Instruments/Oct-09-2026_23-44-56/HG_Rec_best.pth
2026-10-09 23:55:10,904 - INFO - Epoch 52/150 train_loss=2.0109228706359863
2026-10-09 23:55:11,193 - INFO - Best train loss=2.0109228706359863; saved /home/wlia0047/ar57/wenyu/GeneRec/results/stage3_T5Train/sidarm_D_l2_64_cone/ckpt/Amazon_2023_Instruments/Oct-09-2026_23-44-56/HG_Rec_best.pth
2026-10-09 23:55:22,932 - INFO - Epoch 53/150 train_loss=2.007646584510803
2026-10-09 23:55:22,979 - INFO - Best train loss=2.007646584510803; saved /home/wlia0047/ar57/wenyu/GeneRec/results/stage3_T5Train/sidarm_D_l2_64_cone/ckpt/Amazon_2023_Instruments/Oct-09-2026_23-44-56/HG_Rec_best.pth
2026-10-09 23:55:34,569 - INFO - Epoch 54/150 train_loss=2.0010885858535765
2026-10-09 23:55:34,605 - INFO - Best train loss=2.0010885858535765; saved /home/wlia0047/ar57/wenyu/GeneRec/results/stage3_T5Train/sidarm_D_l2_64_cone/ckpt/Amazon_2023_Instruments/Oct-09-2026_23-44-56/HG_Rec_best.pth
2026-10-09 23:55:46,202 - INFO - Epoch 55/150 train_loss=1.9973665952682496
2026-10-09 23:55:46,238 - INFO - Best train loss=1.9973665952682496; saved /home/wlia0047/ar57/wenyu/GeneRec/results/stage3_T5Train/sidarm_D_l2_64_cone/ckpt/Amazon_2023_Instruments/Oct-09-2026_23-44-56/HG_Rec_best.pth
2026-10-09 23:55:57,841 - INFO - Epoch 56/150 train_loss=1.9935112333297729
2026-10-09 23:55:57,876 - INFO - Best train loss=1.9935112333297729; saved /home/wlia0047/ar57/wenyu/GeneRec/results/stage3_T5Train/sidarm_D_l2_64_cone/ckpt/Amazon_2023_Instruments/Oct-09-2026_23-44-56/HG_Rec_best.pth
2026-10-09 23:56:09,466 - INFO - Epoch 57/150 train_loss=1.989250464439392
2026-10-09 23:56:09,501 - INFO - Best train loss=1.989250464439392; saved /home/wlia0047/ar57/wenyu/GeneRec/results/stage3_T5Train/sidarm_D_l2_64_cone/ckpt/Amazon_2023_Instruments/Oct-09-2026_23-44-56/HG_Rec_best.pth
2026-10-09 23:56:21,092 - INFO - Epoch 58/150 train_loss=1.9843941354751586
2026-10-09 23:56:21,129 - INFO - Best train loss=1.9843941354751586; saved /home/wlia0047/ar57/wenyu/GeneRec/results/stage3_T5Train/sidarm_D_l2_64_cone/ckpt/Amazon_2023_Instruments/Oct-09-2026_23-44-56/HG_Rec_best.pth
2026-10-09 23:56:32,727 - INFO - Epoch 59/150 train_loss=1.9818843793869019
2026-10-09 23:56:32,775 - INFO - Best train loss=1.9818843793869019; saved /home/wlia0047/ar57/wenyu/GeneRec/results/stage3_T5Train/sidarm_D_l2_64_cone/ckpt/Amazon_2023_Instruments/Oct-09-2026_23-44-56/HG_Rec_best.pth
2026-10-09 23:56:44,374 - INFO - Epoch 60/150 train_loss=1.978505139350891
2026-10-09 23:56:44,409 - INFO - Best train loss=1.978505139350891; saved /home/wlia0047/ar57/wenyu/GeneRec/results/stage3_T5Train/sidarm_D_l2_64_cone/ckpt/Amazon_2023_Instruments/Oct-09-2026_23-44-56/HG_Rec_best.pth
2026-10-09 23:56:56,002 - INFO - Epoch 61/150 train_loss=1.9753123569488524
2026-10-09 23:56:56,039 - INFO - Best train loss=1.9753123569488524; saved /home/wlia0047/ar57/wenyu/GeneRec/results/stage3_T5Train/sidarm_D_l2_64_cone/ckpt/Amazon_2023_Instruments/Oct-09-2026_23-44-56/HG_Rec_best.pth
2026-10-09 23:57:07,633 - INFO - Epoch 62/150 train_loss=1.9726285457611084
2026-10-09 23:57:07,669 - INFO - Best train loss=1.9726285457611084; saved /home/wlia0047/ar57/wenyu/GeneRec/results/stage3_T5Train/sidarm_D_l2_64_cone/ckpt/Amazon_2023_Instruments/Oct-09-2026_23-44-56/HG_Rec_best.pth
2026-10-09 23:57:19,270 - INFO - Epoch 63/150 train_loss=1.9721796751022338
2026-10-09 23:57:19,306 - INFO - Best train loss=1.9721796751022338; saved /home/wlia0047/ar57/wenyu/GeneRec/results/stage3_T5Train/sidarm_D_l2_64_cone/ckpt/Amazon_2023_Instruments/Oct-09-2026_23-44-56/HG_Rec_best.pth
2026-10-09 23:57:30,897 - INFO - Epoch 64/150 train_loss=1.9696726036071777
2026-10-09 23:57:30,935 - INFO - Best train loss=1.9696726036071777; saved /home/wlia0047/ar57/wenyu/GeneRec/results/stage3_T5Train/sidarm_D_l2_64_cone/ckpt/Amazon_2023_Instruments/Oct-09-2026_23-44-56/HG_Rec_best.pth
2026-10-09 23:57:42,533 - INFO - Epoch 65/150 train_loss=1.9659828233718872
2026-10-09 23:57:42,571 - INFO - Best train loss=1.9659828233718872; saved /home/wlia0047/ar57/wenyu/GeneRec/results/stage3_T5Train/sidarm_D_l2_64_cone/ckpt/Amazon_2023_Instruments/Oct-09-2026_23-44-56/HG_Rec_best.pth
2026-10-09 23:57:54,166 - INFO - Epoch 66/150 train_loss=1.9624578285217285
2026-10-09 23:57:54,202 - INFO - Best train loss=1.9624578285217285; saved /home/wlia0047/ar57/wenyu/GeneRec/results/stage3_T5Train/sidarm_D_l2_64_cone/ckpt/Amazon_2023_Instruments/Oct-09-2026_23-44-56/HG_Rec_best.pth
2026-10-09 23:58:05,799 - INFO - Epoch 67/150 train_loss=1.9578990125656128
2026-10-09 23:58:05,837 - INFO - Best train loss=1.9578990125656128; saved /home/wlia0047/ar57/wenyu/GeneRec/results/stage3_T5Train/sidarm_D_l2_64_cone/ckpt/Amazon_2023_Instruments/Oct-09-2026_23-44-56/HG_Rec_best.pth
2026-10-09 23:58:17,434 - INFO - Epoch 68/150 train_loss=1.9577848100662232
2026-10-09 23:58:17,470 - INFO - Best train loss=1.9577848100662232; saved /home/wlia0047/ar57/wenyu/GeneRec/results/stage3_T5Train/sidarm_D_l2_64_cone/ckpt/Amazon_2023_Instruments/Oct-09-2026_23-44-56/HG_Rec_best.pth
2026-10-09 23:58:29,062 - INFO - Epoch 69/150 train_loss=1.958861083984375
2026-10-09 23:58:40,666 - INFO - Epoch 70/150 train_loss=1.9515264511108399
2026-10-09 23:58:40,702 - INFO - Best train loss=1.9515264511108399; saved /home/wlia0047/ar57/wenyu/GeneRec/results/stage3_T5Train/sidarm_D_l2_64_cone/ckpt/Amazon_2023_Instruments/Oct-09-2026_23-44-56/HG_Rec_best.pth
2026-10-09 23:58:52,297 - INFO - Epoch 71/150 train_loss=1.9500967931747437
2026-10-09 23:58:52,334 - INFO - Best train loss=1.9500967931747437; saved /home/wlia0047/ar57/wenyu/GeneRec/results/stage3_T5Train/sidarm_D_l2_64_cone/ckpt/Amazon_2023_Instruments/Oct-09-2026_23-44-56/HG_Rec_best.pth
2026-10-09 23:59:03,932 - INFO - Epoch 72/150 train_loss=1.9467121744155884
2026-10-09 23:59:03,965 - INFO - Best train loss=1.9467121744155884; saved /home/wlia0047/ar57/wenyu/GeneRec/results/stage3_T5Train/sidarm_D_l2_64_cone/ckpt/Amazon_2023_Instruments/Oct-09-2026_23-44-56/HG_Rec_best.pth
2026-10-09 23:59:15,565 - INFO - Epoch 73/150 train_loss=1.9383100032806397
2026-10-09 23:59:15,607 - INFO - Best train loss=1.9383100032806397; saved /home/wlia0047/ar57/wenyu/GeneRec/results/stage3_T5Train/sidarm_D_l2_64_cone/ckpt/Amazon_2023_Instruments/Oct-09-2026_23-44-56/HG_Rec_best.pth
2026-10-09 23:59:27,403 - INFO - Epoch 74/150 train_loss=1.940342402458191
2026-10-09 23:59:39,008 - INFO - Epoch 75/150 train_loss=1.9367655277252198
2026-10-09 23:59:39,045 - INFO - Best train loss=1.9367655277252198; saved /home/wlia0047/ar57/wenyu/GeneRec/results/stage3_T5Train/sidarm_D_l2_64_cone/ckpt/Amazon_2023_Instruments/Oct-09-2026_23-44-56/HG_Rec_best.pth
2026-10-09 23:59:50,645 - INFO - Epoch 76/150 train_loss=1.9329482746124267
2026-10-09 23:59:50,681 - INFO - Best train loss=1.9329482746124267; saved /home/wlia0047/ar57/wenyu/GeneRec/results/stage3_T5Train/sidarm_D_l2_64_cone/ckpt/Amazon_2023_Instruments/Oct-09-2026_23-44-56/HG_Rec_best.pth
2026-10-10 00:00:02,276 - INFO - Epoch 77/150 train_loss=1.9284581804275513
2026-10-10 00:00:02,314 - INFO - Best train loss=1.9284581804275513; saved /home/wlia0047/ar57/wenyu/GeneRec/results/stage3_T5Train/sidarm_D_l2_64_cone/ckpt/Amazon_2023_Instruments/Oct-09-2026_23-44-56/HG_Rec_best.pth
2026-10-10 00:00:13,912 - INFO - Epoch 78/150 train_loss=1.9247657823562623
2026-10-10 00:00:13,948 - INFO - Best train loss=1.9247657823562623; saved /home/wlia0047/ar57/wenyu/GeneRec/results/stage3_T5Train/sidarm_D_l2_64_cone/ckpt/Amazon_2023_Instruments/Oct-09-2026_23-44-56/HG_Rec_best.pth
2026-10-10 00:00:25,545 - INFO - Epoch 79/150 train_loss=1.9220897579193115
2026-10-10 00:00:25,581 - INFO - Best train loss=1.9220897579193115; saved /home/wlia0047/ar57/wenyu/GeneRec/results/stage3_T5Train/sidarm_D_l2_64_cone/ckpt/Amazon_2023_Instruments/Oct-09-2026_23-44-56/HG_Rec_best.pth
2026-10-10 00:00:37,179 - INFO - Epoch 80/150 train_loss=1.9189749717712403
2026-10-10 00:00:38,094 - INFO - Best train loss=1.9189749717712403; saved /home/wlia0047/ar57/wenyu/GeneRec/results/stage3_T5Train/sidarm_D_l2_64_cone/ckpt/Amazon_2023_Instruments/Oct-09-2026_23-44-56/HG_Rec_best.pth
2026-10-10 00:00:49,689 - INFO - Epoch 81/150 train_loss=1.9209562635421753
2026-10-10 00:01:01,289 - INFO - Epoch 82/150 train_loss=1.9155219459533692
2026-10-10 00:01:01,326 - INFO - Best train loss=1.9155219459533692; saved /home/wlia0047/ar57/wenyu/GeneRec/results/stage3_T5Train/sidarm_D_l2_64_cone/ckpt/Amazon_2023_Instruments/Oct-09-2026_23-44-56/HG_Rec_best.pth
2026-10-10 00:01:12,921 - INFO - Epoch 83/150 train_loss=1.9147568035125733
2026-10-10 00:01:12,956 - INFO - Best train loss=1.9147568035125733; saved /home/wlia0047/ar57/wenyu/GeneRec/results/stage3_T5Train/sidarm_D_l2_64_cone/ckpt/Amazon_2023_Instruments/Oct-09-2026_23-44-56/HG_Rec_best.pth
2026-10-10 00:01:24,553 - INFO - Epoch 84/150 train_loss=1.9101311922073365
2026-10-10 00:01:24,588 - INFO - Best train loss=1.9101311922073365; saved /home/wlia0047/ar57/wenyu/GeneRec/results/stage3_T5Train/sidarm_D_l2_64_cone/ckpt/Amazon_2023_Instruments/Oct-09-2026_23-44-56/HG_Rec_best.pth
2026-10-10 00:01:36,189 - INFO - Epoch 85/150 train_loss=1.9092937088012696
2026-10-10 00:01:36,225 - INFO - Best train loss=1.9092937088012696; saved /home/wlia0047/ar57/wenyu/GeneRec/results/stage3_T5Train/sidarm_D_l2_64_cone/ckpt/Amazon_2023_Instruments/Oct-09-2026_23-44-56/HG_Rec_best.pth
2026-10-10 00:01:47,817 - INFO - Epoch 86/150 train_loss=1.907900710105896
2026-10-10 00:01:47,855 - INFO - Best train loss=1.907900710105896; saved /home/wlia0047/ar57/wenyu/GeneRec/results/stage3_T5Train/sidarm_D_l2_64_cone/ckpt/Amazon_2023_Instruments/Oct-09-2026_23-44-56/HG_Rec_best.pth
2026-10-10 00:01:59,452 - INFO - Epoch 87/150 train_loss=1.9074908447265626
2026-10-10 00:01:59,490 - INFO - Best train loss=1.9074908447265626; saved /home/wlia0047/ar57/wenyu/GeneRec/results/stage3_T5Train/sidarm_D_l2_64_cone/ckpt/Amazon_2023_Instruments/Oct-09-2026_23-44-56/HG_Rec_best.pth
2026-10-10 00:02:11,080 - INFO - Epoch 88/150 train_loss=1.9045447254180907
2026-10-10 00:02:11,116 - INFO - Best train loss=1.9045447254180907; saved /home/wlia0047/ar57/wenyu/GeneRec/results/stage3_T5Train/sidarm_D_l2_64_cone/ckpt/Amazon_2023_Instruments/Oct-09-2026_23-44-56/HG_Rec_best.pth
2026-10-10 00:02:22,715 - INFO - Epoch 89/150 train_loss=1.9025306463241578
2026-10-10 00:02:22,751 - INFO - Best train loss=1.9025306463241578; saved /home/wlia0047/ar57/wenyu/GeneRec/results/stage3_T5Train/sidarm_D_l2_64_cone/ckpt/Amazon_2023_Instruments/Oct-09-2026_23-44-56/HG_Rec_best.pth
2026-10-10 00:02:34,351 - INFO - Epoch 90/150 train_loss=1.9002878332138062
2026-10-10 00:02:34,387 - INFO - Best train loss=1.9002878332138062; saved /home/wlia0047/ar57/wenyu/GeneRec/results/stage3_T5Train/sidarm_D_l2_64_cone/ckpt/Amazon_2023_Instruments/Oct-09-2026_23-44-56/HG_Rec_best.pth
2026-10-10 00:02:45,984 - INFO - Epoch 91/150 train_loss=1.8993591165542603
2026-10-10 00:02:46,020 - INFO - Best train loss=1.8993591165542603; saved /home/wlia0047/ar57/wenyu/GeneRec/results/stage3_T5Train/sidarm_D_l2_64_cone/ckpt/Amazon_2023_Instruments/Oct-09-2026_23-44-56/HG_Rec_best.pth
2026-10-10 00:02:57,610 - INFO - Epoch 92/150 train_loss=1.8972154617309571
2026-10-10 00:02:57,645 - INFO - Best train loss=1.8972154617309571; saved /home/wlia0047/ar57/wenyu/GeneRec/results/stage3_T5Train/sidarm_D_l2_64_cone/ckpt/Amazon_2023_Instruments/Oct-09-2026_23-44-56/HG_Rec_best.pth
2026-10-10 00:03:09,239 - INFO - Epoch 93/150 train_loss=1.8939514207839965
2026-10-10 00:03:09,275 - INFO - Best train loss=1.8939514207839965; saved /home/wlia0047/ar57/wenyu/GeneRec/results/stage3_T5Train/sidarm_D_l2_64_cone/ckpt/Amazon_2023_Instruments/Oct-09-2026_23-44-56/HG_Rec_best.pth
2026-10-10 00:03:20,870 - INFO - Epoch 94/150 train_loss=1.8955257987976075
2026-10-10 00:03:32,477 - INFO - Epoch 95/150 train_loss=1.8924595975875855
2026-10-10 00:03:32,512 - INFO - Best train loss=1.8924595975875855; saved /home/wlia0047/ar57/wenyu/GeneRec/results/stage3_T5Train/sidarm_D_l2_64_cone/ckpt/Amazon_2023_Instruments/Oct-09-2026_23-44-56/HG_Rec_best.pth
2026-10-10 00:03:44,106 - INFO - Epoch 96/150 train_loss=1.8922700691223144
2026-10-10 00:03:44,142 - INFO - Best train loss=1.8922700691223144; saved /home/wlia0047/ar57/wenyu/GeneRec/results/stage3_T5Train/sidarm_D_l2_64_cone/ckpt/Amazon_2023_Instruments/Oct-09-2026_23-44-56/HG_Rec_best.pth
2026-10-10 00:03:55,744 - INFO - Epoch 97/150 train_loss=1.8903850841522216
2026-10-10 00:03:55,780 - INFO - Best train loss=1.8903850841522216; saved /home/wlia0047/ar57/wenyu/GeneRec/results/stage3_T5Train/sidarm_D_l2_64_cone/ckpt/Amazon_2023_Instruments/Oct-09-2026_23-44-56/HG_Rec_best.pth
2026-10-10 00:04:07,375 - INFO - Epoch 98/150 train_loss=1.8885991048812867
2026-10-10 00:04:07,411 - INFO - Best train loss=1.8885991048812867; saved /home/wlia0047/ar57/wenyu/GeneRec/results/stage3_T5Train/sidarm_D_l2_64_cone/ckpt/Amazon_2023_Instruments/Oct-09-2026_23-44-56/HG_Rec_best.pth
2026-10-10 00:04:19,008 - INFO - Epoch 99/150 train_loss=1.887254548072815
2026-10-10 00:04:19,043 - INFO - Best train loss=1.887254548072815; saved /home/wlia0047/ar57/wenyu/GeneRec/results/stage3_T5Train/sidarm_D_l2_64_cone/ckpt/Amazon_2023_Instruments/Oct-09-2026_23-44-56/HG_Rec_best.pth
2026-10-10 00:04:31,237 - INFO - Epoch 100/150 train_loss=1.8859951972961426
2026-10-10 00:04:31,288 - INFO - Best train loss=1.8859951972961426; saved /home/wlia0047/ar57/wenyu/GeneRec/results/stage3_T5Train/sidarm_D_l2_64_cone/ckpt/Amazon_2023_Instruments/Oct-09-2026_23-44-56/HG_Rec_best.pth
2026-10-10 00:04:42,887 - INFO - Epoch 101/150 train_loss=1.8850631380081178
2026-10-10 00:04:43,153 - INFO - Best train loss=1.8850631380081178; saved /home/wlia0047/ar57/wenyu/GeneRec/results/stage3_T5Train/sidarm_D_l2_64_cone/ckpt/Amazon_2023_Instruments/Oct-09-2026_23-44-56/HG_Rec_best.pth
2026-10-10 00:04:54,745 - INFO - Epoch 102/150 train_loss=1.8847077226638793
2026-10-10 00:04:54,782 - INFO - Best train loss=1.8847077226638793; saved /home/wlia0047/ar57/wenyu/GeneRec/results/stage3_T5Train/sidarm_D_l2_64_cone/ckpt/Amazon_2023_Instruments/Oct-09-2026_23-44-56/HG_Rec_best.pth
2026-10-10 00:05:06,804 - INFO - Epoch 103/150 train_loss=1.8802667665481567
2026-10-10 00:05:06,841 - INFO - Best train loss=1.8802667665481567; saved /home/wlia0047/ar57/wenyu/GeneRec/results/stage3_T5Train/sidarm_D_l2_64_cone/ckpt/Amazon_2023_Instruments/Oct-09-2026_23-44-56/HG_Rec_best.pth
2026-10-10 00:05:19,975 - INFO - Epoch 104/150 train_loss=1.8785371446609498
2026-10-10 00:05:20,451 - INFO - Best train loss=1.8785371446609498; saved /home/wlia0047/ar57/wenyu/GeneRec/results/stage3_T5Train/sidarm_D_l2_64_cone/ckpt/Amazon_2023_Instruments/Oct-09-2026_23-44-56/HG_Rec_best.pth
2026-10-10 00:05:32,139 - INFO - Epoch 105/150 train_loss=1.8812464380264282
2026-10-10 00:05:43,761 - INFO - Epoch 106/150 train_loss=1.8759614992141724
2026-10-10 00:05:43,799 - INFO - Best train loss=1.8759614992141724; saved /home/wlia0047/ar57/wenyu/GeneRec/results/stage3_T5Train/sidarm_D_l2_64_cone/ckpt/Amazon_2023_Instruments/Oct-09-2026_23-44-56/HG_Rec_best.pth
2026-10-10 00:05:55,462 - INFO - Epoch 107/150 train_loss=1.8787161254882812
2026-10-10 00:06:07,056 - INFO - Epoch 108/150 train_loss=1.8776603317260743
2026-10-10 00:06:18,658 - INFO - Epoch 109/150 train_loss=1.8742819404602051
2026-10-10 00:06:18,700 - INFO - Best train loss=1.8742819404602051; saved /home/wlia0047/ar57/wenyu/GeneRec/results/stage3_T5Train/sidarm_D_l2_64_cone/ckpt/Amazon_2023_Instruments/Oct-09-2026_23-44-56/HG_Rec_best.pth
2026-10-10 00:06:30,296 - INFO - Epoch 110/150 train_loss=1.8709113502502441
2026-10-10 00:06:30,332 - INFO - Best train loss=1.8709113502502441; saved /home/wlia0047/ar57/wenyu/GeneRec/results/stage3_T5Train/sidarm_D_l2_64_cone/ckpt/Amazon_2023_Instruments/Oct-09-2026_23-44-56/HG_Rec_best.pth
2026-10-10 00:06:41,929 - INFO - Epoch 111/150 train_loss=1.8705881786346437
2026-10-10 00:06:41,964 - INFO - Best train loss=1.8705881786346437; saved /home/wlia0047/ar57/wenyu/GeneRec/results/stage3_T5Train/sidarm_D_l2_64_cone/ckpt/Amazon_2023_Instruments/Oct-09-2026_23-44-56/HG_Rec_best.pth
2026-10-10 00:06:53,557 - INFO - Epoch 112/150 train_loss=1.8707781457901
2026-10-10 00:07:05,492 - INFO - Epoch 113/150 train_loss=1.870539140701294
2026-10-10 00:07:06,019 - INFO - Best train loss=1.870539140701294; saved /home/wlia0047/ar57/wenyu/GeneRec/results/stage3_T5Train/sidarm_D_l2_64_cone/ckpt/Amazon_2023_Instruments/Oct-09-2026_23-44-56/HG_Rec_best.pth
2026-10-10 00:07:17,618 - INFO - Epoch 114/150 train_loss=1.868535509109497
2026-10-10 00:07:17,655 - INFO - Best train loss=1.868535509109497; saved /home/wlia0047/ar57/wenyu/GeneRec/results/stage3_T5Train/sidarm_D_l2_64_cone/ckpt/Amazon_2023_Instruments/Oct-09-2026_23-44-56/HG_Rec_best.pth
2026-10-10 00:07:29,254 - INFO - Epoch 115/150 train_loss=1.8681204319000244
2026-10-10 00:07:29,290 - INFO - Best train loss=1.8681204319000244; saved /home/wlia0047/ar57/wenyu/GeneRec/results/stage3_T5Train/sidarm_D_l2_64_cone/ckpt/Amazon_2023_Instruments/Oct-09-2026_23-44-56/HG_Rec_best.pth
2026-10-10 00:07:40,882 - INFO - Epoch 116/150 train_loss=1.867063946723938
2026-10-10 00:07:40,918 - INFO - Best train loss=1.867063946723938; saved /home/wlia0047/ar57/wenyu/GeneRec/results/stage3_T5Train/sidarm_D_l2_64_cone/ckpt/Amazon_2023_Instruments/Oct-09-2026_23-44-56/HG_Rec_best.pth
2026-10-10 00:07:52,512 - INFO - Epoch 117/150 train_loss=1.865948944091797
2026-10-10 00:07:52,548 - INFO - Best train loss=1.865948944091797; saved /home/wlia0047/ar57/wenyu/GeneRec/results/stage3_T5Train/sidarm_D_l2_64_cone/ckpt/Amazon_2023_Instruments/Oct-09-2026_23-44-56/HG_Rec_best.pth
2026-10-10 00:08:04,147 - INFO - Epoch 118/150 train_loss=1.8620957231521607
2026-10-10 00:08:04,183 - INFO - Best train loss=1.8620957231521607; saved /home/wlia0047/ar57/wenyu/GeneRec/results/stage3_T5Train/sidarm_D_l2_64_cone/ckpt/Amazon_2023_Instruments/Oct-09-2026_23-44-56/HG_Rec_best.pth
2026-10-10 00:08:15,782 - INFO - Epoch 119/150 train_loss=1.864002137184143
2026-10-10 00:08:27,378 - INFO - Epoch 120/150 train_loss=1.859419345855713
2026-10-10 00:08:27,422 - INFO - Best train loss=1.859419345855713; saved /home/wlia0047/ar57/wenyu/GeneRec/results/stage3_T5Train/sidarm_D_l2_64_cone/ckpt/Amazon_2023_Instruments/Oct-09-2026_23-44-56/HG_Rec_best.pth
2026-10-10 00:08:39,021 - INFO - Epoch 121/150 train_loss=1.8609762573242188
2026-10-10 00:08:50,618 - INFO - Epoch 122/150 train_loss=1.8597150707244874
2026-10-10 00:09:02,225 - INFO - Epoch 123/150 train_loss=1.8572847652435303
2026-10-10 00:09:02,264 - INFO - Best train loss=1.8572847652435303; saved /home/wlia0047/ar57/wenyu/GeneRec/results/stage3_T5Train/sidarm_D_l2_64_cone/ckpt/Amazon_2023_Instruments/Oct-09-2026_23-44-56/HG_Rec_best.pth
2026-10-10 00:09:13,867 - INFO - Epoch 124/150 train_loss=1.8572347259521484
2026-10-10 00:09:13,899 - INFO - Best train loss=1.8572347259521484; saved /home/wlia0047/ar57/wenyu/GeneRec/results/stage3_T5Train/sidarm_D_l2_64_cone/ckpt/Amazon_2023_Instruments/Oct-09-2026_23-44-56/HG_Rec_best.pth
2026-10-10 00:09:27,337 - INFO - Epoch 125/150 train_loss=1.8567609691619873
2026-10-10 00:09:27,385 - INFO - Best train loss=1.8567609691619873; saved /home/wlia0047/ar57/wenyu/GeneRec/results/stage3_T5Train/sidarm_D_l2_64_cone/ckpt/Amazon_2023_Instruments/Oct-09-2026_23-44-56/HG_Rec_best.pth
2026-10-10 00:09:39,131 - INFO - Epoch 126/150 train_loss=1.855079174041748
2026-10-10 00:09:39,179 - INFO - Best train loss=1.855079174041748; saved /home/wlia0047/ar57/wenyu/GeneRec/results/stage3_T5Train/sidarm_D_l2_64_cone/ckpt/Amazon_2023_Instruments/Oct-09-2026_23-44-56/HG_Rec_best.pth
2026-10-10 00:09:50,771 - INFO - Epoch 127/150 train_loss=1.8540661764144897
2026-10-10 00:09:50,808 - INFO - Best train loss=1.8540661764144897; saved /home/wlia0047/ar57/wenyu/GeneRec/results/stage3_T5Train/sidarm_D_l2_64_cone/ckpt/Amazon_2023_Instruments/Oct-09-2026_23-44-56/HG_Rec_best.pth
2026-10-10 00:10:02,402 - INFO - Epoch 128/150 train_loss=1.855495376586914
2026-10-10 00:10:13,998 - INFO - Epoch 129/150 train_loss=1.8521782112121583
2026-10-10 00:10:14,039 - INFO - Best train loss=1.8521782112121583; saved /home/wlia0047/ar57/wenyu/GeneRec/results/stage3_T5Train/sidarm_D_l2_64_cone/ckpt/Amazon_2023_Instruments/Oct-09-2026_23-44-56/HG_Rec_best.pth
2026-10-10 00:10:25,635 - INFO - Epoch 130/150 train_loss=1.8535824203491211
2026-10-10 00:10:37,232 - INFO - Epoch 131/150 train_loss=1.8513310432434082
2026-10-10 00:10:37,272 - INFO - Best train loss=1.8513310432434082; saved /home/wlia0047/ar57/wenyu/GeneRec/results/stage3_T5Train/sidarm_D_l2_64_cone/ckpt/Amazon_2023_Instruments/Oct-09-2026_23-44-56/HG_Rec_best.pth
2026-10-10 00:10:48,872 - INFO - Epoch 132/150 train_loss=1.8513070631027222
2026-10-10 00:10:48,906 - INFO - Best train loss=1.8513070631027222; saved /home/wlia0047/ar57/wenyu/GeneRec/results/stage3_T5Train/sidarm_D_l2_64_cone/ckpt/Amazon_2023_Instruments/Oct-09-2026_23-44-56/HG_Rec_best.pth
2026-10-10 00:11:00,508 - INFO - Epoch 133/150 train_loss=1.8526160001754761
2026-10-10 00:11:12,106 - INFO - Epoch 134/150 train_loss=1.8496754169464111
2026-10-10 00:11:12,144 - INFO - Best train loss=1.8496754169464111; saved /home/wlia0047/ar57/wenyu/GeneRec/results/stage3_T5Train/sidarm_D_l2_64_cone/ckpt/Amazon_2023_Instruments/Oct-09-2026_23-44-56/HG_Rec_best.pth
2026-10-10 00:11:23,745 - INFO - Epoch 135/150 train_loss=1.848296513557434
2026-10-10 00:11:23,779 - INFO - Best train loss=1.848296513557434; saved /home/wlia0047/ar57/wenyu/GeneRec/results/stage3_T5Train/sidarm_D_l2_64_cone/ckpt/Amazon_2023_Instruments/Oct-09-2026_23-44-56/HG_Rec_best.pth
2026-10-10 00:11:35,377 - INFO - Epoch 136/150 train_loss=1.8495060205459595
2026-10-10 00:11:46,970 - INFO - Epoch 137/150 train_loss=1.8487237977981568
2026-10-10 00:11:58,678 - INFO - Epoch 138/150 train_loss=1.848089838027954
2026-10-10 00:11:58,713 - INFO - Best train loss=1.848089838027954; saved /home/wlia0047/ar57/wenyu/GeneRec/results/stage3_T5Train/sidarm_D_l2_64_cone/ckpt/Amazon_2023_Instruments/Oct-09-2026_23-44-56/HG_Rec_best.pth
2026-10-10 00:12:10,399 - INFO - Epoch 139/150 train_loss=1.8458957719802855
2026-10-10 00:12:10,450 - INFO - Best train loss=1.8458957719802855; saved /home/wlia0047/ar57/wenyu/GeneRec/results/stage3_T5Train/sidarm_D_l2_64_cone/ckpt/Amazon_2023_Instruments/Oct-09-2026_23-44-56/HG_Rec_best.pth
2026-10-10 00:12:22,048 - INFO - Epoch 140/150 train_loss=1.8434007024765016
2026-10-10 00:12:22,083 - INFO - Best train loss=1.8434007024765016; saved /home/wlia0047/ar57/wenyu/GeneRec/results/stage3_T5Train/sidarm_D_l2_64_cone/ckpt/Amazon_2023_Instruments/Oct-09-2026_23-44-56/HG_Rec_best.pth
2026-10-10 00:12:33,677 - INFO - Epoch 141/150 train_loss=1.8483276081085205
2026-10-10 00:12:45,273 - INFO - Epoch 142/150 train_loss=1.8461739587783814
2026-10-10 00:12:56,876 - INFO - Epoch 143/150 train_loss=1.8439396333694458
2026-10-10 00:13:08,483 - INFO - Epoch 144/150 train_loss=1.8423523998260498
2026-10-10 00:13:08,522 - INFO - Best train loss=1.8423523998260498; saved /home/wlia0047/ar57/wenyu/GeneRec/results/stage3_T5Train/sidarm_D_l2_64_cone/ckpt/Amazon_2023_Instruments/Oct-09-2026_23-44-56/HG_Rec_best.pth
2026-10-10 00:13:20,112 - INFO - Epoch 145/150 train_loss=1.8421113109588623
2026-10-10 00:13:20,147 - INFO - Best train loss=1.8421113109588623; saved /home/wlia0047/ar57/wenyu/GeneRec/results/stage3_T5Train/sidarm_D_l2_64_cone/ckpt/Amazon_2023_Instruments/Oct-09-2026_23-44-56/HG_Rec_best.pth
2026-10-10 00:13:31,740 - INFO - Epoch 146/150 train_loss=1.8416838932037354
2026-10-10 00:13:31,779 - INFO - Best train loss=1.8416838932037354; saved /home/wlia0047/ar57/wenyu/GeneRec/results/stage3_T5Train/sidarm_D_l2_64_cone/ckpt/Amazon_2023_Instruments/Oct-09-2026_23-44-56/HG_Rec_best.pth
2026-10-10 00:13:43,372 - INFO - Epoch 147/150 train_loss=1.8395359373092652
2026-10-10 00:13:43,407 - INFO - Best train loss=1.8395359373092652; saved /home/wlia0047/ar57/wenyu/GeneRec/results/stage3_T5Train/sidarm_D_l2_64_cone/ckpt/Amazon_2023_Instruments/Oct-09-2026_23-44-56/HG_Rec_best.pth
2026-10-10 00:13:55,011 - INFO - Epoch 148/150 train_loss=1.8406681442260742
2026-10-10 00:14:06,611 - INFO - Epoch 149/150 train_loss=1.8406166553497314
2026-10-10 00:14:18,204 - INFO - Epoch 150/150 train_loss=1.838467755317688
2026-10-10 00:14:18,257 - INFO - Best train loss=1.838467755317688; saved /home/wlia0047/ar57/wenyu/GeneRec/results/stage3_T5Train/sidarm_D_l2_64_cone/ckpt/Amazon_2023_Instruments/Oct-09-2026_23-44-56/HG_Rec_best.pth
2026-10-10 00:16:29,767 - INFO - Test={'best_checkpoint': '/home/wlia0047/ar57/wenyu/GeneRec/results/stage3_T5Train/sidarm_D_l2_64_cone/ckpt/Amazon_2023_Instruments/Oct-09-2026_23-44-56/HG_Rec_best.pth', 'n_eval': 57439, 'test_recall@5': 0.030658611744633437, 'test_recall@10': 0.0458225247654033, 'test_ndcg@5': 0.019987029914870825, 'test_ndcg@10': 0.024861682355637193}
