2026-09-28 04:32:28,027 - INFO - Configuration: {'batch_size': 4096, 'infer_size': 1024, 'num_epochs': 150, 'eval_interval': 5, 'eval_start_epoch': 75, 'early_eval_epochs': (25, 50, 75, 100, 125), 'fast': True, 'bf16': True, 'use_lr_scheduler': True, 'lr_warmup_pct': 0.1, 'lr_min_factor': 0.2, 'compile': False, 'compile_mode': 'default', 'num_layers': 4, 'num_decoder_layers': 4, 'd_model': 128, 'd_ff': 1024, 'num_heads': 6, 'd_kv': 64, 'dropout_rate': 0.1, 'activation_function': 'relu', 'feed_forward_proj': 'relu', 'device': 'cuda', 'lr': 0.003, 'weight_decay': 0.05, 'vocab_size': 799, 'eos_token_id': 798, 'pad_token_id': 0, 'n_user_tokens': 1, 'max_len': 20, 'dataset_name': 'Amazon_2023_Instruments', 'dataset_path': '/home/wlia0047/ar57/wenyu/GeneRec/results/stage0_build_parquet/', 'codebook_size': [256, 256, 256, 1], 'code_path': '/fs04/ar57/wenyu/GeneRec/results/stage2_RQ-VAE/curvature_RQ-VAE_iter34/item_sids.json', 'train_file': 'train.parquet', 'valid_file': 'valid.parquet', 'test_file': 'test.parquet', 'log_path': '/fs04/ar57/wenyu/GeneRec/results/stage3_T5Train/curvature_RQ-VAE_iter34/logs/', 'save_path': '/fs04/ar57/wenyu/GeneRec/results/stage3_T5Train/curvature_RQ-VAE_iter34/ckpt/', 'seed': 42, 'topk_list': [5, 10], 'beam_size': 20, 'no_eval': True, 'skip_test': False, 'screen_baseline_log': '', 'screen_start_epoch': 40, 'screen_window': 5, 'screen_min_ndcg_gain': 0.001, 'screen_min_recall_gain': 0.001, 'num_workers': 4, 'prefetch_factor': 8, 'exclude_history': True, 'no_exclude_history': False, 'pin_memory': True, 'no_pin_memory': False, 'sid_length': 4, 'max_token_seq_len': 82, 'decoder_start_token_id': 0}
2026-09-28 04:32:28,079 - INFO - #Embedding parameters: 102272
#Non-embedding parameters: 4459648
#Total trainable parameters: 4561920

2026-09-28 04:32:41,916 - INFO - Epoch 1/150 train_loss=4.8427712059021
2026-09-28 04:32:41,997 - INFO - Best train loss=4.8427712059021; saved /fs04/ar57/wenyu/GeneRec/results/stage3_T5Train/curvature_RQ-VAE_iter34/ckpt/Amazon_2023_Instruments/Sep-28-2026_04-32-28/HG_Rec_best.pth
2026-09-28 04:32:53,618 - INFO - Epoch 2/150 train_loss=4.16018964767456
2026-09-28 04:32:53,659 - INFO - Best train loss=4.16018964767456; saved /fs04/ar57/wenyu/GeneRec/results/stage3_T5Train/curvature_RQ-VAE_iter34/ckpt/Amazon_2023_Instruments/Sep-28-2026_04-32-28/HG_Rec_best.pth
2026-09-28 04:33:05,263 - INFO - Epoch 3/150 train_loss=3.9500009536743166
2026-09-28 04:33:05,299 - INFO - Best train loss=3.9500009536743166; saved /fs04/ar57/wenyu/GeneRec/results/stage3_T5Train/curvature_RQ-VAE_iter34/ckpt/Amazon_2023_Instruments/Sep-28-2026_04-32-28/HG_Rec_best.pth
2026-09-28 04:33:16,913 - INFO - Epoch 4/150 train_loss=3.811880168914795
2026-09-28 04:33:16,950 - INFO - Best train loss=3.811880168914795; saved /fs04/ar57/wenyu/GeneRec/results/stage3_T5Train/curvature_RQ-VAE_iter34/ckpt/Amazon_2023_Instruments/Sep-28-2026_04-32-28/HG_Rec_best.pth
2026-09-28 04:33:28,552 - INFO - Epoch 5/150 train_loss=3.6264693546295166
2026-09-28 04:33:28,587 - INFO - Best train loss=3.6264693546295166; saved /fs04/ar57/wenyu/GeneRec/results/stage3_T5Train/curvature_RQ-VAE_iter34/ckpt/Amazon_2023_Instruments/Sep-28-2026_04-32-28/HG_Rec_best.pth
2026-09-28 04:33:40,192 - INFO - Epoch 6/150 train_loss=3.6020792579650878
2026-09-28 04:33:40,230 - INFO - Best train loss=3.6020792579650878; saved /fs04/ar57/wenyu/GeneRec/results/stage3_T5Train/curvature_RQ-VAE_iter34/ckpt/Amazon_2023_Instruments/Sep-28-2026_04-32-28/HG_Rec_best.pth
2026-09-28 04:33:51,846 - INFO - Epoch 7/150 train_loss=3.3545127868652345
2026-09-28 04:33:51,906 - INFO - Best train loss=3.3545127868652345; saved /fs04/ar57/wenyu/GeneRec/results/stage3_T5Train/curvature_RQ-VAE_iter34/ckpt/Amazon_2023_Instruments/Sep-28-2026_04-32-28/HG_Rec_best.pth
2026-09-28 04:34:03,532 - INFO - Epoch 8/150 train_loss=3.197700090408325
2026-09-28 04:34:03,569 - INFO - Best train loss=3.197700090408325; saved /fs04/ar57/wenyu/GeneRec/results/stage3_T5Train/curvature_RQ-VAE_iter34/ckpt/Amazon_2023_Instruments/Sep-28-2026_04-32-28/HG_Rec_best.pth
2026-09-28 04:34:15,167 - INFO - Epoch 9/150 train_loss=3.060928955078125
2026-09-28 04:34:15,204 - INFO - Best train loss=3.060928955078125; saved /fs04/ar57/wenyu/GeneRec/results/stage3_T5Train/curvature_RQ-VAE_iter34/ckpt/Amazon_2023_Instruments/Sep-28-2026_04-32-28/HG_Rec_best.pth
2026-09-28 04:34:26,807 - INFO - Epoch 10/150 train_loss=2.943691539764404
2026-09-28 04:34:26,847 - INFO - Best train loss=2.943691539764404; saved /fs04/ar57/wenyu/GeneRec/results/stage3_T5Train/curvature_RQ-VAE_iter34/ckpt/Amazon_2023_Instruments/Sep-28-2026_04-32-28/HG_Rec_best.pth
2026-09-28 04:34:38,455 - INFO - Epoch 11/150 train_loss=2.8506774044036867
2026-09-28 04:34:38,492 - INFO - Best train loss=2.8506774044036867; saved /fs04/ar57/wenyu/GeneRec/results/stage3_T5Train/curvature_RQ-VAE_iter34/ckpt/Amazon_2023_Instruments/Sep-28-2026_04-32-28/HG_Rec_best.pth
2026-09-28 04:34:50,099 - INFO - Epoch 12/150 train_loss=2.7615283870697023
2026-09-28 04:34:50,134 - INFO - Best train loss=2.7615283870697023; saved /fs04/ar57/wenyu/GeneRec/results/stage3_T5Train/curvature_RQ-VAE_iter34/ckpt/Amazon_2023_Instruments/Sep-28-2026_04-32-28/HG_Rec_best.pth
2026-09-28 04:35:01,740 - INFO - Epoch 13/150 train_loss=2.681701955795288
2026-09-28 04:35:01,778 - INFO - Best train loss=2.681701955795288; saved /fs04/ar57/wenyu/GeneRec/results/stage3_T5Train/curvature_RQ-VAE_iter34/ckpt/Amazon_2023_Instruments/Sep-28-2026_04-32-28/HG_Rec_best.pth
2026-09-28 04:35:13,380 - INFO - Epoch 14/150 train_loss=2.624427766799927
2026-09-28 04:35:13,416 - INFO - Best train loss=2.624427766799927; saved /fs04/ar57/wenyu/GeneRec/results/stage3_T5Train/curvature_RQ-VAE_iter34/ckpt/Amazon_2023_Instruments/Sep-28-2026_04-32-28/HG_Rec_best.pth
2026-09-28 04:35:25,024 - INFO - Epoch 15/150 train_loss=2.57104266166687
2026-09-28 04:35:25,059 - INFO - Best train loss=2.57104266166687; saved /fs04/ar57/wenyu/GeneRec/results/stage3_T5Train/curvature_RQ-VAE_iter34/ckpt/Amazon_2023_Instruments/Sep-28-2026_04-32-28/HG_Rec_best.pth
2026-09-28 04:35:36,670 - INFO - Epoch 16/150 train_loss=2.5199938297271727
2026-09-28 04:35:36,706 - INFO - Best train loss=2.5199938297271727; saved /fs04/ar57/wenyu/GeneRec/results/stage3_T5Train/curvature_RQ-VAE_iter34/ckpt/Amazon_2023_Instruments/Sep-28-2026_04-32-28/HG_Rec_best.pth
2026-09-28 04:35:48,310 - INFO - Epoch 17/150 train_loss=2.471842212677002
2026-09-28 04:35:48,347 - INFO - Best train loss=2.471842212677002; saved /fs04/ar57/wenyu/GeneRec/results/stage3_T5Train/curvature_RQ-VAE_iter34/ckpt/Amazon_2023_Instruments/Sep-28-2026_04-32-28/HG_Rec_best.pth
2026-09-28 04:36:00,036 - INFO - Epoch 18/150 train_loss=2.441679124832153
2026-09-28 04:36:00,539 - INFO - Best train loss=2.441679124832153; saved /fs04/ar57/wenyu/GeneRec/results/stage3_T5Train/curvature_RQ-VAE_iter34/ckpt/Amazon_2023_Instruments/Sep-28-2026_04-32-28/HG_Rec_best.pth
2026-09-28 04:36:12,138 - INFO - Epoch 19/150 train_loss=2.4102111530303953
2026-09-28 04:36:12,177 - INFO - Best train loss=2.4102111530303953; saved /fs04/ar57/wenyu/GeneRec/results/stage3_T5Train/curvature_RQ-VAE_iter34/ckpt/Amazon_2023_Instruments/Sep-28-2026_04-32-28/HG_Rec_best.pth
2026-09-28 04:36:23,770 - INFO - Epoch 20/150 train_loss=2.373933687210083
2026-09-28 04:36:23,805 - INFO - Best train loss=2.373933687210083; saved /fs04/ar57/wenyu/GeneRec/results/stage3_T5Train/curvature_RQ-VAE_iter34/ckpt/Amazon_2023_Instruments/Sep-28-2026_04-32-28/HG_Rec_best.pth
2026-09-28 04:36:35,407 - INFO - Epoch 21/150 train_loss=2.3474548149108885
2026-09-28 04:36:35,443 - INFO - Best train loss=2.3474548149108885; saved /fs04/ar57/wenyu/GeneRec/results/stage3_T5Train/curvature_RQ-VAE_iter34/ckpt/Amazon_2023_Instruments/Sep-28-2026_04-32-28/HG_Rec_best.pth
2026-09-28 04:36:47,041 - INFO - Epoch 22/150 train_loss=2.3283643913269043
2026-09-28 04:36:47,081 - INFO - Best train loss=2.3283643913269043; saved /fs04/ar57/wenyu/GeneRec/results/stage3_T5Train/curvature_RQ-VAE_iter34/ckpt/Amazon_2023_Instruments/Sep-28-2026_04-32-28/HG_Rec_best.pth
2026-09-28 04:36:58,687 - INFO - Epoch 23/150 train_loss=2.302939748764038
2026-09-28 04:36:58,726 - INFO - Best train loss=2.302939748764038; saved /fs04/ar57/wenyu/GeneRec/results/stage3_T5Train/curvature_RQ-VAE_iter34/ckpt/Amazon_2023_Instruments/Sep-28-2026_04-32-28/HG_Rec_best.pth
2026-09-28 04:37:10,323 - INFO - Epoch 24/150 train_loss=2.288413324356079
2026-09-28 04:37:10,359 - INFO - Best train loss=2.288413324356079; saved /fs04/ar57/wenyu/GeneRec/results/stage3_T5Train/curvature_RQ-VAE_iter34/ckpt/Amazon_2023_Instruments/Sep-28-2026_04-32-28/HG_Rec_best.pth
2026-09-28 04:37:21,962 - INFO - Epoch 25/150 train_loss=2.270151824951172
2026-09-28 04:37:21,999 - INFO - Best train loss=2.270151824951172; saved /fs04/ar57/wenyu/GeneRec/results/stage3_T5Train/curvature_RQ-VAE_iter34/ckpt/Amazon_2023_Instruments/Sep-28-2026_04-32-28/HG_Rec_best.pth
2026-09-28 04:37:33,603 - INFO - Epoch 26/150 train_loss=2.247609748840332
2026-09-28 04:37:33,640 - INFO - Best train loss=2.247609748840332; saved /fs04/ar57/wenyu/GeneRec/results/stage3_T5Train/curvature_RQ-VAE_iter34/ckpt/Amazon_2023_Instruments/Sep-28-2026_04-32-28/HG_Rec_best.pth
2026-09-28 04:37:45,240 - INFO - Epoch 27/150 train_loss=2.23512825012207
2026-09-28 04:37:45,278 - INFO - Best train loss=2.23512825012207; saved /fs04/ar57/wenyu/GeneRec/results/stage3_T5Train/curvature_RQ-VAE_iter34/ckpt/Amazon_2023_Instruments/Sep-28-2026_04-32-28/HG_Rec_best.pth
2026-09-28 04:37:56,876 - INFO - Epoch 28/150 train_loss=2.2229132080078124
2026-09-28 04:37:56,912 - INFO - Best train loss=2.2229132080078124; saved /fs04/ar57/wenyu/GeneRec/results/stage3_T5Train/curvature_RQ-VAE_iter34/ckpt/Amazon_2023_Instruments/Sep-28-2026_04-32-28/HG_Rec_best.pth
2026-09-28 04:38:08,510 - INFO - Epoch 29/150 train_loss=2.208087320327759
2026-09-28 04:38:08,545 - INFO - Best train loss=2.208087320327759; saved /fs04/ar57/wenyu/GeneRec/results/stage3_T5Train/curvature_RQ-VAE_iter34/ckpt/Amazon_2023_Instruments/Sep-28-2026_04-32-28/HG_Rec_best.pth
2026-09-28 04:38:20,148 - INFO - Epoch 30/150 train_loss=2.197700843811035
2026-09-28 04:38:20,183 - INFO - Best train loss=2.197700843811035; saved /fs04/ar57/wenyu/GeneRec/results/stage3_T5Train/curvature_RQ-VAE_iter34/ckpt/Amazon_2023_Instruments/Sep-28-2026_04-32-28/HG_Rec_best.pth
2026-09-28 04:38:31,786 - INFO - Epoch 31/150 train_loss=2.1901709270477294
2026-09-28 04:38:31,822 - INFO - Best train loss=2.1901709270477294; saved /fs04/ar57/wenyu/GeneRec/results/stage3_T5Train/curvature_RQ-VAE_iter34/ckpt/Amazon_2023_Instruments/Sep-28-2026_04-32-28/HG_Rec_best.pth
2026-09-28 04:38:43,419 - INFO - Epoch 32/150 train_loss=2.182941255569458
2026-09-28 04:38:43,454 - INFO - Best train loss=2.182941255569458; saved /fs04/ar57/wenyu/GeneRec/results/stage3_T5Train/curvature_RQ-VAE_iter34/ckpt/Amazon_2023_Instruments/Sep-28-2026_04-32-28/HG_Rec_best.pth
2026-09-28 04:38:55,054 - INFO - Epoch 33/150 train_loss=2.1644414234161378
2026-09-28 04:38:55,092 - INFO - Best train loss=2.1644414234161378; saved /fs04/ar57/wenyu/GeneRec/results/stage3_T5Train/curvature_RQ-VAE_iter34/ckpt/Amazon_2023_Instruments/Sep-28-2026_04-32-28/HG_Rec_best.pth
2026-09-28 04:39:06,689 - INFO - Epoch 34/150 train_loss=2.157030839920044
2026-09-28 04:39:06,724 - INFO - Best train loss=2.157030839920044; saved /fs04/ar57/wenyu/GeneRec/results/stage3_T5Train/curvature_RQ-VAE_iter34/ckpt/Amazon_2023_Instruments/Sep-28-2026_04-32-28/HG_Rec_best.pth
2026-09-28 04:39:18,326 - INFO - Epoch 35/150 train_loss=2.1471756076812745
2026-09-28 04:39:18,363 - INFO - Best train loss=2.1471756076812745; saved /fs04/ar57/wenyu/GeneRec/results/stage3_T5Train/curvature_RQ-VAE_iter34/ckpt/Amazon_2023_Instruments/Sep-28-2026_04-32-28/HG_Rec_best.pth
2026-09-28 04:39:29,965 - INFO - Epoch 36/150 train_loss=2.1347013092041016
2026-09-28 04:39:30,001 - INFO - Best train loss=2.1347013092041016; saved /fs04/ar57/wenyu/GeneRec/results/stage3_T5Train/curvature_RQ-VAE_iter34/ckpt/Amazon_2023_Instruments/Sep-28-2026_04-32-28/HG_Rec_best.pth
2026-09-28 04:39:41,603 - INFO - Epoch 37/150 train_loss=2.121708469390869
2026-09-28 04:39:41,644 - INFO - Best train loss=2.121708469390869; saved /fs04/ar57/wenyu/GeneRec/results/stage3_T5Train/curvature_RQ-VAE_iter34/ckpt/Amazon_2023_Instruments/Sep-28-2026_04-32-28/HG_Rec_best.pth
2026-09-28 04:39:53,248 - INFO - Epoch 38/150 train_loss=2.1107133865356444
2026-09-28 04:39:53,283 - INFO - Best train loss=2.1107133865356444; saved /fs04/ar57/wenyu/GeneRec/results/stage3_T5Train/curvature_RQ-VAE_iter34/ckpt/Amazon_2023_Instruments/Sep-28-2026_04-32-28/HG_Rec_best.pth
2026-09-28 04:40:04,883 - INFO - Epoch 39/150 train_loss=2.105017499923706
2026-09-28 04:40:04,917 - INFO - Best train loss=2.105017499923706; saved /fs04/ar57/wenyu/GeneRec/results/stage3_T5Train/curvature_RQ-VAE_iter34/ckpt/Amazon_2023_Instruments/Sep-28-2026_04-32-28/HG_Rec_best.pth
2026-09-28 04:40:16,519 - INFO - Epoch 40/150 train_loss=2.096624641418457
2026-09-28 04:40:16,554 - INFO - Best train loss=2.096624641418457; saved /fs04/ar57/wenyu/GeneRec/results/stage3_T5Train/curvature_RQ-VAE_iter34/ckpt/Amazon_2023_Instruments/Sep-28-2026_04-32-28/HG_Rec_best.pth
2026-09-28 04:40:28,146 - INFO - Epoch 41/150 train_loss=2.0909136295318604
2026-09-28 04:40:28,182 - INFO - Best train loss=2.0909136295318604; saved /fs04/ar57/wenyu/GeneRec/results/stage3_T5Train/curvature_RQ-VAE_iter34/ckpt/Amazon_2023_Instruments/Sep-28-2026_04-32-28/HG_Rec_best.pth
2026-09-28 04:40:39,789 - INFO - Epoch 42/150 train_loss=2.081270246505737
2026-09-28 04:40:39,825 - INFO - Best train loss=2.081270246505737; saved /fs04/ar57/wenyu/GeneRec/results/stage3_T5Train/curvature_RQ-VAE_iter34/ckpt/Amazon_2023_Instruments/Sep-28-2026_04-32-28/HG_Rec_best.pth
2026-09-28 04:40:51,451 - INFO - Epoch 43/150 train_loss=2.073506441116333
2026-09-28 04:40:51,485 - INFO - Best train loss=2.073506441116333; saved /fs04/ar57/wenyu/GeneRec/results/stage3_T5Train/curvature_RQ-VAE_iter34/ckpt/Amazon_2023_Instruments/Sep-28-2026_04-32-28/HG_Rec_best.pth
2026-09-28 04:41:03,088 - INFO - Epoch 44/150 train_loss=2.068150968551636
2026-09-28 04:41:03,123 - INFO - Best train loss=2.068150968551636; saved /fs04/ar57/wenyu/GeneRec/results/stage3_T5Train/curvature_RQ-VAE_iter34/ckpt/Amazon_2023_Instruments/Sep-28-2026_04-32-28/HG_Rec_best.pth
2026-09-28 04:41:14,730 - INFO - Epoch 45/150 train_loss=2.0642385959625242
2026-09-28 04:41:14,766 - INFO - Best train loss=2.0642385959625242; saved /fs04/ar57/wenyu/GeneRec/results/stage3_T5Train/curvature_RQ-VAE_iter34/ckpt/Amazon_2023_Instruments/Sep-28-2026_04-32-28/HG_Rec_best.pth
2026-09-28 04:41:26,374 - INFO - Epoch 46/150 train_loss=2.055857753753662
2026-09-28 04:41:26,410 - INFO - Best train loss=2.055857753753662; saved /fs04/ar57/wenyu/GeneRec/results/stage3_T5Train/curvature_RQ-VAE_iter34/ckpt/Amazon_2023_Instruments/Sep-28-2026_04-32-28/HG_Rec_best.pth
2026-09-28 04:41:38,010 - INFO - Epoch 47/150 train_loss=2.053123025894165
2026-09-28 04:41:38,044 - INFO - Best train loss=2.053123025894165; saved /fs04/ar57/wenyu/GeneRec/results/stage3_T5Train/curvature_RQ-VAE_iter34/ckpt/Amazon_2023_Instruments/Sep-28-2026_04-32-28/HG_Rec_best.pth
2026-09-28 04:41:49,648 - INFO - Epoch 48/150 train_loss=2.044997501373291
2026-09-28 04:41:49,683 - INFO - Best train loss=2.044997501373291; saved /fs04/ar57/wenyu/GeneRec/results/stage3_T5Train/curvature_RQ-VAE_iter34/ckpt/Amazon_2023_Instruments/Sep-28-2026_04-32-28/HG_Rec_best.pth
2026-09-28 04:42:01,282 - INFO - Epoch 49/150 train_loss=2.038067636489868
2026-09-28 04:42:01,318 - INFO - Best train loss=2.038067636489868; saved /fs04/ar57/wenyu/GeneRec/results/stage3_T5Train/curvature_RQ-VAE_iter34/ckpt/Amazon_2023_Instruments/Sep-28-2026_04-32-28/HG_Rec_best.pth
2026-09-28 04:42:12,919 - INFO - Epoch 50/150 train_loss=2.0377980422973634
2026-09-28 04:42:12,956 - INFO - Best train loss=2.0377980422973634; saved /fs04/ar57/wenyu/GeneRec/results/stage3_T5Train/curvature_RQ-VAE_iter34/ckpt/Amazon_2023_Instruments/Sep-28-2026_04-32-28/HG_Rec_best.pth
2026-09-28 04:42:24,848 - INFO - Epoch 51/150 train_loss=2.030913782119751
2026-09-28 04:42:24,946 - INFO - Best train loss=2.030913782119751; saved /fs04/ar57/wenyu/GeneRec/results/stage3_T5Train/curvature_RQ-VAE_iter34/ckpt/Amazon_2023_Instruments/Sep-28-2026_04-32-28/HG_Rec_best.pth
2026-09-28 04:42:36,918 - INFO - Epoch 52/150 train_loss=2.0307295989990233
2026-09-28 04:42:37,027 - INFO - Best train loss=2.0307295989990233; saved /fs04/ar57/wenyu/GeneRec/results/stage3_T5Train/curvature_RQ-VAE_iter34/ckpt/Amazon_2023_Instruments/Sep-28-2026_04-32-28/HG_Rec_best.pth
2026-09-28 04:42:48,630 - INFO - Epoch 53/150 train_loss=2.027274103164673
2026-09-28 04:42:48,667 - INFO - Best train loss=2.027274103164673; saved /fs04/ar57/wenyu/GeneRec/results/stage3_T5Train/curvature_RQ-VAE_iter34/ckpt/Amazon_2023_Instruments/Sep-28-2026_04-32-28/HG_Rec_best.pth
2026-09-28 04:43:00,272 - INFO - Epoch 54/150 train_loss=2.0201156997680663
2026-09-28 04:43:00,308 - INFO - Best train loss=2.0201156997680663; saved /fs04/ar57/wenyu/GeneRec/results/stage3_T5Train/curvature_RQ-VAE_iter34/ckpt/Amazon_2023_Instruments/Sep-28-2026_04-32-28/HG_Rec_best.pth
2026-09-28 04:43:13,766 - INFO - Epoch 55/150 train_loss=2.0181889152526855
2026-09-28 04:43:13,801 - INFO - Best train loss=2.0181889152526855; saved /fs04/ar57/wenyu/GeneRec/results/stage3_T5Train/curvature_RQ-VAE_iter34/ckpt/Amazon_2023_Instruments/Sep-28-2026_04-32-28/HG_Rec_best.pth
2026-09-28 04:43:25,403 - INFO - Epoch 56/150 train_loss=2.0144103717803956
2026-09-28 04:43:25,490 - INFO - Best train loss=2.0144103717803956; saved /fs04/ar57/wenyu/GeneRec/results/stage3_T5Train/curvature_RQ-VAE_iter34/ckpt/Amazon_2023_Instruments/Sep-28-2026_04-32-28/HG_Rec_best.pth
2026-09-28 04:43:37,096 - INFO - Epoch 57/150 train_loss=2.0071132040023802
2026-09-28 04:43:37,130 - INFO - Best train loss=2.0071132040023802; saved /fs04/ar57/wenyu/GeneRec/results/stage3_T5Train/curvature_RQ-VAE_iter34/ckpt/Amazon_2023_Instruments/Sep-28-2026_04-32-28/HG_Rec_best.pth
2026-09-28 04:43:48,734 - INFO - Epoch 58/150 train_loss=2.0017654132843017
2026-09-28 04:43:48,772 - INFO - Best train loss=2.0017654132843017; saved /fs04/ar57/wenyu/GeneRec/results/stage3_T5Train/curvature_RQ-VAE_iter34/ckpt/Amazon_2023_Instruments/Sep-28-2026_04-32-28/HG_Rec_best.pth
2026-09-28 04:44:00,380 - INFO - Epoch 59/150 train_loss=1.9979123783111572
2026-09-28 04:44:00,416 - INFO - Best train loss=1.9979123783111572; saved /fs04/ar57/wenyu/GeneRec/results/stage3_T5Train/curvature_RQ-VAE_iter34/ckpt/Amazon_2023_Instruments/Sep-28-2026_04-32-28/HG_Rec_best.pth
2026-09-28 04:44:12,029 - INFO - Epoch 60/150 train_loss=1.9958144855499267
2026-09-28 04:44:12,064 - INFO - Best train loss=1.9958144855499267; saved /fs04/ar57/wenyu/GeneRec/results/stage3_T5Train/curvature_RQ-VAE_iter34/ckpt/Amazon_2023_Instruments/Sep-28-2026_04-32-28/HG_Rec_best.pth
2026-09-28 04:44:23,672 - INFO - Epoch 61/150 train_loss=1.9918103885650635
2026-09-28 04:44:23,706 - INFO - Best train loss=1.9918103885650635; saved /fs04/ar57/wenyu/GeneRec/results/stage3_T5Train/curvature_RQ-VAE_iter34/ckpt/Amazon_2023_Instruments/Sep-28-2026_04-32-28/HG_Rec_best.pth
2026-09-28 04:44:35,311 - INFO - Epoch 62/150 train_loss=1.9874171018600464
2026-09-28 04:44:35,347 - INFO - Best train loss=1.9874171018600464; saved /fs04/ar57/wenyu/GeneRec/results/stage3_T5Train/curvature_RQ-VAE_iter34/ckpt/Amazon_2023_Instruments/Sep-28-2026_04-32-28/HG_Rec_best.pth
2026-09-28 04:44:46,952 - INFO - Epoch 63/150 train_loss=1.9860003757476807
2026-09-28 04:44:46,988 - INFO - Best train loss=1.9860003757476807; saved /fs04/ar57/wenyu/GeneRec/results/stage3_T5Train/curvature_RQ-VAE_iter34/ckpt/Amazon_2023_Instruments/Sep-28-2026_04-32-28/HG_Rec_best.pth
2026-09-28 04:44:58,591 - INFO - Epoch 64/150 train_loss=1.9851372861862182
2026-09-28 04:44:58,627 - INFO - Best train loss=1.9851372861862182; saved /fs04/ar57/wenyu/GeneRec/results/stage3_T5Train/curvature_RQ-VAE_iter34/ckpt/Amazon_2023_Instruments/Sep-28-2026_04-32-28/HG_Rec_best.pth
2026-09-28 04:45:10,230 - INFO - Epoch 65/150 train_loss=1.9824803066253662
2026-09-28 04:45:10,266 - INFO - Best train loss=1.9824803066253662; saved /fs04/ar57/wenyu/GeneRec/results/stage3_T5Train/curvature_RQ-VAE_iter34/ckpt/Amazon_2023_Instruments/Sep-28-2026_04-32-28/HG_Rec_best.pth
2026-09-28 04:45:21,869 - INFO - Epoch 66/150 train_loss=1.9792721891403198
2026-09-28 04:45:21,904 - INFO - Best train loss=1.9792721891403198; saved /fs04/ar57/wenyu/GeneRec/results/stage3_T5Train/curvature_RQ-VAE_iter34/ckpt/Amazon_2023_Instruments/Sep-28-2026_04-32-28/HG_Rec_best.pth
2026-09-28 04:45:33,509 - INFO - Epoch 67/150 train_loss=1.975383849143982
2026-09-28 04:45:33,544 - INFO - Best train loss=1.975383849143982; saved /fs04/ar57/wenyu/GeneRec/results/stage3_T5Train/curvature_RQ-VAE_iter34/ckpt/Amazon_2023_Instruments/Sep-28-2026_04-32-28/HG_Rec_best.pth
2026-09-28 04:45:45,144 - INFO - Epoch 68/150 train_loss=1.972794122695923
2026-09-28 04:45:45,179 - INFO - Best train loss=1.972794122695923; saved /fs04/ar57/wenyu/GeneRec/results/stage3_T5Train/curvature_RQ-VAE_iter34/ckpt/Amazon_2023_Instruments/Sep-28-2026_04-32-28/HG_Rec_best.pth
2026-09-28 04:45:56,775 - INFO - Epoch 69/150 train_loss=1.9746105813980102
2026-09-28 04:46:08,378 - INFO - Epoch 70/150 train_loss=1.9683600664138794
2026-09-28 04:46:08,419 - INFO - Best train loss=1.9683600664138794; saved /fs04/ar57/wenyu/GeneRec/results/stage3_T5Train/curvature_RQ-VAE_iter34/ckpt/Amazon_2023_Instruments/Sep-28-2026_04-32-28/HG_Rec_best.pth
2026-09-28 04:46:20,021 - INFO - Epoch 71/150 train_loss=1.9671511268615722
2026-09-28 04:46:20,055 - INFO - Best train loss=1.9671511268615722; saved /fs04/ar57/wenyu/GeneRec/results/stage3_T5Train/curvature_RQ-VAE_iter34/ckpt/Amazon_2023_Instruments/Sep-28-2026_04-32-28/HG_Rec_best.pth
2026-09-28 04:46:31,660 - INFO - Epoch 72/150 train_loss=1.9622500705718995
2026-09-28 04:46:31,695 - INFO - Best train loss=1.9622500705718995; saved /fs04/ar57/wenyu/GeneRec/results/stage3_T5Train/curvature_RQ-VAE_iter34/ckpt/Amazon_2023_Instruments/Sep-28-2026_04-32-28/HG_Rec_best.pth
2026-09-28 04:46:43,303 - INFO - Epoch 73/150 train_loss=1.9549701070785523
2026-09-28 04:46:43,338 - INFO - Best train loss=1.9549701070785523; saved /fs04/ar57/wenyu/GeneRec/results/stage3_T5Train/curvature_RQ-VAE_iter34/ckpt/Amazon_2023_Instruments/Sep-28-2026_04-32-28/HG_Rec_best.pth
2026-09-28 04:46:54,947 - INFO - Epoch 74/150 train_loss=1.9594945001602173
2026-09-28 04:47:06,553 - INFO - Epoch 75/150 train_loss=1.9580597734451295
2026-09-28 04:47:18,165 - INFO - Epoch 76/150 train_loss=1.9550679349899291
2026-09-28 04:47:29,768 - INFO - Epoch 77/150 train_loss=1.9488498640060425
2026-09-28 04:47:29,811 - INFO - Best train loss=1.9488498640060425; saved /fs04/ar57/wenyu/GeneRec/results/stage3_T5Train/curvature_RQ-VAE_iter34/ckpt/Amazon_2023_Instruments/Sep-28-2026_04-32-28/HG_Rec_best.pth
2026-09-28 04:47:41,412 - INFO - Epoch 78/150 train_loss=1.9466107845306397
2026-09-28 04:47:41,447 - INFO - Best train loss=1.9466107845306397; saved /fs04/ar57/wenyu/GeneRec/results/stage3_T5Train/curvature_RQ-VAE_iter34/ckpt/Amazon_2023_Instruments/Sep-28-2026_04-32-28/HG_Rec_best.pth
2026-09-28 04:47:53,048 - INFO - Epoch 79/150 train_loss=1.9485990142822265
2026-09-28 04:48:05,247 - INFO - Epoch 80/150 train_loss=1.9434736728668214
2026-09-28 04:48:05,283 - INFO - Best train loss=1.9434736728668214; saved /fs04/ar57/wenyu/GeneRec/results/stage3_T5Train/curvature_RQ-VAE_iter34/ckpt/Amazon_2023_Instruments/Sep-28-2026_04-32-28/HG_Rec_best.pth
2026-09-28 04:48:16,886 - INFO - Epoch 81/150 train_loss=1.9443273067474365
2026-09-28 04:48:28,495 - INFO - Epoch 82/150 train_loss=1.9384584760665893
2026-09-28 04:48:28,534 - INFO - Best train loss=1.9384584760665893; saved /fs04/ar57/wenyu/GeneRec/results/stage3_T5Train/curvature_RQ-VAE_iter34/ckpt/Amazon_2023_Instruments/Sep-28-2026_04-32-28/HG_Rec_best.pth
2026-09-28 04:48:40,140 - INFO - Epoch 83/150 train_loss=1.9403191566467286
2026-09-28 04:48:51,749 - INFO - Epoch 84/150 train_loss=1.9337995481491088
2026-09-28 04:48:51,786 - INFO - Best train loss=1.9337995481491088; saved /fs04/ar57/wenyu/GeneRec/results/stage3_T5Train/curvature_RQ-VAE_iter34/ckpt/Amazon_2023_Instruments/Sep-28-2026_04-32-28/HG_Rec_best.pth
2026-09-28 04:49:03,397 - INFO - Epoch 85/150 train_loss=1.9343300151824951
2026-09-28 04:49:15,011 - INFO - Epoch 86/150 train_loss=1.9319462442398072
2026-09-28 04:49:15,049 - INFO - Best train loss=1.9319462442398072; saved /fs04/ar57/wenyu/GeneRec/results/stage3_T5Train/curvature_RQ-VAE_iter34/ckpt/Amazon_2023_Instruments/Sep-28-2026_04-32-28/HG_Rec_best.pth
2026-09-28 04:49:26,655 - INFO - Epoch 87/150 train_loss=1.9317866516113282
2026-09-28 04:49:26,690 - INFO - Best train loss=1.9317866516113282; saved /fs04/ar57/wenyu/GeneRec/results/stage3_T5Train/curvature_RQ-VAE_iter34/ckpt/Amazon_2023_Instruments/Sep-28-2026_04-32-28/HG_Rec_best.pth
2026-09-28 04:49:38,294 - INFO - Epoch 88/150 train_loss=1.928774094581604
2026-09-28 04:49:38,332 - INFO - Best train loss=1.928774094581604; saved /fs04/ar57/wenyu/GeneRec/results/stage3_T5Train/curvature_RQ-VAE_iter34/ckpt/Amazon_2023_Instruments/Sep-28-2026_04-32-28/HG_Rec_best.pth
2026-09-28 04:49:49,930 - INFO - Epoch 89/150 train_loss=1.9282854890823364
2026-09-28 04:49:49,968 - INFO - Best train loss=1.9282854890823364; saved /fs04/ar57/wenyu/GeneRec/results/stage3_T5Train/curvature_RQ-VAE_iter34/ckpt/Amazon_2023_Instruments/Sep-28-2026_04-32-28/HG_Rec_best.pth
2026-09-28 04:50:01,578 - INFO - Epoch 90/150 train_loss=1.9242807054519653
2026-09-28 04:50:01,614 - INFO - Best train loss=1.9242807054519653; saved /fs04/ar57/wenyu/GeneRec/results/stage3_T5Train/curvature_RQ-VAE_iter34/ckpt/Amazon_2023_Instruments/Sep-28-2026_04-32-28/HG_Rec_best.pth
2026-09-28 04:50:13,215 - INFO - Epoch 91/150 train_loss=1.923750400543213
2026-09-28 04:50:13,252 - INFO - Best train loss=1.923750400543213; saved /fs04/ar57/wenyu/GeneRec/results/stage3_T5Train/curvature_RQ-VAE_iter34/ckpt/Amazon_2023_Instruments/Sep-28-2026_04-32-28/HG_Rec_best.pth
2026-09-28 04:50:24,858 - INFO - Epoch 92/150 train_loss=1.9229012298583985
2026-09-28 04:50:24,895 - INFO - Best train loss=1.9229012298583985; saved /fs04/ar57/wenyu/GeneRec/results/stage3_T5Train/curvature_RQ-VAE_iter34/ckpt/Amazon_2023_Instruments/Sep-28-2026_04-32-28/HG_Rec_best.pth
2026-09-28 04:50:36,507 - INFO - Epoch 93/150 train_loss=1.9186477708816527
2026-09-28 04:50:36,542 - INFO - Best train loss=1.9186477708816527; saved /fs04/ar57/wenyu/GeneRec/results/stage3_T5Train/curvature_RQ-VAE_iter34/ckpt/Amazon_2023_Instruments/Sep-28-2026_04-32-28/HG_Rec_best.pth
2026-09-28 04:50:48,150 - INFO - Epoch 94/150 train_loss=1.920460433959961
2026-09-28 04:50:59,759 - INFO - Epoch 95/150 train_loss=1.9148535203933716
2026-09-28 04:50:59,794 - INFO - Best train loss=1.9148535203933716; saved /fs04/ar57/wenyu/GeneRec/results/stage3_T5Train/curvature_RQ-VAE_iter34/ckpt/Amazon_2023_Instruments/Sep-28-2026_04-32-28/HG_Rec_best.pth
2026-09-28 04:51:11,401 - INFO - Epoch 96/150 train_loss=1.916998839378357
2026-09-28 04:51:23,004 - INFO - Epoch 97/150 train_loss=1.9128102445602417
2026-09-28 04:51:23,043 - INFO - Best train loss=1.9128102445602417; saved /fs04/ar57/wenyu/GeneRec/results/stage3_T5Train/curvature_RQ-VAE_iter34/ckpt/Amazon_2023_Instruments/Sep-28-2026_04-32-28/HG_Rec_best.pth
2026-09-28 04:51:34,649 - INFO - Epoch 98/150 train_loss=1.911928973197937
2026-09-28 04:51:34,686 - INFO - Best train loss=1.911928973197937; saved /fs04/ar57/wenyu/GeneRec/results/stage3_T5Train/curvature_RQ-VAE_iter34/ckpt/Amazon_2023_Instruments/Sep-28-2026_04-32-28/HG_Rec_best.pth
2026-09-28 04:51:46,283 - INFO - Epoch 99/150 train_loss=1.9096021890640258
2026-09-28 04:51:46,321 - INFO - Best train loss=1.9096021890640258; saved /fs04/ar57/wenyu/GeneRec/results/stage3_T5Train/curvature_RQ-VAE_iter34/ckpt/Amazon_2023_Instruments/Sep-28-2026_04-32-28/HG_Rec_best.pth
2026-09-28 04:51:57,924 - INFO - Epoch 100/150 train_loss=1.9092425966262818
2026-09-28 04:51:57,962 - INFO - Best train loss=1.9092425966262818; saved /fs04/ar57/wenyu/GeneRec/results/stage3_T5Train/curvature_RQ-VAE_iter34/ckpt/Amazon_2023_Instruments/Sep-28-2026_04-32-28/HG_Rec_best.pth
2026-09-28 04:52:09,566 - INFO - Epoch 101/150 train_loss=1.906483645439148
2026-09-28 04:52:09,602 - INFO - Best train loss=1.906483645439148; saved /fs04/ar57/wenyu/GeneRec/results/stage3_T5Train/curvature_RQ-VAE_iter34/ckpt/Amazon_2023_Instruments/Sep-28-2026_04-32-28/HG_Rec_best.pth
2026-09-28 04:52:21,246 - INFO - Epoch 102/150 train_loss=1.9057965326309203
2026-09-28 04:52:21,283 - INFO - Best train loss=1.9057965326309203; saved /fs04/ar57/wenyu/GeneRec/results/stage3_T5Train/curvature_RQ-VAE_iter34/ckpt/Amazon_2023_Instruments/Sep-28-2026_04-32-28/HG_Rec_best.pth
2026-09-28 04:52:33,099 - INFO - Epoch 103/150 train_loss=1.9021065330505371
2026-09-28 04:52:33,188 - INFO - Best train loss=1.9021065330505371; saved /fs04/ar57/wenyu/GeneRec/results/stage3_T5Train/curvature_RQ-VAE_iter34/ckpt/Amazon_2023_Instruments/Sep-28-2026_04-32-28/HG_Rec_best.pth
2026-09-28 04:52:44,810 - INFO - Epoch 104/150 train_loss=1.9007972240448
2026-09-28 04:52:44,860 - INFO - Best train loss=1.9007972240448; saved /fs04/ar57/wenyu/GeneRec/results/stage3_T5Train/curvature_RQ-VAE_iter34/ckpt/Amazon_2023_Instruments/Sep-28-2026_04-32-28/HG_Rec_best.pth
2026-09-28 04:52:56,462 - INFO - Epoch 105/150 train_loss=1.904223418235779
2026-09-28 04:53:08,246 - INFO - Epoch 106/150 train_loss=1.8983680152893065
2026-09-28 04:53:08,298 - INFO - Best train loss=1.8983680152893065; saved /fs04/ar57/wenyu/GeneRec/results/stage3_T5Train/curvature_RQ-VAE_iter34/ckpt/Amazon_2023_Instruments/Sep-28-2026_04-32-28/HG_Rec_best.pth
2026-09-28 04:53:19,903 - INFO - Epoch 107/150 train_loss=1.9004095077514649
2026-09-28 04:53:31,710 - INFO - Epoch 108/150 train_loss=1.8978537464141845
2026-09-28 04:53:31,758 - INFO - Best train loss=1.8978537464141845; saved /fs04/ar57/wenyu/GeneRec/results/stage3_T5Train/curvature_RQ-VAE_iter34/ckpt/Amazon_2023_Instruments/Sep-28-2026_04-32-28/HG_Rec_best.pth
2026-09-28 04:53:43,361 - INFO - Epoch 109/150 train_loss=1.8934097814559936
2026-09-28 04:53:43,397 - INFO - Best train loss=1.8934097814559936; saved /fs04/ar57/wenyu/GeneRec/results/stage3_T5Train/curvature_RQ-VAE_iter34/ckpt/Amazon_2023_Instruments/Sep-28-2026_04-32-28/HG_Rec_best.pth
2026-09-28 04:53:54,996 - INFO - Epoch 110/150 train_loss=1.8926728963851929
2026-09-28 04:53:55,032 - INFO - Best train loss=1.8926728963851929; saved /fs04/ar57/wenyu/GeneRec/results/stage3_T5Train/curvature_RQ-VAE_iter34/ckpt/Amazon_2023_Instruments/Sep-28-2026_04-32-28/HG_Rec_best.pth
2026-09-28 04:54:06,630 - INFO - Epoch 111/150 train_loss=1.8920546579360962
2026-09-28 04:54:06,666 - INFO - Best train loss=1.8920546579360962; saved /fs04/ar57/wenyu/GeneRec/results/stage3_T5Train/curvature_RQ-VAE_iter34/ckpt/Amazon_2023_Instruments/Sep-28-2026_04-32-28/HG_Rec_best.pth
2026-09-28 04:54:18,266 - INFO - Epoch 112/150 train_loss=1.890423631668091
2026-09-28 04:54:18,301 - INFO - Best train loss=1.890423631668091; saved /fs04/ar57/wenyu/GeneRec/results/stage3_T5Train/curvature_RQ-VAE_iter34/ckpt/Amazon_2023_Instruments/Sep-28-2026_04-32-28/HG_Rec_best.pth
2026-09-28 04:54:29,905 - INFO - Epoch 113/150 train_loss=1.8903044939041138
2026-09-28 04:54:29,942 - INFO - Best train loss=1.8903044939041138; saved /fs04/ar57/wenyu/GeneRec/results/stage3_T5Train/curvature_RQ-VAE_iter34/ckpt/Amazon_2023_Instruments/Sep-28-2026_04-32-28/HG_Rec_best.pth
2026-09-28 04:54:41,543 - INFO - Epoch 114/150 train_loss=1.8886990642547608
2026-09-28 04:54:41,581 - INFO - Best train loss=1.8886990642547608; saved /fs04/ar57/wenyu/GeneRec/results/stage3_T5Train/curvature_RQ-VAE_iter34/ckpt/Amazon_2023_Instruments/Sep-28-2026_04-32-28/HG_Rec_best.pth
2026-09-28 04:54:53,185 - INFO - Epoch 115/150 train_loss=1.8887591361999512
2026-09-28 04:55:04,793 - INFO - Epoch 116/150 train_loss=1.8867684650421142
2026-09-28 04:55:04,835 - INFO - Best train loss=1.8867684650421142; saved /fs04/ar57/wenyu/GeneRec/results/stage3_T5Train/curvature_RQ-VAE_iter34/ckpt/Amazon_2023_Instruments/Sep-28-2026_04-32-28/HG_Rec_best.pth
2026-09-28 04:55:18,176 - INFO - Epoch 117/150 train_loss=1.8850073051452636
2026-09-28 04:55:18,304 - INFO - Best train loss=1.8850073051452636; saved /fs04/ar57/wenyu/GeneRec/results/stage3_T5Train/curvature_RQ-VAE_iter34/ckpt/Amazon_2023_Instruments/Sep-28-2026_04-32-28/HG_Rec_best.pth
2026-09-28 04:55:29,910 - INFO - Epoch 118/150 train_loss=1.8818781280517578
2026-09-28 04:55:29,945 - INFO - Best train loss=1.8818781280517578; saved /fs04/ar57/wenyu/GeneRec/results/stage3_T5Train/curvature_RQ-VAE_iter34/ckpt/Amazon_2023_Instruments/Sep-28-2026_04-32-28/HG_Rec_best.pth
2026-09-28 04:55:41,551 - INFO - Epoch 119/150 train_loss=1.88098886013031
2026-09-28 04:55:41,598 - INFO - Best train loss=1.88098886013031; saved /fs04/ar57/wenyu/GeneRec/results/stage3_T5Train/curvature_RQ-VAE_iter34/ckpt/Amazon_2023_Instruments/Sep-28-2026_04-32-28/HG_Rec_best.pth
2026-09-28 04:55:53,202 - INFO - Epoch 120/150 train_loss=1.8787471532821656
2026-09-28 04:55:53,241 - INFO - Best train loss=1.8787471532821656; saved /fs04/ar57/wenyu/GeneRec/results/stage3_T5Train/curvature_RQ-VAE_iter34/ckpt/Amazon_2023_Instruments/Sep-28-2026_04-32-28/HG_Rec_best.pth
2026-09-28 04:56:04,842 - INFO - Epoch 121/150 train_loss=1.8784694480895996
2026-09-28 04:56:04,877 - INFO - Best train loss=1.8784694480895996; saved /fs04/ar57/wenyu/GeneRec/results/stage3_T5Train/curvature_RQ-VAE_iter34/ckpt/Amazon_2023_Instruments/Sep-28-2026_04-32-28/HG_Rec_best.pth
2026-09-28 04:56:16,477 - INFO - Epoch 122/150 train_loss=1.8772611761093139
2026-09-28 04:56:16,513 - INFO - Best train loss=1.8772611761093139; saved /fs04/ar57/wenyu/GeneRec/results/stage3_T5Train/curvature_RQ-VAE_iter34/ckpt/Amazon_2023_Instruments/Sep-28-2026_04-32-28/HG_Rec_best.pth
2026-09-28 04:56:28,117 - INFO - Epoch 123/150 train_loss=1.87483078956604
2026-09-28 04:56:28,153 - INFO - Best train loss=1.87483078956604; saved /fs04/ar57/wenyu/GeneRec/results/stage3_T5Train/curvature_RQ-VAE_iter34/ckpt/Amazon_2023_Instruments/Sep-28-2026_04-32-28/HG_Rec_best.pth
2026-09-28 04:56:39,767 - INFO - Epoch 124/150 train_loss=1.8759201669692993
2026-09-28 04:56:51,370 - INFO - Epoch 125/150 train_loss=1.874735255241394
2026-09-28 04:56:51,411 - INFO - Best train loss=1.874735255241394; saved /fs04/ar57/wenyu/GeneRec/results/stage3_T5Train/curvature_RQ-VAE_iter34/ckpt/Amazon_2023_Instruments/Sep-28-2026_04-32-28/HG_Rec_best.pth
2026-09-28 04:57:03,019 - INFO - Epoch 126/150 train_loss=1.8727189254760743
2026-09-28 04:57:03,055 - INFO - Best train loss=1.8727189254760743; saved /fs04/ar57/wenyu/GeneRec/results/stage3_T5Train/curvature_RQ-VAE_iter34/ckpt/Amazon_2023_Instruments/Sep-28-2026_04-32-28/HG_Rec_best.pth
2026-09-28 04:57:14,654 - INFO - Epoch 127/150 train_loss=1.8713071727752686
2026-09-28 04:57:14,690 - INFO - Best train loss=1.8713071727752686; saved /fs04/ar57/wenyu/GeneRec/results/stage3_T5Train/curvature_RQ-VAE_iter34/ckpt/Amazon_2023_Instruments/Sep-28-2026_04-32-28/HG_Rec_best.pth
2026-09-28 04:57:26,293 - INFO - Epoch 128/150 train_loss=1.8743664264678954
2026-09-28 04:57:37,906 - INFO - Epoch 129/150 train_loss=1.8685965967178344
2026-09-28 04:57:37,941 - INFO - Best train loss=1.8685965967178344; saved /fs04/ar57/wenyu/GeneRec/results/stage3_T5Train/curvature_RQ-VAE_iter34/ckpt/Amazon_2023_Instruments/Sep-28-2026_04-32-28/HG_Rec_best.pth
2026-09-28 04:57:49,545 - INFO - Epoch 130/150 train_loss=1.8705239868164063
2026-09-28 04:58:01,145 - INFO - Epoch 131/150 train_loss=1.869972186088562
2026-09-28 04:58:12,767 - INFO - Epoch 132/150 train_loss=1.8674258518218994
2026-09-28 04:58:12,803 - INFO - Best train loss=1.8674258518218994; saved /fs04/ar57/wenyu/GeneRec/results/stage3_T5Train/curvature_RQ-VAE_iter34/ckpt/Amazon_2023_Instruments/Sep-28-2026_04-32-28/HG_Rec_best.pth
2026-09-28 04:58:24,412 - INFO - Epoch 133/150 train_loss=1.868648281097412
2026-09-28 04:58:36,021 - INFO - Epoch 134/150 train_loss=1.8655425119400024
2026-09-28 04:58:36,056 - INFO - Best train loss=1.8655425119400024; saved /fs04/ar57/wenyu/GeneRec/results/stage3_T5Train/curvature_RQ-VAE_iter34/ckpt/Amazon_2023_Instruments/Sep-28-2026_04-32-28/HG_Rec_best.pth
2026-09-28 04:58:47,660 - INFO - Epoch 135/150 train_loss=1.8645471906661988
2026-09-28 04:58:47,696 - INFO - Best train loss=1.8645471906661988; saved /fs04/ar57/wenyu/GeneRec/results/stage3_T5Train/curvature_RQ-VAE_iter34/ckpt/Amazon_2023_Instruments/Sep-28-2026_04-32-28/HG_Rec_best.pth
2026-09-28 04:58:59,295 - INFO - Epoch 136/150 train_loss=1.8661599683761596
2026-09-28 04:59:10,896 - INFO - Epoch 137/150 train_loss=1.8654086637496947
2026-09-28 04:59:22,508 - INFO - Epoch 138/150 train_loss=1.8646563768386841
2026-09-28 04:59:34,121 - INFO - Epoch 139/150 train_loss=1.86259108543396
2026-09-28 04:59:34,161 - INFO - Best train loss=1.86259108543396; saved /fs04/ar57/wenyu/GeneRec/results/stage3_T5Train/curvature_RQ-VAE_iter34/ckpt/Amazon_2023_Instruments/Sep-28-2026_04-32-28/HG_Rec_best.pth
2026-09-28 04:59:45,767 - INFO - Epoch 140/150 train_loss=1.8610173559188843
2026-09-28 04:59:45,801 - INFO - Best train loss=1.8610173559188843; saved /fs04/ar57/wenyu/GeneRec/results/stage3_T5Train/curvature_RQ-VAE_iter34/ckpt/Amazon_2023_Instruments/Sep-28-2026_04-32-28/HG_Rec_best.pth
2026-09-28 04:59:57,403 - INFO - Epoch 141/150 train_loss=1.8646580743789674
2026-09-28 05:00:09,003 - INFO - Epoch 142/150 train_loss=1.8623394393920898
2026-09-28 05:00:21,323 - INFO - Epoch 143/150 train_loss=1.8589020442962647
2026-09-28 05:00:21,373 - INFO - Best train loss=1.8589020442962647; saved /fs04/ar57/wenyu/GeneRec/results/stage3_T5Train/curvature_RQ-VAE_iter34/ckpt/Amazon_2023_Instruments/Sep-28-2026_04-32-28/HG_Rec_best.pth
2026-09-28 05:00:32,985 - INFO - Epoch 144/150 train_loss=1.8552960681915283
2026-09-28 05:00:33,020 - INFO - Best train loss=1.8552960681915283; saved /fs04/ar57/wenyu/GeneRec/results/stage3_T5Train/curvature_RQ-VAE_iter34/ckpt/Amazon_2023_Instruments/Sep-28-2026_04-32-28/HG_Rec_best.pth
2026-09-28 05:00:44,627 - INFO - Epoch 145/150 train_loss=1.8567269229888916
2026-09-28 05:00:56,236 - INFO - Epoch 146/150 train_loss=1.8570988941192628
2026-09-28 05:01:07,843 - INFO - Epoch 147/150 train_loss=1.8539202690124512
2026-09-28 05:01:07,882 - INFO - Best train loss=1.8539202690124512; saved /fs04/ar57/wenyu/GeneRec/results/stage3_T5Train/curvature_RQ-VAE_iter34/ckpt/Amazon_2023_Instruments/Sep-28-2026_04-32-28/HG_Rec_best.pth
2026-09-28 05:01:19,485 - INFO - Epoch 148/150 train_loss=1.85674232006073
2026-09-28 05:01:31,089 - INFO - Epoch 149/150 train_loss=1.8548171901702881
2026-09-28 05:01:42,700 - INFO - Epoch 150/150 train_loss=1.8544484758377076
2026-09-28 05:09:21,879 - INFO - Test={'best_checkpoint': '/fs04/ar57/wenyu/GeneRec/results/stage3_T5Train/curvature_RQ-VAE_iter34/ckpt/Amazon_2023_Instruments/Sep-28-2026_04-32-28/HG_Rec_best.pth', 'n_eval': 57439, 'test_recall@5': 0.03786625811730705, 'test_recall@10': 0.05673845296749595, 'test_ndcg@5': 0.02504049260920957, 'test_ndcg@10': 0.03112379951856116}
