2026-10-08 17:17:41,661 - INFO - Configuration: {'batch_size': 4096, 'infer_size': 1024, 'num_epochs': 150, 'eval_interval': 5, 'eval_start_epoch': 75, 'early_eval_epochs': (25, 50, 75, 100, 125), 'fast': True, 'bf16': True, 'use_lr_scheduler': True, 'lr_warmup_pct': 0.1, 'lr_min_factor': 0.2, 'compile': False, 'compile_mode': 'default', 'num_layers': 4, 'num_decoder_layers': 4, 'd_model': 128, 'd_ff': 1024, 'num_heads': 6, 'd_kv': 64, 'dropout_rate': 0.1, 'activation_function': 'relu', 'feed_forward_proj': 'relu', 'device': 'cuda', 'lr': 0.003, 'weight_decay': 0.05, 'vocab_size': 886, 'eos_token_id': 885, 'pad_token_id': 0, 'n_user_tokens': 1, 'max_len': 20, 'dataset_name': 'Amazon_2023_Instruments', 'dataset_path': '/home/wlia0047/ar57/wenyu/GeneRec/results/stage0_build_parquet/', 'codebook_size': [256, 256, 256, 1], 'code_path': '/home/wlia0047/ar57/wenyu/GeneRec/results/stage2_RQ-VAE/curvature_RQ-VAE/item_sids.json', 'train_file': 'train.parquet', 'valid_file': 'valid.parquet', 'test_file': 'test.parquet', 'log_path': '/home/wlia0047/ar57/wenyu/GeneRec/results/stage3_T5Train/curvature_RQ-VAE/logs/', 'save_path': '/home/wlia0047/ar57/wenyu/GeneRec/results/stage3_T5Train/curvature_RQ-VAE/ckpt/', 'seed': 42, 'topk_list': [5, 10], 'beam_size': 20, 'no_eval': True, 'skip_test': False, 'screen_baseline_log': '', 'screen_start_epoch': 40, 'screen_window': 5, 'screen_min_ndcg_gain': 0.001, 'screen_min_recall_gain': 0.001, 'num_workers': 4, 'prefetch_factor': 8, 'exclude_history': True, 'no_exclude_history': False, 'pin_memory': True, 'no_pin_memory': False, 'sid_length': 4, 'max_token_seq_len': 82, 'decoder_start_token_id': 0}
2026-10-08 17:17:41,714 - INFO - #Embedding parameters: 113408
#Non-embedding parameters: 4459648
#Total trainable parameters: 4573056

2026-10-08 17:17:54,863 - INFO - Epoch 1/150 train_loss=4.74529354095459
2026-10-08 17:17:54,946 - INFO - Best train loss=4.74529354095459; saved /home/wlia0047/ar57/wenyu/GeneRec/results/stage3_T5Train/curvature_RQ-VAE/ckpt/Amazon_2023_Instruments/Oct-08-2026_17-17-41/HG_Rec_best.pth
2026-10-08 17:18:06,575 - INFO - Epoch 2/150 train_loss=4.135172367095947
2026-10-08 17:18:06,613 - INFO - Best train loss=4.135172367095947; saved /home/wlia0047/ar57/wenyu/GeneRec/results/stage3_T5Train/curvature_RQ-VAE/ckpt/Amazon_2023_Instruments/Oct-08-2026_17-17-41/HG_Rec_best.pth
2026-10-08 17:18:18,230 - INFO - Epoch 3/150 train_loss=3.9377676677703857
2026-10-08 17:18:18,266 - INFO - Best train loss=3.9377676677703857; saved /home/wlia0047/ar57/wenyu/GeneRec/results/stage3_T5Train/curvature_RQ-VAE/ckpt/Amazon_2023_Instruments/Oct-08-2026_17-17-41/HG_Rec_best.pth
2026-10-08 17:18:29,881 - INFO - Epoch 4/150 train_loss=3.8172210693359374
2026-10-08 17:18:29,918 - INFO - Best train loss=3.8172210693359374; saved /home/wlia0047/ar57/wenyu/GeneRec/results/stage3_T5Train/curvature_RQ-VAE/ckpt/Amazon_2023_Instruments/Oct-08-2026_17-17-41/HG_Rec_best.pth
2026-10-08 17:18:41,530 - INFO - Epoch 5/150 train_loss=3.65101393699646
2026-10-08 17:18:41,567 - INFO - Best train loss=3.65101393699646; saved /home/wlia0047/ar57/wenyu/GeneRec/results/stage3_T5Train/curvature_RQ-VAE/ckpt/Amazon_2023_Instruments/Oct-08-2026_17-17-41/HG_Rec_best.pth
2026-10-08 17:18:53,173 - INFO - Epoch 6/150 train_loss=3.498175792694092
2026-10-08 17:18:53,209 - INFO - Best train loss=3.498175792694092; saved /home/wlia0047/ar57/wenyu/GeneRec/results/stage3_T5Train/curvature_RQ-VAE/ckpt/Amazon_2023_Instruments/Oct-08-2026_17-17-41/HG_Rec_best.pth
2026-10-08 17:19:04,818 - INFO - Epoch 7/150 train_loss=3.7100917530059814
2026-10-08 17:19:16,420 - INFO - Epoch 8/150 train_loss=3.428804454803467
2026-10-08 17:19:16,464 - INFO - Best train loss=3.428804454803467; saved /home/wlia0047/ar57/wenyu/GeneRec/results/stage3_T5Train/curvature_RQ-VAE/ckpt/Amazon_2023_Instruments/Oct-08-2026_17-17-41/HG_Rec_best.pth
2026-10-08 17:19:28,065 - INFO - Epoch 9/150 train_loss=3.277569541931152
2026-10-08 17:19:28,101 - INFO - Best train loss=3.277569541931152; saved /home/wlia0047/ar57/wenyu/GeneRec/results/stage3_T5Train/curvature_RQ-VAE/ckpt/Amazon_2023_Instruments/Oct-08-2026_17-17-41/HG_Rec_best.pth
2026-10-08 17:19:39,705 - INFO - Epoch 10/150 train_loss=3.167109098434448
2026-10-08 17:19:39,741 - INFO - Best train loss=3.167109098434448; saved /home/wlia0047/ar57/wenyu/GeneRec/results/stage3_T5Train/curvature_RQ-VAE/ckpt/Amazon_2023_Instruments/Oct-08-2026_17-17-41/HG_Rec_best.pth
2026-10-08 17:19:51,352 - INFO - Epoch 11/150 train_loss=3.0697623443603517
2026-10-08 17:19:51,390 - INFO - Best train loss=3.0697623443603517; saved /home/wlia0047/ar57/wenyu/GeneRec/results/stage3_T5Train/curvature_RQ-VAE/ckpt/Amazon_2023_Instruments/Oct-08-2026_17-17-41/HG_Rec_best.pth
2026-10-08 17:20:03,001 - INFO - Epoch 12/150 train_loss=2.9758762550354003
2026-10-08 17:20:03,038 - INFO - Best train loss=2.9758762550354003; saved /home/wlia0047/ar57/wenyu/GeneRec/results/stage3_T5Train/curvature_RQ-VAE/ckpt/Amazon_2023_Instruments/Oct-08-2026_17-17-41/HG_Rec_best.pth
2026-10-08 17:20:14,645 - INFO - Epoch 13/150 train_loss=2.892847833633423
2026-10-08 17:20:14,682 - INFO - Best train loss=2.892847833633423; saved /home/wlia0047/ar57/wenyu/GeneRec/results/stage3_T5Train/curvature_RQ-VAE/ckpt/Amazon_2023_Instruments/Oct-08-2026_17-17-41/HG_Rec_best.pth
2026-10-08 17:20:26,298 - INFO - Epoch 14/150 train_loss=2.8171208190917967
2026-10-08 17:20:26,335 - INFO - Best train loss=2.8171208190917967; saved /home/wlia0047/ar57/wenyu/GeneRec/results/stage3_T5Train/curvature_RQ-VAE/ckpt/Amazon_2023_Instruments/Oct-08-2026_17-17-41/HG_Rec_best.pth
2026-10-08 17:20:37,943 - INFO - Epoch 15/150 train_loss=2.7499297046661377
2026-10-08 17:20:37,979 - INFO - Best train loss=2.7499297046661377; saved /home/wlia0047/ar57/wenyu/GeneRec/results/stage3_T5Train/curvature_RQ-VAE/ckpt/Amazon_2023_Instruments/Oct-08-2026_17-17-41/HG_Rec_best.pth
2026-10-08 17:20:49,584 - INFO - Epoch 16/150 train_loss=2.690383195877075
2026-10-08 17:20:49,621 - INFO - Best train loss=2.690383195877075; saved /home/wlia0047/ar57/wenyu/GeneRec/results/stage3_T5Train/curvature_RQ-VAE/ckpt/Amazon_2023_Instruments/Oct-08-2026_17-17-41/HG_Rec_best.pth
2026-10-08 17:21:01,230 - INFO - Epoch 17/150 train_loss=2.630143051147461
2026-10-08 17:21:01,266 - INFO - Best train loss=2.630143051147461; saved /home/wlia0047/ar57/wenyu/GeneRec/results/stage3_T5Train/curvature_RQ-VAE/ckpt/Amazon_2023_Instruments/Oct-08-2026_17-17-41/HG_Rec_best.pth
2026-10-08 17:21:13,452 - INFO - Epoch 18/150 train_loss=2.5948164653778076
2026-10-08 17:21:13,489 - INFO - Best train loss=2.5948164653778076; saved /home/wlia0047/ar57/wenyu/GeneRec/results/stage3_T5Train/curvature_RQ-VAE/ckpt/Amazon_2023_Instruments/Oct-08-2026_17-17-41/HG_Rec_best.pth
2026-10-08 17:21:25,095 - INFO - Epoch 19/150 train_loss=2.5581035900115965
2026-10-08 17:21:25,133 - INFO - Best train loss=2.5581035900115965; saved /home/wlia0047/ar57/wenyu/GeneRec/results/stage3_T5Train/curvature_RQ-VAE/ckpt/Amazon_2023_Instruments/Oct-08-2026_17-17-41/HG_Rec_best.pth
2026-10-08 17:21:36,748 - INFO - Epoch 20/150 train_loss=2.5201612091064454
2026-10-08 17:21:36,787 - INFO - Best train loss=2.5201612091064454; saved /home/wlia0047/ar57/wenyu/GeneRec/results/stage3_T5Train/curvature_RQ-VAE/ckpt/Amazon_2023_Instruments/Oct-08-2026_17-17-41/HG_Rec_best.pth
2026-10-08 17:21:48,399 - INFO - Epoch 21/150 train_loss=2.4833271217346193
2026-10-08 17:21:48,435 - INFO - Best train loss=2.4833271217346193; saved /home/wlia0047/ar57/wenyu/GeneRec/results/stage3_T5Train/curvature_RQ-VAE/ckpt/Amazon_2023_Instruments/Oct-08-2026_17-17-41/HG_Rec_best.pth
2026-10-08 17:22:00,041 - INFO - Epoch 22/150 train_loss=2.4523473739624024
2026-10-08 17:22:00,077 - INFO - Best train loss=2.4523473739624024; saved /home/wlia0047/ar57/wenyu/GeneRec/results/stage3_T5Train/curvature_RQ-VAE/ckpt/Amazon_2023_Instruments/Oct-08-2026_17-17-41/HG_Rec_best.pth
2026-10-08 17:22:11,685 - INFO - Epoch 23/150 train_loss=2.4213939476013184
2026-10-08 17:22:11,726 - INFO - Best train loss=2.4213939476013184; saved /home/wlia0047/ar57/wenyu/GeneRec/results/stage3_T5Train/curvature_RQ-VAE/ckpt/Amazon_2023_Instruments/Oct-08-2026_17-17-41/HG_Rec_best.pth
2026-10-08 17:22:23,340 - INFO - Epoch 24/150 train_loss=2.3971674060821533
2026-10-08 17:22:23,378 - INFO - Best train loss=2.3971674060821533; saved /home/wlia0047/ar57/wenyu/GeneRec/results/stage3_T5Train/curvature_RQ-VAE/ckpt/Amazon_2023_Instruments/Oct-08-2026_17-17-41/HG_Rec_best.pth
2026-10-08 17:22:34,989 - INFO - Epoch 25/150 train_loss=2.372509183883667
2026-10-08 17:22:35,029 - INFO - Best train loss=2.372509183883667; saved /home/wlia0047/ar57/wenyu/GeneRec/results/stage3_T5Train/curvature_RQ-VAE/ckpt/Amazon_2023_Instruments/Oct-08-2026_17-17-41/HG_Rec_best.pth
2026-10-08 17:22:46,634 - INFO - Epoch 26/150 train_loss=2.3478884315490722
2026-10-08 17:22:46,671 - INFO - Best train loss=2.3478884315490722; saved /home/wlia0047/ar57/wenyu/GeneRec/results/stage3_T5Train/curvature_RQ-VAE/ckpt/Amazon_2023_Instruments/Oct-08-2026_17-17-41/HG_Rec_best.pth
2026-10-08 17:22:58,282 - INFO - Epoch 27/150 train_loss=2.327542295455933
2026-10-08 17:22:58,318 - INFO - Best train loss=2.327542295455933; saved /home/wlia0047/ar57/wenyu/GeneRec/results/stage3_T5Train/curvature_RQ-VAE/ckpt/Amazon_2023_Instruments/Oct-08-2026_17-17-41/HG_Rec_best.pth
2026-10-08 17:23:09,926 - INFO - Epoch 28/150 train_loss=2.310782356262207
2026-10-08 17:23:09,963 - INFO - Best train loss=2.310782356262207; saved /home/wlia0047/ar57/wenyu/GeneRec/results/stage3_T5Train/curvature_RQ-VAE/ckpt/Amazon_2023_Instruments/Oct-08-2026_17-17-41/HG_Rec_best.pth
2026-10-08 17:23:21,575 - INFO - Epoch 29/150 train_loss=2.2924113178253176
2026-10-08 17:23:21,615 - INFO - Best train loss=2.2924113178253176; saved /home/wlia0047/ar57/wenyu/GeneRec/results/stage3_T5Train/curvature_RQ-VAE/ckpt/Amazon_2023_Instruments/Oct-08-2026_17-17-41/HG_Rec_best.pth
2026-10-08 17:23:33,240 - INFO - Epoch 30/150 train_loss=2.2765032768249513
2026-10-08 17:23:33,276 - INFO - Best train loss=2.2765032768249513; saved /home/wlia0047/ar57/wenyu/GeneRec/results/stage3_T5Train/curvature_RQ-VAE/ckpt/Amazon_2023_Instruments/Oct-08-2026_17-17-41/HG_Rec_best.pth
2026-10-08 17:23:44,897 - INFO - Epoch 31/150 train_loss=2.265105028152466
2026-10-08 17:23:44,933 - INFO - Best train loss=2.265105028152466; saved /home/wlia0047/ar57/wenyu/GeneRec/results/stage3_T5Train/curvature_RQ-VAE/ckpt/Amazon_2023_Instruments/Oct-08-2026_17-17-41/HG_Rec_best.pth
2026-10-08 17:23:56,541 - INFO - Epoch 32/150 train_loss=2.2493557929992676
2026-10-08 17:23:56,581 - INFO - Best train loss=2.2493557929992676; saved /home/wlia0047/ar57/wenyu/GeneRec/results/stage3_T5Train/curvature_RQ-VAE/ckpt/Amazon_2023_Instruments/Oct-08-2026_17-17-41/HG_Rec_best.pth
2026-10-08 17:24:08,195 - INFO - Epoch 33/150 train_loss=2.231465196609497
2026-10-08 17:24:08,233 - INFO - Best train loss=2.231465196609497; saved /home/wlia0047/ar57/wenyu/GeneRec/results/stage3_T5Train/curvature_RQ-VAE/ckpt/Amazon_2023_Instruments/Oct-08-2026_17-17-41/HG_Rec_best.pth
2026-10-08 17:24:19,840 - INFO - Epoch 34/150 train_loss=2.223905849456787
2026-10-08 17:24:19,876 - INFO - Best train loss=2.223905849456787; saved /home/wlia0047/ar57/wenyu/GeneRec/results/stage3_T5Train/curvature_RQ-VAE/ckpt/Amazon_2023_Instruments/Oct-08-2026_17-17-41/HG_Rec_best.pth
2026-10-08 17:24:31,488 - INFO - Epoch 35/150 train_loss=2.2117580223083495
2026-10-08 17:24:31,525 - INFO - Best train loss=2.2117580223083495; saved /home/wlia0047/ar57/wenyu/GeneRec/results/stage3_T5Train/curvature_RQ-VAE/ckpt/Amazon_2023_Instruments/Oct-08-2026_17-17-41/HG_Rec_best.pth
2026-10-08 17:24:43,142 - INFO - Epoch 36/150 train_loss=2.2021485328674317
2026-10-08 17:24:43,177 - INFO - Best train loss=2.2021485328674317; saved /home/wlia0047/ar57/wenyu/GeneRec/results/stage3_T5Train/curvature_RQ-VAE/ckpt/Amazon_2023_Instruments/Oct-08-2026_17-17-41/HG_Rec_best.pth
2026-10-08 17:24:54,785 - INFO - Epoch 37/150 train_loss=2.1837912940979005
2026-10-08 17:24:54,821 - INFO - Best train loss=2.1837912940979005; saved /home/wlia0047/ar57/wenyu/GeneRec/results/stage3_T5Train/curvature_RQ-VAE/ckpt/Amazon_2023_Instruments/Oct-08-2026_17-17-41/HG_Rec_best.pth
2026-10-08 17:25:06,426 - INFO - Epoch 38/150 train_loss=2.1766284561157225
2026-10-08 17:25:06,465 - INFO - Best train loss=2.1766284561157225; saved /home/wlia0047/ar57/wenyu/GeneRec/results/stage3_T5Train/curvature_RQ-VAE/ckpt/Amazon_2023_Instruments/Oct-08-2026_17-17-41/HG_Rec_best.pth
2026-10-08 17:25:18,075 - INFO - Epoch 39/150 train_loss=2.171200714111328
2026-10-08 17:25:18,115 - INFO - Best train loss=2.171200714111328; saved /home/wlia0047/ar57/wenyu/GeneRec/results/stage3_T5Train/curvature_RQ-VAE/ckpt/Amazon_2023_Instruments/Oct-08-2026_17-17-41/HG_Rec_best.pth
2026-10-08 17:25:29,728 - INFO - Epoch 40/150 train_loss=2.1614784622192382
2026-10-08 17:25:29,764 - INFO - Best train loss=2.1614784622192382; saved /home/wlia0047/ar57/wenyu/GeneRec/results/stage3_T5Train/curvature_RQ-VAE/ckpt/Amazon_2023_Instruments/Oct-08-2026_17-17-41/HG_Rec_best.pth
2026-10-08 17:25:41,369 - INFO - Epoch 41/150 train_loss=2.1536373615264894
2026-10-08 17:25:41,407 - INFO - Best train loss=2.1536373615264894; saved /home/wlia0047/ar57/wenyu/GeneRec/results/stage3_T5Train/curvature_RQ-VAE/ckpt/Amazon_2023_Instruments/Oct-08-2026_17-17-41/HG_Rec_best.pth
2026-10-08 17:25:53,018 - INFO - Epoch 42/150 train_loss=2.1426815223693847
2026-10-08 17:25:53,054 - INFO - Best train loss=2.1426815223693847; saved /home/wlia0047/ar57/wenyu/GeneRec/results/stage3_T5Train/curvature_RQ-VAE/ckpt/Amazon_2023_Instruments/Oct-08-2026_17-17-41/HG_Rec_best.pth
2026-10-08 17:26:05,188 - INFO - Epoch 43/150 train_loss=2.13246527671814
2026-10-08 17:26:05,227 - INFO - Best train loss=2.13246527671814; saved /home/wlia0047/ar57/wenyu/GeneRec/results/stage3_T5Train/curvature_RQ-VAE/ckpt/Amazon_2023_Instruments/Oct-08-2026_17-17-41/HG_Rec_best.pth
2026-10-08 17:26:16,835 - INFO - Epoch 44/150 train_loss=2.1282431793212893
2026-10-08 17:26:16,871 - INFO - Best train loss=2.1282431793212893; saved /home/wlia0047/ar57/wenyu/GeneRec/results/stage3_T5Train/curvature_RQ-VAE/ckpt/Amazon_2023_Instruments/Oct-08-2026_17-17-41/HG_Rec_best.pth
2026-10-08 17:26:28,479 - INFO - Epoch 45/150 train_loss=2.120136375427246
2026-10-08 17:26:28,516 - INFO - Best train loss=2.120136375427246; saved /home/wlia0047/ar57/wenyu/GeneRec/results/stage3_T5Train/curvature_RQ-VAE/ckpt/Amazon_2023_Instruments/Oct-08-2026_17-17-41/HG_Rec_best.pth
2026-10-08 17:26:40,124 - INFO - Epoch 46/150 train_loss=2.1136744308471678
2026-10-08 17:26:40,160 - INFO - Best train loss=2.1136744308471678; saved /home/wlia0047/ar57/wenyu/GeneRec/results/stage3_T5Train/curvature_RQ-VAE/ckpt/Amazon_2023_Instruments/Oct-08-2026_17-17-41/HG_Rec_best.pth
2026-10-08 17:26:51,765 - INFO - Epoch 47/150 train_loss=2.1073516464233397
2026-10-08 17:26:51,801 - INFO - Best train loss=2.1073516464233397; saved /home/wlia0047/ar57/wenyu/GeneRec/results/stage3_T5Train/curvature_RQ-VAE/ckpt/Amazon_2023_Instruments/Oct-08-2026_17-17-41/HG_Rec_best.pth
2026-10-08 17:27:03,406 - INFO - Epoch 48/150 train_loss=2.0992471313476564
2026-10-08 17:27:03,443 - INFO - Best train loss=2.0992471313476564; saved /home/wlia0047/ar57/wenyu/GeneRec/results/stage3_T5Train/curvature_RQ-VAE/ckpt/Amazon_2023_Instruments/Oct-08-2026_17-17-41/HG_Rec_best.pth
2026-10-08 17:27:15,054 - INFO - Epoch 49/150 train_loss=2.0897976398468017
2026-10-08 17:27:15,092 - INFO - Best train loss=2.0897976398468017; saved /home/wlia0047/ar57/wenyu/GeneRec/results/stage3_T5Train/curvature_RQ-VAE/ckpt/Amazon_2023_Instruments/Oct-08-2026_17-17-41/HG_Rec_best.pth
2026-10-08 17:27:26,702 - INFO - Epoch 50/150 train_loss=2.088788471221924
2026-10-08 17:27:26,740 - INFO - Best train loss=2.088788471221924; saved /home/wlia0047/ar57/wenyu/GeneRec/results/stage3_T5Train/curvature_RQ-VAE/ckpt/Amazon_2023_Instruments/Oct-08-2026_17-17-41/HG_Rec_best.pth
2026-10-08 17:27:38,352 - INFO - Epoch 51/150 train_loss=2.0813782787323
2026-10-08 17:27:38,585 - INFO - Best train loss=2.0813782787323; saved /home/wlia0047/ar57/wenyu/GeneRec/results/stage3_T5Train/curvature_RQ-VAE/ckpt/Amazon_2023_Instruments/Oct-08-2026_17-17-41/HG_Rec_best.pth
2026-10-08 17:27:50,455 - INFO - Epoch 52/150 train_loss=2.0779672145843504
2026-10-08 17:27:50,490 - INFO - Best train loss=2.0779672145843504; saved /home/wlia0047/ar57/wenyu/GeneRec/results/stage3_T5Train/curvature_RQ-VAE/ckpt/Amazon_2023_Instruments/Oct-08-2026_17-17-41/HG_Rec_best.pth
2026-10-08 17:28:02,431 - INFO - Epoch 53/150 train_loss=2.0726384925842285
2026-10-08 17:28:02,471 - INFO - Best train loss=2.0726384925842285; saved /home/wlia0047/ar57/wenyu/GeneRec/results/stage3_T5Train/curvature_RQ-VAE/ckpt/Amazon_2023_Instruments/Oct-08-2026_17-17-41/HG_Rec_best.pth
2026-10-08 17:28:14,082 - INFO - Epoch 54/150 train_loss=2.066394033432007
2026-10-08 17:28:14,118 - INFO - Best train loss=2.066394033432007; saved /home/wlia0047/ar57/wenyu/GeneRec/results/stage3_T5Train/curvature_RQ-VAE/ckpt/Amazon_2023_Instruments/Oct-08-2026_17-17-41/HG_Rec_best.pth
2026-10-08 17:28:28,059 - INFO - Epoch 55/150 train_loss=2.06163724899292
2026-10-08 17:28:28,168 - INFO - Best train loss=2.06163724899292; saved /home/wlia0047/ar57/wenyu/GeneRec/results/stage3_T5Train/curvature_RQ-VAE/ckpt/Amazon_2023_Instruments/Oct-08-2026_17-17-41/HG_Rec_best.pth
2026-10-08 17:28:39,810 - INFO - Epoch 56/150 train_loss=2.0548617172241213
2026-10-08 17:28:39,852 - INFO - Best train loss=2.0548617172241213; saved /home/wlia0047/ar57/wenyu/GeneRec/results/stage3_T5Train/curvature_RQ-VAE/ckpt/Amazon_2023_Instruments/Oct-08-2026_17-17-41/HG_Rec_best.pth
2026-10-08 17:28:51,505 - INFO - Epoch 57/150 train_loss=2.0476764488220214
2026-10-08 17:28:51,541 - INFO - Best train loss=2.0476764488220214; saved /home/wlia0047/ar57/wenyu/GeneRec/results/stage3_T5Train/curvature_RQ-VAE/ckpt/Amazon_2023_Instruments/Oct-08-2026_17-17-41/HG_Rec_best.pth
2026-10-08 17:29:03,154 - INFO - Epoch 58/150 train_loss=2.0424384307861327
2026-10-08 17:29:03,189 - INFO - Best train loss=2.0424384307861327; saved /home/wlia0047/ar57/wenyu/GeneRec/results/stage3_T5Train/curvature_RQ-VAE/ckpt/Amazon_2023_Instruments/Oct-08-2026_17-17-41/HG_Rec_best.pth
2026-10-08 17:29:14,792 - INFO - Epoch 59/150 train_loss=2.03584849357605
2026-10-08 17:29:14,829 - INFO - Best train loss=2.03584849357605; saved /home/wlia0047/ar57/wenyu/GeneRec/results/stage3_T5Train/curvature_RQ-VAE/ckpt/Amazon_2023_Instruments/Oct-08-2026_17-17-41/HG_Rec_best.pth
2026-10-08 17:29:26,444 - INFO - Epoch 60/150 train_loss=2.0335910987854002
2026-10-08 17:29:26,480 - INFO - Best train loss=2.0335910987854002; saved /home/wlia0047/ar57/wenyu/GeneRec/results/stage3_T5Train/curvature_RQ-VAE/ckpt/Amazon_2023_Instruments/Oct-08-2026_17-17-41/HG_Rec_best.pth
2026-10-08 17:29:38,094 - INFO - Epoch 61/150 train_loss=2.0292007160186767
2026-10-08 17:29:38,131 - INFO - Best train loss=2.0292007160186767; saved /home/wlia0047/ar57/wenyu/GeneRec/results/stage3_T5Train/curvature_RQ-VAE/ckpt/Amazon_2023_Instruments/Oct-08-2026_17-17-41/HG_Rec_best.pth
2026-10-08 17:29:49,742 - INFO - Epoch 62/150 train_loss=2.025390291213989
2026-10-08 17:29:49,779 - INFO - Best train loss=2.025390291213989; saved /home/wlia0047/ar57/wenyu/GeneRec/results/stage3_T5Train/curvature_RQ-VAE/ckpt/Amazon_2023_Instruments/Oct-08-2026_17-17-41/HG_Rec_best.pth
2026-10-08 17:30:01,391 - INFO - Epoch 63/150 train_loss=2.023209295272827
2026-10-08 17:30:01,430 - INFO - Best train loss=2.023209295272827; saved /home/wlia0047/ar57/wenyu/GeneRec/results/stage3_T5Train/curvature_RQ-VAE/ckpt/Amazon_2023_Instruments/Oct-08-2026_17-17-41/HG_Rec_best.pth
2026-10-08 17:30:13,043 - INFO - Epoch 64/150 train_loss=2.0180544567108156
2026-10-08 17:30:13,080 - INFO - Best train loss=2.0180544567108156; saved /home/wlia0047/ar57/wenyu/GeneRec/results/stage3_T5Train/curvature_RQ-VAE/ckpt/Amazon_2023_Instruments/Oct-08-2026_17-17-41/HG_Rec_best.pth
2026-10-08 17:30:24,792 - INFO - Epoch 65/150 train_loss=2.015884237289429
2026-10-08 17:30:24,835 - INFO - Best train loss=2.015884237289429; saved /home/wlia0047/ar57/wenyu/GeneRec/results/stage3_T5Train/curvature_RQ-VAE/ckpt/Amazon_2023_Instruments/Oct-08-2026_17-17-41/HG_Rec_best.pth
2026-10-08 17:30:36,445 - INFO - Epoch 66/150 train_loss=2.0094635915756225
2026-10-08 17:30:36,481 - INFO - Best train loss=2.0094635915756225; saved /home/wlia0047/ar57/wenyu/GeneRec/results/stage3_T5Train/curvature_RQ-VAE/ckpt/Amazon_2023_Instruments/Oct-08-2026_17-17-41/HG_Rec_best.pth
2026-10-08 17:30:48,085 - INFO - Epoch 67/150 train_loss=2.005461721420288
2026-10-08 17:30:48,121 - INFO - Best train loss=2.005461721420288; saved /home/wlia0047/ar57/wenyu/GeneRec/results/stage3_T5Train/curvature_RQ-VAE/ckpt/Amazon_2023_Instruments/Oct-08-2026_17-17-41/HG_Rec_best.pth
2026-10-08 17:30:59,746 - INFO - Epoch 68/150 train_loss=2.004453363418579
2026-10-08 17:30:59,821 - INFO - Best train loss=2.004453363418579; saved /home/wlia0047/ar57/wenyu/GeneRec/results/stage3_T5Train/curvature_RQ-VAE/ckpt/Amazon_2023_Instruments/Oct-08-2026_17-17-41/HG_Rec_best.pth
2026-10-08 17:31:11,430 - INFO - Epoch 69/150 train_loss=2.005027995109558
2026-10-08 17:31:23,043 - INFO - Epoch 70/150 train_loss=1.99709792137146
2026-10-08 17:31:23,079 - INFO - Best train loss=1.99709792137146; saved /home/wlia0047/ar57/wenyu/GeneRec/results/stage3_T5Train/curvature_RQ-VAE/ckpt/Amazon_2023_Instruments/Oct-08-2026_17-17-41/HG_Rec_best.pth
2026-10-08 17:31:34,685 - INFO - Epoch 71/150 train_loss=1.995128059387207
2026-10-08 17:31:34,722 - INFO - Best train loss=1.995128059387207; saved /home/wlia0047/ar57/wenyu/GeneRec/results/stage3_T5Train/curvature_RQ-VAE/ckpt/Amazon_2023_Instruments/Oct-08-2026_17-17-41/HG_Rec_best.pth
2026-10-08 17:31:46,329 - INFO - Epoch 72/150 train_loss=1.9931039333343505
2026-10-08 17:31:46,365 - INFO - Best train loss=1.9931039333343505; saved /home/wlia0047/ar57/wenyu/GeneRec/results/stage3_T5Train/curvature_RQ-VAE/ckpt/Amazon_2023_Instruments/Oct-08-2026_17-17-41/HG_Rec_best.pth
2026-10-08 17:31:57,978 - INFO - Epoch 73/150 train_loss=1.984472861289978
2026-10-08 17:31:58,014 - INFO - Best train loss=1.984472861289978; saved /home/wlia0047/ar57/wenyu/GeneRec/results/stage3_T5Train/curvature_RQ-VAE/ckpt/Amazon_2023_Instruments/Oct-08-2026_17-17-41/HG_Rec_best.pth
2026-10-08 17:32:09,624 - INFO - Epoch 74/150 train_loss=1.9877008628845214
2026-10-08 17:32:21,233 - INFO - Epoch 75/150 train_loss=1.9853174114227294
2026-10-08 17:32:32,845 - INFO - Epoch 76/150 train_loss=1.9810717868804932
2026-10-08 17:32:32,882 - INFO - Best train loss=1.9810717868804932; saved /home/wlia0047/ar57/wenyu/GeneRec/results/stage3_T5Train/curvature_RQ-VAE/ckpt/Amazon_2023_Instruments/Oct-08-2026_17-17-41/HG_Rec_best.pth
2026-10-08 17:32:44,495 - INFO - Epoch 77/150 train_loss=1.97482186794281
2026-10-08 17:32:44,532 - INFO - Best train loss=1.97482186794281; saved /home/wlia0047/ar57/wenyu/GeneRec/results/stage3_T5Train/curvature_RQ-VAE/ckpt/Amazon_2023_Instruments/Oct-08-2026_17-17-41/HG_Rec_best.pth
2026-10-08 17:32:56,144 - INFO - Epoch 78/150 train_loss=1.9756041193008422
2026-10-08 17:33:07,754 - INFO - Epoch 79/150 train_loss=1.973363904953003
2026-10-08 17:33:07,793 - INFO - Best train loss=1.973363904953003; saved /home/wlia0047/ar57/wenyu/GeneRec/results/stage3_T5Train/curvature_RQ-VAE/ckpt/Amazon_2023_Instruments/Oct-08-2026_17-17-41/HG_Rec_best.pth
2026-10-08 17:33:19,397 - INFO - Epoch 80/150 train_loss=1.9713422107696532
2026-10-08 17:33:20,063 - INFO - Best train loss=1.9713422107696532; saved /home/wlia0047/ar57/wenyu/GeneRec/results/stage3_T5Train/curvature_RQ-VAE/ckpt/Amazon_2023_Instruments/Oct-08-2026_17-17-41/HG_Rec_best.pth
2026-10-08 17:33:31,671 - INFO - Epoch 81/150 train_loss=1.969751992225647
2026-10-08 17:33:31,709 - INFO - Best train loss=1.969751992225647; saved /home/wlia0047/ar57/wenyu/GeneRec/results/stage3_T5Train/curvature_RQ-VAE/ckpt/Amazon_2023_Instruments/Oct-08-2026_17-17-41/HG_Rec_best.pth
2026-10-08 17:33:43,317 - INFO - Epoch 82/150 train_loss=1.9627976894378663
2026-10-08 17:33:43,362 - INFO - Best train loss=1.9627976894378663; saved /home/wlia0047/ar57/wenyu/GeneRec/results/stage3_T5Train/curvature_RQ-VAE/ckpt/Amazon_2023_Instruments/Oct-08-2026_17-17-41/HG_Rec_best.pth
2026-10-08 17:33:54,969 - INFO - Epoch 83/150 train_loss=1.965213475227356
2026-10-08 17:34:06,580 - INFO - Epoch 84/150 train_loss=1.961517243385315
2026-10-08 17:34:06,625 - INFO - Best train loss=1.961517243385315; saved /home/wlia0047/ar57/wenyu/GeneRec/results/stage3_T5Train/curvature_RQ-VAE/ckpt/Amazon_2023_Instruments/Oct-08-2026_17-17-41/HG_Rec_best.pth
2026-10-08 17:34:18,235 - INFO - Epoch 85/150 train_loss=1.9595922803878785
2026-10-08 17:34:18,274 - INFO - Best train loss=1.9595922803878785; saved /home/wlia0047/ar57/wenyu/GeneRec/results/stage3_T5Train/curvature_RQ-VAE/ckpt/Amazon_2023_Instruments/Oct-08-2026_17-17-41/HG_Rec_best.pth
2026-10-08 17:34:29,877 - INFO - Epoch 86/150 train_loss=1.9572335815429687
2026-10-08 17:34:29,925 - INFO - Best train loss=1.9572335815429687; saved /home/wlia0047/ar57/wenyu/GeneRec/results/stage3_T5Train/curvature_RQ-VAE/ckpt/Amazon_2023_Instruments/Oct-08-2026_17-17-41/HG_Rec_best.pth
2026-10-08 17:34:41,528 - INFO - Epoch 87/150 train_loss=1.9570058727264403
2026-10-08 17:34:41,570 - INFO - Best train loss=1.9570058727264403; saved /home/wlia0047/ar57/wenyu/GeneRec/results/stage3_T5Train/curvature_RQ-VAE/ckpt/Amazon_2023_Instruments/Oct-08-2026_17-17-41/HG_Rec_best.pth
2026-10-08 17:34:53,183 - INFO - Epoch 88/150 train_loss=1.9525611591339112
2026-10-08 17:34:53,219 - INFO - Best train loss=1.9525611591339112; saved /home/wlia0047/ar57/wenyu/GeneRec/results/stage3_T5Train/curvature_RQ-VAE/ckpt/Amazon_2023_Instruments/Oct-08-2026_17-17-41/HG_Rec_best.pth
2026-10-08 17:35:04,831 - INFO - Epoch 89/150 train_loss=1.9529102659225464
2026-10-08 17:35:16,443 - INFO - Epoch 90/150 train_loss=1.9484190464019775
2026-10-08 17:35:16,511 - INFO - Best train loss=1.9484190464019775; saved /home/wlia0047/ar57/wenyu/GeneRec/results/stage3_T5Train/curvature_RQ-VAE/ckpt/Amazon_2023_Instruments/Oct-08-2026_17-17-41/HG_Rec_best.pth
2026-10-08 17:35:28,122 - INFO - Epoch 91/150 train_loss=1.9481895780563354
2026-10-08 17:35:28,162 - INFO - Best train loss=1.9481895780563354; saved /home/wlia0047/ar57/wenyu/GeneRec/results/stage3_T5Train/curvature_RQ-VAE/ckpt/Amazon_2023_Instruments/Oct-08-2026_17-17-41/HG_Rec_best.pth
2026-10-08 17:35:40,272 - INFO - Epoch 92/150 train_loss=1.9473965454101563
2026-10-08 17:35:40,310 - INFO - Best train loss=1.9473965454101563; saved /home/wlia0047/ar57/wenyu/GeneRec/results/stage3_T5Train/curvature_RQ-VAE/ckpt/Amazon_2023_Instruments/Oct-08-2026_17-17-41/HG_Rec_best.pth
2026-10-08 17:35:51,954 - INFO - Epoch 93/150 train_loss=1.9421478366851808
2026-10-08 17:35:51,990 - INFO - Best train loss=1.9421478366851808; saved /home/wlia0047/ar57/wenyu/GeneRec/results/stage3_T5Train/curvature_RQ-VAE/ckpt/Amazon_2023_Instruments/Oct-08-2026_17-17-41/HG_Rec_best.pth
2026-10-08 17:36:03,600 - INFO - Epoch 94/150 train_loss=1.9450306272506714
2026-10-08 17:36:15,210 - INFO - Epoch 95/150 train_loss=1.9413672065734864
2026-10-08 17:36:15,246 - INFO - Best train loss=1.9413672065734864; saved /home/wlia0047/ar57/wenyu/GeneRec/results/stage3_T5Train/curvature_RQ-VAE/ckpt/Amazon_2023_Instruments/Oct-08-2026_17-17-41/HG_Rec_best.pth
2026-10-08 17:36:26,855 - INFO - Epoch 96/150 train_loss=1.9392215871810914
2026-10-08 17:36:26,891 - INFO - Best train loss=1.9392215871810914; saved /home/wlia0047/ar57/wenyu/GeneRec/results/stage3_T5Train/curvature_RQ-VAE/ckpt/Amazon_2023_Instruments/Oct-08-2026_17-17-41/HG_Rec_best.pth
2026-10-08 17:36:38,503 - INFO - Epoch 97/150 train_loss=1.9388615417480468
2026-10-08 17:36:38,540 - INFO - Best train loss=1.9388615417480468; saved /home/wlia0047/ar57/wenyu/GeneRec/results/stage3_T5Train/curvature_RQ-VAE/ckpt/Amazon_2023_Instruments/Oct-08-2026_17-17-41/HG_Rec_best.pth
2026-10-08 17:36:50,153 - INFO - Epoch 98/150 train_loss=1.9369244623184203
2026-10-08 17:36:50,189 - INFO - Best train loss=1.9369244623184203; saved /home/wlia0047/ar57/wenyu/GeneRec/results/stage3_T5Train/curvature_RQ-VAE/ckpt/Amazon_2023_Instruments/Oct-08-2026_17-17-41/HG_Rec_best.pth
2026-10-08 17:37:01,804 - INFO - Epoch 99/150 train_loss=1.935238060951233
2026-10-08 17:37:01,840 - INFO - Best train loss=1.935238060951233; saved /home/wlia0047/ar57/wenyu/GeneRec/results/stage3_T5Train/curvature_RQ-VAE/ckpt/Amazon_2023_Instruments/Oct-08-2026_17-17-41/HG_Rec_best.pth
2026-10-08 17:37:13,446 - INFO - Epoch 100/150 train_loss=1.9336218643188476
2026-10-08 17:37:13,483 - INFO - Best train loss=1.9336218643188476; saved /home/wlia0047/ar57/wenyu/GeneRec/results/stage3_T5Train/curvature_RQ-VAE/ckpt/Amazon_2023_Instruments/Oct-08-2026_17-17-41/HG_Rec_best.pth
2026-10-08 17:37:25,099 - INFO - Epoch 101/150 train_loss=1.931642394065857
2026-10-08 17:37:25,139 - INFO - Best train loss=1.931642394065857; saved /home/wlia0047/ar57/wenyu/GeneRec/results/stage3_T5Train/curvature_RQ-VAE/ckpt/Amazon_2023_Instruments/Oct-08-2026_17-17-41/HG_Rec_best.pth
2026-10-08 17:37:36,755 - INFO - Epoch 102/150 train_loss=1.9319618129730225
2026-10-08 17:37:48,367 - INFO - Epoch 103/150 train_loss=1.928116888999939
2026-10-08 17:37:48,407 - INFO - Best train loss=1.928116888999939; saved /home/wlia0047/ar57/wenyu/GeneRec/results/stage3_T5Train/curvature_RQ-VAE/ckpt/Amazon_2023_Instruments/Oct-08-2026_17-17-41/HG_Rec_best.pth
2026-10-08 17:38:00,018 - INFO - Epoch 104/150 train_loss=1.9277828311920167
2026-10-08 17:38:00,055 - INFO - Best train loss=1.9277828311920167; saved /home/wlia0047/ar57/wenyu/GeneRec/results/stage3_T5Train/curvature_RQ-VAE/ckpt/Amazon_2023_Instruments/Oct-08-2026_17-17-41/HG_Rec_best.pth
2026-10-08 17:38:11,962 - INFO - Epoch 105/150 train_loss=1.9282387018203735
2026-10-08 17:38:24,308 - INFO - Epoch 106/150 train_loss=1.9227636909484864
2026-10-08 17:38:24,365 - INFO - Best train loss=1.9227636909484864; saved /home/wlia0047/ar57/wenyu/GeneRec/results/stage3_T5Train/curvature_RQ-VAE/ckpt/Amazon_2023_Instruments/Oct-08-2026_17-17-41/HG_Rec_best.pth
2026-10-08 17:38:36,118 - INFO - Epoch 107/150 train_loss=1.9249487733840942
2026-10-08 17:38:47,752 - INFO - Epoch 108/150 train_loss=1.9249977827072144
2026-10-08 17:38:59,431 - INFO - Epoch 109/150 train_loss=1.920798897743225
2026-10-08 17:38:59,467 - INFO - Best train loss=1.920798897743225; saved /home/wlia0047/ar57/wenyu/GeneRec/results/stage3_T5Train/curvature_RQ-VAE/ckpt/Amazon_2023_Instruments/Oct-08-2026_17-17-41/HG_Rec_best.pth
2026-10-08 17:39:11,074 - INFO - Epoch 110/150 train_loss=1.9178706312179565
2026-10-08 17:39:11,109 - INFO - Best train loss=1.9178706312179565; saved /home/wlia0047/ar57/wenyu/GeneRec/results/stage3_T5Train/curvature_RQ-VAE/ckpt/Amazon_2023_Instruments/Oct-08-2026_17-17-41/HG_Rec_best.pth
2026-10-08 17:39:22,722 - INFO - Epoch 111/150 train_loss=1.9175356531143188
2026-10-08 17:39:22,758 - INFO - Best train loss=1.9175356531143188; saved /home/wlia0047/ar57/wenyu/GeneRec/results/stage3_T5Train/curvature_RQ-VAE/ckpt/Amazon_2023_Instruments/Oct-08-2026_17-17-41/HG_Rec_best.pth
2026-10-08 17:39:34,369 - INFO - Epoch 112/150 train_loss=1.9170551490783692
2026-10-08 17:39:34,405 - INFO - Best train loss=1.9170551490783692; saved /home/wlia0047/ar57/wenyu/GeneRec/results/stage3_T5Train/curvature_RQ-VAE/ckpt/Amazon_2023_Instruments/Oct-08-2026_17-17-41/HG_Rec_best.pth
2026-10-08 17:39:46,013 - INFO - Epoch 113/150 train_loss=1.9163008975982665
2026-10-08 17:39:46,052 - INFO - Best train loss=1.9163008975982665; saved /home/wlia0047/ar57/wenyu/GeneRec/results/stage3_T5Train/curvature_RQ-VAE/ckpt/Amazon_2023_Instruments/Oct-08-2026_17-17-41/HG_Rec_best.pth
2026-10-08 17:39:57,656 - INFO - Epoch 114/150 train_loss=1.91523530960083
2026-10-08 17:39:57,692 - INFO - Best train loss=1.91523530960083; saved /home/wlia0047/ar57/wenyu/GeneRec/results/stage3_T5Train/curvature_RQ-VAE/ckpt/Amazon_2023_Instruments/Oct-08-2026_17-17-41/HG_Rec_best.pth
2026-10-08 17:40:09,298 - INFO - Epoch 115/150 train_loss=1.9132293844223023
2026-10-08 17:40:09,336 - INFO - Best train loss=1.9132293844223023; saved /home/wlia0047/ar57/wenyu/GeneRec/results/stage3_T5Train/curvature_RQ-VAE/ckpt/Amazon_2023_Instruments/Oct-08-2026_17-17-41/HG_Rec_best.pth
2026-10-08 17:40:20,945 - INFO - Epoch 116/150 train_loss=1.9129717826843262
2026-10-08 17:40:20,982 - INFO - Best train loss=1.9129717826843262; saved /home/wlia0047/ar57/wenyu/GeneRec/results/stage3_T5Train/curvature_RQ-VAE/ckpt/Amazon_2023_Instruments/Oct-08-2026_17-17-41/HG_Rec_best.pth
2026-10-08 17:40:34,839 - INFO - Epoch 117/150 train_loss=1.9112944889068604
2026-10-08 17:40:34,875 - INFO - Best train loss=1.9112944889068604; saved /home/wlia0047/ar57/wenyu/GeneRec/results/stage3_T5Train/curvature_RQ-VAE/ckpt/Amazon_2023_Instruments/Oct-08-2026_17-17-41/HG_Rec_best.pth
2026-10-08 17:40:46,524 - INFO - Epoch 118/150 train_loss=1.9092247629165648
2026-10-08 17:40:46,560 - INFO - Best train loss=1.9092247629165648; saved /home/wlia0047/ar57/wenyu/GeneRec/results/stage3_T5Train/curvature_RQ-VAE/ckpt/Amazon_2023_Instruments/Oct-08-2026_17-17-41/HG_Rec_best.pth
2026-10-08 17:40:58,165 - INFO - Epoch 119/150 train_loss=1.9090828275680543
2026-10-08 17:40:58,210 - INFO - Best train loss=1.9090828275680543; saved /home/wlia0047/ar57/wenyu/GeneRec/results/stage3_T5Train/curvature_RQ-VAE/ckpt/Amazon_2023_Instruments/Oct-08-2026_17-17-41/HG_Rec_best.pth
2026-10-08 17:41:09,813 - INFO - Epoch 120/150 train_loss=1.9068589210510254
2026-10-08 17:41:09,851 - INFO - Best train loss=1.9068589210510254; saved /home/wlia0047/ar57/wenyu/GeneRec/results/stage3_T5Train/curvature_RQ-VAE/ckpt/Amazon_2023_Instruments/Oct-08-2026_17-17-41/HG_Rec_best.pth
2026-10-08 17:41:21,457 - INFO - Epoch 121/150 train_loss=1.9062727117538452
2026-10-08 17:41:21,492 - INFO - Best train loss=1.9062727117538452; saved /home/wlia0047/ar57/wenyu/GeneRec/results/stage3_T5Train/curvature_RQ-VAE/ckpt/Amazon_2023_Instruments/Oct-08-2026_17-17-41/HG_Rec_best.pth
2026-10-08 17:41:33,098 - INFO - Epoch 122/150 train_loss=1.9046828079223632
2026-10-08 17:41:33,134 - INFO - Best train loss=1.9046828079223632; saved /home/wlia0047/ar57/wenyu/GeneRec/results/stage3_T5Train/curvature_RQ-VAE/ckpt/Amazon_2023_Instruments/Oct-08-2026_17-17-41/HG_Rec_best.pth
2026-10-08 17:41:44,743 - INFO - Epoch 123/150 train_loss=1.9010652923583984
2026-10-08 17:41:44,780 - INFO - Best train loss=1.9010652923583984; saved /home/wlia0047/ar57/wenyu/GeneRec/results/stage3_T5Train/curvature_RQ-VAE/ckpt/Amazon_2023_Instruments/Oct-08-2026_17-17-41/HG_Rec_best.pth
2026-10-08 17:41:56,393 - INFO - Epoch 124/150 train_loss=1.903585548400879
2026-10-08 17:42:08,011 - INFO - Epoch 125/150 train_loss=1.901903076171875
2026-10-08 17:42:19,626 - INFO - Epoch 126/150 train_loss=1.9005676794052124
2026-10-08 17:42:19,666 - INFO - Best train loss=1.9005676794052124; saved /home/wlia0047/ar57/wenyu/GeneRec/results/stage3_T5Train/curvature_RQ-VAE/ckpt/Amazon_2023_Instruments/Oct-08-2026_17-17-41/HG_Rec_best.pth
2026-10-08 17:42:31,281 - INFO - Epoch 127/150 train_loss=1.8991422986984252
2026-10-08 17:42:31,317 - INFO - Best train loss=1.8991422986984252; saved /home/wlia0047/ar57/wenyu/GeneRec/results/stage3_T5Train/curvature_RQ-VAE/ckpt/Amazon_2023_Instruments/Oct-08-2026_17-17-41/HG_Rec_best.pth
2026-10-08 17:42:42,929 - INFO - Epoch 128/150 train_loss=1.9026050615310668
2026-10-08 17:42:54,543 - INFO - Epoch 129/150 train_loss=1.8978449249267577
2026-10-08 17:42:54,579 - INFO - Best train loss=1.8978449249267577; saved /home/wlia0047/ar57/wenyu/GeneRec/results/stage3_T5Train/curvature_RQ-VAE/ckpt/Amazon_2023_Instruments/Oct-08-2026_17-17-41/HG_Rec_best.pth
2026-10-08 17:43:06,190 - INFO - Epoch 130/150 train_loss=1.8996315813064575
2026-10-08 17:43:17,804 - INFO - Epoch 131/150 train_loss=1.8978919315338134
2026-10-08 17:43:29,420 - INFO - Epoch 132/150 train_loss=1.8960828256607056
2026-10-08 17:43:29,457 - INFO - Best train loss=1.8960828256607056; saved /home/wlia0047/ar57/wenyu/GeneRec/results/stage3_T5Train/curvature_RQ-VAE/ckpt/Amazon_2023_Instruments/Oct-08-2026_17-17-41/HG_Rec_best.pth
2026-10-08 17:43:41,067 - INFO - Epoch 133/150 train_loss=1.897681050300598
2026-10-08 17:43:52,674 - INFO - Epoch 134/150 train_loss=1.8952510643005371
2026-10-08 17:43:52,716 - INFO - Best train loss=1.8952510643005371; saved /home/wlia0047/ar57/wenyu/GeneRec/results/stage3_T5Train/curvature_RQ-VAE/ckpt/Amazon_2023_Instruments/Oct-08-2026_17-17-41/HG_Rec_best.pth
2026-10-08 17:44:04,319 - INFO - Epoch 135/150 train_loss=1.8925711965560914
2026-10-08 17:44:04,356 - INFO - Best train loss=1.8925711965560914; saved /home/wlia0047/ar57/wenyu/GeneRec/results/stage3_T5Train/curvature_RQ-VAE/ckpt/Amazon_2023_Instruments/Oct-08-2026_17-17-41/HG_Rec_best.pth
2026-10-08 17:44:15,966 - INFO - Epoch 136/150 train_loss=1.8940618419647217
2026-10-08 17:44:27,572 - INFO - Epoch 137/150 train_loss=1.8934747171401978
2026-10-08 17:44:39,185 - INFO - Epoch 138/150 train_loss=1.8935980129241943
2026-10-08 17:44:50,794 - INFO - Epoch 139/150 train_loss=1.8907261848449708
2026-10-08 17:44:50,838 - INFO - Best train loss=1.8907261848449708; saved /home/wlia0047/ar57/wenyu/GeneRec/results/stage3_T5Train/curvature_RQ-VAE/ckpt/Amazon_2023_Instruments/Oct-08-2026_17-17-41/HG_Rec_best.pth
2026-10-08 17:45:02,450 - INFO - Epoch 140/150 train_loss=1.8903418016433715
2026-10-08 17:45:02,488 - INFO - Best train loss=1.8903418016433715; saved /home/wlia0047/ar57/wenyu/GeneRec/results/stage3_T5Train/curvature_RQ-VAE/ckpt/Amazon_2023_Instruments/Oct-08-2026_17-17-41/HG_Rec_best.pth
2026-10-08 17:45:14,099 - INFO - Epoch 141/150 train_loss=1.8936493396759033
2026-10-08 17:45:25,707 - INFO - Epoch 142/150 train_loss=1.8912488794326783
2026-10-08 17:45:37,324 - INFO - Epoch 143/150 train_loss=1.8874048137664794
2026-10-08 17:45:37,365 - INFO - Best train loss=1.8874048137664794; saved /home/wlia0047/ar57/wenyu/GeneRec/results/stage3_T5Train/curvature_RQ-VAE/ckpt/Amazon_2023_Instruments/Oct-08-2026_17-17-41/HG_Rec_best.pth
2026-10-08 17:45:48,976 - INFO - Epoch 144/150 train_loss=1.8866958045959472
2026-10-08 17:45:49,015 - INFO - Best train loss=1.8866958045959472; saved /home/wlia0047/ar57/wenyu/GeneRec/results/stage3_T5Train/curvature_RQ-VAE/ckpt/Amazon_2023_Instruments/Oct-08-2026_17-17-41/HG_Rec_best.pth
2026-10-08 17:46:00,621 - INFO - Epoch 145/150 train_loss=1.8867477512359618
2026-10-08 17:46:12,233 - INFO - Epoch 146/150 train_loss=1.8877551221847535
2026-10-08 17:46:23,841 - INFO - Epoch 147/150 train_loss=1.8818418312072753
2026-10-08 17:46:23,890 - INFO - Best train loss=1.8818418312072753; saved /home/wlia0047/ar57/wenyu/GeneRec/results/stage3_T5Train/curvature_RQ-VAE/ckpt/Amazon_2023_Instruments/Oct-08-2026_17-17-41/HG_Rec_best.pth
2026-10-08 17:46:35,495 - INFO - Epoch 148/150 train_loss=1.8858225774765014
2026-10-08 17:46:47,107 - INFO - Epoch 149/150 train_loss=1.8840234231948854
2026-10-08 17:46:58,720 - INFO - Epoch 150/150 train_loss=1.8829009532928467
2026-10-08 17:55:34,861 - INFO - Test={'best_checkpoint': '/home/wlia0047/ar57/wenyu/GeneRec/results/stage3_T5Train/curvature_RQ-VAE/ckpt/Amazon_2023_Instruments/Oct-08-2026_17-17-41/HG_Rec_best.pth', 'n_eval': 57439, 'test_recall@5': 0.029161371193788192, 'test_recall@10': 0.044464562405334355, 'test_ndcg@5': 0.019259585755177857, 'test_ndcg@10': 0.024192673417820883}
