2026-09-30 21:14:50,770 - INFO - Configuration: {'batch_size': 4096, 'infer_size': 1024, 'num_epochs': 150, 'eval_interval': 5, 'eval_start_epoch': 75, 'early_eval_epochs': (25, 50, 75, 100, 125), 'fast': True, 'bf16': True, 'use_lr_scheduler': True, 'lr_warmup_pct': 0.1, 'lr_min_factor': 0.2, 'compile': False, 'compile_mode': 'default', 'num_layers': 4, 'num_decoder_layers': 4, 'd_model': 128, 'd_ff': 1024, 'num_heads': 6, 'd_kv': 64, 'dropout_rate': 0.1, 'activation_function': 'relu', 'feed_forward_proj': 'relu', 'device': 'cuda', 'lr': 0.003, 'weight_decay': 0.05, 'vocab_size': 788, 'eos_token_id': 787, 'pad_token_id': 0, 'n_user_tokens': 1, 'max_len': 20, 'dataset_name': 'Amazon_2023_Instruments', 'dataset_path': '/home/wlia0047/ar57/wenyu/GeneRec/results/stage0_build_parquet/', 'codebook_size': [256, 256, 256, 1], 'code_path': '/fs04/ar57/wenyu/GeneRec/results/stage2_RQ-VAE/curvature_RQ-VAE_iter64/item_sids.json', 'train_file': 'train.parquet', 'valid_file': 'valid.parquet', 'test_file': 'test.parquet', 'log_path': '/fs04/ar57/wenyu/GeneRec/results/stage3_T5Train/curvature_RQ-VAE_iter64/logs/', 'save_path': '/fs04/ar57/wenyu/GeneRec/results/stage3_T5Train/curvature_RQ-VAE_iter64/ckpt/', 'seed': 42, 'topk_list': [5, 10], 'beam_size': 20, 'no_eval': True, 'skip_test': False, 'screen_baseline_log': '', 'screen_start_epoch': 40, 'screen_window': 5, 'screen_min_ndcg_gain': 0.001, 'screen_min_recall_gain': 0.001, 'num_workers': 4, 'prefetch_factor': 8, 'exclude_history': True, 'no_exclude_history': False, 'pin_memory': True, 'no_pin_memory': False, 'sid_length': 4, 'max_token_seq_len': 82, 'decoder_start_token_id': 0}
2026-09-30 21:14:50,865 - INFO - #Embedding parameters: 100864
#Non-embedding parameters: 4459648
#Total trainable parameters: 4560512

2026-09-30 21:15:04,175 - INFO - Epoch 1/150 train_loss=4.844678783416748
2026-09-30 21:15:04,258 - INFO - Best train loss=4.844678783416748; saved /fs04/ar57/wenyu/GeneRec/results/stage3_T5Train/curvature_RQ-VAE_iter64/ckpt/Amazon_2023_Instruments/Sep-30-2026_21-14-50/HG_Rec_best.pth
2026-09-30 21:15:15,891 - INFO - Epoch 2/150 train_loss=4.184410724639893
2026-09-30 21:15:15,928 - INFO - Best train loss=4.184410724639893; saved /fs04/ar57/wenyu/GeneRec/results/stage3_T5Train/curvature_RQ-VAE_iter64/ckpt/Amazon_2023_Instruments/Sep-30-2026_21-14-50/HG_Rec_best.pth
2026-09-30 21:15:27,807 - INFO - Epoch 3/150 train_loss=3.9958219146728515
2026-09-30 21:15:27,846 - INFO - Best train loss=3.9958219146728515; saved /fs04/ar57/wenyu/GeneRec/results/stage3_T5Train/curvature_RQ-VAE_iter64/ckpt/Amazon_2023_Instruments/Sep-30-2026_21-14-50/HG_Rec_best.pth
2026-09-30 21:15:39,454 - INFO - Epoch 4/150 train_loss=3.8200176906585694
2026-09-30 21:15:39,492 - INFO - Best train loss=3.8200176906585694; saved /fs04/ar57/wenyu/GeneRec/results/stage3_T5Train/curvature_RQ-VAE_iter64/ckpt/Amazon_2023_Instruments/Sep-30-2026_21-14-50/HG_Rec_best.pth
2026-09-30 21:15:51,101 - INFO - Epoch 5/150 train_loss=3.6928533267974855
2026-09-30 21:15:51,139 - INFO - Best train loss=3.6928533267974855; saved /fs04/ar57/wenyu/GeneRec/results/stage3_T5Train/curvature_RQ-VAE_iter64/ckpt/Amazon_2023_Instruments/Sep-30-2026_21-14-50/HG_Rec_best.pth
2026-09-30 21:16:02,743 - INFO - Epoch 6/150 train_loss=3.488902759552002
2026-09-30 21:16:02,779 - INFO - Best train loss=3.488902759552002; saved /fs04/ar57/wenyu/GeneRec/results/stage3_T5Train/curvature_RQ-VAE_iter64/ckpt/Amazon_2023_Instruments/Sep-30-2026_21-14-50/HG_Rec_best.pth
2026-09-30 21:16:14,396 - INFO - Epoch 7/150 train_loss=3.3412665843963625
2026-09-30 21:16:14,434 - INFO - Best train loss=3.3412665843963625; saved /fs04/ar57/wenyu/GeneRec/results/stage3_T5Train/curvature_RQ-VAE_iter64/ckpt/Amazon_2023_Instruments/Sep-30-2026_21-14-50/HG_Rec_best.pth
2026-09-30 21:16:26,049 - INFO - Epoch 8/150 train_loss=3.1721052360534667
2026-09-30 21:16:26,085 - INFO - Best train loss=3.1721052360534667; saved /fs04/ar57/wenyu/GeneRec/results/stage3_T5Train/curvature_RQ-VAE_iter64/ckpt/Amazon_2023_Instruments/Sep-30-2026_21-14-50/HG_Rec_best.pth
2026-09-30 21:16:37,690 - INFO - Epoch 9/150 train_loss=3.0142626857757566
2026-09-30 21:16:37,730 - INFO - Best train loss=3.0142626857757566; saved /fs04/ar57/wenyu/GeneRec/results/stage3_T5Train/curvature_RQ-VAE_iter64/ckpt/Amazon_2023_Instruments/Sep-30-2026_21-14-50/HG_Rec_best.pth
2026-09-30 21:16:49,340 - INFO - Epoch 10/150 train_loss=2.890764904022217
2026-09-30 21:16:49,376 - INFO - Best train loss=2.890764904022217; saved /fs04/ar57/wenyu/GeneRec/results/stage3_T5Train/curvature_RQ-VAE_iter64/ckpt/Amazon_2023_Instruments/Sep-30-2026_21-14-50/HG_Rec_best.pth
2026-09-30 21:17:00,982 - INFO - Epoch 11/150 train_loss=2.795551519393921
2026-09-30 21:17:01,026 - INFO - Best train loss=2.795551519393921; saved /fs04/ar57/wenyu/GeneRec/results/stage3_T5Train/curvature_RQ-VAE_iter64/ckpt/Amazon_2023_Instruments/Sep-30-2026_21-14-50/HG_Rec_best.pth
2026-09-30 21:17:12,633 - INFO - Epoch 12/150 train_loss=2.703802852630615
2026-09-30 21:17:12,670 - INFO - Best train loss=2.703802852630615; saved /fs04/ar57/wenyu/GeneRec/results/stage3_T5Train/curvature_RQ-VAE_iter64/ckpt/Amazon_2023_Instruments/Sep-30-2026_21-14-50/HG_Rec_best.pth
2026-09-30 21:17:24,273 - INFO - Epoch 13/150 train_loss=2.6330271911621095
2026-09-30 21:17:24,308 - INFO - Best train loss=2.6330271911621095; saved /fs04/ar57/wenyu/GeneRec/results/stage3_T5Train/curvature_RQ-VAE_iter64/ckpt/Amazon_2023_Instruments/Sep-30-2026_21-14-50/HG_Rec_best.pth
2026-09-30 21:17:35,919 - INFO - Epoch 14/150 train_loss=2.571572961807251
2026-09-30 21:17:35,956 - INFO - Best train loss=2.571572961807251; saved /fs04/ar57/wenyu/GeneRec/results/stage3_T5Train/curvature_RQ-VAE_iter64/ckpt/Amazon_2023_Instruments/Sep-30-2026_21-14-50/HG_Rec_best.pth
2026-09-30 21:17:47,565 - INFO - Epoch 15/150 train_loss=2.524455213546753
2026-09-30 21:17:47,601 - INFO - Best train loss=2.524455213546753; saved /fs04/ar57/wenyu/GeneRec/results/stage3_T5Train/curvature_RQ-VAE_iter64/ckpt/Amazon_2023_Instruments/Sep-30-2026_21-14-50/HG_Rec_best.pth
2026-09-30 21:17:59,206 - INFO - Epoch 16/150 train_loss=2.4818351078033447
2026-09-30 21:17:59,242 - INFO - Best train loss=2.4818351078033447; saved /fs04/ar57/wenyu/GeneRec/results/stage3_T5Train/curvature_RQ-VAE_iter64/ckpt/Amazon_2023_Instruments/Sep-30-2026_21-14-50/HG_Rec_best.pth
2026-09-30 21:18:10,853 - INFO - Epoch 17/150 train_loss=2.439467601776123
2026-09-30 21:18:10,889 - INFO - Best train loss=2.439467601776123; saved /fs04/ar57/wenyu/GeneRec/results/stage3_T5Train/curvature_RQ-VAE_iter64/ckpt/Amazon_2023_Instruments/Sep-30-2026_21-14-50/HG_Rec_best.pth
2026-09-30 21:18:23,079 - INFO - Epoch 18/150 train_loss=2.4103735446929933
2026-09-30 21:18:23,116 - INFO - Best train loss=2.4103735446929933; saved /fs04/ar57/wenyu/GeneRec/results/stage3_T5Train/curvature_RQ-VAE_iter64/ckpt/Amazon_2023_Instruments/Sep-30-2026_21-14-50/HG_Rec_best.pth
2026-09-30 21:18:34,726 - INFO - Epoch 19/150 train_loss=2.383000888824463
2026-09-30 21:18:34,763 - INFO - Best train loss=2.383000888824463; saved /fs04/ar57/wenyu/GeneRec/results/stage3_T5Train/curvature_RQ-VAE_iter64/ckpt/Amazon_2023_Instruments/Sep-30-2026_21-14-50/HG_Rec_best.pth
2026-09-30 21:18:46,370 - INFO - Epoch 20/150 train_loss=2.3556528663635254
2026-09-30 21:18:46,406 - INFO - Best train loss=2.3556528663635254; saved /fs04/ar57/wenyu/GeneRec/results/stage3_T5Train/curvature_RQ-VAE_iter64/ckpt/Amazon_2023_Instruments/Sep-30-2026_21-14-50/HG_Rec_best.pth
2026-09-30 21:18:58,008 - INFO - Epoch 21/150 train_loss=2.3345008850097657
2026-09-30 21:18:58,043 - INFO - Best train loss=2.3345008850097657; saved /fs04/ar57/wenyu/GeneRec/results/stage3_T5Train/curvature_RQ-VAE_iter64/ckpt/Amazon_2023_Instruments/Sep-30-2026_21-14-50/HG_Rec_best.pth
2026-09-30 21:19:09,639 - INFO - Epoch 22/150 train_loss=2.3141432857513426
2026-09-30 21:19:09,674 - INFO - Best train loss=2.3141432857513426; saved /fs04/ar57/wenyu/GeneRec/results/stage3_T5Train/curvature_RQ-VAE_iter64/ckpt/Amazon_2023_Instruments/Sep-30-2026_21-14-50/HG_Rec_best.pth
2026-09-30 21:19:21,277 - INFO - Epoch 23/150 train_loss=2.295096025466919
2026-09-30 21:19:21,316 - INFO - Best train loss=2.295096025466919; saved /fs04/ar57/wenyu/GeneRec/results/stage3_T5Train/curvature_RQ-VAE_iter64/ckpt/Amazon_2023_Instruments/Sep-30-2026_21-14-50/HG_Rec_best.pth
2026-09-30 21:19:32,922 - INFO - Epoch 24/150 train_loss=2.278973550796509
2026-09-30 21:19:32,958 - INFO - Best train loss=2.278973550796509; saved /fs04/ar57/wenyu/GeneRec/results/stage3_T5Train/curvature_RQ-VAE_iter64/ckpt/Amazon_2023_Instruments/Sep-30-2026_21-14-50/HG_Rec_best.pth
2026-09-30 21:19:44,564 - INFO - Epoch 25/150 train_loss=2.2615519618988036
2026-09-30 21:19:44,601 - INFO - Best train loss=2.2615519618988036; saved /fs04/ar57/wenyu/GeneRec/results/stage3_T5Train/curvature_RQ-VAE_iter64/ckpt/Amazon_2023_Instruments/Sep-30-2026_21-14-50/HG_Rec_best.pth
2026-09-30 21:19:56,201 - INFO - Epoch 26/150 train_loss=2.243458604812622
2026-09-30 21:19:56,238 - INFO - Best train loss=2.243458604812622; saved /fs04/ar57/wenyu/GeneRec/results/stage3_T5Train/curvature_RQ-VAE_iter64/ckpt/Amazon_2023_Instruments/Sep-30-2026_21-14-50/HG_Rec_best.pth
2026-09-30 21:20:07,844 - INFO - Epoch 27/150 train_loss=2.2317752552032473
2026-09-30 21:20:07,879 - INFO - Best train loss=2.2317752552032473; saved /fs04/ar57/wenyu/GeneRec/results/stage3_T5Train/curvature_RQ-VAE_iter64/ckpt/Amazon_2023_Instruments/Sep-30-2026_21-14-50/HG_Rec_best.pth
2026-09-30 21:20:19,480 - INFO - Epoch 28/150 train_loss=2.215528745651245
2026-09-30 21:20:19,516 - INFO - Best train loss=2.215528745651245; saved /fs04/ar57/wenyu/GeneRec/results/stage3_T5Train/curvature_RQ-VAE_iter64/ckpt/Amazon_2023_Instruments/Sep-30-2026_21-14-50/HG_Rec_best.pth
2026-09-30 21:20:31,126 - INFO - Epoch 29/150 train_loss=2.1975909996032716
2026-09-30 21:20:31,164 - INFO - Best train loss=2.1975909996032716; saved /fs04/ar57/wenyu/GeneRec/results/stage3_T5Train/curvature_RQ-VAE_iter64/ckpt/Amazon_2023_Instruments/Sep-30-2026_21-14-50/HG_Rec_best.pth
2026-09-30 21:20:42,769 - INFO - Epoch 30/150 train_loss=2.186798372268677
2026-09-30 21:20:42,805 - INFO - Best train loss=2.186798372268677; saved /fs04/ar57/wenyu/GeneRec/results/stage3_T5Train/curvature_RQ-VAE_iter64/ckpt/Amazon_2023_Instruments/Sep-30-2026_21-14-50/HG_Rec_best.pth
2026-09-30 21:20:54,416 - INFO - Epoch 31/150 train_loss=2.1763561248779295
2026-09-30 21:20:54,456 - INFO - Best train loss=2.1763561248779295; saved /fs04/ar57/wenyu/GeneRec/results/stage3_T5Train/curvature_RQ-VAE_iter64/ckpt/Amazon_2023_Instruments/Sep-30-2026_21-14-50/HG_Rec_best.pth
2026-09-30 21:21:06,058 - INFO - Epoch 32/150 train_loss=2.1640048027038574
2026-09-30 21:21:06,098 - INFO - Best train loss=2.1640048027038574; saved /fs04/ar57/wenyu/GeneRec/results/stage3_T5Train/curvature_RQ-VAE_iter64/ckpt/Amazon_2023_Instruments/Sep-30-2026_21-14-50/HG_Rec_best.pth
2026-09-30 21:21:17,705 - INFO - Epoch 33/150 train_loss=2.1522459602355957
2026-09-30 21:21:17,741 - INFO - Best train loss=2.1522459602355957; saved /fs04/ar57/wenyu/GeneRec/results/stage3_T5Train/curvature_RQ-VAE_iter64/ckpt/Amazon_2023_Instruments/Sep-30-2026_21-14-50/HG_Rec_best.pth
2026-09-30 21:21:29,344 - INFO - Epoch 34/150 train_loss=2.1443107891082764
2026-09-30 21:21:29,381 - INFO - Best train loss=2.1443107891082764; saved /fs04/ar57/wenyu/GeneRec/results/stage3_T5Train/curvature_RQ-VAE_iter64/ckpt/Amazon_2023_Instruments/Sep-30-2026_21-14-50/HG_Rec_best.pth
2026-09-30 21:21:40,987 - INFO - Epoch 35/150 train_loss=2.1367836475372313
2026-09-30 21:21:41,022 - INFO - Best train loss=2.1367836475372313; saved /fs04/ar57/wenyu/GeneRec/results/stage3_T5Train/curvature_RQ-VAE_iter64/ckpt/Amazon_2023_Instruments/Sep-30-2026_21-14-50/HG_Rec_best.pth
2026-09-30 21:21:52,620 - INFO - Epoch 36/150 train_loss=2.128287019729614
2026-09-30 21:21:52,655 - INFO - Best train loss=2.128287019729614; saved /fs04/ar57/wenyu/GeneRec/results/stage3_T5Train/curvature_RQ-VAE_iter64/ckpt/Amazon_2023_Instruments/Sep-30-2026_21-14-50/HG_Rec_best.pth
2026-09-30 21:22:04,252 - INFO - Epoch 37/150 train_loss=2.119940938949585
2026-09-30 21:22:04,288 - INFO - Best train loss=2.119940938949585; saved /fs04/ar57/wenyu/GeneRec/results/stage3_T5Train/curvature_RQ-VAE_iter64/ckpt/Amazon_2023_Instruments/Sep-30-2026_21-14-50/HG_Rec_best.pth
2026-09-30 21:22:15,893 - INFO - Epoch 38/150 train_loss=2.113460512161255
2026-09-30 21:22:15,929 - INFO - Best train loss=2.113460512161255; saved /fs04/ar57/wenyu/GeneRec/results/stage3_T5Train/curvature_RQ-VAE_iter64/ckpt/Amazon_2023_Instruments/Sep-30-2026_21-14-50/HG_Rec_best.pth
2026-09-30 21:22:27,534 - INFO - Epoch 39/150 train_loss=2.1083822536468504
2026-09-30 21:22:27,570 - INFO - Best train loss=2.1083822536468504; saved /fs04/ar57/wenyu/GeneRec/results/stage3_T5Train/curvature_RQ-VAE_iter64/ckpt/Amazon_2023_Instruments/Sep-30-2026_21-14-50/HG_Rec_best.pth
2026-09-30 21:22:39,178 - INFO - Epoch 40/150 train_loss=2.101454219818115
2026-09-30 21:22:39,214 - INFO - Best train loss=2.101454219818115; saved /fs04/ar57/wenyu/GeneRec/results/stage3_T5Train/curvature_RQ-VAE_iter64/ckpt/Amazon_2023_Instruments/Sep-30-2026_21-14-50/HG_Rec_best.pth
2026-09-30 21:22:50,826 - INFO - Epoch 41/150 train_loss=2.0937103843688964
2026-09-30 21:22:50,864 - INFO - Best train loss=2.0937103843688964; saved /fs04/ar57/wenyu/GeneRec/results/stage3_T5Train/curvature_RQ-VAE_iter64/ckpt/Amazon_2023_Instruments/Sep-30-2026_21-14-50/HG_Rec_best.pth
2026-09-30 21:23:02,476 - INFO - Epoch 42/150 train_loss=2.0884702014923096
2026-09-30 21:23:02,511 - INFO - Best train loss=2.0884702014923096; saved /fs04/ar57/wenyu/GeneRec/results/stage3_T5Train/curvature_RQ-VAE_iter64/ckpt/Amazon_2023_Instruments/Sep-30-2026_21-14-50/HG_Rec_best.pth
2026-09-30 21:23:14,145 - INFO - Epoch 43/150 train_loss=2.082112636566162
2026-09-30 21:23:14,204 - INFO - Best train loss=2.082112636566162; saved /fs04/ar57/wenyu/GeneRec/results/stage3_T5Train/curvature_RQ-VAE_iter64/ckpt/Amazon_2023_Instruments/Sep-30-2026_21-14-50/HG_Rec_best.pth
2026-09-30 21:23:25,812 - INFO - Epoch 44/150 train_loss=2.0777460289001466
2026-09-30 21:23:25,849 - INFO - Best train loss=2.0777460289001466; saved /fs04/ar57/wenyu/GeneRec/results/stage3_T5Train/curvature_RQ-VAE_iter64/ckpt/Amazon_2023_Instruments/Sep-30-2026_21-14-50/HG_Rec_best.pth
2026-09-30 21:23:37,454 - INFO - Epoch 45/150 train_loss=2.0703737449646
2026-09-30 21:23:37,489 - INFO - Best train loss=2.0703737449646; saved /fs04/ar57/wenyu/GeneRec/results/stage3_T5Train/curvature_RQ-VAE_iter64/ckpt/Amazon_2023_Instruments/Sep-30-2026_21-14-50/HG_Rec_best.pth
2026-09-30 21:23:49,096 - INFO - Epoch 46/150 train_loss=2.069350299835205
2026-09-30 21:23:49,133 - INFO - Best train loss=2.069350299835205; saved /fs04/ar57/wenyu/GeneRec/results/stage3_T5Train/curvature_RQ-VAE_iter64/ckpt/Amazon_2023_Instruments/Sep-30-2026_21-14-50/HG_Rec_best.pth
2026-09-30 21:24:00,737 - INFO - Epoch 47/150 train_loss=2.0641344451904295
2026-09-30 21:24:00,775 - INFO - Best train loss=2.0641344451904295; saved /fs04/ar57/wenyu/GeneRec/results/stage3_T5Train/curvature_RQ-VAE_iter64/ckpt/Amazon_2023_Instruments/Sep-30-2026_21-14-50/HG_Rec_best.pth
2026-09-30 21:24:12,380 - INFO - Epoch 48/150 train_loss=2.0581765365600586
2026-09-30 21:24:12,415 - INFO - Best train loss=2.0581765365600586; saved /fs04/ar57/wenyu/GeneRec/results/stage3_T5Train/curvature_RQ-VAE_iter64/ckpt/Amazon_2023_Instruments/Sep-30-2026_21-14-50/HG_Rec_best.pth
2026-09-30 21:24:24,018 - INFO - Epoch 49/150 train_loss=2.0503905200958252
2026-09-30 21:24:24,053 - INFO - Best train loss=2.0503905200958252; saved /fs04/ar57/wenyu/GeneRec/results/stage3_T5Train/curvature_RQ-VAE_iter64/ckpt/Amazon_2023_Instruments/Sep-30-2026_21-14-50/HG_Rec_best.pth
2026-09-30 21:24:35,755 - INFO - Epoch 50/150 train_loss=2.049365520477295
2026-09-30 21:24:35,792 - INFO - Best train loss=2.049365520477295; saved /fs04/ar57/wenyu/GeneRec/results/stage3_T5Train/curvature_RQ-VAE_iter64/ckpt/Amazon_2023_Instruments/Sep-30-2026_21-14-50/HG_Rec_best.pth
2026-09-30 21:24:47,403 - INFO - Epoch 51/150 train_loss=2.0444813060760496
2026-09-30 21:24:47,451 - INFO - Best train loss=2.0444813060760496; saved /fs04/ar57/wenyu/GeneRec/results/stage3_T5Train/curvature_RQ-VAE_iter64/ckpt/Amazon_2023_Instruments/Sep-30-2026_21-14-50/HG_Rec_best.pth
2026-09-30 21:24:59,059 - INFO - Epoch 52/150 train_loss=2.0463273239135744
2026-09-30 21:25:10,663 - INFO - Epoch 53/150 train_loss=2.0412249851226805
2026-09-30 21:25:10,705 - INFO - Best train loss=2.0412249851226805; saved /fs04/ar57/wenyu/GeneRec/results/stage3_T5Train/curvature_RQ-VAE_iter64/ckpt/Amazon_2023_Instruments/Sep-30-2026_21-14-50/HG_Rec_best.pth
2026-09-30 21:25:22,370 - INFO - Epoch 54/150 train_loss=2.0328280448913576
2026-09-30 21:25:22,671 - INFO - Best train loss=2.0328280448913576; saved /fs04/ar57/wenyu/GeneRec/results/stage3_T5Train/curvature_RQ-VAE_iter64/ckpt/Amazon_2023_Instruments/Sep-30-2026_21-14-50/HG_Rec_best.pth
2026-09-30 21:25:35,468 - INFO - Epoch 55/150 train_loss=2.0309910011291503
2026-09-30 21:25:35,630 - INFO - Best train loss=2.0309910011291503; saved /fs04/ar57/wenyu/GeneRec/results/stage3_T5Train/curvature_RQ-VAE_iter64/ckpt/Amazon_2023_Instruments/Sep-30-2026_21-14-50/HG_Rec_best.pth
2026-09-30 21:25:47,261 - INFO - Epoch 56/150 train_loss=2.0266864490509033
2026-09-30 21:25:47,298 - INFO - Best train loss=2.0266864490509033; saved /fs04/ar57/wenyu/GeneRec/results/stage3_T5Train/curvature_RQ-VAE_iter64/ckpt/Amazon_2023_Instruments/Sep-30-2026_21-14-50/HG_Rec_best.pth
2026-09-30 21:25:58,902 - INFO - Epoch 57/150 train_loss=2.016976947784424
2026-09-30 21:25:58,938 - INFO - Best train loss=2.016976947784424; saved /fs04/ar57/wenyu/GeneRec/results/stage3_T5Train/curvature_RQ-VAE_iter64/ckpt/Amazon_2023_Instruments/Sep-30-2026_21-14-50/HG_Rec_best.pth
2026-09-30 21:26:10,541 - INFO - Epoch 58/150 train_loss=2.0111278343200683
2026-09-30 21:26:10,576 - INFO - Best train loss=2.0111278343200683; saved /fs04/ar57/wenyu/GeneRec/results/stage3_T5Train/curvature_RQ-VAE_iter64/ckpt/Amazon_2023_Instruments/Sep-30-2026_21-14-50/HG_Rec_best.pth
2026-09-30 21:26:22,180 - INFO - Epoch 59/150 train_loss=2.004487690925598
2026-09-30 21:26:22,215 - INFO - Best train loss=2.004487690925598; saved /fs04/ar57/wenyu/GeneRec/results/stage3_T5Train/curvature_RQ-VAE_iter64/ckpt/Amazon_2023_Instruments/Sep-30-2026_21-14-50/HG_Rec_best.pth
2026-09-30 21:26:33,820 - INFO - Epoch 60/150 train_loss=2.0012385129928587
2026-09-30 21:26:33,856 - INFO - Best train loss=2.0012385129928587; saved /fs04/ar57/wenyu/GeneRec/results/stage3_T5Train/curvature_RQ-VAE_iter64/ckpt/Amazon_2023_Instruments/Sep-30-2026_21-14-50/HG_Rec_best.pth
2026-09-30 21:26:45,461 - INFO - Epoch 61/150 train_loss=1.9977933979034423
2026-09-30 21:26:45,497 - INFO - Best train loss=1.9977933979034423; saved /fs04/ar57/wenyu/GeneRec/results/stage3_T5Train/curvature_RQ-VAE_iter64/ckpt/Amazon_2023_Instruments/Sep-30-2026_21-14-50/HG_Rec_best.pth
2026-09-30 21:26:57,103 - INFO - Epoch 62/150 train_loss=1.9912545108795165
2026-09-30 21:26:57,141 - INFO - Best train loss=1.9912545108795165; saved /fs04/ar57/wenyu/GeneRec/results/stage3_T5Train/curvature_RQ-VAE_iter64/ckpt/Amazon_2023_Instruments/Sep-30-2026_21-14-50/HG_Rec_best.pth
2026-09-30 21:27:08,744 - INFO - Epoch 63/150 train_loss=1.9904714965820312
2026-09-30 21:27:08,782 - INFO - Best train loss=1.9904714965820312; saved /fs04/ar57/wenyu/GeneRec/results/stage3_T5Train/curvature_RQ-VAE_iter64/ckpt/Amazon_2023_Instruments/Sep-30-2026_21-14-50/HG_Rec_best.pth
2026-09-30 21:27:20,392 - INFO - Epoch 64/150 train_loss=1.9901747989654541
2026-09-30 21:27:20,429 - INFO - Best train loss=1.9901747989654541; saved /fs04/ar57/wenyu/GeneRec/results/stage3_T5Train/curvature_RQ-VAE_iter64/ckpt/Amazon_2023_Instruments/Sep-30-2026_21-14-50/HG_Rec_best.pth
2026-09-30 21:27:32,032 - INFO - Epoch 65/150 train_loss=1.9866242456436156
2026-09-30 21:27:32,067 - INFO - Best train loss=1.9866242456436156; saved /fs04/ar57/wenyu/GeneRec/results/stage3_T5Train/curvature_RQ-VAE_iter64/ckpt/Amazon_2023_Instruments/Sep-30-2026_21-14-50/HG_Rec_best.pth
2026-09-30 21:27:43,672 - INFO - Epoch 66/150 train_loss=1.9813489055633544
2026-09-30 21:27:43,708 - INFO - Best train loss=1.9813489055633544; saved /fs04/ar57/wenyu/GeneRec/results/stage3_T5Train/curvature_RQ-VAE_iter64/ckpt/Amazon_2023_Instruments/Sep-30-2026_21-14-50/HG_Rec_best.pth
2026-09-30 21:27:55,311 - INFO - Epoch 67/150 train_loss=1.9789724779129028
2026-09-30 21:27:55,346 - INFO - Best train loss=1.9789724779129028; saved /fs04/ar57/wenyu/GeneRec/results/stage3_T5Train/curvature_RQ-VAE_iter64/ckpt/Amazon_2023_Instruments/Sep-30-2026_21-14-50/HG_Rec_best.pth
2026-09-30 21:28:06,955 - INFO - Epoch 68/150 train_loss=1.9775728750228883
2026-09-30 21:28:06,999 - INFO - Best train loss=1.9775728750228883; saved /fs04/ar57/wenyu/GeneRec/results/stage3_T5Train/curvature_RQ-VAE_iter64/ckpt/Amazon_2023_Instruments/Sep-30-2026_21-14-50/HG_Rec_best.pth
2026-09-30 21:28:18,608 - INFO - Epoch 69/150 train_loss=1.9785096836090088
2026-09-30 21:28:30,216 - INFO - Epoch 70/150 train_loss=1.9717725706100464
2026-09-30 21:28:30,260 - INFO - Best train loss=1.9717725706100464; saved /fs04/ar57/wenyu/GeneRec/results/stage3_T5Train/curvature_RQ-VAE_iter64/ckpt/Amazon_2023_Instruments/Sep-30-2026_21-14-50/HG_Rec_best.pth
2026-09-30 21:28:41,870 - INFO - Epoch 71/150 train_loss=1.9703922367095947
2026-09-30 21:28:41,907 - INFO - Best train loss=1.9703922367095947; saved /fs04/ar57/wenyu/GeneRec/results/stage3_T5Train/curvature_RQ-VAE_iter64/ckpt/Amazon_2023_Instruments/Sep-30-2026_21-14-50/HG_Rec_best.pth
2026-09-30 21:28:53,514 - INFO - Epoch 72/150 train_loss=1.967217092514038
2026-09-30 21:28:53,550 - INFO - Best train loss=1.967217092514038; saved /fs04/ar57/wenyu/GeneRec/results/stage3_T5Train/curvature_RQ-VAE_iter64/ckpt/Amazon_2023_Instruments/Sep-30-2026_21-14-50/HG_Rec_best.pth
2026-09-30 21:29:05,159 - INFO - Epoch 73/150 train_loss=1.9617531156539918
2026-09-30 21:29:05,194 - INFO - Best train loss=1.9617531156539918; saved /fs04/ar57/wenyu/GeneRec/results/stage3_T5Train/curvature_RQ-VAE_iter64/ckpt/Amazon_2023_Instruments/Sep-30-2026_21-14-50/HG_Rec_best.pth
2026-09-30 21:29:16,799 - INFO - Epoch 74/150 train_loss=1.96315616607666
2026-09-30 21:29:28,403 - INFO - Epoch 75/150 train_loss=1.9618525409698486
2026-09-30 21:29:40,019 - INFO - Epoch 76/150 train_loss=1.9600595760345458
2026-09-30 21:29:40,058 - INFO - Best train loss=1.9600595760345458; saved /fs04/ar57/wenyu/GeneRec/results/stage3_T5Train/curvature_RQ-VAE_iter64/ckpt/Amazon_2023_Instruments/Sep-30-2026_21-14-50/HG_Rec_best.pth
2026-09-30 21:29:51,666 - INFO - Epoch 77/150 train_loss=1.9557079887390136
2026-09-30 21:29:51,702 - INFO - Best train loss=1.9557079887390136; saved /fs04/ar57/wenyu/GeneRec/results/stage3_T5Train/curvature_RQ-VAE_iter64/ckpt/Amazon_2023_Instruments/Sep-30-2026_21-14-50/HG_Rec_best.pth
2026-09-30 21:30:03,314 - INFO - Epoch 78/150 train_loss=1.9527765369415284
2026-09-30 21:30:03,353 - INFO - Best train loss=1.9527765369415284; saved /fs04/ar57/wenyu/GeneRec/results/stage3_T5Train/curvature_RQ-VAE_iter64/ckpt/Amazon_2023_Instruments/Sep-30-2026_21-14-50/HG_Rec_best.pth
2026-09-30 21:30:14,961 - INFO - Epoch 79/150 train_loss=1.953129963874817
2026-09-30 21:30:26,564 - INFO - Epoch 80/150 train_loss=1.9527069902420044
2026-09-30 21:30:27,248 - INFO - Best train loss=1.9527069902420044; saved /fs04/ar57/wenyu/GeneRec/results/stage3_T5Train/curvature_RQ-VAE_iter64/ckpt/Amazon_2023_Instruments/Sep-30-2026_21-14-50/HG_Rec_best.pth
2026-09-30 21:30:38,855 - INFO - Epoch 81/150 train_loss=1.9494764804840088
2026-09-30 21:30:38,893 - INFO - Best train loss=1.9494764804840088; saved /fs04/ar57/wenyu/GeneRec/results/stage3_T5Train/curvature_RQ-VAE_iter64/ckpt/Amazon_2023_Instruments/Sep-30-2026_21-14-50/HG_Rec_best.pth
2026-09-30 21:30:50,495 - INFO - Epoch 82/150 train_loss=1.9448516130447389
2026-09-30 21:30:50,532 - INFO - Best train loss=1.9448516130447389; saved /fs04/ar57/wenyu/GeneRec/results/stage3_T5Train/curvature_RQ-VAE_iter64/ckpt/Amazon_2023_Instruments/Sep-30-2026_21-14-50/HG_Rec_best.pth
2026-09-30 21:31:02,142 - INFO - Epoch 83/150 train_loss=1.9462488317489623
2026-09-30 21:31:13,751 - INFO - Epoch 84/150 train_loss=1.9423886346817016
2026-09-30 21:31:13,788 - INFO - Best train loss=1.9423886346817016; saved /fs04/ar57/wenyu/GeneRec/results/stage3_T5Train/curvature_RQ-VAE_iter64/ckpt/Amazon_2023_Instruments/Sep-30-2026_21-14-50/HG_Rec_best.pth
2026-09-30 21:31:25,401 - INFO - Epoch 85/150 train_loss=1.9416082429885864
2026-09-30 21:31:25,438 - INFO - Best train loss=1.9416082429885864; saved /fs04/ar57/wenyu/GeneRec/results/stage3_T5Train/curvature_RQ-VAE_iter64/ckpt/Amazon_2023_Instruments/Sep-30-2026_21-14-50/HG_Rec_best.pth
2026-09-30 21:31:37,059 - INFO - Epoch 86/150 train_loss=1.9401326942443848
2026-09-30 21:31:37,093 - INFO - Best train loss=1.9401326942443848; saved /fs04/ar57/wenyu/GeneRec/results/stage3_T5Train/curvature_RQ-VAE_iter64/ckpt/Amazon_2023_Instruments/Sep-30-2026_21-14-50/HG_Rec_best.pth
2026-09-30 21:31:48,703 - INFO - Epoch 87/150 train_loss=1.9401615476608276
2026-09-30 21:32:00,312 - INFO - Epoch 88/150 train_loss=1.936059718132019
2026-09-30 21:32:00,350 - INFO - Best train loss=1.936059718132019; saved /fs04/ar57/wenyu/GeneRec/results/stage3_T5Train/curvature_RQ-VAE_iter64/ckpt/Amazon_2023_Instruments/Sep-30-2026_21-14-50/HG_Rec_best.pth
2026-09-30 21:32:11,958 - INFO - Epoch 89/150 train_loss=1.9350841999053956
2026-09-30 21:32:11,993 - INFO - Best train loss=1.9350841999053956; saved /fs04/ar57/wenyu/GeneRec/results/stage3_T5Train/curvature_RQ-VAE_iter64/ckpt/Amazon_2023_Instruments/Sep-30-2026_21-14-50/HG_Rec_best.pth
2026-09-30 21:32:23,601 - INFO - Epoch 90/150 train_loss=1.931787805557251
2026-09-30 21:32:23,638 - INFO - Best train loss=1.931787805557251; saved /fs04/ar57/wenyu/GeneRec/results/stage3_T5Train/curvature_RQ-VAE_iter64/ckpt/Amazon_2023_Instruments/Sep-30-2026_21-14-50/HG_Rec_best.pth
2026-09-30 21:32:35,245 - INFO - Epoch 91/150 train_loss=1.930802240371704
2026-09-30 21:32:35,283 - INFO - Best train loss=1.930802240371704; saved /fs04/ar57/wenyu/GeneRec/results/stage3_T5Train/curvature_RQ-VAE_iter64/ckpt/Amazon_2023_Instruments/Sep-30-2026_21-14-50/HG_Rec_best.pth
2026-09-30 21:32:47,385 - INFO - Epoch 92/150 train_loss=1.9307287263870239
2026-09-30 21:32:47,421 - INFO - Best train loss=1.9307287263870239; saved /fs04/ar57/wenyu/GeneRec/results/stage3_T5Train/curvature_RQ-VAE_iter64/ckpt/Amazon_2023_Instruments/Sep-30-2026_21-14-50/HG_Rec_best.pth
2026-09-30 21:32:59,055 - INFO - Epoch 93/150 train_loss=1.9264279413223266
2026-09-30 21:32:59,089 - INFO - Best train loss=1.9264279413223266; saved /fs04/ar57/wenyu/GeneRec/results/stage3_T5Train/curvature_RQ-VAE_iter64/ckpt/Amazon_2023_Instruments/Sep-30-2026_21-14-50/HG_Rec_best.pth
2026-09-30 21:33:10,695 - INFO - Epoch 94/150 train_loss=1.9288090753555298
2026-09-30 21:33:22,316 - INFO - Epoch 95/150 train_loss=1.9251282691955567
2026-09-30 21:33:22,353 - INFO - Best train loss=1.9251282691955567; saved /fs04/ar57/wenyu/GeneRec/results/stage3_T5Train/curvature_RQ-VAE_iter64/ckpt/Amazon_2023_Instruments/Sep-30-2026_21-14-50/HG_Rec_best.pth
2026-09-30 21:33:33,959 - INFO - Epoch 96/150 train_loss=1.9239625501632691
2026-09-30 21:33:33,995 - INFO - Best train loss=1.9239625501632691; saved /fs04/ar57/wenyu/GeneRec/results/stage3_T5Train/curvature_RQ-VAE_iter64/ckpt/Amazon_2023_Instruments/Sep-30-2026_21-14-50/HG_Rec_best.pth
2026-09-30 21:33:45,597 - INFO - Epoch 97/150 train_loss=1.9222006607055664
2026-09-30 21:33:45,633 - INFO - Best train loss=1.9222006607055664; saved /fs04/ar57/wenyu/GeneRec/results/stage3_T5Train/curvature_RQ-VAE_iter64/ckpt/Amazon_2023_Instruments/Sep-30-2026_21-14-50/HG_Rec_best.pth
2026-09-30 21:33:57,243 - INFO - Epoch 98/150 train_loss=1.9217595338821412
2026-09-30 21:33:57,279 - INFO - Best train loss=1.9217595338821412; saved /fs04/ar57/wenyu/GeneRec/results/stage3_T5Train/curvature_RQ-VAE_iter64/ckpt/Amazon_2023_Instruments/Sep-30-2026_21-14-50/HG_Rec_best.pth
2026-09-30 21:34:08,899 - INFO - Epoch 99/150 train_loss=1.9195076990127564
2026-09-30 21:34:08,937 - INFO - Best train loss=1.9195076990127564; saved /fs04/ar57/wenyu/GeneRec/results/stage3_T5Train/curvature_RQ-VAE_iter64/ckpt/Amazon_2023_Instruments/Sep-30-2026_21-14-50/HG_Rec_best.pth
2026-09-30 21:34:20,780 - INFO - Epoch 100/150 train_loss=1.9166881370544433
2026-09-30 21:34:20,817 - INFO - Best train loss=1.9166881370544433; saved /fs04/ar57/wenyu/GeneRec/results/stage3_T5Train/curvature_RQ-VAE_iter64/ckpt/Amazon_2023_Instruments/Sep-30-2026_21-14-50/HG_Rec_best.pth
2026-09-30 21:34:32,426 - INFO - Epoch 101/150 train_loss=1.9144478368759155
2026-09-30 21:34:32,478 - INFO - Best train loss=1.9144478368759155; saved /fs04/ar57/wenyu/GeneRec/results/stage3_T5Train/curvature_RQ-VAE_iter64/ckpt/Amazon_2023_Instruments/Sep-30-2026_21-14-50/HG_Rec_best.pth
2026-09-30 21:34:44,081 - INFO - Epoch 102/150 train_loss=1.915722632408142
2026-09-30 21:34:55,684 - INFO - Epoch 103/150 train_loss=1.9114917278289796
2026-09-30 21:34:55,723 - INFO - Best train loss=1.9114917278289796; saved /fs04/ar57/wenyu/GeneRec/results/stage3_T5Train/curvature_RQ-VAE_iter64/ckpt/Amazon_2023_Instruments/Sep-30-2026_21-14-50/HG_Rec_best.pth
2026-09-30 21:35:07,342 - INFO - Epoch 104/150 train_loss=1.9110616302490235
2026-09-30 21:35:07,376 - INFO - Best train loss=1.9110616302490235; saved /fs04/ar57/wenyu/GeneRec/results/stage3_T5Train/curvature_RQ-VAE_iter64/ckpt/Amazon_2023_Instruments/Sep-30-2026_21-14-50/HG_Rec_best.pth
2026-09-30 21:35:18,978 - INFO - Epoch 105/150 train_loss=1.915321445465088
2026-09-30 21:35:30,650 - INFO - Epoch 106/150 train_loss=1.9096895360946655
2026-09-30 21:35:30,705 - INFO - Best train loss=1.9096895360946655; saved /fs04/ar57/wenyu/GeneRec/results/stage3_T5Train/curvature_RQ-VAE_iter64/ckpt/Amazon_2023_Instruments/Sep-30-2026_21-14-50/HG_Rec_best.pth
2026-09-30 21:35:42,311 - INFO - Epoch 107/150 train_loss=1.909881863594055
2026-09-30 21:35:53,925 - INFO - Epoch 108/150 train_loss=1.9096189546585083
2026-09-30 21:35:53,972 - INFO - Best train loss=1.9096189546585083; saved /fs04/ar57/wenyu/GeneRec/results/stage3_T5Train/curvature_RQ-VAE_iter64/ckpt/Amazon_2023_Instruments/Sep-30-2026_21-14-50/HG_Rec_best.pth
2026-09-30 21:36:05,580 - INFO - Epoch 109/150 train_loss=1.9062360525131226
2026-09-30 21:36:05,618 - INFO - Best train loss=1.9062360525131226; saved /fs04/ar57/wenyu/GeneRec/results/stage3_T5Train/curvature_RQ-VAE_iter64/ckpt/Amazon_2023_Instruments/Sep-30-2026_21-14-50/HG_Rec_best.pth
2026-09-30 21:36:17,225 - INFO - Epoch 110/150 train_loss=1.9049106931686401
2026-09-30 21:36:17,261 - INFO - Best train loss=1.9049106931686401; saved /fs04/ar57/wenyu/GeneRec/results/stage3_T5Train/curvature_RQ-VAE_iter64/ckpt/Amazon_2023_Instruments/Sep-30-2026_21-14-50/HG_Rec_best.pth
2026-09-30 21:36:28,871 - INFO - Epoch 111/150 train_loss=1.9027191734313964
2026-09-30 21:36:28,907 - INFO - Best train loss=1.9027191734313964; saved /fs04/ar57/wenyu/GeneRec/results/stage3_T5Train/curvature_RQ-VAE_iter64/ckpt/Amazon_2023_Instruments/Sep-30-2026_21-14-50/HG_Rec_best.pth
2026-09-30 21:36:40,517 - INFO - Epoch 112/150 train_loss=1.9030293655395507
2026-09-30 21:36:52,129 - INFO - Epoch 113/150 train_loss=1.9024905443191529
2026-09-30 21:36:52,166 - INFO - Best train loss=1.9024905443191529; saved /fs04/ar57/wenyu/GeneRec/results/stage3_T5Train/curvature_RQ-VAE_iter64/ckpt/Amazon_2023_Instruments/Sep-30-2026_21-14-50/HG_Rec_best.pth
2026-09-30 21:37:03,770 - INFO - Epoch 114/150 train_loss=1.9001492834091187
2026-09-30 21:37:03,805 - INFO - Best train loss=1.9001492834091187; saved /fs04/ar57/wenyu/GeneRec/results/stage3_T5Train/curvature_RQ-VAE_iter64/ckpt/Amazon_2023_Instruments/Sep-30-2026_21-14-50/HG_Rec_best.pth
2026-09-30 21:37:15,411 - INFO - Epoch 115/150 train_loss=1.8993358373641969
2026-09-30 21:37:15,449 - INFO - Best train loss=1.8993358373641969; saved /fs04/ar57/wenyu/GeneRec/results/stage3_T5Train/curvature_RQ-VAE_iter64/ckpt/Amazon_2023_Instruments/Sep-30-2026_21-14-50/HG_Rec_best.pth
2026-09-30 21:37:27,055 - INFO - Epoch 116/150 train_loss=1.8980658149719238
2026-09-30 21:37:27,092 - INFO - Best train loss=1.8980658149719238; saved /fs04/ar57/wenyu/GeneRec/results/stage3_T5Train/curvature_RQ-VAE_iter64/ckpt/Amazon_2023_Instruments/Sep-30-2026_21-14-50/HG_Rec_best.pth
2026-09-30 21:37:40,505 - INFO - Epoch 117/150 train_loss=1.8965618371963502
2026-09-30 21:37:40,540 - INFO - Best train loss=1.8965618371963502; saved /fs04/ar57/wenyu/GeneRec/results/stage3_T5Train/curvature_RQ-VAE_iter64/ckpt/Amazon_2023_Instruments/Sep-30-2026_21-14-50/HG_Rec_best.pth
2026-09-30 21:37:52,168 - INFO - Epoch 118/150 train_loss=1.8954515743255616
2026-09-30 21:37:52,205 - INFO - Best train loss=1.8954515743255616; saved /fs04/ar57/wenyu/GeneRec/results/stage3_T5Train/curvature_RQ-VAE_iter64/ckpt/Amazon_2023_Instruments/Sep-30-2026_21-14-50/HG_Rec_best.pth
2026-09-30 21:38:03,811 - INFO - Epoch 119/150 train_loss=1.8938546514511108
2026-09-30 21:38:03,849 - INFO - Best train loss=1.8938546514511108; saved /fs04/ar57/wenyu/GeneRec/results/stage3_T5Train/curvature_RQ-VAE_iter64/ckpt/Amazon_2023_Instruments/Sep-30-2026_21-14-50/HG_Rec_best.pth
2026-09-30 21:38:15,453 - INFO - Epoch 120/150 train_loss=1.8919151496887208
2026-09-30 21:38:15,488 - INFO - Best train loss=1.8919151496887208; saved /fs04/ar57/wenyu/GeneRec/results/stage3_T5Train/curvature_RQ-VAE_iter64/ckpt/Amazon_2023_Instruments/Sep-30-2026_21-14-50/HG_Rec_best.pth
2026-09-30 21:38:27,094 - INFO - Epoch 121/150 train_loss=1.8907800817489624
2026-09-30 21:38:27,130 - INFO - Best train loss=1.8907800817489624; saved /fs04/ar57/wenyu/GeneRec/results/stage3_T5Train/curvature_RQ-VAE_iter64/ckpt/Amazon_2023_Instruments/Sep-30-2026_21-14-50/HG_Rec_best.pth
2026-09-30 21:38:38,736 - INFO - Epoch 122/150 train_loss=1.8896929740905761
2026-09-30 21:38:38,771 - INFO - Best train loss=1.8896929740905761; saved /fs04/ar57/wenyu/GeneRec/results/stage3_T5Train/curvature_RQ-VAE_iter64/ckpt/Amazon_2023_Instruments/Sep-30-2026_21-14-50/HG_Rec_best.pth
2026-09-30 21:38:50,376 - INFO - Epoch 123/150 train_loss=1.8869652128219605
2026-09-30 21:38:50,412 - INFO - Best train loss=1.8869652128219605; saved /fs04/ar57/wenyu/GeneRec/results/stage3_T5Train/curvature_RQ-VAE_iter64/ckpt/Amazon_2023_Instruments/Sep-30-2026_21-14-50/HG_Rec_best.pth
2026-09-30 21:39:02,013 - INFO - Epoch 124/150 train_loss=1.8886741733551025
2026-09-30 21:39:13,627 - INFO - Epoch 125/150 train_loss=1.8871670484542846
2026-09-30 21:39:25,241 - INFO - Epoch 126/150 train_loss=1.8863545846939087
2026-09-30 21:39:25,277 - INFO - Best train loss=1.8863545846939087; saved /fs04/ar57/wenyu/GeneRec/results/stage3_T5Train/curvature_RQ-VAE_iter64/ckpt/Amazon_2023_Instruments/Sep-30-2026_21-14-50/HG_Rec_best.pth
2026-09-30 21:39:36,889 - INFO - Epoch 127/150 train_loss=1.8838550233840943
2026-09-30 21:39:36,927 - INFO - Best train loss=1.8838550233840943; saved /fs04/ar57/wenyu/GeneRec/results/stage3_T5Train/curvature_RQ-VAE_iter64/ckpt/Amazon_2023_Instruments/Sep-30-2026_21-14-50/HG_Rec_best.pth
2026-09-30 21:39:48,535 - INFO - Epoch 128/150 train_loss=1.88665114402771
2026-09-30 21:40:00,146 - INFO - Epoch 129/150 train_loss=1.8833213901519776
2026-09-30 21:40:00,182 - INFO - Best train loss=1.8833213901519776; saved /fs04/ar57/wenyu/GeneRec/results/stage3_T5Train/curvature_RQ-VAE_iter64/ckpt/Amazon_2023_Instruments/Sep-30-2026_21-14-50/HG_Rec_best.pth
2026-09-30 21:40:11,785 - INFO - Epoch 130/150 train_loss=1.8847698497772216
2026-09-30 21:40:23,393 - INFO - Epoch 131/150 train_loss=1.8829863309860229
2026-09-30 21:40:23,433 - INFO - Best train loss=1.8829863309860229; saved /fs04/ar57/wenyu/GeneRec/results/stage3_T5Train/curvature_RQ-VAE_iter64/ckpt/Amazon_2023_Instruments/Sep-30-2026_21-14-50/HG_Rec_best.pth
2026-09-30 21:40:35,040 - INFO - Epoch 132/150 train_loss=1.8814844989776611
2026-09-30 21:40:35,079 - INFO - Best train loss=1.8814844989776611; saved /fs04/ar57/wenyu/GeneRec/results/stage3_T5Train/curvature_RQ-VAE_iter64/ckpt/Amazon_2023_Instruments/Sep-30-2026_21-14-50/HG_Rec_best.pth
2026-09-30 21:40:46,687 - INFO - Epoch 133/150 train_loss=1.8825662088394166
2026-09-30 21:40:58,302 - INFO - Epoch 134/150 train_loss=1.880477557182312
2026-09-30 21:40:58,339 - INFO - Best train loss=1.880477557182312; saved /fs04/ar57/wenyu/GeneRec/results/stage3_T5Train/curvature_RQ-VAE_iter64/ckpt/Amazon_2023_Instruments/Sep-30-2026_21-14-50/HG_Rec_best.pth
2026-09-30 21:41:09,951 - INFO - Epoch 135/150 train_loss=1.8771520614624024
2026-09-30 21:41:09,986 - INFO - Best train loss=1.8771520614624024; saved /fs04/ar57/wenyu/GeneRec/results/stage3_T5Train/curvature_RQ-VAE_iter64/ckpt/Amazon_2023_Instruments/Sep-30-2026_21-14-50/HG_Rec_best.pth
2026-09-30 21:41:21,593 - INFO - Epoch 136/150 train_loss=1.8790796518325805
2026-09-30 21:41:33,202 - INFO - Epoch 137/150 train_loss=1.8768892145156861
2026-09-30 21:41:33,238 - INFO - Best train loss=1.8768892145156861; saved /fs04/ar57/wenyu/GeneRec/results/stage3_T5Train/curvature_RQ-VAE_iter64/ckpt/Amazon_2023_Instruments/Sep-30-2026_21-14-50/HG_Rec_best.pth
2026-09-30 21:41:44,848 - INFO - Epoch 138/150 train_loss=1.8776059007644654
2026-09-30 21:41:56,458 - INFO - Epoch 139/150 train_loss=1.874397783279419
2026-09-30 21:41:56,494 - INFO - Best train loss=1.874397783279419; saved /fs04/ar57/wenyu/GeneRec/results/stage3_T5Train/curvature_RQ-VAE_iter64/ckpt/Amazon_2023_Instruments/Sep-30-2026_21-14-50/HG_Rec_best.pth
2026-09-30 21:42:08,108 - INFO - Epoch 140/150 train_loss=1.8743364906311035
2026-09-30 21:42:08,146 - INFO - Best train loss=1.8743364906311035; saved /fs04/ar57/wenyu/GeneRec/results/stage3_T5Train/curvature_RQ-VAE_iter64/ckpt/Amazon_2023_Instruments/Sep-30-2026_21-14-50/HG_Rec_best.pth
2026-09-30 21:42:19,755 - INFO - Epoch 141/150 train_loss=1.8771525096893311
2026-09-30 21:42:31,359 - INFO - Epoch 142/150 train_loss=1.8755943489074707
2026-09-30 21:42:42,973 - INFO - Epoch 143/150 train_loss=1.874624924659729
2026-09-30 21:42:54,581 - INFO - Epoch 144/150 train_loss=1.870974349975586
2026-09-30 21:42:54,623 - INFO - Best train loss=1.870974349975586; saved /fs04/ar57/wenyu/GeneRec/results/stage3_T5Train/curvature_RQ-VAE_iter64/ckpt/Amazon_2023_Instruments/Sep-30-2026_21-14-50/HG_Rec_best.pth
2026-09-30 21:43:06,228 - INFO - Epoch 145/150 train_loss=1.8711268901824951
2026-09-30 21:43:17,835 - INFO - Epoch 146/150 train_loss=1.8701711893081665
2026-09-30 21:43:17,875 - INFO - Best train loss=1.8701711893081665; saved /fs04/ar57/wenyu/GeneRec/results/stage3_T5Train/curvature_RQ-VAE_iter64/ckpt/Amazon_2023_Instruments/Sep-30-2026_21-14-50/HG_Rec_best.pth
2026-09-30 21:43:29,484 - INFO - Epoch 147/150 train_loss=1.86514066696167
2026-09-30 21:43:29,520 - INFO - Best train loss=1.86514066696167; saved /fs04/ar57/wenyu/GeneRec/results/stage3_T5Train/curvature_RQ-VAE_iter64/ckpt/Amazon_2023_Instruments/Sep-30-2026_21-14-50/HG_Rec_best.pth
2026-09-30 21:43:41,123 - INFO - Epoch 148/150 train_loss=1.8697202396392822
2026-09-30 21:43:52,731 - INFO - Epoch 149/150 train_loss=1.8687672853469848
2026-09-30 21:44:04,341 - INFO - Epoch 150/150 train_loss=1.8676951503753663
2026-09-30 21:52:13,055 - INFO - Test={'best_checkpoint': '/fs04/ar57/wenyu/GeneRec/results/stage3_T5Train/curvature_RQ-VAE_iter64/ckpt/Amazon_2023_Instruments/Sep-30-2026_21-14-50/HG_Rec_best.pth', 'n_eval': 57439, 'test_recall@5': 0.031650968853914586, 'test_recall@10': 0.04843399084245896, 'test_ndcg@5': 0.021178241177890172, 'test_ndcg@10': 0.02656448247573258}
