2026-10-02 10:17:25,198 - INFO - Configuration: {'batch_size': 4096, 'infer_size': 1024, 'num_epochs': 150, 'eval_interval': 5, 'eval_start_epoch': 75, 'early_eval_epochs': (25, 50, 75, 100, 125), 'fast': True, 'bf16': True, 'use_lr_scheduler': True, 'lr_warmup_pct': 0.1, 'lr_min_factor': 0.2, 'compile': False, 'compile_mode': 'default', 'num_layers': 4, 'num_decoder_layers': 4, 'd_model': 128, 'd_ff': 1024, 'num_heads': 6, 'd_kv': 64, 'dropout_rate': 0.1, 'activation_function': 'relu', 'feed_forward_proj': 'relu', 'device': 'cuda', 'lr': 0.003, 'weight_decay': 0.05, 'vocab_size': 807, 'eos_token_id': 806, 'pad_token_id': 0, 'n_user_tokens': 1, 'max_len': 20, 'dataset_name': 'Amazon_2023_Instruments', 'dataset_path': '/home/wlia0047/ar57/wenyu/GeneRec/results/stage0_build_parquet/', 'codebook_size': [256, 256, 256, 1], 'code_path': '/fs04/ar57/wenyu/GeneRec/results/stage2_RQ-VAE/curvature_RQ-VAE/item_sids.json', 'train_file': 'train.parquet', 'valid_file': 'valid.parquet', 'test_file': 'test.parquet', 'log_path': '/fs04/ar57/wenyu/GeneRec/results/stage3_T5Train/curvature_RQ-VAE/logs/', 'save_path': '/fs04/ar57/wenyu/GeneRec/results/stage3_T5Train/curvature_RQ-VAE/ckpt/', 'seed': 42, 'topk_list': [5, 10], 'beam_size': 20, 'no_eval': True, 'skip_test': False, 'screen_baseline_log': '', 'screen_start_epoch': 40, 'screen_window': 5, 'screen_min_ndcg_gain': 0.001, 'screen_min_recall_gain': 0.001, 'num_workers': 4, 'prefetch_factor': 8, 'exclude_history': True, 'no_exclude_history': False, 'pin_memory': True, 'no_pin_memory': False, 'sid_length': 4, 'max_token_seq_len': 82, 'decoder_start_token_id': 0}
2026-10-02 10:17:25,249 - INFO - #Embedding parameters: 103296
#Non-embedding parameters: 4459648
#Total trainable parameters: 4562944

2026-10-02 10:17:38,429 - INFO - Epoch 1/150 train_loss=4.956180896759033
2026-10-02 10:17:38,519 - INFO - Best train loss=4.956180896759033; saved /fs04/ar57/wenyu/GeneRec/results/stage3_T5Train/curvature_RQ-VAE/ckpt/Amazon_2023_Instruments/Oct-02-2026_10-17-25/HG_Rec_best.pth
2026-10-02 10:17:50,154 - INFO - Epoch 2/150 train_loss=4.284231414794922
2026-10-02 10:17:50,192 - INFO - Best train loss=4.284231414794922; saved /fs04/ar57/wenyu/GeneRec/results/stage3_T5Train/curvature_RQ-VAE/ckpt/Amazon_2023_Instruments/Oct-02-2026_10-17-25/HG_Rec_best.pth
2026-10-02 10:18:01,807 - INFO - Epoch 3/150 train_loss=4.045203008651733
2026-10-02 10:18:01,847 - INFO - Best train loss=4.045203008651733; saved /fs04/ar57/wenyu/GeneRec/results/stage3_T5Train/curvature_RQ-VAE/ckpt/Amazon_2023_Instruments/Oct-02-2026_10-17-25/HG_Rec_best.pth
2026-10-02 10:18:13,460 - INFO - Epoch 4/150 train_loss=3.7440612506866455
2026-10-02 10:18:13,497 - INFO - Best train loss=3.7440612506866455; saved /fs04/ar57/wenyu/GeneRec/results/stage3_T5Train/curvature_RQ-VAE/ckpt/Amazon_2023_Instruments/Oct-02-2026_10-17-25/HG_Rec_best.pth
2026-10-02 10:18:25,105 - INFO - Epoch 5/150 train_loss=3.511437292098999
2026-10-02 10:18:25,141 - INFO - Best train loss=3.511437292098999; saved /fs04/ar57/wenyu/GeneRec/results/stage3_T5Train/curvature_RQ-VAE/ckpt/Amazon_2023_Instruments/Oct-02-2026_10-17-25/HG_Rec_best.pth
2026-10-02 10:18:36,750 - INFO - Epoch 6/150 train_loss=3.1741656684875488
2026-10-02 10:18:36,787 - INFO - Best train loss=3.1741656684875488; saved /fs04/ar57/wenyu/GeneRec/results/stage3_T5Train/curvature_RQ-VAE/ckpt/Amazon_2023_Instruments/Oct-02-2026_10-17-25/HG_Rec_best.pth
2026-10-02 10:18:48,396 - INFO - Epoch 7/150 train_loss=2.9485052013397217
2026-10-02 10:18:48,431 - INFO - Best train loss=2.9485052013397217; saved /fs04/ar57/wenyu/GeneRec/results/stage3_T5Train/curvature_RQ-VAE/ckpt/Amazon_2023_Instruments/Oct-02-2026_10-17-25/HG_Rec_best.pth
2026-10-02 10:19:00,034 - INFO - Epoch 8/150 train_loss=2.7863490867614744
2026-10-02 10:19:00,070 - INFO - Best train loss=2.7863490867614744; saved /fs04/ar57/wenyu/GeneRec/results/stage3_T5Train/curvature_RQ-VAE/ckpt/Amazon_2023_Instruments/Oct-02-2026_10-17-25/HG_Rec_best.pth
2026-10-02 10:19:11,674 - INFO - Epoch 9/150 train_loss=2.660416021347046
2026-10-02 10:19:11,715 - INFO - Best train loss=2.660416021347046; saved /fs04/ar57/wenyu/GeneRec/results/stage3_T5Train/curvature_RQ-VAE/ckpt/Amazon_2023_Instruments/Oct-02-2026_10-17-25/HG_Rec_best.pth
2026-10-02 10:19:23,323 - INFO - Epoch 10/150 train_loss=2.5611263942718505
2026-10-02 10:19:23,360 - INFO - Best train loss=2.5611263942718505; saved /fs04/ar57/wenyu/GeneRec/results/stage3_T5Train/curvature_RQ-VAE/ckpt/Amazon_2023_Instruments/Oct-02-2026_10-17-25/HG_Rec_best.pth
2026-10-02 10:19:34,962 - INFO - Epoch 11/150 train_loss=2.49303373336792
2026-10-02 10:19:34,999 - INFO - Best train loss=2.49303373336792; saved /fs04/ar57/wenyu/GeneRec/results/stage3_T5Train/curvature_RQ-VAE/ckpt/Amazon_2023_Instruments/Oct-02-2026_10-17-25/HG_Rec_best.pth
2026-10-02 10:19:46,607 - INFO - Epoch 12/150 train_loss=2.431789617538452
2026-10-02 10:19:46,644 - INFO - Best train loss=2.431789617538452; saved /fs04/ar57/wenyu/GeneRec/results/stage3_T5Train/curvature_RQ-VAE/ckpt/Amazon_2023_Instruments/Oct-02-2026_10-17-25/HG_Rec_best.pth
2026-10-02 10:19:58,249 - INFO - Epoch 13/150 train_loss=2.3798883056640623
2026-10-02 10:19:58,284 - INFO - Best train loss=2.3798883056640623; saved /fs04/ar57/wenyu/GeneRec/results/stage3_T5Train/curvature_RQ-VAE/ckpt/Amazon_2023_Instruments/Oct-02-2026_10-17-25/HG_Rec_best.pth
2026-10-02 10:20:09,897 - INFO - Epoch 14/150 train_loss=2.3418965911865235
2026-10-02 10:20:09,933 - INFO - Best train loss=2.3418965911865235; saved /fs04/ar57/wenyu/GeneRec/results/stage3_T5Train/curvature_RQ-VAE/ckpt/Amazon_2023_Instruments/Oct-02-2026_10-17-25/HG_Rec_best.pth
2026-10-02 10:20:21,540 - INFO - Epoch 15/150 train_loss=2.3081610202789307
2026-10-02 10:20:21,576 - INFO - Best train loss=2.3081610202789307; saved /fs04/ar57/wenyu/GeneRec/results/stage3_T5Train/curvature_RQ-VAE/ckpt/Amazon_2023_Instruments/Oct-02-2026_10-17-25/HG_Rec_best.pth
2026-10-02 10:20:33,189 - INFO - Epoch 16/150 train_loss=2.280251407623291
2026-10-02 10:20:33,225 - INFO - Best train loss=2.280251407623291; saved /fs04/ar57/wenyu/GeneRec/results/stage3_T5Train/curvature_RQ-VAE/ckpt/Amazon_2023_Instruments/Oct-02-2026_10-17-25/HG_Rec_best.pth
2026-10-02 10:20:44,829 - INFO - Epoch 17/150 train_loss=2.247311820983887
2026-10-02 10:20:44,865 - INFO - Best train loss=2.247311820983887; saved /fs04/ar57/wenyu/GeneRec/results/stage3_T5Train/curvature_RQ-VAE/ckpt/Amazon_2023_Instruments/Oct-02-2026_10-17-25/HG_Rec_best.pth
2026-10-02 10:20:57,005 - INFO - Epoch 18/150 train_loss=2.2272035884857178
2026-10-02 10:20:57,041 - INFO - Best train loss=2.2272035884857178; saved /fs04/ar57/wenyu/GeneRec/results/stage3_T5Train/curvature_RQ-VAE/ckpt/Amazon_2023_Instruments/Oct-02-2026_10-17-25/HG_Rec_best.pth
2026-10-02 10:21:08,644 - INFO - Epoch 19/150 train_loss=2.2083339214324953
2026-10-02 10:21:08,682 - INFO - Best train loss=2.2083339214324953; saved /fs04/ar57/wenyu/GeneRec/results/stage3_T5Train/curvature_RQ-VAE/ckpt/Amazon_2023_Instruments/Oct-02-2026_10-17-25/HG_Rec_best.pth
2026-10-02 10:21:20,286 - INFO - Epoch 20/150 train_loss=2.187760190963745
2026-10-02 10:21:20,322 - INFO - Best train loss=2.187760190963745; saved /fs04/ar57/wenyu/GeneRec/results/stage3_T5Train/curvature_RQ-VAE/ckpt/Amazon_2023_Instruments/Oct-02-2026_10-17-25/HG_Rec_best.pth
2026-10-02 10:21:31,932 - INFO - Epoch 21/150 train_loss=2.171034698486328
2026-10-02 10:21:31,968 - INFO - Best train loss=2.171034698486328; saved /fs04/ar57/wenyu/GeneRec/results/stage3_T5Train/curvature_RQ-VAE/ckpt/Amazon_2023_Instruments/Oct-02-2026_10-17-25/HG_Rec_best.pth
2026-10-02 10:21:43,578 - INFO - Epoch 22/150 train_loss=2.1578285789489744
2026-10-02 10:21:43,613 - INFO - Best train loss=2.1578285789489744; saved /fs04/ar57/wenyu/GeneRec/results/stage3_T5Train/curvature_RQ-VAE/ckpt/Amazon_2023_Instruments/Oct-02-2026_10-17-25/HG_Rec_best.pth
2026-10-02 10:21:55,221 - INFO - Epoch 23/150 train_loss=2.1440721797943114
2026-10-02 10:21:55,256 - INFO - Best train loss=2.1440721797943114; saved /fs04/ar57/wenyu/GeneRec/results/stage3_T5Train/curvature_RQ-VAE/ckpt/Amazon_2023_Instruments/Oct-02-2026_10-17-25/HG_Rec_best.pth
2026-10-02 10:22:06,864 - INFO - Epoch 24/150 train_loss=2.1366004276275636
2026-10-02 10:22:06,901 - INFO - Best train loss=2.1366004276275636; saved /fs04/ar57/wenyu/GeneRec/results/stage3_T5Train/curvature_RQ-VAE/ckpt/Amazon_2023_Instruments/Oct-02-2026_10-17-25/HG_Rec_best.pth
2026-10-02 10:22:18,507 - INFO - Epoch 25/150 train_loss=2.123846912384033
2026-10-02 10:22:18,543 - INFO - Best train loss=2.123846912384033; saved /fs04/ar57/wenyu/GeneRec/results/stage3_T5Train/curvature_RQ-VAE/ckpt/Amazon_2023_Instruments/Oct-02-2026_10-17-25/HG_Rec_best.pth
2026-10-02 10:22:30,153 - INFO - Epoch 26/150 train_loss=2.1120829486846926
2026-10-02 10:22:30,189 - INFO - Best train loss=2.1120829486846926; saved /fs04/ar57/wenyu/GeneRec/results/stage3_T5Train/curvature_RQ-VAE/ckpt/Amazon_2023_Instruments/Oct-02-2026_10-17-25/HG_Rec_best.pth
2026-10-02 10:22:41,809 - INFO - Epoch 27/150 train_loss=2.1074588680267334
2026-10-02 10:22:41,845 - INFO - Best train loss=2.1074588680267334; saved /fs04/ar57/wenyu/GeneRec/results/stage3_T5Train/curvature_RQ-VAE/ckpt/Amazon_2023_Instruments/Oct-02-2026_10-17-25/HG_Rec_best.pth
2026-10-02 10:22:53,458 - INFO - Epoch 28/150 train_loss=2.098475465774536
2026-10-02 10:22:53,494 - INFO - Best train loss=2.098475465774536; saved /fs04/ar57/wenyu/GeneRec/results/stage3_T5Train/curvature_RQ-VAE/ckpt/Amazon_2023_Instruments/Oct-02-2026_10-17-25/HG_Rec_best.pth
2026-10-02 10:23:05,104 - INFO - Epoch 29/150 train_loss=2.089665021896362
2026-10-02 10:23:05,140 - INFO - Best train loss=2.089665021896362; saved /fs04/ar57/wenyu/GeneRec/results/stage3_T5Train/curvature_RQ-VAE/ckpt/Amazon_2023_Instruments/Oct-02-2026_10-17-25/HG_Rec_best.pth
2026-10-02 10:23:16,745 - INFO - Epoch 30/150 train_loss=2.0843945789337157
2026-10-02 10:23:16,781 - INFO - Best train loss=2.0843945789337157; saved /fs04/ar57/wenyu/GeneRec/results/stage3_T5Train/curvature_RQ-VAE/ckpt/Amazon_2023_Instruments/Oct-02-2026_10-17-25/HG_Rec_best.pth
2026-10-02 10:23:28,390 - INFO - Epoch 31/150 train_loss=2.080509834289551
2026-10-02 10:23:28,425 - INFO - Best train loss=2.080509834289551; saved /fs04/ar57/wenyu/GeneRec/results/stage3_T5Train/curvature_RQ-VAE/ckpt/Amazon_2023_Instruments/Oct-02-2026_10-17-25/HG_Rec_best.pth
2026-10-02 10:23:40,039 - INFO - Epoch 32/150 train_loss=2.071911630630493
2026-10-02 10:23:40,076 - INFO - Best train loss=2.071911630630493; saved /fs04/ar57/wenyu/GeneRec/results/stage3_T5Train/curvature_RQ-VAE/ckpt/Amazon_2023_Instruments/Oct-02-2026_10-17-25/HG_Rec_best.pth
2026-10-02 10:23:51,687 - INFO - Epoch 33/150 train_loss=2.063887147903442
2026-10-02 10:23:51,723 - INFO - Best train loss=2.063887147903442; saved /fs04/ar57/wenyu/GeneRec/results/stage3_T5Train/curvature_RQ-VAE/ckpt/Amazon_2023_Instruments/Oct-02-2026_10-17-25/HG_Rec_best.pth
2026-10-02 10:24:03,328 - INFO - Epoch 34/150 train_loss=2.061095838546753
2026-10-02 10:24:03,364 - INFO - Best train loss=2.061095838546753; saved /fs04/ar57/wenyu/GeneRec/results/stage3_T5Train/curvature_RQ-VAE/ckpt/Amazon_2023_Instruments/Oct-02-2026_10-17-25/HG_Rec_best.pth
2026-10-02 10:24:14,973 - INFO - Epoch 35/150 train_loss=2.0569083404541018
2026-10-02 10:24:15,018 - INFO - Best train loss=2.0569083404541018; saved /fs04/ar57/wenyu/GeneRec/results/stage3_T5Train/curvature_RQ-VAE/ckpt/Amazon_2023_Instruments/Oct-02-2026_10-17-25/HG_Rec_best.pth
2026-10-02 10:24:26,622 - INFO - Epoch 36/150 train_loss=2.052420473098755
2026-10-02 10:24:26,658 - INFO - Best train loss=2.052420473098755; saved /fs04/ar57/wenyu/GeneRec/results/stage3_T5Train/curvature_RQ-VAE/ckpt/Amazon_2023_Instruments/Oct-02-2026_10-17-25/HG_Rec_best.pth
2026-10-02 10:24:38,262 - INFO - Epoch 37/150 train_loss=2.044820489883423
2026-10-02 10:24:38,298 - INFO - Best train loss=2.044820489883423; saved /fs04/ar57/wenyu/GeneRec/results/stage3_T5Train/curvature_RQ-VAE/ckpt/Amazon_2023_Instruments/Oct-02-2026_10-17-25/HG_Rec_best.pth
2026-10-02 10:24:49,903 - INFO - Epoch 38/150 train_loss=2.0410805988311767
2026-10-02 10:24:49,944 - INFO - Best train loss=2.0410805988311767; saved /fs04/ar57/wenyu/GeneRec/results/stage3_T5Train/curvature_RQ-VAE/ckpt/Amazon_2023_Instruments/Oct-02-2026_10-17-25/HG_Rec_best.pth
2026-10-02 10:25:01,553 - INFO - Epoch 39/150 train_loss=2.0388545989990234
2026-10-02 10:25:01,589 - INFO - Best train loss=2.0388545989990234; saved /fs04/ar57/wenyu/GeneRec/results/stage3_T5Train/curvature_RQ-VAE/ckpt/Amazon_2023_Instruments/Oct-02-2026_10-17-25/HG_Rec_best.pth
2026-10-02 10:25:13,193 - INFO - Epoch 40/150 train_loss=2.0330636978149412
2026-10-02 10:25:13,229 - INFO - Best train loss=2.0330636978149412; saved /fs04/ar57/wenyu/GeneRec/results/stage3_T5Train/curvature_RQ-VAE/ckpt/Amazon_2023_Instruments/Oct-02-2026_10-17-25/HG_Rec_best.pth
2026-10-02 10:25:24,852 - INFO - Epoch 41/150 train_loss=2.033525924682617
2026-10-02 10:25:36,462 - INFO - Epoch 42/150 train_loss=2.028851671218872
2026-10-02 10:25:36,498 - INFO - Best train loss=2.028851671218872; saved /fs04/ar57/wenyu/GeneRec/results/stage3_T5Train/curvature_RQ-VAE/ckpt/Amazon_2023_Instruments/Oct-02-2026_10-17-25/HG_Rec_best.pth
2026-10-02 10:25:48,606 - INFO - Epoch 43/150 train_loss=2.022911367416382
2026-10-02 10:25:48,643 - INFO - Best train loss=2.022911367416382; saved /fs04/ar57/wenyu/GeneRec/results/stage3_T5Train/curvature_RQ-VAE/ckpt/Amazon_2023_Instruments/Oct-02-2026_10-17-25/HG_Rec_best.pth
2026-10-02 10:26:00,255 - INFO - Epoch 44/150 train_loss=2.0202505683898924
2026-10-02 10:26:00,293 - INFO - Best train loss=2.0202505683898924; saved /fs04/ar57/wenyu/GeneRec/results/stage3_T5Train/curvature_RQ-VAE/ckpt/Amazon_2023_Instruments/Oct-02-2026_10-17-25/HG_Rec_best.pth
2026-10-02 10:26:11,906 - INFO - Epoch 45/150 train_loss=2.016324157714844
2026-10-02 10:26:11,942 - INFO - Best train loss=2.016324157714844; saved /fs04/ar57/wenyu/GeneRec/results/stage3_T5Train/curvature_RQ-VAE/ckpt/Amazon_2023_Instruments/Oct-02-2026_10-17-25/HG_Rec_best.pth
2026-10-02 10:26:23,554 - INFO - Epoch 46/150 train_loss=2.0120396900177
2026-10-02 10:26:23,589 - INFO - Best train loss=2.0120396900177; saved /fs04/ar57/wenyu/GeneRec/results/stage3_T5Train/curvature_RQ-VAE/ckpt/Amazon_2023_Instruments/Oct-02-2026_10-17-25/HG_Rec_best.pth
2026-10-02 10:26:35,202 - INFO - Epoch 47/150 train_loss=2.0125561714172364
2026-10-02 10:26:46,811 - INFO - Epoch 48/150 train_loss=2.0083092069625854
2026-10-02 10:26:46,854 - INFO - Best train loss=2.0083092069625854; saved /fs04/ar57/wenyu/GeneRec/results/stage3_T5Train/curvature_RQ-VAE/ckpt/Amazon_2023_Instruments/Oct-02-2026_10-17-25/HG_Rec_best.pth
2026-10-02 10:26:58,464 - INFO - Epoch 49/150 train_loss=2.006288652420044
2026-10-02 10:26:58,502 - INFO - Best train loss=2.006288652420044; saved /fs04/ar57/wenyu/GeneRec/results/stage3_T5Train/curvature_RQ-VAE/ckpt/Amazon_2023_Instruments/Oct-02-2026_10-17-25/HG_Rec_best.pth
2026-10-02 10:27:10,112 - INFO - Epoch 50/150 train_loss=2.003437376022339
2026-10-02 10:27:10,150 - INFO - Best train loss=2.003437376022339; saved /fs04/ar57/wenyu/GeneRec/results/stage3_T5Train/curvature_RQ-VAE/ckpt/Amazon_2023_Instruments/Oct-02-2026_10-17-25/HG_Rec_best.pth
2026-10-02 10:27:21,761 - INFO - Epoch 51/150 train_loss=2.0017015743255615
2026-10-02 10:27:22,089 - INFO - Best train loss=2.0017015743255615; saved /fs04/ar57/wenyu/GeneRec/results/stage3_T5Train/curvature_RQ-VAE/ckpt/Amazon_2023_Instruments/Oct-02-2026_10-17-25/HG_Rec_best.pth
2026-10-02 10:27:33,777 - INFO - Epoch 52/150 train_loss=2.000606322288513
2026-10-02 10:27:33,817 - INFO - Best train loss=2.000606322288513; saved /fs04/ar57/wenyu/GeneRec/results/stage3_T5Train/curvature_RQ-VAE/ckpt/Amazon_2023_Instruments/Oct-02-2026_10-17-25/HG_Rec_best.pth
2026-10-02 10:27:45,688 - INFO - Epoch 53/150 train_loss=1.9985505771636962
2026-10-02 10:27:45,735 - INFO - Best train loss=1.9985505771636962; saved /fs04/ar57/wenyu/GeneRec/results/stage3_T5Train/curvature_RQ-VAE/ckpt/Amazon_2023_Instruments/Oct-02-2026_10-17-25/HG_Rec_best.pth
2026-10-02 10:27:57,346 - INFO - Epoch 54/150 train_loss=1.9956940269470216
2026-10-02 10:27:57,383 - INFO - Best train loss=1.9956940269470216; saved /fs04/ar57/wenyu/GeneRec/results/stage3_T5Train/curvature_RQ-VAE/ckpt/Amazon_2023_Instruments/Oct-02-2026_10-17-25/HG_Rec_best.pth
2026-10-02 10:28:12,189 - INFO - Epoch 55/150 train_loss=1.9930622386932373
2026-10-02 10:28:12,318 - INFO - Best train loss=1.9930622386932373; saved /fs04/ar57/wenyu/GeneRec/results/stage3_T5Train/curvature_RQ-VAE/ckpt/Amazon_2023_Instruments/Oct-02-2026_10-17-25/HG_Rec_best.pth
2026-10-02 10:28:23,934 - INFO - Epoch 56/150 train_loss=1.990300703048706
2026-10-02 10:28:23,987 - INFO - Best train loss=1.990300703048706; saved /fs04/ar57/wenyu/GeneRec/results/stage3_T5Train/curvature_RQ-VAE/ckpt/Amazon_2023_Instruments/Oct-02-2026_10-17-25/HG_Rec_best.pth
2026-10-02 10:28:35,602 - INFO - Epoch 57/150 train_loss=1.9872424697875977
2026-10-02 10:28:35,639 - INFO - Best train loss=1.9872424697875977; saved /fs04/ar57/wenyu/GeneRec/results/stage3_T5Train/curvature_RQ-VAE/ckpt/Amazon_2023_Instruments/Oct-02-2026_10-17-25/HG_Rec_best.pth
2026-10-02 10:28:47,253 - INFO - Epoch 58/150 train_loss=1.9828705024719238
2026-10-02 10:28:47,290 - INFO - Best train loss=1.9828705024719238; saved /fs04/ar57/wenyu/GeneRec/results/stage3_T5Train/curvature_RQ-VAE/ckpt/Amazon_2023_Instruments/Oct-02-2026_10-17-25/HG_Rec_best.pth
2026-10-02 10:28:58,895 - INFO - Epoch 59/150 train_loss=1.9832196426391602
2026-10-02 10:29:10,505 - INFO - Epoch 60/150 train_loss=1.9814358425140381
2026-10-02 10:29:10,549 - INFO - Best train loss=1.9814358425140381; saved /fs04/ar57/wenyu/GeneRec/results/stage3_T5Train/curvature_RQ-VAE/ckpt/Amazon_2023_Instruments/Oct-02-2026_10-17-25/HG_Rec_best.pth
2026-10-02 10:29:22,161 - INFO - Epoch 61/150 train_loss=1.9791174364089965
2026-10-02 10:29:22,196 - INFO - Best train loss=1.9791174364089965; saved /fs04/ar57/wenyu/GeneRec/results/stage3_T5Train/curvature_RQ-VAE/ckpt/Amazon_2023_Instruments/Oct-02-2026_10-17-25/HG_Rec_best.pth
2026-10-02 10:29:33,811 - INFO - Epoch 62/150 train_loss=1.9766671419143678
2026-10-02 10:29:33,848 - INFO - Best train loss=1.9766671419143678; saved /fs04/ar57/wenyu/GeneRec/results/stage3_T5Train/curvature_RQ-VAE/ckpt/Amazon_2023_Instruments/Oct-02-2026_10-17-25/HG_Rec_best.pth
2026-10-02 10:29:45,456 - INFO - Epoch 63/150 train_loss=1.9754134511947632
2026-10-02 10:29:45,493 - INFO - Best train loss=1.9754134511947632; saved /fs04/ar57/wenyu/GeneRec/results/stage3_T5Train/curvature_RQ-VAE/ckpt/Amazon_2023_Instruments/Oct-02-2026_10-17-25/HG_Rec_best.pth
2026-10-02 10:29:57,102 - INFO - Epoch 64/150 train_loss=1.9742785215377807
2026-10-02 10:29:57,138 - INFO - Best train loss=1.9742785215377807; saved /fs04/ar57/wenyu/GeneRec/results/stage3_T5Train/curvature_RQ-VAE/ckpt/Amazon_2023_Instruments/Oct-02-2026_10-17-25/HG_Rec_best.pth
2026-10-02 10:30:08,747 - INFO - Epoch 65/150 train_loss=1.973124623298645
2026-10-02 10:30:08,786 - INFO - Best train loss=1.973124623298645; saved /fs04/ar57/wenyu/GeneRec/results/stage3_T5Train/curvature_RQ-VAE/ckpt/Amazon_2023_Instruments/Oct-02-2026_10-17-25/HG_Rec_best.pth
2026-10-02 10:30:20,393 - INFO - Epoch 66/150 train_loss=1.9703860473632813
2026-10-02 10:30:20,429 - INFO - Best train loss=1.9703860473632813; saved /fs04/ar57/wenyu/GeneRec/results/stage3_T5Train/curvature_RQ-VAE/ckpt/Amazon_2023_Instruments/Oct-02-2026_10-17-25/HG_Rec_best.pth
2026-10-02 10:30:32,034 - INFO - Epoch 67/150 train_loss=1.9688114833831787
2026-10-02 10:30:32,075 - INFO - Best train loss=1.9688114833831787; saved /fs04/ar57/wenyu/GeneRec/results/stage3_T5Train/curvature_RQ-VAE/ckpt/Amazon_2023_Instruments/Oct-02-2026_10-17-25/HG_Rec_best.pth
2026-10-02 10:30:43,701 - INFO - Epoch 68/150 train_loss=1.9675183916091918
2026-10-02 10:30:43,737 - INFO - Best train loss=1.9675183916091918; saved /fs04/ar57/wenyu/GeneRec/results/stage3_T5Train/curvature_RQ-VAE/ckpt/Amazon_2023_Instruments/Oct-02-2026_10-17-25/HG_Rec_best.pth
2026-10-02 10:30:55,347 - INFO - Epoch 69/150 train_loss=1.9691714334487915
2026-10-02 10:31:06,959 - INFO - Epoch 70/150 train_loss=1.9658891582489013
2026-10-02 10:31:06,997 - INFO - Best train loss=1.9658891582489013; saved /fs04/ar57/wenyu/GeneRec/results/stage3_T5Train/curvature_RQ-VAE/ckpt/Amazon_2023_Instruments/Oct-02-2026_10-17-25/HG_Rec_best.pth
2026-10-02 10:31:18,600 - INFO - Epoch 71/150 train_loss=1.9666972541809082
2026-10-02 10:31:30,209 - INFO - Epoch 72/150 train_loss=1.9646645879745483
2026-10-02 10:31:30,247 - INFO - Best train loss=1.9646645879745483; saved /fs04/ar57/wenyu/GeneRec/results/stage3_T5Train/curvature_RQ-VAE/ckpt/Amazon_2023_Instruments/Oct-02-2026_10-17-25/HG_Rec_best.pth
2026-10-02 10:31:41,859 - INFO - Epoch 73/150 train_loss=1.9577062606811524
2026-10-02 10:31:41,895 - INFO - Best train loss=1.9577062606811524; saved /fs04/ar57/wenyu/GeneRec/results/stage3_T5Train/curvature_RQ-VAE/ckpt/Amazon_2023_Instruments/Oct-02-2026_10-17-25/HG_Rec_best.pth
2026-10-02 10:31:53,503 - INFO - Epoch 74/150 train_loss=1.9602544212341309
2026-10-02 10:32:05,107 - INFO - Epoch 75/150 train_loss=1.959623236656189
2026-10-02 10:32:16,730 - INFO - Epoch 76/150 train_loss=1.9574688386917114
2026-10-02 10:32:16,768 - INFO - Best train loss=1.9574688386917114; saved /fs04/ar57/wenyu/GeneRec/results/stage3_T5Train/curvature_RQ-VAE/ckpt/Amazon_2023_Instruments/Oct-02-2026_10-17-25/HG_Rec_best.pth
2026-10-02 10:32:28,376 - INFO - Epoch 77/150 train_loss=1.953874683380127
2026-10-02 10:32:28,412 - INFO - Best train loss=1.953874683380127; saved /fs04/ar57/wenyu/GeneRec/results/stage3_T5Train/curvature_RQ-VAE/ckpt/Amazon_2023_Instruments/Oct-02-2026_10-17-25/HG_Rec_best.pth
2026-10-02 10:32:40,024 - INFO - Epoch 78/150 train_loss=1.9540156888961793
2026-10-02 10:32:51,648 - INFO - Epoch 79/150 train_loss=1.9533226442337037
2026-10-02 10:32:51,687 - INFO - Best train loss=1.9533226442337037; saved /fs04/ar57/wenyu/GeneRec/results/stage3_T5Train/curvature_RQ-VAE/ckpt/Amazon_2023_Instruments/Oct-02-2026_10-17-25/HG_Rec_best.pth
2026-10-02 10:33:03,295 - INFO - Epoch 80/150 train_loss=1.9517441177368164
2026-10-02 10:33:03,880 - INFO - Best train loss=1.9517441177368164; saved /fs04/ar57/wenyu/GeneRec/results/stage3_T5Train/curvature_RQ-VAE/ckpt/Amazon_2023_Instruments/Oct-02-2026_10-17-25/HG_Rec_best.pth
2026-10-02 10:33:15,488 - INFO - Epoch 81/150 train_loss=1.9527710580825806
2026-10-02 10:33:27,096 - INFO - Epoch 82/150 train_loss=1.9475162839889526
2026-10-02 10:33:27,145 - INFO - Best train loss=1.9475162839889526; saved /fs04/ar57/wenyu/GeneRec/results/stage3_T5Train/curvature_RQ-VAE/ckpt/Amazon_2023_Instruments/Oct-02-2026_10-17-25/HG_Rec_best.pth
2026-10-02 10:33:38,755 - INFO - Epoch 83/150 train_loss=1.949627161026001
2026-10-02 10:33:50,363 - INFO - Epoch 84/150 train_loss=1.9473889446258545
2026-10-02 10:33:50,407 - INFO - Best train loss=1.9473889446258545; saved /fs04/ar57/wenyu/GeneRec/results/stage3_T5Train/curvature_RQ-VAE/ckpt/Amazon_2023_Instruments/Oct-02-2026_10-17-25/HG_Rec_best.pth
2026-10-02 10:34:02,015 - INFO - Epoch 85/150 train_loss=1.9452376794815063
2026-10-02 10:34:02,052 - INFO - Best train loss=1.9452376794815063; saved /fs04/ar57/wenyu/GeneRec/results/stage3_T5Train/curvature_RQ-VAE/ckpt/Amazon_2023_Instruments/Oct-02-2026_10-17-25/HG_Rec_best.pth
2026-10-02 10:34:13,659 - INFO - Epoch 86/150 train_loss=1.9441504669189453
2026-10-02 10:34:13,696 - INFO - Best train loss=1.9441504669189453; saved /fs04/ar57/wenyu/GeneRec/results/stage3_T5Train/curvature_RQ-VAE/ckpt/Amazon_2023_Instruments/Oct-02-2026_10-17-25/HG_Rec_best.pth
2026-10-02 10:34:25,308 - INFO - Epoch 87/150 train_loss=1.9444527101516724
2026-10-02 10:34:36,915 - INFO - Epoch 88/150 train_loss=1.9420424270629884
2026-10-02 10:34:36,960 - INFO - Best train loss=1.9420424270629884; saved /fs04/ar57/wenyu/GeneRec/results/stage3_T5Train/curvature_RQ-VAE/ckpt/Amazon_2023_Instruments/Oct-02-2026_10-17-25/HG_Rec_best.pth
2026-10-02 10:34:48,569 - INFO - Epoch 89/150 train_loss=1.9424279880523683
2026-10-02 10:35:00,176 - INFO - Epoch 90/150 train_loss=1.9390178060531615
2026-10-02 10:35:00,217 - INFO - Best train loss=1.9390178060531615; saved /fs04/ar57/wenyu/GeneRec/results/stage3_T5Train/curvature_RQ-VAE/ckpt/Amazon_2023_Instruments/Oct-02-2026_10-17-25/HG_Rec_best.pth
2026-10-02 10:35:11,826 - INFO - Epoch 91/150 train_loss=1.938380422592163
2026-10-02 10:35:11,863 - INFO - Best train loss=1.938380422592163; saved /fs04/ar57/wenyu/GeneRec/results/stage3_T5Train/curvature_RQ-VAE/ckpt/Amazon_2023_Instruments/Oct-02-2026_10-17-25/HG_Rec_best.pth
2026-10-02 10:35:23,941 - INFO - Epoch 92/150 train_loss=1.937955117225647
2026-10-02 10:35:23,977 - INFO - Best train loss=1.937955117225647; saved /fs04/ar57/wenyu/GeneRec/results/stage3_T5Train/curvature_RQ-VAE/ckpt/Amazon_2023_Instruments/Oct-02-2026_10-17-25/HG_Rec_best.pth
2026-10-02 10:35:35,595 - INFO - Epoch 93/150 train_loss=1.9358273363113403
2026-10-02 10:35:36,110 - INFO - Best train loss=1.9358273363113403; saved /fs04/ar57/wenyu/GeneRec/results/stage3_T5Train/curvature_RQ-VAE/ckpt/Amazon_2023_Instruments/Oct-02-2026_10-17-25/HG_Rec_best.pth
2026-10-02 10:35:47,719 - INFO - Epoch 94/150 train_loss=1.93906795501709
2026-10-02 10:35:59,329 - INFO - Epoch 95/150 train_loss=1.93577308177948
2026-10-02 10:35:59,370 - INFO - Best train loss=1.93577308177948; saved /fs04/ar57/wenyu/GeneRec/results/stage3_T5Train/curvature_RQ-VAE/ckpt/Amazon_2023_Instruments/Oct-02-2026_10-17-25/HG_Rec_best.pth
2026-10-02 10:36:10,981 - INFO - Epoch 96/150 train_loss=1.9347633409500122
2026-10-02 10:36:11,021 - INFO - Best train loss=1.9347633409500122; saved /fs04/ar57/wenyu/GeneRec/results/stage3_T5Train/curvature_RQ-VAE/ckpt/Amazon_2023_Instruments/Oct-02-2026_10-17-25/HG_Rec_best.pth
2026-10-02 10:36:22,627 - INFO - Epoch 97/150 train_loss=1.9328946828842164
2026-10-02 10:36:22,665 - INFO - Best train loss=1.9328946828842164; saved /fs04/ar57/wenyu/GeneRec/results/stage3_T5Train/curvature_RQ-VAE/ckpt/Amazon_2023_Instruments/Oct-02-2026_10-17-25/HG_Rec_best.pth
2026-10-02 10:36:34,271 - INFO - Epoch 98/150 train_loss=1.9344532155990601
2026-10-02 10:36:45,877 - INFO - Epoch 99/150 train_loss=1.9314954853057862
2026-10-02 10:36:45,926 - INFO - Best train loss=1.9314954853057862; saved /fs04/ar57/wenyu/GeneRec/results/stage3_T5Train/curvature_RQ-VAE/ckpt/Amazon_2023_Instruments/Oct-02-2026_10-17-25/HG_Rec_best.pth
2026-10-02 10:36:57,530 - INFO - Epoch 100/150 train_loss=1.9314739179611207
2026-10-02 10:36:57,566 - INFO - Best train loss=1.9314739179611207; saved /fs04/ar57/wenyu/GeneRec/results/stage3_T5Train/curvature_RQ-VAE/ckpt/Amazon_2023_Instruments/Oct-02-2026_10-17-25/HG_Rec_best.pth
2026-10-02 10:37:09,174 - INFO - Epoch 101/150 train_loss=1.9288086986541748
2026-10-02 10:37:09,210 - INFO - Best train loss=1.9288086986541748; saved /fs04/ar57/wenyu/GeneRec/results/stage3_T5Train/curvature_RQ-VAE/ckpt/Amazon_2023_Instruments/Oct-02-2026_10-17-25/HG_Rec_best.pth
2026-10-02 10:37:20,835 - INFO - Epoch 102/150 train_loss=1.929818058013916
2026-10-02 10:37:32,573 - INFO - Epoch 103/150 train_loss=1.9278547763824463
2026-10-02 10:37:32,612 - INFO - Best train loss=1.9278547763824463; saved /fs04/ar57/wenyu/GeneRec/results/stage3_T5Train/curvature_RQ-VAE/ckpt/Amazon_2023_Instruments/Oct-02-2026_10-17-25/HG_Rec_best.pth
2026-10-02 10:37:44,223 - INFO - Epoch 104/150 train_loss=1.926392855644226
2026-10-02 10:37:44,263 - INFO - Best train loss=1.926392855644226; saved /fs04/ar57/wenyu/GeneRec/results/stage3_T5Train/curvature_RQ-VAE/ckpt/Amazon_2023_Instruments/Oct-02-2026_10-17-25/HG_Rec_best.pth
2026-10-02 10:37:56,058 - INFO - Epoch 105/150 train_loss=1.927361421585083
2026-10-02 10:38:08,426 - INFO - Epoch 106/150 train_loss=1.9241664123535156
2026-10-02 10:38:08,544 - INFO - Best train loss=1.9241664123535156; saved /fs04/ar57/wenyu/GeneRec/results/stage3_T5Train/curvature_RQ-VAE/ckpt/Amazon_2023_Instruments/Oct-02-2026_10-17-25/HG_Rec_best.pth
2026-10-02 10:38:20,157 - INFO - Epoch 107/150 train_loss=1.9253855895996095
2026-10-02 10:38:31,767 - INFO - Epoch 108/150 train_loss=1.9249674987792968
2026-10-02 10:38:43,384 - INFO - Epoch 109/150 train_loss=1.9216968250274657
2026-10-02 10:38:43,422 - INFO - Best train loss=1.9216968250274657; saved /fs04/ar57/wenyu/GeneRec/results/stage3_T5Train/curvature_RQ-VAE/ckpt/Amazon_2023_Instruments/Oct-02-2026_10-17-25/HG_Rec_best.pth
2026-10-02 10:38:55,033 - INFO - Epoch 110/150 train_loss=1.9222296476364136
2026-10-02 10:39:06,649 - INFO - Epoch 111/150 train_loss=1.9215077352523804
2026-10-02 10:39:06,685 - INFO - Best train loss=1.9215077352523804; saved /fs04/ar57/wenyu/GeneRec/results/stage3_T5Train/curvature_RQ-VAE/ckpt/Amazon_2023_Instruments/Oct-02-2026_10-17-25/HG_Rec_best.pth
2026-10-02 10:39:18,298 - INFO - Epoch 112/150 train_loss=1.9191920852661133
2026-10-02 10:39:18,334 - INFO - Best train loss=1.9191920852661133; saved /fs04/ar57/wenyu/GeneRec/results/stage3_T5Train/curvature_RQ-VAE/ckpt/Amazon_2023_Instruments/Oct-02-2026_10-17-25/HG_Rec_best.pth
2026-10-02 10:39:29,937 - INFO - Epoch 113/150 train_loss=1.9191376209259032
2026-10-02 10:39:29,974 - INFO - Best train loss=1.9191376209259032; saved /fs04/ar57/wenyu/GeneRec/results/stage3_T5Train/curvature_RQ-VAE/ckpt/Amazon_2023_Instruments/Oct-02-2026_10-17-25/HG_Rec_best.pth
2026-10-02 10:39:41,577 - INFO - Epoch 114/150 train_loss=1.9191655826568603
2026-10-02 10:39:53,185 - INFO - Epoch 115/150 train_loss=1.9197364234924317
2026-10-02 10:40:04,800 - INFO - Epoch 116/150 train_loss=1.9172039270401
2026-10-02 10:40:04,845 - INFO - Best train loss=1.9172039270401; saved /fs04/ar57/wenyu/GeneRec/results/stage3_T5Train/curvature_RQ-VAE/ckpt/Amazon_2023_Instruments/Oct-02-2026_10-17-25/HG_Rec_best.pth
2026-10-02 10:40:19,015 - INFO - Epoch 117/150 train_loss=1.9171746349334717
2026-10-02 10:40:19,054 - INFO - Best train loss=1.9171746349334717; saved /fs04/ar57/wenyu/GeneRec/results/stage3_T5Train/curvature_RQ-VAE/ckpt/Amazon_2023_Instruments/Oct-02-2026_10-17-25/HG_Rec_best.pth
2026-10-02 10:40:30,677 - INFO - Epoch 118/150 train_loss=1.91475483417511
2026-10-02 10:40:30,734 - INFO - Best train loss=1.91475483417511; saved /fs04/ar57/wenyu/GeneRec/results/stage3_T5Train/curvature_RQ-VAE/ckpt/Amazon_2023_Instruments/Oct-02-2026_10-17-25/HG_Rec_best.pth
2026-10-02 10:40:42,346 - INFO - Epoch 119/150 train_loss=1.9154478263854982
2026-10-02 10:40:53,958 - INFO - Epoch 120/150 train_loss=1.9129429531097413
2026-10-02 10:40:54,002 - INFO - Best train loss=1.9129429531097413; saved /fs04/ar57/wenyu/GeneRec/results/stage3_T5Train/curvature_RQ-VAE/ckpt/Amazon_2023_Instruments/Oct-02-2026_10-17-25/HG_Rec_best.pth
2026-10-02 10:41:05,610 - INFO - Epoch 121/150 train_loss=1.912907338142395
2026-10-02 10:41:05,650 - INFO - Best train loss=1.912907338142395; saved /fs04/ar57/wenyu/GeneRec/results/stage3_T5Train/curvature_RQ-VAE/ckpt/Amazon_2023_Instruments/Oct-02-2026_10-17-25/HG_Rec_best.pth
2026-10-02 10:41:17,260 - INFO - Epoch 122/150 train_loss=1.9118225145339967
2026-10-02 10:41:17,296 - INFO - Best train loss=1.9118225145339967; saved /fs04/ar57/wenyu/GeneRec/results/stage3_T5Train/curvature_RQ-VAE/ckpt/Amazon_2023_Instruments/Oct-02-2026_10-17-25/HG_Rec_best.pth
2026-10-02 10:41:28,911 - INFO - Epoch 123/150 train_loss=1.9101939439773559
2026-10-02 10:41:28,962 - INFO - Best train loss=1.9101939439773559; saved /fs04/ar57/wenyu/GeneRec/results/stage3_T5Train/curvature_RQ-VAE/ckpt/Amazon_2023_Instruments/Oct-02-2026_10-17-25/HG_Rec_best.pth
2026-10-02 10:41:40,580 - INFO - Epoch 124/150 train_loss=1.911026382446289
2026-10-02 10:41:52,188 - INFO - Epoch 125/150 train_loss=1.9087847471237183
2026-10-02 10:41:52,228 - INFO - Best train loss=1.9087847471237183; saved /fs04/ar57/wenyu/GeneRec/results/stage3_T5Train/curvature_RQ-VAE/ckpt/Amazon_2023_Instruments/Oct-02-2026_10-17-25/HG_Rec_best.pth
2026-10-02 10:42:03,839 - INFO - Epoch 126/150 train_loss=1.9079821968078614
2026-10-02 10:42:03,877 - INFO - Best train loss=1.9079821968078614; saved /fs04/ar57/wenyu/GeneRec/results/stage3_T5Train/curvature_RQ-VAE/ckpt/Amazon_2023_Instruments/Oct-02-2026_10-17-25/HG_Rec_best.pth
2026-10-02 10:42:15,485 - INFO - Epoch 127/150 train_loss=1.908155961036682
2026-10-02 10:42:27,096 - INFO - Epoch 128/150 train_loss=1.9097911739349365
2026-10-02 10:42:38,703 - INFO - Epoch 129/150 train_loss=1.9072063541412354
2026-10-02 10:42:38,751 - INFO - Best train loss=1.9072063541412354; saved /fs04/ar57/wenyu/GeneRec/results/stage3_T5Train/curvature_RQ-VAE/ckpt/Amazon_2023_Instruments/Oct-02-2026_10-17-25/HG_Rec_best.pth
2026-10-02 10:42:50,367 - INFO - Epoch 130/150 train_loss=1.9081294870376586
2026-10-02 10:43:01,974 - INFO - Epoch 131/150 train_loss=1.9060871839523315
2026-10-02 10:43:02,016 - INFO - Best train loss=1.9060871839523315; saved /fs04/ar57/wenyu/GeneRec/results/stage3_T5Train/curvature_RQ-VAE/ckpt/Amazon_2023_Instruments/Oct-02-2026_10-17-25/HG_Rec_best.pth
2026-10-02 10:43:13,624 - INFO - Epoch 132/150 train_loss=1.906286177635193
2026-10-02 10:43:25,231 - INFO - Epoch 133/150 train_loss=1.906992597579956
2026-10-02 10:43:36,845 - INFO - Epoch 134/150 train_loss=1.9043931818008424
2026-10-02 10:43:36,891 - INFO - Best train loss=1.9043931818008424; saved /fs04/ar57/wenyu/GeneRec/results/stage3_T5Train/curvature_RQ-VAE/ckpt/Amazon_2023_Instruments/Oct-02-2026_10-17-25/HG_Rec_best.pth
2026-10-02 10:43:48,506 - INFO - Epoch 135/150 train_loss=1.9047562026977538
2026-10-02 10:44:00,120 - INFO - Epoch 136/150 train_loss=1.9046538496017456
2026-10-02 10:44:11,736 - INFO - Epoch 137/150 train_loss=1.9034371852874756
2026-10-02 10:44:11,772 - INFO - Best train loss=1.9034371852874756; saved /fs04/ar57/wenyu/GeneRec/results/stage3_T5Train/curvature_RQ-VAE/ckpt/Amazon_2023_Instruments/Oct-02-2026_10-17-25/HG_Rec_best.pth
2026-10-02 10:44:23,378 - INFO - Epoch 138/150 train_loss=1.9045520877838136
2026-10-02 10:44:34,990 - INFO - Epoch 139/150 train_loss=1.902338752746582
2026-10-02 10:44:35,027 - INFO - Best train loss=1.902338752746582; saved /fs04/ar57/wenyu/GeneRec/results/stage3_T5Train/curvature_RQ-VAE/ckpt/Amazon_2023_Instruments/Oct-02-2026_10-17-25/HG_Rec_best.pth
2026-10-02 10:44:46,632 - INFO - Epoch 140/150 train_loss=1.9012972354888915
2026-10-02 10:44:46,668 - INFO - Best train loss=1.9012972354888915; saved /fs04/ar57/wenyu/GeneRec/results/stage3_T5Train/curvature_RQ-VAE/ckpt/Amazon_2023_Instruments/Oct-02-2026_10-17-25/HG_Rec_best.pth
2026-10-02 10:44:58,280 - INFO - Epoch 141/150 train_loss=1.9031994247436523
2026-10-02 10:45:09,891 - INFO - Epoch 142/150 train_loss=1.9035226202011108
2026-10-02 10:45:21,503 - INFO - Epoch 143/150 train_loss=1.8998882007598876
2026-10-02 10:45:21,547 - INFO - Best train loss=1.8998882007598876; saved /fs04/ar57/wenyu/GeneRec/results/stage3_T5Train/curvature_RQ-VAE/ckpt/Amazon_2023_Instruments/Oct-02-2026_10-17-25/HG_Rec_best.pth
2026-10-02 10:45:33,158 - INFO - Epoch 144/150 train_loss=1.8994089555740357
2026-10-02 10:45:33,196 - INFO - Best train loss=1.8994089555740357; saved /fs04/ar57/wenyu/GeneRec/results/stage3_T5Train/curvature_RQ-VAE/ckpt/Amazon_2023_Instruments/Oct-02-2026_10-17-25/HG_Rec_best.pth
2026-10-02 10:45:44,809 - INFO - Epoch 145/150 train_loss=1.8994204330444335
2026-10-02 10:45:56,418 - INFO - Epoch 146/150 train_loss=1.8995945692062377
2026-10-02 10:46:08,037 - INFO - Epoch 147/150 train_loss=1.8965244245529176
2026-10-02 10:46:08,080 - INFO - Best train loss=1.8965244245529176; saved /fs04/ar57/wenyu/GeneRec/results/stage3_T5Train/curvature_RQ-VAE/ckpt/Amazon_2023_Instruments/Oct-02-2026_10-17-25/HG_Rec_best.pth
2026-10-02 10:46:19,685 - INFO - Epoch 148/150 train_loss=1.8973309516906738
2026-10-02 10:46:31,299 - INFO - Epoch 149/150 train_loss=1.8963923740386963
2026-10-02 10:46:31,343 - INFO - Best train loss=1.8963923740386963; saved /fs04/ar57/wenyu/GeneRec/results/stage3_T5Train/curvature_RQ-VAE/ckpt/Amazon_2023_Instruments/Oct-02-2026_10-17-25/HG_Rec_best.pth
2026-10-02 10:46:42,954 - INFO - Epoch 150/150 train_loss=1.8958227586746217
2026-10-02 10:46:42,993 - INFO - Best train loss=1.8958227586746217; saved /fs04/ar57/wenyu/GeneRec/results/stage3_T5Train/curvature_RQ-VAE/ckpt/Amazon_2023_Instruments/Oct-02-2026_10-17-25/HG_Rec_best.pth
2026-10-02 10:54:52,013 - INFO - Test={'best_checkpoint': '/fs04/ar57/wenyu/GeneRec/results/stage3_T5Train/curvature_RQ-VAE/ckpt/Amazon_2023_Instruments/Oct-02-2026_10-17-25/HG_Rec_best.pth', 'n_eval': 57439, 'test_recall@5': 0.02097877748568046, 'test_recall@10': 0.03152910043698532, 'test_ndcg@5': 0.0137466025474302, 'test_ndcg@10': 0.017140762138396545}
