1. codeword radial distribution  s_e = sqrt(c)*||e_j||
   L1  min=0.199183 p5=0.199354 p25=0.199519 p50=0.199646 p75=0.199744 p95=0.199898 max=0.200058  (residual shell s=0.2)
   L2  min=0.061893 p5=0.066193 p25=0.074465 p50=0.084464 p75=0.093949 p95=0.106486 max=0.121802  (residual shell s=0.2)
   L3  min=0.024896 p5=0.097447 p25=0.105965 p50=0.108486 p75=0.110029 p95=0.112533 max=0.116112  (residual shell s=0.2)
   level medians differ by 0.115182 absolute (136.4%)
2. corr(usage, s_e) per level
   L1  corr=-0.3975  used=256/256  usage[min=82 max=125]
   L2  corr=-0.6921  used=256/256  usage[min=6 max=364]
   L3  corr=-0.6325  used=256/256  usage[min=15 max=544]
3/4. behaviour signal by radius and by direction
   L1  |ds| pos=0.000170 neg=0.000195 gap=+0.000025   cos pos=+0.995032 neg=+0.991368 gap=+0.003664
   L2  |ds| pos=0.011970 neg=0.012494 gap=+0.000524   cos pos=+0.057522 neg=+0.026275 gap=+0.031247
   L3  |ds| pos=0.009162 neg=0.009536 gap=+0.000374   cos pos=+0.026314 neg=+0.004230 gap=+0.022085
5. assignment with the codeword pinned to the same shell
   L1  flip=0.07%  used=256/256  top1-top2 gap parent=0.003291 repinned=0.003296
   L2  flip=36.67%  used=256/256  top1-top2 gap parent=0.010975 repinned=0.025079
   L3  flip=68.66%  used=256/256  top1-top2 gap parent=0.015526 repinned=0.025082
   collision parent=0.004433 repinned=0.005328   raw_unique parent=24478 repinned=24456
7. does the re-pinned assignment still group behaviour pairs?
   prefix1: parent pos/neg= 5.51/ 0.38%  repinned pos/neg= 5.51/ 0.38%  behaviour gain +0.0513 -> +0.0513
   prefix2: parent pos/neg= 0.05/ 0.01%  repinned pos/neg= 0.06/ 0.01%  behaviour gain +0.0004 -> +0.0004
   prefix3: parent pos/neg= 0.01/ 0.01%  repinned pos/neg= 0.01/ 0.01%  behaviour gain +0.0000 -> +0.0000
