2026-10-05 18:30:04,032 - INFO - Configuration: {'batch_size': 4096, 'infer_size': 1024, 'num_epochs': 150, 'eval_interval': 5, 'eval_start_epoch': 75, 'early_eval_epochs': (25, 50, 75, 100, 125), 'fast': True, 'bf16': True, 'use_lr_scheduler': True, 'lr_warmup_pct': 0.1, 'lr_min_factor': 0.2, 'compile': False, 'compile_mode': 'default', 'num_layers': 4, 'num_decoder_layers': 4, 'd_model': 128, 'd_ff': 1024, 'num_heads': 6, 'd_kv': 64, 'dropout_rate': 0.1, 'activation_function': 'relu', 'feed_forward_proj': 'relu', 'device': 'cuda', 'lr': 0.003, 'weight_decay': 0.05, 'vocab_size': 774, 'eos_token_id': 773, 'pad_token_id': 0, 'n_user_tokens': 1, 'max_len': 20, 'dataset_name': 'Amazon_2023_Instruments', 'dataset_path': '/home/wlia0047/ar57/wenyu/GeneRec/results/stage0_build_parquet/', 'codebook_size': [256, 256, 256, 1], 'code_path': '/home/wlia0047/ar57/wenyu/GeneRec/results/stage2_RQ-VAE/curvature_RQ-VAE_iter85/item_sids.json', 'train_file': 'train.parquet', 'valid_file': 'valid.parquet', 'test_file': 'test.parquet', 'log_path': '/home/wlia0047/ar57/wenyu/GeneRec/results/stage3_T5Train/curvature_RQ-VAE_iter85/logs/', 'save_path': '/home/wlia0047/ar57/wenyu/GeneRec/results/stage3_T5Train/curvature_RQ-VAE_iter85/ckpt/', 'seed': 42, 'topk_list': [5, 10], 'beam_size': 20, 'no_eval': True, 'skip_test': False, 'screen_baseline_log': '', 'screen_start_epoch': 40, 'screen_window': 5, 'screen_min_ndcg_gain': 0.001, 'screen_min_recall_gain': 0.001, 'num_workers': 4, 'prefetch_factor': 8, 'exclude_history': True, 'no_exclude_history': False, 'pin_memory': True, 'no_pin_memory': False, 'sid_length': 4, 'max_token_seq_len': 82, 'decoder_start_token_id': 0}
2026-10-05 18:30:04,083 - INFO - #Embedding parameters: 99072
#Non-embedding parameters: 4459648
#Total trainable parameters: 4558720

2026-10-05 18:30:17,342 - INFO - Epoch 1/150 train_loss=4.73926025390625
2026-10-05 18:30:17,429 - INFO - Best train loss=4.73926025390625; saved /home/wlia0047/ar57/wenyu/GeneRec/results/stage3_T5Train/curvature_RQ-VAE_iter85/ckpt/Amazon_2023_Instruments/Oct-05-2026_18-30-04/HG_Rec_best.pth
2026-10-05 18:30:29,058 - INFO - Epoch 2/150 train_loss=4.065486707687378
2026-10-05 18:30:29,096 - INFO - Best train loss=4.065486707687378; saved /home/wlia0047/ar57/wenyu/GeneRec/results/stage3_T5Train/curvature_RQ-VAE_iter85/ckpt/Amazon_2023_Instruments/Oct-05-2026_18-30-04/HG_Rec_best.pth
2026-10-05 18:30:40,713 - INFO - Epoch 3/150 train_loss=3.8922133159637453
2026-10-05 18:30:40,753 - INFO - Best train loss=3.8922133159637453; saved /home/wlia0047/ar57/wenyu/GeneRec/results/stage3_T5Train/curvature_RQ-VAE_iter85/ckpt/Amazon_2023_Instruments/Oct-05-2026_18-30-04/HG_Rec_best.pth
2026-10-05 18:30:52,367 - INFO - Epoch 4/150 train_loss=3.730150499343872
2026-10-05 18:30:52,405 - INFO - Best train loss=3.730150499343872; saved /home/wlia0047/ar57/wenyu/GeneRec/results/stage3_T5Train/curvature_RQ-VAE_iter85/ckpt/Amazon_2023_Instruments/Oct-05-2026_18-30-04/HG_Rec_best.pth
2026-10-05 18:31:04,011 - INFO - Epoch 5/150 train_loss=3.6129286670684815
2026-10-05 18:31:04,049 - INFO - Best train loss=3.6129286670684815; saved /home/wlia0047/ar57/wenyu/GeneRec/results/stage3_T5Train/curvature_RQ-VAE_iter85/ckpt/Amazon_2023_Instruments/Oct-05-2026_18-30-04/HG_Rec_best.pth
2026-10-05 18:31:15,658 - INFO - Epoch 6/150 train_loss=3.5460229396820067
2026-10-05 18:31:15,696 - INFO - Best train loss=3.5460229396820067; saved /home/wlia0047/ar57/wenyu/GeneRec/results/stage3_T5Train/curvature_RQ-VAE_iter85/ckpt/Amazon_2023_Instruments/Oct-05-2026_18-30-04/HG_Rec_best.pth
2026-10-05 18:31:27,306 - INFO - Epoch 7/150 train_loss=3.466802043914795
2026-10-05 18:31:27,343 - INFO - Best train loss=3.466802043914795; saved /home/wlia0047/ar57/wenyu/GeneRec/results/stage3_T5Train/curvature_RQ-VAE_iter85/ckpt/Amazon_2023_Instruments/Oct-05-2026_18-30-04/HG_Rec_best.pth
2026-10-05 18:31:38,947 - INFO - Epoch 8/150 train_loss=3.3655661964416503
2026-10-05 18:31:38,984 - INFO - Best train loss=3.3655661964416503; saved /home/wlia0047/ar57/wenyu/GeneRec/results/stage3_T5Train/curvature_RQ-VAE_iter85/ckpt/Amazon_2023_Instruments/Oct-05-2026_18-30-04/HG_Rec_best.pth
2026-10-05 18:31:50,586 - INFO - Epoch 9/150 train_loss=3.284652605056763
2026-10-05 18:31:50,621 - INFO - Best train loss=3.284652605056763; saved /home/wlia0047/ar57/wenyu/GeneRec/results/stage3_T5Train/curvature_RQ-VAE_iter85/ckpt/Amazon_2023_Instruments/Oct-05-2026_18-30-04/HG_Rec_best.pth
2026-10-05 18:32:02,224 - INFO - Epoch 10/150 train_loss=3.216869144439697
2026-10-05 18:32:02,260 - INFO - Best train loss=3.216869144439697; saved /home/wlia0047/ar57/wenyu/GeneRec/results/stage3_T5Train/curvature_RQ-VAE_iter85/ckpt/Amazon_2023_Instruments/Oct-05-2026_18-30-04/HG_Rec_best.pth
2026-10-05 18:32:13,866 - INFO - Epoch 11/150 train_loss=3.1394161987304687
2026-10-05 18:32:13,906 - INFO - Best train loss=3.1394161987304687; saved /home/wlia0047/ar57/wenyu/GeneRec/results/stage3_T5Train/curvature_RQ-VAE_iter85/ckpt/Amazon_2023_Instruments/Oct-05-2026_18-30-04/HG_Rec_best.pth
2026-10-05 18:32:25,518 - INFO - Epoch 12/150 train_loss=3.247800359725952
2026-10-05 18:32:37,125 - INFO - Epoch 13/150 train_loss=3.1569201278686525
2026-10-05 18:32:48,744 - INFO - Epoch 14/150 train_loss=3.0749507045745847
2026-10-05 18:32:48,784 - INFO - Best train loss=3.0749507045745847; saved /home/wlia0047/ar57/wenyu/GeneRec/results/stage3_T5Train/curvature_RQ-VAE_iter85/ckpt/Amazon_2023_Instruments/Oct-05-2026_18-30-04/HG_Rec_best.pth
2026-10-05 18:33:00,397 - INFO - Epoch 15/150 train_loss=3.011295747756958
2026-10-05 18:33:00,434 - INFO - Best train loss=3.011295747756958; saved /home/wlia0047/ar57/wenyu/GeneRec/results/stage3_T5Train/curvature_RQ-VAE_iter85/ckpt/Amazon_2023_Instruments/Oct-05-2026_18-30-04/HG_Rec_best.pth
2026-10-05 18:33:12,040 - INFO - Epoch 16/150 train_loss=2.9538626861572266
2026-10-05 18:33:12,077 - INFO - Best train loss=2.9538626861572266; saved /home/wlia0047/ar57/wenyu/GeneRec/results/stage3_T5Train/curvature_RQ-VAE_iter85/ckpt/Amazon_2023_Instruments/Oct-05-2026_18-30-04/HG_Rec_best.pth
2026-10-05 18:33:23,689 - INFO - Epoch 17/150 train_loss=2.8966134643554686
2026-10-05 18:33:23,726 - INFO - Best train loss=2.8966134643554686; saved /home/wlia0047/ar57/wenyu/GeneRec/results/stage3_T5Train/curvature_RQ-VAE_iter85/ckpt/Amazon_2023_Instruments/Oct-05-2026_18-30-04/HG_Rec_best.pth
2026-10-05 18:33:35,900 - INFO - Epoch 18/150 train_loss=2.8569235134124757
2026-10-05 18:33:35,937 - INFO - Best train loss=2.8569235134124757; saved /home/wlia0047/ar57/wenyu/GeneRec/results/stage3_T5Train/curvature_RQ-VAE_iter85/ckpt/Amazon_2023_Instruments/Oct-05-2026_18-30-04/HG_Rec_best.pth
2026-10-05 18:33:47,549 - INFO - Epoch 19/150 train_loss=2.815526647567749
2026-10-05 18:33:47,588 - INFO - Best train loss=2.815526647567749; saved /home/wlia0047/ar57/wenyu/GeneRec/results/stage3_T5Train/curvature_RQ-VAE_iter85/ckpt/Amazon_2023_Instruments/Oct-05-2026_18-30-04/HG_Rec_best.pth
2026-10-05 18:33:59,193 - INFO - Epoch 20/150 train_loss=2.7667991161346435
2026-10-05 18:33:59,229 - INFO - Best train loss=2.7667991161346435; saved /home/wlia0047/ar57/wenyu/GeneRec/results/stage3_T5Train/curvature_RQ-VAE_iter85/ckpt/Amazon_2023_Instruments/Oct-05-2026_18-30-04/HG_Rec_best.pth
2026-10-05 18:34:10,832 - INFO - Epoch 21/150 train_loss=2.7343752861022947
2026-10-05 18:34:10,868 - INFO - Best train loss=2.7343752861022947; saved /home/wlia0047/ar57/wenyu/GeneRec/results/stage3_T5Train/curvature_RQ-VAE_iter85/ckpt/Amazon_2023_Instruments/Oct-05-2026_18-30-04/HG_Rec_best.pth
2026-10-05 18:34:22,478 - INFO - Epoch 22/150 train_loss=2.698451528549194
2026-10-05 18:34:22,513 - INFO - Best train loss=2.698451528549194; saved /home/wlia0047/ar57/wenyu/GeneRec/results/stage3_T5Train/curvature_RQ-VAE_iter85/ckpt/Amazon_2023_Instruments/Oct-05-2026_18-30-04/HG_Rec_best.pth
2026-10-05 18:34:34,125 - INFO - Epoch 23/150 train_loss=2.6639213943481446
2026-10-05 18:34:34,164 - INFO - Best train loss=2.6639213943481446; saved /home/wlia0047/ar57/wenyu/GeneRec/results/stage3_T5Train/curvature_RQ-VAE_iter85/ckpt/Amazon_2023_Instruments/Oct-05-2026_18-30-04/HG_Rec_best.pth
2026-10-05 18:34:45,764 - INFO - Epoch 24/150 train_loss=2.6347896575927736
2026-10-05 18:34:45,803 - INFO - Best train loss=2.6347896575927736; saved /home/wlia0047/ar57/wenyu/GeneRec/results/stage3_T5Train/curvature_RQ-VAE_iter85/ckpt/Amazon_2023_Instruments/Oct-05-2026_18-30-04/HG_Rec_best.pth
2026-10-05 18:34:57,414 - INFO - Epoch 25/150 train_loss=2.6026464748382567
2026-10-05 18:34:57,450 - INFO - Best train loss=2.6026464748382567; saved /home/wlia0047/ar57/wenyu/GeneRec/results/stage3_T5Train/curvature_RQ-VAE_iter85/ckpt/Amazon_2023_Instruments/Oct-05-2026_18-30-04/HG_Rec_best.pth
2026-10-05 18:35:09,058 - INFO - Epoch 26/150 train_loss=2.5678779029846193
2026-10-05 18:35:09,097 - INFO - Best train loss=2.5678779029846193; saved /home/wlia0047/ar57/wenyu/GeneRec/results/stage3_T5Train/curvature_RQ-VAE_iter85/ckpt/Amazon_2023_Instruments/Oct-05-2026_18-30-04/HG_Rec_best.pth
2026-10-05 18:35:20,703 - INFO - Epoch 27/150 train_loss=2.5451525497436522
2026-10-05 18:35:20,741 - INFO - Best train loss=2.5451525497436522; saved /home/wlia0047/ar57/wenyu/GeneRec/results/stage3_T5Train/curvature_RQ-VAE_iter85/ckpt/Amazon_2023_Instruments/Oct-05-2026_18-30-04/HG_Rec_best.pth
2026-10-05 18:35:32,348 - INFO - Epoch 28/150 train_loss=2.519809436798096
2026-10-05 18:35:32,384 - INFO - Best train loss=2.519809436798096; saved /home/wlia0047/ar57/wenyu/GeneRec/results/stage3_T5Train/curvature_RQ-VAE_iter85/ckpt/Amazon_2023_Instruments/Oct-05-2026_18-30-04/HG_Rec_best.pth
2026-10-05 18:35:43,991 - INFO - Epoch 29/150 train_loss=2.4897555351257323
2026-10-05 18:35:44,030 - INFO - Best train loss=2.4897555351257323; saved /home/wlia0047/ar57/wenyu/GeneRec/results/stage3_T5Train/curvature_RQ-VAE_iter85/ckpt/Amazon_2023_Instruments/Oct-05-2026_18-30-04/HG_Rec_best.pth
2026-10-05 18:35:55,646 - INFO - Epoch 30/150 train_loss=2.47186336517334
2026-10-05 18:35:55,683 - INFO - Best train loss=2.47186336517334; saved /home/wlia0047/ar57/wenyu/GeneRec/results/stage3_T5Train/curvature_RQ-VAE_iter85/ckpt/Amazon_2023_Instruments/Oct-05-2026_18-30-04/HG_Rec_best.pth
2026-10-05 18:36:07,287 - INFO - Epoch 31/150 train_loss=2.4514008140563965
2026-10-05 18:36:07,323 - INFO - Best train loss=2.4514008140563965; saved /home/wlia0047/ar57/wenyu/GeneRec/results/stage3_T5Train/curvature_RQ-VAE_iter85/ckpt/Amazon_2023_Instruments/Oct-05-2026_18-30-04/HG_Rec_best.pth
2026-10-05 18:36:18,928 - INFO - Epoch 32/150 train_loss=2.4263821029663086
2026-10-05 18:36:18,963 - INFO - Best train loss=2.4263821029663086; saved /home/wlia0047/ar57/wenyu/GeneRec/results/stage3_T5Train/curvature_RQ-VAE_iter85/ckpt/Amazon_2023_Instruments/Oct-05-2026_18-30-04/HG_Rec_best.pth
2026-10-05 18:36:30,573 - INFO - Epoch 33/150 train_loss=2.400638198852539
2026-10-05 18:36:30,610 - INFO - Best train loss=2.400638198852539; saved /home/wlia0047/ar57/wenyu/GeneRec/results/stage3_T5Train/curvature_RQ-VAE_iter85/ckpt/Amazon_2023_Instruments/Oct-05-2026_18-30-04/HG_Rec_best.pth
2026-10-05 18:36:42,221 - INFO - Epoch 34/150 train_loss=2.3849159145355223
2026-10-05 18:36:42,258 - INFO - Best train loss=2.3849159145355223; saved /home/wlia0047/ar57/wenyu/GeneRec/results/stage3_T5Train/curvature_RQ-VAE_iter85/ckpt/Amazon_2023_Instruments/Oct-05-2026_18-30-04/HG_Rec_best.pth
2026-10-05 18:36:53,870 - INFO - Epoch 35/150 train_loss=2.368810119628906
2026-10-05 18:36:53,908 - INFO - Best train loss=2.368810119628906; saved /home/wlia0047/ar57/wenyu/GeneRec/results/stage3_T5Train/curvature_RQ-VAE_iter85/ckpt/Amazon_2023_Instruments/Oct-05-2026_18-30-04/HG_Rec_best.pth
2026-10-05 18:37:05,527 - INFO - Epoch 36/150 train_loss=2.354056005477905
2026-10-05 18:37:05,564 - INFO - Best train loss=2.354056005477905; saved /home/wlia0047/ar57/wenyu/GeneRec/results/stage3_T5Train/curvature_RQ-VAE_iter85/ckpt/Amazon_2023_Instruments/Oct-05-2026_18-30-04/HG_Rec_best.pth
2026-10-05 18:37:17,170 - INFO - Epoch 37/150 train_loss=2.3333529663085937
2026-10-05 18:37:17,206 - INFO - Best train loss=2.3333529663085937; saved /home/wlia0047/ar57/wenyu/GeneRec/results/stage3_T5Train/curvature_RQ-VAE_iter85/ckpt/Amazon_2023_Instruments/Oct-05-2026_18-30-04/HG_Rec_best.pth
2026-10-05 18:37:28,818 - INFO - Epoch 38/150 train_loss=2.3068044185638428
2026-10-05 18:37:28,889 - INFO - Best train loss=2.3068044185638428; saved /home/wlia0047/ar57/wenyu/GeneRec/results/stage3_T5Train/curvature_RQ-VAE_iter85/ckpt/Amazon_2023_Instruments/Oct-05-2026_18-30-04/HG_Rec_best.pth
2026-10-05 18:37:40,511 - INFO - Epoch 39/150 train_loss=2.2871767139434813
2026-10-05 18:37:40,547 - INFO - Best train loss=2.2871767139434813; saved /home/wlia0047/ar57/wenyu/GeneRec/results/stage3_T5Train/curvature_RQ-VAE_iter85/ckpt/Amazon_2023_Instruments/Oct-05-2026_18-30-04/HG_Rec_best.pth
2026-10-05 18:37:52,155 - INFO - Epoch 40/150 train_loss=2.2653465270996094
2026-10-05 18:37:52,191 - INFO - Best train loss=2.2653465270996094; saved /home/wlia0047/ar57/wenyu/GeneRec/results/stage3_T5Train/curvature_RQ-VAE_iter85/ckpt/Amazon_2023_Instruments/Oct-05-2026_18-30-04/HG_Rec_best.pth
2026-10-05 18:38:03,803 - INFO - Epoch 41/150 train_loss=2.2477210330963135
2026-10-05 18:38:03,840 - INFO - Best train loss=2.2477210330963135; saved /home/wlia0047/ar57/wenyu/GeneRec/results/stage3_T5Train/curvature_RQ-VAE_iter85/ckpt/Amazon_2023_Instruments/Oct-05-2026_18-30-04/HG_Rec_best.pth
2026-10-05 18:38:15,450 - INFO - Epoch 42/150 train_loss=2.2379079818725587
2026-10-05 18:38:15,490 - INFO - Best train loss=2.2379079818725587; saved /home/wlia0047/ar57/wenyu/GeneRec/results/stage3_T5Train/curvature_RQ-VAE_iter85/ckpt/Amazon_2023_Instruments/Oct-05-2026_18-30-04/HG_Rec_best.pth
2026-10-05 18:38:27,135 - INFO - Epoch 43/150 train_loss=2.220546464920044
2026-10-05 18:38:27,576 - INFO - Best train loss=2.220546464920044; saved /home/wlia0047/ar57/wenyu/GeneRec/results/stage3_T5Train/curvature_RQ-VAE_iter85/ckpt/Amazon_2023_Instruments/Oct-05-2026_18-30-04/HG_Rec_best.pth
2026-10-05 18:38:39,186 - INFO - Epoch 44/150 train_loss=2.2073344707489015
2026-10-05 18:38:39,224 - INFO - Best train loss=2.2073344707489015; saved /home/wlia0047/ar57/wenyu/GeneRec/results/stage3_T5Train/curvature_RQ-VAE_iter85/ckpt/Amazon_2023_Instruments/Oct-05-2026_18-30-04/HG_Rec_best.pth
2026-10-05 18:38:50,839 - INFO - Epoch 45/150 train_loss=2.194804086685181
2026-10-05 18:38:50,876 - INFO - Best train loss=2.194804086685181; saved /home/wlia0047/ar57/wenyu/GeneRec/results/stage3_T5Train/curvature_RQ-VAE_iter85/ckpt/Amazon_2023_Instruments/Oct-05-2026_18-30-04/HG_Rec_best.pth
2026-10-05 18:39:02,487 - INFO - Epoch 46/150 train_loss=2.1834915542602538
2026-10-05 18:39:02,525 - INFO - Best train loss=2.1834915542602538; saved /home/wlia0047/ar57/wenyu/GeneRec/results/stage3_T5Train/curvature_RQ-VAE_iter85/ckpt/Amazon_2023_Instruments/Oct-05-2026_18-30-04/HG_Rec_best.pth
2026-10-05 18:39:14,135 - INFO - Epoch 47/150 train_loss=2.1742957782745362
2026-10-05 18:39:14,171 - INFO - Best train loss=2.1742957782745362; saved /home/wlia0047/ar57/wenyu/GeneRec/results/stage3_T5Train/curvature_RQ-VAE_iter85/ckpt/Amazon_2023_Instruments/Oct-05-2026_18-30-04/HG_Rec_best.pth
2026-10-05 18:39:25,778 - INFO - Epoch 48/150 train_loss=2.164334440231323
2026-10-05 18:39:25,813 - INFO - Best train loss=2.164334440231323; saved /home/wlia0047/ar57/wenyu/GeneRec/results/stage3_T5Train/curvature_RQ-VAE_iter85/ckpt/Amazon_2023_Instruments/Oct-05-2026_18-30-04/HG_Rec_best.pth
2026-10-05 18:39:37,423 - INFO - Epoch 49/150 train_loss=2.1505675601959227
2026-10-05 18:39:37,474 - INFO - Best train loss=2.1505675601959227; saved /home/wlia0047/ar57/wenyu/GeneRec/results/stage3_T5Train/curvature_RQ-VAE_iter85/ckpt/Amazon_2023_Instruments/Oct-05-2026_18-30-04/HG_Rec_best.pth
2026-10-05 18:39:49,081 - INFO - Epoch 50/150 train_loss=2.147521152496338
2026-10-05 18:39:49,120 - INFO - Best train loss=2.147521152496338; saved /home/wlia0047/ar57/wenyu/GeneRec/results/stage3_T5Train/curvature_RQ-VAE_iter85/ckpt/Amazon_2023_Instruments/Oct-05-2026_18-30-04/HG_Rec_best.pth
2026-10-05 18:40:00,727 - INFO - Epoch 51/150 train_loss=2.136828088760376
2026-10-05 18:40:00,769 - INFO - Best train loss=2.136828088760376; saved /home/wlia0047/ar57/wenyu/GeneRec/results/stage3_T5Train/curvature_RQ-VAE_iter85/ckpt/Amazon_2023_Instruments/Oct-05-2026_18-30-04/HG_Rec_best.pth
2026-10-05 18:40:12,377 - INFO - Epoch 52/150 train_loss=2.131504945755005
2026-10-05 18:40:12,413 - INFO - Best train loss=2.131504945755005; saved /home/wlia0047/ar57/wenyu/GeneRec/results/stage3_T5Train/curvature_RQ-VAE_iter85/ckpt/Amazon_2023_Instruments/Oct-05-2026_18-30-04/HG_Rec_best.pth
2026-10-05 18:40:24,423 - INFO - Epoch 53/150 train_loss=2.123326482772827
2026-10-05 18:40:24,467 - INFO - Best train loss=2.123326482772827; saved /home/wlia0047/ar57/wenyu/GeneRec/results/stage3_T5Train/curvature_RQ-VAE_iter85/ckpt/Amazon_2023_Instruments/Oct-05-2026_18-30-04/HG_Rec_best.pth
2026-10-05 18:40:36,079 - INFO - Epoch 54/150 train_loss=2.112137804031372
2026-10-05 18:40:36,116 - INFO - Best train loss=2.112137804031372; saved /home/wlia0047/ar57/wenyu/GeneRec/results/stage3_T5Train/curvature_RQ-VAE_iter85/ckpt/Amazon_2023_Instruments/Oct-05-2026_18-30-04/HG_Rec_best.pth
2026-10-05 18:40:49,654 - INFO - Epoch 55/150 train_loss=2.1083077144622804
2026-10-05 18:40:49,704 - INFO - Best train loss=2.1083077144622804; saved /home/wlia0047/ar57/wenyu/GeneRec/results/stage3_T5Train/curvature_RQ-VAE_iter85/ckpt/Amazon_2023_Instruments/Oct-05-2026_18-30-04/HG_Rec_best.pth
2026-10-05 18:41:01,316 - INFO - Epoch 56/150 train_loss=2.100062122344971
2026-10-05 18:41:01,384 - INFO - Best train loss=2.100062122344971; saved /home/wlia0047/ar57/wenyu/GeneRec/results/stage3_T5Train/curvature_RQ-VAE_iter85/ckpt/Amazon_2023_Instruments/Oct-05-2026_18-30-04/HG_Rec_best.pth
2026-10-05 18:41:12,990 - INFO - Epoch 57/150 train_loss=2.0886975955963134
2026-10-05 18:41:13,026 - INFO - Best train loss=2.0886975955963134; saved /home/wlia0047/ar57/wenyu/GeneRec/results/stage3_T5Train/curvature_RQ-VAE_iter85/ckpt/Amazon_2023_Instruments/Oct-05-2026_18-30-04/HG_Rec_best.pth
2026-10-05 18:41:24,634 - INFO - Epoch 58/150 train_loss=2.0820813369750977
2026-10-05 18:41:24,670 - INFO - Best train loss=2.0820813369750977; saved /home/wlia0047/ar57/wenyu/GeneRec/results/stage3_T5Train/curvature_RQ-VAE_iter85/ckpt/Amazon_2023_Instruments/Oct-05-2026_18-30-04/HG_Rec_best.pth
2026-10-05 18:41:36,282 - INFO - Epoch 59/150 train_loss=2.075010242462158
2026-10-05 18:41:36,316 - INFO - Best train loss=2.075010242462158; saved /home/wlia0047/ar57/wenyu/GeneRec/results/stage3_T5Train/curvature_RQ-VAE_iter85/ckpt/Amazon_2023_Instruments/Oct-05-2026_18-30-04/HG_Rec_best.pth
2026-10-05 18:41:47,921 - INFO - Epoch 60/150 train_loss=2.071758279800415
2026-10-05 18:41:47,958 - INFO - Best train loss=2.071758279800415; saved /home/wlia0047/ar57/wenyu/GeneRec/results/stage3_T5Train/curvature_RQ-VAE_iter85/ckpt/Amazon_2023_Instruments/Oct-05-2026_18-30-04/HG_Rec_best.pth
2026-10-05 18:41:59,577 - INFO - Epoch 61/150 train_loss=2.063641366958618
2026-10-05 18:41:59,613 - INFO - Best train loss=2.063641366958618; saved /home/wlia0047/ar57/wenyu/GeneRec/results/stage3_T5Train/curvature_RQ-VAE_iter85/ckpt/Amazon_2023_Instruments/Oct-05-2026_18-30-04/HG_Rec_best.pth
2026-10-05 18:42:11,222 - INFO - Epoch 62/150 train_loss=2.0561204624176024
2026-10-05 18:42:11,257 - INFO - Best train loss=2.0561204624176024; saved /home/wlia0047/ar57/wenyu/GeneRec/results/stage3_T5Train/curvature_RQ-VAE_iter85/ckpt/Amazon_2023_Instruments/Oct-05-2026_18-30-04/HG_Rec_best.pth
2026-10-05 18:42:22,866 - INFO - Epoch 63/150 train_loss=2.0511716651916503
2026-10-05 18:42:22,901 - INFO - Best train loss=2.0511716651916503; saved /home/wlia0047/ar57/wenyu/GeneRec/results/stage3_T5Train/curvature_RQ-VAE_iter85/ckpt/Amazon_2023_Instruments/Oct-05-2026_18-30-04/HG_Rec_best.pth
2026-10-05 18:42:34,512 - INFO - Epoch 64/150 train_loss=2.050110378265381
2026-10-05 18:42:34,548 - INFO - Best train loss=2.050110378265381; saved /home/wlia0047/ar57/wenyu/GeneRec/results/stage3_T5Train/curvature_RQ-VAE_iter85/ckpt/Amazon_2023_Instruments/Oct-05-2026_18-30-04/HG_Rec_best.pth
2026-10-05 18:42:46,163 - INFO - Epoch 65/150 train_loss=2.0452426147460936
2026-10-05 18:42:46,198 - INFO - Best train loss=2.0452426147460936; saved /home/wlia0047/ar57/wenyu/GeneRec/results/stage3_T5Train/curvature_RQ-VAE_iter85/ckpt/Amazon_2023_Instruments/Oct-05-2026_18-30-04/HG_Rec_best.pth
2026-10-05 18:42:57,815 - INFO - Epoch 66/150 train_loss=2.037380743026733
2026-10-05 18:42:57,851 - INFO - Best train loss=2.037380743026733; saved /home/wlia0047/ar57/wenyu/GeneRec/results/stage3_T5Train/curvature_RQ-VAE_iter85/ckpt/Amazon_2023_Instruments/Oct-05-2026_18-30-04/HG_Rec_best.pth
2026-10-05 18:43:09,463 - INFO - Epoch 67/150 train_loss=2.0348676872253417
2026-10-05 18:43:09,499 - INFO - Best train loss=2.0348676872253417; saved /home/wlia0047/ar57/wenyu/GeneRec/results/stage3_T5Train/curvature_RQ-VAE_iter85/ckpt/Amazon_2023_Instruments/Oct-05-2026_18-30-04/HG_Rec_best.pth
2026-10-05 18:43:21,159 - INFO - Epoch 68/150 train_loss=2.0300175666809084
2026-10-05 18:43:21,195 - INFO - Best train loss=2.0300175666809084; saved /home/wlia0047/ar57/wenyu/GeneRec/results/stage3_T5Train/curvature_RQ-VAE_iter85/ckpt/Amazon_2023_Instruments/Oct-05-2026_18-30-04/HG_Rec_best.pth
2026-10-05 18:43:32,894 - INFO - Epoch 69/150 train_loss=2.028385944366455
2026-10-05 18:43:32,958 - INFO - Best train loss=2.028385944366455; saved /home/wlia0047/ar57/wenyu/GeneRec/results/stage3_T5Train/curvature_RQ-VAE_iter85/ckpt/Amazon_2023_Instruments/Oct-05-2026_18-30-04/HG_Rec_best.pth
2026-10-05 18:43:44,568 - INFO - Epoch 70/150 train_loss=2.0206215476989744
2026-10-05 18:43:44,604 - INFO - Best train loss=2.0206215476989744; saved /home/wlia0047/ar57/wenyu/GeneRec/results/stage3_T5Train/curvature_RQ-VAE_iter85/ckpt/Amazon_2023_Instruments/Oct-05-2026_18-30-04/HG_Rec_best.pth
2026-10-05 18:43:56,212 - INFO - Epoch 71/150 train_loss=2.0166821908950805
2026-10-05 18:43:56,253 - INFO - Best train loss=2.0166821908950805; saved /home/wlia0047/ar57/wenyu/GeneRec/results/stage3_T5Train/curvature_RQ-VAE_iter85/ckpt/Amazon_2023_Instruments/Oct-05-2026_18-30-04/HG_Rec_best.pth
2026-10-05 18:44:07,858 - INFO - Epoch 72/150 train_loss=2.010135283470154
2026-10-05 18:44:07,896 - INFO - Best train loss=2.010135283470154; saved /home/wlia0047/ar57/wenyu/GeneRec/results/stage3_T5Train/curvature_RQ-VAE_iter85/ckpt/Amazon_2023_Instruments/Oct-05-2026_18-30-04/HG_Rec_best.pth
2026-10-05 18:44:19,509 - INFO - Epoch 73/150 train_loss=2.0027750587463378
2026-10-05 18:44:19,544 - INFO - Best train loss=2.0027750587463378; saved /home/wlia0047/ar57/wenyu/GeneRec/results/stage3_T5Train/curvature_RQ-VAE_iter85/ckpt/Amazon_2023_Instruments/Oct-05-2026_18-30-04/HG_Rec_best.pth
2026-10-05 18:44:31,148 - INFO - Epoch 74/150 train_loss=2.0050391864776613
2026-10-05 18:44:42,754 - INFO - Epoch 75/150 train_loss=2.0008940744400023
2026-10-05 18:44:42,790 - INFO - Best train loss=2.0008940744400023; saved /home/wlia0047/ar57/wenyu/GeneRec/results/stage3_T5Train/curvature_RQ-VAE_iter85/ckpt/Amazon_2023_Instruments/Oct-05-2026_18-30-04/HG_Rec_best.pth
2026-10-05 18:44:54,401 - INFO - Epoch 76/150 train_loss=1.9959632682800292
2026-10-05 18:44:54,437 - INFO - Best train loss=1.9959632682800292; saved /home/wlia0047/ar57/wenyu/GeneRec/results/stage3_T5Train/curvature_RQ-VAE_iter85/ckpt/Amazon_2023_Instruments/Oct-05-2026_18-30-04/HG_Rec_best.pth
2026-10-05 18:45:06,049 - INFO - Epoch 77/150 train_loss=1.991566400527954
2026-10-05 18:45:06,085 - INFO - Best train loss=1.991566400527954; saved /home/wlia0047/ar57/wenyu/GeneRec/results/stage3_T5Train/curvature_RQ-VAE_iter85/ckpt/Amazon_2023_Instruments/Oct-05-2026_18-30-04/HG_Rec_best.pth
2026-10-05 18:45:17,695 - INFO - Epoch 78/150 train_loss=1.9877443599700928
2026-10-05 18:45:17,733 - INFO - Best train loss=1.9877443599700928; saved /home/wlia0047/ar57/wenyu/GeneRec/results/stage3_T5Train/curvature_RQ-VAE_iter85/ckpt/Amazon_2023_Instruments/Oct-05-2026_18-30-04/HG_Rec_best.pth
2026-10-05 18:45:29,344 - INFO - Epoch 79/150 train_loss=1.9851070070266723
2026-10-05 18:45:29,381 - INFO - Best train loss=1.9851070070266723; saved /home/wlia0047/ar57/wenyu/GeneRec/results/stage3_T5Train/curvature_RQ-VAE_iter85/ckpt/Amazon_2023_Instruments/Oct-05-2026_18-30-04/HG_Rec_best.pth
2026-10-05 18:45:40,993 - INFO - Epoch 80/150 train_loss=1.9829919338226318
2026-10-05 18:45:41,534 - INFO - Best train loss=1.9829919338226318; saved /home/wlia0047/ar57/wenyu/GeneRec/results/stage3_T5Train/curvature_RQ-VAE_iter85/ckpt/Amazon_2023_Instruments/Oct-05-2026_18-30-04/HG_Rec_best.pth
2026-10-05 18:45:53,145 - INFO - Epoch 81/150 train_loss=1.980485668182373
2026-10-05 18:45:53,185 - INFO - Best train loss=1.980485668182373; saved /home/wlia0047/ar57/wenyu/GeneRec/results/stage3_T5Train/curvature_RQ-VAE_iter85/ckpt/Amazon_2023_Instruments/Oct-05-2026_18-30-04/HG_Rec_best.pth
2026-10-05 18:46:04,791 - INFO - Epoch 82/150 train_loss=1.9737300062179566
2026-10-05 18:46:04,828 - INFO - Best train loss=1.9737300062179566; saved /home/wlia0047/ar57/wenyu/GeneRec/results/stage3_T5Train/curvature_RQ-VAE_iter85/ckpt/Amazon_2023_Instruments/Oct-05-2026_18-30-04/HG_Rec_best.pth
2026-10-05 18:46:16,442 - INFO - Epoch 83/150 train_loss=1.9719480562210083
2026-10-05 18:46:16,477 - INFO - Best train loss=1.9719480562210083; saved /home/wlia0047/ar57/wenyu/GeneRec/results/stage3_T5Train/curvature_RQ-VAE_iter85/ckpt/Amazon_2023_Instruments/Oct-05-2026_18-30-04/HG_Rec_best.pth
2026-10-05 18:46:28,083 - INFO - Epoch 84/150 train_loss=1.9653569889068603
2026-10-05 18:46:28,120 - INFO - Best train loss=1.9653569889068603; saved /home/wlia0047/ar57/wenyu/GeneRec/results/stage3_T5Train/curvature_RQ-VAE_iter85/ckpt/Amazon_2023_Instruments/Oct-05-2026_18-30-04/HG_Rec_best.pth
2026-10-05 18:46:39,725 - INFO - Epoch 85/150 train_loss=1.962476406097412
2026-10-05 18:46:39,762 - INFO - Best train loss=1.962476406097412; saved /home/wlia0047/ar57/wenyu/GeneRec/results/stage3_T5Train/curvature_RQ-VAE_iter85/ckpt/Amazon_2023_Instruments/Oct-05-2026_18-30-04/HG_Rec_best.pth
2026-10-05 18:46:51,378 - INFO - Epoch 86/150 train_loss=1.9603138303756713
2026-10-05 18:46:51,417 - INFO - Best train loss=1.9603138303756713; saved /home/wlia0047/ar57/wenyu/GeneRec/results/stage3_T5Train/curvature_RQ-VAE_iter85/ckpt/Amazon_2023_Instruments/Oct-05-2026_18-30-04/HG_Rec_best.pth
2026-10-05 18:47:03,020 - INFO - Epoch 87/150 train_loss=1.9599998140335082
2026-10-05 18:47:03,057 - INFO - Best train loss=1.9599998140335082; saved /home/wlia0047/ar57/wenyu/GeneRec/results/stage3_T5Train/curvature_RQ-VAE_iter85/ckpt/Amazon_2023_Instruments/Oct-05-2026_18-30-04/HG_Rec_best.pth
2026-10-05 18:47:14,976 - INFO - Epoch 88/150 train_loss=1.955883927345276
2026-10-05 18:47:15,108 - INFO - Best train loss=1.955883927345276; saved /home/wlia0047/ar57/wenyu/GeneRec/results/stage3_T5Train/curvature_RQ-VAE_iter85/ckpt/Amazon_2023_Instruments/Oct-05-2026_18-30-04/HG_Rec_best.pth
2026-10-05 18:47:26,938 - INFO - Epoch 89/150 train_loss=1.952580575942993
2026-10-05 18:47:26,975 - INFO - Best train loss=1.952580575942993; saved /home/wlia0047/ar57/wenyu/GeneRec/results/stage3_T5Train/curvature_RQ-VAE_iter85/ckpt/Amazon_2023_Instruments/Oct-05-2026_18-30-04/HG_Rec_best.pth
2026-10-05 18:47:38,584 - INFO - Epoch 90/150 train_loss=1.9486326313018798
2026-10-05 18:47:38,621 - INFO - Best train loss=1.9486326313018798; saved /home/wlia0047/ar57/wenyu/GeneRec/results/stage3_T5Train/curvature_RQ-VAE_iter85/ckpt/Amazon_2023_Instruments/Oct-05-2026_18-30-04/HG_Rec_best.pth
2026-10-05 18:47:50,232 - INFO - Epoch 91/150 train_loss=1.9473234033584594
2026-10-05 18:47:50,268 - INFO - Best train loss=1.9473234033584594; saved /home/wlia0047/ar57/wenyu/GeneRec/results/stage3_T5Train/curvature_RQ-VAE_iter85/ckpt/Amazon_2023_Instruments/Oct-05-2026_18-30-04/HG_Rec_best.pth
2026-10-05 18:48:04,346 - INFO - Epoch 92/150 train_loss=1.9460048484802246
2026-10-05 18:48:04,385 - INFO - Best train loss=1.9460048484802246; saved /home/wlia0047/ar57/wenyu/GeneRec/results/stage3_T5Train/curvature_RQ-VAE_iter85/ckpt/Amazon_2023_Instruments/Oct-05-2026_18-30-04/HG_Rec_best.pth
2026-10-05 18:48:16,018 - INFO - Epoch 93/150 train_loss=1.939865140914917
2026-10-05 18:48:16,054 - INFO - Best train loss=1.939865140914917; saved /home/wlia0047/ar57/wenyu/GeneRec/results/stage3_T5Train/curvature_RQ-VAE_iter85/ckpt/Amazon_2023_Instruments/Oct-05-2026_18-30-04/HG_Rec_best.pth
2026-10-05 18:48:27,668 - INFO - Epoch 94/150 train_loss=1.9429798126220703
2026-10-05 18:48:39,280 - INFO - Epoch 95/150 train_loss=1.9360293769836425
2026-10-05 18:48:39,317 - INFO - Best train loss=1.9360293769836425; saved /home/wlia0047/ar57/wenyu/GeneRec/results/stage3_T5Train/curvature_RQ-VAE_iter85/ckpt/Amazon_2023_Instruments/Oct-05-2026_18-30-04/HG_Rec_best.pth
2026-10-05 18:48:50,929 - INFO - Epoch 96/150 train_loss=1.9345002937316895
2026-10-05 18:48:50,965 - INFO - Best train loss=1.9345002937316895; saved /home/wlia0047/ar57/wenyu/GeneRec/results/stage3_T5Train/curvature_RQ-VAE_iter85/ckpt/Amazon_2023_Instruments/Oct-05-2026_18-30-04/HG_Rec_best.pth
2026-10-05 18:49:02,569 - INFO - Epoch 97/150 train_loss=1.931778244972229
2026-10-05 18:49:02,610 - INFO - Best train loss=1.931778244972229; saved /home/wlia0047/ar57/wenyu/GeneRec/results/stage3_T5Train/curvature_RQ-VAE_iter85/ckpt/Amazon_2023_Instruments/Oct-05-2026_18-30-04/HG_Rec_best.pth
2026-10-05 18:49:14,214 - INFO - Epoch 98/150 train_loss=1.9307062768936156
2026-10-05 18:49:14,251 - INFO - Best train loss=1.9307062768936156; saved /home/wlia0047/ar57/wenyu/GeneRec/results/stage3_T5Train/curvature_RQ-VAE_iter85/ckpt/Amazon_2023_Instruments/Oct-05-2026_18-30-04/HG_Rec_best.pth
2026-10-05 18:49:25,866 - INFO - Epoch 99/150 train_loss=1.9258570861816406
2026-10-05 18:49:25,917 - INFO - Best train loss=1.9258570861816406; saved /home/wlia0047/ar57/wenyu/GeneRec/results/stage3_T5Train/curvature_RQ-VAE_iter85/ckpt/Amazon_2023_Instruments/Oct-05-2026_18-30-04/HG_Rec_best.pth
2026-10-05 18:49:37,527 - INFO - Epoch 100/150 train_loss=1.926459517478943
2026-10-05 18:49:49,146 - INFO - Epoch 101/150 train_loss=1.921035223007202
2026-10-05 18:49:49,187 - INFO - Best train loss=1.921035223007202; saved /home/wlia0047/ar57/wenyu/GeneRec/results/stage3_T5Train/curvature_RQ-VAE_iter85/ckpt/Amazon_2023_Instruments/Oct-05-2026_18-30-04/HG_Rec_best.pth
2026-10-05 18:50:00,797 - INFO - Epoch 102/150 train_loss=1.9227550554275512
2026-10-05 18:50:12,408 - INFO - Epoch 103/150 train_loss=1.9159050703048706
2026-10-05 18:50:12,453 - INFO - Best train loss=1.9159050703048706; saved /home/wlia0047/ar57/wenyu/GeneRec/results/stage3_T5Train/curvature_RQ-VAE_iter85/ckpt/Amazon_2023_Instruments/Oct-05-2026_18-30-04/HG_Rec_best.pth
2026-10-05 18:50:24,065 - INFO - Epoch 104/150 train_loss=1.9171585083007812
2026-10-05 18:50:35,689 - INFO - Epoch 105/150 train_loss=1.9143851900100708
2026-10-05 18:50:35,725 - INFO - Best train loss=1.9143851900100708; saved /home/wlia0047/ar57/wenyu/GeneRec/results/stage3_T5Train/curvature_RQ-VAE_iter85/ckpt/Amazon_2023_Instruments/Oct-05-2026_18-30-04/HG_Rec_best.pth
2026-10-05 18:50:47,332 - INFO - Epoch 106/150 train_loss=1.9097305202484132
2026-10-05 18:50:47,368 - INFO - Best train loss=1.9097305202484132; saved /home/wlia0047/ar57/wenyu/GeneRec/results/stage3_T5Train/curvature_RQ-VAE_iter85/ckpt/Amazon_2023_Instruments/Oct-05-2026_18-30-04/HG_Rec_best.pth
2026-10-05 18:50:59,127 - INFO - Epoch 107/150 train_loss=1.9124389219284057
2026-10-05 18:51:10,757 - INFO - Epoch 108/150 train_loss=1.9097206449508668
2026-10-05 18:51:10,798 - INFO - Best train loss=1.9097206449508668; saved /home/wlia0047/ar57/wenyu/GeneRec/results/stage3_T5Train/curvature_RQ-VAE_iter85/ckpt/Amazon_2023_Instruments/Oct-05-2026_18-30-04/HG_Rec_best.pth
2026-10-05 18:51:22,409 - INFO - Epoch 109/150 train_loss=1.9052174711227416
2026-10-05 18:51:22,446 - INFO - Best train loss=1.9052174711227416; saved /home/wlia0047/ar57/wenyu/GeneRec/results/stage3_T5Train/curvature_RQ-VAE_iter85/ckpt/Amazon_2023_Instruments/Oct-05-2026_18-30-04/HG_Rec_best.pth
2026-10-05 18:51:34,054 - INFO - Epoch 110/150 train_loss=1.9030387687683106
2026-10-05 18:51:34,089 - INFO - Best train loss=1.9030387687683106; saved /home/wlia0047/ar57/wenyu/GeneRec/results/stage3_T5Train/curvature_RQ-VAE_iter85/ckpt/Amazon_2023_Instruments/Oct-05-2026_18-30-04/HG_Rec_best.pth
2026-10-05 18:51:45,699 - INFO - Epoch 111/150 train_loss=1.9034861087799073
2026-10-05 18:51:57,316 - INFO - Epoch 112/150 train_loss=1.899102292060852
2026-10-05 18:51:57,351 - INFO - Best train loss=1.899102292060852; saved /home/wlia0047/ar57/wenyu/GeneRec/results/stage3_T5Train/curvature_RQ-VAE_iter85/ckpt/Amazon_2023_Instruments/Oct-05-2026_18-30-04/HG_Rec_best.pth
2026-10-05 18:52:08,961 - INFO - Epoch 113/150 train_loss=1.897924451828003
2026-10-05 18:52:08,997 - INFO - Best train loss=1.897924451828003; saved /home/wlia0047/ar57/wenyu/GeneRec/results/stage3_T5Train/curvature_RQ-VAE_iter85/ckpt/Amazon_2023_Instruments/Oct-05-2026_18-30-04/HG_Rec_best.pth
2026-10-05 18:52:20,607 - INFO - Epoch 114/150 train_loss=1.89695068359375
2026-10-05 18:52:20,644 - INFO - Best train loss=1.89695068359375; saved /home/wlia0047/ar57/wenyu/GeneRec/results/stage3_T5Train/curvature_RQ-VAE_iter85/ckpt/Amazon_2023_Instruments/Oct-05-2026_18-30-04/HG_Rec_best.pth
2026-10-05 18:52:32,257 - INFO - Epoch 115/150 train_loss=1.8960110521316529
2026-10-05 18:52:32,293 - INFO - Best train loss=1.8960110521316529; saved /home/wlia0047/ar57/wenyu/GeneRec/results/stage3_T5Train/curvature_RQ-VAE_iter85/ckpt/Amazon_2023_Instruments/Oct-05-2026_18-30-04/HG_Rec_best.pth
2026-10-05 18:52:43,899 - INFO - Epoch 116/150 train_loss=1.8946519660949708
2026-10-05 18:52:43,934 - INFO - Best train loss=1.8946519660949708; saved /home/wlia0047/ar57/wenyu/GeneRec/results/stage3_T5Train/curvature_RQ-VAE_iter85/ckpt/Amazon_2023_Instruments/Oct-05-2026_18-30-04/HG_Rec_best.pth
2026-10-05 18:52:57,515 - INFO - Epoch 117/150 train_loss=1.8926397228240968
2026-10-05 18:52:57,550 - INFO - Best train loss=1.8926397228240968; saved /home/wlia0047/ar57/wenyu/GeneRec/results/stage3_T5Train/curvature_RQ-VAE_iter85/ckpt/Amazon_2023_Instruments/Oct-05-2026_18-30-04/HG_Rec_best.pth
2026-10-05 18:53:09,398 - INFO - Epoch 118/150 train_loss=1.8896837186813356
2026-10-05 18:53:09,434 - INFO - Best train loss=1.8896837186813356; saved /home/wlia0047/ar57/wenyu/GeneRec/results/stage3_T5Train/curvature_RQ-VAE_iter85/ckpt/Amazon_2023_Instruments/Oct-05-2026_18-30-04/HG_Rec_best.pth
2026-10-05 18:53:21,043 - INFO - Epoch 119/150 train_loss=1.889153323173523
2026-10-05 18:53:21,079 - INFO - Best train loss=1.889153323173523; saved /home/wlia0047/ar57/wenyu/GeneRec/results/stage3_T5Train/curvature_RQ-VAE_iter85/ckpt/Amazon_2023_Instruments/Oct-05-2026_18-30-04/HG_Rec_best.pth
2026-10-05 18:53:32,690 - INFO - Epoch 120/150 train_loss=1.8845964908599853
2026-10-05 18:53:32,731 - INFO - Best train loss=1.8845964908599853; saved /home/wlia0047/ar57/wenyu/GeneRec/results/stage3_T5Train/curvature_RQ-VAE_iter85/ckpt/Amazon_2023_Instruments/Oct-05-2026_18-30-04/HG_Rec_best.pth
2026-10-05 18:53:44,341 - INFO - Epoch 121/150 train_loss=1.8829408264160157
2026-10-05 18:53:44,377 - INFO - Best train loss=1.8829408264160157; saved /home/wlia0047/ar57/wenyu/GeneRec/results/stage3_T5Train/curvature_RQ-VAE_iter85/ckpt/Amazon_2023_Instruments/Oct-05-2026_18-30-04/HG_Rec_best.pth
2026-10-05 18:53:55,984 - INFO - Epoch 122/150 train_loss=1.8815303468704223
2026-10-05 18:53:56,020 - INFO - Best train loss=1.8815303468704223; saved /home/wlia0047/ar57/wenyu/GeneRec/results/stage3_T5Train/curvature_RQ-VAE_iter85/ckpt/Amazon_2023_Instruments/Oct-05-2026_18-30-04/HG_Rec_best.pth
2026-10-05 18:54:07,631 - INFO - Epoch 123/150 train_loss=1.8806380796432496
2026-10-05 18:54:07,669 - INFO - Best train loss=1.8806380796432496; saved /home/wlia0047/ar57/wenyu/GeneRec/results/stage3_T5Train/curvature_RQ-VAE_iter85/ckpt/Amazon_2023_Instruments/Oct-05-2026_18-30-04/HG_Rec_best.pth
2026-10-05 18:54:19,280 - INFO - Epoch 124/150 train_loss=1.88111328125
2026-10-05 18:54:30,891 - INFO - Epoch 125/150 train_loss=1.8787019968032836
2026-10-05 18:54:30,931 - INFO - Best train loss=1.8787019968032836; saved /home/wlia0047/ar57/wenyu/GeneRec/results/stage3_T5Train/curvature_RQ-VAE_iter85/ckpt/Amazon_2023_Instruments/Oct-05-2026_18-30-04/HG_Rec_best.pth
2026-10-05 18:54:42,541 - INFO - Epoch 126/150 train_loss=1.8783516693115234
2026-10-05 18:54:42,577 - INFO - Best train loss=1.8783516693115234; saved /home/wlia0047/ar57/wenyu/GeneRec/results/stage3_T5Train/curvature_RQ-VAE_iter85/ckpt/Amazon_2023_Instruments/Oct-05-2026_18-30-04/HG_Rec_best.pth
2026-10-05 18:54:54,189 - INFO - Epoch 127/150 train_loss=1.8746857738494873
2026-10-05 18:54:54,225 - INFO - Best train loss=1.8746857738494873; saved /home/wlia0047/ar57/wenyu/GeneRec/results/stage3_T5Train/curvature_RQ-VAE_iter85/ckpt/Amazon_2023_Instruments/Oct-05-2026_18-30-04/HG_Rec_best.pth
2026-10-05 18:55:05,836 - INFO - Epoch 128/150 train_loss=1.8785842895507812
2026-10-05 18:55:17,443 - INFO - Epoch 129/150 train_loss=1.8715651082992553
2026-10-05 18:55:17,486 - INFO - Best train loss=1.8715651082992553; saved /home/wlia0047/ar57/wenyu/GeneRec/results/stage3_T5Train/curvature_RQ-VAE_iter85/ckpt/Amazon_2023_Instruments/Oct-05-2026_18-30-04/HG_Rec_best.pth
2026-10-05 18:55:29,093 - INFO - Epoch 130/150 train_loss=1.8739094018936158
2026-10-05 18:55:40,707 - INFO - Epoch 131/150 train_loss=1.8714408016204833
2026-10-05 18:55:40,745 - INFO - Best train loss=1.8714408016204833; saved /home/wlia0047/ar57/wenyu/GeneRec/results/stage3_T5Train/curvature_RQ-VAE_iter85/ckpt/Amazon_2023_Instruments/Oct-05-2026_18-30-04/HG_Rec_best.pth
2026-10-05 18:55:52,350 - INFO - Epoch 132/150 train_loss=1.8709528017044068
2026-10-05 18:55:52,386 - INFO - Best train loss=1.8709528017044068; saved /home/wlia0047/ar57/wenyu/GeneRec/results/stage3_T5Train/curvature_RQ-VAE_iter85/ckpt/Amazon_2023_Instruments/Oct-05-2026_18-30-04/HG_Rec_best.pth
2026-10-05 18:56:03,996 - INFO - Epoch 133/150 train_loss=1.871634292602539
2026-10-05 18:56:15,674 - INFO - Epoch 134/150 train_loss=1.8666400861740113
2026-10-05 18:56:15,721 - INFO - Best train loss=1.8666400861740113; saved /home/wlia0047/ar57/wenyu/GeneRec/results/stage3_T5Train/curvature_RQ-VAE_iter85/ckpt/Amazon_2023_Instruments/Oct-05-2026_18-30-04/HG_Rec_best.pth
2026-10-05 18:56:27,329 - INFO - Epoch 135/150 train_loss=1.8660033273696899
2026-10-05 18:56:27,366 - INFO - Best train loss=1.8660033273696899; saved /home/wlia0047/ar57/wenyu/GeneRec/results/stage3_T5Train/curvature_RQ-VAE_iter85/ckpt/Amazon_2023_Instruments/Oct-05-2026_18-30-04/HG_Rec_best.pth
2026-10-05 18:56:38,977 - INFO - Epoch 136/150 train_loss=1.8678278303146363
2026-10-05 18:56:50,590 - INFO - Epoch 137/150 train_loss=1.8663692331314088
2026-10-05 18:57:02,205 - INFO - Epoch 138/150 train_loss=1.866554446220398
2026-10-05 18:57:13,822 - INFO - Epoch 139/150 train_loss=1.8625297164916992
2026-10-05 18:57:13,860 - INFO - Best train loss=1.8625297164916992; saved /home/wlia0047/ar57/wenyu/GeneRec/results/stage3_T5Train/curvature_RQ-VAE_iter85/ckpt/Amazon_2023_Instruments/Oct-05-2026_18-30-04/HG_Rec_best.pth
2026-10-05 18:57:25,471 - INFO - Epoch 140/150 train_loss=1.8621745443344115
2026-10-05 18:57:25,507 - INFO - Best train loss=1.8621745443344115; saved /home/wlia0047/ar57/wenyu/GeneRec/results/stage3_T5Train/curvature_RQ-VAE_iter85/ckpt/Amazon_2023_Instruments/Oct-05-2026_18-30-04/HG_Rec_best.pth
2026-10-05 18:57:37,119 - INFO - Epoch 141/150 train_loss=1.865260362625122
2026-10-05 18:57:48,729 - INFO - Epoch 142/150 train_loss=1.862032289505005
2026-10-05 18:57:48,764 - INFO - Best train loss=1.862032289505005; saved /home/wlia0047/ar57/wenyu/GeneRec/results/stage3_T5Train/curvature_RQ-VAE_iter85/ckpt/Amazon_2023_Instruments/Oct-05-2026_18-30-04/HG_Rec_best.pth
2026-10-05 18:58:00,373 - INFO - Epoch 143/150 train_loss=1.858832893371582
2026-10-05 18:58:00,409 - INFO - Best train loss=1.858832893371582; saved /home/wlia0047/ar57/wenyu/GeneRec/results/stage3_T5Train/curvature_RQ-VAE_iter85/ckpt/Amazon_2023_Instruments/Oct-05-2026_18-30-04/HG_Rec_best.pth
2026-10-05 18:58:12,020 - INFO - Epoch 144/150 train_loss=1.8585789108276367
2026-10-05 18:58:12,056 - INFO - Best train loss=1.8585789108276367; saved /home/wlia0047/ar57/wenyu/GeneRec/results/stage3_T5Train/curvature_RQ-VAE_iter85/ckpt/Amazon_2023_Instruments/Oct-05-2026_18-30-04/HG_Rec_best.pth
2026-10-05 18:58:23,666 - INFO - Epoch 145/150 train_loss=1.8585515356063842
2026-10-05 18:58:23,703 - INFO - Best train loss=1.8585515356063842; saved /home/wlia0047/ar57/wenyu/GeneRec/results/stage3_T5Train/curvature_RQ-VAE_iter85/ckpt/Amazon_2023_Instruments/Oct-05-2026_18-30-04/HG_Rec_best.pth
2026-10-05 18:58:35,309 - INFO - Epoch 146/150 train_loss=1.8579007148742677
2026-10-05 18:58:35,346 - INFO - Best train loss=1.8579007148742677; saved /home/wlia0047/ar57/wenyu/GeneRec/results/stage3_T5Train/curvature_RQ-VAE_iter85/ckpt/Amazon_2023_Instruments/Oct-05-2026_18-30-04/HG_Rec_best.pth
2026-10-05 18:58:46,947 - INFO - Epoch 147/150 train_loss=1.8534568929672242
2026-10-05 18:58:46,984 - INFO - Best train loss=1.8534568929672242; saved /home/wlia0047/ar57/wenyu/GeneRec/results/stage3_T5Train/curvature_RQ-VAE_iter85/ckpt/Amazon_2023_Instruments/Oct-05-2026_18-30-04/HG_Rec_best.pth
2026-10-05 18:58:58,592 - INFO - Epoch 148/150 train_loss=1.85549165725708
2026-10-05 18:59:10,203 - INFO - Epoch 149/150 train_loss=1.8545489740371703
2026-10-05 18:59:21,812 - INFO - Epoch 150/150 train_loss=1.8539216709136963
