2026-10-03 22:32:16,327 - INFO - Configuration: {'batch_size': 4096, 'infer_size': 1024, 'num_epochs': 150, 'eval_interval': 5, 'eval_start_epoch': 75, 'early_eval_epochs': (25, 50, 75, 100, 125), 'fast': True, 'bf16': True, 'use_lr_scheduler': True, 'lr_warmup_pct': 0.1, 'lr_min_factor': 0.2, 'compile': False, 'compile_mode': 'default', 'num_layers': 4, 'num_decoder_layers': 4, 'd_model': 128, 'd_ff': 1024, 'num_heads': 6, 'd_kv': 64, 'dropout_rate': 0.1, 'activation_function': 'relu', 'feed_forward_proj': 'relu', 'device': 'cuda', 'lr': 0.003, 'weight_decay': 0.05, 'vocab_size': 774, 'eos_token_id': 773, 'pad_token_id': 0, 'n_user_tokens': 1, 'max_len': 20, 'dataset_name': 'Amazon_2023_Instruments', 'dataset_path': '/home/wlia0047/ar57/wenyu/GeneRec/results/stage0_build_parquet/', 'codebook_size': [256, 256, 256, 1], 'code_path': '/fs04/ar57/wenyu/GeneRec/results/stage2_RQ-VAE/curvature_RQ-VAE/item_sids.json', 'train_file': 'train.parquet', 'valid_file': 'valid.parquet', 'test_file': 'test.parquet', 'log_path': '/fs04/ar57/wenyu/GeneRec/results/stage3_T5Train/curvature_RQ-VAE/logs/', 'save_path': '/fs04/ar57/wenyu/GeneRec/results/stage3_T5Train/curvature_RQ-VAE/ckpt/', 'seed': 42, 'topk_list': [5, 10], 'beam_size': 20, 'no_eval': True, 'skip_test': False, 'screen_baseline_log': '', 'screen_start_epoch': 40, 'screen_window': 5, 'screen_min_ndcg_gain': 0.001, 'screen_min_recall_gain': 0.001, 'num_workers': 4, 'prefetch_factor': 8, 'exclude_history': True, 'no_exclude_history': False, 'pin_memory': True, 'no_pin_memory': False, 'sid_length': 4, 'max_token_seq_len': 82, 'decoder_start_token_id': 0}
2026-10-03 22:32:16,381 - INFO - #Embedding parameters: 99072
#Non-embedding parameters: 4459648
#Total trainable parameters: 4558720

2026-10-03 22:32:29,525 - INFO - Epoch 1/150 train_loss=4.721703414916992
2026-10-03 22:32:29,606 - INFO - Best train loss=4.721703414916992; saved /fs04/ar57/wenyu/GeneRec/results/stage3_T5Train/curvature_RQ-VAE/ckpt/Amazon_2023_Instruments/Oct-03-2026_22-32-16/HG_Rec_best.pth
2026-10-03 22:32:41,236 - INFO - Epoch 2/150 train_loss=4.0418955421447755
2026-10-03 22:32:41,273 - INFO - Best train loss=4.0418955421447755; saved /fs04/ar57/wenyu/GeneRec/results/stage3_T5Train/curvature_RQ-VAE/ckpt/Amazon_2023_Instruments/Oct-03-2026_22-32-16/HG_Rec_best.pth
2026-10-03 22:32:52,883 - INFO - Epoch 3/150 train_loss=3.8650543212890627
2026-10-03 22:32:52,919 - INFO - Best train loss=3.8650543212890627; saved /fs04/ar57/wenyu/GeneRec/results/stage3_T5Train/curvature_RQ-VAE/ckpt/Amazon_2023_Instruments/Oct-03-2026_22-32-16/HG_Rec_best.pth
2026-10-03 22:33:04,529 - INFO - Epoch 4/150 train_loss=3.7120909881591797
2026-10-03 22:33:04,565 - INFO - Best train loss=3.7120909881591797; saved /fs04/ar57/wenyu/GeneRec/results/stage3_T5Train/curvature_RQ-VAE/ckpt/Amazon_2023_Instruments/Oct-03-2026_22-32-16/HG_Rec_best.pth
2026-10-03 22:33:16,174 - INFO - Epoch 5/150 train_loss=3.5979422760009765
2026-10-03 22:33:16,211 - INFO - Best train loss=3.5979422760009765; saved /fs04/ar57/wenyu/GeneRec/results/stage3_T5Train/curvature_RQ-VAE/ckpt/Amazon_2023_Instruments/Oct-03-2026_22-32-16/HG_Rec_best.pth
2026-10-03 22:33:27,824 - INFO - Epoch 6/150 train_loss=3.518474826812744
2026-10-03 22:33:27,862 - INFO - Best train loss=3.518474826812744; saved /fs04/ar57/wenyu/GeneRec/results/stage3_T5Train/curvature_RQ-VAE/ckpt/Amazon_2023_Instruments/Oct-03-2026_22-32-16/HG_Rec_best.pth
2026-10-03 22:33:39,472 - INFO - Epoch 7/150 train_loss=3.4088713455200197
2026-10-03 22:33:39,511 - INFO - Best train loss=3.4088713455200197; saved /fs04/ar57/wenyu/GeneRec/results/stage3_T5Train/curvature_RQ-VAE/ckpt/Amazon_2023_Instruments/Oct-03-2026_22-32-16/HG_Rec_best.pth
2026-10-03 22:33:51,120 - INFO - Epoch 8/150 train_loss=3.314869203567505
2026-10-03 22:33:51,156 - INFO - Best train loss=3.314869203567505; saved /fs04/ar57/wenyu/GeneRec/results/stage3_T5Train/curvature_RQ-VAE/ckpt/Amazon_2023_Instruments/Oct-03-2026_22-32-16/HG_Rec_best.pth
2026-10-03 22:34:02,759 - INFO - Epoch 9/150 train_loss=3.225876626968384
2026-10-03 22:34:02,795 - INFO - Best train loss=3.225876626968384; saved /fs04/ar57/wenyu/GeneRec/results/stage3_T5Train/curvature_RQ-VAE/ckpt/Amazon_2023_Instruments/Oct-03-2026_22-32-16/HG_Rec_best.pth
2026-10-03 22:34:14,399 - INFO - Epoch 10/150 train_loss=3.1489891529083254
2026-10-03 22:34:14,435 - INFO - Best train loss=3.1489891529083254; saved /fs04/ar57/wenyu/GeneRec/results/stage3_T5Train/curvature_RQ-VAE/ckpt/Amazon_2023_Instruments/Oct-03-2026_22-32-16/HG_Rec_best.pth
2026-10-03 22:34:26,050 - INFO - Epoch 11/150 train_loss=3.0868191432952883
2026-10-03 22:34:26,087 - INFO - Best train loss=3.0868191432952883; saved /fs04/ar57/wenyu/GeneRec/results/stage3_T5Train/curvature_RQ-VAE/ckpt/Amazon_2023_Instruments/Oct-03-2026_22-32-16/HG_Rec_best.pth
2026-10-03 22:34:37,693 - INFO - Epoch 12/150 train_loss=3.021850061416626
2026-10-03 22:34:37,729 - INFO - Best train loss=3.021850061416626; saved /fs04/ar57/wenyu/GeneRec/results/stage3_T5Train/curvature_RQ-VAE/ckpt/Amazon_2023_Instruments/Oct-03-2026_22-32-16/HG_Rec_best.pth
2026-10-03 22:34:49,331 - INFO - Epoch 13/150 train_loss=2.965039930343628
2026-10-03 22:34:49,371 - INFO - Best train loss=2.965039930343628; saved /fs04/ar57/wenyu/GeneRec/results/stage3_T5Train/curvature_RQ-VAE/ckpt/Amazon_2023_Instruments/Oct-03-2026_22-32-16/HG_Rec_best.pth
2026-10-03 22:35:00,987 - INFO - Epoch 14/150 train_loss=2.9132784461975096
2026-10-03 22:35:01,025 - INFO - Best train loss=2.9132784461975096; saved /fs04/ar57/wenyu/GeneRec/results/stage3_T5Train/curvature_RQ-VAE/ckpt/Amazon_2023_Instruments/Oct-03-2026_22-32-16/HG_Rec_best.pth
2026-10-03 22:35:12,626 - INFO - Epoch 15/150 train_loss=2.870284252166748
2026-10-03 22:35:12,663 - INFO - Best train loss=2.870284252166748; saved /fs04/ar57/wenyu/GeneRec/results/stage3_T5Train/curvature_RQ-VAE/ckpt/Amazon_2023_Instruments/Oct-03-2026_22-32-16/HG_Rec_best.pth
2026-10-03 22:35:24,262 - INFO - Epoch 16/150 train_loss=2.8207694053649903
2026-10-03 22:35:24,298 - INFO - Best train loss=2.8207694053649903; saved /fs04/ar57/wenyu/GeneRec/results/stage3_T5Train/curvature_RQ-VAE/ckpt/Amazon_2023_Instruments/Oct-03-2026_22-32-16/HG_Rec_best.pth
2026-10-03 22:35:35,901 - INFO - Epoch 17/150 train_loss=2.7687660121917723
2026-10-03 22:35:35,938 - INFO - Best train loss=2.7687660121917723; saved /fs04/ar57/wenyu/GeneRec/results/stage3_T5Train/curvature_RQ-VAE/ckpt/Amazon_2023_Instruments/Oct-03-2026_22-32-16/HG_Rec_best.pth
2026-10-03 22:35:48,068 - INFO - Epoch 18/150 train_loss=2.732105369567871
2026-10-03 22:35:48,104 - INFO - Best train loss=2.732105369567871; saved /fs04/ar57/wenyu/GeneRec/results/stage3_T5Train/curvature_RQ-VAE/ckpt/Amazon_2023_Instruments/Oct-03-2026_22-32-16/HG_Rec_best.pth
2026-10-03 22:35:59,706 - INFO - Epoch 19/150 train_loss=2.6939478015899656
2026-10-03 22:35:59,741 - INFO - Best train loss=2.6939478015899656; saved /fs04/ar57/wenyu/GeneRec/results/stage3_T5Train/curvature_RQ-VAE/ckpt/Amazon_2023_Instruments/Oct-03-2026_22-32-16/HG_Rec_best.pth
2026-10-03 22:36:11,346 - INFO - Epoch 20/150 train_loss=2.650789432525635
2026-10-03 22:36:11,382 - INFO - Best train loss=2.650789432525635; saved /fs04/ar57/wenyu/GeneRec/results/stage3_T5Train/curvature_RQ-VAE/ckpt/Amazon_2023_Instruments/Oct-03-2026_22-32-16/HG_Rec_best.pth
2026-10-03 22:36:22,986 - INFO - Epoch 21/150 train_loss=2.6171713352203367
2026-10-03 22:36:23,023 - INFO - Best train loss=2.6171713352203367; saved /fs04/ar57/wenyu/GeneRec/results/stage3_T5Train/curvature_RQ-VAE/ckpt/Amazon_2023_Instruments/Oct-03-2026_22-32-16/HG_Rec_best.pth
2026-10-03 22:36:34,625 - INFO - Epoch 22/150 train_loss=2.590570430755615
2026-10-03 22:36:34,661 - INFO - Best train loss=2.590570430755615; saved /fs04/ar57/wenyu/GeneRec/results/stage3_T5Train/curvature_RQ-VAE/ckpt/Amazon_2023_Instruments/Oct-03-2026_22-32-16/HG_Rec_best.pth
2026-10-03 22:36:46,266 - INFO - Epoch 23/150 train_loss=2.5632473754882814
2026-10-03 22:36:46,303 - INFO - Best train loss=2.5632473754882814; saved /fs04/ar57/wenyu/GeneRec/results/stage3_T5Train/curvature_RQ-VAE/ckpt/Amazon_2023_Instruments/Oct-03-2026_22-32-16/HG_Rec_best.pth
2026-10-03 22:36:57,904 - INFO - Epoch 24/150 train_loss=2.5399460792541504
2026-10-03 22:36:57,939 - INFO - Best train loss=2.5399460792541504; saved /fs04/ar57/wenyu/GeneRec/results/stage3_T5Train/curvature_RQ-VAE/ckpt/Amazon_2023_Instruments/Oct-03-2026_22-32-16/HG_Rec_best.pth
2026-10-03 22:37:09,545 - INFO - Epoch 25/150 train_loss=2.5138623332977295
2026-10-03 22:37:09,581 - INFO - Best train loss=2.5138623332977295; saved /fs04/ar57/wenyu/GeneRec/results/stage3_T5Train/curvature_RQ-VAE/ckpt/Amazon_2023_Instruments/Oct-03-2026_22-32-16/HG_Rec_best.pth
2026-10-03 22:37:21,181 - INFO - Epoch 26/150 train_loss=2.4890059661865234
2026-10-03 22:37:21,217 - INFO - Best train loss=2.4890059661865234; saved /fs04/ar57/wenyu/GeneRec/results/stage3_T5Train/curvature_RQ-VAE/ckpt/Amazon_2023_Instruments/Oct-03-2026_22-32-16/HG_Rec_best.pth
2026-10-03 22:37:32,825 - INFO - Epoch 27/150 train_loss=2.4651867961883545
2026-10-03 22:37:32,862 - INFO - Best train loss=2.4651867961883545; saved /fs04/ar57/wenyu/GeneRec/results/stage3_T5Train/curvature_RQ-VAE/ckpt/Amazon_2023_Instruments/Oct-03-2026_22-32-16/HG_Rec_best.pth
2026-10-03 22:37:44,469 - INFO - Epoch 28/150 train_loss=2.4420604419708254
2026-10-03 22:37:44,505 - INFO - Best train loss=2.4420604419708254; saved /fs04/ar57/wenyu/GeneRec/results/stage3_T5Train/curvature_RQ-VAE/ckpt/Amazon_2023_Instruments/Oct-03-2026_22-32-16/HG_Rec_best.pth
2026-10-03 22:37:56,108 - INFO - Epoch 29/150 train_loss=2.4120849418640136
2026-10-03 22:37:56,144 - INFO - Best train loss=2.4120849418640136; saved /fs04/ar57/wenyu/GeneRec/results/stage3_T5Train/curvature_RQ-VAE/ckpt/Amazon_2023_Instruments/Oct-03-2026_22-32-16/HG_Rec_best.pth
2026-10-03 22:38:07,751 - INFO - Epoch 30/150 train_loss=2.386211986541748
2026-10-03 22:38:07,787 - INFO - Best train loss=2.386211986541748; saved /fs04/ar57/wenyu/GeneRec/results/stage3_T5Train/curvature_RQ-VAE/ckpt/Amazon_2023_Instruments/Oct-03-2026_22-32-16/HG_Rec_best.pth
2026-10-03 22:38:19,393 - INFO - Epoch 31/150 train_loss=2.362475566864014
2026-10-03 22:38:19,428 - INFO - Best train loss=2.362475566864014; saved /fs04/ar57/wenyu/GeneRec/results/stage3_T5Train/curvature_RQ-VAE/ckpt/Amazon_2023_Instruments/Oct-03-2026_22-32-16/HG_Rec_best.pth
2026-10-03 22:38:31,032 - INFO - Epoch 32/150 train_loss=2.339525957107544
2026-10-03 22:38:31,067 - INFO - Best train loss=2.339525957107544; saved /fs04/ar57/wenyu/GeneRec/results/stage3_T5Train/curvature_RQ-VAE/ckpt/Amazon_2023_Instruments/Oct-03-2026_22-32-16/HG_Rec_best.pth
2026-10-03 22:38:42,672 - INFO - Epoch 33/150 train_loss=2.3130132579803466
2026-10-03 22:38:42,709 - INFO - Best train loss=2.3130132579803466; saved /fs04/ar57/wenyu/GeneRec/results/stage3_T5Train/curvature_RQ-VAE/ckpt/Amazon_2023_Instruments/Oct-03-2026_22-32-16/HG_Rec_best.pth
2026-10-03 22:38:54,315 - INFO - Epoch 34/150 train_loss=2.295230360031128
2026-10-03 22:38:54,351 - INFO - Best train loss=2.295230360031128; saved /fs04/ar57/wenyu/GeneRec/results/stage3_T5Train/curvature_RQ-VAE/ckpt/Amazon_2023_Instruments/Oct-03-2026_22-32-16/HG_Rec_best.pth
2026-10-03 22:39:05,961 - INFO - Epoch 35/150 train_loss=2.2779712867736817
2026-10-03 22:39:05,999 - INFO - Best train loss=2.2779712867736817; saved /fs04/ar57/wenyu/GeneRec/results/stage3_T5Train/curvature_RQ-VAE/ckpt/Amazon_2023_Instruments/Oct-03-2026_22-32-16/HG_Rec_best.pth
2026-10-03 22:39:17,602 - INFO - Epoch 36/150 train_loss=2.2622199630737305
2026-10-03 22:39:17,638 - INFO - Best train loss=2.2622199630737305; saved /fs04/ar57/wenyu/GeneRec/results/stage3_T5Train/curvature_RQ-VAE/ckpt/Amazon_2023_Instruments/Oct-03-2026_22-32-16/HG_Rec_best.pth
2026-10-03 22:39:29,242 - INFO - Epoch 37/150 train_loss=2.2419787788391115
2026-10-03 22:39:29,277 - INFO - Best train loss=2.2419787788391115; saved /fs04/ar57/wenyu/GeneRec/results/stage3_T5Train/curvature_RQ-VAE/ckpt/Amazon_2023_Instruments/Oct-03-2026_22-32-16/HG_Rec_best.pth
2026-10-03 22:39:40,885 - INFO - Epoch 38/150 train_loss=2.230702238082886
2026-10-03 22:39:40,921 - INFO - Best train loss=2.230702238082886; saved /fs04/ar57/wenyu/GeneRec/results/stage3_T5Train/curvature_RQ-VAE/ckpt/Amazon_2023_Instruments/Oct-03-2026_22-32-16/HG_Rec_best.pth
2026-10-03 22:39:52,532 - INFO - Epoch 39/150 train_loss=2.2197788906097413
2026-10-03 22:39:52,569 - INFO - Best train loss=2.2197788906097413; saved /fs04/ar57/wenyu/GeneRec/results/stage3_T5Train/curvature_RQ-VAE/ckpt/Amazon_2023_Instruments/Oct-03-2026_22-32-16/HG_Rec_best.pth
2026-10-03 22:40:04,178 - INFO - Epoch 40/150 train_loss=2.207180995941162
2026-10-03 22:40:04,214 - INFO - Best train loss=2.207180995941162; saved /fs04/ar57/wenyu/GeneRec/results/stage3_T5Train/curvature_RQ-VAE/ckpt/Amazon_2023_Instruments/Oct-03-2026_22-32-16/HG_Rec_best.pth
2026-10-03 22:40:15,818 - INFO - Epoch 41/150 train_loss=2.1954834556579588
2026-10-03 22:40:15,855 - INFO - Best train loss=2.1954834556579588; saved /fs04/ar57/wenyu/GeneRec/results/stage3_T5Train/curvature_RQ-VAE/ckpt/Amazon_2023_Instruments/Oct-03-2026_22-32-16/HG_Rec_best.pth
2026-10-03 22:40:27,464 - INFO - Epoch 42/150 train_loss=2.184962816238403
2026-10-03 22:40:27,499 - INFO - Best train loss=2.184962816238403; saved /fs04/ar57/wenyu/GeneRec/results/stage3_T5Train/curvature_RQ-VAE/ckpt/Amazon_2023_Instruments/Oct-03-2026_22-32-16/HG_Rec_best.pth
2026-10-03 22:40:39,138 - INFO - Epoch 43/150 train_loss=2.1681199741363524
2026-10-03 22:40:39,174 - INFO - Best train loss=2.1681199741363524; saved /fs04/ar57/wenyu/GeneRec/results/stage3_T5Train/curvature_RQ-VAE/ckpt/Amazon_2023_Instruments/Oct-03-2026_22-32-16/HG_Rec_best.pth
2026-10-03 22:40:50,782 - INFO - Epoch 44/150 train_loss=2.1595183181762696
2026-10-03 22:40:50,819 - INFO - Best train loss=2.1595183181762696; saved /fs04/ar57/wenyu/GeneRec/results/stage3_T5Train/curvature_RQ-VAE/ckpt/Amazon_2023_Instruments/Oct-03-2026_22-32-16/HG_Rec_best.pth
2026-10-03 22:41:02,436 - INFO - Epoch 45/150 train_loss=2.1537131786346437
2026-10-03 22:41:02,473 - INFO - Best train loss=2.1537131786346437; saved /fs04/ar57/wenyu/GeneRec/results/stage3_T5Train/curvature_RQ-VAE/ckpt/Amazon_2023_Instruments/Oct-03-2026_22-32-16/HG_Rec_best.pth
2026-10-03 22:41:14,080 - INFO - Epoch 46/150 train_loss=2.1422238731384278
2026-10-03 22:41:14,116 - INFO - Best train loss=2.1422238731384278; saved /fs04/ar57/wenyu/GeneRec/results/stage3_T5Train/curvature_RQ-VAE/ckpt/Amazon_2023_Instruments/Oct-03-2026_22-32-16/HG_Rec_best.pth
2026-10-03 22:41:25,721 - INFO - Epoch 47/150 train_loss=2.1340569400787355
2026-10-03 22:41:25,758 - INFO - Best train loss=2.1340569400787355; saved /fs04/ar57/wenyu/GeneRec/results/stage3_T5Train/curvature_RQ-VAE/ckpt/Amazon_2023_Instruments/Oct-03-2026_22-32-16/HG_Rec_best.pth
2026-10-03 22:41:37,360 - INFO - Epoch 48/150 train_loss=2.128304138183594
2026-10-03 22:41:37,397 - INFO - Best train loss=2.128304138183594; saved /fs04/ar57/wenyu/GeneRec/results/stage3_T5Train/curvature_RQ-VAE/ckpt/Amazon_2023_Instruments/Oct-03-2026_22-32-16/HG_Rec_best.pth
2026-10-03 22:41:49,006 - INFO - Epoch 49/150 train_loss=2.1134564685821533
2026-10-03 22:41:49,043 - INFO - Best train loss=2.1134564685821533; saved /fs04/ar57/wenyu/GeneRec/results/stage3_T5Train/curvature_RQ-VAE/ckpt/Amazon_2023_Instruments/Oct-03-2026_22-32-16/HG_Rec_best.pth
2026-10-03 22:42:00,649 - INFO - Epoch 50/150 train_loss=2.1118775463104247
2026-10-03 22:42:00,686 - INFO - Best train loss=2.1118775463104247; saved /fs04/ar57/wenyu/GeneRec/results/stage3_T5Train/curvature_RQ-VAE/ckpt/Amazon_2023_Instruments/Oct-03-2026_22-32-16/HG_Rec_best.pth
2026-10-03 22:42:12,345 - INFO - Epoch 51/150 train_loss=2.1026934719085695
2026-10-03 22:42:12,403 - INFO - Best train loss=2.1026934719085695; saved /fs04/ar57/wenyu/GeneRec/results/stage3_T5Train/curvature_RQ-VAE/ckpt/Amazon_2023_Instruments/Oct-03-2026_22-32-16/HG_Rec_best.pth
2026-10-03 22:42:24,171 - INFO - Epoch 52/150 train_loss=2.0980082893371583
2026-10-03 22:42:24,212 - INFO - Best train loss=2.0980082893371583; saved /fs04/ar57/wenyu/GeneRec/results/stage3_T5Train/curvature_RQ-VAE/ckpt/Amazon_2023_Instruments/Oct-03-2026_22-32-16/HG_Rec_best.pth
2026-10-03 22:42:35,865 - INFO - Epoch 53/150 train_loss=2.087745819091797
2026-10-03 22:42:35,908 - INFO - Best train loss=2.087745819091797; saved /fs04/ar57/wenyu/GeneRec/results/stage3_T5Train/curvature_RQ-VAE/ckpt/Amazon_2023_Instruments/Oct-03-2026_22-32-16/HG_Rec_best.pth
2026-10-03 22:42:47,545 - INFO - Epoch 54/150 train_loss=2.0788561725616455
2026-10-03 22:42:47,605 - INFO - Best train loss=2.0788561725616455; saved /fs04/ar57/wenyu/GeneRec/results/stage3_T5Train/curvature_RQ-VAE/ckpt/Amazon_2023_Instruments/Oct-03-2026_22-32-16/HG_Rec_best.pth
2026-10-03 22:43:00,868 - INFO - Epoch 55/150 train_loss=2.0776334762573243
2026-10-03 22:43:00,981 - INFO - Best train loss=2.0776334762573243; saved /fs04/ar57/wenyu/GeneRec/results/stage3_T5Train/curvature_RQ-VAE/ckpt/Amazon_2023_Instruments/Oct-03-2026_22-32-16/HG_Rec_best.pth
2026-10-03 22:43:12,580 - INFO - Epoch 56/150 train_loss=2.0695187854766846
2026-10-03 22:43:12,615 - INFO - Best train loss=2.0695187854766846; saved /fs04/ar57/wenyu/GeneRec/results/stage3_T5Train/curvature_RQ-VAE/ckpt/Amazon_2023_Instruments/Oct-03-2026_22-32-16/HG_Rec_best.pth
2026-10-03 22:43:24,218 - INFO - Epoch 57/150 train_loss=2.05983021736145
2026-10-03 22:43:24,256 - INFO - Best train loss=2.05983021736145; saved /fs04/ar57/wenyu/GeneRec/results/stage3_T5Train/curvature_RQ-VAE/ckpt/Amazon_2023_Instruments/Oct-03-2026_22-32-16/HG_Rec_best.pth
2026-10-03 22:43:35,866 - INFO - Epoch 58/150 train_loss=2.0540647888183594
2026-10-03 22:43:35,902 - INFO - Best train loss=2.0540647888183594; saved /fs04/ar57/wenyu/GeneRec/results/stage3_T5Train/curvature_RQ-VAE/ckpt/Amazon_2023_Instruments/Oct-03-2026_22-32-16/HG_Rec_best.pth
2026-10-03 22:43:47,514 - INFO - Epoch 59/150 train_loss=2.0478052043914796
2026-10-03 22:43:47,552 - INFO - Best train loss=2.0478052043914796; saved /fs04/ar57/wenyu/GeneRec/results/stage3_T5Train/curvature_RQ-VAE/ckpt/Amazon_2023_Instruments/Oct-03-2026_22-32-16/HG_Rec_best.pth
2026-10-03 22:43:59,160 - INFO - Epoch 60/150 train_loss=2.045949296951294
2026-10-03 22:43:59,199 - INFO - Best train loss=2.045949296951294; saved /fs04/ar57/wenyu/GeneRec/results/stage3_T5Train/curvature_RQ-VAE/ckpt/Amazon_2023_Instruments/Oct-03-2026_22-32-16/HG_Rec_best.pth
2026-10-03 22:44:10,803 - INFO - Epoch 61/150 train_loss=2.041307096481323
2026-10-03 22:44:10,840 - INFO - Best train loss=2.041307096481323; saved /fs04/ar57/wenyu/GeneRec/results/stage3_T5Train/curvature_RQ-VAE/ckpt/Amazon_2023_Instruments/Oct-03-2026_22-32-16/HG_Rec_best.pth
2026-10-03 22:44:22,444 - INFO - Epoch 62/150 train_loss=2.0323982715606688
2026-10-03 22:44:22,482 - INFO - Best train loss=2.0323982715606688; saved /fs04/ar57/wenyu/GeneRec/results/stage3_T5Train/curvature_RQ-VAE/ckpt/Amazon_2023_Instruments/Oct-03-2026_22-32-16/HG_Rec_best.pth
2026-10-03 22:44:34,092 - INFO - Epoch 63/150 train_loss=2.0304629516601564
2026-10-03 22:44:34,130 - INFO - Best train loss=2.0304629516601564; saved /fs04/ar57/wenyu/GeneRec/results/stage3_T5Train/curvature_RQ-VAE/ckpt/Amazon_2023_Instruments/Oct-03-2026_22-32-16/HG_Rec_best.pth
2026-10-03 22:44:45,737 - INFO - Epoch 64/150 train_loss=2.0270986557006836
2026-10-03 22:44:45,773 - INFO - Best train loss=2.0270986557006836; saved /fs04/ar57/wenyu/GeneRec/results/stage3_T5Train/curvature_RQ-VAE/ckpt/Amazon_2023_Instruments/Oct-03-2026_22-32-16/HG_Rec_best.pth
2026-10-03 22:44:57,381 - INFO - Epoch 65/150 train_loss=2.021309328079224
2026-10-03 22:44:57,417 - INFO - Best train loss=2.021309328079224; saved /fs04/ar57/wenyu/GeneRec/results/stage3_T5Train/curvature_RQ-VAE/ckpt/Amazon_2023_Instruments/Oct-03-2026_22-32-16/HG_Rec_best.pth
2026-10-03 22:45:09,021 - INFO - Epoch 66/150 train_loss=2.0172151708602906
2026-10-03 22:45:09,058 - INFO - Best train loss=2.0172151708602906; saved /fs04/ar57/wenyu/GeneRec/results/stage3_T5Train/curvature_RQ-VAE/ckpt/Amazon_2023_Instruments/Oct-03-2026_22-32-16/HG_Rec_best.pth
2026-10-03 22:45:20,667 - INFO - Epoch 67/150 train_loss=2.0099767875671386
2026-10-03 22:45:20,702 - INFO - Best train loss=2.0099767875671386; saved /fs04/ar57/wenyu/GeneRec/results/stage3_T5Train/curvature_RQ-VAE/ckpt/Amazon_2023_Instruments/Oct-03-2026_22-32-16/HG_Rec_best.pth
2026-10-03 22:45:32,314 - INFO - Epoch 68/150 train_loss=2.007109131813049
2026-10-03 22:45:32,351 - INFO - Best train loss=2.007109131813049; saved /fs04/ar57/wenyu/GeneRec/results/stage3_T5Train/curvature_RQ-VAE/ckpt/Amazon_2023_Instruments/Oct-03-2026_22-32-16/HG_Rec_best.pth
2026-10-03 22:45:43,954 - INFO - Epoch 69/150 train_loss=2.0066074752807617
2026-10-03 22:45:43,989 - INFO - Best train loss=2.0066074752807617; saved /fs04/ar57/wenyu/GeneRec/results/stage3_T5Train/curvature_RQ-VAE/ckpt/Amazon_2023_Instruments/Oct-03-2026_22-32-16/HG_Rec_best.pth
2026-10-03 22:45:55,594 - INFO - Epoch 70/150 train_loss=2.000594763755798
2026-10-03 22:45:55,631 - INFO - Best train loss=2.000594763755798; saved /fs04/ar57/wenyu/GeneRec/results/stage3_T5Train/curvature_RQ-VAE/ckpt/Amazon_2023_Instruments/Oct-03-2026_22-32-16/HG_Rec_best.pth
2026-10-03 22:46:07,240 - INFO - Epoch 71/150 train_loss=1.9969326257705688
2026-10-03 22:46:07,277 - INFO - Best train loss=1.9969326257705688; saved /fs04/ar57/wenyu/GeneRec/results/stage3_T5Train/curvature_RQ-VAE/ckpt/Amazon_2023_Instruments/Oct-03-2026_22-32-16/HG_Rec_best.pth
2026-10-03 22:46:18,882 - INFO - Epoch 72/150 train_loss=1.99135235786438
2026-10-03 22:46:18,933 - INFO - Best train loss=1.99135235786438; saved /fs04/ar57/wenyu/GeneRec/results/stage3_T5Train/curvature_RQ-VAE/ckpt/Amazon_2023_Instruments/Oct-03-2026_22-32-16/HG_Rec_best.pth
2026-10-03 22:46:30,540 - INFO - Epoch 73/150 train_loss=1.9835042667388916
2026-10-03 22:46:30,577 - INFO - Best train loss=1.9835042667388916; saved /fs04/ar57/wenyu/GeneRec/results/stage3_T5Train/curvature_RQ-VAE/ckpt/Amazon_2023_Instruments/Oct-03-2026_22-32-16/HG_Rec_best.pth
2026-10-03 22:46:42,183 - INFO - Epoch 74/150 train_loss=1.987048501968384
2026-10-03 22:46:53,789 - INFO - Epoch 75/150 train_loss=1.9835991430282593
2026-10-03 22:47:05,397 - INFO - Epoch 76/150 train_loss=1.9782416868209838
2026-10-03 22:47:05,433 - INFO - Best train loss=1.9782416868209838; saved /fs04/ar57/wenyu/GeneRec/results/stage3_T5Train/curvature_RQ-VAE/ckpt/Amazon_2023_Instruments/Oct-03-2026_22-32-16/HG_Rec_best.pth
2026-10-03 22:47:17,043 - INFO - Epoch 77/150 train_loss=1.9721682453155518
2026-10-03 22:47:17,081 - INFO - Best train loss=1.9721682453155518; saved /fs04/ar57/wenyu/GeneRec/results/stage3_T5Train/curvature_RQ-VAE/ckpt/Amazon_2023_Instruments/Oct-03-2026_22-32-16/HG_Rec_best.pth
2026-10-03 22:47:28,687 - INFO - Epoch 78/150 train_loss=1.9697141218185426
2026-10-03 22:47:28,722 - INFO - Best train loss=1.9697141218185426; saved /fs04/ar57/wenyu/GeneRec/results/stage3_T5Train/curvature_RQ-VAE/ckpt/Amazon_2023_Instruments/Oct-03-2026_22-32-16/HG_Rec_best.pth
2026-10-03 22:47:40,332 - INFO - Epoch 79/150 train_loss=1.9672818756103516
2026-10-03 22:47:40,368 - INFO - Best train loss=1.9672818756103516; saved /fs04/ar57/wenyu/GeneRec/results/stage3_T5Train/curvature_RQ-VAE/ckpt/Amazon_2023_Instruments/Oct-03-2026_22-32-16/HG_Rec_best.pth
2026-10-03 22:47:51,978 - INFO - Epoch 80/150 train_loss=1.9641678524017334
2026-10-03 22:47:52,607 - INFO - Best train loss=1.9641678524017334; saved /fs04/ar57/wenyu/GeneRec/results/stage3_T5Train/curvature_RQ-VAE/ckpt/Amazon_2023_Instruments/Oct-03-2026_22-32-16/HG_Rec_best.pth
2026-10-03 22:48:04,212 - INFO - Epoch 81/150 train_loss=1.9611161470413208
2026-10-03 22:48:04,248 - INFO - Best train loss=1.9611161470413208; saved /fs04/ar57/wenyu/GeneRec/results/stage3_T5Train/curvature_RQ-VAE/ckpt/Amazon_2023_Instruments/Oct-03-2026_22-32-16/HG_Rec_best.pth
2026-10-03 22:48:15,860 - INFO - Epoch 82/150 train_loss=1.956168260574341
2026-10-03 22:48:15,930 - INFO - Best train loss=1.956168260574341; saved /fs04/ar57/wenyu/GeneRec/results/stage3_T5Train/curvature_RQ-VAE/ckpt/Amazon_2023_Instruments/Oct-03-2026_22-32-16/HG_Rec_best.pth
2026-10-03 22:48:27,564 - INFO - Epoch 83/150 train_loss=1.9562760925292968
2026-10-03 22:48:39,175 - INFO - Epoch 84/150 train_loss=1.9506496858596802
2026-10-03 22:48:39,210 - INFO - Best train loss=1.9506496858596802; saved /fs04/ar57/wenyu/GeneRec/results/stage3_T5Train/curvature_RQ-VAE/ckpt/Amazon_2023_Instruments/Oct-03-2026_22-32-16/HG_Rec_best.pth
2026-10-03 22:48:50,818 - INFO - Epoch 85/150 train_loss=1.948615689277649
2026-10-03 22:48:50,856 - INFO - Best train loss=1.948615689277649; saved /fs04/ar57/wenyu/GeneRec/results/stage3_T5Train/curvature_RQ-VAE/ckpt/Amazon_2023_Instruments/Oct-03-2026_22-32-16/HG_Rec_best.pth
2026-10-03 22:49:02,464 - INFO - Epoch 86/150 train_loss=1.9469621276855469
2026-10-03 22:49:02,501 - INFO - Best train loss=1.9469621276855469; saved /fs04/ar57/wenyu/GeneRec/results/stage3_T5Train/curvature_RQ-VAE/ckpt/Amazon_2023_Instruments/Oct-03-2026_22-32-16/HG_Rec_best.pth
2026-10-03 22:49:14,108 - INFO - Epoch 87/150 train_loss=1.9452636861801147
2026-10-03 22:49:14,144 - INFO - Best train loss=1.9452636861801147; saved /fs04/ar57/wenyu/GeneRec/results/stage3_T5Train/curvature_RQ-VAE/ckpt/Amazon_2023_Instruments/Oct-03-2026_22-32-16/HG_Rec_best.pth
2026-10-03 22:49:25,753 - INFO - Epoch 88/150 train_loss=1.9396826362609862
2026-10-03 22:49:25,791 - INFO - Best train loss=1.9396826362609862; saved /fs04/ar57/wenyu/GeneRec/results/stage3_T5Train/curvature_RQ-VAE/ckpt/Amazon_2023_Instruments/Oct-03-2026_22-32-16/HG_Rec_best.pth
2026-10-03 22:49:37,391 - INFO - Epoch 89/150 train_loss=1.937628140449524
2026-10-03 22:49:37,427 - INFO - Best train loss=1.937628140449524; saved /fs04/ar57/wenyu/GeneRec/results/stage3_T5Train/curvature_RQ-VAE/ckpt/Amazon_2023_Instruments/Oct-03-2026_22-32-16/HG_Rec_best.pth
2026-10-03 22:49:49,033 - INFO - Epoch 90/150 train_loss=1.9356964111328125
2026-10-03 22:49:49,068 - INFO - Best train loss=1.9356964111328125; saved /fs04/ar57/wenyu/GeneRec/results/stage3_T5Train/curvature_RQ-VAE/ckpt/Amazon_2023_Instruments/Oct-03-2026_22-32-16/HG_Rec_best.pth
2026-10-03 22:50:00,673 - INFO - Epoch 91/150 train_loss=1.9345623302459716
2026-10-03 22:50:00,708 - INFO - Best train loss=1.9345623302459716; saved /fs04/ar57/wenyu/GeneRec/results/stage3_T5Train/curvature_RQ-VAE/ckpt/Amazon_2023_Instruments/Oct-03-2026_22-32-16/HG_Rec_best.pth
2026-10-03 22:50:12,876 - INFO - Epoch 92/150 train_loss=1.933069519996643
2026-10-03 22:50:12,913 - INFO - Best train loss=1.933069519996643; saved /fs04/ar57/wenyu/GeneRec/results/stage3_T5Train/curvature_RQ-VAE/ckpt/Amazon_2023_Instruments/Oct-03-2026_22-32-16/HG_Rec_best.pth
2026-10-03 22:50:25,480 - INFO - Epoch 93/150 train_loss=1.9272846698760986
2026-10-03 22:50:25,523 - INFO - Best train loss=1.9272846698760986; saved /fs04/ar57/wenyu/GeneRec/results/stage3_T5Train/curvature_RQ-VAE/ckpt/Amazon_2023_Instruments/Oct-03-2026_22-32-16/HG_Rec_best.pth
2026-10-03 22:50:37,125 - INFO - Epoch 94/150 train_loss=1.9295091581344606
2026-10-03 22:50:48,729 - INFO - Epoch 95/150 train_loss=1.9238058376312255
2026-10-03 22:50:48,771 - INFO - Best train loss=1.9238058376312255; saved /fs04/ar57/wenyu/GeneRec/results/stage3_T5Train/curvature_RQ-VAE/ckpt/Amazon_2023_Instruments/Oct-03-2026_22-32-16/HG_Rec_best.pth
2026-10-03 22:51:00,373 - INFO - Epoch 96/150 train_loss=1.9239339017868042
2026-10-03 22:51:11,981 - INFO - Epoch 97/150 train_loss=1.9189718818664552
2026-10-03 22:51:12,017 - INFO - Best train loss=1.9189718818664552; saved /fs04/ar57/wenyu/GeneRec/results/stage3_T5Train/curvature_RQ-VAE/ckpt/Amazon_2023_Instruments/Oct-03-2026_22-32-16/HG_Rec_best.pth
2026-10-03 22:51:23,625 - INFO - Epoch 98/150 train_loss=1.917939248085022
2026-10-03 22:51:23,660 - INFO - Best train loss=1.917939248085022; saved /fs04/ar57/wenyu/GeneRec/results/stage3_T5Train/curvature_RQ-VAE/ckpt/Amazon_2023_Instruments/Oct-03-2026_22-32-16/HG_Rec_best.pth
2026-10-03 22:51:35,264 - INFO - Epoch 99/150 train_loss=1.9148123025894166
2026-10-03 22:51:35,301 - INFO - Best train loss=1.9148123025894166; saved /fs04/ar57/wenyu/GeneRec/results/stage3_T5Train/curvature_RQ-VAE/ckpt/Amazon_2023_Instruments/Oct-03-2026_22-32-16/HG_Rec_best.pth
2026-10-03 22:51:46,903 - INFO - Epoch 100/150 train_loss=1.9154199314117433
2026-10-03 22:51:58,510 - INFO - Epoch 101/150 train_loss=1.9104184198379517
2026-10-03 22:51:58,551 - INFO - Best train loss=1.9104184198379517; saved /fs04/ar57/wenyu/GeneRec/results/stage3_T5Train/curvature_RQ-VAE/ckpt/Amazon_2023_Instruments/Oct-03-2026_22-32-16/HG_Rec_best.pth
2026-10-03 22:52:10,161 - INFO - Epoch 102/150 train_loss=1.911445565223694
2026-10-03 22:52:21,769 - INFO - Epoch 103/150 train_loss=1.904771361351013
2026-10-03 22:52:21,823 - INFO - Best train loss=1.904771361351013; saved /fs04/ar57/wenyu/GeneRec/results/stage3_T5Train/curvature_RQ-VAE/ckpt/Amazon_2023_Instruments/Oct-03-2026_22-32-16/HG_Rec_best.pth
2026-10-03 22:52:33,430 - INFO - Epoch 104/150 train_loss=1.9043681669235228
2026-10-03 22:52:33,466 - INFO - Best train loss=1.9043681669235228; saved /fs04/ar57/wenyu/GeneRec/results/stage3_T5Train/curvature_RQ-VAE/ckpt/Amazon_2023_Instruments/Oct-03-2026_22-32-16/HG_Rec_best.pth
2026-10-03 22:52:45,089 - INFO - Epoch 105/150 train_loss=1.903932547569275
2026-10-03 22:52:45,179 - INFO - Best train loss=1.903932547569275; saved /fs04/ar57/wenyu/GeneRec/results/stage3_T5Train/curvature_RQ-VAE/ckpt/Amazon_2023_Instruments/Oct-03-2026_22-32-16/HG_Rec_best.pth
2026-10-03 22:52:56,864 - INFO - Epoch 106/150 train_loss=1.898808388710022
2026-10-03 22:52:56,912 - INFO - Best train loss=1.898808388710022; saved /fs04/ar57/wenyu/GeneRec/results/stage3_T5Train/curvature_RQ-VAE/ckpt/Amazon_2023_Instruments/Oct-03-2026_22-32-16/HG_Rec_best.pth
2026-10-03 22:53:08,668 - INFO - Epoch 107/150 train_loss=1.9014289999008178
2026-10-03 22:53:20,281 - INFO - Epoch 108/150 train_loss=1.8998528718948364
2026-10-03 22:53:31,891 - INFO - Epoch 109/150 train_loss=1.8957348346710206
2026-10-03 22:53:31,930 - INFO - Best train loss=1.8957348346710206; saved /fs04/ar57/wenyu/GeneRec/results/stage3_T5Train/curvature_RQ-VAE/ckpt/Amazon_2023_Instruments/Oct-03-2026_22-32-16/HG_Rec_best.pth
2026-10-03 22:53:43,532 - INFO - Epoch 110/150 train_loss=1.8939580154418945
2026-10-03 22:53:43,568 - INFO - Best train loss=1.8939580154418945; saved /fs04/ar57/wenyu/GeneRec/results/stage3_T5Train/curvature_RQ-VAE/ckpt/Amazon_2023_Instruments/Oct-03-2026_22-32-16/HG_Rec_best.pth
2026-10-03 22:53:55,179 - INFO - Epoch 111/150 train_loss=1.8936946296691894
2026-10-03 22:53:55,215 - INFO - Best train loss=1.8936946296691894; saved /fs04/ar57/wenyu/GeneRec/results/stage3_T5Train/curvature_RQ-VAE/ckpt/Amazon_2023_Instruments/Oct-03-2026_22-32-16/HG_Rec_best.pth
2026-10-03 22:54:06,824 - INFO - Epoch 112/150 train_loss=1.8908328819274902
2026-10-03 22:54:06,859 - INFO - Best train loss=1.8908328819274902; saved /fs04/ar57/wenyu/GeneRec/results/stage3_T5Train/curvature_RQ-VAE/ckpt/Amazon_2023_Instruments/Oct-03-2026_22-32-16/HG_Rec_best.pth
2026-10-03 22:54:18,470 - INFO - Epoch 113/150 train_loss=1.890440068244934
2026-10-03 22:54:18,506 - INFO - Best train loss=1.890440068244934; saved /fs04/ar57/wenyu/GeneRec/results/stage3_T5Train/curvature_RQ-VAE/ckpt/Amazon_2023_Instruments/Oct-03-2026_22-32-16/HG_Rec_best.pth
2026-10-03 22:54:30,106 - INFO - Epoch 114/150 train_loss=1.8875856351852418
2026-10-03 22:54:30,142 - INFO - Best train loss=1.8875856351852418; saved /fs04/ar57/wenyu/GeneRec/results/stage3_T5Train/curvature_RQ-VAE/ckpt/Amazon_2023_Instruments/Oct-03-2026_22-32-16/HG_Rec_best.pth
2026-10-03 22:54:41,750 - INFO - Epoch 115/150 train_loss=1.8860716724395752
2026-10-03 22:54:41,786 - INFO - Best train loss=1.8860716724395752; saved /fs04/ar57/wenyu/GeneRec/results/stage3_T5Train/curvature_RQ-VAE/ckpt/Amazon_2023_Instruments/Oct-03-2026_22-32-16/HG_Rec_best.pth
2026-10-03 22:54:53,385 - INFO - Epoch 116/150 train_loss=1.8854742383956908
2026-10-03 22:54:53,420 - INFO - Best train loss=1.8854742383956908; saved /fs04/ar57/wenyu/GeneRec/results/stage3_T5Train/curvature_RQ-VAE/ckpt/Amazon_2023_Instruments/Oct-03-2026_22-32-16/HG_Rec_best.pth
2026-10-03 22:55:05,841 - INFO - Epoch 117/150 train_loss=1.883023476600647
2026-10-03 22:55:05,876 - INFO - Best train loss=1.883023476600647; saved /fs04/ar57/wenyu/GeneRec/results/stage3_T5Train/curvature_RQ-VAE/ckpt/Amazon_2023_Instruments/Oct-03-2026_22-32-16/HG_Rec_best.pth
2026-10-03 22:55:17,485 - INFO - Epoch 118/150 train_loss=1.8812716913223266
2026-10-03 22:55:17,520 - INFO - Best train loss=1.8812716913223266; saved /fs04/ar57/wenyu/GeneRec/results/stage3_T5Train/curvature_RQ-VAE/ckpt/Amazon_2023_Instruments/Oct-03-2026_22-32-16/HG_Rec_best.pth
2026-10-03 22:55:29,129 - INFO - Epoch 119/150 train_loss=1.880107226371765
2026-10-03 22:55:29,164 - INFO - Best train loss=1.880107226371765; saved /fs04/ar57/wenyu/GeneRec/results/stage3_T5Train/curvature_RQ-VAE/ckpt/Amazon_2023_Instruments/Oct-03-2026_22-32-16/HG_Rec_best.pth
2026-10-03 22:55:40,769 - INFO - Epoch 120/150 train_loss=1.876919722557068
2026-10-03 22:55:40,804 - INFO - Best train loss=1.876919722557068; saved /fs04/ar57/wenyu/GeneRec/results/stage3_T5Train/curvature_RQ-VAE/ckpt/Amazon_2023_Instruments/Oct-03-2026_22-32-16/HG_Rec_best.pth
2026-10-03 22:55:52,417 - INFO - Epoch 121/150 train_loss=1.8759324741363526
2026-10-03 22:55:52,454 - INFO - Best train loss=1.8759324741363526; saved /fs04/ar57/wenyu/GeneRec/results/stage3_T5Train/curvature_RQ-VAE/ckpt/Amazon_2023_Instruments/Oct-03-2026_22-32-16/HG_Rec_best.pth
2026-10-03 22:56:04,052 - INFO - Epoch 122/150 train_loss=1.8744783258438111
2026-10-03 22:56:04,089 - INFO - Best train loss=1.8744783258438111; saved /fs04/ar57/wenyu/GeneRec/results/stage3_T5Train/curvature_RQ-VAE/ckpt/Amazon_2023_Instruments/Oct-03-2026_22-32-16/HG_Rec_best.pth
2026-10-03 22:56:15,696 - INFO - Epoch 123/150 train_loss=1.8710292720794677
2026-10-03 22:56:15,732 - INFO - Best train loss=1.8710292720794677; saved /fs04/ar57/wenyu/GeneRec/results/stage3_T5Train/curvature_RQ-VAE/ckpt/Amazon_2023_Instruments/Oct-03-2026_22-32-16/HG_Rec_best.pth
2026-10-03 22:56:27,337 - INFO - Epoch 124/150 train_loss=1.8715148448944092
2026-10-03 22:56:38,965 - INFO - Epoch 125/150 train_loss=1.872014546394348
2026-10-03 22:56:50,581 - INFO - Epoch 126/150 train_loss=1.8689521837234497
2026-10-03 22:56:50,618 - INFO - Best train loss=1.8689521837234497; saved /fs04/ar57/wenyu/GeneRec/results/stage3_T5Train/curvature_RQ-VAE/ckpt/Amazon_2023_Instruments/Oct-03-2026_22-32-16/HG_Rec_best.pth
2026-10-03 22:57:02,227 - INFO - Epoch 127/150 train_loss=1.866532711982727
2026-10-03 22:57:02,262 - INFO - Best train loss=1.866532711982727; saved /fs04/ar57/wenyu/GeneRec/results/stage3_T5Train/curvature_RQ-VAE/ckpt/Amazon_2023_Instruments/Oct-03-2026_22-32-16/HG_Rec_best.pth
2026-10-03 22:57:13,860 - INFO - Epoch 128/150 train_loss=1.8704946088790892
2026-10-03 22:57:25,463 - INFO - Epoch 129/150 train_loss=1.8650303077697754
2026-10-03 22:57:25,505 - INFO - Best train loss=1.8650303077697754; saved /fs04/ar57/wenyu/GeneRec/results/stage3_T5Train/curvature_RQ-VAE/ckpt/Amazon_2023_Instruments/Oct-03-2026_22-32-16/HG_Rec_best.pth
2026-10-03 22:57:37,106 - INFO - Epoch 130/150 train_loss=1.8662829208374023
2026-10-03 22:57:48,717 - INFO - Epoch 131/150 train_loss=1.8635666751861573
2026-10-03 22:57:48,755 - INFO - Best train loss=1.8635666751861573; saved /fs04/ar57/wenyu/GeneRec/results/stage3_T5Train/curvature_RQ-VAE/ckpt/Amazon_2023_Instruments/Oct-03-2026_22-32-16/HG_Rec_best.pth
2026-10-03 22:58:00,359 - INFO - Epoch 132/150 train_loss=1.862099232673645
2026-10-03 22:58:00,395 - INFO - Best train loss=1.862099232673645; saved /fs04/ar57/wenyu/GeneRec/results/stage3_T5Train/curvature_RQ-VAE/ckpt/Amazon_2023_Instruments/Oct-03-2026_22-32-16/HG_Rec_best.pth
2026-10-03 22:58:12,006 - INFO - Epoch 133/150 train_loss=1.8644366264343262
2026-10-03 22:58:23,733 - INFO - Epoch 134/150 train_loss=1.860644693374634
2026-10-03 22:58:23,770 - INFO - Best train loss=1.860644693374634; saved /fs04/ar57/wenyu/GeneRec/results/stage3_T5Train/curvature_RQ-VAE/ckpt/Amazon_2023_Instruments/Oct-03-2026_22-32-16/HG_Rec_best.pth
2026-10-03 22:58:35,380 - INFO - Epoch 135/150 train_loss=1.8601271629333496
2026-10-03 22:58:35,415 - INFO - Best train loss=1.8601271629333496; saved /fs04/ar57/wenyu/GeneRec/results/stage3_T5Train/curvature_RQ-VAE/ckpt/Amazon_2023_Instruments/Oct-03-2026_22-32-16/HG_Rec_best.pth
2026-10-03 22:58:47,022 - INFO - Epoch 136/150 train_loss=1.8611201381683349
2026-10-03 22:58:58,630 - INFO - Epoch 137/150 train_loss=1.8581397819519043
2026-10-03 22:58:58,672 - INFO - Best train loss=1.8581397819519043; saved /fs04/ar57/wenyu/GeneRec/results/stage3_T5Train/curvature_RQ-VAE/ckpt/Amazon_2023_Instruments/Oct-03-2026_22-32-16/HG_Rec_best.pth
2026-10-03 22:59:10,280 - INFO - Epoch 138/150 train_loss=1.8570287609100342
2026-10-03 22:59:10,318 - INFO - Best train loss=1.8570287609100342; saved /fs04/ar57/wenyu/GeneRec/results/stage3_T5Train/curvature_RQ-VAE/ckpt/Amazon_2023_Instruments/Oct-03-2026_22-32-16/HG_Rec_best.pth
2026-10-03 22:59:22,008 - INFO - Epoch 139/150 train_loss=1.8563541460037232
2026-10-03 22:59:22,045 - INFO - Best train loss=1.8563541460037232; saved /fs04/ar57/wenyu/GeneRec/results/stage3_T5Train/curvature_RQ-VAE/ckpt/Amazon_2023_Instruments/Oct-03-2026_22-32-16/HG_Rec_best.pth
2026-10-03 22:59:33,652 - INFO - Epoch 140/150 train_loss=1.8547386169433593
2026-10-03 22:59:33,687 - INFO - Best train loss=1.8547386169433593; saved /fs04/ar57/wenyu/GeneRec/results/stage3_T5Train/curvature_RQ-VAE/ckpt/Amazon_2023_Instruments/Oct-03-2026_22-32-16/HG_Rec_best.pth
2026-10-03 22:59:45,292 - INFO - Epoch 141/150 train_loss=1.8567440843582153
2026-10-03 22:59:56,903 - INFO - Epoch 142/150 train_loss=1.8560784482955932
2026-10-03 23:00:08,508 - INFO - Epoch 143/150 train_loss=1.8522432851791382
2026-10-03 23:00:08,544 - INFO - Best train loss=1.8522432851791382; saved /fs04/ar57/wenyu/GeneRec/results/stage3_T5Train/curvature_RQ-VAE/ckpt/Amazon_2023_Instruments/Oct-03-2026_22-32-16/HG_Rec_best.pth
2026-10-03 23:00:20,190 - INFO - Epoch 144/150 train_loss=1.849847526550293
2026-10-03 23:00:20,226 - INFO - Best train loss=1.849847526550293; saved /fs04/ar57/wenyu/GeneRec/results/stage3_T5Train/curvature_RQ-VAE/ckpt/Amazon_2023_Instruments/Oct-03-2026_22-32-16/HG_Rec_best.pth
2026-10-03 23:00:31,836 - INFO - Epoch 145/150 train_loss=1.8513452529907226
2026-10-03 23:00:43,439 - INFO - Epoch 146/150 train_loss=1.852296986579895
2026-10-03 23:00:55,052 - INFO - Epoch 147/150 train_loss=1.8464795446395874
2026-10-03 23:00:55,109 - INFO - Best train loss=1.8464795446395874; saved /fs04/ar57/wenyu/GeneRec/results/stage3_T5Train/curvature_RQ-VAE/ckpt/Amazon_2023_Instruments/Oct-03-2026_22-32-16/HG_Rec_best.pth
2026-10-03 23:01:06,707 - INFO - Epoch 148/150 train_loss=1.8488677310943604
2026-10-03 23:01:18,316 - INFO - Epoch 149/150 train_loss=1.8482551288604736
2026-10-03 23:01:29,922 - INFO - Epoch 150/150 train_loss=1.8468849277496338
2026-10-03 23:09:41,065 - INFO - Test={'best_checkpoint': '/fs04/ar57/wenyu/GeneRec/results/stage3_T5Train/curvature_RQ-VAE/ckpt/Amazon_2023_Instruments/Oct-03-2026_22-32-16/HG_Rec_best.pth', 'n_eval': 57439, 'test_recall@5': 0.03821445359424781, 'test_recall@10': 0.05853165967374084, 'test_ndcg@5': 0.025287420553581484, 'test_ndcg@10': 0.031816348120442484}
