2026-09-28 11:43:31,837 - INFO - Configuration: {'batch_size': 4096, 'infer_size': 1024, 'num_epochs': 150, 'eval_interval': 5, 'eval_start_epoch': 75, 'early_eval_epochs': (25, 50, 75, 100, 125), 'fast': True, 'bf16': True, 'use_lr_scheduler': True, 'lr_warmup_pct': 0.1, 'lr_min_factor': 0.2, 'compile': False, 'compile_mode': 'default', 'num_layers': 4, 'num_decoder_layers': 4, 'd_model': 128, 'd_ff': 1024, 'num_heads': 6, 'd_kv': 64, 'dropout_rate': 0.1, 'activation_function': 'relu', 'feed_forward_proj': 'relu', 'device': 'cuda', 'lr': 0.003, 'weight_decay': 0.05, 'vocab_size': 867, 'eos_token_id': 866, 'pad_token_id': 0, 'n_user_tokens': 1, 'max_len': 20, 'dataset_name': 'Amazon_2023_Instruments', 'dataset_path': '/home/wlia0047/ar57/wenyu/GeneRec/results/stage0_build_parquet/', 'codebook_size': [256, 256, 256, 1], 'code_path': '/fs04/ar57/wenyu/GeneRec/results/stage2_RQ-VAE/curvature_RQ-VAE_iter40/item_sids.json', 'train_file': 'train.parquet', 'valid_file': 'valid.parquet', 'test_file': 'test.parquet', 'log_path': '/fs04/ar57/wenyu/GeneRec/results/stage3_T5Train/curvature_RQ-VAE_iter40/logs/', 'save_path': '/fs04/ar57/wenyu/GeneRec/results/stage3_T5Train/curvature_RQ-VAE_iter40/ckpt/', 'seed': 42, 'topk_list': [5, 10], 'beam_size': 20, 'no_eval': True, 'skip_test': False, 'screen_baseline_log': '', 'screen_start_epoch': 40, 'screen_window': 5, 'screen_min_ndcg_gain': 0.001, 'screen_min_recall_gain': 0.001, 'num_workers': 4, 'prefetch_factor': 8, 'exclude_history': True, 'no_exclude_history': False, 'pin_memory': True, 'no_pin_memory': False, 'sid_length': 4, 'max_token_seq_len': 82, 'decoder_start_token_id': 0}
2026-09-28 11:43:31,890 - INFO - #Embedding parameters: 110976
#Non-embedding parameters: 4459648
#Total trainable parameters: 4570624

2026-09-28 11:43:49,825 - INFO - Epoch 1/150 train_loss=4.8660546875
2026-09-28 11:43:49,912 - INFO - Best train loss=4.8660546875; saved /fs04/ar57/wenyu/GeneRec/results/stage3_T5Train/curvature_RQ-VAE_iter40/ckpt/Amazon_2023_Instruments/Sep-28-2026_11-43-31/HG_Rec_best.pth
2026-09-28 11:44:01,537 - INFO - Epoch 2/150 train_loss=4.229021739959717
2026-09-28 11:44:01,575 - INFO - Best train loss=4.229021739959717; saved /fs04/ar57/wenyu/GeneRec/results/stage3_T5Train/curvature_RQ-VAE_iter40/ckpt/Amazon_2023_Instruments/Sep-28-2026_11-43-31/HG_Rec_best.pth
2026-09-28 11:44:13,186 - INFO - Epoch 3/150 train_loss=4.013098592758179
2026-09-28 11:44:13,225 - INFO - Best train loss=4.013098592758179; saved /fs04/ar57/wenyu/GeneRec/results/stage3_T5Train/curvature_RQ-VAE_iter40/ckpt/Amazon_2023_Instruments/Sep-28-2026_11-43-31/HG_Rec_best.pth
2026-09-28 11:44:24,827 - INFO - Epoch 4/150 train_loss=3.851429834365845
2026-09-28 11:44:24,866 - INFO - Best train loss=3.851429834365845; saved /fs04/ar57/wenyu/GeneRec/results/stage3_T5Train/curvature_RQ-VAE_iter40/ckpt/Amazon_2023_Instruments/Sep-28-2026_11-43-31/HG_Rec_best.pth
2026-09-28 11:44:36,470 - INFO - Epoch 5/150 train_loss=3.7081131172180175
2026-09-28 11:44:36,507 - INFO - Best train loss=3.7081131172180175; saved /fs04/ar57/wenyu/GeneRec/results/stage3_T5Train/curvature_RQ-VAE_iter40/ckpt/Amazon_2023_Instruments/Sep-28-2026_11-43-31/HG_Rec_best.pth
2026-09-28 11:44:48,112 - INFO - Epoch 6/150 train_loss=3.5876857662200927
2026-09-28 11:44:48,154 - INFO - Best train loss=3.5876857662200927; saved /fs04/ar57/wenyu/GeneRec/results/stage3_T5Train/curvature_RQ-VAE_iter40/ckpt/Amazon_2023_Instruments/Sep-28-2026_11-43-31/HG_Rec_best.pth
2026-09-28 11:44:59,754 - INFO - Epoch 7/150 train_loss=3.431050043106079
2026-09-28 11:44:59,794 - INFO - Best train loss=3.431050043106079; saved /fs04/ar57/wenyu/GeneRec/results/stage3_T5Train/curvature_RQ-VAE_iter40/ckpt/Amazon_2023_Instruments/Sep-28-2026_11-43-31/HG_Rec_best.pth
2026-09-28 11:45:11,393 - INFO - Epoch 8/150 train_loss=3.31058162689209
2026-09-28 11:45:11,432 - INFO - Best train loss=3.31058162689209; saved /fs04/ar57/wenyu/GeneRec/results/stage3_T5Train/curvature_RQ-VAE_iter40/ckpt/Amazon_2023_Instruments/Sep-28-2026_11-43-31/HG_Rec_best.pth
2026-09-28 11:45:23,032 - INFO - Epoch 9/150 train_loss=3.2087796688079835
2026-09-28 11:45:23,072 - INFO - Best train loss=3.2087796688079835; saved /fs04/ar57/wenyu/GeneRec/results/stage3_T5Train/curvature_RQ-VAE_iter40/ckpt/Amazon_2023_Instruments/Sep-28-2026_11-43-31/HG_Rec_best.pth
2026-09-28 11:45:34,669 - INFO - Epoch 10/150 train_loss=3.1170360946655276
2026-09-28 11:45:34,715 - INFO - Best train loss=3.1170360946655276; saved /fs04/ar57/wenyu/GeneRec/results/stage3_T5Train/curvature_RQ-VAE_iter40/ckpt/Amazon_2023_Instruments/Sep-28-2026_11-43-31/HG_Rec_best.pth
2026-09-28 11:45:46,321 - INFO - Epoch 11/150 train_loss=3.043768091201782
2026-09-28 11:45:46,365 - INFO - Best train loss=3.043768091201782; saved /fs04/ar57/wenyu/GeneRec/results/stage3_T5Train/curvature_RQ-VAE_iter40/ckpt/Amazon_2023_Instruments/Sep-28-2026_11-43-31/HG_Rec_best.pth
2026-09-28 11:45:57,962 - INFO - Epoch 12/150 train_loss=2.9739321422576905
2026-09-28 11:45:58,006 - INFO - Best train loss=2.9739321422576905; saved /fs04/ar57/wenyu/GeneRec/results/stage3_T5Train/curvature_RQ-VAE_iter40/ckpt/Amazon_2023_Instruments/Sep-28-2026_11-43-31/HG_Rec_best.pth
2026-09-28 11:46:09,613 - INFO - Epoch 13/150 train_loss=2.9190280055999756
2026-09-28 11:46:09,649 - INFO - Best train loss=2.9190280055999756; saved /fs04/ar57/wenyu/GeneRec/results/stage3_T5Train/curvature_RQ-VAE_iter40/ckpt/Amazon_2023_Instruments/Sep-28-2026_11-43-31/HG_Rec_best.pth
2026-09-28 11:46:21,262 - INFO - Epoch 14/150 train_loss=2.859657115936279
2026-09-28 11:46:21,298 - INFO - Best train loss=2.859657115936279; saved /fs04/ar57/wenyu/GeneRec/results/stage3_T5Train/curvature_RQ-VAE_iter40/ckpt/Amazon_2023_Instruments/Sep-28-2026_11-43-31/HG_Rec_best.pth
2026-09-28 11:46:32,909 - INFO - Epoch 15/150 train_loss=2.8060902881622316
2026-09-28 11:46:32,949 - INFO - Best train loss=2.8060902881622316; saved /fs04/ar57/wenyu/GeneRec/results/stage3_T5Train/curvature_RQ-VAE_iter40/ckpt/Amazon_2023_Instruments/Sep-28-2026_11-43-31/HG_Rec_best.pth
2026-09-28 11:46:44,557 - INFO - Epoch 16/150 train_loss=2.7512451934814455
2026-09-28 11:46:44,592 - INFO - Best train loss=2.7512451934814455; saved /fs04/ar57/wenyu/GeneRec/results/stage3_T5Train/curvature_RQ-VAE_iter40/ckpt/Amazon_2023_Instruments/Sep-28-2026_11-43-31/HG_Rec_best.pth
2026-09-28 11:46:56,198 - INFO - Epoch 17/150 train_loss=2.701717758178711
2026-09-28 11:46:56,241 - INFO - Best train loss=2.701717758178711; saved /fs04/ar57/wenyu/GeneRec/results/stage3_T5Train/curvature_RQ-VAE_iter40/ckpt/Amazon_2023_Instruments/Sep-28-2026_11-43-31/HG_Rec_best.pth
2026-09-28 11:47:08,367 - INFO - Epoch 18/150 train_loss=2.6515363311767577
2026-09-28 11:47:08,403 - INFO - Best train loss=2.6515363311767577; saved /fs04/ar57/wenyu/GeneRec/results/stage3_T5Train/curvature_RQ-VAE_iter40/ckpt/Amazon_2023_Instruments/Sep-28-2026_11-43-31/HG_Rec_best.pth
2026-09-28 11:47:20,010 - INFO - Epoch 19/150 train_loss=2.6134454441070556
2026-09-28 11:47:20,053 - INFO - Best train loss=2.6134454441070556; saved /fs04/ar57/wenyu/GeneRec/results/stage3_T5Train/curvature_RQ-VAE_iter40/ckpt/Amazon_2023_Instruments/Sep-28-2026_11-43-31/HG_Rec_best.pth
2026-09-28 11:47:31,661 - INFO - Epoch 20/150 train_loss=2.572341413497925
2026-09-28 11:47:31,697 - INFO - Best train loss=2.572341413497925; saved /fs04/ar57/wenyu/GeneRec/results/stage3_T5Train/curvature_RQ-VAE_iter40/ckpt/Amazon_2023_Instruments/Sep-28-2026_11-43-31/HG_Rec_best.pth
2026-09-28 11:47:43,303 - INFO - Epoch 21/150 train_loss=2.5361469268798826
2026-09-28 11:47:43,347 - INFO - Best train loss=2.5361469268798826; saved /fs04/ar57/wenyu/GeneRec/results/stage3_T5Train/curvature_RQ-VAE_iter40/ckpt/Amazon_2023_Instruments/Sep-28-2026_11-43-31/HG_Rec_best.pth
2026-09-28 11:47:54,945 - INFO - Epoch 22/150 train_loss=2.50830904006958
2026-09-28 11:47:54,983 - INFO - Best train loss=2.50830904006958; saved /fs04/ar57/wenyu/GeneRec/results/stage3_T5Train/curvature_RQ-VAE_iter40/ckpt/Amazon_2023_Instruments/Sep-28-2026_11-43-31/HG_Rec_best.pth
2026-09-28 11:48:06,594 - INFO - Epoch 23/150 train_loss=2.474419813156128
2026-09-28 11:48:06,634 - INFO - Best train loss=2.474419813156128; saved /fs04/ar57/wenyu/GeneRec/results/stage3_T5Train/curvature_RQ-VAE_iter40/ckpt/Amazon_2023_Instruments/Sep-28-2026_11-43-31/HG_Rec_best.pth
2026-09-28 11:48:18,233 - INFO - Epoch 24/150 train_loss=2.4536148166656493
2026-09-28 11:48:18,276 - INFO - Best train loss=2.4536148166656493; saved /fs04/ar57/wenyu/GeneRec/results/stage3_T5Train/curvature_RQ-VAE_iter40/ckpt/Amazon_2023_Instruments/Sep-28-2026_11-43-31/HG_Rec_best.pth
2026-09-28 11:48:29,879 - INFO - Epoch 25/150 train_loss=2.4291267681121824
2026-09-28 11:48:29,921 - INFO - Best train loss=2.4291267681121824; saved /fs04/ar57/wenyu/GeneRec/results/stage3_T5Train/curvature_RQ-VAE_iter40/ckpt/Amazon_2023_Instruments/Sep-28-2026_11-43-31/HG_Rec_best.pth
2026-09-28 11:48:41,528 - INFO - Epoch 26/150 train_loss=2.4022541522979735
2026-09-28 11:48:41,567 - INFO - Best train loss=2.4022541522979735; saved /fs04/ar57/wenyu/GeneRec/results/stage3_T5Train/curvature_RQ-VAE_iter40/ckpt/Amazon_2023_Instruments/Sep-28-2026_11-43-31/HG_Rec_best.pth
2026-09-28 11:48:53,179 - INFO - Epoch 27/150 train_loss=2.384254369735718
2026-09-28 11:48:53,223 - INFO - Best train loss=2.384254369735718; saved /fs04/ar57/wenyu/GeneRec/results/stage3_T5Train/curvature_RQ-VAE_iter40/ckpt/Amazon_2023_Instruments/Sep-28-2026_11-43-31/HG_Rec_best.pth
2026-09-28 11:49:04,833 - INFO - Epoch 28/150 train_loss=2.36430193901062
2026-09-28 11:49:04,868 - INFO - Best train loss=2.36430193901062; saved /fs04/ar57/wenyu/GeneRec/results/stage3_T5Train/curvature_RQ-VAE_iter40/ckpt/Amazon_2023_Instruments/Sep-28-2026_11-43-31/HG_Rec_best.pth
2026-09-28 11:49:16,476 - INFO - Epoch 29/150 train_loss=2.340359535217285
2026-09-28 11:49:16,516 - INFO - Best train loss=2.340359535217285; saved /fs04/ar57/wenyu/GeneRec/results/stage3_T5Train/curvature_RQ-VAE_iter40/ckpt/Amazon_2023_Instruments/Sep-28-2026_11-43-31/HG_Rec_best.pth
2026-09-28 11:49:28,121 - INFO - Epoch 30/150 train_loss=2.323684530258179
2026-09-28 11:49:28,158 - INFO - Best train loss=2.323684530258179; saved /fs04/ar57/wenyu/GeneRec/results/stage3_T5Train/curvature_RQ-VAE_iter40/ckpt/Amazon_2023_Instruments/Sep-28-2026_11-43-31/HG_Rec_best.pth
2026-09-28 11:49:39,766 - INFO - Epoch 31/150 train_loss=2.3110365295410156
2026-09-28 11:49:39,805 - INFO - Best train loss=2.3110365295410156; saved /fs04/ar57/wenyu/GeneRec/results/stage3_T5Train/curvature_RQ-VAE_iter40/ckpt/Amazon_2023_Instruments/Sep-28-2026_11-43-31/HG_Rec_best.pth
2026-09-28 11:49:51,408 - INFO - Epoch 32/150 train_loss=2.297323007583618
2026-09-28 11:49:51,443 - INFO - Best train loss=2.297323007583618; saved /fs04/ar57/wenyu/GeneRec/results/stage3_T5Train/curvature_RQ-VAE_iter40/ckpt/Amazon_2023_Instruments/Sep-28-2026_11-43-31/HG_Rec_best.pth
2026-09-28 11:50:03,050 - INFO - Epoch 33/150 train_loss=2.2776000022888185
2026-09-28 11:50:03,088 - INFO - Best train loss=2.2776000022888185; saved /fs04/ar57/wenyu/GeneRec/results/stage3_T5Train/curvature_RQ-VAE_iter40/ckpt/Amazon_2023_Instruments/Sep-28-2026_11-43-31/HG_Rec_best.pth
2026-09-28 11:50:14,687 - INFO - Epoch 34/150 train_loss=2.266924362182617
2026-09-28 11:50:14,726 - INFO - Best train loss=2.266924362182617; saved /fs04/ar57/wenyu/GeneRec/results/stage3_T5Train/curvature_RQ-VAE_iter40/ckpt/Amazon_2023_Instruments/Sep-28-2026_11-43-31/HG_Rec_best.pth
2026-09-28 11:50:26,325 - INFO - Epoch 35/150 train_loss=2.256133689880371
2026-09-28 11:50:26,363 - INFO - Best train loss=2.256133689880371; saved /fs04/ar57/wenyu/GeneRec/results/stage3_T5Train/curvature_RQ-VAE_iter40/ckpt/Amazon_2023_Instruments/Sep-28-2026_11-43-31/HG_Rec_best.pth
2026-09-28 11:50:37,961 - INFO - Epoch 36/150 train_loss=2.2437022876739503
2026-09-28 11:50:37,996 - INFO - Best train loss=2.2437022876739503; saved /fs04/ar57/wenyu/GeneRec/results/stage3_T5Train/curvature_RQ-VAE_iter40/ckpt/Amazon_2023_Instruments/Sep-28-2026_11-43-31/HG_Rec_best.pth
2026-09-28 11:50:49,600 - INFO - Epoch 37/150 train_loss=2.2288225173950194
2026-09-28 11:50:49,635 - INFO - Best train loss=2.2288225173950194; saved /fs04/ar57/wenyu/GeneRec/results/stage3_T5Train/curvature_RQ-VAE_iter40/ckpt/Amazon_2023_Instruments/Sep-28-2026_11-43-31/HG_Rec_best.pth
2026-09-28 11:51:01,236 - INFO - Epoch 38/150 train_loss=2.218897647857666
2026-09-28 11:51:01,282 - INFO - Best train loss=2.218897647857666; saved /fs04/ar57/wenyu/GeneRec/results/stage3_T5Train/curvature_RQ-VAE_iter40/ckpt/Amazon_2023_Instruments/Sep-28-2026_11-43-31/HG_Rec_best.pth
2026-09-28 11:51:12,886 - INFO - Epoch 39/150 train_loss=2.210801191329956
2026-09-28 11:51:12,923 - INFO - Best train loss=2.210801191329956; saved /fs04/ar57/wenyu/GeneRec/results/stage3_T5Train/curvature_RQ-VAE_iter40/ckpt/Amazon_2023_Instruments/Sep-28-2026_11-43-31/HG_Rec_best.pth
2026-09-28 11:51:24,532 - INFO - Epoch 40/150 train_loss=2.196197147369385
2026-09-28 11:51:24,569 - INFO - Best train loss=2.196197147369385; saved /fs04/ar57/wenyu/GeneRec/results/stage3_T5Train/curvature_RQ-VAE_iter40/ckpt/Amazon_2023_Instruments/Sep-28-2026_11-43-31/HG_Rec_best.pth
2026-09-28 11:51:36,170 - INFO - Epoch 41/150 train_loss=2.1849390983581545
2026-09-28 11:51:36,208 - INFO - Best train loss=2.1849390983581545; saved /fs04/ar57/wenyu/GeneRec/results/stage3_T5Train/curvature_RQ-VAE_iter40/ckpt/Amazon_2023_Instruments/Sep-28-2026_11-43-31/HG_Rec_best.pth
2026-09-28 11:51:47,812 - INFO - Epoch 42/150 train_loss=2.1729982471466065
2026-09-28 11:51:47,848 - INFO - Best train loss=2.1729982471466065; saved /fs04/ar57/wenyu/GeneRec/results/stage3_T5Train/curvature_RQ-VAE_iter40/ckpt/Amazon_2023_Instruments/Sep-28-2026_11-43-31/HG_Rec_best.pth
2026-09-28 11:51:59,458 - INFO - Epoch 43/150 train_loss=2.158804807662964
2026-09-28 11:51:59,496 - INFO - Best train loss=2.158804807662964; saved /fs04/ar57/wenyu/GeneRec/results/stage3_T5Train/curvature_RQ-VAE_iter40/ckpt/Amazon_2023_Instruments/Sep-28-2026_11-43-31/HG_Rec_best.pth
2026-09-28 11:52:11,102 - INFO - Epoch 44/150 train_loss=2.1459755325317382
2026-09-28 11:52:11,141 - INFO - Best train loss=2.1459755325317382; saved /fs04/ar57/wenyu/GeneRec/results/stage3_T5Train/curvature_RQ-VAE_iter40/ckpt/Amazon_2023_Instruments/Sep-28-2026_11-43-31/HG_Rec_best.pth
2026-09-28 11:52:22,747 - INFO - Epoch 45/150 train_loss=2.1371085262298584
2026-09-28 11:52:22,782 - INFO - Best train loss=2.1371085262298584; saved /fs04/ar57/wenyu/GeneRec/results/stage3_T5Train/curvature_RQ-VAE_iter40/ckpt/Amazon_2023_Instruments/Sep-28-2026_11-43-31/HG_Rec_best.pth
2026-09-28 11:52:34,389 - INFO - Epoch 46/150 train_loss=2.126959352493286
2026-09-28 11:52:34,426 - INFO - Best train loss=2.126959352493286; saved /fs04/ar57/wenyu/GeneRec/results/stage3_T5Train/curvature_RQ-VAE_iter40/ckpt/Amazon_2023_Instruments/Sep-28-2026_11-43-31/HG_Rec_best.pth
2026-09-28 11:52:46,034 - INFO - Epoch 47/150 train_loss=2.119314184188843
2026-09-28 11:52:46,075 - INFO - Best train loss=2.119314184188843; saved /fs04/ar57/wenyu/GeneRec/results/stage3_T5Train/curvature_RQ-VAE_iter40/ckpt/Amazon_2023_Instruments/Sep-28-2026_11-43-31/HG_Rec_best.pth
2026-09-28 11:52:57,679 - INFO - Epoch 48/150 train_loss=2.112293643951416
2026-09-28 11:52:57,719 - INFO - Best train loss=2.112293643951416; saved /fs04/ar57/wenyu/GeneRec/results/stage3_T5Train/curvature_RQ-VAE_iter40/ckpt/Amazon_2023_Instruments/Sep-28-2026_11-43-31/HG_Rec_best.pth
2026-09-28 11:53:09,321 - INFO - Epoch 49/150 train_loss=2.0981336784362794
2026-09-28 11:53:09,357 - INFO - Best train loss=2.0981336784362794; saved /fs04/ar57/wenyu/GeneRec/results/stage3_T5Train/curvature_RQ-VAE_iter40/ckpt/Amazon_2023_Instruments/Sep-28-2026_11-43-31/HG_Rec_best.pth
2026-09-28 11:53:20,972 - INFO - Epoch 50/150 train_loss=2.097559108734131
2026-09-28 11:53:21,320 - INFO - Best train loss=2.097559108734131; saved /fs04/ar57/wenyu/GeneRec/results/stage3_T5Train/curvature_RQ-VAE_iter40/ckpt/Amazon_2023_Instruments/Sep-28-2026_11-43-31/HG_Rec_best.pth
2026-09-28 11:53:34,298 - INFO - Epoch 51/150 train_loss=2.0894810009002684
2026-09-28 11:53:34,817 - INFO - Best train loss=2.0894810009002684; saved /fs04/ar57/wenyu/GeneRec/results/stage3_T5Train/curvature_RQ-VAE_iter40/ckpt/Amazon_2023_Instruments/Sep-28-2026_11-43-31/HG_Rec_best.pth
2026-09-28 11:53:46,429 - INFO - Epoch 52/150 train_loss=2.0856523418426516
2026-09-28 11:53:46,468 - INFO - Best train loss=2.0856523418426516; saved /fs04/ar57/wenyu/GeneRec/results/stage3_T5Train/curvature_RQ-VAE_iter40/ckpt/Amazon_2023_Instruments/Sep-28-2026_11-43-31/HG_Rec_best.pth
2026-09-28 11:53:58,069 - INFO - Epoch 53/150 train_loss=2.080420093536377
2026-09-28 11:53:58,106 - INFO - Best train loss=2.080420093536377; saved /fs04/ar57/wenyu/GeneRec/results/stage3_T5Train/curvature_RQ-VAE_iter40/ckpt/Amazon_2023_Instruments/Sep-28-2026_11-43-31/HG_Rec_best.pth
2026-09-28 11:54:09,710 - INFO - Epoch 54/150 train_loss=2.073391637802124
2026-09-28 11:54:09,749 - INFO - Best train loss=2.073391637802124; saved /fs04/ar57/wenyu/GeneRec/results/stage3_T5Train/curvature_RQ-VAE_iter40/ckpt/Amazon_2023_Instruments/Sep-28-2026_11-43-31/HG_Rec_best.pth
2026-09-28 11:54:23,439 - INFO - Epoch 55/150 train_loss=2.069462947845459
2026-09-28 11:54:23,523 - INFO - Best train loss=2.069462947845459; saved /fs04/ar57/wenyu/GeneRec/results/stage3_T5Train/curvature_RQ-VAE_iter40/ckpt/Amazon_2023_Instruments/Sep-28-2026_11-43-31/HG_Rec_best.pth
2026-09-28 11:54:35,131 - INFO - Epoch 56/150 train_loss=2.0646103954315187
2026-09-28 11:54:35,166 - INFO - Best train loss=2.0646103954315187; saved /fs04/ar57/wenyu/GeneRec/results/stage3_T5Train/curvature_RQ-VAE_iter40/ckpt/Amazon_2023_Instruments/Sep-28-2026_11-43-31/HG_Rec_best.pth
2026-09-28 11:54:46,795 - INFO - Epoch 57/150 train_loss=2.0563849353790284
2026-09-28 11:54:46,835 - INFO - Best train loss=2.0563849353790284; saved /fs04/ar57/wenyu/GeneRec/results/stage3_T5Train/curvature_RQ-VAE_iter40/ckpt/Amazon_2023_Instruments/Sep-28-2026_11-43-31/HG_Rec_best.pth
2026-09-28 11:54:58,441 - INFO - Epoch 58/150 train_loss=2.050124568939209
2026-09-28 11:54:58,477 - INFO - Best train loss=2.050124568939209; saved /fs04/ar57/wenyu/GeneRec/results/stage3_T5Train/curvature_RQ-VAE_iter40/ckpt/Amazon_2023_Instruments/Sep-28-2026_11-43-31/HG_Rec_best.pth
2026-09-28 11:55:10,079 - INFO - Epoch 59/150 train_loss=2.044729986190796
2026-09-28 11:55:10,116 - INFO - Best train loss=2.044729986190796; saved /fs04/ar57/wenyu/GeneRec/results/stage3_T5Train/curvature_RQ-VAE_iter40/ckpt/Amazon_2023_Instruments/Sep-28-2026_11-43-31/HG_Rec_best.pth
2026-09-28 11:55:21,714 - INFO - Epoch 60/150 train_loss=2.0413198471069336
2026-09-28 11:55:21,752 - INFO - Best train loss=2.0413198471069336; saved /fs04/ar57/wenyu/GeneRec/results/stage3_T5Train/curvature_RQ-VAE_iter40/ckpt/Amazon_2023_Instruments/Sep-28-2026_11-43-31/HG_Rec_best.pth
2026-09-28 11:55:33,355 - INFO - Epoch 61/150 train_loss=2.037519779205322
2026-09-28 11:55:33,392 - INFO - Best train loss=2.037519779205322; saved /fs04/ar57/wenyu/GeneRec/results/stage3_T5Train/curvature_RQ-VAE_iter40/ckpt/Amazon_2023_Instruments/Sep-28-2026_11-43-31/HG_Rec_best.pth
2026-09-28 11:55:44,981 - INFO - Epoch 62/150 train_loss=2.031069474220276
2026-09-28 11:55:45,017 - INFO - Best train loss=2.031069474220276; saved /fs04/ar57/wenyu/GeneRec/results/stage3_T5Train/curvature_RQ-VAE_iter40/ckpt/Amazon_2023_Instruments/Sep-28-2026_11-43-31/HG_Rec_best.pth
2026-09-28 11:55:56,616 - INFO - Epoch 63/150 train_loss=2.028362846374512
2026-09-28 11:55:56,652 - INFO - Best train loss=2.028362846374512; saved /fs04/ar57/wenyu/GeneRec/results/stage3_T5Train/curvature_RQ-VAE_iter40/ckpt/Amazon_2023_Instruments/Sep-28-2026_11-43-31/HG_Rec_best.pth
2026-09-28 11:56:08,262 - INFO - Epoch 64/150 train_loss=2.0277030658721924
2026-09-28 11:56:08,302 - INFO - Best train loss=2.0277030658721924; saved /fs04/ar57/wenyu/GeneRec/results/stage3_T5Train/curvature_RQ-VAE_iter40/ckpt/Amazon_2023_Instruments/Sep-28-2026_11-43-31/HG_Rec_best.pth
2026-09-28 11:56:19,905 - INFO - Epoch 65/150 train_loss=2.022529935836792
2026-09-28 11:56:19,942 - INFO - Best train loss=2.022529935836792; saved /fs04/ar57/wenyu/GeneRec/results/stage3_T5Train/curvature_RQ-VAE_iter40/ckpt/Amazon_2023_Instruments/Sep-28-2026_11-43-31/HG_Rec_best.pth
2026-09-28 11:56:31,547 - INFO - Epoch 66/150 train_loss=2.0182172584533693
2026-09-28 11:56:31,584 - INFO - Best train loss=2.0182172584533693; saved /fs04/ar57/wenyu/GeneRec/results/stage3_T5Train/curvature_RQ-VAE_iter40/ckpt/Amazon_2023_Instruments/Sep-28-2026_11-43-31/HG_Rec_best.pth
2026-09-28 11:56:43,188 - INFO - Epoch 67/150 train_loss=2.0129404783248903
2026-09-28 11:56:43,224 - INFO - Best train loss=2.0129404783248903; saved /fs04/ar57/wenyu/GeneRec/results/stage3_T5Train/curvature_RQ-VAE_iter40/ckpt/Amazon_2023_Instruments/Sep-28-2026_11-43-31/HG_Rec_best.pth
2026-09-28 11:56:54,831 - INFO - Epoch 68/150 train_loss=2.013624939918518
2026-09-28 11:57:06,444 - INFO - Epoch 69/150 train_loss=2.0113593769073486
2026-09-28 11:57:06,482 - INFO - Best train loss=2.0113593769073486; saved /fs04/ar57/wenyu/GeneRec/results/stage3_T5Train/curvature_RQ-VAE_iter40/ckpt/Amazon_2023_Instruments/Sep-28-2026_11-43-31/HG_Rec_best.pth
2026-09-28 11:57:18,091 - INFO - Epoch 70/150 train_loss=2.00481249332428
2026-09-28 11:57:18,129 - INFO - Best train loss=2.00481249332428; saved /fs04/ar57/wenyu/GeneRec/results/stage3_T5Train/curvature_RQ-VAE_iter40/ckpt/Amazon_2023_Instruments/Sep-28-2026_11-43-31/HG_Rec_best.pth
2026-09-28 11:57:29,729 - INFO - Epoch 71/150 train_loss=2.0022968864440918
2026-09-28 11:57:29,765 - INFO - Best train loss=2.0022968864440918; saved /fs04/ar57/wenyu/GeneRec/results/stage3_T5Train/curvature_RQ-VAE_iter40/ckpt/Amazon_2023_Instruments/Sep-28-2026_11-43-31/HG_Rec_best.pth
2026-09-28 11:57:41,372 - INFO - Epoch 72/150 train_loss=1.9980390357971192
2026-09-28 11:57:41,408 - INFO - Best train loss=1.9980390357971192; saved /fs04/ar57/wenyu/GeneRec/results/stage3_T5Train/curvature_RQ-VAE_iter40/ckpt/Amazon_2023_Instruments/Sep-28-2026_11-43-31/HG_Rec_best.pth
2026-09-28 11:57:53,017 - INFO - Epoch 73/150 train_loss=1.9878861474990845
2026-09-28 11:57:53,053 - INFO - Best train loss=1.9878861474990845; saved /fs04/ar57/wenyu/GeneRec/results/stage3_T5Train/curvature_RQ-VAE_iter40/ckpt/Amazon_2023_Instruments/Sep-28-2026_11-43-31/HG_Rec_best.pth
2026-09-28 11:58:04,667 - INFO - Epoch 74/150 train_loss=1.994563307762146
2026-09-28 11:58:16,270 - INFO - Epoch 75/150 train_loss=1.9915517902374267
2026-09-28 11:58:27,881 - INFO - Epoch 76/150 train_loss=1.9874273204803468
2026-09-28 11:58:27,925 - INFO - Best train loss=1.9874273204803468; saved /fs04/ar57/wenyu/GeneRec/results/stage3_T5Train/curvature_RQ-VAE_iter40/ckpt/Amazon_2023_Instruments/Sep-28-2026_11-43-31/HG_Rec_best.pth
2026-09-28 11:58:39,526 - INFO - Epoch 77/150 train_loss=1.9825703382492066
2026-09-28 11:58:39,560 - INFO - Best train loss=1.9825703382492066; saved /fs04/ar57/wenyu/GeneRec/results/stage3_T5Train/curvature_RQ-VAE_iter40/ckpt/Amazon_2023_Instruments/Sep-28-2026_11-43-31/HG_Rec_best.pth
2026-09-28 11:58:51,161 - INFO - Epoch 78/150 train_loss=1.9806054735183716
2026-09-28 11:58:51,198 - INFO - Best train loss=1.9806054735183716; saved /fs04/ar57/wenyu/GeneRec/results/stage3_T5Train/curvature_RQ-VAE_iter40/ckpt/Amazon_2023_Instruments/Sep-28-2026_11-43-31/HG_Rec_best.pth
2026-09-28 11:59:02,808 - INFO - Epoch 79/150 train_loss=1.9778689050674438
2026-09-28 11:59:02,844 - INFO - Best train loss=1.9778689050674438; saved /fs04/ar57/wenyu/GeneRec/results/stage3_T5Train/curvature_RQ-VAE_iter40/ckpt/Amazon_2023_Instruments/Sep-28-2026_11-43-31/HG_Rec_best.pth
2026-09-28 11:59:14,448 - INFO - Epoch 80/150 train_loss=1.9750127410888672
2026-09-28 11:59:15,040 - INFO - Best train loss=1.9750127410888672; saved /fs04/ar57/wenyu/GeneRec/results/stage3_T5Train/curvature_RQ-VAE_iter40/ckpt/Amazon_2023_Instruments/Sep-28-2026_11-43-31/HG_Rec_best.pth
2026-09-28 11:59:26,646 - INFO - Epoch 81/150 train_loss=1.9741943073272705
2026-09-28 11:59:26,689 - INFO - Best train loss=1.9741943073272705; saved /fs04/ar57/wenyu/GeneRec/results/stage3_T5Train/curvature_RQ-VAE_iter40/ckpt/Amazon_2023_Instruments/Sep-28-2026_11-43-31/HG_Rec_best.pth
2026-09-28 11:59:38,293 - INFO - Epoch 82/150 train_loss=1.966649236679077
2026-09-28 11:59:38,335 - INFO - Best train loss=1.966649236679077; saved /fs04/ar57/wenyu/GeneRec/results/stage3_T5Train/curvature_RQ-VAE_iter40/ckpt/Amazon_2023_Instruments/Sep-28-2026_11-43-31/HG_Rec_best.pth
2026-09-28 11:59:49,933 - INFO - Epoch 83/150 train_loss=1.967611584663391
2026-09-28 12:00:01,533 - INFO - Epoch 84/150 train_loss=1.9618877935409547
2026-09-28 12:00:01,572 - INFO - Best train loss=1.9618877935409547; saved /fs04/ar57/wenyu/GeneRec/results/stage3_T5Train/curvature_RQ-VAE_iter40/ckpt/Amazon_2023_Instruments/Sep-28-2026_11-43-31/HG_Rec_best.pth
2026-09-28 12:00:13,178 - INFO - Epoch 85/150 train_loss=1.962357177734375
2026-09-28 12:00:24,781 - INFO - Epoch 86/150 train_loss=1.960066041946411
2026-09-28 12:00:24,823 - INFO - Best train loss=1.960066041946411; saved /fs04/ar57/wenyu/GeneRec/results/stage3_T5Train/curvature_RQ-VAE_iter40/ckpt/Amazon_2023_Instruments/Sep-28-2026_11-43-31/HG_Rec_best.pth
2026-09-28 12:00:36,425 - INFO - Epoch 87/150 train_loss=1.9600724506378173
2026-09-28 12:00:48,028 - INFO - Epoch 88/150 train_loss=1.9542494440078735
2026-09-28 12:00:48,071 - INFO - Best train loss=1.9542494440078735; saved /fs04/ar57/wenyu/GeneRec/results/stage3_T5Train/curvature_RQ-VAE_iter40/ckpt/Amazon_2023_Instruments/Sep-28-2026_11-43-31/HG_Rec_best.pth
2026-09-28 12:00:59,685 - INFO - Epoch 89/150 train_loss=1.9529386472702026
2026-09-28 12:00:59,722 - INFO - Best train loss=1.9529386472702026; saved /fs04/ar57/wenyu/GeneRec/results/stage3_T5Train/curvature_RQ-VAE_iter40/ckpt/Amazon_2023_Instruments/Sep-28-2026_11-43-31/HG_Rec_best.pth
2026-09-28 12:01:11,323 - INFO - Epoch 90/150 train_loss=1.9509079074859619
2026-09-28 12:01:11,360 - INFO - Best train loss=1.9509079074859619; saved /fs04/ar57/wenyu/GeneRec/results/stage3_T5Train/curvature_RQ-VAE_iter40/ckpt/Amazon_2023_Instruments/Sep-28-2026_11-43-31/HG_Rec_best.pth
2026-09-28 12:01:22,966 - INFO - Epoch 91/150 train_loss=1.9487719678878783
2026-09-28 12:01:23,003 - INFO - Best train loss=1.9487719678878783; saved /fs04/ar57/wenyu/GeneRec/results/stage3_T5Train/curvature_RQ-VAE_iter40/ckpt/Amazon_2023_Instruments/Sep-28-2026_11-43-31/HG_Rec_best.pth
2026-09-28 12:01:35,061 - INFO - Epoch 92/150 train_loss=1.9491604900360107
2026-09-28 12:01:46,665 - INFO - Epoch 93/150 train_loss=1.9417563676834106
2026-09-28 12:01:47,167 - INFO - Best train loss=1.9417563676834106; saved /fs04/ar57/wenyu/GeneRec/results/stage3_T5Train/curvature_RQ-VAE_iter40/ckpt/Amazon_2023_Instruments/Sep-28-2026_11-43-31/HG_Rec_best.pth
2026-09-28 12:01:58,771 - INFO - Epoch 94/150 train_loss=1.945270733833313
2026-09-28 12:02:10,375 - INFO - Epoch 95/150 train_loss=1.9396993255615234
2026-09-28 12:02:10,412 - INFO - Best train loss=1.9396993255615234; saved /fs04/ar57/wenyu/GeneRec/results/stage3_T5Train/curvature_RQ-VAE_iter40/ckpt/Amazon_2023_Instruments/Sep-28-2026_11-43-31/HG_Rec_best.pth
2026-09-28 12:02:22,017 - INFO - Epoch 96/150 train_loss=1.9388118076324463
2026-09-28 12:02:22,053 - INFO - Best train loss=1.9388118076324463; saved /fs04/ar57/wenyu/GeneRec/results/stage3_T5Train/curvature_RQ-VAE_iter40/ckpt/Amazon_2023_Instruments/Sep-28-2026_11-43-31/HG_Rec_best.pth
2026-09-28 12:02:33,657 - INFO - Epoch 97/150 train_loss=1.9371022939682008
2026-09-28 12:02:33,692 - INFO - Best train loss=1.9371022939682008; saved /fs04/ar57/wenyu/GeneRec/results/stage3_T5Train/curvature_RQ-VAE_iter40/ckpt/Amazon_2023_Instruments/Sep-28-2026_11-43-31/HG_Rec_best.pth
2026-09-28 12:02:45,291 - INFO - Epoch 98/150 train_loss=1.9347959136962891
2026-09-28 12:02:45,327 - INFO - Best train loss=1.9347959136962891; saved /fs04/ar57/wenyu/GeneRec/results/stage3_T5Train/curvature_RQ-VAE_iter40/ckpt/Amazon_2023_Instruments/Sep-28-2026_11-43-31/HG_Rec_best.pth
2026-09-28 12:02:56,937 - INFO - Epoch 99/150 train_loss=1.9337695026397705
2026-09-28 12:02:56,973 - INFO - Best train loss=1.9337695026397705; saved /fs04/ar57/wenyu/GeneRec/results/stage3_T5Train/curvature_RQ-VAE_iter40/ckpt/Amazon_2023_Instruments/Sep-28-2026_11-43-31/HG_Rec_best.pth
2026-09-28 12:03:08,579 - INFO - Epoch 100/150 train_loss=1.932463574409485
2026-09-28 12:03:08,614 - INFO - Best train loss=1.932463574409485; saved /fs04/ar57/wenyu/GeneRec/results/stage3_T5Train/curvature_RQ-VAE_iter40/ckpt/Amazon_2023_Instruments/Sep-28-2026_11-43-31/HG_Rec_best.pth
2026-09-28 12:03:20,217 - INFO - Epoch 101/150 train_loss=1.9285312461853028
2026-09-28 12:03:20,254 - INFO - Best train loss=1.9285312461853028; saved /fs04/ar57/wenyu/GeneRec/results/stage3_T5Train/curvature_RQ-VAE_iter40/ckpt/Amazon_2023_Instruments/Sep-28-2026_11-43-31/HG_Rec_best.pth
2026-09-28 12:03:31,987 - INFO - Epoch 102/150 train_loss=1.9284436655044557
2026-09-28 12:03:32,047 - INFO - Best train loss=1.9284436655044557; saved /fs04/ar57/wenyu/GeneRec/results/stage3_T5Train/curvature_RQ-VAE_iter40/ckpt/Amazon_2023_Instruments/Sep-28-2026_11-43-31/HG_Rec_best.pth
2026-09-28 12:03:43,861 - INFO - Epoch 103/150 train_loss=1.9238445138931275
2026-09-28 12:03:43,905 - INFO - Best train loss=1.9238445138931275; saved /fs04/ar57/wenyu/GeneRec/results/stage3_T5Train/curvature_RQ-VAE_iter40/ckpt/Amazon_2023_Instruments/Sep-28-2026_11-43-31/HG_Rec_best.pth
2026-09-28 12:03:55,505 - INFO - Epoch 104/150 train_loss=1.923440570831299
2026-09-28 12:03:55,541 - INFO - Best train loss=1.923440570831299; saved /fs04/ar57/wenyu/GeneRec/results/stage3_T5Train/curvature_RQ-VAE_iter40/ckpt/Amazon_2023_Instruments/Sep-28-2026_11-43-31/HG_Rec_best.pth
2026-09-28 12:04:07,153 - INFO - Epoch 105/150 train_loss=1.9247398424148559
2026-09-28 12:04:18,876 - INFO - Epoch 106/150 train_loss=1.919131679534912
2026-09-28 12:04:18,935 - INFO - Best train loss=1.919131679534912; saved /fs04/ar57/wenyu/GeneRec/results/stage3_T5Train/curvature_RQ-VAE_iter40/ckpt/Amazon_2023_Instruments/Sep-28-2026_11-43-31/HG_Rec_best.pth
2026-09-28 12:04:30,534 - INFO - Epoch 107/150 train_loss=1.9211048364639283
2026-09-28 12:04:42,144 - INFO - Epoch 108/150 train_loss=1.9194600439071656
2026-09-28 12:04:53,767 - INFO - Epoch 109/150 train_loss=1.9131750202178954
2026-09-28 12:04:53,810 - INFO - Best train loss=1.9131750202178954; saved /fs04/ar57/wenyu/GeneRec/results/stage3_T5Train/curvature_RQ-VAE_iter40/ckpt/Amazon_2023_Instruments/Sep-28-2026_11-43-31/HG_Rec_best.pth
2026-09-28 12:05:05,413 - INFO - Epoch 110/150 train_loss=1.9134346532821656
2026-09-28 12:05:17,025 - INFO - Epoch 111/150 train_loss=1.9127063179016113
2026-09-28 12:05:17,061 - INFO - Best train loss=1.9127063179016113; saved /fs04/ar57/wenyu/GeneRec/results/stage3_T5Train/curvature_RQ-VAE_iter40/ckpt/Amazon_2023_Instruments/Sep-28-2026_11-43-31/HG_Rec_best.pth
2026-09-28 12:05:28,669 - INFO - Epoch 112/150 train_loss=1.9111611223220826
2026-09-28 12:05:28,704 - INFO - Best train loss=1.9111611223220826; saved /fs04/ar57/wenyu/GeneRec/results/stage3_T5Train/curvature_RQ-VAE_iter40/ckpt/Amazon_2023_Instruments/Sep-28-2026_11-43-31/HG_Rec_best.pth
2026-09-28 12:05:40,311 - INFO - Epoch 113/150 train_loss=1.911055736541748
2026-09-28 12:05:40,347 - INFO - Best train loss=1.911055736541748; saved /fs04/ar57/wenyu/GeneRec/results/stage3_T5Train/curvature_RQ-VAE_iter40/ckpt/Amazon_2023_Instruments/Sep-28-2026_11-43-31/HG_Rec_best.pth
2026-09-28 12:05:51,955 - INFO - Epoch 114/150 train_loss=1.9076764106750488
2026-09-28 12:05:51,991 - INFO - Best train loss=1.9076764106750488; saved /fs04/ar57/wenyu/GeneRec/results/stage3_T5Train/curvature_RQ-VAE_iter40/ckpt/Amazon_2023_Instruments/Sep-28-2026_11-43-31/HG_Rec_best.pth
2026-09-28 12:06:03,599 - INFO - Epoch 115/150 train_loss=1.9070866107940674
2026-09-28 12:06:03,634 - INFO - Best train loss=1.9070866107940674; saved /fs04/ar57/wenyu/GeneRec/results/stage3_T5Train/curvature_RQ-VAE_iter40/ckpt/Amazon_2023_Instruments/Sep-28-2026_11-43-31/HG_Rec_best.pth
2026-09-28 12:06:15,243 - INFO - Epoch 116/150 train_loss=1.9048451232910155
2026-09-28 12:06:15,279 - INFO - Best train loss=1.9048451232910155; saved /fs04/ar57/wenyu/GeneRec/results/stage3_T5Train/curvature_RQ-VAE_iter40/ckpt/Amazon_2023_Instruments/Sep-28-2026_11-43-31/HG_Rec_best.pth
2026-09-28 12:06:30,095 - INFO - Epoch 117/150 train_loss=1.904534044265747
2026-09-28 12:06:30,132 - INFO - Best train loss=1.904534044265747; saved /fs04/ar57/wenyu/GeneRec/results/stage3_T5Train/curvature_RQ-VAE_iter40/ckpt/Amazon_2023_Instruments/Sep-28-2026_11-43-31/HG_Rec_best.pth
2026-09-28 12:06:41,736 - INFO - Epoch 118/150 train_loss=1.900115270614624
2026-09-28 12:06:41,773 - INFO - Best train loss=1.900115270614624; saved /fs04/ar57/wenyu/GeneRec/results/stage3_T5Train/curvature_RQ-VAE_iter40/ckpt/Amazon_2023_Instruments/Sep-28-2026_11-43-31/HG_Rec_best.pth
2026-09-28 12:06:53,371 - INFO - Epoch 119/150 train_loss=1.8993591976165771
2026-09-28 12:06:53,406 - INFO - Best train loss=1.8993591976165771; saved /fs04/ar57/wenyu/GeneRec/results/stage3_T5Train/curvature_RQ-VAE_iter40/ckpt/Amazon_2023_Instruments/Sep-28-2026_11-43-31/HG_Rec_best.pth
2026-09-28 12:07:05,009 - INFO - Epoch 120/150 train_loss=1.8973694229125977
2026-09-28 12:07:05,045 - INFO - Best train loss=1.8973694229125977; saved /fs04/ar57/wenyu/GeneRec/results/stage3_T5Train/curvature_RQ-VAE_iter40/ckpt/Amazon_2023_Instruments/Sep-28-2026_11-43-31/HG_Rec_best.pth
2026-09-28 12:07:16,649 - INFO - Epoch 121/150 train_loss=1.8961690425872804
2026-09-28 12:07:16,684 - INFO - Best train loss=1.8961690425872804; saved /fs04/ar57/wenyu/GeneRec/results/stage3_T5Train/curvature_RQ-VAE_iter40/ckpt/Amazon_2023_Instruments/Sep-28-2026_11-43-31/HG_Rec_best.pth
2026-09-28 12:07:28,289 - INFO - Epoch 122/150 train_loss=1.896930227279663
2026-09-28 12:07:39,894 - INFO - Epoch 123/150 train_loss=1.8920927906036378
2026-09-28 12:07:39,934 - INFO - Best train loss=1.8920927906036378; saved /fs04/ar57/wenyu/GeneRec/results/stage3_T5Train/curvature_RQ-VAE_iter40/ckpt/Amazon_2023_Instruments/Sep-28-2026_11-43-31/HG_Rec_best.pth
2026-09-28 12:07:51,533 - INFO - Epoch 124/150 train_loss=1.8928569078445434
2026-09-28 12:08:03,141 - INFO - Epoch 125/150 train_loss=1.8928412675857544
2026-09-28 12:08:14,751 - INFO - Epoch 126/150 train_loss=1.8908656167984008
2026-09-28 12:08:14,793 - INFO - Best train loss=1.8908656167984008; saved /fs04/ar57/wenyu/GeneRec/results/stage3_T5Train/curvature_RQ-VAE_iter40/ckpt/Amazon_2023_Instruments/Sep-28-2026_11-43-31/HG_Rec_best.pth
2026-09-28 12:08:26,392 - INFO - Epoch 127/150 train_loss=1.8886864614486694
2026-09-28 12:08:26,431 - INFO - Best train loss=1.8886864614486694; saved /fs04/ar57/wenyu/GeneRec/results/stage3_T5Train/curvature_RQ-VAE_iter40/ckpt/Amazon_2023_Instruments/Sep-28-2026_11-43-31/HG_Rec_best.pth
2026-09-28 12:08:38,029 - INFO - Epoch 128/150 train_loss=1.890861668586731
2026-09-28 12:08:49,629 - INFO - Epoch 129/150 train_loss=1.8868481159210204
2026-09-28 12:08:49,674 - INFO - Best train loss=1.8868481159210204; saved /fs04/ar57/wenyu/GeneRec/results/stage3_T5Train/curvature_RQ-VAE_iter40/ckpt/Amazon_2023_Instruments/Sep-28-2026_11-43-31/HG_Rec_best.pth
2026-09-28 12:09:01,274 - INFO - Epoch 130/150 train_loss=1.8882188653945924
2026-09-28 12:09:12,882 - INFO - Epoch 131/150 train_loss=1.885183391571045
2026-09-28 12:09:12,918 - INFO - Best train loss=1.885183391571045; saved /fs04/ar57/wenyu/GeneRec/results/stage3_T5Train/curvature_RQ-VAE_iter40/ckpt/Amazon_2023_Instruments/Sep-28-2026_11-43-31/HG_Rec_best.pth
2026-09-28 12:09:24,524 - INFO - Epoch 132/150 train_loss=1.8860995626449586
2026-09-28 12:09:36,130 - INFO - Epoch 133/150 train_loss=1.8862730264663696
2026-09-28 12:09:47,732 - INFO - Epoch 134/150 train_loss=1.8812646579742431
2026-09-28 12:09:47,773 - INFO - Best train loss=1.8812646579742431; saved /fs04/ar57/wenyu/GeneRec/results/stage3_T5Train/curvature_RQ-VAE_iter40/ckpt/Amazon_2023_Instruments/Sep-28-2026_11-43-31/HG_Rec_best.pth
2026-09-28 12:09:59,379 - INFO - Epoch 135/150 train_loss=1.8816220140457154
2026-09-28 12:10:10,992 - INFO - Epoch 136/150 train_loss=1.8816765880584716
2026-09-28 12:10:22,601 - INFO - Epoch 137/150 train_loss=1.8806399297714234
2026-09-28 12:10:22,637 - INFO - Best train loss=1.8806399297714234; saved /fs04/ar57/wenyu/GeneRec/results/stage3_T5Train/curvature_RQ-VAE_iter40/ckpt/Amazon_2023_Instruments/Sep-28-2026_11-43-31/HG_Rec_best.pth
2026-09-28 12:10:34,246 - INFO - Epoch 138/150 train_loss=1.8787784194946289
2026-09-28 12:10:34,282 - INFO - Best train loss=1.8787784194946289; saved /fs04/ar57/wenyu/GeneRec/results/stage3_T5Train/curvature_RQ-VAE_iter40/ckpt/Amazon_2023_Instruments/Sep-28-2026_11-43-31/HG_Rec_best.pth
2026-09-28 12:10:45,887 - INFO - Epoch 139/150 train_loss=1.8775192451477052
2026-09-28 12:10:45,922 - INFO - Best train loss=1.8775192451477052; saved /fs04/ar57/wenyu/GeneRec/results/stage3_T5Train/curvature_RQ-VAE_iter40/ckpt/Amazon_2023_Instruments/Sep-28-2026_11-43-31/HG_Rec_best.pth
2026-09-28 12:10:57,525 - INFO - Epoch 140/150 train_loss=1.8775037479400636
2026-09-28 12:10:57,560 - INFO - Best train loss=1.8775037479400636; saved /fs04/ar57/wenyu/GeneRec/results/stage3_T5Train/curvature_RQ-VAE_iter40/ckpt/Amazon_2023_Instruments/Sep-28-2026_11-43-31/HG_Rec_best.pth
2026-09-28 12:11:09,165 - INFO - Epoch 141/150 train_loss=1.8798562479019165
2026-09-28 12:11:20,772 - INFO - Epoch 142/150 train_loss=1.8777346563339234
2026-09-28 12:11:32,378 - INFO - Epoch 143/150 train_loss=1.8752976369857788
2026-09-28 12:11:32,419 - INFO - Best train loss=1.8752976369857788; saved /fs04/ar57/wenyu/GeneRec/results/stage3_T5Train/curvature_RQ-VAE_iter40/ckpt/Amazon_2023_Instruments/Sep-28-2026_11-43-31/HG_Rec_best.pth
2026-09-28 12:11:44,025 - INFO - Epoch 144/150 train_loss=1.8723246002197265
2026-09-28 12:11:44,059 - INFO - Best train loss=1.8723246002197265; saved /fs04/ar57/wenyu/GeneRec/results/stage3_T5Train/curvature_RQ-VAE_iter40/ckpt/Amazon_2023_Instruments/Sep-28-2026_11-43-31/HG_Rec_best.pth
2026-09-28 12:11:55,658 - INFO - Epoch 145/150 train_loss=1.8710206508636475
2026-09-28 12:11:55,693 - INFO - Best train loss=1.8710206508636475; saved /fs04/ar57/wenyu/GeneRec/results/stage3_T5Train/curvature_RQ-VAE_iter40/ckpt/Amazon_2023_Instruments/Sep-28-2026_11-43-31/HG_Rec_best.pth
2026-09-28 12:12:07,299 - INFO - Epoch 146/150 train_loss=1.8728984451293946
2026-09-28 12:12:18,905 - INFO - Epoch 147/150 train_loss=1.8697087001800536
2026-09-28 12:12:18,944 - INFO - Best train loss=1.8697087001800536; saved /fs04/ar57/wenyu/GeneRec/results/stage3_T5Train/curvature_RQ-VAE_iter40/ckpt/Amazon_2023_Instruments/Sep-28-2026_11-43-31/HG_Rec_best.pth
2026-09-28 12:12:30,552 - INFO - Epoch 148/150 train_loss=1.869917359352112
2026-09-28 12:12:42,163 - INFO - Epoch 149/150 train_loss=1.8687754440307618
2026-09-28 12:12:42,198 - INFO - Best train loss=1.8687754440307618; saved /fs04/ar57/wenyu/GeneRec/results/stage3_T5Train/curvature_RQ-VAE_iter40/ckpt/Amazon_2023_Instruments/Sep-28-2026_11-43-31/HG_Rec_best.pth
2026-09-28 12:12:53,803 - INFO - Epoch 150/150 train_loss=1.8688824844360352
2026-09-28 12:21:04,327 - INFO - Test={'best_checkpoint': '/fs04/ar57/wenyu/GeneRec/results/stage3_T5Train/curvature_RQ-VAE_iter40/ckpt/Amazon_2023_Instruments/Sep-28-2026_11-43-31/HG_Rec_best.pth', 'n_eval': 57439, 'test_recall@5': 0.03898048364351747, 'test_recall@10': 0.05874057695990529, 'test_ndcg@5': 0.026227416753902482, 'test_ndcg@10': 0.03257061267220848}
