W1007 04:33:06.620640 3443731 /fs04/scratch2/ar57/wenyu/genrec_env_v2/lib/python3.9/site-packages/torch/distributed/run.py:774] 
W1007 04:33:06.620640 3443731 /fs04/scratch2/ar57/wenyu/genrec_env_v2/lib/python3.9/site-packages/torch/distributed/run.py:774] *****************************************
W1007 04:33:06.620640 3443731 /fs04/scratch2/ar57/wenyu/genrec_env_v2/lib/python3.9/site-packages/torch/distributed/run.py:774] Setting OMP_NUM_THREADS environment variable for each process to be 1 in default, to avoid your system being overloaded, please further tune the variable for optimal performance in your application as needed. 
W1007 04:33:06.620640 3443731 /fs04/scratch2/ar57/wenyu/genrec_env_v2/lib/python3.9/site-packages/torch/distributed/run.py:774] *****************************************
[hyperbolic] cold_start=true max_global_steps=72000 batch_size_per_rank=1024 total_effective_batch=4096 c=[1.0, 1.0, 1.0] radius=[0.2, 0.25, 0.2]
[RecBole RQ-VAE] initializing codebooks with KMeans
/fs04/ar57/wenyu/GeneRec/stage2_RQ-VAE/curvature_RQ-VAE_iter100/model/layers.py:113: UserWarning: Deterministic behavior was enabled with either `torch.use_deterministic_algorithms(True)` or `at::Context::setDeterministicAlgorithms(true)`, but this operation is not deterministic because it uses CuBLAS and you have CUDA >= 10.2. To enable deterministic behavior in this case, you must set an environment variable before running your PyTorch application: CUBLAS_WORKSPACE_CONFIG=:4096:8 or CUBLAS_WORKSPACE_CONFIG=:16:8. For more information, go to https://docs.nvidia.com/cuda/cublas/index.html#results-reproducibility (Triggered internally at /pytorch/aten/src/ATen/Context.cpp:233.)
  dot = x_point @ y_point.t()
/fs04/ar57/wenyu/GeneRec/stage2_RQ-VAE/curvature_RQ-VAE_iter100/model/layers.py:113: UserWarning: Deterministic behavior was enabled with either `torch.use_deterministic_algorithms(True)` or `at::Context::setDeterministicAlgorithms(true)`, but this operation is not deterministic because it uses CuBLAS and you have CUDA >= 10.2. To enable deterministic behavior in this case, you must set an environment variable before running your PyTorch application: CUBLAS_WORKSPACE_CONFIG=:4096:8 or CUBLAS_WORKSPACE_CONFIG=:16:8. For more information, go to https://docs.nvidia.com/cuda/cublas/index.html#results-reproducibility (Triggered internally at /pytorch/aten/src/ATen/Context.cpp:233.)
  dot = x_point @ y_point.t()
/fs04/ar57/wenyu/GeneRec/stage2_RQ-VAE/curvature_RQ-VAE_iter100/model/layers.py:113: UserWarning: Deterministic behavior was enabled with either `torch.use_deterministic_algorithms(True)` or `at::Context::setDeterministicAlgorithms(true)`, but this operation is not deterministic because it uses CuBLAS and you have CUDA >= 10.2. To enable deterministic behavior in this case, you must set an environment variable before running your PyTorch application: CUBLAS_WORKSPACE_CONFIG=:4096:8 or CUBLAS_WORKSPACE_CONFIG=:16:8. For more information, go to https://docs.nvidia.com/cuda/cublas/index.html#results-reproducibility (Triggered internally at /pytorch/aten/src/ATen/Context.cpp:233.)
  dot = x_point @ y_point.t()
/fs04/ar57/wenyu/GeneRec/stage2_RQ-VAE/curvature_RQ-VAE_iter100/model/layers.py:113: UserWarning: Deterministic behavior was enabled with either `torch.use_deterministic_algorithms(True)` or `at::Context::setDeterministicAlgorithms(true)`, but this operation is not deterministic because it uses CuBLAS and you have CUDA >= 10.2. To enable deterministic behavior in this case, you must set an environment variable before running your PyTorch application: CUBLAS_WORKSPACE_CONFIG=:4096:8 or CUBLAS_WORKSPACE_CONFIG=:16:8. For more information, go to https://docs.nvidia.com/cuda/cublas/index.html#results-reproducibility (Triggered internally at /pytorch/aten/src/ATen/Context.cpp:233.)
  dot = x_point @ y_point.t()
/fs04/ar57/wenyu/GeneRec/stage2_RQ-VAE/curvature_RQ-VAE_iter100/model/layers.py:113: UserWarning: Deterministic behavior was enabled with either `torch.use_deterministic_algorithms(True)` or `at::Context::setDeterministicAlgorithms(true)`, but this operation is not deterministic because it uses CuBLAS and you have CUDA >= 10.2. To enable deterministic behavior in this case, you must set an environment variable before running your PyTorch application: CUBLAS_WORKSPACE_CONFIG=:4096:8 or CUBLAS_WORKSPACE_CONFIG=:16:8. For more information, go to https://docs.nvidia.com/cuda/cublas/index.html#results-reproducibility (Triggered internally at /pytorch/aten/src/ATen/Context.cpp:233.)
  dot = x_point @ y_point.t()
/fs04/ar57/wenyu/GeneRec/stage2_RQ-VAE/curvature_RQ-VAE_iter100/model/layers.py:113: UserWarning: Deterministic behavior was enabled with either `torch.use_deterministic_algorithms(True)` or `at::Context::setDeterministicAlgorithms(true)`, but this operation is not deterministic because it uses CuBLAS and you have CUDA >= 10.2. To enable deterministic behavior in this case, you must set an environment variable before running your PyTorch application: CUBLAS_WORKSPACE_CONFIG=:4096:8 or CUBLAS_WORKSPACE_CONFIG=:16:8. For more information, go to https://docs.nvidia.com/cuda/cublas/index.html#results-reproducibility (Triggered internally at /pytorch/aten/src/ATen/Context.cpp:233.)
  dot = x_point @ y_point.t()
/fs04/ar57/wenyu/GeneRec/stage2_RQ-VAE/curvature_RQ-VAE_iter100/model/layers.py:113: UserWarning: Deterministic behavior was enabled with either `torch.use_deterministic_algorithms(True)` or `at::Context::setDeterministicAlgorithms(true)`, but this operation is not deterministic because it uses CuBLAS and you have CUDA >= 10.2. To enable deterministic behavior in this case, you must set an environment variable before running your PyTorch application: CUBLAS_WORKSPACE_CONFIG=:4096:8 or CUBLAS_WORKSPACE_CONFIG=:16:8. For more information, go to https://docs.nvidia.com/cuda/cublas/index.html#results-reproducibility (Triggered internally at /pytorch/aten/src/ATen/Context.cpp:233.)
  dot = x_point @ y_point.t()
/fs04/ar57/wenyu/GeneRec/stage2_RQ-VAE/curvature_RQ-VAE_iter100/model/layers.py:113: UserWarning: Deterministic behavior was enabled with either `torch.use_deterministic_algorithms(True)` or `at::Context::setDeterministicAlgorithms(true)`, but this operation is not deterministic because it uses CuBLAS and you have CUDA >= 10.2. To enable deterministic behavior in this case, you must set an environment variable before running your PyTorch application: CUBLAS_WORKSPACE_CONFIG=:4096:8 or CUBLAS_WORKSPACE_CONFIG=:16:8. For more information, go to https://docs.nvidia.com/cuda/cublas/index.html#results-reproducibility (Triggered internally at /pytorch/aten/src/ATen/Context.cpp:233.)
  dot = x_point @ y_point.t()
/fs04/ar57/wenyu/GeneRec/stage2_RQ-VAE/curvature_RQ-VAE_iter100/model/layers.py:113: UserWarning: Deterministic behavior was enabled with either `torch.use_deterministic_algorithms(True)` or `at::Context::setDeterministicAlgorithms(true)`, but this operation is not deterministic because it uses CuBLAS and you have CUDA >= 10.2. To enable deterministic behavior in this case, you must set an environment variable before running your PyTorch application: CUBLAS_WORKSPACE_CONFIG=:4096:8 or CUBLAS_WORKSPACE_CONFIG=:16:8. For more information, go to https://docs.nvidia.com/cuda/cublas/index.html#results-reproducibility (Triggered internally at /pytorch/aten/src/ATen/Context.cpp:233.)
  dot = x_point @ y_point.t()
/home/wlia0047/ar57_scratch/wenyu/genrec_env_v2/lib64/python3.9/site-packages/torch/distributed/distributed_c10d.py:4807: UserWarning: No device id is provided via `init_process_group` or `barrier `. Using the current device set by the user. 
  warnings.warn(  # warn only once
/fs04/ar57/wenyu/GeneRec/stage2_RQ-VAE/curvature_RQ-VAE_iter100/model/layers.py:113: UserWarning: Deterministic behavior was enabled with either `torch.use_deterministic_algorithms(True)` or `at::Context::setDeterministicAlgorithms(true)`, but this operation is not deterministic because it uses CuBLAS and you have CUDA >= 10.2. To enable deterministic behavior in this case, you must set an environment variable before running your PyTorch application: CUBLAS_WORKSPACE_CONFIG=:4096:8 or CUBLAS_WORKSPACE_CONFIG=:16:8. For more information, go to https://docs.nvidia.com/cuda/cublas/index.html#results-reproducibility (Triggered internally at /pytorch/aten/src/ATen/Context.cpp:233.)
  dot = x_point @ y_point.t()
/fs04/ar57/wenyu/GeneRec/stage2_RQ-VAE/curvature_RQ-VAE_iter100/model/layers.py:113: UserWarning: Deterministic behavior was enabled with either `torch.use_deterministic_algorithms(True)` or `at::Context::setDeterministicAlgorithms(true)`, but this operation is not deterministic because it uses CuBLAS and you have CUDA >= 10.2. To enable deterministic behavior in this case, you must set an environment variable before running your PyTorch application: CUBLAS_WORKSPACE_CONFIG=:4096:8 or CUBLAS_WORKSPACE_CONFIG=:16:8. For more information, go to https://docs.nvidia.com/cuda/cublas/index.html#results-reproducibility (Triggered internally at /pytorch/aten/src/ATen/Context.cpp:233.)
  dot = x_point @ y_point.t()
/fs04/ar57/wenyu/GeneRec/stage2_RQ-VAE/curvature_RQ-VAE_iter100/model/layers.py:113: UserWarning: Deterministic behavior was enabled with either `torch.use_deterministic_algorithms(True)` or `at::Context::setDeterministicAlgorithms(true)`, but this operation is not deterministic because it uses CuBLAS and you have CUDA >= 10.2. To enable deterministic behavior in this case, you must set an environment variable before running your PyTorch application: CUBLAS_WORKSPACE_CONFIG=:4096:8 or CUBLAS_WORKSPACE_CONFIG=:16:8. For more information, go to https://docs.nvidia.com/cuda/cublas/index.html#results-reproducibility (Triggered internally at /pytorch/aten/src/ATen/Context.cpp:233.)
  dot = x_point @ y_point.t()
/home/wlia0047/ar57_scratch/wenyu/genrec_env_v2/lib64/python3.9/site-packages/torch/distributed/distributed_c10d.py:4807: UserWarning: No device id is provided via `init_process_group` or `barrier `. Using the current device set by the user. 
  warnings.warn(  # warn only once
/home/wlia0047/ar57_scratch/wenyu/genrec_env_v2/lib64/python3.9/site-packages/torch/distributed/distributed_c10d.py:4807: UserWarning: No device id is provided via `init_process_group` or `barrier `. Using the current device set by the user. 
  warnings.warn(  # warn only once
/home/wlia0047/ar57_scratch/wenyu/genrec_env_v2/lib64/python3.9/site-packages/torch/distributed/distributed_c10d.py:4807: UserWarning: No device id is provided via `init_process_group` or `barrier `. Using the current device set by the user. 
  warnings.warn(  # warn only once
/home/wlia0047/ar57_scratch/wenyu/genrec_env_v2/lib64/python3.9/site-packages/torch/autograd/graph.py:829: UserWarning: Deterministic behavior was enabled with either `torch.use_deterministic_algorithms(True)` or `at::Context::setDeterministicAlgorithms(true)`, but this operation is not deterministic because it uses CuBLAS and you have CUDA >= 10.2. To enable deterministic behavior in this case, you must set an environment variable before running your PyTorch application: CUBLAS_WORKSPACE_CONFIG=:4096:8 or CUBLAS_WORKSPACE_CONFIG=:16:8. For more information, go to https://docs.nvidia.com/cuda/cublas/index.html#results-reproducibility (Triggered internally at /pytorch/aten/src/ATen/Context.cpp:233.)
  return Variable._execution_engine.run_backward(  # Calls into the C++ engine to run the backward pass
/home/wlia0047/ar57_scratch/wenyu/genrec_env_v2/lib64/python3.9/site-packages/torch/autograd/graph.py:829: UserWarning: Deterministic behavior was enabled with either `torch.use_deterministic_algorithms(True)` or `at::Context::setDeterministicAlgorithms(true)`, but this operation is not deterministic because it uses CuBLAS and you have CUDA >= 10.2. To enable deterministic behavior in this case, you must set an environment variable before running your PyTorch application: CUBLAS_WORKSPACE_CONFIG=:4096:8 or CUBLAS_WORKSPACE_CONFIG=:16:8. For more information, go to https://docs.nvidia.com/cuda/cublas/index.html#results-reproducibility (Triggered internally at /pytorch/aten/src/ATen/Context.cpp:233.)
  return Variable._execution_engine.run_backward(  # Calls into the C++ engine to run the backward pass
/home/wlia0047/ar57_scratch/wenyu/genrec_env_v2/lib64/python3.9/site-packages/torch/autograd/graph.py:829: UserWarning: Deterministic behavior was enabled with either `torch.use_deterministic_algorithms(True)` or `at::Context::setDeterministicAlgorithms(true)`, but this operation is not deterministic because it uses CuBLAS and you have CUDA >= 10.2. To enable deterministic behavior in this case, you must set an environment variable before running your PyTorch application: CUBLAS_WORKSPACE_CONFIG=:4096:8 or CUBLAS_WORKSPACE_CONFIG=:16:8. For more information, go to https://docs.nvidia.com/cuda/cublas/index.html#results-reproducibility (Triggered internally at /pytorch/aten/src/ATen/Context.cpp:233.)
  return Variable._execution_engine.run_backward(  # Calls into the C++ engine to run the backward pass
/home/wlia0047/ar57_scratch/wenyu/genrec_env_v2/lib64/python3.9/site-packages/torch/autograd/graph.py:829: UserWarning: Deterministic behavior was enabled with either `torch.use_deterministic_algorithms(True)` or `at::Context::setDeterministicAlgorithms(true)`, but this operation is not deterministic because it uses CuBLAS and you have CUDA >= 10.2. To enable deterministic behavior in this case, you must set an environment variable before running your PyTorch application: CUBLAS_WORKSPACE_CONFIG=:4096:8 or CUBLAS_WORKSPACE_CONFIG=:16:8. For more information, go to https://docs.nvidia.com/cuda/cublas/index.html#results-reproducibility (Triggered internally at /pytorch/aten/src/ATen/Context.cpp:233.)
  return Variable._execution_engine.run_backward(  # Calls into the C++ engine to run the backward pass
[hyperbolic] global_step=168/72000 local_updates=42 loss=0.17693469 recon=0.00020184
[hyperbolic] global_step=240/72000 local_updates=60 loss=0.17061433 recon=0.00018254
[hyperbolic] global_step=324/72000 local_updates=81 loss=0.16210353 recon=0.00018004
[hyperbolic] global_step=436/72000 local_updates=109 loss=0.17089494 recon=0.00015799
[hyperbolic] global_step=556/72000 local_updates=139 loss=0.16449887 recon=0.00018664
[hyperbolic] global_step=664/72000 local_updates=166 loss=0.16718613 recon=0.00015589
[hyperbolic] global_step=776/72000 local_updates=194 loss=0.16147462 recon=0.00015307
[hyperbolic] global_step=892/72000 local_updates=223 loss=0.16719835 recon=0.00017091
[hyperbolic] global_step=1008/72000 local_updates=252 loss=0.16829742 recon=0.00018727
[hyperbolic] global_step=1128/72000 local_updates=282 loss=0.16887674 recon=0.00015709
[hyperbolic] global_step=1236/72000 local_updates=309 loss=0.16496095 recon=0.00018186
[hyperbolic] global_step=1360/72000 local_updates=340 loss=0.16673730 recon=0.00018149
[hyperbolic] global_step=1476/72000 local_updates=369 loss=0.16613987 recon=0.00016630
[hyperbolic] global_step=1596/72000 local_updates=399 loss=0.16766277 recon=0.00015346
[hyperbolic] global_step=1712/72000 local_updates=428 loss=0.16894202 recon=0.00015402
[hyperbolic] global_step=1832/72000 local_updates=458 loss=0.16227815 recon=0.00016149
[hyperbolic] global_step=1956/72000 local_updates=489 loss=0.16144989 recon=0.00015855
[hyperbolic] global_step=2068/72000 local_updates=517 loss=0.15927663 recon=0.00015760
[hyperbolic] global_step=2196/72000 local_updates=549 loss=0.16406356 recon=0.00015534
[hyperbolic] global_step=2316/72000 local_updates=579 loss=0.16354287 recon=0.00016162
[hyperbolic] global_step=2444/72000 local_updates=611 loss=0.16337302 recon=0.00014822
[hyperbolic] global_step=2568/72000 local_updates=642 loss=0.16456096 recon=0.00015661
[hyperbolic] global_step=2684/72000 local_updates=671 loss=0.16568099 recon=0.00015546
[hyperbolic] global_step=2804/72000 local_updates=701 loss=0.16117676 recon=0.00013466
[hyperbolic] global_step=2924/72000 local_updates=731 loss=0.16275987 recon=0.00015771
[hyperbolic] global_step=3044/72000 local_updates=761 loss=0.16226639 recon=0.00014980
[hyperbolic] global_step=3172/72000 local_updates=793 loss=0.16326083 recon=0.00015206
[hyperbolic] global_step=3292/72000 local_updates=823 loss=0.16340640 recon=0.00012755
[hyperbolic] global_step=3412/72000 local_updates=853 loss=0.15892331 recon=0.00014840
[hyperbolic] global_step=3536/72000 local_updates=884 loss=0.15859617 recon=0.00016078
[hyperbolic] global_step=3664/72000 local_updates=916 loss=0.15971963 recon=0.00013771
[hyperbolic] global_step=3788/72000 local_updates=947 loss=0.15804267 recon=0.00016073
[hyperbolic] global_step=3908/72000 local_updates=977 loss=0.16173181 recon=0.00016028
[hyperbolic] global_step=4028/72000 local_updates=1007 loss=0.16077092 recon=0.00013799
[hyperbolic] global_step=4152/72000 local_updates=1038 loss=0.16328610 recon=0.00013654
[hyperbolic] global_step=4268/72000 local_updates=1067 loss=0.16002272 recon=0.00015980
[hyperbolic] global_step=4392/72000 local_updates=1098 loss=0.15978082 recon=0.00015633
[hyperbolic] global_step=4516/72000 local_updates=1129 loss=0.16265264 recon=0.00015390
[hyperbolic] global_step=4644/72000 local_updates=1161 loss=0.16703546 recon=0.00014247
[hyperbolic] global_step=4764/72000 local_updates=1191 loss=0.16170242 recon=0.00015445
[hyperbolic] global_step=4888/72000 local_updates=1222 loss=0.15697297 recon=0.00013730
[hyperbolic] global_step=5008/72000 local_updates=1252 loss=0.15941827 recon=0.00015413
[hyperbolic] global_step=5132/72000 local_updates=1283 loss=0.15768206 recon=0.00015293
[hyperbolic] global_step=5260/72000 local_updates=1315 loss=0.15831636 recon=0.00013979
[hyperbolic] global_step=5388/72000 local_updates=1347 loss=0.15970466 recon=0.00013850
[hyperbolic] global_step=5512/72000 local_updates=1378 loss=0.16051736 recon=0.00014842
[hyperbolic] global_step=5636/72000 local_updates=1409 loss=0.16021357 recon=0.00015334
[hyperbolic] global_step=5764/72000 local_updates=1441 loss=0.15694447 recon=0.00015155
[hyperbolic] global_step=5892/72000 local_updates=1473 loss=0.15953159 recon=0.00014642
[hyperbolic] global_step=6020/72000 local_updates=1505 loss=0.15781558 recon=0.00015906
[hyperbolic] global_step=6144/72000 local_updates=1536 loss=0.16029745 recon=0.00014375
[hyperbolic] global_step=6264/72000 local_updates=1566 loss=0.16044077 recon=0.00014135
[hyperbolic] global_step=6388/72000 local_updates=1597 loss=0.16021398 recon=0.00017022
[hyperbolic] global_step=6524/72000 local_updates=1631 loss=0.15477945 recon=0.00014196
[hyperbolic] global_step=6652/72000 local_updates=1663 loss=0.15554760 recon=0.00015994
[hyperbolic] global_step=6780/72000 local_updates=1695 loss=0.15862392 recon=0.00015907
[hyperbolic] global_step=6912/72000 local_updates=1728 loss=0.15816967 recon=0.00015111
[hyperbolic] global_step=7044/72000 local_updates=1761 loss=0.15826792 recon=0.00015162
[hyperbolic] global_step=7172/72000 local_updates=1793 loss=0.15878323 recon=0.00015045
[hyperbolic] global_step=7300/72000 local_updates=1825 loss=0.15865047 recon=0.00015431
[hyperbolic] global_step=7420/72000 local_updates=1855 loss=0.15779123 recon=0.00014936
[hyperbolic] global_step=7548/72000 local_updates=1887 loss=0.15673265 recon=0.00014921
[hyperbolic] global_step=7672/72000 local_updates=1918 loss=0.15701014 recon=0.00011558
[hyperbolic] global_step=7800/72000 local_updates=1950 loss=0.16098465 recon=0.00015233
[hyperbolic] global_step=7928/72000 local_updates=1982 loss=0.15831620 recon=0.00016104
[hyperbolic] global_step=8052/72000 local_updates=2013 loss=0.16063055 recon=0.00014617
[hyperbolic] global_step=8176/72000 local_updates=2044 loss=0.16023616 recon=0.00014937
[hyperbolic] global_step=8304/72000 local_updates=2076 loss=0.15926604 recon=0.00016495
[hyperbolic] global_step=8424/72000 local_updates=2106 loss=0.16101477 recon=0.00017136
[hyperbolic] global_step=8548/72000 local_updates=2137 loss=0.15702756 recon=0.00013864
[hyperbolic] global_step=8672/72000 local_updates=2168 loss=0.15482682 recon=0.00014717
[hyperbolic] global_step=8796/72000 local_updates=2199 loss=0.15566058 recon=0.00014539
[hyperbolic] global_step=8920/72000 local_updates=2230 loss=0.15632710 recon=0.00014915
[hyperbolic] global_step=9044/72000 local_updates=2261 loss=0.15776680 recon=0.00016228
[hyperbolic] global_step=9168/72000 local_updates=2292 loss=0.16126911 recon=0.00014944
[hyperbolic] global_step=9288/72000 local_updates=2322 loss=0.16028115 recon=0.00014970
[hyperbolic] global_step=9416/72000 local_updates=2354 loss=0.15647948 recon=0.00014076
[hyperbolic] global_step=9540/72000 local_updates=2385 loss=0.15748730 recon=0.00014516
[hyperbolic] global_step=9668/72000 local_updates=2417 loss=0.15596467 recon=0.00013485
[hyperbolic] global_step=9796/72000 local_updates=2449 loss=0.15937707 recon=0.00015177
[hyperbolic] global_step=9924/72000 local_updates=2481 loss=0.15991625 recon=0.00014388
[hyperbolic] global_step=10000/72000 loss=0.16167079 recon=0.00015555 s=[0.2, 0.25, 0.2] c=[1.0, 1.0, 1.0] epsilon=[0.003, 0.003, 0.003] raw_unique=24551/24587 collision=0.001464 behaviour=0.21700344 margin=[0.003289, 0.011199, 0.01585] N=[339519, 21910, 1067] prefix_unique=[256, 15007, 23400] codebook_used=[256, 256, 256]
[hyperbolic] global_step=10124/72000 local_updates=2531 loss=0.15797937 recon=0.00015631
[hyperbolic] global_step=10244/72000 local_updates=2561 loss=0.15752868 recon=0.00014583
[hyperbolic] global_step=10368/72000 local_updates=2592 loss=0.15976197 recon=0.00013637
[hyperbolic] global_step=10496/72000 local_updates=2624 loss=0.15583412 recon=0.00015307
[hyperbolic] global_step=10620/72000 local_updates=2655 loss=0.15426899 recon=0.00016430
[hyperbolic] global_step=10748/72000 local_updates=2687 loss=0.16113661 recon=0.00015393
[hyperbolic] global_step=10868/72000 local_updates=2717 loss=0.15602657 recon=0.00014863
[hyperbolic] global_step=10992/72000 local_updates=2748 loss=0.15835442 recon=0.00013938
[hyperbolic] global_step=11116/72000 local_updates=2779 loss=0.15713856 recon=0.00013345
[hyperbolic] global_step=11244/72000 local_updates=2811 loss=0.15695056 recon=0.00015491
[hyperbolic] global_step=11364/72000 local_updates=2841 loss=0.15989977 recon=0.00014672
[hyperbolic] global_step=11488/72000 local_updates=2872 loss=0.16025288 recon=0.00015050
[hyperbolic] global_step=11608/72000 local_updates=2902 loss=0.16017461 recon=0.00015597
[hyperbolic] global_step=11728/72000 local_updates=2932 loss=0.15793057 recon=0.00014671
[hyperbolic] global_step=11852/72000 local_updates=2963 loss=0.15697961 recon=0.00013736
[hyperbolic] global_step=11980/72000 local_updates=2995 loss=0.15785119 recon=0.00015915
[hyperbolic] global_step=12112/72000 local_updates=3028 loss=0.15899770 recon=0.00014062
[hyperbolic] global_step=12236/72000 local_updates=3059 loss=0.15602632 recon=0.00014703
[hyperbolic] global_step=12356/72000 local_updates=3089 loss=0.15597220 recon=0.00013430
[hyperbolic] global_step=12480/72000 local_updates=3120 loss=0.15759736 recon=0.00015189
[hyperbolic] global_step=12604/72000 local_updates=3151 loss=0.16068631 recon=0.00014982
[hyperbolic] global_step=12732/72000 local_updates=3183 loss=0.16013682 recon=0.00013191
[hyperbolic] global_step=12860/72000 local_updates=3215 loss=0.15592769 recon=0.00014302
[hyperbolic] global_step=12988/72000 local_updates=3247 loss=0.15767473 recon=0.00014263
[hyperbolic] global_step=13120/72000 local_updates=3280 loss=0.15927874 recon=0.00014367
[hyperbolic] global_step=13248/72000 local_updates=3312 loss=0.15742379 recon=0.00015531
[hyperbolic] global_step=13368/72000 local_updates=3342 loss=0.15764995 recon=0.00015482
[hyperbolic] global_step=13488/72000 local_updates=3372 loss=0.15828218 recon=0.00015262
[hyperbolic] global_step=13620/72000 local_updates=3405 loss=0.15467311 recon=0.00016261
[hyperbolic] global_step=13740/72000 local_updates=3435 loss=0.15541911 recon=0.00014134
[hyperbolic] global_step=13868/72000 local_updates=3467 loss=0.15800421 recon=0.00013413
[hyperbolic] global_step=14004/72000 local_updates=3501 loss=0.15725821 recon=0.00014001
[hyperbolic] global_step=14128/72000 local_updates=3532 loss=0.15694685 recon=0.00014750
[hyperbolic] global_step=14252/72000 local_updates=3563 loss=0.16002095 recon=0.00012884
[hyperbolic] global_step=14376/72000 local_updates=3594 loss=0.15726456 recon=0.00014612
[hyperbolic] global_step=14516/72000 local_updates=3629 loss=0.16185226 recon=0.00014353
[hyperbolic] global_step=14644/72000 local_updates=3661 loss=0.15760051 recon=0.00014925
[hyperbolic] global_step=14776/72000 local_updates=3694 loss=0.15820023 recon=0.00015025
[hyperbolic] global_step=14908/72000 local_updates=3727 loss=0.15657379 recon=0.00014980
[hyperbolic] global_step=15032/72000 local_updates=3758 loss=0.15827365 recon=0.00013940
[hyperbolic] global_step=15160/72000 local_updates=3790 loss=0.15862451 recon=0.00012915
[hyperbolic] global_step=15288/72000 local_updates=3822 loss=0.15546764 recon=0.00013492
[hyperbolic] global_step=15412/72000 local_updates=3853 loss=0.15640521 recon=0.00012686
[hyperbolic] global_step=15540/72000 local_updates=3885 loss=0.15645860 recon=0.00013609
[hyperbolic] global_step=15664/72000 local_updates=3916 loss=0.15794712 recon=0.00015162
[hyperbolic] global_step=15792/72000 local_updates=3948 loss=0.15993668 recon=0.00013723
[hyperbolic] global_step=15920/72000 local_updates=3980 loss=0.15691476 recon=0.00013490
[hyperbolic] global_step=16048/72000 local_updates=4012 loss=0.15895844 recon=0.00015942
[hyperbolic] global_step=16184/72000 local_updates=4046 loss=0.15764286 recon=0.00015527
[hyperbolic] global_step=16312/72000 local_updates=4078 loss=0.15859337 recon=0.00014298
[hyperbolic] global_step=16444/72000 local_updates=4111 loss=0.15560409 recon=0.00014274
[hyperbolic] global_step=16568/72000 local_updates=4142 loss=0.15606563 recon=0.00014692
[hyperbolic] global_step=16700/72000 local_updates=4175 loss=0.15976705 recon=0.00014052
[hyperbolic] global_step=16832/72000 local_updates=4208 loss=0.15862948 recon=0.00013775
[hyperbolic] global_step=16956/72000 local_updates=4239 loss=0.15652093 recon=0.00013178
[hyperbolic] global_step=17088/72000 local_updates=4272 loss=0.15810336 recon=0.00014492
[hyperbolic] global_step=17220/72000 local_updates=4305 loss=0.15973930 recon=0.00013759
[hyperbolic] global_step=17352/72000 local_updates=4338 loss=0.15881070 recon=0.00014739
[hyperbolic] global_step=17484/72000 local_updates=4371 loss=0.15846039 recon=0.00015364
[hyperbolic] global_step=17620/72000 local_updates=4405 loss=0.15714595 recon=0.00014964
[hyperbolic] global_step=17748/72000 local_updates=4437 loss=0.15602325 recon=0.00016468
[hyperbolic] global_step=17872/72000 local_updates=4468 loss=0.15779383 recon=0.00013939
[hyperbolic] global_step=18000/72000 local_updates=4500 loss=0.15814891 recon=0.00014862
[hyperbolic] global_step=18140/72000 local_updates=4535 loss=0.15767348 recon=0.00015184
[hyperbolic] global_step=18260/72000 local_updates=4565 loss=0.15822366 recon=0.00013701
[hyperbolic] global_step=18384/72000 local_updates=4596 loss=0.15897849 recon=0.00013962
[hyperbolic] global_step=18512/72000 local_updates=4628 loss=0.15809536 recon=0.00015729
[hyperbolic] global_step=18644/72000 local_updates=4661 loss=0.15692644 recon=0.00013689
[hyperbolic] global_step=18772/72000 local_updates=4693 loss=0.15831250 recon=0.00014855
[hyperbolic] global_step=18900/72000 local_updates=4725 loss=0.15804315 recon=0.00014790
[hyperbolic] global_step=19044/72000 local_updates=4761 loss=0.15941466 recon=0.00014895
[hyperbolic] global_step=19176/72000 local_updates=4794 loss=0.15736303 recon=0.00014047
[hyperbolic] global_step=19320/72000 local_updates=4830 loss=0.15769091 recon=0.00016395
[hyperbolic] global_step=19448/72000 local_updates=4862 loss=0.15672356 recon=0.00015815
[hyperbolic] global_step=19576/72000 local_updates=4894 loss=0.15723598 recon=0.00015678
[hyperbolic] global_step=19712/72000 local_updates=4928 loss=0.15737632 recon=0.00014467
[hyperbolic] global_step=19852/72000 local_updates=4963 loss=0.15854874 recon=0.00013671
[hyperbolic] global_step=19988/72000 local_updates=4997 loss=0.15747353 recon=0.00015613
[hyperbolic] global_step=20000/72000 loss=0.15799177 recon=0.00014706 s=[0.2, 0.25, 0.2] c=[1.0, 1.0, 1.0] epsilon=[0.003, 0.003, 0.003] raw_unique=24552/24587 collision=0.001424 behaviour=0.19064804 margin=[0.003228, 0.012433, 0.016614] N=[339519, 22933, 794] prefix_unique=[256, 16012, 23741] codebook_used=[256, 256, 256]
[hyperbolic] global_step=20128/72000 local_updates=5032 loss=0.16018885 recon=0.00013596
[hyperbolic] global_step=20260/72000 local_updates=5065 loss=0.15934366 recon=0.00016773
[hyperbolic] global_step=20396/72000 local_updates=5099 loss=0.15623263 recon=0.00014805
[hyperbolic] global_step=20524/72000 local_updates=5131 loss=0.15842621 recon=0.00016208
[hyperbolic] global_step=20656/72000 local_updates=5164 loss=0.15677261 recon=0.00014652
[hyperbolic] global_step=20788/72000 local_updates=5197 loss=0.15846452 recon=0.00013828
[hyperbolic] global_step=20924/72000 local_updates=5231 loss=0.15690105 recon=0.00015455
[hyperbolic] global_step=21056/72000 local_updates=5264 loss=0.15664159 recon=0.00013367
[hyperbolic] global_step=21188/72000 local_updates=5297 loss=0.15641913 recon=0.00015522
[hyperbolic] global_step=21320/72000 local_updates=5330 loss=0.15749869 recon=0.00014290
[hyperbolic] global_step=21456/72000 local_updates=5364 loss=0.15771097 recon=0.00015420
[hyperbolic] global_step=21588/72000 local_updates=5397 loss=0.15863819 recon=0.00014260
[hyperbolic] global_step=21724/72000 local_updates=5431 loss=0.15684390 recon=0.00014074
[hyperbolic] global_step=21856/72000 local_updates=5464 loss=0.15651330 recon=0.00013230
[hyperbolic] global_step=21996/72000 local_updates=5499 loss=0.15689129 recon=0.00014263
[hyperbolic] global_step=22128/72000 local_updates=5532 loss=0.16084288 recon=0.00013014
[hyperbolic] global_step=22268/72000 local_updates=5567 loss=0.15762958 recon=0.00012743
[hyperbolic] global_step=22396/72000 local_updates=5599 loss=0.15805814 recon=0.00015410
[hyperbolic] global_step=22528/72000 local_updates=5632 loss=0.15813617 recon=0.00014564
[hyperbolic] global_step=22660/72000 local_updates=5665 loss=0.15907837 recon=0.00015440
[hyperbolic] global_step=22796/72000 local_updates=5699 loss=0.15932509 recon=0.00013875
[hyperbolic] global_step=22936/72000 local_updates=5734 loss=0.15759929 recon=0.00014275
[hyperbolic] global_step=23064/72000 local_updates=5766 loss=0.15755735 recon=0.00016053
[hyperbolic] global_step=23196/72000 local_updates=5799 loss=0.15844069 recon=0.00014600
[hyperbolic] global_step=23332/72000 local_updates=5833 loss=0.15705672 recon=0.00014438
[hyperbolic] global_step=23468/72000 local_updates=5867 loss=0.15813200 recon=0.00014205
[hyperbolic] global_step=23588/72000 local_updates=5897 loss=0.15718172 recon=0.00014651
[hyperbolic] global_step=23720/72000 local_updates=5930 loss=0.15887137 recon=0.00016571
[hyperbolic] global_step=23852/72000 local_updates=5963 loss=0.16028225 recon=0.00014127
[hyperbolic] global_step=23984/72000 local_updates=5996 loss=0.15812515 recon=0.00014814
[hyperbolic] global_step=24120/72000 local_updates=6030 loss=0.15907179 recon=0.00015246
[hyperbolic] global_step=24252/72000 local_updates=6063 loss=0.15807177 recon=0.00015874
[hyperbolic] global_step=24392/72000 local_updates=6098 loss=0.15722322 recon=0.00015813
[hyperbolic] global_step=24528/72000 local_updates=6132 loss=0.15804791 recon=0.00013671
[hyperbolic] global_step=24668/72000 local_updates=6167 loss=0.15564381 recon=0.00014298
[hyperbolic] global_step=24808/72000 local_updates=6202 loss=0.15901694 recon=0.00013920
[hyperbolic] global_step=24940/72000 local_updates=6235 loss=0.15712798 recon=0.00015668
[hyperbolic] global_step=25072/72000 local_updates=6268 loss=0.15706375 recon=0.00013526
[hyperbolic] global_step=25204/72000 local_updates=6301 loss=0.15876836 recon=0.00013919
[hyperbolic] global_step=25340/72000 local_updates=6335 loss=0.15745413 recon=0.00013645
[hyperbolic] global_step=25468/72000 local_updates=6367 loss=0.15735324 recon=0.00014089
[hyperbolic] global_step=25588/72000 local_updates=6397 loss=0.15792237 recon=0.00014126
[hyperbolic] global_step=25724/72000 local_updates=6431 loss=0.15685509 recon=0.00014247
[hyperbolic] global_step=25856/72000 local_updates=6464 loss=0.15532687 recon=0.00014426
[hyperbolic] global_step=25992/72000 local_updates=6498 loss=0.15673111 recon=0.00012869
[hyperbolic] global_step=26128/72000 local_updates=6532 loss=0.15874931 recon=0.00016324
[hyperbolic] global_step=26268/72000 local_updates=6567 loss=0.15832846 recon=0.00014998
[hyperbolic] global_step=26408/72000 local_updates=6602 loss=0.15821199 recon=0.00015134
[hyperbolic] global_step=26540/72000 local_updates=6635 loss=0.15744281 recon=0.00012817
[hyperbolic] global_step=26676/72000 local_updates=6669 loss=0.15913112 recon=0.00015549
[hyperbolic] global_step=26820/72000 local_updates=6705 loss=0.15710326 recon=0.00014585
[hyperbolic] global_step=26968/72000 local_updates=6742 loss=0.15669714 recon=0.00014867
[hyperbolic] global_step=27104/72000 local_updates=6776 loss=0.15697671 recon=0.00014138
[hyperbolic] global_step=27248/72000 local_updates=6812 loss=0.15717345 recon=0.00014553
[hyperbolic] global_step=27388/72000 local_updates=6847 loss=0.15739508 recon=0.00014089
[hyperbolic] global_step=27524/72000 local_updates=6881 loss=0.15830162 recon=0.00014423
[hyperbolic] global_step=27668/72000 local_updates=6917 loss=0.15733819 recon=0.00015530
[hyperbolic] global_step=27808/72000 local_updates=6952 loss=0.15669297 recon=0.00013407
[hyperbolic] global_step=27944/72000 local_updates=6986 loss=0.15951550 recon=0.00013198
[hyperbolic] global_step=28088/72000 local_updates=7022 loss=0.15835668 recon=0.00015243
[hyperbolic] global_step=28232/72000 local_updates=7058 loss=0.15674858 recon=0.00015013
[hyperbolic] global_step=28364/72000 local_updates=7091 loss=0.15872237 recon=0.00014751
[hyperbolic] global_step=28508/72000 local_updates=7127 loss=0.15990004 recon=0.00013812
[hyperbolic] global_step=28644/72000 local_updates=7161 loss=0.15914296 recon=0.00014312
[hyperbolic] global_step=28784/72000 local_updates=7196 loss=0.15854682 recon=0.00014740
[hyperbolic] global_step=28916/72000 local_updates=7229 loss=0.16045390 recon=0.00015519
[hyperbolic] global_step=29056/72000 local_updates=7264 loss=0.15862560 recon=0.00013458
[hyperbolic] global_step=29196/72000 local_updates=7299 loss=0.15840670 recon=0.00014194
[hyperbolic] global_step=29336/72000 local_updates=7334 loss=0.15782897 recon=0.00014743
[hyperbolic] global_step=29480/72000 local_updates=7370 loss=0.15967757 recon=0.00015447
[hyperbolic] global_step=29612/72000 local_updates=7403 loss=0.15685546 recon=0.00015171
[hyperbolic] global_step=29752/72000 local_updates=7438 loss=0.15593390 recon=0.00015393
[hyperbolic] global_step=29900/72000 local_updates=7475 loss=0.15651755 recon=0.00014882
[hyperbolic] global_step=30000/72000 loss=0.15805858 recon=0.00014645 s=[0.2, 0.25, 0.2] c=[1.0, 1.0, 1.0] epsilon=[0.003, 0.003, 0.003] raw_unique=24551/24587 collision=0.001464 behaviour=0.17970365 margin=[0.003257, 0.012266, 0.015638] N=[339519, 23159, 655] prefix_unique=[256, 16874, 23936] codebook_used=[256, 256, 256]
[hyperbolic] global_step=30136/72000 local_updates=7534 loss=0.15596724 recon=0.00014618
[hyperbolic] global_step=30276/72000 local_updates=7569 loss=0.15753496 recon=0.00014373
[hyperbolic] global_step=30420/72000 local_updates=7605 loss=0.15878357 recon=0.00015207
[hyperbolic] global_step=30556/72000 local_updates=7639 loss=0.15814243 recon=0.00013459
[hyperbolic] global_step=30708/72000 local_updates=7677 loss=0.15837044 recon=0.00013488
[hyperbolic] global_step=30856/72000 local_updates=7714 loss=0.15637796 recon=0.00014113
[hyperbolic] global_step=31000/72000 local_updates=7750 loss=0.15708202 recon=0.00013506
[hyperbolic] global_step=31148/72000 local_updates=7787 loss=0.15928777 recon=0.00014626
[hyperbolic] global_step=31296/72000 local_updates=7824 loss=0.15758973 recon=0.00016118
[hyperbolic] global_step=31452/72000 local_updates=7863 loss=0.15675153 recon=0.00013893
[hyperbolic] global_step=31592/72000 local_updates=7898 loss=0.15965708 recon=0.00014351
[hyperbolic] global_step=31732/72000 local_updates=7933 loss=0.15700845 recon=0.00015340
[hyperbolic] global_step=31868/72000 local_updates=7967 loss=0.15851419 recon=0.00015067
[hyperbolic] global_step=32020/72000 local_updates=8005 loss=0.15727276 recon=0.00012911
[hyperbolic] global_step=32164/72000 local_updates=8041 loss=0.15919743 recon=0.00014722
[hyperbolic] global_step=32312/72000 local_updates=8078 loss=0.15748383 recon=0.00013822
[hyperbolic] global_step=32448/72000 local_updates=8112 loss=0.15797552 recon=0.00013900
[hyperbolic] global_step=32592/72000 local_updates=8148 loss=0.15768108 recon=0.00014348
[hyperbolic] global_step=32732/72000 local_updates=8183 loss=0.15599035 recon=0.00015251
[hyperbolic] global_step=32876/72000 local_updates=8219 loss=0.15697014 recon=0.00013749
[hyperbolic] global_step=33016/72000 local_updates=8254 loss=0.15884037 recon=0.00016167
[hyperbolic] global_step=33164/72000 local_updates=8291 loss=0.15978026 recon=0.00014622
[hyperbolic] global_step=33312/72000 local_updates=8328 loss=0.15677209 recon=0.00014088
[hyperbolic] global_step=33452/72000 local_updates=8363 loss=0.15801336 recon=0.00014268
[hyperbolic] global_step=33604/72000 local_updates=8401 loss=0.15645078 recon=0.00014771
[hyperbolic] global_step=33760/72000 local_updates=8440 loss=0.15824270 recon=0.00014035
[hyperbolic] global_step=33920/72000 local_updates=8480 loss=0.15564160 recon=0.00014141
[hyperbolic] global_step=34064/72000 local_updates=8516 loss=0.15676405 recon=0.00014501
[hyperbolic] global_step=34208/72000 local_updates=8552 loss=0.15855432 recon=0.00013876
[hyperbolic] global_step=34348/72000 local_updates=8587 loss=0.15852074 recon=0.00012986
[hyperbolic] global_step=34492/72000 local_updates=8623 loss=0.15729256 recon=0.00013478
[hyperbolic] global_step=34628/72000 local_updates=8657 loss=0.15733199 recon=0.00015704
[hyperbolic] global_step=34768/72000 local_updates=8692 loss=0.15903299 recon=0.00015364
[hyperbolic] global_step=34912/72000 local_updates=8728 loss=0.15630877 recon=0.00013820
[hyperbolic] global_step=35044/72000 local_updates=8761 loss=0.15753748 recon=0.00016453
[hyperbolic] global_step=35180/72000 local_updates=8795 loss=0.15874104 recon=0.00015684
[hyperbolic] global_step=35320/72000 local_updates=8830 loss=0.15507567 recon=0.00015394
[hyperbolic] global_step=35468/72000 local_updates=8867 loss=0.15899949 recon=0.00014254
[hyperbolic] global_step=35612/72000 local_updates=8903 loss=0.15811516 recon=0.00015100
[hyperbolic] global_step=35748/72000 local_updates=8937 loss=0.15917353 recon=0.00014750
[hyperbolic] global_step=35888/72000 local_updates=8972 loss=0.15760459 recon=0.00014014
[hyperbolic] global_step=36032/72000 local_updates=9008 loss=0.15553808 recon=0.00014169
[hyperbolic] global_step=36168/72000 local_updates=9042 loss=0.15859586 recon=0.00014425
[hyperbolic] global_step=36308/72000 local_updates=9077 loss=0.15893959 recon=0.00014180
[hyperbolic] global_step=36456/72000 local_updates=9114 loss=0.15866855 recon=0.00013199
[hyperbolic] global_step=36596/72000 local_updates=9149 loss=0.15797700 recon=0.00014296
[hyperbolic] global_step=36744/72000 local_updates=9186 loss=0.15724866 recon=0.00016242
[hyperbolic] global_step=36884/72000 local_updates=9221 loss=0.15810661 recon=0.00014024
[hyperbolic] global_step=37024/72000 local_updates=9256 loss=0.15926312 recon=0.00013895
[hyperbolic] global_step=37160/72000 local_updates=9290 loss=0.15476675 recon=0.00013398
[hyperbolic] global_step=37316/72000 local_updates=9329 loss=0.15697831 recon=0.00014208
[hyperbolic] global_step=37456/72000 local_updates=9364 loss=0.15899472 recon=0.00014700
[hyperbolic] global_step=37600/72000 local_updates=9400 loss=0.15681325 recon=0.00013589
[hyperbolic] global_step=37744/72000 local_updates=9436 loss=0.16046385 recon=0.00014879
[hyperbolic] global_step=37888/72000 local_updates=9472 loss=0.15773138 recon=0.00015270
[hyperbolic] global_step=38028/72000 local_updates=9507 loss=0.15903157 recon=0.00014862
[hyperbolic] global_step=38164/72000 local_updates=9541 loss=0.15886162 recon=0.00013976
[hyperbolic] global_step=38312/72000 local_updates=9578 loss=0.16007937 recon=0.00014630
[hyperbolic] global_step=38452/72000 local_updates=9613 loss=0.15657526 recon=0.00014442
[hyperbolic] global_step=38584/72000 local_updates=9646 loss=0.15737528 recon=0.00013317
[hyperbolic] global_step=38736/72000 local_updates=9684 loss=0.15846762 recon=0.00015420
[hyperbolic] global_step=38876/72000 local_updates=9719 loss=0.15958935 recon=0.00014520
[hyperbolic] global_step=39004/72000 local_updates=9751 loss=0.15926638 recon=0.00014076
[hyperbolic] global_step=39148/72000 local_updates=9787 loss=0.15957174 recon=0.00012697
[hyperbolic] global_step=39284/72000 local_updates=9821 loss=0.15947863 recon=0.00015212
[hyperbolic] global_step=39420/72000 local_updates=9855 loss=0.15734513 recon=0.00014727
[hyperbolic] global_step=39560/72000 local_updates=9890 loss=0.15857336 recon=0.00014478
[hyperbolic] global_step=39700/72000 local_updates=9925 loss=0.15869698 recon=0.00015158
[hyperbolic] global_step=39832/72000 local_updates=9958 loss=0.15697622 recon=0.00014600
[hyperbolic] global_step=39976/72000 local_updates=9994 loss=0.15857235 recon=0.00013798
[hyperbolic] global_step=40000/72000 loss=0.15815127 recon=0.00014529 s=[0.2, 0.25, 0.2] c=[1.0, 1.0, 1.0] epsilon=[0.003, 0.003, 0.003] raw_unique=24551/24587 collision=0.001464 behaviour=0.17268947 margin=[0.003206, 0.012564, 0.015906] N=[339519, 23365, 666] prefix_unique=[256, 17200, 23984] codebook_used=[256, 256, 256]
[hyperbolic] global_step=40148/72000 local_updates=10037 loss=0.15963563 recon=0.00014780
[hyperbolic] global_step=40284/72000 local_updates=10071 loss=0.15901457 recon=0.00013861
[hyperbolic] global_step=40424/72000 local_updates=10106 loss=0.15752058 recon=0.00015791
[hyperbolic] global_step=40560/72000 local_updates=10140 loss=0.15829016 recon=0.00012895
[hyperbolic] global_step=40704/72000 local_updates=10176 loss=0.15962477 recon=0.00014244
[hyperbolic] global_step=40852/72000 local_updates=10213 loss=0.15662362 recon=0.00014241
[hyperbolic] global_step=40996/72000 local_updates=10249 loss=0.15725240 recon=0.00014953
[hyperbolic] global_step=41152/72000 local_updates=10288 loss=0.15822865 recon=0.00014853
[hyperbolic] global_step=41296/72000 local_updates=10324 loss=0.15686418 recon=0.00014124
[hyperbolic] global_step=41440/72000 local_updates=10360 loss=0.15785153 recon=0.00013661
[hyperbolic] global_step=41588/72000 local_updates=10397 loss=0.15749958 recon=0.00014762
[hyperbolic] global_step=41732/72000 local_updates=10433 loss=0.15781209 recon=0.00013794
[hyperbolic] global_step=41880/72000 local_updates=10470 loss=0.15902632 recon=0.00014603
[hyperbolic] global_step=42028/72000 local_updates=10507 loss=0.15809542 recon=0.00014825
[hyperbolic] global_step=42180/72000 local_updates=10545 loss=0.15745932 recon=0.00013202
[hyperbolic] global_step=42316/72000 local_updates=10579 loss=0.15838963 recon=0.00016411
[hyperbolic] global_step=42456/72000 local_updates=10614 loss=0.15718631 recon=0.00013526
[hyperbolic] global_step=42600/72000 local_updates=10650 loss=0.15758328 recon=0.00014167
[hyperbolic] global_step=42736/72000 local_updates=10684 loss=0.15812911 recon=0.00014038
[hyperbolic] global_step=42888/72000 local_updates=10722 loss=0.15781070 recon=0.00014101
[hyperbolic] global_step=43036/72000 local_updates=10759 loss=0.15716238 recon=0.00014093
[hyperbolic] global_step=43192/72000 local_updates=10798 loss=0.15735340 recon=0.00014103
[hyperbolic] global_step=43344/72000 local_updates=10836 loss=0.15841095 recon=0.00014871
[hyperbolic] global_step=43488/72000 local_updates=10872 loss=0.15795837 recon=0.00013602
[hyperbolic] global_step=43624/72000 local_updates=10906 loss=0.15996420 recon=0.00014964
[hyperbolic] global_step=43776/72000 local_updates=10944 loss=0.15846515 recon=0.00015058
[hyperbolic] global_step=43928/72000 local_updates=10982 loss=0.15853187 recon=0.00014370
[hyperbolic] global_step=44076/72000 local_updates=11019 loss=0.15812707 recon=0.00013284
[hyperbolic] global_step=44228/72000 local_updates=11057 loss=0.15915351 recon=0.00014474
[hyperbolic] global_step=44376/72000 local_updates=11094 loss=0.15682642 recon=0.00014631
[hyperbolic] global_step=44524/72000 local_updates=11131 loss=0.15917225 recon=0.00013684
[hyperbolic] global_step=44676/72000 local_updates=11169 loss=0.16060984 recon=0.00015186
[hyperbolic] global_step=44820/72000 local_updates=11205 loss=0.15793028 recon=0.00014125
[hyperbolic] global_step=44964/72000 local_updates=11241 loss=0.15885882 recon=0.00015203
[hyperbolic] global_step=45100/72000 local_updates=11275 loss=0.15824653 recon=0.00016407
[hyperbolic] global_step=45260/72000 local_updates=11315 loss=0.15987177 recon=0.00013730
[hyperbolic] global_step=45408/72000 local_updates=11352 loss=0.15845832 recon=0.00014330
[hyperbolic] global_step=45548/72000 local_updates=11387 loss=0.16008027 recon=0.00015278
[hyperbolic] global_step=45684/72000 local_updates=11421 loss=0.15775785 recon=0.00013830
[hyperbolic] global_step=45820/72000 local_updates=11455 loss=0.15755801 recon=0.00014375
[hyperbolic] global_step=45964/72000 local_updates=11491 loss=0.15812072 recon=0.00013922
[hyperbolic] global_step=46120/72000 local_updates=11530 loss=0.15620029 recon=0.00013199
[hyperbolic] global_step=46268/72000 local_updates=11567 loss=0.15758166 recon=0.00014492
[hyperbolic] global_step=46424/72000 local_updates=11606 loss=0.15773904 recon=0.00015856
[hyperbolic] global_step=46568/72000 local_updates=11642 loss=0.15721378 recon=0.00013359
[hyperbolic] global_step=46720/72000 local_updates=11680 loss=0.15846771 recon=0.00013423
[hyperbolic] global_step=46868/72000 local_updates=11717 loss=0.15628217 recon=0.00014553
[hyperbolic] global_step=47024/72000 local_updates=11756 loss=0.15704939 recon=0.00013359
[hyperbolic] global_step=47172/72000 local_updates=11793 loss=0.15968841 recon=0.00012992
[hyperbolic] global_step=47332/72000 local_updates=11833 loss=0.15763463 recon=0.00013993
[hyperbolic] global_step=47476/72000 local_updates=11869 loss=0.15612279 recon=0.00013478
[hyperbolic] global_step=47624/72000 local_updates=11906 loss=0.15901110 recon=0.00013887
[hyperbolic] global_step=47764/72000 local_updates=11941 loss=0.15729260 recon=0.00014484
[hyperbolic] global_step=47904/72000 local_updates=11976 loss=0.15727003 recon=0.00014075
[hyperbolic] global_step=48052/72000 local_updates=12013 loss=0.15852550 recon=0.00015400
[hyperbolic] global_step=48188/72000 local_updates=12047 loss=0.15724210 recon=0.00014440
[hyperbolic] global_step=48348/72000 local_updates=12087 loss=0.15830112 recon=0.00016547
[hyperbolic] global_step=48492/72000 local_updates=12123 loss=0.15668330 recon=0.00013789
[hyperbolic] global_step=48640/72000 local_updates=12160 loss=0.15966918 recon=0.00014087
[hyperbolic] global_step=48784/72000 local_updates=12196 loss=0.15806253 recon=0.00013477
[hyperbolic] global_step=48932/72000 local_updates=12233 loss=0.15901461 recon=0.00013642
[hyperbolic] global_step=49088/72000 local_updates=12272 loss=0.15693678 recon=0.00013638
[hyperbolic] global_step=49232/72000 local_updates=12308 loss=0.15775366 recon=0.00014806
[hyperbolic] global_step=49384/72000 local_updates=12346 loss=0.15652454 recon=0.00016623
[hyperbolic] global_step=49532/72000 local_updates=12383 loss=0.15964180 recon=0.00014285
[hyperbolic] global_step=49688/72000 local_updates=12422 loss=0.15747237 recon=0.00014077
[hyperbolic] global_step=49840/72000 local_updates=12460 loss=0.15649071 recon=0.00013667
[hyperbolic] global_step=50000/72000 loss=0.15807859 recon=0.00014492 s=[0.2, 0.25, 0.2] c=[1.0, 1.0, 1.0] epsilon=[0.003, 0.003, 0.003] raw_unique=24549/24587 collision=0.001546 behaviour=0.16764770 margin=[0.003337, 0.013233, 0.015098] N=[339519, 22988, 587] prefix_unique=[256, 17510, 24040] codebook_used=[256, 256, 256]
[hyperbolic] global_step=50148/72000 local_updates=12537 loss=0.15796350 recon=0.00013889
[hyperbolic] global_step=50300/72000 local_updates=12575 loss=0.15611021 recon=0.00014541
[hyperbolic] global_step=50456/72000 local_updates=12614 loss=0.15789679 recon=0.00016222
[hyperbolic] global_step=50604/72000 local_updates=12651 loss=0.15527067 recon=0.00015118
[hyperbolic] global_step=50760/72000 local_updates=12690 loss=0.15722245 recon=0.00013241
[hyperbolic] global_step=50912/72000 local_updates=12728 loss=0.15680328 recon=0.00014694
[hyperbolic] global_step=51060/72000 local_updates=12765 loss=0.15791936 recon=0.00014203
[hyperbolic] global_step=51208/72000 local_updates=12802 loss=0.15769185 recon=0.00013531
[hyperbolic] global_step=51368/72000 local_updates=12842 loss=0.15791246 recon=0.00013670
[hyperbolic] global_step=51516/72000 local_updates=12879 loss=0.15762168 recon=0.00015007
[hyperbolic] global_step=51668/72000 local_updates=12917 loss=0.15862811 recon=0.00014569
[hyperbolic] global_step=51816/72000 local_updates=12954 loss=0.15942772 recon=0.00015765
[hyperbolic] global_step=51972/72000 local_updates=12993 loss=0.15689287 recon=0.00013837
[hyperbolic] global_step=52128/72000 local_updates=13032 loss=0.15791887 recon=0.00014577
[hyperbolic] global_step=52288/72000 local_updates=13072 loss=0.15756962 recon=0.00014453
[hyperbolic] global_step=52440/72000 local_updates=13110 loss=0.16123576 recon=0.00014613
[hyperbolic] global_step=52596/72000 local_updates=13149 loss=0.15741242 recon=0.00015219
[hyperbolic] global_step=52740/72000 local_updates=13185 loss=0.15787014 recon=0.00014467
[hyperbolic] global_step=52896/72000 local_updates=13224 loss=0.15761089 recon=0.00015482
[hyperbolic] global_step=53036/72000 local_updates=13259 loss=0.15959193 recon=0.00014152
[hyperbolic] global_step=53188/72000 local_updates=13297 loss=0.15632142 recon=0.00015352
[hyperbolic] global_step=53344/72000 local_updates=13336 loss=0.15884809 recon=0.00014477
[hyperbolic] global_step=53496/72000 local_updates=13374 loss=0.16074696 recon=0.00013631
[hyperbolic] global_step=53644/72000 local_updates=13411 loss=0.15860759 recon=0.00014055
[hyperbolic] global_step=53804/72000 local_updates=13451 loss=0.15854470 recon=0.00013519
[hyperbolic] global_step=53964/72000 local_updates=13491 loss=0.15696377 recon=0.00013208
[hyperbolic] global_step=54124/72000 local_updates=13531 loss=0.15807050 recon=0.00015001
[hyperbolic] global_step=54276/72000 local_updates=13569 loss=0.15557878 recon=0.00014550
[hyperbolic] global_step=54436/72000 local_updates=13609 loss=0.15783247 recon=0.00014408
[hyperbolic] global_step=54600/72000 local_updates=13650 loss=0.15791561 recon=0.00014948
[hyperbolic] global_step=54748/72000 local_updates=13687 loss=0.15815869 recon=0.00013329
[hyperbolic] global_step=54904/72000 local_updates=13726 loss=0.15719874 recon=0.00014769
[hyperbolic] global_step=55056/72000 local_updates=13764 loss=0.15834187 recon=0.00013992
[hyperbolic] global_step=55212/72000 local_updates=13803 loss=0.15597790 recon=0.00015108
[hyperbolic] global_step=55372/72000 local_updates=13843 loss=0.15935628 recon=0.00013758
[hyperbolic] global_step=55524/72000 local_updates=13881 loss=0.15809058 recon=0.00015459
[hyperbolic] global_step=55668/72000 local_updates=13917 loss=0.15728350 recon=0.00013085
[hyperbolic] global_step=55812/72000 local_updates=13953 loss=0.15840039 recon=0.00013405
[hyperbolic] global_step=55956/72000 local_updates=13989 loss=0.15817164 recon=0.00014814
[hyperbolic] global_step=56104/72000 local_updates=14026 loss=0.15783668 recon=0.00013691
[hyperbolic] global_step=56256/72000 local_updates=14064 loss=0.15584049 recon=0.00014917
[hyperbolic] global_step=56408/72000 local_updates=14102 loss=0.15798028 recon=0.00015610
[hyperbolic] global_step=56580/72000 local_updates=14145 loss=0.15761068 recon=0.00013330
[hyperbolic] global_step=56732/72000 local_updates=14183 loss=0.15888073 recon=0.00014485
[hyperbolic] global_step=56888/72000 local_updates=14222 loss=0.15818498 recon=0.00014447
[hyperbolic] global_step=57048/72000 local_updates=14262 loss=0.15681426 recon=0.00014254
[hyperbolic] global_step=57204/72000 local_updates=14301 loss=0.16030002 recon=0.00015849
[hyperbolic] global_step=57368/72000 local_updates=14342 loss=0.15885888 recon=0.00015448
[hyperbolic] global_step=57528/72000 local_updates=14382 loss=0.15861040 recon=0.00013768
[hyperbolic] global_step=57684/72000 local_updates=14421 loss=0.15713416 recon=0.00014420
[hyperbolic] global_step=57844/72000 local_updates=14461 loss=0.15664192 recon=0.00014161
[hyperbolic] global_step=58012/72000 local_updates=14503 loss=0.15745032 recon=0.00015086
[hyperbolic] global_step=58184/72000 local_updates=14546 loss=0.15766428 recon=0.00013680
[hyperbolic] global_step=58336/72000 local_updates=14584 loss=0.15845652 recon=0.00014437
[hyperbolic] global_step=58492/72000 local_updates=14623 loss=0.15790538 recon=0.00013689
[hyperbolic] global_step=58652/72000 local_updates=14663 loss=0.15748562 recon=0.00014284
[hyperbolic] global_step=58824/72000 local_updates=14706 loss=0.15810736 recon=0.00014459
[hyperbolic] global_step=58976/72000 local_updates=14744 loss=0.15946394 recon=0.00015813
[hyperbolic] global_step=59128/72000 local_updates=14782 loss=0.15713051 recon=0.00013879
[hyperbolic] global_step=59284/72000 local_updates=14821 loss=0.15885419 recon=0.00014331
[hyperbolic] global_step=59444/72000 local_updates=14861 loss=0.15624374 recon=0.00013796
[hyperbolic] global_step=59596/72000 local_updates=14899 loss=0.15916881 recon=0.00014568
[hyperbolic] global_step=59748/72000 local_updates=14937 loss=0.15973333 recon=0.00013204
[hyperbolic] global_step=59916/72000 local_updates=14979 loss=0.15868366 recon=0.00013983
[hyperbolic] global_step=60000/72000 loss=0.15801474 recon=0.00014467 s=[0.2, 0.25, 0.2] c=[1.0, 1.0, 1.0] epsilon=[0.003, 0.003, 0.003] raw_unique=24547/24587 collision=0.001627 behaviour=0.16363590 margin=[0.003267, 0.012591, 0.015969] N=[339519, 24290, 602] prefix_unique=[256, 17816, 24129] codebook_used=[256, 256, 256]
[hyperbolic] global_step=60160/72000 local_updates=15040 loss=0.15817982 recon=0.00015820
[hyperbolic] global_step=60324/72000 local_updates=15081 loss=0.15824901 recon=0.00014277
[hyperbolic] global_step=60472/72000 local_updates=15118 loss=0.15838028 recon=0.00015371
[hyperbolic] global_step=60624/72000 local_updates=15156 loss=0.15798898 recon=0.00015341
[hyperbolic] global_step=60776/72000 local_updates=15194 loss=0.15739019 recon=0.00014695
[hyperbolic] global_step=60924/72000 local_updates=15231 loss=0.15839852 recon=0.00015135
[hyperbolic] global_step=61080/72000 local_updates=15270 loss=0.15746808 recon=0.00014585
[hyperbolic] global_step=61240/72000 local_updates=15310 loss=0.15894508 recon=0.00015774
[hyperbolic] global_step=61404/72000 local_updates=15351 loss=0.15973771 recon=0.00014357
[hyperbolic] global_step=61560/72000 local_updates=15390 loss=0.15711226 recon=0.00013070
[hyperbolic] global_step=61724/72000 local_updates=15431 loss=0.15802090 recon=0.00013517
[hyperbolic] global_step=61872/72000 local_updates=15468 loss=0.15780930 recon=0.00015465
[hyperbolic] global_step=62028/72000 local_updates=15507 loss=0.15832490 recon=0.00014298
[hyperbolic] global_step=62188/72000 local_updates=15547 loss=0.15870170 recon=0.00014603
[hyperbolic] global_step=62344/72000 local_updates=15586 loss=0.15645680 recon=0.00014490
[hyperbolic] global_step=62496/72000 local_updates=15624 loss=0.15812264 recon=0.00015728
[hyperbolic] global_step=62652/72000 local_updates=15663 loss=0.15831308 recon=0.00014808
[hyperbolic] global_step=62812/72000 local_updates=15703 loss=0.15767102 recon=0.00014434
[hyperbolic] global_step=62964/72000 local_updates=15741 loss=0.15871815 recon=0.00015481
[hyperbolic] global_step=63132/72000 local_updates=15783 loss=0.15751663 recon=0.00014072
[hyperbolic] global_step=63288/72000 local_updates=15822 loss=0.15781985 recon=0.00014123
[hyperbolic] global_step=63452/72000 local_updates=15863 loss=0.15695374 recon=0.00015510
[hyperbolic] global_step=63620/72000 local_updates=15905 loss=0.15740815 recon=0.00014102
[hyperbolic] global_step=63784/72000 local_updates=15946 loss=0.15624593 recon=0.00014467
[hyperbolic] global_step=63952/72000 local_updates=15988 loss=0.15672430 recon=0.00016174
[hyperbolic] global_step=64108/72000 local_updates=16027 loss=0.15770131 recon=0.00014018
[hyperbolic] global_step=64272/72000 local_updates=16068 loss=0.15787698 recon=0.00013810
[hyperbolic] global_step=64440/72000 local_updates=16110 loss=0.15753904 recon=0.00013599
[hyperbolic] global_step=64612/72000 local_updates=16153 loss=0.15954989 recon=0.00014203
[hyperbolic] global_step=64780/72000 local_updates=16195 loss=0.15856043 recon=0.00013906
[hyperbolic] global_step=64956/72000 local_updates=16239 loss=0.15783732 recon=0.00014407
[hyperbolic] global_step=65112/72000 local_updates=16278 loss=0.15873298 recon=0.00015902
[hyperbolic] global_step=65284/72000 local_updates=16321 loss=0.15755852 recon=0.00013779
[hyperbolic] global_step=65448/72000 local_updates=16362 loss=0.15598668 recon=0.00013500
[hyperbolic] global_step=65612/72000 local_updates=16403 loss=0.15747106 recon=0.00014191
[hyperbolic] global_step=65780/72000 local_updates=16445 loss=0.15738527 recon=0.00013647
[hyperbolic] global_step=65940/72000 local_updates=16485 loss=0.15538205 recon=0.00014456
[hyperbolic] global_step=66112/72000 local_updates=16528 loss=0.15816532 recon=0.00013306
[hyperbolic] global_step=66264/72000 local_updates=16566 loss=0.15763959 recon=0.00013616
[hyperbolic] global_step=66428/72000 local_updates=16607 loss=0.15689950 recon=0.00013812
[hyperbolic] global_step=66588/72000 local_updates=16647 loss=0.15672864 recon=0.00012730
[hyperbolic] global_step=66752/72000 local_updates=16688 loss=0.15768181 recon=0.00014245
[hyperbolic] global_step=66916/72000 local_updates=16729 loss=0.15551212 recon=0.00014762
[hyperbolic] global_step=67076/72000 local_updates=16769 loss=0.15837896 recon=0.00013949
[hyperbolic] global_step=67240/72000 local_updates=16810 loss=0.15796350 recon=0.00014724
[hyperbolic] global_step=67396/72000 local_updates=16849 loss=0.16026679 recon=0.00014826
[hyperbolic] global_step=67564/72000 local_updates=16891 loss=0.15723304 recon=0.00012987
[hyperbolic] global_step=67732/72000 local_updates=16933 loss=0.15841195 recon=0.00013142
[hyperbolic] global_step=67900/72000 local_updates=16975 loss=0.15814957 recon=0.00015209
[hyperbolic] global_step=68072/72000 local_updates=17018 loss=0.15651636 recon=0.00014250
[hyperbolic] global_step=68248/72000 local_updates=17062 loss=0.15902911 recon=0.00015434
[hyperbolic] global_step=68412/72000 local_updates=17103 loss=0.15759543 recon=0.00014620
[hyperbolic] global_step=68588/72000 local_updates=17147 loss=0.15726016 recon=0.00014536
[hyperbolic] global_step=68756/72000 local_updates=17189 loss=0.15863518 recon=0.00013510
[hyperbolic] global_step=68928/72000 local_updates=17232 loss=0.15659177 recon=0.00014599
[hyperbolic] global_step=69088/72000 local_updates=17272 loss=0.15608016 recon=0.00015820
[hyperbolic] global_step=69260/72000 local_updates=17315 loss=0.15867524 recon=0.00014851
[hyperbolic] global_step=69420/72000 local_updates=17355 loss=0.15703231 recon=0.00014559
[hyperbolic] global_step=69588/72000 local_updates=17397 loss=0.15760642 recon=0.00015078
[hyperbolic] global_step=69748/72000 local_updates=17437 loss=0.15799502 recon=0.00013650
[hyperbolic] global_step=69900/72000 local_updates=17475 loss=0.15733674 recon=0.00015779
[hyperbolic] global_step=70000/72000 loss=0.15798917 recon=0.00014429 s=[0.2, 0.25, 0.2] c=[1.0, 1.0, 1.0] epsilon=[0.003, 0.003, 0.003] raw_unique=24552/24587 collision=0.001424 behaviour=0.16053150 margin=[0.003234, 0.012469, 0.015622] N=[339519, 23493, 533] prefix_unique=[256, 18057, 24169] codebook_used=[256, 256, 256]
[hyperbolic] global_step=70148/72000 local_updates=17537 loss=0.15761723 recon=0.00014524
[hyperbolic] global_step=70320/72000 local_updates=17580 loss=0.15814522 recon=0.00014386
[hyperbolic] global_step=70488/72000 local_updates=17622 loss=0.15939279 recon=0.00013405
[hyperbolic] global_step=70664/72000 local_updates=17666 loss=0.15858571 recon=0.00014493
[hyperbolic] global_step=70840/72000 local_updates=17710 loss=0.15890443 recon=0.00013787
[hyperbolic] global_step=71008/72000 local_updates=17752 loss=0.15721653 recon=0.00014831
[hyperbolic] global_step=71172/72000 local_updates=17793 loss=0.15753700 recon=0.00013060
[hyperbolic] global_step=71332/72000 local_updates=17833 loss=0.15872207 recon=0.00013845
[hyperbolic] global_step=71492/72000 local_updates=17873 loss=0.15771347 recon=0.00014523
[hyperbolic] global_step=71664/72000 local_updates=17916 loss=0.16019720 recon=0.00014248
[hyperbolic] global_step=71848/72000 local_updates=17962 loss=0.15677859 recon=0.00013311
[hyperbolic] global_step=72000/72000 loss=0.15785522 recon=0.00014393 s=[0.2, 0.25, 0.2] c=[1.0, 1.0, 1.0] epsilon=[0.003, 0.003, 0.003] raw_unique=24547/24587 collision=0.001627 behaviour=0.15871717 margin=[0.003335, 0.013442, 0.015778] N=[339519, 23220, 487] prefix_unique=[256, 18015, 24184] codebook_used=[256, 256, 256]
