2026-10-05 05:19:33,972 - INFO - Configuration: {'batch_size': 4096, 'infer_size': 1024, 'num_epochs': 150, 'eval_interval': 5, 'eval_start_epoch': 75, 'early_eval_epochs': (25, 50, 75, 100, 125), 'fast': True, 'bf16': True, 'use_lr_scheduler': True, 'lr_warmup_pct': 0.1, 'lr_min_factor': 0.2, 'compile': False, 'compile_mode': 'default', 'num_layers': 4, 'num_decoder_layers': 4, 'd_model': 128, 'd_ff': 1024, 'num_heads': 6, 'd_kv': 64, 'dropout_rate': 0.1, 'activation_function': 'relu', 'feed_forward_proj': 'relu', 'device': 'cuda', 'lr': 0.003, 'weight_decay': 0.05, 'vocab_size': 774, 'eos_token_id': 773, 'pad_token_id': 0, 'n_user_tokens': 1, 'max_len': 20, 'dataset_name': 'Amazon_2023_Instruments', 'dataset_path': '/home/wlia0047/ar57/wenyu/GeneRec/results/stage0_build_parquet/', 'codebook_size': [256, 256, 256, 1], 'code_path': '/home/wlia0047/ar57/wenyu/GeneRec/results/stage2_RQ-VAE/curvature_RQ-VAE_iter79/item_sids.json', 'train_file': 'train.parquet', 'valid_file': 'valid.parquet', 'test_file': 'test.parquet', 'log_path': '/home/wlia0047/ar57/wenyu/GeneRec/results/stage3_T5Train/curvature_RQ-VAE_iter79/logs/', 'save_path': '/home/wlia0047/ar57/wenyu/GeneRec/results/stage3_T5Train/curvature_RQ-VAE_iter79/ckpt/', 'seed': 42, 'topk_list': [5, 10], 'beam_size': 20, 'no_eval': True, 'skip_test': False, 'screen_baseline_log': '', 'screen_start_epoch': 40, 'screen_window': 5, 'screen_min_ndcg_gain': 0.001, 'screen_min_recall_gain': 0.001, 'num_workers': 4, 'prefetch_factor': 8, 'exclude_history': True, 'no_exclude_history': False, 'pin_memory': True, 'no_pin_memory': False, 'sid_length': 4, 'max_token_seq_len': 82, 'decoder_start_token_id': 0}
2026-10-05 05:19:34,023 - INFO - #Embedding parameters: 99072
#Non-embedding parameters: 4459648
#Total trainable parameters: 4558720

2026-10-05 05:19:47,388 - INFO - Epoch 1/150 train_loss=4.740299320220947
2026-10-05 05:19:47,472 - INFO - Best train loss=4.740299320220947; saved /home/wlia0047/ar57/wenyu/GeneRec/results/stage3_T5Train/curvature_RQ-VAE_iter79/ckpt/Amazon_2023_Instruments/Oct-05-2026_05-19-33/HG_Rec_best.pth
2026-10-05 05:19:59,105 - INFO - Epoch 2/150 train_loss=4.059082736968994
2026-10-05 05:19:59,143 - INFO - Best train loss=4.059082736968994; saved /home/wlia0047/ar57/wenyu/GeneRec/results/stage3_T5Train/curvature_RQ-VAE_iter79/ckpt/Amazon_2023_Instruments/Oct-05-2026_05-19-33/HG_Rec_best.pth
2026-10-05 05:20:10,757 - INFO - Epoch 3/150 train_loss=3.8668801307678224
2026-10-05 05:20:10,795 - INFO - Best train loss=3.8668801307678224; saved /home/wlia0047/ar57/wenyu/GeneRec/results/stage3_T5Train/curvature_RQ-VAE_iter79/ckpt/Amazon_2023_Instruments/Oct-05-2026_05-19-33/HG_Rec_best.pth
2026-10-05 05:20:22,405 - INFO - Epoch 4/150 train_loss=3.7181573867797852
2026-10-05 05:20:22,443 - INFO - Best train loss=3.7181573867797852; saved /home/wlia0047/ar57/wenyu/GeneRec/results/stage3_T5Train/curvature_RQ-VAE_iter79/ckpt/Amazon_2023_Instruments/Oct-05-2026_05-19-33/HG_Rec_best.pth
2026-10-05 05:20:34,044 - INFO - Epoch 5/150 train_loss=3.5935048389434816
2026-10-05 05:20:34,081 - INFO - Best train loss=3.5935048389434816; saved /home/wlia0047/ar57/wenyu/GeneRec/results/stage3_T5Train/curvature_RQ-VAE_iter79/ckpt/Amazon_2023_Instruments/Oct-05-2026_05-19-33/HG_Rec_best.pth
2026-10-05 05:20:45,688 - INFO - Epoch 6/150 train_loss=3.589517011642456
2026-10-05 05:20:45,724 - INFO - Best train loss=3.589517011642456; saved /home/wlia0047/ar57/wenyu/GeneRec/results/stage3_T5Train/curvature_RQ-VAE_iter79/ckpt/Amazon_2023_Instruments/Oct-05-2026_05-19-33/HG_Rec_best.pth
2026-10-05 05:20:57,338 - INFO - Epoch 7/150 train_loss=3.44138991355896
2026-10-05 05:20:57,375 - INFO - Best train loss=3.44138991355896; saved /home/wlia0047/ar57/wenyu/GeneRec/results/stage3_T5Train/curvature_RQ-VAE_iter79/ckpt/Amazon_2023_Instruments/Oct-05-2026_05-19-33/HG_Rec_best.pth
2026-10-05 05:21:08,984 - INFO - Epoch 8/150 train_loss=3.3596800327301026
2026-10-05 05:21:09,022 - INFO - Best train loss=3.3596800327301026; saved /home/wlia0047/ar57/wenyu/GeneRec/results/stage3_T5Train/curvature_RQ-VAE_iter79/ckpt/Amazon_2023_Instruments/Oct-05-2026_05-19-33/HG_Rec_best.pth
2026-10-05 05:21:20,632 - INFO - Epoch 9/150 train_loss=3.2754211616516113
2026-10-05 05:21:20,672 - INFO - Best train loss=3.2754211616516113; saved /home/wlia0047/ar57/wenyu/GeneRec/results/stage3_T5Train/curvature_RQ-VAE_iter79/ckpt/Amazon_2023_Instruments/Oct-05-2026_05-19-33/HG_Rec_best.pth
2026-10-05 05:21:32,281 - INFO - Epoch 10/150 train_loss=3.193830337524414
2026-10-05 05:21:32,318 - INFO - Best train loss=3.193830337524414; saved /home/wlia0047/ar57/wenyu/GeneRec/results/stage3_T5Train/curvature_RQ-VAE_iter79/ckpt/Amazon_2023_Instruments/Oct-05-2026_05-19-33/HG_Rec_best.pth
2026-10-05 05:21:43,923 - INFO - Epoch 11/150 train_loss=3.123704080581665
2026-10-05 05:21:43,961 - INFO - Best train loss=3.123704080581665; saved /home/wlia0047/ar57/wenyu/GeneRec/results/stage3_T5Train/curvature_RQ-VAE_iter79/ckpt/Amazon_2023_Instruments/Oct-05-2026_05-19-33/HG_Rec_best.pth
2026-10-05 05:21:55,570 - INFO - Epoch 12/150 train_loss=3.061566162109375
2026-10-05 05:21:55,607 - INFO - Best train loss=3.061566162109375; saved /home/wlia0047/ar57/wenyu/GeneRec/results/stage3_T5Train/curvature_RQ-VAE_iter79/ckpt/Amazon_2023_Instruments/Oct-05-2026_05-19-33/HG_Rec_best.pth
2026-10-05 05:22:07,215 - INFO - Epoch 13/150 train_loss=3.0014069080352783
2026-10-05 05:22:07,252 - INFO - Best train loss=3.0014069080352783; saved /home/wlia0047/ar57/wenyu/GeneRec/results/stage3_T5Train/curvature_RQ-VAE_iter79/ckpt/Amazon_2023_Instruments/Oct-05-2026_05-19-33/HG_Rec_best.pth
2026-10-05 05:22:18,865 - INFO - Epoch 14/150 train_loss=2.9528021144866945
2026-10-05 05:22:18,905 - INFO - Best train loss=2.9528021144866945; saved /home/wlia0047/ar57/wenyu/GeneRec/results/stage3_T5Train/curvature_RQ-VAE_iter79/ckpt/Amazon_2023_Instruments/Oct-05-2026_05-19-33/HG_Rec_best.pth
2026-10-05 05:22:30,517 - INFO - Epoch 15/150 train_loss=2.9044456100463867
2026-10-05 05:22:30,553 - INFO - Best train loss=2.9044456100463867; saved /home/wlia0047/ar57/wenyu/GeneRec/results/stage3_T5Train/curvature_RQ-VAE_iter79/ckpt/Amazon_2023_Instruments/Oct-05-2026_05-19-33/HG_Rec_best.pth
2026-10-05 05:22:42,158 - INFO - Epoch 16/150 train_loss=2.85481915473938
2026-10-05 05:22:42,195 - INFO - Best train loss=2.85481915473938; saved /home/wlia0047/ar57/wenyu/GeneRec/results/stage3_T5Train/curvature_RQ-VAE_iter79/ckpt/Amazon_2023_Instruments/Oct-05-2026_05-19-33/HG_Rec_best.pth
2026-10-05 05:22:53,802 - INFO - Epoch 17/150 train_loss=2.7996891021728514
2026-10-05 05:22:53,839 - INFO - Best train loss=2.7996891021728514; saved /home/wlia0047/ar57/wenyu/GeneRec/results/stage3_T5Train/curvature_RQ-VAE_iter79/ckpt/Amazon_2023_Instruments/Oct-05-2026_05-19-33/HG_Rec_best.pth
2026-10-05 05:23:06,002 - INFO - Epoch 18/150 train_loss=2.763240785598755
2026-10-05 05:23:06,038 - INFO - Best train loss=2.763240785598755; saved /home/wlia0047/ar57/wenyu/GeneRec/results/stage3_T5Train/curvature_RQ-VAE_iter79/ckpt/Amazon_2023_Instruments/Oct-05-2026_05-19-33/HG_Rec_best.pth
2026-10-05 05:23:17,650 - INFO - Epoch 19/150 train_loss=2.7241863346099855
2026-10-05 05:23:17,686 - INFO - Best train loss=2.7241863346099855; saved /home/wlia0047/ar57/wenyu/GeneRec/results/stage3_T5Train/curvature_RQ-VAE_iter79/ckpt/Amazon_2023_Instruments/Oct-05-2026_05-19-33/HG_Rec_best.pth
2026-10-05 05:23:29,291 - INFO - Epoch 20/150 train_loss=2.6748614501953125
2026-10-05 05:23:29,330 - INFO - Best train loss=2.6748614501953125; saved /home/wlia0047/ar57/wenyu/GeneRec/results/stage3_T5Train/curvature_RQ-VAE_iter79/ckpt/Amazon_2023_Instruments/Oct-05-2026_05-19-33/HG_Rec_best.pth
2026-10-05 05:23:40,939 - INFO - Epoch 21/150 train_loss=2.6344618129730226
2026-10-05 05:23:40,976 - INFO - Best train loss=2.6344618129730226; saved /home/wlia0047/ar57/wenyu/GeneRec/results/stage3_T5Train/curvature_RQ-VAE_iter79/ckpt/Amazon_2023_Instruments/Oct-05-2026_05-19-33/HG_Rec_best.pth
2026-10-05 05:23:52,582 - INFO - Epoch 22/150 train_loss=2.6053473567962646
2026-10-05 05:23:52,620 - INFO - Best train loss=2.6053473567962646; saved /home/wlia0047/ar57/wenyu/GeneRec/results/stage3_T5Train/curvature_RQ-VAE_iter79/ckpt/Amazon_2023_Instruments/Oct-05-2026_05-19-33/HG_Rec_best.pth
2026-10-05 05:24:04,230 - INFO - Epoch 23/150 train_loss=2.575194902420044
2026-10-05 05:24:04,268 - INFO - Best train loss=2.575194902420044; saved /home/wlia0047/ar57/wenyu/GeneRec/results/stage3_T5Train/curvature_RQ-VAE_iter79/ckpt/Amazon_2023_Instruments/Oct-05-2026_05-19-33/HG_Rec_best.pth
2026-10-05 05:24:15,872 - INFO - Epoch 24/150 train_loss=2.546573991775513
2026-10-05 05:24:15,908 - INFO - Best train loss=2.546573991775513; saved /home/wlia0047/ar57/wenyu/GeneRec/results/stage3_T5Train/curvature_RQ-VAE_iter79/ckpt/Amazon_2023_Instruments/Oct-05-2026_05-19-33/HG_Rec_best.pth
2026-10-05 05:24:27,514 - INFO - Epoch 25/150 train_loss=2.5192079067230226
2026-10-05 05:24:27,550 - INFO - Best train loss=2.5192079067230226; saved /home/wlia0047/ar57/wenyu/GeneRec/results/stage3_T5Train/curvature_RQ-VAE_iter79/ckpt/Amazon_2023_Instruments/Oct-05-2026_05-19-33/HG_Rec_best.pth
2026-10-05 05:24:39,153 - INFO - Epoch 26/150 train_loss=2.4851945304870604
2026-10-05 05:24:39,189 - INFO - Best train loss=2.4851945304870604; saved /home/wlia0047/ar57/wenyu/GeneRec/results/stage3_T5Train/curvature_RQ-VAE_iter79/ckpt/Amazon_2023_Instruments/Oct-05-2026_05-19-33/HG_Rec_best.pth
2026-10-05 05:24:50,794 - INFO - Epoch 27/150 train_loss=2.46281174659729
2026-10-05 05:24:50,830 - INFO - Best train loss=2.46281174659729; saved /home/wlia0047/ar57/wenyu/GeneRec/results/stage3_T5Train/curvature_RQ-VAE_iter79/ckpt/Amazon_2023_Instruments/Oct-05-2026_05-19-33/HG_Rec_best.pth
2026-10-05 05:25:02,446 - INFO - Epoch 28/150 train_loss=2.4397607040405274
2026-10-05 05:25:02,483 - INFO - Best train loss=2.4397607040405274; saved /home/wlia0047/ar57/wenyu/GeneRec/results/stage3_T5Train/curvature_RQ-VAE_iter79/ckpt/Amazon_2023_Instruments/Oct-05-2026_05-19-33/HG_Rec_best.pth
2026-10-05 05:25:14,091 - INFO - Epoch 29/150 train_loss=2.4098771667480468
2026-10-05 05:25:14,129 - INFO - Best train loss=2.4098771667480468; saved /home/wlia0047/ar57/wenyu/GeneRec/results/stage3_T5Train/curvature_RQ-VAE_iter79/ckpt/Amazon_2023_Instruments/Oct-05-2026_05-19-33/HG_Rec_best.pth
2026-10-05 05:25:25,736 - INFO - Epoch 30/150 train_loss=2.3827171421051023
2026-10-05 05:25:25,772 - INFO - Best train loss=2.3827171421051023; saved /home/wlia0047/ar57/wenyu/GeneRec/results/stage3_T5Train/curvature_RQ-VAE_iter79/ckpt/Amazon_2023_Instruments/Oct-05-2026_05-19-33/HG_Rec_best.pth
2026-10-05 05:25:37,376 - INFO - Epoch 31/150 train_loss=2.3564008331298827
2026-10-05 05:25:37,414 - INFO - Best train loss=2.3564008331298827; saved /home/wlia0047/ar57/wenyu/GeneRec/results/stage3_T5Train/curvature_RQ-VAE_iter79/ckpt/Amazon_2023_Instruments/Oct-05-2026_05-19-33/HG_Rec_best.pth
2026-10-05 05:25:49,022 - INFO - Epoch 32/150 train_loss=2.3309695720672607
2026-10-05 05:25:49,057 - INFO - Best train loss=2.3309695720672607; saved /home/wlia0047/ar57/wenyu/GeneRec/results/stage3_T5Train/curvature_RQ-VAE_iter79/ckpt/Amazon_2023_Instruments/Oct-05-2026_05-19-33/HG_Rec_best.pth
2026-10-05 05:26:00,662 - INFO - Epoch 33/150 train_loss=2.3062162590026856
2026-10-05 05:26:00,698 - INFO - Best train loss=2.3062162590026856; saved /home/wlia0047/ar57/wenyu/GeneRec/results/stage3_T5Train/curvature_RQ-VAE_iter79/ckpt/Amazon_2023_Instruments/Oct-05-2026_05-19-33/HG_Rec_best.pth
2026-10-05 05:26:12,304 - INFO - Epoch 34/150 train_loss=2.289142723083496
2026-10-05 05:26:12,343 - INFO - Best train loss=2.289142723083496; saved /home/wlia0047/ar57/wenyu/GeneRec/results/stage3_T5Train/curvature_RQ-VAE_iter79/ckpt/Amazon_2023_Instruments/Oct-05-2026_05-19-33/HG_Rec_best.pth
2026-10-05 05:26:23,955 - INFO - Epoch 35/150 train_loss=2.2727607536315917
2026-10-05 05:26:23,992 - INFO - Best train loss=2.2727607536315917; saved /home/wlia0047/ar57/wenyu/GeneRec/results/stage3_T5Train/curvature_RQ-VAE_iter79/ckpt/Amazon_2023_Instruments/Oct-05-2026_05-19-33/HG_Rec_best.pth
2026-10-05 05:26:35,597 - INFO - Epoch 36/150 train_loss=2.2561593151092527
2026-10-05 05:26:35,634 - INFO - Best train loss=2.2561593151092527; saved /home/wlia0047/ar57/wenyu/GeneRec/results/stage3_T5Train/curvature_RQ-VAE_iter79/ckpt/Amazon_2023_Instruments/Oct-05-2026_05-19-33/HG_Rec_best.pth
2026-10-05 05:26:47,246 - INFO - Epoch 37/150 train_loss=2.2378750896453856
2026-10-05 05:26:47,281 - INFO - Best train loss=2.2378750896453856; saved /home/wlia0047/ar57/wenyu/GeneRec/results/stage3_T5Train/curvature_RQ-VAE_iter79/ckpt/Amazon_2023_Instruments/Oct-05-2026_05-19-33/HG_Rec_best.pth
2026-10-05 05:26:58,887 - INFO - Epoch 38/150 train_loss=2.2241241359710693
2026-10-05 05:26:58,924 - INFO - Best train loss=2.2241241359710693; saved /home/wlia0047/ar57/wenyu/GeneRec/results/stage3_T5Train/curvature_RQ-VAE_iter79/ckpt/Amazon_2023_Instruments/Oct-05-2026_05-19-33/HG_Rec_best.pth
2026-10-05 05:27:10,534 - INFO - Epoch 39/150 train_loss=2.2144764041900635
2026-10-05 05:27:10,571 - INFO - Best train loss=2.2144764041900635; saved /home/wlia0047/ar57/wenyu/GeneRec/results/stage3_T5Train/curvature_RQ-VAE_iter79/ckpt/Amazon_2023_Instruments/Oct-05-2026_05-19-33/HG_Rec_best.pth
2026-10-05 05:27:22,174 - INFO - Epoch 40/150 train_loss=2.2006458473205566
2026-10-05 05:27:22,211 - INFO - Best train loss=2.2006458473205566; saved /home/wlia0047/ar57/wenyu/GeneRec/results/stage3_T5Train/curvature_RQ-VAE_iter79/ckpt/Amazon_2023_Instruments/Oct-05-2026_05-19-33/HG_Rec_best.pth
2026-10-05 05:27:33,819 - INFO - Epoch 41/150 train_loss=2.1905124378204346
2026-10-05 05:27:33,857 - INFO - Best train loss=2.1905124378204346; saved /home/wlia0047/ar57/wenyu/GeneRec/results/stage3_T5Train/curvature_RQ-VAE_iter79/ckpt/Amazon_2023_Instruments/Oct-05-2026_05-19-33/HG_Rec_best.pth
2026-10-05 05:27:45,461 - INFO - Epoch 42/150 train_loss=2.1802364349365235
2026-10-05 05:27:45,497 - INFO - Best train loss=2.1802364349365235; saved /home/wlia0047/ar57/wenyu/GeneRec/results/stage3_T5Train/curvature_RQ-VAE_iter79/ckpt/Amazon_2023_Instruments/Oct-05-2026_05-19-33/HG_Rec_best.pth
2026-10-05 05:27:57,154 - INFO - Epoch 43/150 train_loss=2.1668401908874513
2026-10-05 05:27:57,650 - INFO - Best train loss=2.1668401908874513; saved /home/wlia0047/ar57/wenyu/GeneRec/results/stage3_T5Train/curvature_RQ-VAE_iter79/ckpt/Amazon_2023_Instruments/Oct-05-2026_05-19-33/HG_Rec_best.pth
2026-10-05 05:28:09,254 - INFO - Epoch 44/150 train_loss=2.159316520690918
2026-10-05 05:28:09,289 - INFO - Best train loss=2.159316520690918; saved /home/wlia0047/ar57/wenyu/GeneRec/results/stage3_T5Train/curvature_RQ-VAE_iter79/ckpt/Amazon_2023_Instruments/Oct-05-2026_05-19-33/HG_Rec_best.pth
2026-10-05 05:28:20,896 - INFO - Epoch 45/150 train_loss=2.1494869327545167
2026-10-05 05:28:20,933 - INFO - Best train loss=2.1494869327545167; saved /home/wlia0047/ar57/wenyu/GeneRec/results/stage3_T5Train/curvature_RQ-VAE_iter79/ckpt/Amazon_2023_Instruments/Oct-05-2026_05-19-33/HG_Rec_best.pth
2026-10-05 05:28:32,540 - INFO - Epoch 46/150 train_loss=2.1378415775299073
2026-10-05 05:28:32,576 - INFO - Best train loss=2.1378415775299073; saved /home/wlia0047/ar57/wenyu/GeneRec/results/stage3_T5Train/curvature_RQ-VAE_iter79/ckpt/Amazon_2023_Instruments/Oct-05-2026_05-19-33/HG_Rec_best.pth
2026-10-05 05:28:44,177 - INFO - Epoch 47/150 train_loss=2.128366241455078
2026-10-05 05:28:44,215 - INFO - Best train loss=2.128366241455078; saved /home/wlia0047/ar57/wenyu/GeneRec/results/stage3_T5Train/curvature_RQ-VAE_iter79/ckpt/Amazon_2023_Instruments/Oct-05-2026_05-19-33/HG_Rec_best.pth
2026-10-05 05:28:55,822 - INFO - Epoch 48/150 train_loss=2.120247278213501
2026-10-05 05:28:55,858 - INFO - Best train loss=2.120247278213501; saved /home/wlia0047/ar57/wenyu/GeneRec/results/stage3_T5Train/curvature_RQ-VAE_iter79/ckpt/Amazon_2023_Instruments/Oct-05-2026_05-19-33/HG_Rec_best.pth
2026-10-05 05:29:07,461 - INFO - Epoch 49/150 train_loss=2.109464111328125
2026-10-05 05:29:07,499 - INFO - Best train loss=2.109464111328125; saved /home/wlia0047/ar57/wenyu/GeneRec/results/stage3_T5Train/curvature_RQ-VAE_iter79/ckpt/Amazon_2023_Instruments/Oct-05-2026_05-19-33/HG_Rec_best.pth
2026-10-05 05:29:19,114 - INFO - Epoch 50/150 train_loss=2.1060867881774903
2026-10-05 05:29:19,152 - INFO - Best train loss=2.1060867881774903; saved /home/wlia0047/ar57/wenyu/GeneRec/results/stage3_T5Train/curvature_RQ-VAE_iter79/ckpt/Amazon_2023_Instruments/Oct-05-2026_05-19-33/HG_Rec_best.pth
2026-10-05 05:29:30,768 - INFO - Epoch 51/150 train_loss=2.0969926834106447
2026-10-05 05:29:30,839 - INFO - Best train loss=2.0969926834106447; saved /home/wlia0047/ar57/wenyu/GeneRec/results/stage3_T5Train/curvature_RQ-VAE_iter79/ckpt/Amazon_2023_Instruments/Oct-05-2026_05-19-33/HG_Rec_best.pth
2026-10-05 05:29:42,611 - INFO - Epoch 52/150 train_loss=2.0930644130706786
2026-10-05 05:29:42,646 - INFO - Best train loss=2.0930644130706786; saved /home/wlia0047/ar57/wenyu/GeneRec/results/stage3_T5Train/curvature_RQ-VAE_iter79/ckpt/Amazon_2023_Instruments/Oct-05-2026_05-19-33/HG_Rec_best.pth
2026-10-05 05:29:54,265 - INFO - Epoch 53/150 train_loss=2.0843964767456056
2026-10-05 05:29:54,303 - INFO - Best train loss=2.0843964767456056; saved /home/wlia0047/ar57/wenyu/GeneRec/results/stage3_T5Train/curvature_RQ-VAE_iter79/ckpt/Amazon_2023_Instruments/Oct-05-2026_05-19-33/HG_Rec_best.pth
2026-10-05 05:30:05,957 - INFO - Epoch 54/150 train_loss=2.076238307952881
2026-10-05 05:30:05,998 - INFO - Best train loss=2.076238307952881; saved /home/wlia0047/ar57/wenyu/GeneRec/results/stage3_T5Train/curvature_RQ-VAE_iter79/ckpt/Amazon_2023_Instruments/Oct-05-2026_05-19-33/HG_Rec_best.pth
2026-10-05 05:30:18,803 - INFO - Epoch 55/150 train_loss=2.073377237319946
2026-10-05 05:30:18,867 - INFO - Best train loss=2.073377237319946; saved /home/wlia0047/ar57/wenyu/GeneRec/results/stage3_T5Train/curvature_RQ-VAE_iter79/ckpt/Amazon_2023_Instruments/Oct-05-2026_05-19-33/HG_Rec_best.pth
2026-10-05 05:30:30,482 - INFO - Epoch 56/150 train_loss=2.0660130691528322
2026-10-05 05:30:30,518 - INFO - Best train loss=2.0660130691528322; saved /home/wlia0047/ar57/wenyu/GeneRec/results/stage3_T5Train/curvature_RQ-VAE_iter79/ckpt/Amazon_2023_Instruments/Oct-05-2026_05-19-33/HG_Rec_best.pth
2026-10-05 05:30:42,130 - INFO - Epoch 57/150 train_loss=2.0555873584747313
2026-10-05 05:30:42,169 - INFO - Best train loss=2.0555873584747313; saved /home/wlia0047/ar57/wenyu/GeneRec/results/stage3_T5Train/curvature_RQ-VAE_iter79/ckpt/Amazon_2023_Instruments/Oct-05-2026_05-19-33/HG_Rec_best.pth
2026-10-05 05:30:53,778 - INFO - Epoch 58/150 train_loss=2.0500849437713624
2026-10-05 05:30:53,814 - INFO - Best train loss=2.0500849437713624; saved /home/wlia0047/ar57/wenyu/GeneRec/results/stage3_T5Train/curvature_RQ-VAE_iter79/ckpt/Amazon_2023_Instruments/Oct-05-2026_05-19-33/HG_Rec_best.pth
2026-10-05 05:31:05,420 - INFO - Epoch 59/150 train_loss=2.0428136825561523
2026-10-05 05:31:05,457 - INFO - Best train loss=2.0428136825561523; saved /home/wlia0047/ar57/wenyu/GeneRec/results/stage3_T5Train/curvature_RQ-VAE_iter79/ckpt/Amazon_2023_Instruments/Oct-05-2026_05-19-33/HG_Rec_best.pth
2026-10-05 05:31:17,181 - INFO - Epoch 60/150 train_loss=2.0389277935028076
2026-10-05 05:31:17,231 - INFO - Best train loss=2.0389277935028076; saved /home/wlia0047/ar57/wenyu/GeneRec/results/stage3_T5Train/curvature_RQ-VAE_iter79/ckpt/Amazon_2023_Instruments/Oct-05-2026_05-19-33/HG_Rec_best.pth
2026-10-05 05:31:28,840 - INFO - Epoch 61/150 train_loss=2.033425798416138
2026-10-05 05:31:28,876 - INFO - Best train loss=2.033425798416138; saved /home/wlia0047/ar57/wenyu/GeneRec/results/stage3_T5Train/curvature_RQ-VAE_iter79/ckpt/Amazon_2023_Instruments/Oct-05-2026_05-19-33/HG_Rec_best.pth
2026-10-05 05:31:40,482 - INFO - Epoch 62/150 train_loss=2.0250462341308593
2026-10-05 05:31:40,520 - INFO - Best train loss=2.0250462341308593; saved /home/wlia0047/ar57/wenyu/GeneRec/results/stage3_T5Train/curvature_RQ-VAE_iter79/ckpt/Amazon_2023_Instruments/Oct-05-2026_05-19-33/HG_Rec_best.pth
2026-10-05 05:31:52,131 - INFO - Epoch 63/150 train_loss=2.0247329235076905
2026-10-05 05:31:52,167 - INFO - Best train loss=2.0247329235076905; saved /home/wlia0047/ar57/wenyu/GeneRec/results/stage3_T5Train/curvature_RQ-VAE_iter79/ckpt/Amazon_2023_Instruments/Oct-05-2026_05-19-33/HG_Rec_best.pth
2026-10-05 05:32:03,780 - INFO - Epoch 64/150 train_loss=2.0217714405059812
2026-10-05 05:32:03,816 - INFO - Best train loss=2.0217714405059812; saved /home/wlia0047/ar57/wenyu/GeneRec/results/stage3_T5Train/curvature_RQ-VAE_iter79/ckpt/Amazon_2023_Instruments/Oct-05-2026_05-19-33/HG_Rec_best.pth
2026-10-05 05:32:15,429 - INFO - Epoch 65/150 train_loss=2.015109395980835
2026-10-05 05:32:15,465 - INFO - Best train loss=2.015109395980835; saved /home/wlia0047/ar57/wenyu/GeneRec/results/stage3_T5Train/curvature_RQ-VAE_iter79/ckpt/Amazon_2023_Instruments/Oct-05-2026_05-19-33/HG_Rec_best.pth
2026-10-05 05:32:27,077 - INFO - Epoch 66/150 train_loss=2.00959557056427
2026-10-05 05:32:27,114 - INFO - Best train loss=2.00959557056427; saved /home/wlia0047/ar57/wenyu/GeneRec/results/stage3_T5Train/curvature_RQ-VAE_iter79/ckpt/Amazon_2023_Instruments/Oct-05-2026_05-19-33/HG_Rec_best.pth
2026-10-05 05:32:38,727 - INFO - Epoch 67/150 train_loss=2.007272329330444
2026-10-05 05:32:38,764 - INFO - Best train loss=2.007272329330444; saved /home/wlia0047/ar57/wenyu/GeneRec/results/stage3_T5Train/curvature_RQ-VAE_iter79/ckpt/Amazon_2023_Instruments/Oct-05-2026_05-19-33/HG_Rec_best.pth
2026-10-05 05:32:50,421 - INFO - Epoch 68/150 train_loss=2.0013875198364257
2026-10-05 05:32:50,458 - INFO - Best train loss=2.0013875198364257; saved /home/wlia0047/ar57/wenyu/GeneRec/results/stage3_T5Train/curvature_RQ-VAE_iter79/ckpt/Amazon_2023_Instruments/Oct-05-2026_05-19-33/HG_Rec_best.pth
2026-10-05 05:33:02,064 - INFO - Epoch 69/150 train_loss=2.002712440490723
2026-10-05 05:33:13,677 - INFO - Epoch 70/150 train_loss=1.993754162788391
2026-10-05 05:33:13,715 - INFO - Best train loss=1.993754162788391; saved /home/wlia0047/ar57/wenyu/GeneRec/results/stage3_T5Train/curvature_RQ-VAE_iter79/ckpt/Amazon_2023_Instruments/Oct-05-2026_05-19-33/HG_Rec_best.pth
2026-10-05 05:33:25,323 - INFO - Epoch 71/150 train_loss=1.9890563011169433
2026-10-05 05:33:25,362 - INFO - Best train loss=1.9890563011169433; saved /home/wlia0047/ar57/wenyu/GeneRec/results/stage3_T5Train/curvature_RQ-VAE_iter79/ckpt/Amazon_2023_Instruments/Oct-05-2026_05-19-33/HG_Rec_best.pth
2026-10-05 05:33:36,970 - INFO - Epoch 72/150 train_loss=1.9854494667053222
2026-10-05 05:33:37,007 - INFO - Best train loss=1.9854494667053222; saved /home/wlia0047/ar57/wenyu/GeneRec/results/stage3_T5Train/curvature_RQ-VAE_iter79/ckpt/Amazon_2023_Instruments/Oct-05-2026_05-19-33/HG_Rec_best.pth
2026-10-05 05:33:48,618 - INFO - Epoch 73/150 train_loss=1.976812391281128
2026-10-05 05:33:48,655 - INFO - Best train loss=1.976812391281128; saved /home/wlia0047/ar57/wenyu/GeneRec/results/stage3_T5Train/curvature_RQ-VAE_iter79/ckpt/Amazon_2023_Instruments/Oct-05-2026_05-19-33/HG_Rec_best.pth
2026-10-05 05:34:00,263 - INFO - Epoch 74/150 train_loss=1.9806960201263428
2026-10-05 05:34:11,874 - INFO - Epoch 75/150 train_loss=1.9771410465240478
2026-10-05 05:34:23,495 - INFO - Epoch 76/150 train_loss=1.9708155298233032
2026-10-05 05:34:23,533 - INFO - Best train loss=1.9708155298233032; saved /home/wlia0047/ar57/wenyu/GeneRec/results/stage3_T5Train/curvature_RQ-VAE_iter79/ckpt/Amazon_2023_Instruments/Oct-05-2026_05-19-33/HG_Rec_best.pth
2026-10-05 05:34:35,148 - INFO - Epoch 77/150 train_loss=1.9647661542892456
2026-10-05 05:34:35,185 - INFO - Best train loss=1.9647661542892456; saved /home/wlia0047/ar57/wenyu/GeneRec/results/stage3_T5Train/curvature_RQ-VAE_iter79/ckpt/Amazon_2023_Instruments/Oct-05-2026_05-19-33/HG_Rec_best.pth
2026-10-05 05:34:46,795 - INFO - Epoch 78/150 train_loss=1.964545760154724
2026-10-05 05:34:46,831 - INFO - Best train loss=1.964545760154724; saved /home/wlia0047/ar57/wenyu/GeneRec/results/stage3_T5Train/curvature_RQ-VAE_iter79/ckpt/Amazon_2023_Instruments/Oct-05-2026_05-19-33/HG_Rec_best.pth
2026-10-05 05:34:58,435 - INFO - Epoch 79/150 train_loss=1.96058424949646
2026-10-05 05:34:58,473 - INFO - Best train loss=1.96058424949646; saved /home/wlia0047/ar57/wenyu/GeneRec/results/stage3_T5Train/curvature_RQ-VAE_iter79/ckpt/Amazon_2023_Instruments/Oct-05-2026_05-19-33/HG_Rec_best.pth
2026-10-05 05:35:10,079 - INFO - Epoch 80/150 train_loss=1.9604583883285522
2026-10-05 05:35:10,618 - INFO - Best train loss=1.9604583883285522; saved /home/wlia0047/ar57/wenyu/GeneRec/results/stage3_T5Train/curvature_RQ-VAE_iter79/ckpt/Amazon_2023_Instruments/Oct-05-2026_05-19-33/HG_Rec_best.pth
2026-10-05 05:35:22,230 - INFO - Epoch 81/150 train_loss=1.9585584211349487
2026-10-05 05:35:22,267 - INFO - Best train loss=1.9585584211349487; saved /home/wlia0047/ar57/wenyu/GeneRec/results/stage3_T5Train/curvature_RQ-VAE_iter79/ckpt/Amazon_2023_Instruments/Oct-05-2026_05-19-33/HG_Rec_best.pth
2026-10-05 05:35:33,873 - INFO - Epoch 82/150 train_loss=1.9507034254074096
2026-10-05 05:35:33,909 - INFO - Best train loss=1.9507034254074096; saved /home/wlia0047/ar57/wenyu/GeneRec/results/stage3_T5Train/curvature_RQ-VAE_iter79/ckpt/Amazon_2023_Instruments/Oct-05-2026_05-19-33/HG_Rec_best.pth
2026-10-05 05:35:45,519 - INFO - Epoch 83/150 train_loss=1.9501247692108155
2026-10-05 05:35:45,556 - INFO - Best train loss=1.9501247692108155; saved /home/wlia0047/ar57/wenyu/GeneRec/results/stage3_T5Train/curvature_RQ-VAE_iter79/ckpt/Amazon_2023_Instruments/Oct-05-2026_05-19-33/HG_Rec_best.pth
2026-10-05 05:35:57,170 - INFO - Epoch 84/150 train_loss=1.9456527423858643
2026-10-05 05:35:57,206 - INFO - Best train loss=1.9456527423858643; saved /home/wlia0047/ar57/wenyu/GeneRec/results/stage3_T5Train/curvature_RQ-VAE_iter79/ckpt/Amazon_2023_Instruments/Oct-05-2026_05-19-33/HG_Rec_best.pth
2026-10-05 05:36:08,818 - INFO - Epoch 85/150 train_loss=1.9432881307601928
2026-10-05 05:36:08,854 - INFO - Best train loss=1.9432881307601928; saved /home/wlia0047/ar57/wenyu/GeneRec/results/stage3_T5Train/curvature_RQ-VAE_iter79/ckpt/Amazon_2023_Instruments/Oct-05-2026_05-19-33/HG_Rec_best.pth
2026-10-05 05:36:20,464 - INFO - Epoch 86/150 train_loss=1.9411762428283692
2026-10-05 05:36:20,501 - INFO - Best train loss=1.9411762428283692; saved /home/wlia0047/ar57/wenyu/GeneRec/results/stage3_T5Train/curvature_RQ-VAE_iter79/ckpt/Amazon_2023_Instruments/Oct-05-2026_05-19-33/HG_Rec_best.pth
2026-10-05 05:36:32,110 - INFO - Epoch 87/150 train_loss=1.938696436882019
2026-10-05 05:36:32,147 - INFO - Best train loss=1.938696436882019; saved /home/wlia0047/ar57/wenyu/GeneRec/results/stage3_T5Train/curvature_RQ-VAE_iter79/ckpt/Amazon_2023_Instruments/Oct-05-2026_05-19-33/HG_Rec_best.pth
2026-10-05 05:36:43,750 - INFO - Epoch 88/150 train_loss=1.9351447868347167
2026-10-05 05:36:43,787 - INFO - Best train loss=1.9351447868347167; saved /home/wlia0047/ar57/wenyu/GeneRec/results/stage3_T5Train/curvature_RQ-VAE_iter79/ckpt/Amazon_2023_Instruments/Oct-05-2026_05-19-33/HG_Rec_best.pth
2026-10-05 05:36:55,399 - INFO - Epoch 89/150 train_loss=1.9327929782867432
2026-10-05 05:36:55,435 - INFO - Best train loss=1.9327929782867432; saved /home/wlia0047/ar57/wenyu/GeneRec/results/stage3_T5Train/curvature_RQ-VAE_iter79/ckpt/Amazon_2023_Instruments/Oct-05-2026_05-19-33/HG_Rec_best.pth
2026-10-05 05:37:07,040 - INFO - Epoch 90/150 train_loss=1.9274449253082275
2026-10-05 05:37:07,079 - INFO - Best train loss=1.9274449253082275; saved /home/wlia0047/ar57/wenyu/GeneRec/results/stage3_T5Train/curvature_RQ-VAE_iter79/ckpt/Amazon_2023_Instruments/Oct-05-2026_05-19-33/HG_Rec_best.pth
2026-10-05 05:37:18,685 - INFO - Epoch 91/150 train_loss=1.9271080255508424
2026-10-05 05:37:18,720 - INFO - Best train loss=1.9271080255508424; saved /home/wlia0047/ar57/wenyu/GeneRec/results/stage3_T5Train/curvature_RQ-VAE_iter79/ckpt/Amazon_2023_Instruments/Oct-05-2026_05-19-33/HG_Rec_best.pth
2026-10-05 05:37:30,836 - INFO - Epoch 92/150 train_loss=1.926200499534607
2026-10-05 05:37:30,872 - INFO - Best train loss=1.926200499534607; saved /home/wlia0047/ar57/wenyu/GeneRec/results/stage3_T5Train/curvature_RQ-VAE_iter79/ckpt/Amazon_2023_Instruments/Oct-05-2026_05-19-33/HG_Rec_best.pth
2026-10-05 05:37:42,500 - INFO - Epoch 93/150 train_loss=1.9213864850997924
2026-10-05 05:37:43,012 - INFO - Best train loss=1.9213864850997924; saved /home/wlia0047/ar57/wenyu/GeneRec/results/stage3_T5Train/curvature_RQ-VAE_iter79/ckpt/Amazon_2023_Instruments/Oct-05-2026_05-19-33/HG_Rec_best.pth
2026-10-05 05:37:54,624 - INFO - Epoch 94/150 train_loss=1.9237816429138184
2026-10-05 05:38:06,239 - INFO - Epoch 95/150 train_loss=1.9173748302459717
2026-10-05 05:38:06,274 - INFO - Best train loss=1.9173748302459717; saved /home/wlia0047/ar57/wenyu/GeneRec/results/stage3_T5Train/curvature_RQ-VAE_iter79/ckpt/Amazon_2023_Instruments/Oct-05-2026_05-19-33/HG_Rec_best.pth
2026-10-05 05:38:17,880 - INFO - Epoch 96/150 train_loss=1.9171712017059326
2026-10-05 05:38:17,920 - INFO - Best train loss=1.9171712017059326; saved /home/wlia0047/ar57/wenyu/GeneRec/results/stage3_T5Train/curvature_RQ-VAE_iter79/ckpt/Amazon_2023_Instruments/Oct-05-2026_05-19-33/HG_Rec_best.pth
2026-10-05 05:38:29,531 - INFO - Epoch 97/150 train_loss=1.9161637687683106
2026-10-05 05:38:29,568 - INFO - Best train loss=1.9161637687683106; saved /home/wlia0047/ar57/wenyu/GeneRec/results/stage3_T5Train/curvature_RQ-VAE_iter79/ckpt/Amazon_2023_Instruments/Oct-05-2026_05-19-33/HG_Rec_best.pth
2026-10-05 05:38:41,180 - INFO - Epoch 98/150 train_loss=1.9122830295562745
2026-10-05 05:38:41,216 - INFO - Best train loss=1.9122830295562745; saved /home/wlia0047/ar57/wenyu/GeneRec/results/stage3_T5Train/curvature_RQ-VAE_iter79/ckpt/Amazon_2023_Instruments/Oct-05-2026_05-19-33/HG_Rec_best.pth
2026-10-05 05:38:52,821 - INFO - Epoch 99/150 train_loss=1.9105863904953002
2026-10-05 05:38:52,861 - INFO - Best train loss=1.9105863904953002; saved /home/wlia0047/ar57/wenyu/GeneRec/results/stage3_T5Train/curvature_RQ-VAE_iter79/ckpt/Amazon_2023_Instruments/Oct-05-2026_05-19-33/HG_Rec_best.pth
2026-10-05 05:39:04,469 - INFO - Epoch 100/150 train_loss=1.9081679821014403
2026-10-05 05:39:04,505 - INFO - Best train loss=1.9081679821014403; saved /home/wlia0047/ar57/wenyu/GeneRec/results/stage3_T5Train/curvature_RQ-VAE_iter79/ckpt/Amazon_2023_Instruments/Oct-05-2026_05-19-33/HG_Rec_best.pth
2026-10-05 05:39:16,114 - INFO - Epoch 101/150 train_loss=1.9052086496353149
2026-10-05 05:39:16,151 - INFO - Best train loss=1.9052086496353149; saved /home/wlia0047/ar57/wenyu/GeneRec/results/stage3_T5Train/curvature_RQ-VAE_iter79/ckpt/Amazon_2023_Instruments/Oct-05-2026_05-19-33/HG_Rec_best.pth
2026-10-05 05:39:27,764 - INFO - Epoch 102/150 train_loss=1.904210171699524
2026-10-05 05:39:27,803 - INFO - Best train loss=1.904210171699524; saved /home/wlia0047/ar57/wenyu/GeneRec/results/stage3_T5Train/curvature_RQ-VAE_iter79/ckpt/Amazon_2023_Instruments/Oct-05-2026_05-19-33/HG_Rec_best.pth
2026-10-05 05:39:39,453 - INFO - Epoch 103/150 train_loss=1.899491786956787
2026-10-05 05:39:39,490 - INFO - Best train loss=1.899491786956787; saved /home/wlia0047/ar57/wenyu/GeneRec/results/stage3_T5Train/curvature_RQ-VAE_iter79/ckpt/Amazon_2023_Instruments/Oct-05-2026_05-19-33/HG_Rec_best.pth
2026-10-05 05:39:51,166 - INFO - Epoch 104/150 train_loss=1.8975811862945557
2026-10-05 05:39:51,205 - INFO - Best train loss=1.8975811862945557; saved /home/wlia0047/ar57/wenyu/GeneRec/results/stage3_T5Train/curvature_RQ-VAE_iter79/ckpt/Amazon_2023_Instruments/Oct-05-2026_05-19-33/HG_Rec_best.pth
2026-10-05 05:40:02,835 - INFO - Epoch 105/150 train_loss=1.8991217994689942
2026-10-05 05:40:14,546 - INFO - Epoch 106/150 train_loss=1.8940400457382203
2026-10-05 05:40:14,584 - INFO - Best train loss=1.8940400457382203; saved /home/wlia0047/ar57/wenyu/GeneRec/results/stage3_T5Train/curvature_RQ-VAE_iter79/ckpt/Amazon_2023_Instruments/Oct-05-2026_05-19-33/HG_Rec_best.pth
2026-10-05 05:40:26,189 - INFO - Epoch 107/150 train_loss=1.8969295692443848
2026-10-05 05:40:37,801 - INFO - Epoch 108/150 train_loss=1.8945415782928468
2026-10-05 05:40:49,420 - INFO - Epoch 109/150 train_loss=1.888959708213806
2026-10-05 05:40:49,456 - INFO - Best train loss=1.888959708213806; saved /home/wlia0047/ar57/wenyu/GeneRec/results/stage3_T5Train/curvature_RQ-VAE_iter79/ckpt/Amazon_2023_Instruments/Oct-05-2026_05-19-33/HG_Rec_best.pth
2026-10-05 05:41:01,061 - INFO - Epoch 110/150 train_loss=1.8879596853256226
2026-10-05 05:41:01,096 - INFO - Best train loss=1.8879596853256226; saved /home/wlia0047/ar57/wenyu/GeneRec/results/stage3_T5Train/curvature_RQ-VAE_iter79/ckpt/Amazon_2023_Instruments/Oct-05-2026_05-19-33/HG_Rec_best.pth
2026-10-05 05:41:12,703 - INFO - Epoch 111/150 train_loss=1.8883642435073853
2026-10-05 05:41:24,441 - INFO - Epoch 112/150 train_loss=1.8858600521087647
2026-10-05 05:41:24,492 - INFO - Best train loss=1.8858600521087647; saved /home/wlia0047/ar57/wenyu/GeneRec/results/stage3_T5Train/curvature_RQ-VAE_iter79/ckpt/Amazon_2023_Instruments/Oct-05-2026_05-19-33/HG_Rec_best.pth
2026-10-05 05:41:36,098 - INFO - Epoch 113/150 train_loss=1.88529513835907
2026-10-05 05:41:36,134 - INFO - Best train loss=1.88529513835907; saved /home/wlia0047/ar57/wenyu/GeneRec/results/stage3_T5Train/curvature_RQ-VAE_iter79/ckpt/Amazon_2023_Instruments/Oct-05-2026_05-19-33/HG_Rec_best.pth
2026-10-05 05:41:47,742 - INFO - Epoch 114/150 train_loss=1.88177433013916
2026-10-05 05:41:47,778 - INFO - Best train loss=1.88177433013916; saved /home/wlia0047/ar57/wenyu/GeneRec/results/stage3_T5Train/curvature_RQ-VAE_iter79/ckpt/Amazon_2023_Instruments/Oct-05-2026_05-19-33/HG_Rec_best.pth
2026-10-05 05:41:59,395 - INFO - Epoch 115/150 train_loss=1.8818877744674682
2026-10-05 05:42:11,003 - INFO - Epoch 116/150 train_loss=1.8800674772262573
2026-10-05 05:42:11,046 - INFO - Best train loss=1.8800674772262573; saved /home/wlia0047/ar57/wenyu/GeneRec/results/stage3_T5Train/curvature_RQ-VAE_iter79/ckpt/Amazon_2023_Instruments/Oct-05-2026_05-19-33/HG_Rec_best.pth
2026-10-05 05:42:24,781 - INFO - Epoch 117/150 train_loss=1.8776693487167357
2026-10-05 05:42:24,817 - INFO - Best train loss=1.8776693487167357; saved /home/wlia0047/ar57/wenyu/GeneRec/results/stage3_T5Train/curvature_RQ-VAE_iter79/ckpt/Amazon_2023_Instruments/Oct-05-2026_05-19-33/HG_Rec_best.pth
2026-10-05 05:42:36,507 - INFO - Epoch 118/150 train_loss=1.8768717575073242
2026-10-05 05:42:36,543 - INFO - Best train loss=1.8768717575073242; saved /home/wlia0047/ar57/wenyu/GeneRec/results/stage3_T5Train/curvature_RQ-VAE_iter79/ckpt/Amazon_2023_Instruments/Oct-05-2026_05-19-33/HG_Rec_best.pth
2026-10-05 05:42:48,154 - INFO - Epoch 119/150 train_loss=1.8751230907440186
2026-10-05 05:42:48,190 - INFO - Best train loss=1.8751230907440186; saved /home/wlia0047/ar57/wenyu/GeneRec/results/stage3_T5Train/curvature_RQ-VAE_iter79/ckpt/Amazon_2023_Instruments/Oct-05-2026_05-19-33/HG_Rec_best.pth
2026-10-05 05:42:59,801 - INFO - Epoch 120/150 train_loss=1.8724589490890502
2026-10-05 05:42:59,841 - INFO - Best train loss=1.8724589490890502; saved /home/wlia0047/ar57/wenyu/GeneRec/results/stage3_T5Train/curvature_RQ-VAE_iter79/ckpt/Amazon_2023_Instruments/Oct-05-2026_05-19-33/HG_Rec_best.pth
2026-10-05 05:43:11,457 - INFO - Epoch 121/150 train_loss=1.8701781415939331
2026-10-05 05:43:11,494 - INFO - Best train loss=1.8701781415939331; saved /home/wlia0047/ar57/wenyu/GeneRec/results/stage3_T5Train/curvature_RQ-VAE_iter79/ckpt/Amazon_2023_Instruments/Oct-05-2026_05-19-33/HG_Rec_best.pth
2026-10-05 05:43:23,099 - INFO - Epoch 122/150 train_loss=1.869166612625122
2026-10-05 05:43:23,135 - INFO - Best train loss=1.869166612625122; saved /home/wlia0047/ar57/wenyu/GeneRec/results/stage3_T5Train/curvature_RQ-VAE_iter79/ckpt/Amazon_2023_Instruments/Oct-05-2026_05-19-33/HG_Rec_best.pth
2026-10-05 05:43:34,740 - INFO - Epoch 123/150 train_loss=1.8670631742477417
2026-10-05 05:43:34,776 - INFO - Best train loss=1.8670631742477417; saved /home/wlia0047/ar57/wenyu/GeneRec/results/stage3_T5Train/curvature_RQ-VAE_iter79/ckpt/Amazon_2023_Instruments/Oct-05-2026_05-19-33/HG_Rec_best.pth
2026-10-05 05:43:46,385 - INFO - Epoch 124/150 train_loss=1.8674117803573609
2026-10-05 05:43:57,998 - INFO - Epoch 125/150 train_loss=1.866867184638977
2026-10-05 05:43:58,036 - INFO - Best train loss=1.866867184638977; saved /home/wlia0047/ar57/wenyu/GeneRec/results/stage3_T5Train/curvature_RQ-VAE_iter79/ckpt/Amazon_2023_Instruments/Oct-05-2026_05-19-33/HG_Rec_best.pth
2026-10-05 05:44:09,647 - INFO - Epoch 126/150 train_loss=1.8650351333618165
2026-10-05 05:44:09,683 - INFO - Best train loss=1.8650351333618165; saved /home/wlia0047/ar57/wenyu/GeneRec/results/stage3_T5Train/curvature_RQ-VAE_iter79/ckpt/Amazon_2023_Instruments/Oct-05-2026_05-19-33/HG_Rec_best.pth
2026-10-05 05:44:21,293 - INFO - Epoch 127/150 train_loss=1.8635502195358276
2026-10-05 05:44:21,328 - INFO - Best train loss=1.8635502195358276; saved /home/wlia0047/ar57/wenyu/GeneRec/results/stage3_T5Train/curvature_RQ-VAE_iter79/ckpt/Amazon_2023_Instruments/Oct-05-2026_05-19-33/HG_Rec_best.pth
2026-10-05 05:44:32,938 - INFO - Epoch 128/150 train_loss=1.8650304508209228
2026-10-05 05:44:44,548 - INFO - Epoch 129/150 train_loss=1.8599244832992554
2026-10-05 05:44:44,594 - INFO - Best train loss=1.8599244832992554; saved /home/wlia0047/ar57/wenyu/GeneRec/results/stage3_T5Train/curvature_RQ-VAE_iter79/ckpt/Amazon_2023_Instruments/Oct-05-2026_05-19-33/HG_Rec_best.pth
2026-10-05 05:44:56,201 - INFO - Epoch 130/150 train_loss=1.8606938982009888
2026-10-05 05:45:07,813 - INFO - Epoch 131/150 train_loss=1.8592128324508668
2026-10-05 05:45:07,853 - INFO - Best train loss=1.8592128324508668; saved /home/wlia0047/ar57/wenyu/GeneRec/results/stage3_T5Train/curvature_RQ-VAE_iter79/ckpt/Amazon_2023_Instruments/Oct-05-2026_05-19-33/HG_Rec_best.pth
2026-10-05 05:45:19,461 - INFO - Epoch 132/150 train_loss=1.858616018295288
2026-10-05 05:45:19,498 - INFO - Best train loss=1.858616018295288; saved /home/wlia0047/ar57/wenyu/GeneRec/results/stage3_T5Train/curvature_RQ-VAE_iter79/ckpt/Amazon_2023_Instruments/Oct-05-2026_05-19-33/HG_Rec_best.pth
2026-10-05 05:45:31,104 - INFO - Epoch 133/150 train_loss=1.8605371284484864
2026-10-05 05:45:42,713 - INFO - Epoch 134/150 train_loss=1.854054012298584
2026-10-05 05:45:42,752 - INFO - Best train loss=1.854054012298584; saved /home/wlia0047/ar57/wenyu/GeneRec/results/stage3_T5Train/curvature_RQ-VAE_iter79/ckpt/Amazon_2023_Instruments/Oct-05-2026_05-19-33/HG_Rec_best.pth
2026-10-05 05:45:54,359 - INFO - Epoch 135/150 train_loss=1.8546110057830811
2026-10-05 05:46:05,973 - INFO - Epoch 136/150 train_loss=1.8545607137680054
2026-10-05 05:46:17,591 - INFO - Epoch 137/150 train_loss=1.8553126573562622
2026-10-05 05:46:29,207 - INFO - Epoch 138/150 train_loss=1.8538501787185668
2026-10-05 05:46:29,245 - INFO - Best train loss=1.8538501787185668; saved /home/wlia0047/ar57/wenyu/GeneRec/results/stage3_T5Train/curvature_RQ-VAE_iter79/ckpt/Amazon_2023_Instruments/Oct-05-2026_05-19-33/HG_Rec_best.pth
2026-10-05 05:46:40,856 - INFO - Epoch 139/150 train_loss=1.8519142913818358
2026-10-05 05:46:40,893 - INFO - Best train loss=1.8519142913818358; saved /home/wlia0047/ar57/wenyu/GeneRec/results/stage3_T5Train/curvature_RQ-VAE_iter79/ckpt/Amazon_2023_Instruments/Oct-05-2026_05-19-33/HG_Rec_best.pth
2026-10-05 05:46:52,504 - INFO - Epoch 140/150 train_loss=1.8506896781921387
2026-10-05 05:46:52,541 - INFO - Best train loss=1.8506896781921387; saved /home/wlia0047/ar57/wenyu/GeneRec/results/stage3_T5Train/curvature_RQ-VAE_iter79/ckpt/Amazon_2023_Instruments/Oct-05-2026_05-19-33/HG_Rec_best.pth
2026-10-05 05:47:04,153 - INFO - Epoch 141/150 train_loss=1.8540742158889771
2026-10-05 05:47:15,769 - INFO - Epoch 142/150 train_loss=1.8528308963775635
2026-10-05 05:47:27,382 - INFO - Epoch 143/150 train_loss=1.8486598491668702
2026-10-05 05:47:27,420 - INFO - Best train loss=1.8486598491668702; saved /home/wlia0047/ar57/wenyu/GeneRec/results/stage3_T5Train/curvature_RQ-VAE_iter79/ckpt/Amazon_2023_Instruments/Oct-05-2026_05-19-33/HG_Rec_best.pth
2026-10-05 05:47:39,030 - INFO - Epoch 144/150 train_loss=1.8469155550003051
2026-10-05 05:47:39,065 - INFO - Best train loss=1.8469155550003051; saved /home/wlia0047/ar57/wenyu/GeneRec/results/stage3_T5Train/curvature_RQ-VAE_iter79/ckpt/Amazon_2023_Instruments/Oct-05-2026_05-19-33/HG_Rec_best.pth
2026-10-05 05:47:50,677 - INFO - Epoch 145/150 train_loss=1.846775631904602
2026-10-05 05:47:50,713 - INFO - Best train loss=1.846775631904602; saved /home/wlia0047/ar57/wenyu/GeneRec/results/stage3_T5Train/curvature_RQ-VAE_iter79/ckpt/Amazon_2023_Instruments/Oct-05-2026_05-19-33/HG_Rec_best.pth
2026-10-05 05:48:02,321 - INFO - Epoch 146/150 train_loss=1.845907998085022
2026-10-05 05:48:02,360 - INFO - Best train loss=1.845907998085022; saved /home/wlia0047/ar57/wenyu/GeneRec/results/stage3_T5Train/curvature_RQ-VAE_iter79/ckpt/Amazon_2023_Instruments/Oct-05-2026_05-19-33/HG_Rec_best.pth
2026-10-05 05:48:13,971 - INFO - Epoch 147/150 train_loss=1.8437990427017212
2026-10-05 05:48:14,008 - INFO - Best train loss=1.8437990427017212; saved /home/wlia0047/ar57/wenyu/GeneRec/results/stage3_T5Train/curvature_RQ-VAE_iter79/ckpt/Amazon_2023_Instruments/Oct-05-2026_05-19-33/HG_Rec_best.pth
2026-10-05 05:48:25,620 - INFO - Epoch 148/150 train_loss=1.843959593772888
2026-10-05 05:48:37,232 - INFO - Epoch 149/150 train_loss=1.8433459138870238
2026-10-05 05:48:37,269 - INFO - Best train loss=1.8433459138870238; saved /home/wlia0047/ar57/wenyu/GeneRec/results/stage3_T5Train/curvature_RQ-VAE_iter79/ckpt/Amazon_2023_Instruments/Oct-05-2026_05-19-33/HG_Rec_best.pth
2026-10-05 05:48:48,879 - INFO - Epoch 150/150 train_loss=1.8422084140777588
2026-10-05 05:48:48,914 - INFO - Best train loss=1.8422084140777588; saved /home/wlia0047/ar57/wenyu/GeneRec/results/stage3_T5Train/curvature_RQ-VAE_iter79/ckpt/Amazon_2023_Instruments/Oct-05-2026_05-19-33/HG_Rec_best.pth
2026-10-05 05:57:08,056 - INFO - Test={'best_checkpoint': '/home/wlia0047/ar57/wenyu/GeneRec/results/stage3_T5Train/curvature_RQ-VAE_iter79/ckpt/Amazon_2023_Instruments/Oct-05-2026_05-19-33/HG_Rec_best.pth', 'n_eval': 57439, 'test_recall@5': 0.037343964901895926, 'test_recall@10': 0.05630320862132001, 'test_ndcg@5': 0.024775062395988857, 'test_ndcg@10': 0.0308952521797801}
