W0929 19:27:09.384989 1166471 /fs04/scratch2/ar57/wenyu/genrec_env_v2/lib/python3.9/site-packages/torch/distributed/run.py:774] 
W0929 19:27:09.384989 1166471 /fs04/scratch2/ar57/wenyu/genrec_env_v2/lib/python3.9/site-packages/torch/distributed/run.py:774] *****************************************
W0929 19:27:09.384989 1166471 /fs04/scratch2/ar57/wenyu/genrec_env_v2/lib/python3.9/site-packages/torch/distributed/run.py:774] Setting OMP_NUM_THREADS environment variable for each process to be 1 in default, to avoid your system being overloaded, please further tune the variable for optimal performance in your application as needed. 
W0929 19:27:09.384989 1166471 /fs04/scratch2/ar57/wenyu/genrec_env_v2/lib/python3.9/site-packages/torch/distributed/run.py:774] *****************************************
/home/wlia0047/ar57_scratch/wenyu/genrec_env_v2/lib64/python3.9/site-packages/torch/distributed/distributed_c10d.py:4807: UserWarning: No device id is provided via `init_process_group` or `barrier `. Using the current device set by the user. 
  warnings.warn(  # warn only once
/home/wlia0047/ar57_scratch/wenyu/genrec_env_v2/lib64/python3.9/site-packages/torch/distributed/distributed_c10d.py:4807: UserWarning: No device id is provided via `init_process_group` or `barrier `. Using the current device set by the user. 
  warnings.warn(  # warn only once
/home/wlia0047/ar57_scratch/wenyu/genrec_env_v2/lib64/python3.9/site-packages/torch/distributed/distributed_c10d.py:4807: UserWarning: No device id is provided via `init_process_group` or `barrier `. Using the current device set by the user. 
  warnings.warn(  # warn only once
/home/wlia0047/ar57_scratch/wenyu/genrec_env_v2/lib64/python3.9/site-packages/torch/distributed/distributed_c10d.py:4807: UserWarning: No device id is provided via `init_process_group` or `barrier `. Using the current device set by the user. 
  warnings.warn(  # warn only once
/fs04/ar57/wenyu/GeneRec/stage2_RQ-VAE/curvature_RQ-VAE_iter51/model/layers.py:80: UserWarning: Deterministic behavior was enabled with either `torch.use_deterministic_algorithms(True)` or `at::Context::setDeterministicAlgorithms(true)`, but this operation is not deterministic because it uses CuBLAS and you have CUDA >= 10.2. To enable deterministic behavior in this case, you must set an environment variable before running your PyTorch application: CUBLAS_WORKSPACE_CONFIG=:4096:8 or CUBLAS_WORKSPACE_CONFIG=:16:8. For more information, go to https://docs.nvidia.com/cuda/cublas/index.html#results-reproducibility (Triggered internally at /pytorch/aten/src/ATen/Context.cpp:233.)
  dot = (x @ codebook.t()) * x_factor * code_factor
/fs04/ar57/wenyu/GeneRec/stage2_RQ-VAE/curvature_RQ-VAE_iter51/model/layers.py:80: UserWarning: Deterministic behavior was enabled with either `torch.use_deterministic_algorithms(True)` or `at::Context::setDeterministicAlgorithms(true)`, but this operation is not deterministic because it uses CuBLAS and you have CUDA >= 10.2. To enable deterministic behavior in this case, you must set an environment variable before running your PyTorch application: CUBLAS_WORKSPACE_CONFIG=:4096:8 or CUBLAS_WORKSPACE_CONFIG=:16:8. For more information, go to https://docs.nvidia.com/cuda/cublas/index.html#results-reproducibility (Triggered internally at /pytorch/aten/src/ATen/Context.cpp:233.)
  dot = (x @ codebook.t()) * x_factor * code_factor
/fs04/ar57/wenyu/GeneRec/stage2_RQ-VAE/curvature_RQ-VAE_iter51/model/layers.py:80: UserWarning: Deterministic behavior was enabled with either `torch.use_deterministic_algorithms(True)` or `at::Context::setDeterministicAlgorithms(true)`, but this operation is not deterministic because it uses CuBLAS and you have CUDA >= 10.2. To enable deterministic behavior in this case, you must set an environment variable before running your PyTorch application: CUBLAS_WORKSPACE_CONFIG=:4096:8 or CUBLAS_WORKSPACE_CONFIG=:16:8. For more information, go to https://docs.nvidia.com/cuda/cublas/index.html#results-reproducibility (Triggered internally at /pytorch/aten/src/ATen/Context.cpp:233.)
  dot = (x @ codebook.t()) * x_factor * code_factor
/fs04/ar57/wenyu/GeneRec/stage2_RQ-VAE/curvature_RQ-VAE_iter51/model/layers.py:80: UserWarning: Deterministic behavior was enabled with either `torch.use_deterministic_algorithms(True)` or `at::Context::setDeterministicAlgorithms(true)`, but this operation is not deterministic because it uses CuBLAS and you have CUDA >= 10.2. To enable deterministic behavior in this case, you must set an environment variable before running your PyTorch application: CUBLAS_WORKSPACE_CONFIG=:4096:8 or CUBLAS_WORKSPACE_CONFIG=:16:8. For more information, go to https://docs.nvidia.com/cuda/cublas/index.html#results-reproducibility (Triggered internally at /pytorch/aten/src/ATen/Context.cpp:233.)
  dot = (x @ codebook.t()) * x_factor * code_factor
/fs04/ar57/wenyu/GeneRec/stage2_RQ-VAE/curvature_RQ-VAE_iter51/model/layers.py:80: UserWarning: Deterministic behavior was enabled with either `torch.use_deterministic_algorithms(True)` or `at::Context::setDeterministicAlgorithms(true)`, but this operation is not deterministic because it uses CuBLAS and you have CUDA >= 10.2. To enable deterministic behavior in this case, you must set an environment variable before running your PyTorch application: CUBLAS_WORKSPACE_CONFIG=:4096:8 or CUBLAS_WORKSPACE_CONFIG=:16:8. For more information, go to https://docs.nvidia.com/cuda/cublas/index.html#results-reproducibility (Triggered internally at /pytorch/aten/src/ATen/Context.cpp:233.)
  dot = (x @ codebook.t()) * x_factor * code_factor
/fs04/ar57/wenyu/GeneRec/stage2_RQ-VAE/curvature_RQ-VAE_iter51/model/layers.py:80: UserWarning: Deterministic behavior was enabled with either `torch.use_deterministic_algorithms(True)` or `at::Context::setDeterministicAlgorithms(true)`, but this operation is not deterministic because it uses CuBLAS and you have CUDA >= 10.2. To enable deterministic behavior in this case, you must set an environment variable before running your PyTorch application: CUBLAS_WORKSPACE_CONFIG=:4096:8 or CUBLAS_WORKSPACE_CONFIG=:16:8. For more information, go to https://docs.nvidia.com/cuda/cublas/index.html#results-reproducibility (Triggered internally at /pytorch/aten/src/ATen/Context.cpp:233.)
  dot = (x @ codebook.t()) * x_factor * code_factor
/home/wlia0047/ar57_scratch/wenyu/genrec_env_v2/lib64/python3.9/site-packages/torch/distributed/distributed_c10d.py:4807: UserWarning: No device id is provided via `init_process_group` or `barrier `. Using the current device set by the user. 
  warnings.warn(  # warn only once
/home/wlia0047/ar57_scratch/wenyu/genrec_env_v2/lib64/python3.9/site-packages/torch/autograd/graph.py:829: UserWarning: Deterministic behavior was enabled with either `torch.use_deterministic_algorithms(True)` or `at::Context::setDeterministicAlgorithms(true)`, but this operation is not deterministic because it uses CuBLAS and you have CUDA >= 10.2. To enable deterministic behavior in this case, you must set an environment variable before running your PyTorch application: CUBLAS_WORKSPACE_CONFIG=:4096:8 or CUBLAS_WORKSPACE_CONFIG=:16:8. For more information, go to https://docs.nvidia.com/cuda/cublas/index.html#results-reproducibility (Triggered internally at /pytorch/aten/src/ATen/Context.cpp:233.)
  return Variable._execution_engine.run_backward(  # Calls into the C++ engine to run the backward pass
/home/wlia0047/ar57_scratch/wenyu/genrec_env_v2/lib64/python3.9/site-packages/torch/autograd/graph.py:829: UserWarning: Deterministic behavior was enabled with either `torch.use_deterministic_algorithms(True)` or `at::Context::setDeterministicAlgorithms(true)`, but this operation is not deterministic because it uses CuBLAS and you have CUDA >= 10.2. To enable deterministic behavior in this case, you must set an environment variable before running your PyTorch application: CUBLAS_WORKSPACE_CONFIG=:4096:8 or CUBLAS_WORKSPACE_CONFIG=:16:8. For more information, go to https://docs.nvidia.com/cuda/cublas/index.html#results-reproducibility (Triggered internally at /pytorch/aten/src/ATen/Context.cpp:233.)
  return Variable._execution_engine.run_backward(  # Calls into the C++ engine to run the backward pass
/home/wlia0047/ar57_scratch/wenyu/genrec_env_v2/lib64/python3.9/site-packages/torch/autograd/graph.py:829: UserWarning: Deterministic behavior was enabled with either `torch.use_deterministic_algorithms(True)` or `at::Context::setDeterministicAlgorithms(true)`, but this operation is not deterministic because it uses CuBLAS and you have CUDA >= 10.2. To enable deterministic behavior in this case, you must set an environment variable before running your PyTorch application: CUBLAS_WORKSPACE_CONFIG=:4096:8 or CUBLAS_WORKSPACE_CONFIG=:16:8. For more information, go to https://docs.nvidia.com/cuda/cublas/index.html#results-reproducibility (Triggered internally at /pytorch/aten/src/ATen/Context.cpp:233.)
  return Variable._execution_engine.run_backward(  # Calls into the C++ engine to run the backward pass
/home/wlia0047/ar57_scratch/wenyu/genrec_env_v2/lib64/python3.9/site-packages/torch/autograd/graph.py:829: UserWarning: Deterministic behavior was enabled with either `torch.use_deterministic_algorithms(True)` or `at::Context::setDeterministicAlgorithms(true)`, but this operation is not deterministic because it uses CuBLAS and you have CUDA >= 10.2. To enable deterministic behavior in this case, you must set an environment variable before running your PyTorch application: CUBLAS_WORKSPACE_CONFIG=:4096:8 or CUBLAS_WORKSPACE_CONFIG=:16:8. For more information, go to https://docs.nvidia.com/cuda/cublas/index.html#results-reproducibility (Triggered internally at /pytorch/aten/src/ATen/Context.cpp:233.)
  return Variable._execution_engine.run_backward(  # Calls into the C++ engine to run the backward pass
[Iter51] step=476/40000 loss=0.000381 recon=0.000130 behavior=0.000000 behavior_weight=0.0000
[Iter51] step=968/40000 loss=0.000259 recon=0.000142 behavior=0.000000 behavior_weight=0.0000
[Iter51] step=1464/40000 loss=0.000224 recon=0.000140 behavior=0.000000 behavior_weight=0.0000
[Iter51] step=1956/40000 loss=0.000169 recon=0.000119 behavior=0.000000 behavior_weight=0.0000
[Iter51] step=2428/40000 loss=0.000185 recon=0.000134 behavior=0.000000 behavior_weight=0.0000
[Iter51] step=2908/40000 loss=0.000162 recon=0.000122 behavior=0.000000 behavior_weight=0.0000
[Iter51] step=3388/40000 loss=0.000199 recon=0.000138 behavior=0.000000 behavior_weight=0.0000
[Iter51] step=3876/40000 loss=0.000237 recon=0.000113 behavior=0.000000 behavior_weight=0.0000
[Iter51] step=4360/40000 loss=0.000300 recon=0.000118 behavior=0.000000 behavior_weight=0.0000
[Iter51] step=4868/40000 loss=0.000353 recon=0.000129 behavior=0.000000 behavior_weight=0.0000
[Iter51] step=5356/40000 loss=0.000279 recon=0.000129 behavior=0.000000 behavior_weight=0.0000
[Iter51] step=5844/40000 loss=0.000646 recon=0.000140 behavior=0.000000 behavior_weight=0.0000
[Iter51] step=6344/40000 loss=0.000297 recon=0.000121 behavior=0.000000 behavior_weight=0.0000
[Iter51] step=6824/40000 loss=0.000228 recon=0.000119 behavior=0.000000 behavior_weight=0.0000
[Iter51] step=7312/40000 loss=0.000412 recon=0.000124 behavior=0.000000 behavior_weight=0.0000
[Iter51] step=7812/40000 loss=0.000309 recon=0.000116 behavior=0.000000 behavior_weight=0.0000
[Iter51] step=8292/40000 loss=0.000209 recon=0.000108 behavior=0.000000 behavior_weight=0.0000
[Iter51] step=8788/40000 loss=0.000292 recon=0.000119 behavior=0.000000 behavior_weight=0.0000
[Iter51] step=9260/40000 loss=0.000269 recon=0.000123 behavior=0.000000 behavior_weight=0.0000
[Iter51] step=9740/40000 loss=0.000344 recon=0.000121 behavior=0.000000 behavior_weight=0.0000
[Iter51] evaluation step=10000 raw_unique=18145/24587 c_mean=0.076109 c_std=0.018777
[Iter51] step=10392/40000 loss=0.000305 recon=0.000117 behavior=0.000000 behavior_weight=0.0000
[Iter51] step=10980/40000 loss=0.000178 recon=0.000123 behavior=0.000000 behavior_weight=0.0000
[Iter51] step=11460/40000 loss=0.000134 recon=0.000109 behavior=0.000000 behavior_weight=0.0000
[Iter51] step=11956/40000 loss=0.000158 recon=0.000110 behavior=0.000000 behavior_weight=0.0000
[Iter51] step=12440/40000 loss=0.000121 recon=0.000102 behavior=0.000000 behavior_weight=0.0000
[Iter51] step=12924/40000 loss=0.000138 recon=0.000106 behavior=0.000000 behavior_weight=0.0000
[Iter51] step=13420/40000 loss=0.000187 recon=0.000111 behavior=0.000000 behavior_weight=0.0000
[Iter51] step=13920/40000 loss=0.000154 recon=0.000106 behavior=0.000000 behavior_weight=0.0000
[Iter51] step=14408/40000 loss=0.000198 recon=0.000109 behavior=0.000000 behavior_weight=0.0000
[Iter51] step=14916/40000 loss=0.000131 recon=0.000092 behavior=0.000000 behavior_weight=0.0000
[Iter51] step=15400/40000 loss=0.000131 recon=0.000097 behavior=0.000000 behavior_weight=0.0000
[Iter51] step=15892/40000 loss=0.000185 recon=0.000121 behavior=0.000000 behavior_weight=0.0000
[Iter51] step=16392/40000 loss=0.000175 recon=0.000108 behavior=0.000000 behavior_weight=0.0000
[Iter51] step=16892/40000 loss=0.000198 recon=0.000113 behavior=0.000000 behavior_weight=0.0000
[Iter51] step=17384/40000 loss=0.000156 recon=0.000103 behavior=0.000000 behavior_weight=0.0000
[Iter51] step=17888/40000 loss=0.000146 recon=0.000091 behavior=0.000000 behavior_weight=0.0000
[Iter51] step=18388/40000 loss=0.000151 recon=0.000106 behavior=0.000000 behavior_weight=0.0000
[Iter51] step=18880/40000 loss=0.000218 recon=0.000106 behavior=0.000000 behavior_weight=0.0000
[Iter51] step=19380/40000 loss=0.000324 recon=0.000117 behavior=0.000000 behavior_weight=0.0000
[Iter51] step=19872/40000 loss=0.000340 recon=0.000113 behavior=0.000000 behavior_weight=0.0000
[Iter51] evaluation step=20000 raw_unique=11517/24587 c_mean=0.076109 c_std=0.018777
/fs04/ar57/wenyu/GeneRec/stage2_RQ-VAE/curvature_RQ-VAE_iter51/model/layers.py:119: UserWarning: Deterministic behavior was enabled with either `torch.use_deterministic_algorithms(True)` or `at::Context::setDeterministicAlgorithms(true)`, but this operation is not deterministic because it uses CuBLAS and you have CUDA >= 10.2. To enable deterministic behavior in this case, you must set an environment variable before running your PyTorch application: CUBLAS_WORKSPACE_CONFIG=:4096:8 or CUBLAS_WORKSPACE_CONFIG=:16:8. For more information, go to https://docs.nvidia.com/cuda/cublas/index.html#results-reproducibility (Triggered internally at /pytorch/aten/src/ATen/Context.cpp:233.)
  dot = (x @ y.t()) * x_factor * y_factor
/fs04/ar57/wenyu/GeneRec/stage2_RQ-VAE/curvature_RQ-VAE_iter51/model/layers.py:119: UserWarning: Deterministic behavior was enabled with either `torch.use_deterministic_algorithms(True)` or `at::Context::setDeterministicAlgorithms(true)`, but this operation is not deterministic because it uses CuBLAS and you have CUDA >= 10.2. To enable deterministic behavior in this case, you must set an environment variable before running your PyTorch application: CUBLAS_WORKSPACE_CONFIG=:4096:8 or CUBLAS_WORKSPACE_CONFIG=:16:8. For more information, go to https://docs.nvidia.com/cuda/cublas/index.html#results-reproducibility (Triggered internally at /pytorch/aten/src/ATen/Context.cpp:233.)
  dot = (x @ y.t()) * x_factor * y_factor
/fs04/ar57/wenyu/GeneRec/stage2_RQ-VAE/curvature_RQ-VAE_iter51/model/layers.py:119: UserWarning: Deterministic behavior was enabled with either `torch.use_deterministic_algorithms(True)` or `at::Context::setDeterministicAlgorithms(true)`, but this operation is not deterministic because it uses CuBLAS and you have CUDA >= 10.2. To enable deterministic behavior in this case, you must set an environment variable before running your PyTorch application: CUBLAS_WORKSPACE_CONFIG=:4096:8 or CUBLAS_WORKSPACE_CONFIG=:16:8. For more information, go to https://docs.nvidia.com/cuda/cublas/index.html#results-reproducibility (Triggered internally at /pytorch/aten/src/ATen/Context.cpp:233.)
  dot = (x @ y.t()) * x_factor * y_factor
/fs04/ar57/wenyu/GeneRec/stage2_RQ-VAE/curvature_RQ-VAE_iter51/model/layers.py:119: UserWarning: Deterministic behavior was enabled with either `torch.use_deterministic_algorithms(True)` or `at::Context::setDeterministicAlgorithms(true)`, but this operation is not deterministic because it uses CuBLAS and you have CUDA >= 10.2. To enable deterministic behavior in this case, you must set an environment variable before running your PyTorch application: CUBLAS_WORKSPACE_CONFIG=:4096:8 or CUBLAS_WORKSPACE_CONFIG=:16:8. For more information, go to https://docs.nvidia.com/cuda/cublas/index.html#results-reproducibility (Triggered internally at /pytorch/aten/src/ATen/Context.cpp:233.)
  dot = (x @ y.t()) * x_factor * y_factor
[Iter51] step=20532/40000 loss=0.033003 recon=0.000132 behavior=6.089328 behavior_weight=0.0053
[Iter51] step=20992/40000 loss=0.060637 recon=0.000145 behavior=6.059842 behavior_weight=0.0099
[Iter51] step=21416/40000 loss=0.086936 recon=0.000132 behavior=6.076503 behavior_weight=0.0142
[Iter51] step=21852/40000 loss=0.112952 recon=0.000122 behavior=6.040504 behavior_weight=0.0185
[Iter51] step=22288/40000 loss=0.140016 recon=0.000120 behavior=6.063136 behavior_weight=0.0229
[Iter51] step=22720/40000 loss=0.165766 recon=0.000123 behavior=6.038702 behavior_weight=0.0272
[Iter51] step=23156/40000 loss=0.191673 recon=0.000114 behavior=6.015068 behavior_weight=0.0316
[Iter51] step=23600/40000 loss=0.219543 recon=0.000123 behavior=6.046972 behavior_weight=0.0360
[Iter51] step=24036/40000 loss=0.247432 recon=0.000138 behavior=6.073125 behavior_weight=0.0404
[Iter51] step=24472/40000 loss=0.269340 recon=0.000138 behavior=5.967077 behavior_weight=0.0447
[Iter51] step=24904/40000 loss=0.296662 recon=0.000115 behavior=5.992599 behavior_weight=0.0490
[Iter51] step=25328/40000 loss=0.321917 recon=0.000131 behavior=5.988098 behavior_weight=0.0533
[Iter51] step=25764/40000 loss=0.351117 recon=0.000135 behavior=6.033305 behavior_weight=0.0576
[Iter51] step=26208/40000 loss=0.374786 recon=0.000121 behavior=5.981087 behavior_weight=0.0621
[Iter51] step=26632/40000 loss=0.401157 recon=0.000111 behavior=5.995711 behavior_weight=0.0663
[Iter51] step=27060/40000 loss=0.427100 recon=0.000116 behavior=5.995860 behavior_weight=0.0706
[Iter51] step=27504/40000 loss=0.453037 recon=0.000118 behavior=5.984103 behavior_weight=0.0750
[Iter51] step=27940/40000 loss=0.478296 recon=0.000114 behavior=5.975585 behavior_weight=0.0794
[Iter51] step=28376/40000 loss=0.504302 recon=0.000132 behavior=5.971542 behavior_weight=0.0838
[Iter51] step=28804/40000 loss=0.528298 recon=0.000123 behavior=5.949548 behavior_weight=0.0880
[Iter51] step=29240/40000 loss=0.555228 recon=0.000121 behavior=5.959852 behavior_weight=0.0924
[Iter51] step=29676/40000 loss=0.583500 recon=0.000122 behavior=5.978157 behavior_weight=0.0968
[Iter51] evaluation step=30000 raw_unique=22898/24587 c_mean=0.076109 c_std=0.018777
[Iter51] step=30176/40000 loss=0.611133 recon=0.000129 behavior=5.968406 behavior_weight=0.1018
[Iter51] step=30768/40000 loss=0.649758 recon=0.000132 behavior=5.979831 behavior_weight=0.1077
[Iter51] step=31204/40000 loss=0.674463 recon=0.000126 behavior=5.976677 behavior_weight=0.1120
[Iter51] step=31640/40000 loss=0.701237 recon=0.000109 behavior=5.979665 behavior_weight=0.1164
[Iter51] step=32068/40000 loss=0.723746 recon=0.000137 behavior=5.949915 behavior_weight=0.1207
[Iter51] step=32504/40000 loss=0.754727 recon=0.000118 behavior=5.993333 behavior_weight=0.1250
[Iter51] step=32940/40000 loss=0.773818 recon=0.000130 behavior=5.937778 behavior_weight=0.1294
[Iter51] step=33368/40000 loss=0.804804 recon=0.000130 behavior=5.973975 behavior_weight=0.1337
[Iter51] step=33804/40000 loss=0.829395 recon=0.000149 behavior=5.966076 behavior_weight=0.1380
[Iter51] step=34240/40000 loss=0.850378 recon=0.000122 behavior=5.930668 behavior_weight=0.1424
[Iter51] step=34676/40000 loss=0.882178 recon=0.000111 behavior=5.967639 behavior_weight=0.1468
[Iter51] step=35112/40000 loss=0.905976 recon=0.000117 behavior=5.956558 behavior_weight=0.1511
[Iter51] step=35548/40000 loss=0.933709 recon=0.000129 behavior=5.964387 behavior_weight=0.1555
[Iter51] step=35984/40000 loss=0.960749 recon=0.000120 behavior=5.969663 behavior_weight=0.1598
[Iter51] step=36412/40000 loss=0.989768 recon=0.000112 behavior=5.992265 behavior_weight=0.1641
[Iter51] step=36856/40000 loss=1.004735 recon=0.000115 behavior=5.922217 behavior_weight=0.1686
[Iter51] step=37284/40000 loss=1.038791 recon=0.000114 behavior=5.968403 behavior_weight=0.1728
[Iter51] step=37724/40000 loss=1.060001 recon=0.000121 behavior=5.942441 behavior_weight=0.1772
[Iter51] step=38160/40000 loss=1.087179 recon=0.000119 behavior=5.947073 behavior_weight=0.1816
[Iter51] step=38588/40000 loss=1.119127 recon=0.000109 behavior=5.986347 behavior_weight=0.1859
[Iter51] step=39036/40000 loss=1.142832 recon=0.000122 behavior=5.967491 behavior_weight=0.1904
[Iter51] step=39464/40000 loss=1.167073 recon=0.000123 behavior=5.960554 behavior_weight=0.1946
[Iter51] step=39908/40000 loss=1.193318 recon=0.000113 behavior=5.956741 behavior_weight=0.1991
[Iter51] evaluation step=40000 raw_unique=23325/24587 c_mean=0.076109 c_std=0.018777
