2026-09-29 05:44:22,658 - INFO - Configuration: {'batch_size': 4096, 'infer_size': 1024, 'num_epochs': 150, 'eval_interval': 5, 'eval_start_epoch': 75, 'early_eval_epochs': (25, 50, 75, 100, 125), 'fast': True, 'bf16': True, 'use_lr_scheduler': True, 'lr_warmup_pct': 0.1, 'lr_min_factor': 0.2, 'compile': False, 'compile_mode': 'default', 'num_layers': 4, 'num_decoder_layers': 4, 'd_model': 128, 'd_ff': 1024, 'num_heads': 6, 'd_kv': 64, 'dropout_rate': 0.1, 'activation_function': 'relu', 'feed_forward_proj': 'relu', 'device': 'cuda', 'lr': 0.003, 'weight_decay': 0.05, 'vocab_size': 779, 'eos_token_id': 778, 'pad_token_id': 0, 'n_user_tokens': 1, 'max_len': 20, 'dataset_name': 'Amazon_2023_Instruments', 'dataset_path': '/home/wlia0047/ar57/wenyu/GeneRec/results/stage0_build_parquet/', 'codebook_size': [256, 256, 256, 1], 'code_path': '/fs04/ar57/wenyu/GeneRec/results/stage2_RQ-VAE/curvature_RQ-VAE_iter48/versions/D/item_sids.json', 'train_file': 'train.parquet', 'valid_file': 'valid.parquet', 'test_file': 'test.parquet', 'log_path': '/fs04/ar57/wenyu/GeneRec/results/stage3_T5Train/curvature_RQ-VAE_iter48/logs/D/', 'save_path': '/fs04/ar57/wenyu/GeneRec/results/stage3_T5Train/curvature_RQ-VAE_iter48/ckpt/D/', 'seed': 42, 'topk_list': [5, 10], 'beam_size': 20, 'no_eval': True, 'skip_test': False, 'screen_baseline_log': '', 'screen_start_epoch': 40, 'screen_window': 5, 'screen_min_ndcg_gain': 0.001, 'screen_min_recall_gain': 0.001, 'num_workers': 4, 'prefetch_factor': 8, 'exclude_history': True, 'no_exclude_history': False, 'pin_memory': True, 'no_pin_memory': False, 'sid_length': 4, 'max_token_seq_len': 82, 'decoder_start_token_id': 0}
2026-09-29 05:44:22,725 - INFO - #Embedding parameters: 99712
#Non-embedding parameters: 4459648
#Total trainable parameters: 4559360

2026-09-29 05:44:35,676 - INFO - Epoch 1/150 train_loss=4.792765407562256
2026-09-29 05:44:35,755 - INFO - Best train loss=4.792765407562256; saved /fs04/ar57/wenyu/GeneRec/results/stage3_T5Train/curvature_RQ-VAE_iter48/ckpt/D/Amazon_2023_Instruments/Sep-29-2026_05-44-22/HG_Rec_best.pth
2026-09-29 05:44:47,502 - INFO - Epoch 2/150 train_loss=4.082044687271118
2026-09-29 05:44:47,555 - INFO - Best train loss=4.082044687271118; saved /fs04/ar57/wenyu/GeneRec/results/stage3_T5Train/curvature_RQ-VAE_iter48/ckpt/D/Amazon_2023_Instruments/Sep-29-2026_05-44-22/HG_Rec_best.pth
2026-09-29 05:44:59,169 - INFO - Epoch 3/150 train_loss=3.901958827972412
2026-09-29 05:44:59,205 - INFO - Best train loss=3.901958827972412; saved /fs04/ar57/wenyu/GeneRec/results/stage3_T5Train/curvature_RQ-VAE_iter48/ckpt/D/Amazon_2023_Instruments/Sep-29-2026_05-44-22/HG_Rec_best.pth
2026-09-29 05:45:10,816 - INFO - Epoch 4/150 train_loss=3.7896942043304445
2026-09-29 05:45:10,851 - INFO - Best train loss=3.7896942043304445; saved /fs04/ar57/wenyu/GeneRec/results/stage3_T5Train/curvature_RQ-VAE_iter48/ckpt/D/Amazon_2023_Instruments/Sep-29-2026_05-44-22/HG_Rec_best.pth
2026-09-29 05:45:22,447 - INFO - Epoch 5/150 train_loss=3.660163764953613
2026-09-29 05:45:22,483 - INFO - Best train loss=3.660163764953613; saved /fs04/ar57/wenyu/GeneRec/results/stage3_T5Train/curvature_RQ-VAE_iter48/ckpt/D/Amazon_2023_Instruments/Sep-29-2026_05-44-22/HG_Rec_best.pth
2026-09-29 05:45:34,083 - INFO - Epoch 6/150 train_loss=3.560496368408203
2026-09-29 05:45:34,119 - INFO - Best train loss=3.560496368408203; saved /fs04/ar57/wenyu/GeneRec/results/stage3_T5Train/curvature_RQ-VAE_iter48/ckpt/D/Amazon_2023_Instruments/Sep-29-2026_05-44-22/HG_Rec_best.pth
2026-09-29 05:45:45,726 - INFO - Epoch 7/150 train_loss=3.470005416870117
2026-09-29 05:45:45,764 - INFO - Best train loss=3.470005416870117; saved /fs04/ar57/wenyu/GeneRec/results/stage3_T5Train/curvature_RQ-VAE_iter48/ckpt/D/Amazon_2023_Instruments/Sep-29-2026_05-44-22/HG_Rec_best.pth
2026-09-29 05:45:57,370 - INFO - Epoch 8/150 train_loss=3.614853467941284
2026-09-29 05:46:08,973 - INFO - Epoch 9/150 train_loss=3.434616003036499
2026-09-29 05:46:09,023 - INFO - Best train loss=3.434616003036499; saved /fs04/ar57/wenyu/GeneRec/results/stage3_T5Train/curvature_RQ-VAE_iter48/ckpt/D/Amazon_2023_Instruments/Sep-29-2026_05-44-22/HG_Rec_best.pth
2026-09-29 05:46:20,624 - INFO - Epoch 10/150 train_loss=3.3473545360565184
2026-09-29 05:46:20,659 - INFO - Best train loss=3.3473545360565184; saved /fs04/ar57/wenyu/GeneRec/results/stage3_T5Train/curvature_RQ-VAE_iter48/ckpt/D/Amazon_2023_Instruments/Sep-29-2026_05-44-22/HG_Rec_best.pth
2026-09-29 05:46:32,259 - INFO - Epoch 11/150 train_loss=3.267917194366455
2026-09-29 05:46:32,297 - INFO - Best train loss=3.267917194366455; saved /fs04/ar57/wenyu/GeneRec/results/stage3_T5Train/curvature_RQ-VAE_iter48/ckpt/D/Amazon_2023_Instruments/Sep-29-2026_05-44-22/HG_Rec_best.pth
2026-09-29 05:46:43,893 - INFO - Epoch 12/150 train_loss=3.19836386680603
2026-09-29 05:46:43,929 - INFO - Best train loss=3.19836386680603; saved /fs04/ar57/wenyu/GeneRec/results/stage3_T5Train/curvature_RQ-VAE_iter48/ckpt/D/Amazon_2023_Instruments/Sep-29-2026_05-44-22/HG_Rec_best.pth
2026-09-29 05:46:55,528 - INFO - Epoch 13/150 train_loss=3.1264921760559083
2026-09-29 05:46:55,564 - INFO - Best train loss=3.1264921760559083; saved /fs04/ar57/wenyu/GeneRec/results/stage3_T5Train/curvature_RQ-VAE_iter48/ckpt/D/Amazon_2023_Instruments/Sep-29-2026_05-44-22/HG_Rec_best.pth
2026-09-29 05:47:07,171 - INFO - Epoch 14/150 train_loss=3.0482922077178953
2026-09-29 05:47:07,208 - INFO - Best train loss=3.0482922077178953; saved /fs04/ar57/wenyu/GeneRec/results/stage3_T5Train/curvature_RQ-VAE_iter48/ckpt/D/Amazon_2023_Instruments/Sep-29-2026_05-44-22/HG_Rec_best.pth
2026-09-29 05:47:18,816 - INFO - Epoch 15/150 train_loss=2.9763973331451417
2026-09-29 05:47:18,856 - INFO - Best train loss=2.9763973331451417; saved /fs04/ar57/wenyu/GeneRec/results/stage3_T5Train/curvature_RQ-VAE_iter48/ckpt/D/Amazon_2023_Instruments/Sep-29-2026_05-44-22/HG_Rec_best.pth
2026-09-29 05:47:30,464 - INFO - Epoch 16/150 train_loss=2.9024501514434813
2026-09-29 05:47:30,501 - INFO - Best train loss=2.9024501514434813; saved /fs04/ar57/wenyu/GeneRec/results/stage3_T5Train/curvature_RQ-VAE_iter48/ckpt/D/Amazon_2023_Instruments/Sep-29-2026_05-44-22/HG_Rec_best.pth
2026-09-29 05:47:42,108 - INFO - Epoch 17/150 train_loss=2.830666036605835
2026-09-29 05:47:42,146 - INFO - Best train loss=2.830666036605835; saved /fs04/ar57/wenyu/GeneRec/results/stage3_T5Train/curvature_RQ-VAE_iter48/ckpt/D/Amazon_2023_Instruments/Sep-29-2026_05-44-22/HG_Rec_best.pth
2026-09-29 05:47:54,309 - INFO - Epoch 18/150 train_loss=2.7735161781311035
2026-09-29 05:47:54,346 - INFO - Best train loss=2.7735161781311035; saved /fs04/ar57/wenyu/GeneRec/results/stage3_T5Train/curvature_RQ-VAE_iter48/ckpt/D/Amazon_2023_Instruments/Sep-29-2026_05-44-22/HG_Rec_best.pth
2026-09-29 05:48:05,947 - INFO - Epoch 19/150 train_loss=2.7326972103118896
2026-09-29 05:48:05,986 - INFO - Best train loss=2.7326972103118896; saved /fs04/ar57/wenyu/GeneRec/results/stage3_T5Train/curvature_RQ-VAE_iter48/ckpt/D/Amazon_2023_Instruments/Sep-29-2026_05-44-22/HG_Rec_best.pth
2026-09-29 05:48:17,583 - INFO - Epoch 20/150 train_loss=2.678568344116211
2026-09-29 05:48:17,618 - INFO - Best train loss=2.678568344116211; saved /fs04/ar57/wenyu/GeneRec/results/stage3_T5Train/curvature_RQ-VAE_iter48/ckpt/D/Amazon_2023_Instruments/Sep-29-2026_05-44-22/HG_Rec_best.pth
2026-09-29 05:48:29,216 - INFO - Epoch 21/150 train_loss=2.62425931930542
2026-09-29 05:48:29,252 - INFO - Best train loss=2.62425931930542; saved /fs04/ar57/wenyu/GeneRec/results/stage3_T5Train/curvature_RQ-VAE_iter48/ckpt/D/Amazon_2023_Instruments/Sep-29-2026_05-44-22/HG_Rec_best.pth
2026-09-29 05:48:40,850 - INFO - Epoch 22/150 train_loss=2.583494853973389
2026-09-29 05:48:40,887 - INFO - Best train loss=2.583494853973389; saved /fs04/ar57/wenyu/GeneRec/results/stage3_T5Train/curvature_RQ-VAE_iter48/ckpt/D/Amazon_2023_Instruments/Sep-29-2026_05-44-22/HG_Rec_best.pth
2026-09-29 05:48:52,484 - INFO - Epoch 23/150 train_loss=2.54837929725647
2026-09-29 05:48:52,523 - INFO - Best train loss=2.54837929725647; saved /fs04/ar57/wenyu/GeneRec/results/stage3_T5Train/curvature_RQ-VAE_iter48/ckpt/D/Amazon_2023_Instruments/Sep-29-2026_05-44-22/HG_Rec_best.pth
2026-09-29 05:49:04,122 - INFO - Epoch 24/150 train_loss=2.5159167671203613
2026-09-29 05:49:04,157 - INFO - Best train loss=2.5159167671203613; saved /fs04/ar57/wenyu/GeneRec/results/stage3_T5Train/curvature_RQ-VAE_iter48/ckpt/D/Amazon_2023_Instruments/Sep-29-2026_05-44-22/HG_Rec_best.pth
2026-09-29 05:49:15,750 - INFO - Epoch 25/150 train_loss=2.4914992523193358
2026-09-29 05:49:15,791 - INFO - Best train loss=2.4914992523193358; saved /fs04/ar57/wenyu/GeneRec/results/stage3_T5Train/curvature_RQ-VAE_iter48/ckpt/D/Amazon_2023_Instruments/Sep-29-2026_05-44-22/HG_Rec_best.pth
2026-09-29 05:49:27,407 - INFO - Epoch 26/150 train_loss=2.454047565460205
2026-09-29 05:49:27,444 - INFO - Best train loss=2.454047565460205; saved /fs04/ar57/wenyu/GeneRec/results/stage3_T5Train/curvature_RQ-VAE_iter48/ckpt/D/Amazon_2023_Instruments/Sep-29-2026_05-44-22/HG_Rec_best.pth
2026-09-29 05:49:39,048 - INFO - Epoch 27/150 train_loss=2.4256174659729
2026-09-29 05:49:39,085 - INFO - Best train loss=2.4256174659729; saved /fs04/ar57/wenyu/GeneRec/results/stage3_T5Train/curvature_RQ-VAE_iter48/ckpt/D/Amazon_2023_Instruments/Sep-29-2026_05-44-22/HG_Rec_best.pth
2026-09-29 05:49:50,685 - INFO - Epoch 28/150 train_loss=2.400736131668091
2026-09-29 05:49:50,725 - INFO - Best train loss=2.400736131668091; saved /fs04/ar57/wenyu/GeneRec/results/stage3_T5Train/curvature_RQ-VAE_iter48/ckpt/D/Amazon_2023_Instruments/Sep-29-2026_05-44-22/HG_Rec_best.pth
2026-09-29 05:50:02,327 - INFO - Epoch 29/150 train_loss=2.3735623168945312
2026-09-29 05:50:02,364 - INFO - Best train loss=2.3735623168945312; saved /fs04/ar57/wenyu/GeneRec/results/stage3_T5Train/curvature_RQ-VAE_iter48/ckpt/D/Amazon_2023_Instruments/Sep-29-2026_05-44-22/HG_Rec_best.pth
2026-09-29 05:50:13,962 - INFO - Epoch 30/150 train_loss=2.3520145416259766
2026-09-29 05:50:14,004 - INFO - Best train loss=2.3520145416259766; saved /fs04/ar57/wenyu/GeneRec/results/stage3_T5Train/curvature_RQ-VAE_iter48/ckpt/D/Amazon_2023_Instruments/Sep-29-2026_05-44-22/HG_Rec_best.pth
2026-09-29 05:50:25,602 - INFO - Epoch 31/150 train_loss=2.3404274559020997
2026-09-29 05:50:25,638 - INFO - Best train loss=2.3404274559020997; saved /fs04/ar57/wenyu/GeneRec/results/stage3_T5Train/curvature_RQ-VAE_iter48/ckpt/D/Amazon_2023_Instruments/Sep-29-2026_05-44-22/HG_Rec_best.pth
2026-09-29 05:50:37,240 - INFO - Epoch 32/150 train_loss=2.319922695159912
2026-09-29 05:50:37,281 - INFO - Best train loss=2.319922695159912; saved /fs04/ar57/wenyu/GeneRec/results/stage3_T5Train/curvature_RQ-VAE_iter48/ckpt/D/Amazon_2023_Instruments/Sep-29-2026_05-44-22/HG_Rec_best.pth
2026-09-29 05:50:48,889 - INFO - Epoch 33/150 train_loss=2.295071506500244
2026-09-29 05:50:48,928 - INFO - Best train loss=2.295071506500244; saved /fs04/ar57/wenyu/GeneRec/results/stage3_T5Train/curvature_RQ-VAE_iter48/ckpt/D/Amazon_2023_Instruments/Sep-29-2026_05-44-22/HG_Rec_best.pth
2026-09-29 05:51:00,530 - INFO - Epoch 34/150 train_loss=2.2830152130126953
2026-09-29 05:51:00,566 - INFO - Best train loss=2.2830152130126953; saved /fs04/ar57/wenyu/GeneRec/results/stage3_T5Train/curvature_RQ-VAE_iter48/ckpt/D/Amazon_2023_Instruments/Sep-29-2026_05-44-22/HG_Rec_best.pth
2026-09-29 05:51:12,203 - INFO - Epoch 35/150 train_loss=2.2674887657165526
2026-09-29 05:51:12,240 - INFO - Best train loss=2.2674887657165526; saved /fs04/ar57/wenyu/GeneRec/results/stage3_T5Train/curvature_RQ-VAE_iter48/ckpt/D/Amazon_2023_Instruments/Sep-29-2026_05-44-22/HG_Rec_best.pth
2026-09-29 05:51:23,848 - INFO - Epoch 36/150 train_loss=2.253473958969116
2026-09-29 05:51:23,886 - INFO - Best train loss=2.253473958969116; saved /fs04/ar57/wenyu/GeneRec/results/stage3_T5Train/curvature_RQ-VAE_iter48/ckpt/D/Amazon_2023_Instruments/Sep-29-2026_05-44-22/HG_Rec_best.pth
2026-09-29 05:51:35,496 - INFO - Epoch 37/150 train_loss=2.2408886051177976
2026-09-29 05:51:35,532 - INFO - Best train loss=2.2408886051177976; saved /fs04/ar57/wenyu/GeneRec/results/stage3_T5Train/curvature_RQ-VAE_iter48/ckpt/D/Amazon_2023_Instruments/Sep-29-2026_05-44-22/HG_Rec_best.pth
2026-09-29 05:51:47,131 - INFO - Epoch 38/150 train_loss=2.227829656600952
2026-09-29 05:51:47,172 - INFO - Best train loss=2.227829656600952; saved /fs04/ar57/wenyu/GeneRec/results/stage3_T5Train/curvature_RQ-VAE_iter48/ckpt/D/Amazon_2023_Instruments/Sep-29-2026_05-44-22/HG_Rec_best.pth
2026-09-29 05:51:58,772 - INFO - Epoch 39/150 train_loss=2.216065616607666
2026-09-29 05:51:58,810 - INFO - Best train loss=2.216065616607666; saved /fs04/ar57/wenyu/GeneRec/results/stage3_T5Train/curvature_RQ-VAE_iter48/ckpt/D/Amazon_2023_Instruments/Sep-29-2026_05-44-22/HG_Rec_best.pth
2026-09-29 05:52:10,412 - INFO - Epoch 40/150 train_loss=2.2051114559173586
2026-09-29 05:52:10,450 - INFO - Best train loss=2.2051114559173586; saved /fs04/ar57/wenyu/GeneRec/results/stage3_T5Train/curvature_RQ-VAE_iter48/ckpt/D/Amazon_2023_Instruments/Sep-29-2026_05-44-22/HG_Rec_best.pth
2026-09-29 05:52:22,049 - INFO - Epoch 41/150 train_loss=2.193214244842529
2026-09-29 05:52:22,086 - INFO - Best train loss=2.193214244842529; saved /fs04/ar57/wenyu/GeneRec/results/stage3_T5Train/curvature_RQ-VAE_iter48/ckpt/D/Amazon_2023_Instruments/Sep-29-2026_05-44-22/HG_Rec_best.pth
2026-09-29 05:52:33,685 - INFO - Epoch 42/150 train_loss=2.1859893894195555
2026-09-29 05:52:33,724 - INFO - Best train loss=2.1859893894195555; saved /fs04/ar57/wenyu/GeneRec/results/stage3_T5Train/curvature_RQ-VAE_iter48/ckpt/D/Amazon_2023_Instruments/Sep-29-2026_05-44-22/HG_Rec_best.pth
2026-09-29 05:52:45,356 - INFO - Epoch 43/150 train_loss=2.171296739578247
2026-09-29 05:52:45,838 - INFO - Best train loss=2.171296739578247; saved /fs04/ar57/wenyu/GeneRec/results/stage3_T5Train/curvature_RQ-VAE_iter48/ckpt/D/Amazon_2023_Instruments/Sep-29-2026_05-44-22/HG_Rec_best.pth
2026-09-29 05:52:57,434 - INFO - Epoch 44/150 train_loss=2.1611813926696777
2026-09-29 05:52:57,471 - INFO - Best train loss=2.1611813926696777; saved /fs04/ar57/wenyu/GeneRec/results/stage3_T5Train/curvature_RQ-VAE_iter48/ckpt/D/Amazon_2023_Instruments/Sep-29-2026_05-44-22/HG_Rec_best.pth
2026-09-29 05:53:09,073 - INFO - Epoch 45/150 train_loss=2.154916133880615
2026-09-29 05:53:09,113 - INFO - Best train loss=2.154916133880615; saved /fs04/ar57/wenyu/GeneRec/results/stage3_T5Train/curvature_RQ-VAE_iter48/ckpt/D/Amazon_2023_Instruments/Sep-29-2026_05-44-22/HG_Rec_best.pth
2026-09-29 05:53:20,719 - INFO - Epoch 46/150 train_loss=2.1420291328430174
2026-09-29 05:53:20,755 - INFO - Best train loss=2.1420291328430174; saved /fs04/ar57/wenyu/GeneRec/results/stage3_T5Train/curvature_RQ-VAE_iter48/ckpt/D/Amazon_2023_Instruments/Sep-29-2026_05-44-22/HG_Rec_best.pth
2026-09-29 05:53:32,354 - INFO - Epoch 47/150 train_loss=2.1308102416992187
2026-09-29 05:53:32,389 - INFO - Best train loss=2.1308102416992187; saved /fs04/ar57/wenyu/GeneRec/results/stage3_T5Train/curvature_RQ-VAE_iter48/ckpt/D/Amazon_2023_Instruments/Sep-29-2026_05-44-22/HG_Rec_best.pth
2026-09-29 05:53:43,990 - INFO - Epoch 48/150 train_loss=2.115181360244751
2026-09-29 05:53:44,027 - INFO - Best train loss=2.115181360244751; saved /fs04/ar57/wenyu/GeneRec/results/stage3_T5Train/curvature_RQ-VAE_iter48/ckpt/D/Amazon_2023_Instruments/Sep-29-2026_05-44-22/HG_Rec_best.pth
2026-09-29 05:53:55,630 - INFO - Epoch 49/150 train_loss=2.0982964611053467
2026-09-29 05:53:55,666 - INFO - Best train loss=2.0982964611053467; saved /fs04/ar57/wenyu/GeneRec/results/stage3_T5Train/curvature_RQ-VAE_iter48/ckpt/D/Amazon_2023_Instruments/Sep-29-2026_05-44-22/HG_Rec_best.pth
2026-09-29 05:54:07,270 - INFO - Epoch 50/150 train_loss=2.0928807640075684
2026-09-29 05:54:07,305 - INFO - Best train loss=2.0928807640075684; saved /fs04/ar57/wenyu/GeneRec/results/stage3_T5Train/curvature_RQ-VAE_iter48/ckpt/D/Amazon_2023_Instruments/Sep-29-2026_05-44-22/HG_Rec_best.pth
2026-09-29 05:54:19,380 - INFO - Epoch 51/150 train_loss=2.0788558387756346
2026-09-29 05:54:19,661 - INFO - Best train loss=2.0788558387756346; saved /fs04/ar57/wenyu/GeneRec/results/stage3_T5Train/curvature_RQ-VAE_iter48/ckpt/D/Amazon_2023_Instruments/Sep-29-2026_05-44-22/HG_Rec_best.pth
2026-09-29 05:54:31,362 - INFO - Epoch 52/150 train_loss=2.0752868938446043
2026-09-29 05:54:31,404 - INFO - Best train loss=2.0752868938446043; saved /fs04/ar57/wenyu/GeneRec/results/stage3_T5Train/curvature_RQ-VAE_iter48/ckpt/D/Amazon_2023_Instruments/Sep-29-2026_05-44-22/HG_Rec_best.pth
2026-09-29 05:54:43,003 - INFO - Epoch 53/150 train_loss=2.0663278770446776
2026-09-29 05:54:43,043 - INFO - Best train loss=2.0663278770446776; saved /fs04/ar57/wenyu/GeneRec/results/stage3_T5Train/curvature_RQ-VAE_iter48/ckpt/D/Amazon_2023_Instruments/Sep-29-2026_05-44-22/HG_Rec_best.pth
2026-09-29 05:54:54,788 - INFO - Epoch 54/150 train_loss=2.055312967300415
2026-09-29 05:54:54,826 - INFO - Best train loss=2.055312967300415; saved /fs04/ar57/wenyu/GeneRec/results/stage3_T5Train/curvature_RQ-VAE_iter48/ckpt/D/Amazon_2023_Instruments/Sep-29-2026_05-44-22/HG_Rec_best.pth
2026-09-29 05:55:08,393 - INFO - Epoch 55/150 train_loss=2.052093906402588
2026-09-29 05:55:08,529 - INFO - Best train loss=2.052093906402588; saved /fs04/ar57/wenyu/GeneRec/results/stage3_T5Train/curvature_RQ-VAE_iter48/ckpt/D/Amazon_2023_Instruments/Sep-29-2026_05-44-22/HG_Rec_best.pth
2026-09-29 05:55:20,609 - INFO - Epoch 56/150 train_loss=2.0443037223815916
2026-09-29 05:55:20,674 - INFO - Best train loss=2.0443037223815916; saved /fs04/ar57/wenyu/GeneRec/results/stage3_T5Train/curvature_RQ-VAE_iter48/ckpt/D/Amazon_2023_Instruments/Sep-29-2026_05-44-22/HG_Rec_best.pth
2026-09-29 05:55:32,278 - INFO - Epoch 57/150 train_loss=2.037364501953125
2026-09-29 05:55:32,312 - INFO - Best train loss=2.037364501953125; saved /fs04/ar57/wenyu/GeneRec/results/stage3_T5Train/curvature_RQ-VAE_iter48/ckpt/D/Amazon_2023_Instruments/Sep-29-2026_05-44-22/HG_Rec_best.pth
2026-09-29 05:55:43,900 - INFO - Epoch 58/150 train_loss=2.0303949880599976
2026-09-29 05:55:43,935 - INFO - Best train loss=2.0303949880599976; saved /fs04/ar57/wenyu/GeneRec/results/stage3_T5Train/curvature_RQ-VAE_iter48/ckpt/D/Amazon_2023_Instruments/Sep-29-2026_05-44-22/HG_Rec_best.pth
2026-09-29 05:55:55,536 - INFO - Epoch 59/150 train_loss=2.02380784034729
2026-09-29 05:55:55,573 - INFO - Best train loss=2.02380784034729; saved /fs04/ar57/wenyu/GeneRec/results/stage3_T5Train/curvature_RQ-VAE_iter48/ckpt/D/Amazon_2023_Instruments/Sep-29-2026_05-44-22/HG_Rec_best.pth
2026-09-29 05:56:07,180 - INFO - Epoch 60/150 train_loss=2.018760671615601
2026-09-29 05:56:07,219 - INFO - Best train loss=2.018760671615601; saved /fs04/ar57/wenyu/GeneRec/results/stage3_T5Train/curvature_RQ-VAE_iter48/ckpt/D/Amazon_2023_Instruments/Sep-29-2026_05-44-22/HG_Rec_best.pth
2026-09-29 05:56:18,821 - INFO - Epoch 61/150 train_loss=2.0174510192871096
2026-09-29 05:56:18,862 - INFO - Best train loss=2.0174510192871096; saved /fs04/ar57/wenyu/GeneRec/results/stage3_T5Train/curvature_RQ-VAE_iter48/ckpt/D/Amazon_2023_Instruments/Sep-29-2026_05-44-22/HG_Rec_best.pth
2026-09-29 05:56:30,464 - INFO - Epoch 62/150 train_loss=2.009005584716797
2026-09-29 05:56:30,501 - INFO - Best train loss=2.009005584716797; saved /fs04/ar57/wenyu/GeneRec/results/stage3_T5Train/curvature_RQ-VAE_iter48/ckpt/D/Amazon_2023_Instruments/Sep-29-2026_05-44-22/HG_Rec_best.pth
2026-09-29 05:56:42,101 - INFO - Epoch 63/150 train_loss=2.0062032556533813
2026-09-29 05:56:42,136 - INFO - Best train loss=2.0062032556533813; saved /fs04/ar57/wenyu/GeneRec/results/stage3_T5Train/curvature_RQ-VAE_iter48/ckpt/D/Amazon_2023_Instruments/Sep-29-2026_05-44-22/HG_Rec_best.pth
2026-09-29 05:56:53,737 - INFO - Epoch 64/150 train_loss=2.0045695877075196
2026-09-29 05:56:53,777 - INFO - Best train loss=2.0045695877075196; saved /fs04/ar57/wenyu/GeneRec/results/stage3_T5Train/curvature_RQ-VAE_iter48/ckpt/D/Amazon_2023_Instruments/Sep-29-2026_05-44-22/HG_Rec_best.pth
2026-09-29 05:57:05,385 - INFO - Epoch 65/150 train_loss=1.9987229204177857
2026-09-29 05:57:05,421 - INFO - Best train loss=1.9987229204177857; saved /fs04/ar57/wenyu/GeneRec/results/stage3_T5Train/curvature_RQ-VAE_iter48/ckpt/D/Amazon_2023_Instruments/Sep-29-2026_05-44-22/HG_Rec_best.pth
2026-09-29 05:57:17,026 - INFO - Epoch 66/150 train_loss=1.9943734216690063
2026-09-29 05:57:17,062 - INFO - Best train loss=1.9943734216690063; saved /fs04/ar57/wenyu/GeneRec/results/stage3_T5Train/curvature_RQ-VAE_iter48/ckpt/D/Amazon_2023_Instruments/Sep-29-2026_05-44-22/HG_Rec_best.pth
2026-09-29 05:57:28,664 - INFO - Epoch 67/150 train_loss=1.9899179887771608
2026-09-29 05:57:28,700 - INFO - Best train loss=1.9899179887771608; saved /fs04/ar57/wenyu/GeneRec/results/stage3_T5Train/curvature_RQ-VAE_iter48/ckpt/D/Amazon_2023_Instruments/Sep-29-2026_05-44-22/HG_Rec_best.pth
2026-09-29 05:57:40,309 - INFO - Epoch 68/150 train_loss=1.9869352197647094
2026-09-29 05:57:40,355 - INFO - Best train loss=1.9869352197647094; saved /fs04/ar57/wenyu/GeneRec/results/stage3_T5Train/curvature_RQ-VAE_iter48/ckpt/D/Amazon_2023_Instruments/Sep-29-2026_05-44-22/HG_Rec_best.pth
2026-09-29 05:57:51,957 - INFO - Epoch 69/150 train_loss=1.9873465394973755
2026-09-29 05:58:03,565 - INFO - Epoch 70/150 train_loss=1.981711082458496
2026-09-29 05:58:03,605 - INFO - Best train loss=1.981711082458496; saved /fs04/ar57/wenyu/GeneRec/results/stage3_T5Train/curvature_RQ-VAE_iter48/ckpt/D/Amazon_2023_Instruments/Sep-29-2026_05-44-22/HG_Rec_best.pth
2026-09-29 05:58:15,208 - INFO - Epoch 71/150 train_loss=1.9769897842407227
2026-09-29 05:58:15,244 - INFO - Best train loss=1.9769897842407227; saved /fs04/ar57/wenyu/GeneRec/results/stage3_T5Train/curvature_RQ-VAE_iter48/ckpt/D/Amazon_2023_Instruments/Sep-29-2026_05-44-22/HG_Rec_best.pth
2026-09-29 05:58:26,850 - INFO - Epoch 72/150 train_loss=1.9739980125427246
2026-09-29 05:58:26,886 - INFO - Best train loss=1.9739980125427246; saved /fs04/ar57/wenyu/GeneRec/results/stage3_T5Train/curvature_RQ-VAE_iter48/ckpt/D/Amazon_2023_Instruments/Sep-29-2026_05-44-22/HG_Rec_best.pth
2026-09-29 05:58:38,494 - INFO - Epoch 73/150 train_loss=1.9644392347335815
2026-09-29 05:58:38,530 - INFO - Best train loss=1.9644392347335815; saved /fs04/ar57/wenyu/GeneRec/results/stage3_T5Train/curvature_RQ-VAE_iter48/ckpt/D/Amazon_2023_Instruments/Sep-29-2026_05-44-22/HG_Rec_best.pth
2026-09-29 05:58:50,131 - INFO - Epoch 74/150 train_loss=1.9674033117294312
2026-09-29 05:59:01,734 - INFO - Epoch 75/150 train_loss=1.9660595321655274
2026-09-29 05:59:13,345 - INFO - Epoch 76/150 train_loss=1.9631933879852295
2026-09-29 05:59:13,386 - INFO - Best train loss=1.9631933879852295; saved /fs04/ar57/wenyu/GeneRec/results/stage3_T5Train/curvature_RQ-VAE_iter48/ckpt/D/Amazon_2023_Instruments/Sep-29-2026_05-44-22/HG_Rec_best.pth
2026-09-29 05:59:24,988 - INFO - Epoch 77/150 train_loss=1.9568536520004272
2026-09-29 05:59:25,024 - INFO - Best train loss=1.9568536520004272; saved /fs04/ar57/wenyu/GeneRec/results/stage3_T5Train/curvature_RQ-VAE_iter48/ckpt/D/Amazon_2023_Instruments/Sep-29-2026_05-44-22/HG_Rec_best.pth
2026-09-29 05:59:36,623 - INFO - Epoch 78/150 train_loss=1.9546280765533448
2026-09-29 05:59:36,662 - INFO - Best train loss=1.9546280765533448; saved /fs04/ar57/wenyu/GeneRec/results/stage3_T5Train/curvature_RQ-VAE_iter48/ckpt/D/Amazon_2023_Instruments/Sep-29-2026_05-44-22/HG_Rec_best.pth
2026-09-29 05:59:48,263 - INFO - Epoch 79/150 train_loss=1.9533860540390016
2026-09-29 05:59:48,299 - INFO - Best train loss=1.9533860540390016; saved /fs04/ar57/wenyu/GeneRec/results/stage3_T5Train/curvature_RQ-VAE_iter48/ckpt/D/Amazon_2023_Instruments/Sep-29-2026_05-44-22/HG_Rec_best.pth
2026-09-29 05:59:59,896 - INFO - Epoch 80/150 train_loss=1.9507181978225707
2026-09-29 06:00:00,509 - INFO - Best train loss=1.9507181978225707; saved /fs04/ar57/wenyu/GeneRec/results/stage3_T5Train/curvature_RQ-VAE_iter48/ckpt/D/Amazon_2023_Instruments/Sep-29-2026_05-44-22/HG_Rec_best.pth
2026-09-29 06:00:12,111 - INFO - Epoch 81/150 train_loss=1.949222469329834
2026-09-29 06:00:12,151 - INFO - Best train loss=1.949222469329834; saved /fs04/ar57/wenyu/GeneRec/results/stage3_T5Train/curvature_RQ-VAE_iter48/ckpt/D/Amazon_2023_Instruments/Sep-29-2026_05-44-22/HG_Rec_best.pth
2026-09-29 06:00:23,761 - INFO - Epoch 82/150 train_loss=1.9419230318069458
2026-09-29 06:00:23,799 - INFO - Best train loss=1.9419230318069458; saved /fs04/ar57/wenyu/GeneRec/results/stage3_T5Train/curvature_RQ-VAE_iter48/ckpt/D/Amazon_2023_Instruments/Sep-29-2026_05-44-22/HG_Rec_best.pth
2026-09-29 06:00:35,403 - INFO - Epoch 83/150 train_loss=1.943115963935852
2026-09-29 06:00:47,010 - INFO - Epoch 84/150 train_loss=1.9358527994155883
2026-09-29 06:00:47,047 - INFO - Best train loss=1.9358527994155883; saved /fs04/ar57/wenyu/GeneRec/results/stage3_T5Train/curvature_RQ-VAE_iter48/ckpt/D/Amazon_2023_Instruments/Sep-29-2026_05-44-22/HG_Rec_best.pth
2026-09-29 06:00:58,651 - INFO - Epoch 85/150 train_loss=1.9350245237350463
2026-09-29 06:00:58,688 - INFO - Best train loss=1.9350245237350463; saved /fs04/ar57/wenyu/GeneRec/results/stage3_T5Train/curvature_RQ-VAE_iter48/ckpt/D/Amazon_2023_Instruments/Sep-29-2026_05-44-22/HG_Rec_best.pth
2026-09-29 06:01:10,285 - INFO - Epoch 86/150 train_loss=1.9353146839141846
2026-09-29 06:01:21,893 - INFO - Epoch 87/150 train_loss=1.9321256542205811
2026-09-29 06:01:21,938 - INFO - Best train loss=1.9321256542205811; saved /fs04/ar57/wenyu/GeneRec/results/stage3_T5Train/curvature_RQ-VAE_iter48/ckpt/D/Amazon_2023_Instruments/Sep-29-2026_05-44-22/HG_Rec_best.pth
2026-09-29 06:01:33,542 - INFO - Epoch 88/150 train_loss=1.9302956867218017
2026-09-29 06:01:33,577 - INFO - Best train loss=1.9302956867218017; saved /fs04/ar57/wenyu/GeneRec/results/stage3_T5Train/curvature_RQ-VAE_iter48/ckpt/D/Amazon_2023_Instruments/Sep-29-2026_05-44-22/HG_Rec_best.pth
2026-09-29 06:01:45,183 - INFO - Epoch 89/150 train_loss=1.9278353929519654
2026-09-29 06:01:45,221 - INFO - Best train loss=1.9278353929519654; saved /fs04/ar57/wenyu/GeneRec/results/stage3_T5Train/curvature_RQ-VAE_iter48/ckpt/D/Amazon_2023_Instruments/Sep-29-2026_05-44-22/HG_Rec_best.pth
2026-09-29 06:01:56,822 - INFO - Epoch 90/150 train_loss=1.9239450979232788
2026-09-29 06:01:56,860 - INFO - Best train loss=1.9239450979232788; saved /fs04/ar57/wenyu/GeneRec/results/stage3_T5Train/curvature_RQ-VAE_iter48/ckpt/D/Amazon_2023_Instruments/Sep-29-2026_05-44-22/HG_Rec_best.pth
2026-09-29 06:02:08,460 - INFO - Epoch 91/150 train_loss=1.923436245918274
2026-09-29 06:02:08,501 - INFO - Best train loss=1.923436245918274; saved /fs04/ar57/wenyu/GeneRec/results/stage3_T5Train/curvature_RQ-VAE_iter48/ckpt/D/Amazon_2023_Instruments/Sep-29-2026_05-44-22/HG_Rec_best.pth
2026-09-29 06:02:20,569 - INFO - Epoch 92/150 train_loss=1.9218413352966308
2026-09-29 06:02:20,605 - INFO - Best train loss=1.9218413352966308; saved /fs04/ar57/wenyu/GeneRec/results/stage3_T5Train/curvature_RQ-VAE_iter48/ckpt/D/Amazon_2023_Instruments/Sep-29-2026_05-44-22/HG_Rec_best.pth
2026-09-29 06:02:32,213 - INFO - Epoch 93/150 train_loss=1.9168731212615966
2026-09-29 06:02:32,253 - INFO - Best train loss=1.9168731212615966; saved /fs04/ar57/wenyu/GeneRec/results/stage3_T5Train/curvature_RQ-VAE_iter48/ckpt/D/Amazon_2023_Instruments/Sep-29-2026_05-44-22/HG_Rec_best.pth
2026-09-29 06:02:43,858 - INFO - Epoch 94/150 train_loss=1.918592276573181
2026-09-29 06:02:55,459 - INFO - Epoch 95/150 train_loss=1.913236107826233
2026-09-29 06:02:55,510 - INFO - Best train loss=1.913236107826233; saved /fs04/ar57/wenyu/GeneRec/results/stage3_T5Train/curvature_RQ-VAE_iter48/ckpt/D/Amazon_2023_Instruments/Sep-29-2026_05-44-22/HG_Rec_best.pth
2026-09-29 06:03:07,111 - INFO - Epoch 96/150 train_loss=1.9135320854187012
2026-09-29 06:03:18,712 - INFO - Epoch 97/150 train_loss=1.9113723373413085
2026-09-29 06:03:18,757 - INFO - Best train loss=1.9113723373413085; saved /fs04/ar57/wenyu/GeneRec/results/stage3_T5Train/curvature_RQ-VAE_iter48/ckpt/D/Amazon_2023_Instruments/Sep-29-2026_05-44-22/HG_Rec_best.pth
2026-09-29 06:03:30,359 - INFO - Epoch 98/150 train_loss=1.9083354568481445
2026-09-29 06:03:30,394 - INFO - Best train loss=1.9083354568481445; saved /fs04/ar57/wenyu/GeneRec/results/stage3_T5Train/curvature_RQ-VAE_iter48/ckpt/D/Amazon_2023_Instruments/Sep-29-2026_05-44-22/HG_Rec_best.pth
2026-09-29 06:03:41,992 - INFO - Epoch 99/150 train_loss=1.9072984743118286
2026-09-29 06:03:42,028 - INFO - Best train loss=1.9072984743118286; saved /fs04/ar57/wenyu/GeneRec/results/stage3_T5Train/curvature_RQ-VAE_iter48/ckpt/D/Amazon_2023_Instruments/Sep-29-2026_05-44-22/HG_Rec_best.pth
2026-09-29 06:03:53,629 - INFO - Epoch 100/150 train_loss=1.9080622243881225
2026-09-29 06:04:05,239 - INFO - Epoch 101/150 train_loss=1.9017218446731567
2026-09-29 06:04:05,276 - INFO - Best train loss=1.9017218446731567; saved /fs04/ar57/wenyu/GeneRec/results/stage3_T5Train/curvature_RQ-VAE_iter48/ckpt/D/Amazon_2023_Instruments/Sep-29-2026_05-44-22/HG_Rec_best.pth
2026-09-29 06:04:17,150 - INFO - Epoch 102/150 train_loss=1.9018776082992555
2026-09-29 06:04:28,795 - INFO - Epoch 103/150 train_loss=1.8969022941589355
2026-09-29 06:04:28,842 - INFO - Best train loss=1.8969022941589355; saved /fs04/ar57/wenyu/GeneRec/results/stage3_T5Train/curvature_RQ-VAE_iter48/ckpt/D/Amazon_2023_Instruments/Sep-29-2026_05-44-22/HG_Rec_best.pth
2026-09-29 06:04:40,458 - INFO - Epoch 104/150 train_loss=1.8969875383377075
2026-09-29 06:04:52,071 - INFO - Epoch 105/150 train_loss=1.8971776914596559
2026-09-29 06:05:03,814 - INFO - Epoch 106/150 train_loss=1.89233558177948
2026-09-29 06:05:03,898 - INFO - Best train loss=1.89233558177948; saved /fs04/ar57/wenyu/GeneRec/results/stage3_T5Train/curvature_RQ-VAE_iter48/ckpt/D/Amazon_2023_Instruments/Sep-29-2026_05-44-22/HG_Rec_best.pth
2026-09-29 06:05:15,666 - INFO - Epoch 107/150 train_loss=1.8954386854171752
2026-09-29 06:05:27,278 - INFO - Epoch 108/150 train_loss=1.891750135421753
2026-09-29 06:05:27,316 - INFO - Best train loss=1.891750135421753; saved /fs04/ar57/wenyu/GeneRec/results/stage3_T5Train/curvature_RQ-VAE_iter48/ckpt/D/Amazon_2023_Instruments/Sep-29-2026_05-44-22/HG_Rec_best.pth
2026-09-29 06:05:38,920 - INFO - Epoch 109/150 train_loss=1.8886430072784424
2026-09-29 06:05:38,955 - INFO - Best train loss=1.8886430072784424; saved /fs04/ar57/wenyu/GeneRec/results/stage3_T5Train/curvature_RQ-VAE_iter48/ckpt/D/Amazon_2023_Instruments/Sep-29-2026_05-44-22/HG_Rec_best.pth
2026-09-29 06:05:50,555 - INFO - Epoch 110/150 train_loss=1.885376181602478
2026-09-29 06:05:50,591 - INFO - Best train loss=1.885376181602478; saved /fs04/ar57/wenyu/GeneRec/results/stage3_T5Train/curvature_RQ-VAE_iter48/ckpt/D/Amazon_2023_Instruments/Sep-29-2026_05-44-22/HG_Rec_best.pth
2026-09-29 06:06:02,197 - INFO - Epoch 111/150 train_loss=1.88678204536438
2026-09-29 06:06:13,804 - INFO - Epoch 112/150 train_loss=1.8848947095870972
2026-09-29 06:06:13,842 - INFO - Best train loss=1.8848947095870972; saved /fs04/ar57/wenyu/GeneRec/results/stage3_T5Train/curvature_RQ-VAE_iter48/ckpt/D/Amazon_2023_Instruments/Sep-29-2026_05-44-22/HG_Rec_best.pth
2026-09-29 06:06:25,443 - INFO - Epoch 113/150 train_loss=1.8854415035247802
2026-09-29 06:06:37,056 - INFO - Epoch 114/150 train_loss=1.8825107383728028
2026-09-29 06:06:37,095 - INFO - Best train loss=1.8825107383728028; saved /fs04/ar57/wenyu/GeneRec/results/stage3_T5Train/curvature_RQ-VAE_iter48/ckpt/D/Amazon_2023_Instruments/Sep-29-2026_05-44-22/HG_Rec_best.pth
2026-09-29 06:06:48,703 - INFO - Epoch 115/150 train_loss=1.8841336488723754
2026-09-29 06:07:00,311 - INFO - Epoch 116/150 train_loss=1.8807589054107665
2026-09-29 06:07:00,349 - INFO - Best train loss=1.8807589054107665; saved /fs04/ar57/wenyu/GeneRec/results/stage3_T5Train/curvature_RQ-VAE_iter48/ckpt/D/Amazon_2023_Instruments/Sep-29-2026_05-44-22/HG_Rec_best.pth
2026-09-29 06:07:13,703 - INFO - Epoch 117/150 train_loss=1.8770727491378785
2026-09-29 06:07:13,741 - INFO - Best train loss=1.8770727491378785; saved /fs04/ar57/wenyu/GeneRec/results/stage3_T5Train/curvature_RQ-VAE_iter48/ckpt/D/Amazon_2023_Instruments/Sep-29-2026_05-44-22/HG_Rec_best.pth
2026-09-29 06:07:25,346 - INFO - Epoch 118/150 train_loss=1.8750830268859864
2026-09-29 06:07:25,398 - INFO - Best train loss=1.8750830268859864; saved /fs04/ar57/wenyu/GeneRec/results/stage3_T5Train/curvature_RQ-VAE_iter48/ckpt/D/Amazon_2023_Instruments/Sep-29-2026_05-44-22/HG_Rec_best.pth
2026-09-29 06:07:37,002 - INFO - Epoch 119/150 train_loss=1.8750732374191283
2026-09-29 06:07:37,040 - INFO - Best train loss=1.8750732374191283; saved /fs04/ar57/wenyu/GeneRec/results/stage3_T5Train/curvature_RQ-VAE_iter48/ckpt/D/Amazon_2023_Instruments/Sep-29-2026_05-44-22/HG_Rec_best.pth
2026-09-29 06:07:48,643 - INFO - Epoch 120/150 train_loss=1.87083065032959
2026-09-29 06:07:48,681 - INFO - Best train loss=1.87083065032959; saved /fs04/ar57/wenyu/GeneRec/results/stage3_T5Train/curvature_RQ-VAE_iter48/ckpt/D/Amazon_2023_Instruments/Sep-29-2026_05-44-22/HG_Rec_best.pth
2026-09-29 06:08:00,284 - INFO - Epoch 121/150 train_loss=1.8715222549438477
2026-09-29 06:08:11,886 - INFO - Epoch 122/150 train_loss=1.8703657293319702
2026-09-29 06:08:11,924 - INFO - Best train loss=1.8703657293319702; saved /fs04/ar57/wenyu/GeneRec/results/stage3_T5Train/curvature_RQ-VAE_iter48/ckpt/D/Amazon_2023_Instruments/Sep-29-2026_05-44-22/HG_Rec_best.pth
2026-09-29 06:08:23,526 - INFO - Epoch 123/150 train_loss=1.8680116748809814
2026-09-29 06:08:23,563 - INFO - Best train loss=1.8680116748809814; saved /fs04/ar57/wenyu/GeneRec/results/stage3_T5Train/curvature_RQ-VAE_iter48/ckpt/D/Amazon_2023_Instruments/Sep-29-2026_05-44-22/HG_Rec_best.pth
2026-09-29 06:08:35,165 - INFO - Epoch 124/150 train_loss=1.8693706893920898
2026-09-29 06:08:46,764 - INFO - Epoch 125/150 train_loss=1.8659948539733886
2026-09-29 06:08:46,810 - INFO - Best train loss=1.8659948539733886; saved /fs04/ar57/wenyu/GeneRec/results/stage3_T5Train/curvature_RQ-VAE_iter48/ckpt/D/Amazon_2023_Instruments/Sep-29-2026_05-44-22/HG_Rec_best.pth
2026-09-29 06:08:58,418 - INFO - Epoch 126/150 train_loss=1.8649024534225465
2026-09-29 06:08:58,454 - INFO - Best train loss=1.8649024534225465; saved /fs04/ar57/wenyu/GeneRec/results/stage3_T5Train/curvature_RQ-VAE_iter48/ckpt/D/Amazon_2023_Instruments/Sep-29-2026_05-44-22/HG_Rec_best.pth
2026-09-29 06:09:10,060 - INFO - Epoch 127/150 train_loss=1.8632202529907227
2026-09-29 06:09:10,096 - INFO - Best train loss=1.8632202529907227; saved /fs04/ar57/wenyu/GeneRec/results/stage3_T5Train/curvature_RQ-VAE_iter48/ckpt/D/Amazon_2023_Instruments/Sep-29-2026_05-44-22/HG_Rec_best.pth
2026-09-29 06:09:21,699 - INFO - Epoch 128/150 train_loss=1.8660707664489746
2026-09-29 06:09:33,311 - INFO - Epoch 129/150 train_loss=1.8616856384277343
2026-09-29 06:09:33,351 - INFO - Best train loss=1.8616856384277343; saved /fs04/ar57/wenyu/GeneRec/results/stage3_T5Train/curvature_RQ-VAE_iter48/ckpt/D/Amazon_2023_Instruments/Sep-29-2026_05-44-22/HG_Rec_best.pth
2026-09-29 06:09:44,953 - INFO - Epoch 130/150 train_loss=1.863856873512268
2026-09-29 06:09:56,562 - INFO - Epoch 131/150 train_loss=1.86218346118927
2026-09-29 06:10:08,167 - INFO - Epoch 132/150 train_loss=1.8608191394805909
2026-09-29 06:10:08,218 - INFO - Best train loss=1.8608191394805909; saved /fs04/ar57/wenyu/GeneRec/results/stage3_T5Train/curvature_RQ-VAE_iter48/ckpt/D/Amazon_2023_Instruments/Sep-29-2026_05-44-22/HG_Rec_best.pth
2026-09-29 06:10:19,824 - INFO - Epoch 133/150 train_loss=1.8621454811096192
2026-09-29 06:10:31,426 - INFO - Epoch 134/150 train_loss=1.8560734510421752
2026-09-29 06:10:31,473 - INFO - Best train loss=1.8560734510421752; saved /fs04/ar57/wenyu/GeneRec/results/stage3_T5Train/curvature_RQ-VAE_iter48/ckpt/D/Amazon_2023_Instruments/Sep-29-2026_05-44-22/HG_Rec_best.pth
2026-09-29 06:10:43,073 - INFO - Epoch 135/150 train_loss=1.8556584978103638
2026-09-29 06:10:43,109 - INFO - Best train loss=1.8556584978103638; saved /fs04/ar57/wenyu/GeneRec/results/stage3_T5Train/curvature_RQ-VAE_iter48/ckpt/D/Amazon_2023_Instruments/Sep-29-2026_05-44-22/HG_Rec_best.pth
2026-09-29 06:10:54,722 - INFO - Epoch 136/150 train_loss=1.8578149366378784
2026-09-29 06:11:06,335 - INFO - Epoch 137/150 train_loss=1.8571836423873902
2026-09-29 06:11:17,943 - INFO - Epoch 138/150 train_loss=1.8573519849777222
2026-09-29 06:11:29,551 - INFO - Epoch 139/150 train_loss=1.8536020565032958
2026-09-29 06:11:29,594 - INFO - Best train loss=1.8536020565032958; saved /fs04/ar57/wenyu/GeneRec/results/stage3_T5Train/curvature_RQ-VAE_iter48/ckpt/D/Amazon_2023_Instruments/Sep-29-2026_05-44-22/HG_Rec_best.pth
2026-09-29 06:11:41,204 - INFO - Epoch 140/150 train_loss=1.8523945474624635
2026-09-29 06:11:41,243 - INFO - Best train loss=1.8523945474624635; saved /fs04/ar57/wenyu/GeneRec/results/stage3_T5Train/curvature_RQ-VAE_iter48/ckpt/D/Amazon_2023_Instruments/Sep-29-2026_05-44-22/HG_Rec_best.pth
2026-09-29 06:11:52,840 - INFO - Epoch 141/150 train_loss=1.8558024597167968
2026-09-29 06:12:04,443 - INFO - Epoch 142/150 train_loss=1.8547503185272216
2026-09-29 06:12:16,056 - INFO - Epoch 143/150 train_loss=1.8510957145690918
2026-09-29 06:12:16,098 - INFO - Best train loss=1.8510957145690918; saved /fs04/ar57/wenyu/GeneRec/results/stage3_T5Train/curvature_RQ-VAE_iter48/ckpt/D/Amazon_2023_Instruments/Sep-29-2026_05-44-22/HG_Rec_best.pth
2026-09-29 06:12:27,705 - INFO - Epoch 144/150 train_loss=1.8474587965011597
2026-09-29 06:12:27,742 - INFO - Best train loss=1.8474587965011597; saved /fs04/ar57/wenyu/GeneRec/results/stage3_T5Train/curvature_RQ-VAE_iter48/ckpt/D/Amazon_2023_Instruments/Sep-29-2026_05-44-22/HG_Rec_best.pth
2026-09-29 06:12:39,346 - INFO - Epoch 145/150 train_loss=1.8476820945739747
2026-09-29 06:12:50,955 - INFO - Epoch 146/150 train_loss=1.848737325668335
2026-09-29 06:13:02,565 - INFO - Epoch 147/150 train_loss=1.8439339637756347
2026-09-29 06:13:02,600 - INFO - Best train loss=1.8439339637756347; saved /fs04/ar57/wenyu/GeneRec/results/stage3_T5Train/curvature_RQ-VAE_iter48/ckpt/D/Amazon_2023_Instruments/Sep-29-2026_05-44-22/HG_Rec_best.pth
2026-09-29 06:13:14,203 - INFO - Epoch 148/150 train_loss=1.8463564109802246
2026-09-29 06:13:25,807 - INFO - Epoch 149/150 train_loss=1.8444082736968994
2026-09-29 06:13:37,422 - INFO - Epoch 150/150 train_loss=1.844785499572754
2026-09-29 06:21:19,324 - INFO - Test={'best_checkpoint': '/fs04/ar57/wenyu/GeneRec/results/stage3_T5Train/curvature_RQ-VAE_iter48/ckpt/D/Amazon_2023_Instruments/Sep-29-2026_05-44-22/HG_Rec_best.pth', 'n_eval': 57439, 'test_recall@5': 0.03880638590504709, 'test_recall@10': 0.05778303939831821, 'test_ndcg@5': 0.0261501240515252, 'test_ndcg@10': 0.03228204246718467}
