2026-10-04 16:03:49,926 - INFO - Configuration: {'batch_size': 4096, 'infer_size': 1024, 'num_epochs': 150, 'eval_interval': 5, 'eval_start_epoch': 75, 'early_eval_epochs': (25, 50, 75, 100, 125), 'fast': True, 'bf16': True, 'use_lr_scheduler': True, 'lr_warmup_pct': 0.1, 'lr_min_factor': 0.2, 'compile': False, 'compile_mode': 'default', 'num_layers': 4, 'num_decoder_layers': 4, 'd_model': 128, 'd_ff': 1024, 'num_heads': 6, 'd_kv': 64, 'dropout_rate': 0.1, 'activation_function': 'relu', 'feed_forward_proj': 'relu', 'device': 'cuda', 'lr': 0.003, 'weight_decay': 0.05, 'vocab_size': 774, 'eos_token_id': 773, 'pad_token_id': 0, 'n_user_tokens': 1, 'max_len': 20, 'dataset_name': 'Amazon_2023_Instruments', 'dataset_path': '/home/wlia0047/ar57/wenyu/GeneRec/results/stage0_build_parquet/', 'codebook_size': [256, 256, 256, 1], 'code_path': '/home/wlia0047/ar57/wenyu/GeneRec/results/stage2_RQ-VAE/curvature_RQ-VAE_iter67/item_sids.json', 'train_file': 'train.parquet', 'valid_file': 'valid.parquet', 'test_file': 'test.parquet', 'log_path': '/home/wlia0047/ar57/wenyu/GeneRec/results/stage3_T5Train/curvature_RQ-VAE_iter67/logs/', 'save_path': '/home/wlia0047/ar57/wenyu/GeneRec/results/stage3_T5Train/curvature_RQ-VAE_iter67/ckpt/', 'seed': 42, 'topk_list': [5, 10], 'beam_size': 20, 'no_eval': True, 'skip_test': False, 'screen_baseline_log': '', 'screen_start_epoch': 40, 'screen_window': 5, 'screen_min_ndcg_gain': 0.001, 'screen_min_recall_gain': 0.001, 'num_workers': 4, 'prefetch_factor': 8, 'exclude_history': True, 'no_exclude_history': False, 'pin_memory': True, 'no_pin_memory': False, 'sid_length': 4, 'max_token_seq_len': 82, 'decoder_start_token_id': 0}
2026-10-04 16:03:50,028 - INFO - #Embedding parameters: 99072
#Non-embedding parameters: 4459648
#Total trainable parameters: 4558720

2026-10-04 16:04:03,861 - INFO - Epoch 1/150 train_loss=4.725227355957031
2026-10-04 16:04:03,939 - INFO - Best train loss=4.725227355957031; saved /home/wlia0047/ar57/wenyu/GeneRec/results/stage3_T5Train/curvature_RQ-VAE_iter67/ckpt/Amazon_2023_Instruments/Oct-04-2026_16-03-49/HG_Rec_best.pth
2026-10-04 16:04:15,565 - INFO - Epoch 2/150 train_loss=4.041447544097901
2026-10-04 16:04:15,601 - INFO - Best train loss=4.041447544097901; saved /home/wlia0047/ar57/wenyu/GeneRec/results/stage3_T5Train/curvature_RQ-VAE_iter67/ckpt/Amazon_2023_Instruments/Oct-04-2026_16-03-49/HG_Rec_best.pth
2026-10-04 16:04:27,214 - INFO - Epoch 3/150 train_loss=3.889093999862671
2026-10-04 16:04:27,250 - INFO - Best train loss=3.889093999862671; saved /home/wlia0047/ar57/wenyu/GeneRec/results/stage3_T5Train/curvature_RQ-VAE_iter67/ckpt/Amazon_2023_Instruments/Oct-04-2026_16-03-49/HG_Rec_best.pth
2026-10-04 16:04:38,862 - INFO - Epoch 4/150 train_loss=3.715899095535278
2026-10-04 16:04:38,899 - INFO - Best train loss=3.715899095535278; saved /home/wlia0047/ar57/wenyu/GeneRec/results/stage3_T5Train/curvature_RQ-VAE_iter67/ckpt/Amazon_2023_Instruments/Oct-04-2026_16-03-49/HG_Rec_best.pth
2026-10-04 16:04:50,509 - INFO - Epoch 5/150 train_loss=3.5956435871124266
2026-10-04 16:04:50,544 - INFO - Best train loss=3.5956435871124266; saved /home/wlia0047/ar57/wenyu/GeneRec/results/stage3_T5Train/curvature_RQ-VAE_iter67/ckpt/Amazon_2023_Instruments/Oct-04-2026_16-03-49/HG_Rec_best.pth
2026-10-04 16:05:02,150 - INFO - Epoch 6/150 train_loss=3.491382570266724
2026-10-04 16:05:02,191 - INFO - Best train loss=3.491382570266724; saved /home/wlia0047/ar57/wenyu/GeneRec/results/stage3_T5Train/curvature_RQ-VAE_iter67/ckpt/Amazon_2023_Instruments/Oct-04-2026_16-03-49/HG_Rec_best.pth
2026-10-04 16:05:13,807 - INFO - Epoch 7/150 train_loss=3.3886375045776367
2026-10-04 16:05:13,845 - INFO - Best train loss=3.3886375045776367; saved /home/wlia0047/ar57/wenyu/GeneRec/results/stage3_T5Train/curvature_RQ-VAE_iter67/ckpt/Amazon_2023_Instruments/Oct-04-2026_16-03-49/HG_Rec_best.pth
2026-10-04 16:05:25,448 - INFO - Epoch 8/150 train_loss=3.7903582859039306
2026-10-04 16:05:37,055 - INFO - Epoch 9/150 train_loss=3.502139482498169
2026-10-04 16:05:48,660 - INFO - Epoch 10/150 train_loss=3.418573942184448
2026-10-04 16:06:00,271 - INFO - Epoch 11/150 train_loss=3.353138608932495
2026-10-04 16:06:00,319 - INFO - Best train loss=3.353138608932495; saved /home/wlia0047/ar57/wenyu/GeneRec/results/stage3_T5Train/curvature_RQ-VAE_iter67/ckpt/Amazon_2023_Instruments/Oct-04-2026_16-03-49/HG_Rec_best.pth
2026-10-04 16:06:11,922 - INFO - Epoch 12/150 train_loss=3.281020221710205
2026-10-04 16:06:11,958 - INFO - Best train loss=3.281020221710205; saved /home/wlia0047/ar57/wenyu/GeneRec/results/stage3_T5Train/curvature_RQ-VAE_iter67/ckpt/Amazon_2023_Instruments/Oct-04-2026_16-03-49/HG_Rec_best.pth
2026-10-04 16:06:23,560 - INFO - Epoch 13/150 train_loss=3.2268095588684083
2026-10-04 16:06:23,595 - INFO - Best train loss=3.2268095588684083; saved /home/wlia0047/ar57/wenyu/GeneRec/results/stage3_T5Train/curvature_RQ-VAE_iter67/ckpt/Amazon_2023_Instruments/Oct-04-2026_16-03-49/HG_Rec_best.pth
2026-10-04 16:06:35,199 - INFO - Epoch 14/150 train_loss=3.169714803695679
2026-10-04 16:06:35,234 - INFO - Best train loss=3.169714803695679; saved /home/wlia0047/ar57/wenyu/GeneRec/results/stage3_T5Train/curvature_RQ-VAE_iter67/ckpt/Amazon_2023_Instruments/Oct-04-2026_16-03-49/HG_Rec_best.pth
2026-10-04 16:06:46,832 - INFO - Epoch 15/150 train_loss=3.109768524169922
2026-10-04 16:06:46,867 - INFO - Best train loss=3.109768524169922; saved /home/wlia0047/ar57/wenyu/GeneRec/results/stage3_T5Train/curvature_RQ-VAE_iter67/ckpt/Amazon_2023_Instruments/Oct-04-2026_16-03-49/HG_Rec_best.pth
2026-10-04 16:06:58,466 - INFO - Epoch 16/150 train_loss=3.0500156688690185
2026-10-04 16:06:58,503 - INFO - Best train loss=3.0500156688690185; saved /home/wlia0047/ar57/wenyu/GeneRec/results/stage3_T5Train/curvature_RQ-VAE_iter67/ckpt/Amazon_2023_Instruments/Oct-04-2026_16-03-49/HG_Rec_best.pth
2026-10-04 16:07:10,110 - INFO - Epoch 17/150 train_loss=2.988974666595459
2026-10-04 16:07:10,146 - INFO - Best train loss=2.988974666595459; saved /home/wlia0047/ar57/wenyu/GeneRec/results/stage3_T5Train/curvature_RQ-VAE_iter67/ckpt/Amazon_2023_Instruments/Oct-04-2026_16-03-49/HG_Rec_best.pth
2026-10-04 16:07:22,331 - INFO - Epoch 18/150 train_loss=2.9404029273986816
2026-10-04 16:07:22,367 - INFO - Best train loss=2.9404029273986816; saved /home/wlia0047/ar57/wenyu/GeneRec/results/stage3_T5Train/curvature_RQ-VAE_iter67/ckpt/Amazon_2023_Instruments/Oct-04-2026_16-03-49/HG_Rec_best.pth
2026-10-04 16:07:33,969 - INFO - Epoch 19/150 train_loss=2.895409574508667
2026-10-04 16:07:34,003 - INFO - Best train loss=2.895409574508667; saved /home/wlia0047/ar57/wenyu/GeneRec/results/stage3_T5Train/curvature_RQ-VAE_iter67/ckpt/Amazon_2023_Instruments/Oct-04-2026_16-03-49/HG_Rec_best.pth
2026-10-04 16:07:45,606 - INFO - Epoch 20/150 train_loss=2.838541021347046
2026-10-04 16:07:45,643 - INFO - Best train loss=2.838541021347046; saved /home/wlia0047/ar57/wenyu/GeneRec/results/stage3_T5Train/curvature_RQ-VAE_iter67/ckpt/Amazon_2023_Instruments/Oct-04-2026_16-03-49/HG_Rec_best.pth
2026-10-04 16:07:57,250 - INFO - Epoch 21/150 train_loss=2.797963457107544
2026-10-04 16:07:57,285 - INFO - Best train loss=2.797963457107544; saved /home/wlia0047/ar57/wenyu/GeneRec/results/stage3_T5Train/curvature_RQ-VAE_iter67/ckpt/Amazon_2023_Instruments/Oct-04-2026_16-03-49/HG_Rec_best.pth
2026-10-04 16:08:08,885 - INFO - Epoch 22/150 train_loss=2.7577411270141603
2026-10-04 16:08:08,919 - INFO - Best train loss=2.7577411270141603; saved /home/wlia0047/ar57/wenyu/GeneRec/results/stage3_T5Train/curvature_RQ-VAE_iter67/ckpt/Amazon_2023_Instruments/Oct-04-2026_16-03-49/HG_Rec_best.pth
2026-10-04 16:08:20,518 - INFO - Epoch 23/150 train_loss=2.717543067932129
2026-10-04 16:08:20,552 - INFO - Best train loss=2.717543067932129; saved /home/wlia0047/ar57/wenyu/GeneRec/results/stage3_T5Train/curvature_RQ-VAE_iter67/ckpt/Amazon_2023_Instruments/Oct-04-2026_16-03-49/HG_Rec_best.pth
2026-10-04 16:08:32,160 - INFO - Epoch 24/150 train_loss=2.680286417007446
2026-10-04 16:08:32,195 - INFO - Best train loss=2.680286417007446; saved /home/wlia0047/ar57/wenyu/GeneRec/results/stage3_T5Train/curvature_RQ-VAE_iter67/ckpt/Amazon_2023_Instruments/Oct-04-2026_16-03-49/HG_Rec_best.pth
2026-10-04 16:08:43,795 - INFO - Epoch 25/150 train_loss=2.6434726428985598
2026-10-04 16:08:43,832 - INFO - Best train loss=2.6434726428985598; saved /home/wlia0047/ar57/wenyu/GeneRec/results/stage3_T5Train/curvature_RQ-VAE_iter67/ckpt/Amazon_2023_Instruments/Oct-04-2026_16-03-49/HG_Rec_best.pth
2026-10-04 16:08:55,431 - INFO - Epoch 26/150 train_loss=2.6099668979644775
2026-10-04 16:08:55,465 - INFO - Best train loss=2.6099668979644775; saved /home/wlia0047/ar57/wenyu/GeneRec/results/stage3_T5Train/curvature_RQ-VAE_iter67/ckpt/Amazon_2023_Instruments/Oct-04-2026_16-03-49/HG_Rec_best.pth
2026-10-04 16:09:07,070 - INFO - Epoch 27/150 train_loss=2.580615186691284
2026-10-04 16:09:07,106 - INFO - Best train loss=2.580615186691284; saved /home/wlia0047/ar57/wenyu/GeneRec/results/stage3_T5Train/curvature_RQ-VAE_iter67/ckpt/Amazon_2023_Instruments/Oct-04-2026_16-03-49/HG_Rec_best.pth
2026-10-04 16:09:18,710 - INFO - Epoch 28/150 train_loss=2.548528957366943
2026-10-04 16:09:18,747 - INFO - Best train loss=2.548528957366943; saved /home/wlia0047/ar57/wenyu/GeneRec/results/stage3_T5Train/curvature_RQ-VAE_iter67/ckpt/Amazon_2023_Instruments/Oct-04-2026_16-03-49/HG_Rec_best.pth
2026-10-04 16:09:30,356 - INFO - Epoch 29/150 train_loss=2.5216103744506837
2026-10-04 16:09:30,392 - INFO - Best train loss=2.5216103744506837; saved /home/wlia0047/ar57/wenyu/GeneRec/results/stage3_T5Train/curvature_RQ-VAE_iter67/ckpt/Amazon_2023_Instruments/Oct-04-2026_16-03-49/HG_Rec_best.pth
2026-10-04 16:09:42,001 - INFO - Epoch 30/150 train_loss=2.4928857040405275
2026-10-04 16:09:42,036 - INFO - Best train loss=2.4928857040405275; saved /home/wlia0047/ar57/wenyu/GeneRec/results/stage3_T5Train/curvature_RQ-VAE_iter67/ckpt/Amazon_2023_Instruments/Oct-04-2026_16-03-49/HG_Rec_best.pth
2026-10-04 16:09:53,642 - INFO - Epoch 31/150 train_loss=2.4723880386352537
2026-10-04 16:09:53,678 - INFO - Best train loss=2.4723880386352537; saved /home/wlia0047/ar57/wenyu/GeneRec/results/stage3_T5Train/curvature_RQ-VAE_iter67/ckpt/Amazon_2023_Instruments/Oct-04-2026_16-03-49/HG_Rec_best.pth
2026-10-04 16:10:05,288 - INFO - Epoch 32/150 train_loss=2.446603937149048
2026-10-04 16:10:05,323 - INFO - Best train loss=2.446603937149048; saved /home/wlia0047/ar57/wenyu/GeneRec/results/stage3_T5Train/curvature_RQ-VAE_iter67/ckpt/Amazon_2023_Instruments/Oct-04-2026_16-03-49/HG_Rec_best.pth
2026-10-04 16:10:16,930 - INFO - Epoch 33/150 train_loss=2.42245906829834
2026-10-04 16:10:16,979 - INFO - Best train loss=2.42245906829834; saved /home/wlia0047/ar57/wenyu/GeneRec/results/stage3_T5Train/curvature_RQ-VAE_iter67/ckpt/Amazon_2023_Instruments/Oct-04-2026_16-03-49/HG_Rec_best.pth
2026-10-04 16:10:28,606 - INFO - Epoch 34/150 train_loss=2.4042888069152832
2026-10-04 16:10:28,643 - INFO - Best train loss=2.4042888069152832; saved /home/wlia0047/ar57/wenyu/GeneRec/results/stage3_T5Train/curvature_RQ-VAE_iter67/ckpt/Amazon_2023_Instruments/Oct-04-2026_16-03-49/HG_Rec_best.pth
2026-10-04 16:10:40,250 - INFO - Epoch 35/150 train_loss=2.3876144790649416
2026-10-04 16:10:40,286 - INFO - Best train loss=2.3876144790649416; saved /home/wlia0047/ar57/wenyu/GeneRec/results/stage3_T5Train/curvature_RQ-VAE_iter67/ckpt/Amazon_2023_Instruments/Oct-04-2026_16-03-49/HG_Rec_best.pth
2026-10-04 16:10:51,896 - INFO - Epoch 36/150 train_loss=2.3671179580688477
2026-10-04 16:10:51,932 - INFO - Best train loss=2.3671179580688477; saved /home/wlia0047/ar57/wenyu/GeneRec/results/stage3_T5Train/curvature_RQ-VAE_iter67/ckpt/Amazon_2023_Instruments/Oct-04-2026_16-03-49/HG_Rec_best.pth
2026-10-04 16:11:03,534 - INFO - Epoch 37/150 train_loss=2.348793182373047
2026-10-04 16:11:03,573 - INFO - Best train loss=2.348793182373047; saved /home/wlia0047/ar57/wenyu/GeneRec/results/stage3_T5Train/curvature_RQ-VAE_iter67/ckpt/Amazon_2023_Instruments/Oct-04-2026_16-03-49/HG_Rec_best.pth
2026-10-04 16:11:15,171 - INFO - Epoch 38/150 train_loss=2.334379768371582
2026-10-04 16:11:15,206 - INFO - Best train loss=2.334379768371582; saved /home/wlia0047/ar57/wenyu/GeneRec/results/stage3_T5Train/curvature_RQ-VAE_iter67/ckpt/Amazon_2023_Instruments/Oct-04-2026_16-03-49/HG_Rec_best.pth
2026-10-04 16:11:26,810 - INFO - Epoch 39/150 train_loss=2.321842842102051
2026-10-04 16:11:26,847 - INFO - Best train loss=2.321842842102051; saved /home/wlia0047/ar57/wenyu/GeneRec/results/stage3_T5Train/curvature_RQ-VAE_iter67/ckpt/Amazon_2023_Instruments/Oct-04-2026_16-03-49/HG_Rec_best.pth
2026-10-04 16:11:38,447 - INFO - Epoch 40/150 train_loss=2.306120729446411
2026-10-04 16:11:38,482 - INFO - Best train loss=2.306120729446411; saved /home/wlia0047/ar57/wenyu/GeneRec/results/stage3_T5Train/curvature_RQ-VAE_iter67/ckpt/Amazon_2023_Instruments/Oct-04-2026_16-03-49/HG_Rec_best.pth
2026-10-04 16:11:50,083 - INFO - Epoch 41/150 train_loss=2.294008913040161
2026-10-04 16:11:50,119 - INFO - Best train loss=2.294008913040161; saved /home/wlia0047/ar57/wenyu/GeneRec/results/stage3_T5Train/curvature_RQ-VAE_iter67/ckpt/Amazon_2023_Instruments/Oct-04-2026_16-03-49/HG_Rec_best.pth
2026-10-04 16:12:01,717 - INFO - Epoch 42/150 train_loss=2.2818954849243163
2026-10-04 16:12:01,752 - INFO - Best train loss=2.2818954849243163; saved /home/wlia0047/ar57/wenyu/GeneRec/results/stage3_T5Train/curvature_RQ-VAE_iter67/ckpt/Amazon_2023_Instruments/Oct-04-2026_16-03-49/HG_Rec_best.pth
2026-10-04 16:12:13,377 - INFO - Epoch 43/150 train_loss=2.2653911685943604
2026-10-04 16:12:13,840 - INFO - Best train loss=2.2653911685943604; saved /home/wlia0047/ar57/wenyu/GeneRec/results/stage3_T5Train/curvature_RQ-VAE_iter67/ckpt/Amazon_2023_Instruments/Oct-04-2026_16-03-49/HG_Rec_best.pth
2026-10-04 16:12:25,443 - INFO - Epoch 44/150 train_loss=2.255591506958008
2026-10-04 16:12:25,478 - INFO - Best train loss=2.255591506958008; saved /home/wlia0047/ar57/wenyu/GeneRec/results/stage3_T5Train/curvature_RQ-VAE_iter67/ckpt/Amazon_2023_Instruments/Oct-04-2026_16-03-49/HG_Rec_best.pth
2026-10-04 16:12:37,084 - INFO - Epoch 45/150 train_loss=2.240314826965332
2026-10-04 16:12:37,119 - INFO - Best train loss=2.240314826965332; saved /home/wlia0047/ar57/wenyu/GeneRec/results/stage3_T5Train/curvature_RQ-VAE_iter67/ckpt/Amazon_2023_Instruments/Oct-04-2026_16-03-49/HG_Rec_best.pth
2026-10-04 16:12:48,724 - INFO - Epoch 46/150 train_loss=2.2263801765441893
2026-10-04 16:12:48,760 - INFO - Best train loss=2.2263801765441893; saved /home/wlia0047/ar57/wenyu/GeneRec/results/stage3_T5Train/curvature_RQ-VAE_iter67/ckpt/Amazon_2023_Instruments/Oct-04-2026_16-03-49/HG_Rec_best.pth
2026-10-04 16:13:00,364 - INFO - Epoch 47/150 train_loss=2.215004644393921
2026-10-04 16:13:00,402 - INFO - Best train loss=2.215004644393921; saved /home/wlia0047/ar57/wenyu/GeneRec/results/stage3_T5Train/curvature_RQ-VAE_iter67/ckpt/Amazon_2023_Instruments/Oct-04-2026_16-03-49/HG_Rec_best.pth
2026-10-04 16:13:12,008 - INFO - Epoch 48/150 train_loss=2.2016167736053465
2026-10-04 16:13:12,044 - INFO - Best train loss=2.2016167736053465; saved /home/wlia0047/ar57/wenyu/GeneRec/results/stage3_T5Train/curvature_RQ-VAE_iter67/ckpt/Amazon_2023_Instruments/Oct-04-2026_16-03-49/HG_Rec_best.pth
2026-10-04 16:13:23,645 - INFO - Epoch 49/150 train_loss=2.1841131114959715
2026-10-04 16:13:23,680 - INFO - Best train loss=2.1841131114959715; saved /home/wlia0047/ar57/wenyu/GeneRec/results/stage3_T5Train/curvature_RQ-VAE_iter67/ckpt/Amazon_2023_Instruments/Oct-04-2026_16-03-49/HG_Rec_best.pth
2026-10-04 16:13:35,282 - INFO - Epoch 50/150 train_loss=2.180707321166992
2026-10-04 16:13:35,319 - INFO - Best train loss=2.180707321166992; saved /home/wlia0047/ar57/wenyu/GeneRec/results/stage3_T5Train/curvature_RQ-VAE_iter67/ckpt/Amazon_2023_Instruments/Oct-04-2026_16-03-49/HG_Rec_best.pth
2026-10-04 16:13:46,927 - INFO - Epoch 51/150 train_loss=2.1683270072937013
2026-10-04 16:13:46,971 - INFO - Best train loss=2.1683270072937013; saved /home/wlia0047/ar57/wenyu/GeneRec/results/stage3_T5Train/curvature_RQ-VAE_iter67/ckpt/Amazon_2023_Instruments/Oct-04-2026_16-03-49/HG_Rec_best.pth
2026-10-04 16:13:58,670 - INFO - Epoch 52/150 train_loss=2.164238452911377
2026-10-04 16:13:58,708 - INFO - Best train loss=2.164238452911377; saved /home/wlia0047/ar57/wenyu/GeneRec/results/stage3_T5Train/curvature_RQ-VAE_iter67/ckpt/Amazon_2023_Instruments/Oct-04-2026_16-03-49/HG_Rec_best.pth
2026-10-04 16:14:10,312 - INFO - Epoch 53/150 train_loss=2.1543846225738523
2026-10-04 16:14:10,349 - INFO - Best train loss=2.1543846225738523; saved /home/wlia0047/ar57/wenyu/GeneRec/results/stage3_T5Train/curvature_RQ-VAE_iter67/ckpt/Amazon_2023_Instruments/Oct-04-2026_16-03-49/HG_Rec_best.pth
2026-10-04 16:14:21,957 - INFO - Epoch 54/150 train_loss=2.143470458984375
2026-10-04 16:14:22,004 - INFO - Best train loss=2.143470458984375; saved /home/wlia0047/ar57/wenyu/GeneRec/results/stage3_T5Train/curvature_RQ-VAE_iter67/ckpt/Amazon_2023_Instruments/Oct-04-2026_16-03-49/HG_Rec_best.pth
2026-10-04 16:14:35,343 - INFO - Epoch 55/150 train_loss=2.1370106887817384
2026-10-04 16:14:35,415 - INFO - Best train loss=2.1370106887817384; saved /home/wlia0047/ar57/wenyu/GeneRec/results/stage3_T5Train/curvature_RQ-VAE_iter67/ckpt/Amazon_2023_Instruments/Oct-04-2026_16-03-49/HG_Rec_best.pth
2026-10-04 16:14:47,022 - INFO - Epoch 56/150 train_loss=2.127539358139038
2026-10-04 16:14:47,058 - INFO - Best train loss=2.127539358139038; saved /home/wlia0047/ar57/wenyu/GeneRec/results/stage3_T5Train/curvature_RQ-VAE_iter67/ckpt/Amazon_2023_Instruments/Oct-04-2026_16-03-49/HG_Rec_best.pth
2026-10-04 16:14:58,660 - INFO - Epoch 57/150 train_loss=2.115997085571289
2026-10-04 16:14:58,696 - INFO - Best train loss=2.115997085571289; saved /home/wlia0047/ar57/wenyu/GeneRec/results/stage3_T5Train/curvature_RQ-VAE_iter67/ckpt/Amazon_2023_Instruments/Oct-04-2026_16-03-49/HG_Rec_best.pth
2026-10-04 16:15:10,296 - INFO - Epoch 58/150 train_loss=2.108917179107666
2026-10-04 16:15:10,333 - INFO - Best train loss=2.108917179107666; saved /home/wlia0047/ar57/wenyu/GeneRec/results/stage3_T5Train/curvature_RQ-VAE_iter67/ckpt/Amazon_2023_Instruments/Oct-04-2026_16-03-49/HG_Rec_best.pth
2026-10-04 16:15:21,935 - INFO - Epoch 59/150 train_loss=2.103403024673462
2026-10-04 16:15:21,971 - INFO - Best train loss=2.103403024673462; saved /home/wlia0047/ar57/wenyu/GeneRec/results/stage3_T5Train/curvature_RQ-VAE_iter67/ckpt/Amazon_2023_Instruments/Oct-04-2026_16-03-49/HG_Rec_best.pth
2026-10-04 16:15:33,577 - INFO - Epoch 60/150 train_loss=2.0978603553771973
2026-10-04 16:15:33,614 - INFO - Best train loss=2.0978603553771973; saved /home/wlia0047/ar57/wenyu/GeneRec/results/stage3_T5Train/curvature_RQ-VAE_iter67/ckpt/Amazon_2023_Instruments/Oct-04-2026_16-03-49/HG_Rec_best.pth
2026-10-04 16:15:45,218 - INFO - Epoch 61/150 train_loss=2.091692485809326
2026-10-04 16:15:45,254 - INFO - Best train loss=2.091692485809326; saved /home/wlia0047/ar57/wenyu/GeneRec/results/stage3_T5Train/curvature_RQ-VAE_iter67/ckpt/Amazon_2023_Instruments/Oct-04-2026_16-03-49/HG_Rec_best.pth
2026-10-04 16:15:56,857 - INFO - Epoch 62/150 train_loss=2.081832323074341
2026-10-04 16:15:56,894 - INFO - Best train loss=2.081832323074341; saved /home/wlia0047/ar57/wenyu/GeneRec/results/stage3_T5Train/curvature_RQ-VAE_iter67/ckpt/Amazon_2023_Instruments/Oct-04-2026_16-03-49/HG_Rec_best.pth
2026-10-04 16:16:08,496 - INFO - Epoch 63/150 train_loss=2.0765881156921386
2026-10-04 16:16:08,532 - INFO - Best train loss=2.0765881156921386; saved /home/wlia0047/ar57/wenyu/GeneRec/results/stage3_T5Train/curvature_RQ-VAE_iter67/ckpt/Amazon_2023_Instruments/Oct-04-2026_16-03-49/HG_Rec_best.pth
2026-10-04 16:16:20,137 - INFO - Epoch 64/150 train_loss=2.0738871574401854
2026-10-04 16:16:20,173 - INFO - Best train loss=2.0738871574401854; saved /home/wlia0047/ar57/wenyu/GeneRec/results/stage3_T5Train/curvature_RQ-VAE_iter67/ckpt/Amazon_2023_Instruments/Oct-04-2026_16-03-49/HG_Rec_best.pth
2026-10-04 16:16:31,778 - INFO - Epoch 65/150 train_loss=2.0661833572387693
2026-10-04 16:16:31,815 - INFO - Best train loss=2.0661833572387693; saved /home/wlia0047/ar57/wenyu/GeneRec/results/stage3_T5Train/curvature_RQ-VAE_iter67/ckpt/Amazon_2023_Instruments/Oct-04-2026_16-03-49/HG_Rec_best.pth
2026-10-04 16:16:43,419 - INFO - Epoch 66/150 train_loss=2.0621771240234374
2026-10-04 16:16:43,456 - INFO - Best train loss=2.0621771240234374; saved /home/wlia0047/ar57/wenyu/GeneRec/results/stage3_T5Train/curvature_RQ-VAE_iter67/ckpt/Amazon_2023_Instruments/Oct-04-2026_16-03-49/HG_Rec_best.pth
2026-10-04 16:16:55,060 - INFO - Epoch 67/150 train_loss=2.058056745529175
2026-10-04 16:16:55,095 - INFO - Best train loss=2.058056745529175; saved /home/wlia0047/ar57/wenyu/GeneRec/results/stage3_T5Train/curvature_RQ-VAE_iter67/ckpt/Amazon_2023_Instruments/Oct-04-2026_16-03-49/HG_Rec_best.pth
2026-10-04 16:17:06,716 - INFO - Epoch 68/150 train_loss=2.0526061153411863
2026-10-04 16:17:06,752 - INFO - Best train loss=2.0526061153411863; saved /home/wlia0047/ar57/wenyu/GeneRec/results/stage3_T5Train/curvature_RQ-VAE_iter67/ckpt/Amazon_2023_Instruments/Oct-04-2026_16-03-49/HG_Rec_best.pth
2026-10-04 16:17:18,351 - INFO - Epoch 69/150 train_loss=2.0508266830444337
2026-10-04 16:17:18,388 - INFO - Best train loss=2.0508266830444337; saved /home/wlia0047/ar57/wenyu/GeneRec/results/stage3_T5Train/curvature_RQ-VAE_iter67/ckpt/Amazon_2023_Instruments/Oct-04-2026_16-03-49/HG_Rec_best.pth
2026-10-04 16:17:29,995 - INFO - Epoch 70/150 train_loss=2.0435172843933107
2026-10-04 16:17:30,035 - INFO - Best train loss=2.0435172843933107; saved /home/wlia0047/ar57/wenyu/GeneRec/results/stage3_T5Train/curvature_RQ-VAE_iter67/ckpt/Amazon_2023_Instruments/Oct-04-2026_16-03-49/HG_Rec_best.pth
2026-10-04 16:17:41,644 - INFO - Epoch 71/150 train_loss=2.037953357696533
2026-10-04 16:17:41,679 - INFO - Best train loss=2.037953357696533; saved /home/wlia0047/ar57/wenyu/GeneRec/results/stage3_T5Train/curvature_RQ-VAE_iter67/ckpt/Amazon_2023_Instruments/Oct-04-2026_16-03-49/HG_Rec_best.pth
2026-10-04 16:17:53,280 - INFO - Epoch 72/150 train_loss=2.0336603546142578
2026-10-04 16:17:53,315 - INFO - Best train loss=2.0336603546142578; saved /home/wlia0047/ar57/wenyu/GeneRec/results/stage3_T5Train/curvature_RQ-VAE_iter67/ckpt/Amazon_2023_Instruments/Oct-04-2026_16-03-49/HG_Rec_best.pth
2026-10-04 16:18:04,922 - INFO - Epoch 73/150 train_loss=2.023567032814026
2026-10-04 16:18:04,956 - INFO - Best train loss=2.023567032814026; saved /home/wlia0047/ar57/wenyu/GeneRec/results/stage3_T5Train/curvature_RQ-VAE_iter67/ckpt/Amazon_2023_Instruments/Oct-04-2026_16-03-49/HG_Rec_best.pth
2026-10-04 16:18:16,563 - INFO - Epoch 74/150 train_loss=2.025379810333252
2026-10-04 16:18:28,173 - INFO - Epoch 75/150 train_loss=2.022322235107422
2026-10-04 16:18:28,211 - INFO - Best train loss=2.022322235107422; saved /home/wlia0047/ar57/wenyu/GeneRec/results/stage3_T5Train/curvature_RQ-VAE_iter67/ckpt/Amazon_2023_Instruments/Oct-04-2026_16-03-49/HG_Rec_best.pth
2026-10-04 16:18:39,810 - INFO - Epoch 76/150 train_loss=2.0168857097625734
2026-10-04 16:18:39,846 - INFO - Best train loss=2.0168857097625734; saved /home/wlia0047/ar57/wenyu/GeneRec/results/stage3_T5Train/curvature_RQ-VAE_iter67/ckpt/Amazon_2023_Instruments/Oct-04-2026_16-03-49/HG_Rec_best.pth
2026-10-04 16:18:51,444 - INFO - Epoch 77/150 train_loss=2.0101064825057984
2026-10-04 16:18:51,480 - INFO - Best train loss=2.0101064825057984; saved /home/wlia0047/ar57/wenyu/GeneRec/results/stage3_T5Train/curvature_RQ-VAE_iter67/ckpt/Amazon_2023_Instruments/Oct-04-2026_16-03-49/HG_Rec_best.pth
2026-10-04 16:19:03,079 - INFO - Epoch 78/150 train_loss=2.0080522108078003
2026-10-04 16:19:03,114 - INFO - Best train loss=2.0080522108078003; saved /home/wlia0047/ar57/wenyu/GeneRec/results/stage3_T5Train/curvature_RQ-VAE_iter67/ckpt/Amazon_2023_Instruments/Oct-04-2026_16-03-49/HG_Rec_best.pth
2026-10-04 16:19:14,713 - INFO - Epoch 79/150 train_loss=2.0058595037460325
2026-10-04 16:19:14,749 - INFO - Best train loss=2.0058595037460325; saved /home/wlia0047/ar57/wenyu/GeneRec/results/stage3_T5Train/curvature_RQ-VAE_iter67/ckpt/Amazon_2023_Instruments/Oct-04-2026_16-03-49/HG_Rec_best.pth
2026-10-04 16:19:26,775 - INFO - Epoch 80/150 train_loss=2.0014490127563476
2026-10-04 16:19:27,285 - INFO - Best train loss=2.0014490127563476; saved /home/wlia0047/ar57/wenyu/GeneRec/results/stage3_T5Train/curvature_RQ-VAE_iter67/ckpt/Amazon_2023_Instruments/Oct-04-2026_16-03-49/HG_Rec_best.pth
2026-10-04 16:19:38,897 - INFO - Epoch 81/150 train_loss=1.9991436386108399
2026-10-04 16:19:38,932 - INFO - Best train loss=1.9991436386108399; saved /home/wlia0047/ar57/wenyu/GeneRec/results/stage3_T5Train/curvature_RQ-VAE_iter67/ckpt/Amazon_2023_Instruments/Oct-04-2026_16-03-49/HG_Rec_best.pth
2026-10-04 16:19:50,539 - INFO - Epoch 82/150 train_loss=1.9898486852645874
2026-10-04 16:19:50,574 - INFO - Best train loss=1.9898486852645874; saved /home/wlia0047/ar57/wenyu/GeneRec/results/stage3_T5Train/curvature_RQ-VAE_iter67/ckpt/Amazon_2023_Instruments/Oct-04-2026_16-03-49/HG_Rec_best.pth
2026-10-04 16:20:02,175 - INFO - Epoch 83/150 train_loss=1.9895963811874389
2026-10-04 16:20:02,210 - INFO - Best train loss=1.9895963811874389; saved /home/wlia0047/ar57/wenyu/GeneRec/results/stage3_T5Train/curvature_RQ-VAE_iter67/ckpt/Amazon_2023_Instruments/Oct-04-2026_16-03-49/HG_Rec_best.pth
2026-10-04 16:20:13,820 - INFO - Epoch 84/150 train_loss=1.984891471862793
2026-10-04 16:20:13,856 - INFO - Best train loss=1.984891471862793; saved /home/wlia0047/ar57/wenyu/GeneRec/results/stage3_T5Train/curvature_RQ-VAE_iter67/ckpt/Amazon_2023_Instruments/Oct-04-2026_16-03-49/HG_Rec_best.pth
2026-10-04 16:20:25,466 - INFO - Epoch 85/150 train_loss=1.9813603401184081
2026-10-04 16:20:25,501 - INFO - Best train loss=1.9813603401184081; saved /home/wlia0047/ar57/wenyu/GeneRec/results/stage3_T5Train/curvature_RQ-VAE_iter67/ckpt/Amazon_2023_Instruments/Oct-04-2026_16-03-49/HG_Rec_best.pth
2026-10-04 16:20:37,106 - INFO - Epoch 86/150 train_loss=1.9790627336502076
2026-10-04 16:20:37,143 - INFO - Best train loss=1.9790627336502076; saved /home/wlia0047/ar57/wenyu/GeneRec/results/stage3_T5Train/curvature_RQ-VAE_iter67/ckpt/Amazon_2023_Instruments/Oct-04-2026_16-03-49/HG_Rec_best.pth
2026-10-04 16:20:48,749 - INFO - Epoch 87/150 train_loss=1.9774451017379762
2026-10-04 16:20:48,784 - INFO - Best train loss=1.9774451017379762; saved /home/wlia0047/ar57/wenyu/GeneRec/results/stage3_T5Train/curvature_RQ-VAE_iter67/ckpt/Amazon_2023_Instruments/Oct-04-2026_16-03-49/HG_Rec_best.pth
2026-10-04 16:21:00,395 - INFO - Epoch 88/150 train_loss=1.9724293947219849
2026-10-04 16:21:00,431 - INFO - Best train loss=1.9724293947219849; saved /home/wlia0047/ar57/wenyu/GeneRec/results/stage3_T5Train/curvature_RQ-VAE_iter67/ckpt/Amazon_2023_Instruments/Oct-04-2026_16-03-49/HG_Rec_best.pth
2026-10-04 16:21:12,039 - INFO - Epoch 89/150 train_loss=1.96859543800354
2026-10-04 16:21:12,076 - INFO - Best train loss=1.96859543800354; saved /home/wlia0047/ar57/wenyu/GeneRec/results/stage3_T5Train/curvature_RQ-VAE_iter67/ckpt/Amazon_2023_Instruments/Oct-04-2026_16-03-49/HG_Rec_best.pth
2026-10-04 16:21:23,685 - INFO - Epoch 90/150 train_loss=1.9650756311416626
2026-10-04 16:21:23,720 - INFO - Best train loss=1.9650756311416626; saved /home/wlia0047/ar57/wenyu/GeneRec/results/stage3_T5Train/curvature_RQ-VAE_iter67/ckpt/Amazon_2023_Instruments/Oct-04-2026_16-03-49/HG_Rec_best.pth
2026-10-04 16:21:35,322 - INFO - Epoch 91/150 train_loss=1.9643875741958619
2026-10-04 16:21:35,358 - INFO - Best train loss=1.9643875741958619; saved /home/wlia0047/ar57/wenyu/GeneRec/results/stage3_T5Train/curvature_RQ-VAE_iter67/ckpt/Amazon_2023_Instruments/Oct-04-2026_16-03-49/HG_Rec_best.pth
2026-10-04 16:21:48,866 - INFO - Epoch 92/150 train_loss=1.960724868774414
2026-10-04 16:21:48,902 - INFO - Best train loss=1.960724868774414; saved /home/wlia0047/ar57/wenyu/GeneRec/results/stage3_T5Train/curvature_RQ-VAE_iter67/ckpt/Amazon_2023_Instruments/Oct-04-2026_16-03-49/HG_Rec_best.pth
2026-10-04 16:22:00,523 - INFO - Epoch 93/150 train_loss=1.9560486602783203
2026-10-04 16:22:00,999 - INFO - Best train loss=1.9560486602783203; saved /home/wlia0047/ar57/wenyu/GeneRec/results/stage3_T5Train/curvature_RQ-VAE_iter67/ckpt/Amazon_2023_Instruments/Oct-04-2026_16-03-49/HG_Rec_best.pth
2026-10-04 16:22:12,609 - INFO - Epoch 94/150 train_loss=1.9581793928146363
2026-10-04 16:22:24,218 - INFO - Epoch 95/150 train_loss=1.9513955688476563
2026-10-04 16:22:24,254 - INFO - Best train loss=1.9513955688476563; saved /home/wlia0047/ar57/wenyu/GeneRec/results/stage3_T5Train/curvature_RQ-VAE_iter67/ckpt/Amazon_2023_Instruments/Oct-04-2026_16-03-49/HG_Rec_best.pth
2026-10-04 16:22:35,863 - INFO - Epoch 96/150 train_loss=1.9506611824035645
2026-10-04 16:22:35,899 - INFO - Best train loss=1.9506611824035645; saved /home/wlia0047/ar57/wenyu/GeneRec/results/stage3_T5Train/curvature_RQ-VAE_iter67/ckpt/Amazon_2023_Instruments/Oct-04-2026_16-03-49/HG_Rec_best.pth
2026-10-04 16:22:47,502 - INFO - Epoch 97/150 train_loss=1.944923939704895
2026-10-04 16:22:47,537 - INFO - Best train loss=1.944923939704895; saved /home/wlia0047/ar57/wenyu/GeneRec/results/stage3_T5Train/curvature_RQ-VAE_iter67/ckpt/Amazon_2023_Instruments/Oct-04-2026_16-03-49/HG_Rec_best.pth
2026-10-04 16:22:59,144 - INFO - Epoch 98/150 train_loss=1.9447985124588012
2026-10-04 16:22:59,178 - INFO - Best train loss=1.9447985124588012; saved /home/wlia0047/ar57/wenyu/GeneRec/results/stage3_T5Train/curvature_RQ-VAE_iter67/ckpt/Amazon_2023_Instruments/Oct-04-2026_16-03-49/HG_Rec_best.pth
2026-10-04 16:23:10,786 - INFO - Epoch 99/150 train_loss=1.9422581386566162
2026-10-04 16:23:10,821 - INFO - Best train loss=1.9422581386566162; saved /home/wlia0047/ar57/wenyu/GeneRec/results/stage3_T5Train/curvature_RQ-VAE_iter67/ckpt/Amazon_2023_Instruments/Oct-04-2026_16-03-49/HG_Rec_best.pth
2026-10-04 16:23:22,429 - INFO - Epoch 100/150 train_loss=1.9411288547515868
2026-10-04 16:23:22,465 - INFO - Best train loss=1.9411288547515868; saved /home/wlia0047/ar57/wenyu/GeneRec/results/stage3_T5Train/curvature_RQ-VAE_iter67/ckpt/Amazon_2023_Instruments/Oct-04-2026_16-03-49/HG_Rec_best.pth
2026-10-04 16:23:34,077 - INFO - Epoch 101/150 train_loss=1.936505732536316
2026-10-04 16:23:34,111 - INFO - Best train loss=1.936505732536316; saved /home/wlia0047/ar57/wenyu/GeneRec/results/stage3_T5Train/curvature_RQ-VAE_iter67/ckpt/Amazon_2023_Instruments/Oct-04-2026_16-03-49/HG_Rec_best.pth
2026-10-04 16:23:45,721 - INFO - Epoch 102/150 train_loss=1.9360056161880492
2026-10-04 16:23:45,756 - INFO - Best train loss=1.9360056161880492; saved /home/wlia0047/ar57/wenyu/GeneRec/results/stage3_T5Train/curvature_RQ-VAE_iter67/ckpt/Amazon_2023_Instruments/Oct-04-2026_16-03-49/HG_Rec_best.pth
2026-10-04 16:23:57,430 - INFO - Epoch 103/150 train_loss=1.9320071268081664
2026-10-04 16:23:57,480 - INFO - Best train loss=1.9320071268081664; saved /home/wlia0047/ar57/wenyu/GeneRec/results/stage3_T5Train/curvature_RQ-VAE_iter67/ckpt/Amazon_2023_Instruments/Oct-04-2026_16-03-49/HG_Rec_best.pth
2026-10-04 16:24:09,165 - INFO - Epoch 104/150 train_loss=1.9291273021697999
2026-10-04 16:24:09,209 - INFO - Best train loss=1.9291273021697999; saved /home/wlia0047/ar57/wenyu/GeneRec/results/stage3_T5Train/curvature_RQ-VAE_iter67/ckpt/Amazon_2023_Instruments/Oct-04-2026_16-03-49/HG_Rec_best.pth
2026-10-04 16:24:20,810 - INFO - Epoch 105/150 train_loss=1.9313455820083618
2026-10-04 16:24:32,419 - INFO - Epoch 106/150 train_loss=1.9239896726608277
2026-10-04 16:24:32,466 - INFO - Best train loss=1.9239896726608277; saved /home/wlia0047/ar57/wenyu/GeneRec/results/stage3_T5Train/curvature_RQ-VAE_iter67/ckpt/Amazon_2023_Instruments/Oct-04-2026_16-03-49/HG_Rec_best.pth
2026-10-04 16:24:44,069 - INFO - Epoch 107/150 train_loss=1.9270073556900025
2026-10-04 16:24:55,674 - INFO - Epoch 108/150 train_loss=1.92447970867157
2026-10-04 16:25:07,279 - INFO - Epoch 109/150 train_loss=1.918009753227234
2026-10-04 16:25:07,325 - INFO - Best train loss=1.918009753227234; saved /home/wlia0047/ar57/wenyu/GeneRec/results/stage3_T5Train/curvature_RQ-VAE_iter67/ckpt/Amazon_2023_Instruments/Oct-04-2026_16-03-49/HG_Rec_best.pth
2026-10-04 16:25:18,932 - INFO - Epoch 110/150 train_loss=1.916375765800476
2026-10-04 16:25:18,969 - INFO - Best train loss=1.916375765800476; saved /home/wlia0047/ar57/wenyu/GeneRec/results/stage3_T5Train/curvature_RQ-VAE_iter67/ckpt/Amazon_2023_Instruments/Oct-04-2026_16-03-49/HG_Rec_best.pth
2026-10-04 16:25:30,571 - INFO - Epoch 111/150 train_loss=1.9165570688247682
2026-10-04 16:25:42,183 - INFO - Epoch 112/150 train_loss=1.912193021774292
2026-10-04 16:25:42,219 - INFO - Best train loss=1.912193021774292; saved /home/wlia0047/ar57/wenyu/GeneRec/results/stage3_T5Train/curvature_RQ-VAE_iter67/ckpt/Amazon_2023_Instruments/Oct-04-2026_16-03-49/HG_Rec_best.pth
2026-10-04 16:25:53,825 - INFO - Epoch 113/150 train_loss=1.9122430324554442
2026-10-04 16:26:05,436 - INFO - Epoch 114/150 train_loss=1.910419602394104
2026-10-04 16:26:05,471 - INFO - Best train loss=1.910419602394104; saved /home/wlia0047/ar57/wenyu/GeneRec/results/stage3_T5Train/curvature_RQ-VAE_iter67/ckpt/Amazon_2023_Instruments/Oct-04-2026_16-03-49/HG_Rec_best.pth
2026-10-04 16:26:17,081 - INFO - Epoch 115/150 train_loss=1.909912109375
2026-10-04 16:26:17,118 - INFO - Best train loss=1.909912109375; saved /home/wlia0047/ar57/wenyu/GeneRec/results/stage3_T5Train/curvature_RQ-VAE_iter67/ckpt/Amazon_2023_Instruments/Oct-04-2026_16-03-49/HG_Rec_best.pth
2026-10-04 16:26:28,725 - INFO - Epoch 116/150 train_loss=1.907931799888611
2026-10-04 16:26:28,761 - INFO - Best train loss=1.907931799888611; saved /home/wlia0047/ar57/wenyu/GeneRec/results/stage3_T5Train/curvature_RQ-VAE_iter67/ckpt/Amazon_2023_Instruments/Oct-04-2026_16-03-49/HG_Rec_best.pth
2026-10-04 16:26:41,795 - INFO - Epoch 117/150 train_loss=1.9068278694152831
2026-10-04 16:26:41,831 - INFO - Best train loss=1.9068278694152831; saved /home/wlia0047/ar57/wenyu/GeneRec/results/stage3_T5Train/curvature_RQ-VAE_iter67/ckpt/Amazon_2023_Instruments/Oct-04-2026_16-03-49/HG_Rec_best.pth
2026-10-04 16:26:53,464 - INFO - Epoch 118/150 train_loss=1.9021077871322631
2026-10-04 16:26:53,502 - INFO - Best train loss=1.9021077871322631; saved /home/wlia0047/ar57/wenyu/GeneRec/results/stage3_T5Train/curvature_RQ-VAE_iter67/ckpt/Amazon_2023_Instruments/Oct-04-2026_16-03-49/HG_Rec_best.pth
2026-10-04 16:27:05,108 - INFO - Epoch 119/150 train_loss=1.9015475416183472
2026-10-04 16:27:05,144 - INFO - Best train loss=1.9015475416183472; saved /home/wlia0047/ar57/wenyu/GeneRec/results/stage3_T5Train/curvature_RQ-VAE_iter67/ckpt/Amazon_2023_Instruments/Oct-04-2026_16-03-49/HG_Rec_best.pth
2026-10-04 16:27:16,749 - INFO - Epoch 120/150 train_loss=1.897164044380188
2026-10-04 16:27:16,785 - INFO - Best train loss=1.897164044380188; saved /home/wlia0047/ar57/wenyu/GeneRec/results/stage3_T5Train/curvature_RQ-VAE_iter67/ckpt/Amazon_2023_Instruments/Oct-04-2026_16-03-49/HG_Rec_best.pth
2026-10-04 16:27:28,391 - INFO - Epoch 121/150 train_loss=1.8960619974136352
2026-10-04 16:27:28,427 - INFO - Best train loss=1.8960619974136352; saved /home/wlia0047/ar57/wenyu/GeneRec/results/stage3_T5Train/curvature_RQ-VAE_iter67/ckpt/Amazon_2023_Instruments/Oct-04-2026_16-03-49/HG_Rec_best.pth
2026-10-04 16:27:40,032 - INFO - Epoch 122/150 train_loss=1.8961671352386475
2026-10-04 16:27:51,645 - INFO - Epoch 123/150 train_loss=1.8936741542816162
2026-10-04 16:27:51,684 - INFO - Best train loss=1.8936741542816162; saved /home/wlia0047/ar57/wenyu/GeneRec/results/stage3_T5Train/curvature_RQ-VAE_iter67/ckpt/Amazon_2023_Instruments/Oct-04-2026_16-03-49/HG_Rec_best.pth
2026-10-04 16:28:03,288 - INFO - Epoch 124/150 train_loss=1.8928533363342286
2026-10-04 16:28:03,324 - INFO - Best train loss=1.8928533363342286; saved /home/wlia0047/ar57/wenyu/GeneRec/results/stage3_T5Train/curvature_RQ-VAE_iter67/ckpt/Amazon_2023_Instruments/Oct-04-2026_16-03-49/HG_Rec_best.pth
2026-10-04 16:28:14,934 - INFO - Epoch 125/150 train_loss=1.8921942853927611
2026-10-04 16:28:14,972 - INFO - Best train loss=1.8921942853927611; saved /home/wlia0047/ar57/wenyu/GeneRec/results/stage3_T5Train/curvature_RQ-VAE_iter67/ckpt/Amazon_2023_Instruments/Oct-04-2026_16-03-49/HG_Rec_best.pth
2026-10-04 16:28:26,576 - INFO - Epoch 126/150 train_loss=1.887988805770874
2026-10-04 16:28:26,613 - INFO - Best train loss=1.887988805770874; saved /home/wlia0047/ar57/wenyu/GeneRec/results/stage3_T5Train/curvature_RQ-VAE_iter67/ckpt/Amazon_2023_Instruments/Oct-04-2026_16-03-49/HG_Rec_best.pth
2026-10-04 16:28:38,218 - INFO - Epoch 127/150 train_loss=1.887933325767517
2026-10-04 16:28:38,255 - INFO - Best train loss=1.887933325767517; saved /home/wlia0047/ar57/wenyu/GeneRec/results/stage3_T5Train/curvature_RQ-VAE_iter67/ckpt/Amazon_2023_Instruments/Oct-04-2026_16-03-49/HG_Rec_best.pth
2026-10-04 16:28:49,862 - INFO - Epoch 128/150 train_loss=1.8915637969970702
2026-10-04 16:29:01,464 - INFO - Epoch 129/150 train_loss=1.8849357557296753
2026-10-04 16:29:01,502 - INFO - Best train loss=1.8849357557296753; saved /home/wlia0047/ar57/wenyu/GeneRec/results/stage3_T5Train/curvature_RQ-VAE_iter67/ckpt/Amazon_2023_Instruments/Oct-04-2026_16-03-49/HG_Rec_best.pth
2026-10-04 16:29:13,101 - INFO - Epoch 130/150 train_loss=1.8847397708892821
2026-10-04 16:29:13,137 - INFO - Best train loss=1.8847397708892821; saved /home/wlia0047/ar57/wenyu/GeneRec/results/stage3_T5Train/curvature_RQ-VAE_iter67/ckpt/Amazon_2023_Instruments/Oct-04-2026_16-03-49/HG_Rec_best.pth
2026-10-04 16:29:24,741 - INFO - Epoch 131/150 train_loss=1.8823532438278199
2026-10-04 16:29:24,787 - INFO - Best train loss=1.8823532438278199; saved /home/wlia0047/ar57/wenyu/GeneRec/results/stage3_T5Train/curvature_RQ-VAE_iter67/ckpt/Amazon_2023_Instruments/Oct-04-2026_16-03-49/HG_Rec_best.pth
2026-10-04 16:29:36,477 - INFO - Epoch 132/150 train_loss=1.8825908613204956
2026-10-04 16:29:48,125 - INFO - Epoch 133/150 train_loss=1.883977060317993
2026-10-04 16:29:59,734 - INFO - Epoch 134/150 train_loss=1.879304986000061
2026-10-04 16:29:59,770 - INFO - Best train loss=1.879304986000061; saved /home/wlia0047/ar57/wenyu/GeneRec/results/stage3_T5Train/curvature_RQ-VAE_iter67/ckpt/Amazon_2023_Instruments/Oct-04-2026_16-03-49/HG_Rec_best.pth
2026-10-04 16:30:11,378 - INFO - Epoch 135/150 train_loss=1.8796119928359984
2026-10-04 16:30:22,983 - INFO - Epoch 136/150 train_loss=1.8815636348724365
2026-10-04 16:30:34,599 - INFO - Epoch 137/150 train_loss=1.87806254863739
2026-10-04 16:30:34,634 - INFO - Best train loss=1.87806254863739; saved /home/wlia0047/ar57/wenyu/GeneRec/results/stage3_T5Train/curvature_RQ-VAE_iter67/ckpt/Amazon_2023_Instruments/Oct-04-2026_16-03-49/HG_Rec_best.pth
2026-10-04 16:30:46,240 - INFO - Epoch 138/150 train_loss=1.8775613594055176
2026-10-04 16:30:46,276 - INFO - Best train loss=1.8775613594055176; saved /home/wlia0047/ar57/wenyu/GeneRec/results/stage3_T5Train/curvature_RQ-VAE_iter67/ckpt/Amazon_2023_Instruments/Oct-04-2026_16-03-49/HG_Rec_best.pth
2026-10-04 16:30:57,885 - INFO - Epoch 139/150 train_loss=1.874555892944336
2026-10-04 16:30:57,921 - INFO - Best train loss=1.874555892944336; saved /home/wlia0047/ar57/wenyu/GeneRec/results/stage3_T5Train/curvature_RQ-VAE_iter67/ckpt/Amazon_2023_Instruments/Oct-04-2026_16-03-49/HG_Rec_best.pth
2026-10-04 16:31:09,524 - INFO - Epoch 140/150 train_loss=1.8741346406936645
2026-10-04 16:31:09,558 - INFO - Best train loss=1.8741346406936645; saved /home/wlia0047/ar57/wenyu/GeneRec/results/stage3_T5Train/curvature_RQ-VAE_iter67/ckpt/Amazon_2023_Instruments/Oct-04-2026_16-03-49/HG_Rec_best.pth
2026-10-04 16:31:21,177 - INFO - Epoch 141/150 train_loss=1.8768543052673339
2026-10-04 16:31:32,787 - INFO - Epoch 142/150 train_loss=1.8754838657379151
2026-10-04 16:31:44,643 - INFO - Epoch 143/150 train_loss=1.871514024734497
2026-10-04 16:31:44,766 - INFO - Best train loss=1.871514024734497; saved /home/wlia0047/ar57/wenyu/GeneRec/results/stage3_T5Train/curvature_RQ-VAE_iter67/ckpt/Amazon_2023_Instruments/Oct-04-2026_16-03-49/HG_Rec_best.pth
2026-10-04 16:31:56,370 - INFO - Epoch 144/150 train_loss=1.8697534227371215
2026-10-04 16:31:56,407 - INFO - Best train loss=1.8697534227371215; saved /home/wlia0047/ar57/wenyu/GeneRec/results/stage3_T5Train/curvature_RQ-VAE_iter67/ckpt/Amazon_2023_Instruments/Oct-04-2026_16-03-49/HG_Rec_best.pth
2026-10-04 16:32:08,012 - INFO - Epoch 145/150 train_loss=1.869044427871704
2026-10-04 16:32:08,047 - INFO - Best train loss=1.869044427871704; saved /home/wlia0047/ar57/wenyu/GeneRec/results/stage3_T5Train/curvature_RQ-VAE_iter67/ckpt/Amazon_2023_Instruments/Oct-04-2026_16-03-49/HG_Rec_best.pth
2026-10-04 16:32:19,647 - INFO - Epoch 146/150 train_loss=1.8696650981903076
2026-10-04 16:32:31,258 - INFO - Epoch 147/150 train_loss=1.8640228939056396
2026-10-04 16:32:31,291 - INFO - Best train loss=1.8640228939056396; saved /home/wlia0047/ar57/wenyu/GeneRec/results/stage3_T5Train/curvature_RQ-VAE_iter67/ckpt/Amazon_2023_Instruments/Oct-04-2026_16-03-49/HG_Rec_best.pth
2026-10-04 16:32:42,894 - INFO - Epoch 148/150 train_loss=1.8664156532287597
2026-10-04 16:32:54,498 - INFO - Epoch 149/150 train_loss=1.86494966506958
2026-10-04 16:33:06,109 - INFO - Epoch 150/150 train_loss=1.8658546495437622
2026-10-04 16:41:17,576 - INFO - Test={'best_checkpoint': '/home/wlia0047/ar57/wenyu/GeneRec/results/stage3_T5Train/curvature_RQ-VAE_iter67/ckpt/Amazon_2023_Instruments/Oct-04-2026_16-03-49/HG_Rec_best.pth', 'n_eval': 57439, 'test_recall@5': 0.032765194380125005, 'test_recall@10': 0.04817284423475339, 'test_ndcg@5': 0.021775458541718203, 'test_ndcg@10': 0.026747700758517616}
