2026-09-25 03:15:48,092 - INFO - Configuration: {'batch_size': 4096, 'infer_size': 1024, 'num_epochs': 150, 'eval_interval': 5, 'eval_start_epoch': 75, 'early_eval_epochs': (25, 50, 75, 100, 125), 'early_stop': 10, 'fast': True, 'bf16': True, 'use_lr_scheduler': True, 'lr_warmup_pct': 0.1, 'lr_min_factor': 0.2, 'compile': False, 'compile_mode': 'default', 'num_layers': 4, 'num_decoder_layers': 4, 'd_model': 128, 'd_ff': 1024, 'num_heads': 6, 'd_kv': 64, 'dropout_rate': 0.1, 'activation_function': 'relu', 'feed_forward_proj': 'relu', 'device': 'cuda', 'lr': 0.003, 'weight_decay': 0.05, 'vocab_size': 780, 'eos_token_id': 779, 'pad_token_id': 0, 'n_user_tokens': 1, 'max_len': 20, 'dataset_name': 'Amazon_2023_Instruments', 'dataset_path': '/home/wlia0047/ar57/wenyu/GeneRec/results/stage0_build_parquet/', 'codebook_size': [256, 256, 256, 1], 'code_path': '/home/wlia0047/ar57/wenyu/GeneRec/stage2_RQ-VAE/curvature_RQ-VAE_iter9/results/item_sids.json', 'train_file': 'train.parquet', 'valid_file': 'valid.parquet', 'test_file': 'test.parquet', 'log_path': '/home/wlia0047/ar57/wenyu/GeneRec/results/stage3_T5Train/iter9_power_law_sinkhorn/logs/', 'save_path': '/home/wlia0047/ar57/wenyu/GeneRec/results/stage3_T5Train/iter9_power_law_sinkhorn/ckpt/', 'seed': 42, 'topk_list': [5, 10], 'beam_size': 20, 'no_eval': True, 'skip_test': False, 'screen_baseline_log': '', 'screen_start_epoch': 40, 'screen_window': 5, 'screen_min_ndcg_gain': 0.001, 'screen_min_recall_gain': 0.001, 'screen_skip_test_on_fail': True, 'num_workers': 4, 'prefetch_factor': 8, 'exclude_history': True, 'no_exclude_history': False, 'pin_memory': True, 'no_pin_memory': False, 'sid_length': 4, 'max_token_seq_len': 82, 'decoder_start_token_id': 0}
2026-09-25 03:15:48,144 - INFO - #Embedding parameters: 99840
#Non-embedding parameters: 4459648
#Total trainable parameters: 4559488

2026-09-25 03:16:01,417 - INFO - Epoch 1/150 train_loss=4.808589763641358
2026-09-25 03:16:01,499 - INFO - Best train loss=4.808589763641358; saved /home/wlia0047/ar57/wenyu/GeneRec/results/stage3_T5Train/iter9_power_law_sinkhorn/ckpt/Amazon_2023_Instruments/Sep-25-2026_03-15-48/HG_Rec_best.pth
2026-09-25 03:16:13,132 - INFO - Epoch 2/150 train_loss=4.114324073791504
2026-09-25 03:16:13,173 - INFO - Best train loss=4.114324073791504; saved /home/wlia0047/ar57/wenyu/GeneRec/results/stage3_T5Train/iter9_power_law_sinkhorn/ckpt/Amazon_2023_Instruments/Sep-25-2026_03-15-48/HG_Rec_best.pth
2026-09-25 03:16:24,785 - INFO - Epoch 3/150 train_loss=3.9637626361846925
2026-09-25 03:16:24,821 - INFO - Best train loss=3.9637626361846925; saved /home/wlia0047/ar57/wenyu/GeneRec/results/stage3_T5Train/iter9_power_law_sinkhorn/ckpt/Amazon_2023_Instruments/Sep-25-2026_03-15-48/HG_Rec_best.pth
2026-09-25 03:16:36,431 - INFO - Epoch 4/150 train_loss=3.7933881092071533
2026-09-25 03:16:36,467 - INFO - Best train loss=3.7933881092071533; saved /home/wlia0047/ar57/wenyu/GeneRec/results/stage3_T5Train/iter9_power_law_sinkhorn/ckpt/Amazon_2023_Instruments/Sep-25-2026_03-15-48/HG_Rec_best.pth
2026-09-25 03:16:48,081 - INFO - Epoch 5/150 train_loss=3.6597337245941164
2026-09-25 03:16:48,117 - INFO - Best train loss=3.6597337245941164; saved /home/wlia0047/ar57/wenyu/GeneRec/results/stage3_T5Train/iter9_power_law_sinkhorn/ckpt/Amazon_2023_Instruments/Sep-25-2026_03-15-48/HG_Rec_best.pth
2026-09-25 03:16:59,729 - INFO - Epoch 6/150 train_loss=3.6046173858642576
2026-09-25 03:16:59,764 - INFO - Best train loss=3.6046173858642576; saved /home/wlia0047/ar57/wenyu/GeneRec/results/stage3_T5Train/iter9_power_law_sinkhorn/ckpt/Amazon_2023_Instruments/Sep-25-2026_03-15-48/HG_Rec_best.pth
2026-09-25 03:17:11,369 - INFO - Epoch 7/150 train_loss=3.4432072925567625
2026-09-25 03:17:11,404 - INFO - Best train loss=3.4432072925567625; saved /home/wlia0047/ar57/wenyu/GeneRec/results/stage3_T5Train/iter9_power_law_sinkhorn/ckpt/Amazon_2023_Instruments/Sep-25-2026_03-15-48/HG_Rec_best.pth
2026-09-25 03:17:23,009 - INFO - Epoch 8/150 train_loss=3.3231538581848143
2026-09-25 03:17:23,044 - INFO - Best train loss=3.3231538581848143; saved /home/wlia0047/ar57/wenyu/GeneRec/results/stage3_T5Train/iter9_power_law_sinkhorn/ckpt/Amazon_2023_Instruments/Sep-25-2026_03-15-48/HG_Rec_best.pth
2026-09-25 03:17:34,651 - INFO - Epoch 9/150 train_loss=3.216547060012817
2026-09-25 03:17:34,688 - INFO - Best train loss=3.216547060012817; saved /home/wlia0047/ar57/wenyu/GeneRec/results/stage3_T5Train/iter9_power_law_sinkhorn/ckpt/Amazon_2023_Instruments/Sep-25-2026_03-15-48/HG_Rec_best.pth
2026-09-25 03:17:46,302 - INFO - Epoch 10/150 train_loss=3.577126064300537
2026-09-25 03:17:46,305 - INFO - No train loss improvement; patience=1
2026-09-25 03:17:57,908 - INFO - Epoch 11/150 train_loss=3.343635358810425
2026-09-25 03:17:57,916 - INFO - No train loss improvement; patience=2
2026-09-25 03:18:09,517 - INFO - Epoch 12/150 train_loss=3.219045400619507
2026-09-25 03:18:09,521 - INFO - No train loss improvement; patience=3
2026-09-25 03:18:21,123 - INFO - Epoch 13/150 train_loss=3.125108404159546
2026-09-25 03:18:21,160 - INFO - Best train loss=3.125108404159546; saved /home/wlia0047/ar57/wenyu/GeneRec/results/stage3_T5Train/iter9_power_law_sinkhorn/ckpt/Amazon_2023_Instruments/Sep-25-2026_03-15-48/HG_Rec_best.pth
2026-09-25 03:18:32,760 - INFO - Epoch 14/150 train_loss=3.0543794727325437
2026-09-25 03:18:32,795 - INFO - Best train loss=3.0543794727325437; saved /home/wlia0047/ar57/wenyu/GeneRec/results/stage3_T5Train/iter9_power_law_sinkhorn/ckpt/Amazon_2023_Instruments/Sep-25-2026_03-15-48/HG_Rec_best.pth
2026-09-25 03:18:44,391 - INFO - Epoch 15/150 train_loss=2.9933074569702147
2026-09-25 03:18:44,426 - INFO - Best train loss=2.9933074569702147; saved /home/wlia0047/ar57/wenyu/GeneRec/results/stage3_T5Train/iter9_power_law_sinkhorn/ckpt/Amazon_2023_Instruments/Sep-25-2026_03-15-48/HG_Rec_best.pth
2026-09-25 03:18:56,021 - INFO - Epoch 16/150 train_loss=2.943587579727173
2026-09-25 03:18:56,057 - INFO - Best train loss=2.943587579727173; saved /home/wlia0047/ar57/wenyu/GeneRec/results/stage3_T5Train/iter9_power_law_sinkhorn/ckpt/Amazon_2023_Instruments/Sep-25-2026_03-15-48/HG_Rec_best.pth
2026-09-25 03:19:07,657 - INFO - Epoch 17/150 train_loss=2.8717555141448976
2026-09-25 03:19:07,693 - INFO - Best train loss=2.8717555141448976; saved /home/wlia0047/ar57/wenyu/GeneRec/results/stage3_T5Train/iter9_power_law_sinkhorn/ckpt/Amazon_2023_Instruments/Sep-25-2026_03-15-48/HG_Rec_best.pth
2026-09-25 03:19:19,381 - INFO - Epoch 18/150 train_loss=2.819559335708618
2026-09-25 03:19:19,882 - INFO - Best train loss=2.819559335708618; saved /home/wlia0047/ar57/wenyu/GeneRec/results/stage3_T5Train/iter9_power_law_sinkhorn/ckpt/Amazon_2023_Instruments/Sep-25-2026_03-15-48/HG_Rec_best.pth
2026-09-25 03:19:31,486 - INFO - Epoch 19/150 train_loss=2.774400224685669
2026-09-25 03:19:31,523 - INFO - Best train loss=2.774400224685669; saved /home/wlia0047/ar57/wenyu/GeneRec/results/stage3_T5Train/iter9_power_law_sinkhorn/ckpt/Amazon_2023_Instruments/Sep-25-2026_03-15-48/HG_Rec_best.pth
2026-09-25 03:19:43,130 - INFO - Epoch 20/150 train_loss=2.7234862232208252
2026-09-25 03:19:43,165 - INFO - Best train loss=2.7234862232208252; saved /home/wlia0047/ar57/wenyu/GeneRec/results/stage3_T5Train/iter9_power_law_sinkhorn/ckpt/Amazon_2023_Instruments/Sep-25-2026_03-15-48/HG_Rec_best.pth
2026-09-25 03:19:54,772 - INFO - Epoch 21/150 train_loss=2.683256006240845
2026-09-25 03:19:54,807 - INFO - Best train loss=2.683256006240845; saved /home/wlia0047/ar57/wenyu/GeneRec/results/stage3_T5Train/iter9_power_law_sinkhorn/ckpt/Amazon_2023_Instruments/Sep-25-2026_03-15-48/HG_Rec_best.pth
2026-09-25 03:20:06,408 - INFO - Epoch 22/150 train_loss=2.643077735900879
2026-09-25 03:20:06,444 - INFO - Best train loss=2.643077735900879; saved /home/wlia0047/ar57/wenyu/GeneRec/results/stage3_T5Train/iter9_power_law_sinkhorn/ckpt/Amazon_2023_Instruments/Sep-25-2026_03-15-48/HG_Rec_best.pth
2026-09-25 03:20:18,049 - INFO - Epoch 23/150 train_loss=2.6051342582702635
2026-09-25 03:20:18,085 - INFO - Best train loss=2.6051342582702635; saved /home/wlia0047/ar57/wenyu/GeneRec/results/stage3_T5Train/iter9_power_law_sinkhorn/ckpt/Amazon_2023_Instruments/Sep-25-2026_03-15-48/HG_Rec_best.pth
2026-09-25 03:20:29,684 - INFO - Epoch 24/150 train_loss=2.5736927318573
2026-09-25 03:20:29,718 - INFO - Best train loss=2.5736927318573; saved /home/wlia0047/ar57/wenyu/GeneRec/results/stage3_T5Train/iter9_power_law_sinkhorn/ckpt/Amazon_2023_Instruments/Sep-25-2026_03-15-48/HG_Rec_best.pth
2026-09-25 03:20:41,317 - INFO - Epoch 25/150 train_loss=2.539633159637451
2026-09-25 03:20:41,351 - INFO - Best train loss=2.539633159637451; saved /home/wlia0047/ar57/wenyu/GeneRec/results/stage3_T5Train/iter9_power_law_sinkhorn/ckpt/Amazon_2023_Instruments/Sep-25-2026_03-15-48/HG_Rec_best.pth
2026-09-25 03:20:52,956 - INFO - Epoch 26/150 train_loss=2.507668056488037
2026-09-25 03:20:52,991 - INFO - Best train loss=2.507668056488037; saved /home/wlia0047/ar57/wenyu/GeneRec/results/stage3_T5Train/iter9_power_law_sinkhorn/ckpt/Amazon_2023_Instruments/Sep-25-2026_03-15-48/HG_Rec_best.pth
2026-09-25 03:21:04,594 - INFO - Epoch 27/150 train_loss=2.4857328510284424
2026-09-25 03:21:04,632 - INFO - Best train loss=2.4857328510284424; saved /home/wlia0047/ar57/wenyu/GeneRec/results/stage3_T5Train/iter9_power_law_sinkhorn/ckpt/Amazon_2023_Instruments/Sep-25-2026_03-15-48/HG_Rec_best.pth
2026-09-25 03:21:16,237 - INFO - Epoch 28/150 train_loss=2.457926836013794
2026-09-25 03:21:16,274 - INFO - Best train loss=2.457926836013794; saved /home/wlia0047/ar57/wenyu/GeneRec/results/stage3_T5Train/iter9_power_law_sinkhorn/ckpt/Amazon_2023_Instruments/Sep-25-2026_03-15-48/HG_Rec_best.pth
2026-09-25 03:21:27,874 - INFO - Epoch 29/150 train_loss=2.4374466133117676
2026-09-25 03:21:27,908 - INFO - Best train loss=2.4374466133117676; saved /home/wlia0047/ar57/wenyu/GeneRec/results/stage3_T5Train/iter9_power_law_sinkhorn/ckpt/Amazon_2023_Instruments/Sep-25-2026_03-15-48/HG_Rec_best.pth
2026-09-25 03:21:39,516 - INFO - Epoch 30/150 train_loss=2.42236590385437
2026-09-25 03:21:39,552 - INFO - Best train loss=2.42236590385437; saved /home/wlia0047/ar57/wenyu/GeneRec/results/stage3_T5Train/iter9_power_law_sinkhorn/ckpt/Amazon_2023_Instruments/Sep-25-2026_03-15-48/HG_Rec_best.pth
2026-09-25 03:21:51,158 - INFO - Epoch 31/150 train_loss=2.404431562423706
2026-09-25 03:21:51,194 - INFO - Best train loss=2.404431562423706; saved /home/wlia0047/ar57/wenyu/GeneRec/results/stage3_T5Train/iter9_power_law_sinkhorn/ckpt/Amazon_2023_Instruments/Sep-25-2026_03-15-48/HG_Rec_best.pth
2026-09-25 03:22:02,800 - INFO - Epoch 32/150 train_loss=2.3803752136230467
2026-09-25 03:22:02,834 - INFO - Best train loss=2.3803752136230467; saved /home/wlia0047/ar57/wenyu/GeneRec/results/stage3_T5Train/iter9_power_law_sinkhorn/ckpt/Amazon_2023_Instruments/Sep-25-2026_03-15-48/HG_Rec_best.pth
2026-09-25 03:22:14,441 - INFO - Epoch 33/150 train_loss=2.3572238636016847
2026-09-25 03:22:14,477 - INFO - Best train loss=2.3572238636016847; saved /home/wlia0047/ar57/wenyu/GeneRec/results/stage3_T5Train/iter9_power_law_sinkhorn/ckpt/Amazon_2023_Instruments/Sep-25-2026_03-15-48/HG_Rec_best.pth
2026-09-25 03:22:26,081 - INFO - Epoch 34/150 train_loss=2.3432920742034913
2026-09-25 03:22:26,116 - INFO - Best train loss=2.3432920742034913; saved /home/wlia0047/ar57/wenyu/GeneRec/results/stage3_T5Train/iter9_power_law_sinkhorn/ckpt/Amazon_2023_Instruments/Sep-25-2026_03-15-48/HG_Rec_best.pth
2026-09-25 03:22:37,723 - INFO - Epoch 35/150 train_loss=2.3303020858764647
2026-09-25 03:22:37,758 - INFO - Best train loss=2.3303020858764647; saved /home/wlia0047/ar57/wenyu/GeneRec/results/stage3_T5Train/iter9_power_law_sinkhorn/ckpt/Amazon_2023_Instruments/Sep-25-2026_03-15-48/HG_Rec_best.pth
2026-09-25 03:22:49,364 - INFO - Epoch 36/150 train_loss=2.312753734588623
2026-09-25 03:22:49,400 - INFO - Best train loss=2.312753734588623; saved /home/wlia0047/ar57/wenyu/GeneRec/results/stage3_T5Train/iter9_power_law_sinkhorn/ckpt/Amazon_2023_Instruments/Sep-25-2026_03-15-48/HG_Rec_best.pth
2026-09-25 03:23:01,003 - INFO - Epoch 37/150 train_loss=2.298036651611328
2026-09-25 03:23:01,038 - INFO - Best train loss=2.298036651611328; saved /home/wlia0047/ar57/wenyu/GeneRec/results/stage3_T5Train/iter9_power_law_sinkhorn/ckpt/Amazon_2023_Instruments/Sep-25-2026_03-15-48/HG_Rec_best.pth
2026-09-25 03:23:12,640 - INFO - Epoch 38/150 train_loss=2.283729305267334
2026-09-25 03:23:12,675 - INFO - Best train loss=2.283729305267334; saved /home/wlia0047/ar57/wenyu/GeneRec/results/stage3_T5Train/iter9_power_law_sinkhorn/ckpt/Amazon_2023_Instruments/Sep-25-2026_03-15-48/HG_Rec_best.pth
2026-09-25 03:23:24,274 - INFO - Epoch 39/150 train_loss=2.273596096038818
2026-09-25 03:23:24,308 - INFO - Best train loss=2.273596096038818; saved /home/wlia0047/ar57/wenyu/GeneRec/results/stage3_T5Train/iter9_power_law_sinkhorn/ckpt/Amazon_2023_Instruments/Sep-25-2026_03-15-48/HG_Rec_best.pth
2026-09-25 03:23:35,912 - INFO - Epoch 40/150 train_loss=2.2596021366119383
2026-09-25 03:23:35,946 - INFO - Best train loss=2.2596021366119383; saved /home/wlia0047/ar57/wenyu/GeneRec/results/stage3_T5Train/iter9_power_law_sinkhorn/ckpt/Amazon_2023_Instruments/Sep-25-2026_03-15-48/HG_Rec_best.pth
2026-09-25 03:23:47,547 - INFO - Epoch 41/150 train_loss=2.248539438247681
2026-09-25 03:23:47,582 - INFO - Best train loss=2.248539438247681; saved /home/wlia0047/ar57/wenyu/GeneRec/results/stage3_T5Train/iter9_power_law_sinkhorn/ckpt/Amazon_2023_Instruments/Sep-25-2026_03-15-48/HG_Rec_best.pth
2026-09-25 03:23:59,177 - INFO - Epoch 42/150 train_loss=2.237739849090576
2026-09-25 03:23:59,214 - INFO - Best train loss=2.237739849090576; saved /home/wlia0047/ar57/wenyu/GeneRec/results/stage3_T5Train/iter9_power_law_sinkhorn/ckpt/Amazon_2023_Instruments/Sep-25-2026_03-15-48/HG_Rec_best.pth
2026-09-25 03:24:10,841 - INFO - Epoch 43/150 train_loss=2.2255522060394286
2026-09-25 03:24:10,877 - INFO - Best train loss=2.2255522060394286; saved /home/wlia0047/ar57/wenyu/GeneRec/results/stage3_T5Train/iter9_power_law_sinkhorn/ckpt/Amazon_2023_Instruments/Sep-25-2026_03-15-48/HG_Rec_best.pth
2026-09-25 03:24:22,479 - INFO - Epoch 44/150 train_loss=2.217955312728882
2026-09-25 03:24:22,516 - INFO - Best train loss=2.217955312728882; saved /home/wlia0047/ar57/wenyu/GeneRec/results/stage3_T5Train/iter9_power_law_sinkhorn/ckpt/Amazon_2023_Instruments/Sep-25-2026_03-15-48/HG_Rec_best.pth
2026-09-25 03:24:34,121 - INFO - Epoch 45/150 train_loss=2.208528003692627
2026-09-25 03:24:34,157 - INFO - Best train loss=2.208528003692627; saved /home/wlia0047/ar57/wenyu/GeneRec/results/stage3_T5Train/iter9_power_law_sinkhorn/ckpt/Amazon_2023_Instruments/Sep-25-2026_03-15-48/HG_Rec_best.pth
2026-09-25 03:24:45,763 - INFO - Epoch 46/150 train_loss=2.2021363258361815
2026-09-25 03:24:45,799 - INFO - Best train loss=2.2021363258361815; saved /home/wlia0047/ar57/wenyu/GeneRec/results/stage3_T5Train/iter9_power_law_sinkhorn/ckpt/Amazon_2023_Instruments/Sep-25-2026_03-15-48/HG_Rec_best.pth
2026-09-25 03:24:57,398 - INFO - Epoch 47/150 train_loss=2.194274454116821
2026-09-25 03:24:57,433 - INFO - Best train loss=2.194274454116821; saved /home/wlia0047/ar57/wenyu/GeneRec/results/stage3_T5Train/iter9_power_law_sinkhorn/ckpt/Amazon_2023_Instruments/Sep-25-2026_03-15-48/HG_Rec_best.pth
2026-09-25 03:25:09,040 - INFO - Epoch 48/150 train_loss=2.185177412033081
2026-09-25 03:25:09,077 - INFO - Best train loss=2.185177412033081; saved /home/wlia0047/ar57/wenyu/GeneRec/results/stage3_T5Train/iter9_power_law_sinkhorn/ckpt/Amazon_2023_Instruments/Sep-25-2026_03-15-48/HG_Rec_best.pth
2026-09-25 03:25:20,684 - INFO - Epoch 49/150 train_loss=2.173342056274414
2026-09-25 03:25:20,724 - INFO - Best train loss=2.173342056274414; saved /home/wlia0047/ar57/wenyu/GeneRec/results/stage3_T5Train/iter9_power_law_sinkhorn/ckpt/Amazon_2023_Instruments/Sep-25-2026_03-15-48/HG_Rec_best.pth
2026-09-25 03:25:32,328 - INFO - Epoch 50/150 train_loss=2.1716186141967775
2026-09-25 03:25:32,365 - INFO - Best train loss=2.1716186141967775; saved /home/wlia0047/ar57/wenyu/GeneRec/results/stage3_T5Train/iter9_power_law_sinkhorn/ckpt/Amazon_2023_Instruments/Sep-25-2026_03-15-48/HG_Rec_best.pth
2026-09-25 03:25:44,141 - INFO - Epoch 51/150 train_loss=2.1613190078735354
2026-09-25 03:25:44,582 - INFO - Best train loss=2.1613190078735354; saved /home/wlia0047/ar57/wenyu/GeneRec/results/stage3_T5Train/iter9_power_law_sinkhorn/ckpt/Amazon_2023_Instruments/Sep-25-2026_03-15-48/HG_Rec_best.pth
2026-09-25 03:25:56,806 - INFO - Epoch 52/150 train_loss=2.15926549911499
2026-09-25 03:25:56,891 - INFO - Best train loss=2.15926549911499; saved /home/wlia0047/ar57/wenyu/GeneRec/results/stage3_T5Train/iter9_power_law_sinkhorn/ckpt/Amazon_2023_Instruments/Sep-25-2026_03-15-48/HG_Rec_best.pth
2026-09-25 03:26:08,496 - INFO - Epoch 53/150 train_loss=2.153736686706543
2026-09-25 03:26:08,532 - INFO - Best train loss=2.153736686706543; saved /home/wlia0047/ar57/wenyu/GeneRec/results/stage3_T5Train/iter9_power_law_sinkhorn/ckpt/Amazon_2023_Instruments/Sep-25-2026_03-15-48/HG_Rec_best.pth
2026-09-25 03:26:20,134 - INFO - Epoch 54/150 train_loss=2.1435558223724365
2026-09-25 03:26:20,171 - INFO - Best train loss=2.1435558223724365; saved /home/wlia0047/ar57/wenyu/GeneRec/results/stage3_T5Train/iter9_power_law_sinkhorn/ckpt/Amazon_2023_Instruments/Sep-25-2026_03-15-48/HG_Rec_best.pth
2026-09-25 03:26:33,756 - INFO - Epoch 55/150 train_loss=2.1404436016082764
2026-09-25 03:26:33,791 - INFO - Best train loss=2.1404436016082764; saved /home/wlia0047/ar57/wenyu/GeneRec/results/stage3_T5Train/iter9_power_law_sinkhorn/ckpt/Amazon_2023_Instruments/Sep-25-2026_03-15-48/HG_Rec_best.pth
2026-09-25 03:26:45,401 - INFO - Epoch 56/150 train_loss=2.1359268188476563
2026-09-25 03:26:45,456 - INFO - Best train loss=2.1359268188476563; saved /home/wlia0047/ar57/wenyu/GeneRec/results/stage3_T5Train/iter9_power_law_sinkhorn/ckpt/Amazon_2023_Instruments/Sep-25-2026_03-15-48/HG_Rec_best.pth
2026-09-25 03:26:57,057 - INFO - Epoch 57/150 train_loss=2.127907838821411
2026-09-25 03:26:57,093 - INFO - Best train loss=2.127907838821411; saved /home/wlia0047/ar57/wenyu/GeneRec/results/stage3_T5Train/iter9_power_law_sinkhorn/ckpt/Amazon_2023_Instruments/Sep-25-2026_03-15-48/HG_Rec_best.pth
2026-09-25 03:27:08,697 - INFO - Epoch 58/150 train_loss=2.1207535552978514
2026-09-25 03:27:08,733 - INFO - Best train loss=2.1207535552978514; saved /home/wlia0047/ar57/wenyu/GeneRec/results/stage3_T5Train/iter9_power_law_sinkhorn/ckpt/Amazon_2023_Instruments/Sep-25-2026_03-15-48/HG_Rec_best.pth
2026-09-25 03:27:20,335 - INFO - Epoch 59/150 train_loss=2.113494701385498
2026-09-25 03:27:20,371 - INFO - Best train loss=2.113494701385498; saved /home/wlia0047/ar57/wenyu/GeneRec/results/stage3_T5Train/iter9_power_law_sinkhorn/ckpt/Amazon_2023_Instruments/Sep-25-2026_03-15-48/HG_Rec_best.pth
2026-09-25 03:27:31,977 - INFO - Epoch 60/150 train_loss=2.1097975635528563
2026-09-25 03:27:32,012 - INFO - Best train loss=2.1097975635528563; saved /home/wlia0047/ar57/wenyu/GeneRec/results/stage3_T5Train/iter9_power_law_sinkhorn/ckpt/Amazon_2023_Instruments/Sep-25-2026_03-15-48/HG_Rec_best.pth
2026-09-25 03:27:43,621 - INFO - Epoch 61/150 train_loss=2.1067363262176513
2026-09-25 03:27:43,659 - INFO - Best train loss=2.1067363262176513; saved /home/wlia0047/ar57/wenyu/GeneRec/results/stage3_T5Train/iter9_power_law_sinkhorn/ckpt/Amazon_2023_Instruments/Sep-25-2026_03-15-48/HG_Rec_best.pth
2026-09-25 03:27:55,264 - INFO - Epoch 62/150 train_loss=2.1004745960235596
2026-09-25 03:27:55,299 - INFO - Best train loss=2.1004745960235596; saved /home/wlia0047/ar57/wenyu/GeneRec/results/stage3_T5Train/iter9_power_law_sinkhorn/ckpt/Amazon_2023_Instruments/Sep-25-2026_03-15-48/HG_Rec_best.pth
2026-09-25 03:28:06,903 - INFO - Epoch 63/150 train_loss=2.0970279788970947
2026-09-25 03:28:06,938 - INFO - Best train loss=2.0970279788970947; saved /home/wlia0047/ar57/wenyu/GeneRec/results/stage3_T5Train/iter9_power_law_sinkhorn/ckpt/Amazon_2023_Instruments/Sep-25-2026_03-15-48/HG_Rec_best.pth
2026-09-25 03:28:18,546 - INFO - Epoch 64/150 train_loss=2.093945264816284
2026-09-25 03:28:18,581 - INFO - Best train loss=2.093945264816284; saved /home/wlia0047/ar57/wenyu/GeneRec/results/stage3_T5Train/iter9_power_law_sinkhorn/ckpt/Amazon_2023_Instruments/Sep-25-2026_03-15-48/HG_Rec_best.pth
2026-09-25 03:28:30,181 - INFO - Epoch 65/150 train_loss=2.090055589675903
2026-09-25 03:28:30,217 - INFO - Best train loss=2.090055589675903; saved /home/wlia0047/ar57/wenyu/GeneRec/results/stage3_T5Train/iter9_power_law_sinkhorn/ckpt/Amazon_2023_Instruments/Sep-25-2026_03-15-48/HG_Rec_best.pth
2026-09-25 03:28:41,818 - INFO - Epoch 66/150 train_loss=2.0854575729370115
2026-09-25 03:28:41,854 - INFO - Best train loss=2.0854575729370115; saved /home/wlia0047/ar57/wenyu/GeneRec/results/stage3_T5Train/iter9_power_law_sinkhorn/ckpt/Amazon_2023_Instruments/Sep-25-2026_03-15-48/HG_Rec_best.pth
2026-09-25 03:28:53,453 - INFO - Epoch 67/150 train_loss=2.0796244812011717
2026-09-25 03:28:53,487 - INFO - Best train loss=2.0796244812011717; saved /home/wlia0047/ar57/wenyu/GeneRec/results/stage3_T5Train/iter9_power_law_sinkhorn/ckpt/Amazon_2023_Instruments/Sep-25-2026_03-15-48/HG_Rec_best.pth
2026-09-25 03:29:05,271 - INFO - Epoch 68/150 train_loss=2.0774774074554445
2026-09-25 03:29:05,320 - INFO - Best train loss=2.0774774074554445; saved /home/wlia0047/ar57/wenyu/GeneRec/results/stage3_T5Train/iter9_power_law_sinkhorn/ckpt/Amazon_2023_Instruments/Sep-25-2026_03-15-48/HG_Rec_best.pth
2026-09-25 03:29:16,920 - INFO - Epoch 69/150 train_loss=2.0778258419036866
2026-09-25 03:29:16,923 - INFO - No train loss improvement; patience=1
2026-09-25 03:29:28,524 - INFO - Epoch 70/150 train_loss=2.0707997131347655
2026-09-25 03:29:28,562 - INFO - Best train loss=2.0707997131347655; saved /home/wlia0047/ar57/wenyu/GeneRec/results/stage3_T5Train/iter9_power_law_sinkhorn/ckpt/Amazon_2023_Instruments/Sep-25-2026_03-15-48/HG_Rec_best.pth
2026-09-25 03:29:40,167 - INFO - Epoch 71/150 train_loss=2.0651627445220946
2026-09-25 03:29:40,202 - INFO - Best train loss=2.0651627445220946; saved /home/wlia0047/ar57/wenyu/GeneRec/results/stage3_T5Train/iter9_power_law_sinkhorn/ckpt/Amazon_2023_Instruments/Sep-25-2026_03-15-48/HG_Rec_best.pth
2026-09-25 03:29:51,806 - INFO - Epoch 72/150 train_loss=2.0562340927124025
2026-09-25 03:29:51,842 - INFO - Best train loss=2.0562340927124025; saved /home/wlia0047/ar57/wenyu/GeneRec/results/stage3_T5Train/iter9_power_law_sinkhorn/ckpt/Amazon_2023_Instruments/Sep-25-2026_03-15-48/HG_Rec_best.pth
2026-09-25 03:30:03,451 - INFO - Epoch 73/150 train_loss=2.044095849990845
2026-09-25 03:30:03,488 - INFO - Best train loss=2.044095849990845; saved /home/wlia0047/ar57/wenyu/GeneRec/results/stage3_T5Train/iter9_power_law_sinkhorn/ckpt/Amazon_2023_Instruments/Sep-25-2026_03-15-48/HG_Rec_best.pth
2026-09-25 03:30:15,092 - INFO - Epoch 74/150 train_loss=2.045685091018677
2026-09-25 03:30:15,094 - INFO - No train loss improvement; patience=1
2026-09-25 03:30:26,696 - INFO - Epoch 75/150 train_loss=2.039211616516113
2026-09-25 03:30:26,738 - INFO - Best train loss=2.039211616516113; saved /home/wlia0047/ar57/wenyu/GeneRec/results/stage3_T5Train/iter9_power_law_sinkhorn/ckpt/Amazon_2023_Instruments/Sep-25-2026_03-15-48/HG_Rec_best.pth
2026-09-25 03:30:38,348 - INFO - Epoch 76/150 train_loss=2.0338680648803713
2026-09-25 03:30:38,387 - INFO - Best train loss=2.0338680648803713; saved /home/wlia0047/ar57/wenyu/GeneRec/results/stage3_T5Train/iter9_power_law_sinkhorn/ckpt/Amazon_2023_Instruments/Sep-25-2026_03-15-48/HG_Rec_best.pth
2026-09-25 03:30:49,997 - INFO - Epoch 77/150 train_loss=2.0270875453948975
2026-09-25 03:30:50,033 - INFO - Best train loss=2.0270875453948975; saved /home/wlia0047/ar57/wenyu/GeneRec/results/stage3_T5Train/iter9_power_law_sinkhorn/ckpt/Amazon_2023_Instruments/Sep-25-2026_03-15-48/HG_Rec_best.pth
2026-09-25 03:31:01,638 - INFO - Epoch 78/150 train_loss=2.0227546882629395
2026-09-25 03:31:01,673 - INFO - Best train loss=2.0227546882629395; saved /home/wlia0047/ar57/wenyu/GeneRec/results/stage3_T5Train/iter9_power_law_sinkhorn/ckpt/Amazon_2023_Instruments/Sep-25-2026_03-15-48/HG_Rec_best.pth
2026-09-25 03:31:13,281 - INFO - Epoch 79/150 train_loss=2.0197317123413088
2026-09-25 03:31:13,315 - INFO - Best train loss=2.0197317123413088; saved /home/wlia0047/ar57/wenyu/GeneRec/results/stage3_T5Train/iter9_power_law_sinkhorn/ckpt/Amazon_2023_Instruments/Sep-25-2026_03-15-48/HG_Rec_best.pth
2026-09-25 03:31:25,431 - INFO - Epoch 80/150 train_loss=2.018014850616455
2026-09-25 03:31:25,465 - INFO - Best train loss=2.018014850616455; saved /home/wlia0047/ar57/wenyu/GeneRec/results/stage3_T5Train/iter9_power_law_sinkhorn/ckpt/Amazon_2023_Instruments/Sep-25-2026_03-15-48/HG_Rec_best.pth
2026-09-25 03:31:37,073 - INFO - Epoch 81/150 train_loss=2.012225170135498
2026-09-25 03:31:37,107 - INFO - Best train loss=2.012225170135498; saved /home/wlia0047/ar57/wenyu/GeneRec/results/stage3_T5Train/iter9_power_law_sinkhorn/ckpt/Amazon_2023_Instruments/Sep-25-2026_03-15-48/HG_Rec_best.pth
2026-09-25 03:31:48,712 - INFO - Epoch 82/150 train_loss=2.004536089897156
2026-09-25 03:31:48,748 - INFO - Best train loss=2.004536089897156; saved /home/wlia0047/ar57/wenyu/GeneRec/results/stage3_T5Train/iter9_power_law_sinkhorn/ckpt/Amazon_2023_Instruments/Sep-25-2026_03-15-48/HG_Rec_best.pth
2026-09-25 03:32:00,355 - INFO - Epoch 83/150 train_loss=2.006018123626709
2026-09-25 03:32:00,358 - INFO - No train loss improvement; patience=1
2026-09-25 03:32:11,953 - INFO - Epoch 84/150 train_loss=1.9991757249832154
2026-09-25 03:32:11,997 - INFO - Best train loss=1.9991757249832154; saved /home/wlia0047/ar57/wenyu/GeneRec/results/stage3_T5Train/iter9_power_law_sinkhorn/ckpt/Amazon_2023_Instruments/Sep-25-2026_03-15-48/HG_Rec_best.pth
2026-09-25 03:32:23,607 - INFO - Epoch 85/150 train_loss=1.9971754789352416
2026-09-25 03:32:23,642 - INFO - Best train loss=1.9971754789352416; saved /home/wlia0047/ar57/wenyu/GeneRec/results/stage3_T5Train/iter9_power_law_sinkhorn/ckpt/Amazon_2023_Instruments/Sep-25-2026_03-15-48/HG_Rec_best.pth
2026-09-25 03:32:35,239 - INFO - Epoch 86/150 train_loss=1.9944035863876344
2026-09-25 03:32:35,275 - INFO - Best train loss=1.9944035863876344; saved /home/wlia0047/ar57/wenyu/GeneRec/results/stage3_T5Train/iter9_power_law_sinkhorn/ckpt/Amazon_2023_Instruments/Sep-25-2026_03-15-48/HG_Rec_best.pth
2026-09-25 03:32:46,874 - INFO - Epoch 87/150 train_loss=1.9933123683929443
2026-09-25 03:32:46,908 - INFO - Best train loss=1.9933123683929443; saved /home/wlia0047/ar57/wenyu/GeneRec/results/stage3_T5Train/iter9_power_law_sinkhorn/ckpt/Amazon_2023_Instruments/Sep-25-2026_03-15-48/HG_Rec_best.pth
2026-09-25 03:32:58,503 - INFO - Epoch 88/150 train_loss=1.9890230464935303
2026-09-25 03:32:58,540 - INFO - Best train loss=1.9890230464935303; saved /home/wlia0047/ar57/wenyu/GeneRec/results/stage3_T5Train/iter9_power_law_sinkhorn/ckpt/Amazon_2023_Instruments/Sep-25-2026_03-15-48/HG_Rec_best.pth
2026-09-25 03:33:10,144 - INFO - Epoch 89/150 train_loss=1.985290584564209
2026-09-25 03:33:10,179 - INFO - Best train loss=1.985290584564209; saved /home/wlia0047/ar57/wenyu/GeneRec/results/stage3_T5Train/iter9_power_law_sinkhorn/ckpt/Amazon_2023_Instruments/Sep-25-2026_03-15-48/HG_Rec_best.pth
2026-09-25 03:33:21,786 - INFO - Epoch 90/150 train_loss=1.9816551303863525
2026-09-25 03:33:21,823 - INFO - Best train loss=1.9816551303863525; saved /home/wlia0047/ar57/wenyu/GeneRec/results/stage3_T5Train/iter9_power_law_sinkhorn/ckpt/Amazon_2023_Instruments/Sep-25-2026_03-15-48/HG_Rec_best.pth
2026-09-25 03:33:33,426 - INFO - Epoch 91/150 train_loss=1.980802173614502
2026-09-25 03:33:33,462 - INFO - Best train loss=1.980802173614502; saved /home/wlia0047/ar57/wenyu/GeneRec/results/stage3_T5Train/iter9_power_law_sinkhorn/ckpt/Amazon_2023_Instruments/Sep-25-2026_03-15-48/HG_Rec_best.pth
2026-09-25 03:33:45,077 - INFO - Epoch 92/150 train_loss=1.9806735515594482
2026-09-25 03:33:45,112 - INFO - Best train loss=1.9806735515594482; saved /home/wlia0047/ar57/wenyu/GeneRec/results/stage3_T5Train/iter9_power_law_sinkhorn/ckpt/Amazon_2023_Instruments/Sep-25-2026_03-15-48/HG_Rec_best.pth
2026-09-25 03:33:56,794 - INFO - Epoch 93/150 train_loss=1.97478298664093
2026-09-25 03:33:56,830 - INFO - Best train loss=1.97478298664093; saved /home/wlia0047/ar57/wenyu/GeneRec/results/stage3_T5Train/iter9_power_law_sinkhorn/ckpt/Amazon_2023_Instruments/Sep-25-2026_03-15-48/HG_Rec_best.pth
2026-09-25 03:34:08,423 - INFO - Epoch 94/150 train_loss=1.9770312309265137
2026-09-25 03:34:08,427 - INFO - No train loss improvement; patience=1
2026-09-25 03:34:20,037 - INFO - Epoch 95/150 train_loss=1.9706573581695557
2026-09-25 03:34:20,071 - INFO - Best train loss=1.9706573581695557; saved /home/wlia0047/ar57/wenyu/GeneRec/results/stage3_T5Train/iter9_power_law_sinkhorn/ckpt/Amazon_2023_Instruments/Sep-25-2026_03-15-48/HG_Rec_best.pth
2026-09-25 03:34:31,676 - INFO - Epoch 96/150 train_loss=1.9714000415802002
2026-09-25 03:34:31,682 - INFO - No train loss improvement; patience=1
2026-09-25 03:34:43,288 - INFO - Epoch 97/150 train_loss=1.9655931138992309
2026-09-25 03:34:43,322 - INFO - Best train loss=1.9655931138992309; saved /home/wlia0047/ar57/wenyu/GeneRec/results/stage3_T5Train/iter9_power_law_sinkhorn/ckpt/Amazon_2023_Instruments/Sep-25-2026_03-15-48/HG_Rec_best.pth
2026-09-25 03:34:54,932 - INFO - Epoch 98/150 train_loss=1.9647759437561034
2026-09-25 03:34:54,968 - INFO - Best train loss=1.9647759437561034; saved /home/wlia0047/ar57/wenyu/GeneRec/results/stage3_T5Train/iter9_power_law_sinkhorn/ckpt/Amazon_2023_Instruments/Sep-25-2026_03-15-48/HG_Rec_best.pth
2026-09-25 03:35:06,574 - INFO - Epoch 99/150 train_loss=1.9629953813552856
2026-09-25 03:35:06,609 - INFO - Best train loss=1.9629953813552856; saved /home/wlia0047/ar57/wenyu/GeneRec/results/stage3_T5Train/iter9_power_law_sinkhorn/ckpt/Amazon_2023_Instruments/Sep-25-2026_03-15-48/HG_Rec_best.pth
2026-09-25 03:35:18,216 - INFO - Epoch 100/150 train_loss=1.961948366165161
2026-09-25 03:35:18,250 - INFO - Best train loss=1.961948366165161; saved /home/wlia0047/ar57/wenyu/GeneRec/results/stage3_T5Train/iter9_power_law_sinkhorn/ckpt/Amazon_2023_Instruments/Sep-25-2026_03-15-48/HG_Rec_best.pth
2026-09-25 03:35:29,860 - INFO - Epoch 101/150 train_loss=1.9574773025512695
2026-09-25 03:35:29,896 - INFO - Best train loss=1.9574773025512695; saved /home/wlia0047/ar57/wenyu/GeneRec/results/stage3_T5Train/iter9_power_law_sinkhorn/ckpt/Amazon_2023_Instruments/Sep-25-2026_03-15-48/HG_Rec_best.pth
2026-09-25 03:35:41,598 - INFO - Epoch 102/150 train_loss=1.9576181888580322
2026-09-25 03:35:41,622 - INFO - No train loss improvement; patience=1
2026-09-25 03:35:53,284 - INFO - Epoch 103/150 train_loss=1.9538217449188233
2026-09-25 03:35:53,341 - INFO - Best train loss=1.9538217449188233; saved /home/wlia0047/ar57/wenyu/GeneRec/results/stage3_T5Train/iter9_power_law_sinkhorn/ckpt/Amazon_2023_Instruments/Sep-25-2026_03-15-48/HG_Rec_best.pth
2026-09-25 03:36:05,873 - INFO - Epoch 104/150 train_loss=1.9513142919540405
2026-09-25 03:36:05,914 - INFO - Best train loss=1.9513142919540405; saved /home/wlia0047/ar57/wenyu/GeneRec/results/stage3_T5Train/iter9_power_law_sinkhorn/ckpt/Amazon_2023_Instruments/Sep-25-2026_03-15-48/HG_Rec_best.pth
2026-09-25 03:36:17,525 - INFO - Epoch 105/150 train_loss=1.9532126045227052
2026-09-25 03:36:17,529 - INFO - No train loss improvement; patience=1
2026-09-25 03:36:29,133 - INFO - Epoch 106/150 train_loss=1.9456266641616822
2026-09-25 03:36:29,168 - INFO - Best train loss=1.9456266641616822; saved /home/wlia0047/ar57/wenyu/GeneRec/results/stage3_T5Train/iter9_power_law_sinkhorn/ckpt/Amazon_2023_Instruments/Sep-25-2026_03-15-48/HG_Rec_best.pth
2026-09-25 03:36:40,774 - INFO - Epoch 107/150 train_loss=1.9486394929885864
2026-09-25 03:36:40,777 - INFO - No train loss improvement; patience=1
2026-09-25 03:36:52,383 - INFO - Epoch 108/150 train_loss=1.9470309829711914
2026-09-25 03:36:52,386 - INFO - No train loss improvement; patience=2
2026-09-25 03:37:03,985 - INFO - Epoch 109/150 train_loss=1.9404161834716798
2026-09-25 03:37:04,042 - INFO - Best train loss=1.9404161834716798; saved /home/wlia0047/ar57/wenyu/GeneRec/results/stage3_T5Train/iter9_power_law_sinkhorn/ckpt/Amazon_2023_Instruments/Sep-25-2026_03-15-48/HG_Rec_best.pth
2026-09-25 03:37:15,643 - INFO - Epoch 110/150 train_loss=1.9396300983428956
2026-09-25 03:37:15,678 - INFO - Best train loss=1.9396300983428956; saved /home/wlia0047/ar57/wenyu/GeneRec/results/stage3_T5Train/iter9_power_law_sinkhorn/ckpt/Amazon_2023_Instruments/Sep-25-2026_03-15-48/HG_Rec_best.pth
2026-09-25 03:37:27,284 - INFO - Epoch 111/150 train_loss=1.9400320148468018
2026-09-25 03:37:27,286 - INFO - No train loss improvement; patience=1
2026-09-25 03:37:38,891 - INFO - Epoch 112/150 train_loss=1.9373273754119873
2026-09-25 03:37:38,925 - INFO - Best train loss=1.9373273754119873; saved /home/wlia0047/ar57/wenyu/GeneRec/results/stage3_T5Train/iter9_power_law_sinkhorn/ckpt/Amazon_2023_Instruments/Sep-25-2026_03-15-48/HG_Rec_best.pth
2026-09-25 03:37:50,526 - INFO - Epoch 113/150 train_loss=1.938338646888733
2026-09-25 03:37:50,529 - INFO - No train loss improvement; patience=1
2026-09-25 03:38:02,135 - INFO - Epoch 114/150 train_loss=1.9338636016845703
2026-09-25 03:38:02,173 - INFO - Best train loss=1.9338636016845703; saved /home/wlia0047/ar57/wenyu/GeneRec/results/stage3_T5Train/iter9_power_law_sinkhorn/ckpt/Amazon_2023_Instruments/Sep-25-2026_03-15-48/HG_Rec_best.pth
2026-09-25 03:38:13,780 - INFO - Epoch 115/150 train_loss=1.9357577991485595
2026-09-25 03:38:13,783 - INFO - No train loss improvement; patience=1
2026-09-25 03:38:25,388 - INFO - Epoch 116/150 train_loss=1.9330377578735352
2026-09-25 03:38:25,425 - INFO - Best train loss=1.9330377578735352; saved /home/wlia0047/ar57/wenyu/GeneRec/results/stage3_T5Train/iter9_power_law_sinkhorn/ckpt/Amazon_2023_Instruments/Sep-25-2026_03-15-48/HG_Rec_best.pth
2026-09-25 03:38:40,000 - INFO - Epoch 117/150 train_loss=1.9326890897750855
2026-09-25 03:38:40,070 - INFO - Best train loss=1.9326890897750855; saved /home/wlia0047/ar57/wenyu/GeneRec/results/stage3_T5Train/iter9_power_law_sinkhorn/ckpt/Amazon_2023_Instruments/Sep-25-2026_03-15-48/HG_Rec_best.pth
2026-09-25 03:38:51,748 - INFO - Epoch 118/150 train_loss=1.9294953489303588
2026-09-25 03:38:51,783 - INFO - Best train loss=1.9294953489303588; saved /home/wlia0047/ar57/wenyu/GeneRec/results/stage3_T5Train/iter9_power_law_sinkhorn/ckpt/Amazon_2023_Instruments/Sep-25-2026_03-15-48/HG_Rec_best.pth
2026-09-25 03:39:03,383 - INFO - Epoch 119/150 train_loss=1.9283085680007934
2026-09-25 03:39:03,419 - INFO - Best train loss=1.9283085680007934; saved /home/wlia0047/ar57/wenyu/GeneRec/results/stage3_T5Train/iter9_power_law_sinkhorn/ckpt/Amazon_2023_Instruments/Sep-25-2026_03-15-48/HG_Rec_best.pth
2026-09-25 03:39:15,024 - INFO - Epoch 120/150 train_loss=1.924768180847168
2026-09-25 03:39:15,062 - INFO - Best train loss=1.924768180847168; saved /home/wlia0047/ar57/wenyu/GeneRec/results/stage3_T5Train/iter9_power_law_sinkhorn/ckpt/Amazon_2023_Instruments/Sep-25-2026_03-15-48/HG_Rec_best.pth
2026-09-25 03:39:26,669 - INFO - Epoch 121/150 train_loss=1.923905954360962
2026-09-25 03:39:26,707 - INFO - Best train loss=1.923905954360962; saved /home/wlia0047/ar57/wenyu/GeneRec/results/stage3_T5Train/iter9_power_law_sinkhorn/ckpt/Amazon_2023_Instruments/Sep-25-2026_03-15-48/HG_Rec_best.pth
2026-09-25 03:39:38,308 - INFO - Epoch 122/150 train_loss=1.9226750659942626
2026-09-25 03:39:38,345 - INFO - Best train loss=1.9226750659942626; saved /home/wlia0047/ar57/wenyu/GeneRec/results/stage3_T5Train/iter9_power_law_sinkhorn/ckpt/Amazon_2023_Instruments/Sep-25-2026_03-15-48/HG_Rec_best.pth
2026-09-25 03:39:49,951 - INFO - Epoch 123/150 train_loss=1.9183170223236083
2026-09-25 03:39:49,985 - INFO - Best train loss=1.9183170223236083; saved /home/wlia0047/ar57/wenyu/GeneRec/results/stage3_T5Train/iter9_power_law_sinkhorn/ckpt/Amazon_2023_Instruments/Sep-25-2026_03-15-48/HG_Rec_best.pth
2026-09-25 03:40:01,594 - INFO - Epoch 124/150 train_loss=1.9190624094009399
2026-09-25 03:40:01,597 - INFO - No train loss improvement; patience=1
2026-09-25 03:40:13,202 - INFO - Epoch 125/150 train_loss=1.9194855642318727
2026-09-25 03:40:13,205 - INFO - No train loss improvement; patience=2
2026-09-25 03:40:24,813 - INFO - Epoch 126/150 train_loss=1.919704098701477
2026-09-25 03:40:24,816 - INFO - No train loss improvement; patience=3
2026-09-25 03:40:36,422 - INFO - Epoch 127/150 train_loss=1.9162776231765748
2026-09-25 03:40:36,458 - INFO - Best train loss=1.9162776231765748; saved /home/wlia0047/ar57/wenyu/GeneRec/results/stage3_T5Train/iter9_power_law_sinkhorn/ckpt/Amazon_2023_Instruments/Sep-25-2026_03-15-48/HG_Rec_best.pth
2026-09-25 03:40:48,065 - INFO - Epoch 128/150 train_loss=1.9171028518676758
2026-09-25 03:40:48,067 - INFO - No train loss improvement; patience=1
2026-09-25 03:40:59,665 - INFO - Epoch 129/150 train_loss=1.913699173927307
2026-09-25 03:40:59,705 - INFO - Best train loss=1.913699173927307; saved /home/wlia0047/ar57/wenyu/GeneRec/results/stage3_T5Train/iter9_power_law_sinkhorn/ckpt/Amazon_2023_Instruments/Sep-25-2026_03-15-48/HG_Rec_best.pth
2026-09-25 03:41:11,307 - INFO - Epoch 130/150 train_loss=1.9144809770584106
2026-09-25 03:41:11,310 - INFO - No train loss improvement; patience=1
2026-09-25 03:41:23,045 - INFO - Epoch 131/150 train_loss=1.910790252685547
2026-09-25 03:41:23,116 - INFO - Best train loss=1.910790252685547; saved /home/wlia0047/ar57/wenyu/GeneRec/results/stage3_T5Train/iter9_power_law_sinkhorn/ckpt/Amazon_2023_Instruments/Sep-25-2026_03-15-48/HG_Rec_best.pth
2026-09-25 03:41:34,736 - INFO - Epoch 132/150 train_loss=1.9089683198928833
2026-09-25 03:41:34,770 - INFO - Best train loss=1.9089683198928833; saved /home/wlia0047/ar57/wenyu/GeneRec/results/stage3_T5Train/iter9_power_law_sinkhorn/ckpt/Amazon_2023_Instruments/Sep-25-2026_03-15-48/HG_Rec_best.pth
2026-09-25 03:41:46,370 - INFO - Epoch 133/150 train_loss=1.9112973928451538
2026-09-25 03:41:46,373 - INFO - No train loss improvement; patience=1
2026-09-25 03:41:57,973 - INFO - Epoch 134/150 train_loss=1.908517050743103
2026-09-25 03:41:58,010 - INFO - Best train loss=1.908517050743103; saved /home/wlia0047/ar57/wenyu/GeneRec/results/stage3_T5Train/iter9_power_law_sinkhorn/ckpt/Amazon_2023_Instruments/Sep-25-2026_03-15-48/HG_Rec_best.pth
2026-09-25 03:42:09,619 - INFO - Epoch 135/150 train_loss=1.906600260734558
2026-09-25 03:42:09,653 - INFO - Best train loss=1.906600260734558; saved /home/wlia0047/ar57/wenyu/GeneRec/results/stage3_T5Train/iter9_power_law_sinkhorn/ckpt/Amazon_2023_Instruments/Sep-25-2026_03-15-48/HG_Rec_best.pth
2026-09-25 03:42:21,261 - INFO - Epoch 136/150 train_loss=1.909244508743286
2026-09-25 03:42:21,264 - INFO - No train loss improvement; patience=1
2026-09-25 03:42:32,866 - INFO - Epoch 137/150 train_loss=1.9096220445632934
2026-09-25 03:42:32,869 - INFO - No train loss improvement; patience=2
2026-09-25 03:42:44,470 - INFO - Epoch 138/150 train_loss=1.9082209730148316
2026-09-25 03:42:44,476 - INFO - No train loss improvement; patience=3
2026-09-25 03:42:56,080 - INFO - Epoch 139/150 train_loss=1.9065583324432374
2026-09-25 03:42:56,118 - INFO - Best train loss=1.9065583324432374; saved /home/wlia0047/ar57/wenyu/GeneRec/results/stage3_T5Train/iter9_power_law_sinkhorn/ckpt/Amazon_2023_Instruments/Sep-25-2026_03-15-48/HG_Rec_best.pth
2026-09-25 03:43:07,721 - INFO - Epoch 140/150 train_loss=1.905105299949646
2026-09-25 03:43:07,756 - INFO - Best train loss=1.905105299949646; saved /home/wlia0047/ar57/wenyu/GeneRec/results/stage3_T5Train/iter9_power_law_sinkhorn/ckpt/Amazon_2023_Instruments/Sep-25-2026_03-15-48/HG_Rec_best.pth
2026-09-25 03:43:19,359 - INFO - Epoch 141/150 train_loss=1.9070207166671753
2026-09-25 03:43:19,362 - INFO - No train loss improvement; patience=1
2026-09-25 03:43:30,963 - INFO - Epoch 142/150 train_loss=1.9038388013839722
2026-09-25 03:43:31,684 - INFO - Best train loss=1.9038388013839722; saved /home/wlia0047/ar57/wenyu/GeneRec/results/stage3_T5Train/iter9_power_law_sinkhorn/ckpt/Amazon_2023_Instruments/Sep-25-2026_03-15-48/HG_Rec_best.pth
2026-09-25 03:43:43,288 - INFO - Epoch 143/150 train_loss=1.9016622829437255
2026-09-25 03:43:43,322 - INFO - Best train loss=1.9016622829437255; saved /home/wlia0047/ar57/wenyu/GeneRec/results/stage3_T5Train/iter9_power_law_sinkhorn/ckpt/Amazon_2023_Instruments/Sep-25-2026_03-15-48/HG_Rec_best.pth
2026-09-25 03:43:54,936 - INFO - Epoch 144/150 train_loss=1.8985595512390137
2026-09-25 03:43:54,971 - INFO - Best train loss=1.8985595512390137; saved /home/wlia0047/ar57/wenyu/GeneRec/results/stage3_T5Train/iter9_power_law_sinkhorn/ckpt/Amazon_2023_Instruments/Sep-25-2026_03-15-48/HG_Rec_best.pth
2026-09-25 03:44:06,585 - INFO - Epoch 145/150 train_loss=1.8981143951416015
2026-09-25 03:44:06,619 - INFO - Best train loss=1.8981143951416015; saved /home/wlia0047/ar57/wenyu/GeneRec/results/stage3_T5Train/iter9_power_law_sinkhorn/ckpt/Amazon_2023_Instruments/Sep-25-2026_03-15-48/HG_Rec_best.pth
2026-09-25 03:44:18,233 - INFO - Epoch 146/150 train_loss=1.8996033668518066
2026-09-25 03:44:18,236 - INFO - No train loss improvement; patience=1
2026-09-25 03:44:29,838 - INFO - Epoch 147/150 train_loss=1.893894739151001
2026-09-25 03:44:29,875 - INFO - Best train loss=1.893894739151001; saved /home/wlia0047/ar57/wenyu/GeneRec/results/stage3_T5Train/iter9_power_law_sinkhorn/ckpt/Amazon_2023_Instruments/Sep-25-2026_03-15-48/HG_Rec_best.pth
2026-09-25 03:44:41,481 - INFO - Epoch 148/150 train_loss=1.8968290376663208
2026-09-25 03:44:41,484 - INFO - No train loss improvement; patience=1
2026-09-25 03:44:53,090 - INFO - Epoch 149/150 train_loss=1.8944802904129028
2026-09-25 03:44:53,093 - INFO - No train loss improvement; patience=2
2026-09-25 03:45:04,702 - INFO - Epoch 150/150 train_loss=1.8950220155715942
2026-09-25 03:45:04,705 - INFO - No train loss improvement; patience=3
2026-09-25 03:53:21,079 - INFO - Test={'best_checkpoint': '/home/wlia0047/ar57/wenyu/GeneRec/results/stage3_T5Train/iter9_power_law_sinkhorn/ckpt/Amazon_2023_Instruments/Sep-25-2026_03-15-48/HG_Rec_best.pth', 'n_eval': 57439, 'test_recall@5': 0.03776179947422483, 'test_recall@10': 0.05677327251519003, 'test_ndcg@5': 0.02498528993991213, 'test_ndcg@10': 0.031123319232241715}
