2026-09-25 04:20:38,087 - INFO - Configuration: {'batch_size': 4096, 'infer_size': 1024, 'num_epochs': 150, 'eval_interval': 5, 'eval_start_epoch': 75, 'early_eval_epochs': (25, 50, 75, 100, 125), 'early_stop': 10, 'fast': True, 'bf16': True, 'use_lr_scheduler': True, 'lr_warmup_pct': 0.1, 'lr_min_factor': 0.2, 'compile': False, 'compile_mode': 'default', 'num_layers': 4, 'num_decoder_layers': 4, 'd_model': 128, 'd_ff': 1024, 'num_heads': 6, 'd_kv': 64, 'dropout_rate': 0.1, 'activation_function': 'relu', 'feed_forward_proj': 'relu', 'device': 'cuda', 'lr': 0.003, 'weight_decay': 0.05, 'vocab_size': 840, 'eos_token_id': 839, 'pad_token_id': 0, 'n_user_tokens': 1, 'max_len': 20, 'dataset_name': 'Amazon_2023_Instruments', 'dataset_path': '/home/wlia0047/ar57/wenyu/GeneRec/results/stage0_build_parquet/', 'codebook_size': [256, 256, 256, 1], 'code_path': '/home/wlia0047/ar57/wenyu/GeneRec/stage2_RQ-VAE/curvature_RQ-VAE_iter10/results/item_sids.json', 'train_file': 'train.parquet', 'valid_file': 'valid.parquet', 'test_file': 'test.parquet', 'log_path': '/home/wlia0047/ar57/wenyu/GeneRec/results/stage3_T5Train/iter10_sinkhorn_iters_5/logs/', 'save_path': '/home/wlia0047/ar57/wenyu/GeneRec/results/stage3_T5Train/iter10_sinkhorn_iters_5/ckpt/', 'seed': 42, 'topk_list': [5, 10], 'beam_size': 20, 'no_eval': True, 'skip_test': False, 'screen_baseline_log': '', 'screen_start_epoch': 40, 'screen_window': 5, 'screen_min_ndcg_gain': 0.001, 'screen_min_recall_gain': 0.001, 'screen_skip_test_on_fail': True, 'num_workers': 4, 'prefetch_factor': 8, 'exclude_history': True, 'no_exclude_history': False, 'pin_memory': True, 'no_pin_memory': False, 'sid_length': 4, 'max_token_seq_len': 82, 'decoder_start_token_id': 0}
2026-09-25 04:20:38,140 - INFO - #Embedding parameters: 107520
#Non-embedding parameters: 4459648
#Total trainable parameters: 4567168

2026-09-25 04:20:51,191 - INFO - Epoch 1/150 train_loss=4.923676815032959
2026-09-25 04:20:51,271 - INFO - Best train loss=4.923676815032959; saved /home/wlia0047/ar57/wenyu/GeneRec/results/stage3_T5Train/iter10_sinkhorn_iters_5/ckpt/Amazon_2023_Instruments/Sep-25-2026_04-20-38/HG_Rec_best.pth
2026-09-25 04:21:02,900 - INFO - Epoch 2/150 train_loss=4.197968425750733
2026-09-25 04:21:02,944 - INFO - Best train loss=4.197968425750733; saved /home/wlia0047/ar57/wenyu/GeneRec/results/stage3_T5Train/iter10_sinkhorn_iters_5/ckpt/Amazon_2023_Instruments/Sep-25-2026_04-20-38/HG_Rec_best.pth
2026-09-25 04:21:14,559 - INFO - Epoch 3/150 train_loss=4.007999172210694
2026-09-25 04:21:14,595 - INFO - Best train loss=4.007999172210694; saved /home/wlia0047/ar57/wenyu/GeneRec/results/stage3_T5Train/iter10_sinkhorn_iters_5/ckpt/Amazon_2023_Instruments/Sep-25-2026_04-20-38/HG_Rec_best.pth
2026-09-25 04:21:26,199 - INFO - Epoch 4/150 train_loss=3.8256401443481445
2026-09-25 04:21:26,233 - INFO - Best train loss=3.8256401443481445; saved /home/wlia0047/ar57/wenyu/GeneRec/results/stage3_T5Train/iter10_sinkhorn_iters_5/ckpt/Amazon_2023_Instruments/Sep-25-2026_04-20-38/HG_Rec_best.pth
2026-09-25 04:21:37,844 - INFO - Epoch 5/150 train_loss=3.6649879455566405
2026-09-25 04:21:37,884 - INFO - Best train loss=3.6649879455566405; saved /home/wlia0047/ar57/wenyu/GeneRec/results/stage3_T5Train/iter10_sinkhorn_iters_5/ckpt/Amazon_2023_Instruments/Sep-25-2026_04-20-38/HG_Rec_best.pth
2026-09-25 04:21:49,495 - INFO - Epoch 6/150 train_loss=3.525796022415161
2026-09-25 04:21:49,530 - INFO - Best train loss=3.525796022415161; saved /home/wlia0047/ar57/wenyu/GeneRec/results/stage3_T5Train/iter10_sinkhorn_iters_5/ckpt/Amazon_2023_Instruments/Sep-25-2026_04-20-38/HG_Rec_best.pth
2026-09-25 04:22:01,141 - INFO - Epoch 7/150 train_loss=3.5860699081420897
2026-09-25 04:22:01,144 - INFO - No train loss improvement; patience=1
2026-09-25 04:22:12,751 - INFO - Epoch 8/150 train_loss=3.421324815750122
2026-09-25 04:22:12,796 - INFO - Best train loss=3.421324815750122; saved /home/wlia0047/ar57/wenyu/GeneRec/results/stage3_T5Train/iter10_sinkhorn_iters_5/ckpt/Amazon_2023_Instruments/Sep-25-2026_04-20-38/HG_Rec_best.pth
2026-09-25 04:22:24,398 - INFO - Epoch 9/150 train_loss=3.2895263481140136
2026-09-25 04:22:24,434 - INFO - Best train loss=3.2895263481140136; saved /home/wlia0047/ar57/wenyu/GeneRec/results/stage3_T5Train/iter10_sinkhorn_iters_5/ckpt/Amazon_2023_Instruments/Sep-25-2026_04-20-38/HG_Rec_best.pth
2026-09-25 04:22:36,035 - INFO - Epoch 10/150 train_loss=3.1927146816253664
2026-09-25 04:22:36,069 - INFO - Best train loss=3.1927146816253664; saved /home/wlia0047/ar57/wenyu/GeneRec/results/stage3_T5Train/iter10_sinkhorn_iters_5/ckpt/Amazon_2023_Instruments/Sep-25-2026_04-20-38/HG_Rec_best.pth
2026-09-25 04:22:47,680 - INFO - Epoch 11/150 train_loss=3.107517747879028
2026-09-25 04:22:47,720 - INFO - Best train loss=3.107517747879028; saved /home/wlia0047/ar57/wenyu/GeneRec/results/stage3_T5Train/iter10_sinkhorn_iters_5/ckpt/Amazon_2023_Instruments/Sep-25-2026_04-20-38/HG_Rec_best.pth
2026-09-25 04:22:59,325 - INFO - Epoch 12/150 train_loss=3.0415288066864012
2026-09-25 04:22:59,365 - INFO - Best train loss=3.0415288066864012; saved /home/wlia0047/ar57/wenyu/GeneRec/results/stage3_T5Train/iter10_sinkhorn_iters_5/ckpt/Amazon_2023_Instruments/Sep-25-2026_04-20-38/HG_Rec_best.pth
2026-09-25 04:23:10,967 - INFO - Epoch 13/150 train_loss=2.971777038574219
2026-09-25 04:23:11,002 - INFO - Best train loss=2.971777038574219; saved /home/wlia0047/ar57/wenyu/GeneRec/results/stage3_T5Train/iter10_sinkhorn_iters_5/ckpt/Amazon_2023_Instruments/Sep-25-2026_04-20-38/HG_Rec_best.pth
2026-09-25 04:23:22,605 - INFO - Epoch 14/150 train_loss=2.9182337665557863
2026-09-25 04:23:22,647 - INFO - Best train loss=2.9182337665557863; saved /home/wlia0047/ar57/wenyu/GeneRec/results/stage3_T5Train/iter10_sinkhorn_iters_5/ckpt/Amazon_2023_Instruments/Sep-25-2026_04-20-38/HG_Rec_best.pth
2026-09-25 04:23:34,255 - INFO - Epoch 15/150 train_loss=2.8492910194396974
2026-09-25 04:23:34,293 - INFO - Best train loss=2.8492910194396974; saved /home/wlia0047/ar57/wenyu/GeneRec/results/stage3_T5Train/iter10_sinkhorn_iters_5/ckpt/Amazon_2023_Instruments/Sep-25-2026_04-20-38/HG_Rec_best.pth
2026-09-25 04:23:45,897 - INFO - Epoch 16/150 train_loss=2.7876769161224364
2026-09-25 04:23:45,934 - INFO - Best train loss=2.7876769161224364; saved /home/wlia0047/ar57/wenyu/GeneRec/results/stage3_T5Train/iter10_sinkhorn_iters_5/ckpt/Amazon_2023_Instruments/Sep-25-2026_04-20-38/HG_Rec_best.pth
2026-09-25 04:23:57,541 - INFO - Epoch 17/150 train_loss=2.7245661544799806
2026-09-25 04:23:57,581 - INFO - Best train loss=2.7245661544799806; saved /home/wlia0047/ar57/wenyu/GeneRec/results/stage3_T5Train/iter10_sinkhorn_iters_5/ckpt/Amazon_2023_Instruments/Sep-25-2026_04-20-38/HG_Rec_best.pth
2026-09-25 04:24:09,273 - INFO - Epoch 18/150 train_loss=2.682653646469116
2026-09-25 04:24:09,765 - INFO - Best train loss=2.682653646469116; saved /home/wlia0047/ar57/wenyu/GeneRec/results/stage3_T5Train/iter10_sinkhorn_iters_5/ckpt/Amazon_2023_Instruments/Sep-25-2026_04-20-38/HG_Rec_best.pth
2026-09-25 04:24:21,365 - INFO - Epoch 19/150 train_loss=2.6431330490112304
2026-09-25 04:24:21,403 - INFO - Best train loss=2.6431330490112304; saved /home/wlia0047/ar57/wenyu/GeneRec/results/stage3_T5Train/iter10_sinkhorn_iters_5/ckpt/Amazon_2023_Instruments/Sep-25-2026_04-20-38/HG_Rec_best.pth
2026-09-25 04:24:33,005 - INFO - Epoch 20/150 train_loss=2.6004035758972166
2026-09-25 04:24:33,042 - INFO - Best train loss=2.6004035758972166; saved /home/wlia0047/ar57/wenyu/GeneRec/results/stage3_T5Train/iter10_sinkhorn_iters_5/ckpt/Amazon_2023_Instruments/Sep-25-2026_04-20-38/HG_Rec_best.pth
2026-09-25 04:24:44,640 - INFO - Epoch 21/150 train_loss=2.5685289192199705
2026-09-25 04:24:44,677 - INFO - Best train loss=2.5685289192199705; saved /home/wlia0047/ar57/wenyu/GeneRec/results/stage3_T5Train/iter10_sinkhorn_iters_5/ckpt/Amazon_2023_Instruments/Sep-25-2026_04-20-38/HG_Rec_best.pth
2026-09-25 04:24:56,275 - INFO - Epoch 22/150 train_loss=2.537249879837036
2026-09-25 04:24:56,309 - INFO - Best train loss=2.537249879837036; saved /home/wlia0047/ar57/wenyu/GeneRec/results/stage3_T5Train/iter10_sinkhorn_iters_5/ckpt/Amazon_2023_Instruments/Sep-25-2026_04-20-38/HG_Rec_best.pth
2026-09-25 04:25:07,907 - INFO - Epoch 23/150 train_loss=2.506594190597534
2026-09-25 04:25:07,943 - INFO - Best train loss=2.506594190597534; saved /home/wlia0047/ar57/wenyu/GeneRec/results/stage3_T5Train/iter10_sinkhorn_iters_5/ckpt/Amazon_2023_Instruments/Sep-25-2026_04-20-38/HG_Rec_best.pth
2026-09-25 04:25:19,548 - INFO - Epoch 24/150 train_loss=2.483938817977905
2026-09-25 04:25:19,583 - INFO - Best train loss=2.483938817977905; saved /home/wlia0047/ar57/wenyu/GeneRec/results/stage3_T5Train/iter10_sinkhorn_iters_5/ckpt/Amazon_2023_Instruments/Sep-25-2026_04-20-38/HG_Rec_best.pth
2026-09-25 04:25:31,182 - INFO - Epoch 25/150 train_loss=2.4560116863250734
2026-09-25 04:25:31,218 - INFO - Best train loss=2.4560116863250734; saved /home/wlia0047/ar57/wenyu/GeneRec/results/stage3_T5Train/iter10_sinkhorn_iters_5/ckpt/Amazon_2023_Instruments/Sep-25-2026_04-20-38/HG_Rec_best.pth
2026-09-25 04:25:42,816 - INFO - Epoch 26/150 train_loss=2.4248026275634764
2026-09-25 04:25:42,854 - INFO - Best train loss=2.4248026275634764; saved /home/wlia0047/ar57/wenyu/GeneRec/results/stage3_T5Train/iter10_sinkhorn_iters_5/ckpt/Amazon_2023_Instruments/Sep-25-2026_04-20-38/HG_Rec_best.pth
2026-09-25 04:25:54,458 - INFO - Epoch 27/150 train_loss=2.4049528312683104
2026-09-25 04:25:54,496 - INFO - Best train loss=2.4049528312683104; saved /home/wlia0047/ar57/wenyu/GeneRec/results/stage3_T5Train/iter10_sinkhorn_iters_5/ckpt/Amazon_2023_Instruments/Sep-25-2026_04-20-38/HG_Rec_best.pth
2026-09-25 04:26:06,094 - INFO - Epoch 28/150 train_loss=2.381530361175537
2026-09-25 04:26:06,130 - INFO - Best train loss=2.381530361175537; saved /home/wlia0047/ar57/wenyu/GeneRec/results/stage3_T5Train/iter10_sinkhorn_iters_5/ckpt/Amazon_2023_Instruments/Sep-25-2026_04-20-38/HG_Rec_best.pth
2026-09-25 04:26:17,732 - INFO - Epoch 29/150 train_loss=2.365731706619263
2026-09-25 04:26:17,768 - INFO - Best train loss=2.365731706619263; saved /home/wlia0047/ar57/wenyu/GeneRec/results/stage3_T5Train/iter10_sinkhorn_iters_5/ckpt/Amazon_2023_Instruments/Sep-25-2026_04-20-38/HG_Rec_best.pth
2026-09-25 04:26:29,370 - INFO - Epoch 30/150 train_loss=2.344522657394409
2026-09-25 04:26:29,406 - INFO - Best train loss=2.344522657394409; saved /home/wlia0047/ar57/wenyu/GeneRec/results/stage3_T5Train/iter10_sinkhorn_iters_5/ckpt/Amazon_2023_Instruments/Sep-25-2026_04-20-38/HG_Rec_best.pth
2026-09-25 04:26:41,009 - INFO - Epoch 31/150 train_loss=2.3293033504486083
2026-09-25 04:26:41,045 - INFO - Best train loss=2.3293033504486083; saved /home/wlia0047/ar57/wenyu/GeneRec/results/stage3_T5Train/iter10_sinkhorn_iters_5/ckpt/Amazon_2023_Instruments/Sep-25-2026_04-20-38/HG_Rec_best.pth
2026-09-25 04:26:52,650 - INFO - Epoch 32/150 train_loss=2.3099613571166993
2026-09-25 04:26:52,684 - INFO - Best train loss=2.3099613571166993; saved /home/wlia0047/ar57/wenyu/GeneRec/results/stage3_T5Train/iter10_sinkhorn_iters_5/ckpt/Amazon_2023_Instruments/Sep-25-2026_04-20-38/HG_Rec_best.pth
2026-09-25 04:27:04,293 - INFO - Epoch 33/150 train_loss=2.292160234451294
2026-09-25 04:27:04,330 - INFO - Best train loss=2.292160234451294; saved /home/wlia0047/ar57/wenyu/GeneRec/results/stage3_T5Train/iter10_sinkhorn_iters_5/ckpt/Amazon_2023_Instruments/Sep-25-2026_04-20-38/HG_Rec_best.pth
2026-09-25 04:27:15,937 - INFO - Epoch 34/150 train_loss=2.2791632652282714
2026-09-25 04:27:15,974 - INFO - Best train loss=2.2791632652282714; saved /home/wlia0047/ar57/wenyu/GeneRec/results/stage3_T5Train/iter10_sinkhorn_iters_5/ckpt/Amazon_2023_Instruments/Sep-25-2026_04-20-38/HG_Rec_best.pth
2026-09-25 04:27:27,577 - INFO - Epoch 35/150 train_loss=2.2636320400238037
2026-09-25 04:27:27,612 - INFO - Best train loss=2.2636320400238037; saved /home/wlia0047/ar57/wenyu/GeneRec/results/stage3_T5Train/iter10_sinkhorn_iters_5/ckpt/Amazon_2023_Instruments/Sep-25-2026_04-20-38/HG_Rec_best.pth
2026-09-25 04:27:39,216 - INFO - Epoch 36/150 train_loss=2.246926155090332
2026-09-25 04:27:39,253 - INFO - Best train loss=2.246926155090332; saved /home/wlia0047/ar57/wenyu/GeneRec/results/stage3_T5Train/iter10_sinkhorn_iters_5/ckpt/Amazon_2023_Instruments/Sep-25-2026_04-20-38/HG_Rec_best.pth
2026-09-25 04:27:50,856 - INFO - Epoch 37/150 train_loss=2.2230207252502443
2026-09-25 04:27:50,891 - INFO - Best train loss=2.2230207252502443; saved /home/wlia0047/ar57/wenyu/GeneRec/results/stage3_T5Train/iter10_sinkhorn_iters_5/ckpt/Amazon_2023_Instruments/Sep-25-2026_04-20-38/HG_Rec_best.pth
2026-09-25 04:28:02,495 - INFO - Epoch 38/150 train_loss=2.208113737106323
2026-09-25 04:28:02,532 - INFO - Best train loss=2.208113737106323; saved /home/wlia0047/ar57/wenyu/GeneRec/results/stage3_T5Train/iter10_sinkhorn_iters_5/ckpt/Amazon_2023_Instruments/Sep-25-2026_04-20-38/HG_Rec_best.pth
2026-09-25 04:28:14,137 - INFO - Epoch 39/150 train_loss=2.195156135559082
2026-09-25 04:28:14,173 - INFO - Best train loss=2.195156135559082; saved /home/wlia0047/ar57/wenyu/GeneRec/results/stage3_T5Train/iter10_sinkhorn_iters_5/ckpt/Amazon_2023_Instruments/Sep-25-2026_04-20-38/HG_Rec_best.pth
2026-09-25 04:28:25,772 - INFO - Epoch 40/150 train_loss=2.180819454193115
2026-09-25 04:28:25,809 - INFO - Best train loss=2.180819454193115; saved /home/wlia0047/ar57/wenyu/GeneRec/results/stage3_T5Train/iter10_sinkhorn_iters_5/ckpt/Amazon_2023_Instruments/Sep-25-2026_04-20-38/HG_Rec_best.pth
2026-09-25 04:28:37,417 - INFO - Epoch 41/150 train_loss=2.170116329193115
2026-09-25 04:28:37,453 - INFO - Best train loss=2.170116329193115; saved /home/wlia0047/ar57/wenyu/GeneRec/results/stage3_T5Train/iter10_sinkhorn_iters_5/ckpt/Amazon_2023_Instruments/Sep-25-2026_04-20-38/HG_Rec_best.pth
2026-09-25 04:28:49,055 - INFO - Epoch 42/150 train_loss=2.160964231491089
2026-09-25 04:28:49,090 - INFO - Best train loss=2.160964231491089; saved /home/wlia0047/ar57/wenyu/GeneRec/results/stage3_T5Train/iter10_sinkhorn_iters_5/ckpt/Amazon_2023_Instruments/Sep-25-2026_04-20-38/HG_Rec_best.pth
2026-09-25 04:29:00,730 - INFO - Epoch 43/150 train_loss=2.1487270736694337
2026-09-25 04:29:00,766 - INFO - Best train loss=2.1487270736694337; saved /home/wlia0047/ar57/wenyu/GeneRec/results/stage3_T5Train/iter10_sinkhorn_iters_5/ckpt/Amazon_2023_Instruments/Sep-25-2026_04-20-38/HG_Rec_best.pth
2026-09-25 04:29:12,370 - INFO - Epoch 44/150 train_loss=2.1384532260894775
2026-09-25 04:29:12,405 - INFO - Best train loss=2.1384532260894775; saved /home/wlia0047/ar57/wenyu/GeneRec/results/stage3_T5Train/iter10_sinkhorn_iters_5/ckpt/Amazon_2023_Instruments/Sep-25-2026_04-20-38/HG_Rec_best.pth
2026-09-25 04:29:24,012 - INFO - Epoch 45/150 train_loss=2.131284475326538
2026-09-25 04:29:24,052 - INFO - Best train loss=2.131284475326538; saved /home/wlia0047/ar57/wenyu/GeneRec/results/stage3_T5Train/iter10_sinkhorn_iters_5/ckpt/Amazon_2023_Instruments/Sep-25-2026_04-20-38/HG_Rec_best.pth
2026-09-25 04:29:35,661 - INFO - Epoch 46/150 train_loss=2.1206077575683593
2026-09-25 04:29:35,697 - INFO - Best train loss=2.1206077575683593; saved /home/wlia0047/ar57/wenyu/GeneRec/results/stage3_T5Train/iter10_sinkhorn_iters_5/ckpt/Amazon_2023_Instruments/Sep-25-2026_04-20-38/HG_Rec_best.pth
2026-09-25 04:29:47,300 - INFO - Epoch 47/150 train_loss=2.1160472869873046
2026-09-25 04:29:47,334 - INFO - Best train loss=2.1160472869873046; saved /home/wlia0047/ar57/wenyu/GeneRec/results/stage3_T5Train/iter10_sinkhorn_iters_5/ckpt/Amazon_2023_Instruments/Sep-25-2026_04-20-38/HG_Rec_best.pth
2026-09-25 04:29:58,940 - INFO - Epoch 48/150 train_loss=2.1099275493621827
2026-09-25 04:29:58,978 - INFO - Best train loss=2.1099275493621827; saved /home/wlia0047/ar57/wenyu/GeneRec/results/stage3_T5Train/iter10_sinkhorn_iters_5/ckpt/Amazon_2023_Instruments/Sep-25-2026_04-20-38/HG_Rec_best.pth
2026-09-25 04:30:10,579 - INFO - Epoch 49/150 train_loss=2.097681484222412
2026-09-25 04:30:10,617 - INFO - Best train loss=2.097681484222412; saved /home/wlia0047/ar57/wenyu/GeneRec/results/stage3_T5Train/iter10_sinkhorn_iters_5/ckpt/Amazon_2023_Instruments/Sep-25-2026_04-20-38/HG_Rec_best.pth
2026-09-25 04:30:22,222 - INFO - Epoch 50/150 train_loss=2.097563829421997
2026-09-25 04:30:22,259 - INFO - Best train loss=2.097563829421997; saved /home/wlia0047/ar57/wenyu/GeneRec/results/stage3_T5Train/iter10_sinkhorn_iters_5/ckpt/Amazon_2023_Instruments/Sep-25-2026_04-20-38/HG_Rec_best.pth
2026-09-25 04:30:34,107 - INFO - Epoch 51/150 train_loss=2.0889227199554443
2026-09-25 04:30:34,182 - INFO - Best train loss=2.0889227199554443; saved /home/wlia0047/ar57/wenyu/GeneRec/results/stage3_T5Train/iter10_sinkhorn_iters_5/ckpt/Amazon_2023_Instruments/Sep-25-2026_04-20-38/HG_Rec_best.pth
2026-09-25 04:30:45,951 - INFO - Epoch 52/150 train_loss=2.0864675998687745
2026-09-25 04:30:45,987 - INFO - Best train loss=2.0864675998687745; saved /home/wlia0047/ar57/wenyu/GeneRec/results/stage3_T5Train/iter10_sinkhorn_iters_5/ckpt/Amazon_2023_Instruments/Sep-25-2026_04-20-38/HG_Rec_best.pth
2026-09-25 04:30:57,592 - INFO - Epoch 53/150 train_loss=2.079513349533081
2026-09-25 04:30:57,645 - INFO - Best train loss=2.079513349533081; saved /home/wlia0047/ar57/wenyu/GeneRec/results/stage3_T5Train/iter10_sinkhorn_iters_5/ckpt/Amazon_2023_Instruments/Sep-25-2026_04-20-38/HG_Rec_best.pth
2026-09-25 04:31:09,255 - INFO - Epoch 54/150 train_loss=2.073628854751587
2026-09-25 04:31:09,291 - INFO - Best train loss=2.073628854751587; saved /home/wlia0047/ar57/wenyu/GeneRec/results/stage3_T5Train/iter10_sinkhorn_iters_5/ckpt/Amazon_2023_Instruments/Sep-25-2026_04-20-38/HG_Rec_best.pth
2026-09-25 04:31:23,318 - INFO - Epoch 55/150 train_loss=2.067970609664917
2026-09-25 04:31:23,354 - INFO - Best train loss=2.067970609664917; saved /home/wlia0047/ar57/wenyu/GeneRec/results/stage3_T5Train/iter10_sinkhorn_iters_5/ckpt/Amazon_2023_Instruments/Sep-25-2026_04-20-38/HG_Rec_best.pth
2026-09-25 04:31:35,052 - INFO - Epoch 56/150 train_loss=2.0645557594299317
2026-09-25 04:31:35,102 - INFO - Best train loss=2.0645557594299317; saved /home/wlia0047/ar57/wenyu/GeneRec/results/stage3_T5Train/iter10_sinkhorn_iters_5/ckpt/Amazon_2023_Instruments/Sep-25-2026_04-20-38/HG_Rec_best.pth
2026-09-25 04:31:46,836 - INFO - Epoch 57/150 train_loss=2.053246660232544
2026-09-25 04:31:46,876 - INFO - Best train loss=2.053246660232544; saved /home/wlia0047/ar57/wenyu/GeneRec/results/stage3_T5Train/iter10_sinkhorn_iters_5/ckpt/Amazon_2023_Instruments/Sep-25-2026_04-20-38/HG_Rec_best.pth
2026-09-25 04:31:58,483 - INFO - Epoch 58/150 train_loss=2.050894145965576
2026-09-25 04:31:58,518 - INFO - Best train loss=2.050894145965576; saved /home/wlia0047/ar57/wenyu/GeneRec/results/stage3_T5Train/iter10_sinkhorn_iters_5/ckpt/Amazon_2023_Instruments/Sep-25-2026_04-20-38/HG_Rec_best.pth
2026-09-25 04:32:10,126 - INFO - Epoch 59/150 train_loss=2.0457522201538088
2026-09-25 04:32:10,160 - INFO - Best train loss=2.0457522201538088; saved /home/wlia0047/ar57/wenyu/GeneRec/results/stage3_T5Train/iter10_sinkhorn_iters_5/ckpt/Amazon_2023_Instruments/Sep-25-2026_04-20-38/HG_Rec_best.pth
2026-09-25 04:32:21,768 - INFO - Epoch 60/150 train_loss=2.041337184906006
2026-09-25 04:32:21,802 - INFO - Best train loss=2.041337184906006; saved /home/wlia0047/ar57/wenyu/GeneRec/results/stage3_T5Train/iter10_sinkhorn_iters_5/ckpt/Amazon_2023_Instruments/Sep-25-2026_04-20-38/HG_Rec_best.pth
2026-09-25 04:32:33,402 - INFO - Epoch 61/150 train_loss=2.037306089401245
2026-09-25 04:32:33,436 - INFO - Best train loss=2.037306089401245; saved /home/wlia0047/ar57/wenyu/GeneRec/results/stage3_T5Train/iter10_sinkhorn_iters_5/ckpt/Amazon_2023_Instruments/Sep-25-2026_04-20-38/HG_Rec_best.pth
2026-09-25 04:32:45,041 - INFO - Epoch 62/150 train_loss=2.028955111503601
2026-09-25 04:32:45,075 - INFO - Best train loss=2.028955111503601; saved /home/wlia0047/ar57/wenyu/GeneRec/results/stage3_T5Train/iter10_sinkhorn_iters_5/ckpt/Amazon_2023_Instruments/Sep-25-2026_04-20-38/HG_Rec_best.pth
2026-09-25 04:32:56,678 - INFO - Epoch 63/150 train_loss=2.0279217624664305
2026-09-25 04:32:56,716 - INFO - Best train loss=2.0279217624664305; saved /home/wlia0047/ar57/wenyu/GeneRec/results/stage3_T5Train/iter10_sinkhorn_iters_5/ckpt/Amazon_2023_Instruments/Sep-25-2026_04-20-38/HG_Rec_best.pth
2026-09-25 04:33:08,318 - INFO - Epoch 64/150 train_loss=2.0265515565872194
2026-09-25 04:33:08,355 - INFO - Best train loss=2.0265515565872194; saved /home/wlia0047/ar57/wenyu/GeneRec/results/stage3_T5Train/iter10_sinkhorn_iters_5/ckpt/Amazon_2023_Instruments/Sep-25-2026_04-20-38/HG_Rec_best.pth
2026-09-25 04:33:19,962 - INFO - Epoch 65/150 train_loss=2.021272830963135
2026-09-25 04:33:19,998 - INFO - Best train loss=2.021272830963135; saved /home/wlia0047/ar57/wenyu/GeneRec/results/stage3_T5Train/iter10_sinkhorn_iters_5/ckpt/Amazon_2023_Instruments/Sep-25-2026_04-20-38/HG_Rec_best.pth
2026-09-25 04:33:31,612 - INFO - Epoch 66/150 train_loss=2.017201294898987
2026-09-25 04:33:31,649 - INFO - Best train loss=2.017201294898987; saved /home/wlia0047/ar57/wenyu/GeneRec/results/stage3_T5Train/iter10_sinkhorn_iters_5/ckpt/Amazon_2023_Instruments/Sep-25-2026_04-20-38/HG_Rec_best.pth
2026-09-25 04:33:43,248 - INFO - Epoch 67/150 train_loss=2.0117037010192873
2026-09-25 04:33:43,286 - INFO - Best train loss=2.0117037010192873; saved /home/wlia0047/ar57/wenyu/GeneRec/results/stage3_T5Train/iter10_sinkhorn_iters_5/ckpt/Amazon_2023_Instruments/Sep-25-2026_04-20-38/HG_Rec_best.pth
2026-09-25 04:33:54,949 - INFO - Epoch 68/150 train_loss=2.010853638648987
2026-09-25 04:33:54,984 - INFO - Best train loss=2.010853638648987; saved /home/wlia0047/ar57/wenyu/GeneRec/results/stage3_T5Train/iter10_sinkhorn_iters_5/ckpt/Amazon_2023_Instruments/Sep-25-2026_04-20-38/HG_Rec_best.pth
2026-09-25 04:34:06,585 - INFO - Epoch 69/150 train_loss=2.011892108917236
2026-09-25 04:34:06,588 - INFO - No train loss improvement; patience=1
2026-09-25 04:34:18,187 - INFO - Epoch 70/150 train_loss=2.005096445083618
2026-09-25 04:34:18,229 - INFO - Best train loss=2.005096445083618; saved /home/wlia0047/ar57/wenyu/GeneRec/results/stage3_T5Train/iter10_sinkhorn_iters_5/ckpt/Amazon_2023_Instruments/Sep-25-2026_04-20-38/HG_Rec_best.pth
2026-09-25 04:34:29,829 - INFO - Epoch 71/150 train_loss=2.000326280593872
2026-09-25 04:34:29,864 - INFO - Best train loss=2.000326280593872; saved /home/wlia0047/ar57/wenyu/GeneRec/results/stage3_T5Train/iter10_sinkhorn_iters_5/ckpt/Amazon_2023_Instruments/Sep-25-2026_04-20-38/HG_Rec_best.pth
2026-09-25 04:34:41,469 - INFO - Epoch 72/150 train_loss=1.9981851291656494
2026-09-25 04:34:41,503 - INFO - Best train loss=1.9981851291656494; saved /home/wlia0047/ar57/wenyu/GeneRec/results/stage3_T5Train/iter10_sinkhorn_iters_5/ckpt/Amazon_2023_Instruments/Sep-25-2026_04-20-38/HG_Rec_best.pth
2026-09-25 04:34:53,108 - INFO - Epoch 73/150 train_loss=1.9892699337005615
2026-09-25 04:34:53,142 - INFO - Best train loss=1.9892699337005615; saved /home/wlia0047/ar57/wenyu/GeneRec/results/stage3_T5Train/iter10_sinkhorn_iters_5/ckpt/Amazon_2023_Instruments/Sep-25-2026_04-20-38/HG_Rec_best.pth
2026-09-25 04:35:04,744 - INFO - Epoch 74/150 train_loss=1.9942692470550538
2026-09-25 04:35:04,747 - INFO - No train loss improvement; patience=1
2026-09-25 04:35:16,352 - INFO - Epoch 75/150 train_loss=1.990781216621399
2026-09-25 04:35:16,356 - INFO - No train loss improvement; patience=2
2026-09-25 04:35:27,961 - INFO - Epoch 76/150 train_loss=1.9878081321716308
2026-09-25 04:35:27,998 - INFO - Best train loss=1.9878081321716308; saved /home/wlia0047/ar57/wenyu/GeneRec/results/stage3_T5Train/iter10_sinkhorn_iters_5/ckpt/Amazon_2023_Instruments/Sep-25-2026_04-20-38/HG_Rec_best.pth
2026-09-25 04:35:39,600 - INFO - Epoch 77/150 train_loss=1.9824791431427002
2026-09-25 04:35:39,635 - INFO - Best train loss=1.9824791431427002; saved /home/wlia0047/ar57/wenyu/GeneRec/results/stage3_T5Train/iter10_sinkhorn_iters_5/ckpt/Amazon_2023_Instruments/Sep-25-2026_04-20-38/HG_Rec_best.pth
2026-09-25 04:35:51,234 - INFO - Epoch 78/150 train_loss=1.9802993583679198
2026-09-25 04:35:51,270 - INFO - Best train loss=1.9802993583679198; saved /home/wlia0047/ar57/wenyu/GeneRec/results/stage3_T5Train/iter10_sinkhorn_iters_5/ckpt/Amazon_2023_Instruments/Sep-25-2026_04-20-38/HG_Rec_best.pth
2026-09-25 04:36:02,878 - INFO - Epoch 79/150 train_loss=1.9790311813354493
2026-09-25 04:36:02,915 - INFO - Best train loss=1.9790311813354493; saved /home/wlia0047/ar57/wenyu/GeneRec/results/stage3_T5Train/iter10_sinkhorn_iters_5/ckpt/Amazon_2023_Instruments/Sep-25-2026_04-20-38/HG_Rec_best.pth
2026-09-25 04:36:15,042 - INFO - Epoch 80/150 train_loss=1.9749239206314086
2026-09-25 04:36:15,080 - INFO - Best train loss=1.9749239206314086; saved /home/wlia0047/ar57/wenyu/GeneRec/results/stage3_T5Train/iter10_sinkhorn_iters_5/ckpt/Amazon_2023_Instruments/Sep-25-2026_04-20-38/HG_Rec_best.pth
2026-09-25 04:36:26,676 - INFO - Epoch 81/150 train_loss=1.9728067588806153
2026-09-25 04:36:26,710 - INFO - Best train loss=1.9728067588806153; saved /home/wlia0047/ar57/wenyu/GeneRec/results/stage3_T5Train/iter10_sinkhorn_iters_5/ckpt/Amazon_2023_Instruments/Sep-25-2026_04-20-38/HG_Rec_best.pth
2026-09-25 04:36:38,318 - INFO - Epoch 82/150 train_loss=1.9660541391372681
2026-09-25 04:36:38,352 - INFO - Best train loss=1.9660541391372681; saved /home/wlia0047/ar57/wenyu/GeneRec/results/stage3_T5Train/iter10_sinkhorn_iters_5/ckpt/Amazon_2023_Instruments/Sep-25-2026_04-20-38/HG_Rec_best.pth
2026-09-25 04:36:49,958 - INFO - Epoch 83/150 train_loss=1.9673586797714233
2026-09-25 04:36:49,961 - INFO - No train loss improvement; patience=1
2026-09-25 04:37:01,562 - INFO - Epoch 84/150 train_loss=1.962598247528076
2026-09-25 04:37:01,602 - INFO - Best train loss=1.962598247528076; saved /home/wlia0047/ar57/wenyu/GeneRec/results/stage3_T5Train/iter10_sinkhorn_iters_5/ckpt/Amazon_2023_Instruments/Sep-25-2026_04-20-38/HG_Rec_best.pth
2026-09-25 04:37:13,205 - INFO - Epoch 85/150 train_loss=1.9612727212905883
2026-09-25 04:37:13,240 - INFO - Best train loss=1.9612727212905883; saved /home/wlia0047/ar57/wenyu/GeneRec/results/stage3_T5Train/iter10_sinkhorn_iters_5/ckpt/Amazon_2023_Instruments/Sep-25-2026_04-20-38/HG_Rec_best.pth
2026-09-25 04:37:24,841 - INFO - Epoch 86/150 train_loss=1.9591036224365235
2026-09-25 04:37:24,877 - INFO - Best train loss=1.9591036224365235; saved /home/wlia0047/ar57/wenyu/GeneRec/results/stage3_T5Train/iter10_sinkhorn_iters_5/ckpt/Amazon_2023_Instruments/Sep-25-2026_04-20-38/HG_Rec_best.pth
2026-09-25 04:37:36,477 - INFO - Epoch 87/150 train_loss=1.9563300943374633
2026-09-25 04:37:36,512 - INFO - Best train loss=1.9563300943374633; saved /home/wlia0047/ar57/wenyu/GeneRec/results/stage3_T5Train/iter10_sinkhorn_iters_5/ckpt/Amazon_2023_Instruments/Sep-25-2026_04-20-38/HG_Rec_best.pth
2026-09-25 04:37:48,115 - INFO - Epoch 88/150 train_loss=1.954074912071228
2026-09-25 04:37:48,154 - INFO - Best train loss=1.954074912071228; saved /home/wlia0047/ar57/wenyu/GeneRec/results/stage3_T5Train/iter10_sinkhorn_iters_5/ckpt/Amazon_2023_Instruments/Sep-25-2026_04-20-38/HG_Rec_best.pth
2026-09-25 04:37:59,756 - INFO - Epoch 89/150 train_loss=1.9526938104629517
2026-09-25 04:37:59,794 - INFO - Best train loss=1.9526938104629517; saved /home/wlia0047/ar57/wenyu/GeneRec/results/stage3_T5Train/iter10_sinkhorn_iters_5/ckpt/Amazon_2023_Instruments/Sep-25-2026_04-20-38/HG_Rec_best.pth
2026-09-25 04:38:11,396 - INFO - Epoch 90/150 train_loss=1.9487612438201904
2026-09-25 04:38:11,431 - INFO - Best train loss=1.9487612438201904; saved /home/wlia0047/ar57/wenyu/GeneRec/results/stage3_T5Train/iter10_sinkhorn_iters_5/ckpt/Amazon_2023_Instruments/Sep-25-2026_04-20-38/HG_Rec_best.pth
2026-09-25 04:38:23,038 - INFO - Epoch 91/150 train_loss=1.9469632768630982
2026-09-25 04:38:23,076 - INFO - Best train loss=1.9469632768630982; saved /home/wlia0047/ar57/wenyu/GeneRec/results/stage3_T5Train/iter10_sinkhorn_iters_5/ckpt/Amazon_2023_Instruments/Sep-25-2026_04-20-38/HG_Rec_best.pth
2026-09-25 04:38:34,679 - INFO - Epoch 92/150 train_loss=1.9471061038970947
2026-09-25 04:38:34,682 - INFO - No train loss improvement; patience=1
2026-09-25 04:38:46,330 - INFO - Epoch 93/150 train_loss=1.9428123712539673
2026-09-25 04:38:46,364 - INFO - Best train loss=1.9428123712539673; saved /home/wlia0047/ar57/wenyu/GeneRec/results/stage3_T5Train/iter10_sinkhorn_iters_5/ckpt/Amazon_2023_Instruments/Sep-25-2026_04-20-38/HG_Rec_best.pth
2026-09-25 04:38:57,967 - INFO - Epoch 94/150 train_loss=1.9457604026794433
2026-09-25 04:38:57,970 - INFO - No train loss improvement; patience=1
2026-09-25 04:39:09,569 - INFO - Epoch 95/150 train_loss=1.9403455591201781
2026-09-25 04:39:09,610 - INFO - Best train loss=1.9403455591201781; saved /home/wlia0047/ar57/wenyu/GeneRec/results/stage3_T5Train/iter10_sinkhorn_iters_5/ckpt/Amazon_2023_Instruments/Sep-25-2026_04-20-38/HG_Rec_best.pth
2026-09-25 04:39:21,215 - INFO - Epoch 96/150 train_loss=1.939850754737854
2026-09-25 04:39:21,260 - INFO - Best train loss=1.939850754737854; saved /home/wlia0047/ar57/wenyu/GeneRec/results/stage3_T5Train/iter10_sinkhorn_iters_5/ckpt/Amazon_2023_Instruments/Sep-25-2026_04-20-38/HG_Rec_best.pth
2026-09-25 04:39:32,863 - INFO - Epoch 97/150 train_loss=1.934280138015747
2026-09-25 04:39:32,902 - INFO - Best train loss=1.934280138015747; saved /home/wlia0047/ar57/wenyu/GeneRec/results/stage3_T5Train/iter10_sinkhorn_iters_5/ckpt/Amazon_2023_Instruments/Sep-25-2026_04-20-38/HG_Rec_best.pth
2026-09-25 04:39:44,502 - INFO - Epoch 98/150 train_loss=1.9347461795806884
2026-09-25 04:39:44,506 - INFO - No train loss improvement; patience=1
2026-09-25 04:39:56,107 - INFO - Epoch 99/150 train_loss=1.9334657096862793
2026-09-25 04:39:56,147 - INFO - Best train loss=1.9334657096862793; saved /home/wlia0047/ar57/wenyu/GeneRec/results/stage3_T5Train/iter10_sinkhorn_iters_5/ckpt/Amazon_2023_Instruments/Sep-25-2026_04-20-38/HG_Rec_best.pth
2026-09-25 04:40:07,756 - INFO - Epoch 100/150 train_loss=1.9318106937408448
2026-09-25 04:40:07,792 - INFO - Best train loss=1.9318106937408448; saved /home/wlia0047/ar57/wenyu/GeneRec/results/stage3_T5Train/iter10_sinkhorn_iters_5/ckpt/Amazon_2023_Instruments/Sep-25-2026_04-20-38/HG_Rec_best.pth
2026-09-25 04:40:19,395 - INFO - Epoch 101/150 train_loss=1.9295602655410766
2026-09-25 04:40:19,430 - INFO - Best train loss=1.9295602655410766; saved /home/wlia0047/ar57/wenyu/GeneRec/results/stage3_T5Train/iter10_sinkhorn_iters_5/ckpt/Amazon_2023_Instruments/Sep-25-2026_04-20-38/HG_Rec_best.pth
2026-09-25 04:40:31,104 - INFO - Epoch 102/150 train_loss=1.928250985145569
2026-09-25 04:40:31,166 - INFO - Best train loss=1.928250985145569; saved /home/wlia0047/ar57/wenyu/GeneRec/results/stage3_T5Train/iter10_sinkhorn_iters_5/ckpt/Amazon_2023_Instruments/Sep-25-2026_04-20-38/HG_Rec_best.pth
2026-09-25 04:40:42,770 - INFO - Epoch 103/150 train_loss=1.9237882709503173
2026-09-25 04:40:42,805 - INFO - Best train loss=1.9237882709503173; saved /home/wlia0047/ar57/wenyu/GeneRec/results/stage3_T5Train/iter10_sinkhorn_iters_5/ckpt/Amazon_2023_Instruments/Sep-25-2026_04-20-38/HG_Rec_best.pth
2026-09-25 04:40:54,539 - INFO - Epoch 104/150 train_loss=1.9215901708602905
2026-09-25 04:40:54,577 - INFO - Best train loss=1.9215901708602905; saved /home/wlia0047/ar57/wenyu/GeneRec/results/stage3_T5Train/iter10_sinkhorn_iters_5/ckpt/Amazon_2023_Instruments/Sep-25-2026_04-20-38/HG_Rec_best.pth
2026-09-25 04:41:06,179 - INFO - Epoch 105/150 train_loss=1.9224149370193482
2026-09-25 04:41:06,183 - INFO - No train loss improvement; patience=1
2026-09-25 04:41:17,810 - INFO - Epoch 106/150 train_loss=1.919145245552063
2026-09-25 04:41:17,871 - INFO - Best train loss=1.919145245552063; saved /home/wlia0047/ar57/wenyu/GeneRec/results/stage3_T5Train/iter10_sinkhorn_iters_5/ckpt/Amazon_2023_Instruments/Sep-25-2026_04-20-38/HG_Rec_best.pth
2026-09-25 04:41:29,474 - INFO - Epoch 107/150 train_loss=1.9205103063583373
2026-09-25 04:41:29,479 - INFO - No train loss improvement; patience=1
2026-09-25 04:41:41,082 - INFO - Epoch 108/150 train_loss=1.919881591796875
2026-09-25 04:41:41,088 - INFO - No train loss improvement; patience=2
2026-09-25 04:41:52,695 - INFO - Epoch 109/150 train_loss=1.913738317489624
2026-09-25 04:41:52,731 - INFO - Best train loss=1.913738317489624; saved /home/wlia0047/ar57/wenyu/GeneRec/results/stage3_T5Train/iter10_sinkhorn_iters_5/ckpt/Amazon_2023_Instruments/Sep-25-2026_04-20-38/HG_Rec_best.pth
2026-09-25 04:42:04,436 - INFO - Epoch 110/150 train_loss=1.9104452800750733
2026-09-25 04:42:04,493 - INFO - Best train loss=1.9104452800750733; saved /home/wlia0047/ar57/wenyu/GeneRec/results/stage3_T5Train/iter10_sinkhorn_iters_5/ckpt/Amazon_2023_Instruments/Sep-25-2026_04-20-38/HG_Rec_best.pth
2026-09-25 04:42:16,104 - INFO - Epoch 111/150 train_loss=1.9122427558898927
2026-09-25 04:42:16,107 - INFO - No train loss improvement; patience=1
2026-09-25 04:42:27,709 - INFO - Epoch 112/150 train_loss=1.9098718404769897
2026-09-25 04:42:27,747 - INFO - Best train loss=1.9098718404769897; saved /home/wlia0047/ar57/wenyu/GeneRec/results/stage3_T5Train/iter10_sinkhorn_iters_5/ckpt/Amazon_2023_Instruments/Sep-25-2026_04-20-38/HG_Rec_best.pth
2026-09-25 04:42:39,356 - INFO - Epoch 113/150 train_loss=1.909133129119873
2026-09-25 04:42:39,392 - INFO - Best train loss=1.909133129119873; saved /home/wlia0047/ar57/wenyu/GeneRec/results/stage3_T5Train/iter10_sinkhorn_iters_5/ckpt/Amazon_2023_Instruments/Sep-25-2026_04-20-38/HG_Rec_best.pth
2026-09-25 04:42:50,991 - INFO - Epoch 114/150 train_loss=1.905622000694275
2026-09-25 04:42:51,027 - INFO - Best train loss=1.905622000694275; saved /home/wlia0047/ar57/wenyu/GeneRec/results/stage3_T5Train/iter10_sinkhorn_iters_5/ckpt/Amazon_2023_Instruments/Sep-25-2026_04-20-38/HG_Rec_best.pth
2026-09-25 04:43:02,631 - INFO - Epoch 115/150 train_loss=1.9079670763015748
2026-09-25 04:43:02,634 - INFO - No train loss improvement; patience=1
2026-09-25 04:43:14,236 - INFO - Epoch 116/150 train_loss=1.905827193260193
2026-09-25 04:43:14,241 - INFO - No train loss improvement; patience=2
2026-09-25 04:43:28,027 - INFO - Epoch 117/150 train_loss=1.9044109630584716
2026-09-25 04:43:28,117 - INFO - Best train loss=1.9044109630584716; saved /home/wlia0047/ar57/wenyu/GeneRec/results/stage3_T5Train/iter10_sinkhorn_iters_5/ckpt/Amazon_2023_Instruments/Sep-25-2026_04-20-38/HG_Rec_best.pth
2026-09-25 04:43:39,824 - INFO - Epoch 118/150 train_loss=1.9006656789779663
2026-09-25 04:43:39,871 - INFO - Best train loss=1.9006656789779663; saved /home/wlia0047/ar57/wenyu/GeneRec/results/stage3_T5Train/iter10_sinkhorn_iters_5/ckpt/Amazon_2023_Instruments/Sep-25-2026_04-20-38/HG_Rec_best.pth
2026-09-25 04:43:51,474 - INFO - Epoch 119/150 train_loss=1.8992645454406738
2026-09-25 04:43:51,509 - INFO - Best train loss=1.8992645454406738; saved /home/wlia0047/ar57/wenyu/GeneRec/results/stage3_T5Train/iter10_sinkhorn_iters_5/ckpt/Amazon_2023_Instruments/Sep-25-2026_04-20-38/HG_Rec_best.pth
2026-09-25 04:44:03,115 - INFO - Epoch 120/150 train_loss=1.896700382232666
2026-09-25 04:44:03,150 - INFO - Best train loss=1.896700382232666; saved /home/wlia0047/ar57/wenyu/GeneRec/results/stage3_T5Train/iter10_sinkhorn_iters_5/ckpt/Amazon_2023_Instruments/Sep-25-2026_04-20-38/HG_Rec_best.pth
2026-09-25 04:44:14,756 - INFO - Epoch 121/150 train_loss=1.8949995517730713
2026-09-25 04:44:14,791 - INFO - Best train loss=1.8949995517730713; saved /home/wlia0047/ar57/wenyu/GeneRec/results/stage3_T5Train/iter10_sinkhorn_iters_5/ckpt/Amazon_2023_Instruments/Sep-25-2026_04-20-38/HG_Rec_best.pth
2026-09-25 04:44:26,392 - INFO - Epoch 122/150 train_loss=1.8950330877304078
2026-09-25 04:44:26,395 - INFO - No train loss improvement; patience=1
2026-09-25 04:44:38,005 - INFO - Epoch 123/150 train_loss=1.8907461452484131
2026-09-25 04:44:38,041 - INFO - Best train loss=1.8907461452484131; saved /home/wlia0047/ar57/wenyu/GeneRec/results/stage3_T5Train/iter10_sinkhorn_iters_5/ckpt/Amazon_2023_Instruments/Sep-25-2026_04-20-38/HG_Rec_best.pth
2026-09-25 04:44:49,652 - INFO - Epoch 124/150 train_loss=1.8924427890777589
2026-09-25 04:44:49,655 - INFO - No train loss improvement; patience=1
2026-09-25 04:45:01,263 - INFO - Epoch 125/150 train_loss=1.8904405546188354
2026-09-25 04:45:01,298 - INFO - Best train loss=1.8904405546188354; saved /home/wlia0047/ar57/wenyu/GeneRec/results/stage3_T5Train/iter10_sinkhorn_iters_5/ckpt/Amazon_2023_Instruments/Sep-25-2026_04-20-38/HG_Rec_best.pth
2026-09-25 04:45:12,908 - INFO - Epoch 126/150 train_loss=1.8900585985183715
2026-09-25 04:45:12,944 - INFO - Best train loss=1.8900585985183715; saved /home/wlia0047/ar57/wenyu/GeneRec/results/stage3_T5Train/iter10_sinkhorn_iters_5/ckpt/Amazon_2023_Instruments/Sep-25-2026_04-20-38/HG_Rec_best.pth
2026-09-25 04:45:24,546 - INFO - Epoch 127/150 train_loss=1.8880998468399048
2026-09-25 04:45:24,581 - INFO - Best train loss=1.8880998468399048; saved /home/wlia0047/ar57/wenyu/GeneRec/results/stage3_T5Train/iter10_sinkhorn_iters_5/ckpt/Amazon_2023_Instruments/Sep-25-2026_04-20-38/HG_Rec_best.pth
2026-09-25 04:45:36,186 - INFO - Epoch 128/150 train_loss=1.8919621992111206
2026-09-25 04:45:36,190 - INFO - No train loss improvement; patience=1
2026-09-25 04:45:47,790 - INFO - Epoch 129/150 train_loss=1.886960039138794
2026-09-25 04:45:47,830 - INFO - Best train loss=1.886960039138794; saved /home/wlia0047/ar57/wenyu/GeneRec/results/stage3_T5Train/iter10_sinkhorn_iters_5/ckpt/Amazon_2023_Instruments/Sep-25-2026_04-20-38/HG_Rec_best.pth
2026-09-25 04:45:59,432 - INFO - Epoch 130/150 train_loss=1.8879767513275147
2026-09-25 04:45:59,438 - INFO - No train loss improvement; patience=1
2026-09-25 04:46:11,059 - INFO - Epoch 131/150 train_loss=1.8860442399978639
2026-09-25 04:46:11,096 - INFO - Best train loss=1.8860442399978639; saved /home/wlia0047/ar57/wenyu/GeneRec/results/stage3_T5Train/iter10_sinkhorn_iters_5/ckpt/Amazon_2023_Instruments/Sep-25-2026_04-20-38/HG_Rec_best.pth
2026-09-25 04:46:22,713 - INFO - Epoch 132/150 train_loss=1.8828860521316528
2026-09-25 04:46:22,747 - INFO - Best train loss=1.8828860521316528; saved /home/wlia0047/ar57/wenyu/GeneRec/results/stage3_T5Train/iter10_sinkhorn_iters_5/ckpt/Amazon_2023_Instruments/Sep-25-2026_04-20-38/HG_Rec_best.pth
2026-09-25 04:46:34,357 - INFO - Epoch 133/150 train_loss=1.8856675243377685
2026-09-25 04:46:34,361 - INFO - No train loss improvement; patience=1
2026-09-25 04:46:45,962 - INFO - Epoch 134/150 train_loss=1.8816764450073242
2026-09-25 04:46:46,002 - INFO - Best train loss=1.8816764450073242; saved /home/wlia0047/ar57/wenyu/GeneRec/results/stage3_T5Train/iter10_sinkhorn_iters_5/ckpt/Amazon_2023_Instruments/Sep-25-2026_04-20-38/HG_Rec_best.pth
2026-09-25 04:46:57,603 - INFO - Epoch 135/150 train_loss=1.881797227859497
2026-09-25 04:46:57,606 - INFO - No train loss improvement; patience=1
2026-09-25 04:47:09,207 - INFO - Epoch 136/150 train_loss=1.8811837530136108
2026-09-25 04:47:09,248 - INFO - Best train loss=1.8811837530136108; saved /home/wlia0047/ar57/wenyu/GeneRec/results/stage3_T5Train/iter10_sinkhorn_iters_5/ckpt/Amazon_2023_Instruments/Sep-25-2026_04-20-38/HG_Rec_best.pth
2026-09-25 04:47:20,850 - INFO - Epoch 137/150 train_loss=1.8808993196487427
2026-09-25 04:47:20,887 - INFO - Best train loss=1.8808993196487427; saved /home/wlia0047/ar57/wenyu/GeneRec/results/stage3_T5Train/iter10_sinkhorn_iters_5/ckpt/Amazon_2023_Instruments/Sep-25-2026_04-20-38/HG_Rec_best.pth
2026-09-25 04:47:32,485 - INFO - Epoch 138/150 train_loss=1.8798241806030274
2026-09-25 04:47:32,524 - INFO - Best train loss=1.8798241806030274; saved /home/wlia0047/ar57/wenyu/GeneRec/results/stage3_T5Train/iter10_sinkhorn_iters_5/ckpt/Amazon_2023_Instruments/Sep-25-2026_04-20-38/HG_Rec_best.pth
2026-09-25 04:47:44,127 - INFO - Epoch 139/150 train_loss=1.876754217147827
2026-09-25 04:47:44,164 - INFO - Best train loss=1.876754217147827; saved /home/wlia0047/ar57/wenyu/GeneRec/results/stage3_T5Train/iter10_sinkhorn_iters_5/ckpt/Amazon_2023_Instruments/Sep-25-2026_04-20-38/HG_Rec_best.pth
2026-09-25 04:47:55,763 - INFO - Epoch 140/150 train_loss=1.8755377626419067
2026-09-25 04:47:55,800 - INFO - Best train loss=1.8755377626419067; saved /home/wlia0047/ar57/wenyu/GeneRec/results/stage3_T5Train/iter10_sinkhorn_iters_5/ckpt/Amazon_2023_Instruments/Sep-25-2026_04-20-38/HG_Rec_best.pth
2026-09-25 04:48:07,407 - INFO - Epoch 141/150 train_loss=1.8808554744720458
2026-09-25 04:48:07,412 - INFO - No train loss improvement; patience=1
2026-09-25 04:48:19,009 - INFO - Epoch 142/150 train_loss=1.8765625190734863
2026-09-25 04:48:19,768 - INFO - No train loss improvement; patience=2
2026-09-25 04:48:31,367 - INFO - Epoch 143/150 train_loss=1.8734607267379761
2026-09-25 04:48:31,407 - INFO - Best train loss=1.8734607267379761; saved /home/wlia0047/ar57/wenyu/GeneRec/results/stage3_T5Train/iter10_sinkhorn_iters_5/ckpt/Amazon_2023_Instruments/Sep-25-2026_04-20-38/HG_Rec_best.pth
2026-09-25 04:48:43,011 - INFO - Epoch 144/150 train_loss=1.8728771543502807
2026-09-25 04:48:43,048 - INFO - Best train loss=1.8728771543502807; saved /home/wlia0047/ar57/wenyu/GeneRec/results/stage3_T5Train/iter10_sinkhorn_iters_5/ckpt/Amazon_2023_Instruments/Sep-25-2026_04-20-38/HG_Rec_best.pth
2026-09-25 04:48:54,653 - INFO - Epoch 145/150 train_loss=1.8722210359573364
2026-09-25 04:48:54,688 - INFO - Best train loss=1.8722210359573364; saved /home/wlia0047/ar57/wenyu/GeneRec/results/stage3_T5Train/iter10_sinkhorn_iters_5/ckpt/Amazon_2023_Instruments/Sep-25-2026_04-20-38/HG_Rec_best.pth
2026-09-25 04:49:06,291 - INFO - Epoch 146/150 train_loss=1.87336079120636
2026-09-25 04:49:06,293 - INFO - No train loss improvement; patience=1
2026-09-25 04:49:17,902 - INFO - Epoch 147/150 train_loss=1.8676088762283325
2026-09-25 04:49:17,937 - INFO - Best train loss=1.8676088762283325; saved /home/wlia0047/ar57/wenyu/GeneRec/results/stage3_T5Train/iter10_sinkhorn_iters_5/ckpt/Amazon_2023_Instruments/Sep-25-2026_04-20-38/HG_Rec_best.pth
2026-09-25 04:49:29,544 - INFO - Epoch 148/150 train_loss=1.8682015609741212
2026-09-25 04:49:29,549 - INFO - No train loss improvement; patience=1
2026-09-25 04:49:41,154 - INFO - Epoch 149/150 train_loss=1.8699013519287109
2026-09-25 04:49:41,158 - INFO - No train loss improvement; patience=2
2026-09-25 04:49:52,757 - INFO - Epoch 150/150 train_loss=1.869983172416687
2026-09-25 04:49:52,762 - INFO - No train loss improvement; patience=3
2026-09-25 04:57:31,198 - INFO - Test={'best_checkpoint': '/home/wlia0047/ar57/wenyu/GeneRec/results/stage3_T5Train/iter10_sinkhorn_iters_5/ckpt/Amazon_2023_Instruments/Sep-25-2026_04-20-38/HG_Rec_best.pth', 'n_eval': 57439, 'test_recall@5': 0.039050122738905624, 'test_recall@10': 0.05940214836609273, 'test_ndcg@5': 0.02620610677476342, 'test_ndcg@10': 0.03277146182208703}
