W1005 02:34:23.961834 660081 /fs04/scratch2/ar57/wenyu/genrec_env_v2/lib/python3.9/site-packages/torch/distributed/run.py:774] 
W1005 02:34:23.961834 660081 /fs04/scratch2/ar57/wenyu/genrec_env_v2/lib/python3.9/site-packages/torch/distributed/run.py:774] *****************************************
W1005 02:34:23.961834 660081 /fs04/scratch2/ar57/wenyu/genrec_env_v2/lib/python3.9/site-packages/torch/distributed/run.py:774] Setting OMP_NUM_THREADS environment variable for each process to be 1 in default, to avoid your system being overloaded, please further tune the variable for optimal performance in your application as needed. 
W1005 02:34:23.961834 660081 /fs04/scratch2/ar57/wenyu/genrec_env_v2/lib/python3.9/site-packages/torch/distributed/run.py:774] *****************************************
[hyperbolic] cold_start=true max_global_steps=72000 batch_size_per_rank=1024 total_effective_batch=4096 c=[1.0, 1.5, 1.0] radius=[0.2, 0.2, 0.2]
[RecBole RQ-VAE] initializing codebooks with KMeans
/fs04/ar57/wenyu/GeneRec/stage2_RQ-VAE/curvature_RQ-VAE_iter78/model/layers.py:113: UserWarning: Deterministic behavior was enabled with either `torch.use_deterministic_algorithms(True)` or `at::Context::setDeterministicAlgorithms(true)`, but this operation is not deterministic because it uses CuBLAS and you have CUDA >= 10.2. To enable deterministic behavior in this case, you must set an environment variable before running your PyTorch application: CUBLAS_WORKSPACE_CONFIG=:4096:8 or CUBLAS_WORKSPACE_CONFIG=:16:8. For more information, go to https://docs.nvidia.com/cuda/cublas/index.html#results-reproducibility (Triggered internally at /pytorch/aten/src/ATen/Context.cpp:233.)
  dot = x_point @ y_point.t()
/fs04/ar57/wenyu/GeneRec/stage2_RQ-VAE/curvature_RQ-VAE_iter78/model/layers.py:113: UserWarning: Deterministic behavior was enabled with either `torch.use_deterministic_algorithms(True)` or `at::Context::setDeterministicAlgorithms(true)`, but this operation is not deterministic because it uses CuBLAS and you have CUDA >= 10.2. To enable deterministic behavior in this case, you must set an environment variable before running your PyTorch application: CUBLAS_WORKSPACE_CONFIG=:4096:8 or CUBLAS_WORKSPACE_CONFIG=:16:8. For more information, go to https://docs.nvidia.com/cuda/cublas/index.html#results-reproducibility (Triggered internally at /pytorch/aten/src/ATen/Context.cpp:233.)
  dot = x_point @ y_point.t()
/fs04/ar57/wenyu/GeneRec/stage2_RQ-VAE/curvature_RQ-VAE_iter78/model/layers.py:113: UserWarning: Deterministic behavior was enabled with either `torch.use_deterministic_algorithms(True)` or `at::Context::setDeterministicAlgorithms(true)`, but this operation is not deterministic because it uses CuBLAS and you have CUDA >= 10.2. To enable deterministic behavior in this case, you must set an environment variable before running your PyTorch application: CUBLAS_WORKSPACE_CONFIG=:4096:8 or CUBLAS_WORKSPACE_CONFIG=:16:8. For more information, go to https://docs.nvidia.com/cuda/cublas/index.html#results-reproducibility (Triggered internally at /pytorch/aten/src/ATen/Context.cpp:233.)
  dot = x_point @ y_point.t()
/fs04/ar57/wenyu/GeneRec/stage2_RQ-VAE/curvature_RQ-VAE_iter78/model/layers.py:113: UserWarning: Deterministic behavior was enabled with either `torch.use_deterministic_algorithms(True)` or `at::Context::setDeterministicAlgorithms(true)`, but this operation is not deterministic because it uses CuBLAS and you have CUDA >= 10.2. To enable deterministic behavior in this case, you must set an environment variable before running your PyTorch application: CUBLAS_WORKSPACE_CONFIG=:4096:8 or CUBLAS_WORKSPACE_CONFIG=:16:8. For more information, go to https://docs.nvidia.com/cuda/cublas/index.html#results-reproducibility (Triggered internally at /pytorch/aten/src/ATen/Context.cpp:233.)
  dot = x_point @ y_point.t()
/fs04/ar57/wenyu/GeneRec/stage2_RQ-VAE/curvature_RQ-VAE_iter78/model/layers.py:113: UserWarning: Deterministic behavior was enabled with either `torch.use_deterministic_algorithms(True)` or `at::Context::setDeterministicAlgorithms(true)`, but this operation is not deterministic because it uses CuBLAS and you have CUDA >= 10.2. To enable deterministic behavior in this case, you must set an environment variable before running your PyTorch application: CUBLAS_WORKSPACE_CONFIG=:4096:8 or CUBLAS_WORKSPACE_CONFIG=:16:8. For more information, go to https://docs.nvidia.com/cuda/cublas/index.html#results-reproducibility (Triggered internally at /pytorch/aten/src/ATen/Context.cpp:233.)
  dot = x_point @ y_point.t()
/fs04/ar57/wenyu/GeneRec/stage2_RQ-VAE/curvature_RQ-VAE_iter78/model/layers.py:113: UserWarning: Deterministic behavior was enabled with either `torch.use_deterministic_algorithms(True)` or `at::Context::setDeterministicAlgorithms(true)`, but this operation is not deterministic because it uses CuBLAS and you have CUDA >= 10.2. To enable deterministic behavior in this case, you must set an environment variable before running your PyTorch application: CUBLAS_WORKSPACE_CONFIG=:4096:8 or CUBLAS_WORKSPACE_CONFIG=:16:8. For more information, go to https://docs.nvidia.com/cuda/cublas/index.html#results-reproducibility (Triggered internally at /pytorch/aten/src/ATen/Context.cpp:233.)
  dot = x_point @ y_point.t()
/fs04/ar57/wenyu/GeneRec/stage2_RQ-VAE/curvature_RQ-VAE_iter78/model/layers.py:113: UserWarning: Deterministic behavior was enabled with either `torch.use_deterministic_algorithms(True)` or `at::Context::setDeterministicAlgorithms(true)`, but this operation is not deterministic because it uses CuBLAS and you have CUDA >= 10.2. To enable deterministic behavior in this case, you must set an environment variable before running your PyTorch application: CUBLAS_WORKSPACE_CONFIG=:4096:8 or CUBLAS_WORKSPACE_CONFIG=:16:8. For more information, go to https://docs.nvidia.com/cuda/cublas/index.html#results-reproducibility (Triggered internally at /pytorch/aten/src/ATen/Context.cpp:233.)
  dot = x_point @ y_point.t()
/fs04/ar57/wenyu/GeneRec/stage2_RQ-VAE/curvature_RQ-VAE_iter78/model/layers.py:113: UserWarning: Deterministic behavior was enabled with either `torch.use_deterministic_algorithms(True)` or `at::Context::setDeterministicAlgorithms(true)`, but this operation is not deterministic because it uses CuBLAS and you have CUDA >= 10.2. To enable deterministic behavior in this case, you must set an environment variable before running your PyTorch application: CUBLAS_WORKSPACE_CONFIG=:4096:8 or CUBLAS_WORKSPACE_CONFIG=:16:8. For more information, go to https://docs.nvidia.com/cuda/cublas/index.html#results-reproducibility (Triggered internally at /pytorch/aten/src/ATen/Context.cpp:233.)
  dot = x_point @ y_point.t()
/fs04/ar57/wenyu/GeneRec/stage2_RQ-VAE/curvature_RQ-VAE_iter78/model/layers.py:113: UserWarning: Deterministic behavior was enabled with either `torch.use_deterministic_algorithms(True)` or `at::Context::setDeterministicAlgorithms(true)`, but this operation is not deterministic because it uses CuBLAS and you have CUDA >= 10.2. To enable deterministic behavior in this case, you must set an environment variable before running your PyTorch application: CUBLAS_WORKSPACE_CONFIG=:4096:8 or CUBLAS_WORKSPACE_CONFIG=:16:8. For more information, go to https://docs.nvidia.com/cuda/cublas/index.html#results-reproducibility (Triggered internally at /pytorch/aten/src/ATen/Context.cpp:233.)
  dot = x_point @ y_point.t()
/home/wlia0047/ar57_scratch/wenyu/genrec_env_v2/lib64/python3.9/site-packages/torch/distributed/distributed_c10d.py:4807: UserWarning: No device id is provided via `init_process_group` or `barrier `. Using the current device set by the user. 
  warnings.warn(  # warn only once
/fs04/ar57/wenyu/GeneRec/stage2_RQ-VAE/curvature_RQ-VAE_iter78/model/layers.py:113: UserWarning: Deterministic behavior was enabled with either `torch.use_deterministic_algorithms(True)` or `at::Context::setDeterministicAlgorithms(true)`, but this operation is not deterministic because it uses CuBLAS and you have CUDA >= 10.2. To enable deterministic behavior in this case, you must set an environment variable before running your PyTorch application: CUBLAS_WORKSPACE_CONFIG=:4096:8 or CUBLAS_WORKSPACE_CONFIG=:16:8. For more information, go to https://docs.nvidia.com/cuda/cublas/index.html#results-reproducibility (Triggered internally at /pytorch/aten/src/ATen/Context.cpp:233.)
  dot = x_point @ y_point.t()
/home/wlia0047/ar57_scratch/wenyu/genrec_env_v2/lib64/python3.9/site-packages/torch/distributed/distributed_c10d.py:4807: UserWarning: No device id is provided via `init_process_group` or `barrier `. Using the current device set by the user. 
  warnings.warn(  # warn only once
/fs04/ar57/wenyu/GeneRec/stage2_RQ-VAE/curvature_RQ-VAE_iter78/model/layers.py:113: UserWarning: Deterministic behavior was enabled with either `torch.use_deterministic_algorithms(True)` or `at::Context::setDeterministicAlgorithms(true)`, but this operation is not deterministic because it uses CuBLAS and you have CUDA >= 10.2. To enable deterministic behavior in this case, you must set an environment variable before running your PyTorch application: CUBLAS_WORKSPACE_CONFIG=:4096:8 or CUBLAS_WORKSPACE_CONFIG=:16:8. For more information, go to https://docs.nvidia.com/cuda/cublas/index.html#results-reproducibility (Triggered internally at /pytorch/aten/src/ATen/Context.cpp:233.)
  dot = x_point @ y_point.t()
/fs04/ar57/wenyu/GeneRec/stage2_RQ-VAE/curvature_RQ-VAE_iter78/model/layers.py:113: UserWarning: Deterministic behavior was enabled with either `torch.use_deterministic_algorithms(True)` or `at::Context::setDeterministicAlgorithms(true)`, but this operation is not deterministic because it uses CuBLAS and you have CUDA >= 10.2. To enable deterministic behavior in this case, you must set an environment variable before running your PyTorch application: CUBLAS_WORKSPACE_CONFIG=:4096:8 or CUBLAS_WORKSPACE_CONFIG=:16:8. For more information, go to https://docs.nvidia.com/cuda/cublas/index.html#results-reproducibility (Triggered internally at /pytorch/aten/src/ATen/Context.cpp:233.)
  dot = x_point @ y_point.t()
/home/wlia0047/ar57_scratch/wenyu/genrec_env_v2/lib64/python3.9/site-packages/torch/distributed/distributed_c10d.py:4807: UserWarning: No device id is provided via `init_process_group` or `barrier `. Using the current device set by the user. 
  warnings.warn(  # warn only once
/home/wlia0047/ar57_scratch/wenyu/genrec_env_v2/lib64/python3.9/site-packages/torch/distributed/distributed_c10d.py:4807: UserWarning: No device id is provided via `init_process_group` or `barrier `. Using the current device set by the user. 
  warnings.warn(  # warn only once
/home/wlia0047/ar57_scratch/wenyu/genrec_env_v2/lib64/python3.9/site-packages/torch/autograd/graph.py:829: UserWarning: Deterministic behavior was enabled with either `torch.use_deterministic_algorithms(True)` or `at::Context::setDeterministicAlgorithms(true)`, but this operation is not deterministic because it uses CuBLAS and you have CUDA >= 10.2. To enable deterministic behavior in this case, you must set an environment variable before running your PyTorch application: CUBLAS_WORKSPACE_CONFIG=:4096:8 or CUBLAS_WORKSPACE_CONFIG=:16:8. For more information, go to https://docs.nvidia.com/cuda/cublas/index.html#results-reproducibility (Triggered internally at /pytorch/aten/src/ATen/Context.cpp:233.)
  return Variable._execution_engine.run_backward(  # Calls into the C++ engine to run the backward pass
/home/wlia0047/ar57_scratch/wenyu/genrec_env_v2/lib64/python3.9/site-packages/torch/autograd/graph.py:829: UserWarning: Deterministic behavior was enabled with either `torch.use_deterministic_algorithms(True)` or `at::Context::setDeterministicAlgorithms(true)`, but this operation is not deterministic because it uses CuBLAS and you have CUDA >= 10.2. To enable deterministic behavior in this case, you must set an environment variable before running your PyTorch application: CUBLAS_WORKSPACE_CONFIG=:4096:8 or CUBLAS_WORKSPACE_CONFIG=:16:8. For more information, go to https://docs.nvidia.com/cuda/cublas/index.html#results-reproducibility (Triggered internally at /pytorch/aten/src/ATen/Context.cpp:233.)
  return Variable._execution_engine.run_backward(  # Calls into the C++ engine to run the backward pass
/home/wlia0047/ar57_scratch/wenyu/genrec_env_v2/lib64/python3.9/site-packages/torch/autograd/graph.py:829: UserWarning: Deterministic behavior was enabled with either `torch.use_deterministic_algorithms(True)` or `at::Context::setDeterministicAlgorithms(true)`, but this operation is not deterministic because it uses CuBLAS and you have CUDA >= 10.2. To enable deterministic behavior in this case, you must set an environment variable before running your PyTorch application: CUBLAS_WORKSPACE_CONFIG=:4096:8 or CUBLAS_WORKSPACE_CONFIG=:16:8. For more information, go to https://docs.nvidia.com/cuda/cublas/index.html#results-reproducibility (Triggered internally at /pytorch/aten/src/ATen/Context.cpp:233.)
  return Variable._execution_engine.run_backward(  # Calls into the C++ engine to run the backward pass
/home/wlia0047/ar57_scratch/wenyu/genrec_env_v2/lib64/python3.9/site-packages/torch/autograd/graph.py:829: UserWarning: Deterministic behavior was enabled with either `torch.use_deterministic_algorithms(True)` or `at::Context::setDeterministicAlgorithms(true)`, but this operation is not deterministic because it uses CuBLAS and you have CUDA >= 10.2. To enable deterministic behavior in this case, you must set an environment variable before running your PyTorch application: CUBLAS_WORKSPACE_CONFIG=:4096:8 or CUBLAS_WORKSPACE_CONFIG=:16:8. For more information, go to https://docs.nvidia.com/cuda/cublas/index.html#results-reproducibility (Triggered internally at /pytorch/aten/src/ATen/Context.cpp:233.)
  return Variable._execution_engine.run_backward(  # Calls into the C++ engine to run the backward pass
[hyperbolic] global_step=164/72000 local_updates=41 loss=0.12503953 recon=0.00020084
[hyperbolic] global_step=240/72000 local_updates=60 loss=0.11609933 recon=0.00018236
[hyperbolic] global_step=344/72000 local_updates=86 loss=0.11035758 recon=0.00018057
[hyperbolic] global_step=436/72000 local_updates=109 loss=0.11756355 recon=0.00015741
[hyperbolic] global_step=548/72000 local_updates=137 loss=0.11373346 recon=0.00019550
[hyperbolic] global_step=656/72000 local_updates=164 loss=0.11228639 recon=0.00017514
[hyperbolic] global_step=752/72000 local_updates=188 loss=0.11513178 recon=0.00016144
[hyperbolic] global_step=856/72000 local_updates=214 loss=0.11325013 recon=0.00017014
[hyperbolic] global_step=968/72000 local_updates=242 loss=0.11217915 recon=0.00017041
[hyperbolic] global_step=1080/72000 local_updates=270 loss=0.10882638 recon=0.00019716
[hyperbolic] global_step=1192/72000 local_updates=298 loss=0.10921168 recon=0.00017201
[hyperbolic] global_step=1312/72000 local_updates=328 loss=0.10673115 recon=0.00018407
[hyperbolic] global_step=1424/72000 local_updates=356 loss=0.11356114 recon=0.00014605
[hyperbolic] global_step=1544/72000 local_updates=386 loss=0.10952006 recon=0.00017459
[hyperbolic] global_step=1660/72000 local_updates=415 loss=0.10698972 recon=0.00016830
[hyperbolic] global_step=1772/72000 local_updates=443 loss=0.10881013 recon=0.00016821
[hyperbolic] global_step=1892/72000 local_updates=473 loss=0.10912384 recon=0.00017032
[hyperbolic] global_step=2008/72000 local_updates=502 loss=0.10750967 recon=0.00013995
[hyperbolic] global_step=2120/72000 local_updates=530 loss=0.11230727 recon=0.00016494
[hyperbolic] global_step=2244/72000 local_updates=561 loss=0.11176865 recon=0.00014825
[hyperbolic] global_step=2360/72000 local_updates=590 loss=0.10895364 recon=0.00017215
[hyperbolic] global_step=2480/72000 local_updates=620 loss=0.11139314 recon=0.00017050
[hyperbolic] global_step=2604/72000 local_updates=651 loss=0.10838117 recon=0.00016332
[hyperbolic] global_step=2724/72000 local_updates=681 loss=0.10952123 recon=0.00016249
[hyperbolic] global_step=2844/72000 local_updates=711 loss=0.11186089 recon=0.00015355
[hyperbolic] global_step=2964/72000 local_updates=741 loss=0.10647105 recon=0.00014942
[hyperbolic] global_step=3084/72000 local_updates=771 loss=0.10909668 recon=0.00015154
[hyperbolic] global_step=3208/72000 local_updates=802 loss=0.11009705 recon=0.00016006
[hyperbolic] global_step=3332/72000 local_updates=833 loss=0.10769188 recon=0.00014196
[hyperbolic] global_step=3456/72000 local_updates=864 loss=0.10846929 recon=0.00012980
[hyperbolic] global_step=3584/72000 local_updates=896 loss=0.10965599 recon=0.00014579
[hyperbolic] global_step=3716/72000 local_updates=929 loss=0.11371268 recon=0.00015984
[hyperbolic] global_step=3844/72000 local_updates=961 loss=0.10820604 recon=0.00015048
[hyperbolic] global_step=3968/72000 local_updates=992 loss=0.10889076 recon=0.00013158
[hyperbolic] global_step=4096/72000 local_updates=1024 loss=0.11005466 recon=0.00015494
[hyperbolic] global_step=4224/72000 local_updates=1056 loss=0.11359280 recon=0.00016572
[hyperbolic] global_step=4356/72000 local_updates=1089 loss=0.10719018 recon=0.00015454
[hyperbolic] global_step=4488/72000 local_updates=1122 loss=0.10999866 recon=0.00014456
[hyperbolic] global_step=4620/72000 local_updates=1155 loss=0.10978836 recon=0.00016319
[hyperbolic] global_step=4740/72000 local_updates=1185 loss=0.10661468 recon=0.00016606
[hyperbolic] global_step=4868/72000 local_updates=1217 loss=0.10792194 recon=0.00014330
[hyperbolic] global_step=4996/72000 local_updates=1249 loss=0.10874056 recon=0.00016546
[hyperbolic] global_step=5124/72000 local_updates=1281 loss=0.10619289 recon=0.00014591
[hyperbolic] global_step=5256/72000 local_updates=1314 loss=0.10726708 recon=0.00015974
[hyperbolic] global_step=5380/72000 local_updates=1345 loss=0.10840647 recon=0.00015944
[hyperbolic] global_step=5504/72000 local_updates=1376 loss=0.10767666 recon=0.00014965
[hyperbolic] global_step=5636/72000 local_updates=1409 loss=0.10764815 recon=0.00015412
[hyperbolic] global_step=5760/72000 local_updates=1440 loss=0.10746923 recon=0.00013804
[hyperbolic] global_step=5884/72000 local_updates=1471 loss=0.10630131 recon=0.00014708
[hyperbolic] global_step=6012/72000 local_updates=1503 loss=0.10514165 recon=0.00015605
[hyperbolic] global_step=6140/72000 local_updates=1535 loss=0.10680007 recon=0.00014183
[hyperbolic] global_step=6264/72000 local_updates=1566 loss=0.11012235 recon=0.00014064
[hyperbolic] global_step=6396/72000 local_updates=1599 loss=0.10776018 recon=0.00015631
[hyperbolic] global_step=6528/72000 local_updates=1632 loss=0.10550655 recon=0.00015501
[hyperbolic] global_step=6656/72000 local_updates=1664 loss=0.10487843 recon=0.00014173
[hyperbolic] global_step=6788/72000 local_updates=1697 loss=0.10559808 recon=0.00015574
[hyperbolic] global_step=6912/72000 local_updates=1728 loss=0.10518834 recon=0.00015062
[hyperbolic] global_step=7040/72000 local_updates=1760 loss=0.10989910 recon=0.00016998
[hyperbolic] global_step=7176/72000 local_updates=1794 loss=0.10725119 recon=0.00015184
[hyperbolic] global_step=7308/72000 local_updates=1827 loss=0.11005171 recon=0.00014676
[hyperbolic] global_step=7436/72000 local_updates=1859 loss=0.10742239 recon=0.00014227
[hyperbolic] global_step=7572/72000 local_updates=1893 loss=0.10586691 recon=0.00015155
[hyperbolic] global_step=7696/72000 local_updates=1924 loss=0.10753349 recon=0.00015880
[hyperbolic] global_step=7820/72000 local_updates=1955 loss=0.10435113 recon=0.00013785
[hyperbolic] global_step=7948/72000 local_updates=1987 loss=0.10526536 recon=0.00014847
[hyperbolic] global_step=8072/72000 local_updates=2018 loss=0.10434982 recon=0.00013502
[hyperbolic] global_step=8196/72000 local_updates=2049 loss=0.10569572 recon=0.00014393
[hyperbolic] global_step=8320/72000 local_updates=2080 loss=0.10454605 recon=0.00014959
[hyperbolic] global_step=8444/72000 local_updates=2111 loss=0.10560510 recon=0.00013628
[hyperbolic] global_step=8572/72000 local_updates=2143 loss=0.10723189 recon=0.00014676
[hyperbolic] global_step=8700/72000 local_updates=2175 loss=0.10736728 recon=0.00014000
[hyperbolic] global_step=8824/72000 local_updates=2206 loss=0.10838138 recon=0.00015873
[hyperbolic] global_step=8952/72000 local_updates=2238 loss=0.10873625 recon=0.00013875
[hyperbolic] global_step=9076/72000 local_updates=2269 loss=0.10738593 recon=0.00014593
[hyperbolic] global_step=9204/72000 local_updates=2301 loss=0.10836592 recon=0.00015878
[hyperbolic] global_step=9332/72000 local_updates=2333 loss=0.10591479 recon=0.00014618
[hyperbolic] global_step=9456/72000 local_updates=2364 loss=0.10878673 recon=0.00014949
[hyperbolic] global_step=9580/72000 local_updates=2395 loss=0.10819291 recon=0.00015556
[hyperbolic] global_step=9708/72000 local_updates=2427 loss=0.10670028 recon=0.00016283
[hyperbolic] global_step=9832/72000 local_updates=2458 loss=0.10583912 recon=0.00014463
[hyperbolic] global_step=9960/72000 local_updates=2490 loss=0.10809249 recon=0.00014044
[hyperbolic] global_step=10000/72000 loss=0.10911873 recon=0.00015696 c=[1.0, 1.5, 1.0] epsilon=[0.003, 0.003, 0.003] raw_unique=24550/24587 collision=0.001505 behaviour=0.21709169 codebook_used=[256, 256, 256]
[hyperbolic] global_step=10128/72000 local_updates=2532 loss=0.10530817 recon=0.00014986
[hyperbolic] global_step=10252/72000 local_updates=2563 loss=0.10622653 recon=0.00014141
[hyperbolic] global_step=10384/72000 local_updates=2596 loss=0.10488364 recon=0.00017149
[hyperbolic] global_step=10508/72000 local_updates=2627 loss=0.10642147 recon=0.00016443
[hyperbolic] global_step=10628/72000 local_updates=2657 loss=0.10333684 recon=0.00015848
[hyperbolic] global_step=10756/72000 local_updates=2689 loss=0.10494240 recon=0.00015271
[hyperbolic] global_step=10880/72000 local_updates=2720 loss=0.10656279 recon=0.00017705
[hyperbolic] global_step=11008/72000 local_updates=2752 loss=0.10694921 recon=0.00015913
[hyperbolic] global_step=11144/72000 local_updates=2786 loss=0.10421617 recon=0.00015182
[hyperbolic] global_step=11264/72000 local_updates=2816 loss=0.10649010 recon=0.00014494
[hyperbolic] global_step=11392/72000 local_updates=2848 loss=0.10605194 recon=0.00015095
[hyperbolic] global_step=11528/72000 local_updates=2882 loss=0.10560241 recon=0.00015369
[hyperbolic] global_step=11652/72000 local_updates=2913 loss=0.10755852 recon=0.00015584
[hyperbolic] global_step=11776/72000 local_updates=2944 loss=0.10569468 recon=0.00016008
[hyperbolic] global_step=11908/72000 local_updates=2977 loss=0.10519664 recon=0.00013081
[hyperbolic] global_step=12044/72000 local_updates=3011 loss=0.10691588 recon=0.00015474
[hyperbolic] global_step=12184/72000 local_updates=3046 loss=0.10518723 recon=0.00015875
[hyperbolic] global_step=12312/72000 local_updates=3078 loss=0.10576232 recon=0.00014754
[hyperbolic] global_step=12436/72000 local_updates=3109 loss=0.10717256 recon=0.00015761
[hyperbolic] global_step=12560/72000 local_updates=3140 loss=0.10744377 recon=0.00013446
[hyperbolic] global_step=12688/72000 local_updates=3172 loss=0.10663252 recon=0.00014320
[hyperbolic] global_step=12816/72000 local_updates=3204 loss=0.10897228 recon=0.00015902
[hyperbolic] global_step=12952/72000 local_updates=3238 loss=0.10501523 recon=0.00013733
[hyperbolic] global_step=13080/72000 local_updates=3270 loss=0.10580519 recon=0.00014834
[hyperbolic] global_step=13212/72000 local_updates=3303 loss=0.10701360 recon=0.00016315
[hyperbolic] global_step=13340/72000 local_updates=3335 loss=0.10495222 recon=0.00015184
[hyperbolic] global_step=13468/72000 local_updates=3367 loss=0.10685512 recon=0.00014415
[hyperbolic] global_step=13596/72000 local_updates=3399 loss=0.10494700 recon=0.00015098
[hyperbolic] global_step=13720/72000 local_updates=3430 loss=0.10581890 recon=0.00015385
[hyperbolic] global_step=13844/72000 local_updates=3461 loss=0.10595820 recon=0.00013576
[hyperbolic] global_step=13964/72000 local_updates=3491 loss=0.10651639 recon=0.00014600
[hyperbolic] global_step=14080/72000 local_updates=3520 loss=0.10460462 recon=0.00014888
[hyperbolic] global_step=14212/72000 local_updates=3553 loss=0.10550347 recon=0.00015494
[hyperbolic] global_step=14344/72000 local_updates=3586 loss=0.10718415 recon=0.00014490
[hyperbolic] global_step=14480/72000 local_updates=3620 loss=0.10938366 recon=0.00013494
[hyperbolic] global_step=14608/72000 local_updates=3652 loss=0.10420402 recon=0.00013106
[hyperbolic] global_step=14732/72000 local_updates=3683 loss=0.10634018 recon=0.00015419
[hyperbolic] global_step=14860/72000 local_updates=3715 loss=0.10548367 recon=0.00015123
[hyperbolic] global_step=14988/72000 local_updates=3747 loss=0.10675353 recon=0.00015092
[hyperbolic] global_step=15116/72000 local_updates=3779 loss=0.10777139 recon=0.00015895
[hyperbolic] global_step=15248/72000 local_updates=3812 loss=0.10679402 recon=0.00015945
[hyperbolic] global_step=15368/72000 local_updates=3842 loss=0.10356297 recon=0.00015367
[hyperbolic] global_step=15500/72000 local_updates=3875 loss=0.10554704 recon=0.00014144
[hyperbolic] global_step=15628/72000 local_updates=3907 loss=0.10477626 recon=0.00013956
[hyperbolic] global_step=15752/72000 local_updates=3938 loss=0.10445683 recon=0.00014835
[hyperbolic] global_step=15892/72000 local_updates=3973 loss=0.10554877 recon=0.00014082
[hyperbolic] global_step=16016/72000 local_updates=4004 loss=0.10458499 recon=0.00016427
[hyperbolic] global_step=16144/72000 local_updates=4036 loss=0.10375995 recon=0.00014591
[hyperbolic] global_step=16276/72000 local_updates=4069 loss=0.10687916 recon=0.00014532
[hyperbolic] global_step=16404/72000 local_updates=4101 loss=0.10826360 recon=0.00014728
[hyperbolic] global_step=16544/72000 local_updates=4136 loss=0.10586744 recon=0.00012419
[hyperbolic] global_step=16680/72000 local_updates=4170 loss=0.10762320 recon=0.00015586
[hyperbolic] global_step=16816/72000 local_updates=4204 loss=0.10436496 recon=0.00014815
[hyperbolic] global_step=16936/72000 local_updates=4234 loss=0.10534915 recon=0.00014535
[hyperbolic] global_step=17064/72000 local_updates=4266 loss=0.10402466 recon=0.00015149
[hyperbolic] global_step=17184/72000 local_updates=4296 loss=0.10595955 recon=0.00014582
[hyperbolic] global_step=17312/72000 local_updates=4328 loss=0.10497448 recon=0.00012764
[hyperbolic] global_step=17448/72000 local_updates=4362 loss=0.10703157 recon=0.00015499
[hyperbolic] global_step=17580/72000 local_updates=4395 loss=0.10476069 recon=0.00017528
[hyperbolic] global_step=17716/72000 local_updates=4429 loss=0.10760124 recon=0.00014952
[hyperbolic] global_step=17848/72000 local_updates=4462 loss=0.10571680 recon=0.00014815
[hyperbolic] global_step=17984/72000 local_updates=4496 loss=0.10553780 recon=0.00014071
[hyperbolic] global_step=18120/72000 local_updates=4530 loss=0.10747320 recon=0.00015922
[hyperbolic] global_step=18248/72000 local_updates=4562 loss=0.10820395 recon=0.00014579
[hyperbolic] global_step=18392/72000 local_updates=4598 loss=0.10433287 recon=0.00013488
[hyperbolic] global_step=18528/72000 local_updates=4632 loss=0.10600048 recon=0.00014728
[hyperbolic] global_step=18660/72000 local_updates=4665 loss=0.10480463 recon=0.00015287
[hyperbolic] global_step=18792/72000 local_updates=4698 loss=0.10320202 recon=0.00014371
[hyperbolic] global_step=18928/72000 local_updates=4732 loss=0.10511295 recon=0.00014736
[hyperbolic] global_step=19068/72000 local_updates=4767 loss=0.10544161 recon=0.00015101
[hyperbolic] global_step=19204/72000 local_updates=4801 loss=0.10383860 recon=0.00014313
[hyperbolic] global_step=19340/72000 local_updates=4835 loss=0.10661413 recon=0.00012913
[hyperbolic] global_step=19480/72000 local_updates=4870 loss=0.10713948 recon=0.00013812
[hyperbolic] global_step=19616/72000 local_updates=4904 loss=0.10652383 recon=0.00016218
[hyperbolic] global_step=19756/72000 local_updates=4939 loss=0.10656051 recon=0.00014651
[hyperbolic] global_step=19896/72000 local_updates=4974 loss=0.10622762 recon=0.00014072
[hyperbolic] global_step=20000/72000 loss=0.10579020 recon=0.00014762 c=[1.0, 1.5, 1.0] epsilon=[0.003, 0.003, 0.003] raw_unique=24549/24587 collision=0.001546 behaviour=0.19041188 codebook_used=[256, 256, 256]
[hyperbolic] global_step=20132/72000 local_updates=5033 loss=0.10789533 recon=0.00015229
[hyperbolic] global_step=20268/72000 local_updates=5067 loss=0.10614902 recon=0.00014132
[hyperbolic] global_step=20396/72000 local_updates=5099 loss=0.10503954 recon=0.00014758
[hyperbolic] global_step=20524/72000 local_updates=5131 loss=0.10501878 recon=0.00016240
[hyperbolic] global_step=20656/72000 local_updates=5164 loss=0.10378617 recon=0.00014858
[hyperbolic] global_step=20792/72000 local_updates=5198 loss=0.10609828 recon=0.00016051
[hyperbolic] global_step=20912/72000 local_updates=5228 loss=0.10488156 recon=0.00014434
[hyperbolic] global_step=21052/72000 local_updates=5263 loss=0.10572448 recon=0.00015951
[hyperbolic] global_step=21188/72000 local_updates=5297 loss=0.10463604 recon=0.00014507
[hyperbolic] global_step=21324/72000 local_updates=5331 loss=0.10441140 recon=0.00014527
[hyperbolic] global_step=21468/72000 local_updates=5367 loss=0.10554080 recon=0.00015508
[hyperbolic] global_step=21608/72000 local_updates=5402 loss=0.10518957 recon=0.00014956
[hyperbolic] global_step=21752/72000 local_updates=5438 loss=0.10701929 recon=0.00013795
[hyperbolic] global_step=21884/72000 local_updates=5471 loss=0.10578021 recon=0.00014872
[hyperbolic] global_step=22012/72000 local_updates=5503 loss=0.10532647 recon=0.00015123
[hyperbolic] global_step=22140/72000 local_updates=5535 loss=0.10622977 recon=0.00014898
[hyperbolic] global_step=22276/72000 local_updates=5569 loss=0.10626471 recon=0.00013213
[hyperbolic] global_step=22404/72000 local_updates=5601 loss=0.10559694 recon=0.00013920
[hyperbolic] global_step=22536/72000 local_updates=5634 loss=0.10515474 recon=0.00014041
[hyperbolic] global_step=22676/72000 local_updates=5669 loss=0.10755555 recon=0.00014601
[hyperbolic] global_step=22808/72000 local_updates=5702 loss=0.10643119 recon=0.00016414
[hyperbolic] global_step=22948/72000 local_updates=5737 loss=0.10540536 recon=0.00014323
[hyperbolic] global_step=23096/72000 local_updates=5774 loss=0.10483211 recon=0.00014716
[hyperbolic] global_step=23224/72000 local_updates=5806 loss=0.10811178 recon=0.00014392
[hyperbolic] global_step=23360/72000 local_updates=5840 loss=0.10516309 recon=0.00015344
[hyperbolic] global_step=23500/72000 local_updates=5875 loss=0.10399356 recon=0.00014381
[hyperbolic] global_step=23632/72000 local_updates=5908 loss=0.10562886 recon=0.00014283
[hyperbolic] global_step=23764/72000 local_updates=5941 loss=0.10457643 recon=0.00013709
[hyperbolic] global_step=23900/72000 local_updates=5975 loss=0.10458270 recon=0.00015255
[hyperbolic] global_step=24044/72000 local_updates=6011 loss=0.10606275 recon=0.00015525
[hyperbolic] global_step=24176/72000 local_updates=6044 loss=0.10656153 recon=0.00013820
[hyperbolic] global_step=24300/72000 local_updates=6075 loss=0.10433430 recon=0.00015356
[hyperbolic] global_step=24436/72000 local_updates=6109 loss=0.10527323 recon=0.00015522
[hyperbolic] global_step=24572/72000 local_updates=6143 loss=0.10734638 recon=0.00015152
[hyperbolic] global_step=24696/72000 local_updates=6174 loss=0.10793431 recon=0.00014771
[hyperbolic] global_step=24836/72000 local_updates=6209 loss=0.10628262 recon=0.00014242
[hyperbolic] global_step=24964/72000 local_updates=6241 loss=0.10708288 recon=0.00014571
[hyperbolic] global_step=25108/72000 local_updates=6277 loss=0.10761261 recon=0.00014304
[hyperbolic] global_step=25256/72000 local_updates=6314 loss=0.10672908 recon=0.00014478
[hyperbolic] global_step=25396/72000 local_updates=6349 loss=0.10443102 recon=0.00013590
[hyperbolic] global_step=25540/72000 local_updates=6385 loss=0.10698800 recon=0.00013671
[hyperbolic] global_step=25680/72000 local_updates=6420 loss=0.10610095 recon=0.00015650
[hyperbolic] global_step=25820/72000 local_updates=6455 loss=0.10526235 recon=0.00014051
[hyperbolic] global_step=25960/72000 local_updates=6490 loss=0.10579602 recon=0.00015282
[hyperbolic] global_step=26092/72000 local_updates=6523 loss=0.10870662 recon=0.00016148
[hyperbolic] global_step=26232/72000 local_updates=6558 loss=0.10652447 recon=0.00014226
[hyperbolic] global_step=26384/72000 local_updates=6596 loss=0.10638686 recon=0.00013701
[hyperbolic] global_step=26524/72000 local_updates=6631 loss=0.10769490 recon=0.00013260
[hyperbolic] global_step=26656/72000 local_updates=6664 loss=0.10548190 recon=0.00014424
[hyperbolic] global_step=26796/72000 local_updates=6699 loss=0.10536775 recon=0.00014953
[hyperbolic] global_step=26936/72000 local_updates=6734 loss=0.10686593 recon=0.00014897
[hyperbolic] global_step=27084/72000 local_updates=6771 loss=0.10513156 recon=0.00014441
[hyperbolic] global_step=27224/72000 local_updates=6806 loss=0.10682695 recon=0.00015052
[hyperbolic] global_step=27360/72000 local_updates=6840 loss=0.10616075 recon=0.00014209
[hyperbolic] global_step=27504/72000 local_updates=6876 loss=0.10404207 recon=0.00014095
[hyperbolic] global_step=27644/72000 local_updates=6911 loss=0.10551164 recon=0.00013888
[hyperbolic] global_step=27792/72000 local_updates=6948 loss=0.10486557 recon=0.00012281
[hyperbolic] global_step=27924/72000 local_updates=6981 loss=0.10562015 recon=0.00013749
[hyperbolic] global_step=28072/72000 local_updates=7018 loss=0.10508256 recon=0.00014664
[hyperbolic] global_step=28212/72000 local_updates=7053 loss=0.10477196 recon=0.00015112
[hyperbolic] global_step=28340/72000 local_updates=7085 loss=0.10559583 recon=0.00013170
[hyperbolic] global_step=28480/72000 local_updates=7120 loss=0.10652485 recon=0.00014944
[hyperbolic] global_step=28624/72000 local_updates=7156 loss=0.10422331 recon=0.00015135
[hyperbolic] global_step=28772/72000 local_updates=7193 loss=0.10629489 recon=0.00014298
[hyperbolic] global_step=28916/72000 local_updates=7229 loss=0.10620844 recon=0.00015876
[hyperbolic] global_step=29056/72000 local_updates=7264 loss=0.10378581 recon=0.00013874
[hyperbolic] global_step=29200/72000 local_updates=7300 loss=0.10632440 recon=0.00015810
[hyperbolic] global_step=29340/72000 local_updates=7335 loss=0.10491420 recon=0.00014440
[hyperbolic] global_step=29488/72000 local_updates=7372 loss=0.10636193 recon=0.00014420
[hyperbolic] global_step=29628/72000 local_updates=7407 loss=0.10585973 recon=0.00014362
[hyperbolic] global_step=29776/72000 local_updates=7444 loss=0.10422066 recon=0.00014790
[hyperbolic] global_step=29928/72000 local_updates=7482 loss=0.10491946 recon=0.00015668
[hyperbolic] global_step=30000/72000 loss=0.10565369 recon=0.00014674 c=[1.0, 1.5, 1.0] epsilon=[0.003, 0.003, 0.003] raw_unique=24552/24587 collision=0.001424 behaviour=0.17940579 codebook_used=[256, 256, 256]
[hyperbolic] global_step=30152/72000 local_updates=7538 loss=0.10445468 recon=0.00013595
[hyperbolic] global_step=30308/72000 local_updates=7577 loss=0.10496031 recon=0.00014720
[hyperbolic] global_step=30448/72000 local_updates=7612 loss=0.10469741 recon=0.00015049
[hyperbolic] global_step=30584/72000 local_updates=7646 loss=0.10355049 recon=0.00014107
[hyperbolic] global_step=30736/72000 local_updates=7684 loss=0.10718829 recon=0.00014207
[hyperbolic] global_step=30884/72000 local_updates=7721 loss=0.10454263 recon=0.00015661
[hyperbolic] global_step=31024/72000 local_updates=7756 loss=0.10682404 recon=0.00013833
[hyperbolic] global_step=31172/72000 local_updates=7793 loss=0.10545915 recon=0.00015300
[hyperbolic] global_step=31312/72000 local_updates=7828 loss=0.10532496 recon=0.00014584
[hyperbolic] global_step=31464/72000 local_updates=7866 loss=0.10411096 recon=0.00015126
[hyperbolic] global_step=31608/72000 local_updates=7902 loss=0.10531221 recon=0.00015205
[hyperbolic] global_step=31752/72000 local_updates=7938 loss=0.10634354 recon=0.00016247
[hyperbolic] global_step=31904/72000 local_updates=7976 loss=0.10483898 recon=0.00015243
[hyperbolic] global_step=32056/72000 local_updates=8014 loss=0.10589363 recon=0.00015039
[hyperbolic] global_step=32208/72000 local_updates=8052 loss=0.10376574 recon=0.00014069
[hyperbolic] global_step=32360/72000 local_updates=8090 loss=0.10732982 recon=0.00014470
[hyperbolic] global_step=32504/72000 local_updates=8126 loss=0.10532779 recon=0.00015553
[hyperbolic] global_step=32656/72000 local_updates=8164 loss=0.10473584 recon=0.00014047
[hyperbolic] global_step=32800/72000 local_updates=8200 loss=0.10572904 recon=0.00014011
[hyperbolic] global_step=32948/72000 local_updates=8237 loss=0.10513116 recon=0.00014285
[hyperbolic] global_step=33092/72000 local_updates=8273 loss=0.10350915 recon=0.00014515
[hyperbolic] global_step=33228/72000 local_updates=8307 loss=0.10777336 recon=0.00014671
[hyperbolic] global_step=33376/72000 local_updates=8344 loss=0.10717421 recon=0.00013509
[hyperbolic] global_step=33516/72000 local_updates=8379 loss=0.10485066 recon=0.00014978
[hyperbolic] global_step=33660/72000 local_updates=8415 loss=0.10501745 recon=0.00013973
[hyperbolic] global_step=33804/72000 local_updates=8451 loss=0.10573949 recon=0.00015056
[hyperbolic] global_step=33944/72000 local_updates=8486 loss=0.10599515 recon=0.00014881
[hyperbolic] global_step=34092/72000 local_updates=8523 loss=0.10456736 recon=0.00013229
[hyperbolic] global_step=34240/72000 local_updates=8560 loss=0.10597172 recon=0.00015792
[hyperbolic] global_step=34376/72000 local_updates=8594 loss=0.10446147 recon=0.00015885
[hyperbolic] global_step=34516/72000 local_updates=8629 loss=0.10683767 recon=0.00015656
[hyperbolic] global_step=34656/72000 local_updates=8664 loss=0.10768825 recon=0.00015177
[hyperbolic] global_step=34800/72000 local_updates=8700 loss=0.10590525 recon=0.00013907
[hyperbolic] global_step=34944/72000 local_updates=8736 loss=0.10320403 recon=0.00015425
[hyperbolic] global_step=35092/72000 local_updates=8773 loss=0.10393864 recon=0.00015171
[hyperbolic] global_step=35244/72000 local_updates=8811 loss=0.10654975 recon=0.00015660
[hyperbolic] global_step=35396/72000 local_updates=8849 loss=0.10903621 recon=0.00014272
[hyperbolic] global_step=35544/72000 local_updates=8886 loss=0.10586657 recon=0.00014182
[hyperbolic] global_step=35692/72000 local_updates=8923 loss=0.10584230 recon=0.00013356
[hyperbolic] global_step=35832/72000 local_updates=8958 loss=0.10400002 recon=0.00015160
[hyperbolic] global_step=35976/72000 local_updates=8994 loss=0.10377723 recon=0.00014770
[hyperbolic] global_step=36124/72000 local_updates=9031 loss=0.10649242 recon=0.00013644
[hyperbolic] global_step=36280/72000 local_updates=9070 loss=0.10617513 recon=0.00015841
[hyperbolic] global_step=36424/72000 local_updates=9106 loss=0.10648601 recon=0.00013716
[hyperbolic] global_step=36576/72000 local_updates=9144 loss=0.10441376 recon=0.00014755
[hyperbolic] global_step=36732/72000 local_updates=9183 loss=0.10469727 recon=0.00013984
[hyperbolic] global_step=36872/72000 local_updates=9218 loss=0.10535031 recon=0.00013998
[hyperbolic] global_step=37016/72000 local_updates=9254 loss=0.10577750 recon=0.00014423
[hyperbolic] global_step=37160/72000 local_updates=9290 loss=0.10398357 recon=0.00013487
[hyperbolic] global_step=37308/72000 local_updates=9327 loss=0.10498576 recon=0.00013188
[hyperbolic] global_step=37460/72000 local_updates=9365 loss=0.10642639 recon=0.00014113
[hyperbolic] global_step=37612/72000 local_updates=9403 loss=0.10525332 recon=0.00015350
[hyperbolic] global_step=37756/72000 local_updates=9439 loss=0.10468427 recon=0.00014241
[hyperbolic] global_step=37912/72000 local_updates=9478 loss=0.10616758 recon=0.00013982
[hyperbolic] global_step=38068/72000 local_updates=9517 loss=0.10482334 recon=0.00014932
[hyperbolic] global_step=38216/72000 local_updates=9554 loss=0.10599629 recon=0.00014965
[hyperbolic] global_step=38372/72000 local_updates=9593 loss=0.10496794 recon=0.00014961
[hyperbolic] global_step=38520/72000 local_updates=9630 loss=0.10723677 recon=0.00015041
[hyperbolic] global_step=38664/72000 local_updates=9666 loss=0.10373168 recon=0.00015031
[hyperbolic] global_step=38820/72000 local_updates=9705 loss=0.10566527 recon=0.00013815
[hyperbolic] global_step=38968/72000 local_updates=9742 loss=0.10611340 recon=0.00014654
[hyperbolic] global_step=39128/72000 local_updates=9782 loss=0.10329765 recon=0.00013625
[hyperbolic] global_step=39272/72000 local_updates=9818 loss=0.10395101 recon=0.00013825
[hyperbolic] global_step=39432/72000 local_updates=9858 loss=0.10510435 recon=0.00014086
[hyperbolic] global_step=39588/72000 local_updates=9897 loss=0.10500745 recon=0.00014262
[hyperbolic] global_step=39748/72000 local_updates=9937 loss=0.10325000 recon=0.00014522
[hyperbolic] global_step=39904/72000 local_updates=9976 loss=0.10727973 recon=0.00013839
[hyperbolic] global_step=40000/72000 loss=0.10541661 recon=0.00014560 c=[1.0, 1.5, 1.0] epsilon=[0.003, 0.003, 0.003] raw_unique=24552/24587 collision=0.001424 behaviour=0.17239087 codebook_used=[256, 256, 256]
[hyperbolic] global_step=40156/72000 local_updates=10039 loss=0.10594873 recon=0.00014877
[hyperbolic] global_step=40316/72000 local_updates=10079 loss=0.10582480 recon=0.00013925
[hyperbolic] global_step=40464/72000 local_updates=10116 loss=0.10491027 recon=0.00014458
[hyperbolic] global_step=40620/72000 local_updates=10155 loss=0.10619047 recon=0.00015422
[hyperbolic] global_step=40768/72000 local_updates=10192 loss=0.10351102 recon=0.00014114
[hyperbolic] global_step=40928/72000 local_updates=10232 loss=0.10419849 recon=0.00013514
[hyperbolic] global_step=41084/72000 local_updates=10271 loss=0.10587635 recon=0.00013504
[hyperbolic] global_step=41244/72000 local_updates=10311 loss=0.10538602 recon=0.00016273
[hyperbolic] global_step=41400/72000 local_updates=10350 loss=0.10452382 recon=0.00015547
[hyperbolic] global_step=41560/72000 local_updates=10390 loss=0.10626521 recon=0.00016111
[hyperbolic] global_step=41704/72000 local_updates=10426 loss=0.10633370 recon=0.00013452
[hyperbolic] global_step=41860/72000 local_updates=10465 loss=0.10489500 recon=0.00014910
[hyperbolic] global_step=42012/72000 local_updates=10503 loss=0.10462124 recon=0.00014417
[hyperbolic] global_step=42168/72000 local_updates=10542 loss=0.10343918 recon=0.00015498
[hyperbolic] global_step=42332/72000 local_updates=10583 loss=0.10466321 recon=0.00013769
[hyperbolic] global_step=42496/72000 local_updates=10624 loss=0.10401061 recon=0.00014126
[hyperbolic] global_step=42652/72000 local_updates=10663 loss=0.10314951 recon=0.00013715
[hyperbolic] global_step=42808/72000 local_updates=10702 loss=0.10442825 recon=0.00013825
[hyperbolic] global_step=42956/72000 local_updates=10739 loss=0.10666967 recon=0.00014015
[hyperbolic] global_step=43108/72000 local_updates=10777 loss=0.10639972 recon=0.00013762
[hyperbolic] global_step=43252/72000 local_updates=10813 loss=0.10556526 recon=0.00015414
[hyperbolic] global_step=43404/72000 local_updates=10851 loss=0.10403338 recon=0.00013496
[hyperbolic] global_step=43560/72000 local_updates=10890 loss=0.10581088 recon=0.00016001
[hyperbolic] global_step=43708/72000 local_updates=10927 loss=0.10467874 recon=0.00014545
[hyperbolic] global_step=43868/72000 local_updates=10967 loss=0.10612050 recon=0.00014958
[hyperbolic] global_step=44028/72000 local_updates=11007 loss=0.10595860 recon=0.00016354
[hyperbolic] global_step=44192/72000 local_updates=11048 loss=0.10480298 recon=0.00013718
[hyperbolic] global_step=44352/72000 local_updates=11088 loss=0.10461751 recon=0.00014211
[hyperbolic] global_step=44504/72000 local_updates=11126 loss=0.10474100 recon=0.00014297
[hyperbolic] global_step=44656/72000 local_updates=11164 loss=0.10559623 recon=0.00015262
[hyperbolic] global_step=44808/72000 local_updates=11202 loss=0.10622691 recon=0.00015628
[hyperbolic] global_step=44972/72000 local_updates=11243 loss=0.10526629 recon=0.00015018
[hyperbolic] global_step=45132/72000 local_updates=11283 loss=0.10522682 recon=0.00014654
[hyperbolic] global_step=45296/72000 local_updates=11324 loss=0.10539922 recon=0.00014698
[hyperbolic] global_step=45456/72000 local_updates=11364 loss=0.10444874 recon=0.00014022
[hyperbolic] global_step=45624/72000 local_updates=11406 loss=0.10521796 recon=0.00015659
[hyperbolic] global_step=45772/72000 local_updates=11443 loss=0.10561769 recon=0.00014342
[hyperbolic] global_step=45932/72000 local_updates=11483 loss=0.10526374 recon=0.00014174
[hyperbolic] global_step=46088/72000 local_updates=11522 loss=0.10447682 recon=0.00013104
[hyperbolic] global_step=46240/72000 local_updates=11560 loss=0.10595438 recon=0.00014064
[hyperbolic] global_step=46392/72000 local_updates=11598 loss=0.10435787 recon=0.00014245
[hyperbolic] global_step=46544/72000 local_updates=11636 loss=0.10508543 recon=0.00013741
[hyperbolic] global_step=46708/72000 local_updates=11677 loss=0.10670460 recon=0.00014604
[hyperbolic] global_step=46872/72000 local_updates=11718 loss=0.10524448 recon=0.00012739
[hyperbolic] global_step=47024/72000 local_updates=11756 loss=0.10474005 recon=0.00013593
[hyperbolic] global_step=47188/72000 local_updates=11797 loss=0.10570068 recon=0.00015293
[hyperbolic] global_step=47344/72000 local_updates=11836 loss=0.10575781 recon=0.00013667
[hyperbolic] global_step=47496/72000 local_updates=11874 loss=0.10541413 recon=0.00015601
[hyperbolic] global_step=47660/72000 local_updates=11915 loss=0.10485099 recon=0.00014965
[hyperbolic] global_step=47808/72000 local_updates=11952 loss=0.10512656 recon=0.00014925
[hyperbolic] global_step=47964/72000 local_updates=11991 loss=0.10360868 recon=0.00014614
[hyperbolic] global_step=48120/72000 local_updates=12030 loss=0.10515953 recon=0.00014662
[hyperbolic] global_step=48272/72000 local_updates=12068 loss=0.10656327 recon=0.00015786
[hyperbolic] global_step=48428/72000 local_updates=12107 loss=0.10524096 recon=0.00014677
[hyperbolic] global_step=48580/72000 local_updates=12145 loss=0.10517950 recon=0.00014921
[hyperbolic] global_step=48728/72000 local_updates=12182 loss=0.10561430 recon=0.00013033
[hyperbolic] global_step=48888/72000 local_updates=12222 loss=0.10483401 recon=0.00013518
[hyperbolic] global_step=49044/72000 local_updates=12261 loss=0.10599016 recon=0.00013850
[hyperbolic] global_step=49200/72000 local_updates=12300 loss=0.10511091 recon=0.00013835
[hyperbolic] global_step=49360/72000 local_updates=12340 loss=0.10534428 recon=0.00014281
[hyperbolic] global_step=49508/72000 local_updates=12377 loss=0.10597393 recon=0.00016205
[hyperbolic] global_step=49672/72000 local_updates=12418 loss=0.10417832 recon=0.00014126
[hyperbolic] global_step=49820/72000 local_updates=12455 loss=0.10520972 recon=0.00014762
[hyperbolic] global_step=49976/72000 local_updates=12494 loss=0.10528816 recon=0.00014550
[hyperbolic] global_step=50000/72000 loss=0.10525420 recon=0.00014509 c=[1.0, 1.5, 1.0] epsilon=[0.003, 0.003, 0.003] raw_unique=24553/24587 collision=0.001383 behaviour=0.16733100 codebook_used=[256, 256, 256]
[hyperbolic] global_step=50152/72000 local_updates=12538 loss=0.10578594 recon=0.00013132
[hyperbolic] global_step=50308/72000 local_updates=12577 loss=0.10622264 recon=0.00014773
[hyperbolic] global_step=50464/72000 local_updates=12616 loss=0.10641071 recon=0.00014679
[hyperbolic] global_step=50628/72000 local_updates=12657 loss=0.10591926 recon=0.00014887
[hyperbolic] global_step=50788/72000 local_updates=12697 loss=0.10388754 recon=0.00014082
[hyperbolic] global_step=50940/72000 local_updates=12735 loss=0.10668263 recon=0.00013900
[hyperbolic] global_step=51092/72000 local_updates=12773 loss=0.10414995 recon=0.00014000
[hyperbolic] global_step=51248/72000 local_updates=12812 loss=0.10562579 recon=0.00015356
[hyperbolic] global_step=51404/72000 local_updates=12851 loss=0.10618612 recon=0.00015657
[hyperbolic] global_step=51552/72000 local_updates=12888 loss=0.10561879 recon=0.00013218
[hyperbolic] global_step=51716/72000 local_updates=12929 loss=0.10703371 recon=0.00013778
[hyperbolic] global_step=51880/72000 local_updates=12970 loss=0.10426069 recon=0.00013683
[hyperbolic] global_step=52036/72000 local_updates=13009 loss=0.10387831 recon=0.00015173
[hyperbolic] global_step=52188/72000 local_updates=13047 loss=0.10235108 recon=0.00013567
[hyperbolic] global_step=52340/72000 local_updates=13085 loss=0.10482042 recon=0.00015849
[hyperbolic] global_step=52500/72000 local_updates=13125 loss=0.10495188 recon=0.00015840
[hyperbolic] global_step=52664/72000 local_updates=13166 loss=0.10433841 recon=0.00015547
[hyperbolic] global_step=52820/72000 local_updates=13205 loss=0.10616586 recon=0.00015000
[hyperbolic] global_step=52976/72000 local_updates=13244 loss=0.10483834 recon=0.00014406
[hyperbolic] global_step=53128/72000 local_updates=13282 loss=0.10425214 recon=0.00013930
[hyperbolic] global_step=53304/72000 local_updates=13326 loss=0.10506929 recon=0.00015479
[hyperbolic] global_step=53464/72000 local_updates=13366 loss=0.10525892 recon=0.00014571
[hyperbolic] global_step=53616/72000 local_updates=13404 loss=0.10562754 recon=0.00014824
[hyperbolic] global_step=53788/72000 local_updates=13447 loss=0.10481916 recon=0.00014714
[hyperbolic] global_step=53960/72000 local_updates=13490 loss=0.10468918 recon=0.00016240
[hyperbolic] global_step=54128/72000 local_updates=13532 loss=0.10398121 recon=0.00013796
[hyperbolic] global_step=54292/72000 local_updates=13573 loss=0.10474779 recon=0.00015966
[hyperbolic] global_step=54452/72000 local_updates=13613 loss=0.10576618 recon=0.00014331
[hyperbolic] global_step=54620/72000 local_updates=13655 loss=0.10533729 recon=0.00015452
[hyperbolic] global_step=54776/72000 local_updates=13694 loss=0.10530128 recon=0.00015069
[hyperbolic] global_step=54940/72000 local_updates=13735 loss=0.10524587 recon=0.00015701
[hyperbolic] global_step=55096/72000 local_updates=13774 loss=0.10331193 recon=0.00015904
[hyperbolic] global_step=55256/72000 local_updates=13814 loss=0.10562009 recon=0.00015189
[hyperbolic] global_step=55420/72000 local_updates=13855 loss=0.10670208 recon=0.00013789
[hyperbolic] global_step=55588/72000 local_updates=13897 loss=0.10452627 recon=0.00014313
[hyperbolic] global_step=55752/72000 local_updates=13938 loss=0.10473296 recon=0.00014632
[hyperbolic] global_step=55908/72000 local_updates=13977 loss=0.10608778 recon=0.00014703
[hyperbolic] global_step=56064/72000 local_updates=14016 loss=0.10521612 recon=0.00015351
[hyperbolic] global_step=56212/72000 local_updates=14053 loss=0.10432918 recon=0.00014590
[hyperbolic] global_step=56364/72000 local_updates=14091 loss=0.10615680 recon=0.00013862
[hyperbolic] global_step=56512/72000 local_updates=14128 loss=0.10724150 recon=0.00015202
[hyperbolic] global_step=56664/72000 local_updates=14166 loss=0.10744645 recon=0.00013604
[hyperbolic] global_step=56824/72000 local_updates=14206 loss=0.10386506 recon=0.00015017
[hyperbolic] global_step=56984/72000 local_updates=14246 loss=0.10483439 recon=0.00013784
[hyperbolic] global_step=57156/72000 local_updates=14289 loss=0.10442411 recon=0.00016092
[hyperbolic] global_step=57320/72000 local_updates=14330 loss=0.10536946 recon=0.00013430
[hyperbolic] global_step=57480/72000 local_updates=14370 loss=0.10742121 recon=0.00014699
[hyperbolic] global_step=57644/72000 local_updates=14411 loss=0.10479711 recon=0.00012826
[hyperbolic] global_step=57808/72000 local_updates=14452 loss=0.10370894 recon=0.00013463
[hyperbolic] global_step=57972/72000 local_updates=14493 loss=0.10581166 recon=0.00013916
[hyperbolic] global_step=58132/72000 local_updates=14533 loss=0.10583018 recon=0.00014380
[hyperbolic] global_step=58292/72000 local_updates=14573 loss=0.10529302 recon=0.00015751
[hyperbolic] global_step=58456/72000 local_updates=14614 loss=0.10362806 recon=0.00012788
[hyperbolic] global_step=58620/72000 local_updates=14655 loss=0.10400689 recon=0.00014930
[hyperbolic] global_step=58780/72000 local_updates=14695 loss=0.10297987 recon=0.00014971
[hyperbolic] global_step=58944/72000 local_updates=14736 loss=0.10523316 recon=0.00014789
[hyperbolic] global_step=59104/72000 local_updates=14776 loss=0.10652744 recon=0.00014047
[hyperbolic] global_step=59268/72000 local_updates=14817 loss=0.10575342 recon=0.00014456
[hyperbolic] global_step=59432/72000 local_updates=14858 loss=0.10575128 recon=0.00015470
[hyperbolic] global_step=59604/72000 local_updates=14901 loss=0.10436382 recon=0.00015272
[hyperbolic] global_step=59776/72000 local_updates=14944 loss=0.10421814 recon=0.00014762
[hyperbolic] global_step=59948/72000 local_updates=14987 loss=0.10814356 recon=0.00013974
[hyperbolic] global_step=60000/72000 loss=0.10515517 recon=0.00014474 c=[1.0, 1.5, 1.0] epsilon=[0.003, 0.003, 0.003] raw_unique=24554/24587 collision=0.001342 behaviour=0.16341764 codebook_used=[256, 256, 256]
[hyperbolic] global_step=60164/72000 local_updates=15041 loss=0.10469889 recon=0.00014722
[hyperbolic] global_step=60328/72000 local_updates=15082 loss=0.10523517 recon=0.00014270
[hyperbolic] global_step=60492/72000 local_updates=15123 loss=0.10550310 recon=0.00013704
[hyperbolic] global_step=60656/72000 local_updates=15164 loss=0.10318729 recon=0.00016187
[hyperbolic] global_step=60828/72000 local_updates=15207 loss=0.10500754 recon=0.00015551
[hyperbolic] global_step=60996/72000 local_updates=15249 loss=0.10461778 recon=0.00013833
[hyperbolic] global_step=61160/72000 local_updates=15290 loss=0.10338983 recon=0.00014709
[hyperbolic] global_step=61320/72000 local_updates=15330 loss=0.10556536 recon=0.00013971
[hyperbolic] global_step=61480/72000 local_updates=15370 loss=0.10478289 recon=0.00014117
[hyperbolic] global_step=61640/72000 local_updates=15410 loss=0.10531880 recon=0.00014515
[hyperbolic] global_step=61812/72000 local_updates=15453 loss=0.10753593 recon=0.00014125
[hyperbolic] global_step=61980/72000 local_updates=15495 loss=0.10555301 recon=0.00014842
[hyperbolic] global_step=62144/72000 local_updates=15536 loss=0.10426829 recon=0.00012801
[hyperbolic] global_step=62316/72000 local_updates=15579 loss=0.10462327 recon=0.00015037
[hyperbolic] global_step=62480/72000 local_updates=15620 loss=0.10535602 recon=0.00013802
[hyperbolic] global_step=62644/72000 local_updates=15661 loss=0.10523423 recon=0.00013918
[hyperbolic] global_step=62804/72000 local_updates=15701 loss=0.10420576 recon=0.00014313
[hyperbolic] global_step=62980/72000 local_updates=15745 loss=0.10624693 recon=0.00013600
[hyperbolic] global_step=63148/72000 local_updates=15787 loss=0.10350074 recon=0.00014439
[hyperbolic] global_step=63316/72000 local_updates=15829 loss=0.10538343 recon=0.00015135
[hyperbolic] global_step=63476/72000 local_updates=15869 loss=0.10400157 recon=0.00014503
[hyperbolic] global_step=63632/72000 local_updates=15908 loss=0.10638480 recon=0.00014521
[hyperbolic] global_step=63796/72000 local_updates=15949 loss=0.10308420 recon=0.00014241
[hyperbolic] global_step=63964/72000 local_updates=15991 loss=0.10604704 recon=0.00015697
[hyperbolic] global_step=64132/72000 local_updates=16033 loss=0.10367784 recon=0.00013774
[hyperbolic] global_step=64308/72000 local_updates=16077 loss=0.10301624 recon=0.00012859
[hyperbolic] global_step=64480/72000 local_updates=16120 loss=0.10410276 recon=0.00013267
[hyperbolic] global_step=64644/72000 local_updates=16161 loss=0.10441037 recon=0.00014238
[hyperbolic] global_step=64812/72000 local_updates=16203 loss=0.10572703 recon=0.00013923
[hyperbolic] global_step=64976/72000 local_updates=16244 loss=0.10466443 recon=0.00016609
[hyperbolic] global_step=65148/72000 local_updates=16287 loss=0.10435683 recon=0.00014363
[hyperbolic] global_step=65312/72000 local_updates=16328 loss=0.10618544 recon=0.00013543
[hyperbolic] global_step=65488/72000 local_updates=16372 loss=0.10464504 recon=0.00014557
[hyperbolic] global_step=65664/72000 local_updates=16416 loss=0.10482734 recon=0.00014781
[hyperbolic] global_step=65840/72000 local_updates=16460 loss=0.10586300 recon=0.00014951
[hyperbolic] global_step=66016/72000 local_updates=16504 loss=0.10431683 recon=0.00013186
[hyperbolic] global_step=66192/72000 local_updates=16548 loss=0.10669813 recon=0.00012365
[hyperbolic] global_step=66372/72000 local_updates=16593 loss=0.10471126 recon=0.00014283
[hyperbolic] global_step=66536/72000 local_updates=16634 loss=0.10587790 recon=0.00012043
[hyperbolic] global_step=66704/72000 local_updates=16676 loss=0.10460260 recon=0.00013158
[hyperbolic] global_step=66868/72000 local_updates=16717 loss=0.10460065 recon=0.00013887
[hyperbolic] global_step=67040/72000 local_updates=16760 loss=0.10433628 recon=0.00015378
[hyperbolic] global_step=67196/72000 local_updates=16799 loss=0.10466948 recon=0.00014488
[hyperbolic] global_step=67360/72000 local_updates=16840 loss=0.10601914 recon=0.00015626
[hyperbolic] global_step=67520/72000 local_updates=16880 loss=0.10316534 recon=0.00014202
[hyperbolic] global_step=67696/72000 local_updates=16924 loss=0.10460566 recon=0.00015005
[hyperbolic] global_step=67868/72000 local_updates=16967 loss=0.10322709 recon=0.00013530
[hyperbolic] global_step=68044/72000 local_updates=17011 loss=0.10334452 recon=0.00015116
[hyperbolic] global_step=68220/72000 local_updates=17055 loss=0.10460751 recon=0.00014641
[hyperbolic] global_step=68380/72000 local_updates=17095 loss=0.10571627 recon=0.00015807
[hyperbolic] global_step=68560/72000 local_updates=17140 loss=0.10509101 recon=0.00014851
[hyperbolic] global_step=68732/72000 local_updates=17183 loss=0.10503128 recon=0.00014268
[hyperbolic] global_step=68912/72000 local_updates=17228 loss=0.10415439 recon=0.00014721
[hyperbolic] global_step=69072/72000 local_updates=17268 loss=0.10516448 recon=0.00015429
[hyperbolic] global_step=69252/72000 local_updates=17313 loss=0.10565836 recon=0.00016373
[hyperbolic] global_step=69420/72000 local_updates=17355 loss=0.10544621 recon=0.00014476
[hyperbolic] global_step=69592/72000 local_updates=17398 loss=0.10513354 recon=0.00014240
[hyperbolic] global_step=69760/72000 local_updates=17440 loss=0.10416536 recon=0.00014975
[hyperbolic] global_step=69932/72000 local_updates=17483 loss=0.10564876 recon=0.00015273
[hyperbolic] global_step=70000/72000 loss=0.10491512 recon=0.00014407 c=[1.0, 1.5, 1.0] epsilon=[0.003, 0.003, 0.003] raw_unique=24553/24587 collision=0.001383 behaviour=0.16038776 codebook_used=[256, 256, 256]
[hyperbolic] global_step=70160/72000 local_updates=17540 loss=0.10431636 recon=0.00015425
[hyperbolic] global_step=70328/72000 local_updates=17582 loss=0.10456695 recon=0.00014207
[hyperbolic] global_step=70488/72000 local_updates=17622 loss=0.10748781 recon=0.00013642
[hyperbolic] global_step=70668/72000 local_updates=17667 loss=0.10459078 recon=0.00016771
[hyperbolic] global_step=70836/72000 local_updates=17709 loss=0.10276906 recon=0.00015232
[hyperbolic] global_step=71008/72000 local_updates=17752 loss=0.10456973 recon=0.00015038
[hyperbolic] global_step=71172/72000 local_updates=17793 loss=0.10494160 recon=0.00013317
[hyperbolic] global_step=71348/72000 local_updates=17837 loss=0.10648400 recon=0.00015454
[hyperbolic] global_step=71516/72000 local_updates=17879 loss=0.10622362 recon=0.00013462
[hyperbolic] global_step=71684/72000 local_updates=17921 loss=0.10513002 recon=0.00013996
[hyperbolic] global_step=71856/72000 local_updates=17964 loss=0.10377182 recon=0.00013665
[hyperbolic] global_step=72000/72000 loss=0.10481962 recon=0.00014374 c=[1.0, 1.5, 1.0] epsilon=[0.003, 0.003, 0.003] raw_unique=24555/24587 collision=0.001302 behaviour=0.15870115 codebook_used=[256, 256, 256]
