2026-09-21 16:02:02,103 - INFO - Configuration: {'batch_size': 4096, 'infer_size': 1024, 'num_epochs': 150, 'eval_interval': 5, 'eval_start_epoch': 200, 'early_eval_epochs': (50, 100, 150), 'early_stop': 10, 'fast': True, 'bf16': True, 'strict_deterministic': False, 'use_lr_scheduler': True, 'lr_warmup_pct': 0.05, 'lr_min_factor': 0.1, 'compile': False, 'compile_mode': 'default', 'num_layers': 4, 'num_decoder_layers': 4, 'd_model': 128, 'd_ff': 1024, 'num_heads': 6, 'd_kv': 64, 'dropout_rate': 0.1, 'activation_function': 'relu', 'feed_forward_proj': 'relu', 'device': 'cuda', 'lr': 0.003, 'weight_decay': 0.05, 'vocab_size': 784, 'eos_token_id': 783, 'pad_token_id': 0, 'n_user_tokens': 1, 'max_len': 20, 'dataset_name': 'Amazon_2023_Instruments', 'dataset_path': './dataset/', 'codebook_size': [256, 256, 256, 1], 'code_path': 'item_sids_recbole.json', 'train_file': 'train_recbole.parquet', 'valid_file': 'valid_recbole.parquet', 'test_file': 'test_recbole.parquet', 'log_path': './logs/tiger_baseline/', 'save_path': './ckpt/tiger_baseline/', 'seed': 42, 'topk_list': [5, 10], 'beam_size': 20, 'no_eval': False, 'skip_test': False, 'screen_baseline_log': '', 'screen_start_epoch': 40, 'screen_window': 5, 'screen_min_ndcg_gain': 0.001, 'screen_min_recall_gain': 0.001, 'screen_skip_test_on_fail': True, 'num_workers': 16, 'prefetch_factor': 8, 'exclude_history': True, 'no_exclude_history': False, 'pin_memory': True, 'no_pin_memory': False, 'sid_length': 4, 'max_token_seq_len': 82, 'decoder_start_token_id': 0}
2026-09-21 16:02:02,176 - INFO - #Embedding parameters: 100352
#Non-embedding parameters: 4459648
#Total trainable parameters: 4560000

2026-09-21 16:02:19,377 - INFO - Epoch 1/150 train_loss=4.812231636047363
2026-09-21 16:02:34,391 - INFO - Epoch 2/150 train_loss=4.089833822250366
2026-09-21 16:02:49,346 - INFO - Epoch 3/150 train_loss=3.836840353012085
2026-09-21 16:03:04,340 - INFO - Epoch 4/150 train_loss=3.6970001220703126
2026-09-21 16:03:19,301 - INFO - Epoch 5/150 train_loss=3.535722246170044
2026-09-21 16:03:34,168 - INFO - Epoch 6/150 train_loss=3.506187343597412
2026-09-21 16:03:49,218 - INFO - Epoch 7/150 train_loss=3.408903169631958
2026-09-21 16:04:04,109 - INFO - Epoch 8/150 train_loss=3.3161410331726073
2026-09-21 16:04:19,135 - INFO - Epoch 9/150 train_loss=3.2139486408233644
2026-09-21 16:04:34,034 - INFO - Epoch 10/150 train_loss=3.131249828338623
2026-09-21 16:04:49,093 - INFO - Epoch 11/150 train_loss=3.04789345741272
2026-09-21 16:05:04,023 - INFO - Epoch 12/150 train_loss=2.975874652862549
2026-09-21 16:05:18,921 - INFO - Epoch 13/150 train_loss=2.910841064453125
2026-09-21 16:05:33,946 - INFO - Epoch 14/150 train_loss=2.8526286697387695
2026-09-21 16:05:48,888 - INFO - Epoch 15/150 train_loss=2.7998511600494385
2026-09-21 16:06:03,913 - INFO - Epoch 16/150 train_loss=2.758811149597168
2026-09-21 16:06:18,872 - INFO - Epoch 17/150 train_loss=2.709013719558716
2026-09-21 16:06:33,823 - INFO - Epoch 18/150 train_loss=2.670925750732422
2026-09-21 16:06:48,753 - INFO - Epoch 19/150 train_loss=2.642709369659424
2026-09-21 16:07:03,662 - INFO - Epoch 20/150 train_loss=2.6010431098937987
2026-09-21 16:07:18,736 - INFO - Epoch 21/150 train_loss=2.5738321113586426
2026-09-21 16:07:33,700 - INFO - Epoch 22/150 train_loss=2.5481055927276612
2026-09-21 16:07:48,703 - INFO - Epoch 23/150 train_loss=2.5180306148529055
2026-09-21 16:08:03,712 - INFO - Epoch 24/150 train_loss=2.494482469558716
2026-09-21 16:08:18,660 - INFO - Epoch 25/150 train_loss=2.46933443069458
2026-09-21 16:08:33,574 - INFO - Epoch 26/150 train_loss=2.4420182704925537
2026-09-21 16:08:48,478 - INFO - Epoch 27/150 train_loss=2.4212461853027345
2026-09-21 16:09:03,716 - INFO - Epoch 28/150 train_loss=2.4033091354370115
2026-09-21 16:09:20,127 - INFO - Epoch 29/150 train_loss=2.3806593227386474
2026-09-21 16:09:35,166 - INFO - Epoch 30/150 train_loss=2.367245569229126
2026-09-21 16:09:50,173 - INFO - Epoch 31/150 train_loss=2.3547963523864746
2026-09-21 16:10:05,003 - INFO - Epoch 32/150 train_loss=2.3380938243865965
2026-09-21 16:10:19,998 - INFO - Epoch 33/150 train_loss=2.3163582611083986
2026-09-21 16:10:34,942 - INFO - Epoch 34/150 train_loss=2.309317226409912
2026-09-21 16:10:49,884 - INFO - Epoch 35/150 train_loss=2.29530858039856
2026-09-21 16:11:04,838 - INFO - Epoch 36/150 train_loss=2.2837389850616456
2026-09-21 16:11:19,785 - INFO - Epoch 37/150 train_loss=2.267063093185425
2026-09-21 16:11:34,758 - INFO - Epoch 38/150 train_loss=2.258023672103882
2026-09-21 16:11:49,730 - INFO - Epoch 39/150 train_loss=2.250875644683838
2026-09-21 16:12:06,257 - INFO - Epoch 40/150 train_loss=2.238242702484131
2026-09-21 16:12:21,631 - INFO - Epoch 41/150 train_loss=2.2255100536346437
2026-09-21 16:12:36,654 - INFO - Epoch 42/150 train_loss=2.21156307220459
2026-09-21 16:12:51,620 - INFO - Epoch 43/150 train_loss=2.1982646083831785
2026-09-21 16:13:06,584 - INFO - Epoch 44/150 train_loss=2.1890944385528566
2026-09-21 16:13:21,463 - INFO - Epoch 45/150 train_loss=2.1805874061584474
2026-09-21 16:13:36,382 - INFO - Epoch 46/150 train_loss=2.172251052856445
2026-09-21 16:13:51,423 - INFO - Epoch 47/150 train_loss=2.1647530460357665
2026-09-21 16:14:06,370 - INFO - Epoch 48/150 train_loss=2.152765235900879
2026-09-21 16:14:21,327 - INFO - Epoch 49/150 train_loss=2.1440789318084716
2026-09-21 16:14:36,320 - INFO - Epoch 50/150 train_loss=2.143671779632568
2026-09-21 16:15:02,257 - INFO - Validation recall={'recall@5': 0.030536743327704174, 'recall@10': 0.04751127282856596}
2026-09-21 16:15:02,257 - INFO - Validation ndcg={'ndcg@5': 0.020172643181649356, 'ndcg@10': 0.025607335208540208}
2026-09-21 16:15:02,259 - INFO - [early-val diagnostic] epoch=50 n_eval=57439 recall={'recall@5': 0.030536743327704174, 'recall@10': 0.04751127282856596} ndcg={'ndcg@5': 0.020172643181649356, 'ndcg@10': 0.025607335208540208}
2026-09-21 16:15:17,132 - INFO - Epoch 51/150 train_loss=2.136537780761719
2026-09-21 16:15:31,982 - INFO - Epoch 52/150 train_loss=2.1320701122283934
2026-09-21 16:15:47,019 - INFO - Epoch 53/150 train_loss=2.127666368484497
2026-09-21 16:16:01,863 - INFO - Epoch 54/150 train_loss=2.117698812484741
2026-09-21 16:16:16,770 - INFO - Epoch 55/150 train_loss=2.1165380668640137
2026-09-21 16:16:31,859 - INFO - Epoch 56/150 train_loss=2.1088436889648436
2026-09-21 16:16:47,051 - INFO - Epoch 57/150 train_loss=2.101300525665283
2026-09-21 16:17:02,064 - INFO - Epoch 58/150 train_loss=2.095644121170044
2026-09-21 16:17:16,973 - INFO - Epoch 59/150 train_loss=2.0892763042449953
2026-09-21 16:17:32,017 - INFO - Epoch 60/150 train_loss=2.0881185054779055
2026-09-21 16:17:46,944 - INFO - Epoch 61/150 train_loss=2.08310848236084
2026-09-21 16:18:01,914 - INFO - Epoch 62/150 train_loss=2.0740158367156982
2026-09-21 16:18:16,853 - INFO - Epoch 63/150 train_loss=2.076876792907715
2026-09-21 16:18:31,857 - INFO - Epoch 64/150 train_loss=2.0722516918182374
2026-09-21 16:18:46,802 - INFO - Epoch 65/150 train_loss=2.0695712852478025
2026-09-21 16:19:01,739 - INFO - Epoch 66/150 train_loss=2.06433500289917
2026-09-21 16:19:16,688 - INFO - Epoch 67/150 train_loss=2.058505096435547
2026-09-21 16:19:31,659 - INFO - Epoch 68/150 train_loss=2.058499603271484
2026-09-21 16:19:46,535 - INFO - Epoch 69/150 train_loss=2.057093095779419
2026-09-21 16:20:01,443 - INFO - Epoch 70/150 train_loss=2.0495016956329346
2026-09-21 16:20:17,958 - INFO - Epoch 71/150 train_loss=2.047915906906128
2026-09-21 16:20:32,912 - INFO - Epoch 72/150 train_loss=2.044890203475952
2026-09-21 16:20:47,876 - INFO - Epoch 73/150 train_loss=2.0353049659729003
2026-09-21 16:21:02,825 - INFO - Epoch 74/150 train_loss=2.0395666217803954
2026-09-21 16:21:17,781 - INFO - Epoch 75/150 train_loss=2.0361290264129637
2026-09-21 16:21:32,815 - INFO - Epoch 76/150 train_loss=2.031479835510254
2026-09-21 16:21:47,765 - INFO - Epoch 77/150 train_loss=2.0274218797683714
2026-09-21 16:22:02,709 - INFO - Epoch 78/150 train_loss=2.0241353607177732
2026-09-21 16:22:17,958 - INFO - Epoch 79/150 train_loss=2.023271903991699
2026-09-21 16:22:32,904 - INFO - Epoch 80/150 train_loss=2.0197059535980224
2026-09-21 16:22:47,849 - INFO - Epoch 81/150 train_loss=2.020605936050415
2026-09-21 16:23:02,828 - INFO - Epoch 82/150 train_loss=2.013288345336914
2026-09-21 16:23:17,801 - INFO - Epoch 83/150 train_loss=2.013648362159729
2026-09-21 16:23:32,673 - INFO - Epoch 84/150 train_loss=2.0075669479370117
2026-09-21 16:23:47,634 - INFO - Epoch 85/150 train_loss=2.0069149351119995
2026-09-21 16:24:02,592 - INFO - Epoch 86/150 train_loss=2.00434561252594
2026-09-21 16:24:17,462 - INFO - Epoch 87/150 train_loss=2.003049807548523
2026-09-21 16:24:32,360 - INFO - Epoch 88/150 train_loss=1.999909415245056
2026-09-21 16:24:47,525 - INFO - Epoch 89/150 train_loss=1.998812232017517
2026-09-21 16:25:02,435 - INFO - Epoch 90/150 train_loss=1.993847131729126
2026-09-21 16:25:17,390 - INFO - Epoch 91/150 train_loss=1.9929332637786865
2026-09-21 16:25:32,300 - INFO - Epoch 92/150 train_loss=1.990214900970459
2026-09-21 16:25:47,226 - INFO - Epoch 93/150 train_loss=1.9868321514129639
2026-09-21 16:26:02,104 - INFO - Epoch 94/150 train_loss=1.989642300605774
2026-09-21 16:26:17,217 - INFO - Epoch 95/150 train_loss=1.9837959480285645
2026-09-21 16:26:32,145 - INFO - Epoch 96/150 train_loss=1.983279070854187
2026-09-21 16:26:47,104 - INFO - Epoch 97/150 train_loss=1.9810348749160767
2026-09-21 16:27:02,059 - INFO - Epoch 98/150 train_loss=1.9798170471191405
2026-09-21 16:27:16,945 - INFO - Epoch 99/150 train_loss=1.9758699798583985
2026-09-21 16:27:31,973 - INFO - Epoch 100/150 train_loss=1.9755128955841064
2026-09-21 16:27:56,781 - INFO - Validation recall={'recall@5': 0.03685649123417887, 'recall@10': 0.05557199811974443}
2026-09-21 16:27:56,781 - INFO - Validation ndcg={'ndcg@5': 0.024456464455243628, 'ndcg@10': 0.030453588698826965}
2026-09-21 16:27:56,781 - INFO - [early-val diagnostic] epoch=100 n_eval=57439 recall={'recall@5': 0.03685649123417887, 'recall@10': 0.05557199811974443} ndcg={'ndcg@5': 0.024456464455243628, 'ndcg@10': 0.030453588698826965}
2026-09-21 16:28:11,628 - INFO - Epoch 101/150 train_loss=1.973982467651367
2026-09-21 16:28:26,557 - INFO - Epoch 102/150 train_loss=1.9731179666519165
2026-09-21 16:28:41,391 - INFO - Epoch 103/150 train_loss=1.9666087865829467
2026-09-21 16:28:56,311 - INFO - Epoch 104/150 train_loss=1.964168095588684
2026-09-21 16:29:11,296 - INFO - Epoch 105/150 train_loss=1.9667467069625855
2026-09-21 16:29:26,272 - INFO - Epoch 106/150 train_loss=1.9622327089309692
2026-09-21 16:29:41,243 - INFO - Epoch 107/150 train_loss=1.9662908267974855
2026-09-21 16:29:56,217 - INFO - Epoch 108/150 train_loss=1.9615303325653075
2026-09-21 16:30:11,200 - INFO - Epoch 109/150 train_loss=1.9553334903717041
2026-09-21 16:30:26,151 - INFO - Epoch 110/150 train_loss=1.9547558259963989
2026-09-21 16:30:41,127 - INFO - Epoch 111/150 train_loss=1.9550175857543945
2026-09-21 16:30:56,083 - INFO - Epoch 112/150 train_loss=1.9528337287902833
2026-09-21 16:31:13,123 - INFO - Epoch 113/150 train_loss=1.9523421239852905
2026-09-21 16:31:28,692 - INFO - Epoch 114/150 train_loss=1.9506039714813233
2026-09-21 16:31:43,651 - INFO - Epoch 115/150 train_loss=1.9506243133544923
2026-09-21 16:31:58,635 - INFO - Epoch 116/150 train_loss=1.9476233291625977
2026-09-21 16:32:13,575 - INFO - Epoch 117/150 train_loss=1.9464740800857543
2026-09-21 16:32:28,630 - INFO - Epoch 118/150 train_loss=1.9434693050384522
2026-09-21 16:32:43,465 - INFO - Epoch 119/150 train_loss=1.9414335536956786
2026-09-21 16:32:58,496 - INFO - Epoch 120/150 train_loss=1.9384648752212525
2026-09-21 16:33:13,325 - INFO - Epoch 121/150 train_loss=1.9393271493911743
2026-09-21 16:33:28,458 - INFO - Epoch 122/150 train_loss=1.9377241849899292
2026-09-21 16:33:43,404 - INFO - Epoch 123/150 train_loss=1.9344670248031617
2026-09-21 16:33:58,330 - INFO - Epoch 124/150 train_loss=1.9363715744018555
2026-09-21 16:34:13,247 - INFO - Epoch 125/150 train_loss=1.9358225297927856
2026-09-21 16:34:28,192 - INFO - Epoch 126/150 train_loss=1.932989740371704
2026-09-21 16:34:43,205 - INFO - Epoch 127/150 train_loss=1.9308508110046387
2026-09-21 16:34:58,257 - INFO - Epoch 128/150 train_loss=1.9342117023468017
2026-09-21 16:35:13,189 - INFO - Epoch 129/150 train_loss=1.9298080158233644
2026-09-21 16:35:28,101 - INFO - Epoch 130/150 train_loss=1.9301496028900147
2026-09-21 16:35:43,074 - INFO - Epoch 131/150 train_loss=1.9280691242218018
2026-09-21 16:35:57,932 - INFO - Epoch 132/150 train_loss=1.926484889984131
2026-09-21 16:36:12,867 - INFO - Epoch 133/150 train_loss=1.928100266456604
2026-09-21 16:36:27,874 - INFO - Epoch 134/150 train_loss=1.9254791355133056
2026-09-21 16:36:42,803 - INFO - Epoch 135/150 train_loss=1.926092767715454
2026-09-21 16:36:57,716 - INFO - Epoch 136/150 train_loss=1.9257835006713868
2026-09-21 16:37:12,740 - INFO - Epoch 137/150 train_loss=1.9253969717025756
2026-09-21 16:37:27,691 - INFO - Epoch 138/150 train_loss=1.9231116485595703
2026-09-21 16:37:42,646 - INFO - Epoch 139/150 train_loss=1.9213907051086425
2026-09-21 16:37:57,516 - INFO - Epoch 140/150 train_loss=1.9201962995529174
2026-09-21 16:38:12,648 - INFO - Epoch 141/150 train_loss=1.9250678825378418
2026-09-21 16:38:27,602 - INFO - Epoch 142/150 train_loss=1.9215620183944702
2026-09-21 16:38:42,472 - INFO - Epoch 143/150 train_loss=1.918878092765808
2026-09-21 16:38:57,483 - INFO - Epoch 144/150 train_loss=1.915142493247986
2026-09-21 16:39:12,473 - INFO - Epoch 145/150 train_loss=1.9180493354797363
2026-09-21 16:39:27,399 - INFO - Epoch 146/150 train_loss=1.9180920600891114
2026-09-21 16:39:42,324 - INFO - Epoch 147/150 train_loss=1.9129852485656738
2026-09-21 16:39:57,301 - INFO - Epoch 148/150 train_loss=1.9152670478820801
2026-09-21 16:40:12,255 - INFO - Epoch 149/150 train_loss=1.9139382123947144
2026-09-21 16:40:27,229 - INFO - Epoch 150/150 train_loss=1.9110707902908326
2026-09-21 16:40:51,871 - INFO - Validation recall={'recall@5': 0.03875415658350598, 'recall@10': 0.058235693518341194}
2026-09-21 16:40:51,871 - INFO - Validation ndcg={'ndcg@5': 0.025816455952016485, 'ndcg@10': 0.03206888241060249}
2026-09-21 16:40:51,871 - INFO - [early-val diagnostic] epoch=150 n_eval=57439 recall={'recall@5': 0.03875415658350598, 'recall@10': 0.058235693518341194} ndcg={'ndcg@5': 0.025816455952016485, 'ndcg@10': 0.03206888241060249}
2026-09-21 16:41:21,044 - INFO - Test={'best_checkpoint': None, 'n_eval': 57439, 'test_recall@5': 0.034610630407911, 'test_recall@10': 0.05339577638886471, 'test_ndcg@5': 0.022787948812464428, 'test_ndcg@10': 0.028815300619536573}
