W0921 15:38:02.851899 3624883 /fs04/scratch2/ar57/wenyu/genrec_env_v2/lib/python3.9/site-packages/torch/distributed/run.py:774] 
W0921 15:38:02.851899 3624883 /fs04/scratch2/ar57/wenyu/genrec_env_v2/lib/python3.9/site-packages/torch/distributed/run.py:774] *****************************************
W0921 15:38:02.851899 3624883 /fs04/scratch2/ar57/wenyu/genrec_env_v2/lib/python3.9/site-packages/torch/distributed/run.py:774] Setting OMP_NUM_THREADS environment variable for each process to be 1 in default, to avoid your system being overloaded, please further tune the variable for optimal performance in your application as needed. 
W0921 15:38:02.851899 3624883 /fs04/scratch2/ar57/wenyu/genrec_env_v2/lib/python3.9/site-packages/torch/distributed/run.py:774] *****************************************
[Step3] DDP rank=0/4 local_rank=0
/home/wlia0047/ar57_scratch/wenyu/genrec_env_v2/lib64/python3.9/site-packages/torch/distributed/distributed_c10d.py:4807: UserWarning: No device id is provided via `init_process_group` or `barrier `. Using the current device set by the user. 
  warnings.warn(  # warn only once
[rank0]:[W921 15:38:05.911465669 ProcessGroupNCCL.cpp:5023] [PG ID 0 PG GUID 0 Rank 0]  using GPU 0 as device used by this process is currently unknown. This can potentially cause a hang if this rank to GPU mapping is incorrect. You can specify device_id in init_process_group() to force use of a particular device.
/home/wlia0047/ar57_scratch/wenyu/genrec_env_v2/lib64/python3.9/site-packages/torch/distributed/distributed_c10d.py:4807: UserWarning: No device id is provided via `init_process_group` or `barrier `. Using the current device set by the user. 
  warnings.warn(  # warn only once
/home/wlia0047/ar57_scratch/wenyu/genrec_env_v2/lib64/python3.9/site-packages/torch/distributed/distributed_c10d.py:4807: UserWarning: No device id is provided via `init_process_group` or `barrier `. Using the current device set by the user. 
  warnings.warn(  # warn only once
[rank1]:[W921 15:38:05.917334871 ProcessGroupNCCL.cpp:5023] [PG ID 0 PG GUID 0 Rank 1]  using GPU 1 as device used by this process is currently unknown. This can potentially cause a hang if this rank to GPU mapping is incorrect. You can specify device_id in init_process_group() to force use of a particular device.
[rank2]:[W921 15:38:05.917823928 ProcessGroupNCCL.cpp:5023] [PG ID 0 PG GUID 0 Rank 2]  using GPU 2 as device used by this process is currently unknown. This can potentially cause a hang if this rank to GPU mapping is incorrect. You can specify device_id in init_process_group() to force use of a particular device.
/home/wlia0047/ar57_scratch/wenyu/genrec_env_v2/lib64/python3.9/site-packages/torch/distributed/distributed_c10d.py:4807: UserWarning: No device id is provided via `init_process_group` or `barrier `. Using the current device set by the user. 
  warnings.warn(  # warn only once
[rank3]:[W921 15:38:05.921625341 ProcessGroupNCCL.cpp:5023] [PG ID 0 PG GUID 0 Rank 3]  using GPU 3 as device used by this process is currently unknown. This can potentially cause a hang if this rank to GPU mapping is incorrect. You can specify device_id in init_process_group() to force use of a particular device.
[Step0] cleaned 0 stale artifact(s) from /home/wlia0047/ar57/wenyu/GeneRec/results/stage2_RQ-VAE/curvature_RQ-VAE_iter6/out/rqvae/instruments
=== RQ-VAE Step1-Step12 训练循环 (world_size=4) ===
[Step1] emb: /home/wlia0047/ar57/wenyu/GeneRec/results/stage2_RQ-VAE/curvature_RQ-VAE_iter6/dataset/Instruments/item_emb.npy
[Step1] out: /home/wlia0047/ar57/wenyu/GeneRec/results/stage2_RQ-VAE/curvature_RQ-VAE_iter6/out/rqvae/instruments
[Step1] per-GPU batch=640 | total=2560 | workers=4 | compile=False
[Step1] hidden=[512, 256, 128] embed=32 codebook=256 layers=3
[Step1] target: MAX_GLOBAL_STEPS=100000 | ckpt every 10000
[Step2] loaded /home/wlia0047/ar57/wenyu/GeneRec/results/stage2_RQ-VAE/curvature_RQ-VAE_iter6/dataset/Instruments/item_emb.npy: shape=(24587, 768), dtype=torch.float32
[Step2] 24587 items | 9 batches/rank | 36 batches/epoch
[Step4] params=1146880 | DDP wrapped
[Step5] optimizer covers 1 group(s)
[train] start, target=100000 global steps (Step1-Step12 loop)
[Step6] first batch ok shape=(640, 768) device=cuda:0
[Step7] first forward ok sem_ids.shape=(640, 3)
[Step8] first loss ok loss=9.4858 rl=9.4858 vl=0.0000
[Step9] first backward ok params_with_grad=11
[Step10] first optimizer.step ok
[Step11] first curvature sync step=4 c=[0.300/0.300/0.300]
  step    688/100000 | loss=0.8154 | rl=0.8106 | vl=0.0048 | codes=175/213/192/256 | c=0.330/0.330/0.330 | ips_g=136.9 ips/rk=34.2 | elapsed=5.0s | eta=725.3s
  [iter6][sinkhorn] step=  1000 layer=0 c=0.3438 eps=0.0594 q_min=0.0000 q_med=0.0000 q_mean=0.0039 q_max=1.1109
  [iter6][sinkhorn] step=  1000 layer=1 c=0.3438 eps=0.0594 q_min=0.0000 q_med=0.0005 q_mean=0.0039 q_max=1.3541
  [iter6][sinkhorn] step=  1000 layer=2 c=0.3438 eps=0.0594 q_min=0.0000 q_med=0.0029 q_mean=0.0039 q_max=1.0580
  step   1500/100000 | loss=0.6367 | rl=0.6200 | vl=0.0167 | codes=251/249/199/256 | c=0.366/0.366/0.366 | ips_g=149.5 ips/rk=37.4 | elapsed=10.0s | eta=658.9s
  [iter6][sinkhorn] step=  2000 layer=0 c=0.3876 eps=0.0688 q_min=0.0000 q_med=0.0000 q_mean=0.0039 q_max=1.6705
  [iter6][sinkhorn] step=  2000 layer=1 c=0.3876 eps=0.0688 q_min=0.0000 q_med=0.0007 q_mean=0.0039 q_max=1.4909
  [iter6][sinkhorn] step=  2000 layer=2 c=0.3876 eps=0.0688 q_min=0.0000 q_med=0.0017 q_mean=0.0039 q_max=0.5286
  step   2316/100000 | loss=0.6273 | rl=0.5672 | vl=0.0601 | codes=247/233/208/256 | c=0.402/0.402/0.402 | ips_g=154.0 ips/rk=38.5 | elapsed=15.0s | eta=634.2s
  [iter6][sinkhorn] step=  3000 layer=0 c=0.4310 eps=0.0781 q_min=0.0000 q_med=0.0000 q_mean=0.0039 q_max=1.4288
  [iter6][sinkhorn] step=  3000 layer=1 c=0.4310 eps=0.0781 q_min=0.0000 q_med=0.0010 q_mean=0.0039 q_max=0.9338
  [iter6][sinkhorn] step=  3000 layer=2 c=0.4310 eps=0.0781 q_min=0.0000 q_med=0.0018 q_mean=0.0039 q_max=0.4033
  step   3144/100000 | loss=0.6473 | rl=0.5663 | vl=0.0810 | codes=248/225/215/256 | c=0.437/0.437/0.437 | ips_g=156.9 ips/rk=39.2 | elapsed=20.0s | eta=617.2s
  step   3976/100000 | loss=0.6828 | rl=0.5631 | vl=0.1197 | codes=248/215/196/256 | c=0.473/0.473/0.473 | ips_g=158.7 ips/rk=39.7 | elapsed=25.1s | eta=605.1s
  [iter6][sinkhorn] step=  4000 layer=0 c=0.4739 eps=0.0873 q_min=0.0000 q_med=0.0000 q_mean=0.0039 q_max=1.1604
  [iter6][sinkhorn] step=  4000 layer=1 c=0.4739 eps=0.0873 q_min=0.0000 q_med=0.0013 q_mean=0.0039 q_max=0.7657
  [iter6][sinkhorn] step=  4000 layer=2 c=0.4739 eps=0.0873 q_min=0.0000 q_med=0.0020 q_mean=0.0039 q_max=0.5057
  step   4800/100000 | loss=0.6920 | rl=0.5656 | vl=0.1264 | codes=247/223/219/256 | c=0.508/0.508/0.508 | ips_g=159.7 ips/rk=39.9 | elapsed=30.1s | eta=596.1s
  [iter6][sinkhorn] step=  5000 layer=0 c=0.5161 eps=0.0963 q_min=0.0000 q_med=0.0001 q_mean=0.0039 q_max=1.3009
  [iter6][sinkhorn] step=  5000 layer=1 c=0.5161 eps=0.0963 q_min=0.0000 q_med=0.0018 q_mean=0.0039 q_max=0.7370
  [iter6][sinkhorn] step=  5000 layer=2 c=0.5161 eps=0.0963 q_min=0.0000 q_med=0.0022 q_mean=0.0039 q_max=0.4350
  step   5620/100000 | loss=0.7168 | rl=0.5681 | vl=0.1487 | codes=243/218/207/256 | c=0.542/0.542/0.542 | ips_g=160.3 ips/rk=40.1 | elapsed=35.1s | eta=588.9s
  [iter6][sinkhorn] step=  6000 layer=0 c=0.5575 eps=0.1052 q_min=0.0000 q_med=0.0001 q_mean=0.0039 q_max=1.3150
  [iter6][sinkhorn] step=  6000 layer=1 c=0.5575 eps=0.1052 q_min=0.0000 q_med=0.0022 q_mean=0.0039 q_max=0.4248
  [iter6][sinkhorn] step=  6000 layer=2 c=0.5575 eps=0.1052 q_min=0.0000 q_med=0.0026 q_mean=0.0039 q_max=0.3022
  step   6436/100000 | loss=0.7784 | rl=0.5984 | vl=0.1800 | codes=243/220/205/256 | c=0.575/0.575/0.575 | ips_g=160.6 ips/rk=40.2 | elapsed=40.1s | eta=582.6s
  [iter6][sinkhorn] step=  7000 layer=0 c=0.5979 eps=0.1138 q_min=0.0000 q_med=0.0002 q_mean=0.0039 q_max=1.0721
  [iter6][sinkhorn] step=  7000 layer=1 c=0.5979 eps=0.1138 q_min=0.0000 q_med=0.0025 q_mean=0.0039 q_max=0.3425
  [iter6][sinkhorn] step=  7000 layer=2 c=0.5979 eps=0.1138 q_min=0.0001 q_med=0.0029 q_mean=0.0039 q_max=0.1484
  step   7264/100000 | loss=0.7703 | rl=0.5868 | vl=0.1835 | codes=245/223/210/256 | c=0.609/0.609/0.609 | ips_g=161.1 ips/rk=40.3 | elapsed=45.1s | eta=575.6s
  [iter6][sinkhorn] step=  8000 layer=0 c=0.6371 eps=0.1222 q_min=0.0000 q_med=0.0003 q_mean=0.0039 q_max=1.0158
  [iter6][sinkhorn] step=  8000 layer=1 c=0.6371 eps=0.1222 q_min=0.0000 q_med=0.0024 q_mean=0.0039 q_max=0.5381
  [iter6][sinkhorn] step=  8000 layer=2 c=0.6371 eps=0.1222 q_min=0.0001 q_med=0.0028 q_mean=0.0039 q_max=0.1620
  step   8084/100000 | loss=0.8606 | rl=0.6297 | vl=0.2309 | codes=238/208/195/256 | c=0.640/0.640/0.640 | ips_g=161.3 ips/rk=40.3 | elapsed=50.1s | eta=569.7s
  step   8908/100000 | loss=0.8753 | rl=0.6307 | vl=0.2446 | codes=244/218/196/256 | c=0.672/0.672/0.672 | ips_g=161.6 ips/rk=40.4 | elapsed=55.1s | eta=563.6s
  [iter6][sinkhorn] step=  9000 layer=0 c=0.6749 eps=0.1303 q_min=0.0000 q_med=0.0004 q_mean=0.0039 q_max=1.0929
  [iter6][sinkhorn] step=  9000 layer=1 c=0.6749 eps=0.1303 q_min=0.0000 q_med=0.0028 q_mean=0.0039 q_max=0.2314
  [iter6][sinkhorn] step=  9000 layer=2 c=0.6749 eps=0.1303 q_min=0.0003 q_med=0.0032 q_mean=0.0039 q_max=0.0667
  step   9732/100000 | loss=0.9231 | rl=0.6491 | vl=0.2740 | codes=242/207/198/256 | c=0.702/0.702/0.702 | ips_g=161.9 ips/rk=40.5 | elapsed=60.1s | eta=557.6s
  [iter6][sinkhorn] step= 10000 layer=0 c=0.7113 eps=0.1381 q_min=0.0000 q_med=0.0006 q_mean=0.0039 q_max=0.9237
  [iter6][sinkhorn] step= 10000 layer=1 c=0.7113 eps=0.1381 q_min=0.0001 q_med=0.0029 q_mean=0.0039 q_max=0.4049
  [iter6][sinkhorn] step= 10000 layer=2 c=0.7113 eps=0.1381 q_min=0.0003 q_med=0.0031 q_mean=0.0039 q_max=0.0860
/home/wlia0047/ar57_scratch/wenyu/genrec_env_v2/lib64/python3.9/site-packages/torch/distributed/distributed_c10d.py:4807: UserWarning: No device id is provided via `init_process_group` or `barrier `. Using the current device set by the user. 
  warnings.warn(  # warn only once
/home/wlia0047/ar57_scratch/wenyu/genrec_env_v2/lib64/python3.9/site-packages/torch/distributed/distributed_c10d.py:4807: UserWarning: No device id is provided via `init_process_group` or `barrier `. Using the current device set by the user. 
  warnings.warn(  # warn only once
/home/wlia0047/ar57_scratch/wenyu/genrec_env_v2/lib64/python3.9/site-packages/torch/distributed/distributed_c10d.py:4807: UserWarning: No device id is provided via `init_process_group` or `barrier `. Using the current device set by the user. 
  warnings.warn(  # warn only once
[Step12] saved /home/wlia0047/ar57/wenyu/GeneRec/results/stage2_RQ-VAE/curvature_RQ-VAE_iter6/out/rqvae/instruments/rqvae_step10000.pt (step=10000)
/home/wlia0047/ar57_scratch/wenyu/genrec_env_v2/lib64/python3.9/site-packages/torch/distributed/distributed_c10d.py:4807: UserWarning: No device id is provided via `init_process_group` or `barrier `. Using the current device set by the user. 
  warnings.warn(  # warn only once
  [SID gate step=10000] hitrate@50=0.7165 full_gini=0.0512 per_layer=[0.1404/0.3104/0.3523] unique=23282/24587 l01_pairs=15089 H_l1_given_l0=5.6219 | early_stop=False
  step  10004/100000 | loss=0.8978 | rl=0.6393 | vl=0.2584 | codes=234/217/206/256 | c=0.712/0.712/0.712 | ips_g=102.3 ips/rk=25.6 | elapsed=97.8s | eta=879.8s
  step  10828/100000 | loss=0.9695 | rl=0.6691 | vl=0.3004 | codes=236/218/212/256 | c=0.740/0.740/0.740 | ips_g=105.3 ips/rk=26.3 | elapsed=102.8s | eta=846.6s
  [iter6][sinkhorn] step= 11000 layer=0 c=0.7461 eps=0.1456 q_min=0.0000 q_med=0.0006 q_mean=0.0039 q_max=0.7396
  [iter6][sinkhorn] step= 11000 layer=1 c=0.7461 eps=0.1456 q_min=0.0003 q_med=0.0032 q_mean=0.0039 q_max=0.1243
  [iter6][sinkhorn] step= 11000 layer=2 c=0.7461 eps=0.1456 q_min=0.0007 q_med=0.0035 q_mean=0.0039 q_max=0.0406
  step  11648/100000 | loss=0.9827 | rl=0.6650 | vl=0.3177 | codes=240/219/212/256 | c=0.768/0.768/0.768 | ips_g=108.0 ips/rk=27.0 | elapsed=107.8s | eta=817.8s
  [iter6][sinkhorn] step= 12000 layer=0 c=0.7791 eps=0.1527 q_min=0.0000 q_med=0.0008 q_mean=0.0039 q_max=0.6575
  [iter6][sinkhorn] step= 12000 layer=1 c=0.7791 eps=0.1527 q_min=0.0002 q_med=0.0031 q_mean=0.0039 q_max=0.1151
  [iter6][sinkhorn] step= 12000 layer=2 c=0.7791 eps=0.1527 q_min=0.0004 q_med=0.0033 q_mean=0.0039 q_max=0.0529
  step  12428/100000 | loss=0.9674 | rl=0.6578 | vl=0.3096 | codes=234/216/215/256 | c=0.793/0.793/0.793 | ips_g=110.2 ips/rk=27.5 | elapsed=112.8s | eta=794.9s
  [iter6][sinkhorn] step= 13000 layer=0 c=0.8102 eps=0.1593 q_min=0.0000 q_med=0.0008 q_mean=0.0039 q_max=0.8350
  [iter6][sinkhorn] step= 13000 layer=1 c=0.8102 eps=0.1593 q_min=0.0003 q_med=0.0032 q_mean=0.0039 q_max=0.0940
  [iter6][sinkhorn] step= 13000 layer=2 c=0.8102 eps=0.1593 q_min=0.0005 q_med=0.0033 q_mean=0.0039 q_max=0.0503
  step  13252/100000 | loss=1.0928 | rl=0.7248 | vl=0.3680 | codes=236/216/203/256 | c=0.818/0.818/0.818 | ips_g=112.5 ips/rk=28.1 | elapsed=117.8s | eta=771.4s
  [iter6][sinkhorn] step= 14000 layer=0 c=0.8392 eps=0.1656 q_min=0.0000 q_med=0.0010 q_mean=0.0039 q_max=0.6675
  [iter6][sinkhorn] step= 14000 layer=1 c=0.8392 eps=0.1656 q_min=0.0003 q_med=0.0032 q_mean=0.0039 q_max=0.1205
  [iter6][sinkhorn] step= 14000 layer=2 c=0.8392 eps=0.1656 q_min=0.0005 q_med=0.0034 q_mean=0.0039 q_max=0.0548
  step  14076/100000 | loss=1.0526 | rl=0.6993 | vl=0.3532 | codes=233/206/216/256 | c=0.841/0.841/0.841 | ips_g=114.6 ips/rk=28.6 | elapsed=122.9s | eta=750.0s
  step  14896/100000 | loss=1.0984 | rl=0.7112 | vl=0.3872 | codes=233/217/216/256 | c=0.864/0.864/0.864 | ips_g=116.5 ips/rk=29.1 | elapsed=127.9s | eta=730.6s
  [iter6][sinkhorn] step= 15000 layer=0 c=0.8662 eps=0.1713 q_min=0.0000 q_med=0.0012 q_mean=0.0039 q_max=0.6406
  [iter6][sinkhorn] step= 15000 layer=1 c=0.8662 eps=0.1713 q_min=0.0003 q_med=0.0033 q_mean=0.0039 q_max=0.1011
  [iter6][sinkhorn] step= 15000 layer=2 c=0.8662 eps=0.1713 q_min=0.0006 q_med=0.0034 q_mean=0.0039 q_max=0.0496
  step  15716/100000 | loss=1.1138 | rl=0.7161 | vl=0.3976 | codes=238/226/206/256 | c=0.884/0.884/0.884 | ips_g=118.3 ips/rk=29.6 | elapsed=132.9s | eta=712.6s
  [iter6][sinkhorn] step= 16000 layer=0 c=0.8909 eps=0.1766 q_min=0.0000 q_med=0.0012 q_mean=0.0039 q_max=0.6604
  [iter6][sinkhorn] step= 16000 layer=1 c=0.8909 eps=0.1766 q_min=0.0003 q_med=0.0032 q_mean=0.0039 q_max=0.0726
  [iter6][sinkhorn] step= 16000 layer=2 c=0.8909 eps=0.1766 q_min=0.0004 q_med=0.0034 q_mean=0.0039 q_max=0.0441
  step  16540/100000 | loss=1.1587 | rl=0.7408 | vl=0.4179 | codes=236/219/219/256 | c=0.903/0.903/0.903 | ips_g=119.9 ips/rk=30.0 | elapsed=137.9s | eta=695.8s
  [iter6][sinkhorn] step= 17000 layer=0 c=0.9133 eps=0.1814 q_min=0.0000 q_med=0.0012 q_mean=0.0039 q_max=0.5826
  [iter6][sinkhorn] step= 17000 layer=1 c=0.9133 eps=0.1814 q_min=0.0005 q_med=0.0033 q_mean=0.0039 q_max=0.1397
  [iter6][sinkhorn] step= 17000 layer=2 c=0.9133 eps=0.1814 q_min=0.0007 q_med=0.0035 q_mean=0.0039 q_max=0.0382
  step  17352/100000 | loss=1.1836 | rl=0.7577 | vl=0.4259 | codes=235/231/212/256 | c=0.921/0.921/0.921 | ips_g=121.4 ips/rk=30.4 | elapsed=142.9s | eta=680.7s
  [iter6][sinkhorn] step= 18000 layer=0 c=0.9333 eps=0.1857 q_min=0.0000 q_med=0.0015 q_mean=0.0039 q_max=0.5324
  [iter6][sinkhorn] step= 18000 layer=1 c=0.9333 eps=0.1857 q_min=0.0003 q_med=0.0032 q_mean=0.0039 q_max=0.1098
  [iter6][sinkhorn] step= 18000 layer=2 c=0.9333 eps=0.1857 q_min=0.0005 q_med=0.0034 q_mean=0.0039 q_max=0.0570
  step  18160/100000 | loss=1.2080 | rl=0.7676 | vl=0.4403 | codes=243/218/210/256 | c=0.936/0.936/0.936 | ips_g=122.8 ips/rk=30.7 | elapsed=147.9s | eta=666.6s
  step  18984/100000 | loss=1.2301 | rl=0.7704 | vl=0.4597 | codes=234/220/210/256 | c=0.951/0.951/0.951 | ips_g=124.1 ips/rk=31.0 | elapsed=152.9s | eta=652.7s
  [iter6][sinkhorn] step= 19000 layer=0 c=0.9508 eps=0.1895 q_min=0.0000 q_med=0.0014 q_mean=0.0039 q_max=0.6202
  [iter6][sinkhorn] step= 19000 layer=1 c=0.9508 eps=0.1895 q_min=0.0005 q_med=0.0034 q_mean=0.0039 q_max=0.1301
  [iter6][sinkhorn] step= 19000 layer=2 c=0.9508 eps=0.1895 q_min=0.0007 q_med=0.0035 q_mean=0.0039 q_max=0.0361
  step  19812/100000 | loss=1.2162 | rl=0.7618 | vl=0.4544 | codes=238/221/222/256 | c=0.963/0.963/0.963 | ips_g=125.4 ips/rk=31.4 | elapsed=158.0s | eta=639.3s
  [iter6][sinkhorn] step= 20000 layer=0 c=0.9657 eps=0.1926 q_min=0.0000 q_med=0.0016 q_mean=0.0039 q_max=0.4289
  [iter6][sinkhorn] step= 20000 layer=1 c=0.9657 eps=0.1926 q_min=0.0003 q_med=0.0033 q_mean=0.0039 q_max=0.0680
  [iter6][sinkhorn] step= 20000 layer=2 c=0.9657 eps=0.1926 q_min=0.0007 q_med=0.0035 q_mean=0.0039 q_max=0.0331
[Step12] saved /home/wlia0047/ar57/wenyu/GeneRec/results/stage2_RQ-VAE/curvature_RQ-VAE_iter6/out/rqvae/instruments/rqvae_step20000.pt (step=20000)
  [SID gate step=20000] hitrate@50=0.7165 full_gini=0.0584 per_layer=[0.1705/0.2767/0.2588] unique=23093/24587 l01_pairs=14923 H_l1_given_l0=5.6050 | early_stop=False
[Step12] deleted previous artifacts with tag=step10000 (rqvae_step10000.pt + sids_step10000.npy + quality_step10000.json)
  step  20004/100000 | loss=1.2778 | rl=0.7948 | vl=0.4831 | codes=236/224/220/256 | c=0.966/0.966/0.966 | ips_g=103.5 ips/rk=25.9 | elapsed=193.3s | eta=772.9s
  step  20824/100000 | loss=1.2782 | rl=0.7862 | vl=0.4920 | codes=238/215/216/256 | c=0.976/0.976/0.976 | ips_g=105.0 ips/rk=26.3 | elapsed=198.3s | eta=753.8s
  [iter6][sinkhorn] step= 21000 layer=0 c=0.9780 eps=0.1953 q_min=0.0000 q_med=0.0014 q_mean=0.0039 q_max=0.5688
  [iter6][sinkhorn] step= 21000 layer=1 c=0.9780 eps=0.1953 q_min=0.0004 q_med=0.0034 q_mean=0.0039 q_max=0.0643
  [iter6][sinkhorn] step= 21000 layer=2 c=0.9780 eps=0.1953 q_min=0.0007 q_med=0.0035 q_mean=0.0039 q_max=0.0297
  step  21648/100000 | loss=1.3209 | rl=0.7971 | vl=0.5238 | codes=237/212/215/256 | c=0.985/0.985/0.985 | ips_g=106.5 ips/rk=26.6 | elapsed=203.3s | eta=735.8s
  [iter6][sinkhorn] step= 22000 layer=0 c=0.9876 eps=0.1973 q_min=0.0000 q_med=0.0015 q_mean=0.0039 q_max=0.4402
  [iter6][sinkhorn] step= 22000 layer=1 c=0.9876 eps=0.1973 q_min=0.0004 q_med=0.0034 q_mean=0.0039 q_max=0.0570
  [iter6][sinkhorn] step= 22000 layer=2 c=0.9876 eps=0.1973 q_min=0.0007 q_med=0.0035 q_mean=0.0039 q_max=0.0312
  step  22468/100000 | loss=1.3398 | rl=0.8072 | vl=0.5326 | codes=234/215/219/256 | c=0.991/0.991/0.991 | ips_g=107.9 ips/rk=27.0 | elapsed=208.3s | eta=718.8s
  [iter6][sinkhorn] step= 23000 layer=0 c=0.9945 eps=0.1988 q_min=0.0000 q_med=0.0015 q_mean=0.0039 q_max=0.5564
  [iter6][sinkhorn] step= 23000 layer=1 c=0.9945 eps=0.1988 q_min=0.0005 q_med=0.0034 q_mean=0.0039 q_max=0.0679
  [iter6][sinkhorn] step= 23000 layer=2 c=0.9945 eps=0.1988 q_min=0.0009 q_med=0.0036 q_mean=0.0039 q_max=0.0246
  step  23292/100000 | loss=1.3359 | rl=0.8088 | vl=0.5270 | codes=229/221/226/256 | c=0.996/0.996/0.996 | ips_g=109.2 ips/rk=27.3 | elapsed=213.3s | eta=702.5s
  [iter6][sinkhorn] step= 24000 layer=0 c=0.9986 eps=0.1997 q_min=0.0001 q_med=0.0016 q_mean=0.0039 q_max=0.4919
  [iter6][sinkhorn] step= 24000 layer=1 c=0.9986 eps=0.1997 q_min=0.0006 q_med=0.0034 q_mean=0.0039 q_max=0.0633
  [iter6][sinkhorn] step= 24000 layer=2 c=0.9986 eps=0.1997 q_min=0.0009 q_med=0.0036 q_mean=0.0039 q_max=0.0335
  step  24112/100000 | loss=1.3203 | rl=0.7876 | vl=0.5327 | codes=231/221/225/256 | c=0.999/0.999/0.999 | ips_g=110.4 ips/rk=27.6 | elapsed=218.3s | eta=687.1s
  step  24932/100000 | loss=1.3294 | rl=0.7931 | vl=0.5363 | codes=231/220/223/256 | c=1.000/1.000/1.000 | ips_g=111.6 ips/rk=27.9 | elapsed=223.3s | eta=672.4s
  [iter6][sinkhorn] step= 25000 layer=0 c=1.0000 eps=0.2000 q_min=0.0001 q_med=0.0017 q_mean=0.0039 q_max=0.5593
  [iter6][sinkhorn] step= 25000 layer=1 c=1.0000 eps=0.2000 q_min=0.0006 q_med=0.0034 q_mean=0.0039 q_max=0.0530
  [iter6][sinkhorn] step= 25000 layer=2 c=1.0000 eps=0.2000 q_min=0.0006 q_med=0.0035 q_mean=0.0039 q_max=0.0399
  step  25768/100000 | loss=1.3345 | rl=0.7822 | vl=0.5523 | codes=233/216/214/256 | c=0.999/0.999/0.999 | ips_g=112.9 ips/rk=28.2 | elapsed=228.3s | eta=657.8s
  [iter6][sinkhorn] step= 26000 layer=0 c=0.9986 eps=0.1997 q_min=0.0000 q_med=0.0016 q_mean=0.0039 q_max=0.5313
  [iter6][sinkhorn] step= 26000 layer=1 c=0.9986 eps=0.1997 q_min=0.0006 q_med=0.0034 q_mean=0.0039 q_max=0.0699
  [iter6][sinkhorn] step= 26000 layer=2 c=0.9986 eps=0.1997 q_min=0.0006 q_med=0.0035 q_mean=0.0039 q_max=0.0375
  step  26612/100000 | loss=1.3779 | rl=0.8022 | vl=0.5757 | codes=233/230/223/256 | c=0.996/0.996/0.996 | ips_g=114.0 ips/rk=28.5 | elapsed=233.4s | eta=643.5s
  [iter6][sinkhorn] step= 27000 layer=0 c=0.9945 eps=0.1988 q_min=0.0001 q_med=0.0016 q_mean=0.0039 q_max=0.4734
  [iter6][sinkhorn] step= 27000 layer=1 c=0.9945 eps=0.1988 q_min=0.0005 q_med=0.0033 q_mean=0.0039 q_max=0.0714
  [iter6][sinkhorn] step= 27000 layer=2 c=0.9945 eps=0.1988 q_min=0.0007 q_med=0.0035 q_mean=0.0039 q_max=0.0335
  step  27452/100000 | loss=1.3110 | rl=0.7691 | vl=0.5419 | codes=236/224/226/256 | c=0.992/0.992/0.992 | ips_g=115.2 ips/rk=28.8 | elapsed=238.4s | eta=629.9s
  [iter6][sinkhorn] step= 28000 layer=0 c=0.9876 eps=0.1974 q_min=0.0001 q_med=0.0017 q_mean=0.0039 q_max=0.3995
  [iter6][sinkhorn] step= 28000 layer=1 c=0.9876 eps=0.1974 q_min=0.0007 q_med=0.0035 q_mean=0.0039 q_max=0.0654
  [iter6][sinkhorn] step= 28000 layer=2 c=0.9876 eps=0.1974 q_min=0.0011 q_med=0.0036 q_mean=0.0039 q_max=0.0244
  step  28280/100000 | loss=1.3527 | rl=0.7799 | vl=0.5727 | codes=224/216/212/256 | c=0.985/0.985/0.985 | ips_g=116.2 ips/rk=29.0 | elapsed=243.4s | eta=617.2s
  [iter6][sinkhorn] step= 29000 layer=0 c=0.9781 eps=0.1953 q_min=0.0001 q_med=0.0017 q_mean=0.0039 q_max=0.6067
  [iter6][sinkhorn] step= 29000 layer=1 c=0.9781 eps=0.1953 q_min=0.0007 q_med=0.0035 q_mean=0.0039 q_max=0.0488
  [iter6][sinkhorn] step= 29000 layer=2 c=0.9781 eps=0.1953 q_min=0.0009 q_med=0.0036 q_mean=0.0039 q_max=0.0243
  step  29100/100000 | loss=1.3503 | rl=0.7590 | vl=0.5912 | codes=225/227/228/256 | c=0.977/0.977/0.977 | ips_g=117.2 ips/rk=29.3 | elapsed=248.4s | eta=605.2s
  step  29936/100000 | loss=1.3131 | rl=0.7444 | vl=0.5686 | codes=239/222/225/256 | c=0.967/0.967/0.967 | ips_g=118.1 ips/rk=29.5 | elapsed=253.4s | eta=593.1s
  [iter6][sinkhorn] step= 30000 layer=0 c=0.9658 eps=0.1927 q_min=0.0000 q_med=0.0015 q_mean=0.0039 q_max=0.5506
  [iter6][sinkhorn] step= 30000 layer=1 c=0.9658 eps=0.1927 q_min=0.0006 q_med=0.0034 q_mean=0.0039 q_max=0.0603
  [iter6][sinkhorn] step= 30000 layer=2 c=0.9658 eps=0.1927 q_min=0.0007 q_med=0.0035 q_mean=0.0039 q_max=0.0334
[Step12] saved /home/wlia0047/ar57/wenyu/GeneRec/results/stage2_RQ-VAE/curvature_RQ-VAE_iter6/out/rqvae/instruments/rqvae_step30000.pt (step=30000)
  [SID gate step=30000] hitrate@50=0.7165 full_gini=0.0604 per_layer=[0.1768/0.2537/0.2034] unique=23042/24587 l01_pairs=14829 H_l1_given_l0=5.5969 | early_stop=False
[Step12] deleted previous artifacts with tag=step20000 (rqvae_step20000.pt + sids_step20000.npy + quality_step20000.json)
  step  30004/100000 | loss=1.3142 | rl=0.7454 | vl=0.5688 | codes=241/222/225/256 | c=0.966/0.966/0.966 | ips_g=104.1 ips/rk=26.0 | elapsed=288.3s | eta=672.5s
  step  30828/100000 | loss=1.3222 | rl=0.7571 | vl=0.5650 | codes=241/218/217/256 | c=0.954/0.954/0.954 | ips_g=105.1 ips/rk=26.3 | elapsed=293.3s | eta=658.1s
  [iter6][sinkhorn] step= 31000 layer=0 c=0.9509 eps=0.1895 q_min=0.0000 q_med=0.0015 q_mean=0.0039 q_max=0.7160
  [iter6][sinkhorn] step= 31000 layer=1 c=0.9509 eps=0.1895 q_min=0.0004 q_med=0.0033 q_mean=0.0039 q_max=0.0655
  [iter6][sinkhorn] step= 31000 layer=2 c=0.9509 eps=0.1895 q_min=0.0007 q_med=0.0034 q_mean=0.0039 q_max=0.0426
  step  31652/100000 | loss=1.3159 | rl=0.7368 | vl=0.5791 | codes=232/219/226/256 | c=0.940/0.940/0.940 | ips_g=106.1 ips/rk=26.5 | elapsed=298.3s | eta=644.1s
  [iter6][sinkhorn] step= 32000 layer=0 c=0.9335 eps=0.1857 q_min=0.0000 q_med=0.0013 q_mean=0.0039 q_max=0.5303
  [iter6][sinkhorn] step= 32000 layer=1 c=0.9335 eps=0.1857 q_min=0.0005 q_med=0.0034 q_mean=0.0039 q_max=0.0590
  [iter6][sinkhorn] step= 32000 layer=2 c=0.9335 eps=0.1857 q_min=0.0007 q_med=0.0035 q_mean=0.0039 q_max=0.0437
  step  32484/100000 | loss=1.2762 | rl=0.7070 | vl=0.5692 | codes=237/220/221/256 | c=0.924/0.924/0.924 | ips_g=107.1 ips/rk=26.8 | elapsed=303.3s | eta=630.4s
  [iter6][sinkhorn] step= 33000 layer=0 c=0.9135 eps=0.1815 q_min=0.0000 q_med=0.0014 q_mean=0.0039 q_max=0.5334
  [iter6][sinkhorn] step= 33000 layer=1 c=0.9135 eps=0.1815 q_min=0.0006 q_med=0.0035 q_mean=0.0039 q_max=0.0514
  [iter6][sinkhorn] step= 33000 layer=2 c=0.9135 eps=0.1815 q_min=0.0008 q_med=0.0035 q_mean=0.0039 q_max=0.0310
  step  33308/100000 | loss=1.3034 | rl=0.7212 | vl=0.5822 | codes=227/223/225/256 | c=0.907/0.907/0.907 | ips_g=108.0 ips/rk=27.0 | elapsed=308.3s | eta=617.4s
  [iter6][sinkhorn] step= 34000 layer=0 c=0.8911 eps=0.1767 q_min=0.0000 q_med=0.0016 q_mean=0.0039 q_max=0.5453
  [iter6][sinkhorn] step= 34000 layer=1 c=0.8911 eps=0.1767 q_min=0.0005 q_med=0.0034 q_mean=0.0039 q_max=0.0619
  [iter6][sinkhorn] step= 34000 layer=2 c=0.8911 eps=0.1767 q_min=0.0007 q_med=0.0036 q_mean=0.0039 q_max=0.0252
  step  34148/100000 | loss=1.2855 | rl=0.6990 | vl=0.5865 | codes=237/221/233/256 | c=0.888/0.888/0.888 | ips_g=109.0 ips/rk=27.2 | elapsed=313.4s | eta=604.3s
  step  34988/100000 | loss=1.2816 | rl=0.6880 | vl=0.5936 | codes=236/220/233/256 | c=0.867/0.867/0.867 | ips_g=109.9 ips/rk=27.5 | elapsed=318.4s | eta=591.6s
  [iter6][sinkhorn] step= 35000 layer=0 c=0.8664 eps=0.1714 q_min=0.0000 q_med=0.0013 q_mean=0.0039 q_max=0.6137
  [iter6][sinkhorn] step= 35000 layer=1 c=0.8664 eps=0.1714 q_min=0.0003 q_med=0.0034 q_mean=0.0039 q_max=0.0623
  [iter6][sinkhorn] step= 35000 layer=2 c=0.8664 eps=0.1714 q_min=0.0006 q_med=0.0035 q_mean=0.0039 q_max=0.0461
  step  35832/100000 | loss=1.2030 | rl=0.6548 | vl=0.5482 | codes=239/224/221/256 | c=0.844/0.844/0.844 | ips_g=110.8 ips/rk=27.7 | elapsed=323.4s | eta=579.1s
  [iter6][sinkhorn] step= 36000 layer=0 c=0.8395 eps=0.1656 q_min=0.0000 q_med=0.0013 q_mean=0.0039 q_max=0.6890
  [iter6][sinkhorn] step= 36000 layer=1 c=0.8395 eps=0.1656 q_min=0.0005 q_med=0.0034 q_mean=0.0039 q_max=0.0670
  [iter6][sinkhorn] step= 36000 layer=2 c=0.8395 eps=0.1656 q_min=0.0007 q_med=0.0035 q_mean=0.0039 q_max=0.0376
  step  36680/100000 | loss=1.2230 | rl=0.6572 | vl=0.5658 | codes=235/208/226/256 | c=0.820/0.820/0.820 | ips_g=111.7 ips/rk=27.9 | elapsed=328.4s | eta=566.9s
  [iter6][sinkhorn] step= 37000 layer=0 c=0.8104 eps=0.1594 q_min=0.0000 q_med=0.0012 q_mean=0.0039 q_max=0.6613
  [iter6][sinkhorn] step= 37000 layer=1 c=0.8104 eps=0.1594 q_min=0.0003 q_med=0.0032 q_mean=0.0039 q_max=0.1003
  [iter6][sinkhorn] step= 37000 layer=2 c=0.8104 eps=0.1594 q_min=0.0005 q_med=0.0034 q_mean=0.0039 q_max=0.0408
  step  37528/100000 | loss=1.1533 | rl=0.6328 | vl=0.5205 | codes=234/221/231/256 | c=0.794/0.794/0.794 | ips_g=112.6 ips/rk=28.1 | elapsed=333.4s | eta=555.0s
  [iter6][sinkhorn] step= 38000 layer=0 c=0.7793 eps=0.1527 q_min=0.0000 q_med=0.0009 q_mean=0.0039 q_max=0.6808
  [iter6][sinkhorn] step= 38000 layer=1 c=0.7793 eps=0.1527 q_min=0.0003 q_med=0.0032 q_mean=0.0039 q_max=0.1172
  [iter6][sinkhorn] step= 38000 layer=2 c=0.7793 eps=0.1527 q_min=0.0005 q_med=0.0034 q_mean=0.0039 q_max=0.0388
  step  38368/100000 | loss=1.1633 | rl=0.6191 | vl=0.5442 | codes=233/229/226/256 | c=0.767/0.767/0.767 | ips_g=113.4 ips/rk=28.3 | elapsed=338.4s | eta=543.6s
  [iter6][sinkhorn] step= 39000 layer=0 c=0.7463 eps=0.1456 q_min=0.0000 q_med=0.0008 q_mean=0.0039 q_max=0.7776
  [iter6][sinkhorn] step= 39000 layer=1 c=0.7463 eps=0.1456 q_min=0.0002 q_med=0.0031 q_mean=0.0039 q_max=0.1184
  [iter6][sinkhorn] step= 39000 layer=2 c=0.7463 eps=0.1456 q_min=0.0003 q_med=0.0032 q_mean=0.0039 q_max=0.0648
  step  39196/100000 | loss=1.1035 | rl=0.5833 | vl=0.5202 | codes=236/231/227/256 | c=0.740/0.740/0.740 | ips_g=114.1 ips/rk=28.5 | elapsed=343.4s | eta=532.8s
  [iter6][sinkhorn] step= 40000 layer=0 c=0.7116 eps=0.1382 q_min=0.0000 q_med=0.0008 q_mean=0.0039 q_max=0.8046
  [iter6][sinkhorn] step= 40000 layer=1 c=0.7116 eps=0.1382 q_min=0.0002 q_med=0.0031 q_mean=0.0039 q_max=0.1811
  [iter6][sinkhorn] step= 40000 layer=2 c=0.7116 eps=0.1382 q_min=0.0003 q_med=0.0033 q_mean=0.0039 q_max=0.0536
[Step12] saved /home/wlia0047/ar57/wenyu/GeneRec/results/stage2_RQ-VAE/curvature_RQ-VAE_iter6/out/rqvae/instruments/rqvae_step40000.pt (step=40000)
  [SID gate step=40000] hitrate@50=0.7165 full_gini=0.0623 per_layer=[0.1559/0.2557/0.2136] unique=22990/24587 l01_pairs=14810 H_l1_given_l0=5.5797 | early_stop=False
[Step12] deleted previous artifacts with tag=step30000 (rqvae_step30000.pt + sids_step30000.npy + quality_step30000.json)
  step  40004/100000 | loss=1.1300 | rl=0.5894 | vl=0.5405 | codes=237/226/232/256 | c=0.711/0.711/0.711 | ips_g=104.5 ips/rk=26.1 | elapsed=382.7s | eta=573.9s
  step  40848/100000 | loss=1.0882 | rl=0.5599 | vl=0.5283 | codes=238/219/224/256 | c=0.681/0.681/0.681 | ips_g=105.4 ips/rk=26.3 | elapsed=387.7s | eta=561.4s
  [iter6][sinkhorn] step= 41000 layer=0 c=0.6752 eps=0.1304 q_min=0.0000 q_med=0.0007 q_mean=0.0039 q_max=0.8263
  [iter6][sinkhorn] step= 41000 layer=1 c=0.6752 eps=0.1304 q_min=0.0002 q_med=0.0030 q_mean=0.0039 q_max=0.1854
  [iter6][sinkhorn] step= 41000 layer=2 c=0.6752 eps=0.1304 q_min=0.0003 q_med=0.0032 q_mean=0.0039 q_max=0.0780
  step  41692/100000 | loss=1.0446 | rl=0.5471 | vl=0.4975 | codes=235/225/231/256 | c=0.649/0.649/0.649 | ips_g=106.2 ips/rk=26.5 | elapsed=392.7s | eta=549.2s
  [iter6][sinkhorn] step= 42000 layer=0 c=0.6374 eps=0.1223 q_min=0.0000 q_med=0.0004 q_mean=0.0039 q_max=0.9286
  [iter6][sinkhorn] step= 42000 layer=1 c=0.6374 eps=0.1223 q_min=0.0001 q_med=0.0030 q_mean=0.0039 q_max=0.1772
  [iter6][sinkhorn] step= 42000 layer=2 c=0.6374 eps=0.1223 q_min=0.0002 q_med=0.0030 q_mean=0.0039 q_max=0.1250
  step  42536/100000 | loss=1.0261 | rl=0.5258 | vl=0.5003 | codes=236/227/221/256 | c=0.616/0.616/0.616 | ips_g=107.0 ips/rk=26.7 | elapsed=397.7s | eta=537.3s
  [iter6][sinkhorn] step= 43000 layer=0 c=0.5982 eps=0.1139 q_min=0.0000 q_med=0.0003 q_mean=0.0039 q_max=1.0507
  [iter6][sinkhorn] step= 43000 layer=1 c=0.5982 eps=0.1139 q_min=0.0000 q_med=0.0027 q_mean=0.0039 q_max=0.2238
  [iter6][sinkhorn] step= 43000 layer=2 c=0.5982 eps=0.1139 q_min=0.0002 q_med=0.0029 q_mean=0.0039 q_max=0.2201
  step  43372/100000 | loss=1.0029 | rl=0.5172 | vl=0.4857 | codes=243/218/223/256 | c=0.583/0.583/0.583 | ips_g=107.7 ips/rk=26.9 | elapsed=402.7s | eta=525.8s
  [iter6][sinkhorn] step= 44000 layer=0 c=0.5579 eps=0.1053 q_min=0.0000 q_med=0.0002 q_mean=0.0039 q_max=1.2356
  [iter6][sinkhorn] step= 44000 layer=1 c=0.5579 eps=0.1053 q_min=0.0001 q_med=0.0029 q_mean=0.0039 q_max=0.1984
  [iter6][sinkhorn] step= 44000 layer=2 c=0.5579 eps=0.1053 q_min=0.0003 q_med=0.0031 q_mean=0.0039 q_max=0.0862
  step  44196/100000 | loss=0.9697 | rl=0.4943 | vl=0.4754 | codes=244/226/224/256 | c=0.550/0.550/0.550 | ips_g=108.4 ips/rk=27.1 | elapsed=407.7s | eta=514.8s
  [iter6][sinkhorn] step= 45000 layer=0 c=0.5165 eps=0.0964 q_min=0.0000 q_med=0.0001 q_mean=0.0039 q_max=1.2678
  [iter6][sinkhorn] step= 45000 layer=1 c=0.5165 eps=0.0964 q_min=0.0000 q_med=0.0026 q_mean=0.0039 q_max=0.3871
  [iter6][sinkhorn] step= 45000 layer=2 c=0.5165 eps=0.0964 q_min=0.0002 q_med=0.0029 q_mean=0.0039 q_max=0.1169
  step  45020/100000 | loss=0.9522 | rl=0.4801 | vl=0.4721 | codes=244/226/223/256 | c=0.515/0.515/0.515 | ips_g=109.1 ips/rk=27.3 | elapsed=412.7s | eta=504.0s
  step  45856/100000 | loss=0.9243 | rl=0.4653 | vl=0.4590 | codes=243/227/228/256 | c=0.480/0.480/0.480 | ips_g=109.8 ips/rk=27.4 | elapsed=417.7s | eta=493.2s
  [iter6][sinkhorn] step= 46000 layer=0 c=0.4743 eps=0.0873 q_min=0.0000 q_med=0.0001 q_mean=0.0039 q_max=1.2559
  [iter6][sinkhorn] step= 46000 layer=1 c=0.4743 eps=0.0873 q_min=0.0000 q_med=0.0024 q_mean=0.0039 q_max=0.3987
  [iter6][sinkhorn] step= 46000 layer=2 c=0.4743 eps=0.0873 q_min=0.0001 q_med=0.0026 q_mean=0.0039 q_max=0.2212
  step  46684/100000 | loss=0.9073 | rl=0.4517 | vl=0.4556 | codes=251/229/226/256 | c=0.445/0.445/0.445 | ips_g=110.4 ips/rk=27.6 | elapsed=422.8s | eta=482.8s
  [iter6][sinkhorn] step= 47000 layer=0 c=0.4313 eps=0.0781 q_min=0.0000 q_med=0.0000 q_mean=0.0039 q_max=1.7349
  [iter6][sinkhorn] step= 47000 layer=1 c=0.4313 eps=0.0781 q_min=0.0000 q_med=0.0021 q_mean=0.0039 q_max=0.5526
  [iter6][sinkhorn] step= 47000 layer=2 c=0.4313 eps=0.0781 q_min=0.0001 q_med=0.0024 q_mean=0.0039 q_max=0.3453
  step  47512/100000 | loss=0.8690 | rl=0.4298 | vl=0.4392 | codes=255/231/227/256 | c=0.409/0.409/0.409 | ips_g=111.1 ips/rk=27.8 | elapsed=427.8s | eta=472.6s
  [iter6][sinkhorn] step= 48000 layer=0 c=0.3879 eps=0.0688 q_min=0.0000 q_med=0.0000 q_mean=0.0039 q_max=1.5287
  [iter6][sinkhorn] step= 48000 layer=1 c=0.3879 eps=0.0688 q_min=0.0000 q_med=0.0017 q_mean=0.0039 q_max=0.6618
  [iter6][sinkhorn] step= 48000 layer=2 c=0.3879 eps=0.0688 q_min=0.0000 q_med=0.0021 q_mean=0.0039 q_max=0.3804
  step  48344/100000 | loss=0.8360 | rl=0.4110 | vl=0.4250 | codes=250/234/229/256 | c=0.373/0.373/0.373 | ips_g=111.7 ips/rk=27.9 | elapsed=432.8s | eta=462.4s
  [iter6][sinkhorn] step= 49000 layer=0 c=0.3441 eps=0.0595 q_min=0.0000 q_med=0.0000 q_mean=0.0039 q_max=1.9171
  [iter6][sinkhorn] step= 49000 layer=1 c=0.3441 eps=0.0595 q_min=0.0000 q_med=0.0016 q_mean=0.0039 q_max=0.9041
  [iter6][sinkhorn] step= 49000 layer=2 c=0.3441 eps=0.0595 q_min=0.0000 q_med=0.0018 q_mean=0.0039 q_max=0.4670
  step  49180/100000 | loss=0.8089 | rl=0.3975 | vl=0.4115 | codes=250/238/234/256 | c=0.336/0.336/0.336 | ips_g=112.3 ips/rk=28.1 | elapsed=437.8s | eta=452.4s
  [iter6][sinkhorn] step= 50000 layer=0 c=0.3002 eps=0.0500 q_min=0.0000 q_med=0.0000 q_mean=0.0039 q_max=2.2844
  [iter6][sinkhorn] step= 50000 layer=1 c=0.3002 eps=0.0500 q_min=0.0000 q_med=0.0005 q_mean=0.0039 q_max=1.0908
  [iter6][sinkhorn] step= 50000 layer=2 c=0.3002 eps=0.0500 q_min=0.0000 q_med=0.0009 q_mean=0.0039 q_max=0.7999
[Step12] saved /home/wlia0047/ar57/wenyu/GeneRec/results/stage2_RQ-VAE/curvature_RQ-VAE_iter6/out/rqvae/instruments/rqvae_step50000.pt (step=50000)
  [SID gate step=50000] hitrate@50=0.7165 full_gini=0.0530 per_layer=[0.0794/0.1566/0.1775] unique=23237/24587 l01_pairs=15489 H_l1_given_l0=5.6326 | early_stop=False
[Step12] deleted previous artifacts with tag=step40000 (rqvae_step40000.pt + sids_step40000.npy + quality_step40000.json)
  step  50004/100000 | loss=0.7506 | rl=0.3673 | vl=0.3832 | codes=252/233/231/256 | c=0.300/0.300/0.300 | ips_g=104.9 ips/rk=26.2 | elapsed=476.8s | eta=476.7s
  step  50828/100000 | loss=0.7866 | rl=0.3884 | vl=0.3982 | codes=254/238/233/256 | c=0.336/0.336/0.336 | ips_g=105.5 ips/rk=26.4 | elapsed=481.8s | eta=466.1s
  [iter6][sinkhorn] step= 51000 layer=0 c=0.3438 eps=0.0594 q_min=0.0000 q_med=0.0000 q_mean=0.0039 q_max=1.7323
  [iter6][sinkhorn] step= 51000 layer=1 c=0.3438 eps=0.0594 q_min=0.0000 q_med=0.0013 q_mean=0.0039 q_max=0.8931
  [iter6][sinkhorn] step= 51000 layer=2 c=0.3438 eps=0.0594 q_min=0.0000 q_med=0.0019 q_mean=0.0039 q_max=0.4465
  step  51652/100000 | loss=0.8014 | rl=0.4000 | vl=0.4014 | codes=255/232/231/256 | c=0.373/0.373/0.373 | ips_g=106.1 ips/rk=26.5 | elapsed=486.8s | eta=455.7s
  [iter6][sinkhorn] step= 52000 layer=0 c=0.3876 eps=0.0688 q_min=0.0000 q_med=0.0000 q_mean=0.0039 q_max=1.5673
  [iter6][sinkhorn] step= 52000 layer=1 c=0.3876 eps=0.0688 q_min=0.0000 q_med=0.0014 q_mean=0.0039 q_max=0.6699
  [iter6][sinkhorn] step= 52000 layer=2 c=0.3876 eps=0.0688 q_min=0.0000 q_med=0.0019 q_mean=0.0039 q_max=0.5343
  step  52480/100000 | loss=0.8590 | rl=0.4317 | vl=0.4273 | codes=249/230/232/256 | c=0.409/0.409/0.409 | ips_g=106.7 ips/rk=26.7 | elapsed=491.8s | eta=445.4s
  [iter6][sinkhorn] step= 53000 layer=0 c=0.4310 eps=0.0781 q_min=0.0000 q_med=0.0000 q_mean=0.0039 q_max=1.5566
  [iter6][sinkhorn] step= 53000 layer=1 c=0.4310 eps=0.0781 q_min=0.0000 q_med=0.0025 q_mean=0.0039 q_max=0.3993
  [iter6][sinkhorn] step= 53000 layer=2 c=0.4310 eps=0.0781 q_min=0.0001 q_med=0.0027 q_mean=0.0039 q_max=0.1864
  step  53316/100000 | loss=0.8839 | rl=0.4387 | vl=0.4452 | codes=253/233/231/256 | c=0.445/0.445/0.445 | ips_g=107.3 ips/rk=26.8 | elapsed=496.8s | eta=435.0s
  [iter6][sinkhorn] step= 54000 layer=0 c=0.4739 eps=0.0873 q_min=0.0000 q_med=0.0001 q_mean=0.0039 q_max=1.3170
  [iter6][sinkhorn] step= 54000 layer=1 c=0.4739 eps=0.0873 q_min=0.0000 q_med=0.0021 q_mean=0.0039 q_max=0.8200
  [iter6][sinkhorn] step= 54000 layer=2 c=0.4739 eps=0.0873 q_min=0.0001 q_med=0.0026 q_mean=0.0039 q_max=0.2302
  step  54156/100000 | loss=0.9171 | rl=0.4503 | vl=0.4668 | codes=249/228/224/256 | c=0.481/0.481/0.481 | ips_g=107.9 ips/rk=27.0 | elapsed=501.8s | eta=424.8s
  step  54984/100000 | loss=0.9231 | rl=0.4627 | vl=0.4604 | codes=240/226/230/256 | c=0.516/0.516/0.516 | ips_g=108.5 ips/rk=27.1 | elapsed=506.9s | eta=415.0s
  [iter6][sinkhorn] step= 55000 layer=0 c=0.5161 eps=0.0963 q_min=0.0000 q_med=0.0001 q_mean=0.0039 q_max=1.3873
  [iter6][sinkhorn] step= 55000 layer=1 c=0.5161 eps=0.0963 q_min=0.0000 q_med=0.0026 q_mean=0.0039 q_max=0.2963
  [iter6][sinkhorn] step= 55000 layer=2 c=0.5161 eps=0.0963 q_min=0.0002 q_med=0.0030 q_mean=0.0039 q_max=0.1310
  step  55812/100000 | loss=0.9776 | rl=0.4922 | vl=0.4855 | codes=244/227/222/256 | c=0.550/0.550/0.550 | ips_g=109.0 ips/rk=27.3 | elapsed=511.9s | eta=405.3s
  [iter6][sinkhorn] step= 56000 layer=0 c=0.5575 eps=0.1052 q_min=0.0000 q_med=0.0002 q_mean=0.0039 q_max=1.0853
  [iter6][sinkhorn] step= 56000 layer=1 c=0.5575 eps=0.1052 q_min=0.0001 q_med=0.0027 q_mean=0.0039 q_max=0.2404
  [iter6][sinkhorn] step= 56000 layer=2 c=0.5575 eps=0.1052 q_min=0.0002 q_med=0.0030 q_mean=0.0039 q_max=0.1369
  step  56648/100000 | loss=1.0192 | rl=0.5104 | vl=0.5088 | codes=240/219/216/256 | c=0.584/0.584/0.584 | ips_g=109.6 ips/rk=27.4 | elapsed=516.9s | eta=395.6s
  [iter6][sinkhorn] step= 57000 layer=0 c=0.5979 eps=0.1138 q_min=0.0000 q_med=0.0003 q_mean=0.0039 q_max=0.8921
  [iter6][sinkhorn] step= 57000 layer=1 c=0.5979 eps=0.1138 q_min=0.0001 q_med=0.0028 q_mean=0.0039 q_max=0.2282
  [iter6][sinkhorn] step= 57000 layer=2 c=0.5979 eps=0.1138 q_min=0.0002 q_med=0.0031 q_mean=0.0039 q_max=0.0929
  step  57480/100000 | loss=1.0193 | rl=0.5190 | vl=0.5003 | codes=242/218/217/256 | c=0.617/0.617/0.617 | ips_g=110.1 ips/rk=27.5 | elapsed=521.9s | eta=386.1s
  [iter6][sinkhorn] step= 58000 layer=0 c=0.6371 eps=0.1222 q_min=0.0000 q_med=0.0003 q_mean=0.0039 q_max=1.0742
  [iter6][sinkhorn] step= 58000 layer=1 c=0.6371 eps=0.1222 q_min=0.0001 q_med=0.0029 q_mean=0.0039 q_max=0.3712
  [iter6][sinkhorn] step= 58000 layer=2 c=0.6371 eps=0.1222 q_min=0.0003 q_med=0.0031 q_mean=0.0039 q_max=0.0784
  step  58320/100000 | loss=1.0924 | rl=0.5494 | vl=0.5431 | codes=238/225/221/256 | c=0.649/0.649/0.649 | ips_g=110.7 ips/rk=27.7 | elapsed=526.9s | eta=376.6s
  [iter6][sinkhorn] step= 59000 layer=0 c=0.6749 eps=0.1303 q_min=0.0000 q_med=0.0005 q_mean=0.0039 q_max=0.8530
  [iter6][sinkhorn] step= 59000 layer=1 c=0.6749 eps=0.1303 q_min=0.0002 q_med=0.0031 q_mean=0.0039 q_max=0.1430
  [iter6][sinkhorn] step= 59000 layer=2 c=0.6749 eps=0.1303 q_min=0.0004 q_med=0.0033 q_mean=0.0039 q_max=0.0738
  step  59164/100000 | loss=1.0881 | rl=0.5551 | vl=0.5331 | codes=245/223/221/256 | c=0.681/0.681/0.681 | ips_g=111.2 ips/rk=27.8 | elapsed=531.9s | eta=367.2s
  [iter6][sinkhorn] step= 60000 layer=0 c=0.7113 eps=0.1381 q_min=0.0000 q_med=0.0008 q_mean=0.0039 q_max=0.9430
  [iter6][sinkhorn] step= 60000 layer=1 c=0.7113 eps=0.1381 q_min=0.0002 q_med=0.0032 q_mean=0.0039 q_max=0.1420
  [iter6][sinkhorn] step= 60000 layer=2 c=0.7113 eps=0.1381 q_min=0.0004 q_med=0.0033 q_mean=0.0039 q_max=0.0549
[Step12] saved /home/wlia0047/ar57/wenyu/GeneRec/results/stage2_RQ-VAE/curvature_RQ-VAE_iter6/out/rqvae/instruments/rqvae_step60000.pt (step=60000)
  [SID gate step=60000] hitrate@50=0.7165 full_gini=0.0626 per_layer=[0.1411/0.2643/0.2239] unique=22983/24587 l01_pairs=14797 H_l1_given_l0=5.5692 | early_stop=False
[Step12] deleted previous artifacts with tag=step50000 (rqvae_step50000.pt + sids_step50000.npy + quality_step50000.json)
  step  60004/100000 | loss=1.1515 | rl=0.5873 | vl=0.5642 | codes=239/216/219/256 | c=0.712/0.712/0.712 | ips_g=105.0 ips/rk=26.3 | elapsed=571.3s | eta=380.8s
  step  60848/100000 | loss=1.1519 | rl=0.5925 | vl=0.5595 | codes=237/224/227/256 | c=0.741/0.741/0.741 | ips_g=105.6 ips/rk=26.4 | elapsed=576.3s | eta=370.8s
  [iter6][sinkhorn] step= 61000 layer=0 c=0.7461 eps=0.1456 q_min=0.0000 q_med=0.0009 q_mean=0.0039 q_max=0.9643
  [iter6][sinkhorn] step= 61000 layer=1 c=0.7461 eps=0.1456 q_min=0.0002 q_med=0.0031 q_mean=0.0039 q_max=0.1104
  [iter6][sinkhorn] step= 61000 layer=2 c=0.7461 eps=0.1456 q_min=0.0005 q_med=0.0034 q_mean=0.0039 q_max=0.0483
  step  61688/100000 | loss=1.1810 | rl=0.6020 | vl=0.5790 | codes=234/224/222/256 | c=0.769/0.769/0.769 | ips_g=106.1 ips/rk=26.5 | elapsed=581.3s | eta=361.0s
  [iter6][sinkhorn] step= 62000 layer=0 c=0.7791 eps=0.1527 q_min=0.0000 q_med=0.0012 q_mean=0.0039 q_max=0.7174
  [iter6][sinkhorn] step= 62000 layer=1 c=0.7791 eps=0.1527 q_min=0.0005 q_med=0.0034 q_mean=0.0039 q_max=0.0523
  [iter6][sinkhorn] step= 62000 layer=2 c=0.7791 eps=0.1527 q_min=0.0008 q_med=0.0035 q_mean=0.0039 q_max=0.0294
  step  62536/100000 | loss=1.2251 | rl=0.6234 | vl=0.6017 | codes=241/232/224/256 | c=0.796/0.796/0.796 | ips_g=106.7 ips/rk=26.7 | elapsed=586.3s | eta=351.3s
  [iter6][sinkhorn] step= 63000 layer=0 c=0.8102 eps=0.1593 q_min=0.0001 q_med=0.0016 q_mean=0.0039 q_max=0.5261
  [iter6][sinkhorn] step= 63000 layer=1 c=0.8102 eps=0.1593 q_min=0.0008 q_med=0.0036 q_mean=0.0039 q_max=0.0473
  [iter6][sinkhorn] step= 63000 layer=2 c=0.8102 eps=0.1593 q_min=0.0012 q_med=0.0037 q_mean=0.0039 q_max=0.0197
  step  63384/100000 | loss=1.2580 | rl=0.6425 | vl=0.6155 | codes=231/226/223/256 | c=0.822/0.822/0.822 | ips_g=107.2 ips/rk=26.8 | elapsed=591.4s | eta=341.6s
  [iter6][sinkhorn] step= 64000 layer=0 c=0.8392 eps=0.1656 q_min=0.0001 q_med=0.0016 q_mean=0.0039 q_max=0.5996
  [iter6][sinkhorn] step= 64000 layer=1 c=0.8392 eps=0.1656 q_min=0.0007 q_med=0.0035 q_mean=0.0039 q_max=0.0503
  [iter6][sinkhorn] step= 64000 layer=2 c=0.8392 eps=0.1656 q_min=0.0009 q_med=0.0036 q_mean=0.0039 q_max=0.0348
  step  64228/100000 | loss=1.2968 | rl=0.6540 | vl=0.6428 | codes=232/220/227/256 | c=0.846/0.846/0.846 | ips_g=107.7 ips/rk=26.9 | elapsed=596.4s | eta=332.2s
  [iter6][sinkhorn] step= 65000 layer=0 c=0.8662 eps=0.1713 q_min=0.0000 q_med=0.0015 q_mean=0.0039 q_max=0.5371
  [iter6][sinkhorn] step= 65000 layer=1 c=0.8662 eps=0.1713 q_min=0.0005 q_med=0.0034 q_mean=0.0039 q_max=0.0847
  [iter6][sinkhorn] step= 65000 layer=2 c=0.8662 eps=0.1713 q_min=0.0009 q_med=0.0035 q_mean=0.0039 q_max=0.0368
  step  65072/100000 | loss=1.2873 | rl=0.6514 | vl=0.6359 | codes=235/218/224/256 | c=0.868/0.868/0.868 | ips_g=108.2 ips/rk=27.1 | elapsed=601.4s | eta=322.8s
  step  65900/100000 | loss=1.3282 | rl=0.6766 | vl=0.6516 | codes=239/219/229/256 | c=0.889/0.889/0.889 | ips_g=108.7 ips/rk=27.2 | elapsed=606.4s | eta=313.8s
  [iter6][sinkhorn] step= 66000 layer=0 c=0.8909 eps=0.1766 q_min=0.0001 q_med=0.0015 q_mean=0.0039 q_max=0.5610
  [iter6][sinkhorn] step= 66000 layer=1 c=0.8909 eps=0.1766 q_min=0.0006 q_med=0.0035 q_mean=0.0039 q_max=0.0650
  [iter6][sinkhorn] step= 66000 layer=2 c=0.8909 eps=0.1766 q_min=0.0009 q_med=0.0036 q_mean=0.0039 q_max=0.0250
  step  66724/100000 | loss=1.3248 | rl=0.6797 | vl=0.6451 | codes=236/231/232/256 | c=0.907/0.907/0.907 | ips_g=109.1 ips/rk=27.3 | elapsed=611.4s | eta=304.9s
  [iter6][sinkhorn] step= 67000 layer=0 c=0.9133 eps=0.1814 q_min=0.0000 q_med=0.0015 q_mean=0.0039 q_max=0.5616
  [iter6][sinkhorn] step= 67000 layer=1 c=0.9133 eps=0.1814 q_min=0.0006 q_med=0.0034 q_mean=0.0039 q_max=0.0620
  [iter6][sinkhorn] step= 67000 layer=2 c=0.9133 eps=0.1814 q_min=0.0006 q_med=0.0035 q_mean=0.0039 q_max=0.0455
  step  67572/100000 | loss=1.4066 | rl=0.7116 | vl=0.6950 | codes=240/217/228/256 | c=0.925/0.925/0.925 | ips_g=109.6 ips/rk=27.4 | elapsed=616.4s | eta=295.8s
  [iter6][sinkhorn] step= 68000 layer=0 c=0.9333 eps=0.1857 q_min=0.0001 q_med=0.0017 q_mean=0.0039 q_max=0.5095
  [iter6][sinkhorn] step= 68000 layer=1 c=0.9333 eps=0.1857 q_min=0.0005 q_med=0.0034 q_mean=0.0039 q_max=0.0626
  [iter6][sinkhorn] step= 68000 layer=2 c=0.9333 eps=0.1857 q_min=0.0007 q_med=0.0035 q_mean=0.0039 q_max=0.0363
  step  68420/100000 | loss=1.3751 | rl=0.7078 | vl=0.6673 | codes=229/226/230/256 | c=0.941/0.941/0.941 | ips_g=110.1 ips/rk=27.5 | elapsed=621.4s | eta=286.8s
  [iter6][sinkhorn] step= 69000 layer=0 c=0.9508 eps=0.1895 q_min=0.0000 q_med=0.0016 q_mean=0.0039 q_max=0.5961
  [iter6][sinkhorn] step= 69000 layer=1 c=0.9508 eps=0.1895 q_min=0.0005 q_med=0.0035 q_mean=0.0039 q_max=0.0482
  [iter6][sinkhorn] step= 69000 layer=2 c=0.9508 eps=0.1895 q_min=0.0008 q_med=0.0036 q_mean=0.0039 q_max=0.0292
  step  69268/100000 | loss=1.4324 | rl=0.7248 | vl=0.7076 | codes=226/221/226/256 | c=0.955/0.955/0.955 | ips_g=110.6 ips/rk=27.6 | elapsed=626.5s | eta=277.9s
  [iter6][sinkhorn] step= 70000 layer=0 c=0.9657 eps=0.1926 q_min=0.0001 q_med=0.0019 q_mean=0.0039 q_max=0.3873
  [iter6][sinkhorn] step= 70000 layer=1 c=0.9657 eps=0.1926 q_min=0.0010 q_med=0.0036 q_mean=0.0039 q_max=0.0270
  [iter6][sinkhorn] step= 70000 layer=2 c=0.9657 eps=0.1926 q_min=0.0012 q_med=0.0037 q_mean=0.0039 q_max=0.0185
[Step12] saved /home/wlia0047/ar57/wenyu/GeneRec/results/stage2_RQ-VAE/curvature_RQ-VAE_iter6/out/rqvae/instruments/rqvae_step70000.pt (step=70000)
  [SID gate step=70000] hitrate@50=0.7165 full_gini=0.0634 per_layer=[0.1726/0.2468/0.1886] unique=22962/24587 l01_pairs=14709 H_l1_given_l0=5.5675 | early_stop=False
[Step12] deleted previous artifacts with tag=step60000 (rqvae_step60000.pt + sids_step60000.npy + quality_step60000.json)
  step  70004/100000 | loss=1.4137 | rl=0.7145 | vl=0.6992 | codes=231/221/222/256 | c=0.966/0.966/0.966 | ips_g=105.2 ips/rk=26.3 | elapsed=665.4s | eta=285.1s
  step  70848/100000 | loss=1.4204 | rl=0.7168 | vl=0.7037 | codes=233/218/226/256 | c=0.976/0.976/0.976 | ips_g=105.7 ips/rk=26.4 | elapsed=670.4s | eta=275.9s
  [iter6][sinkhorn] step= 71000 layer=0 c=0.9780 eps=0.1953 q_min=0.0001 q_med=0.0019 q_mean=0.0039 q_max=0.5383
  [iter6][sinkhorn] step= 71000 layer=1 c=0.9780 eps=0.1953 q_min=0.0006 q_med=0.0035 q_mean=0.0039 q_max=0.0472
  [iter6][sinkhorn] step= 71000 layer=2 c=0.9780 eps=0.1953 q_min=0.0007 q_med=0.0036 q_mean=0.0039 q_max=0.0307
  step  71696/100000 | loss=1.4902 | rl=0.7507 | vl=0.7395 | codes=235/231/228/256 | c=0.985/0.985/0.985 | ips_g=106.1 ips/rk=26.5 | elapsed=675.5s | eta=266.7s
  [iter6][sinkhorn] step= 72000 layer=0 c=0.9876 eps=0.1973 q_min=0.0001 q_med=0.0018 q_mean=0.0039 q_max=0.5368
  [iter6][sinkhorn] step= 72000 layer=1 c=0.9876 eps=0.1973 q_min=0.0007 q_med=0.0036 q_mean=0.0039 q_max=0.0436
  [iter6][sinkhorn] step= 72000 layer=2 c=0.9876 eps=0.1973 q_min=0.0012 q_med=0.0037 q_mean=0.0039 q_max=0.0223
  step  72520/100000 | loss=1.4260 | rl=0.7209 | vl=0.7050 | codes=233/228/226/256 | c=0.992/0.992/0.992 | ips_g=106.6 ips/rk=26.6 | elapsed=680.5s | eta=257.9s
  [iter6][sinkhorn] step= 73000 layer=0 c=0.9945 eps=0.1988 q_min=0.0001 q_med=0.0019 q_mean=0.0039 q_max=0.4418
  [iter6][sinkhorn] step= 73000 layer=1 c=0.9945 eps=0.1988 q_min=0.0008 q_med=0.0035 q_mean=0.0039 q_max=0.0747
  [iter6][sinkhorn] step= 73000 layer=2 c=0.9945 eps=0.1988 q_min=0.0008 q_med=0.0036 q_mean=0.0039 q_max=0.0276
  step  73344/100000 | loss=1.4329 | rl=0.7429 | vl=0.6899 | codes=236/232/229/256 | c=0.996/0.996/0.996 | ips_g=107.0 ips/rk=26.7 | elapsed=685.5s | eta=249.1s
  [iter6][sinkhorn] step= 74000 layer=0 c=0.9986 eps=0.1997 q_min=0.0001 q_med=0.0019 q_mean=0.0039 q_max=0.4741
  [iter6][sinkhorn] step= 74000 layer=1 c=0.9986 eps=0.1997 q_min=0.0005 q_med=0.0035 q_mean=0.0039 q_max=0.0453
  [iter6][sinkhorn] step= 74000 layer=2 c=0.9986 eps=0.1997 q_min=0.0008 q_med=0.0035 q_mean=0.0039 q_max=0.0396
  step  74168/100000 | loss=1.4610 | rl=0.7351 | vl=0.7258 | codes=237/228/231/256 | c=0.999/0.999/0.999 | ips_g=107.4 ips/rk=26.9 | elapsed=690.5s | eta=240.5s
  step  74996/100000 | loss=1.4782 | rl=0.7571 | vl=0.7211 | codes=236/230/228/256 | c=1.000/1.000/1.000 | ips_g=107.8 ips/rk=27.0 | elapsed=695.5s | eta=231.9s
  [iter6][sinkhorn] step= 75000 layer=0 c=1.0000 eps=0.2000 q_min=0.0001 q_med=0.0019 q_mean=0.0039 q_max=0.4235
  [iter6][sinkhorn] step= 75000 layer=1 c=1.0000 eps=0.2000 q_min=0.0008 q_med=0.0035 q_mean=0.0039 q_max=0.0599
  [iter6][sinkhorn] step= 75000 layer=2 c=1.0000 eps=0.2000 q_min=0.0009 q_med=0.0036 q_mean=0.0039 q_max=0.0244
  step  75844/100000 | loss=1.4745 | rl=0.7424 | vl=0.7321 | codes=229/222/229/256 | c=0.999/0.999/0.999 | ips_g=108.3 ips/rk=27.1 | elapsed=700.5s | eta=223.1s
  [iter6][sinkhorn] step= 76000 layer=0 c=0.9986 eps=0.1997 q_min=0.0001 q_med=0.0020 q_mean=0.0039 q_max=0.3825
  [iter6][sinkhorn] step= 76000 layer=1 c=0.9986 eps=0.1997 q_min=0.0008 q_med=0.0035 q_mean=0.0039 q_max=0.0639
  [iter6][sinkhorn] step= 76000 layer=2 c=0.9986 eps=0.1997 q_min=0.0010 q_med=0.0036 q_mean=0.0039 q_max=0.0287
  step  76692/100000 | loss=1.5655 | rl=0.7820 | vl=0.7835 | codes=235/221/234/256 | c=0.996/0.996/0.996 | ips_g=108.7 ips/rk=27.2 | elapsed=705.5s | eta=214.4s
  [iter6][sinkhorn] step= 77000 layer=0 c=0.9945 eps=0.1988 q_min=0.0001 q_med=0.0019 q_mean=0.0039 q_max=0.3994
  [iter6][sinkhorn] step= 77000 layer=1 c=0.9945 eps=0.1988 q_min=0.0006 q_med=0.0035 q_mean=0.0039 q_max=0.0405
  [iter6][sinkhorn] step= 77000 layer=2 c=0.9945 eps=0.1988 q_min=0.0010 q_med=0.0036 q_mean=0.0039 q_max=0.0250
  step  77540/100000 | loss=1.4641 | rl=0.7429 | vl=0.7212 | codes=232/216/232/256 | c=0.991/0.991/0.991 | ips_g=109.1 ips/rk=27.3 | elapsed=710.5s | eta=205.8s
  [iter6][sinkhorn] step= 78000 layer=0 c=0.9876 eps=0.1974 q_min=0.0001 q_med=0.0018 q_mean=0.0039 q_max=0.4213
  [iter6][sinkhorn] step= 78000 layer=1 c=0.9876 eps=0.1974 q_min=0.0008 q_med=0.0036 q_mean=0.0039 q_max=0.0542
  [iter6][sinkhorn] step= 78000 layer=2 c=0.9876 eps=0.1974 q_min=0.0011 q_med=0.0037 q_mean=0.0039 q_max=0.0207
  step  78384/100000 | loss=1.4573 | rl=0.7303 | vl=0.7270 | codes=240/227/232/256 | c=0.984/0.984/0.984 | ips_g=109.5 ips/rk=27.4 | elapsed=715.6s | eta=197.3s
  [iter6][sinkhorn] step= 79000 layer=0 c=0.9781 eps=0.1953 q_min=0.0001 q_med=0.0018 q_mean=0.0039 q_max=0.4567
  [iter6][sinkhorn] step= 79000 layer=1 c=0.9781 eps=0.1953 q_min=0.0008 q_med=0.0036 q_mean=0.0039 q_max=0.0473
  [iter6][sinkhorn] step= 79000 layer=2 c=0.9781 eps=0.1953 q_min=0.0009 q_med=0.0036 q_mean=0.0039 q_max=0.0236
  step  79212/100000 | loss=1.4650 | rl=0.7279 | vl=0.7371 | codes=229/227/228/256 | c=0.976/0.976/0.976 | ips_g=109.9 ips/rk=27.5 | elapsed=720.6s | eta=189.1s
  [iter6][sinkhorn] step= 80000 layer=0 c=0.9658 eps=0.1927 q_min=0.0002 q_med=0.0022 q_mean=0.0039 q_max=0.3165
  [iter6][sinkhorn] step= 80000 layer=1 c=0.9658 eps=0.1927 q_min=0.0010 q_med=0.0036 q_mean=0.0039 q_max=0.0327
  [iter6][sinkhorn] step= 80000 layer=2 c=0.9658 eps=0.1927 q_min=0.0013 q_med=0.0037 q_mean=0.0039 q_max=0.0187
[Step12] saved /home/wlia0047/ar57/wenyu/GeneRec/results/stage2_RQ-VAE/curvature_RQ-VAE_iter6/out/rqvae/instruments/rqvae_step80000.pt (step=80000)
  [SID gate step=80000] hitrate@50=0.7165 full_gini=0.0614 per_layer=[0.1729/0.2354/0.1713] unique=23015/24587 l01_pairs=14755 H_l1_given_l0=5.5782 | early_stop=False
[Step12] deleted previous artifacts with tag=step70000 (rqvae_step70000.pt + sids_step70000.npy + quality_step70000.json)
  step  80004/100000 | loss=1.4388 | rl=0.7165 | vl=0.7224 | codes=237/227/233/256 | c=0.966/0.966/0.966 | ips_g=105.3 ips/rk=26.3 | elapsed=759.9s | eta=189.9s
  step  80848/100000 | loss=1.3628 | rl=0.6906 | vl=0.6722 | codes=231/217/226/256 | c=0.953/0.953/0.953 | ips_g=105.7 ips/rk=26.4 | elapsed=764.9s | eta=181.2s
  [iter6][sinkhorn] step= 81000 layer=0 c=0.9509 eps=0.1895 q_min=0.0001 q_med=0.0019 q_mean=0.0039 q_max=0.4272
  [iter6][sinkhorn] step= 81000 layer=1 c=0.9509 eps=0.1895 q_min=0.0008 q_med=0.0036 q_mean=0.0039 q_max=0.0338
  [iter6][sinkhorn] step= 81000 layer=2 c=0.9509 eps=0.1895 q_min=0.0010 q_med=0.0036 q_mean=0.0039 q_max=0.0250
  step  81696/100000 | loss=1.4131 | rl=0.7014 | vl=0.7118 | codes=233/224/227/256 | c=0.939/0.939/0.939 | ips_g=106.1 ips/rk=26.5 | elapsed=769.9s | eta=172.5s
  [iter6][sinkhorn] step= 82000 layer=0 c=0.9335 eps=0.1857 q_min=0.0001 q_med=0.0018 q_mean=0.0039 q_max=0.3926
  [iter6][sinkhorn] step= 82000 layer=1 c=0.9335 eps=0.1857 q_min=0.0005 q_med=0.0035 q_mean=0.0039 q_max=0.0692
  [iter6][sinkhorn] step= 82000 layer=2 c=0.9335 eps=0.1857 q_min=0.0010 q_med=0.0036 q_mean=0.0039 q_max=0.0235
  step  82528/100000 | loss=1.3297 | rl=0.6745 | vl=0.6552 | codes=232/227/231/256 | c=0.923/0.923/0.923 | ips_g=106.5 ips/rk=26.6 | elapsed=774.9s | eta=164.1s
  [iter6][sinkhorn] step= 83000 layer=0 c=0.9135 eps=0.1815 q_min=0.0000 q_med=0.0016 q_mean=0.0039 q_max=0.6342
  [iter6][sinkhorn] step= 83000 layer=1 c=0.9135 eps=0.1815 q_min=0.0006 q_med=0.0035 q_mean=0.0039 q_max=0.0504
  [iter6][sinkhorn] step= 83000 layer=2 c=0.9135 eps=0.1815 q_min=0.0010 q_med=0.0036 q_mean=0.0039 q_max=0.0218
  step  83356/100000 | loss=1.4068 | rl=0.6866 | vl=0.7203 | codes=235/222/237/256 | c=0.906/0.906/0.906 | ips_g=106.9 ips/rk=26.7 | elapsed=780.0s | eta=155.7s
  [iter6][sinkhorn] step= 84000 layer=0 c=0.8911 eps=0.1767 q_min=0.0000 q_med=0.0014 q_mean=0.0039 q_max=0.5812
  [iter6][sinkhorn] step= 84000 layer=1 c=0.8911 eps=0.1767 q_min=0.0005 q_med=0.0034 q_mean=0.0039 q_max=0.0859
  [iter6][sinkhorn] step= 84000 layer=2 c=0.8911 eps=0.1767 q_min=0.0006 q_med=0.0035 q_mean=0.0039 q_max=0.0397
  step  84184/100000 | loss=1.3687 | rl=0.6688 | vl=0.6999 | codes=231/221/225/256 | c=0.887/0.887/0.887 | ips_g=107.2 ips/rk=26.8 | elapsed=785.0s | eta=147.5s
  [iter6][sinkhorn] step= 85000 layer=0 c=0.8664 eps=0.1714 q_min=0.0001 q_med=0.0016 q_mean=0.0039 q_max=0.4915
  [iter6][sinkhorn] step= 85000 layer=1 c=0.8664 eps=0.1714 q_min=0.0005 q_med=0.0035 q_mean=0.0039 q_max=0.0394
  [iter6][sinkhorn] step= 85000 layer=2 c=0.8664 eps=0.1714 q_min=0.0009 q_med=0.0036 q_mean=0.0039 q_max=0.0340
  step  85004/100000 | loss=1.3014 | rl=0.6441 | vl=0.6574 | codes=232/221/240/256 | c=0.866/0.866/0.866 | ips_g=107.6 ips/rk=26.9 | elapsed=790.0s | eta=139.4s
  step  85828/100000 | loss=1.3642 | rl=0.6532 | vl=0.7110 | codes=233/229/228/256 | c=0.844/0.844/0.844 | ips_g=108.0 ips/rk=27.0 | elapsed=795.0s | eta=131.3s
  [iter6][sinkhorn] step= 86000 layer=0 c=0.8395 eps=0.1656 q_min=0.0000 q_med=0.0015 q_mean=0.0039 q_max=0.5827
  [iter6][sinkhorn] step= 86000 layer=1 c=0.8395 eps=0.1656 q_min=0.0004 q_med=0.0034 q_mean=0.0039 q_max=0.0869
  [iter6][sinkhorn] step= 86000 layer=2 c=0.8395 eps=0.1656 q_min=0.0007 q_med=0.0035 q_mean=0.0039 q_max=0.0292
  step  86656/100000 | loss=1.3004 | rl=0.6285 | vl=0.6719 | codes=234/224/223/256 | c=0.821/0.821/0.821 | ips_g=108.3 ips/rk=27.1 | elapsed=800.0s | eta=123.2s
  [iter6][sinkhorn] step= 87000 layer=0 c=0.8104 eps=0.1594 q_min=0.0000 q_med=0.0012 q_mean=0.0039 q_max=0.7055
  [iter6][sinkhorn] step= 87000 layer=1 c=0.8104 eps=0.1594 q_min=0.0004 q_med=0.0033 q_mean=0.0039 q_max=0.1219
  [iter6][sinkhorn] step= 87000 layer=2 c=0.8104 eps=0.1594 q_min=0.0006 q_med=0.0034 q_mean=0.0039 q_max=0.0439
  step  87484/100000 | loss=1.2340 | rl=0.6028 | vl=0.6312 | codes=233/216/227/256 | c=0.795/0.795/0.795 | ips_g=108.7 ips/rk=27.2 | elapsed=805.0s | eta=115.2s
  [iter6][sinkhorn] step= 88000 layer=0 c=0.7793 eps=0.1527 q_min=0.0000 q_med=0.0011 q_mean=0.0039 q_max=0.7668
  [iter6][sinkhorn] step= 88000 layer=1 c=0.7793 eps=0.1527 q_min=0.0005 q_med=0.0034 q_mean=0.0039 q_max=0.0766
  [iter6][sinkhorn] step= 88000 layer=2 c=0.7793 eps=0.1527 q_min=0.0007 q_med=0.0035 q_mean=0.0039 q_max=0.0345
  step  88312/100000 | loss=1.2897 | rl=0.6038 | vl=0.6858 | codes=242/224/231/256 | c=0.769/0.769/0.769 | ips_g=109.0 ips/rk=27.3 | elapsed=810.1s | eta=107.2s
  [iter6][sinkhorn] step= 89000 layer=0 c=0.7463 eps=0.1456 q_min=0.0000 q_med=0.0009 q_mean=0.0039 q_max=0.8730
  [iter6][sinkhorn] step= 89000 layer=1 c=0.7463 eps=0.1456 q_min=0.0004 q_med=0.0034 q_mean=0.0039 q_max=0.0831
  [iter6][sinkhorn] step= 89000 layer=2 c=0.7463 eps=0.1456 q_min=0.0006 q_med=0.0035 q_mean=0.0039 q_max=0.0320
  step  89140/100000 | loss=1.1947 | rl=0.5707 | vl=0.6240 | codes=238/226/233/256 | c=0.741/0.741/0.741 | ips_g=109.4 ips/rk=27.3 | elapsed=815.1s | eta=99.3s
  step  89968/100000 | loss=1.1836 | rl=0.5601 | vl=0.6235 | codes=242/218/226/256 | c=0.713/0.713/0.713 | ips_g=109.7 ips/rk=27.4 | elapsed=820.1s | eta=91.4s
  [iter6][sinkhorn] step= 90000 layer=0 c=0.7116 eps=0.1382 q_min=0.0000 q_med=0.0007 q_mean=0.0039 q_max=0.8627
  [iter6][sinkhorn] step= 90000 layer=1 c=0.7116 eps=0.1382 q_min=0.0002 q_med=0.0032 q_mean=0.0039 q_max=0.1098
  [iter6][sinkhorn] step= 90000 layer=2 c=0.7116 eps=0.1382 q_min=0.0004 q_med=0.0033 q_mean=0.0039 q_max=0.0631
[Step12] saved /home/wlia0047/ar57/wenyu/GeneRec/results/stage2_RQ-VAE/curvature_RQ-VAE_iter6/out/rqvae/instruments/rqvae_step90000.pt (step=90000)
  [SID gate step=90000] hitrate@50=0.7165 full_gini=0.0644 per_layer=[0.1470/0.2613/0.2076] unique=22934/24587 l01_pairs=14713 H_l1_given_l0=5.5647 | early_stop=False
[Step12] deleted previous artifacts with tag=step80000 (rqvae_step80000.pt + sids_step80000.npy + quality_step80000.json)
  step  90004/100000 | loss=1.2081 | rl=0.5632 | vl=0.6449 | codes=239/222/227/256 | c=0.711/0.711/0.711 | ips_g=105.3 ips/rk=26.3 | elapsed=854.8s | eta=94.9s
  step  90832/100000 | loss=1.1685 | rl=0.5535 | vl=0.6150 | codes=241/224/225/256 | c=0.681/0.681/0.681 | ips_g=105.6 ips/rk=26.4 | elapsed=859.8s | eta=86.8s
  [iter6][sinkhorn] step= 91000 layer=0 c=0.6752 eps=0.1304 q_min=0.0000 q_med=0.0007 q_mean=0.0039 q_max=0.8400
  [iter6][sinkhorn] step= 91000 layer=1 c=0.6752 eps=0.1304 q_min=0.0002 q_med=0.0033 q_mean=0.0039 q_max=0.0993
  [iter6][sinkhorn] step= 91000 layer=2 c=0.6752 eps=0.1304 q_min=0.0006 q_med=0.0035 q_mean=0.0039 q_max=0.0497
  step  91664/100000 | loss=1.1313 | rl=0.5360 | vl=0.5953 | codes=244/224/227/256 | c=0.650/0.650/0.650 | ips_g=106.0 ips/rk=26.5 | elapsed=864.8s | eta=78.6s
  [iter6][sinkhorn] step= 92000 layer=0 c=0.6374 eps=0.1223 q_min=0.0000 q_med=0.0005 q_mean=0.0039 q_max=0.9071
  [iter6][sinkhorn] step= 92000 layer=1 c=0.6374 eps=0.1223 q_min=0.0002 q_med=0.0032 q_mean=0.0039 q_max=0.1599
  [iter6][sinkhorn] step= 92000 layer=2 c=0.6374 eps=0.1223 q_min=0.0005 q_med=0.0034 q_mean=0.0039 q_max=0.0467
  step  92516/100000 | loss=1.0940 | rl=0.5201 | vl=0.5739 | codes=245/225/217/256 | c=0.617/0.617/0.617 | ips_g=106.4 ips/rk=26.6 | elapsed=869.8s | eta=70.4s
  [iter6][sinkhorn] step= 93000 layer=0 c=0.5982 eps=0.1139 q_min=0.0000 q_med=0.0003 q_mean=0.0039 q_max=1.0330
  [iter6][sinkhorn] step= 93000 layer=1 c=0.5982 eps=0.1139 q_min=0.0002 q_med=0.0031 q_mean=0.0039 q_max=0.2138
  [iter6][sinkhorn] step= 93000 layer=2 c=0.5982 eps=0.1139 q_min=0.0004 q_med=0.0033 q_mean=0.0039 q_max=0.0685
  step  93376/100000 | loss=1.0194 | rl=0.4824 | vl=0.5371 | codes=242/224/229/256 | c=0.583/0.583/0.583 | ips_g=106.7 ips/rk=26.7 | elapsed=874.9s | eta=62.1s
  [iter6][sinkhorn] step= 94000 layer=0 c=0.5579 eps=0.1053 q_min=0.0000 q_med=0.0002 q_mean=0.0039 q_max=1.1807
  [iter6][sinkhorn] step= 94000 layer=1 c=0.5579 eps=0.1053 q_min=0.0001 q_med=0.0028 q_mean=0.0039 q_max=0.2602
  [iter6][sinkhorn] step= 94000 layer=2 c=0.5579 eps=0.1053 q_min=0.0002 q_med=0.0030 q_mean=0.0039 q_max=0.1365
  step  94232/100000 | loss=1.0457 | rl=0.4780 | vl=0.5676 | codes=244/226/229/256 | c=0.548/0.548/0.548 | ips_g=107.1 ips/rk=26.8 | elapsed=879.9s | eta=53.9s
  [iter6][sinkhorn] step= 95000 layer=0 c=0.5165 eps=0.0964 q_min=0.0000 q_med=0.0002 q_mean=0.0039 q_max=1.1225
  [iter6][sinkhorn] step= 95000 layer=1 c=0.5165 eps=0.0964 q_min=0.0001 q_med=0.0028 q_mean=0.0039 q_max=0.2529
  [iter6][sinkhorn] step= 95000 layer=2 c=0.5165 eps=0.0964 q_min=0.0002 q_med=0.0031 q_mean=0.0039 q_max=0.0795
  step  95084/100000 | loss=1.0055 | rl=0.4628 | vl=0.5427 | codes=244/228/223/256 | c=0.513/0.513/0.513 | ips_g=107.5 ips/rk=26.9 | elapsed=884.9s | eta=45.8s
  step  95940/100000 | loss=0.9548 | rl=0.4378 | vl=0.5170 | codes=247/233/223/256 | c=0.477/0.477/0.477 | ips_g=107.8 ips/rk=27.0 | elapsed=889.9s | eta=37.7s
  [iter6][sinkhorn] step= 96000 layer=0 c=0.4743 eps=0.0873 q_min=0.0000 q_med=0.0001 q_mean=0.0039 q_max=1.3887
  [iter6][sinkhorn] step= 96000 layer=1 c=0.4743 eps=0.0873 q_min=0.0000 q_med=0.0027 q_mean=0.0039 q_max=0.2708
  [iter6][sinkhorn] step= 96000 layer=2 c=0.4743 eps=0.0873 q_min=0.0002 q_med=0.0031 q_mean=0.0039 q_max=0.1131
  step  96792/100000 | loss=0.9491 | rl=0.4254 | vl=0.5236 | codes=246/223/225/256 | c=0.440/0.440/0.440 | ips_g=108.2 ips/rk=27.0 | elapsed=894.9s | eta=29.7s
  [iter6][sinkhorn] step= 97000 layer=0 c=0.4313 eps=0.0781 q_min=0.0000 q_med=0.0000 q_mean=0.0039 q_max=1.3388
  [iter6][sinkhorn] step= 97000 layer=1 c=0.4313 eps=0.0781 q_min=0.0000 q_med=0.0024 q_mean=0.0039 q_max=0.3949
  [iter6][sinkhorn] step= 97000 layer=2 c=0.4313 eps=0.0781 q_min=0.0001 q_med=0.0027 q_mean=0.0039 q_max=0.2184
  step  97644/100000 | loss=0.9102 | rl=0.4113 | vl=0.4989 | codes=249/232/223/256 | c=0.403/0.403/0.403 | ips_g=108.5 ips/rk=27.1 | elapsed=899.9s | eta=21.7s
  [iter6][sinkhorn] step= 98000 layer=0 c=0.3879 eps=0.0688 q_min=0.0000 q_med=0.0000 q_mean=0.0039 q_max=1.9414
  [iter6][sinkhorn] step= 98000 layer=1 c=0.3879 eps=0.0688 q_min=0.0000 q_med=0.0018 q_mean=0.0039 q_max=0.6430
  [iter6][sinkhorn] step= 98000 layer=2 c=0.3879 eps=0.0688 q_min=0.0000 q_med=0.0022 q_mean=0.0039 q_max=0.3944
  step  98500/100000 | loss=0.8211 | rl=0.3791 | vl=0.4420 | codes=254/232/229/256 | c=0.366/0.366/0.366 | ips_g=108.8 ips/rk=27.2 | elapsed=905.0s | eta=13.8s
  [iter6][sinkhorn] step= 99000 layer=0 c=0.3441 eps=0.0595 q_min=0.0000 q_med=0.0000 q_mean=0.0039 q_max=1.9300
  [iter6][sinkhorn] step= 99000 layer=1 c=0.3441 eps=0.0595 q_min=0.0000 q_med=0.0012 q_mean=0.0039 q_max=0.8738
  [iter6][sinkhorn] step= 99000 layer=2 c=0.3441 eps=0.0595 q_min=0.0000 q_med=0.0017 q_mean=0.0039 q_max=0.4649
  step  99360/100000 | loss=0.8149 | rl=0.3728 | vl=0.4420 | codes=250/237/232/256 | c=0.328/0.328/0.328 | ips_g=109.2 ips/rk=27.3 | elapsed=910.0s | eta=5.9s
  [iter6][sinkhorn] step=100000 layer=0 c=0.3002 eps=0.0500 q_min=0.0000 q_med=0.0000 q_mean=0.0039 q_max=2.0840
  [iter6][sinkhorn] step=100000 layer=1 c=0.3002 eps=0.0500 q_min=0.0000 q_med=0.0010 q_mean=0.0039 q_max=1.0795
  [iter6][sinkhorn] step=100000 layer=2 c=0.3002 eps=0.0500 q_min=0.0000 q_med=0.0012 q_mean=0.0039 q_max=0.8404
[Step12] saved /home/wlia0047/ar57/wenyu/GeneRec/results/stage2_RQ-VAE/curvature_RQ-VAE_iter6/out/rqvae/instruments/rqvae_final.pt (step=100000)
  [SID gate step=100000] hitrate@50=0.7165 full_gini=0.0537 per_layer=[0.0813/0.1612/0.1843] unique=23221/24587 l01_pairs=15256 H_l1_given_l0=5.6093 | early_stop=False
[Step12] deleted previous artifacts with tag=step90000 (rqvae_step90000.pt + sids_step90000.npy + quality_step90000.json)
[train] done at global_step=100000, total time=948.2s
