2026-10-07 05:19:39,442 - INFO - Configuration: {'batch_size': 4096, 'infer_size': 1024, 'num_epochs': 150, 'eval_interval': 5, 'eval_start_epoch': 75, 'early_eval_epochs': (25, 50, 75, 100, 125), 'fast': True, 'bf16': True, 'use_lr_scheduler': True, 'lr_warmup_pct': 0.1, 'lr_min_factor': 0.2, 'compile': False, 'compile_mode': 'default', 'num_layers': 4, 'num_decoder_layers': 4, 'd_model': 128, 'd_ff': 1024, 'num_heads': 6, 'd_kv': 64, 'dropout_rate': 0.1, 'activation_function': 'relu', 'feed_forward_proj': 'relu', 'device': 'cuda', 'lr': 0.003, 'weight_decay': 0.05, 'vocab_size': 774, 'eos_token_id': 773, 'pad_token_id': 0, 'n_user_tokens': 1, 'max_len': 20, 'dataset_name': 'Amazon_2023_Instruments', 'dataset_path': '/home/wlia0047/ar57/wenyu/GeneRec/results/stage0_build_parquet/', 'codebook_size': [256, 256, 256, 1], 'code_path': '/home/wlia0047/ar57/wenyu/GeneRec/results/stage2_RQ-VAE/curvature_RQ-VAE_iter100/item_sids.json', 'train_file': 'train.parquet', 'valid_file': 'valid.parquet', 'test_file': 'test.parquet', 'log_path': '/home/wlia0047/ar57/wenyu/GeneRec/results/stage3_T5Train/curvature_RQ-VAE_iter100/logs/', 'save_path': '/home/wlia0047/ar57/wenyu/GeneRec/results/stage3_T5Train/curvature_RQ-VAE_iter100/ckpt/', 'seed': 42, 'topk_list': [5, 10], 'beam_size': 20, 'no_eval': True, 'skip_test': False, 'screen_baseline_log': '', 'screen_start_epoch': 40, 'screen_window': 5, 'screen_min_ndcg_gain': 0.001, 'screen_min_recall_gain': 0.001, 'num_workers': 4, 'prefetch_factor': 8, 'exclude_history': True, 'no_exclude_history': False, 'pin_memory': True, 'no_pin_memory': False, 'sid_length': 4, 'max_token_seq_len': 82, 'decoder_start_token_id': 0}
2026-10-07 05:19:39,539 - INFO - #Embedding parameters: 99072
#Non-embedding parameters: 4459648
#Total trainable parameters: 4558720

2026-10-07 05:19:53,160 - INFO - Epoch 1/150 train_loss=4.731627445220948
2026-10-07 05:19:53,245 - INFO - Best train loss=4.731627445220948; saved /home/wlia0047/ar57/wenyu/GeneRec/results/stage3_T5Train/curvature_RQ-VAE_iter100/ckpt/Amazon_2023_Instruments/Oct-07-2026_05-19-39/HG_Rec_best.pth
2026-10-07 05:20:04,880 - INFO - Epoch 2/150 train_loss=4.05124210357666
2026-10-07 05:20:04,917 - INFO - Best train loss=4.05124210357666; saved /home/wlia0047/ar57/wenyu/GeneRec/results/stage3_T5Train/curvature_RQ-VAE_iter100/ckpt/Amazon_2023_Instruments/Oct-07-2026_05-19-39/HG_Rec_best.pth
2026-10-07 05:20:16,531 - INFO - Epoch 3/150 train_loss=3.8750515747070313
2026-10-07 05:20:16,570 - INFO - Best train loss=3.8750515747070313; saved /home/wlia0047/ar57/wenyu/GeneRec/results/stage3_T5Train/curvature_RQ-VAE_iter100/ckpt/Amazon_2023_Instruments/Oct-07-2026_05-19-39/HG_Rec_best.pth
2026-10-07 05:20:28,184 - INFO - Epoch 4/150 train_loss=3.71985333442688
2026-10-07 05:20:28,222 - INFO - Best train loss=3.71985333442688; saved /home/wlia0047/ar57/wenyu/GeneRec/results/stage3_T5Train/curvature_RQ-VAE_iter100/ckpt/Amazon_2023_Instruments/Oct-07-2026_05-19-39/HG_Rec_best.pth
2026-10-07 05:20:39,833 - INFO - Epoch 5/150 train_loss=3.6057021808624268
2026-10-07 05:20:39,869 - INFO - Best train loss=3.6057021808624268; saved /home/wlia0047/ar57/wenyu/GeneRec/results/stage3_T5Train/curvature_RQ-VAE_iter100/ckpt/Amazon_2023_Instruments/Oct-07-2026_05-19-39/HG_Rec_best.pth
2026-10-07 05:20:51,478 - INFO - Epoch 6/150 train_loss=3.6127739334106446
2026-10-07 05:21:03,080 - INFO - Epoch 7/150 train_loss=3.465598077774048
2026-10-07 05:21:03,124 - INFO - Best train loss=3.465598077774048; saved /home/wlia0047/ar57/wenyu/GeneRec/results/stage3_T5Train/curvature_RQ-VAE_iter100/ckpt/Amazon_2023_Instruments/Oct-07-2026_05-19-39/HG_Rec_best.pth
2026-10-07 05:21:14,726 - INFO - Epoch 8/150 train_loss=3.393075218200684
2026-10-07 05:21:14,763 - INFO - Best train loss=3.393075218200684; saved /home/wlia0047/ar57/wenyu/GeneRec/results/stage3_T5Train/curvature_RQ-VAE_iter100/ckpt/Amazon_2023_Instruments/Oct-07-2026_05-19-39/HG_Rec_best.pth
2026-10-07 05:21:26,365 - INFO - Epoch 9/150 train_loss=3.32039155960083
2026-10-07 05:21:26,407 - INFO - Best train loss=3.32039155960083; saved /home/wlia0047/ar57/wenyu/GeneRec/results/stage3_T5Train/curvature_RQ-VAE_iter100/ckpt/Amazon_2023_Instruments/Oct-07-2026_05-19-39/HG_Rec_best.pth
2026-10-07 05:21:38,010 - INFO - Epoch 10/150 train_loss=3.2414353275299073
2026-10-07 05:21:38,046 - INFO - Best train loss=3.2414353275299073; saved /home/wlia0047/ar57/wenyu/GeneRec/results/stage3_T5Train/curvature_RQ-VAE_iter100/ckpt/Amazon_2023_Instruments/Oct-07-2026_05-19-39/HG_Rec_best.pth
2026-10-07 05:21:49,654 - INFO - Epoch 11/150 train_loss=3.586237421035767
2026-10-07 05:22:01,265 - INFO - Epoch 12/150 train_loss=3.434348363876343
2026-10-07 05:22:12,872 - INFO - Epoch 13/150 train_loss=3.316615352630615
2026-10-07 05:22:24,485 - INFO - Epoch 14/150 train_loss=3.221837501525879
2026-10-07 05:22:24,522 - INFO - Best train loss=3.221837501525879; saved /home/wlia0047/ar57/wenyu/GeneRec/results/stage3_T5Train/curvature_RQ-VAE_iter100/ckpt/Amazon_2023_Instruments/Oct-07-2026_05-19-39/HG_Rec_best.pth
2026-10-07 05:22:36,137 - INFO - Epoch 15/150 train_loss=3.1591600704193117
2026-10-07 05:22:36,177 - INFO - Best train loss=3.1591600704193117; saved /home/wlia0047/ar57/wenyu/GeneRec/results/stage3_T5Train/curvature_RQ-VAE_iter100/ckpt/Amazon_2023_Instruments/Oct-07-2026_05-19-39/HG_Rec_best.pth
2026-10-07 05:22:47,783 - INFO - Epoch 16/150 train_loss=3.0986007976531984
2026-10-07 05:22:47,821 - INFO - Best train loss=3.0986007976531984; saved /home/wlia0047/ar57/wenyu/GeneRec/results/stage3_T5Train/curvature_RQ-VAE_iter100/ckpt/Amazon_2023_Instruments/Oct-07-2026_05-19-39/HG_Rec_best.pth
2026-10-07 05:22:59,433 - INFO - Epoch 17/150 train_loss=3.0371354484558104
2026-10-07 05:22:59,471 - INFO - Best train loss=3.0371354484558104; saved /home/wlia0047/ar57/wenyu/GeneRec/results/stage3_T5Train/curvature_RQ-VAE_iter100/ckpt/Amazon_2023_Instruments/Oct-07-2026_05-19-39/HG_Rec_best.pth
2026-10-07 05:23:11,643 - INFO - Epoch 18/150 train_loss=2.9931809520721435
2026-10-07 05:23:11,680 - INFO - Best train loss=2.9931809520721435; saved /home/wlia0047/ar57/wenyu/GeneRec/results/stage3_T5Train/curvature_RQ-VAE_iter100/ckpt/Amazon_2023_Instruments/Oct-07-2026_05-19-39/HG_Rec_best.pth
2026-10-07 05:23:23,291 - INFO - Epoch 19/150 train_loss=2.9490086364746095
2026-10-07 05:23:23,329 - INFO - Best train loss=2.9490086364746095; saved /home/wlia0047/ar57/wenyu/GeneRec/results/stage3_T5Train/curvature_RQ-VAE_iter100/ckpt/Amazon_2023_Instruments/Oct-07-2026_05-19-39/HG_Rec_best.pth
2026-10-07 05:23:34,936 - INFO - Epoch 20/150 train_loss=2.899279851913452
2026-10-07 05:23:34,973 - INFO - Best train loss=2.899279851913452; saved /home/wlia0047/ar57/wenyu/GeneRec/results/stage3_T5Train/curvature_RQ-VAE_iter100/ckpt/Amazon_2023_Instruments/Oct-07-2026_05-19-39/HG_Rec_best.pth
2026-10-07 05:23:46,578 - INFO - Epoch 21/150 train_loss=2.863036689758301
2026-10-07 05:23:46,615 - INFO - Best train loss=2.863036689758301; saved /home/wlia0047/ar57/wenyu/GeneRec/results/stage3_T5Train/curvature_RQ-VAE_iter100/ckpt/Amazon_2023_Instruments/Oct-07-2026_05-19-39/HG_Rec_best.pth
2026-10-07 05:23:58,224 - INFO - Epoch 22/150 train_loss=2.8141391849517823
2026-10-07 05:23:58,260 - INFO - Best train loss=2.8141391849517823; saved /home/wlia0047/ar57/wenyu/GeneRec/results/stage3_T5Train/curvature_RQ-VAE_iter100/ckpt/Amazon_2023_Instruments/Oct-07-2026_05-19-39/HG_Rec_best.pth
2026-10-07 05:24:09,868 - INFO - Epoch 23/150 train_loss=2.767468099594116
2026-10-07 05:24:09,904 - INFO - Best train loss=2.767468099594116; saved /home/wlia0047/ar57/wenyu/GeneRec/results/stage3_T5Train/curvature_RQ-VAE_iter100/ckpt/Amazon_2023_Instruments/Oct-07-2026_05-19-39/HG_Rec_best.pth
2026-10-07 05:24:21,511 - INFO - Epoch 24/150 train_loss=2.734115743637085
2026-10-07 05:24:21,547 - INFO - Best train loss=2.734115743637085; saved /home/wlia0047/ar57/wenyu/GeneRec/results/stage3_T5Train/curvature_RQ-VAE_iter100/ckpt/Amazon_2023_Instruments/Oct-07-2026_05-19-39/HG_Rec_best.pth
2026-10-07 05:24:33,155 - INFO - Epoch 25/150 train_loss=2.696537618637085
2026-10-07 05:24:33,192 - INFO - Best train loss=2.696537618637085; saved /home/wlia0047/ar57/wenyu/GeneRec/results/stage3_T5Train/curvature_RQ-VAE_iter100/ckpt/Amazon_2023_Instruments/Oct-07-2026_05-19-39/HG_Rec_best.pth
2026-10-07 05:24:44,804 - INFO - Epoch 26/150 train_loss=2.6525668048858644
2026-10-07 05:24:44,842 - INFO - Best train loss=2.6525668048858644; saved /home/wlia0047/ar57/wenyu/GeneRec/results/stage3_T5Train/curvature_RQ-VAE_iter100/ckpt/Amazon_2023_Instruments/Oct-07-2026_05-19-39/HG_Rec_best.pth
2026-10-07 05:24:56,457 - INFO - Epoch 27/150 train_loss=2.624604444503784
2026-10-07 05:24:56,493 - INFO - Best train loss=2.624604444503784; saved /home/wlia0047/ar57/wenyu/GeneRec/results/stage3_T5Train/curvature_RQ-VAE_iter100/ckpt/Amazon_2023_Instruments/Oct-07-2026_05-19-39/HG_Rec_best.pth
2026-10-07 05:25:08,103 - INFO - Epoch 28/150 train_loss=2.594986066818237
2026-10-07 05:25:08,139 - INFO - Best train loss=2.594986066818237; saved /home/wlia0047/ar57/wenyu/GeneRec/results/stage3_T5Train/curvature_RQ-VAE_iter100/ckpt/Amazon_2023_Instruments/Oct-07-2026_05-19-39/HG_Rec_best.pth
2026-10-07 05:25:19,752 - INFO - Epoch 29/150 train_loss=2.5629247856140136
2026-10-07 05:25:19,787 - INFO - Best train loss=2.5629247856140136; saved /home/wlia0047/ar57/wenyu/GeneRec/results/stage3_T5Train/curvature_RQ-VAE_iter100/ckpt/Amazon_2023_Instruments/Oct-07-2026_05-19-39/HG_Rec_best.pth
2026-10-07 05:25:31,404 - INFO - Epoch 30/150 train_loss=2.538668918609619
2026-10-07 05:25:31,440 - INFO - Best train loss=2.538668918609619; saved /home/wlia0047/ar57/wenyu/GeneRec/results/stage3_T5Train/curvature_RQ-VAE_iter100/ckpt/Amazon_2023_Instruments/Oct-07-2026_05-19-39/HG_Rec_best.pth
2026-10-07 05:25:43,042 - INFO - Epoch 31/150 train_loss=2.511729555130005
2026-10-07 05:25:43,077 - INFO - Best train loss=2.511729555130005; saved /home/wlia0047/ar57/wenyu/GeneRec/results/stage3_T5Train/curvature_RQ-VAE_iter100/ckpt/Amazon_2023_Instruments/Oct-07-2026_05-19-39/HG_Rec_best.pth
2026-10-07 05:25:54,680 - INFO - Epoch 32/150 train_loss=2.484575042724609
2026-10-07 05:25:54,717 - INFO - Best train loss=2.484575042724609; saved /home/wlia0047/ar57/wenyu/GeneRec/results/stage3_T5Train/curvature_RQ-VAE_iter100/ckpt/Amazon_2023_Instruments/Oct-07-2026_05-19-39/HG_Rec_best.pth
2026-10-07 05:26:06,330 - INFO - Epoch 33/150 train_loss=2.448101072311401
2026-10-07 05:26:06,366 - INFO - Best train loss=2.448101072311401; saved /home/wlia0047/ar57/wenyu/GeneRec/results/stage3_T5Train/curvature_RQ-VAE_iter100/ckpt/Amazon_2023_Instruments/Oct-07-2026_05-19-39/HG_Rec_best.pth
2026-10-07 05:26:17,975 - INFO - Epoch 34/150 train_loss=2.4192176342010496
2026-10-07 05:26:18,011 - INFO - Best train loss=2.4192176342010496; saved /home/wlia0047/ar57/wenyu/GeneRec/results/stage3_T5Train/curvature_RQ-VAE_iter100/ckpt/Amazon_2023_Instruments/Oct-07-2026_05-19-39/HG_Rec_best.pth
2026-10-07 05:26:29,621 - INFO - Epoch 35/150 train_loss=2.3915513134002686
2026-10-07 05:26:29,658 - INFO - Best train loss=2.3915513134002686; saved /home/wlia0047/ar57/wenyu/GeneRec/results/stage3_T5Train/curvature_RQ-VAE_iter100/ckpt/Amazon_2023_Instruments/Oct-07-2026_05-19-39/HG_Rec_best.pth
2026-10-07 05:26:41,259 - INFO - Epoch 36/150 train_loss=2.3688684844970704
2026-10-07 05:26:41,294 - INFO - Best train loss=2.3688684844970704; saved /home/wlia0047/ar57/wenyu/GeneRec/results/stage3_T5Train/curvature_RQ-VAE_iter100/ckpt/Amazon_2023_Instruments/Oct-07-2026_05-19-39/HG_Rec_best.pth
2026-10-07 05:26:52,907 - INFO - Epoch 37/150 train_loss=2.3420371055603026
2026-10-07 05:26:52,942 - INFO - Best train loss=2.3420371055603026; saved /home/wlia0047/ar57/wenyu/GeneRec/results/stage3_T5Train/curvature_RQ-VAE_iter100/ckpt/Amazon_2023_Instruments/Oct-07-2026_05-19-39/HG_Rec_best.pth
2026-10-07 05:27:04,549 - INFO - Epoch 38/150 train_loss=2.324088830947876
2026-10-07 05:27:04,586 - INFO - Best train loss=2.324088830947876; saved /home/wlia0047/ar57/wenyu/GeneRec/results/stage3_T5Train/curvature_RQ-VAE_iter100/ckpt/Amazon_2023_Instruments/Oct-07-2026_05-19-39/HG_Rec_best.pth
2026-10-07 05:27:16,194 - INFO - Epoch 39/150 train_loss=2.3094401454925535
2026-10-07 05:27:16,230 - INFO - Best train loss=2.3094401454925535; saved /home/wlia0047/ar57/wenyu/GeneRec/results/stage3_T5Train/curvature_RQ-VAE_iter100/ckpt/Amazon_2023_Instruments/Oct-07-2026_05-19-39/HG_Rec_best.pth
2026-10-07 05:27:27,833 - INFO - Epoch 40/150 train_loss=2.2894665718078615
2026-10-07 05:27:27,898 - INFO - Best train loss=2.2894665718078615; saved /home/wlia0047/ar57/wenyu/GeneRec/results/stage3_T5Train/curvature_RQ-VAE_iter100/ckpt/Amazon_2023_Instruments/Oct-07-2026_05-19-39/HG_Rec_best.pth
2026-10-07 05:27:39,513 - INFO - Epoch 41/150 train_loss=2.276208028793335
2026-10-07 05:27:39,549 - INFO - Best train loss=2.276208028793335; saved /home/wlia0047/ar57/wenyu/GeneRec/results/stage3_T5Train/curvature_RQ-VAE_iter100/ckpt/Amazon_2023_Instruments/Oct-07-2026_05-19-39/HG_Rec_best.pth
2026-10-07 05:27:51,160 - INFO - Epoch 42/150 train_loss=2.2610582447052003
2026-10-07 05:27:51,196 - INFO - Best train loss=2.2610582447052003; saved /home/wlia0047/ar57/wenyu/GeneRec/results/stage3_T5Train/curvature_RQ-VAE_iter100/ckpt/Amazon_2023_Instruments/Oct-07-2026_05-19-39/HG_Rec_best.pth
2026-10-07 05:28:02,833 - INFO - Epoch 43/150 train_loss=2.242277021408081
2026-10-07 05:28:02,869 - INFO - Best train loss=2.242277021408081; saved /home/wlia0047/ar57/wenyu/GeneRec/results/stage3_T5Train/curvature_RQ-VAE_iter100/ckpt/Amazon_2023_Instruments/Oct-07-2026_05-19-39/HG_Rec_best.pth
2026-10-07 05:28:14,475 - INFO - Epoch 44/150 train_loss=2.2317491340637208
2026-10-07 05:28:14,511 - INFO - Best train loss=2.2317491340637208; saved /home/wlia0047/ar57/wenyu/GeneRec/results/stage3_T5Train/curvature_RQ-VAE_iter100/ckpt/Amazon_2023_Instruments/Oct-07-2026_05-19-39/HG_Rec_best.pth
2026-10-07 05:28:26,117 - INFO - Epoch 45/150 train_loss=2.2220167446136476
2026-10-07 05:28:26,154 - INFO - Best train loss=2.2220167446136476; saved /home/wlia0047/ar57/wenyu/GeneRec/results/stage3_T5Train/curvature_RQ-VAE_iter100/ckpt/Amazon_2023_Instruments/Oct-07-2026_05-19-39/HG_Rec_best.pth
2026-10-07 05:28:37,761 - INFO - Epoch 46/150 train_loss=2.2089545249938967
2026-10-07 05:28:37,797 - INFO - Best train loss=2.2089545249938967; saved /home/wlia0047/ar57/wenyu/GeneRec/results/stage3_T5Train/curvature_RQ-VAE_iter100/ckpt/Amazon_2023_Instruments/Oct-07-2026_05-19-39/HG_Rec_best.pth
2026-10-07 05:28:49,406 - INFO - Epoch 47/150 train_loss=2.2003689765930177
2026-10-07 05:28:49,443 - INFO - Best train loss=2.2003689765930177; saved /home/wlia0047/ar57/wenyu/GeneRec/results/stage3_T5Train/curvature_RQ-VAE_iter100/ckpt/Amazon_2023_Instruments/Oct-07-2026_05-19-39/HG_Rec_best.pth
2026-10-07 05:29:01,047 - INFO - Epoch 48/150 train_loss=2.1874758529663088
2026-10-07 05:29:01,084 - INFO - Best train loss=2.1874758529663088; saved /home/wlia0047/ar57/wenyu/GeneRec/results/stage3_T5Train/curvature_RQ-VAE_iter100/ckpt/Amazon_2023_Instruments/Oct-07-2026_05-19-39/HG_Rec_best.pth
2026-10-07 05:29:12,687 - INFO - Epoch 49/150 train_loss=2.173456869125366
2026-10-07 05:29:12,722 - INFO - Best train loss=2.173456869125366; saved /home/wlia0047/ar57/wenyu/GeneRec/results/stage3_T5Train/curvature_RQ-VAE_iter100/ckpt/Amazon_2023_Instruments/Oct-07-2026_05-19-39/HG_Rec_best.pth
2026-10-07 05:29:24,326 - INFO - Epoch 50/150 train_loss=2.169138927459717
2026-10-07 05:29:24,363 - INFO - Best train loss=2.169138927459717; saved /home/wlia0047/ar57/wenyu/GeneRec/results/stage3_T5Train/curvature_RQ-VAE_iter100/ckpt/Amazon_2023_Instruments/Oct-07-2026_05-19-39/HG_Rec_best.pth
2026-10-07 05:29:36,112 - INFO - Epoch 51/150 train_loss=2.1589105129241943
2026-10-07 05:29:36,155 - INFO - Best train loss=2.1589105129241943; saved /home/wlia0047/ar57/wenyu/GeneRec/results/stage3_T5Train/curvature_RQ-VAE_iter100/ckpt/Amazon_2023_Instruments/Oct-07-2026_05-19-39/HG_Rec_best.pth
2026-10-07 05:29:47,909 - INFO - Epoch 52/150 train_loss=2.1532057666778566
2026-10-07 05:29:47,945 - INFO - Best train loss=2.1532057666778566; saved /home/wlia0047/ar57/wenyu/GeneRec/results/stage3_T5Train/curvature_RQ-VAE_iter100/ckpt/Amazon_2023_Instruments/Oct-07-2026_05-19-39/HG_Rec_best.pth
2026-10-07 05:29:59,704 - INFO - Epoch 53/150 train_loss=2.1421873950958252
2026-10-07 05:29:59,740 - INFO - Best train loss=2.1421873950958252; saved /home/wlia0047/ar57/wenyu/GeneRec/results/stage3_T5Train/curvature_RQ-VAE_iter100/ckpt/Amazon_2023_Instruments/Oct-07-2026_05-19-39/HG_Rec_best.pth
2026-10-07 05:30:11,353 - INFO - Epoch 54/150 train_loss=2.1294793128967284
2026-10-07 05:30:11,391 - INFO - Best train loss=2.1294793128967284; saved /home/wlia0047/ar57/wenyu/GeneRec/results/stage3_T5Train/curvature_RQ-VAE_iter100/ckpt/Amazon_2023_Instruments/Oct-07-2026_05-19-39/HG_Rec_best.pth
2026-10-07 05:30:25,563 - INFO - Epoch 55/150 train_loss=2.1259671020507813
2026-10-07 05:30:25,655 - INFO - Best train loss=2.1259671020507813; saved /home/wlia0047/ar57/wenyu/GeneRec/results/stage3_T5Train/curvature_RQ-VAE_iter100/ckpt/Amazon_2023_Instruments/Oct-07-2026_05-19-39/HG_Rec_best.pth
2026-10-07 05:30:37,425 - INFO - Epoch 56/150 train_loss=2.1170075225830076
2026-10-07 05:30:37,629 - INFO - Best train loss=2.1170075225830076; saved /home/wlia0047/ar57/wenyu/GeneRec/results/stage3_T5Train/curvature_RQ-VAE_iter100/ckpt/Amazon_2023_Instruments/Oct-07-2026_05-19-39/HG_Rec_best.pth
2026-10-07 05:30:49,238 - INFO - Epoch 57/150 train_loss=2.105358066558838
2026-10-07 05:30:49,274 - INFO - Best train loss=2.105358066558838; saved /home/wlia0047/ar57/wenyu/GeneRec/results/stage3_T5Train/curvature_RQ-VAE_iter100/ckpt/Amazon_2023_Instruments/Oct-07-2026_05-19-39/HG_Rec_best.pth
2026-10-07 05:31:00,887 - INFO - Epoch 58/150 train_loss=2.0987862873077394
2026-10-07 05:31:00,923 - INFO - Best train loss=2.0987862873077394; saved /home/wlia0047/ar57/wenyu/GeneRec/results/stage3_T5Train/curvature_RQ-VAE_iter100/ckpt/Amazon_2023_Instruments/Oct-07-2026_05-19-39/HG_Rec_best.pth
2026-10-07 05:31:12,533 - INFO - Epoch 59/150 train_loss=2.0927601051330567
2026-10-07 05:31:12,569 - INFO - Best train loss=2.0927601051330567; saved /home/wlia0047/ar57/wenyu/GeneRec/results/stage3_T5Train/curvature_RQ-VAE_iter100/ckpt/Amazon_2023_Instruments/Oct-07-2026_05-19-39/HG_Rec_best.pth
2026-10-07 05:31:24,180 - INFO - Epoch 60/150 train_loss=2.086592769622803
2026-10-07 05:31:24,217 - INFO - Best train loss=2.086592769622803; saved /home/wlia0047/ar57/wenyu/GeneRec/results/stage3_T5Train/curvature_RQ-VAE_iter100/ckpt/Amazon_2023_Instruments/Oct-07-2026_05-19-39/HG_Rec_best.pth
2026-10-07 05:31:35,840 - INFO - Epoch 61/150 train_loss=2.079179172515869
2026-10-07 05:31:35,878 - INFO - Best train loss=2.079179172515869; saved /home/wlia0047/ar57/wenyu/GeneRec/results/stage3_T5Train/curvature_RQ-VAE_iter100/ckpt/Amazon_2023_Instruments/Oct-07-2026_05-19-39/HG_Rec_best.pth
2026-10-07 05:31:47,494 - INFO - Epoch 62/150 train_loss=2.0724505519866945
2026-10-07 05:31:47,530 - INFO - Best train loss=2.0724505519866945; saved /home/wlia0047/ar57/wenyu/GeneRec/results/stage3_T5Train/curvature_RQ-VAE_iter100/ckpt/Amazon_2023_Instruments/Oct-07-2026_05-19-39/HG_Rec_best.pth
2026-10-07 05:31:59,135 - INFO - Epoch 63/150 train_loss=2.0669711685180663
2026-10-07 05:31:59,172 - INFO - Best train loss=2.0669711685180663; saved /home/wlia0047/ar57/wenyu/GeneRec/results/stage3_T5Train/curvature_RQ-VAE_iter100/ckpt/Amazon_2023_Instruments/Oct-07-2026_05-19-39/HG_Rec_best.pth
2026-10-07 05:32:10,780 - INFO - Epoch 64/150 train_loss=2.065207214355469
2026-10-07 05:32:10,816 - INFO - Best train loss=2.065207214355469; saved /home/wlia0047/ar57/wenyu/GeneRec/results/stage3_T5Train/curvature_RQ-VAE_iter100/ckpt/Amazon_2023_Instruments/Oct-07-2026_05-19-39/HG_Rec_best.pth
2026-10-07 05:32:22,421 - INFO - Epoch 65/150 train_loss=2.0555390739440917
2026-10-07 05:32:22,458 - INFO - Best train loss=2.0555390739440917; saved /home/wlia0047/ar57/wenyu/GeneRec/results/stage3_T5Train/curvature_RQ-VAE_iter100/ckpt/Amazon_2023_Instruments/Oct-07-2026_05-19-39/HG_Rec_best.pth
2026-10-07 05:32:34,064 - INFO - Epoch 66/150 train_loss=2.050954236984253
2026-10-07 05:32:34,102 - INFO - Best train loss=2.050954236984253; saved /home/wlia0047/ar57/wenyu/GeneRec/results/stage3_T5Train/curvature_RQ-VAE_iter100/ckpt/Amazon_2023_Instruments/Oct-07-2026_05-19-39/HG_Rec_best.pth
2026-10-07 05:32:45,707 - INFO - Epoch 67/150 train_loss=2.0449384117126463
2026-10-07 05:32:45,742 - INFO - Best train loss=2.0449384117126463; saved /home/wlia0047/ar57/wenyu/GeneRec/results/stage3_T5Train/curvature_RQ-VAE_iter100/ckpt/Amazon_2023_Instruments/Oct-07-2026_05-19-39/HG_Rec_best.pth
2026-10-07 05:32:57,369 - INFO - Epoch 68/150 train_loss=2.0391874885559083
2026-10-07 05:32:57,405 - INFO - Best train loss=2.0391874885559083; saved /home/wlia0047/ar57/wenyu/GeneRec/results/stage3_T5Train/curvature_RQ-VAE_iter100/ckpt/Amazon_2023_Instruments/Oct-07-2026_05-19-39/HG_Rec_best.pth
2026-10-07 05:33:09,019 - INFO - Epoch 69/150 train_loss=2.041470947265625
2026-10-07 05:33:20,624 - INFO - Epoch 70/150 train_loss=2.0309500980377195
2026-10-07 05:33:20,667 - INFO - Best train loss=2.0309500980377195; saved /home/wlia0047/ar57/wenyu/GeneRec/results/stage3_T5Train/curvature_RQ-VAE_iter100/ckpt/Amazon_2023_Instruments/Oct-07-2026_05-19-39/HG_Rec_best.pth
2026-10-07 05:33:32,270 - INFO - Epoch 71/150 train_loss=2.027443695068359
2026-10-07 05:33:32,308 - INFO - Best train loss=2.027443695068359; saved /home/wlia0047/ar57/wenyu/GeneRec/results/stage3_T5Train/curvature_RQ-VAE_iter100/ckpt/Amazon_2023_Instruments/Oct-07-2026_05-19-39/HG_Rec_best.pth
2026-10-07 05:33:43,917 - INFO - Epoch 72/150 train_loss=2.0219898080825804
2026-10-07 05:33:43,983 - INFO - Best train loss=2.0219898080825804; saved /home/wlia0047/ar57/wenyu/GeneRec/results/stage3_T5Train/curvature_RQ-VAE_iter100/ckpt/Amazon_2023_Instruments/Oct-07-2026_05-19-39/HG_Rec_best.pth
2026-10-07 05:33:55,672 - INFO - Epoch 73/150 train_loss=2.012111015319824
2026-10-07 05:33:55,711 - INFO - Best train loss=2.012111015319824; saved /home/wlia0047/ar57/wenyu/GeneRec/results/stage3_T5Train/curvature_RQ-VAE_iter100/ckpt/Amazon_2023_Instruments/Oct-07-2026_05-19-39/HG_Rec_best.pth
2026-10-07 05:34:07,318 - INFO - Epoch 74/150 train_loss=2.0142342805862428
2026-10-07 05:34:18,925 - INFO - Epoch 75/150 train_loss=2.011120629310608
2026-10-07 05:34:18,966 - INFO - Best train loss=2.011120629310608; saved /home/wlia0047/ar57/wenyu/GeneRec/results/stage3_T5Train/curvature_RQ-VAE_iter100/ckpt/Amazon_2023_Instruments/Oct-07-2026_05-19-39/HG_Rec_best.pth
2026-10-07 05:34:30,573 - INFO - Epoch 76/150 train_loss=2.005424747467041
2026-10-07 05:34:30,608 - INFO - Best train loss=2.005424747467041; saved /home/wlia0047/ar57/wenyu/GeneRec/results/stage3_T5Train/curvature_RQ-VAE_iter100/ckpt/Amazon_2023_Instruments/Oct-07-2026_05-19-39/HG_Rec_best.pth
2026-10-07 05:34:42,213 - INFO - Epoch 77/150 train_loss=2.0019843006134033
2026-10-07 05:34:42,248 - INFO - Best train loss=2.0019843006134033; saved /home/wlia0047/ar57/wenyu/GeneRec/results/stage3_T5Train/curvature_RQ-VAE_iter100/ckpt/Amazon_2023_Instruments/Oct-07-2026_05-19-39/HG_Rec_best.pth
2026-10-07 05:34:53,854 - INFO - Epoch 78/150 train_loss=1.9950607776641847
2026-10-07 05:34:53,890 - INFO - Best train loss=1.9950607776641847; saved /home/wlia0047/ar57/wenyu/GeneRec/results/stage3_T5Train/curvature_RQ-VAE_iter100/ckpt/Amazon_2023_Instruments/Oct-07-2026_05-19-39/HG_Rec_best.pth
2026-10-07 05:35:05,494 - INFO - Epoch 79/150 train_loss=1.992415690422058
2026-10-07 05:35:05,530 - INFO - Best train loss=1.992415690422058; saved /home/wlia0047/ar57/wenyu/GeneRec/results/stage3_T5Train/curvature_RQ-VAE_iter100/ckpt/Amazon_2023_Instruments/Oct-07-2026_05-19-39/HG_Rec_best.pth
2026-10-07 05:35:17,141 - INFO - Epoch 80/150 train_loss=1.9877933931350709
2026-10-07 05:35:17,725 - INFO - Best train loss=1.9877933931350709; saved /home/wlia0047/ar57/wenyu/GeneRec/results/stage3_T5Train/curvature_RQ-VAE_iter100/ckpt/Amazon_2023_Instruments/Oct-07-2026_05-19-39/HG_Rec_best.pth
2026-10-07 05:35:29,332 - INFO - Epoch 81/150 train_loss=1.9875928592681884
2026-10-07 05:35:29,369 - INFO - Best train loss=1.9875928592681884; saved /home/wlia0047/ar57/wenyu/GeneRec/results/stage3_T5Train/curvature_RQ-VAE_iter100/ckpt/Amazon_2023_Instruments/Oct-07-2026_05-19-39/HG_Rec_best.pth
2026-10-07 05:35:40,977 - INFO - Epoch 82/150 train_loss=1.9781884241104126
2026-10-07 05:35:41,012 - INFO - Best train loss=1.9781884241104126; saved /home/wlia0047/ar57/wenyu/GeneRec/results/stage3_T5Train/curvature_RQ-VAE_iter100/ckpt/Amazon_2023_Instruments/Oct-07-2026_05-19-39/HG_Rec_best.pth
2026-10-07 05:35:52,620 - INFO - Epoch 83/150 train_loss=1.9777209234237672
2026-10-07 05:35:52,657 - INFO - Best train loss=1.9777209234237672; saved /home/wlia0047/ar57/wenyu/GeneRec/results/stage3_T5Train/curvature_RQ-VAE_iter100/ckpt/Amazon_2023_Instruments/Oct-07-2026_05-19-39/HG_Rec_best.pth
2026-10-07 05:36:04,266 - INFO - Epoch 84/150 train_loss=1.9723514699935913
2026-10-07 05:36:04,303 - INFO - Best train loss=1.9723514699935913; saved /home/wlia0047/ar57/wenyu/GeneRec/results/stage3_T5Train/curvature_RQ-VAE_iter100/ckpt/Amazon_2023_Instruments/Oct-07-2026_05-19-39/HG_Rec_best.pth
2026-10-07 05:36:15,909 - INFO - Epoch 85/150 train_loss=1.9705146026611329
2026-10-07 05:36:15,952 - INFO - Best train loss=1.9705146026611329; saved /home/wlia0047/ar57/wenyu/GeneRec/results/stage3_T5Train/curvature_RQ-VAE_iter100/ckpt/Amazon_2023_Instruments/Oct-07-2026_05-19-39/HG_Rec_best.pth
2026-10-07 05:36:27,570 - INFO - Epoch 86/150 train_loss=1.9687477111816407
2026-10-07 05:36:27,605 - INFO - Best train loss=1.9687477111816407; saved /home/wlia0047/ar57/wenyu/GeneRec/results/stage3_T5Train/curvature_RQ-VAE_iter100/ckpt/Amazon_2023_Instruments/Oct-07-2026_05-19-39/HG_Rec_best.pth
2026-10-07 05:36:39,215 - INFO - Epoch 87/150 train_loss=1.966584219932556
2026-10-07 05:36:39,251 - INFO - Best train loss=1.966584219932556; saved /home/wlia0047/ar57/wenyu/GeneRec/results/stage3_T5Train/curvature_RQ-VAE_iter100/ckpt/Amazon_2023_Instruments/Oct-07-2026_05-19-39/HG_Rec_best.pth
2026-10-07 05:36:50,856 - INFO - Epoch 88/150 train_loss=1.9619821977615357
2026-10-07 05:36:50,893 - INFO - Best train loss=1.9619821977615357; saved /home/wlia0047/ar57/wenyu/GeneRec/results/stage3_T5Train/curvature_RQ-VAE_iter100/ckpt/Amazon_2023_Instruments/Oct-07-2026_05-19-39/HG_Rec_best.pth
2026-10-07 05:37:02,501 - INFO - Epoch 89/150 train_loss=1.9605768060684203
2026-10-07 05:37:02,537 - INFO - Best train loss=1.9605768060684203; saved /home/wlia0047/ar57/wenyu/GeneRec/results/stage3_T5Train/curvature_RQ-VAE_iter100/ckpt/Amazon_2023_Instruments/Oct-07-2026_05-19-39/HG_Rec_best.pth
2026-10-07 05:37:14,141 - INFO - Epoch 90/150 train_loss=1.9537338876724244
2026-10-07 05:37:14,177 - INFO - Best train loss=1.9537338876724244; saved /home/wlia0047/ar57/wenyu/GeneRec/results/stage3_T5Train/curvature_RQ-VAE_iter100/ckpt/Amazon_2023_Instruments/Oct-07-2026_05-19-39/HG_Rec_best.pth
2026-10-07 05:37:25,783 - INFO - Epoch 91/150 train_loss=1.9525542640686036
2026-10-07 05:37:25,818 - INFO - Best train loss=1.9525542640686036; saved /home/wlia0047/ar57/wenyu/GeneRec/results/stage3_T5Train/curvature_RQ-VAE_iter100/ckpt/Amazon_2023_Instruments/Oct-07-2026_05-19-39/HG_Rec_best.pth
2026-10-07 05:37:37,926 - INFO - Epoch 92/150 train_loss=1.9516459226608276
2026-10-07 05:37:37,961 - INFO - Best train loss=1.9516459226608276; saved /home/wlia0047/ar57/wenyu/GeneRec/results/stage3_T5Train/curvature_RQ-VAE_iter100/ckpt/Amazon_2023_Instruments/Oct-07-2026_05-19-39/HG_Rec_best.pth
2026-10-07 05:37:49,605 - INFO - Epoch 93/150 train_loss=1.9444531059265138
2026-10-07 05:37:49,641 - INFO - Best train loss=1.9444531059265138; saved /home/wlia0047/ar57/wenyu/GeneRec/results/stage3_T5Train/curvature_RQ-VAE_iter100/ckpt/Amazon_2023_Instruments/Oct-07-2026_05-19-39/HG_Rec_best.pth
2026-10-07 05:38:01,249 - INFO - Epoch 94/150 train_loss=1.945254693031311
2026-10-07 05:38:12,856 - INFO - Epoch 95/150 train_loss=1.9404131364822388
2026-10-07 05:38:12,894 - INFO - Best train loss=1.9404131364822388; saved /home/wlia0047/ar57/wenyu/GeneRec/results/stage3_T5Train/curvature_RQ-VAE_iter100/ckpt/Amazon_2023_Instruments/Oct-07-2026_05-19-39/HG_Rec_best.pth
2026-10-07 05:38:24,500 - INFO - Epoch 96/150 train_loss=1.9400160837173461
2026-10-07 05:38:24,539 - INFO - Best train loss=1.9400160837173461; saved /home/wlia0047/ar57/wenyu/GeneRec/results/stage3_T5Train/curvature_RQ-VAE_iter100/ckpt/Amazon_2023_Instruments/Oct-07-2026_05-19-39/HG_Rec_best.pth
2026-10-07 05:38:36,149 - INFO - Epoch 97/150 train_loss=1.9378596019744874
2026-10-07 05:38:36,185 - INFO - Best train loss=1.9378596019744874; saved /home/wlia0047/ar57/wenyu/GeneRec/results/stage3_T5Train/curvature_RQ-VAE_iter100/ckpt/Amazon_2023_Instruments/Oct-07-2026_05-19-39/HG_Rec_best.pth
2026-10-07 05:38:47,797 - INFO - Epoch 98/150 train_loss=1.936121392250061
2026-10-07 05:38:47,833 - INFO - Best train loss=1.936121392250061; saved /home/wlia0047/ar57/wenyu/GeneRec/results/stage3_T5Train/curvature_RQ-VAE_iter100/ckpt/Amazon_2023_Instruments/Oct-07-2026_05-19-39/HG_Rec_best.pth
2026-10-07 05:38:59,440 - INFO - Epoch 99/150 train_loss=1.9325615215301513
2026-10-07 05:38:59,477 - INFO - Best train loss=1.9325615215301513; saved /home/wlia0047/ar57/wenyu/GeneRec/results/stage3_T5Train/curvature_RQ-VAE_iter100/ckpt/Amazon_2023_Instruments/Oct-07-2026_05-19-39/HG_Rec_best.pth
2026-10-07 05:39:11,086 - INFO - Epoch 100/150 train_loss=1.9311332082748414
2026-10-07 05:39:11,121 - INFO - Best train loss=1.9311332082748414; saved /home/wlia0047/ar57/wenyu/GeneRec/results/stage3_T5Train/curvature_RQ-VAE_iter100/ckpt/Amazon_2023_Instruments/Oct-07-2026_05-19-39/HG_Rec_best.pth
2026-10-07 05:39:22,730 - INFO - Epoch 101/150 train_loss=1.9262463712692262
2026-10-07 05:39:22,765 - INFO - Best train loss=1.9262463712692262; saved /home/wlia0047/ar57/wenyu/GeneRec/results/stage3_T5Train/curvature_RQ-VAE_iter100/ckpt/Amazon_2023_Instruments/Oct-07-2026_05-19-39/HG_Rec_best.pth
2026-10-07 05:39:34,372 - INFO - Epoch 102/150 train_loss=1.9266463470458985
2026-10-07 05:39:46,442 - INFO - Epoch 103/150 train_loss=1.9189371347427369
2026-10-07 05:39:46,480 - INFO - Best train loss=1.9189371347427369; saved /home/wlia0047/ar57/wenyu/GeneRec/results/stage3_T5Train/curvature_RQ-VAE_iter100/ckpt/Amazon_2023_Instruments/Oct-07-2026_05-19-39/HG_Rec_best.pth
2026-10-07 05:39:58,251 - INFO - Epoch 104/150 train_loss=1.9203158617019653
2026-10-07 05:40:09,880 - INFO - Epoch 105/150 train_loss=1.9209744644165039
2026-10-07 05:40:21,567 - INFO - Epoch 106/150 train_loss=1.9142476224899292
2026-10-07 05:40:21,624 - INFO - Best train loss=1.9142476224899292; saved /home/wlia0047/ar57/wenyu/GeneRec/results/stage3_T5Train/curvature_RQ-VAE_iter100/ckpt/Amazon_2023_Instruments/Oct-07-2026_05-19-39/HG_Rec_best.pth
2026-10-07 05:40:33,381 - INFO - Epoch 107/150 train_loss=1.91629958152771
2026-10-07 05:40:45,032 - INFO - Epoch 108/150 train_loss=1.913849105834961
2026-10-07 05:40:45,068 - INFO - Best train loss=1.913849105834961; saved /home/wlia0047/ar57/wenyu/GeneRec/results/stage3_T5Train/curvature_RQ-VAE_iter100/ckpt/Amazon_2023_Instruments/Oct-07-2026_05-19-39/HG_Rec_best.pth
2026-10-07 05:40:56,676 - INFO - Epoch 109/150 train_loss=1.9072597932815551
2026-10-07 05:40:56,728 - INFO - Best train loss=1.9072597932815551; saved /home/wlia0047/ar57/wenyu/GeneRec/results/stage3_T5Train/curvature_RQ-VAE_iter100/ckpt/Amazon_2023_Instruments/Oct-07-2026_05-19-39/HG_Rec_best.pth
2026-10-07 05:41:08,333 - INFO - Epoch 110/150 train_loss=1.9064582204818725
2026-10-07 05:41:08,370 - INFO - Best train loss=1.9064582204818725; saved /home/wlia0047/ar57/wenyu/GeneRec/results/stage3_T5Train/curvature_RQ-VAE_iter100/ckpt/Amazon_2023_Instruments/Oct-07-2026_05-19-39/HG_Rec_best.pth
2026-10-07 05:41:19,977 - INFO - Epoch 111/150 train_loss=1.905034956932068
2026-10-07 05:41:20,013 - INFO - Best train loss=1.905034956932068; saved /home/wlia0047/ar57/wenyu/GeneRec/results/stage3_T5Train/curvature_RQ-VAE_iter100/ckpt/Amazon_2023_Instruments/Oct-07-2026_05-19-39/HG_Rec_best.pth
2026-10-07 05:41:31,626 - INFO - Epoch 112/150 train_loss=1.9025897932052613
2026-10-07 05:41:31,662 - INFO - Best train loss=1.9025897932052613; saved /home/wlia0047/ar57/wenyu/GeneRec/results/stage3_T5Train/curvature_RQ-VAE_iter100/ckpt/Amazon_2023_Instruments/Oct-07-2026_05-19-39/HG_Rec_best.pth
2026-10-07 05:41:43,269 - INFO - Epoch 113/150 train_loss=1.9029733228683472
2026-10-07 05:41:54,877 - INFO - Epoch 114/150 train_loss=1.902443380355835
2026-10-07 05:41:54,916 - INFO - Best train loss=1.902443380355835; saved /home/wlia0047/ar57/wenyu/GeneRec/results/stage3_T5Train/curvature_RQ-VAE_iter100/ckpt/Amazon_2023_Instruments/Oct-07-2026_05-19-39/HG_Rec_best.pth
2026-10-07 05:42:06,525 - INFO - Epoch 115/150 train_loss=1.9006116008758545
2026-10-07 05:42:06,561 - INFO - Best train loss=1.9006116008758545; saved /home/wlia0047/ar57/wenyu/GeneRec/results/stage3_T5Train/curvature_RQ-VAE_iter100/ckpt/Amazon_2023_Instruments/Oct-07-2026_05-19-39/HG_Rec_best.pth
2026-10-07 05:42:18,169 - INFO - Epoch 116/150 train_loss=1.8979041576385498
2026-10-07 05:42:18,206 - INFO - Best train loss=1.8979041576385498; saved /home/wlia0047/ar57/wenyu/GeneRec/results/stage3_T5Train/curvature_RQ-VAE_iter100/ckpt/Amazon_2023_Instruments/Oct-07-2026_05-19-39/HG_Rec_best.pth
2026-10-07 05:42:32,968 - INFO - Epoch 117/150 train_loss=1.8954424333572388
2026-10-07 05:42:33,005 - INFO - Best train loss=1.8954424333572388; saved /home/wlia0047/ar57/wenyu/GeneRec/results/stage3_T5Train/curvature_RQ-VAE_iter100/ckpt/Amazon_2023_Instruments/Oct-07-2026_05-19-39/HG_Rec_best.pth
2026-10-07 05:42:44,624 - INFO - Epoch 118/150 train_loss=1.8930960655212403
2026-10-07 05:42:44,731 - INFO - Best train loss=1.8930960655212403; saved /home/wlia0047/ar57/wenyu/GeneRec/results/stage3_T5Train/curvature_RQ-VAE_iter100/ckpt/Amazon_2023_Instruments/Oct-07-2026_05-19-39/HG_Rec_best.pth
2026-10-07 05:42:56,339 - INFO - Epoch 119/150 train_loss=1.892990574836731
2026-10-07 05:42:56,376 - INFO - Best train loss=1.892990574836731; saved /home/wlia0047/ar57/wenyu/GeneRec/results/stage3_T5Train/curvature_RQ-VAE_iter100/ckpt/Amazon_2023_Instruments/Oct-07-2026_05-19-39/HG_Rec_best.pth
2026-10-07 05:43:07,985 - INFO - Epoch 120/150 train_loss=1.8882682847976684
2026-10-07 05:43:08,022 - INFO - Best train loss=1.8882682847976684; saved /home/wlia0047/ar57/wenyu/GeneRec/results/stage3_T5Train/curvature_RQ-VAE_iter100/ckpt/Amazon_2023_Instruments/Oct-07-2026_05-19-39/HG_Rec_best.pth
2026-10-07 05:43:19,632 - INFO - Epoch 121/150 train_loss=1.8871839666366577
2026-10-07 05:43:19,667 - INFO - Best train loss=1.8871839666366577; saved /home/wlia0047/ar57/wenyu/GeneRec/results/stage3_T5Train/curvature_RQ-VAE_iter100/ckpt/Amazon_2023_Instruments/Oct-07-2026_05-19-39/HG_Rec_best.pth
2026-10-07 05:43:31,278 - INFO - Epoch 122/150 train_loss=1.8844300079345704
2026-10-07 05:43:31,316 - INFO - Best train loss=1.8844300079345704; saved /home/wlia0047/ar57/wenyu/GeneRec/results/stage3_T5Train/curvature_RQ-VAE_iter100/ckpt/Amazon_2023_Instruments/Oct-07-2026_05-19-39/HG_Rec_best.pth
2026-10-07 05:43:42,926 - INFO - Epoch 123/150 train_loss=1.8833474922180176
2026-10-07 05:43:42,966 - INFO - Best train loss=1.8833474922180176; saved /home/wlia0047/ar57/wenyu/GeneRec/results/stage3_T5Train/curvature_RQ-VAE_iter100/ckpt/Amazon_2023_Instruments/Oct-07-2026_05-19-39/HG_Rec_best.pth
2026-10-07 05:43:54,574 - INFO - Epoch 124/150 train_loss=1.8835447883605958
2026-10-07 05:44:06,183 - INFO - Epoch 125/150 train_loss=1.8808295297622681
2026-10-07 05:44:06,224 - INFO - Best train loss=1.8808295297622681; saved /home/wlia0047/ar57/wenyu/GeneRec/results/stage3_T5Train/curvature_RQ-VAE_iter100/ckpt/Amazon_2023_Instruments/Oct-07-2026_05-19-39/HG_Rec_best.pth
2026-10-07 05:44:17,833 - INFO - Epoch 126/150 train_loss=1.8799126148223877
2026-10-07 05:44:17,868 - INFO - Best train loss=1.8799126148223877; saved /home/wlia0047/ar57/wenyu/GeneRec/results/stage3_T5Train/curvature_RQ-VAE_iter100/ckpt/Amazon_2023_Instruments/Oct-07-2026_05-19-39/HG_Rec_best.pth
2026-10-07 05:44:29,475 - INFO - Epoch 127/150 train_loss=1.877912974357605
2026-10-07 05:44:29,511 - INFO - Best train loss=1.877912974357605; saved /home/wlia0047/ar57/wenyu/GeneRec/results/stage3_T5Train/curvature_RQ-VAE_iter100/ckpt/Amazon_2023_Instruments/Oct-07-2026_05-19-39/HG_Rec_best.pth
2026-10-07 05:44:41,124 - INFO - Epoch 128/150 train_loss=1.8807063102722168
2026-10-07 05:44:52,732 - INFO - Epoch 129/150 train_loss=1.8768872261047362
2026-10-07 05:44:52,770 - INFO - Best train loss=1.8768872261047362; saved /home/wlia0047/ar57/wenyu/GeneRec/results/stage3_T5Train/curvature_RQ-VAE_iter100/ckpt/Amazon_2023_Instruments/Oct-07-2026_05-19-39/HG_Rec_best.pth
2026-10-07 05:45:04,376 - INFO - Epoch 130/150 train_loss=1.8761618947982788
2026-10-07 05:45:04,416 - INFO - Best train loss=1.8761618947982788; saved /home/wlia0047/ar57/wenyu/GeneRec/results/stage3_T5Train/curvature_RQ-VAE_iter100/ckpt/Amazon_2023_Instruments/Oct-07-2026_05-19-39/HG_Rec_best.pth
2026-10-07 05:45:16,026 - INFO - Epoch 131/150 train_loss=1.873408989906311
2026-10-07 05:45:16,062 - INFO - Best train loss=1.873408989906311; saved /home/wlia0047/ar57/wenyu/GeneRec/results/stage3_T5Train/curvature_RQ-VAE_iter100/ckpt/Amazon_2023_Instruments/Oct-07-2026_05-19-39/HG_Rec_best.pth
2026-10-07 05:45:27,673 - INFO - Epoch 132/150 train_loss=1.8725040864944458
2026-10-07 05:45:27,708 - INFO - Best train loss=1.8725040864944458; saved /home/wlia0047/ar57/wenyu/GeneRec/results/stage3_T5Train/curvature_RQ-VAE_iter100/ckpt/Amazon_2023_Instruments/Oct-07-2026_05-19-39/HG_Rec_best.pth
2026-10-07 05:45:39,318 - INFO - Epoch 133/150 train_loss=1.8740710401535035
2026-10-07 05:45:50,929 - INFO - Epoch 134/150 train_loss=1.8692103338241577
2026-10-07 05:45:50,965 - INFO - Best train loss=1.8692103338241577; saved /home/wlia0047/ar57/wenyu/GeneRec/results/stage3_T5Train/curvature_RQ-VAE_iter100/ckpt/Amazon_2023_Instruments/Oct-07-2026_05-19-39/HG_Rec_best.pth
2026-10-07 05:46:02,573 - INFO - Epoch 135/150 train_loss=1.868549289703369
2026-10-07 05:46:02,609 - INFO - Best train loss=1.868549289703369; saved /home/wlia0047/ar57/wenyu/GeneRec/results/stage3_T5Train/curvature_RQ-VAE_iter100/ckpt/Amazon_2023_Instruments/Oct-07-2026_05-19-39/HG_Rec_best.pth
2026-10-07 05:46:14,216 - INFO - Epoch 136/150 train_loss=1.868248929977417
2026-10-07 05:46:14,256 - INFO - Best train loss=1.868248929977417; saved /home/wlia0047/ar57/wenyu/GeneRec/results/stage3_T5Train/curvature_RQ-VAE_iter100/ckpt/Amazon_2023_Instruments/Oct-07-2026_05-19-39/HG_Rec_best.pth
2026-10-07 05:46:25,866 - INFO - Epoch 137/150 train_loss=1.8684852123260498
2026-10-07 05:46:37,475 - INFO - Epoch 138/150 train_loss=1.867009720802307
2026-10-07 05:46:37,517 - INFO - Best train loss=1.867009720802307; saved /home/wlia0047/ar57/wenyu/GeneRec/results/stage3_T5Train/curvature_RQ-VAE_iter100/ckpt/Amazon_2023_Instruments/Oct-07-2026_05-19-39/HG_Rec_best.pth
2026-10-07 05:46:49,124 - INFO - Epoch 139/150 train_loss=1.864350724220276
2026-10-07 05:46:49,161 - INFO - Best train loss=1.864350724220276; saved /home/wlia0047/ar57/wenyu/GeneRec/results/stage3_T5Train/curvature_RQ-VAE_iter100/ckpt/Amazon_2023_Instruments/Oct-07-2026_05-19-39/HG_Rec_best.pth
2026-10-07 05:47:00,773 - INFO - Epoch 140/150 train_loss=1.8619229650497438
2026-10-07 05:47:00,809 - INFO - Best train loss=1.8619229650497438; saved /home/wlia0047/ar57/wenyu/GeneRec/results/stage3_T5Train/curvature_RQ-VAE_iter100/ckpt/Amazon_2023_Instruments/Oct-07-2026_05-19-39/HG_Rec_best.pth
2026-10-07 05:47:12,429 - INFO - Epoch 141/150 train_loss=1.8649185800552368
2026-10-07 05:47:24,037 - INFO - Epoch 142/150 train_loss=1.864312105178833
2026-10-07 05:47:35,648 - INFO - Epoch 143/150 train_loss=1.8607376432418823
2026-10-07 05:47:35,684 - INFO - Best train loss=1.8607376432418823; saved /home/wlia0047/ar57/wenyu/GeneRec/results/stage3_T5Train/curvature_RQ-VAE_iter100/ckpt/Amazon_2023_Instruments/Oct-07-2026_05-19-39/HG_Rec_best.pth
2026-10-07 05:47:47,289 - INFO - Epoch 144/150 train_loss=1.857990369796753
2026-10-07 05:47:47,326 - INFO - Best train loss=1.857990369796753; saved /home/wlia0047/ar57/wenyu/GeneRec/results/stage3_T5Train/curvature_RQ-VAE_iter100/ckpt/Amazon_2023_Instruments/Oct-07-2026_05-19-39/HG_Rec_best.pth
2026-10-07 05:47:58,936 - INFO - Epoch 145/150 train_loss=1.8594647550582886
2026-10-07 05:48:10,551 - INFO - Epoch 146/150 train_loss=1.859653730392456
2026-10-07 05:48:22,157 - INFO - Epoch 147/150 train_loss=1.8547333574295044
2026-10-07 05:48:22,197 - INFO - Best train loss=1.8547333574295044; saved /home/wlia0047/ar57/wenyu/GeneRec/results/stage3_T5Train/curvature_RQ-VAE_iter100/ckpt/Amazon_2023_Instruments/Oct-07-2026_05-19-39/HG_Rec_best.pth
2026-10-07 05:48:33,807 - INFO - Epoch 148/150 train_loss=1.8563851451873778
2026-10-07 05:48:45,417 - INFO - Epoch 149/150 train_loss=1.8539049959182738
2026-10-07 05:48:45,459 - INFO - Best train loss=1.8539049959182738; saved /home/wlia0047/ar57/wenyu/GeneRec/results/stage3_T5Train/curvature_RQ-VAE_iter100/ckpt/Amazon_2023_Instruments/Oct-07-2026_05-19-39/HG_Rec_best.pth
2026-10-07 05:48:57,064 - INFO - Epoch 150/150 train_loss=1.8521995592117309
2026-10-07 05:48:57,100 - INFO - Best train loss=1.8521995592117309; saved /home/wlia0047/ar57/wenyu/GeneRec/results/stage3_T5Train/curvature_RQ-VAE_iter100/ckpt/Amazon_2023_Instruments/Oct-07-2026_05-19-39/HG_Rec_best.pth
2026-10-07 05:51:08,012 - INFO - Test={'best_checkpoint': '/home/wlia0047/ar57/wenyu/GeneRec/results/stage3_T5Train/curvature_RQ-VAE_iter100/ckpt/Amazon_2023_Instruments/Oct-07-2026_05-19-39/HG_Rec_best.pth', 'n_eval': 57439, 'test_recall@5': 0.038580058845035604, 'test_recall@10': 0.05853165967374084, 'test_ndcg@5': 0.025446719116264477, 'test_ndcg@10': 0.03187673752052289}
