W0921 05:02:09.976116 3360771 /fs04/scratch2/ar57/wenyu/genrec_env_v2/lib/python3.9/site-packages/torch/distributed/run.py:774] 
W0921 05:02:09.976116 3360771 /fs04/scratch2/ar57/wenyu/genrec_env_v2/lib/python3.9/site-packages/torch/distributed/run.py:774] *****************************************
W0921 05:02:09.976116 3360771 /fs04/scratch2/ar57/wenyu/genrec_env_v2/lib/python3.9/site-packages/torch/distributed/run.py:774] Setting OMP_NUM_THREADS environment variable for each process to be 1 in default, to avoid your system being overloaded, please further tune the variable for optimal performance in your application as needed. 
W0921 05:02:09.976116 3360771 /fs04/scratch2/ar57/wenyu/genrec_env_v2/lib/python3.9/site-packages/torch/distributed/run.py:774] *****************************************
[Step3] DDP rank=0/4 local_rank=0
/home/wlia0047/ar57_scratch/wenyu/genrec_env_v2/lib64/python3.9/site-packages/torch/distributed/distributed_c10d.py:4807: UserWarning: No device id is provided via `init_process_group` or `barrier `. Using the current device set by the user. 
  warnings.warn(  # warn only once
[rank0]:[W921 05:02:12.016634359 ProcessGroupNCCL.cpp:5023] [PG ID 0 PG GUID 0 Rank 0]  using GPU 0 as device used by this process is currently unknown. This can potentially cause a hang if this rank to GPU mapping is incorrect. You can specify device_id in init_process_group() to force use of a particular device.
/home/wlia0047/ar57_scratch/wenyu/genrec_env_v2/lib64/python3.9/site-packages/torch/distributed/distributed_c10d.py:4807: UserWarning: No device id is provided via `init_process_group` or `barrier `. Using the current device set by the user. 
  warnings.warn(  # warn only once
[rank2]:[W921 05:02:12.032136823 ProcessGroupNCCL.cpp:5023] [PG ID 0 PG GUID 0 Rank 2]  using GPU 2 as device used by this process is currently unknown. This can potentially cause a hang if this rank to GPU mapping is incorrect. You can specify device_id in init_process_group() to force use of a particular device.
/home/wlia0047/ar57_scratch/wenyu/genrec_env_v2/lib64/python3.9/site-packages/torch/distributed/distributed_c10d.py:4807: UserWarning: No device id is provided via `init_process_group` or `barrier `. Using the current device set by the user. 
  warnings.warn(  # warn only once
/home/wlia0047/ar57_scratch/wenyu/genrec_env_v2/lib64/python3.9/site-packages/torch/distributed/distributed_c10d.py:4807: UserWarning: No device id is provided via `init_process_group` or `barrier `. Using the current device set by the user. 
  warnings.warn(  # warn only once
[rank1]:[W921 05:02:12.033406617 ProcessGroupNCCL.cpp:5023] [PG ID 0 PG GUID 0 Rank 1]  using GPU 1 as device used by this process is currently unknown. This can potentially cause a hang if this rank to GPU mapping is incorrect. You can specify device_id in init_process_group() to force use of a particular device.
[rank3]:[W921 05:02:12.033649794 ProcessGroupNCCL.cpp:5023] [PG ID 0 PG GUID 0 Rank 3]  using GPU 3 as device used by this process is currently unknown. This can potentially cause a hang if this rank to GPU mapping is incorrect. You can specify device_id in init_process_group() to force use of a particular device.
[Step0] cleaned 0 stale artifact(s) from /home/wlia0047/ar57/wenyu/GeneRec/results/stage2_RQ-VAE/curvature_RQ-VAE_iter3/out/rqvae/instruments
=== RQ-VAE Step1-Step12 训练循环 (world_size=4) ===
[Step1] emb: /home/wlia0047/ar57/wenyu/GeneRec/results/stage2_RQ-VAE/curvature_RQ-VAE_iter3/dataset/Instruments/item_emb.npy
[Step1] out: /home/wlia0047/ar57/wenyu/GeneRec/results/stage2_RQ-VAE/curvature_RQ-VAE_iter3/out/rqvae/instruments
[Step1] per-GPU batch=640 | total=2560 | workers=4 | compile=False
[Step1] hidden=[512, 256, 128] embed=32 codebook=256 layers=3
[Step1] target: MAX_GLOBAL_STEPS=100000 | ckpt every 10000
[Step2] loaded /home/wlia0047/ar57/wenyu/GeneRec/results/stage2_RQ-VAE/curvature_RQ-VAE_iter3/dataset/Instruments/item_emb.npy: shape=(24587, 768), dtype=torch.float32
[Step2] 24587 items | 9 batches/rank | 36 batches/epoch
[Step4] params=1149952 | DDP wrapped
[Step5] optimizer covers 1 group(s)
[train] start, target=100000 global steps (Step1-Step12 loop)
[Step6] first batch ok shape=(640, 768) device=cuda:0
[Step7] first forward ok sem_ids.shape=(640, 3)
[Step8] first loss ok loss=9.4859 rl=9.4859 vl=0.0000
[Step9] first backward ok params_with_grad=14
[Step10] first optimizer.step ok
[Step11] first curvature sync step=4 c=[0.300/0.300/0.300]
  step    664/100000 | loss=0.8057 | rl=0.8030 | vl=0.0027 | codes=203/197/212/256 | c=0.329/0.329/0.329 | ips_g=132.2 ips/rk=33.1 | elapsed=5.0s | eta=751.4s
  step   1464/100000 | loss=0.6234 | rl=0.6101 | vl=0.0134 | codes=253/248/213/256 | c=0.364/0.364/0.364 | ips_g=145.9 ips/rk=36.5 | elapsed=10.0s | eta=675.5s
  step   2272/100000 | loss=0.5983 | rl=0.5593 | vl=0.0391 | codes=253/251/239/256 | c=0.400/0.400/0.400 | ips_g=150.8 ips/rk=37.7 | elapsed=15.1s | eta=648.0s
  step   3104/100000 | loss=0.6353 | rl=0.5610 | vl=0.0742 | codes=253/247/230/256 | c=0.436/0.436/0.436 | ips_g=154.5 ips/rk=38.6 | elapsed=20.1s | eta=627.0s
  step   3940/100000 | loss=0.6538 | rl=0.5534 | vl=0.1004 | codes=254/240/241/256 | c=0.472/0.472/0.472 | ips_g=156.9 ips/rk=39.2 | elapsed=25.1s | eta=612.1s
  step   4776/100000 | loss=0.6999 | rl=0.5720 | vl=0.1279 | codes=255/244/241/256 | c=0.507/0.507/0.507 | ips_g=158.6 ips/rk=39.6 | elapsed=30.1s | eta=600.5s
  step   5584/100000 | loss=0.7535 | rl=0.5926 | vl=0.1609 | codes=254/245/240/256 | c=0.541/0.541/0.541 | ips_g=159.0 ips/rk=39.7 | elapsed=35.1s | eta=593.9s
  step   6400/100000 | loss=0.7746 | rl=0.5968 | vl=0.1777 | codes=254/242/242/256 | c=0.574/0.574/0.574 | ips_g=159.4 ips/rk=39.9 | elapsed=40.1s | eta=587.1s
  step   7224/100000 | loss=0.8344 | rl=0.6154 | vl=0.2191 | codes=255/242/233/256 | c=0.607/0.607/0.607 | ips_g=160.0 ips/rk=40.0 | elapsed=45.2s | eta=579.9s
  step   8032/100000 | loss=0.8343 | rl=0.5967 | vl=0.2376 | codes=255/248/237/256 | c=0.638/0.638/0.638 | ips_g=160.1 ips/rk=40.0 | elapsed=50.2s | eta=574.4s
  step   8840/100000 | loss=0.9111 | rl=0.6502 | vl=0.2609 | codes=255/240/233/256 | c=0.669/0.669/0.669 | ips_g=160.2 ips/rk=40.1 | elapsed=55.2s | eta=568.9s
  step   9660/100000 | loss=0.9095 | rl=0.6401 | vl=0.2694 | codes=256/244/238/256 | c=0.699/0.699/0.699 | ips_g=160.5 ips/rk=40.1 | elapsed=60.2s | eta=562.8s
/home/wlia0047/ar57_scratch/wenyu/genrec_env_v2/lib64/python3.9/site-packages/torch/distributed/distributed_c10d.py:4807: UserWarning: No device id is provided via `init_process_group` or `barrier `. Using the current device set by the user. 
  warnings.warn(  # warn only once
/home/wlia0047/ar57_scratch/wenyu/genrec_env_v2/lib64/python3.9/site-packages/torch/distributed/distributed_c10d.py:4807: UserWarning: No device id is provided via `init_process_group` or `barrier `. Using the current device set by the user. 
  warnings.warn(  # warn only once
/home/wlia0047/ar57_scratch/wenyu/genrec_env_v2/lib64/python3.9/site-packages/torch/distributed/distributed_c10d.py:4807: UserWarning: No device id is provided via `init_process_group` or `barrier `. Using the current device set by the user. 
  warnings.warn(  # warn only once
[Step12] saved /home/wlia0047/ar57/wenyu/GeneRec/results/stage2_RQ-VAE/curvature_RQ-VAE_iter3/out/rqvae/instruments/rqvae_step10000.pt (step=10000)
/home/wlia0047/ar57_scratch/wenyu/genrec_env_v2/lib64/python3.9/site-packages/torch/distributed/distributed_c10d.py:4807: UserWarning: No device id is provided via `init_process_group` or `barrier `. Using the current device set by the user. 
  warnings.warn(  # warn only once
  [SID gate step=10000] hitrate@50=0.7165 full_gini=0.0398 per_layer=[0.0724/0.1245/0.1712] unique=23581/24587 l01_pairs=16146 H_l1_given_l0=5.7273 | early_stop=False
  step  10004/100000 | loss=0.9129 | rl=0.6374 | vl=0.2756 | codes=253/254/231/256 | c=0.712/0.712/0.712 | ips_g=104.0 ips/rk=26.0 | elapsed=96.2s | eta=865.4s
  step  10828/100000 | loss=0.9782 | rl=0.6702 | vl=0.3080 | codes=253/247/233/256 | c=0.740/0.740/0.740 | ips_g=107.0 ips/rk=26.7 | elapsed=101.2s | eta=833.5s
  step  11620/100000 | loss=1.0115 | rl=0.6905 | vl=0.3210 | codes=256/243/237/256 | c=0.767/0.767/0.767 | ips_g=109.4 ips/rk=27.3 | elapsed=106.2s | eta=807.9s
  step  12408/100000 | loss=1.0119 | rl=0.6794 | vl=0.3325 | codes=254/249/242/256 | c=0.792/0.792/0.792 | ips_g=111.5 ips/rk=27.9 | elapsed=111.2s | eta=785.2s
  step  13244/100000 | loss=1.0822 | rl=0.7260 | vl=0.3562 | codes=256/241/234/256 | c=0.818/0.818/0.818 | ips_g=113.9 ips/rk=28.5 | elapsed=116.2s | eta=761.5s
  step  14056/100000 | loss=1.1006 | rl=0.7192 | vl=0.3814 | codes=256/247/233/256 | c=0.841/0.841/0.841 | ips_g=115.9 ips/rk=29.0 | elapsed=121.3s | eta=741.4s
  step  14880/100000 | loss=1.0953 | rl=0.7230 | vl=0.3723 | codes=256/244/237/256 | c=0.863/0.863/0.863 | ips_g=117.9 ips/rk=29.5 | elapsed=126.3s | eta=722.2s
  step  15712/100000 | loss=1.1310 | rl=0.7299 | vl=0.4011 | codes=253/249/236/256 | c=0.884/0.884/0.884 | ips_g=119.7 ips/rk=29.9 | elapsed=131.3s | eta=704.2s
  step  16536/100000 | loss=1.1626 | rl=0.7550 | vl=0.4076 | codes=254/243/241/256 | c=0.903/0.903/0.903 | ips_g=121.3 ips/rk=30.3 | elapsed=136.3s | eta=687.9s
  step  17324/100000 | loss=1.1855 | rl=0.7491 | vl=0.4364 | codes=256/235/234/256 | c=0.920/0.920/0.920 | ips_g=122.6 ips/rk=30.7 | elapsed=141.3s | eta=674.3s
  step  18120/100000 | loss=1.2157 | rl=0.7568 | vl=0.4589 | codes=254/249/241/256 | c=0.936/0.936/0.936 | ips_g=123.9 ips/rk=31.0 | elapsed=146.3s | eta=661.1s
  step  18936/100000 | loss=1.2423 | rl=0.7645 | vl=0.4778 | codes=254/248/241/256 | c=0.950/0.950/0.950 | ips_g=125.2 ips/rk=31.3 | elapsed=151.3s | eta=647.7s
  step  19752/100000 | loss=1.2148 | rl=0.7577 | vl=0.4571 | codes=254/244/239/256 | c=0.962/0.962/0.962 | ips_g=126.4 ips/rk=31.6 | elapsed=156.3s | eta=635.1s
[Step12] saved /home/wlia0047/ar57/wenyu/GeneRec/results/stage2_RQ-VAE/curvature_RQ-VAE_iter3/out/rqvae/instruments/rqvae_step20000.pt (step=20000)
  [SID gate step=20000] hitrate@50=0.7165 full_gini=0.0473 per_layer=[0.0719/0.1157/0.1486] unique=23387/24587 l01_pairs=16007 H_l1_given_l0=5.7000 | early_stop=False
[Step12] deleted previous artifacts with tag=step10000 (rqvae_step10000.pt + sids_step10000.npy + quality_step10000.json)
  step  20004/100000 | loss=1.3210 | rl=0.8097 | vl=0.5114 | codes=254/247/239/256 | c=0.966/0.966/0.966 | ips_g=103.8 ips/rk=25.9 | elapsed=192.8s | eta=771.0s
  step  20828/100000 | loss=1.2723 | rl=0.7759 | vl=0.4964 | codes=256/244/239/256 | c=0.976/0.976/0.976 | ips_g=105.3 ips/rk=26.3 | elapsed=197.8s | eta=752.0s
  step  21652/100000 | loss=1.2810 | rl=0.7729 | vl=0.5081 | codes=253/247/236/256 | c=0.985/0.985/0.985 | ips_g=106.8 ips/rk=26.7 | elapsed=202.8s | eta=733.9s
  step  22480/100000 | loss=1.3172 | rl=0.7984 | vl=0.5188 | codes=254/244/242/256 | c=0.991/0.991/0.991 | ips_g=108.2 ips/rk=27.0 | elapsed=207.8s | eta=716.7s
  step  23296/100000 | loss=1.3381 | rl=0.7934 | vl=0.5446 | codes=254/246/243/256 | c=0.996/0.996/0.996 | ips_g=109.4 ips/rk=27.4 | elapsed=212.9s | eta=700.9s
  step  24108/100000 | loss=1.3788 | rl=0.8167 | vl=0.5622 | codes=255/251/241/256 | c=0.999/0.999/0.999 | ips_g=110.6 ips/rk=27.7 | elapsed=217.9s | eta=685.9s
  step  24928/100000 | loss=1.3649 | rl=0.8138 | vl=0.5511 | codes=253/242/239/256 | c=1.000/1.000/1.000 | ips_g=111.8 ips/rk=28.0 | elapsed=222.9s | eta=671.3s
  step  25748/100000 | loss=1.3498 | rl=0.7899 | vl=0.5600 | codes=255/244/243/256 | c=0.999/0.999/0.999 | ips_g=113.0 ips/rk=28.2 | elapsed=227.9s | eta=657.3s
  step  26560/100000 | loss=1.4086 | rl=0.8241 | vl=0.5845 | codes=255/244/239/256 | c=0.997/0.997/0.997 | ips_g=114.0 ips/rk=28.5 | elapsed=232.9s | eta=644.1s
  step  27372/100000 | loss=1.3403 | rl=0.7778 | vl=0.5626 | codes=254/245/243/256 | c=0.992/0.992/0.992 | ips_g=115.0 ips/rk=28.8 | elapsed=238.0s | eta=631.4s
  step  28188/100000 | loss=1.3725 | rl=0.7859 | vl=0.5867 | codes=255/241/230/256 | c=0.986/0.986/0.986 | ips_g=116.0 ips/rk=29.0 | elapsed=243.0s | eta=619.0s
  step  29012/100000 | loss=1.3654 | rl=0.7884 | vl=0.5770 | codes=254/241/234/256 | c=0.978/0.978/0.978 | ips_g=117.0 ips/rk=29.2 | elapsed=248.0s | eta=606.8s
  step  29820/100000 | loss=1.3798 | rl=0.7825 | vl=0.5973 | codes=254/244/244/256 | c=0.968/0.968/0.968 | ips_g=117.9 ips/rk=29.5 | elapsed=253.0s | eta=595.5s
[Step12] saved /home/wlia0047/ar57/wenyu/GeneRec/results/stage2_RQ-VAE/curvature_RQ-VAE_iter3/out/rqvae/instruments/rqvae_step30000.pt (step=30000)
  [SID gate step=30000] hitrate@50=0.7165 full_gini=0.0482 per_layer=[0.0740/0.1123/0.1320] unique=23362/24587 l01_pairs=15904 H_l1_given_l0=5.6887 | early_stop=False
[Step12] deleted previous artifacts with tag=step20000 (rqvae_step20000.pt + sids_step20000.npy + quality_step20000.json)
  step  30004/100000 | loss=1.3095 | rl=0.7521 | vl=0.5574 | codes=255/241/238/256 | c=0.966/0.966/0.966 | ips_g=103.1 ips/rk=25.8 | elapsed=291.1s | eta=679.0s
  step  30812/100000 | loss=1.3464 | rl=0.7686 | vl=0.5779 | codes=255/241/240/256 | c=0.954/0.954/0.954 | ips_g=104.1 ips/rk=26.0 | elapsed=296.1s | eta=664.9s
  step  31628/100000 | loss=1.3450 | rl=0.7640 | vl=0.5811 | codes=256/246/240/256 | c=0.940/0.940/0.940 | ips_g=105.0 ips/rk=26.3 | elapsed=301.1s | eta=650.9s
  step  32448/100000 | loss=1.3011 | rl=0.7329 | vl=0.5682 | codes=255/243/240/256 | c=0.925/0.925/0.925 | ips_g=106.0 ips/rk=26.5 | elapsed=306.1s | eta=637.3s
  step  33268/100000 | loss=1.2827 | rl=0.7071 | vl=0.5756 | codes=250/237/242/256 | c=0.908/0.908/0.908 | ips_g=106.9 ips/rk=26.7 | elapsed=311.1s | eta=624.1s
  step  34076/100000 | loss=1.2976 | rl=0.7176 | vl=0.5800 | codes=255/244/237/256 | c=0.889/0.889/0.889 | ips_g=107.8 ips/rk=26.9 | elapsed=316.1s | eta=611.6s
  step  34884/100000 | loss=1.3069 | rl=0.7241 | vl=0.5828 | codes=256/248/244/256 | c=0.869/0.869/0.869 | ips_g=108.6 ips/rk=27.2 | elapsed=321.1s | eta=599.5s
  step  35692/100000 | loss=1.2386 | rl=0.6795 | vl=0.5591 | codes=254/245/240/256 | c=0.848/0.848/0.848 | ips_g=109.4 ips/rk=27.4 | elapsed=326.2s | eta=587.7s
  step  36500/100000 | loss=1.2380 | rl=0.6649 | vl=0.5731 | codes=253/239/239/256 | c=0.825/0.825/0.825 | ips_g=110.2 ips/rk=27.6 | elapsed=331.2s | eta=576.2s
  step  37312/100000 | loss=1.1738 | rl=0.6403 | vl=0.5335 | codes=255/242/239/256 | c=0.801/0.801/0.801 | ips_g=111.0 ips/rk=27.7 | elapsed=336.2s | eta=564.8s
  step  38128/100000 | loss=1.1785 | rl=0.6343 | vl=0.5442 | codes=255/240/238/256 | c=0.775/0.775/0.775 | ips_g=111.7 ips/rk=27.9 | elapsed=341.2s | eta=553.7s
  step  38940/100000 | loss=1.1186 | rl=0.6059 | vl=0.5127 | codes=253/246/239/256 | c=0.748/0.748/0.748 | ips_g=112.5 ips/rk=28.1 | elapsed=346.2s | eta=542.9s
  step  39760/100000 | loss=1.1419 | rl=0.6186 | vl=0.5233 | codes=253/241/239/256 | c=0.720/0.720/0.720 | ips_g=113.2 ips/rk=28.3 | elapsed=351.2s | eta=532.2s
[Step12] saved /home/wlia0047/ar57/wenyu/GeneRec/results/stage2_RQ-VAE/curvature_RQ-VAE_iter3/out/rqvae/instruments/rqvae_step40000.pt (step=40000)
  [SID gate step=40000] hitrate@50=0.7165 full_gini=0.0520 per_layer=[0.0748/0.1223/0.1375] unique=23263/24587 l01_pairs=15839 H_l1_given_l0=5.6839 | early_stop=False
[Step12] deleted previous artifacts with tag=step30000 (rqvae_step30000.pt + sids_step30000.npy + quality_step30000.json)
  step  40004/100000 | loss=1.1056 | rl=0.5960 | vl=0.5095 | codes=254/241/240/256 | c=0.711/0.711/0.711 | ips_g=103.4 ips/rk=25.8 | elapsed=386.9s | eta=580.3s
  step  40820/100000 | loss=1.0291 | rl=0.5546 | vl=0.4745 | codes=255/242/242/256 | c=0.682/0.682/0.682 | ips_g=104.1 ips/rk=26.0 | elapsed=392.0s | eta=568.2s
  step  41636/100000 | loss=0.9909 | rl=0.5324 | vl=0.4585 | codes=256/244/237/256 | c=0.651/0.651/0.651 | ips_g=104.9 ips/rk=26.2 | elapsed=397.0s | eta=556.4s
  step  42460/100000 | loss=0.9965 | rl=0.5262 | vl=0.4703 | codes=253/241/241/256 | c=0.619/0.619/0.619 | ips_g=105.6 ips/rk=26.4 | elapsed=402.0s | eta=544.7s
  step  43268/100000 | loss=0.9967 | rl=0.5186 | vl=0.4781 | codes=254/241/234/256 | c=0.587/0.587/0.587 | ips_g=106.3 ips/rk=26.6 | elapsed=407.0s | eta=533.6s
  step  44080/100000 | loss=0.9248 | rl=0.4820 | vl=0.4428 | codes=255/246/236/256 | c=0.554/0.554/0.554 | ips_g=107.0 ips/rk=26.7 | elapsed=412.0s | eta=522.6s
  step  44888/100000 | loss=0.9222 | rl=0.4750 | vl=0.4472 | codes=254/237/239/256 | c=0.521/0.521/0.521 | ips_g=107.6 ips/rk=26.9 | elapsed=417.0s | eta=512.0s
  step  45712/100000 | loss=0.8718 | rl=0.4577 | vl=0.4140 | codes=256/249/231/256 | c=0.486/0.486/0.486 | ips_g=108.3 ips/rk=27.1 | elapsed=422.0s | eta=501.2s
  step  46532/100000 | loss=0.8434 | rl=0.4320 | vl=0.4114 | codes=255/241/227/256 | c=0.451/0.451/0.451 | ips_g=109.0 ips/rk=27.2 | elapsed=427.0s | eta=490.7s
  step  47352/100000 | loss=0.8109 | rl=0.4184 | vl=0.3925 | codes=252/237/233/256 | c=0.416/0.416/0.416 | ips_g=109.6 ips/rk=27.4 | elapsed=432.0s | eta=480.4s
  step  48168/100000 | loss=0.8068 | rl=0.4067 | vl=0.4001 | codes=255/240/238/256 | c=0.380/0.380/0.380 | ips_g=110.2 ips/rk=27.6 | elapsed=437.1s | eta=470.3s
  step  48992/100000 | loss=0.8021 | rl=0.4030 | vl=0.3991 | codes=256/231/236/256 | c=0.344/0.344/0.344 | ips_g=110.8 ips/rk=27.7 | elapsed=442.1s | eta=460.2s
  step  49816/100000 | loss=0.7294 | rl=0.3677 | vl=0.3617 | codes=255/239/231/256 | c=0.308/0.308/0.308 | ips_g=111.4 ips/rk=27.9 | elapsed=447.1s | eta=450.4s
[Step12] saved /home/wlia0047/ar57/wenyu/GeneRec/results/stage2_RQ-VAE/curvature_RQ-VAE_iter3/out/rqvae/instruments/rqvae_step50000.pt (step=50000)
  [SID gate step=50000] hitrate@50=0.7165 full_gini=0.0499 per_layer=[0.0791/0.1292/0.1516] unique=23318/24587 l01_pairs=15803 H_l1_given_l0=5.6872 | early_stop=False
[Step12] deleted previous artifacts with tag=step40000 (rqvae_step40000.pt + sids_step40000.npy + quality_step40000.json)
  step  50004/100000 | loss=0.7147 | rl=0.3611 | vl=0.3536 | codes=253/243/238/256 | c=0.300/0.300/0.300 | ips_g=103.6 ips/rk=25.9 | elapsed=482.5s | eta=482.5s
  step  50808/100000 | loss=0.7479 | rl=0.3806 | vl=0.3673 | codes=254/246/240/256 | c=0.336/0.336/0.336 | ips_g=104.2 ips/rk=26.1 | elapsed=487.6s | eta=472.0s
  step  51616/100000 | loss=0.7739 | rl=0.3970 | vl=0.3769 | codes=255/243/239/256 | c=0.371/0.371/0.371 | ips_g=104.8 ips/rk=26.2 | elapsed=492.6s | eta=461.7s
  step  52420/100000 | loss=0.8494 | rl=0.4282 | vl=0.4212 | codes=254/238/239/256 | c=0.406/0.406/0.406 | ips_g=105.4 ips/rk=26.3 | elapsed=497.6s | eta=451.6s
  step  53228/100000 | loss=0.8855 | rl=0.4501 | vl=0.4354 | codes=255/240/227/256 | c=0.441/0.441/0.441 | ips_g=105.9 ips/rk=26.5 | elapsed=502.6s | eta=441.6s
  step  54036/100000 | loss=0.8917 | rl=0.4595 | vl=0.4322 | codes=255/239/237/256 | c=0.476/0.476/0.476 | ips_g=106.5 ips/rk=26.6 | elapsed=507.6s | eta=431.8s
  step  54848/100000 | loss=0.9255 | rl=0.4779 | vl=0.4476 | codes=255/235/239/256 | c=0.510/0.510/0.510 | ips_g=107.0 ips/rk=26.7 | elapsed=512.6s | eta=422.0s
  step  55660/100000 | loss=0.9256 | rl=0.4806 | vl=0.4450 | codes=254/247/241/256 | c=0.544/0.544/0.544 | ips_g=107.5 ips/rk=26.9 | elapsed=517.6s | eta=412.3s
  step  56472/100000 | loss=0.9632 | rl=0.4984 | vl=0.4649 | codes=255/242/235/256 | c=0.577/0.577/0.577 | ips_g=108.1 ips/rk=27.0 | elapsed=522.6s | eta=402.8s
  step  57280/100000 | loss=1.0132 | rl=0.5154 | vl=0.4977 | codes=255/240/239/256 | c=0.609/0.609/0.609 | ips_g=108.6 ips/rk=27.1 | elapsed=527.6s | eta=393.5s
  step  58096/100000 | loss=1.0728 | rl=0.5529 | vl=0.5200 | codes=252/233/235/256 | c=0.641/0.641/0.641 | ips_g=109.1 ips/rk=27.3 | elapsed=532.6s | eta=384.2s
  step  58920/100000 | loss=1.0694 | rl=0.5541 | vl=0.5153 | codes=255/244/237/256 | c=0.672/0.672/0.672 | ips_g=109.6 ips/rk=27.4 | elapsed=537.7s | eta=374.9s
  step  59744/100000 | loss=1.1231 | rl=0.5862 | vl=0.5369 | codes=255/242/238/256 | c=0.702/0.702/0.702 | ips_g=110.1 ips/rk=27.5 | elapsed=542.7s | eta=365.6s
[Step12] saved /home/wlia0047/ar57/wenyu/GeneRec/results/stage2_RQ-VAE/curvature_RQ-VAE_iter3/out/rqvae/instruments/rqvae_step60000.pt (step=60000)
  [SID gate step=60000] hitrate@50=0.7165 full_gini=0.0502 per_layer=[0.0724/0.1343/0.1457] unique=23309/24587 l01_pairs=15818 H_l1_given_l0=5.6817 | early_stop=False
[Step12] deleted previous artifacts with tag=step50000 (rqvae_step50000.pt + sids_step50000.npy + quality_step50000.json)
  step  60004/100000 | loss=1.1420 | rl=0.5947 | vl=0.5473 | codes=253/244/231/256 | c=0.712/0.712/0.712 | ips_g=103.7 ips/rk=25.9 | elapsed=578.6s | eta=385.7s
  step  60808/100000 | loss=1.1262 | rl=0.5880 | vl=0.5383 | codes=251/245/239/256 | c=0.740/0.740/0.740 | ips_g=104.2 ips/rk=26.0 | elapsed=583.7s | eta=376.2s
  step  61608/100000 | loss=1.1730 | rl=0.6108 | vl=0.5622 | codes=254/245/243/256 | c=0.766/0.766/0.766 | ips_g=104.7 ips/rk=26.2 | elapsed=588.7s | eta=366.8s
  step  62408/100000 | loss=1.2425 | rl=0.6383 | vl=0.6042 | codes=255/239/237/256 | c=0.792/0.792/0.792 | ips_g=105.1 ips/rk=26.3 | elapsed=593.7s | eta=357.6s
  step  63208/100000 | loss=1.2447 | rl=0.6475 | vl=0.5971 | codes=256/238/235/256 | c=0.816/0.816/0.816 | ips_g=105.6 ips/rk=26.4 | elapsed=598.7s | eta=348.5s
  step  64004/100000 | loss=1.2983 | rl=0.6705 | vl=0.6278 | codes=254/246/238/256 | c=0.839/0.839/0.839 | ips_g=106.0 ips/rk=26.5 | elapsed=603.7s | eta=339.5s
  step  64808/100000 | loss=1.2941 | rl=0.6838 | vl=0.6103 | codes=254/246/236/256 | c=0.861/0.861/0.861 | ips_g=106.5 ips/rk=26.6 | elapsed=608.7s | eta=330.6s
  step  65612/100000 | loss=1.3002 | rl=0.6725 | vl=0.6277 | codes=256/239/230/256 | c=0.882/0.882/0.882 | ips_g=106.9 ips/rk=26.7 | elapsed=613.8s | eta=321.7s
  step  66416/100000 | loss=1.3271 | rl=0.6902 | vl=0.6369 | codes=253/243/240/256 | c=0.901/0.901/0.901 | ips_g=107.3 ips/rk=26.8 | elapsed=618.8s | eta=312.9s
  step  67216/100000 | loss=1.3803 | rl=0.7141 | vl=0.6661 | codes=256/246/243/256 | c=0.918/0.918/0.918 | ips_g=107.8 ips/rk=26.9 | elapsed=623.8s | eta=304.3s
  step  68016/100000 | loss=1.3454 | rl=0.7004 | vl=0.6450 | codes=253/240/245/256 | c=0.934/0.934/0.934 | ips_g=108.2 ips/rk=27.0 | elapsed=628.8s | eta=295.7s
  step  68820/100000 | loss=1.4209 | rl=0.7388 | vl=0.6821 | codes=253/241/239/256 | c=0.948/0.948/0.948 | ips_g=108.6 ips/rk=27.1 | elapsed=633.8s | eta=287.2s
  step  69620/100000 | loss=1.4022 | rl=0.7164 | vl=0.6858 | codes=254/239/241/256 | c=0.960/0.960/0.960 | ips_g=109.0 ips/rk=27.2 | elapsed=638.9s | eta=278.8s
[Step12] saved /home/wlia0047/ar57/wenyu/GeneRec/results/stage2_RQ-VAE/curvature_RQ-VAE_iter3/out/rqvae/instruments/rqvae_step70000.pt (step=70000)
  [SID gate step=70000] hitrate@50=0.7165 full_gini=0.0489 per_layer=[0.0745/0.1275/0.1431] unique=23344/24587 l01_pairs=15726 H_l1_given_l0=5.6702 | early_stop=False
[Step12] deleted previous artifacts with tag=step60000 (rqvae_step60000.pt + sids_step60000.npy + quality_step60000.json)
  step  70004/100000 | loss=1.4144 | rl=0.7300 | vl=0.6844 | codes=254/241/234/256 | c=0.966/0.966/0.966 | ips_g=103.6 ips/rk=25.9 | elapsed=675.5s | eta=289.4s
  step  70804/100000 | loss=1.4897 | rl=0.7755 | vl=0.7143 | codes=254/240/238/256 | c=0.976/0.976/0.976 | ips_g=104.0 ips/rk=26.0 | elapsed=680.5s | eta=280.6s
  step  71604/100000 | loss=1.4458 | rl=0.7543 | vl=0.6915 | codes=251/241/238/256 | c=0.984/0.984/0.984 | ips_g=104.5 ips/rk=26.1 | elapsed=685.5s | eta=271.9s
  step  72404/100000 | loss=1.4551 | rl=0.7563 | vl=0.6988 | codes=253/237/239/256 | c=0.991/0.991/0.991 | ips_g=104.9 ips/rk=26.2 | elapsed=690.5s | eta=263.2s
  step  73208/100000 | loss=1.4941 | rl=0.7723 | vl=0.7218 | codes=254/238/241/256 | c=0.996/0.996/0.996 | ips_g=105.3 ips/rk=26.3 | elapsed=695.6s | eta=254.6s
  step  74008/100000 | loss=1.4504 | rl=0.7497 | vl=0.7007 | codes=253/240/236/256 | c=0.999/0.999/0.999 | ips_g=105.6 ips/rk=26.4 | elapsed=700.6s | eta=246.0s
  step  74812/100000 | loss=1.4773 | rl=0.7551 | vl=0.7221 | codes=253/240/236/256 | c=1.000/1.000/1.000 | ips_g=106.0 ips/rk=26.5 | elapsed=705.6s | eta=237.6s
  step  75612/100000 | loss=1.4855 | rl=0.7597 | vl=0.7258 | codes=252/242/237/256 | c=0.999/0.999/0.999 | ips_g=106.4 ips/rk=26.6 | elapsed=710.6s | eta=229.2s
  step  76412/100000 | loss=1.4633 | rl=0.7509 | vl=0.7125 | codes=254/243/247/256 | c=0.997/0.997/0.997 | ips_g=106.8 ips/rk=26.7 | elapsed=715.6s | eta=220.9s
  step  77212/100000 | loss=1.4274 | rl=0.7486 | vl=0.6789 | codes=254/243/242/256 | c=0.993/0.993/0.993 | ips_g=107.2 ips/rk=26.8 | elapsed=720.6s | eta=212.7s
  step  78012/100000 | loss=1.5056 | rl=0.7716 | vl=0.7339 | codes=255/238/239/256 | c=0.988/0.988/0.988 | ips_g=107.5 ips/rk=26.9 | elapsed=725.6s | eta=204.5s
  step  78812/100000 | loss=1.4565 | rl=0.7379 | vl=0.7186 | codes=254/245/238/256 | c=0.980/0.980/0.980 | ips_g=107.9 ips/rk=27.0 | elapsed=730.6s | eta=196.4s
  step  79624/100000 | loss=1.4598 | rl=0.7285 | vl=0.7313 | codes=251/242/237/256 | c=0.971/0.971/0.971 | ips_g=108.2 ips/rk=27.1 | elapsed=735.6s | eta=188.2s
[Step12] saved /home/wlia0047/ar57/wenyu/GeneRec/results/stage2_RQ-VAE/curvature_RQ-VAE_iter3/out/rqvae/instruments/rqvae_step80000.pt (step=80000)
  [SID gate step=80000] hitrate@50=0.7165 full_gini=0.0488 per_layer=[0.0760/0.1217/0.1364] unique=23346/24587 l01_pairs=15831 H_l1_given_l0=5.6833 | early_stop=False
[Step12] deleted previous artifacts with tag=step70000 (rqvae_step70000.pt + sids_step70000.npy + quality_step70000.json)
  step  80004/100000 | loss=1.4282 | rl=0.7277 | vl=0.7004 | codes=253/244/235/256 | c=0.966/0.966/0.966 | ips_g=103.6 ips/rk=25.9 | elapsed=772.3s | eta=193.0s
  step  80804/100000 | loss=1.4094 | rl=0.7197 | vl=0.6897 | codes=256/242/242/256 | c=0.954/0.954/0.954 | ips_g=104.0 ips/rk=26.0 | elapsed=777.3s | eta=184.7s
  step  81608/100000 | loss=1.4214 | rl=0.7126 | vl=0.7088 | codes=256/243/235/256 | c=0.941/0.941/0.941 | ips_g=104.3 ips/rk=26.1 | elapsed=782.3s | eta=176.3s
  step  82408/100000 | loss=1.4418 | rl=0.7147 | vl=0.7272 | codes=256/239/235/256 | c=0.926/0.926/0.926 | ips_g=104.7 ips/rk=26.2 | elapsed=787.3s | eta=168.1s
  step  83212/100000 | loss=1.3887 | rl=0.6949 | vl=0.6938 | codes=254/247/237/256 | c=0.909/0.909/0.909 | ips_g=105.0 ips/rk=26.3 | elapsed=792.4s | eta=159.9s
  step  84016/100000 | loss=1.3766 | rl=0.6945 | vl=0.6821 | codes=254/238/243/256 | c=0.891/0.891/0.891 | ips_g=105.4 ips/rk=26.3 | elapsed=797.4s | eta=151.7s
  step  84820/100000 | loss=1.3345 | rl=0.6684 | vl=0.6662 | codes=256/249/233/256 | c=0.871/0.871/0.871 | ips_g=105.7 ips/rk=26.4 | elapsed=802.4s | eta=143.6s
  step  85624/100000 | loss=1.2476 | rl=0.6217 | vl=0.6259 | codes=255/248/239/256 | c=0.850/0.850/0.850 | ips_g=106.0 ips/rk=26.5 | elapsed=807.4s | eta=135.6s
  step  86428/100000 | loss=1.2784 | rl=0.6355 | vl=0.6430 | codes=254/243/231/256 | c=0.827/0.827/0.827 | ips_g=106.4 ips/rk=26.6 | elapsed=812.4s | eta=127.6s
  step  87232/100000 | loss=1.2673 | rl=0.6259 | vl=0.6414 | codes=254/240/240/256 | c=0.803/0.803/0.803 | ips_g=106.7 ips/rk=26.7 | elapsed=817.4s | eta=119.6s
  step  88036/100000 | loss=1.2599 | rl=0.6200 | vl=0.6399 | codes=252/241/236/256 | c=0.778/0.778/0.778 | ips_g=107.0 ips/rk=26.8 | elapsed=822.5s | eta=111.8s
  step  88840/100000 | loss=1.2169 | rl=0.5919 | vl=0.6250 | codes=254/238/237/256 | c=0.752/0.752/0.752 | ips_g=107.4 ips/rk=26.8 | elapsed=827.5s | eta=103.9s
  step  89640/100000 | loss=1.1755 | rl=0.5717 | vl=0.6039 | codes=256/244/247/256 | c=0.724/0.724/0.724 | ips_g=107.7 ips/rk=26.9 | elapsed=832.5s | eta=96.2s
[Step12] saved /home/wlia0047/ar57/wenyu/GeneRec/results/stage2_RQ-VAE/curvature_RQ-VAE_iter3/out/rqvae/instruments/rqvae_step90000.pt (step=90000)
  [SID gate step=90000] hitrate@50=0.7165 full_gini=0.0508 per_layer=[0.0720/0.1325/0.1457] unique=23294/24587 l01_pairs=15677 H_l1_given_l0=5.6602 | early_stop=False
[Step12] deleted previous artifacts with tag=step80000 (rqvae_step80000.pt + sids_step80000.npy + quality_step80000.json)
  step  90004/100000 | loss=1.1737 | rl=0.5737 | vl=0.6000 | codes=253/241/238/256 | c=0.711/0.711/0.711 | ips_g=103.4 ips/rk=25.9 | elapsed=870.3s | eta=96.7s
  step  90808/100000 | loss=1.1198 | rl=0.5467 | vl=0.5731 | codes=255/249/247/256 | c=0.682/0.682/0.682 | ips_g=103.7 ips/rk=25.9 | elapsed=875.3s | eta=88.6s
  step  91612/100000 | loss=1.1185 | rl=0.5452 | vl=0.5733 | codes=256/239/241/256 | c=0.652/0.652/0.652 | ips_g=104.1 ips/rk=26.0 | elapsed=880.3s | eta=80.6s
  step  92416/100000 | loss=1.0242 | rl=0.5073 | vl=0.5169 | codes=254/247/243/256 | c=0.621/0.621/0.621 | ips_g=104.4 ips/rk=26.1 | elapsed=885.3s | eta=72.7s
  step  93216/100000 | loss=1.0781 | rl=0.5224 | vl=0.5557 | codes=255/242/242/256 | c=0.589/0.589/0.589 | ips_g=104.7 ips/rk=26.2 | elapsed=890.3s | eta=64.8s
  step  94016/100000 | loss=0.9635 | rl=0.4690 | vl=0.4945 | codes=256/239/234/256 | c=0.557/0.557/0.557 | ips_g=105.0 ips/rk=26.3 | elapsed=895.3s | eta=57.0s
  step  94820/100000 | loss=0.9646 | rl=0.4662 | vl=0.4983 | codes=254/242/238/256 | c=0.524/0.524/0.524 | ips_g=105.3 ips/rk=26.3 | elapsed=900.3s | eta=49.2s
  step  95624/100000 | loss=0.9405 | rl=0.4524 | vl=0.4882 | codes=254/246/239/256 | c=0.490/0.490/0.490 | ips_g=105.6 ips/rk=26.4 | elapsed=905.4s | eta=41.4s
  step  96424/100000 | loss=0.9217 | rl=0.4388 | vl=0.4829 | codes=256/241/233/256 | c=0.456/0.456/0.456 | ips_g=105.9 ips/rk=26.5 | elapsed=910.4s | eta=33.8s
  step  97228/100000 | loss=0.9117 | rl=0.4314 | vl=0.4803 | codes=253/242/242/256 | c=0.421/0.421/0.421 | ips_g=106.2 ips/rk=26.6 | elapsed=915.4s | eta=26.1s
  step  98032/100000 | loss=0.8568 | rl=0.4006 | vl=0.4562 | codes=253/241/233/256 | c=0.386/0.386/0.386 | ips_g=106.5 ips/rk=26.6 | elapsed=920.4s | eta=18.5s
  step  98836/100000 | loss=0.8462 | rl=0.3950 | vl=0.4511 | codes=255/243/228/256 | c=0.351/0.351/0.351 | ips_g=106.8 ips/rk=26.7 | elapsed=925.4s | eta=10.9s
  step  99640/100000 | loss=0.7883 | rl=0.3691 | vl=0.4192 | codes=255/246/238/256 | c=0.316/0.316/0.316 | ips_g=107.1 ips/rk=26.8 | elapsed=930.4s | eta=3.4s
[Step12] saved /home/wlia0047/ar57/wenyu/GeneRec/results/stage2_RQ-VAE/curvature_RQ-VAE_iter3/out/rqvae/instruments/rqvae_final.pt (step=100000)
  [SID gate step=100000] hitrate@50=0.7165 full_gini=0.0510 per_layer=[0.0743/0.1374/0.1698] unique=23288/24587 l01_pairs=15570 H_l1_given_l0=5.6457 | early_stop=False
[Step12] deleted previous artifacts with tag=step90000 (rqvae_step90000.pt + sids_step90000.npy + quality_step90000.json)
[final SID export] raw_shape=(24587, 3) sid_shape=(24587, 4) unique=24587/24587 extension_default=768 -> /home/wlia0047/ar57/wenyu/GeneRec/results/stage2_RQ-VAE/curvature_RQ-VAE_iter3/dataset/Instruments/sids_for_hgrec.npy
[final SID export] wrote /home/wlia0047/ar57/wenyu/GeneRec/results/stage2_RQ-VAE/curvature_RQ-VAE_iter3/out/rqvae/instruments/sids_final.npy and /home/wlia0047/ar57/wenyu/GeneRec/results/stage2_RQ-VAE/curvature_RQ-VAE_iter3/dataset/Instruments/item_sids_recbole.json
[train] done at global_step=100000, total time=968.9s
