2026-09-26 02:33:02,621 - INFO - Configuration: {'batch_size': 4096, 'infer_size': 1024, 'num_epochs': 150, 'eval_interval': 5, 'eval_start_epoch': 75, 'early_eval_epochs': (25, 50, 75, 100, 125), 'early_stop': 10, 'fast': True, 'bf16': True, 'use_lr_scheduler': True, 'lr_warmup_pct': 0.1, 'lr_min_factor': 0.2, 'compile': False, 'compile_mode': 'default', 'num_layers': 4, 'num_decoder_layers': 4, 'd_model': 128, 'd_ff': 1024, 'num_heads': 6, 'd_kv': 64, 'dropout_rate': 0.1, 'activation_function': 'relu', 'feed_forward_proj': 'relu', 'device': 'cuda', 'lr': 0.003, 'weight_decay': 0.05, 'vocab_size': 855, 'eos_token_id': 854, 'pad_token_id': 0, 'n_user_tokens': 1, 'max_len': 20, 'dataset_name': 'Amazon_2023_Instruments', 'dataset_path': '/home/wlia0047/ar57/wenyu/GeneRec/results/stage0_build_parquet/', 'codebook_size': [256, 256, 256, 1], 'code_path': '/home/wlia0047/ar57/wenyu/GeneRec/results/stage2_RQ-VAE/curvature_RQ-VAE_iter17/item_sids.json', 'train_file': 'train.parquet', 'valid_file': 'valid.parquet', 'test_file': 'test.parquet', 'log_path': '/home/wlia0047/ar57/wenyu/GeneRec/results/stage3_T5Train/curvature_RQ-VAE_iter17/logs/', 'save_path': '/home/wlia0047/ar57/wenyu/GeneRec/results/stage3_T5Train/curvature_RQ-VAE_iter17/ckpt/', 'seed': 42, 'topk_list': [5, 10], 'beam_size': 20, 'no_eval': True, 'skip_test': False, 'screen_baseline_log': '', 'screen_start_epoch': 40, 'screen_window': 5, 'screen_min_ndcg_gain': 0.001, 'screen_min_recall_gain': 0.001, 'screen_skip_test_on_fail': True, 'num_workers': 4, 'prefetch_factor': 8, 'exclude_history': True, 'no_exclude_history': False, 'pin_memory': True, 'no_pin_memory': False, 'sid_length': 4, 'max_token_seq_len': 82, 'decoder_start_token_id': 0}
2026-09-26 02:33:02,672 - INFO - #Embedding parameters: 109440
#Non-embedding parameters: 4459648
#Total trainable parameters: 4569088

2026-09-26 02:33:15,573 - INFO - Epoch 1/150 train_loss=4.842361640930176
2026-09-26 02:33:15,671 - INFO - Best train loss=4.842361640930176; saved /home/wlia0047/ar57/wenyu/GeneRec/results/stage3_T5Train/curvature_RQ-VAE_iter17/ckpt/Amazon_2023_Instruments/Sep-26-2026_02-33-02/HG_Rec_best.pth
2026-09-26 02:33:27,289 - INFO - Epoch 2/150 train_loss=4.217146263122559
2026-09-26 02:33:27,324 - INFO - Best train loss=4.217146263122559; saved /home/wlia0047/ar57/wenyu/GeneRec/results/stage3_T5Train/curvature_RQ-VAE_iter17/ckpt/Amazon_2023_Instruments/Sep-26-2026_02-33-02/HG_Rec_best.pth
2026-09-26 02:33:38,926 - INFO - Epoch 3/150 train_loss=3.99303053855896
2026-09-26 02:33:38,960 - INFO - Best train loss=3.99303053855896; saved /home/wlia0047/ar57/wenyu/GeneRec/results/stage3_T5Train/curvature_RQ-VAE_iter17/ckpt/Amazon_2023_Instruments/Sep-26-2026_02-33-02/HG_Rec_best.pth
2026-09-26 02:33:50,561 - INFO - Epoch 4/150 train_loss=3.8135251331329347
2026-09-26 02:33:50,600 - INFO - Best train loss=3.8135251331329347; saved /home/wlia0047/ar57/wenyu/GeneRec/results/stage3_T5Train/curvature_RQ-VAE_iter17/ckpt/Amazon_2023_Instruments/Sep-26-2026_02-33-02/HG_Rec_best.pth
2026-09-26 02:34:02,196 - INFO - Epoch 5/150 train_loss=3.65888747215271
2026-09-26 02:34:02,230 - INFO - Best train loss=3.65888747215271; saved /home/wlia0047/ar57/wenyu/GeneRec/results/stage3_T5Train/curvature_RQ-VAE_iter17/ckpt/Amazon_2023_Instruments/Sep-26-2026_02-33-02/HG_Rec_best.pth
2026-09-26 02:34:13,834 - INFO - Epoch 6/150 train_loss=3.4933007335662842
2026-09-26 02:34:13,871 - INFO - Best train loss=3.4933007335662842; saved /home/wlia0047/ar57/wenyu/GeneRec/results/stage3_T5Train/curvature_RQ-VAE_iter17/ckpt/Amazon_2023_Instruments/Sep-26-2026_02-33-02/HG_Rec_best.pth
2026-09-26 02:34:25,473 - INFO - Epoch 7/150 train_loss=3.339647159576416
2026-09-26 02:34:25,509 - INFO - Best train loss=3.339647159576416; saved /home/wlia0047/ar57/wenyu/GeneRec/results/stage3_T5Train/curvature_RQ-VAE_iter17/ckpt/Amazon_2023_Instruments/Sep-26-2026_02-33-02/HG_Rec_best.pth
2026-09-26 02:34:37,107 - INFO - Epoch 8/150 train_loss=3.2173083877563475
2026-09-26 02:34:37,143 - INFO - Best train loss=3.2173083877563475; saved /home/wlia0047/ar57/wenyu/GeneRec/results/stage3_T5Train/curvature_RQ-VAE_iter17/ckpt/Amazon_2023_Instruments/Sep-26-2026_02-33-02/HG_Rec_best.pth
2026-09-26 02:34:48,752 - INFO - Epoch 9/150 train_loss=3.338365230560303
2026-09-26 02:34:48,755 - INFO - No train loss improvement; patience=1
2026-09-26 02:35:00,359 - INFO - Epoch 10/150 train_loss=3.1509651947021484
2026-09-26 02:35:00,406 - INFO - Best train loss=3.1509651947021484; saved /home/wlia0047/ar57/wenyu/GeneRec/results/stage3_T5Train/curvature_RQ-VAE_iter17/ckpt/Amazon_2023_Instruments/Sep-26-2026_02-33-02/HG_Rec_best.pth
2026-09-26 02:35:12,015 - INFO - Epoch 11/150 train_loss=3.064262113571167
2026-09-26 02:35:12,053 - INFO - Best train loss=3.064262113571167; saved /home/wlia0047/ar57/wenyu/GeneRec/results/stage3_T5Train/curvature_RQ-VAE_iter17/ckpt/Amazon_2023_Instruments/Sep-26-2026_02-33-02/HG_Rec_best.pth
2026-09-26 02:35:23,653 - INFO - Epoch 12/150 train_loss=2.9868117141723634
2026-09-26 02:35:23,689 - INFO - Best train loss=2.9868117141723634; saved /home/wlia0047/ar57/wenyu/GeneRec/results/stage3_T5Train/curvature_RQ-VAE_iter17/ckpt/Amazon_2023_Instruments/Sep-26-2026_02-33-02/HG_Rec_best.pth
2026-09-26 02:35:35,294 - INFO - Epoch 13/150 train_loss=2.925082883834839
2026-09-26 02:35:35,331 - INFO - Best train loss=2.925082883834839; saved /home/wlia0047/ar57/wenyu/GeneRec/results/stage3_T5Train/curvature_RQ-VAE_iter17/ckpt/Amazon_2023_Instruments/Sep-26-2026_02-33-02/HG_Rec_best.pth
2026-09-26 02:35:46,942 - INFO - Epoch 14/150 train_loss=2.867575330734253
2026-09-26 02:35:46,984 - INFO - Best train loss=2.867575330734253; saved /home/wlia0047/ar57/wenyu/GeneRec/results/stage3_T5Train/curvature_RQ-VAE_iter17/ckpt/Amazon_2023_Instruments/Sep-26-2026_02-33-02/HG_Rec_best.pth
2026-09-26 02:35:58,594 - INFO - Epoch 15/150 train_loss=2.8239957332611083
2026-09-26 02:35:58,632 - INFO - Best train loss=2.8239957332611083; saved /home/wlia0047/ar57/wenyu/GeneRec/results/stage3_T5Train/curvature_RQ-VAE_iter17/ckpt/Amazon_2023_Instruments/Sep-26-2026_02-33-02/HG_Rec_best.pth
2026-09-26 02:36:10,233 - INFO - Epoch 16/150 train_loss=2.786791343688965
2026-09-26 02:36:10,270 - INFO - Best train loss=2.786791343688965; saved /home/wlia0047/ar57/wenyu/GeneRec/results/stage3_T5Train/curvature_RQ-VAE_iter17/ckpt/Amazon_2023_Instruments/Sep-26-2026_02-33-02/HG_Rec_best.pth
2026-09-26 02:36:21,869 - INFO - Epoch 17/150 train_loss=2.719306917190552
2026-09-26 02:36:21,912 - INFO - Best train loss=2.719306917190552; saved /home/wlia0047/ar57/wenyu/GeneRec/results/stage3_T5Train/curvature_RQ-VAE_iter17/ckpt/Amazon_2023_Instruments/Sep-26-2026_02-33-02/HG_Rec_best.pth
2026-09-26 02:36:34,034 - INFO - Epoch 18/150 train_loss=2.67671236038208
2026-09-26 02:36:34,070 - INFO - Best train loss=2.67671236038208; saved /home/wlia0047/ar57/wenyu/GeneRec/results/stage3_T5Train/curvature_RQ-VAE_iter17/ckpt/Amazon_2023_Instruments/Sep-26-2026_02-33-02/HG_Rec_best.pth
2026-09-26 02:36:45,672 - INFO - Epoch 19/150 train_loss=2.632431077957153
2026-09-26 02:36:45,710 - INFO - Best train loss=2.632431077957153; saved /home/wlia0047/ar57/wenyu/GeneRec/results/stage3_T5Train/curvature_RQ-VAE_iter17/ckpt/Amazon_2023_Instruments/Sep-26-2026_02-33-02/HG_Rec_best.pth
2026-09-26 02:36:57,308 - INFO - Epoch 20/150 train_loss=2.591893424987793
2026-09-26 02:36:57,348 - INFO - Best train loss=2.591893424987793; saved /home/wlia0047/ar57/wenyu/GeneRec/results/stage3_T5Train/curvature_RQ-VAE_iter17/ckpt/Amazon_2023_Instruments/Sep-26-2026_02-33-02/HG_Rec_best.pth
2026-09-26 02:37:08,945 - INFO - Epoch 21/150 train_loss=2.5558661651611327
2026-09-26 02:37:08,981 - INFO - Best train loss=2.5558661651611327; saved /home/wlia0047/ar57/wenyu/GeneRec/results/stage3_T5Train/curvature_RQ-VAE_iter17/ckpt/Amazon_2023_Instruments/Sep-26-2026_02-33-02/HG_Rec_best.pth
2026-09-26 02:37:20,581 - INFO - Epoch 22/150 train_loss=2.52405122756958
2026-09-26 02:37:20,615 - INFO - Best train loss=2.52405122756958; saved /home/wlia0047/ar57/wenyu/GeneRec/results/stage3_T5Train/curvature_RQ-VAE_iter17/ckpt/Amazon_2023_Instruments/Sep-26-2026_02-33-02/HG_Rec_best.pth
2026-09-26 02:37:32,217 - INFO - Epoch 23/150 train_loss=2.492141075134277
2026-09-26 02:37:32,254 - INFO - Best train loss=2.492141075134277; saved /home/wlia0047/ar57/wenyu/GeneRec/results/stage3_T5Train/curvature_RQ-VAE_iter17/ckpt/Amazon_2023_Instruments/Sep-26-2026_02-33-02/HG_Rec_best.pth
2026-09-26 02:37:43,847 - INFO - Epoch 24/150 train_loss=2.465675268173218
2026-09-26 02:37:43,882 - INFO - Best train loss=2.465675268173218; saved /home/wlia0047/ar57/wenyu/GeneRec/results/stage3_T5Train/curvature_RQ-VAE_iter17/ckpt/Amazon_2023_Instruments/Sep-26-2026_02-33-02/HG_Rec_best.pth
2026-09-26 02:37:55,483 - INFO - Epoch 25/150 train_loss=2.439484338760376
2026-09-26 02:37:55,519 - INFO - Best train loss=2.439484338760376; saved /home/wlia0047/ar57/wenyu/GeneRec/results/stage3_T5Train/curvature_RQ-VAE_iter17/ckpt/Amazon_2023_Instruments/Sep-26-2026_02-33-02/HG_Rec_best.pth
2026-09-26 02:38:07,119 - INFO - Epoch 26/150 train_loss=2.4082854747772218
2026-09-26 02:38:07,154 - INFO - Best train loss=2.4082854747772218; saved /home/wlia0047/ar57/wenyu/GeneRec/results/stage3_T5Train/curvature_RQ-VAE_iter17/ckpt/Amazon_2023_Instruments/Sep-26-2026_02-33-02/HG_Rec_best.pth
2026-09-26 02:38:18,754 - INFO - Epoch 27/150 train_loss=2.3863823413848877
2026-09-26 02:38:18,793 - INFO - Best train loss=2.3863823413848877; saved /home/wlia0047/ar57/wenyu/GeneRec/results/stage3_T5Train/curvature_RQ-VAE_iter17/ckpt/Amazon_2023_Instruments/Sep-26-2026_02-33-02/HG_Rec_best.pth
2026-09-26 02:38:30,387 - INFO - Epoch 28/150 train_loss=2.3635283279418946
2026-09-26 02:38:30,425 - INFO - Best train loss=2.3635283279418946; saved /home/wlia0047/ar57/wenyu/GeneRec/results/stage3_T5Train/curvature_RQ-VAE_iter17/ckpt/Amazon_2023_Instruments/Sep-26-2026_02-33-02/HG_Rec_best.pth
2026-09-26 02:38:42,019 - INFO - Epoch 29/150 train_loss=2.3407892990112305
2026-09-26 02:38:42,058 - INFO - Best train loss=2.3407892990112305; saved /home/wlia0047/ar57/wenyu/GeneRec/results/stage3_T5Train/curvature_RQ-VAE_iter17/ckpt/Amazon_2023_Instruments/Sep-26-2026_02-33-02/HG_Rec_best.pth
2026-09-26 02:38:53,654 - INFO - Epoch 30/150 train_loss=2.3200314044952393
2026-09-26 02:38:53,691 - INFO - Best train loss=2.3200314044952393; saved /home/wlia0047/ar57/wenyu/GeneRec/results/stage3_T5Train/curvature_RQ-VAE_iter17/ckpt/Amazon_2023_Instruments/Sep-26-2026_02-33-02/HG_Rec_best.pth
2026-09-26 02:39:05,292 - INFO - Epoch 31/150 train_loss=2.3093787956237795
2026-09-26 02:39:05,331 - INFO - Best train loss=2.3093787956237795; saved /home/wlia0047/ar57/wenyu/GeneRec/results/stage3_T5Train/curvature_RQ-VAE_iter17/ckpt/Amazon_2023_Instruments/Sep-26-2026_02-33-02/HG_Rec_best.pth
2026-09-26 02:39:16,933 - INFO - Epoch 32/150 train_loss=2.294143705368042
2026-09-26 02:39:16,970 - INFO - Best train loss=2.294143705368042; saved /home/wlia0047/ar57/wenyu/GeneRec/results/stage3_T5Train/curvature_RQ-VAE_iter17/ckpt/Amazon_2023_Instruments/Sep-26-2026_02-33-02/HG_Rec_best.pth
2026-09-26 02:39:28,566 - INFO - Epoch 33/150 train_loss=2.2727334690093994
2026-09-26 02:39:28,601 - INFO - Best train loss=2.2727334690093994; saved /home/wlia0047/ar57/wenyu/GeneRec/results/stage3_T5Train/curvature_RQ-VAE_iter17/ckpt/Amazon_2023_Instruments/Sep-26-2026_02-33-02/HG_Rec_best.pth
2026-09-26 02:39:40,201 - INFO - Epoch 34/150 train_loss=2.261881322860718
2026-09-26 02:39:40,237 - INFO - Best train loss=2.261881322860718; saved /home/wlia0047/ar57/wenyu/GeneRec/results/stage3_T5Train/curvature_RQ-VAE_iter17/ckpt/Amazon_2023_Instruments/Sep-26-2026_02-33-02/HG_Rec_best.pth
2026-09-26 02:39:51,966 - INFO - Epoch 35/150 train_loss=2.251959648132324
2026-09-26 02:39:52,042 - INFO - Best train loss=2.251959648132324; saved /home/wlia0047/ar57/wenyu/GeneRec/results/stage3_T5Train/curvature_RQ-VAE_iter17/ckpt/Amazon_2023_Instruments/Sep-26-2026_02-33-02/HG_Rec_best.pth
2026-09-26 02:40:03,643 - INFO - Epoch 36/150 train_loss=2.2379101848602296
2026-09-26 02:40:03,680 - INFO - Best train loss=2.2379101848602296; saved /home/wlia0047/ar57/wenyu/GeneRec/results/stage3_T5Train/curvature_RQ-VAE_iter17/ckpt/Amazon_2023_Instruments/Sep-26-2026_02-33-02/HG_Rec_best.pth
2026-09-26 02:40:15,282 - INFO - Epoch 37/150 train_loss=2.2240245056152346
2026-09-26 02:40:15,319 - INFO - Best train loss=2.2240245056152346; saved /home/wlia0047/ar57/wenyu/GeneRec/results/stage3_T5Train/curvature_RQ-VAE_iter17/ckpt/Amazon_2023_Instruments/Sep-26-2026_02-33-02/HG_Rec_best.pth
2026-09-26 02:40:26,932 - INFO - Epoch 38/150 train_loss=2.2144015789031983
2026-09-26 02:40:26,972 - INFO - Best train loss=2.2144015789031983; saved /home/wlia0047/ar57/wenyu/GeneRec/results/stage3_T5Train/curvature_RQ-VAE_iter17/ckpt/Amazon_2023_Instruments/Sep-26-2026_02-33-02/HG_Rec_best.pth
2026-09-26 02:40:38,634 - INFO - Epoch 39/150 train_loss=2.2023850727081298
2026-09-26 02:40:38,670 - INFO - Best train loss=2.2023850727081298; saved /home/wlia0047/ar57/wenyu/GeneRec/results/stage3_T5Train/curvature_RQ-VAE_iter17/ckpt/Amazon_2023_Instruments/Sep-26-2026_02-33-02/HG_Rec_best.pth
2026-09-26 02:40:50,284 - INFO - Epoch 40/150 train_loss=2.188809423446655
2026-09-26 02:40:50,323 - INFO - Best train loss=2.188809423446655; saved /home/wlia0047/ar57/wenyu/GeneRec/results/stage3_T5Train/curvature_RQ-VAE_iter17/ckpt/Amazon_2023_Instruments/Sep-26-2026_02-33-02/HG_Rec_best.pth
2026-09-26 02:41:01,931 - INFO - Epoch 41/150 train_loss=2.173288745880127
2026-09-26 02:41:01,966 - INFO - Best train loss=2.173288745880127; saved /home/wlia0047/ar57/wenyu/GeneRec/results/stage3_T5Train/curvature_RQ-VAE_iter17/ckpt/Amazon_2023_Instruments/Sep-26-2026_02-33-02/HG_Rec_best.pth
2026-09-26 02:41:13,569 - INFO - Epoch 42/150 train_loss=2.1592022228240966
2026-09-26 02:41:13,605 - INFO - Best train loss=2.1592022228240966; saved /home/wlia0047/ar57/wenyu/GeneRec/results/stage3_T5Train/curvature_RQ-VAE_iter17/ckpt/Amazon_2023_Instruments/Sep-26-2026_02-33-02/HG_Rec_best.pth
2026-09-26 02:41:25,246 - INFO - Epoch 43/150 train_loss=2.1448339939117433
2026-09-26 02:41:25,300 - INFO - Best train loss=2.1448339939117433; saved /home/wlia0047/ar57/wenyu/GeneRec/results/stage3_T5Train/curvature_RQ-VAE_iter17/ckpt/Amazon_2023_Instruments/Sep-26-2026_02-33-02/HG_Rec_best.pth
2026-09-26 02:41:36,900 - INFO - Epoch 44/150 train_loss=2.1350462818145752
2026-09-26 02:41:36,936 - INFO - Best train loss=2.1350462818145752; saved /home/wlia0047/ar57/wenyu/GeneRec/results/stage3_T5Train/curvature_RQ-VAE_iter17/ckpt/Amazon_2023_Instruments/Sep-26-2026_02-33-02/HG_Rec_best.pth
2026-09-26 02:41:48,535 - INFO - Epoch 45/150 train_loss=2.1279152965545656
2026-09-26 02:41:48,577 - INFO - Best train loss=2.1279152965545656; saved /home/wlia0047/ar57/wenyu/GeneRec/results/stage3_T5Train/curvature_RQ-VAE_iter17/ckpt/Amazon_2023_Instruments/Sep-26-2026_02-33-02/HG_Rec_best.pth
2026-09-26 02:42:00,184 - INFO - Epoch 46/150 train_loss=2.116959400177002
2026-09-26 02:42:00,224 - INFO - Best train loss=2.116959400177002; saved /home/wlia0047/ar57/wenyu/GeneRec/results/stage3_T5Train/curvature_RQ-VAE_iter17/ckpt/Amazon_2023_Instruments/Sep-26-2026_02-33-02/HG_Rec_best.pth
2026-09-26 02:42:11,834 - INFO - Epoch 47/150 train_loss=2.1121234703063965
2026-09-26 02:42:11,874 - INFO - Best train loss=2.1121234703063965; saved /home/wlia0047/ar57/wenyu/GeneRec/results/stage3_T5Train/curvature_RQ-VAE_iter17/ckpt/Amazon_2023_Instruments/Sep-26-2026_02-33-02/HG_Rec_best.pth
2026-09-26 02:42:23,476 - INFO - Epoch 48/150 train_loss=2.103307523727417
2026-09-26 02:42:23,512 - INFO - Best train loss=2.103307523727417; saved /home/wlia0047/ar57/wenyu/GeneRec/results/stage3_T5Train/curvature_RQ-VAE_iter17/ckpt/Amazon_2023_Instruments/Sep-26-2026_02-33-02/HG_Rec_best.pth
2026-09-26 02:42:35,120 - INFO - Epoch 49/150 train_loss=2.0923252296447754
2026-09-26 02:42:35,158 - INFO - Best train loss=2.0923252296447754; saved /home/wlia0047/ar57/wenyu/GeneRec/results/stage3_T5Train/curvature_RQ-VAE_iter17/ckpt/Amazon_2023_Instruments/Sep-26-2026_02-33-02/HG_Rec_best.pth
2026-09-26 02:42:46,758 - INFO - Epoch 50/150 train_loss=2.0913648986816407
2026-09-26 02:42:46,793 - INFO - Best train loss=2.0913648986816407; saved /home/wlia0047/ar57/wenyu/GeneRec/results/stage3_T5Train/curvature_RQ-VAE_iter17/ckpt/Amazon_2023_Instruments/Sep-26-2026_02-33-02/HG_Rec_best.pth
2026-09-26 02:42:59,018 - INFO - Epoch 51/150 train_loss=2.084428281784058
2026-09-26 02:42:59,096 - INFO - Best train loss=2.084428281784058; saved /home/wlia0047/ar57/wenyu/GeneRec/results/stage3_T5Train/curvature_RQ-VAE_iter17/ckpt/Amazon_2023_Instruments/Sep-26-2026_02-33-02/HG_Rec_best.pth
2026-09-26 02:43:10,933 - INFO - Epoch 52/150 train_loss=2.0795562076568603
2026-09-26 02:43:10,969 - INFO - Best train loss=2.0795562076568603; saved /home/wlia0047/ar57/wenyu/GeneRec/results/stage3_T5Train/curvature_RQ-VAE_iter17/ckpt/Amazon_2023_Instruments/Sep-26-2026_02-33-02/HG_Rec_best.pth
2026-09-26 02:43:22,576 - INFO - Epoch 53/150 train_loss=2.0738451290130615
2026-09-26 02:43:22,612 - INFO - Best train loss=2.0738451290130615; saved /home/wlia0047/ar57/wenyu/GeneRec/results/stage3_T5Train/curvature_RQ-VAE_iter17/ckpt/Amazon_2023_Instruments/Sep-26-2026_02-33-02/HG_Rec_best.pth
2026-09-26 02:43:34,217 - INFO - Epoch 54/150 train_loss=2.0660031414031983
2026-09-26 02:43:34,253 - INFO - Best train loss=2.0660031414031983; saved /home/wlia0047/ar57/wenyu/GeneRec/results/stage3_T5Train/curvature_RQ-VAE_iter17/ckpt/Amazon_2023_Instruments/Sep-26-2026_02-33-02/HG_Rec_best.pth
2026-09-26 02:43:47,676 - INFO - Epoch 55/150 train_loss=2.0623734855651854
2026-09-26 02:43:47,799 - INFO - Best train loss=2.0623734855651854; saved /home/wlia0047/ar57/wenyu/GeneRec/results/stage3_T5Train/curvature_RQ-VAE_iter17/ckpt/Amazon_2023_Instruments/Sep-26-2026_02-33-02/HG_Rec_best.pth
2026-09-26 02:43:59,397 - INFO - Epoch 56/150 train_loss=2.058474235534668
2026-09-26 02:43:59,436 - INFO - Best train loss=2.058474235534668; saved /home/wlia0047/ar57/wenyu/GeneRec/results/stage3_T5Train/curvature_RQ-VAE_iter17/ckpt/Amazon_2023_Instruments/Sep-26-2026_02-33-02/HG_Rec_best.pth
2026-09-26 02:44:11,033 - INFO - Epoch 57/150 train_loss=2.048024263381958
2026-09-26 02:44:11,069 - INFO - Best train loss=2.048024263381958; saved /home/wlia0047/ar57/wenyu/GeneRec/results/stage3_T5Train/curvature_RQ-VAE_iter17/ckpt/Amazon_2023_Instruments/Sep-26-2026_02-33-02/HG_Rec_best.pth
2026-09-26 02:44:22,667 - INFO - Epoch 58/150 train_loss=2.043568983078003
2026-09-26 02:44:22,705 - INFO - Best train loss=2.043568983078003; saved /home/wlia0047/ar57/wenyu/GeneRec/results/stage3_T5Train/curvature_RQ-VAE_iter17/ckpt/Amazon_2023_Instruments/Sep-26-2026_02-33-02/HG_Rec_best.pth
2026-09-26 02:44:34,303 - INFO - Epoch 59/150 train_loss=2.037638702392578
2026-09-26 02:44:34,345 - INFO - Best train loss=2.037638702392578; saved /home/wlia0047/ar57/wenyu/GeneRec/results/stage3_T5Train/curvature_RQ-VAE_iter17/ckpt/Amazon_2023_Instruments/Sep-26-2026_02-33-02/HG_Rec_best.pth
2026-09-26 02:44:45,953 - INFO - Epoch 60/150 train_loss=2.0338213300704955
2026-09-26 02:44:45,989 - INFO - Best train loss=2.0338213300704955; saved /home/wlia0047/ar57/wenyu/GeneRec/results/stage3_T5Train/curvature_RQ-VAE_iter17/ckpt/Amazon_2023_Instruments/Sep-26-2026_02-33-02/HG_Rec_best.pth
2026-09-26 02:44:57,800 - INFO - Epoch 61/150 train_loss=2.0308184909820555
2026-09-26 02:44:57,872 - INFO - Best train loss=2.0308184909820555; saved /home/wlia0047/ar57/wenyu/GeneRec/results/stage3_T5Train/curvature_RQ-VAE_iter17/ckpt/Amazon_2023_Instruments/Sep-26-2026_02-33-02/HG_Rec_best.pth
2026-09-26 02:45:09,477 - INFO - Epoch 62/150 train_loss=2.024313726425171
2026-09-26 02:45:09,514 - INFO - Best train loss=2.024313726425171; saved /home/wlia0047/ar57/wenyu/GeneRec/results/stage3_T5Train/curvature_RQ-VAE_iter17/ckpt/Amazon_2023_Instruments/Sep-26-2026_02-33-02/HG_Rec_best.pth
2026-09-26 02:45:21,115 - INFO - Epoch 63/150 train_loss=2.0227759742736815
2026-09-26 02:45:21,153 - INFO - Best train loss=2.0227759742736815; saved /home/wlia0047/ar57/wenyu/GeneRec/results/stage3_T5Train/curvature_RQ-VAE_iter17/ckpt/Amazon_2023_Instruments/Sep-26-2026_02-33-02/HG_Rec_best.pth
2026-09-26 02:45:32,756 - INFO - Epoch 64/150 train_loss=2.0195469188690187
2026-09-26 02:45:32,791 - INFO - Best train loss=2.0195469188690187; saved /home/wlia0047/ar57/wenyu/GeneRec/results/stage3_T5Train/curvature_RQ-VAE_iter17/ckpt/Amazon_2023_Instruments/Sep-26-2026_02-33-02/HG_Rec_best.pth
2026-09-26 02:45:44,394 - INFO - Epoch 65/150 train_loss=2.015476942062378
2026-09-26 02:45:44,428 - INFO - Best train loss=2.015476942062378; saved /home/wlia0047/ar57/wenyu/GeneRec/results/stage3_T5Train/curvature_RQ-VAE_iter17/ckpt/Amazon_2023_Instruments/Sep-26-2026_02-33-02/HG_Rec_best.pth
2026-09-26 02:45:56,036 - INFO - Epoch 66/150 train_loss=2.0109143972396852
2026-09-26 02:45:56,070 - INFO - Best train loss=2.0109143972396852; saved /home/wlia0047/ar57/wenyu/GeneRec/results/stage3_T5Train/curvature_RQ-VAE_iter17/ckpt/Amazon_2023_Instruments/Sep-26-2026_02-33-02/HG_Rec_best.pth
2026-09-26 02:46:07,679 - INFO - Epoch 67/150 train_loss=2.0072357082366943
2026-09-26 02:46:07,718 - INFO - Best train loss=2.0072357082366943; saved /home/wlia0047/ar57/wenyu/GeneRec/results/stage3_T5Train/curvature_RQ-VAE_iter17/ckpt/Amazon_2023_Instruments/Sep-26-2026_02-33-02/HG_Rec_best.pth
2026-09-26 02:46:19,325 - INFO - Epoch 68/150 train_loss=2.0034108400344848
2026-09-26 02:46:19,361 - INFO - Best train loss=2.0034108400344848; saved /home/wlia0047/ar57/wenyu/GeneRec/results/stage3_T5Train/curvature_RQ-VAE_iter17/ckpt/Amazon_2023_Instruments/Sep-26-2026_02-33-02/HG_Rec_best.pth
2026-09-26 02:46:30,964 - INFO - Epoch 69/150 train_loss=2.005892243385315
2026-09-26 02:46:30,967 - INFO - No train loss improvement; patience=1
2026-09-26 02:46:42,573 - INFO - Epoch 70/150 train_loss=1.9983399486541749
2026-09-26 02:46:42,612 - INFO - Best train loss=1.9983399486541749; saved /home/wlia0047/ar57/wenyu/GeneRec/results/stage3_T5Train/curvature_RQ-VAE_iter17/ckpt/Amazon_2023_Instruments/Sep-26-2026_02-33-02/HG_Rec_best.pth
2026-09-26 02:46:54,214 - INFO - Epoch 71/150 train_loss=1.9960102081298827
2026-09-26 02:46:54,249 - INFO - Best train loss=1.9960102081298827; saved /home/wlia0047/ar57/wenyu/GeneRec/results/stage3_T5Train/curvature_RQ-VAE_iter17/ckpt/Amazon_2023_Instruments/Sep-26-2026_02-33-02/HG_Rec_best.pth
2026-09-26 02:47:05,855 - INFO - Epoch 72/150 train_loss=1.9932412910461426
2026-09-26 02:47:05,891 - INFO - Best train loss=1.9932412910461426; saved /home/wlia0047/ar57/wenyu/GeneRec/results/stage3_T5Train/curvature_RQ-VAE_iter17/ckpt/Amazon_2023_Instruments/Sep-26-2026_02-33-02/HG_Rec_best.pth
2026-09-26 02:47:17,484 - INFO - Epoch 73/150 train_loss=1.9840187788009644
2026-09-26 02:47:17,522 - INFO - Best train loss=1.9840187788009644; saved /home/wlia0047/ar57/wenyu/GeneRec/results/stage3_T5Train/curvature_RQ-VAE_iter17/ckpt/Amazon_2023_Instruments/Sep-26-2026_02-33-02/HG_Rec_best.pth
2026-09-26 02:47:29,120 - INFO - Epoch 74/150 train_loss=1.9882568645477294
2026-09-26 02:47:29,124 - INFO - No train loss improvement; patience=1
2026-09-26 02:47:40,721 - INFO - Epoch 75/150 train_loss=1.9831305360794067
2026-09-26 02:47:40,766 - INFO - Best train loss=1.9831305360794067; saved /home/wlia0047/ar57/wenyu/GeneRec/results/stage3_T5Train/curvature_RQ-VAE_iter17/ckpt/Amazon_2023_Instruments/Sep-26-2026_02-33-02/HG_Rec_best.pth
2026-09-26 02:47:52,365 - INFO - Epoch 76/150 train_loss=1.9815116977691651
2026-09-26 02:47:52,401 - INFO - Best train loss=1.9815116977691651; saved /home/wlia0047/ar57/wenyu/GeneRec/results/stage3_T5Train/curvature_RQ-VAE_iter17/ckpt/Amazon_2023_Instruments/Sep-26-2026_02-33-02/HG_Rec_best.pth
2026-09-26 02:48:04,004 - INFO - Epoch 77/150 train_loss=1.9752340126037597
2026-09-26 02:48:04,042 - INFO - Best train loss=1.9752340126037597; saved /home/wlia0047/ar57/wenyu/GeneRec/results/stage3_T5Train/curvature_RQ-VAE_iter17/ckpt/Amazon_2023_Instruments/Sep-26-2026_02-33-02/HG_Rec_best.pth
2026-09-26 02:48:15,645 - INFO - Epoch 78/150 train_loss=1.9757014751434325
2026-09-26 02:48:15,648 - INFO - No train loss improvement; patience=1
2026-09-26 02:48:27,247 - INFO - Epoch 79/150 train_loss=1.973392653465271
2026-09-26 02:48:27,300 - INFO - Best train loss=1.973392653465271; saved /home/wlia0047/ar57/wenyu/GeneRec/results/stage3_T5Train/curvature_RQ-VAE_iter17/ckpt/Amazon_2023_Instruments/Sep-26-2026_02-33-02/HG_Rec_best.pth
2026-09-26 02:48:38,902 - INFO - Epoch 80/150 train_loss=1.969690809249878
2026-09-26 02:48:39,565 - INFO - Best train loss=1.969690809249878; saved /home/wlia0047/ar57/wenyu/GeneRec/results/stage3_T5Train/curvature_RQ-VAE_iter17/ckpt/Amazon_2023_Instruments/Sep-26-2026_02-33-02/HG_Rec_best.pth
2026-09-26 02:48:51,167 - INFO - Epoch 81/150 train_loss=1.9682033109664916
2026-09-26 02:48:51,205 - INFO - Best train loss=1.9682033109664916; saved /home/wlia0047/ar57/wenyu/GeneRec/results/stage3_T5Train/curvature_RQ-VAE_iter17/ckpt/Amazon_2023_Instruments/Sep-26-2026_02-33-02/HG_Rec_best.pth
2026-09-26 02:49:02,809 - INFO - Epoch 82/150 train_loss=1.9603044843673707
2026-09-26 02:49:02,845 - INFO - Best train loss=1.9603044843673707; saved /home/wlia0047/ar57/wenyu/GeneRec/results/stage3_T5Train/curvature_RQ-VAE_iter17/ckpt/Amazon_2023_Instruments/Sep-26-2026_02-33-02/HG_Rec_best.pth
2026-09-26 02:49:14,452 - INFO - Epoch 83/150 train_loss=1.962248306274414
2026-09-26 02:49:14,457 - INFO - No train loss improvement; patience=1
2026-09-26 02:49:26,055 - INFO - Epoch 84/150 train_loss=1.95658429145813
2026-09-26 02:49:26,106 - INFO - Best train loss=1.95658429145813; saved /home/wlia0047/ar57/wenyu/GeneRec/results/stage3_T5Train/curvature_RQ-VAE_iter17/ckpt/Amazon_2023_Instruments/Sep-26-2026_02-33-02/HG_Rec_best.pth
2026-09-26 02:49:37,715 - INFO - Epoch 85/150 train_loss=1.9547312259674072
2026-09-26 02:49:37,752 - INFO - Best train loss=1.9547312259674072; saved /home/wlia0047/ar57/wenyu/GeneRec/results/stage3_T5Train/curvature_RQ-VAE_iter17/ckpt/Amazon_2023_Instruments/Sep-26-2026_02-33-02/HG_Rec_best.pth
2026-09-26 02:49:49,351 - INFO - Epoch 86/150 train_loss=1.9550470685958863
2026-09-26 02:49:49,391 - INFO - No train loss improvement; patience=1
2026-09-26 02:50:00,995 - INFO - Epoch 87/150 train_loss=1.953027949333191
2026-09-26 02:50:01,039 - INFO - Best train loss=1.953027949333191; saved /home/wlia0047/ar57/wenyu/GeneRec/results/stage3_T5Train/curvature_RQ-VAE_iter17/ckpt/Amazon_2023_Instruments/Sep-26-2026_02-33-02/HG_Rec_best.pth
2026-09-26 02:50:12,645 - INFO - Epoch 88/150 train_loss=1.9497008895874024
2026-09-26 02:50:12,683 - INFO - Best train loss=1.9497008895874024; saved /home/wlia0047/ar57/wenyu/GeneRec/results/stage3_T5Train/curvature_RQ-VAE_iter17/ckpt/Amazon_2023_Instruments/Sep-26-2026_02-33-02/HG_Rec_best.pth
2026-09-26 02:50:24,297 - INFO - Epoch 89/150 train_loss=1.9482842016220092
2026-09-26 02:50:24,336 - INFO - Best train loss=1.9482842016220092; saved /home/wlia0047/ar57/wenyu/GeneRec/results/stage3_T5Train/curvature_RQ-VAE_iter17/ckpt/Amazon_2023_Instruments/Sep-26-2026_02-33-02/HG_Rec_best.pth
2026-09-26 02:50:35,943 - INFO - Epoch 90/150 train_loss=1.9435086345672608
2026-09-26 02:50:35,985 - INFO - Best train loss=1.9435086345672608; saved /home/wlia0047/ar57/wenyu/GeneRec/results/stage3_T5Train/curvature_RQ-VAE_iter17/ckpt/Amazon_2023_Instruments/Sep-26-2026_02-33-02/HG_Rec_best.pth
2026-09-26 02:50:47,606 - INFO - Epoch 91/150 train_loss=1.9423686027526856
2026-09-26 02:50:47,640 - INFO - Best train loss=1.9423686027526856; saved /home/wlia0047/ar57/wenyu/GeneRec/results/stage3_T5Train/curvature_RQ-VAE_iter17/ckpt/Amazon_2023_Instruments/Sep-26-2026_02-33-02/HG_Rec_best.pth
2026-09-26 02:50:59,976 - INFO - Epoch 92/150 train_loss=1.9419555711746215
2026-09-26 02:51:00,011 - INFO - Best train loss=1.9419555711746215; saved /home/wlia0047/ar57/wenyu/GeneRec/results/stage3_T5Train/curvature_RQ-VAE_iter17/ckpt/Amazon_2023_Instruments/Sep-26-2026_02-33-02/HG_Rec_best.pth
2026-09-26 02:51:11,656 - INFO - Epoch 93/150 train_loss=1.9375535249710083
2026-09-26 02:51:11,691 - INFO - Best train loss=1.9375535249710083; saved /home/wlia0047/ar57/wenyu/GeneRec/results/stage3_T5Train/curvature_RQ-VAE_iter17/ckpt/Amazon_2023_Instruments/Sep-26-2026_02-33-02/HG_Rec_best.pth
2026-09-26 02:51:23,292 - INFO - Epoch 94/150 train_loss=1.9412424373626709
2026-09-26 02:51:23,295 - INFO - No train loss improvement; patience=1
2026-09-26 02:51:34,899 - INFO - Epoch 95/150 train_loss=1.933278579711914
2026-09-26 02:51:34,937 - INFO - Best train loss=1.933278579711914; saved /home/wlia0047/ar57/wenyu/GeneRec/results/stage3_T5Train/curvature_RQ-VAE_iter17/ckpt/Amazon_2023_Instruments/Sep-26-2026_02-33-02/HG_Rec_best.pth
2026-09-26 02:51:46,534 - INFO - Epoch 96/150 train_loss=1.9344339084625244
2026-09-26 02:51:46,539 - INFO - No train loss improvement; patience=1
2026-09-26 02:51:58,138 - INFO - Epoch 97/150 train_loss=1.9315502834320069
2026-09-26 02:51:58,180 - INFO - Best train loss=1.9315502834320069; saved /home/wlia0047/ar57/wenyu/GeneRec/results/stage3_T5Train/curvature_RQ-VAE_iter17/ckpt/Amazon_2023_Instruments/Sep-26-2026_02-33-02/HG_Rec_best.pth
2026-09-26 02:52:09,778 - INFO - Epoch 98/150 train_loss=1.928767728805542
2026-09-26 02:52:09,815 - INFO - Best train loss=1.928767728805542; saved /home/wlia0047/ar57/wenyu/GeneRec/results/stage3_T5Train/curvature_RQ-VAE_iter17/ckpt/Amazon_2023_Instruments/Sep-26-2026_02-33-02/HG_Rec_best.pth
2026-09-26 02:52:21,412 - INFO - Epoch 99/150 train_loss=1.926331214904785
2026-09-26 02:52:21,449 - INFO - Best train loss=1.926331214904785; saved /home/wlia0047/ar57/wenyu/GeneRec/results/stage3_T5Train/curvature_RQ-VAE_iter17/ckpt/Amazon_2023_Instruments/Sep-26-2026_02-33-02/HG_Rec_best.pth
2026-09-26 02:52:33,052 - INFO - Epoch 100/150 train_loss=1.924035816192627
2026-09-26 02:52:33,089 - INFO - Best train loss=1.924035816192627; saved /home/wlia0047/ar57/wenyu/GeneRec/results/stage3_T5Train/curvature_RQ-VAE_iter17/ckpt/Amazon_2023_Instruments/Sep-26-2026_02-33-02/HG_Rec_best.pth
2026-09-26 02:52:44,694 - INFO - Epoch 101/150 train_loss=1.923283576965332
2026-09-26 02:52:44,732 - INFO - Best train loss=1.923283576965332; saved /home/wlia0047/ar57/wenyu/GeneRec/results/stage3_T5Train/curvature_RQ-VAE_iter17/ckpt/Amazon_2023_Instruments/Sep-26-2026_02-33-02/HG_Rec_best.pth
2026-09-26 02:52:56,333 - INFO - Epoch 102/150 train_loss=1.921142258644104
2026-09-26 02:52:56,366 - INFO - Best train loss=1.921142258644104; saved /home/wlia0047/ar57/wenyu/GeneRec/results/stage3_T5Train/curvature_RQ-VAE_iter17/ckpt/Amazon_2023_Instruments/Sep-26-2026_02-33-02/HG_Rec_best.pth
2026-09-26 02:53:08,157 - INFO - Epoch 103/150 train_loss=1.9181810331344604
2026-09-26 02:53:08,192 - INFO - Best train loss=1.9181810331344604; saved /home/wlia0047/ar57/wenyu/GeneRec/results/stage3_T5Train/curvature_RQ-VAE_iter17/ckpt/Amazon_2023_Instruments/Sep-26-2026_02-33-02/HG_Rec_best.pth
2026-09-26 02:53:20,551 - INFO - Epoch 104/150 train_loss=1.9173136854171753
2026-09-26 02:53:20,586 - INFO - Best train loss=1.9173136854171753; saved /home/wlia0047/ar57/wenyu/GeneRec/results/stage3_T5Train/curvature_RQ-VAE_iter17/ckpt/Amazon_2023_Instruments/Sep-26-2026_02-33-02/HG_Rec_best.pth
2026-09-26 02:53:32,188 - INFO - Epoch 105/150 train_loss=1.9175130891799927
2026-09-26 02:53:32,191 - INFO - No train loss improvement; patience=1
2026-09-26 02:53:43,795 - INFO - Epoch 106/150 train_loss=1.9126922225952148
2026-09-26 02:53:43,832 - INFO - Best train loss=1.9126922225952148; saved /home/wlia0047/ar57/wenyu/GeneRec/results/stage3_T5Train/curvature_RQ-VAE_iter17/ckpt/Amazon_2023_Instruments/Sep-26-2026_02-33-02/HG_Rec_best.pth
2026-09-26 02:53:55,520 - INFO - Epoch 107/150 train_loss=1.9148650884628295
2026-09-26 02:53:55,525 - INFO - No train loss improvement; patience=1
2026-09-26 02:54:07,122 - INFO - Epoch 108/150 train_loss=1.9115465259552002
2026-09-26 02:54:07,167 - INFO - Best train loss=1.9115465259552002; saved /home/wlia0047/ar57/wenyu/GeneRec/results/stage3_T5Train/curvature_RQ-VAE_iter17/ckpt/Amazon_2023_Instruments/Sep-26-2026_02-33-02/HG_Rec_best.pth
2026-09-26 02:54:18,766 - INFO - Epoch 109/150 train_loss=1.9084879541397095
2026-09-26 02:54:18,802 - INFO - Best train loss=1.9084879541397095; saved /home/wlia0047/ar57/wenyu/GeneRec/results/stage3_T5Train/curvature_RQ-VAE_iter17/ckpt/Amazon_2023_Instruments/Sep-26-2026_02-33-02/HG_Rec_best.pth
2026-09-26 02:54:30,412 - INFO - Epoch 110/150 train_loss=1.907181339263916
2026-09-26 02:54:30,451 - INFO - Best train loss=1.907181339263916; saved /home/wlia0047/ar57/wenyu/GeneRec/results/stage3_T5Train/curvature_RQ-VAE_iter17/ckpt/Amazon_2023_Instruments/Sep-26-2026_02-33-02/HG_Rec_best.pth
2026-09-26 02:54:42,062 - INFO - Epoch 111/150 train_loss=1.9067874765396118
2026-09-26 02:54:42,103 - INFO - Best train loss=1.9067874765396118; saved /home/wlia0047/ar57/wenyu/GeneRec/results/stage3_T5Train/curvature_RQ-VAE_iter17/ckpt/Amazon_2023_Instruments/Sep-26-2026_02-33-02/HG_Rec_best.pth
2026-09-26 02:54:53,802 - INFO - Epoch 112/150 train_loss=1.9033791732788086
2026-09-26 02:54:53,853 - INFO - Best train loss=1.9033791732788086; saved /home/wlia0047/ar57/wenyu/GeneRec/results/stage3_T5Train/curvature_RQ-VAE_iter17/ckpt/Amazon_2023_Instruments/Sep-26-2026_02-33-02/HG_Rec_best.pth
2026-09-26 02:55:05,512 - INFO - Epoch 113/150 train_loss=1.904443531036377
2026-09-26 02:55:05,524 - INFO - No train loss improvement; patience=1
2026-09-26 02:55:17,127 - INFO - Epoch 114/150 train_loss=1.9020629262924194
2026-09-26 02:55:17,175 - INFO - Best train loss=1.9020629262924194; saved /home/wlia0047/ar57/wenyu/GeneRec/results/stage3_T5Train/curvature_RQ-VAE_iter17/ckpt/Amazon_2023_Instruments/Sep-26-2026_02-33-02/HG_Rec_best.pth
2026-09-26 02:55:28,776 - INFO - Epoch 115/150 train_loss=1.9035712146759034
2026-09-26 02:55:28,780 - INFO - No train loss improvement; patience=1
2026-09-26 02:55:40,384 - INFO - Epoch 116/150 train_loss=1.9028179264068603
2026-09-26 02:55:40,391 - INFO - No train loss improvement; patience=2
2026-09-26 02:55:53,728 - INFO - Epoch 117/150 train_loss=1.8982781076431274
2026-09-26 02:55:53,766 - INFO - Best train loss=1.8982781076431274; saved /home/wlia0047/ar57/wenyu/GeneRec/results/stage3_T5Train/curvature_RQ-VAE_iter17/ckpt/Amazon_2023_Instruments/Sep-26-2026_02-33-02/HG_Rec_best.pth
2026-09-26 02:56:05,377 - INFO - Epoch 118/150 train_loss=1.8960320234298706
2026-09-26 02:56:05,415 - INFO - Best train loss=1.8960320234298706; saved /home/wlia0047/ar57/wenyu/GeneRec/results/stage3_T5Train/curvature_RQ-VAE_iter17/ckpt/Amazon_2023_Instruments/Sep-26-2026_02-33-02/HG_Rec_best.pth
2026-09-26 02:56:17,019 - INFO - Epoch 119/150 train_loss=1.896011323928833
2026-09-26 02:56:17,056 - INFO - Best train loss=1.896011323928833; saved /home/wlia0047/ar57/wenyu/GeneRec/results/stage3_T5Train/curvature_RQ-VAE_iter17/ckpt/Amazon_2023_Instruments/Sep-26-2026_02-33-02/HG_Rec_best.pth
2026-09-26 02:56:28,663 - INFO - Epoch 120/150 train_loss=1.8913373136520386
2026-09-26 02:56:28,699 - INFO - Best train loss=1.8913373136520386; saved /home/wlia0047/ar57/wenyu/GeneRec/results/stage3_T5Train/curvature_RQ-VAE_iter17/ckpt/Amazon_2023_Instruments/Sep-26-2026_02-33-02/HG_Rec_best.pth
2026-09-26 02:56:40,304 - INFO - Epoch 121/150 train_loss=1.8909726762771606
2026-09-26 02:56:40,341 - INFO - Best train loss=1.8909726762771606; saved /home/wlia0047/ar57/wenyu/GeneRec/results/stage3_T5Train/curvature_RQ-VAE_iter17/ckpt/Amazon_2023_Instruments/Sep-26-2026_02-33-02/HG_Rec_best.pth
2026-09-26 02:56:51,947 - INFO - Epoch 122/150 train_loss=1.8908802890777587
2026-09-26 02:56:51,985 - INFO - Best train loss=1.8908802890777587; saved /home/wlia0047/ar57/wenyu/GeneRec/results/stage3_T5Train/curvature_RQ-VAE_iter17/ckpt/Amazon_2023_Instruments/Sep-26-2026_02-33-02/HG_Rec_best.pth
2026-09-26 02:57:03,585 - INFO - Epoch 123/150 train_loss=1.8890658807754517
2026-09-26 02:57:03,625 - INFO - Best train loss=1.8890658807754517; saved /home/wlia0047/ar57/wenyu/GeneRec/results/stage3_T5Train/curvature_RQ-VAE_iter17/ckpt/Amazon_2023_Instruments/Sep-26-2026_02-33-02/HG_Rec_best.pth
2026-09-26 02:57:15,228 - INFO - Epoch 124/150 train_loss=1.8888410806655884
2026-09-26 02:57:15,267 - INFO - Best train loss=1.8888410806655884; saved /home/wlia0047/ar57/wenyu/GeneRec/results/stage3_T5Train/curvature_RQ-VAE_iter17/ckpt/Amazon_2023_Instruments/Sep-26-2026_02-33-02/HG_Rec_best.pth
2026-09-26 02:57:26,871 - INFO - Epoch 125/150 train_loss=1.8868302059173585
2026-09-26 02:57:26,911 - INFO - Best train loss=1.8868302059173585; saved /home/wlia0047/ar57/wenyu/GeneRec/results/stage3_T5Train/curvature_RQ-VAE_iter17/ckpt/Amazon_2023_Instruments/Sep-26-2026_02-33-02/HG_Rec_best.pth
2026-09-26 02:57:38,506 - INFO - Epoch 126/150 train_loss=1.8864291000366211
2026-09-26 02:57:38,544 - INFO - Best train loss=1.8864291000366211; saved /home/wlia0047/ar57/wenyu/GeneRec/results/stage3_T5Train/curvature_RQ-VAE_iter17/ckpt/Amazon_2023_Instruments/Sep-26-2026_02-33-02/HG_Rec_best.pth
2026-09-26 02:57:50,147 - INFO - Epoch 127/150 train_loss=1.8845434045791627
2026-09-26 02:57:50,188 - INFO - Best train loss=1.8845434045791627; saved /home/wlia0047/ar57/wenyu/GeneRec/results/stage3_T5Train/curvature_RQ-VAE_iter17/ckpt/Amazon_2023_Instruments/Sep-26-2026_02-33-02/HG_Rec_best.pth
2026-09-26 02:58:01,788 - INFO - Epoch 128/150 train_loss=1.885829200744629
2026-09-26 02:58:01,793 - INFO - No train loss improvement; patience=1
2026-09-26 02:58:13,389 - INFO - Epoch 129/150 train_loss=1.8806954002380372
2026-09-26 02:58:13,436 - INFO - Best train loss=1.8806954002380372; saved /home/wlia0047/ar57/wenyu/GeneRec/results/stage3_T5Train/curvature_RQ-VAE_iter17/ckpt/Amazon_2023_Instruments/Sep-26-2026_02-33-02/HG_Rec_best.pth
2026-09-26 02:58:25,043 - INFO - Epoch 130/150 train_loss=1.8829154396057128
2026-09-26 02:58:25,061 - INFO - No train loss improvement; patience=1
2026-09-26 02:58:36,660 - INFO - Epoch 131/150 train_loss=1.8828177309036256
2026-09-26 02:58:36,665 - INFO - No train loss improvement; patience=2
2026-09-26 02:58:48,274 - INFO - Epoch 132/150 train_loss=1.8805206680297852
2026-09-26 02:58:48,311 - INFO - Best train loss=1.8805206680297852; saved /home/wlia0047/ar57/wenyu/GeneRec/results/stage3_T5Train/curvature_RQ-VAE_iter17/ckpt/Amazon_2023_Instruments/Sep-26-2026_02-33-02/HG_Rec_best.pth
2026-09-26 02:58:59,915 - INFO - Epoch 133/150 train_loss=1.8817788410186767
2026-09-26 02:58:59,919 - INFO - No train loss improvement; patience=1
2026-09-26 02:59:11,519 - INFO - Epoch 134/150 train_loss=1.878075795173645
2026-09-26 02:59:11,556 - INFO - Best train loss=1.878075795173645; saved /home/wlia0047/ar57/wenyu/GeneRec/results/stage3_T5Train/curvature_RQ-VAE_iter17/ckpt/Amazon_2023_Instruments/Sep-26-2026_02-33-02/HG_Rec_best.pth
2026-09-26 02:59:23,160 - INFO - Epoch 135/150 train_loss=1.8769966888427734
2026-09-26 02:59:23,197 - INFO - Best train loss=1.8769966888427734; saved /home/wlia0047/ar57/wenyu/GeneRec/results/stage3_T5Train/curvature_RQ-VAE_iter17/ckpt/Amazon_2023_Instruments/Sep-26-2026_02-33-02/HG_Rec_best.pth
2026-09-26 02:59:34,802 - INFO - Epoch 136/150 train_loss=1.8770180654525757
2026-09-26 02:59:34,805 - INFO - No train loss improvement; patience=1
2026-09-26 02:59:46,403 - INFO - Epoch 137/150 train_loss=1.876363000869751
2026-09-26 02:59:46,445 - INFO - Best train loss=1.876363000869751; saved /home/wlia0047/ar57/wenyu/GeneRec/results/stage3_T5Train/curvature_RQ-VAE_iter17/ckpt/Amazon_2023_Instruments/Sep-26-2026_02-33-02/HG_Rec_best.pth
2026-09-26 02:59:58,051 - INFO - Epoch 138/150 train_loss=1.875237693786621
2026-09-26 02:59:58,098 - INFO - Best train loss=1.875237693786621; saved /home/wlia0047/ar57/wenyu/GeneRec/results/stage3_T5Train/curvature_RQ-VAE_iter17/ckpt/Amazon_2023_Instruments/Sep-26-2026_02-33-02/HG_Rec_best.pth
2026-09-26 03:00:09,703 - INFO - Epoch 139/150 train_loss=1.8750829124450683
2026-09-26 03:00:09,745 - INFO - Best train loss=1.8750829124450683; saved /home/wlia0047/ar57/wenyu/GeneRec/results/stage3_T5Train/curvature_RQ-VAE_iter17/ckpt/Amazon_2023_Instruments/Sep-26-2026_02-33-02/HG_Rec_best.pth
2026-09-26 03:00:21,347 - INFO - Epoch 140/150 train_loss=1.872131118774414
2026-09-26 03:00:21,385 - INFO - Best train loss=1.872131118774414; saved /home/wlia0047/ar57/wenyu/GeneRec/results/stage3_T5Train/curvature_RQ-VAE_iter17/ckpt/Amazon_2023_Instruments/Sep-26-2026_02-33-02/HG_Rec_best.pth
2026-09-26 03:00:32,989 - INFO - Epoch 141/150 train_loss=1.8755564260482789
2026-09-26 03:00:32,991 - INFO - No train loss improvement; patience=1
2026-09-26 03:00:44,588 - INFO - Epoch 142/150 train_loss=1.87467378616333
2026-09-26 03:00:44,601 - INFO - No train loss improvement; patience=2
2026-09-26 03:00:56,206 - INFO - Epoch 143/150 train_loss=1.8720886707305908
2026-09-26 03:00:56,248 - INFO - Best train loss=1.8720886707305908; saved /home/wlia0047/ar57/wenyu/GeneRec/results/stage3_T5Train/curvature_RQ-VAE_iter17/ckpt/Amazon_2023_Instruments/Sep-26-2026_02-33-02/HG_Rec_best.pth
2026-09-26 03:01:07,849 - INFO - Epoch 144/150 train_loss=1.8688016891479493
2026-09-26 03:01:07,886 - INFO - Best train loss=1.8688016891479493; saved /home/wlia0047/ar57/wenyu/GeneRec/results/stage3_T5Train/curvature_RQ-VAE_iter17/ckpt/Amazon_2023_Instruments/Sep-26-2026_02-33-02/HG_Rec_best.pth
2026-09-26 03:01:19,488 - INFO - Epoch 145/150 train_loss=1.8704096364974976
2026-09-26 03:01:19,493 - INFO - No train loss improvement; patience=1
2026-09-26 03:01:31,093 - INFO - Epoch 146/150 train_loss=1.869909782409668
2026-09-26 03:01:31,106 - INFO - No train loss improvement; patience=2
2026-09-26 03:01:42,701 - INFO - Epoch 147/150 train_loss=1.865799880027771
2026-09-26 03:01:42,751 - INFO - Best train loss=1.865799880027771; saved /home/wlia0047/ar57/wenyu/GeneRec/results/stage3_T5Train/curvature_RQ-VAE_iter17/ckpt/Amazon_2023_Instruments/Sep-26-2026_02-33-02/HG_Rec_best.pth
2026-09-26 03:01:54,349 - INFO - Epoch 148/150 train_loss=1.8674482488632203
2026-09-26 03:01:54,353 - INFO - No train loss improvement; patience=1
2026-09-26 03:02:05,953 - INFO - Epoch 149/150 train_loss=1.8668486404418945
2026-09-26 03:02:06,068 - INFO - No train loss improvement; patience=2
2026-09-26 03:02:17,674 - INFO - Epoch 150/150 train_loss=1.8663109588623046
2026-09-26 03:02:17,680 - INFO - No train loss improvement; patience=3
2026-09-26 03:09:53,225 - INFO - Test={'best_checkpoint': '/home/wlia0047/ar57/wenyu/GeneRec/results/stage3_T5Train/curvature_RQ-VAE_iter17/ckpt/Amazon_2023_Instruments/Sep-26-2026_02-33-02/HG_Rec_best.pth', 'n_eval': 57439, 'test_recall@5': 0.038649697940423756, 'test_recall@10': 0.059071362662999005, 'test_ndcg@5': 0.025837394816762203, 'test_ndcg@10': 0.032386492092076745}
