2026-09-26 12:21:18,490 - INFO - Configuration: {'batch_size': 4096, 'infer_size': 1024, 'num_epochs': 150, 'eval_interval': 5, 'eval_start_epoch': 75, 'early_eval_epochs': (25, 50, 75, 100, 125), 'early_stop': 10, 'fast': True, 'bf16': True, 'use_lr_scheduler': True, 'lr_warmup_pct': 0.1, 'lr_min_factor': 0.2, 'compile': False, 'compile_mode': 'default', 'num_layers': 4, 'num_decoder_layers': 4, 'd_model': 128, 'd_ff': 1024, 'num_heads': 6, 'd_kv': 64, 'dropout_rate': 0.1, 'activation_function': 'relu', 'feed_forward_proj': 'relu', 'device': 'cuda', 'lr': 0.003, 'weight_decay': 0.05, 'vocab_size': 784, 'eos_token_id': 783, 'pad_token_id': 0, 'n_user_tokens': 1, 'max_len': 20, 'dataset_name': 'Amazon_2023_Instruments', 'dataset_path': '/home/wlia0047/ar57/wenyu/GeneRec/results/stage0_build_parquet/', 'codebook_size': [256, 256, 256, 1], 'code_path': '/home/wlia0047/ar57/wenyu/GeneRec/results/stage2_RQ-VAE/curvature_RQ-VAE_iter23/item_sids.json', 'train_file': 'train.parquet', 'valid_file': 'valid.parquet', 'test_file': 'test.parquet', 'log_path': '/home/wlia0047/ar57/wenyu/GeneRec/results/stage3_T5Train/curvature_RQ-VAE_iter23/logs/', 'save_path': '/home/wlia0047/ar57/wenyu/GeneRec/results/stage3_T5Train/curvature_RQ-VAE_iter23/ckpt/', 'seed': 42, 'topk_list': [5, 10], 'beam_size': 20, 'no_eval': True, 'skip_test': False, 'screen_baseline_log': '', 'screen_start_epoch': 40, 'screen_window': 5, 'screen_min_ndcg_gain': 0.001, 'screen_min_recall_gain': 0.001, 'screen_skip_test_on_fail': True, 'num_workers': 4, 'prefetch_factor': 8, 'exclude_history': True, 'no_exclude_history': False, 'pin_memory': True, 'no_pin_memory': False, 'sid_length': 4, 'max_token_seq_len': 82, 'decoder_start_token_id': 0}
2026-09-26 12:21:18,585 - INFO - #Embedding parameters: 100352
#Non-embedding parameters: 4459648
#Total trainable parameters: 4560000

2026-09-26 12:21:32,477 - INFO - Epoch 1/150 train_loss=4.943354263305664
2026-09-26 12:21:32,559 - INFO - Best train loss=4.943354263305664; saved /home/wlia0047/ar57/wenyu/GeneRec/results/stage3_T5Train/curvature_RQ-VAE_iter23/ckpt/Amazon_2023_Instruments/Sep-26-2026_12-21-18/HG_Rec_best.pth
2026-09-26 12:21:44,185 - INFO - Epoch 2/150 train_loss=4.194299221038818
2026-09-26 12:21:44,224 - INFO - Best train loss=4.194299221038818; saved /home/wlia0047/ar57/wenyu/GeneRec/results/stage3_T5Train/curvature_RQ-VAE_iter23/ckpt/Amazon_2023_Instruments/Sep-26-2026_12-21-18/HG_Rec_best.pth
2026-09-26 12:21:55,832 - INFO - Epoch 3/150 train_loss=3.966125240325928
2026-09-26 12:21:55,870 - INFO - Best train loss=3.966125240325928; saved /home/wlia0047/ar57/wenyu/GeneRec/results/stage3_T5Train/curvature_RQ-VAE_iter23/ckpt/Amazon_2023_Instruments/Sep-26-2026_12-21-18/HG_Rec_best.pth
2026-09-26 12:22:07,479 - INFO - Epoch 4/150 train_loss=3.776067771911621
2026-09-26 12:22:07,514 - INFO - Best train loss=3.776067771911621; saved /home/wlia0047/ar57/wenyu/GeneRec/results/stage3_T5Train/curvature_RQ-VAE_iter23/ckpt/Amazon_2023_Instruments/Sep-26-2026_12-21-18/HG_Rec_best.pth
2026-09-26 12:22:19,124 - INFO - Epoch 5/150 train_loss=3.64363338470459
2026-09-26 12:22:19,162 - INFO - Best train loss=3.64363338470459; saved /home/wlia0047/ar57/wenyu/GeneRec/results/stage3_T5Train/curvature_RQ-VAE_iter23/ckpt/Amazon_2023_Instruments/Sep-26-2026_12-21-18/HG_Rec_best.pth
2026-09-26 12:22:30,769 - INFO - Epoch 6/150 train_loss=3.447329730987549
2026-09-26 12:22:30,805 - INFO - Best train loss=3.447329730987549; saved /home/wlia0047/ar57/wenyu/GeneRec/results/stage3_T5Train/curvature_RQ-VAE_iter23/ckpt/Amazon_2023_Instruments/Sep-26-2026_12-21-18/HG_Rec_best.pth
2026-09-26 12:22:42,404 - INFO - Epoch 7/150 train_loss=3.3695057678222655
2026-09-26 12:22:42,442 - INFO - Best train loss=3.3695057678222655; saved /home/wlia0047/ar57/wenyu/GeneRec/results/stage3_T5Train/curvature_RQ-VAE_iter23/ckpt/Amazon_2023_Instruments/Sep-26-2026_12-21-18/HG_Rec_best.pth
2026-09-26 12:22:54,042 - INFO - Epoch 8/150 train_loss=3.192135601043701
2026-09-26 12:22:54,082 - INFO - Best train loss=3.192135601043701; saved /home/wlia0047/ar57/wenyu/GeneRec/results/stage3_T5Train/curvature_RQ-VAE_iter23/ckpt/Amazon_2023_Instruments/Sep-26-2026_12-21-18/HG_Rec_best.pth
2026-09-26 12:23:05,691 - INFO - Epoch 9/150 train_loss=3.0637803077697754
2026-09-26 12:23:05,729 - INFO - Best train loss=3.0637803077697754; saved /home/wlia0047/ar57/wenyu/GeneRec/results/stage3_T5Train/curvature_RQ-VAE_iter23/ckpt/Amazon_2023_Instruments/Sep-26-2026_12-21-18/HG_Rec_best.pth
2026-09-26 12:23:17,332 - INFO - Epoch 10/150 train_loss=2.958608627319336
2026-09-26 12:23:17,367 - INFO - Best train loss=2.958608627319336; saved /home/wlia0047/ar57/wenyu/GeneRec/results/stage3_T5Train/curvature_RQ-VAE_iter23/ckpt/Amazon_2023_Instruments/Sep-26-2026_12-21-18/HG_Rec_best.pth
2026-09-26 12:23:28,974 - INFO - Epoch 11/150 train_loss=2.87250581741333
2026-09-26 12:23:29,010 - INFO - Best train loss=2.87250581741333; saved /home/wlia0047/ar57/wenyu/GeneRec/results/stage3_T5Train/curvature_RQ-VAE_iter23/ckpt/Amazon_2023_Instruments/Sep-26-2026_12-21-18/HG_Rec_best.pth
2026-09-26 12:23:40,619 - INFO - Epoch 12/150 train_loss=2.7992938327789307
2026-09-26 12:23:40,656 - INFO - Best train loss=2.7992938327789307; saved /home/wlia0047/ar57/wenyu/GeneRec/results/stage3_T5Train/curvature_RQ-VAE_iter23/ckpt/Amazon_2023_Instruments/Sep-26-2026_12-21-18/HG_Rec_best.pth
2026-09-26 12:23:52,262 - INFO - Epoch 13/150 train_loss=2.729975576400757
2026-09-26 12:23:52,300 - INFO - Best train loss=2.729975576400757; saved /home/wlia0047/ar57/wenyu/GeneRec/results/stage3_T5Train/curvature_RQ-VAE_iter23/ckpt/Amazon_2023_Instruments/Sep-26-2026_12-21-18/HG_Rec_best.pth
2026-09-26 12:24:03,901 - INFO - Epoch 14/150 train_loss=2.674905090332031
2026-09-26 12:24:03,946 - INFO - Best train loss=2.674905090332031; saved /home/wlia0047/ar57/wenyu/GeneRec/results/stage3_T5Train/curvature_RQ-VAE_iter23/ckpt/Amazon_2023_Instruments/Sep-26-2026_12-21-18/HG_Rec_best.pth
2026-09-26 12:24:15,560 - INFO - Epoch 15/150 train_loss=2.624804458618164
2026-09-26 12:24:15,597 - INFO - Best train loss=2.624804458618164; saved /home/wlia0047/ar57/wenyu/GeneRec/results/stage3_T5Train/curvature_RQ-VAE_iter23/ckpt/Amazon_2023_Instruments/Sep-26-2026_12-21-18/HG_Rec_best.pth
2026-09-26 12:24:27,193 - INFO - Epoch 16/150 train_loss=2.5750920295715334
2026-09-26 12:24:27,228 - INFO - Best train loss=2.5750920295715334; saved /home/wlia0047/ar57/wenyu/GeneRec/results/stage3_T5Train/curvature_RQ-VAE_iter23/ckpt/Amazon_2023_Instruments/Sep-26-2026_12-21-18/HG_Rec_best.pth
2026-09-26 12:24:38,834 - INFO - Epoch 17/150 train_loss=2.5256672954559325
2026-09-26 12:24:38,871 - INFO - Best train loss=2.5256672954559325; saved /home/wlia0047/ar57/wenyu/GeneRec/results/stage3_T5Train/curvature_RQ-VAE_iter23/ckpt/Amazon_2023_Instruments/Sep-26-2026_12-21-18/HG_Rec_best.pth
2026-09-26 12:24:51,042 - INFO - Epoch 18/150 train_loss=2.4983371257781983
2026-09-26 12:24:51,078 - INFO - Best train loss=2.4983371257781983; saved /home/wlia0047/ar57/wenyu/GeneRec/results/stage3_T5Train/curvature_RQ-VAE_iter23/ckpt/Amazon_2023_Instruments/Sep-26-2026_12-21-18/HG_Rec_best.pth
2026-09-26 12:25:02,680 - INFO - Epoch 19/150 train_loss=2.459697685241699
2026-09-26 12:25:02,716 - INFO - Best train loss=2.459697685241699; saved /home/wlia0047/ar57/wenyu/GeneRec/results/stage3_T5Train/curvature_RQ-VAE_iter23/ckpt/Amazon_2023_Instruments/Sep-26-2026_12-21-18/HG_Rec_best.pth
2026-09-26 12:25:14,324 - INFO - Epoch 20/150 train_loss=2.4344611835479735
2026-09-26 12:25:14,360 - INFO - Best train loss=2.4344611835479735; saved /home/wlia0047/ar57/wenyu/GeneRec/results/stage3_T5Train/curvature_RQ-VAE_iter23/ckpt/Amazon_2023_Instruments/Sep-26-2026_12-21-18/HG_Rec_best.pth
2026-09-26 12:25:25,961 - INFO - Epoch 21/150 train_loss=2.404870843887329
2026-09-26 12:25:25,996 - INFO - Best train loss=2.404870843887329; saved /home/wlia0047/ar57/wenyu/GeneRec/results/stage3_T5Train/curvature_RQ-VAE_iter23/ckpt/Amazon_2023_Instruments/Sep-26-2026_12-21-18/HG_Rec_best.pth
2026-09-26 12:25:37,596 - INFO - Epoch 22/150 train_loss=2.3837108421325683
2026-09-26 12:25:37,632 - INFO - Best train loss=2.3837108421325683; saved /home/wlia0047/ar57/wenyu/GeneRec/results/stage3_T5Train/curvature_RQ-VAE_iter23/ckpt/Amazon_2023_Instruments/Sep-26-2026_12-21-18/HG_Rec_best.pth
2026-09-26 12:25:49,233 - INFO - Epoch 23/150 train_loss=2.354971466064453
2026-09-26 12:25:49,271 - INFO - Best train loss=2.354971466064453; saved /home/wlia0047/ar57/wenyu/GeneRec/results/stage3_T5Train/curvature_RQ-VAE_iter23/ckpt/Amazon_2023_Instruments/Sep-26-2026_12-21-18/HG_Rec_best.pth
2026-09-26 12:26:00,871 - INFO - Epoch 24/150 train_loss=2.3343088245391845
2026-09-26 12:26:00,907 - INFO - Best train loss=2.3343088245391845; saved /home/wlia0047/ar57/wenyu/GeneRec/results/stage3_T5Train/curvature_RQ-VAE_iter23/ckpt/Amazon_2023_Instruments/Sep-26-2026_12-21-18/HG_Rec_best.pth
2026-09-26 12:26:12,505 - INFO - Epoch 25/150 train_loss=2.3144662380218506
2026-09-26 12:26:12,543 - INFO - Best train loss=2.3144662380218506; saved /home/wlia0047/ar57/wenyu/GeneRec/results/stage3_T5Train/curvature_RQ-VAE_iter23/ckpt/Amazon_2023_Instruments/Sep-26-2026_12-21-18/HG_Rec_best.pth
2026-09-26 12:26:24,137 - INFO - Epoch 26/150 train_loss=2.287857313156128
2026-09-26 12:26:24,175 - INFO - Best train loss=2.287857313156128; saved /home/wlia0047/ar57/wenyu/GeneRec/results/stage3_T5Train/curvature_RQ-VAE_iter23/ckpt/Amazon_2023_Instruments/Sep-26-2026_12-21-18/HG_Rec_best.pth
2026-09-26 12:26:35,773 - INFO - Epoch 27/150 train_loss=2.275199975967407
2026-09-26 12:26:35,817 - INFO - Best train loss=2.275199975967407; saved /home/wlia0047/ar57/wenyu/GeneRec/results/stage3_T5Train/curvature_RQ-VAE_iter23/ckpt/Amazon_2023_Instruments/Sep-26-2026_12-21-18/HG_Rec_best.pth
2026-09-26 12:26:47,420 - INFO - Epoch 28/150 train_loss=2.2642703914642333
2026-09-26 12:26:47,456 - INFO - Best train loss=2.2642703914642333; saved /home/wlia0047/ar57/wenyu/GeneRec/results/stage3_T5Train/curvature_RQ-VAE_iter23/ckpt/Amazon_2023_Instruments/Sep-26-2026_12-21-18/HG_Rec_best.pth
2026-09-26 12:26:59,057 - INFO - Epoch 29/150 train_loss=2.243210611343384
2026-09-26 12:26:59,095 - INFO - Best train loss=2.243210611343384; saved /home/wlia0047/ar57/wenyu/GeneRec/results/stage3_T5Train/curvature_RQ-VAE_iter23/ckpt/Amazon_2023_Instruments/Sep-26-2026_12-21-18/HG_Rec_best.pth
2026-09-26 12:27:10,699 - INFO - Epoch 30/150 train_loss=2.2323508834838868
2026-09-26 12:27:10,737 - INFO - Best train loss=2.2323508834838868; saved /home/wlia0047/ar57/wenyu/GeneRec/results/stage3_T5Train/curvature_RQ-VAE_iter23/ckpt/Amazon_2023_Instruments/Sep-26-2026_12-21-18/HG_Rec_best.pth
2026-09-26 12:27:22,344 - INFO - Epoch 31/150 train_loss=2.222951593399048
2026-09-26 12:27:22,381 - INFO - Best train loss=2.222951593399048; saved /home/wlia0047/ar57/wenyu/GeneRec/results/stage3_T5Train/curvature_RQ-VAE_iter23/ckpt/Amazon_2023_Instruments/Sep-26-2026_12-21-18/HG_Rec_best.pth
2026-09-26 12:27:33,981 - INFO - Epoch 32/150 train_loss=2.209768285751343
2026-09-26 12:27:34,018 - INFO - Best train loss=2.209768285751343; saved /home/wlia0047/ar57/wenyu/GeneRec/results/stage3_T5Train/curvature_RQ-VAE_iter23/ckpt/Amazon_2023_Instruments/Sep-26-2026_12-21-18/HG_Rec_best.pth
2026-09-26 12:27:45,620 - INFO - Epoch 33/150 train_loss=2.194410800933838
2026-09-26 12:27:45,654 - INFO - Best train loss=2.194410800933838; saved /home/wlia0047/ar57/wenyu/GeneRec/results/stage3_T5Train/curvature_RQ-VAE_iter23/ckpt/Amazon_2023_Instruments/Sep-26-2026_12-21-18/HG_Rec_best.pth
2026-09-26 12:27:57,257 - INFO - Epoch 34/150 train_loss=2.1859866905212404
2026-09-26 12:27:57,293 - INFO - Best train loss=2.1859866905212404; saved /home/wlia0047/ar57/wenyu/GeneRec/results/stage3_T5Train/curvature_RQ-VAE_iter23/ckpt/Amazon_2023_Instruments/Sep-26-2026_12-21-18/HG_Rec_best.pth
2026-09-26 12:28:08,900 - INFO - Epoch 35/150 train_loss=2.177009325027466
2026-09-26 12:28:08,936 - INFO - Best train loss=2.177009325027466; saved /home/wlia0047/ar57/wenyu/GeneRec/results/stage3_T5Train/curvature_RQ-VAE_iter23/ckpt/Amazon_2023_Instruments/Sep-26-2026_12-21-18/HG_Rec_best.pth
2026-09-26 12:28:20,535 - INFO - Epoch 36/150 train_loss=2.1675187873840334
2026-09-26 12:28:20,571 - INFO - Best train loss=2.1675187873840334; saved /home/wlia0047/ar57/wenyu/GeneRec/results/stage3_T5Train/curvature_RQ-VAE_iter23/ckpt/Amazon_2023_Instruments/Sep-26-2026_12-21-18/HG_Rec_best.pth
2026-09-26 12:28:32,179 - INFO - Epoch 37/150 train_loss=2.154998903274536
2026-09-26 12:28:32,214 - INFO - Best train loss=2.154998903274536; saved /home/wlia0047/ar57/wenyu/GeneRec/results/stage3_T5Train/curvature_RQ-VAE_iter23/ckpt/Amazon_2023_Instruments/Sep-26-2026_12-21-18/HG_Rec_best.pth
2026-09-26 12:28:43,813 - INFO - Epoch 38/150 train_loss=2.147000913619995
2026-09-26 12:28:43,851 - INFO - Best train loss=2.147000913619995; saved /home/wlia0047/ar57/wenyu/GeneRec/results/stage3_T5Train/curvature_RQ-VAE_iter23/ckpt/Amazon_2023_Instruments/Sep-26-2026_12-21-18/HG_Rec_best.pth
2026-09-26 12:28:55,452 - INFO - Epoch 39/150 train_loss=2.1430319595336913
2026-09-26 12:28:55,488 - INFO - Best train loss=2.1430319595336913; saved /home/wlia0047/ar57/wenyu/GeneRec/results/stage3_T5Train/curvature_RQ-VAE_iter23/ckpt/Amazon_2023_Instruments/Sep-26-2026_12-21-18/HG_Rec_best.pth
2026-09-26 12:29:07,090 - INFO - Epoch 40/150 train_loss=2.1340684509277343
2026-09-26 12:29:07,128 - INFO - Best train loss=2.1340684509277343; saved /home/wlia0047/ar57/wenyu/GeneRec/results/stage3_T5Train/curvature_RQ-VAE_iter23/ckpt/Amazon_2023_Instruments/Sep-26-2026_12-21-18/HG_Rec_best.pth
2026-09-26 12:29:18,729 - INFO - Epoch 41/150 train_loss=2.1276318550109865
2026-09-26 12:29:18,763 - INFO - Best train loss=2.1276318550109865; saved /home/wlia0047/ar57/wenyu/GeneRec/results/stage3_T5Train/curvature_RQ-VAE_iter23/ckpt/Amazon_2023_Instruments/Sep-26-2026_12-21-18/HG_Rec_best.pth
2026-09-26 12:29:30,367 - INFO - Epoch 42/150 train_loss=2.1219874477386473
2026-09-26 12:29:30,402 - INFO - Best train loss=2.1219874477386473; saved /home/wlia0047/ar57/wenyu/GeneRec/results/stage3_T5Train/curvature_RQ-VAE_iter23/ckpt/Amazon_2023_Instruments/Sep-26-2026_12-21-18/HG_Rec_best.pth
2026-09-26 12:29:42,002 - INFO - Epoch 43/150 train_loss=2.1137068462371826
2026-09-26 12:29:42,081 - INFO - Best train loss=2.1137068462371826; saved /home/wlia0047/ar57/wenyu/GeneRec/results/stage3_T5Train/curvature_RQ-VAE_iter23/ckpt/Amazon_2023_Instruments/Sep-26-2026_12-21-18/HG_Rec_best.pth
2026-09-26 12:29:53,685 - INFO - Epoch 44/150 train_loss=2.1061143589019777
2026-09-26 12:29:53,719 - INFO - Best train loss=2.1061143589019777; saved /home/wlia0047/ar57/wenyu/GeneRec/results/stage3_T5Train/curvature_RQ-VAE_iter23/ckpt/Amazon_2023_Instruments/Sep-26-2026_12-21-18/HG_Rec_best.pth
2026-09-26 12:30:05,321 - INFO - Epoch 45/150 train_loss=2.101394004821777
2026-09-26 12:30:05,359 - INFO - Best train loss=2.101394004821777; saved /home/wlia0047/ar57/wenyu/GeneRec/results/stage3_T5Train/curvature_RQ-VAE_iter23/ckpt/Amazon_2023_Instruments/Sep-26-2026_12-21-18/HG_Rec_best.pth
2026-09-26 12:30:16,964 - INFO - Epoch 46/150 train_loss=2.097983732223511
2026-09-26 12:30:17,001 - INFO - Best train loss=2.097983732223511; saved /home/wlia0047/ar57/wenyu/GeneRec/results/stage3_T5Train/curvature_RQ-VAE_iter23/ckpt/Amazon_2023_Instruments/Sep-26-2026_12-21-18/HG_Rec_best.pth
2026-09-26 12:30:28,607 - INFO - Epoch 47/150 train_loss=2.093173780441284
2026-09-26 12:30:28,641 - INFO - Best train loss=2.093173780441284; saved /home/wlia0047/ar57/wenyu/GeneRec/results/stage3_T5Train/curvature_RQ-VAE_iter23/ckpt/Amazon_2023_Instruments/Sep-26-2026_12-21-18/HG_Rec_best.pth
2026-09-26 12:30:40,250 - INFO - Epoch 48/150 train_loss=2.0853530406951903
2026-09-26 12:30:40,286 - INFO - Best train loss=2.0853530406951903; saved /home/wlia0047/ar57/wenyu/GeneRec/results/stage3_T5Train/curvature_RQ-VAE_iter23/ckpt/Amazon_2023_Instruments/Sep-26-2026_12-21-18/HG_Rec_best.pth
2026-09-26 12:30:51,888 - INFO - Epoch 49/150 train_loss=2.077690200805664
2026-09-26 12:30:51,923 - INFO - Best train loss=2.077690200805664; saved /home/wlia0047/ar57/wenyu/GeneRec/results/stage3_T5Train/curvature_RQ-VAE_iter23/ckpt/Amazon_2023_Instruments/Sep-26-2026_12-21-18/HG_Rec_best.pth
2026-09-26 12:31:03,524 - INFO - Epoch 50/150 train_loss=2.0775615882873537
2026-09-26 12:31:03,559 - INFO - Best train loss=2.0775615882873537; saved /home/wlia0047/ar57/wenyu/GeneRec/results/stage3_T5Train/curvature_RQ-VAE_iter23/ckpt/Amazon_2023_Instruments/Sep-26-2026_12-21-18/HG_Rec_best.pth
2026-09-26 12:31:15,635 - INFO - Epoch 51/150 train_loss=2.0714284324645997
2026-09-26 12:31:15,870 - INFO - Best train loss=2.0714284324645997; saved /home/wlia0047/ar57/wenyu/GeneRec/results/stage3_T5Train/curvature_RQ-VAE_iter23/ckpt/Amazon_2023_Instruments/Sep-26-2026_12-21-18/HG_Rec_best.pth
2026-09-26 12:31:27,636 - INFO - Epoch 52/150 train_loss=2.069183835983276
2026-09-26 12:31:27,672 - INFO - Best train loss=2.069183835983276; saved /home/wlia0047/ar57/wenyu/GeneRec/results/stage3_T5Train/curvature_RQ-VAE_iter23/ckpt/Amazon_2023_Instruments/Sep-26-2026_12-21-18/HG_Rec_best.pth
2026-09-26 12:31:39,278 - INFO - Epoch 53/150 train_loss=2.063673152923584
2026-09-26 12:31:39,316 - INFO - Best train loss=2.063673152923584; saved /home/wlia0047/ar57/wenyu/GeneRec/results/stage3_T5Train/curvature_RQ-VAE_iter23/ckpt/Amazon_2023_Instruments/Sep-26-2026_12-21-18/HG_Rec_best.pth
2026-09-26 12:31:50,918 - INFO - Epoch 54/150 train_loss=2.0588690853118896
2026-09-26 12:31:50,952 - INFO - Best train loss=2.0588690853118896; saved /home/wlia0047/ar57/wenyu/GeneRec/results/stage3_T5Train/curvature_RQ-VAE_iter23/ckpt/Amazon_2023_Instruments/Sep-26-2026_12-21-18/HG_Rec_best.pth
2026-09-26 12:32:04,422 - INFO - Epoch 55/150 train_loss=2.0558666706085207
2026-09-26 12:32:04,506 - INFO - Best train loss=2.0558666706085207; saved /home/wlia0047/ar57/wenyu/GeneRec/results/stage3_T5Train/curvature_RQ-VAE_iter23/ckpt/Amazon_2023_Instruments/Sep-26-2026_12-21-18/HG_Rec_best.pth
2026-09-26 12:32:16,114 - INFO - Epoch 56/150 train_loss=2.0505216121673584
2026-09-26 12:32:16,150 - INFO - Best train loss=2.0505216121673584; saved /home/wlia0047/ar57/wenyu/GeneRec/results/stage3_T5Train/curvature_RQ-VAE_iter23/ckpt/Amazon_2023_Instruments/Sep-26-2026_12-21-18/HG_Rec_best.pth
2026-09-26 12:32:27,759 - INFO - Epoch 57/150 train_loss=2.0451990604400634
2026-09-26 12:32:27,794 - INFO - Best train loss=2.0451990604400634; saved /home/wlia0047/ar57/wenyu/GeneRec/results/stage3_T5Train/curvature_RQ-VAE_iter23/ckpt/Amazon_2023_Instruments/Sep-26-2026_12-21-18/HG_Rec_best.pth
2026-09-26 12:32:39,471 - INFO - Epoch 58/150 train_loss=2.040539503097534
2026-09-26 12:32:39,509 - INFO - Best train loss=2.040539503097534; saved /home/wlia0047/ar57/wenyu/GeneRec/results/stage3_T5Train/curvature_RQ-VAE_iter23/ckpt/Amazon_2023_Instruments/Sep-26-2026_12-21-18/HG_Rec_best.pth
2026-09-26 12:32:51,114 - INFO - Epoch 59/150 train_loss=2.035674982070923
2026-09-26 12:32:51,152 - INFO - Best train loss=2.035674982070923; saved /home/wlia0047/ar57/wenyu/GeneRec/results/stage3_T5Train/curvature_RQ-VAE_iter23/ckpt/Amazon_2023_Instruments/Sep-26-2026_12-21-18/HG_Rec_best.pth
2026-09-26 12:33:02,761 - INFO - Epoch 60/150 train_loss=2.0331640434265137
2026-09-26 12:33:02,797 - INFO - Best train loss=2.0331640434265137; saved /home/wlia0047/ar57/wenyu/GeneRec/results/stage3_T5Train/curvature_RQ-VAE_iter23/ckpt/Amazon_2023_Instruments/Sep-26-2026_12-21-18/HG_Rec_best.pth
2026-09-26 12:33:14,408 - INFO - Epoch 61/150 train_loss=2.030819215774536
2026-09-26 12:33:14,445 - INFO - Best train loss=2.030819215774536; saved /home/wlia0047/ar57/wenyu/GeneRec/results/stage3_T5Train/curvature_RQ-VAE_iter23/ckpt/Amazon_2023_Instruments/Sep-26-2026_12-21-18/HG_Rec_best.pth
2026-09-26 12:33:26,051 - INFO - Epoch 62/150 train_loss=2.0252811098098755
2026-09-26 12:33:26,088 - INFO - Best train loss=2.0252811098098755; saved /home/wlia0047/ar57/wenyu/GeneRec/results/stage3_T5Train/curvature_RQ-VAE_iter23/ckpt/Amazon_2023_Instruments/Sep-26-2026_12-21-18/HG_Rec_best.pth
2026-09-26 12:33:37,695 - INFO - Epoch 63/150 train_loss=2.021649913787842
2026-09-26 12:33:37,731 - INFO - Best train loss=2.021649913787842; saved /home/wlia0047/ar57/wenyu/GeneRec/results/stage3_T5Train/curvature_RQ-VAE_iter23/ckpt/Amazon_2023_Instruments/Sep-26-2026_12-21-18/HG_Rec_best.pth
2026-09-26 12:33:49,334 - INFO - Epoch 64/150 train_loss=2.0145003604888916
2026-09-26 12:33:49,369 - INFO - Best train loss=2.0145003604888916; saved /home/wlia0047/ar57/wenyu/GeneRec/results/stage3_T5Train/curvature_RQ-VAE_iter23/ckpt/Amazon_2023_Instruments/Sep-26-2026_12-21-18/HG_Rec_best.pth
2026-09-26 12:34:00,972 - INFO - Epoch 65/150 train_loss=2.0082286310195925
2026-09-26 12:34:01,008 - INFO - Best train loss=2.0082286310195925; saved /home/wlia0047/ar57/wenyu/GeneRec/results/stage3_T5Train/curvature_RQ-VAE_iter23/ckpt/Amazon_2023_Instruments/Sep-26-2026_12-21-18/HG_Rec_best.pth
2026-09-26 12:34:12,616 - INFO - Epoch 66/150 train_loss=2.002865881919861
2026-09-26 12:34:12,651 - INFO - Best train loss=2.002865881919861; saved /home/wlia0047/ar57/wenyu/GeneRec/results/stage3_T5Train/curvature_RQ-VAE_iter23/ckpt/Amazon_2023_Instruments/Sep-26-2026_12-21-18/HG_Rec_best.pth
2026-09-26 12:34:24,260 - INFO - Epoch 67/150 train_loss=1.9981482028961182
2026-09-26 12:34:24,298 - INFO - Best train loss=1.9981482028961182; saved /home/wlia0047/ar57/wenyu/GeneRec/results/stage3_T5Train/curvature_RQ-VAE_iter23/ckpt/Amazon_2023_Instruments/Sep-26-2026_12-21-18/HG_Rec_best.pth
2026-09-26 12:34:35,897 - INFO - Epoch 68/150 train_loss=1.994972858428955
2026-09-26 12:34:35,943 - INFO - Best train loss=1.994972858428955; saved /home/wlia0047/ar57/wenyu/GeneRec/results/stage3_T5Train/curvature_RQ-VAE_iter23/ckpt/Amazon_2023_Instruments/Sep-26-2026_12-21-18/HG_Rec_best.pth
2026-09-26 12:34:47,551 - INFO - Epoch 69/150 train_loss=1.9940944337844848
2026-09-26 12:34:47,588 - INFO - Best train loss=1.9940944337844848; saved /home/wlia0047/ar57/wenyu/GeneRec/results/stage3_T5Train/curvature_RQ-VAE_iter23/ckpt/Amazon_2023_Instruments/Sep-26-2026_12-21-18/HG_Rec_best.pth
2026-09-26 12:34:59,196 - INFO - Epoch 70/150 train_loss=1.9893955278396607
2026-09-26 12:34:59,233 - INFO - Best train loss=1.9893955278396607; saved /home/wlia0047/ar57/wenyu/GeneRec/results/stage3_T5Train/curvature_RQ-VAE_iter23/ckpt/Amazon_2023_Instruments/Sep-26-2026_12-21-18/HG_Rec_best.pth
2026-09-26 12:35:10,831 - INFO - Epoch 71/150 train_loss=1.9846756744384766
2026-09-26 12:35:10,868 - INFO - Best train loss=1.9846756744384766; saved /home/wlia0047/ar57/wenyu/GeneRec/results/stage3_T5Train/curvature_RQ-VAE_iter23/ckpt/Amazon_2023_Instruments/Sep-26-2026_12-21-18/HG_Rec_best.pth
2026-09-26 12:35:22,475 - INFO - Epoch 72/150 train_loss=1.9808843755722045
2026-09-26 12:35:22,511 - INFO - Best train loss=1.9808843755722045; saved /home/wlia0047/ar57/wenyu/GeneRec/results/stage3_T5Train/curvature_RQ-VAE_iter23/ckpt/Amazon_2023_Instruments/Sep-26-2026_12-21-18/HG_Rec_best.pth
2026-09-26 12:35:34,111 - INFO - Epoch 73/150 train_loss=1.971739912033081
2026-09-26 12:35:34,147 - INFO - Best train loss=1.971739912033081; saved /home/wlia0047/ar57/wenyu/GeneRec/results/stage3_T5Train/curvature_RQ-VAE_iter23/ckpt/Amazon_2023_Instruments/Sep-26-2026_12-21-18/HG_Rec_best.pth
2026-09-26 12:35:45,749 - INFO - Epoch 74/150 train_loss=1.9776647233963012
2026-09-26 12:35:45,752 - INFO - No train loss improvement; patience=1
2026-09-26 12:35:57,350 - INFO - Epoch 75/150 train_loss=1.9760708045959472
2026-09-26 12:35:57,359 - INFO - No train loss improvement; patience=2
2026-09-26 12:36:08,965 - INFO - Epoch 76/150 train_loss=1.9687414789199829
2026-09-26 12:36:09,001 - INFO - Best train loss=1.9687414789199829; saved /home/wlia0047/ar57/wenyu/GeneRec/results/stage3_T5Train/curvature_RQ-VAE_iter23/ckpt/Amazon_2023_Instruments/Sep-26-2026_12-21-18/HG_Rec_best.pth
2026-09-26 12:36:20,611 - INFO - Epoch 77/150 train_loss=1.9670669841766357
2026-09-26 12:36:20,646 - INFO - Best train loss=1.9670669841766357; saved /home/wlia0047/ar57/wenyu/GeneRec/results/stage3_T5Train/curvature_RQ-VAE_iter23/ckpt/Amazon_2023_Instruments/Sep-26-2026_12-21-18/HG_Rec_best.pth
2026-09-26 12:36:32,251 - INFO - Epoch 78/150 train_loss=1.9625291633605957
2026-09-26 12:36:32,286 - INFO - Best train loss=1.9625291633605957; saved /home/wlia0047/ar57/wenyu/GeneRec/results/stage3_T5Train/curvature_RQ-VAE_iter23/ckpt/Amazon_2023_Instruments/Sep-26-2026_12-21-18/HG_Rec_best.pth
2026-09-26 12:36:43,887 - INFO - Epoch 79/150 train_loss=1.9624293851852417
2026-09-26 12:36:43,923 - INFO - Best train loss=1.9624293851852417; saved /home/wlia0047/ar57/wenyu/GeneRec/results/stage3_T5Train/curvature_RQ-VAE_iter23/ckpt/Amazon_2023_Instruments/Sep-26-2026_12-21-18/HG_Rec_best.pth
2026-09-26 12:36:55,525 - INFO - Epoch 80/150 train_loss=1.9583858013153077
2026-09-26 12:36:56,168 - INFO - Best train loss=1.9583858013153077; saved /home/wlia0047/ar57/wenyu/GeneRec/results/stage3_T5Train/curvature_RQ-VAE_iter23/ckpt/Amazon_2023_Instruments/Sep-26-2026_12-21-18/HG_Rec_best.pth
2026-09-26 12:37:07,768 - INFO - Epoch 81/150 train_loss=1.9585427141189575
2026-09-26 12:37:07,772 - INFO - No train loss improvement; patience=1
2026-09-26 12:37:19,381 - INFO - Epoch 82/150 train_loss=1.9527029180526734
2026-09-26 12:37:19,417 - INFO - Best train loss=1.9527029180526734; saved /home/wlia0047/ar57/wenyu/GeneRec/results/stage3_T5Train/curvature_RQ-VAE_iter23/ckpt/Amazon_2023_Instruments/Sep-26-2026_12-21-18/HG_Rec_best.pth
2026-09-26 12:37:31,022 - INFO - Epoch 83/150 train_loss=1.9522068119049072
2026-09-26 12:37:31,057 - INFO - Best train loss=1.9522068119049072; saved /home/wlia0047/ar57/wenyu/GeneRec/results/stage3_T5Train/curvature_RQ-VAE_iter23/ckpt/Amazon_2023_Instruments/Sep-26-2026_12-21-18/HG_Rec_best.pth
2026-09-26 12:37:42,662 - INFO - Epoch 84/150 train_loss=1.9480888986587523
2026-09-26 12:37:42,701 - INFO - Best train loss=1.9480888986587523; saved /home/wlia0047/ar57/wenyu/GeneRec/results/stage3_T5Train/curvature_RQ-VAE_iter23/ckpt/Amazon_2023_Instruments/Sep-26-2026_12-21-18/HG_Rec_best.pth
2026-09-26 12:37:54,309 - INFO - Epoch 85/150 train_loss=1.9466879844665528
2026-09-26 12:37:54,347 - INFO - Best train loss=1.9466879844665528; saved /home/wlia0047/ar57/wenyu/GeneRec/results/stage3_T5Train/curvature_RQ-VAE_iter23/ckpt/Amazon_2023_Instruments/Sep-26-2026_12-21-18/HG_Rec_best.pth
2026-09-26 12:38:05,954 - INFO - Epoch 86/150 train_loss=1.9453038930892945
2026-09-26 12:38:05,993 - INFO - Best train loss=1.9453038930892945; saved /home/wlia0047/ar57/wenyu/GeneRec/results/stage3_T5Train/curvature_RQ-VAE_iter23/ckpt/Amazon_2023_Instruments/Sep-26-2026_12-21-18/HG_Rec_best.pth
2026-09-26 12:38:17,593 - INFO - Epoch 87/150 train_loss=1.9454861974716187
2026-09-26 12:38:17,596 - INFO - No train loss improvement; patience=1
2026-09-26 12:38:29,193 - INFO - Epoch 88/150 train_loss=1.9407216691970826
2026-09-26 12:38:29,239 - INFO - Best train loss=1.9407216691970826; saved /home/wlia0047/ar57/wenyu/GeneRec/results/stage3_T5Train/curvature_RQ-VAE_iter23/ckpt/Amazon_2023_Instruments/Sep-26-2026_12-21-18/HG_Rec_best.pth
2026-09-26 12:38:40,837 - INFO - Epoch 89/150 train_loss=1.9391982126235963
2026-09-26 12:38:40,873 - INFO - Best train loss=1.9391982126235963; saved /home/wlia0047/ar57/wenyu/GeneRec/results/stage3_T5Train/curvature_RQ-VAE_iter23/ckpt/Amazon_2023_Instruments/Sep-26-2026_12-21-18/HG_Rec_best.pth
2026-09-26 12:38:52,477 - INFO - Epoch 90/150 train_loss=1.9366810894012452
2026-09-26 12:38:52,513 - INFO - Best train loss=1.9366810894012452; saved /home/wlia0047/ar57/wenyu/GeneRec/results/stage3_T5Train/curvature_RQ-VAE_iter23/ckpt/Amazon_2023_Instruments/Sep-26-2026_12-21-18/HG_Rec_best.pth
2026-09-26 12:39:04,121 - INFO - Epoch 91/150 train_loss=1.93364652633667
2026-09-26 12:39:04,158 - INFO - Best train loss=1.93364652633667; saved /home/wlia0047/ar57/wenyu/GeneRec/results/stage3_T5Train/curvature_RQ-VAE_iter23/ckpt/Amazon_2023_Instruments/Sep-26-2026_12-21-18/HG_Rec_best.pth
2026-09-26 12:39:16,286 - INFO - Epoch 92/150 train_loss=1.9334473323822021
2026-09-26 12:39:16,322 - INFO - Best train loss=1.9334473323822021; saved /home/wlia0047/ar57/wenyu/GeneRec/results/stage3_T5Train/curvature_RQ-VAE_iter23/ckpt/Amazon_2023_Instruments/Sep-26-2026_12-21-18/HG_Rec_best.pth
2026-09-26 12:39:27,923 - INFO - Epoch 93/150 train_loss=1.9287113189697265
2026-09-26 12:39:27,982 - INFO - Best train loss=1.9287113189697265; saved /home/wlia0047/ar57/wenyu/GeneRec/results/stage3_T5Train/curvature_RQ-VAE_iter23/ckpt/Amazon_2023_Instruments/Sep-26-2026_12-21-18/HG_Rec_best.pth
2026-09-26 12:39:39,586 - INFO - Epoch 94/150 train_loss=1.9321725797653198
2026-09-26 12:39:39,591 - INFO - No train loss improvement; patience=1
2026-09-26 12:39:51,193 - INFO - Epoch 95/150 train_loss=1.9266040563583373
2026-09-26 12:39:51,230 - INFO - Best train loss=1.9266040563583373; saved /home/wlia0047/ar57/wenyu/GeneRec/results/stage3_T5Train/curvature_RQ-VAE_iter23/ckpt/Amazon_2023_Instruments/Sep-26-2026_12-21-18/HG_Rec_best.pth
2026-09-26 12:40:02,837 - INFO - Epoch 96/150 train_loss=1.9261641263961793
2026-09-26 12:40:02,880 - INFO - Best train loss=1.9261641263961793; saved /home/wlia0047/ar57/wenyu/GeneRec/results/stage3_T5Train/curvature_RQ-VAE_iter23/ckpt/Amazon_2023_Instruments/Sep-26-2026_12-21-18/HG_Rec_best.pth
2026-09-26 12:40:14,487 - INFO - Epoch 97/150 train_loss=1.9254643201828003
2026-09-26 12:40:14,525 - INFO - Best train loss=1.9254643201828003; saved /home/wlia0047/ar57/wenyu/GeneRec/results/stage3_T5Train/curvature_RQ-VAE_iter23/ckpt/Amazon_2023_Instruments/Sep-26-2026_12-21-18/HG_Rec_best.pth
2026-09-26 12:40:26,135 - INFO - Epoch 98/150 train_loss=1.9239996290206909
2026-09-26 12:40:26,172 - INFO - Best train loss=1.9239996290206909; saved /home/wlia0047/ar57/wenyu/GeneRec/results/stage3_T5Train/curvature_RQ-VAE_iter23/ckpt/Amazon_2023_Instruments/Sep-26-2026_12-21-18/HG_Rec_best.pth
2026-09-26 12:40:37,774 - INFO - Epoch 99/150 train_loss=1.920557713508606
2026-09-26 12:40:37,811 - INFO - Best train loss=1.920557713508606; saved /home/wlia0047/ar57/wenyu/GeneRec/results/stage3_T5Train/curvature_RQ-VAE_iter23/ckpt/Amazon_2023_Instruments/Sep-26-2026_12-21-18/HG_Rec_best.pth
2026-09-26 12:40:49,412 - INFO - Epoch 100/150 train_loss=1.9202075052261351
2026-09-26 12:40:49,454 - INFO - Best train loss=1.9202075052261351; saved /home/wlia0047/ar57/wenyu/GeneRec/results/stage3_T5Train/curvature_RQ-VAE_iter23/ckpt/Amazon_2023_Instruments/Sep-26-2026_12-21-18/HG_Rec_best.pth
2026-09-26 12:41:01,062 - INFO - Epoch 101/150 train_loss=1.9166218328475952
2026-09-26 12:41:01,099 - INFO - Best train loss=1.9166218328475952; saved /home/wlia0047/ar57/wenyu/GeneRec/results/stage3_T5Train/curvature_RQ-VAE_iter23/ckpt/Amazon_2023_Instruments/Sep-26-2026_12-21-18/HG_Rec_best.pth
2026-09-26 12:41:12,953 - INFO - Epoch 102/150 train_loss=1.918166160583496
2026-09-26 12:41:12,970 - INFO - No train loss improvement; patience=1
2026-09-26 12:41:24,616 - INFO - Epoch 103/150 train_loss=1.9144150924682617
2026-09-26 12:41:24,685 - INFO - Best train loss=1.9144150924682617; saved /home/wlia0047/ar57/wenyu/GeneRec/results/stage3_T5Train/curvature_RQ-VAE_iter23/ckpt/Amazon_2023_Instruments/Sep-26-2026_12-21-18/HG_Rec_best.pth
2026-09-26 12:41:36,371 - INFO - Epoch 104/150 train_loss=1.9103584957122803
2026-09-26 12:41:36,409 - INFO - Best train loss=1.9103584957122803; saved /home/wlia0047/ar57/wenyu/GeneRec/results/stage3_T5Train/curvature_RQ-VAE_iter23/ckpt/Amazon_2023_Instruments/Sep-26-2026_12-21-18/HG_Rec_best.pth
2026-09-26 12:41:48,012 - INFO - Epoch 105/150 train_loss=1.9131502723693847
2026-09-26 12:41:48,039 - INFO - No train loss improvement; patience=1
2026-09-26 12:41:59,670 - INFO - Epoch 106/150 train_loss=1.908127646446228
2026-09-26 12:41:59,707 - INFO - Best train loss=1.908127646446228; saved /home/wlia0047/ar57/wenyu/GeneRec/results/stage3_T5Train/curvature_RQ-VAE_iter23/ckpt/Amazon_2023_Instruments/Sep-26-2026_12-21-18/HG_Rec_best.pth
2026-09-26 12:42:11,313 - INFO - Epoch 107/150 train_loss=1.9094349575042724
2026-09-26 12:42:11,318 - INFO - No train loss improvement; patience=1
2026-09-26 12:42:22,918 - INFO - Epoch 108/150 train_loss=1.9081827068328858
2026-09-26 12:42:22,932 - INFO - No train loss improvement; patience=2
2026-09-26 12:42:34,582 - INFO - Epoch 109/150 train_loss=1.903501443862915
2026-09-26 12:42:34,623 - INFO - Best train loss=1.903501443862915; saved /home/wlia0047/ar57/wenyu/GeneRec/results/stage3_T5Train/curvature_RQ-VAE_iter23/ckpt/Amazon_2023_Instruments/Sep-26-2026_12-21-18/HG_Rec_best.pth
2026-09-26 12:42:46,230 - INFO - Epoch 110/150 train_loss=1.9041791009902953
2026-09-26 12:42:46,235 - INFO - No train loss improvement; patience=1
2026-09-26 12:42:57,922 - INFO - Epoch 111/150 train_loss=1.9020585346221923
2026-09-26 12:42:57,966 - INFO - Best train loss=1.9020585346221923; saved /home/wlia0047/ar57/wenyu/GeneRec/results/stage3_T5Train/curvature_RQ-VAE_iter23/ckpt/Amazon_2023_Instruments/Sep-26-2026_12-21-18/HG_Rec_best.pth
2026-09-26 12:43:09,572 - INFO - Epoch 112/150 train_loss=1.9001181173324584
2026-09-26 12:43:09,611 - INFO - Best train loss=1.9001181173324584; saved /home/wlia0047/ar57/wenyu/GeneRec/results/stage3_T5Train/curvature_RQ-VAE_iter23/ckpt/Amazon_2023_Instruments/Sep-26-2026_12-21-18/HG_Rec_best.pth
2026-09-26 12:43:21,218 - INFO - Epoch 113/150 train_loss=1.8999835920333863
2026-09-26 12:43:21,255 - INFO - Best train loss=1.8999835920333863; saved /home/wlia0047/ar57/wenyu/GeneRec/results/stage3_T5Train/curvature_RQ-VAE_iter23/ckpt/Amazon_2023_Instruments/Sep-26-2026_12-21-18/HG_Rec_best.pth
2026-09-26 12:43:32,856 - INFO - Epoch 114/150 train_loss=1.8983921194076538
2026-09-26 12:43:32,891 - INFO - Best train loss=1.8983921194076538; saved /home/wlia0047/ar57/wenyu/GeneRec/results/stage3_T5Train/curvature_RQ-VAE_iter23/ckpt/Amazon_2023_Instruments/Sep-26-2026_12-21-18/HG_Rec_best.pth
2026-09-26 12:43:44,495 - INFO - Epoch 115/150 train_loss=1.8994608449935912
2026-09-26 12:43:44,498 - INFO - No train loss improvement; patience=1
2026-09-26 12:43:56,105 - INFO - Epoch 116/150 train_loss=1.8967239713668824
2026-09-26 12:43:56,142 - INFO - Best train loss=1.8967239713668824; saved /home/wlia0047/ar57/wenyu/GeneRec/results/stage3_T5Train/curvature_RQ-VAE_iter23/ckpt/Amazon_2023_Instruments/Sep-26-2026_12-21-18/HG_Rec_best.pth
2026-09-26 12:44:09,545 - INFO - Epoch 117/150 train_loss=1.8945009899139404
2026-09-26 12:44:09,583 - INFO - Best train loss=1.8945009899139404; saved /home/wlia0047/ar57/wenyu/GeneRec/results/stage3_T5Train/curvature_RQ-VAE_iter23/ckpt/Amazon_2023_Instruments/Sep-26-2026_12-21-18/HG_Rec_best.pth
2026-09-26 12:44:21,189 - INFO - Epoch 118/150 train_loss=1.89266197681427
2026-09-26 12:44:21,238 - INFO - Best train loss=1.89266197681427; saved /home/wlia0047/ar57/wenyu/GeneRec/results/stage3_T5Train/curvature_RQ-VAE_iter23/ckpt/Amazon_2023_Instruments/Sep-26-2026_12-21-18/HG_Rec_best.pth
2026-09-26 12:44:32,848 - INFO - Epoch 119/150 train_loss=1.8916156196594238
2026-09-26 12:44:32,883 - INFO - Best train loss=1.8916156196594238; saved /home/wlia0047/ar57/wenyu/GeneRec/results/stage3_T5Train/curvature_RQ-VAE_iter23/ckpt/Amazon_2023_Instruments/Sep-26-2026_12-21-18/HG_Rec_best.pth
2026-09-26 12:44:44,488 - INFO - Epoch 120/150 train_loss=1.8876987552642823
2026-09-26 12:44:44,523 - INFO - Best train loss=1.8876987552642823; saved /home/wlia0047/ar57/wenyu/GeneRec/results/stage3_T5Train/curvature_RQ-VAE_iter23/ckpt/Amazon_2023_Instruments/Sep-26-2026_12-21-18/HG_Rec_best.pth
2026-09-26 12:44:56,125 - INFO - Epoch 121/150 train_loss=1.8889797830581665
2026-09-26 12:44:56,130 - INFO - No train loss improvement; patience=1
2026-09-26 12:45:07,727 - INFO - Epoch 122/150 train_loss=1.8884114742279052
2026-09-26 12:45:07,739 - INFO - No train loss improvement; patience=2
2026-09-26 12:45:19,342 - INFO - Epoch 123/150 train_loss=1.883770031929016
2026-09-26 12:45:19,382 - INFO - Best train loss=1.883770031929016; saved /home/wlia0047/ar57/wenyu/GeneRec/results/stage3_T5Train/curvature_RQ-VAE_iter23/ckpt/Amazon_2023_Instruments/Sep-26-2026_12-21-18/HG_Rec_best.pth
2026-09-26 12:45:30,984 - INFO - Epoch 124/150 train_loss=1.8856675815582276
2026-09-26 12:45:30,988 - INFO - No train loss improvement; patience=1
2026-09-26 12:45:42,590 - INFO - Epoch 125/150 train_loss=1.8831380558013917
2026-09-26 12:45:42,631 - INFO - Best train loss=1.8831380558013917; saved /home/wlia0047/ar57/wenyu/GeneRec/results/stage3_T5Train/curvature_RQ-VAE_iter23/ckpt/Amazon_2023_Instruments/Sep-26-2026_12-21-18/HG_Rec_best.pth
2026-09-26 12:45:54,235 - INFO - Epoch 126/150 train_loss=1.8823710918426513
2026-09-26 12:45:54,274 - INFO - Best train loss=1.8823710918426513; saved /home/wlia0047/ar57/wenyu/GeneRec/results/stage3_T5Train/curvature_RQ-VAE_iter23/ckpt/Amazon_2023_Instruments/Sep-26-2026_12-21-18/HG_Rec_best.pth
2026-09-26 12:46:05,884 - INFO - Epoch 127/150 train_loss=1.880619659423828
2026-09-26 12:46:05,921 - INFO - Best train loss=1.880619659423828; saved /home/wlia0047/ar57/wenyu/GeneRec/results/stage3_T5Train/curvature_RQ-VAE_iter23/ckpt/Amazon_2023_Instruments/Sep-26-2026_12-21-18/HG_Rec_best.pth
2026-09-26 12:46:17,526 - INFO - Epoch 128/150 train_loss=1.8824968957901
2026-09-26 12:46:17,529 - INFO - No train loss improvement; patience=1
2026-09-26 12:46:29,133 - INFO - Epoch 129/150 train_loss=1.8794057655334473
2026-09-26 12:46:29,171 - INFO - Best train loss=1.8794057655334473; saved /home/wlia0047/ar57/wenyu/GeneRec/results/stage3_T5Train/curvature_RQ-VAE_iter23/ckpt/Amazon_2023_Instruments/Sep-26-2026_12-21-18/HG_Rec_best.pth
2026-09-26 12:46:40,778 - INFO - Epoch 130/150 train_loss=1.879988327026367
2026-09-26 12:46:40,785 - INFO - No train loss improvement; patience=1
2026-09-26 12:46:52,391 - INFO - Epoch 131/150 train_loss=1.8793954181671142
2026-09-26 12:46:52,429 - INFO - Best train loss=1.8793954181671142; saved /home/wlia0047/ar57/wenyu/GeneRec/results/stage3_T5Train/curvature_RQ-VAE_iter23/ckpt/Amazon_2023_Instruments/Sep-26-2026_12-21-18/HG_Rec_best.pth
2026-09-26 12:47:04,037 - INFO - Epoch 132/150 train_loss=1.8770401000976562
2026-09-26 12:47:04,076 - INFO - Best train loss=1.8770401000976562; saved /home/wlia0047/ar57/wenyu/GeneRec/results/stage3_T5Train/curvature_RQ-VAE_iter23/ckpt/Amazon_2023_Instruments/Sep-26-2026_12-21-18/HG_Rec_best.pth
2026-09-26 12:47:15,681 - INFO - Epoch 133/150 train_loss=1.8785377597808839
2026-09-26 12:47:15,684 - INFO - No train loss improvement; patience=1
2026-09-26 12:47:27,285 - INFO - Epoch 134/150 train_loss=1.8743531274795533
2026-09-26 12:47:27,328 - INFO - Best train loss=1.8743531274795533; saved /home/wlia0047/ar57/wenyu/GeneRec/results/stage3_T5Train/curvature_RQ-VAE_iter23/ckpt/Amazon_2023_Instruments/Sep-26-2026_12-21-18/HG_Rec_best.pth
2026-09-26 12:47:38,937 - INFO - Epoch 135/150 train_loss=1.8729682970046997
2026-09-26 12:47:38,977 - INFO - Best train loss=1.8729682970046997; saved /home/wlia0047/ar57/wenyu/GeneRec/results/stage3_T5Train/curvature_RQ-VAE_iter23/ckpt/Amazon_2023_Instruments/Sep-26-2026_12-21-18/HG_Rec_best.pth
2026-09-26 12:47:50,586 - INFO - Epoch 136/150 train_loss=1.8741329336166381
2026-09-26 12:47:50,592 - INFO - No train loss improvement; patience=1
2026-09-26 12:48:02,197 - INFO - Epoch 137/150 train_loss=1.8741399145126343
2026-09-26 12:48:02,203 - INFO - No train loss improvement; patience=2
2026-09-26 12:48:13,806 - INFO - Epoch 138/150 train_loss=1.872496304512024
2026-09-26 12:48:13,845 - INFO - Best train loss=1.872496304512024; saved /home/wlia0047/ar57/wenyu/GeneRec/results/stage3_T5Train/curvature_RQ-VAE_iter23/ckpt/Amazon_2023_Instruments/Sep-26-2026_12-21-18/HG_Rec_best.pth
2026-09-26 12:48:25,450 - INFO - Epoch 139/150 train_loss=1.8730404090881347
2026-09-26 12:48:25,454 - INFO - No train loss improvement; patience=1
2026-09-26 12:48:37,060 - INFO - Epoch 140/150 train_loss=1.8694849252700805
2026-09-26 12:48:37,097 - INFO - Best train loss=1.8694849252700805; saved /home/wlia0047/ar57/wenyu/GeneRec/results/stage3_T5Train/curvature_RQ-VAE_iter23/ckpt/Amazon_2023_Instruments/Sep-26-2026_12-21-18/HG_Rec_best.pth
2026-09-26 12:48:48,706 - INFO - Epoch 141/150 train_loss=1.8739471006393433
2026-09-26 12:48:48,708 - INFO - No train loss improvement; patience=1
2026-09-26 12:49:00,315 - INFO - Epoch 142/150 train_loss=1.871720724105835
2026-09-26 12:49:00,319 - INFO - No train loss improvement; patience=2
2026-09-26 12:49:11,928 - INFO - Epoch 143/150 train_loss=1.8679649305343629
2026-09-26 12:49:11,974 - INFO - Best train loss=1.8679649305343629; saved /home/wlia0047/ar57/wenyu/GeneRec/results/stage3_T5Train/curvature_RQ-VAE_iter23/ckpt/Amazon_2023_Instruments/Sep-26-2026_12-21-18/HG_Rec_best.pth
2026-09-26 12:49:23,581 - INFO - Epoch 144/150 train_loss=1.8655507946014405
2026-09-26 12:49:23,617 - INFO - Best train loss=1.8655507946014405; saved /home/wlia0047/ar57/wenyu/GeneRec/results/stage3_T5Train/curvature_RQ-VAE_iter23/ckpt/Amazon_2023_Instruments/Sep-26-2026_12-21-18/HG_Rec_best.pth
2026-09-26 12:49:35,221 - INFO - Epoch 145/150 train_loss=1.8659285974502564
2026-09-26 12:49:35,225 - INFO - No train loss improvement; patience=1
2026-09-26 12:49:46,832 - INFO - Epoch 146/150 train_loss=1.8658358716964722
2026-09-26 12:49:46,835 - INFO - No train loss improvement; patience=2
2026-09-26 12:49:58,437 - INFO - Epoch 147/150 train_loss=1.861471552848816
2026-09-26 12:49:58,478 - INFO - Best train loss=1.861471552848816; saved /home/wlia0047/ar57/wenyu/GeneRec/results/stage3_T5Train/curvature_RQ-VAE_iter23/ckpt/Amazon_2023_Instruments/Sep-26-2026_12-21-18/HG_Rec_best.pth
2026-09-26 12:50:10,079 - INFO - Epoch 148/150 train_loss=1.8639500427246094
2026-09-26 12:50:10,084 - INFO - No train loss improvement; patience=1
2026-09-26 12:50:21,681 - INFO - Epoch 149/150 train_loss=1.8651191473007203
2026-09-26 12:50:21,697 - INFO - No train loss improvement; patience=2
2026-09-26 12:50:33,304 - INFO - Epoch 150/150 train_loss=1.8621921062469482
2026-09-26 12:50:33,307 - INFO - No train loss improvement; patience=3
2026-09-26 12:58:44,616 - INFO - Test={'best_checkpoint': '/home/wlia0047/ar57/wenyu/GeneRec/results/stage3_T5Train/curvature_RQ-VAE_iter23/ckpt/Amazon_2023_Instruments/Sep-26-2026_12-21-18/HG_Rec_best.pth', 'n_eval': 57439, 'test_recall@5': 0.03508069430178102, 'test_recall@10': 0.05235118995804244, 'test_ndcg@5': 0.023477038232871904, 'test_ndcg@10': 0.029022892570999326}
