W1007 05:51:52.671971 3570126 /fs04/scratch2/ar57/wenyu/genrec_env_v2/lib/python3.9/site-packages/torch/distributed/run.py:774] 
W1007 05:51:52.671971 3570126 /fs04/scratch2/ar57/wenyu/genrec_env_v2/lib/python3.9/site-packages/torch/distributed/run.py:774] *****************************************
W1007 05:51:52.671971 3570126 /fs04/scratch2/ar57/wenyu/genrec_env_v2/lib/python3.9/site-packages/torch/distributed/run.py:774] Setting OMP_NUM_THREADS environment variable for each process to be 1 in default, to avoid your system being overloaded, please further tune the variable for optimal performance in your application as needed. 
W1007 05:51:52.671971 3570126 /fs04/scratch2/ar57/wenyu/genrec_env_v2/lib/python3.9/site-packages/torch/distributed/run.py:774] *****************************************
[hyperbolic] cold_start=true max_global_steps=72000 batch_size_per_rank=1024 total_effective_batch=4096 c=[1.0, 1.0, 1.0] radius=[0.2, 0.2, 0.15]
[RecBole RQ-VAE] initializing codebooks with KMeans
/fs04/ar57/wenyu/GeneRec/stage2_RQ-VAE/curvature_RQ-VAE_iter101/model/layers.py:113: UserWarning: Deterministic behavior was enabled with either `torch.use_deterministic_algorithms(True)` or `at::Context::setDeterministicAlgorithms(true)`, but this operation is not deterministic because it uses CuBLAS and you have CUDA >= 10.2. To enable deterministic behavior in this case, you must set an environment variable before running your PyTorch application: CUBLAS_WORKSPACE_CONFIG=:4096:8 or CUBLAS_WORKSPACE_CONFIG=:16:8. For more information, go to https://docs.nvidia.com/cuda/cublas/index.html#results-reproducibility (Triggered internally at /pytorch/aten/src/ATen/Context.cpp:233.)
  dot = x_point @ y_point.t()
/fs04/ar57/wenyu/GeneRec/stage2_RQ-VAE/curvature_RQ-VAE_iter101/model/layers.py:113: UserWarning: Deterministic behavior was enabled with either `torch.use_deterministic_algorithms(True)` or `at::Context::setDeterministicAlgorithms(true)`, but this operation is not deterministic because it uses CuBLAS and you have CUDA >= 10.2. To enable deterministic behavior in this case, you must set an environment variable before running your PyTorch application: CUBLAS_WORKSPACE_CONFIG=:4096:8 or CUBLAS_WORKSPACE_CONFIG=:16:8. For more information, go to https://docs.nvidia.com/cuda/cublas/index.html#results-reproducibility (Triggered internally at /pytorch/aten/src/ATen/Context.cpp:233.)
  dot = x_point @ y_point.t()
/fs04/ar57/wenyu/GeneRec/stage2_RQ-VAE/curvature_RQ-VAE_iter101/model/layers.py:113: UserWarning: Deterministic behavior was enabled with either `torch.use_deterministic_algorithms(True)` or `at::Context::setDeterministicAlgorithms(true)`, but this operation is not deterministic because it uses CuBLAS and you have CUDA >= 10.2. To enable deterministic behavior in this case, you must set an environment variable before running your PyTorch application: CUBLAS_WORKSPACE_CONFIG=:4096:8 or CUBLAS_WORKSPACE_CONFIG=:16:8. For more information, go to https://docs.nvidia.com/cuda/cublas/index.html#results-reproducibility (Triggered internally at /pytorch/aten/src/ATen/Context.cpp:233.)
  dot = x_point @ y_point.t()
/fs04/ar57/wenyu/GeneRec/stage2_RQ-VAE/curvature_RQ-VAE_iter101/model/layers.py:113: UserWarning: Deterministic behavior was enabled with either `torch.use_deterministic_algorithms(True)` or `at::Context::setDeterministicAlgorithms(true)`, but this operation is not deterministic because it uses CuBLAS and you have CUDA >= 10.2. To enable deterministic behavior in this case, you must set an environment variable before running your PyTorch application: CUBLAS_WORKSPACE_CONFIG=:4096:8 or CUBLAS_WORKSPACE_CONFIG=:16:8. For more information, go to https://docs.nvidia.com/cuda/cublas/index.html#results-reproducibility (Triggered internally at /pytorch/aten/src/ATen/Context.cpp:233.)
  dot = x_point @ y_point.t()
/fs04/ar57/wenyu/GeneRec/stage2_RQ-VAE/curvature_RQ-VAE_iter101/model/layers.py:113: UserWarning: Deterministic behavior was enabled with either `torch.use_deterministic_algorithms(True)` or `at::Context::setDeterministicAlgorithms(true)`, but this operation is not deterministic because it uses CuBLAS and you have CUDA >= 10.2. To enable deterministic behavior in this case, you must set an environment variable before running your PyTorch application: CUBLAS_WORKSPACE_CONFIG=:4096:8 or CUBLAS_WORKSPACE_CONFIG=:16:8. For more information, go to https://docs.nvidia.com/cuda/cublas/index.html#results-reproducibility (Triggered internally at /pytorch/aten/src/ATen/Context.cpp:233.)
  dot = x_point @ y_point.t()
/fs04/ar57/wenyu/GeneRec/stage2_RQ-VAE/curvature_RQ-VAE_iter101/model/layers.py:113: UserWarning: Deterministic behavior was enabled with either `torch.use_deterministic_algorithms(True)` or `at::Context::setDeterministicAlgorithms(true)`, but this operation is not deterministic because it uses CuBLAS and you have CUDA >= 10.2. To enable deterministic behavior in this case, you must set an environment variable before running your PyTorch application: CUBLAS_WORKSPACE_CONFIG=:4096:8 or CUBLAS_WORKSPACE_CONFIG=:16:8. For more information, go to https://docs.nvidia.com/cuda/cublas/index.html#results-reproducibility (Triggered internally at /pytorch/aten/src/ATen/Context.cpp:233.)
  dot = x_point @ y_point.t()
/fs04/ar57/wenyu/GeneRec/stage2_RQ-VAE/curvature_RQ-VAE_iter101/model/layers.py:113: UserWarning: Deterministic behavior was enabled with either `torch.use_deterministic_algorithms(True)` or `at::Context::setDeterministicAlgorithms(true)`, but this operation is not deterministic because it uses CuBLAS and you have CUDA >= 10.2. To enable deterministic behavior in this case, you must set an environment variable before running your PyTorch application: CUBLAS_WORKSPACE_CONFIG=:4096:8 or CUBLAS_WORKSPACE_CONFIG=:16:8. For more information, go to https://docs.nvidia.com/cuda/cublas/index.html#results-reproducibility (Triggered internally at /pytorch/aten/src/ATen/Context.cpp:233.)
  dot = x_point @ y_point.t()
/fs04/ar57/wenyu/GeneRec/stage2_RQ-VAE/curvature_RQ-VAE_iter101/model/layers.py:113: UserWarning: Deterministic behavior was enabled with either `torch.use_deterministic_algorithms(True)` or `at::Context::setDeterministicAlgorithms(true)`, but this operation is not deterministic because it uses CuBLAS and you have CUDA >= 10.2. To enable deterministic behavior in this case, you must set an environment variable before running your PyTorch application: CUBLAS_WORKSPACE_CONFIG=:4096:8 or CUBLAS_WORKSPACE_CONFIG=:16:8. For more information, go to https://docs.nvidia.com/cuda/cublas/index.html#results-reproducibility (Triggered internally at /pytorch/aten/src/ATen/Context.cpp:233.)
  dot = x_point @ y_point.t()
/fs04/ar57/wenyu/GeneRec/stage2_RQ-VAE/curvature_RQ-VAE_iter101/model/layers.py:113: UserWarning: Deterministic behavior was enabled with either `torch.use_deterministic_algorithms(True)` or `at::Context::setDeterministicAlgorithms(true)`, but this operation is not deterministic because it uses CuBLAS and you have CUDA >= 10.2. To enable deterministic behavior in this case, you must set an environment variable before running your PyTorch application: CUBLAS_WORKSPACE_CONFIG=:4096:8 or CUBLAS_WORKSPACE_CONFIG=:16:8. For more information, go to https://docs.nvidia.com/cuda/cublas/index.html#results-reproducibility (Triggered internally at /pytorch/aten/src/ATen/Context.cpp:233.)
  dot = x_point @ y_point.t()
/fs04/ar57/wenyu/GeneRec/stage2_RQ-VAE/curvature_RQ-VAE_iter101/model/layers.py:113: UserWarning: Deterministic behavior was enabled with either `torch.use_deterministic_algorithms(True)` or `at::Context::setDeterministicAlgorithms(true)`, but this operation is not deterministic because it uses CuBLAS and you have CUDA >= 10.2. To enable deterministic behavior in this case, you must set an environment variable before running your PyTorch application: CUBLAS_WORKSPACE_CONFIG=:4096:8 or CUBLAS_WORKSPACE_CONFIG=:16:8. For more information, go to https://docs.nvidia.com/cuda/cublas/index.html#results-reproducibility (Triggered internally at /pytorch/aten/src/ATen/Context.cpp:233.)
  dot = x_point @ y_point.t()
/fs04/ar57/wenyu/GeneRec/stage2_RQ-VAE/curvature_RQ-VAE_iter101/model/layers.py:113: UserWarning: Deterministic behavior was enabled with either `torch.use_deterministic_algorithms(True)` or `at::Context::setDeterministicAlgorithms(true)`, but this operation is not deterministic because it uses CuBLAS and you have CUDA >= 10.2. To enable deterministic behavior in this case, you must set an environment variable before running your PyTorch application: CUBLAS_WORKSPACE_CONFIG=:4096:8 or CUBLAS_WORKSPACE_CONFIG=:16:8. For more information, go to https://docs.nvidia.com/cuda/cublas/index.html#results-reproducibility (Triggered internally at /pytorch/aten/src/ATen/Context.cpp:233.)
  dot = x_point @ y_point.t()
/fs04/ar57/wenyu/GeneRec/stage2_RQ-VAE/curvature_RQ-VAE_iter101/model/layers.py:113: UserWarning: Deterministic behavior was enabled with either `torch.use_deterministic_algorithms(True)` or `at::Context::setDeterministicAlgorithms(true)`, but this operation is not deterministic because it uses CuBLAS and you have CUDA >= 10.2. To enable deterministic behavior in this case, you must set an environment variable before running your PyTorch application: CUBLAS_WORKSPACE_CONFIG=:4096:8 or CUBLAS_WORKSPACE_CONFIG=:16:8. For more information, go to https://docs.nvidia.com/cuda/cublas/index.html#results-reproducibility (Triggered internally at /pytorch/aten/src/ATen/Context.cpp:233.)
  dot = x_point @ y_point.t()
/home/wlia0047/ar57_scratch/wenyu/genrec_env_v2/lib64/python3.9/site-packages/torch/distributed/distributed_c10d.py:4807: UserWarning: No device id is provided via `init_process_group` or `barrier `. Using the current device set by the user. 
  warnings.warn(  # warn only once
/home/wlia0047/ar57_scratch/wenyu/genrec_env_v2/lib64/python3.9/site-packages/torch/distributed/distributed_c10d.py:4807: UserWarning: No device id is provided via `init_process_group` or `barrier `. Using the current device set by the user. 
  warnings.warn(  # warn only once
/home/wlia0047/ar57_scratch/wenyu/genrec_env_v2/lib64/python3.9/site-packages/torch/distributed/distributed_c10d.py:4807: UserWarning: No device id is provided via `init_process_group` or `barrier `. Using the current device set by the user. 
  warnings.warn(  # warn only once
/home/wlia0047/ar57_scratch/wenyu/genrec_env_v2/lib64/python3.9/site-packages/torch/distributed/distributed_c10d.py:4807: UserWarning: No device id is provided via `init_process_group` or `barrier `. Using the current device set by the user. 
  warnings.warn(  # warn only once
/home/wlia0047/ar57_scratch/wenyu/genrec_env_v2/lib64/python3.9/site-packages/torch/autograd/graph.py:829: UserWarning: Deterministic behavior was enabled with either `torch.use_deterministic_algorithms(True)` or `at::Context::setDeterministicAlgorithms(true)`, but this operation is not deterministic because it uses CuBLAS and you have CUDA >= 10.2. To enable deterministic behavior in this case, you must set an environment variable before running your PyTorch application: CUBLAS_WORKSPACE_CONFIG=:4096:8 or CUBLAS_WORKSPACE_CONFIG=:16:8. For more information, go to https://docs.nvidia.com/cuda/cublas/index.html#results-reproducibility (Triggered internally at /pytorch/aten/src/ATen/Context.cpp:233.)
  return Variable._execution_engine.run_backward(  # Calls into the C++ engine to run the backward pass
/home/wlia0047/ar57_scratch/wenyu/genrec_env_v2/lib64/python3.9/site-packages/torch/autograd/graph.py:829: UserWarning: Deterministic behavior was enabled with either `torch.use_deterministic_algorithms(True)` or `at::Context::setDeterministicAlgorithms(true)`, but this operation is not deterministic because it uses CuBLAS and you have CUDA >= 10.2. To enable deterministic behavior in this case, you must set an environment variable before running your PyTorch application: CUBLAS_WORKSPACE_CONFIG=:4096:8 or CUBLAS_WORKSPACE_CONFIG=:16:8. For more information, go to https://docs.nvidia.com/cuda/cublas/index.html#results-reproducibility (Triggered internally at /pytorch/aten/src/ATen/Context.cpp:233.)
  return Variable._execution_engine.run_backward(  # Calls into the C++ engine to run the backward pass
/home/wlia0047/ar57_scratch/wenyu/genrec_env_v2/lib64/python3.9/site-packages/torch/autograd/graph.py:829: UserWarning: Deterministic behavior was enabled with either `torch.use_deterministic_algorithms(True)` or `at::Context::setDeterministicAlgorithms(true)`, but this operation is not deterministic because it uses CuBLAS and you have CUDA >= 10.2. To enable deterministic behavior in this case, you must set an environment variable before running your PyTorch application: CUBLAS_WORKSPACE_CONFIG=:4096:8 or CUBLAS_WORKSPACE_CONFIG=:16:8. For more information, go to https://docs.nvidia.com/cuda/cublas/index.html#results-reproducibility (Triggered internally at /pytorch/aten/src/ATen/Context.cpp:233.)
  return Variable._execution_engine.run_backward(  # Calls into the C++ engine to run the backward pass
/home/wlia0047/ar57_scratch/wenyu/genrec_env_v2/lib64/python3.9/site-packages/torch/autograd/graph.py:829: UserWarning: Deterministic behavior was enabled with either `torch.use_deterministic_algorithms(True)` or `at::Context::setDeterministicAlgorithms(true)`, but this operation is not deterministic because it uses CuBLAS and you have CUDA >= 10.2. To enable deterministic behavior in this case, you must set an environment variable before running your PyTorch application: CUBLAS_WORKSPACE_CONFIG=:4096:8 or CUBLAS_WORKSPACE_CONFIG=:16:8. For more information, go to https://docs.nvidia.com/cuda/cublas/index.html#results-reproducibility (Triggered internally at /pytorch/aten/src/ATen/Context.cpp:233.)
  return Variable._execution_engine.run_backward(  # Calls into the C++ engine to run the backward pass
[hyperbolic] global_step=180/72000 local_updates=45 loss=0.11823097 recon=0.00020729
[hyperbolic] global_step=232/72000 local_updates=58 loss=0.11469362 recon=0.00021126
[hyperbolic] global_step=308/72000 local_updates=77 loss=0.11386076 recon=0.00016711
[hyperbolic] global_step=412/72000 local_updates=103 loss=0.11025470 recon=0.00019448
[hyperbolic] global_step=508/72000 local_updates=127 loss=0.11580595 recon=0.00020065
[hyperbolic] global_step=616/72000 local_updates=154 loss=0.11318259 recon=0.00014210
[hyperbolic] global_step=728/72000 local_updates=182 loss=0.10865872 recon=0.00018126
[hyperbolic] global_step=840/72000 local_updates=210 loss=0.11079454 recon=0.00018318
[hyperbolic] global_step=952/72000 local_updates=238 loss=0.10979836 recon=0.00016363
[hyperbolic] global_step=1060/72000 local_updates=265 loss=0.10813205 recon=0.00015849
[hyperbolic] global_step=1176/72000 local_updates=294 loss=0.11142497 recon=0.00016003
[hyperbolic] global_step=1292/72000 local_updates=323 loss=0.11205292 recon=0.00017347
[hyperbolic] global_step=1404/72000 local_updates=351 loss=0.10948218 recon=0.00017686
[hyperbolic] global_step=1520/72000 local_updates=380 loss=0.11204783 recon=0.00014918
[hyperbolic] global_step=1636/72000 local_updates=409 loss=0.11212683 recon=0.00015161
[hyperbolic] global_step=1748/72000 local_updates=437 loss=0.10863853 recon=0.00017865
[hyperbolic] global_step=1868/72000 local_updates=467 loss=0.10771582 recon=0.00016982
[hyperbolic] global_step=1984/72000 local_updates=496 loss=0.10841049 recon=0.00016716
[hyperbolic] global_step=2100/72000 local_updates=525 loss=0.10903905 recon=0.00014603
[hyperbolic] global_step=2224/72000 local_updates=556 loss=0.10999746 recon=0.00015301
[hyperbolic] global_step=2344/72000 local_updates=586 loss=0.10779528 recon=0.00016094
[hyperbolic] global_step=2468/72000 local_updates=617 loss=0.10670634 recon=0.00015660
[hyperbolic] global_step=2580/72000 local_updates=645 loss=0.10970094 recon=0.00015400
[hyperbolic] global_step=2692/72000 local_updates=673 loss=0.11045808 recon=0.00015858
[hyperbolic] global_step=2812/72000 local_updates=703 loss=0.10883843 recon=0.00016566
[hyperbolic] global_step=2932/72000 local_updates=733 loss=0.10937582 recon=0.00016609
[hyperbolic] global_step=3052/72000 local_updates=763 loss=0.10849372 recon=0.00016189
[hyperbolic] global_step=3184/72000 local_updates=796 loss=0.10806575 recon=0.00015542
[hyperbolic] global_step=3300/72000 local_updates=825 loss=0.10990561 recon=0.00016384
[hyperbolic] global_step=3416/72000 local_updates=854 loss=0.10840790 recon=0.00015312
[hyperbolic] global_step=3544/72000 local_updates=886 loss=0.10602679 recon=0.00016246
[hyperbolic] global_step=3664/72000 local_updates=916 loss=0.10745262 recon=0.00013836
[hyperbolic] global_step=3784/72000 local_updates=946 loss=0.10449086 recon=0.00015213
[hyperbolic] global_step=3908/72000 local_updates=977 loss=0.10638463 recon=0.00015955
[hyperbolic] global_step=4024/72000 local_updates=1006 loss=0.10633285 recon=0.00014524
[hyperbolic] global_step=4144/72000 local_updates=1036 loss=0.10873655 recon=0.00015117
[hyperbolic] global_step=4260/72000 local_updates=1065 loss=0.10996946 recon=0.00015412
[hyperbolic] global_step=4380/72000 local_updates=1095 loss=0.10458568 recon=0.00016414
[hyperbolic] global_step=4500/72000 local_updates=1125 loss=0.10862805 recon=0.00012634
[hyperbolic] global_step=4620/72000 local_updates=1155 loss=0.10910796 recon=0.00016094
[hyperbolic] global_step=4736/72000 local_updates=1184 loss=0.10883455 recon=0.00017152
[hyperbolic] global_step=4868/72000 local_updates=1217 loss=0.10615411 recon=0.00014461
[hyperbolic] global_step=4992/72000 local_updates=1248 loss=0.10641362 recon=0.00015391
[hyperbolic] global_step=5120/72000 local_updates=1280 loss=0.10555369 recon=0.00016629
[hyperbolic] global_step=5248/72000 local_updates=1312 loss=0.10863044 recon=0.00015569
[hyperbolic] global_step=5376/72000 local_updates=1344 loss=0.10337351 recon=0.00013808
[hyperbolic] global_step=5504/72000 local_updates=1376 loss=0.10518311 recon=0.00014633
[hyperbolic] global_step=5632/72000 local_updates=1408 loss=0.10458709 recon=0.00013647
[hyperbolic] global_step=5760/72000 local_updates=1440 loss=0.10706094 recon=0.00013347
[hyperbolic] global_step=5888/72000 local_updates=1472 loss=0.10581009 recon=0.00019579
[hyperbolic] global_step=6020/72000 local_updates=1505 loss=0.10582612 recon=0.00015988
[hyperbolic] global_step=6148/72000 local_updates=1537 loss=0.10726672 recon=0.00017547
[hyperbolic] global_step=6272/72000 local_updates=1568 loss=0.10456513 recon=0.00015164
[hyperbolic] global_step=6396/72000 local_updates=1599 loss=0.10704438 recon=0.00015295
[hyperbolic] global_step=6528/72000 local_updates=1632 loss=0.10656007 recon=0.00015385
[hyperbolic] global_step=6656/72000 local_updates=1664 loss=0.10484110 recon=0.00014140
[hyperbolic] global_step=6776/72000 local_updates=1694 loss=0.10575116 recon=0.00014639
[hyperbolic] global_step=6904/72000 local_updates=1726 loss=0.10512582 recon=0.00014710
[hyperbolic] global_step=7032/72000 local_updates=1758 loss=0.10634975 recon=0.00014959
[hyperbolic] global_step=7152/72000 local_updates=1788 loss=0.10518833 recon=0.00014452
[hyperbolic] global_step=7272/72000 local_updates=1818 loss=0.10754278 recon=0.00015979
[hyperbolic] global_step=7396/72000 local_updates=1849 loss=0.10480736 recon=0.00015655
[hyperbolic] global_step=7524/72000 local_updates=1881 loss=0.10572363 recon=0.00014291
[hyperbolic] global_step=7656/72000 local_updates=1914 loss=0.10668015 recon=0.00017481
[hyperbolic] global_step=7780/72000 local_updates=1945 loss=0.10374939 recon=0.00014072
[hyperbolic] global_step=7904/72000 local_updates=1976 loss=0.10421930 recon=0.00014788
[hyperbolic] global_step=8024/72000 local_updates=2006 loss=0.10295034 recon=0.00014031
[hyperbolic] global_step=8152/72000 local_updates=2038 loss=0.10461035 recon=0.00014624
[hyperbolic] global_step=8280/72000 local_updates=2070 loss=0.10746813 recon=0.00015261
[hyperbolic] global_step=8404/72000 local_updates=2101 loss=0.10694737 recon=0.00015607
[hyperbolic] global_step=8520/72000 local_updates=2130 loss=0.10536693 recon=0.00015659
[hyperbolic] global_step=8640/72000 local_updates=2160 loss=0.10679064 recon=0.00014446
[hyperbolic] global_step=8764/72000 local_updates=2191 loss=0.10502245 recon=0.00014479
[hyperbolic] global_step=8892/72000 local_updates=2223 loss=0.10430354 recon=0.00016329
[hyperbolic] global_step=9020/72000 local_updates=2255 loss=0.10561134 recon=0.00016141
[hyperbolic] global_step=9148/72000 local_updates=2287 loss=0.10516068 recon=0.00014918
[hyperbolic] global_step=9272/72000 local_updates=2318 loss=0.10502566 recon=0.00013990
[hyperbolic] global_step=9400/72000 local_updates=2350 loss=0.10452175 recon=0.00014525
[hyperbolic] global_step=9528/72000 local_updates=2382 loss=0.10572844 recon=0.00015674
[hyperbolic] global_step=9660/72000 local_updates=2415 loss=0.10309651 recon=0.00015054
[hyperbolic] global_step=9788/72000 local_updates=2447 loss=0.10577149 recon=0.00014766
[hyperbolic] global_step=9908/72000 local_updates=2477 loss=0.10314344 recon=0.00016786
[hyperbolic] global_step=10000/72000 loss=0.10795215 recon=0.00015614 s=[0.2, 0.2, 0.15] c=[1.0, 1.0, 1.0] epsilon=[0.003, 0.003, 0.003] raw_unique=24548/24587 collision=0.001586 behaviour=0.21692734 margin=[0.003328, 0.009762, 0.01186] N=[339519, 22374, 813] prefix_unique=[256, 15808, 23528] codebook_used=[256, 256, 256]
[hyperbolic] global_step=10124/72000 local_updates=2531 loss=0.10627555 recon=0.00015556
[hyperbolic] global_step=10244/72000 local_updates=2561 loss=0.10826090 recon=0.00015078
[hyperbolic] global_step=10368/72000 local_updates=2592 loss=0.10411293 recon=0.00013635
[hyperbolic] global_step=10492/72000 local_updates=2623 loss=0.10458687 recon=0.00014213
[hyperbolic] global_step=10616/72000 local_updates=2654 loss=0.10282009 recon=0.00014701
[hyperbolic] global_step=10744/72000 local_updates=2686 loss=0.10555035 recon=0.00014682
[hyperbolic] global_step=10876/72000 local_updates=2719 loss=0.10373671 recon=0.00015904
[hyperbolic] global_step=11000/72000 local_updates=2750 loss=0.10665245 recon=0.00015802
[hyperbolic] global_step=11132/72000 local_updates=2783 loss=0.10500796 recon=0.00015929
[hyperbolic] global_step=11260/72000 local_updates=2815 loss=0.10427682 recon=0.00013399
[hyperbolic] global_step=11388/72000 local_updates=2847 loss=0.10518424 recon=0.00014601
[hyperbolic] global_step=11520/72000 local_updates=2880 loss=0.10464689 recon=0.00012649
[hyperbolic] global_step=11652/72000 local_updates=2913 loss=0.10629206 recon=0.00015386
[hyperbolic] global_step=11784/72000 local_updates=2946 loss=0.10584794 recon=0.00015604
[hyperbolic] global_step=11912/72000 local_updates=2978 loss=0.10583781 recon=0.00015647
[hyperbolic] global_step=12036/72000 local_updates=3009 loss=0.10448971 recon=0.00012901
[hyperbolic] global_step=12164/72000 local_updates=3041 loss=0.10530429 recon=0.00013185
[hyperbolic] global_step=12284/72000 local_updates=3071 loss=0.10593051 recon=0.00014711
[hyperbolic] global_step=12408/72000 local_updates=3102 loss=0.10491311 recon=0.00013529
[hyperbolic] global_step=12532/72000 local_updates=3133 loss=0.10503898 recon=0.00015407
[hyperbolic] global_step=12664/72000 local_updates=3166 loss=0.10449458 recon=0.00013693
[hyperbolic] global_step=12788/72000 local_updates=3197 loss=0.10522239 recon=0.00014934
[hyperbolic] global_step=12908/72000 local_updates=3227 loss=0.10540323 recon=0.00015503
[hyperbolic] global_step=13036/72000 local_updates=3259 loss=0.10437521 recon=0.00014905
[hyperbolic] global_step=13168/72000 local_updates=3292 loss=0.10532549 recon=0.00015030
[hyperbolic] global_step=13300/72000 local_updates=3325 loss=0.10578260 recon=0.00012770
[hyperbolic] global_step=13428/72000 local_updates=3357 loss=0.10365169 recon=0.00011728
[hyperbolic] global_step=13552/72000 local_updates=3388 loss=0.10383779 recon=0.00013696
[hyperbolic] global_step=13668/72000 local_updates=3417 loss=0.10445783 recon=0.00012938
[hyperbolic] global_step=13796/72000 local_updates=3449 loss=0.10557183 recon=0.00014118
[hyperbolic] global_step=13916/72000 local_updates=3479 loss=0.10448400 recon=0.00014542
[hyperbolic] global_step=14040/72000 local_updates=3510 loss=0.10281941 recon=0.00013871
[hyperbolic] global_step=14164/72000 local_updates=3541 loss=0.10569936 recon=0.00015139
[hyperbolic] global_step=14288/72000 local_updates=3572 loss=0.10444756 recon=0.00014164
[hyperbolic] global_step=14412/72000 local_updates=3603 loss=0.10503102 recon=0.00014946
[hyperbolic] global_step=14544/72000 local_updates=3636 loss=0.10499930 recon=0.00015630
[hyperbolic] global_step=14672/72000 local_updates=3668 loss=0.10375105 recon=0.00014739
[hyperbolic] global_step=14804/72000 local_updates=3701 loss=0.10379525 recon=0.00015144
[hyperbolic] global_step=14932/72000 local_updates=3733 loss=0.10348313 recon=0.00014612
[hyperbolic] global_step=15064/72000 local_updates=3766 loss=0.10380574 recon=0.00013629
[hyperbolic] global_step=15192/72000 local_updates=3798 loss=0.10460684 recon=0.00015165
[hyperbolic] global_step=15316/72000 local_updates=3829 loss=0.10385247 recon=0.00014140
[hyperbolic] global_step=15436/72000 local_updates=3859 loss=0.10591530 recon=0.00015870
[hyperbolic] global_step=15560/72000 local_updates=3890 loss=0.10498520 recon=0.00014409
[hyperbolic] global_step=15684/72000 local_updates=3921 loss=0.10383831 recon=0.00014076
[hyperbolic] global_step=15820/72000 local_updates=3955 loss=0.10574553 recon=0.00016748
[hyperbolic] global_step=15944/72000 local_updates=3986 loss=0.10569644 recon=0.00015465
[hyperbolic] global_step=16072/72000 local_updates=4018 loss=0.10355145 recon=0.00015979
[hyperbolic] global_step=16196/72000 local_updates=4049 loss=0.10433775 recon=0.00016640
[hyperbolic] global_step=16324/72000 local_updates=4081 loss=0.10257929 recon=0.00013823
[hyperbolic] global_step=16452/72000 local_updates=4113 loss=0.10364033 recon=0.00013122
[hyperbolic] global_step=16584/72000 local_updates=4146 loss=0.10568108 recon=0.00014925
[hyperbolic] global_step=16716/72000 local_updates=4179 loss=0.10400201 recon=0.00015409
[hyperbolic] global_step=16844/72000 local_updates=4211 loss=0.10506289 recon=0.00014196
[hyperbolic] global_step=16972/72000 local_updates=4243 loss=0.10385624 recon=0.00014823
[hyperbolic] global_step=17104/72000 local_updates=4276 loss=0.10414242 recon=0.00016172
[hyperbolic] global_step=17236/72000 local_updates=4309 loss=0.10707521 recon=0.00015525
[hyperbolic] global_step=17376/72000 local_updates=4344 loss=0.10226289 recon=0.00014988
[hyperbolic] global_step=17496/72000 local_updates=4374 loss=0.10431043 recon=0.00014276
[hyperbolic] global_step=17628/72000 local_updates=4407 loss=0.10366838 recon=0.00014480
[hyperbolic] global_step=17756/72000 local_updates=4439 loss=0.10366448 recon=0.00015858
[hyperbolic] global_step=17880/72000 local_updates=4470 loss=0.10483133 recon=0.00015035
[hyperbolic] global_step=18008/72000 local_updates=4502 loss=0.10423426 recon=0.00014715
[hyperbolic] global_step=18144/72000 local_updates=4536 loss=0.10472258 recon=0.00014977
[hyperbolic] global_step=18272/72000 local_updates=4568 loss=0.10371437 recon=0.00013753
[hyperbolic] global_step=18416/72000 local_updates=4604 loss=0.10422315 recon=0.00015464
[hyperbolic] global_step=18540/72000 local_updates=4635 loss=0.10612471 recon=0.00016249
[hyperbolic] global_step=18664/72000 local_updates=4666 loss=0.10328184 recon=0.00013888
[hyperbolic] global_step=18800/72000 local_updates=4700 loss=0.10436880 recon=0.00014402
[hyperbolic] global_step=18936/72000 local_updates=4734 loss=0.10484316 recon=0.00015545
[hyperbolic] global_step=19068/72000 local_updates=4767 loss=0.10446642 recon=0.00014841
[hyperbolic] global_step=19200/72000 local_updates=4800 loss=0.10419384 recon=0.00014541
[hyperbolic] global_step=19336/72000 local_updates=4834 loss=0.10559366 recon=0.00013774
[hyperbolic] global_step=19472/72000 local_updates=4868 loss=0.10384673 recon=0.00015813
[hyperbolic] global_step=19608/72000 local_updates=4902 loss=0.10480934 recon=0.00015200
[hyperbolic] global_step=19736/72000 local_updates=4934 loss=0.10345882 recon=0.00014047
[hyperbolic] global_step=19876/72000 local_updates=4969 loss=0.10465900 recon=0.00015313
[hyperbolic] global_step=20000/72000 loss=0.10459953 recon=0.00014756 s=[0.2, 0.2, 0.15] c=[1.0, 1.0, 1.0] epsilon=[0.003, 0.003, 0.003] raw_unique=24552/24587 collision=0.001424 behaviour=0.19042560 margin=[0.00321, 0.010151, 0.011927] N=[339519, 22989, 855] prefix_unique=[256, 16192, 23787] codebook_used=[256, 256, 256]
[hyperbolic] global_step=20128/72000 local_updates=5032 loss=0.10462248 recon=0.00013819
[hyperbolic] global_step=20260/72000 local_updates=5065 loss=0.10415849 recon=0.00016627
[hyperbolic] global_step=20392/72000 local_updates=5098 loss=0.10601036 recon=0.00014193
[hyperbolic] global_step=20528/72000 local_updates=5132 loss=0.10339954 recon=0.00014698
[hyperbolic] global_step=20660/72000 local_updates=5165 loss=0.10552175 recon=0.00014706
[hyperbolic] global_step=20792/72000 local_updates=5198 loss=0.10423929 recon=0.00016285
[hyperbolic] global_step=20924/72000 local_updates=5231 loss=0.10316412 recon=0.00015509
[hyperbolic] global_step=21060/72000 local_updates=5265 loss=0.10424028 recon=0.00014551
[hyperbolic] global_step=21192/72000 local_updates=5298 loss=0.10358705 recon=0.00014098
[hyperbolic] global_step=21320/72000 local_updates=5330 loss=0.10484017 recon=0.00014144
[hyperbolic] global_step=21452/72000 local_updates=5363 loss=0.10433915 recon=0.00013801
[hyperbolic] global_step=21592/72000 local_updates=5398 loss=0.10473463 recon=0.00014126
[hyperbolic] global_step=21728/72000 local_updates=5432 loss=0.10335959 recon=0.00014329
[hyperbolic] global_step=21852/72000 local_updates=5463 loss=0.10261641 recon=0.00015665
[hyperbolic] global_step=21980/72000 local_updates=5495 loss=0.10249847 recon=0.00014284
[hyperbolic] global_step=22104/72000 local_updates=5526 loss=0.10362599 recon=0.00015059
[hyperbolic] global_step=22236/72000 local_updates=5559 loss=0.10385635 recon=0.00014691
[hyperbolic] global_step=22368/72000 local_updates=5592 loss=0.10600644 recon=0.00014175
[hyperbolic] global_step=22500/72000 local_updates=5625 loss=0.10403141 recon=0.00016442
[hyperbolic] global_step=22628/72000 local_updates=5657 loss=0.10312525 recon=0.00013579
[hyperbolic] global_step=22772/72000 local_updates=5693 loss=0.10359281 recon=0.00014083
[hyperbolic] global_step=22908/72000 local_updates=5727 loss=0.10586918 recon=0.00013787
[hyperbolic] global_step=23036/72000 local_updates=5759 loss=0.10436949 recon=0.00014670
[hyperbolic] global_step=23176/72000 local_updates=5794 loss=0.10218427 recon=0.00014917
[hyperbolic] global_step=23308/72000 local_updates=5827 loss=0.10485366 recon=0.00016347
[hyperbolic] global_step=23444/72000 local_updates=5861 loss=0.10368012 recon=0.00015187
[hyperbolic] global_step=23576/72000 local_updates=5894 loss=0.10532461 recon=0.00013422
[hyperbolic] global_step=23712/72000 local_updates=5928 loss=0.10598374 recon=0.00014390
[hyperbolic] global_step=23852/72000 local_updates=5963 loss=0.10653537 recon=0.00014309
[hyperbolic] global_step=23988/72000 local_updates=5997 loss=0.10323164 recon=0.00014615
[hyperbolic] global_step=24128/72000 local_updates=6032 loss=0.10439164 recon=0.00015825
[hyperbolic] global_step=24276/72000 local_updates=6069 loss=0.10308050 recon=0.00014071
[hyperbolic] global_step=24420/72000 local_updates=6105 loss=0.10280282 recon=0.00015026
[hyperbolic] global_step=24560/72000 local_updates=6140 loss=0.10401303 recon=0.00014981
[hyperbolic] global_step=24704/72000 local_updates=6176 loss=0.10559728 recon=0.00014163
[hyperbolic] global_step=24844/72000 local_updates=6211 loss=0.10449510 recon=0.00014691
[hyperbolic] global_step=24996/72000 local_updates=6249 loss=0.10482284 recon=0.00016003
[hyperbolic] global_step=25128/72000 local_updates=6282 loss=0.10217159 recon=0.00015892
[hyperbolic] global_step=25264/72000 local_updates=6316 loss=0.10315114 recon=0.00015057
[hyperbolic] global_step=25408/72000 local_updates=6352 loss=0.10368755 recon=0.00014008
[hyperbolic] global_step=25536/72000 local_updates=6384 loss=0.10496799 recon=0.00014126
[hyperbolic] global_step=25664/72000 local_updates=6416 loss=0.10291111 recon=0.00013415
[hyperbolic] global_step=25808/72000 local_updates=6452 loss=0.10545742 recon=0.00014293
[hyperbolic] global_step=25944/72000 local_updates=6486 loss=0.10445292 recon=0.00013311
[hyperbolic] global_step=26076/72000 local_updates=6519 loss=0.10405655 recon=0.00014352
[hyperbolic] global_step=26216/72000 local_updates=6554 loss=0.10597481 recon=0.00013304
[hyperbolic] global_step=26360/72000 local_updates=6590 loss=0.10513005 recon=0.00015044
[hyperbolic] global_step=26504/72000 local_updates=6626 loss=0.10265928 recon=0.00013075
[hyperbolic] global_step=26632/72000 local_updates=6658 loss=0.10324702 recon=0.00014905
[hyperbolic] global_step=26760/72000 local_updates=6690 loss=0.10408048 recon=0.00014029
[hyperbolic] global_step=26904/72000 local_updates=6726 loss=0.10353639 recon=0.00015130
[hyperbolic] global_step=27040/72000 local_updates=6760 loss=0.10407051 recon=0.00013590
[hyperbolic] global_step=27180/72000 local_updates=6795 loss=0.10409702 recon=0.00014795
[hyperbolic] global_step=27316/72000 local_updates=6829 loss=0.10319391 recon=0.00015391
[hyperbolic] global_step=27452/72000 local_updates=6863 loss=0.10631452 recon=0.00014319
[hyperbolic] global_step=27596/72000 local_updates=6899 loss=0.10350849 recon=0.00013514
[hyperbolic] global_step=27740/72000 local_updates=6935 loss=0.10354087 recon=0.00014646
[hyperbolic] global_step=27880/72000 local_updates=6970 loss=0.10467140 recon=0.00015185
[hyperbolic] global_step=28016/72000 local_updates=7004 loss=0.10213321 recon=0.00012500
[hyperbolic] global_step=28160/72000 local_updates=7040 loss=0.10176032 recon=0.00012677
[hyperbolic] global_step=28300/72000 local_updates=7075 loss=0.10473144 recon=0.00013324
[hyperbolic] global_step=28440/72000 local_updates=7110 loss=0.10425676 recon=0.00013385
[hyperbolic] global_step=28588/72000 local_updates=7147 loss=0.10288180 recon=0.00014949
[hyperbolic] global_step=28724/72000 local_updates=7181 loss=0.10439740 recon=0.00014189
[hyperbolic] global_step=28872/72000 local_updates=7218 loss=0.10340963 recon=0.00014506
[hyperbolic] global_step=29016/72000 local_updates=7254 loss=0.10406301 recon=0.00015566
[hyperbolic] global_step=29152/72000 local_updates=7288 loss=0.10516435 recon=0.00014475
[hyperbolic] global_step=29292/72000 local_updates=7323 loss=0.10543959 recon=0.00015889
[hyperbolic] global_step=29432/72000 local_updates=7358 loss=0.10341959 recon=0.00014284
[hyperbolic] global_step=29568/72000 local_updates=7392 loss=0.10033116 recon=0.00015192
[hyperbolic] global_step=29720/72000 local_updates=7430 loss=0.10354300 recon=0.00013498
[hyperbolic] global_step=29860/72000 local_updates=7465 loss=0.10463871 recon=0.00014611
[hyperbolic] global_step=30000/72000 loss=0.10412195 recon=0.00014681 s=[0.2, 0.2, 0.15] c=[1.0, 1.0, 1.0] epsilon=[0.003, 0.003, 0.003] raw_unique=24552/24587 collision=0.001424 behaviour=0.17937390 margin=[0.003226, 0.011039, 0.012123] N=[339519, 23545, 715] prefix_unique=[256, 16925, 23949] codebook_used=[256, 256, 256]
[hyperbolic] global_step=30140/72000 local_updates=7535 loss=0.10435463 recon=0.00015513
[hyperbolic] global_step=30276/72000 local_updates=7569 loss=0.10280721 recon=0.00014397
[hyperbolic] global_step=30420/72000 local_updates=7605 loss=0.10476319 recon=0.00015266
[hyperbolic] global_step=30556/72000 local_updates=7639 loss=0.10384251 recon=0.00013462
[hyperbolic] global_step=30708/72000 local_updates=7677 loss=0.10234001 recon=0.00013855
[hyperbolic] global_step=30844/72000 local_updates=7711 loss=0.10398311 recon=0.00014610
[hyperbolic] global_step=30976/72000 local_updates=7744 loss=0.10435414 recon=0.00014189
[hyperbolic] global_step=31116/72000 local_updates=7779 loss=0.10375623 recon=0.00014695
[hyperbolic] global_step=31268/72000 local_updates=7817 loss=0.10355710 recon=0.00015601
[hyperbolic] global_step=31404/72000 local_updates=7851 loss=0.10486674 recon=0.00014820
[hyperbolic] global_step=31548/72000 local_updates=7887 loss=0.10383395 recon=0.00014780
[hyperbolic] global_step=31700/72000 local_updates=7925 loss=0.10299901 recon=0.00014096
[hyperbolic] global_step=31848/72000 local_updates=7962 loss=0.10485498 recon=0.00014650
[hyperbolic] global_step=31992/72000 local_updates=7998 loss=0.10537366 recon=0.00012694
[hyperbolic] global_step=32140/72000 local_updates=8035 loss=0.10334763 recon=0.00014396
[hyperbolic] global_step=32296/72000 local_updates=8074 loss=0.10344245 recon=0.00013895
[hyperbolic] global_step=32440/72000 local_updates=8110 loss=0.10353634 recon=0.00014365
[hyperbolic] global_step=32588/72000 local_updates=8147 loss=0.10346152 recon=0.00014311
[hyperbolic] global_step=32720/72000 local_updates=8180 loss=0.10369870 recon=0.00013876
[hyperbolic] global_step=32864/72000 local_updates=8216 loss=0.10419729 recon=0.00014754
[hyperbolic] global_step=33004/72000 local_updates=8251 loss=0.10203763 recon=0.00015144
[hyperbolic] global_step=33144/72000 local_updates=8286 loss=0.10363677 recon=0.00015633
[hyperbolic] global_step=33284/72000 local_updates=8321 loss=0.10298464 recon=0.00012771
[hyperbolic] global_step=33420/72000 local_updates=8355 loss=0.10551891 recon=0.00013384
[hyperbolic] global_step=33568/72000 local_updates=8392 loss=0.10514975 recon=0.00014980
[hyperbolic] global_step=33716/72000 local_updates=8429 loss=0.10121609 recon=0.00014366
[hyperbolic] global_step=33860/72000 local_updates=8465 loss=0.10356784 recon=0.00014106
[hyperbolic] global_step=34008/72000 local_updates=8502 loss=0.10190161 recon=0.00014568
[hyperbolic] global_step=34164/72000 local_updates=8541 loss=0.10614929 recon=0.00014488
[hyperbolic] global_step=34316/72000 local_updates=8579 loss=0.10442995 recon=0.00013922
[hyperbolic] global_step=34464/72000 local_updates=8616 loss=0.10241231 recon=0.00014748
[hyperbolic] global_step=34600/72000 local_updates=8650 loss=0.10329399 recon=0.00013991
[hyperbolic] global_step=34744/72000 local_updates=8686 loss=0.10393117 recon=0.00014079
[hyperbolic] global_step=34896/72000 local_updates=8724 loss=0.10378070 recon=0.00012829
[hyperbolic] global_step=35044/72000 local_updates=8761 loss=0.10250938 recon=0.00016885
[hyperbolic] global_step=35188/72000 local_updates=8797 loss=0.10271997 recon=0.00015632
[hyperbolic] global_step=35332/72000 local_updates=8833 loss=0.10344891 recon=0.00015308
[hyperbolic] global_step=35476/72000 local_updates=8869 loss=0.10521190 recon=0.00014136
[hyperbolic] global_step=35628/72000 local_updates=8907 loss=0.10289623 recon=0.00015697
[hyperbolic] global_step=35764/72000 local_updates=8941 loss=0.10385565 recon=0.00014829
[hyperbolic] global_step=35908/72000 local_updates=8977 loss=0.10340171 recon=0.00015223
[hyperbolic] global_step=36056/72000 local_updates=9014 loss=0.10506251 recon=0.00014560
[hyperbolic] global_step=36196/72000 local_updates=9049 loss=0.10464288 recon=0.00013667
[hyperbolic] global_step=36332/72000 local_updates=9083 loss=0.10261805 recon=0.00013197
[hyperbolic] global_step=36472/72000 local_updates=9118 loss=0.10329617 recon=0.00015884
[hyperbolic] global_step=36608/72000 local_updates=9152 loss=0.10508801 recon=0.00014744
[hyperbolic] global_step=36748/72000 local_updates=9187 loss=0.10292090 recon=0.00014368
[hyperbolic] global_step=36880/72000 local_updates=9220 loss=0.10269195 recon=0.00015193
[hyperbolic] global_step=37032/72000 local_updates=9258 loss=0.10368221 recon=0.00015014
[hyperbolic] global_step=37184/72000 local_updates=9296 loss=0.10472082 recon=0.00014452
[hyperbolic] global_step=37332/72000 local_updates=9333 loss=0.10159267 recon=0.00015487
[hyperbolic] global_step=37480/72000 local_updates=9370 loss=0.10395846 recon=0.00014537
[hyperbolic] global_step=37632/72000 local_updates=9408 loss=0.10402109 recon=0.00014341
[hyperbolic] global_step=37780/72000 local_updates=9445 loss=0.10382152 recon=0.00014170
[hyperbolic] global_step=37928/72000 local_updates=9482 loss=0.10461457 recon=0.00015890
[hyperbolic] global_step=38076/72000 local_updates=9519 loss=0.10349678 recon=0.00014045
[hyperbolic] global_step=38216/72000 local_updates=9554 loss=0.10400885 recon=0.00015058
[hyperbolic] global_step=38360/72000 local_updates=9590 loss=0.10259837 recon=0.00015604
[hyperbolic] global_step=38500/72000 local_updates=9625 loss=0.10495997 recon=0.00016305
[hyperbolic] global_step=38648/72000 local_updates=9662 loss=0.10358360 recon=0.00013949
[hyperbolic] global_step=38804/72000 local_updates=9701 loss=0.10307343 recon=0.00014262
[hyperbolic] global_step=38948/72000 local_updates=9737 loss=0.10382120 recon=0.00014569
[hyperbolic] global_step=39096/72000 local_updates=9774 loss=0.10367028 recon=0.00014112
[hyperbolic] global_step=39248/72000 local_updates=9812 loss=0.10356227 recon=0.00015158
[hyperbolic] global_step=39404/72000 local_updates=9851 loss=0.10324077 recon=0.00015144
[hyperbolic] global_step=39556/72000 local_updates=9889 loss=0.10317770 recon=0.00013303
[hyperbolic] global_step=39712/72000 local_updates=9928 loss=0.10373138 recon=0.00015318
[hyperbolic] global_step=39860/72000 local_updates=9965 loss=0.10220630 recon=0.00014125
[hyperbolic] global_step=40000/72000 loss=0.10384091 recon=0.00014589 s=[0.2, 0.2, 0.15] c=[1.0, 1.0, 1.0] epsilon=[0.003, 0.003, 0.003] raw_unique=24553/24587 collision=0.001383 behaviour=0.17236471 margin=[0.003265, 0.010718, 0.011539] N=[339519, 23853, 626] prefix_unique=[256, 17391, 24067] codebook_used=[256, 256, 256]
[hyperbolic] global_step=40144/72000 local_updates=10036 loss=0.10309677 recon=0.00015914
[hyperbolic] global_step=40284/72000 local_updates=10071 loss=0.10485400 recon=0.00013768
[hyperbolic] global_step=40436/72000 local_updates=10109 loss=0.10446338 recon=0.00012680
[hyperbolic] global_step=40580/72000 local_updates=10145 loss=0.10523871 recon=0.00015367
[hyperbolic] global_step=40724/72000 local_updates=10181 loss=0.10456809 recon=0.00014073
[hyperbolic] global_step=40872/72000 local_updates=10218 loss=0.10263500 recon=0.00014949
[hyperbolic] global_step=41024/72000 local_updates=10256 loss=0.10400750 recon=0.00014781
[hyperbolic] global_step=41176/72000 local_updates=10294 loss=0.10427080 recon=0.00014711
[hyperbolic] global_step=41324/72000 local_updates=10331 loss=0.10470964 recon=0.00015842
[hyperbolic] global_step=41480/72000 local_updates=10370 loss=0.10443310 recon=0.00015273
[hyperbolic] global_step=41628/72000 local_updates=10407 loss=0.10406864 recon=0.00013608
[hyperbolic] global_step=41776/72000 local_updates=10444 loss=0.10455659 recon=0.00013665
[hyperbolic] global_step=41924/72000 local_updates=10481 loss=0.10411937 recon=0.00013770
[hyperbolic] global_step=42072/72000 local_updates=10518 loss=0.10429876 recon=0.00014834
[hyperbolic] global_step=42212/72000 local_updates=10553 loss=0.10445263 recon=0.00015288
[hyperbolic] global_step=42364/72000 local_updates=10591 loss=0.10435642 recon=0.00014294
[hyperbolic] global_step=42516/72000 local_updates=10629 loss=0.10392491 recon=0.00014764
[hyperbolic] global_step=42660/72000 local_updates=10665 loss=0.10396831 recon=0.00013940
[hyperbolic] global_step=42804/72000 local_updates=10701 loss=0.10405429 recon=0.00014753
[hyperbolic] global_step=42952/72000 local_updates=10738 loss=0.10389601 recon=0.00015272
[hyperbolic] global_step=43100/72000 local_updates=10775 loss=0.10582668 recon=0.00016417
[hyperbolic] global_step=43252/72000 local_updates=10813 loss=0.10488102 recon=0.00015063
[hyperbolic] global_step=43408/72000 local_updates=10852 loss=0.10356670 recon=0.00014107
[hyperbolic] global_step=43552/72000 local_updates=10888 loss=0.10377061 recon=0.00013365
[hyperbolic] global_step=43700/72000 local_updates=10925 loss=0.10353977 recon=0.00013773
[hyperbolic] global_step=43856/72000 local_updates=10964 loss=0.10384309 recon=0.00015672
[hyperbolic] global_step=44016/72000 local_updates=11004 loss=0.10456376 recon=0.00014153
[hyperbolic] global_step=44164/72000 local_updates=11041 loss=0.10317718 recon=0.00014652
[hyperbolic] global_step=44316/72000 local_updates=11079 loss=0.10215229 recon=0.00015915
[hyperbolic] global_step=44468/72000 local_updates=11117 loss=0.10378795 recon=0.00015472
[hyperbolic] global_step=44604/72000 local_updates=11151 loss=0.10225074 recon=0.00013925
[hyperbolic] global_step=44764/72000 local_updates=11191 loss=0.10396834 recon=0.00015042
[hyperbolic] global_step=44920/72000 local_updates=11230 loss=0.10498931 recon=0.00013372
[hyperbolic] global_step=45076/72000 local_updates=11269 loss=0.10361803 recon=0.00014443
[hyperbolic] global_step=45216/72000 local_updates=11304 loss=0.10394948 recon=0.00015489
[hyperbolic] global_step=45368/72000 local_updates=11342 loss=0.10477729 recon=0.00015059
[hyperbolic] global_step=45508/72000 local_updates=11377 loss=0.10489184 recon=0.00013994
[hyperbolic] global_step=45664/72000 local_updates=11416 loss=0.10273065 recon=0.00014213
[hyperbolic] global_step=45808/72000 local_updates=11452 loss=0.10373081 recon=0.00014556
[hyperbolic] global_step=45940/72000 local_updates=11485 loss=0.10452347 recon=0.00015013
[hyperbolic] global_step=46100/72000 local_updates=11525 loss=0.10441618 recon=0.00014598
[hyperbolic] global_step=46248/72000 local_updates=11562 loss=0.10475760 recon=0.00014843
[hyperbolic] global_step=46404/72000 local_updates=11601 loss=0.10270529 recon=0.00014002
[hyperbolic] global_step=46560/72000 local_updates=11640 loss=0.10336585 recon=0.00015337
[hyperbolic] global_step=46716/72000 local_updates=11679 loss=0.10374840 recon=0.00015287
[hyperbolic] global_step=46868/72000 local_updates=11717 loss=0.10141626 recon=0.00014374
[hyperbolic] global_step=47020/72000 local_updates=11755 loss=0.10374360 recon=0.00015879
[hyperbolic] global_step=47164/72000 local_updates=11791 loss=0.10552449 recon=0.00014805
[hyperbolic] global_step=47332/72000 local_updates=11833 loss=0.10396357 recon=0.00014090
[hyperbolic] global_step=47484/72000 local_updates=11871 loss=0.10468196 recon=0.00013353
[hyperbolic] global_step=47640/72000 local_updates=11910 loss=0.10477266 recon=0.00014982
[hyperbolic] global_step=47788/72000 local_updates=11947 loss=0.10356704 recon=0.00014699
[hyperbolic] global_step=47940/72000 local_updates=11985 loss=0.10260832 recon=0.00015088
[hyperbolic] global_step=48096/72000 local_updates=12024 loss=0.10441919 recon=0.00013292
[hyperbolic] global_step=48248/72000 local_updates=12062 loss=0.10410264 recon=0.00016130
[hyperbolic] global_step=48392/72000 local_updates=12098 loss=0.10389420 recon=0.00013807
[hyperbolic] global_step=48544/72000 local_updates=12136 loss=0.10485795 recon=0.00015214
[hyperbolic] global_step=48696/72000 local_updates=12174 loss=0.10613157 recon=0.00014813
[hyperbolic] global_step=48852/72000 local_updates=12213 loss=0.10346384 recon=0.00014732
[hyperbolic] global_step=49008/72000 local_updates=12252 loss=0.10193512 recon=0.00014116
[hyperbolic] global_step=49156/72000 local_updates=12289 loss=0.10346863 recon=0.00013945
[hyperbolic] global_step=49312/72000 local_updates=12328 loss=0.10339662 recon=0.00014467
[hyperbolic] global_step=49460/72000 local_updates=12365 loss=0.10225242 recon=0.00014203
[hyperbolic] global_step=49624/72000 local_updates=12406 loss=0.10380921 recon=0.00014680
[hyperbolic] global_step=49776/72000 local_updates=12444 loss=0.10470458 recon=0.00014157
[hyperbolic] global_step=49940/72000 local_updates=12485 loss=0.10320555 recon=0.00012342
[hyperbolic] global_step=50000/72000 loss=0.10374082 recon=0.00014537 s=[0.2, 0.2, 0.15] c=[1.0, 1.0, 1.0] epsilon=[0.003, 0.003, 0.003] raw_unique=24551/24587 collision=0.001464 behaviour=0.16724839 margin=[0.003292, 0.01155, 0.011737] N=[339519, 23723, 568] prefix_unique=[256, 17450, 24068] codebook_used=[256, 256, 256]
[hyperbolic] global_step=50156/72000 local_updates=12539 loss=0.10417078 recon=0.00014273
[hyperbolic] global_step=50328/72000 local_updates=12582 loss=0.10531634 recon=0.00013817
[hyperbolic] global_step=50488/72000 local_updates=12622 loss=0.10380419 recon=0.00016188
[hyperbolic] global_step=50648/72000 local_updates=12662 loss=0.10335518 recon=0.00015319
[hyperbolic] global_step=50800/72000 local_updates=12700 loss=0.10324430 recon=0.00014211
[hyperbolic] global_step=50952/72000 local_updates=12738 loss=0.10398074 recon=0.00013525
[hyperbolic] global_step=51104/72000 local_updates=12776 loss=0.10420410 recon=0.00014767
[hyperbolic] global_step=51268/72000 local_updates=12817 loss=0.10456415 recon=0.00013992
[hyperbolic] global_step=51420/72000 local_updates=12855 loss=0.10601936 recon=0.00015418
[hyperbolic] global_step=51576/72000 local_updates=12894 loss=0.10278460 recon=0.00014223
[hyperbolic] global_step=51724/72000 local_updates=12931 loss=0.10429648 recon=0.00014858
[hyperbolic] global_step=51876/72000 local_updates=12969 loss=0.10303085 recon=0.00014597
[hyperbolic] global_step=52040/72000 local_updates=13010 loss=0.10307102 recon=0.00014141
[hyperbolic] global_step=52204/72000 local_updates=13051 loss=0.10234128 recon=0.00014732
[hyperbolic] global_step=52364/72000 local_updates=13091 loss=0.10590779 recon=0.00016190
[hyperbolic] global_step=52516/72000 local_updates=13129 loss=0.10263976 recon=0.00013390
[hyperbolic] global_step=52676/72000 local_updates=13169 loss=0.10635818 recon=0.00013393
[hyperbolic] global_step=52816/72000 local_updates=13204 loss=0.10330850 recon=0.00014376
[hyperbolic] global_step=52964/72000 local_updates=13241 loss=0.10425235 recon=0.00012909
[hyperbolic] global_step=53116/72000 local_updates=13279 loss=0.10163897 recon=0.00015067
[hyperbolic] global_step=53268/72000 local_updates=13317 loss=0.10253738 recon=0.00014947
[hyperbolic] global_step=53428/72000 local_updates=13357 loss=0.10419442 recon=0.00015637
[hyperbolic] global_step=53568/72000 local_updates=13392 loss=0.10316445 recon=0.00013856
[hyperbolic] global_step=53724/72000 local_updates=13431 loss=0.10372113 recon=0.00014835
[hyperbolic] global_step=53884/72000 local_updates=13471 loss=0.10372947 recon=0.00013300
[hyperbolic] global_step=54052/72000 local_updates=13513 loss=0.10299003 recon=0.00014615
[hyperbolic] global_step=54200/72000 local_updates=13550 loss=0.10304677 recon=0.00014852
[hyperbolic] global_step=54364/72000 local_updates=13591 loss=0.10527106 recon=0.00014436
[hyperbolic] global_step=54516/72000 local_updates=13629 loss=0.10285796 recon=0.00013614
[hyperbolic] global_step=54676/72000 local_updates=13669 loss=0.10420179 recon=0.00014329
[hyperbolic] global_step=54836/72000 local_updates=13709 loss=0.10392379 recon=0.00014206
[hyperbolic] global_step=54988/72000 local_updates=13747 loss=0.10286524 recon=0.00014074
[hyperbolic] global_step=55144/72000 local_updates=13786 loss=0.10412124 recon=0.00014030
[hyperbolic] global_step=55300/72000 local_updates=13825 loss=0.10430708 recon=0.00013457
[hyperbolic] global_step=55460/72000 local_updates=13865 loss=0.10206587 recon=0.00015107
[hyperbolic] global_step=55624/72000 local_updates=13906 loss=0.10365882 recon=0.00016130
[hyperbolic] global_step=55780/72000 local_updates=13945 loss=0.10419337 recon=0.00015054
[hyperbolic] global_step=55936/72000 local_updates=13984 loss=0.10577706 recon=0.00015859
[hyperbolic] global_step=56096/72000 local_updates=14024 loss=0.10373511 recon=0.00012887
[hyperbolic] global_step=56256/72000 local_updates=14064 loss=0.10190018 recon=0.00014661
[hyperbolic] global_step=56420/72000 local_updates=14105 loss=0.10384262 recon=0.00014912
[hyperbolic] global_step=56580/72000 local_updates=14145 loss=0.10256085 recon=0.00013101
[hyperbolic] global_step=56740/72000 local_updates=14185 loss=0.10379118 recon=0.00014506
[hyperbolic] global_step=56904/72000 local_updates=14226 loss=0.10403796 recon=0.00014254
[hyperbolic] global_step=57072/72000 local_updates=14268 loss=0.10325985 recon=0.00013485
[hyperbolic] global_step=57236/72000 local_updates=14309 loss=0.10382207 recon=0.00013902
[hyperbolic] global_step=57384/72000 local_updates=14346 loss=0.10231141 recon=0.00015322
[hyperbolic] global_step=57548/72000 local_updates=14387 loss=0.10188721 recon=0.00016839
[hyperbolic] global_step=57704/72000 local_updates=14426 loss=0.10316812 recon=0.00014947
[hyperbolic] global_step=57864/72000 local_updates=14466 loss=0.10326806 recon=0.00014111
[hyperbolic] global_step=58024/72000 local_updates=14506 loss=0.10215307 recon=0.00013732
[hyperbolic] global_step=58188/72000 local_updates=14547 loss=0.10210432 recon=0.00014275
[hyperbolic] global_step=58336/72000 local_updates=14584 loss=0.10371251 recon=0.00014050
[hyperbolic] global_step=58500/72000 local_updates=14625 loss=0.10186809 recon=0.00014874
[hyperbolic] global_step=58660/72000 local_updates=14665 loss=0.10434423 recon=0.00014351
[hyperbolic] global_step=58832/72000 local_updates=14708 loss=0.10305978 recon=0.00014646
[hyperbolic] global_step=58996/72000 local_updates=14749 loss=0.10290529 recon=0.00013506
[hyperbolic] global_step=59160/72000 local_updates=14790 loss=0.10481083 recon=0.00013929
[hyperbolic] global_step=59320/72000 local_updates=14830 loss=0.10367543 recon=0.00013532
[hyperbolic] global_step=59456/72000 local_updates=14864 loss=0.10397682 recon=0.00014393
[hyperbolic] global_step=59612/72000 local_updates=14903 loss=0.10522974 recon=0.00014464
[hyperbolic] global_step=59772/72000 local_updates=14943 loss=0.10309109 recon=0.00015119
[hyperbolic] global_step=59932/72000 local_updates=14983 loss=0.10303687 recon=0.00016297
[hyperbolic] global_step=60000/72000 loss=0.10356746 recon=0.00014498 s=[0.2, 0.2, 0.15] c=[1.0, 1.0, 1.0] epsilon=[0.003, 0.003, 0.003] raw_unique=24553/24587 collision=0.001383 behaviour=0.16324564 margin=[0.003391, 0.012078, 0.011457] N=[339519, 23904, 552] prefix_unique=[256, 17798, 24137] codebook_used=[256, 256, 256]
[hyperbolic] global_step=60152/72000 local_updates=15038 loss=0.10149392 recon=0.00014093
[hyperbolic] global_step=60308/72000 local_updates=15077 loss=0.10138030 recon=0.00014036
[hyperbolic] global_step=60468/72000 local_updates=15117 loss=0.10228685 recon=0.00013367
[hyperbolic] global_step=60628/72000 local_updates=15157 loss=0.10323602 recon=0.00014230
[hyperbolic] global_step=60792/72000 local_updates=15198 loss=0.10387252 recon=0.00013785
[hyperbolic] global_step=60960/72000 local_updates=15240 loss=0.10381518 recon=0.00014184
[hyperbolic] global_step=61108/72000 local_updates=15277 loss=0.10259043 recon=0.00015079
[hyperbolic] global_step=61268/72000 local_updates=15317 loss=0.10277075 recon=0.00015353
[hyperbolic] global_step=61428/72000 local_updates=15357 loss=0.10088401 recon=0.00012801
[hyperbolic] global_step=61584/72000 local_updates=15396 loss=0.10405362 recon=0.00013492
[hyperbolic] global_step=61740/72000 local_updates=15435 loss=0.10231110 recon=0.00014092
[hyperbolic] global_step=61892/72000 local_updates=15473 loss=0.10372007 recon=0.00015128
[hyperbolic] global_step=62048/72000 local_updates=15512 loss=0.10417380 recon=0.00014002
[hyperbolic] global_step=62208/72000 local_updates=15552 loss=0.10444809 recon=0.00014628
[hyperbolic] global_step=62368/72000 local_updates=15592 loss=0.10224044 recon=0.00013931
[hyperbolic] global_step=62520/72000 local_updates=15630 loss=0.10314688 recon=0.00013655
[hyperbolic] global_step=62672/72000 local_updates=15668 loss=0.10181250 recon=0.00015210
[hyperbolic] global_step=62832/72000 local_updates=15708 loss=0.10289311 recon=0.00012898
[hyperbolic] global_step=63012/72000 local_updates=15753 loss=0.10296056 recon=0.00012949
[hyperbolic] global_step=63180/72000 local_updates=15795 loss=0.10224000 recon=0.00013478
[hyperbolic] global_step=63344/72000 local_updates=15836 loss=0.10388137 recon=0.00014900
[hyperbolic] global_step=63504/72000 local_updates=15876 loss=0.10359515 recon=0.00015914
[hyperbolic] global_step=63664/72000 local_updates=15916 loss=0.10276362 recon=0.00014107
[hyperbolic] global_step=63836/72000 local_updates=15959 loss=0.10391168 recon=0.00014551
[hyperbolic] global_step=64008/72000 local_updates=16002 loss=0.10280599 recon=0.00013385
[hyperbolic] global_step=64160/72000 local_updates=16040 loss=0.10337435 recon=0.00013843
[hyperbolic] global_step=64328/72000 local_updates=16082 loss=0.10520369 recon=0.00014956
[hyperbolic] global_step=64492/72000 local_updates=16123 loss=0.10295937 recon=0.00014392
[hyperbolic] global_step=64664/72000 local_updates=16166 loss=0.10312572 recon=0.00015564
[hyperbolic] global_step=64836/72000 local_updates=16209 loss=0.10443878 recon=0.00015217
[hyperbolic] global_step=64996/72000 local_updates=16249 loss=0.10252109 recon=0.00015090
[hyperbolic] global_step=65160/72000 local_updates=16290 loss=0.10200644 recon=0.00012497
[hyperbolic] global_step=65320/72000 local_updates=16330 loss=0.10315248 recon=0.00013510
[hyperbolic] global_step=65484/72000 local_updates=16371 loss=0.10367212 recon=0.00014197
[hyperbolic] global_step=65644/72000 local_updates=16411 loss=0.10389736 recon=0.00013098
[hyperbolic] global_step=65804/72000 local_updates=16451 loss=0.10358572 recon=0.00015020
[hyperbolic] global_step=65976/72000 local_updates=16494 loss=0.10291860 recon=0.00014400
[hyperbolic] global_step=66136/72000 local_updates=16534 loss=0.10399453 recon=0.00015234
[hyperbolic] global_step=66292/72000 local_updates=16573 loss=0.10232376 recon=0.00015107
[hyperbolic] global_step=66448/72000 local_updates=16612 loss=0.10333019 recon=0.00015937
[hyperbolic] global_step=66616/72000 local_updates=16654 loss=0.10227887 recon=0.00016023
[hyperbolic] global_step=66784/72000 local_updates=16696 loss=0.10323487 recon=0.00013513
[hyperbolic] global_step=66960/72000 local_updates=16740 loss=0.10332021 recon=0.00015758
[hyperbolic] global_step=67124/72000 local_updates=16781 loss=0.10424205 recon=0.00014324
[hyperbolic] global_step=67284/72000 local_updates=16821 loss=0.10510436 recon=0.00014002
[hyperbolic] global_step=67444/72000 local_updates=16861 loss=0.10293102 recon=0.00015311
[hyperbolic] global_step=67608/72000 local_updates=16902 loss=0.10229746 recon=0.00013835
[hyperbolic] global_step=67772/72000 local_updates=16943 loss=0.10284968 recon=0.00014811
[hyperbolic] global_step=67944/72000 local_updates=16986 loss=0.10361954 recon=0.00014267
[hyperbolic] global_step=68112/72000 local_updates=17028 loss=0.10349614 recon=0.00012723
[hyperbolic] global_step=68280/72000 local_updates=17070 loss=0.10198163 recon=0.00013792
[hyperbolic] global_step=68444/72000 local_updates=17111 loss=0.10372378 recon=0.00013787
[hyperbolic] global_step=68612/72000 local_updates=17153 loss=0.10441484 recon=0.00013330
[hyperbolic] global_step=68776/72000 local_updates=17194 loss=0.10289106 recon=0.00013944
[hyperbolic] global_step=68948/72000 local_updates=17237 loss=0.10444823 recon=0.00015509
[hyperbolic] global_step=69120/72000 local_updates=17280 loss=0.10322373 recon=0.00014145
[hyperbolic] global_step=69284/72000 local_updates=17321 loss=0.10433640 recon=0.00015050
[hyperbolic] global_step=69444/72000 local_updates=17361 loss=0.10251412 recon=0.00015495
[hyperbolic] global_step=69600/72000 local_updates=17400 loss=0.10422966 recon=0.00014560
[hyperbolic] global_step=69748/72000 local_updates=17437 loss=0.10462831 recon=0.00013509
[hyperbolic] global_step=69900/72000 local_updates=17475 loss=0.10358759 recon=0.00015626
[hyperbolic] global_step=70000/72000 loss=0.10335780 recon=0.00014449 s=[0.2, 0.2, 0.15] c=[1.0, 1.0, 1.0] epsilon=[0.003, 0.003, 0.003] raw_unique=24551/24587 collision=0.001464 behaviour=0.16009137 margin=[0.003139, 0.010626, 0.011806] N=[339519, 23376, 457] prefix_unique=[256, 17961, 24198] codebook_used=[256, 256, 256]
[hyperbolic] global_step=70168/72000 local_updates=17542 loss=0.10298595 recon=0.00014033
[hyperbolic] global_step=70340/72000 local_updates=17585 loss=0.10216566 recon=0.00012234
[hyperbolic] global_step=70508/72000 local_updates=17627 loss=0.10447295 recon=0.00015184
[hyperbolic] global_step=70684/72000 local_updates=17671 loss=0.10217468 recon=0.00015339
[hyperbolic] global_step=70848/72000 local_updates=17712 loss=0.10375948 recon=0.00015074
[hyperbolic] global_step=71020/72000 local_updates=17755 loss=0.10534540 recon=0.00013077
[hyperbolic] global_step=71188/72000 local_updates=17797 loss=0.10272640 recon=0.00015627
[hyperbolic] global_step=71356/72000 local_updates=17839 loss=0.10288557 recon=0.00014635
[hyperbolic] global_step=71516/72000 local_updates=17879 loss=0.10520662 recon=0.00013429
[hyperbolic] global_step=71684/72000 local_updates=17921 loss=0.10351443 recon=0.00014073
[hyperbolic] global_step=71856/72000 local_updates=17964 loss=0.10314703 recon=0.00013464
[hyperbolic] global_step=72000/72000 loss=0.10331415 recon=0.00014415 s=[0.2, 0.2, 0.15] c=[1.0, 1.0, 1.0] epsilon=[0.003, 0.003, 0.003] raw_unique=24557/24587 collision=0.001220 behaviour=0.15845478 margin=[0.003396, 0.011098, 0.011628] N=[339519, 23824, 468] prefix_unique=[256, 18218, 24203] codebook_used=[256, 256, 256]
