W0926 06:00:07.262883 3637334 /fs04/scratch2/ar57/wenyu/genrec_env_v2/lib/python3.9/site-packages/torch/distributed/run.py:774] 
W0926 06:00:07.262883 3637334 /fs04/scratch2/ar57/wenyu/genrec_env_v2/lib/python3.9/site-packages/torch/distributed/run.py:774] *****************************************
W0926 06:00:07.262883 3637334 /fs04/scratch2/ar57/wenyu/genrec_env_v2/lib/python3.9/site-packages/torch/distributed/run.py:774] Setting OMP_NUM_THREADS environment variable for each process to be 1 in default, to avoid your system being overloaded, please further tune the variable for optimal performance in your application as needed. 
W0926 06:00:07.262883 3637334 /fs04/scratch2/ar57/wenyu/genrec_env_v2/lib/python3.9/site-packages/torch/distributed/run.py:774] *****************************************
[Step3] DDP rank=0/4 local_rank=0
[Step0] cleaned 0 stale artifact(s) from /home/wlia0047/ar57/wenyu/GeneRec/results/stage2_RQ-VAE/curvature_RQ-VAE_iter19/out/rqvae/instruments
=== RQ-VAE Step1-Step12 训练循环 (world_size=4) ===
[Step1] emb: /home/wlia0047/ar57/wenyu/GeneRec/stage1_GeneEmbedding/output/sentence_t5.npy
[Step1] out: /home/wlia0047/ar57/wenyu/GeneRec/results/stage2_RQ-VAE/curvature_RQ-VAE_iter19/out/rqvae/instruments
[Step1] per-GPU batch=640 | total=2560 | workers=4 | compile=False
[Step1] hidden=[512, 256, 128] embed=32 codebook=256 layers=3
[Step1] target: MAX_GLOBAL_STEPS=100000 | ckpt every 10000
[Step2] loaded /home/wlia0047/ar57/wenyu/GeneRec/stage1_GeneEmbedding/output/sentence_t5.npy: shape=(24587, 768), train transitions=339519, active sources=24474/24587
[Step2] 24587 items | 9 batches/rank | 36 batches/epoch
[Step4] WARN: 未找到 /home/wlia0047/ar57/wenyu/GeneRec/results/stage2_RQ-VAE/curvature_RQ-VAE_iter19/out/decoder/instruments_hgrec_configs/hgrec_iter19_reciprocal_sinkhorn_eps/layer_norms.json, 使用 iter1 已记录的残差尺度 [0.001, 0.932889, 1.0]
[Step3.5] residual_layer_norms (per-layer u_l) = [0.0010/0.9329/1.0000] | mechanism=iter19_reciprocal_sinkhorn_eps
[Step4] WARN: 未找到 /home/wlia0047/ar57/wenyu/GeneRec/results/stage2_RQ-VAE/curvature_RQ-VAE_iter19/out/decoder/instruments_hgrec_configs/hgrec_iter19_reciprocal_sinkhorn_eps/layer_norms.json, 使用 iter1 已记录的残差尺度 [0.001, 0.932889, 1.0]
[Step4] WARN: 未找到 /home/wlia0047/ar57/wenyu/GeneRec/results/stage2_RQ-VAE/curvature_RQ-VAE_iter19/out/decoder/instruments_hgrec_configs/hgrec_iter19_reciprocal_sinkhorn_eps/layer_norms.json, 使用 iter1 已记录的残差尺度 [0.001, 0.932889, 1.0][Step4] WARN: 未找到 /home/wlia0047/ar57/wenyu/GeneRec/results/stage2_RQ-VAE/curvature_RQ-VAE_iter19/out/decoder/instruments_hgrec_configs/hgrec_iter19_reciprocal_sinkhorn_eps/layer_norms.json, 使用 iter1 已记录的残差尺度 [0.001, 0.932889, 1.0]

[Step4] iter11 warm-start loaded 11 tensors from /home/wlia0047/ar57/wenyu/GeneRec/results/stage2_RQ-VAE/curvature_RQ-VAE_iter8/out/rqvae/instruments/rqvae_best.pth; c_layer_scale re-initialized in (0.001, 0.933, 1.0) for new range
[Step4] params=1146883 | DDP wrapped
[Step5] standard AdamW: lr=0.001 betas=(0.9, 0.999) groups=4
[train] start, target=100000 global steps (Step1-Step12 loop)
[Step6] first transition batch ok x=(640, 768) x_fut=(640, 768) device=cuda:0
[Step7] first forward ok sem_ids.shape=(1280, 3)
[Step8] first loss ok loss=2.6135 rl=1.2370 vl=0.1135 behavior=6.3148 curvature_reg=0.000000
[Step9] first backward ok params_with_grad=14
[Step10] first optimizer.step ok
[Step11] first curvature sync step=4 c=[0.050/0.244/0.273]
  step    328/100000 | loss=3.3418 | rl=1.3376 | vl=0.6497 | behavior=6.7725 | curv_reg=0.004604 | codes=254/256/255/256 | c=0.051/0.217/0.240 | sinkhorn_eps=0.04912/0.01152/0.01042 | ips_g=65.3 ips/rk=16.3 | elapsed=5.0s | eta=1526.5s
  step    748/100000 | loss=3.1419 | rl=1.2796 | vl=0.5295 | behavior=6.6637 | curv_reg=0.021359 | codes=255/256/256/256 | c=0.052/0.192/0.206 | sinkhorn_eps=0.04803/0.01305/0.01217 | ips_g=74.4 ips/rk=18.6 | elapsed=10.1s | eta=1334.4s
  step   1176/100000 | loss=3.2785 | rl=1.3153 | vl=0.6265 | behavior=6.6828 | curv_reg=0.046636 | codes=254/255/249/256 | c=0.053/0.172/0.179 | sinkhorn_eps=0.04695/0.01453/0.01393 | ips_g=77.9 ips/rk=19.5 | elapsed=15.1s | eta=1268.0s
  step   1588/100000 | loss=3.2463 | rl=1.2927 | vl=0.5966 | behavior=6.7828 | curv_reg=0.078009 | codes=252/255/248/256 | c=0.054/0.156/0.159 | sinkhorn_eps=0.04593/0.01603/0.01572 | ips_g=79.0 ips/rk=19.7 | elapsed=20.1s | eta=1245.9s
  step   2012/100000 | loss=3.3771 | rl=1.3187 | vl=0.6640 | behavior=6.9689 | curv_reg=0.118265 | codes=253/256/251/256 | c=0.056/0.141/0.141 | sinkhorn_eps=0.04490/0.01770/0.01779 | ips_g=80.1 ips/rk=20.0 | elapsed=25.1s | eta=1223.6s
  step   2424/100000 | loss=3.1068 | rl=1.2546 | vl=0.5275 | behavior=6.6194 | curv_reg=0.163318 | codes=254/254/248/256 | c=0.057/0.129/0.125 | sinkhorn_eps=0.04392/0.01942/0.01992 | ips_g=80.4 ips/rk=20.1 | elapsed=30.2s | eta=1214.3s
  step   2848/100000 | loss=3.3338 | rl=1.3042 | vl=0.6529 | behavior=6.8781 | curv_reg=0.217381 | codes=252/255/239/256 | c=0.058/0.117/0.112 | sinkhorn_eps=0.04294/0.02137/0.02240 | ips_g=80.8 ips/rk=20.2 | elapsed=35.2s | eta=1202.1s
  step   3284/100000 | loss=3.2403 | rl=1.2798 | vl=0.6174 | behavior=6.7089 | curv_reg=0.280554 | codes=251/252/246/256 | c=0.060/0.106/0.099 | sinkhorn_eps=0.04196/0.02350/0.02529 | ips_g=81.5 ips/rk=20.4 | elapsed=40.3s | eta=1186.0s
  step   3712/100000 | loss=3.3199 | rl=1.3054 | vl=0.6569 | behavior=6.7798 | curv_reg=0.348584 | codes=255/248/238/256 | c=0.061/0.097/0.088 | sinkhorn_eps=0.04102/0.02566/0.02846 | ips_g=81.9 ips/rk=20.5 | elapsed=45.3s | eta=1175.4s
  step   4136/100000 | loss=3.5054 | rl=1.3186 | vl=0.7887 | behavior=6.9802 | curv_reg=0.426499 | codes=251/250/234/256 | c=0.062/0.089/0.078 | sinkhorn_eps=0.04011/0.02820/0.03210 | ips_g=82.2 ips/rk=20.5 | elapsed=50.3s | eta=1166.3s
  step   4548/100000 | loss=3.3515 | rl=1.3174 | vl=0.6897 | behavior=6.7096 | curv_reg=0.500388 | codes=255/252/238/256 | c=0.064/0.082/0.070 | sinkhorn_eps=0.03924/0.03059/0.03548 | ips_g=82.2 ips/rk=20.5 | elapsed=55.3s | eta=1161.3s
  step   4968/100000 | loss=3.3483 | rl=1.3096 | vl=0.6919 | behavior=6.7202 | curv_reg=0.570230 | codes=251/250/240/256 | c=0.065/0.076/0.065 | sinkhorn_eps=0.03838/0.03298/0.03838 | ips_g=82.3 ips/rk=20.6 | elapsed=60.3s | eta=1154.2s
  step   5392/100000 | loss=3.5086 | rl=1.3269 | vl=0.7731 | behavior=7.0274 | curv_reg=0.604145 | codes=255/243/230/256 | c=0.067/0.070/0.067 | sinkhorn_eps=0.03753/0.03562/0.03753 | ips_g=82.5 ips/rk=20.6 | elapsed=65.4s | eta=1146.7s
  step   5796/100000 | loss=3.7053 | rl=1.3598 | vl=0.9662 | behavior=6.8812 | curv_reg=0.623299 | codes=254/240/230/256 | c=0.068/0.068/0.068 | sinkhorn_eps=0.03674/0.03674/0.03674 | ips_g=82.3 ips/rk=20.6 | elapsed=70.4s | eta=1144.2s
  step   6196/100000 | loss=3.4641 | rl=1.3592 | vl=0.7166 | behavior=6.9263 | curv_reg=0.623299 | codes=255/246/235/256 | c=0.069/0.069/0.069 | sinkhorn_eps=0.03598/0.03598/0.03598 | ips_g=82.1 ips/rk=20.5 | elapsed=75.4s | eta=1142.1s
  step   6600/100000 | loss=3.5065 | rl=1.3101 | vl=0.8056 | behavior=6.9384 | curv_reg=0.623299 | codes=255/240/232/256 | c=0.071/0.071/0.071 | sinkhorn_eps=0.03523/0.03523/0.03523 | ips_g=82.0 ips/rk=20.5 | elapsed=80.5s | eta=1138.9s
  step   6992/100000 | loss=3.3371 | rl=1.3148 | vl=0.6509 | behavior=6.8415 | curv_reg=0.623299 | codes=255/249/239/256 | c=0.072/0.072/0.072 | sinkhorn_eps=0.03451/0.03451/0.03451 | ips_g=81.8 ips/rk=20.4 | elapsed=85.5s | eta=1137.2s
  step   7384/100000 | loss=3.3722 | rl=1.3190 | vl=0.6934 | behavior=6.7831 | curv_reg=0.623299 | codes=253/248/244/256 | c=0.074/0.074/0.074 | sinkhorn_eps=0.03381/0.03381/0.03381 | ips_g=81.6 ips/rk=20.4 | elapsed=90.5s | eta=1135.1s
  step   7788/100000 | loss=3.2434 | rl=1.2999 | vl=0.5967 | behavior=6.7187 | curv_reg=0.623299 | codes=256/248/236/256 | c=0.076/0.076/0.076 | sinkhorn_eps=0.03311/0.03311/0.03311 | ips_g=81.5 ips/rk=20.4 | elapsed=95.5s | eta=1131.2s
  step   8188/100000 | loss=3.4916 | rl=1.3335 | vl=0.7979 | behavior=6.7853 | curv_reg=0.623299 | codes=254/246/236/256 | c=0.077/0.077/0.077 | sinkhorn_eps=0.03243/0.03243/0.03243 | ips_g=81.4 ips/rk=20.4 | elapsed=100.5s | eta=1127.3s
  step   8592/100000 | loss=3.4647 | rl=1.3286 | vl=0.7354 | behavior=6.9878 | curv_reg=0.623299 | codes=256/248/241/256 | c=0.079/0.079/0.079 | sinkhorn_eps=0.03177/0.03177/0.03177 | ips_g=81.4 ips/rk=20.3 | elapsed=105.6s | eta=1123.2s
  step   8996/100000 | loss=3.3966 | rl=1.3214 | vl=0.6917 | behavior=6.9014 | curv_reg=0.623299 | codes=255/249/248/256 | c=0.080/0.080/0.080 | sinkhorn_eps=0.03111/0.03111/0.03111 | ips_g=81.3 ips/rk=20.3 | elapsed=110.6s | eta=1118.7s
  step   9400/100000 | loss=3.3021 | rl=1.3082 | vl=0.6754 | behavior=6.5767 | curv_reg=0.623299 | codes=256/249/240/256 | c=0.082/0.082/0.082 | sinkhorn_eps=0.03048/0.03048/0.03048 | ips_g=81.3 ips/rk=20.3 | elapsed=115.6s | eta=1114.6s
  step   9792/100000 | loss=3.4311 | rl=1.3237 | vl=0.7231 | behavior=6.9056 | curv_reg=0.623299 | codes=256/251/235/256 | c=0.084/0.084/0.084 | sinkhorn_eps=0.02987/0.02987/0.02987 | ips_g=81.2 ips/rk=20.3 | elapsed=120.7s | eta=1111.5s
[Step12] saved /home/wlia0047/ar57/wenyu/GeneRec/results/stage2_RQ-VAE/curvature_RQ-VAE_iter19/out/rqvae/instruments/rqvae_best.pth (step=10000)
  [SID save step=10000] wrote raw 3-token SIDs /home/wlia0047/ar57/wenyu/GeneRec/results/stage2_RQ-VAE/curvature_RQ-VAE_iter19/out/rqvae/instruments/sids_raw.npy: shape=(24587, 3)
  [SID metrics step=10000] hitrate@50=0.9963 full_gini=0.0718 per_layer=[0.1273/0.2592/0.3348] unique=22731/24587 l01_pairs=14250 H_l1_given_l0=5.4731
  step  10004/100000 | loss=3.2279 | rl=1.3182 | vl=0.5656 | behavior=6.7048 | curv_reg=0.623299 | codes=256/251/242/256 | c=0.085/0.085/0.085 | sinkhorn_eps=0.02955/0.02955/0.02955 | ips_g=74.0 ips/rk=18.5 | elapsed=135.2s | eta=1215.8s
  step  10408/100000 | loss=3.4419 | rl=1.3444 | vl=0.7257 | behavior=6.8436 | curv_reg=0.623299 | codes=256/254/238/256 | c=0.086/0.086/0.086 | sinkhorn_eps=0.02895/0.02895/0.02895 | ips_g=74.2 ips/rk=18.6 | elapsed=140.2s | eta=1207.1s
  step  10812/100000 | loss=3.3433 | rl=1.3250 | vl=0.6358 | behavior=6.8970 | curv_reg=0.623299 | codes=254/252/240/256 | c=0.088/0.088/0.088 | sinkhorn_eps=0.02837/0.02837/0.02837 | ips_g=74.4 ips/rk=18.6 | elapsed=145.3s | eta=1198.3s
  step  11208/100000 | loss=3.3864 | rl=1.3169 | vl=0.6960 | behavior=6.8521 | curv_reg=0.623299 | codes=256/254/243/256 | c=0.090/0.090/0.090 | sinkhorn_eps=0.02781/0.02781/0.02781 | ips_g=74.6 ips/rk=18.6 | elapsed=150.3s | eta=1190.6s
  step  11608/100000 | loss=3.4535 | rl=1.3259 | vl=0.7587 | behavior=6.8285 | curv_reg=0.623299 | codes=255/251/241/256 | c=0.092/0.092/0.092 | sinkhorn_eps=0.02726/0.02726/0.02726 | ips_g=74.8 ips/rk=18.7 | elapsed=155.3s | eta=1182.4s
  step  12012/100000 | loss=3.3041 | rl=1.3207 | vl=0.6323 | behavior=6.7400 | curv_reg=0.623299 | codes=256/251/250/256 | c=0.094/0.094/0.094 | sinkhorn_eps=0.02671/0.02671/0.02671 | ips_g=74.9 ips/rk=18.7 | elapsed=160.3s | eta=1174.3s
  step  12408/100000 | loss=3.2936 | rl=1.3140 | vl=0.6269 | behavior=6.7479 | curv_reg=0.623299 | codes=255/249/247/256 | c=0.095/0.095/0.095 | sinkhorn_eps=0.02620/0.02620/0.02620 | ips_g=75.0 ips/rk=18.8 | elapsed=165.4s | eta=1167.3s
  step  12812/100000 | loss=3.4697 | rl=1.3278 | vl=0.7317 | behavior=7.0352 | curv_reg=0.623299 | codes=256/255/246/256 | c=0.097/0.097/0.097 | sinkhorn_eps=0.02568/0.02568/0.02568 | ips_g=75.2 ips/rk=18.8 | elapsed=170.4s | eta=1159.3s
  step  13216/100000 | loss=3.3565 | rl=1.3354 | vl=0.6489 | behavior=6.8458 | curv_reg=0.623299 | codes=256/251/243/256 | c=0.099/0.099/0.099 | sinkhorn_eps=0.02518/0.02518/0.02518 | ips_g=75.3 ips/rk=18.8 | elapsed=175.4s | eta=1151.8s
  step  13616/100000 | loss=3.3530 | rl=1.3210 | vl=0.6729 | behavior=6.7799 | curv_reg=0.623299 | codes=256/251/247/256 | c=0.101/0.101/0.101 | sinkhorn_eps=0.02469/0.02469/0.02469 | ips_g=75.5 ips/rk=18.9 | elapsed=180.4s | eta=1144.6s
  step  14020/100000 | loss=3.3844 | rl=1.3123 | vl=0.6890 | behavior=6.8994 | curv_reg=0.623299 | codes=256/247/242/256 | c=0.103/0.103/0.103 | sinkhorn_eps=0.02421/0.02421/0.02421 | ips_g=75.6 ips/rk=18.9 | elapsed=185.4s | eta=1137.2s
  step  14424/100000 | loss=3.2741 | rl=1.3112 | vl=0.6028 | behavior=6.7853 | curv_reg=0.623299 | codes=256/254/245/256 | c=0.105/0.105/0.105 | sinkhorn_eps=0.02374/0.02374/0.02374 | ips_g=75.7 ips/rk=18.9 | elapsed=190.4s | eta=1129.9s
  step  14828/100000 | loss=3.2499 | rl=1.3380 | vl=0.5704 | behavior=6.6914 | curv_reg=0.623299 | codes=255/253/245/256 | c=0.107/0.107/0.107 | sinkhorn_eps=0.02329/0.02329/0.02329 | ips_g=75.9 ips/rk=19.0 | elapsed=195.5s | eta=1122.9s
  step  15216/100000 | loss=3.2899 | rl=1.3174 | vl=0.6248 | behavior=6.7228 | curv_reg=0.623299 | codes=256/248/247/256 | c=0.109/0.109/0.109 | sinkhorn_eps=0.02286/0.02286/0.02286 | ips_g=75.9 ips/rk=19.0 | elapsed=200.5s | eta=1117.3s
  step  15620/100000 | loss=3.2382 | rl=1.3145 | vl=0.5739 | behavior=6.7337 | curv_reg=0.623299 | codes=256/256/244/256 | c=0.111/0.111/0.111 | sinkhorn_eps=0.02243/0.02243/0.02243 | ips_g=76.0 ips/rk=19.0 | elapsed=205.6s | eta=1110.4s
  step  16024/100000 | loss=3.2458 | rl=1.3069 | vl=0.5641 | behavior=6.8584 | curv_reg=0.623299 | codes=256/250/245/256 | c=0.114/0.114/0.114 | sinkhorn_eps=0.02201/0.02201/0.02201 | ips_g=76.1 ips/rk=19.0 | elapsed=210.6s | eta=1103.8s
  step  16428/100000 | loss=3.3289 | rl=1.3280 | vl=0.6373 | behavior=6.8027 | curv_reg=0.623299 | codes=256/254/244/256 | c=0.116/0.116/0.116 | sinkhorn_eps=0.02160/0.02160/0.02160 | ips_g=76.2 ips/rk=19.0 | elapsed=215.6s | eta=1097.0s
  step  16812/100000 | loss=3.2157 | rl=1.3019 | vl=0.5719 | behavior=6.6942 | curv_reg=0.623299 | codes=256/248/244/256 | c=0.118/0.118/0.118 | sinkhorn_eps=0.02122/0.02122/0.02122 | ips_g=76.2 ips/rk=19.0 | elapsed=220.7s | eta=1092.0s
  step  17212/100000 | loss=3.2027 | rl=1.3105 | vl=0.5830 | behavior=6.5304 | curv_reg=0.623299 | codes=255/254/237/256 | c=0.120/0.120/0.120 | sinkhorn_eps=0.02083/0.02083/0.02083 | ips_g=76.3 ips/rk=19.1 | elapsed=225.7s | eta=1085.6s
  step  17612/100000 | loss=3.2178 | rl=1.3125 | vl=0.5475 | behavior=6.7734 | curv_reg=0.623299 | codes=256/252/247/256 | c=0.122/0.122/0.122 | sinkhorn_eps=0.02045/0.02045/0.02045 | ips_g=76.3 ips/rk=19.1 | elapsed=230.7s | eta=1079.2s
  step  18008/100000 | loss=3.3755 | rl=1.3255 | vl=0.6631 | behavior=6.9195 | curv_reg=0.623299 | codes=254/252/241/256 | c=0.124/0.124/0.124 | sinkhorn_eps=0.02009/0.02009/0.02009 | ips_g=76.4 ips/rk=19.1 | elapsed=235.8s | eta=1073.4s
  step  18412/100000 | loss=3.2178 | rl=1.3288 | vl=0.5667 | behavior=6.5963 | curv_reg=0.623299 | codes=256/256/250/256 | c=0.127/0.127/0.127 | sinkhorn_eps=0.01973/0.01973/0.01973 | ips_g=76.5 ips/rk=19.1 | elapsed=240.8s | eta=1067.0s
  step  18816/100000 | loss=3.3484 | rl=1.3377 | vl=0.6497 | behavior=6.7899 | curv_reg=0.623299 | codes=256/256/247/256 | c=0.129/0.129/0.129 | sinkhorn_eps=0.01938/0.01938/0.01938 | ips_g=76.5 ips/rk=19.1 | elapsed=245.8s | eta=1060.6s
  step  19208/100000 | loss=3.0955 | rl=1.2910 | vl=0.5018 | behavior=6.4981 | curv_reg=0.623299 | codes=256/252/245/256 | c=0.131/0.131/0.131 | sinkhorn_eps=0.01904/0.01904/0.01904 | ips_g=76.6 ips/rk=19.1 | elapsed=250.8s | eta=1055.0s
  step  19612/100000 | loss=3.3395 | rl=1.2996 | vl=0.6537 | behavior=6.9153 | curv_reg=0.623299 | codes=256/253/240/256 | c=0.134/0.134/0.134 | sinkhorn_eps=0.01871/0.01871/0.01871 | ips_g=76.7 ips/rk=19.2 | elapsed=255.8s | eta=1048.6s
[Step12] saved /home/wlia0047/ar57/wenyu/GeneRec/results/stage2_RQ-VAE/curvature_RQ-VAE_iter19/out/rqvae/instruments/rqvae_best.pth (step=20000)
  [SID save step=20000] wrote raw 3-token SIDs /home/wlia0047/ar57/wenyu/GeneRec/results/stage2_RQ-VAE/curvature_RQ-VAE_iter19/out/rqvae/instruments/sids_raw.npy: shape=(24587, 3)
  [SID metrics step=20000] hitrate@50=0.9968 full_gini=0.0618 per_layer=[0.1193/0.2070/0.3276] unique=22996/24587 l01_pairs=14682 H_l1_given_l0=5.5455
  step  20004/100000 | loss=3.3515 | rl=1.3315 | vl=0.6687 | behavior=6.7406 | curv_reg=0.623299 | codes=256/253/242/256 | c=0.136/0.136/0.136 | sinkhorn_eps=0.01840/0.01840/0.01840 | ips_g=73.4 ips/rk=18.4 | elapsed=272.4s | eta=1089.3s
  step  20396/100000 | loss=3.2275 | rl=1.3274 | vl=0.5606 | behavior=6.6823 | curv_reg=0.623299 | codes=256/254/243/256 | c=0.138/0.138/0.138 | sinkhorn_eps=0.01809/0.01809/0.01809 | ips_g=73.5 ips/rk=18.4 | elapsed=277.4s | eta=1082.7s
  step  20800/100000 | loss=3.3612 | rl=1.3567 | vl=0.6678 | behavior=6.6684 | curv_reg=0.623299 | codes=256/254/245/256 | c=0.141/0.141/0.141 | sinkhorn_eps=0.01778/0.01778/0.01778 | ips_g=73.6 ips/rk=18.4 | elapsed=282.5s | eta=1075.5s
  step  21196/100000 | loss=3.2721 | rl=1.3253 | vl=0.6245 | behavior=6.5959 | curv_reg=0.623299 | codes=256/255/248/256 | c=0.143/0.143/0.143 | sinkhorn_eps=0.01748/0.01748/0.01748 | ips_g=73.7 ips/rk=18.4 | elapsed=287.5s | eta=1068.9s
  step  21612/100000 | loss=3.1584 | rl=1.3098 | vl=0.5526 | behavior=6.4646 | curv_reg=0.623299 | codes=256/254/247/256 | c=0.145/0.145/0.145 | sinkhorn_eps=0.01718/0.01718/0.01718 | ips_g=73.9 ips/rk=18.5 | elapsed=292.5s | eta=1061.0s
  step  22032/100000 | loss=3.1637 | rl=1.3587 | vl=0.5169 | behavior=6.4248 | curv_reg=0.623299 | codes=256/254/247/256 | c=0.148/0.148/0.148 | sinkhorn_eps=0.01689/0.01689/0.01689 | ips_g=74.0 ips/rk=18.5 | elapsed=297.6s | eta=1053.0s
  step  22432/100000 | loss=3.2232 | rl=1.3243 | vl=0.5536 | behavior=6.7109 | curv_reg=0.623299 | codes=256/254/248/256 | c=0.150/0.150/0.150 | sinkhorn_eps=0.01661/0.01661/0.01661 | ips_g=74.1 ips/rk=18.5 | elapsed=302.6s | eta=1046.2s
  step  22836/100000 | loss=3.2171 | rl=1.3259 | vl=0.5797 | behavior=6.5417 | curv_reg=0.623299 | codes=256/254/247/256 | c=0.153/0.153/0.153 | sinkhorn_eps=0.01634/0.01634/0.01634 | ips_g=74.2 ips/rk=18.6 | elapsed=307.6s | eta=1039.4s
  step  23224/100000 | loss=3.2170 | rl=1.3224 | vl=0.5861 | behavior=6.5271 | curv_reg=0.623299 | codes=256/254/242/256 | c=0.155/0.155/0.155 | sinkhorn_eps=0.01609/0.01609/0.01609 | ips_g=74.3 ips/rk=18.6 | elapsed=312.7s | eta=1033.6s
  step  23628/100000 | loss=3.1919 | rl=1.3118 | vl=0.5651 | behavior=6.5593 | curv_reg=0.623299 | codes=256/253/246/256 | c=0.158/0.158/0.158 | sinkhorn_eps=0.01584/0.01584/0.01584 | ips_g=74.4 ips/rk=18.6 | elapsed=317.7s | eta=1026.8s
  step  24032/100000 | loss=3.2643 | rl=1.3241 | vl=0.5874 | behavior=6.7483 | curv_reg=0.623299 | codes=256/254/241/256 | c=0.160/0.160/0.160 | sinkhorn_eps=0.01559/0.01559/0.01559 | ips_g=74.5 ips/rk=18.6 | elapsed=322.7s | eta=1020.1s
  step  24436/100000 | loss=3.1788 | rl=1.3127 | vl=0.5262 | behavior=6.6841 | curv_reg=0.623299 | codes=256/256/250/256 | c=0.163/0.163/0.163 | sinkhorn_eps=0.01535/0.01535/0.01535 | ips_g=74.6 ips/rk=18.6 | elapsed=327.7s | eta=1013.4s
  step  24840/100000 | loss=3.3016 | rl=1.3497 | vl=0.6059 | behavior=6.7140 | curv_reg=0.623299 | codes=256/256/253/256 | c=0.165/0.165/0.165 | sinkhorn_eps=0.01511/0.01511/0.01511 | ips_g=74.7 ips/rk=18.7 | elapsed=332.7s | eta=1006.8s
  step  25240/100000 | loss=3.1945 | rl=1.3093 | vl=0.5655 | behavior=6.5825 | curv_reg=0.623299 | codes=256/252/247/256 | c=0.168/0.168/0.168 | sinkhorn_eps=0.01488/0.01488/0.01488 | ips_g=74.7 ips/rk=18.7 | elapsed=337.8s | eta=1000.5s
  step  25644/100000 | loss=3.1048 | rl=1.2935 | vl=0.5062 | behavior=6.5102 | curv_reg=0.623299 | codes=256/254/245/256 | c=0.171/0.171/0.171 | sinkhorn_eps=0.01466/0.01466/0.01466 | ips_g=74.8 ips/rk=18.7 | elapsed=342.8s | eta=994.0s
  step  26032/100000 | loss=3.2780 | rl=1.3533 | vl=0.5928 | behavior=6.6440 | curv_reg=0.623299 | codes=256/254/250/256 | c=0.173/0.173/0.173 | sinkhorn_eps=0.01445/0.01445/0.01445 | ips_g=74.8 ips/rk=18.7 | elapsed=347.8s | eta=988.3s
  step  26436/100000 | loss=3.3398 | rl=1.3949 | vl=0.6282 | behavior=6.5681 | curv_reg=0.623299 | codes=256/255/242/256 | c=0.176/0.176/0.176 | sinkhorn_eps=0.01424/0.01424/0.01424 | ips_g=74.9 ips/rk=18.7 | elapsed=352.8s | eta=981.8s
  step  26840/100000 | loss=3.1903 | rl=1.3235 | vl=0.5606 | behavior=6.5155 | curv_reg=0.623299 | codes=256/255/242/256 | c=0.178/0.178/0.178 | sinkhorn_eps=0.01404/0.01404/0.01404 | ips_g=75.0 ips/rk=18.8 | elapsed=357.9s | eta=975.5s
  step  27240/100000 | loss=3.3002 | rl=1.3789 | vl=0.6119 | behavior=6.5316 | curv_reg=0.623299 | codes=256/254/252/256 | c=0.181/0.181/0.181 | sinkhorn_eps=0.01384/0.01384/0.01384 | ips_g=75.1 ips/rk=18.8 | elapsed=362.9s | eta=969.3s
  step  27632/100000 | loss=3.2595 | rl=1.3461 | vl=0.5866 | behavior=6.6179 | curv_reg=0.623299 | codes=256/255/247/256 | c=0.183/0.183/0.183 | sinkhorn_eps=0.01366/0.01366/0.01366 | ips_g=75.1 ips/rk=18.8 | elapsed=367.9s | eta=963.6s
  step  28036/100000 | loss=3.1853 | rl=1.3495 | vl=0.5164 | behavior=6.5814 | curv_reg=0.623299 | codes=256/255/250/256 | c=0.186/0.186/0.186 | sinkhorn_eps=0.01347/0.01347/0.01347 | ips_g=75.2 ips/rk=18.8 | elapsed=372.9s | eta=957.2s
  step  28432/100000 | loss=3.2493 | rl=1.3480 | vl=0.5525 | behavior=6.7282 | curv_reg=0.623299 | codes=256/256/245/256 | c=0.188/0.188/0.188 | sinkhorn_eps=0.01329/0.01329/0.01329 | ips_g=75.2 ips/rk=18.8 | elapsed=378.0s | eta=951.4s
  step  28836/100000 | loss=3.3407 | rl=1.3463 | vl=0.6384 | behavior=6.7645 | curv_reg=0.623299 | codes=256/256/250/256 | c=0.191/0.191/0.191 | sinkhorn_eps=0.01311/0.01311/0.01311 | ips_g=75.3 ips/rk=18.8 | elapsed=383.0s | eta=945.1s
  step  29240/100000 | loss=3.1793 | rl=1.3367 | vl=0.5157 | behavior=6.6192 | curv_reg=0.623299 | codes=256/255/251/256 | c=0.193/0.193/0.193 | sinkhorn_eps=0.01294/0.01294/0.01294 | ips_g=75.4 ips/rk=18.8 | elapsed=388.0s | eta=939.0s
  step  29644/100000 | loss=3.1264 | rl=1.3179 | vl=0.5053 | behavior=6.5000 | curv_reg=0.623299 | codes=256/256/246/256 | c=0.196/0.196/0.196 | sinkhorn_eps=0.01277/0.01277/0.01277 | ips_g=75.4 ips/rk=18.9 | elapsed=393.0s | eta=932.8s
[Step12] saved /home/wlia0047/ar57/wenyu/GeneRec/results/stage2_RQ-VAE/curvature_RQ-VAE_iter19/out/rqvae/instruments/rqvae_best.pth (step=30000)
  [SID save step=30000] wrote raw 3-token SIDs /home/wlia0047/ar57/wenyu/GeneRec/results/stage2_RQ-VAE/curvature_RQ-VAE_iter19/out/rqvae/instruments/sids_raw.npy: shape=(24587, 3)
  [SID metrics step=30000] hitrate@50=0.9969 full_gini=0.0578 per_layer=[0.1131/0.1203/0.2130] unique=23105/24587 l01_pairs=15095 H_l1_given_l0=5.5958
  step  30004/100000 | loss=3.1112 | rl=1.3164 | vl=0.4805 | behavior=6.5562 | curv_reg=0.623299 | codes=256/256/251/256 | c=0.198/0.198/0.198 | sinkhorn_eps=0.01263/0.01263/0.01263 | ips_g=73.3 ips/rk=18.3 | elapsed=409.3s | eta=954.8s
  step  30408/100000 | loss=3.0850 | rl=1.3165 | vl=0.4751 | behavior=6.4515 | curv_reg=0.623299 | codes=256/254/255/256 | c=0.200/0.200/0.200 | sinkhorn_eps=0.01247/0.01247/0.01247 | ips_g=73.4 ips/rk=18.3 | elapsed=414.3s | eta=948.2s
  step  30812/100000 | loss=3.2776 | rl=1.3542 | vl=0.5858 | behavior=6.6723 | curv_reg=0.623299 | codes=256/255/248/256 | c=0.203/0.203/0.203 | sinkhorn_eps=0.01232/0.01232/0.01232 | ips_g=73.5 ips/rk=18.4 | elapsed=419.3s | eta=941.6s
  step  31204/100000 | loss=3.3276 | rl=1.3466 | vl=0.6211 | behavior=6.7842 | curv_reg=0.623299 | codes=256/256/251/256 | c=0.205/0.205/0.205 | sinkhorn_eps=0.01217/0.01217/0.01217 | ips_g=73.5 ips/rk=18.4 | elapsed=424.4s | eta=935.6s
  step  31596/100000 | loss=3.2056 | rl=1.3253 | vl=0.5761 | behavior=6.5059 | curv_reg=0.623299 | codes=256/255/247/256 | c=0.208/0.208/0.208 | sinkhorn_eps=0.01203/0.01203/0.01203 | ips_g=73.6 ips/rk=18.4 | elapsed=429.4s | eta=929.7s
  step  32000/100000 | loss=3.2885 | rl=1.3647 | vl=0.6043 | behavior=6.5820 | curv_reg=0.623299 | codes=256/256/252/256 | c=0.210/0.210/0.210 | sinkhorn_eps=0.01189/0.01189/0.01189 | ips_g=73.7 ips/rk=18.4 | elapsed=434.4s | eta=923.2s
  step  32404/100000 | loss=3.2626 | rl=1.3545 | vl=0.5909 | behavior=6.5705 | curv_reg=0.623299 | codes=256/255/248/256 | c=0.213/0.213/0.213 | sinkhorn_eps=0.01176/0.01176/0.01176 | ips_g=73.7 ips/rk=18.4 | elapsed=439.5s | eta=916.8s
  step  32808/100000 | loss=3.2327 | rl=1.3477 | vl=0.5583 | behavior=6.6178 | curv_reg=0.623299 | codes=256/256/247/256 | c=0.215/0.215/0.215 | sinkhorn_eps=0.01163/0.01163/0.01163 | ips_g=73.8 ips/rk=18.5 | elapsed=444.5s | eta=910.4s
  step  33208/100000 | loss=3.2821 | rl=1.3442 | vl=0.6095 | behavior=6.6265 | curv_reg=0.623299 | codes=256/253/252/256 | c=0.217/0.217/0.217 | sinkhorn_eps=0.01150/0.01150/0.01150 | ips_g=73.9 ips/rk=18.5 | elapsed=449.5s | eta=904.2s
  step  33608/100000 | loss=3.1927 | rl=1.3490 | vl=0.5211 | behavior=6.5973 | curv_reg=0.623299 | codes=256/256/253/256 | c=0.220/0.220/0.220 | sinkhorn_eps=0.01138/0.01138/0.01138 | ips_g=73.9 ips/rk=18.5 | elapsed=454.6s | eta=898.0s
  step  34020/100000 | loss=3.1526 | rl=1.3321 | vl=0.4981 | behavior=6.5968 | curv_reg=0.623299 | codes=256/255/250/256 | c=0.222/0.222/0.222 | sinkhorn_eps=0.01126/0.01126/0.01126 | ips_g=74.0 ips/rk=18.5 | elapsed=459.6s | eta=891.4s
  step  34444/100000 | loss=3.2708 | rl=1.3506 | vl=0.5975 | behavior=6.5982 | curv_reg=0.623299 | codes=256/255/248/256 | c=0.224/0.224/0.224 | sinkhorn_eps=0.01114/0.01114/0.01114 | ips_g=74.1 ips/rk=18.5 | elapsed=464.6s | eta=884.3s
  step  34840/100000 | loss=3.1542 | rl=1.3230 | vl=0.4957 | behavior=6.6622 | curv_reg=0.623299 | codes=256/256/251/256 | c=0.227/0.227/0.227 | sinkhorn_eps=0.01103/0.01103/0.01103 | ips_g=74.2 ips/rk=18.5 | elapsed=469.6s | eta=878.3s
  step  35244/100000 | loss=3.2451 | rl=1.3577 | vl=0.5446 | behavior=6.6987 | curv_reg=0.623299 | codes=256/254/250/256 | c=0.229/0.229/0.229 | sinkhorn_eps=0.01092/0.01092/0.01092 | ips_g=74.3 ips/rk=18.6 | elapsed=474.7s | eta=872.1s
  step  35644/100000 | loss=3.1480 | rl=1.3232 | vl=0.5246 | behavior=6.4859 | curv_reg=0.623299 | codes=256/255/249/256 | c=0.231/0.231/0.231 | sinkhorn_eps=0.01082/0.01082/0.01082 | ips_g=74.3 ips/rk=18.6 | elapsed=479.7s | eta=866.1s
  step  36048/100000 | loss=3.2670 | rl=1.3700 | vl=0.5772 | behavior=6.5835 | curv_reg=0.623299 | codes=256/255/249/256 | c=0.233/0.233/0.233 | sinkhorn_eps=0.01072/0.01072/0.01072 | ips_g=74.4 ips/rk=18.6 | elapsed=484.7s | eta=859.9s
  step  36444/100000 | loss=3.2819 | rl=1.3532 | vl=0.6128 | behavior=6.5638 | curv_reg=0.623299 | codes=256/254/247/256 | c=0.235/0.235/0.235 | sinkhorn_eps=0.01062/0.01062/0.01062 | ips_g=74.4 ips/rk=18.6 | elapsed=489.7s | eta=854.1s
  step  36848/100000 | loss=3.1860 | rl=1.3158 | vl=0.5562 | behavior=6.5543 | curv_reg=0.623299 | codes=256/255/251/256 | c=0.237/0.237/0.237 | sinkhorn_eps=0.01053/0.01053/0.01053 | ips_g=74.5 ips/rk=18.6 | elapsed=494.8s | eta=847.9s
  step  37252/100000 | loss=3.2061 | rl=1.3457 | vl=0.5386 | behavior=6.5934 | curv_reg=0.623299 | codes=256/256/251/256 | c=0.239/0.239/0.239 | sinkhorn_eps=0.01044/0.01044/0.01044 | ips_g=74.5 ips/rk=18.6 | elapsed=499.8s | eta=841.8s
  step  37656/100000 | loss=3.2177 | rl=1.3362 | vl=0.5626 | behavior=6.5790 | curv_reg=0.623299 | codes=256/255/249/256 | c=0.241/0.241/0.241 | sinkhorn_eps=0.01036/0.01036/0.01036 | ips_g=74.6 ips/rk=18.6 | elapsed=504.8s | eta=835.7s
  step  38056/100000 | loss=3.1867 | rl=1.3247 | vl=0.5311 | behavior=6.6393 | curv_reg=0.623299 | codes=256/255/249/256 | c=0.243/0.243/0.243 | sinkhorn_eps=0.01027/0.01027/0.01027 | ips_g=74.6 ips/rk=18.7 | elapsed=509.8s | eta=829.8s
  step  38460/100000 | loss=3.1675 | rl=1.3319 | vl=0.5238 | behavior=6.5435 | curv_reg=0.623299 | codes=256/255/254/256 | c=0.245/0.245/0.245 | sinkhorn_eps=0.01019/0.01019/0.01019 | ips_g=74.7 ips/rk=18.7 | elapsed=514.8s | eta=823.8s
  step  38864/100000 | loss=3.1323 | rl=1.3434 | vl=0.4813 | behavior=6.5221 | curv_reg=0.623299 | codes=255/256/254/256 | c=0.247/0.247/0.247 | sinkhorn_eps=0.01012/0.01012/0.01012 | ips_g=74.8 ips/rk=18.7 | elapsed=519.9s | eta=817.8s
  step  39256/100000 | loss=3.2185 | rl=1.3418 | vl=0.5775 | behavior=6.4802 | curv_reg=0.623299 | codes=256/256/248/256 | c=0.249/0.249/0.249 | sinkhorn_eps=0.01005/0.01005/0.01005 | ips_g=74.8 ips/rk=18.7 | elapsed=524.9s | eta=812.2s
  step  39648/100000 | loss=3.1061 | rl=1.3333 | vl=0.4854 | behavior=6.4216 | curv_reg=0.623299 | codes=256/256/251/256 | c=0.251/0.251/0.251 | sinkhorn_eps=0.00998/0.00998/0.00998 | ips_g=74.8 ips/rk=18.7 | elapsed=529.9s | eta=806.6s
[Step12] saved /home/wlia0047/ar57/wenyu/GeneRec/results/stage2_RQ-VAE/curvature_RQ-VAE_iter19/out/rqvae/instruments/rqvae_best.pth (step=40000)
  [SID save step=40000] wrote raw 3-token SIDs /home/wlia0047/ar57/wenyu/GeneRec/results/stage2_RQ-VAE/curvature_RQ-VAE_iter19/out/rqvae/instruments/sids_raw.npy: shape=(24587, 3)
  [SID metrics step=40000] hitrate@50=0.9968 full_gini=0.0592 per_layer=[0.1221/0.1179/0.1821] unique=23069/24587 l01_pairs=14894 H_l1_given_l0=5.5654
  step  40004/100000 | loss=3.0806 | rl=1.3429 | vl=0.4378 | behavior=6.4841 | curv_reg=0.623299 | codes=256/256/252/256 | c=0.252/0.252/0.252 | sinkhorn_eps=0.00992/0.00992/0.00992 | ips_g=73.2 ips/rk=18.3 | elapsed=546.2s | eta=819.2s
  step  40408/100000 | loss=3.2518 | rl=1.3552 | vl=0.5779 | behavior=6.5778 | curv_reg=0.623299 | codes=256/256/250/256 | c=0.254/0.254/0.254 | sinkhorn_eps=0.00985/0.00985/0.00985 | ips_g=73.3 ips/rk=18.3 | elapsed=551.2s | eta=812.9s
  step  40812/100000 | loss=3.2947 | rl=1.3812 | vl=0.6113 | behavior=6.4954 | curv_reg=0.623299 | codes=256/255/253/256 | c=0.255/0.255/0.255 | sinkhorn_eps=0.00979/0.00979/0.00979 | ips_g=73.4 ips/rk=18.3 | elapsed=556.2s | eta=806.7s
  step  41216/100000 | loss=3.1821 | rl=1.3464 | vl=0.5410 | behavior=6.4582 | curv_reg=0.623299 | codes=256/255/253/256 | c=0.257/0.257/0.257 | sinkhorn_eps=0.00973/0.00973/0.00973 | ips_g=73.4 ips/rk=18.4 | elapsed=561.2s | eta=800.5s
  step  41620/100000 | loss=3.2367 | rl=1.3676 | vl=0.5435 | behavior=6.6128 | curv_reg=0.623299 | codes=256/256/252/256 | c=0.258/0.258/0.258 | sinkhorn_eps=0.00968/0.00968/0.00968 | ips_g=73.5 ips/rk=18.4 | elapsed=566.3s | eta=794.3s
  step  42016/100000 | loss=3.2345 | rl=1.3730 | vl=0.5424 | behavior=6.5800 | curv_reg=0.623299 | codes=256/255/253/256 | c=0.260/0.260/0.260 | sinkhorn_eps=0.00963/0.00963/0.00963 | ips_g=73.5 ips/rk=18.4 | elapsed=571.3s | eta=788.5s
  step  42416/100000 | loss=3.2761 | rl=1.3700 | vl=0.5845 | behavior=6.5925 | curv_reg=0.623299 | codes=256/256/252/256 | c=0.261/0.261/0.261 | sinkhorn_eps=0.00958/0.00958/0.00958 | ips_g=73.6 ips/rk=18.4 | elapsed=576.4s | eta=782.5s
  step  42816/100000 | loss=3.2069 | rl=1.3603 | vl=0.5455 | behavior=6.4894 | curv_reg=0.623299 | codes=256/256/253/256 | c=0.262/0.262/0.262 | sinkhorn_eps=0.00953/0.00953/0.00953 | ips_g=73.6 ips/rk=18.4 | elapsed=581.4s | eta=776.5s
  step  43220/100000 | loss=3.2824 | rl=1.3710 | vl=0.5767 | behavior=6.6579 | curv_reg=0.623299 | codes=256/256/254/256 | c=0.264/0.264/0.264 | sinkhorn_eps=0.00948/0.00948/0.00948 | ips_g=73.7 ips/rk=18.4 | elapsed=586.4s | eta=770.4s
  step  43616/100000 | loss=3.1257 | rl=1.3462 | vl=0.4720 | behavior=6.5221 | curv_reg=0.623299 | codes=256/256/256/256 | c=0.265/0.265/0.265 | sinkhorn_eps=0.00944/0.00944/0.00944 | ips_g=73.7 ips/rk=18.4 | elapsed=591.4s | eta=764.6s
  step  44008/100000 | loss=3.1844 | rl=1.3451 | vl=0.5202 | behavior=6.5801 | curv_reg=0.623299 | codes=256/256/252/256 | c=0.266/0.266/0.266 | sinkhorn_eps=0.00941/0.00941/0.00941 | ips_g=73.8 ips/rk=18.4 | elapsed=596.5s | eta=758.9s
  step  44380/100000 | loss=3.2365 | rl=1.3866 | vl=0.5322 | behavior=6.5727 | curv_reg=0.623299 | codes=256/254/247/256 | c=0.267/0.267/0.267 | sinkhorn_eps=0.00937/0.00937/0.00937 | ips_g=73.8 ips/rk=18.4 | elapsed=601.5s | eta=753.8s
  step  44780/100000 | loss=3.1658 | rl=1.3481 | vl=0.5021 | behavior=6.5619 | curv_reg=0.623299 | codes=256/256/255/256 | c=0.268/0.268/0.268 | sinkhorn_eps=0.00934/0.00934/0.00934 | ips_g=73.8 ips/rk=18.5 | elapsed=606.5s | eta=747.9s
  step  45192/100000 | loss=3.2121 | rl=1.3621 | vl=0.5258 | behavior=6.6053 | curv_reg=0.623299 | codes=256/256/251/256 | c=0.269/0.269/0.269 | sinkhorn_eps=0.00931/0.00931/0.00931 | ips_g=73.9 ips/rk=18.5 | elapsed=611.5s | eta=741.6s
  step  45612/100000 | loss=3.1287 | rl=1.3364 | vl=0.4855 | behavior=6.5184 | curv_reg=0.623299 | codes=255/256/253/256 | c=0.270/0.270/0.270 | sinkhorn_eps=0.00928/0.00928/0.00928 | ips_g=74.0 ips/rk=18.5 | elapsed=616.5s | eta=735.2s
  step  46024/100000 | loss=3.3152 | rl=1.3637 | vl=0.6133 | behavior=6.6758 | curv_reg=0.623299 | codes=256/256/250/256 | c=0.270/0.270/0.270 | sinkhorn_eps=0.00925/0.00925/0.00925 | ips_g=74.0 ips/rk=18.5 | elapsed=621.6s | eta=729.0s
  step  46436/100000 | loss=3.1388 | rl=1.3507 | vl=0.4783 | behavior=6.5334 | curv_reg=0.623299 | codes=256/256/252/256 | c=0.271/0.271/0.271 | sinkhorn_eps=0.00922/0.00922/0.00922 | ips_g=74.1 ips/rk=18.5 | elapsed=626.6s | eta=722.8s
  step  46860/100000 | loss=3.2747 | rl=1.3719 | vl=0.5764 | behavior=6.6161 | curv_reg=0.623299 | codes=256/256/255/256 | c=0.272/0.272/0.272 | sinkhorn_eps=0.00920/0.00920/0.00920 | ips_g=74.2 ips/rk=18.5 | elapsed=631.6s | eta=716.3s
  step  47264/100000 | loss=3.2690 | rl=1.3906 | vl=0.5381 | behavior=6.6860 | curv_reg=0.623299 | codes=256/256/251/256 | c=0.272/0.272/0.272 | sinkhorn_eps=0.00918/0.00918/0.00918 | ips_g=74.2 ips/rk=18.6 | elapsed=636.6s | eta=710.3s
  step  47680/100000 | loss=3.2073 | rl=1.3903 | vl=0.4957 | behavior=6.5909 | curv_reg=0.623299 | codes=255/256/253/256 | c=0.273/0.273/0.273 | sinkhorn_eps=0.00917/0.00917/0.00917 | ips_g=74.3 ips/rk=18.6 | elapsed=641.6s | eta=704.1s
  step  48084/100000 | loss=3.1670 | rl=1.3547 | vl=0.5084 | behavior=6.5040 | curv_reg=0.623299 | codes=256/256/254/256 | c=0.273/0.273/0.273 | sinkhorn_eps=0.00916/0.00916/0.00916 | ips_g=74.4 ips/rk=18.6 | elapsed=646.7s | eta=698.2s
  step  48496/100000 | loss=3.1676 | rl=1.3658 | vl=0.4903 | behavior=6.5419 | curv_reg=0.623299 | codes=256/255/251/256 | c=0.273/0.273/0.273 | sinkhorn_eps=0.00914/0.00914/0.00914 | ips_g=74.4 ips/rk=18.6 | elapsed=651.7s | eta=692.1s
  step  48916/100000 | loss=3.1416 | rl=1.3445 | vl=0.4999 | behavior=6.4706 | curv_reg=0.623299 | codes=256/256/253/256 | c=0.274/0.274/0.274 | sinkhorn_eps=0.00914/0.00914/0.00914 | ips_g=74.5 ips/rk=18.6 | elapsed=656.7s | eta=685.8s
  step  49320/100000 | loss=3.3114 | rl=1.3823 | vl=0.5810 | behavior=6.7249 | curv_reg=0.623299 | codes=256/256/253/256 | c=0.274/0.274/0.274 | sinkhorn_eps=0.00913/0.00913/0.00913 | ips_g=74.5 ips/rk=18.6 | elapsed=661.8s | eta=680.0s
  step  49732/100000 | loss=3.1671 | rl=1.3451 | vl=0.5179 | behavior=6.5051 | curv_reg=0.623299 | codes=256/256/253/256 | c=0.274/0.274/0.274 | sinkhorn_eps=0.00913/0.00913/0.00913 | ips_g=74.6 ips/rk=18.6 | elapsed=666.8s | eta=674.0s
[Step12] saved /home/wlia0047/ar57/wenyu/GeneRec/results/stage2_RQ-VAE/curvature_RQ-VAE_iter19/out/rqvae/instruments/rqvae_best.pth (step=50000)
  [SID save step=50000] wrote raw 3-token SIDs /home/wlia0047/ar57/wenyu/GeneRec/results/stage2_RQ-VAE/curvature_RQ-VAE_iter19/out/rqvae/instruments/sids_raw.npy: shape=(24587, 3)
  [SID metrics step=50000] hitrate@50=0.9968 full_gini=0.0593 per_layer=[0.1338/0.1350/0.2150] unique=23064/24587 l01_pairs=14894 H_l1_given_l0=5.5795
  step  50004/100000 | loss=3.2231 | rl=1.3641 | vl=0.5374 | behavior=6.5923 | curv_reg=0.623299 | codes=256/256/251/256 | c=0.274/0.274/0.274 | sinkhorn_eps=0.00913/0.00913/0.00913 | ips_g=73.3 ips/rk=18.3 | elapsed=682.2s | eta=682.1s
  step  50424/100000 | loss=3.1114 | rl=1.3439 | vl=0.4670 | behavior=6.4871 | curv_reg=0.623299 | codes=256/256/252/256 | c=0.274/0.274/0.274 | sinkhorn_eps=0.00913/0.00913/0.00913 | ips_g=73.4 ips/rk=18.3 | elapsed=687.2s | eta=675.7s
  step  50848/100000 | loss=3.1045 | rl=1.3548 | vl=0.4652 | behavior=6.4070 | curv_reg=0.623299 | codes=256/256/251/256 | c=0.274/0.274/0.274 | sinkhorn_eps=0.00913/0.00913/0.00913 | ips_g=73.5 ips/rk=18.4 | elapsed=692.2s | eta=669.2s
  step  51268/100000 | loss=3.0946 | rl=1.3147 | vl=0.4639 | behavior=6.5645 | curv_reg=0.623299 | codes=256/256/251/256 | c=0.274/0.274/0.274 | sinkhorn_eps=0.00914/0.00914/0.00914 | ips_g=73.5 ips/rk=18.4 | elapsed=697.3s | eta=662.8s
  step  51696/100000 | loss=3.2485 | rl=1.3652 | vl=0.5687 | behavior=6.5574 | curv_reg=0.623299 | codes=256/256/254/256 | c=0.273/0.273/0.273 | sinkhorn_eps=0.00915/0.00915/0.00915 | ips_g=73.6 ips/rk=18.4 | elapsed=702.3s | eta=656.2s
  step  52100/100000 | loss=3.1890 | rl=1.3596 | vl=0.5108 | behavior=6.5774 | curv_reg=0.623299 | codes=256/255/253/256 | c=0.273/0.273/0.273 | sinkhorn_eps=0.00916/0.00916/0.00916 | ips_g=73.7 ips/rk=18.4 | elapsed=707.3s | eta=650.3s
  step  52516/100000 | loss=3.1632 | rl=1.3541 | vl=0.4769 | behavior=6.6452 | curv_reg=0.623299 | codes=256/256/251/256 | c=0.272/0.272/0.272 | sinkhorn_eps=0.00918/0.00918/0.00918 | ips_g=73.7 ips/rk=18.4 | elapsed=712.3s | eta=644.1s
  step  52940/100000 | loss=3.2908 | rl=1.3903 | vl=0.5893 | behavior=6.5403 | curv_reg=0.623299 | codes=256/256/251/256 | c=0.272/0.272/0.272 | sinkhorn_eps=0.00919/0.00919/0.00919 | ips_g=73.8 ips/rk=18.4 | elapsed=717.4s | eta=637.7s
  step  53364/100000 | loss=3.2556 | rl=1.3590 | vl=0.5602 | behavior=6.6667 | curv_reg=0.623299 | codes=256/256/253/256 | c=0.271/0.271/0.271 | sinkhorn_eps=0.00921/0.00921/0.00921 | ips_g=73.9 ips/rk=18.5 | elapsed=722.4s | eta=631.3s
  step  53788/100000 | loss=3.2325 | rl=1.3568 | vl=0.5540 | behavior=6.5928 | curv_reg=0.623299 | codes=256/256/251/256 | c=0.271/0.271/0.271 | sinkhorn_eps=0.00924/0.00924/0.00924 | ips_g=73.9 ips/rk=18.5 | elapsed=727.4s | eta=625.0s
  step  54212/100000 | loss=3.2724 | rl=1.3738 | vl=0.5652 | behavior=6.6515 | curv_reg=0.623299 | codes=256/255/254/256 | c=0.270/0.270/0.270 | sinkhorn_eps=0.00926/0.00926/0.00926 | ips_g=74.0 ips/rk=18.5 | elapsed=732.5s | eta=618.6s
  step  54636/100000 | loss=3.2061 | rl=1.3700 | vl=0.5095 | behavior=6.6173 | curv_reg=0.623299 | codes=256/256/254/256 | c=0.269/0.269/0.269 | sinkhorn_eps=0.00929/0.00929/0.00929 | ips_g=74.1 ips/rk=18.5 | elapsed=737.5s | eta=612.3s
  step  55048/100000 | loss=3.2930 | rl=1.3944 | vl=0.5856 | behavior=6.5492 | curv_reg=0.623299 | codes=256/256/254/256 | c=0.268/0.268/0.268 | sinkhorn_eps=0.00932/0.00932/0.00932 | ips_g=74.1 ips/rk=18.5 | elapsed=742.5s | eta=606.3s
  step  55464/100000 | loss=3.2544 | rl=1.3599 | vl=0.5758 | behavior=6.5782 | curv_reg=0.623299 | codes=256/255/252/256 | c=0.267/0.267/0.267 | sinkhorn_eps=0.00936/0.00936/0.00936 | ips_g=74.2 ips/rk=18.5 | elapsed=747.6s | eta=600.3s
  step  55880/100000 | loss=3.2459 | rl=1.3794 | vl=0.5773 | behavior=6.4306 | curv_reg=0.623299 | codes=256/255/253/256 | c=0.266/0.266/0.266 | sinkhorn_eps=0.00940/0.00940/0.00940 | ips_g=74.2 ips/rk=18.6 | elapsed=752.6s | eta=594.2s
  step  56304/100000 | loss=3.2104 | rl=1.3724 | vl=0.5308 | behavior=6.5205 | curv_reg=0.623299 | codes=256/256/256/256 | c=0.265/0.265/0.265 | sinkhorn_eps=0.00944/0.00944/0.00944 | ips_g=74.3 ips/rk=18.6 | elapsed=757.7s | eta=588.0s
  step  56728/100000 | loss=3.2514 | rl=1.3746 | vl=0.5388 | behavior=6.6744 | curv_reg=0.623299 | codes=256/255/254/256 | c=0.264/0.264/0.264 | sinkhorn_eps=0.00948/0.00948/0.00948 | ips_g=74.4 ips/rk=18.6 | elapsed=762.7s | eta=581.8s
  step  57132/100000 | loss=3.1758 | rl=1.3654 | vl=0.5032 | behavior=6.5203 | curv_reg=0.623299 | codes=255/256/253/256 | c=0.263/0.263/0.263 | sinkhorn_eps=0.00952/0.00952/0.00952 | ips_g=74.4 ips/rk=18.6 | elapsed=767.7s | eta=576.1s
  step  57532/100000 | loss=3.2413 | rl=1.3591 | vl=0.5579 | behavior=6.6058 | curv_reg=0.623299 | codes=256/256/255/256 | c=0.261/0.261/0.261 | sinkhorn_eps=0.00957/0.00957/0.00957 | ips_g=74.4 ips/rk=18.6 | elapsed=772.8s | eta=570.4s
  step  57924/100000 | loss=3.2052 | rl=1.3487 | vl=0.5324 | behavior=6.6048 | curv_reg=0.623299 | codes=256/256/248/256 | c=0.260/0.260/0.260 | sinkhorn_eps=0.00962/0.00962/0.00962 | ips_g=74.5 ips/rk=18.6 | elapsed=777.8s | eta=565.0s
  step  58340/100000 | loss=3.1508 | rl=1.3462 | vl=0.4840 | behavior=6.5870 | curv_reg=0.623299 | codes=256/256/252/256 | c=0.258/0.258/0.258 | sinkhorn_eps=0.00967/0.00967/0.00967 | ips_g=74.5 ips/rk=18.6 | elapsed=782.8s | eta=559.0s
  step  58752/100000 | loss=3.2936 | rl=1.3858 | vl=0.5922 | behavior=6.5627 | curv_reg=0.623299 | codes=256/256/250/256 | c=0.257/0.257/0.257 | sinkhorn_eps=0.00973/0.00973/0.00973 | ips_g=74.6 ips/rk=18.6 | elapsed=787.8s | eta=553.1s
  step  59152/100000 | loss=3.0770 | rl=1.3286 | vl=0.4467 | behavior=6.4929 | curv_reg=0.623299 | codes=255/256/252/256 | c=0.255/0.255/0.255 | sinkhorn_eps=0.00979/0.00979/0.00979 | ips_g=74.6 ips/rk=18.7 | elapsed=792.9s | eta=547.5s
  step  59556/100000 | loss=3.2705 | rl=1.3547 | vl=0.5901 | behavior=6.6128 | curv_reg=0.623299 | codes=256/255/249/256 | c=0.254/0.254/0.254 | sinkhorn_eps=0.00985/0.00985/0.00985 | ips_g=74.6 ips/rk=18.7 | elapsed=797.9s | eta=541.8s
  step  59960/100000 | loss=3.0979 | rl=1.3305 | vl=0.4731 | behavior=6.4560 | curv_reg=0.623299 | codes=256/255/251/256 | c=0.252/0.252/0.252 | sinkhorn_eps=0.00991/0.00991/0.00991 | ips_g=74.7 ips/rk=18.7 | elapsed=802.9s | eta=536.2s
[Step12] saved /home/wlia0047/ar57/wenyu/GeneRec/results/stage2_RQ-VAE/curvature_RQ-VAE_iter19/out/rqvae/instruments/rqvae_best.pth (step=60000)
  [SID save step=60000] wrote raw 3-token SIDs /home/wlia0047/ar57/wenyu/GeneRec/results/stage2_RQ-VAE/curvature_RQ-VAE_iter19/out/rqvae/instruments/sids_raw.npy: shape=(24587, 3)
  [SID metrics step=60000] hitrate@50=0.9971 full_gini=0.0550 per_layer=[0.1298/0.1287/0.1953] unique=23177/24587 l01_pairs=14854 H_l1_given_l0=5.5746
  step  60004/100000 | loss=3.1737 | rl=1.3603 | vl=0.5029 | behavior=6.5372 | curv_reg=0.623299 | codes=256/256/254/256 | c=0.252/0.252/0.252 | sinkhorn_eps=0.00992/0.00992/0.00992 | ips_g=73.6 ips/rk=18.4 | elapsed=815.2s | eta=543.4s
  step  60396/100000 | loss=3.2305 | rl=1.3496 | vl=0.5540 | behavior=6.6192 | curv_reg=0.623299 | codes=256/255/251/256 | c=0.250/0.250/0.250 | sinkhorn_eps=0.00999/0.00999/0.00999 | ips_g=73.6 ips/rk=18.4 | elapsed=820.2s | eta=537.8s
  step  60808/100000 | loss=3.2243 | rl=1.3734 | vl=0.5439 | behavior=6.5196 | curv_reg=0.623299 | codes=256/255/252/256 | c=0.249/0.249/0.249 | sinkhorn_eps=0.01006/0.01006/0.01006 | ips_g=73.7 ips/rk=18.4 | elapsed=825.2s | eta=531.9s
  step  61220/100000 | loss=3.2296 | rl=1.3615 | vl=0.5649 | behavior=6.5006 | curv_reg=0.623299 | codes=256/256/252/256 | c=0.247/0.247/0.247 | sinkhorn_eps=0.01013/0.01013/0.01013 | ips_g=73.7 ips/rk=18.4 | elapsed=830.3s | eta=525.9s
  step  61636/100000 | loss=3.2815 | rl=1.3720 | vl=0.5901 | behavior=6.5813 | curv_reg=0.623299 | codes=256/254/246/256 | c=0.245/0.245/0.245 | sinkhorn_eps=0.01021/0.01021/0.01021 | ips_g=73.8 ips/rk=18.4 | elapsed=835.3s | eta=519.9s
  step  62040/100000 | loss=3.0835 | rl=1.3100 | vl=0.4780 | behavior=6.4624 | curv_reg=0.623299 | codes=255/255/248/256 | c=0.243/0.243/0.243 | sinkhorn_eps=0.01029/0.01029/0.01029 | ips_g=73.8 ips/rk=18.5 | elapsed=840.3s | eta=514.1s
  step  62444/100000 | loss=3.3820 | rl=1.3957 | vl=0.6616 | behavior=6.6081 | curv_reg=0.623299 | codes=256/254/247/256 | c=0.241/0.241/0.241 | sinkhorn_eps=0.01038/0.01038/0.01038 | ips_g=73.9 ips/rk=18.5 | elapsed=845.3s | eta=508.4s
  step  62848/100000 | loss=3.3224 | rl=1.3682 | vl=0.6350 | behavior=6.5805 | curv_reg=0.623299 | codes=256/256/251/256 | c=0.239/0.239/0.239 | sinkhorn_eps=0.01046/0.01046/0.01046 | ips_g=73.9 ips/rk=18.5 | elapsed=850.4s | eta=502.7s
  step  63244/100000 | loss=3.1523 | rl=1.3350 | vl=0.5103 | behavior=6.5196 | curv_reg=0.623299 | codes=256/256/246/256 | c=0.237/0.237/0.237 | sinkhorn_eps=0.01055/0.01055/0.01055 | ips_g=73.9 ips/rk=18.5 | elapsed=855.4s | eta=497.1s
  step  63648/100000 | loss=3.2327 | rl=1.3663 | vl=0.5289 | behavior=6.6722 | curv_reg=0.623299 | codes=256/256/251/256 | c=0.235/0.235/0.235 | sinkhorn_eps=0.01065/0.01065/0.01065 | ips_g=74.0 ips/rk=18.5 | elapsed=860.4s | eta=491.4s
  step  64048/100000 | loss=3.2670 | rl=1.3779 | vl=0.5564 | behavior=6.6481 | curv_reg=0.623299 | codes=256/256/246/256 | c=0.233/0.233/0.233 | sinkhorn_eps=0.01074/0.01074/0.01074 | ips_g=74.0 ips/rk=18.5 | elapsed=865.5s | eta=485.8s
  step  64444/100000 | loss=3.1487 | rl=1.3484 | vl=0.5093 | behavior=6.4396 | curv_reg=0.623299 | codes=256/256/253/256 | c=0.231/0.231/0.231 | sinkhorn_eps=0.01084/0.01084/0.01084 | ips_g=74.0 ips/rk=18.5 | elapsed=870.5s | eta=480.3s
  step  64824/100000 | loss=3.1882 | rl=1.3330 | vl=0.5454 | behavior=6.5336 | curv_reg=0.623299 | codes=256/256/250/256 | c=0.229/0.229/0.229 | sinkhorn_eps=0.01094/0.01094/0.01094 | ips_g=74.0 ips/rk=18.5 | elapsed=875.6s | eta=475.1s
  step  65224/100000 | loss=3.2026 | rl=1.3486 | vl=0.5291 | behavior=6.6091 | curv_reg=0.623299 | codes=256/256/252/256 | c=0.226/0.226/0.226 | sinkhorn_eps=0.01105/0.01105/0.01105 | ips_g=74.1 ips/rk=18.5 | elapsed=880.6s | eta=469.5s
  step  65624/100000 | loss=3.3411 | rl=1.3761 | vl=0.6155 | behavior=6.7320 | curv_reg=0.623299 | codes=256/256/253/256 | c=0.224/0.224/0.224 | sinkhorn_eps=0.01116/0.01116/0.01116 | ips_g=74.1 ips/rk=18.5 | elapsed=885.6s | eta=463.9s
  step  66020/100000 | loss=3.2544 | rl=1.3409 | vl=0.5807 | behavior=6.6482 | curv_reg=0.623299 | codes=256/254/250/256 | c=0.222/0.222/0.222 | sinkhorn_eps=0.01127/0.01127/0.01127 | ips_g=74.1 ips/rk=18.5 | elapsed=890.6s | eta=458.4s
  step  66424/100000 | loss=3.2016 | rl=1.3528 | vl=0.5214 | behavior=6.6216 | curv_reg=0.623299 | codes=256/256/252/256 | c=0.220/0.220/0.220 | sinkhorn_eps=0.01139/0.01139/0.01139 | ips_g=74.2 ips/rk=18.5 | elapsed=895.7s | eta=452.8s
  step  66828/100000 | loss=3.1746 | rl=1.3347 | vl=0.5454 | behavior=6.4569 | curv_reg=0.623299 | codes=256/256/249/256 | c=0.217/0.217/0.217 | sinkhorn_eps=0.01151/0.01151/0.01151 | ips_g=74.2 ips/rk=18.5 | elapsed=900.7s | eta=447.1s
  step  67240/100000 | loss=3.1510 | rl=1.3334 | vl=0.5164 | behavior=6.4905 | curv_reg=0.623299 | codes=256/256/249/256 | c=0.215/0.215/0.215 | sinkhorn_eps=0.01164/0.01164/0.01164 | ips_g=74.2 ips/rk=18.6 | elapsed=905.8s | eta=441.3s
  step  67648/100000 | loss=3.1438 | rl=1.3244 | vl=0.5338 | behavior=6.4122 | curv_reg=0.623299 | codes=256/256/250/256 | c=0.212/0.212/0.212 | sinkhorn_eps=0.01178/0.01178/0.01178 | ips_g=74.3 ips/rk=18.6 | elapsed=910.8s | eta=435.6s
  step  68060/100000 | loss=3.2356 | rl=1.3427 | vl=0.5714 | behavior=6.5918 | curv_reg=0.623299 | codes=256/256/249/256 | c=0.210/0.210/0.210 | sinkhorn_eps=0.01191/0.01191/0.01191 | ips_g=74.3 ips/rk=18.6 | elapsed=915.9s | eta=429.8s
  step  68452/100000 | loss=3.1074 | rl=1.3183 | vl=0.4813 | behavior=6.5232 | curv_reg=0.623299 | codes=256/256/252/256 | c=0.207/0.207/0.207 | sinkhorn_eps=0.01205/0.01205/0.01205 | ips_g=74.3 ips/rk=18.6 | elapsed=920.9s | eta=424.4s
  step  68856/100000 | loss=3.2432 | rl=1.3420 | vl=0.5820 | behavior=6.5807 | curv_reg=0.623299 | codes=256/254/244/256 | c=0.205/0.205/0.205 | sinkhorn_eps=0.01219/0.01219/0.01219 | ips_g=74.4 ips/rk=18.6 | elapsed=925.9s | eta=418.8s
  step  69260/100000 | loss=3.1128 | rl=1.3242 | vl=0.5066 | behavior=6.3947 | curv_reg=0.623299 | codes=256/255/251/256 | c=0.203/0.203/0.203 | sinkhorn_eps=0.01234/0.01234/0.01234 | ips_g=74.4 ips/rk=18.6 | elapsed=930.9s | eta=413.2s
  step  69664/100000 | loss=3.2458 | rl=1.3482 | vl=0.5746 | behavior=6.5989 | curv_reg=0.623299 | codes=256/255/252/256 | c=0.200/0.200/0.200 | sinkhorn_eps=0.01250/0.01250/0.01250 | ips_g=74.4 ips/rk=18.6 | elapsed=936.0s | eta=407.6s
[Step12] saved /home/wlia0047/ar57/wenyu/GeneRec/results/stage2_RQ-VAE/curvature_RQ-VAE_iter19/out/rqvae/instruments/rqvae_best.pth (step=70000)
  [SID save step=70000] wrote raw 3-token SIDs /home/wlia0047/ar57/wenyu/GeneRec/results/stage2_RQ-VAE/curvature_RQ-VAE_iter19/out/rqvae/instruments/sids_raw.npy: shape=(24587, 3)
  [SID metrics step=70000] hitrate@50=0.9969 full_gini=0.0586 per_layer=[0.1184/0.1581/0.2631] unique=23082/24587 l01_pairs=14706 H_l1_given_l0=5.5478
  step  70004/100000 | loss=3.2259 | rl=1.3154 | vl=0.5959 | behavior=6.5578 | curv_reg=0.623299 | codes=256/255/246/256 | c=0.198/0.198/0.198 | sinkhorn_eps=0.01263/0.01263/0.01263 | ips_g=73.5 ips/rk=18.4 | elapsed=952.1s | eta=407.9s
  step  70408/100000 | loss=3.2277 | rl=1.3381 | vl=0.5633 | behavior=6.6160 | curv_reg=0.623299 | codes=256/255/250/256 | c=0.195/0.195/0.195 | sinkhorn_eps=0.01279/0.01279/0.01279 | ips_g=73.6 ips/rk=18.4 | elapsed=957.1s | eta=402.3s
  step  70812/100000 | loss=3.3258 | rl=1.3555 | vl=0.6334 | behavior=6.6687 | curv_reg=0.623299 | codes=256/255/247/256 | c=0.193/0.193/0.193 | sinkhorn_eps=0.01296/0.01296/0.01296 | ips_g=73.6 ips/rk=18.4 | elapsed=962.1s | eta=396.6s
  step  71208/100000 | loss=3.3881 | rl=1.3662 | vl=0.6637 | behavior=6.7755 | curv_reg=0.623299 | codes=256/253/248/256 | c=0.190/0.190/0.190 | sinkhorn_eps=0.01313/0.01313/0.01313 | ips_g=73.6 ips/rk=18.4 | elapsed=967.1s | eta=391.0s
  step  71608/100000 | loss=3.2114 | rl=1.3356 | vl=0.5381 | behavior=6.6729 | curv_reg=0.623299 | codes=256/255/251/256 | c=0.188/0.188/0.188 | sinkhorn_eps=0.01331/0.01331/0.01331 | ips_g=73.7 ips/rk=18.4 | elapsed=972.1s | eta=385.4s
  step  72012/100000 | loss=3.2229 | rl=1.3502 | vl=0.5189 | behavior=6.7536 | curv_reg=0.623299 | codes=256/256/254/256 | c=0.185/0.185/0.185 | sinkhorn_eps=0.01349/0.01349/0.01349 | ips_g=73.7 ips/rk=18.4 | elapsed=977.1s | eta=379.8s
  step  72408/100000 | loss=3.2835 | rl=1.3452 | vl=0.5861 | behavior=6.7454 | curv_reg=0.623299 | codes=256/255/245/256 | c=0.183/0.183/0.183 | sinkhorn_eps=0.01367/0.01367/0.01367 | ips_g=73.7 ips/rk=18.4 | elapsed=982.2s | eta=374.3s
  step  72812/100000 | loss=3.3109 | rl=1.3756 | vl=0.6169 | behavior=6.5763 | curv_reg=0.623299 | codes=256/256/240/256 | c=0.180/0.180/0.180 | sinkhorn_eps=0.01387/0.01387/0.01387 | ips_g=73.8 ips/rk=18.4 | elapsed=987.2s | eta=368.6s
  step  73220/100000 | loss=3.0992 | rl=1.3154 | vl=0.4862 | behavior=6.4720 | curv_reg=0.623299 | codes=256/254/249/256 | c=0.178/0.178/0.178 | sinkhorn_eps=0.01407/0.01407/0.01407 | ips_g=73.8 ips/rk=18.4 | elapsed=992.2s | eta=362.9s
  step  73624/100000 | loss=3.1265 | rl=1.3158 | vl=0.4926 | behavior=6.5749 | curv_reg=0.623299 | codes=256/256/245/256 | c=0.175/0.175/0.175 | sinkhorn_eps=0.01427/0.01427/0.01427 | ips_g=73.8 ips/rk=18.5 | elapsed=997.4s | eta=357.3s
  step  74032/100000 | loss=3.1426 | rl=1.3065 | vl=0.5481 | behavior=6.4248 | curv_reg=0.623299 | codes=256/255/246/256 | c=0.173/0.173/0.173 | sinkhorn_eps=0.01449/0.01449/0.01449 | ips_g=73.9 ips/rk=18.5 | elapsed=1002.4s | eta=351.6s
  step  74440/100000 | loss=3.1892 | rl=1.3364 | vl=0.5445 | behavior=6.5263 | curv_reg=0.623299 | codes=256/256/246/256 | c=0.170/0.170/0.170 | sinkhorn_eps=0.01471/0.01471/0.01471 | ips_g=73.9 ips/rk=18.5 | elapsed=1007.5s | eta=345.9s
  step  74848/100000 | loss=3.2969 | rl=1.3530 | vl=0.6127 | behavior=6.6403 | curv_reg=0.623299 | codes=256/253/241/256 | c=0.167/0.167/0.167 | sinkhorn_eps=0.01493/0.01493/0.01493 | ips_g=73.9 ips/rk=18.5 | elapsed=1012.5s | eta=340.3s
  step  75252/100000 | loss=3.0926 | rl=1.3028 | vl=0.4790 | behavior=6.5384 | curv_reg=0.623299 | codes=256/254/244/256 | c=0.165/0.165/0.165 | sinkhorn_eps=0.01516/0.01516/0.01516 | ips_g=74.0 ips/rk=18.5 | elapsed=1017.5s | eta=334.6s
  step  75656/100000 | loss=3.2450 | rl=1.3381 | vl=0.5991 | behavior=6.5235 | curv_reg=0.623299 | codes=256/252/240/256 | c=0.162/0.162/0.162 | sinkhorn_eps=0.01540/0.01540/0.01540 | ips_g=74.0 ips/rk=18.5 | elapsed=1022.6s | eta=329.0s
  step  76060/100000 | loss=3.3074 | rl=1.3442 | vl=0.6420 | behavior=6.5901 | curv_reg=0.623299 | codes=256/250/244/256 | c=0.160/0.160/0.160 | sinkhorn_eps=0.01564/0.01564/0.01564 | ips_g=74.0 ips/rk=18.5 | elapsed=1027.6s | eta=323.4s
  step  76456/100000 | loss=3.2440 | rl=1.3311 | vl=0.5700 | behavior=6.6985 | curv_reg=0.623299 | codes=256/255/246/256 | c=0.157/0.157/0.157 | sinkhorn_eps=0.01589/0.01589/0.01589 | ips_g=74.0 ips/rk=18.5 | elapsed=1032.6s | eta=318.0s
  step  76856/100000 | loss=3.2460 | rl=1.3173 | vl=0.6133 | behavior=6.5615 | curv_reg=0.623299 | codes=256/252/241/256 | c=0.155/0.155/0.155 | sinkhorn_eps=0.01614/0.01614/0.01614 | ips_g=74.1 ips/rk=18.5 | elapsed=1037.6s | eta=312.5s
  step  77268/100000 | loss=3.3006 | rl=1.3508 | vl=0.6262 | behavior=6.6029 | curv_reg=0.623299 | codes=254/252/249/256 | c=0.152/0.152/0.152 | sinkhorn_eps=0.01641/0.01641/0.01641 | ips_g=74.1 ips/rk=18.5 | elapsed=1042.7s | eta=306.7s
  step  77680/100000 | loss=3.3444 | rl=1.3421 | vl=0.6511 | behavior=6.7403 | curv_reg=0.623299 | codes=256/250/246/256 | c=0.150/0.150/0.150 | sinkhorn_eps=0.01669/0.01669/0.01669 | ips_g=74.1 ips/rk=18.5 | elapsed=1047.7s | eta=301.0s
  step  78084/100000 | loss=3.2279 | rl=1.3193 | vl=0.5782 | behavior=6.6362 | curv_reg=0.623299 | codes=256/254/246/256 | c=0.147/0.147/0.147 | sinkhorn_eps=0.01697/0.01697/0.01697 | ips_g=74.2 ips/rk=18.5 | elapsed=1052.7s | eta=295.5s
  step  78488/100000 | loss=3.2360 | rl=1.3334 | vl=0.5904 | behavior=6.5457 | curv_reg=0.623299 | codes=256/253/247/256 | c=0.145/0.145/0.145 | sinkhorn_eps=0.01725/0.01725/0.01725 | ips_g=74.2 ips/rk=18.6 | elapsed=1057.7s | eta=289.9s
  step  78892/100000 | loss=3.2723 | rl=1.3337 | vl=0.6026 | behavior=6.6646 | curv_reg=0.623299 | codes=256/254/249/256 | c=0.142/0.142/0.142 | sinkhorn_eps=0.01755/0.01755/0.01755 | ips_g=74.2 ips/rk=18.6 | elapsed=1062.7s | eta=284.3s
  step  79288/100000 | loss=3.1458 | rl=1.3129 | vl=0.5297 | behavior=6.5001 | curv_reg=0.623299 | codes=256/255/245/256 | c=0.140/0.140/0.140 | sinkhorn_eps=0.01785/0.01785/0.01785 | ips_g=74.3 ips/rk=18.6 | elapsed=1067.8s | eta=278.9s
  step  79692/100000 | loss=3.2056 | rl=1.3359 | vl=0.5576 | behavior=6.5451 | curv_reg=0.623299 | codes=256/254/251/256 | c=0.138/0.138/0.138 | sinkhorn_eps=0.01816/0.01816/0.01816 | ips_g=74.3 ips/rk=18.6 | elapsed=1072.8s | eta=273.4s
[Step12] saved /home/wlia0047/ar57/wenyu/GeneRec/results/stage2_RQ-VAE/curvature_RQ-VAE_iter19/out/rqvae/instruments/rqvae_best.pth (step=80000)
  [SID save step=80000] wrote raw 3-token SIDs /home/wlia0047/ar57/wenyu/GeneRec/results/stage2_RQ-VAE/curvature_RQ-VAE_iter19/out/rqvae/instruments/sids_raw.npy: shape=(24587, 3)
  [SID metrics step=80000] hitrate@50=0.9967 full_gini=0.0640 per_layer=[0.1139/0.2026/0.3102] unique=22937/24587 l01_pairs=14555 H_l1_given_l0=5.5196
  step  80004/100000 | loss=3.4138 | rl=1.3737 | vl=0.6709 | behavior=6.8301 | curv_reg=0.623299 | codes=255/253/234/256 | c=0.136/0.136/0.136 | sinkhorn_eps=0.01840/0.01840/0.01840 | ips_g=73.5 ips/rk=18.4 | elapsed=1088.3s | eta=272.0s
  step  80408/100000 | loss=3.1364 | rl=1.3080 | vl=0.5043 | behavior=6.6048 | curv_reg=0.623299 | codes=256/256/245/256 | c=0.133/0.133/0.133 | sinkhorn_eps=0.01873/0.01873/0.01873 | ips_g=73.5 ips/rk=18.4 | elapsed=1093.3s | eta=266.4s
  step  80804/100000 | loss=3.1967 | rl=1.3162 | vl=0.5639 | behavior=6.5674 | curv_reg=0.623299 | codes=256/251/243/256 | c=0.131/0.131/0.131 | sinkhorn_eps=0.01906/0.01906/0.01906 | ips_g=73.6 ips/rk=18.4 | elapsed=1098.3s | eta=260.9s
  step  81208/100000 | loss=3.2638 | rl=1.3271 | vl=0.6072 | behavior=6.6322 | curv_reg=0.623299 | codes=256/253/241/256 | c=0.129/0.129/0.129 | sinkhorn_eps=0.01940/0.01940/0.01940 | ips_g=73.6 ips/rk=18.4 | elapsed=1103.3s | eta=255.3s
  step  81612/100000 | loss=3.1199 | rl=1.3051 | vl=0.4841 | behavior=6.6379 | curv_reg=0.623299 | codes=256/255/248/256 | c=0.127/0.127/0.127 | sinkhorn_eps=0.01975/0.01975/0.01975 | ips_g=73.6 ips/rk=18.4 | elapsed=1108.4s | eta=249.7s
  step  82008/100000 | loss=3.3489 | rl=1.3472 | vl=0.6511 | behavior=6.7372 | curv_reg=0.623299 | codes=256/254/236/256 | c=0.124/0.124/0.124 | sinkhorn_eps=0.02011/0.02011/0.02011 | ips_g=73.7 ips/rk=18.4 | elapsed=1113.4s | eta=244.3s
  step  82408/100000 | loss=3.3026 | rl=1.3256 | vl=0.6303 | behavior=6.7179 | curv_reg=0.623299 | codes=256/250/237/256 | c=0.122/0.122/0.122 | sinkhorn_eps=0.02047/0.02047/0.02047 | ips_g=73.7 ips/rk=18.4 | elapsed=1118.4s | eta=238.7s
  step  82816/100000 | loss=3.3129 | rl=1.3214 | vl=0.6525 | behavior=6.6794 | curv_reg=0.623299 | codes=256/253/245/256 | c=0.120/0.120/0.120 | sinkhorn_eps=0.02086/0.02086/0.02086 | ips_g=73.7 ips/rk=18.4 | elapsed=1123.4s | eta=233.1s
  step  83220/100000 | loss=3.4268 | rl=1.3668 | vl=0.6975 | behavior=6.7966 | curv_reg=0.623299 | codes=256/249/247/256 | c=0.118/0.118/0.118 | sinkhorn_eps=0.02125/0.02125/0.02125 | ips_g=73.7 ips/rk=18.4 | elapsed=1128.4s | eta=227.5s
  step  83624/100000 | loss=3.2531 | rl=1.3500 | vl=0.5783 | behavior=6.6088 | curv_reg=0.623299 | codes=256/252/249/256 | c=0.115/0.115/0.115 | sinkhorn_eps=0.02165/0.02165/0.02165 | ips_g=73.8 ips/rk=18.4 | elapsed=1133.5s | eta=222.0s
  step  84028/100000 | loss=3.2685 | rl=1.3208 | vl=0.6068 | behavior=6.6890 | curv_reg=0.623299 | codes=256/249/243/256 | c=0.113/0.113/0.113 | sinkhorn_eps=0.02206/0.02206/0.02206 | ips_g=73.8 ips/rk=18.5 | elapsed=1138.5s | eta=216.4s
  step  84424/100000 | loss=3.2597 | rl=1.3336 | vl=0.5886 | behavior=6.6719 | curv_reg=0.623299 | codes=256/255/242/256 | c=0.111/0.111/0.111 | sinkhorn_eps=0.02248/0.02248/0.02248 | ips_g=73.8 ips/rk=18.5 | elapsed=1143.5s | eta=211.0s
  step  84824/100000 | loss=3.3423 | rl=1.3441 | vl=0.6490 | behavior=6.7303 | curv_reg=0.623299 | codes=256/252/245/256 | c=0.109/0.109/0.109 | sinkhorn_eps=0.02291/0.02291/0.02291 | ips_g=73.9 ips/rk=18.5 | elapsed=1148.6s | eta=205.5s
  step  85228/100000 | loss=3.2683 | rl=1.3341 | vl=0.6212 | behavior=6.5495 | curv_reg=0.623299 | codes=256/250/237/256 | c=0.107/0.107/0.107 | sinkhorn_eps=0.02335/0.02335/0.02335 | ips_g=73.9 ips/rk=18.5 | elapsed=1153.6s | eta=199.9s
  step  85632/100000 | loss=3.3624 | rl=1.3242 | vl=0.6898 | behavior=6.7267 | curv_reg=0.623299 | codes=256/247/235/256 | c=0.105/0.105/0.105 | sinkhorn_eps=0.02381/0.02381/0.02381 | ips_g=73.9 ips/rk=18.5 | elapsed=1158.6s | eta=194.4s
  step  86036/100000 | loss=3.3715 | rl=1.3235 | vl=0.6620 | behavior=6.9142 | curv_reg=0.623299 | codes=256/250/244/256 | c=0.103/0.103/0.103 | sinkhorn_eps=0.02428/0.02428/0.02428 | ips_g=73.9 ips/rk=18.5 | elapsed=1163.6s | eta=188.9s
  step  86436/100000 | loss=3.3664 | rl=1.3187 | vl=0.6859 | behavior=6.7934 | curv_reg=0.623299 | codes=255/251/238/256 | c=0.101/0.101/0.101 | sinkhorn_eps=0.02475/0.02475/0.02475 | ips_g=74.0 ips/rk=18.5 | elapsed=1168.6s | eta=183.4s
  step  86840/100000 | loss=3.4037 | rl=1.3363 | vl=0.6669 | behavior=6.9870 | curv_reg=0.623299 | codes=255/250/239/256 | c=0.099/0.099/0.099 | sinkhorn_eps=0.02524/0.02524/0.02524 | ips_g=74.0 ips/rk=18.5 | elapsed=1173.6s | eta=177.9s
  step  87236/100000 | loss=3.3674 | rl=1.3229 | vl=0.6835 | behavior=6.7896 | curv_reg=0.623299 | codes=254/248/242/256 | c=0.097/0.097/0.097 | sinkhorn_eps=0.02574/0.02574/0.02574 | ips_g=74.0 ips/rk=18.5 | elapsed=1178.6s | eta=172.5s
  step  87644/100000 | loss=3.3040 | rl=1.3124 | vl=0.6700 | behavior=6.5921 | curv_reg=0.623299 | codes=255/249/241/256 | c=0.095/0.095/0.095 | sinkhorn_eps=0.02626/0.02626/0.02626 | ips_g=74.0 ips/rk=18.5 | elapsed=1183.7s | eta=166.9s
  step  88048/100000 | loss=3.3997 | rl=1.3052 | vl=0.7161 | behavior=6.8762 | curv_reg=0.623299 | codes=256/251/235/256 | c=0.093/0.093/0.093 | sinkhorn_eps=0.02679/0.02679/0.02679 | ips_g=74.1 ips/rk=18.5 | elapsed=1188.7s | eta=161.4s
  step  88452/100000 | loss=3.3808 | rl=1.3595 | vl=0.7031 | behavior=6.5757 | curv_reg=0.623299 | codes=256/241/232/256 | c=0.091/0.091/0.091 | sinkhorn_eps=0.02734/0.02734/0.02734 | ips_g=74.1 ips/rk=18.5 | elapsed=1193.7s | eta=155.8s
  step  88844/100000 | loss=3.3384 | rl=1.3035 | vl=0.6737 | behavior=6.7901 | curv_reg=0.623299 | codes=256/243/231/256 | c=0.090/0.090/0.090 | sinkhorn_eps=0.02788/0.02788/0.02788 | ips_g=74.1 ips/rk=18.5 | elapsed=1198.7s | eta=150.5s
  step  89212/100000 | loss=3.3490 | rl=1.3488 | vl=0.6383 | behavior=6.7938 | curv_reg=0.623299 | codes=256/243/239/256 | c=0.088/0.088/0.088 | sinkhorn_eps=0.02840/0.02840/0.02840 | ips_g=74.1 ips/rk=18.5 | elapsed=1203.8s | eta=145.6s
  step  89608/100000 | loss=3.4295 | rl=1.3281 | vl=0.7684 | behavior=6.6494 | curv_reg=0.623299 | codes=256/247/243/256 | c=0.086/0.086/0.086 | sinkhorn_eps=0.02898/0.02898/0.02898 | ips_g=74.1 ips/rk=18.5 | elapsed=1208.8s | eta=140.2s
[Step12] saved /home/wlia0047/ar57/wenyu/GeneRec/results/stage2_RQ-VAE/curvature_RQ-VAE_iter19/out/rqvae/instruments/rqvae_best.pth (step=90000)
  [SID save step=90000] wrote raw 3-token SIDs /home/wlia0047/ar57/wenyu/GeneRec/results/stage2_RQ-VAE/curvature_RQ-VAE_iter19/out/rqvae/instruments/sids_raw.npy: shape=(24587, 3)
  [SID metrics step=90000] hitrate@50=0.9963 full_gini=0.0733 per_layer=[0.1286/0.3084/0.3761] unique=22687/24587 l01_pairs=14008 H_l1_given_l0=5.4574
  step  90004/100000 | loss=3.4381 | rl=1.3239 | vl=0.7327 | behavior=6.8922 | curv_reg=0.623299 | codes=256/246/243/256 | c=0.085/0.085/0.085 | sinkhorn_eps=0.02956/0.02956/0.02956 | ips_g=73.4 ips/rk=18.4 | elapsed=1225.7s | eta=136.1s
  step  90408/100000 | loss=3.6150 | rl=1.3482 | vl=0.8325 | behavior=7.1560 | curv_reg=0.623299 | codes=255/251/244/256 | c=0.083/0.083/0.083 | sinkhorn_eps=0.03018/0.03018/0.03018 | ips_g=73.5 ips/rk=18.4 | elapsed=1230.8s | eta=130.6s
  step  90812/100000 | loss=3.3989 | rl=1.3279 | vl=0.7266 | behavior=6.7068 | curv_reg=0.623299 | codes=255/245/242/256 | c=0.081/0.081/0.081 | sinkhorn_eps=0.03081/0.03081/0.03081 | ips_g=73.5 ips/rk=18.4 | elapsed=1235.8s | eta=125.0s
  step  91216/100000 | loss=3.4226 | rl=1.3238 | vl=0.7348 | behavior=6.8047 | curv_reg=0.623299 | codes=256/247/244/256 | c=0.079/0.079/0.079 | sinkhorn_eps=0.03145/0.03145/0.03145 | ips_g=73.5 ips/rk=18.4 | elapsed=1240.8s | eta=119.5s
  step  91620/100000 | loss=3.5449 | rl=1.3379 | vl=0.8080 | behavior=6.9794 | curv_reg=0.623299 | codes=256/241/239/256 | c=0.078/0.078/0.078 | sinkhorn_eps=0.03211/0.03211/0.03211 | ips_g=73.5 ips/rk=18.4 | elapsed=1245.8s | eta=113.9s
  step  92024/100000 | loss=3.4562 | rl=1.3211 | vl=0.7461 | behavior=6.9294 | curv_reg=0.623299 | codes=254/242/242/256 | c=0.076/0.076/0.076 | sinkhorn_eps=0.03279/0.03279/0.03279 | ips_g=73.6 ips/rk=18.4 | elapsed=1250.9s | eta=108.4s
  step  92420/100000 | loss=3.2953 | rl=1.3513 | vl=0.6513 | behavior=6.4479 | curv_reg=0.623299 | codes=255/251/241/256 | c=0.075/0.075/0.075 | sinkhorn_eps=0.03347/0.03347/0.03347 | ips_g=73.6 ips/rk=18.4 | elapsed=1255.9s | eta=103.0s
  step  92820/100000 | loss=3.4254 | rl=1.3173 | vl=0.7511 | behavior=6.7692 | curv_reg=0.623299 | codes=256/245/235/256 | c=0.073/0.073/0.073 | sinkhorn_eps=0.03418/0.03418/0.03418 | ips_g=73.6 ips/rk=18.4 | elapsed=1260.9s | eta=97.5s
  step  93216/100000 | loss=3.4980 | rl=1.3453 | vl=0.7739 | behavior=6.8783 | curv_reg=0.623299 | codes=255/239/235/256 | c=0.072/0.072/0.072 | sinkhorn_eps=0.03489/0.03489/0.03489 | ips_g=73.6 ips/rk=18.4 | elapsed=1265.9s | eta=92.1s
  step  93620/100000 | loss=3.4417 | rl=1.3160 | vl=0.7405 | behavior=6.9107 | curv_reg=0.623299 | codes=255/240/235/256 | c=0.070/0.070/0.070 | sinkhorn_eps=0.03563/0.03563/0.03563 | ips_g=73.7 ips/rk=18.4 | elapsed=1270.9s | eta=86.6s
  step  94024/100000 | loss=3.4829 | rl=1.3422 | vl=0.7618 | behavior=6.8792 | curv_reg=0.623299 | codes=254/239/240/256 | c=0.069/0.069/0.069 | sinkhorn_eps=0.03640/0.03640/0.03640 | ips_g=73.7 ips/rk=18.4 | elapsed=1275.9s | eta=81.1s
  step  94428/100000 | loss=3.3949 | rl=1.3223 | vl=0.7267 | behavior=6.7136 | curv_reg=0.623299 | codes=256/243/229/256 | c=0.067/0.067/0.067 | sinkhorn_eps=0.03718/0.03718/0.03718 | ips_g=73.7 ips/rk=18.4 | elapsed=1280.9s | eta=75.6s
  step  94832/100000 | loss=3.4295 | rl=1.3290 | vl=0.7263 | behavior=6.8557 | curv_reg=0.623299 | codes=255/249/235/256 | c=0.066/0.066/0.066 | sinkhorn_eps=0.03798/0.03798/0.03798 | ips_g=73.7 ips/rk=18.4 | elapsed=1286.0s | eta=70.1s
  step  95232/100000 | loss=3.5833 | rl=1.3427 | vl=0.8296 | behavior=7.0398 | curv_reg=0.623299 | codes=253/239/226/256 | c=0.064/0.064/0.064 | sinkhorn_eps=0.03879/0.03879/0.03879 | ips_g=73.8 ips/rk=18.4 | elapsed=1291.0s | eta=64.6s
  step  95640/100000 | loss=3.4858 | rl=1.3591 | vl=0.7659 | behavior=6.7887 | curv_reg=0.623299 | codes=253/250/240/256 | c=0.063/0.063/0.063 | sinkhorn_eps=0.03963/0.03963/0.03963 | ips_g=73.8 ips/rk=18.4 | elapsed=1296.0s | eta=59.1s
  step  96044/100000 | loss=3.5410 | rl=1.3555 | vl=0.7807 | behavior=7.0088 | curv_reg=0.623299 | codes=253/244/227/256 | c=0.062/0.062/0.062 | sinkhorn_eps=0.04049/0.04049/0.04049 | ips_g=73.8 ips/rk=18.5 | elapsed=1301.0s | eta=53.6s
  step  96448/100000 | loss=3.5020 | rl=1.3301 | vl=0.7975 | behavior=6.8565 | curv_reg=0.623299 | codes=255/231/236/256 | c=0.060/0.060/0.060 | sinkhorn_eps=0.04137/0.04137/0.04137 | ips_g=73.8 ips/rk=18.5 | elapsed=1306.1s | eta=48.1s
  step  96852/100000 | loss=3.4171 | rl=1.3266 | vl=0.7102 | behavior=6.8859 | curv_reg=0.623299 | codes=251/239/229/256 | c=0.059/0.059/0.059 | sinkhorn_eps=0.04226/0.04226/0.04226 | ips_g=73.9 ips/rk=18.5 | elapsed=1311.1s | eta=42.6s
  step  97248/100000 | loss=3.3685 | rl=1.3403 | vl=0.6832 | behavior=6.7097 | curv_reg=0.623299 | codes=256/243/235/256 | c=0.058/0.058/0.058 | sinkhorn_eps=0.04316/0.04316/0.04316 | ips_g=73.9 ips/rk=18.5 | elapsed=1316.1s | eta=37.2s
  step  97640/100000 | loss=3.3734 | rl=1.3024 | vl=0.7093 | behavior=6.7929 | curv_reg=0.623299 | codes=253/246/234/256 | c=0.057/0.057/0.057 | sinkhorn_eps=0.04407/0.04407/0.04407 | ips_g=73.9 ips/rk=18.5 | elapsed=1321.1s | eta=31.9s
  step  98044/100000 | loss=3.6460 | rl=1.3829 | vl=0.8877 | behavior=6.8613 | curv_reg=0.623299 | codes=256/242/228/256 | c=0.056/0.056/0.056 | sinkhorn_eps=0.04503/0.04503/0.04503 | ips_g=73.9 ips/rk=18.5 | elapsed=1326.2s | eta=26.5s
  step  98448/100000 | loss=3.4977 | rl=1.3304 | vl=0.7998 | behavior=6.8222 | curv_reg=0.623299 | codes=256/235/228/256 | c=0.054/0.054/0.054 | sinkhorn_eps=0.04602/0.04602/0.04602 | ips_g=74.0 ips/rk=18.5 | elapsed=1331.2s | eta=21.0s
  step  98852/100000 | loss=3.4596 | rl=1.3260 | vl=0.7564 | behavior=6.8705 | curv_reg=0.623299 | codes=254/244/242/256 | c=0.053/0.053/0.053 | sinkhorn_eps=0.04702/0.04702/0.04702 | ips_g=74.0 ips/rk=18.5 | elapsed=1336.2s | eta=15.5s
  step  99256/100000 | loss=3.4473 | rl=1.3275 | vl=0.7228 | behavior=6.9693 | curv_reg=0.623299 | codes=255/244/238/256 | c=0.052/0.052/0.052 | sinkhorn_eps=0.04804/0.04804/0.04804 | ips_g=74.0 ips/rk=18.5 | elapsed=1341.3s | eta=10.1s
  step  99664/100000 | loss=3.5098 | rl=1.3438 | vl=0.8295 | behavior=6.6669 | curv_reg=0.623299 | codes=253/244/242/256 | c=0.051/0.051/0.051 | sinkhorn_eps=0.04910/0.04910/0.04910 | ips_g=74.0 ips/rk=18.5 | elapsed=1346.3s | eta=4.5s
[Step12] saved /home/wlia0047/ar57/wenyu/GeneRec/results/stage2_RQ-VAE/curvature_RQ-VAE_iter19/out/rqvae/instruments/rqvae_best.pth (step=100000)
  [SID save step=100000] wrote raw 3-token SIDs /home/wlia0047/ar57/wenyu/GeneRec/results/stage2_RQ-VAE/curvature_RQ-VAE_iter19/out/rqvae/instruments/sids_raw.npy: shape=(24587, 3)
  [SID metrics step=100000] hitrate@50=0.9956 full_gini=0.0900 per_layer=[0.1730/0.4157/0.4178] unique=22233/24587 l01_pairs=13342 H_l1_given_l0=5.3839
[export] 3-token unique=22233/24587 (collision rows=2354) -> extension 值域 [768, 777] (default=768)
[export] wrote /home/wlia0047/ar57/wenyu/GeneRec/results/stage2_RQ-VAE/curvature_RQ-VAE_iter19/dataset/Instruments/sids_for_hgrec.npy: shape=(24587, 4)
[export] wrote /home/wlia0047/ar57/wenyu/GeneRec/results/stage2_RQ-VAE/curvature_RQ-VAE_iter19/item_sids.json: n_items=24587
[export] SID_WIRING_PASS: 4-token extension npy + JSON 校验通过
[train] done at global_step=100000, total time=1362.6s
