2026-09-22 00:24:43,265 - INFO - Configuration: {'batch_size': 4096, 'infer_size': 1024, 'num_epochs': 150, 'eval_interval': 5, 'eval_start_epoch': 200, 'early_eval_epochs': (50, 100, 150), 'early_stop': 10, 'fast': True, 'bf16': True, 'strict_deterministic': False, 'use_lr_scheduler': True, 'lr_warmup_pct': 0.05, 'lr_min_factor': 0.1, 'compile': False, 'compile_mode': 'default', 'num_layers': 4, 'num_decoder_layers': 4, 'd_model': 128, 'd_ff': 1024, 'num_heads': 6, 'd_kv': 64, 'dropout_rate': 0.1, 'activation_function': 'relu', 'feed_forward_proj': 'relu', 'device': 'cuda', 'lr': 0.003, 'weight_decay': 0.05, 'vocab_size': 788, 'eos_token_id': 787, 'pad_token_id': 0, 'n_user_tokens': 1, 'max_len': 20, 'dataset_name': 'Amazon_2023_Instruments', 'dataset_path': './dataset/', 'codebook_size': [256, 256, 256, 1], 'code_path': 'item_sids_recbole.json', 'train_file': 'train_recbole.parquet', 'valid_file': 'valid_recbole.parquet', 'test_file': 'test_recbole.parquet', 'log_path': './logs/tiger_baseline/', 'save_path': './ckpt/tiger_baseline/', 'seed': 42, 'topk_list': [5, 10], 'beam_size': 20, 'no_eval': False, 'skip_test': False, 'screen_baseline_log': '', 'screen_start_epoch': 40, 'screen_window': 5, 'screen_min_ndcg_gain': 0.001, 'screen_min_recall_gain': 0.001, 'screen_skip_test_on_fail': True, 'num_workers': 16, 'prefetch_factor': 8, 'exclude_history': True, 'no_exclude_history': False, 'pin_memory': True, 'no_pin_memory': False, 'sid_length': 4, 'max_token_seq_len': 82, 'decoder_start_token_id': 0}
2026-09-22 00:24:43,443 - INFO - #Embedding parameters: 100864
#Non-embedding parameters: 4459648
#Total trainable parameters: 4560512

2026-09-22 00:25:05,796 - INFO - Epoch 1/150 train_loss=4.726288814544677
2026-09-22 00:25:20,793 - INFO - Epoch 2/150 train_loss=4.0824825477600095
2026-09-22 00:25:35,874 - INFO - Epoch 3/150 train_loss=3.8568923473358154
2026-09-22 00:25:50,851 - INFO - Epoch 4/150 train_loss=3.6941281604766845
2026-09-22 00:26:05,844 - INFO - Epoch 5/150 train_loss=3.519367160797119
2026-09-22 00:26:20,808 - INFO - Epoch 6/150 train_loss=3.393344020843506
2026-09-22 00:26:35,843 - INFO - Epoch 7/150 train_loss=3.506720609664917
2026-09-22 00:26:50,806 - INFO - Epoch 8/150 train_loss=3.339137382507324
2026-09-22 00:27:05,804 - INFO - Epoch 9/150 train_loss=3.2507525730133056
2026-09-22 00:27:20,749 - INFO - Epoch 10/150 train_loss=3.1859143924713136
2026-09-22 00:27:35,769 - INFO - Epoch 11/150 train_loss=3.125412702560425
2026-09-22 00:27:50,788 - INFO - Epoch 12/150 train_loss=3.1054876327514647
2026-09-22 00:28:05,676 - INFO - Epoch 13/150 train_loss=3.0876171493530276
2026-09-22 00:28:20,791 - INFO - Epoch 14/150 train_loss=3.01659743309021
2026-09-22 00:28:35,733 - INFO - Epoch 15/150 train_loss=2.949605875015259
2026-09-22 00:28:50,585 - INFO - Epoch 16/150 train_loss=2.9000079822540283
2026-09-22 00:29:05,689 - INFO - Epoch 17/150 train_loss=2.84690580368042
2026-09-22 00:29:20,644 - INFO - Epoch 18/150 train_loss=2.825479211807251
2026-09-22 00:29:35,601 - INFO - Epoch 19/150 train_loss=2.7871595668792724
2026-09-22 00:29:50,631 - INFO - Epoch 20/150 train_loss=2.7469475364685056
2026-09-22 00:30:05,634 - INFO - Epoch 21/150 train_loss=2.7036268424987795
2026-09-22 00:30:20,634 - INFO - Epoch 22/150 train_loss=2.672603130340576
2026-09-22 00:30:35,640 - INFO - Epoch 23/150 train_loss=2.6402546977996826
2026-09-22 00:30:50,613 - INFO - Epoch 24/150 train_loss=2.6159505367279055
2026-09-22 00:31:05,564 - INFO - Epoch 25/150 train_loss=2.582162685394287
2026-09-22 00:31:20,500 - INFO - Epoch 26/150 train_loss=2.54617506980896
2026-09-22 00:31:35,514 - INFO - Epoch 27/150 train_loss=2.526595630645752
2026-09-22 00:31:51,380 - INFO - Epoch 28/150 train_loss=2.5008155345916747
2026-09-22 00:32:07,005 - INFO - Epoch 29/150 train_loss=2.4775985145568846
2026-09-22 00:32:21,997 - INFO - Epoch 30/150 train_loss=2.4549157333374025
2026-09-22 00:32:36,990 - INFO - Epoch 31/150 train_loss=2.439177198410034
2026-09-22 00:32:51,966 - INFO - Epoch 32/150 train_loss=2.418421220779419
2026-09-22 00:33:06,896 - INFO - Epoch 33/150 train_loss=2.4008400440216064
2026-09-22 00:33:21,817 - INFO - Epoch 34/150 train_loss=2.3866687488555907
2026-09-22 00:33:36,821 - INFO - Epoch 35/150 train_loss=2.3763426208496092
2026-09-22 00:33:51,753 - INFO - Epoch 36/150 train_loss=2.3611827850341798
2026-09-22 00:34:06,729 - INFO - Epoch 37/150 train_loss=2.3426054763793944
2026-09-22 00:34:21,708 - INFO - Epoch 38/150 train_loss=2.3314176750183107
2026-09-22 00:34:36,758 - INFO - Epoch 39/150 train_loss=2.3241160202026365
2026-09-22 00:34:52,068 - INFO - Epoch 40/150 train_loss=2.3089264965057374
2026-09-22 00:35:07,033 - INFO - Epoch 41/150 train_loss=2.30087495803833
2026-09-22 00:35:24,685 - INFO - Epoch 42/150 train_loss=2.2868872451782227
2026-09-22 00:35:39,734 - INFO - Epoch 43/150 train_loss=2.274754705429077
2026-09-22 00:35:54,707 - INFO - Epoch 44/150 train_loss=2.266839847564697
2026-09-22 00:36:09,692 - INFO - Epoch 45/150 train_loss=2.2592373085021973
2026-09-22 00:36:24,655 - INFO - Epoch 46/150 train_loss=2.250508899688721
2026-09-22 00:36:39,623 - INFO - Epoch 47/150 train_loss=2.2425122451782227
2026-09-22 00:36:54,606 - INFO - Epoch 48/150 train_loss=2.232399082183838
2026-09-22 00:37:09,600 - INFO - Epoch 49/150 train_loss=2.220177812576294
2026-09-22 00:37:24,591 - INFO - Epoch 50/150 train_loss=2.2166051292419433
2026-09-22 00:37:50,387 - INFO - Validation recall={'recall@5': 0.02014310834102265, 'recall@10': 0.031964344783161264}
2026-09-22 00:37:50,387 - INFO - Validation ndcg={'ndcg@5': 0.013300436349375607, 'ndcg@10': 0.017088947937363173}
2026-09-22 00:37:50,387 - INFO - [early-val diagnostic] epoch=50 n_eval=57439 recall={'recall@5': 0.02014310834102265, 'recall@10': 0.031964344783161264} ndcg={'ndcg@5': 0.013300436349375607, 'ndcg@10': 0.017088947937363173}
2026-09-22 00:38:05,294 - INFO - Epoch 51/150 train_loss=2.210276584625244
2026-09-22 00:38:20,222 - INFO - Epoch 52/150 train_loss=2.206868009567261
2026-09-22 00:38:35,223 - INFO - Epoch 53/150 train_loss=2.1992817306518555
2026-09-22 00:38:50,220 - INFO - Epoch 54/150 train_loss=2.1891988277435304
2026-09-22 00:39:05,253 - INFO - Epoch 55/150 train_loss=2.182177171707153
2026-09-22 00:39:20,279 - INFO - Epoch 56/150 train_loss=2.1690773487091066
2026-09-22 00:39:35,474 - INFO - Epoch 57/150 train_loss=2.156210813522339
2026-09-22 00:39:50,430 - INFO - Epoch 58/150 train_loss=2.148928165435791
2026-09-22 00:40:05,413 - INFO - Epoch 59/150 train_loss=2.1395246982574463
2026-09-22 00:40:20,458 - INFO - Epoch 60/150 train_loss=2.133843240737915
2026-09-22 00:40:35,427 - INFO - Epoch 61/150 train_loss=2.1262669277191164
2026-09-22 00:40:50,316 - INFO - Epoch 62/150 train_loss=2.117302293777466
2026-09-22 00:41:05,307 - INFO - Epoch 63/150 train_loss=2.113727788925171
2026-09-22 00:41:20,283 - INFO - Epoch 64/150 train_loss=2.1100195598602296
2026-09-22 00:41:35,207 - INFO - Epoch 65/150 train_loss=2.103234539031982
2026-09-22 00:41:50,206 - INFO - Epoch 66/150 train_loss=2.0970164012908934
2026-09-22 00:42:05,126 - INFO - Epoch 67/150 train_loss=2.0912905597686766
2026-09-22 00:42:20,125 - INFO - Epoch 68/150 train_loss=2.090013275146484
2026-09-22 00:42:35,159 - INFO - Epoch 69/150 train_loss=2.0880823135375977
2026-09-22 00:42:50,125 - INFO - Epoch 70/150 train_loss=2.07967698097229
2026-09-22 00:43:07,470 - INFO - Epoch 71/150 train_loss=2.077289037704468
2026-09-22 00:43:22,391 - INFO - Epoch 72/150 train_loss=2.070867395401001
2026-09-22 00:43:37,409 - INFO - Epoch 73/150 train_loss=2.063825082778931
2026-09-22 00:43:52,425 - INFO - Epoch 74/150 train_loss=2.0650903034210204
2026-09-22 00:44:07,377 - INFO - Epoch 75/150 train_loss=2.060950908660889
2026-09-22 00:44:22,367 - INFO - Epoch 76/150 train_loss=2.0566420459747317
2026-09-22 00:44:37,317 - INFO - Epoch 77/150 train_loss=2.0516503715515135
2026-09-22 00:44:52,334 - INFO - Epoch 78/150 train_loss=2.0517459964752196
2026-09-22 00:45:07,377 - INFO - Epoch 79/150 train_loss=2.0475450992584228
2026-09-22 00:45:22,375 - INFO - Epoch 80/150 train_loss=2.0448176956176756
2026-09-22 00:45:37,286 - INFO - Epoch 81/150 train_loss=2.043715991973877
2026-09-22 00:45:52,333 - INFO - Epoch 82/150 train_loss=2.035774278640747
2026-09-22 00:46:07,320 - INFO - Epoch 83/150 train_loss=2.036716365814209
2026-09-22 00:46:22,301 - INFO - Epoch 84/150 train_loss=2.0317131423950197
2026-09-22 00:46:37,281 - INFO - Epoch 85/150 train_loss=2.0296163749694824
2026-09-22 00:46:52,283 - INFO - Epoch 86/150 train_loss=2.0258252811431885
2026-09-22 00:47:07,230 - INFO - Epoch 87/150 train_loss=2.025523052215576
2026-09-22 00:47:22,169 - INFO - Epoch 88/150 train_loss=2.0212566471099853
2026-09-22 00:47:37,520 - INFO - Epoch 89/150 train_loss=2.0209772205352783
2026-09-22 00:47:52,470 - INFO - Epoch 90/150 train_loss=2.0160992431640623
2026-09-22 00:48:07,464 - INFO - Epoch 91/150 train_loss=2.013060359954834
2026-09-22 00:48:22,306 - INFO - Epoch 92/150 train_loss=2.012601852416992
2026-09-22 00:48:37,359 - INFO - Epoch 93/150 train_loss=2.0068543434143065
2026-09-22 00:48:52,312 - INFO - Epoch 94/150 train_loss=2.01331175327301
2026-09-22 00:49:07,325 - INFO - Epoch 95/150 train_loss=2.005969638824463
2026-09-22 00:49:22,302 - INFO - Epoch 96/150 train_loss=2.0070591974258423
2026-09-22 00:49:37,268 - INFO - Epoch 97/150 train_loss=2.001314916610718
2026-09-22 00:49:52,237 - INFO - Epoch 98/150 train_loss=1.9995810461044312
2026-09-22 00:50:07,222 - INFO - Epoch 99/150 train_loss=1.9975558090209962
2026-09-22 00:50:22,174 - INFO - Epoch 100/150 train_loss=1.9981203842163087
2026-09-22 00:50:47,056 - INFO - Validation recall={'recall@5': 0.03626455892337958, 'recall@10': 0.054388133498145856}
2026-09-22 00:50:47,056 - INFO - Validation ndcg={'ndcg@5': 0.023880794739215644, 'ndcg@10': 0.02971434813721081}
2026-09-22 00:50:47,056 - INFO - [early-val diagnostic] epoch=100 n_eval=57439 recall={'recall@5': 0.03626455892337958, 'recall@10': 0.054388133498145856} ndcg={'ndcg@5': 0.023880794739215644, 'ndcg@10': 0.02971434813721081}
2026-09-22 00:51:01,916 - INFO - Epoch 101/150 train_loss=1.9949342346191405
2026-09-22 00:51:16,819 - INFO - Epoch 102/150 train_loss=1.9933377265930177
2026-09-22 00:51:31,834 - INFO - Epoch 103/150 train_loss=1.9888799381256104
2026-09-22 00:51:46,810 - INFO - Epoch 104/150 train_loss=1.9867607021331788
2026-09-22 00:52:01,775 - INFO - Epoch 105/150 train_loss=1.989439058303833
2026-09-22 00:52:16,733 - INFO - Epoch 106/150 train_loss=1.9806752967834473
2026-09-22 00:52:31,612 - INFO - Epoch 107/150 train_loss=1.984549036026001
2026-09-22 00:52:46,685 - INFO - Epoch 108/150 train_loss=1.9814884042739869
2026-09-22 00:53:01,630 - INFO - Epoch 109/150 train_loss=1.9773565340042114
2026-09-22 00:53:16,503 - INFO - Epoch 110/150 train_loss=1.976457438468933
2026-09-22 00:53:31,598 - INFO - Epoch 111/150 train_loss=1.9763521337509156
2026-09-22 00:53:46,605 - INFO - Epoch 112/150 train_loss=1.9736952257156373
2026-09-22 00:54:02,913 - INFO - Epoch 113/150 train_loss=1.9728302812576295
2026-09-22 00:54:19,814 - INFO - Epoch 114/150 train_loss=1.9707307481765748
2026-09-22 00:54:34,808 - INFO - Epoch 115/150 train_loss=1.9702155113220214
2026-09-22 00:54:49,698 - INFO - Epoch 116/150 train_loss=1.967808060646057
2026-09-22 00:55:04,717 - INFO - Epoch 117/150 train_loss=1.9679367446899414
2026-09-22 00:55:19,817 - INFO - Epoch 118/150 train_loss=1.9644193363189697
2026-09-22 00:55:34,789 - INFO - Epoch 119/150 train_loss=1.963441662788391
2026-09-22 00:55:49,747 - INFO - Epoch 120/150 train_loss=1.9592469549179077
2026-09-22 00:56:04,765 - INFO - Epoch 121/150 train_loss=1.9597133779525757
2026-09-22 00:56:19,754 - INFO - Epoch 122/150 train_loss=1.9583187627792358
2026-09-22 00:56:34,712 - INFO - Epoch 123/150 train_loss=1.9562433815002442
2026-09-22 00:56:49,719 - INFO - Epoch 124/150 train_loss=1.9570428323745728
2026-09-22 00:57:04,668 - INFO - Epoch 125/150 train_loss=1.9556419658660888
2026-09-22 00:57:19,640 - INFO - Epoch 126/150 train_loss=1.9555734729766845
2026-09-22 00:57:34,643 - INFO - Epoch 127/150 train_loss=1.9526295852661133
2026-09-22 00:57:49,610 - INFO - Epoch 128/150 train_loss=1.9559787178039552
2026-09-22 00:58:04,545 - INFO - Epoch 129/150 train_loss=1.9515329790115357
2026-09-22 00:58:19,595 - INFO - Epoch 130/150 train_loss=1.9517283153533935
2026-09-22 00:58:34,593 - INFO - Epoch 131/150 train_loss=1.949003767967224
2026-09-22 00:58:49,581 - INFO - Epoch 132/150 train_loss=1.9476177406311035
2026-09-22 00:59:04,598 - INFO - Epoch 133/150 train_loss=1.9505047178268433
2026-09-22 00:59:19,560 - INFO - Epoch 134/150 train_loss=1.9472646808624268
2026-09-22 00:59:34,529 - INFO - Epoch 135/150 train_loss=1.9446173334121704
2026-09-22 00:59:49,487 - INFO - Epoch 136/150 train_loss=1.9463858461380006
2026-09-22 01:00:04,469 - INFO - Epoch 137/150 train_loss=1.946083860397339
2026-09-22 01:00:19,475 - INFO - Epoch 138/150 train_loss=1.944567747116089
2026-09-22 01:00:37,385 - INFO - Epoch 139/150 train_loss=1.9422959470748902
2026-09-22 01:00:52,373 - INFO - Epoch 140/150 train_loss=1.9409507703781128
2026-09-22 01:01:07,540 - INFO - Epoch 141/150 train_loss=1.9455075216293336
2026-09-22 01:01:22,535 - INFO - Epoch 142/150 train_loss=1.9441625881195068
2026-09-22 01:01:37,515 - INFO - Epoch 143/150 train_loss=1.939950280189514
2026-09-22 01:01:52,496 - INFO - Epoch 144/150 train_loss=1.9372584533691406
2026-09-22 01:02:07,472 - INFO - Epoch 145/150 train_loss=1.938339033126831
2026-09-22 01:02:22,430 - INFO - Epoch 146/150 train_loss=1.939277639389038
2026-09-22 01:02:37,396 - INFO - Epoch 147/150 train_loss=1.9340524435043336
2026-09-22 01:02:52,393 - INFO - Epoch 148/150 train_loss=1.9361408948898315
2026-09-22 01:03:07,329 - INFO - Epoch 149/150 train_loss=1.9355198907852174
2026-09-22 01:03:22,314 - INFO - Epoch 150/150 train_loss=1.9333720731735229
2026-09-22 01:03:46,996 - INFO - Validation recall={'recall@5': 0.03744842354497815, 'recall@10': 0.057278155956754125}
2026-09-22 01:03:46,997 - INFO - Validation ndcg={'ndcg@5': 0.02503418941025445, 'ndcg@10': 0.031402785186594624}
2026-09-22 01:03:46,997 - INFO - [early-val diagnostic] epoch=150 n_eval=57439 recall={'recall@5': 0.03744842354497815, 'recall@10': 0.057278155956754125} ndcg={'ndcg@5': 0.02503418941025445, 'ndcg@10': 0.031402785186594624}
2026-09-22 01:04:17,399 - INFO - Test={'best_checkpoint': None, 'n_eval': 57439, 'test_recall@5': 0.03504587475408694, 'test_recall@10': 0.05299535159038284, 'test_ndcg@5': 0.023323238920273024, 'test_ndcg@10': 0.029101035526493953}
