W1007 00:01:00.014652 3017787 /fs04/scratch2/ar57/wenyu/genrec_env_v2/lib/python3.9/site-packages/torch/distributed/run.py:774] 
W1007 00:01:00.014652 3017787 /fs04/scratch2/ar57/wenyu/genrec_env_v2/lib/python3.9/site-packages/torch/distributed/run.py:774] *****************************************
W1007 00:01:00.014652 3017787 /fs04/scratch2/ar57/wenyu/genrec_env_v2/lib/python3.9/site-packages/torch/distributed/run.py:774] Setting OMP_NUM_THREADS environment variable for each process to be 1 in default, to avoid your system being overloaded, please further tune the variable for optimal performance in your application as needed. 
W1007 00:01:00.014652 3017787 /fs04/scratch2/ar57/wenyu/genrec_env_v2/lib/python3.9/site-packages/torch/distributed/run.py:774] *****************************************
[hyperbolic] cold_start=true max_global_steps=72000 batch_size_per_rank=1024 total_effective_batch=4096 c=[1.0, 1.0, 1.0] radius=[0.15, 0.2, 0.2]
[RecBole RQ-VAE] initializing codebooks with KMeans
/fs04/ar57/wenyu/GeneRec/stage2_RQ-VAE/curvature_RQ-VAE_iter97/model/layers.py:113: UserWarning: Deterministic behavior was enabled with either `torch.use_deterministic_algorithms(True)` or `at::Context::setDeterministicAlgorithms(true)`, but this operation is not deterministic because it uses CuBLAS and you have CUDA >= 10.2. To enable deterministic behavior in this case, you must set an environment variable before running your PyTorch application: CUBLAS_WORKSPACE_CONFIG=:4096:8 or CUBLAS_WORKSPACE_CONFIG=:16:8. For more information, go to https://docs.nvidia.com/cuda/cublas/index.html#results-reproducibility (Triggered internally at /pytorch/aten/src/ATen/Context.cpp:233.)
  dot = x_point @ y_point.t()
/fs04/ar57/wenyu/GeneRec/stage2_RQ-VAE/curvature_RQ-VAE_iter97/model/layers.py:113: UserWarning: Deterministic behavior was enabled with either `torch.use_deterministic_algorithms(True)` or `at::Context::setDeterministicAlgorithms(true)`, but this operation is not deterministic because it uses CuBLAS and you have CUDA >= 10.2. To enable deterministic behavior in this case, you must set an environment variable before running your PyTorch application: CUBLAS_WORKSPACE_CONFIG=:4096:8 or CUBLAS_WORKSPACE_CONFIG=:16:8. For more information, go to https://docs.nvidia.com/cuda/cublas/index.html#results-reproducibility (Triggered internally at /pytorch/aten/src/ATen/Context.cpp:233.)
  dot = x_point @ y_point.t()
/fs04/ar57/wenyu/GeneRec/stage2_RQ-VAE/curvature_RQ-VAE_iter97/model/layers.py:113: UserWarning: Deterministic behavior was enabled with either `torch.use_deterministic_algorithms(True)` or `at::Context::setDeterministicAlgorithms(true)`, but this operation is not deterministic because it uses CuBLAS and you have CUDA >= 10.2. To enable deterministic behavior in this case, you must set an environment variable before running your PyTorch application: CUBLAS_WORKSPACE_CONFIG=:4096:8 or CUBLAS_WORKSPACE_CONFIG=:16:8. For more information, go to https://docs.nvidia.com/cuda/cublas/index.html#results-reproducibility (Triggered internally at /pytorch/aten/src/ATen/Context.cpp:233.)
  dot = x_point @ y_point.t()
/fs04/ar57/wenyu/GeneRec/stage2_RQ-VAE/curvature_RQ-VAE_iter97/model/layers.py:113: UserWarning: Deterministic behavior was enabled with either `torch.use_deterministic_algorithms(True)` or `at::Context::setDeterministicAlgorithms(true)`, but this operation is not deterministic because it uses CuBLAS and you have CUDA >= 10.2. To enable deterministic behavior in this case, you must set an environment variable before running your PyTorch application: CUBLAS_WORKSPACE_CONFIG=:4096:8 or CUBLAS_WORKSPACE_CONFIG=:16:8. For more information, go to https://docs.nvidia.com/cuda/cublas/index.html#results-reproducibility (Triggered internally at /pytorch/aten/src/ATen/Context.cpp:233.)
  dot = x_point @ y_point.t()
/fs04/ar57/wenyu/GeneRec/stage2_RQ-VAE/curvature_RQ-VAE_iter97/model/layers.py:113: UserWarning: Deterministic behavior was enabled with either `torch.use_deterministic_algorithms(True)` or `at::Context::setDeterministicAlgorithms(true)`, but this operation is not deterministic because it uses CuBLAS and you have CUDA >= 10.2. To enable deterministic behavior in this case, you must set an environment variable before running your PyTorch application: CUBLAS_WORKSPACE_CONFIG=:4096:8 or CUBLAS_WORKSPACE_CONFIG=:16:8. For more information, go to https://docs.nvidia.com/cuda/cublas/index.html#results-reproducibility (Triggered internally at /pytorch/aten/src/ATen/Context.cpp:233.)
  dot = x_point @ y_point.t()
/fs04/ar57/wenyu/GeneRec/stage2_RQ-VAE/curvature_RQ-VAE_iter97/model/layers.py:113: UserWarning: Deterministic behavior was enabled with either `torch.use_deterministic_algorithms(True)` or `at::Context::setDeterministicAlgorithms(true)`, but this operation is not deterministic because it uses CuBLAS and you have CUDA >= 10.2. To enable deterministic behavior in this case, you must set an environment variable before running your PyTorch application: CUBLAS_WORKSPACE_CONFIG=:4096:8 or CUBLAS_WORKSPACE_CONFIG=:16:8. For more information, go to https://docs.nvidia.com/cuda/cublas/index.html#results-reproducibility (Triggered internally at /pytorch/aten/src/ATen/Context.cpp:233.)
  dot = x_point @ y_point.t()
/fs04/ar57/wenyu/GeneRec/stage2_RQ-VAE/curvature_RQ-VAE_iter97/model/layers.py:113: UserWarning: Deterministic behavior was enabled with either `torch.use_deterministic_algorithms(True)` or `at::Context::setDeterministicAlgorithms(true)`, but this operation is not deterministic because it uses CuBLAS and you have CUDA >= 10.2. To enable deterministic behavior in this case, you must set an environment variable before running your PyTorch application: CUBLAS_WORKSPACE_CONFIG=:4096:8 or CUBLAS_WORKSPACE_CONFIG=:16:8. For more information, go to https://docs.nvidia.com/cuda/cublas/index.html#results-reproducibility (Triggered internally at /pytorch/aten/src/ATen/Context.cpp:233.)
  dot = x_point @ y_point.t()
/fs04/ar57/wenyu/GeneRec/stage2_RQ-VAE/curvature_RQ-VAE_iter97/model/layers.py:113: UserWarning: Deterministic behavior was enabled with either `torch.use_deterministic_algorithms(True)` or `at::Context::setDeterministicAlgorithms(true)`, but this operation is not deterministic because it uses CuBLAS and you have CUDA >= 10.2. To enable deterministic behavior in this case, you must set an environment variable before running your PyTorch application: CUBLAS_WORKSPACE_CONFIG=:4096:8 or CUBLAS_WORKSPACE_CONFIG=:16:8. For more information, go to https://docs.nvidia.com/cuda/cublas/index.html#results-reproducibility (Triggered internally at /pytorch/aten/src/ATen/Context.cpp:233.)
  dot = x_point @ y_point.t()
/fs04/ar57/wenyu/GeneRec/stage2_RQ-VAE/curvature_RQ-VAE_iter97/model/layers.py:113: UserWarning: Deterministic behavior was enabled with either `torch.use_deterministic_algorithms(True)` or `at::Context::setDeterministicAlgorithms(true)`, but this operation is not deterministic because it uses CuBLAS and you have CUDA >= 10.2. To enable deterministic behavior in this case, you must set an environment variable before running your PyTorch application: CUBLAS_WORKSPACE_CONFIG=:4096:8 or CUBLAS_WORKSPACE_CONFIG=:16:8. For more information, go to https://docs.nvidia.com/cuda/cublas/index.html#results-reproducibility (Triggered internally at /pytorch/aten/src/ATen/Context.cpp:233.)
  dot = x_point @ y_point.t()
/fs04/ar57/wenyu/GeneRec/stage2_RQ-VAE/curvature_RQ-VAE_iter97/model/layers.py:113: UserWarning: Deterministic behavior was enabled with either `torch.use_deterministic_algorithms(True)` or `at::Context::setDeterministicAlgorithms(true)`, but this operation is not deterministic because it uses CuBLAS and you have CUDA >= 10.2. To enable deterministic behavior in this case, you must set an environment variable before running your PyTorch application: CUBLAS_WORKSPACE_CONFIG=:4096:8 or CUBLAS_WORKSPACE_CONFIG=:16:8. For more information, go to https://docs.nvidia.com/cuda/cublas/index.html#results-reproducibility (Triggered internally at /pytorch/aten/src/ATen/Context.cpp:233.)
  dot = x_point @ y_point.t()
/home/wlia0047/ar57_scratch/wenyu/genrec_env_v2/lib64/python3.9/site-packages/torch/distributed/distributed_c10d.py:4807: UserWarning: No device id is provided via `init_process_group` or `barrier `. Using the current device set by the user. 
  warnings.warn(  # warn only once
/home/wlia0047/ar57_scratch/wenyu/genrec_env_v2/lib64/python3.9/site-packages/torch/distributed/distributed_c10d.py:4807: UserWarning: No device id is provided via `init_process_group` or `barrier `. Using the current device set by the user. 
  warnings.warn(  # warn only once
/fs04/ar57/wenyu/GeneRec/stage2_RQ-VAE/curvature_RQ-VAE_iter97/model/layers.py:113: UserWarning: Deterministic behavior was enabled with either `torch.use_deterministic_algorithms(True)` or `at::Context::setDeterministicAlgorithms(true)`, but this operation is not deterministic because it uses CuBLAS and you have CUDA >= 10.2. To enable deterministic behavior in this case, you must set an environment variable before running your PyTorch application: CUBLAS_WORKSPACE_CONFIG=:4096:8 or CUBLAS_WORKSPACE_CONFIG=:16:8. For more information, go to https://docs.nvidia.com/cuda/cublas/index.html#results-reproducibility (Triggered internally at /pytorch/aten/src/ATen/Context.cpp:233.)
  dot = x_point @ y_point.t()
/fs04/ar57/wenyu/GeneRec/stage2_RQ-VAE/curvature_RQ-VAE_iter97/model/layers.py:113: UserWarning: Deterministic behavior was enabled with either `torch.use_deterministic_algorithms(True)` or `at::Context::setDeterministicAlgorithms(true)`, but this operation is not deterministic because it uses CuBLAS and you have CUDA >= 10.2. To enable deterministic behavior in this case, you must set an environment variable before running your PyTorch application: CUBLAS_WORKSPACE_CONFIG=:4096:8 or CUBLAS_WORKSPACE_CONFIG=:16:8. For more information, go to https://docs.nvidia.com/cuda/cublas/index.html#results-reproducibility (Triggered internally at /pytorch/aten/src/ATen/Context.cpp:233.)
  dot = x_point @ y_point.t()
/home/wlia0047/ar57_scratch/wenyu/genrec_env_v2/lib64/python3.9/site-packages/torch/distributed/distributed_c10d.py:4807: UserWarning: No device id is provided via `init_process_group` or `barrier `. Using the current device set by the user. 
  warnings.warn(  # warn only once
/home/wlia0047/ar57_scratch/wenyu/genrec_env_v2/lib64/python3.9/site-packages/torch/distributed/distributed_c10d.py:4807: UserWarning: No device id is provided via `init_process_group` or `barrier `. Using the current device set by the user. 
  warnings.warn(  # warn only once
/home/wlia0047/ar57_scratch/wenyu/genrec_env_v2/lib64/python3.9/site-packages/torch/autograd/graph.py:829: UserWarning: Deterministic behavior was enabled with either `torch.use_deterministic_algorithms(True)` or `at::Context::setDeterministicAlgorithms(true)`, but this operation is not deterministic because it uses CuBLAS and you have CUDA >= 10.2. To enable deterministic behavior in this case, you must set an environment variable before running your PyTorch application: CUBLAS_WORKSPACE_CONFIG=:4096:8 or CUBLAS_WORKSPACE_CONFIG=:16:8. For more information, go to https://docs.nvidia.com/cuda/cublas/index.html#results-reproducibility (Triggered internally at /pytorch/aten/src/ATen/Context.cpp:233.)
  return Variable._execution_engine.run_backward(  # Calls into the C++ engine to run the backward pass
/home/wlia0047/ar57_scratch/wenyu/genrec_env_v2/lib64/python3.9/site-packages/torch/autograd/graph.py:829: UserWarning: Deterministic behavior was enabled with either `torch.use_deterministic_algorithms(True)` or `at::Context::setDeterministicAlgorithms(true)`, but this operation is not deterministic because it uses CuBLAS and you have CUDA >= 10.2. To enable deterministic behavior in this case, you must set an environment variable before running your PyTorch application: CUBLAS_WORKSPACE_CONFIG=:4096:8 or CUBLAS_WORKSPACE_CONFIG=:16:8. For more information, go to https://docs.nvidia.com/cuda/cublas/index.html#results-reproducibility (Triggered internally at /pytorch/aten/src/ATen/Context.cpp:233.)
  return Variable._execution_engine.run_backward(  # Calls into the C++ engine to run the backward pass
/home/wlia0047/ar57_scratch/wenyu/genrec_env_v2/lib64/python3.9/site-packages/torch/autograd/graph.py:829: UserWarning: Deterministic behavior was enabled with either `torch.use_deterministic_algorithms(True)` or `at::Context::setDeterministicAlgorithms(true)`, but this operation is not deterministic because it uses CuBLAS and you have CUDA >= 10.2. To enable deterministic behavior in this case, you must set an environment variable before running your PyTorch application: CUBLAS_WORKSPACE_CONFIG=:4096:8 or CUBLAS_WORKSPACE_CONFIG=:16:8. For more information, go to https://docs.nvidia.com/cuda/cublas/index.html#results-reproducibility (Triggered internally at /pytorch/aten/src/ATen/Context.cpp:233.)
  return Variable._execution_engine.run_backward(  # Calls into the C++ engine to run the backward pass
/home/wlia0047/ar57_scratch/wenyu/genrec_env_v2/lib64/python3.9/site-packages/torch/autograd/graph.py:829: UserWarning: Deterministic behavior was enabled with either `torch.use_deterministic_algorithms(True)` or `at::Context::setDeterministicAlgorithms(true)`, but this operation is not deterministic because it uses CuBLAS and you have CUDA >= 10.2. To enable deterministic behavior in this case, you must set an environment variable before running your PyTorch application: CUBLAS_WORKSPACE_CONFIG=:4096:8 or CUBLAS_WORKSPACE_CONFIG=:16:8. For more information, go to https://docs.nvidia.com/cuda/cublas/index.html#results-reproducibility (Triggered internally at /pytorch/aten/src/ATen/Context.cpp:233.)
  return Variable._execution_engine.run_backward(  # Calls into the C++ engine to run the backward pass
[hyperbolic] global_step=168/72000 local_updates=42 loss=0.14091220 recon=0.00020192
[hyperbolic] global_step=228/72000 local_updates=57 loss=0.14261003 recon=0.00017967
[hyperbolic] global_step=340/72000 local_updates=85 loss=0.13787825 recon=0.00018740
[hyperbolic] global_step=436/72000 local_updates=109 loss=0.13625538 recon=0.00015766
[hyperbolic] global_step=548/72000 local_updates=137 loss=0.13795578 recon=0.00019597
[hyperbolic] global_step=640/72000 local_updates=160 loss=0.13107693 recon=0.00018348
[hyperbolic] global_step=748/72000 local_updates=187 loss=0.13475612 recon=0.00019650
[hyperbolic] global_step=860/72000 local_updates=215 loss=0.13423795 recon=0.00017653
[hyperbolic] global_step=968/72000 local_updates=242 loss=0.12975352 recon=0.00016992
[hyperbolic] global_step=1076/72000 local_updates=269 loss=0.12991913 recon=0.00015631
[hyperbolic] global_step=1184/72000 local_updates=296 loss=0.13381663 recon=0.00016254
[hyperbolic] global_step=1284/72000 local_updates=321 loss=0.12710282 recon=0.00018110
[hyperbolic] global_step=1396/72000 local_updates=349 loss=0.13048775 recon=0.00016497
[hyperbolic] global_step=1508/72000 local_updates=377 loss=0.13825986 recon=0.00014847
[hyperbolic] global_step=1620/72000 local_updates=405 loss=0.13111919 recon=0.00015609
[hyperbolic] global_step=1736/72000 local_updates=434 loss=0.13166697 recon=0.00018184
[hyperbolic] global_step=1852/72000 local_updates=463 loss=0.13281488 recon=0.00015852
[hyperbolic] global_step=1948/72000 local_updates=487 loss=0.12713428 recon=0.00016911
[hyperbolic] global_step=2064/72000 local_updates=516 loss=0.12769152 recon=0.00017127
[hyperbolic] global_step=2184/72000 local_updates=546 loss=0.12885512 recon=0.00014189
[hyperbolic] global_step=2300/72000 local_updates=575 loss=0.13773736 recon=0.00016234
[hyperbolic] global_step=2424/72000 local_updates=606 loss=0.13246362 recon=0.00015075
[hyperbolic] global_step=2544/72000 local_updates=636 loss=0.12584667 recon=0.00013950
[hyperbolic] global_step=2660/72000 local_updates=665 loss=0.12806280 recon=0.00013638
[hyperbolic] global_step=2784/72000 local_updates=696 loss=0.12748802 recon=0.00015612
[hyperbolic] global_step=2904/72000 local_updates=726 loss=0.12515366 recon=0.00016266
[hyperbolic] global_step=3024/72000 local_updates=756 loss=0.12971565 recon=0.00015639
[hyperbolic] global_step=3156/72000 local_updates=789 loss=0.13431911 recon=0.00016462
[hyperbolic] global_step=3276/72000 local_updates=819 loss=0.12666103 recon=0.00014643
[hyperbolic] global_step=3400/72000 local_updates=850 loss=0.12810223 recon=0.00014784
[hyperbolic] global_step=3524/72000 local_updates=881 loss=0.12831283 recon=0.00013260
[hyperbolic] global_step=3648/72000 local_updates=912 loss=0.12791471 recon=0.00017336
[hyperbolic] global_step=3772/72000 local_updates=943 loss=0.12398943 recon=0.00015965
[hyperbolic] global_step=3892/72000 local_updates=973 loss=0.12833166 recon=0.00015611
[hyperbolic] global_step=4012/72000 local_updates=1003 loss=0.12712881 recon=0.00015724
[hyperbolic] global_step=4132/72000 local_updates=1033 loss=0.12650689 recon=0.00014190
[hyperbolic] global_step=4252/72000 local_updates=1063 loss=0.12903050 recon=0.00016618
[hyperbolic] global_step=4372/72000 local_updates=1093 loss=0.12877697 recon=0.00014484
[hyperbolic] global_step=4500/72000 local_updates=1125 loss=0.12752968 recon=0.00012911
[hyperbolic] global_step=4624/72000 local_updates=1156 loss=0.12702116 recon=0.00015765
[hyperbolic] global_step=4752/72000 local_updates=1188 loss=0.12698831 recon=0.00015272
[hyperbolic] global_step=4880/72000 local_updates=1220 loss=0.12386477 recon=0.00014666
[hyperbolic] global_step=5008/72000 local_updates=1252 loss=0.12691765 recon=0.00015638
[hyperbolic] global_step=5132/72000 local_updates=1283 loss=0.12344418 recon=0.00015220
[hyperbolic] global_step=5260/72000 local_updates=1315 loss=0.12345815 recon=0.00013886
[hyperbolic] global_step=5384/72000 local_updates=1346 loss=0.12552279 recon=0.00015595
[hyperbolic] global_step=5512/72000 local_updates=1378 loss=0.12715113 recon=0.00014286
[hyperbolic] global_step=5640/72000 local_updates=1410 loss=0.12436703 recon=0.00017906
[hyperbolic] global_step=5760/72000 local_updates=1440 loss=0.12652780 recon=0.00012903
[hyperbolic] global_step=5884/72000 local_updates=1471 loss=0.12386722 recon=0.00014427
[hyperbolic] global_step=6012/72000 local_updates=1503 loss=0.12361069 recon=0.00015450
[hyperbolic] global_step=6136/72000 local_updates=1534 loss=0.12541047 recon=0.00015706
[hyperbolic] global_step=6256/72000 local_updates=1564 loss=0.12642369 recon=0.00015256
[hyperbolic] global_step=6380/72000 local_updates=1595 loss=0.12652309 recon=0.00015889
[hyperbolic] global_step=6508/72000 local_updates=1627 loss=0.12521361 recon=0.00013895
[hyperbolic] global_step=6632/72000 local_updates=1658 loss=0.13079520 recon=0.00014804
[hyperbolic] global_step=6760/72000 local_updates=1690 loss=0.12591636 recon=0.00015788
[hyperbolic] global_step=6888/72000 local_updates=1722 loss=0.12776957 recon=0.00015932
[hyperbolic] global_step=7016/72000 local_updates=1754 loss=0.12919833 recon=0.00015525
[hyperbolic] global_step=7144/72000 local_updates=1786 loss=0.12646416 recon=0.00013731
[hyperbolic] global_step=7272/72000 local_updates=1818 loss=0.12436980 recon=0.00015849
[hyperbolic] global_step=7392/72000 local_updates=1848 loss=0.12712672 recon=0.00014665
[hyperbolic] global_step=7520/72000 local_updates=1880 loss=0.12599583 recon=0.00015881
[hyperbolic] global_step=7648/72000 local_updates=1912 loss=0.12454104 recon=0.00014552
[hyperbolic] global_step=7772/72000 local_updates=1943 loss=0.12173401 recon=0.00015062
[hyperbolic] global_step=7896/72000 local_updates=1974 loss=0.12551077 recon=0.00014826
[hyperbolic] global_step=8020/72000 local_updates=2005 loss=0.12516044 recon=0.00014825
[hyperbolic] global_step=8148/72000 local_updates=2037 loss=0.12516752 recon=0.00015446
[hyperbolic] global_step=8268/72000 local_updates=2067 loss=0.12386799 recon=0.00015850
[hyperbolic] global_step=8400/72000 local_updates=2100 loss=0.12468719 recon=0.00014443
[hyperbolic] global_step=8532/72000 local_updates=2133 loss=0.12779284 recon=0.00015476
[hyperbolic] global_step=8660/72000 local_updates=2165 loss=0.12260834 recon=0.00016296
[hyperbolic] global_step=8788/72000 local_updates=2197 loss=0.12258749 recon=0.00014352
[hyperbolic] global_step=8916/72000 local_updates=2229 loss=0.12439924 recon=0.00015548
[hyperbolic] global_step=9044/72000 local_updates=2261 loss=0.12418377 recon=0.00015498
[hyperbolic] global_step=9168/72000 local_updates=2292 loss=0.12728381 recon=0.00015286
[hyperbolic] global_step=9292/72000 local_updates=2323 loss=0.12520857 recon=0.00014977
[hyperbolic] global_step=9424/72000 local_updates=2356 loss=0.12522528 recon=0.00014007
[hyperbolic] global_step=9548/72000 local_updates=2387 loss=0.12257928 recon=0.00015841
[hyperbolic] global_step=9676/72000 local_updates=2419 loss=0.12340388 recon=0.00015226
[hyperbolic] global_step=9808/72000 local_updates=2452 loss=0.12673779 recon=0.00014445
[hyperbolic] global_step=9936/72000 local_updates=2484 loss=0.12261894 recon=0.00014321
[hyperbolic] global_step=10000/72000 loss=0.12789637 recon=0.00015573 s=[0.15, 0.2, 0.2] c=[1.0, 1.0, 1.0] epsilon=[0.003, 0.003, 0.003] raw_unique=24549/24587 collision=0.001546 behaviour=0.21653686 margin=[0.00303, 0.010716, 0.016266] N=[339519, 24087, 1080] prefix_unique=[256, 14920, 23424] codebook_used=[256, 256, 256]
[hyperbolic] global_step=10136/72000 local_updates=2534 loss=0.12493262 recon=0.00014191
[hyperbolic] global_step=10256/72000 local_updates=2564 loss=0.12562235 recon=0.00015968
[hyperbolic] global_step=10388/72000 local_updates=2597 loss=0.12238003 recon=0.00013777
[hyperbolic] global_step=10512/72000 local_updates=2628 loss=0.12288278 recon=0.00014050
[hyperbolic] global_step=10640/72000 local_updates=2660 loss=0.12254526 recon=0.00015987
[hyperbolic] global_step=10768/72000 local_updates=2692 loss=0.12420495 recon=0.00015640
[hyperbolic] global_step=10892/72000 local_updates=2723 loss=0.12451583 recon=0.00013266
[hyperbolic] global_step=11012/72000 local_updates=2753 loss=0.12463219 recon=0.00014292
[hyperbolic] global_step=11136/72000 local_updates=2784 loss=0.12587167 recon=0.00014176
[hyperbolic] global_step=11264/72000 local_updates=2816 loss=0.12578300 recon=0.00014421
[hyperbolic] global_step=11392/72000 local_updates=2848 loss=0.12721166 recon=0.00014941
[hyperbolic] global_step=11520/72000 local_updates=2880 loss=0.12364450 recon=0.00012603
[hyperbolic] global_step=11644/72000 local_updates=2911 loss=0.12670852 recon=0.00014149
[hyperbolic] global_step=11768/72000 local_updates=2942 loss=0.12454622 recon=0.00014976
[hyperbolic] global_step=11900/72000 local_updates=2975 loss=0.12594754 recon=0.00016350
[hyperbolic] global_step=12024/72000 local_updates=3006 loss=0.12490620 recon=0.00015094
[hyperbolic] global_step=12152/72000 local_updates=3038 loss=0.12618391 recon=0.00014906
[hyperbolic] global_step=12268/72000 local_updates=3067 loss=0.12524088 recon=0.00015562
[hyperbolic] global_step=12396/72000 local_updates=3099 loss=0.12609193 recon=0.00015748
[hyperbolic] global_step=12528/72000 local_updates=3132 loss=0.12638485 recon=0.00014322
[hyperbolic] global_step=12660/72000 local_updates=3165 loss=0.12257095 recon=0.00013461
[hyperbolic] global_step=12788/72000 local_updates=3197 loss=0.12608050 recon=0.00014452
[hyperbolic] global_step=12920/72000 local_updates=3230 loss=0.12536375 recon=0.00011984
[hyperbolic] global_step=13056/72000 local_updates=3264 loss=0.12434961 recon=0.00014498
[hyperbolic] global_step=13192/72000 local_updates=3298 loss=0.12415860 recon=0.00014586
[hyperbolic] global_step=13320/72000 local_updates=3330 loss=0.12358472 recon=0.00015007
[hyperbolic] global_step=13448/72000 local_updates=3362 loss=0.12211943 recon=0.00015661
[hyperbolic] global_step=13576/72000 local_updates=3394 loss=0.12485484 recon=0.00013673
[hyperbolic] global_step=13700/72000 local_updates=3425 loss=0.12459856 recon=0.00013194
[hyperbolic] global_step=13828/72000 local_updates=3457 loss=0.12318157 recon=0.00015215
[hyperbolic] global_step=13956/72000 local_updates=3489 loss=0.12472643 recon=0.00014585
[hyperbolic] global_step=14084/72000 local_updates=3521 loss=0.12526701 recon=0.00016402
[hyperbolic] global_step=14208/72000 local_updates=3552 loss=0.12444086 recon=0.00014865
[hyperbolic] global_step=14332/72000 local_updates=3583 loss=0.12619573 recon=0.00013494
[hyperbolic] global_step=14468/72000 local_updates=3617 loss=0.12637602 recon=0.00013827
[hyperbolic] global_step=14600/72000 local_updates=3650 loss=0.12704998 recon=0.00016181
[hyperbolic] global_step=14732/72000 local_updates=3683 loss=0.12602536 recon=0.00015254
[hyperbolic] global_step=14856/72000 local_updates=3714 loss=0.12374715 recon=0.00016316
[hyperbolic] global_step=14984/72000 local_updates=3746 loss=0.12273650 recon=0.00016657
[hyperbolic] global_step=15120/72000 local_updates=3780 loss=0.12583381 recon=0.00013424
[hyperbolic] global_step=15248/72000 local_updates=3812 loss=0.12536195 recon=0.00016222
[hyperbolic] global_step=15376/72000 local_updates=3844 loss=0.12522581 recon=0.00014011
[hyperbolic] global_step=15512/72000 local_updates=3878 loss=0.12498605 recon=0.00015518
[hyperbolic] global_step=15636/72000 local_updates=3909 loss=0.12579018 recon=0.00014552
[hyperbolic] global_step=15772/72000 local_updates=3943 loss=0.12578255 recon=0.00015307
[hyperbolic] global_step=15904/72000 local_updates=3976 loss=0.12361911 recon=0.00014356
[hyperbolic] global_step=16032/72000 local_updates=4008 loss=0.12598567 recon=0.00017084
[hyperbolic] global_step=16168/72000 local_updates=4042 loss=0.12549372 recon=0.00014696
[hyperbolic] global_step=16300/72000 local_updates=4075 loss=0.12352129 recon=0.00013130
[hyperbolic] global_step=16436/72000 local_updates=4109 loss=0.12542485 recon=0.00013347
[hyperbolic] global_step=16568/72000 local_updates=4142 loss=0.12445291 recon=0.00014432
[hyperbolic] global_step=16696/72000 local_updates=4174 loss=0.12497749 recon=0.00013430
[hyperbolic] global_step=16832/72000 local_updates=4208 loss=0.12427579 recon=0.00014020
[hyperbolic] global_step=16964/72000 local_updates=4241 loss=0.12438528 recon=0.00015651
[hyperbolic] global_step=17092/72000 local_updates=4273 loss=0.12585224 recon=0.00015118
[hyperbolic] global_step=17220/72000 local_updates=4305 loss=0.12608546 recon=0.00013906
[hyperbolic] global_step=17352/72000 local_updates=4338 loss=0.12659915 recon=0.00014665
[hyperbolic] global_step=17484/72000 local_updates=4371 loss=0.12607931 recon=0.00015576
[hyperbolic] global_step=17612/72000 local_updates=4403 loss=0.12191331 recon=0.00014291
[hyperbolic] global_step=17740/72000 local_updates=4435 loss=0.12361390 recon=0.00015114
[hyperbolic] global_step=17868/72000 local_updates=4467 loss=0.12461253 recon=0.00014495
[hyperbolic] global_step=18012/72000 local_updates=4503 loss=0.12523070 recon=0.00014916
[hyperbolic] global_step=18148/72000 local_updates=4537 loss=0.12539268 recon=0.00014238
[hyperbolic] global_step=18272/72000 local_updates=4568 loss=0.12416042 recon=0.00013399
[hyperbolic] global_step=18416/72000 local_updates=4604 loss=0.12475659 recon=0.00013856
[hyperbolic] global_step=18556/72000 local_updates=4639 loss=0.12446140 recon=0.00016427
[hyperbolic] global_step=18684/72000 local_updates=4671 loss=0.12605503 recon=0.00014675
[hyperbolic] global_step=18820/72000 local_updates=4705 loss=0.12318876 recon=0.00014384
[hyperbolic] global_step=18952/72000 local_updates=4738 loss=0.12627614 recon=0.00015167
[hyperbolic] global_step=19092/72000 local_updates=4773 loss=0.12411547 recon=0.00016308
[hyperbolic] global_step=19228/72000 local_updates=4807 loss=0.12490196 recon=0.00014718
[hyperbolic] global_step=19364/72000 local_updates=4841 loss=0.12361135 recon=0.00016359
[hyperbolic] global_step=19496/72000 local_updates=4874 loss=0.12662378 recon=0.00014845
[hyperbolic] global_step=19620/72000 local_updates=4905 loss=0.12380064 recon=0.00013548
[hyperbolic] global_step=19744/72000 local_updates=4936 loss=0.12393998 recon=0.00013655
[hyperbolic] global_step=19872/72000 local_updates=4968 loss=0.12363987 recon=0.00014675
[hyperbolic] global_step=20000/72000 loss=0.12475434 recon=0.00014673 s=[0.15, 0.2, 0.2] c=[1.0, 1.0, 1.0] epsilon=[0.003, 0.003, 0.003] raw_unique=24550/24587 collision=0.001505 behaviour=0.19007730 margin=[0.002936, 0.010505, 0.015242] N=[339519, 24164, 859] prefix_unique=[256, 16317, 23767] codebook_used=[256, 256, 256]
[hyperbolic] global_step=20132/72000 local_updates=5033 loss=0.12697336 recon=0.00014903
[hyperbolic] global_step=20256/72000 local_updates=5064 loss=0.12476428 recon=0.00014663
[hyperbolic] global_step=20388/72000 local_updates=5097 loss=0.12411862 recon=0.00014667
[hyperbolic] global_step=20520/72000 local_updates=5130 loss=0.12616216 recon=0.00015264
[hyperbolic] global_step=20652/72000 local_updates=5163 loss=0.12348235 recon=0.00015508
[hyperbolic] global_step=20784/72000 local_updates=5196 loss=0.12409212 recon=0.00015156
[hyperbolic] global_step=20916/72000 local_updates=5229 loss=0.12596165 recon=0.00015077
[hyperbolic] global_step=21048/72000 local_updates=5262 loss=0.12340319 recon=0.00014612
[hyperbolic] global_step=21192/72000 local_updates=5298 loss=0.12478486 recon=0.00014238
[hyperbolic] global_step=21320/72000 local_updates=5330 loss=0.12489592 recon=0.00014491
[hyperbolic] global_step=21452/72000 local_updates=5363 loss=0.12465433 recon=0.00013957
[hyperbolic] global_step=21592/72000 local_updates=5398 loss=0.12531465 recon=0.00014268
[hyperbolic] global_step=21724/72000 local_updates=5431 loss=0.12328729 recon=0.00014117
[hyperbolic] global_step=21856/72000 local_updates=5464 loss=0.12382288 recon=0.00013115
[hyperbolic] global_step=21988/72000 local_updates=5497 loss=0.12432911 recon=0.00014908
[hyperbolic] global_step=22120/72000 local_updates=5530 loss=0.12534036 recon=0.00017513
[hyperbolic] global_step=22248/72000 local_updates=5562 loss=0.12545821 recon=0.00014126
[hyperbolic] global_step=22376/72000 local_updates=5594 loss=0.12517403 recon=0.00016923
[hyperbolic] global_step=22504/72000 local_updates=5626 loss=0.12743691 recon=0.00014902
[hyperbolic] global_step=22636/72000 local_updates=5659 loss=0.12549406 recon=0.00014370
[hyperbolic] global_step=22776/72000 local_updates=5694 loss=0.12517925 recon=0.00014327
[hyperbolic] global_step=22908/72000 local_updates=5727 loss=0.12528966 recon=0.00013625
[hyperbolic] global_step=23036/72000 local_updates=5759 loss=0.12481891 recon=0.00015025
[hyperbolic] global_step=23172/72000 local_updates=5793 loss=0.12403779 recon=0.00013734
[hyperbolic] global_step=23308/72000 local_updates=5827 loss=0.12417712 recon=0.00015881
[hyperbolic] global_step=23448/72000 local_updates=5862 loss=0.12746815 recon=0.00014253
[hyperbolic] global_step=23572/72000 local_updates=5893 loss=0.12704144 recon=0.00014418
[hyperbolic] global_step=23712/72000 local_updates=5928 loss=0.12615889 recon=0.00014000
[hyperbolic] global_step=23852/72000 local_updates=5963 loss=0.12655544 recon=0.00014091
[hyperbolic] global_step=23980/72000 local_updates=5995 loss=0.12491592 recon=0.00013118
[hyperbolic] global_step=24120/72000 local_updates=6030 loss=0.12520920 recon=0.00015235
[hyperbolic] global_step=24256/72000 local_updates=6064 loss=0.12321912 recon=0.00015056
[hyperbolic] global_step=24396/72000 local_updates=6099 loss=0.12494533 recon=0.00013845
[hyperbolic] global_step=24540/72000 local_updates=6135 loss=0.12725744 recon=0.00013800
[hyperbolic] global_step=24676/72000 local_updates=6169 loss=0.12271702 recon=0.00013671
[hyperbolic] global_step=24812/72000 local_updates=6203 loss=0.12516509 recon=0.00014808
[hyperbolic] global_step=24952/72000 local_updates=6238 loss=0.12558556 recon=0.00014505
[hyperbolic] global_step=25092/72000 local_updates=6273 loss=0.12699941 recon=0.00012099
[hyperbolic] global_step=25228/72000 local_updates=6307 loss=0.12555042 recon=0.00013269
[hyperbolic] global_step=25360/72000 local_updates=6340 loss=0.12619671 recon=0.00014135
[hyperbolic] global_step=25500/72000 local_updates=6375 loss=0.12501051 recon=0.00014854
[hyperbolic] global_step=25640/72000 local_updates=6410 loss=0.12305120 recon=0.00015157
[hyperbolic] global_step=25784/72000 local_updates=6446 loss=0.12373963 recon=0.00013909
[hyperbolic] global_step=25932/72000 local_updates=6483 loss=0.12422533 recon=0.00012709
[hyperbolic] global_step=26076/72000 local_updates=6519 loss=0.12522210 recon=0.00014258
[hyperbolic] global_step=26216/72000 local_updates=6554 loss=0.12713541 recon=0.00013646
[hyperbolic] global_step=26352/72000 local_updates=6588 loss=0.12683852 recon=0.00012531
[hyperbolic] global_step=26488/72000 local_updates=6622 loss=0.12599874 recon=0.00014922
[hyperbolic] global_step=26636/72000 local_updates=6659 loss=0.12543792 recon=0.00014721
[hyperbolic] global_step=26784/72000 local_updates=6696 loss=0.12665588 recon=0.00014905
[hyperbolic] global_step=26920/72000 local_updates=6730 loss=0.12412693 recon=0.00012980
[hyperbolic] global_step=27068/72000 local_updates=6767 loss=0.12683265 recon=0.00013246
[hyperbolic] global_step=27208/72000 local_updates=6802 loss=0.12294451 recon=0.00014877
[hyperbolic] global_step=27344/72000 local_updates=6836 loss=0.12302825 recon=0.00015330
[hyperbolic] global_step=27480/72000 local_updates=6870 loss=0.12332819 recon=0.00013800
[hyperbolic] global_step=27624/72000 local_updates=6906 loss=0.12500526 recon=0.00014384
[hyperbolic] global_step=27760/72000 local_updates=6940 loss=0.12475713 recon=0.00014026
[hyperbolic] global_step=27900/72000 local_updates=6975 loss=0.12513152 recon=0.00014678
[hyperbolic] global_step=28040/72000 local_updates=7010 loss=0.12339537 recon=0.00013539
[hyperbolic] global_step=28180/72000 local_updates=7045 loss=0.12708588 recon=0.00013292
[hyperbolic] global_step=28316/72000 local_updates=7079 loss=0.12563246 recon=0.00014056
[hyperbolic] global_step=28456/72000 local_updates=7114 loss=0.12611590 recon=0.00014901
[hyperbolic] global_step=28612/72000 local_updates=7153 loss=0.12494008 recon=0.00015494
[hyperbolic] global_step=28752/72000 local_updates=7188 loss=0.12265997 recon=0.00014403
[hyperbolic] global_step=28900/72000 local_updates=7225 loss=0.12482347 recon=0.00014513
[hyperbolic] global_step=29036/72000 local_updates=7259 loss=0.12544619 recon=0.00013160
[hyperbolic] global_step=29176/72000 local_updates=7294 loss=0.12608446 recon=0.00015014
[hyperbolic] global_step=29324/72000 local_updates=7331 loss=0.12597872 recon=0.00014611
[hyperbolic] global_step=29472/72000 local_updates=7368 loss=0.12317593 recon=0.00013767
[hyperbolic] global_step=29624/72000 local_updates=7406 loss=0.12495513 recon=0.00015440
[hyperbolic] global_step=29784/72000 local_updates=7446 loss=0.12260821 recon=0.00014943
[hyperbolic] global_step=29936/72000 local_updates=7484 loss=0.12526017 recon=0.00014865
[hyperbolic] global_step=30000/72000 loss=0.12474302 recon=0.00014663 s=[0.15, 0.2, 0.2] c=[1.0, 1.0, 1.0] epsilon=[0.003, 0.003, 0.003] raw_unique=24549/24587 collision=0.001546 behaviour=0.17911444 margin=[0.002844, 0.010039, 0.016077] N=[339519, 23541, 648] prefix_unique=[256, 16418, 23908] codebook_used=[256, 256, 256]
[hyperbolic] global_step=30144/72000 local_updates=7536 loss=0.12571815 recon=0.00015843
[hyperbolic] global_step=30288/72000 local_updates=7572 loss=0.12375618 recon=0.00014724
[hyperbolic] global_step=30436/72000 local_updates=7609 loss=0.12499611 recon=0.00015328
[hyperbolic] global_step=30580/72000 local_updates=7645 loss=0.12417495 recon=0.00016673
[hyperbolic] global_step=30744/72000 local_updates=7686 loss=0.12490418 recon=0.00016247
[hyperbolic] global_step=30884/72000 local_updates=7721 loss=0.12324826 recon=0.00016187
[hyperbolic] global_step=31028/72000 local_updates=7757 loss=0.12523212 recon=0.00015015
[hyperbolic] global_step=31180/72000 local_updates=7795 loss=0.12457114 recon=0.00016079
[hyperbolic] global_step=31320/72000 local_updates=7830 loss=0.12560542 recon=0.00014638
[hyperbolic] global_step=31468/72000 local_updates=7867 loss=0.12332746 recon=0.00014416
[hyperbolic] global_step=31616/72000 local_updates=7904 loss=0.12476237 recon=0.00013428
[hyperbolic] global_step=31760/72000 local_updates=7940 loss=0.12325801 recon=0.00015541
[hyperbolic] global_step=31920/72000 local_updates=7980 loss=0.12445925 recon=0.00012945
[hyperbolic] global_step=32060/72000 local_updates=8015 loss=0.12525910 recon=0.00014637
[hyperbolic] global_step=32208/72000 local_updates=8052 loss=0.12352024 recon=0.00014483
[hyperbolic] global_step=32340/72000 local_updates=8085 loss=0.12486900 recon=0.00014045
[hyperbolic] global_step=32480/72000 local_updates=8120 loss=0.12794575 recon=0.00014045
[hyperbolic] global_step=32616/72000 local_updates=8154 loss=0.12669298 recon=0.00015242
[hyperbolic] global_step=32756/72000 local_updates=8189 loss=0.12571216 recon=0.00014551
[hyperbolic] global_step=32896/72000 local_updates=8224 loss=0.12498333 recon=0.00013357
[hyperbolic] global_step=33024/72000 local_updates=8256 loss=0.12606248 recon=0.00015100
[hyperbolic] global_step=33156/72000 local_updates=8289 loss=0.12419101 recon=0.00015082
[hyperbolic] global_step=33300/72000 local_updates=8325 loss=0.12515500 recon=0.00014661
[hyperbolic] global_step=33436/72000 local_updates=8359 loss=0.12488900 recon=0.00014819
[hyperbolic] global_step=33580/72000 local_updates=8395 loss=0.12311181 recon=0.00015366
[hyperbolic] global_step=33728/72000 local_updates=8432 loss=0.12566429 recon=0.00015269
[hyperbolic] global_step=33880/72000 local_updates=8470 loss=0.12509149 recon=0.00013407
[hyperbolic] global_step=34024/72000 local_updates=8506 loss=0.12529254 recon=0.00014082
[hyperbolic] global_step=34172/72000 local_updates=8543 loss=0.12456536 recon=0.00013551
[hyperbolic] global_step=34312/72000 local_updates=8578 loss=0.12201223 recon=0.00014974
[hyperbolic] global_step=34452/72000 local_updates=8613 loss=0.12487153 recon=0.00015179
[hyperbolic] global_step=34596/72000 local_updates=8649 loss=0.12384184 recon=0.00014518
[hyperbolic] global_step=34752/72000 local_updates=8688 loss=0.12463004 recon=0.00015296
[hyperbolic] global_step=34904/72000 local_updates=8726 loss=0.12391470 recon=0.00015171
[hyperbolic] global_step=35044/72000 local_updates=8761 loss=0.12454036 recon=0.00016693
[hyperbolic] global_step=35192/72000 local_updates=8798 loss=0.12402204 recon=0.00013902
[hyperbolic] global_step=35336/72000 local_updates=8834 loss=0.12422468 recon=0.00015350
[hyperbolic] global_step=35484/72000 local_updates=8871 loss=0.12583488 recon=0.00014640
[hyperbolic] global_step=35636/72000 local_updates=8909 loss=0.12423641 recon=0.00013988
[hyperbolic] global_step=35784/72000 local_updates=8946 loss=0.12575153 recon=0.00015103
[hyperbolic] global_step=35924/72000 local_updates=8981 loss=0.12706521 recon=0.00014619
[hyperbolic] global_step=36060/72000 local_updates=9015 loss=0.12500249 recon=0.00014882
[hyperbolic] global_step=36208/72000 local_updates=9052 loss=0.12434363 recon=0.00013044
[hyperbolic] global_step=36348/72000 local_updates=9087 loss=0.12425895 recon=0.00015424
[hyperbolic] global_step=36488/72000 local_updates=9122 loss=0.12560642 recon=0.00014388
[hyperbolic] global_step=36632/72000 local_updates=9158 loss=0.12343857 recon=0.00013198
[hyperbolic] global_step=36780/72000 local_updates=9195 loss=0.12530959 recon=0.00014713
[hyperbolic] global_step=36916/72000 local_updates=9229 loss=0.12429032 recon=0.00013148
[hyperbolic] global_step=37060/72000 local_updates=9265 loss=0.12446424 recon=0.00014194
[hyperbolic] global_step=37196/72000 local_updates=9299 loss=0.12347350 recon=0.00014060
[hyperbolic] global_step=37352/72000 local_updates=9338 loss=0.12560253 recon=0.00013241
[hyperbolic] global_step=37508/72000 local_updates=9377 loss=0.12533130 recon=0.00014179
[hyperbolic] global_step=37648/72000 local_updates=9412 loss=0.12395449 recon=0.00014547
[hyperbolic] global_step=37788/72000 local_updates=9447 loss=0.12552950 recon=0.00012820
[hyperbolic] global_step=37936/72000 local_updates=9484 loss=0.12325528 recon=0.00015007
[hyperbolic] global_step=38072/72000 local_updates=9518 loss=0.12251642 recon=0.00014683
[hyperbolic] global_step=38208/72000 local_updates=9552 loss=0.12450856 recon=0.00014690
[hyperbolic] global_step=38356/72000 local_updates=9589 loss=0.12280940 recon=0.00015408
[hyperbolic] global_step=38508/72000 local_updates=9627 loss=0.12428883 recon=0.00013727
[hyperbolic] global_step=38664/72000 local_updates=9666 loss=0.12378408 recon=0.00015311
[hyperbolic] global_step=38812/72000 local_updates=9703 loss=0.12387562 recon=0.00015214
[hyperbolic] global_step=38960/72000 local_updates=9740 loss=0.12353382 recon=0.00015021
[hyperbolic] global_step=39108/72000 local_updates=9777 loss=0.12404500 recon=0.00015081
[hyperbolic] global_step=39256/72000 local_updates=9814 loss=0.12637690 recon=0.00016076
[hyperbolic] global_step=39404/72000 local_updates=9851 loss=0.12444562 recon=0.00014818
[hyperbolic] global_step=39548/72000 local_updates=9887 loss=0.12471493 recon=0.00013373
[hyperbolic] global_step=39704/72000 local_updates=9926 loss=0.12467028 recon=0.00014193
[hyperbolic] global_step=39856/72000 local_updates=9964 loss=0.12614578 recon=0.00014914
[hyperbolic] global_step=40000/72000 local_updates=10000 loss=0.12384040 recon=0.00015154
[hyperbolic] global_step=40000/72000 loss=0.12469852 recon=0.00014594 s=[0.15, 0.2, 0.2] c=[1.0, 1.0, 1.0] epsilon=[0.003, 0.003, 0.003] raw_unique=24551/24587 collision=0.001464 behaviour=0.17203049 margin=[0.00291, 0.010688, 0.015617] N=[339519, 23077, 674] prefix_unique=[256, 17014, 24011] codebook_used=[256, 256, 256]
[hyperbolic] global_step=40136/72000 local_updates=10034 loss=0.12500766 recon=0.00014459
[hyperbolic] global_step=40280/72000 local_updates=10070 loss=0.12500888 recon=0.00014650
[hyperbolic] global_step=40440/72000 local_updates=10110 loss=0.12470460 recon=0.00016013
[hyperbolic] global_step=40584/72000 local_updates=10146 loss=0.12388802 recon=0.00015292
[hyperbolic] global_step=40736/72000 local_updates=10184 loss=0.12368650 recon=0.00015504
[hyperbolic] global_step=40888/72000 local_updates=10222 loss=0.12524715 recon=0.00014341
[hyperbolic] global_step=41036/72000 local_updates=10259 loss=0.12443508 recon=0.00015730
[hyperbolic] global_step=41192/72000 local_updates=10298 loss=0.12454662 recon=0.00013643
[hyperbolic] global_step=41348/72000 local_updates=10337 loss=0.12617733 recon=0.00013990
[hyperbolic] global_step=41496/72000 local_updates=10374 loss=0.12590416 recon=0.00014265
[hyperbolic] global_step=41652/72000 local_updates=10413 loss=0.12413502 recon=0.00013597
[hyperbolic] global_step=41812/72000 local_updates=10453 loss=0.12292232 recon=0.00014465
[hyperbolic] global_step=41960/72000 local_updates=10490 loss=0.12386464 recon=0.00014839
[hyperbolic] global_step=42116/72000 local_updates=10529 loss=0.12564301 recon=0.00014556
[hyperbolic] global_step=42268/72000 local_updates=10567 loss=0.12415092 recon=0.00015055
[hyperbolic] global_step=42416/72000 local_updates=10604 loss=0.12504731 recon=0.00014311
[hyperbolic] global_step=42560/72000 local_updates=10640 loss=0.12330207 recon=0.00014325
[hyperbolic] global_step=42712/72000 local_updates=10678 loss=0.12257231 recon=0.00014921
[hyperbolic] global_step=42852/72000 local_updates=10713 loss=0.12475310 recon=0.00013901
[hyperbolic] global_step=42992/72000 local_updates=10748 loss=0.12537482 recon=0.00013552
[hyperbolic] global_step=43132/72000 local_updates=10783 loss=0.12497646 recon=0.00014218
[hyperbolic] global_step=43280/72000 local_updates=10820 loss=0.12534085 recon=0.00015456
[hyperbolic] global_step=43436/72000 local_updates=10859 loss=0.12554339 recon=0.00015025
[hyperbolic] global_step=43584/72000 local_updates=10896 loss=0.12571102 recon=0.00015161
[hyperbolic] global_step=43732/72000 local_updates=10933 loss=0.12710038 recon=0.00013889
[hyperbolic] global_step=43876/72000 local_updates=10969 loss=0.12555932 recon=0.00014886
[hyperbolic] global_step=44024/72000 local_updates=11006 loss=0.12429949 recon=0.00016310
[hyperbolic] global_step=44172/72000 local_updates=11043 loss=0.12431085 recon=0.00014540
[hyperbolic] global_step=44320/72000 local_updates=11080 loss=0.12505929 recon=0.00014796
[hyperbolic] global_step=44472/72000 local_updates=11118 loss=0.12287536 recon=0.00015112
[hyperbolic] global_step=44620/72000 local_updates=11155 loss=0.12382982 recon=0.00015196
[hyperbolic] global_step=44768/72000 local_updates=11192 loss=0.12418999 recon=0.00014095
[hyperbolic] global_step=44916/72000 local_updates=11229 loss=0.12328871 recon=0.00014956
[hyperbolic] global_step=45060/72000 local_updates=11265 loss=0.12268315 recon=0.00015037
[hyperbolic] global_step=45212/72000 local_updates=11303 loss=0.12590298 recon=0.00014820
[hyperbolic] global_step=45376/72000 local_updates=11344 loss=0.12471353 recon=0.00014713
[hyperbolic] global_step=45528/72000 local_updates=11382 loss=0.12279124 recon=0.00015358
[hyperbolic] global_step=45688/72000 local_updates=11422 loss=0.12394728 recon=0.00013731
[hyperbolic] global_step=45840/72000 local_updates=11460 loss=0.12202690 recon=0.00015105
[hyperbolic] global_step=45996/72000 local_updates=11499 loss=0.12376395 recon=0.00014395
[hyperbolic] global_step=46148/72000 local_updates=11537 loss=0.12367504 recon=0.00014322
[hyperbolic] global_step=46304/72000 local_updates=11576 loss=0.12384023 recon=0.00013818
[hyperbolic] global_step=46464/72000 local_updates=11616 loss=0.12457509 recon=0.00014269
[hyperbolic] global_step=46624/72000 local_updates=11656 loss=0.12490829 recon=0.00016474
[hyperbolic] global_step=46772/72000 local_updates=11693 loss=0.12490561 recon=0.00014735
[hyperbolic] global_step=46920/72000 local_updates=11730 loss=0.12295622 recon=0.00014328
[hyperbolic] global_step=47076/72000 local_updates=11769 loss=0.12395670 recon=0.00013695
[hyperbolic] global_step=47232/72000 local_updates=11808 loss=0.12336961 recon=0.00015021
[hyperbolic] global_step=47388/72000 local_updates=11847 loss=0.12354133 recon=0.00013699
[hyperbolic] global_step=47532/72000 local_updates=11883 loss=0.12629291 recon=0.00014666
[hyperbolic] global_step=47688/72000 local_updates=11922 loss=0.12238389 recon=0.00015098
[hyperbolic] global_step=47836/72000 local_updates=11959 loss=0.12641212 recon=0.00015651
[hyperbolic] global_step=47984/72000 local_updates=11996 loss=0.12468148 recon=0.00013500
[hyperbolic] global_step=48132/72000 local_updates=12033 loss=0.12338594 recon=0.00015064
[hyperbolic] global_step=48280/72000 local_updates=12070 loss=0.12306100 recon=0.00015072
[hyperbolic] global_step=48424/72000 local_updates=12106 loss=0.12653582 recon=0.00014293
[hyperbolic] global_step=48576/72000 local_updates=12144 loss=0.12419408 recon=0.00013539
[hyperbolic] global_step=48728/72000 local_updates=12182 loss=0.12607443 recon=0.00013209
[hyperbolic] global_step=48900/72000 local_updates=12225 loss=0.12438261 recon=0.00013189
[hyperbolic] global_step=49056/72000 local_updates=12264 loss=0.12429723 recon=0.00014209
[hyperbolic] global_step=49200/72000 local_updates=12300 loss=0.12452014 recon=0.00013716
[hyperbolic] global_step=49348/72000 local_updates=12337 loss=0.12582612 recon=0.00013273
[hyperbolic] global_step=49500/72000 local_updates=12375 loss=0.12354173 recon=0.00013338
[hyperbolic] global_step=49656/72000 local_updates=12414 loss=0.12410510 recon=0.00014251
[hyperbolic] global_step=49808/72000 local_updates=12452 loss=0.12415313 recon=0.00012886
[hyperbolic] global_step=49976/72000 local_updates=12494 loss=0.12530389 recon=0.00014615
[hyperbolic] global_step=50000/72000 loss=0.12460536 recon=0.00014609 s=[0.15, 0.2, 0.2] c=[1.0, 1.0, 1.0] epsilon=[0.003, 0.003, 0.003] raw_unique=24549/24587 collision=0.001546 behaviour=0.16681403 margin=[0.003211, 0.011121, 0.015246] N=[339519, 24898, 619] prefix_unique=[256, 17399, 24083] codebook_used=[256, 256, 256]
[hyperbolic] global_step=50156/72000 local_updates=12539 loss=0.12615931 recon=0.00014672
[hyperbolic] global_step=50312/72000 local_updates=12578 loss=0.12324468 recon=0.00014940
[hyperbolic] global_step=50472/72000 local_updates=12618 loss=0.12478001 recon=0.00015426
[hyperbolic] global_step=50640/72000 local_updates=12660 loss=0.12331251 recon=0.00013731
[hyperbolic] global_step=50796/72000 local_updates=12699 loss=0.12477815 recon=0.00014321
[hyperbolic] global_step=50964/72000 local_updates=12741 loss=0.12510240 recon=0.00014870
[hyperbolic] global_step=51116/72000 local_updates=12779 loss=0.12560123 recon=0.00014793
[hyperbolic] global_step=51272/72000 local_updates=12818 loss=0.12311517 recon=0.00015184
[hyperbolic] global_step=51416/72000 local_updates=12854 loss=0.12454702 recon=0.00015066
[hyperbolic] global_step=51560/72000 local_updates=12890 loss=0.12298046 recon=0.00014382
[hyperbolic] global_step=51716/72000 local_updates=12929 loss=0.12705633 recon=0.00013677
[hyperbolic] global_step=51864/72000 local_updates=12966 loss=0.12315104 recon=0.00013954
[hyperbolic] global_step=52016/72000 local_updates=13004 loss=0.12354819 recon=0.00015403
[hyperbolic] global_step=52176/72000 local_updates=13044 loss=0.12379499 recon=0.00014520
[hyperbolic] global_step=52328/72000 local_updates=13082 loss=0.12234978 recon=0.00014119
[hyperbolic] global_step=52484/72000 local_updates=13121 loss=0.12470220 recon=0.00014788
[hyperbolic] global_step=52644/72000 local_updates=13161 loss=0.12543142 recon=0.00015128
[hyperbolic] global_step=52800/72000 local_updates=13200 loss=0.12490734 recon=0.00014291
[hyperbolic] global_step=52956/72000 local_updates=13239 loss=0.12524112 recon=0.00014580
[hyperbolic] global_step=53100/72000 local_updates=13275 loss=0.12292193 recon=0.00014384
[hyperbolic] global_step=53252/72000 local_updates=13313 loss=0.12367122 recon=0.00014577
[hyperbolic] global_step=53416/72000 local_updates=13354 loss=0.12402906 recon=0.00013927
[hyperbolic] global_step=53568/72000 local_updates=13392 loss=0.12383990 recon=0.00013925
[hyperbolic] global_step=53720/72000 local_updates=13430 loss=0.12341495 recon=0.00013580
[hyperbolic] global_step=53880/72000 local_updates=13470 loss=0.12457602 recon=0.00013783
[hyperbolic] global_step=54040/72000 local_updates=13510 loss=0.12469119 recon=0.00013604
[hyperbolic] global_step=54196/72000 local_updates=13549 loss=0.12291247 recon=0.00014615
[hyperbolic] global_step=54356/72000 local_updates=13589 loss=0.12604459 recon=0.00013926
[hyperbolic] global_step=54516/72000 local_updates=13629 loss=0.12502827 recon=0.00013359
[hyperbolic] global_step=54676/72000 local_updates=13669 loss=0.12427419 recon=0.00014928
[hyperbolic] global_step=54832/72000 local_updates=13708 loss=0.12494831 recon=0.00014954
[hyperbolic] global_step=54996/72000 local_updates=13749 loss=0.12346186 recon=0.00016492
[hyperbolic] global_step=55164/72000 local_updates=13791 loss=0.12542219 recon=0.00015021
[hyperbolic] global_step=55320/72000 local_updates=13830 loss=0.12670438 recon=0.00014136
[hyperbolic] global_step=55488/72000 local_updates=13872 loss=0.12635943 recon=0.00014291
[hyperbolic] global_step=55648/72000 local_updates=13912 loss=0.12559937 recon=0.00014640
[hyperbolic] global_step=55796/72000 local_updates=13949 loss=0.12467870 recon=0.00013232
[hyperbolic] global_step=55948/72000 local_updates=13987 loss=0.12383473 recon=0.00015169
[hyperbolic] global_step=56100/72000 local_updates=14025 loss=0.12522200 recon=0.00014842
[hyperbolic] global_step=56248/72000 local_updates=14062 loss=0.12448152 recon=0.00014763
[hyperbolic] global_step=56408/72000 local_updates=14102 loss=0.12460828 recon=0.00015757
[hyperbolic] global_step=56560/72000 local_updates=14140 loss=0.12407122 recon=0.00014644
[hyperbolic] global_step=56708/72000 local_updates=14177 loss=0.12460934 recon=0.00014074
[hyperbolic] global_step=56872/72000 local_updates=14218 loss=0.12599152 recon=0.00014478
[hyperbolic] global_step=57032/72000 local_updates=14258 loss=0.12384765 recon=0.00015528
[hyperbolic] global_step=57184/72000 local_updates=14296 loss=0.12654477 recon=0.00015730
[hyperbolic] global_step=57344/72000 local_updates=14336 loss=0.12813468 recon=0.00015080
[hyperbolic] global_step=57508/72000 local_updates=14377 loss=0.12469053 recon=0.00013667
[hyperbolic] global_step=57672/72000 local_updates=14418 loss=0.12263061 recon=0.00015534
[hyperbolic] global_step=57840/72000 local_updates=14460 loss=0.12619352 recon=0.00012931
[hyperbolic] global_step=58004/72000 local_updates=14501 loss=0.12549491 recon=0.00014899
[hyperbolic] global_step=58172/72000 local_updates=14543 loss=0.12433682 recon=0.00014824
[hyperbolic] global_step=58340/72000 local_updates=14585 loss=0.12365827 recon=0.00013664
[hyperbolic] global_step=58508/72000 local_updates=14627 loss=0.12320477 recon=0.00014847
[hyperbolic] global_step=58660/72000 local_updates=14665 loss=0.12594923 recon=0.00014538
[hyperbolic] global_step=58824/72000 local_updates=14706 loss=0.12485939 recon=0.00015860
[hyperbolic] global_step=58988/72000 local_updates=14747 loss=0.12550241 recon=0.00014133
[hyperbolic] global_step=59148/72000 local_updates=14787 loss=0.12595992 recon=0.00013529
[hyperbolic] global_step=59304/72000 local_updates=14826 loss=0.12436172 recon=0.00015084
[hyperbolic] global_step=59452/72000 local_updates=14863 loss=0.12272725 recon=0.00013156
[hyperbolic] global_step=59608/72000 local_updates=14902 loss=0.12366652 recon=0.00013705
[hyperbolic] global_step=59768/72000 local_updates=14942 loss=0.12499916 recon=0.00014238
[hyperbolic] global_step=59936/72000 local_updates=14984 loss=0.12427992 recon=0.00012722
[hyperbolic] global_step=60000/72000 loss=0.12449386 recon=0.00014547 s=[0.15, 0.2, 0.2] c=[1.0, 1.0, 1.0] epsilon=[0.003, 0.003, 0.003] raw_unique=24550/24587 collision=0.001505 behaviour=0.16276320 margin=[0.002955, 0.010631, 0.015508] N=[339519, 24148, 624] prefix_unique=[256, 17236, 24117] codebook_used=[256, 256, 256]
[hyperbolic] global_step=60152/72000 local_updates=15038 loss=0.12253707 recon=0.00014316
[hyperbolic] global_step=60316/72000 local_updates=15079 loss=0.12161165 recon=0.00013323
[hyperbolic] global_step=60480/72000 local_updates=15120 loss=0.12423528 recon=0.00014750
[hyperbolic] global_step=60636/72000 local_updates=15159 loss=0.12469578 recon=0.00013629
[hyperbolic] global_step=60792/72000 local_updates=15198 loss=0.12426331 recon=0.00014498
[hyperbolic] global_step=60956/72000 local_updates=15239 loss=0.12270789 recon=0.00014741
[hyperbolic] global_step=61104/72000 local_updates=15276 loss=0.12353372 recon=0.00013134
[hyperbolic] global_step=61260/72000 local_updates=15315 loss=0.12221534 recon=0.00015576
[hyperbolic] global_step=61424/72000 local_updates=15356 loss=0.12404913 recon=0.00014504
[hyperbolic] global_step=61572/72000 local_updates=15393 loss=0.12400226 recon=0.00014990
[hyperbolic] global_step=61724/72000 local_updates=15431 loss=0.12517463 recon=0.00014709
[hyperbolic] global_step=61880/72000 local_updates=15470 loss=0.12290073 recon=0.00014275
[hyperbolic] global_step=62032/72000 local_updates=15508 loss=0.12415373 recon=0.00014161
[hyperbolic] global_step=62188/72000 local_updates=15547 loss=0.12396100 recon=0.00015115
[hyperbolic] global_step=62348/72000 local_updates=15587 loss=0.12475228 recon=0.00014235
[hyperbolic] global_step=62500/72000 local_updates=15625 loss=0.12433836 recon=0.00015318
[hyperbolic] global_step=62660/72000 local_updates=15665 loss=0.12382609 recon=0.00014122
[hyperbolic] global_step=62816/72000 local_updates=15704 loss=0.12373965 recon=0.00014817
[hyperbolic] global_step=62976/72000 local_updates=15744 loss=0.12365697 recon=0.00013826
[hyperbolic] global_step=63144/72000 local_updates=15786 loss=0.12330665 recon=0.00014189
[hyperbolic] global_step=63324/72000 local_updates=15831 loss=0.12435912 recon=0.00014929
[hyperbolic] global_step=63492/72000 local_updates=15873 loss=0.12504008 recon=0.00015225
[hyperbolic] global_step=63676/72000 local_updates=15919 loss=0.12541424 recon=0.00013747
[hyperbolic] global_step=63852/72000 local_updates=15963 loss=0.12320228 recon=0.00014163
[hyperbolic] global_step=64016/72000 local_updates=16004 loss=0.12657961 recon=0.00012998
[hyperbolic] global_step=64176/72000 local_updates=16044 loss=0.12582320 recon=0.00014578
[hyperbolic] global_step=64344/72000 local_updates=16086 loss=0.12339687 recon=0.00014729
[hyperbolic] global_step=64512/72000 local_updates=16128 loss=0.12527674 recon=0.00015630
[hyperbolic] global_step=64676/72000 local_updates=16169 loss=0.12389990 recon=0.00015536
[hyperbolic] global_step=64848/72000 local_updates=16212 loss=0.12514660 recon=0.00014294
[hyperbolic] global_step=65024/72000 local_updates=16256 loss=0.12388705 recon=0.00015720
[hyperbolic] global_step=65184/72000 local_updates=16296 loss=0.12469070 recon=0.00015498
[hyperbolic] global_step=65364/72000 local_updates=16341 loss=0.12425906 recon=0.00014908
[hyperbolic] global_step=65528/72000 local_updates=16382 loss=0.12487922 recon=0.00014935
[hyperbolic] global_step=65692/72000 local_updates=16423 loss=0.12473275 recon=0.00015884
[hyperbolic] global_step=65848/72000 local_updates=16462 loss=0.12325900 recon=0.00014483
[hyperbolic] global_step=66008/72000 local_updates=16502 loss=0.12571448 recon=0.00014910
[hyperbolic] global_step=66172/72000 local_updates=16543 loss=0.12333720 recon=0.00014441
[hyperbolic] global_step=66340/72000 local_updates=16585 loss=0.12400891 recon=0.00013095
[hyperbolic] global_step=66500/72000 local_updates=16625 loss=0.12419511 recon=0.00014020
[hyperbolic] global_step=66660/72000 local_updates=16665 loss=0.12429401 recon=0.00015736
[hyperbolic] global_step=66812/72000 local_updates=16703 loss=0.12340848 recon=0.00014645
[hyperbolic] global_step=66972/72000 local_updates=16743 loss=0.12511946 recon=0.00014635
[hyperbolic] global_step=67144/72000 local_updates=16786 loss=0.12289415 recon=0.00014193
[hyperbolic] global_step=67304/72000 local_updates=16826 loss=0.12356573 recon=0.00014992
[hyperbolic] global_step=67468/72000 local_updates=16867 loss=0.12421999 recon=0.00014232
[hyperbolic] global_step=67640/72000 local_updates=16910 loss=0.12411668 recon=0.00014067
[hyperbolic] global_step=67808/72000 local_updates=16952 loss=0.12457696 recon=0.00014382
[hyperbolic] global_step=67972/72000 local_updates=16993 loss=0.12227940 recon=0.00013612
[hyperbolic] global_step=68140/72000 local_updates=17035 loss=0.12360286 recon=0.00014275
[hyperbolic] global_step=68288/72000 local_updates=17072 loss=0.12577483 recon=0.00015705
[hyperbolic] global_step=68456/72000 local_updates=17114 loss=0.12284406 recon=0.00013733
[hyperbolic] global_step=68620/72000 local_updates=17155 loss=0.12572253 recon=0.00014662
[hyperbolic] global_step=68788/72000 local_updates=17197 loss=0.12515609 recon=0.00014867
[hyperbolic] global_step=68964/72000 local_updates=17241 loss=0.12483274 recon=0.00013871
[hyperbolic] global_step=69136/72000 local_updates=17284 loss=0.12357605 recon=0.00014260
[hyperbolic] global_step=69304/72000 local_updates=17326 loss=0.12381797 recon=0.00016083
[hyperbolic] global_step=69476/72000 local_updates=17369 loss=0.12496065 recon=0.00014416
[hyperbolic] global_step=69636/72000 local_updates=17409 loss=0.12467849 recon=0.00014137
[hyperbolic] global_step=69804/72000 local_updates=17451 loss=0.12155879 recon=0.00015096
[hyperbolic] global_step=69968/72000 local_updates=17492 loss=0.12410974 recon=0.00013513
[hyperbolic] global_step=70000/72000 loss=0.12431912 recon=0.00014519 s=[0.15, 0.2, 0.2] c=[1.0, 1.0, 1.0] epsilon=[0.003, 0.003, 0.003] raw_unique=24550/24587 collision=0.001505 behaviour=0.15955750 margin=[0.003183, 0.011611, 0.015487] N=[339519, 23708, 513] prefix_unique=[256, 18011, 24170] codebook_used=[256, 256, 256]
[hyperbolic] global_step=70160/72000 local_updates=17540 loss=0.12360416 recon=0.00015261
[hyperbolic] global_step=70328/72000 local_updates=17582 loss=0.12352862 recon=0.00013753
[hyperbolic] global_step=70488/72000 local_updates=17622 loss=0.12524539 recon=0.00013650
[hyperbolic] global_step=70664/72000 local_updates=17666 loss=0.12252937 recon=0.00015334
[hyperbolic] global_step=70820/72000 local_updates=17705 loss=0.12407725 recon=0.00014176
[hyperbolic] global_step=70984/72000 local_updates=17746 loss=0.12432059 recon=0.00014042
[hyperbolic] global_step=71152/72000 local_updates=17788 loss=0.12493689 recon=0.00015193
[hyperbolic] global_step=71332/72000 local_updates=17833 loss=0.12496927 recon=0.00014119
[hyperbolic] global_step=71500/72000 local_updates=17875 loss=0.12320516 recon=0.00015574
[hyperbolic] global_step=71664/72000 local_updates=17916 loss=0.12592706 recon=0.00014567
[hyperbolic] global_step=71832/72000 local_updates=17958 loss=0.12380715 recon=0.00015268
[hyperbolic] global_step=72000/72000 loss=0.12412568 recon=0.00014488 s=[0.15, 0.2, 0.2] c=[1.0, 1.0, 1.0] epsilon=[0.003, 0.003, 0.003] raw_unique=24553/24587 collision=0.001383 behaviour=0.15774196 margin=[0.003133, 0.011244, 0.014917] N=[339519, 23586, 510] prefix_unique=[256, 17723, 24200] codebook_used=[256, 256, 256]
