2026-10-10 04:41:54,461 - INFO - Configuration: {'batch_size': 4096, 'infer_size': 1024, 'num_epochs': 150, 'eval_interval': 5, 'eval_start_epoch': 75, 'early_eval_epochs': (25, 50, 75, 100, 125), 'fast': True, 'bf16': True, 'use_lr_scheduler': True, 'lr_warmup_pct': 0.1, 'lr_min_factor': 0.2, 'compile': False, 'compile_mode': 'default', 'num_layers': 4, 'num_decoder_layers': 4, 'd_model': 128, 'd_ff': 1024, 'num_heads': 6, 'd_kv': 64, 'dropout_rate': 0.1, 'activation_function': 'relu', 'feed_forward_proj': 'relu', 'device': 'cuda', 'lr': 0.003, 'weight_decay': 0.05, 'vocab_size': 652, 'eos_token_id': 651, 'pad_token_id': 0, 'n_user_tokens': 1, 'max_len': 20, 'dataset_name': 'Amazon_2023_Instruments', 'dataset_path': '/home/wlia0047/ar57/wenyu/GeneRec/results/stage0_build_parquet/', 'codebook_size': [256, 256, 256, 1], 'code_path': '/home/wlia0047/ar57/wenyu/GeneRec/results/stage2_RQ-VAE/curvature_RQ-VAE/metric_cone_arms/A_euclid_metriccone_s42/item_sids.json', 'train_file': 'train.parquet', 'valid_file': 'valid.parquet', 'test_file': 'test.parquet', 'log_path': '/home/wlia0047/ar57/wenyu/GeneRec/results/stage3_T5Train/sidarm_ME_euclid_metriccone/logs/', 'save_path': '/home/wlia0047/ar57/wenyu/GeneRec/results/stage3_T5Train/sidarm_ME_euclid_metriccone/ckpt/', 'seed': 42, 'topk_list': [5, 10], 'beam_size': 20, 'no_eval': True, 'skip_test': False, 'screen_baseline_log': '', 'screen_start_epoch': 40, 'screen_window': 5, 'screen_min_ndcg_gain': 0.001, 'screen_min_recall_gain': 0.001, 'num_workers': 4, 'prefetch_factor': 8, 'exclude_history': True, 'no_exclude_history': False, 'pin_memory': True, 'no_pin_memory': False, 'sid_length': 4, 'max_token_seq_len': 82, 'decoder_start_token_id': 0}
2026-10-10 04:41:54,529 - INFO - #Embedding parameters: 83456
#Non-embedding parameters: 4459648
#Total trainable parameters: 4543104

2026-10-10 04:42:11,439 - INFO - Epoch 1/150 train_loss=4.593574771881103
2026-10-10 04:42:11,707 - INFO - Best train loss=4.593574771881103; saved /home/wlia0047/ar57/wenyu/GeneRec/results/stage3_T5Train/sidarm_ME_euclid_metriccone/ckpt/Amazon_2023_Instruments/Oct-10-2026_04-41-54/HG_Rec_best.pth
2026-10-10 04:42:23,334 - INFO - Epoch 2/150 train_loss=3.7807164478302
2026-10-10 04:42:23,370 - INFO - Best train loss=3.7807164478302; saved /home/wlia0047/ar57/wenyu/GeneRec/results/stage3_T5Train/sidarm_ME_euclid_metriccone/ckpt/Amazon_2023_Instruments/Oct-10-2026_04-41-54/HG_Rec_best.pth
2026-10-10 04:42:34,984 - INFO - Epoch 3/150 train_loss=3.3938059520721438
2026-10-10 04:42:35,024 - INFO - Best train loss=3.3938059520721438; saved /home/wlia0047/ar57/wenyu/GeneRec/results/stage3_T5Train/sidarm_ME_euclid_metriccone/ckpt/Amazon_2023_Instruments/Oct-10-2026_04-41-54/HG_Rec_best.pth
2026-10-10 04:42:46,630 - INFO - Epoch 4/150 train_loss=3.0773084354400635
2026-10-10 04:42:46,667 - INFO - Best train loss=3.0773084354400635; saved /home/wlia0047/ar57/wenyu/GeneRec/results/stage3_T5Train/sidarm_ME_euclid_metriccone/ckpt/Amazon_2023_Instruments/Oct-10-2026_04-41-54/HG_Rec_best.pth
2026-10-10 04:42:58,272 - INFO - Epoch 5/150 train_loss=2.8515215492248536
2026-10-10 04:42:58,309 - INFO - Best train loss=2.8515215492248536; saved /home/wlia0047/ar57/wenyu/GeneRec/results/stage3_T5Train/sidarm_ME_euclid_metriccone/ckpt/Amazon_2023_Instruments/Oct-10-2026_04-41-54/HG_Rec_best.pth
2026-10-10 04:43:09,911 - INFO - Epoch 6/150 train_loss=2.6769700908660887
2026-10-10 04:43:09,946 - INFO - Best train loss=2.6769700908660887; saved /home/wlia0047/ar57/wenyu/GeneRec/results/stage3_T5Train/sidarm_ME_euclid_metriccone/ckpt/Amazon_2023_Instruments/Oct-10-2026_04-41-54/HG_Rec_best.pth
2026-10-10 04:43:21,553 - INFO - Epoch 7/150 train_loss=2.5396830368041994
2026-10-10 04:43:21,590 - INFO - Best train loss=2.5396830368041994; saved /home/wlia0047/ar57/wenyu/GeneRec/results/stage3_T5Train/sidarm_ME_euclid_metriccone/ckpt/Amazon_2023_Instruments/Oct-10-2026_04-41-54/HG_Rec_best.pth
2026-10-10 04:43:33,191 - INFO - Epoch 8/150 train_loss=2.4270822334289552
2026-10-10 04:43:33,227 - INFO - Best train loss=2.4270822334289552; saved /home/wlia0047/ar57/wenyu/GeneRec/results/stage3_T5Train/sidarm_ME_euclid_metriccone/ckpt/Amazon_2023_Instruments/Oct-10-2026_04-41-54/HG_Rec_best.pth
2026-10-10 04:43:44,830 - INFO - Epoch 9/150 train_loss=2.3456122875213623
2026-10-10 04:43:44,865 - INFO - Best train loss=2.3456122875213623; saved /home/wlia0047/ar57/wenyu/GeneRec/results/stage3_T5Train/sidarm_ME_euclid_metriccone/ckpt/Amazon_2023_Instruments/Oct-10-2026_04-41-54/HG_Rec_best.pth
2026-10-10 04:43:56,469 - INFO - Epoch 10/150 train_loss=2.28330415725708
2026-10-10 04:43:56,504 - INFO - Best train loss=2.28330415725708; saved /home/wlia0047/ar57/wenyu/GeneRec/results/stage3_T5Train/sidarm_ME_euclid_metriccone/ckpt/Amazon_2023_Instruments/Oct-10-2026_04-41-54/HG_Rec_best.pth
2026-10-10 04:44:08,104 - INFO - Epoch 11/150 train_loss=2.2360555934906006
2026-10-10 04:44:08,140 - INFO - Best train loss=2.2360555934906006; saved /home/wlia0047/ar57/wenyu/GeneRec/results/stage3_T5Train/sidarm_ME_euclid_metriccone/ckpt/Amazon_2023_Instruments/Oct-10-2026_04-41-54/HG_Rec_best.pth
2026-10-10 04:44:19,749 - INFO - Epoch 12/150 train_loss=2.198488960266113
2026-10-10 04:44:19,785 - INFO - Best train loss=2.198488960266113; saved /home/wlia0047/ar57/wenyu/GeneRec/results/stage3_T5Train/sidarm_ME_euclid_metriccone/ckpt/Amazon_2023_Instruments/Oct-10-2026_04-41-54/HG_Rec_best.pth
2026-10-10 04:44:31,386 - INFO - Epoch 13/150 train_loss=2.17288592338562
2026-10-10 04:44:31,422 - INFO - Best train loss=2.17288592338562; saved /home/wlia0047/ar57/wenyu/GeneRec/results/stage3_T5Train/sidarm_ME_euclid_metriccone/ckpt/Amazon_2023_Instruments/Oct-10-2026_04-41-54/HG_Rec_best.pth
2026-10-10 04:44:43,018 - INFO - Epoch 14/150 train_loss=2.144242753982544
2026-10-10 04:44:43,053 - INFO - Best train loss=2.144242753982544; saved /home/wlia0047/ar57/wenyu/GeneRec/results/stage3_T5Train/sidarm_ME_euclid_metriccone/ckpt/Amazon_2023_Instruments/Oct-10-2026_04-41-54/HG_Rec_best.pth
2026-10-10 04:44:54,656 - INFO - Epoch 15/150 train_loss=2.1247089958190917
2026-10-10 04:44:54,693 - INFO - Best train loss=2.1247089958190917; saved /home/wlia0047/ar57/wenyu/GeneRec/results/stage3_T5Train/sidarm_ME_euclid_metriccone/ckpt/Amazon_2023_Instruments/Oct-10-2026_04-41-54/HG_Rec_best.pth
2026-10-10 04:45:06,293 - INFO - Epoch 16/150 train_loss=2.1106677532196043
2026-10-10 04:45:06,330 - INFO - Best train loss=2.1106677532196043; saved /home/wlia0047/ar57/wenyu/GeneRec/results/stage3_T5Train/sidarm_ME_euclid_metriccone/ckpt/Amazon_2023_Instruments/Oct-10-2026_04-41-54/HG_Rec_best.pth
2026-10-10 04:45:17,939 - INFO - Epoch 17/150 train_loss=2.09151406288147
2026-10-10 04:45:17,976 - INFO - Best train loss=2.09151406288147; saved /home/wlia0047/ar57/wenyu/GeneRec/results/stage3_T5Train/sidarm_ME_euclid_metriccone/ckpt/Amazon_2023_Instruments/Oct-10-2026_04-41-54/HG_Rec_best.pth
2026-10-10 04:45:29,585 - INFO - Epoch 18/150 train_loss=2.0807402420043943
2026-10-10 04:45:29,622 - INFO - Best train loss=2.0807402420043943; saved /home/wlia0047/ar57/wenyu/GeneRec/results/stage3_T5Train/sidarm_ME_euclid_metriccone/ckpt/Amazon_2023_Instruments/Oct-10-2026_04-41-54/HG_Rec_best.pth
2026-10-10 04:45:41,230 - INFO - Epoch 19/150 train_loss=2.067431240081787
2026-10-10 04:45:41,266 - INFO - Best train loss=2.067431240081787; saved /home/wlia0047/ar57/wenyu/GeneRec/results/stage3_T5Train/sidarm_ME_euclid_metriccone/ckpt/Amazon_2023_Instruments/Oct-10-2026_04-41-54/HG_Rec_best.pth
2026-10-10 04:45:52,873 - INFO - Epoch 20/150 train_loss=2.0557053565979
2026-10-10 04:45:52,910 - INFO - Best train loss=2.0557053565979; saved /home/wlia0047/ar57/wenyu/GeneRec/results/stage3_T5Train/sidarm_ME_euclid_metriccone/ckpt/Amazon_2023_Instruments/Oct-10-2026_04-41-54/HG_Rec_best.pth
2026-10-10 04:46:04,511 - INFO - Epoch 21/150 train_loss=2.0443328857421874
2026-10-10 04:46:04,548 - INFO - Best train loss=2.0443328857421874; saved /home/wlia0047/ar57/wenyu/GeneRec/results/stage3_T5Train/sidarm_ME_euclid_metriccone/ckpt/Amazon_2023_Instruments/Oct-10-2026_04-41-54/HG_Rec_best.pth
2026-10-10 04:46:16,153 - INFO - Epoch 22/150 train_loss=2.040610809326172
2026-10-10 04:46:16,188 - INFO - Best train loss=2.040610809326172; saved /home/wlia0047/ar57/wenyu/GeneRec/results/stage3_T5Train/sidarm_ME_euclid_metriccone/ckpt/Amazon_2023_Instruments/Oct-10-2026_04-41-54/HG_Rec_best.pth
2026-10-10 04:46:27,798 - INFO - Epoch 23/150 train_loss=2.0293190479278564
2026-10-10 04:46:27,834 - INFO - Best train loss=2.0293190479278564; saved /home/wlia0047/ar57/wenyu/GeneRec/results/stage3_T5Train/sidarm_ME_euclid_metriccone/ckpt/Amazon_2023_Instruments/Oct-10-2026_04-41-54/HG_Rec_best.pth
2026-10-10 04:46:39,439 - INFO - Epoch 24/150 train_loss=2.0258590984344482
2026-10-10 04:46:39,475 - INFO - Best train loss=2.0258590984344482; saved /home/wlia0047/ar57/wenyu/GeneRec/results/stage3_T5Train/sidarm_ME_euclid_metriccone/ckpt/Amazon_2023_Instruments/Oct-10-2026_04-41-54/HG_Rec_best.pth
2026-10-10 04:46:51,081 - INFO - Epoch 25/150 train_loss=2.0187389087677
2026-10-10 04:46:51,122 - INFO - Best train loss=2.0187389087677; saved /home/wlia0047/ar57/wenyu/GeneRec/results/stage3_T5Train/sidarm_ME_euclid_metriccone/ckpt/Amazon_2023_Instruments/Oct-10-2026_04-41-54/HG_Rec_best.pth
2026-10-10 04:47:02,727 - INFO - Epoch 26/150 train_loss=2.0120019149780273
2026-10-10 04:47:02,780 - INFO - Best train loss=2.0120019149780273; saved /home/wlia0047/ar57/wenyu/GeneRec/results/stage3_T5Train/sidarm_ME_euclid_metriccone/ckpt/Amazon_2023_Instruments/Oct-10-2026_04-41-54/HG_Rec_best.pth
2026-10-10 04:47:14,385 - INFO - Epoch 27/150 train_loss=2.0090411472320557
2026-10-10 04:47:14,422 - INFO - Best train loss=2.0090411472320557; saved /home/wlia0047/ar57/wenyu/GeneRec/results/stage3_T5Train/sidarm_ME_euclid_metriccone/ckpt/Amazon_2023_Instruments/Oct-10-2026_04-41-54/HG_Rec_best.pth
2026-10-10 04:47:26,027 - INFO - Epoch 28/150 train_loss=2.0021952962875367
2026-10-10 04:47:26,062 - INFO - Best train loss=2.0021952962875367; saved /home/wlia0047/ar57/wenyu/GeneRec/results/stage3_T5Train/sidarm_ME_euclid_metriccone/ckpt/Amazon_2023_Instruments/Oct-10-2026_04-41-54/HG_Rec_best.pth
2026-10-10 04:47:37,676 - INFO - Epoch 29/150 train_loss=1.9979523086547852
2026-10-10 04:47:37,711 - INFO - Best train loss=1.9979523086547852; saved /home/wlia0047/ar57/wenyu/GeneRec/results/stage3_T5Train/sidarm_ME_euclid_metriccone/ckpt/Amazon_2023_Instruments/Oct-10-2026_04-41-54/HG_Rec_best.pth
2026-10-10 04:47:49,320 - INFO - Epoch 30/150 train_loss=1.9958718824386597
2026-10-10 04:47:49,356 - INFO - Best train loss=1.9958718824386597; saved /home/wlia0047/ar57/wenyu/GeneRec/results/stage3_T5Train/sidarm_ME_euclid_metriccone/ckpt/Amazon_2023_Instruments/Oct-10-2026_04-41-54/HG_Rec_best.pth
2026-10-10 04:48:00,961 - INFO - Epoch 31/150 train_loss=1.993398699760437
2026-10-10 04:48:00,998 - INFO - Best train loss=1.993398699760437; saved /home/wlia0047/ar57/wenyu/GeneRec/results/stage3_T5Train/sidarm_ME_euclid_metriccone/ckpt/Amazon_2023_Instruments/Oct-10-2026_04-41-54/HG_Rec_best.pth
2026-10-10 04:48:12,605 - INFO - Epoch 32/150 train_loss=1.9885039377212523
2026-10-10 04:48:12,640 - INFO - Best train loss=1.9885039377212523; saved /home/wlia0047/ar57/wenyu/GeneRec/results/stage3_T5Train/sidarm_ME_euclid_metriccone/ckpt/Amazon_2023_Instruments/Oct-10-2026_04-41-54/HG_Rec_best.pth
2026-10-10 04:48:24,244 - INFO - Epoch 33/150 train_loss=1.982308840751648
2026-10-10 04:48:24,280 - INFO - Best train loss=1.982308840751648; saved /home/wlia0047/ar57/wenyu/GeneRec/results/stage3_T5Train/sidarm_ME_euclid_metriccone/ckpt/Amazon_2023_Instruments/Oct-10-2026_04-41-54/HG_Rec_best.pth
2026-10-10 04:48:35,890 - INFO - Epoch 34/150 train_loss=1.981446852684021
2026-10-10 04:48:35,926 - INFO - Best train loss=1.981446852684021; saved /home/wlia0047/ar57/wenyu/GeneRec/results/stage3_T5Train/sidarm_ME_euclid_metriccone/ckpt/Amazon_2023_Instruments/Oct-10-2026_04-41-54/HG_Rec_best.pth
2026-10-10 04:48:47,527 - INFO - Epoch 35/150 train_loss=1.9770161628723144
2026-10-10 04:48:47,564 - INFO - Best train loss=1.9770161628723144; saved /home/wlia0047/ar57/wenyu/GeneRec/results/stage3_T5Train/sidarm_ME_euclid_metriccone/ckpt/Amazon_2023_Instruments/Oct-10-2026_04-41-54/HG_Rec_best.pth
2026-10-10 04:48:59,173 - INFO - Epoch 36/150 train_loss=1.9756625652313233
2026-10-10 04:48:59,209 - INFO - Best train loss=1.9756625652313233; saved /home/wlia0047/ar57/wenyu/GeneRec/results/stage3_T5Train/sidarm_ME_euclid_metriccone/ckpt/Amazon_2023_Instruments/Oct-10-2026_04-41-54/HG_Rec_best.pth
2026-10-10 04:49:10,813 - INFO - Epoch 37/150 train_loss=1.9707928609848022
2026-10-10 04:49:10,848 - INFO - Best train loss=1.9707928609848022; saved /home/wlia0047/ar57/wenyu/GeneRec/results/stage3_T5Train/sidarm_ME_euclid_metriccone/ckpt/Amazon_2023_Instruments/Oct-10-2026_04-41-54/HG_Rec_best.pth
2026-10-10 04:49:22,994 - INFO - Epoch 38/150 train_loss=1.9687839937210083
2026-10-10 04:49:23,030 - INFO - Best train loss=1.9687839937210083; saved /home/wlia0047/ar57/wenyu/GeneRec/results/stage3_T5Train/sidarm_ME_euclid_metriccone/ckpt/Amazon_2023_Instruments/Oct-10-2026_04-41-54/HG_Rec_best.pth
2026-10-10 04:49:34,661 - INFO - Epoch 39/150 train_loss=1.965870976448059
2026-10-10 04:49:34,697 - INFO - Best train loss=1.965870976448059; saved /home/wlia0047/ar57/wenyu/GeneRec/results/stage3_T5Train/sidarm_ME_euclid_metriccone/ckpt/Amazon_2023_Instruments/Oct-10-2026_04-41-54/HG_Rec_best.pth
2026-10-10 04:49:46,300 - INFO - Epoch 40/150 train_loss=1.9632608127593993
2026-10-10 04:49:46,335 - INFO - Best train loss=1.9632608127593993; saved /home/wlia0047/ar57/wenyu/GeneRec/results/stage3_T5Train/sidarm_ME_euclid_metriccone/ckpt/Amazon_2023_Instruments/Oct-10-2026_04-41-54/HG_Rec_best.pth
2026-10-10 04:49:58,136 - INFO - Epoch 41/150 train_loss=1.9617745304107665
2026-10-10 04:49:58,171 - INFO - Best train loss=1.9617745304107665; saved /home/wlia0047/ar57/wenyu/GeneRec/results/stage3_T5Train/sidarm_ME_euclid_metriccone/ckpt/Amazon_2023_Instruments/Oct-10-2026_04-41-54/HG_Rec_best.pth
2026-10-10 04:50:09,776 - INFO - Epoch 42/150 train_loss=1.9595342254638672
2026-10-10 04:50:09,811 - INFO - Best train loss=1.9595342254638672; saved /home/wlia0047/ar57/wenyu/GeneRec/results/stage3_T5Train/sidarm_ME_euclid_metriccone/ckpt/Amazon_2023_Instruments/Oct-10-2026_04-41-54/HG_Rec_best.pth
2026-10-10 04:50:21,418 - INFO - Epoch 43/150 train_loss=1.9541493129730225
2026-10-10 04:50:21,454 - INFO - Best train loss=1.9541493129730225; saved /home/wlia0047/ar57/wenyu/GeneRec/results/stage3_T5Train/sidarm_ME_euclid_metriccone/ckpt/Amazon_2023_Instruments/Oct-10-2026_04-41-54/HG_Rec_best.pth
2026-10-10 04:50:33,059 - INFO - Epoch 44/150 train_loss=1.9542677354812623
2026-10-10 04:50:44,699 - INFO - Epoch 45/150 train_loss=1.9521000719070434
2026-10-10 04:50:44,736 - INFO - Best train loss=1.9521000719070434; saved /home/wlia0047/ar57/wenyu/GeneRec/results/stage3_T5Train/sidarm_ME_euclid_metriccone/ckpt/Amazon_2023_Instruments/Oct-10-2026_04-41-54/HG_Rec_best.pth
2026-10-10 04:50:56,337 - INFO - Epoch 46/150 train_loss=1.9501086711883544
2026-10-10 04:50:56,374 - INFO - Best train loss=1.9501086711883544; saved /home/wlia0047/ar57/wenyu/GeneRec/results/stage3_T5Train/sidarm_ME_euclid_metriccone/ckpt/Amazon_2023_Instruments/Oct-10-2026_04-41-54/HG_Rec_best.pth
2026-10-10 04:51:07,977 - INFO - Epoch 47/150 train_loss=1.9493857717514038
2026-10-10 04:51:08,013 - INFO - Best train loss=1.9493857717514038; saved /home/wlia0047/ar57/wenyu/GeneRec/results/stage3_T5Train/sidarm_ME_euclid_metriccone/ckpt/Amazon_2023_Instruments/Oct-10-2026_04-41-54/HG_Rec_best.pth
2026-10-10 04:51:19,620 - INFO - Epoch 48/150 train_loss=1.9454929304122925
2026-10-10 04:51:19,658 - INFO - Best train loss=1.9454929304122925; saved /home/wlia0047/ar57/wenyu/GeneRec/results/stage3_T5Train/sidarm_ME_euclid_metriccone/ckpt/Amazon_2023_Instruments/Oct-10-2026_04-41-54/HG_Rec_best.pth
2026-10-10 04:51:31,264 - INFO - Epoch 49/150 train_loss=1.9429524230957032
2026-10-10 04:51:31,300 - INFO - Best train loss=1.9429524230957032; saved /home/wlia0047/ar57/wenyu/GeneRec/results/stage3_T5Train/sidarm_ME_euclid_metriccone/ckpt/Amazon_2023_Instruments/Oct-10-2026_04-41-54/HG_Rec_best.pth
2026-10-10 04:51:42,904 - INFO - Epoch 50/150 train_loss=1.9425793123245239
2026-10-10 04:51:42,941 - INFO - Best train loss=1.9425793123245239; saved /home/wlia0047/ar57/wenyu/GeneRec/results/stage3_T5Train/sidarm_ME_euclid_metriccone/ckpt/Amazon_2023_Instruments/Oct-10-2026_04-41-54/HG_Rec_best.pth
2026-10-10 04:51:55,062 - INFO - Epoch 51/150 train_loss=1.9406049680709838
2026-10-10 04:51:55,124 - INFO - Best train loss=1.9406049680709838; saved /home/wlia0047/ar57/wenyu/GeneRec/results/stage3_T5Train/sidarm_ME_euclid_metriccone/ckpt/Amazon_2023_Instruments/Oct-10-2026_04-41-54/HG_Rec_best.pth
2026-10-10 04:52:09,462 - INFO - Epoch 52/150 train_loss=1.941872296333313
2026-10-10 04:52:21,501 - INFO - Epoch 53/150 train_loss=1.9374987173080445
2026-10-10 04:52:21,751 - INFO - Best train loss=1.9374987173080445; saved /home/wlia0047/ar57/wenyu/GeneRec/results/stage3_T5Train/sidarm_ME_euclid_metriccone/ckpt/Amazon_2023_Instruments/Oct-10-2026_04-41-54/HG_Rec_best.pth
2026-10-10 04:52:33,352 - INFO - Epoch 54/150 train_loss=1.9345949602127075
2026-10-10 04:52:33,387 - INFO - Best train loss=1.9345949602127075; saved /home/wlia0047/ar57/wenyu/GeneRec/results/stage3_T5Train/sidarm_ME_euclid_metriccone/ckpt/Amazon_2023_Instruments/Oct-10-2026_04-41-54/HG_Rec_best.pth
2026-10-10 04:52:44,987 - INFO - Epoch 55/150 train_loss=1.9362820816040038
2026-10-10 04:52:56,589 - INFO - Epoch 56/150 train_loss=1.933257179260254
2026-10-10 04:52:56,626 - INFO - Best train loss=1.933257179260254; saved /home/wlia0047/ar57/wenyu/GeneRec/results/stage3_T5Train/sidarm_ME_euclid_metriccone/ckpt/Amazon_2023_Instruments/Oct-10-2026_04-41-54/HG_Rec_best.pth
2026-10-10 04:53:08,233 - INFO - Epoch 57/150 train_loss=1.9298035717010498
2026-10-10 04:53:08,270 - INFO - Best train loss=1.9298035717010498; saved /home/wlia0047/ar57/wenyu/GeneRec/results/stage3_T5Train/sidarm_ME_euclid_metriccone/ckpt/Amazon_2023_Instruments/Oct-10-2026_04-41-54/HG_Rec_best.pth
2026-10-10 04:53:19,872 - INFO - Epoch 58/150 train_loss=1.929096245765686
2026-10-10 04:53:19,912 - INFO - Best train loss=1.929096245765686; saved /home/wlia0047/ar57/wenyu/GeneRec/results/stage3_T5Train/sidarm_ME_euclid_metriccone/ckpt/Amazon_2023_Instruments/Oct-10-2026_04-41-54/HG_Rec_best.pth
2026-10-10 04:53:31,516 - INFO - Epoch 59/150 train_loss=1.9255123043060303
2026-10-10 04:53:31,552 - INFO - Best train loss=1.9255123043060303; saved /home/wlia0047/ar57/wenyu/GeneRec/results/stage3_T5Train/sidarm_ME_euclid_metriccone/ckpt/Amazon_2023_Instruments/Oct-10-2026_04-41-54/HG_Rec_best.pth
2026-10-10 04:53:43,158 - INFO - Epoch 60/150 train_loss=1.925042805671692
2026-10-10 04:53:43,195 - INFO - Best train loss=1.925042805671692; saved /home/wlia0047/ar57/wenyu/GeneRec/results/stage3_T5Train/sidarm_ME_euclid_metriccone/ckpt/Amazon_2023_Instruments/Oct-10-2026_04-41-54/HG_Rec_best.pth
2026-10-10 04:53:54,795 - INFO - Epoch 61/150 train_loss=1.9241279888153076
2026-10-10 04:53:54,831 - INFO - Best train loss=1.9241279888153076; saved /home/wlia0047/ar57/wenyu/GeneRec/results/stage3_T5Train/sidarm_ME_euclid_metriccone/ckpt/Amazon_2023_Instruments/Oct-10-2026_04-41-54/HG_Rec_best.pth
2026-10-10 04:54:06,434 - INFO - Epoch 62/150 train_loss=1.9203504943847656
2026-10-10 04:54:06,473 - INFO - Best train loss=1.9203504943847656; saved /home/wlia0047/ar57/wenyu/GeneRec/results/stage3_T5Train/sidarm_ME_euclid_metriccone/ckpt/Amazon_2023_Instruments/Oct-10-2026_04-41-54/HG_Rec_best.pth
2026-10-10 04:54:18,079 - INFO - Epoch 63/150 train_loss=1.9214174127578736
2026-10-10 04:54:29,686 - INFO - Epoch 64/150 train_loss=1.9198910284042359
2026-10-10 04:54:29,726 - INFO - Best train loss=1.9198910284042359; saved /home/wlia0047/ar57/wenyu/GeneRec/results/stage3_T5Train/sidarm_ME_euclid_metriccone/ckpt/Amazon_2023_Instruments/Oct-10-2026_04-41-54/HG_Rec_best.pth
2026-10-10 04:54:41,332 - INFO - Epoch 65/150 train_loss=1.9189180660247802
2026-10-10 04:54:41,367 - INFO - Best train loss=1.9189180660247802; saved /home/wlia0047/ar57/wenyu/GeneRec/results/stage3_T5Train/sidarm_ME_euclid_metriccone/ckpt/Amazon_2023_Instruments/Oct-10-2026_04-41-54/HG_Rec_best.pth
2026-10-10 04:54:52,979 - INFO - Epoch 66/150 train_loss=1.9181632471084595
2026-10-10 04:54:53,017 - INFO - Best train loss=1.9181632471084595; saved /home/wlia0047/ar57/wenyu/GeneRec/results/stage3_T5Train/sidarm_ME_euclid_metriccone/ckpt/Amazon_2023_Instruments/Oct-10-2026_04-41-54/HG_Rec_best.pth
2026-10-10 04:55:04,623 - INFO - Epoch 67/150 train_loss=1.913860650062561
2026-10-10 04:55:04,659 - INFO - Best train loss=1.913860650062561; saved /home/wlia0047/ar57/wenyu/GeneRec/results/stage3_T5Train/sidarm_ME_euclid_metriccone/ckpt/Amazon_2023_Instruments/Oct-10-2026_04-41-54/HG_Rec_best.pth
2026-10-10 04:55:16,260 - INFO - Epoch 68/150 train_loss=1.9154656314849854
2026-10-10 04:55:27,858 - INFO - Epoch 69/150 train_loss=1.9160158443450928
2026-10-10 04:55:39,472 - INFO - Epoch 70/150 train_loss=1.9119898557662964
2026-10-10 04:55:39,504 - INFO - Best train loss=1.9119898557662964; saved /home/wlia0047/ar57/wenyu/GeneRec/results/stage3_T5Train/sidarm_ME_euclid_metriccone/ckpt/Amazon_2023_Instruments/Oct-10-2026_04-41-54/HG_Rec_best.pth
2026-10-10 04:55:51,203 - INFO - Epoch 71/150 train_loss=1.9115210056304932
2026-10-10 04:55:51,238 - INFO - Best train loss=1.9115210056304932; saved /home/wlia0047/ar57/wenyu/GeneRec/results/stage3_T5Train/sidarm_ME_euclid_metriccone/ckpt/Amazon_2023_Instruments/Oct-10-2026_04-41-54/HG_Rec_best.pth
2026-10-10 04:56:02,841 - INFO - Epoch 72/150 train_loss=1.9096556138992309
2026-10-10 04:56:02,877 - INFO - Best train loss=1.9096556138992309; saved /home/wlia0047/ar57/wenyu/GeneRec/results/stage3_T5Train/sidarm_ME_euclid_metriccone/ckpt/Amazon_2023_Instruments/Oct-10-2026_04-41-54/HG_Rec_best.pth
2026-10-10 04:56:14,483 - INFO - Epoch 73/150 train_loss=1.9049071311950683
2026-10-10 04:56:14,519 - INFO - Best train loss=1.9049071311950683; saved /home/wlia0047/ar57/wenyu/GeneRec/results/stage3_T5Train/sidarm_ME_euclid_metriccone/ckpt/Amazon_2023_Instruments/Oct-10-2026_04-41-54/HG_Rec_best.pth
2026-10-10 04:56:26,118 - INFO - Epoch 74/150 train_loss=1.907639546394348
2026-10-10 04:56:37,727 - INFO - Epoch 75/150 train_loss=1.9055222082138061
2026-10-10 04:56:49,330 - INFO - Epoch 76/150 train_loss=1.9041752910614014
2026-10-10 04:56:49,376 - INFO - Best train loss=1.9041752910614014; saved /home/wlia0047/ar57/wenyu/GeneRec/results/stage3_T5Train/sidarm_ME_euclid_metriccone/ckpt/Amazon_2023_Instruments/Oct-10-2026_04-41-54/HG_Rec_best.pth
2026-10-10 04:57:00,976 - INFO - Epoch 77/150 train_loss=1.9012804412841797
2026-10-10 04:57:01,011 - INFO - Best train loss=1.9012804412841797; saved /home/wlia0047/ar57/wenyu/GeneRec/results/stage3_T5Train/sidarm_ME_euclid_metriccone/ckpt/Amazon_2023_Instruments/Oct-10-2026_04-41-54/HG_Rec_best.pth
2026-10-10 04:57:13,019 - INFO - Epoch 78/150 train_loss=1.901090178489685
2026-10-10 04:57:13,116 - INFO - Best train loss=1.901090178489685; saved /home/wlia0047/ar57/wenyu/GeneRec/results/stage3_T5Train/sidarm_ME_euclid_metriccone/ckpt/Amazon_2023_Instruments/Oct-10-2026_04-41-54/HG_Rec_best.pth
2026-10-10 04:57:24,724 - INFO - Epoch 79/150 train_loss=1.9018950033187867
2026-10-10 04:57:36,355 - INFO - Epoch 80/150 train_loss=1.9000338792800904
2026-10-10 04:57:36,400 - INFO - Best train loss=1.9000338792800904; saved /home/wlia0047/ar57/wenyu/GeneRec/results/stage3_T5Train/sidarm_ME_euclid_metriccone/ckpt/Amazon_2023_Instruments/Oct-10-2026_04-41-54/HG_Rec_best.pth
2026-10-10 04:57:48,005 - INFO - Epoch 81/150 train_loss=1.899324984550476
2026-10-10 04:57:48,041 - INFO - Best train loss=1.899324984550476; saved /home/wlia0047/ar57/wenyu/GeneRec/results/stage3_T5Train/sidarm_ME_euclid_metriccone/ckpt/Amazon_2023_Instruments/Oct-10-2026_04-41-54/HG_Rec_best.pth
2026-10-10 04:57:59,645 - INFO - Epoch 82/150 train_loss=1.895197901725769
2026-10-10 04:57:59,680 - INFO - Best train loss=1.895197901725769; saved /home/wlia0047/ar57/wenyu/GeneRec/results/stage3_T5Train/sidarm_ME_euclid_metriccone/ckpt/Amazon_2023_Instruments/Oct-10-2026_04-41-54/HG_Rec_best.pth
2026-10-10 04:58:11,285 - INFO - Epoch 83/150 train_loss=1.8976886415481566
2026-10-10 04:58:22,887 - INFO - Epoch 84/150 train_loss=1.894797534942627
2026-10-10 04:58:22,935 - INFO - Best train loss=1.894797534942627; saved /home/wlia0047/ar57/wenyu/GeneRec/results/stage3_T5Train/sidarm_ME_euclid_metriccone/ckpt/Amazon_2023_Instruments/Oct-10-2026_04-41-54/HG_Rec_best.pth
2026-10-10 04:58:34,543 - INFO - Epoch 85/150 train_loss=1.8948185682296752
2026-10-10 04:58:46,146 - INFO - Epoch 86/150 train_loss=1.892693510055542
2026-10-10 04:58:46,186 - INFO - Best train loss=1.892693510055542; saved /home/wlia0047/ar57/wenyu/GeneRec/results/stage3_T5Train/sidarm_ME_euclid_metriccone/ckpt/Amazon_2023_Instruments/Oct-10-2026_04-41-54/HG_Rec_best.pth
2026-10-10 04:58:57,792 - INFO - Epoch 87/150 train_loss=1.8937472915649414
2026-10-10 04:59:09,396 - INFO - Epoch 88/150 train_loss=1.8914697456359864
2026-10-10 04:59:09,439 - INFO - Best train loss=1.8914697456359864; saved /home/wlia0047/ar57/wenyu/GeneRec/results/stage3_T5Train/sidarm_ME_euclid_metriccone/ckpt/Amazon_2023_Instruments/Oct-10-2026_04-41-54/HG_Rec_best.pth
2026-10-10 04:59:21,043 - INFO - Epoch 89/150 train_loss=1.8905714702606202
2026-10-10 04:59:21,994 - INFO - Best train loss=1.8905714702606202; saved /home/wlia0047/ar57/wenyu/GeneRec/results/stage3_T5Train/sidarm_ME_euclid_metriccone/ckpt/Amazon_2023_Instruments/Oct-10-2026_04-41-54/HG_Rec_best.pth
2026-10-10 04:59:33,601 - INFO - Epoch 90/150 train_loss=1.887830104827881
2026-10-10 04:59:33,637 - INFO - Best train loss=1.887830104827881; saved /home/wlia0047/ar57/wenyu/GeneRec/results/stage3_T5Train/sidarm_ME_euclid_metriccone/ckpt/Amazon_2023_Instruments/Oct-10-2026_04-41-54/HG_Rec_best.pth
2026-10-10 04:59:45,275 - INFO - Epoch 91/150 train_loss=1.8878678226470946
2026-10-10 04:59:56,908 - INFO - Epoch 92/150 train_loss=1.888150043487549
2026-10-10 05:00:08,520 - INFO - Epoch 93/150 train_loss=1.8850706100463868
2026-10-10 05:00:08,563 - INFO - Best train loss=1.8850706100463868; saved /home/wlia0047/ar57/wenyu/GeneRec/results/stage3_T5Train/sidarm_ME_euclid_metriccone/ckpt/Amazon_2023_Instruments/Oct-10-2026_04-41-54/HG_Rec_best.pth
2026-10-10 05:00:20,171 - INFO - Epoch 94/150 train_loss=1.8881995582580566
2026-10-10 05:00:31,776 - INFO - Epoch 95/150 train_loss=1.8834355401992797
2026-10-10 05:00:31,820 - INFO - Best train loss=1.8834355401992797; saved /home/wlia0047/ar57/wenyu/GeneRec/results/stage3_T5Train/sidarm_ME_euclid_metriccone/ckpt/Amazon_2023_Instruments/Oct-10-2026_04-41-54/HG_Rec_best.pth
2026-10-10 05:00:43,443 - INFO - Epoch 96/150 train_loss=1.8836677885055542
2026-10-10 05:00:55,626 - INFO - Epoch 97/150 train_loss=1.882530460357666
2026-10-10 05:00:55,660 - INFO - Best train loss=1.882530460357666; saved /home/wlia0047/ar57/wenyu/GeneRec/results/stage3_T5Train/sidarm_ME_euclid_metriccone/ckpt/Amazon_2023_Instruments/Oct-10-2026_04-41-54/HG_Rec_best.pth
2026-10-10 05:01:07,268 - INFO - Epoch 98/150 train_loss=1.881792016029358
2026-10-10 05:01:07,329 - INFO - Best train loss=1.881792016029358; saved /home/wlia0047/ar57/wenyu/GeneRec/results/stage3_T5Train/sidarm_ME_euclid_metriccone/ckpt/Amazon_2023_Instruments/Oct-10-2026_04-41-54/HG_Rec_best.pth
2026-10-10 05:01:18,974 - INFO - Epoch 99/150 train_loss=1.8802020025253297
2026-10-10 05:01:19,012 - INFO - Best train loss=1.8802020025253297; saved /home/wlia0047/ar57/wenyu/GeneRec/results/stage3_T5Train/sidarm_ME_euclid_metriccone/ckpt/Amazon_2023_Instruments/Oct-10-2026_04-41-54/HG_Rec_best.pth
2026-10-10 05:01:32,189 - INFO - Epoch 100/150 train_loss=1.8779027462005615
2026-10-10 05:01:32,225 - INFO - Best train loss=1.8779027462005615; saved /home/wlia0047/ar57/wenyu/GeneRec/results/stage3_T5Train/sidarm_ME_euclid_metriccone/ckpt/Amazon_2023_Instruments/Oct-10-2026_04-41-54/HG_Rec_best.pth
2026-10-10 05:01:43,831 - INFO - Epoch 101/150 train_loss=1.8783495330810547
2026-10-10 05:01:55,969 - INFO - Epoch 102/150 train_loss=1.8795926237106324
2026-10-10 05:02:07,578 - INFO - Epoch 103/150 train_loss=1.876664295196533
2026-10-10 05:02:07,615 - INFO - Best train loss=1.876664295196533; saved /home/wlia0047/ar57/wenyu/GeneRec/results/stage3_T5Train/sidarm_ME_euclid_metriccone/ckpt/Amazon_2023_Instruments/Oct-10-2026_04-41-54/HG_Rec_best.pth
2026-10-10 05:02:19,220 - INFO - Epoch 104/150 train_loss=1.8748761796951294
2026-10-10 05:02:19,257 - INFO - Best train loss=1.8748761796951294; saved /home/wlia0047/ar57/wenyu/GeneRec/results/stage3_T5Train/sidarm_ME_euclid_metriccone/ckpt/Amazon_2023_Instruments/Oct-10-2026_04-41-54/HG_Rec_best.pth
2026-10-10 05:02:30,860 - INFO - Epoch 105/150 train_loss=1.8758520889282226
2026-10-10 05:02:42,463 - INFO - Epoch 106/150 train_loss=1.8731144905090331
2026-10-10 05:02:42,508 - INFO - Best train loss=1.8731144905090331; saved /home/wlia0047/ar57/wenyu/GeneRec/results/stage3_T5Train/sidarm_ME_euclid_metriccone/ckpt/Amazon_2023_Instruments/Oct-10-2026_04-41-54/HG_Rec_best.pth
2026-10-10 05:02:54,115 - INFO - Epoch 107/150 train_loss=1.8745859622955323
2026-10-10 05:03:05,722 - INFO - Epoch 108/150 train_loss=1.8734035253524781
2026-10-10 05:03:17,326 - INFO - Epoch 109/150 train_loss=1.8706376647949219
2026-10-10 05:03:17,374 - INFO - Best train loss=1.8706376647949219; saved /home/wlia0047/ar57/wenyu/GeneRec/results/stage3_T5Train/sidarm_ME_euclid_metriccone/ckpt/Amazon_2023_Instruments/Oct-10-2026_04-41-54/HG_Rec_best.pth
2026-10-10 05:03:28,980 - INFO - Epoch 110/150 train_loss=1.8692464542388916
2026-10-10 05:03:29,015 - INFO - Best train loss=1.8692464542388916; saved /home/wlia0047/ar57/wenyu/GeneRec/results/stage3_T5Train/sidarm_ME_euclid_metriccone/ckpt/Amazon_2023_Instruments/Oct-10-2026_04-41-54/HG_Rec_best.pth
2026-10-10 05:03:40,619 - INFO - Epoch 111/150 train_loss=1.8702738189697266
2026-10-10 05:03:52,227 - INFO - Epoch 112/150 train_loss=1.8679129886627197
2026-10-10 05:03:52,262 - INFO - Best train loss=1.8679129886627197; saved /home/wlia0047/ar57/wenyu/GeneRec/results/stage3_T5Train/sidarm_ME_euclid_metriccone/ckpt/Amazon_2023_Instruments/Oct-10-2026_04-41-54/HG_Rec_best.pth
2026-10-10 05:04:04,954 - INFO - Epoch 113/150 train_loss=1.8691331958770752
2026-10-10 05:04:16,779 - INFO - Epoch 114/150 train_loss=1.8682994842529297
2026-10-10 05:04:28,390 - INFO - Epoch 115/150 train_loss=1.8684006118774414
2026-10-10 05:04:40,000 - INFO - Epoch 116/150 train_loss=1.8658923530578613
2026-10-10 05:04:40,169 - INFO - Best train loss=1.8658923530578613; saved /home/wlia0047/ar57/wenyu/GeneRec/results/stage3_T5Train/sidarm_ME_euclid_metriccone/ckpt/Amazon_2023_Instruments/Oct-10-2026_04-41-54/HG_Rec_best.pth
2026-10-10 05:04:51,782 - INFO - Epoch 117/150 train_loss=1.8656414890289306
2026-10-10 05:04:51,818 - INFO - Best train loss=1.8656414890289306; saved /home/wlia0047/ar57/wenyu/GeneRec/results/stage3_T5Train/sidarm_ME_euclid_metriccone/ckpt/Amazon_2023_Instruments/Oct-10-2026_04-41-54/HG_Rec_best.pth
2026-10-10 05:05:03,424 - INFO - Epoch 118/150 train_loss=1.862815637588501
2026-10-10 05:05:03,462 - INFO - Best train loss=1.862815637588501; saved /home/wlia0047/ar57/wenyu/GeneRec/results/stage3_T5Train/sidarm_ME_euclid_metriccone/ckpt/Amazon_2023_Instruments/Oct-10-2026_04-41-54/HG_Rec_best.pth
2026-10-10 05:05:15,062 - INFO - Epoch 119/150 train_loss=1.8632272148132325
2026-10-10 05:05:26,850 - INFO - Epoch 120/150 train_loss=1.8596242618560792
2026-10-10 05:05:26,885 - INFO - Best train loss=1.8596242618560792; saved /home/wlia0047/ar57/wenyu/GeneRec/results/stage3_T5Train/sidarm_ME_euclid_metriccone/ckpt/Amazon_2023_Instruments/Oct-10-2026_04-41-54/HG_Rec_best.pth
2026-10-10 05:05:38,487 - INFO - Epoch 121/150 train_loss=1.8610354375839233
2026-10-10 05:05:50,092 - INFO - Epoch 122/150 train_loss=1.85967182636261
2026-10-10 05:06:01,722 - INFO - Epoch 123/150 train_loss=1.858537483215332
2026-10-10 05:06:01,755 - INFO - Best train loss=1.858537483215332; saved /home/wlia0047/ar57/wenyu/GeneRec/results/stage3_T5Train/sidarm_ME_euclid_metriccone/ckpt/Amazon_2023_Instruments/Oct-10-2026_04-41-54/HG_Rec_best.pth
2026-10-10 05:06:13,352 - INFO - Epoch 124/150 train_loss=1.8590504360198974
2026-10-10 05:06:25,783 - INFO - Epoch 125/150 train_loss=1.8579718160629273
2026-10-10 05:06:25,819 - INFO - Best train loss=1.8579718160629273; saved /home/wlia0047/ar57/wenyu/GeneRec/results/stage3_T5Train/sidarm_ME_euclid_metriccone/ckpt/Amazon_2023_Instruments/Oct-10-2026_04-41-54/HG_Rec_best.pth
2026-10-10 05:06:37,429 - INFO - Epoch 126/150 train_loss=1.857761220932007
2026-10-10 05:06:37,465 - INFO - Best train loss=1.857761220932007; saved /home/wlia0047/ar57/wenyu/GeneRec/results/stage3_T5Train/sidarm_ME_euclid_metriccone/ckpt/Amazon_2023_Instruments/Oct-10-2026_04-41-54/HG_Rec_best.pth
2026-10-10 05:06:49,081 - INFO - Epoch 127/150 train_loss=1.8559135913848877
2026-10-10 05:06:49,116 - INFO - Best train loss=1.8559135913848877; saved /home/wlia0047/ar57/wenyu/GeneRec/results/stage3_T5Train/sidarm_ME_euclid_metriccone/ckpt/Amazon_2023_Instruments/Oct-10-2026_04-41-54/HG_Rec_best.pth
2026-10-10 05:07:00,719 - INFO - Epoch 128/150 train_loss=1.8577139377593994
2026-10-10 05:07:12,325 - INFO - Epoch 129/150 train_loss=1.855405526161194
2026-10-10 05:07:12,365 - INFO - Best train loss=1.855405526161194; saved /home/wlia0047/ar57/wenyu/GeneRec/results/stage3_T5Train/sidarm_ME_euclid_metriccone/ckpt/Amazon_2023_Instruments/Oct-10-2026_04-41-54/HG_Rec_best.pth
2026-10-10 05:07:23,966 - INFO - Epoch 130/150 train_loss=1.8556485652923584
2026-10-10 05:07:35,569 - INFO - Epoch 131/150 train_loss=1.8540111589431763
2026-10-10 05:07:35,614 - INFO - Best train loss=1.8540111589431763; saved /home/wlia0047/ar57/wenyu/GeneRec/results/stage3_T5Train/sidarm_ME_euclid_metriccone/ckpt/Amazon_2023_Instruments/Oct-10-2026_04-41-54/HG_Rec_best.pth
2026-10-10 05:07:47,218 - INFO - Epoch 132/150 train_loss=1.8534489059448243
2026-10-10 05:07:47,254 - INFO - Best train loss=1.8534489059448243; saved /home/wlia0047/ar57/wenyu/GeneRec/results/stage3_T5Train/sidarm_ME_euclid_metriccone/ckpt/Amazon_2023_Instruments/Oct-10-2026_04-41-54/HG_Rec_best.pth
2026-10-10 05:07:58,861 - INFO - Epoch 133/150 train_loss=1.8550724411010742
2026-10-10 05:08:10,468 - INFO - Epoch 134/150 train_loss=1.852273097038269
2026-10-10 05:08:10,507 - INFO - Best train loss=1.852273097038269; saved /home/wlia0047/ar57/wenyu/GeneRec/results/stage3_T5Train/sidarm_ME_euclid_metriccone/ckpt/Amazon_2023_Instruments/Oct-10-2026_04-41-54/HG_Rec_best.pth
2026-10-10 05:08:22,114 - INFO - Epoch 135/150 train_loss=1.8523886442184447
2026-10-10 05:08:33,723 - INFO - Epoch 136/150 train_loss=1.8531174993515014
2026-10-10 05:08:45,332 - INFO - Epoch 137/150 train_loss=1.8510662746429443
2026-10-10 05:08:45,368 - INFO - Best train loss=1.8510662746429443; saved /home/wlia0047/ar57/wenyu/GeneRec/results/stage3_T5Train/sidarm_ME_euclid_metriccone/ckpt/Amazon_2023_Instruments/Oct-10-2026_04-41-54/HG_Rec_best.pth
2026-10-10 05:08:57,021 - INFO - Epoch 138/150 train_loss=1.8500302934646606
2026-10-10 05:08:57,057 - INFO - Best train loss=1.8500302934646606; saved /home/wlia0047/ar57/wenyu/GeneRec/results/stage3_T5Train/sidarm_ME_euclid_metriccone/ckpt/Amazon_2023_Instruments/Oct-10-2026_04-41-54/HG_Rec_best.pth
2026-10-10 05:09:08,661 - INFO - Epoch 139/150 train_loss=1.8493894624710083
2026-10-10 05:09:08,697 - INFO - Best train loss=1.8493894624710083; saved /home/wlia0047/ar57/wenyu/GeneRec/results/stage3_T5Train/sidarm_ME_euclid_metriccone/ckpt/Amazon_2023_Instruments/Oct-10-2026_04-41-54/HG_Rec_best.pth
2026-10-10 05:09:20,297 - INFO - Epoch 140/150 train_loss=1.8486571598052979
2026-10-10 05:09:20,334 - INFO - Best train loss=1.8486571598052979; saved /home/wlia0047/ar57/wenyu/GeneRec/results/stage3_T5Train/sidarm_ME_euclid_metriccone/ckpt/Amazon_2023_Instruments/Oct-10-2026_04-41-54/HG_Rec_best.pth
2026-10-10 05:09:31,935 - INFO - Epoch 141/150 train_loss=1.8509664630889893
2026-10-10 05:09:43,546 - INFO - Epoch 142/150 train_loss=1.849991455078125
2026-10-10 05:09:55,276 - INFO - Epoch 143/150 train_loss=1.847337975502014
2026-10-10 05:09:55,322 - INFO - Best train loss=1.847337975502014; saved /home/wlia0047/ar57/wenyu/GeneRec/results/stage3_T5Train/sidarm_ME_euclid_metriccone/ckpt/Amazon_2023_Instruments/Oct-10-2026_04-41-54/HG_Rec_best.pth
2026-10-10 05:10:06,927 - INFO - Epoch 144/150 train_loss=1.8469335985183717
2026-10-10 05:10:06,963 - INFO - Best train loss=1.8469335985183717; saved /home/wlia0047/ar57/wenyu/GeneRec/results/stage3_T5Train/sidarm_ME_euclid_metriccone/ckpt/Amazon_2023_Instruments/Oct-10-2026_04-41-54/HG_Rec_best.pth
2026-10-10 05:10:18,571 - INFO - Epoch 145/150 train_loss=1.8464512968063354
2026-10-10 05:10:18,606 - INFO - Best train loss=1.8464512968063354; saved /home/wlia0047/ar57/wenyu/GeneRec/results/stage3_T5Train/sidarm_ME_euclid_metriccone/ckpt/Amazon_2023_Instruments/Oct-10-2026_04-41-54/HG_Rec_best.pth
2026-10-10 05:10:30,214 - INFO - Epoch 146/150 train_loss=1.8472144651412963
2026-10-10 05:10:41,816 - INFO - Epoch 147/150 train_loss=1.8435657548904418
2026-10-10 05:10:41,859 - INFO - Best train loss=1.8435657548904418; saved /home/wlia0047/ar57/wenyu/GeneRec/results/stage3_T5Train/sidarm_ME_euclid_metriccone/ckpt/Amazon_2023_Instruments/Oct-10-2026_04-41-54/HG_Rec_best.pth
2026-10-10 05:10:53,466 - INFO - Epoch 148/150 train_loss=1.845004949569702
2026-10-10 05:11:05,125 - INFO - Epoch 149/150 train_loss=1.8430073833465577
2026-10-10 05:11:05,186 - INFO - Best train loss=1.8430073833465577; saved /home/wlia0047/ar57/wenyu/GeneRec/results/stage3_T5Train/sidarm_ME_euclid_metriccone/ckpt/Amazon_2023_Instruments/Oct-10-2026_04-41-54/HG_Rec_best.pth
2026-10-10 05:11:16,790 - INFO - Epoch 150/150 train_loss=1.8431919622421264
2026-10-10 05:13:27,393 - INFO - Test={'best_checkpoint': '/home/wlia0047/ar57/wenyu/GeneRec/results/stage3_T5Train/sidarm_ME_euclid_metriccone/ckpt/Amazon_2023_Instruments/Oct-10-2026_04-41-54/HG_Rec_best.pth', 'n_eval': 57439, 'test_recall@5': 0.0221974616549731, 'test_recall@10': 0.03219067184317276, 'test_ndcg@5': 0.014427166646205742, 'test_ndcg@10': 0.017654854187119418}
