2026-10-02 00:04:39,452 - INFO - Configuration: {'batch_size': 4096, 'infer_size': 1024, 'num_epochs': 150, 'eval_interval': 5, 'eval_start_epoch': 75, 'early_eval_epochs': (25, 50, 75, 100, 125), 'fast': True, 'bf16': True, 'use_lr_scheduler': True, 'lr_warmup_pct': 0.1, 'lr_min_factor': 0.2, 'compile': False, 'compile_mode': 'default', 'num_layers': 4, 'num_decoder_layers': 4, 'd_model': 128, 'd_ff': 1024, 'num_heads': 6, 'd_kv': 64, 'dropout_rate': 0.1, 'activation_function': 'relu', 'feed_forward_proj': 'relu', 'device': 'cuda', 'lr': 0.003, 'weight_decay': 0.05, 'vocab_size': 777, 'eos_token_id': 776, 'pad_token_id': 0, 'n_user_tokens': 1, 'max_len': 20, 'dataset_name': 'Amazon_2023_Instruments', 'dataset_path': '/home/wlia0047/ar57/wenyu/GeneRec/results/stage0_build_parquet/', 'codebook_size': [256, 256, 256, 1], 'code_path': '/fs04/ar57/wenyu/GeneRec/results/stage2_RQ-VAE/curvature_RQ-VAE/item_sids.json', 'train_file': 'train.parquet', 'valid_file': 'valid.parquet', 'test_file': 'test.parquet', 'log_path': '/fs04/ar57/wenyu/GeneRec/results/stage3_T5Train/curvature_RQ-VAE/logs/', 'save_path': '/fs04/ar57/wenyu/GeneRec/results/stage3_T5Train/curvature_RQ-VAE/ckpt/', 'seed': 42, 'topk_list': [5, 10], 'beam_size': 20, 'no_eval': True, 'skip_test': False, 'screen_baseline_log': '', 'screen_start_epoch': 40, 'screen_window': 5, 'screen_min_ndcg_gain': 0.001, 'screen_min_recall_gain': 0.001, 'num_workers': 4, 'prefetch_factor': 8, 'exclude_history': True, 'no_exclude_history': False, 'pin_memory': True, 'no_pin_memory': False, 'sid_length': 4, 'max_token_seq_len': 82, 'decoder_start_token_id': 0}
2026-10-02 00:04:39,504 - INFO - #Embedding parameters: 99456
#Non-embedding parameters: 4459648
#Total trainable parameters: 4559104

2026-10-02 00:04:52,929 - INFO - Epoch 1/150 train_loss=4.7386781692504885
2026-10-02 00:04:53,008 - INFO - Best train loss=4.7386781692504885; saved /fs04/ar57/wenyu/GeneRec/results/stage3_T5Train/curvature_RQ-VAE/ckpt/Amazon_2023_Instruments/Oct-02-2026_00-04-39/HG_Rec_best.pth
2026-10-02 00:05:04,644 - INFO - Epoch 2/150 train_loss=4.109703311920166
2026-10-02 00:05:04,682 - INFO - Best train loss=4.109703311920166; saved /fs04/ar57/wenyu/GeneRec/results/stage3_T5Train/curvature_RQ-VAE/ckpt/Amazon_2023_Instruments/Oct-02-2026_00-04-39/HG_Rec_best.pth
2026-10-02 00:05:16,302 - INFO - Epoch 3/150 train_loss=3.9191272163391115
2026-10-02 00:05:16,339 - INFO - Best train loss=3.9191272163391115; saved /fs04/ar57/wenyu/GeneRec/results/stage3_T5Train/curvature_RQ-VAE/ckpt/Amazon_2023_Instruments/Oct-02-2026_00-04-39/HG_Rec_best.pth
2026-10-02 00:05:27,952 - INFO - Epoch 4/150 train_loss=3.7588422393798826
2026-10-02 00:05:27,992 - INFO - Best train loss=3.7588422393798826; saved /fs04/ar57/wenyu/GeneRec/results/stage3_T5Train/curvature_RQ-VAE/ckpt/Amazon_2023_Instruments/Oct-02-2026_00-04-39/HG_Rec_best.pth
2026-10-02 00:05:39,604 - INFO - Epoch 5/150 train_loss=3.626419849395752
2026-10-02 00:05:39,640 - INFO - Best train loss=3.626419849395752; saved /fs04/ar57/wenyu/GeneRec/results/stage3_T5Train/curvature_RQ-VAE/ckpt/Amazon_2023_Instruments/Oct-02-2026_00-04-39/HG_Rec_best.pth
2026-10-02 00:05:51,255 - INFO - Epoch 6/150 train_loss=3.5438653373718263
2026-10-02 00:05:51,292 - INFO - Best train loss=3.5438653373718263; saved /fs04/ar57/wenyu/GeneRec/results/stage3_T5Train/curvature_RQ-VAE/ckpt/Amazon_2023_Instruments/Oct-02-2026_00-04-39/HG_Rec_best.pth
2026-10-02 00:06:02,901 - INFO - Epoch 7/150 train_loss=3.3853480339050295
2026-10-02 00:06:02,938 - INFO - Best train loss=3.3853480339050295; saved /fs04/ar57/wenyu/GeneRec/results/stage3_T5Train/curvature_RQ-VAE/ckpt/Amazon_2023_Instruments/Oct-02-2026_00-04-39/HG_Rec_best.pth
2026-10-02 00:06:14,544 - INFO - Epoch 8/150 train_loss=3.2629946517944335
2026-10-02 00:06:14,580 - INFO - Best train loss=3.2629946517944335; saved /fs04/ar57/wenyu/GeneRec/results/stage3_T5Train/curvature_RQ-VAE/ckpt/Amazon_2023_Instruments/Oct-02-2026_00-04-39/HG_Rec_best.pth
2026-10-02 00:06:26,185 - INFO - Epoch 9/150 train_loss=3.1502606678009033
2026-10-02 00:06:26,223 - INFO - Best train loss=3.1502606678009033; saved /fs04/ar57/wenyu/GeneRec/results/stage3_T5Train/curvature_RQ-VAE/ckpt/Amazon_2023_Instruments/Oct-02-2026_00-04-39/HG_Rec_best.pth
2026-10-02 00:06:37,833 - INFO - Epoch 10/150 train_loss=3.055818490982056
2026-10-02 00:06:37,870 - INFO - Best train loss=3.055818490982056; saved /fs04/ar57/wenyu/GeneRec/results/stage3_T5Train/curvature_RQ-VAE/ckpt/Amazon_2023_Instruments/Oct-02-2026_00-04-39/HG_Rec_best.pth
2026-10-02 00:06:49,481 - INFO - Epoch 11/150 train_loss=2.9760036182403566
2026-10-02 00:06:49,517 - INFO - Best train loss=2.9760036182403566; saved /fs04/ar57/wenyu/GeneRec/results/stage3_T5Train/curvature_RQ-VAE/ckpt/Amazon_2023_Instruments/Oct-02-2026_00-04-39/HG_Rec_best.pth
2026-10-02 00:07:01,131 - INFO - Epoch 12/150 train_loss=2.9130554389953613
2026-10-02 00:07:01,168 - INFO - Best train loss=2.9130554389953613; saved /fs04/ar57/wenyu/GeneRec/results/stage3_T5Train/curvature_RQ-VAE/ckpt/Amazon_2023_Instruments/Oct-02-2026_00-04-39/HG_Rec_best.pth
2026-10-02 00:07:12,774 - INFO - Epoch 13/150 train_loss=2.8486179733276367
2026-10-02 00:07:12,811 - INFO - Best train loss=2.8486179733276367; saved /fs04/ar57/wenyu/GeneRec/results/stage3_T5Train/curvature_RQ-VAE/ckpt/Amazon_2023_Instruments/Oct-02-2026_00-04-39/HG_Rec_best.pth
2026-10-02 00:07:24,433 - INFO - Epoch 14/150 train_loss=2.7999503326416018
2026-10-02 00:07:24,471 - INFO - Best train loss=2.7999503326416018; saved /fs04/ar57/wenyu/GeneRec/results/stage3_T5Train/curvature_RQ-VAE/ckpt/Amazon_2023_Instruments/Oct-02-2026_00-04-39/HG_Rec_best.pth
2026-10-02 00:07:36,091 - INFO - Epoch 15/150 train_loss=2.7570485782623293
2026-10-02 00:07:36,126 - INFO - Best train loss=2.7570485782623293; saved /fs04/ar57/wenyu/GeneRec/results/stage3_T5Train/curvature_RQ-VAE/ckpt/Amazon_2023_Instruments/Oct-02-2026_00-04-39/HG_Rec_best.pth
2026-10-02 00:07:47,745 - INFO - Epoch 16/150 train_loss=2.7052135276794433
2026-10-02 00:07:47,783 - INFO - Best train loss=2.7052135276794433; saved /fs04/ar57/wenyu/GeneRec/results/stage3_T5Train/curvature_RQ-VAE/ckpt/Amazon_2023_Instruments/Oct-02-2026_00-04-39/HG_Rec_best.pth
2026-10-02 00:07:59,394 - INFO - Epoch 17/150 train_loss=3.8382928276062014
2026-10-02 00:08:11,548 - INFO - Epoch 18/150 train_loss=3.558897466659546
2026-10-02 00:08:23,151 - INFO - Epoch 19/150 train_loss=3.485184144973755
2026-10-02 00:08:34,770 - INFO - Epoch 20/150 train_loss=3.422604131698608
2026-10-02 00:08:46,381 - INFO - Epoch 21/150 train_loss=3.367075719833374
2026-10-02 00:08:57,998 - INFO - Epoch 22/150 train_loss=3.31860107421875
2026-10-02 00:09:09,610 - INFO - Epoch 23/150 train_loss=3.271692600250244
2026-10-02 00:09:21,228 - INFO - Epoch 24/150 train_loss=3.2176280498504637
2026-10-02 00:09:32,840 - INFO - Epoch 25/150 train_loss=3.1540016174316405
2026-10-02 00:09:44,461 - INFO - Epoch 26/150 train_loss=3.1213250160217285
2026-10-02 00:09:56,072 - INFO - Epoch 27/150 train_loss=3.077046346664429
2026-10-02 00:10:07,686 - INFO - Epoch 28/150 train_loss=3.031189451217651
2026-10-02 00:10:19,297 - INFO - Epoch 29/150 train_loss=2.984392137527466
2026-10-02 00:10:30,918 - INFO - Epoch 30/150 train_loss=2.9340445518493654
2026-10-02 00:10:42,530 - INFO - Epoch 31/150 train_loss=2.887669143676758
2026-10-02 00:10:54,148 - INFO - Epoch 32/150 train_loss=2.8429086685180662
2026-10-02 00:11:05,773 - INFO - Epoch 33/150 train_loss=2.7965505790710448
2026-10-02 00:11:17,392 - INFO - Epoch 34/150 train_loss=2.7716183471679687
2026-10-02 00:11:29,002 - INFO - Epoch 35/150 train_loss=2.7330699729919434
2026-10-02 00:11:40,615 - INFO - Epoch 36/150 train_loss=2.689622373580933
2026-10-02 00:11:40,654 - INFO - Best train loss=2.689622373580933; saved /fs04/ar57/wenyu/GeneRec/results/stage3_T5Train/curvature_RQ-VAE/ckpt/Amazon_2023_Instruments/Oct-02-2026_00-04-39/HG_Rec_best.pth
2026-10-02 00:11:52,264 - INFO - Epoch 37/150 train_loss=2.650265483856201
2026-10-02 00:11:52,299 - INFO - Best train loss=2.650265483856201; saved /fs04/ar57/wenyu/GeneRec/results/stage3_T5Train/curvature_RQ-VAE/ckpt/Amazon_2023_Instruments/Oct-02-2026_00-04-39/HG_Rec_best.pth
2026-10-02 00:12:03,912 - INFO - Epoch 38/150 train_loss=2.6202140140533445
2026-10-02 00:12:03,948 - INFO - Best train loss=2.6202140140533445; saved /fs04/ar57/wenyu/GeneRec/results/stage3_T5Train/curvature_RQ-VAE/ckpt/Amazon_2023_Instruments/Oct-02-2026_00-04-39/HG_Rec_best.pth
2026-10-02 00:12:15,564 - INFO - Epoch 39/150 train_loss=2.594821643829346
2026-10-02 00:12:15,600 - INFO - Best train loss=2.594821643829346; saved /fs04/ar57/wenyu/GeneRec/results/stage3_T5Train/curvature_RQ-VAE/ckpt/Amazon_2023_Instruments/Oct-02-2026_00-04-39/HG_Rec_best.pth
2026-10-02 00:12:27,213 - INFO - Epoch 40/150 train_loss=2.566998996734619
2026-10-02 00:12:27,249 - INFO - Best train loss=2.566998996734619; saved /fs04/ar57/wenyu/GeneRec/results/stage3_T5Train/curvature_RQ-VAE/ckpt/Amazon_2023_Instruments/Oct-02-2026_00-04-39/HG_Rec_best.pth
2026-10-02 00:12:38,857 - INFO - Epoch 41/150 train_loss=2.5414894008636475
2026-10-02 00:12:38,893 - INFO - Best train loss=2.5414894008636475; saved /fs04/ar57/wenyu/GeneRec/results/stage3_T5Train/curvature_RQ-VAE/ckpt/Amazon_2023_Instruments/Oct-02-2026_00-04-39/HG_Rec_best.pth
2026-10-02 00:12:50,504 - INFO - Epoch 42/150 train_loss=2.5142967319488525
2026-10-02 00:12:50,541 - INFO - Best train loss=2.5142967319488525; saved /fs04/ar57/wenyu/GeneRec/results/stage3_T5Train/curvature_RQ-VAE/ckpt/Amazon_2023_Instruments/Oct-02-2026_00-04-39/HG_Rec_best.pth
2026-10-02 00:13:02,164 - INFO - Epoch 43/150 train_loss=2.489881887435913
2026-10-02 00:13:02,199 - INFO - Best train loss=2.489881887435913; saved /fs04/ar57/wenyu/GeneRec/results/stage3_T5Train/curvature_RQ-VAE/ckpt/Amazon_2023_Instruments/Oct-02-2026_00-04-39/HG_Rec_best.pth
2026-10-02 00:13:13,811 - INFO - Epoch 44/150 train_loss=2.4672041606903075
2026-10-02 00:13:13,845 - INFO - Best train loss=2.4672041606903075; saved /fs04/ar57/wenyu/GeneRec/results/stage3_T5Train/curvature_RQ-VAE/ckpt/Amazon_2023_Instruments/Oct-02-2026_00-04-39/HG_Rec_best.pth
2026-10-02 00:13:25,447 - INFO - Epoch 45/150 train_loss=2.4517815780639647
2026-10-02 00:13:25,485 - INFO - Best train loss=2.4517815780639647; saved /fs04/ar57/wenyu/GeneRec/results/stage3_T5Train/curvature_RQ-VAE/ckpt/Amazon_2023_Instruments/Oct-02-2026_00-04-39/HG_Rec_best.pth
2026-10-02 00:13:37,099 - INFO - Epoch 46/150 train_loss=2.4291705322265624
2026-10-02 00:13:37,134 - INFO - Best train loss=2.4291705322265624; saved /fs04/ar57/wenyu/GeneRec/results/stage3_T5Train/curvature_RQ-VAE/ckpt/Amazon_2023_Instruments/Oct-02-2026_00-04-39/HG_Rec_best.pth
2026-10-02 00:13:48,750 - INFO - Epoch 47/150 train_loss=2.41198447227478
2026-10-02 00:13:48,788 - INFO - Best train loss=2.41198447227478; saved /fs04/ar57/wenyu/GeneRec/results/stage3_T5Train/curvature_RQ-VAE/ckpt/Amazon_2023_Instruments/Oct-02-2026_00-04-39/HG_Rec_best.pth
2026-10-02 00:14:00,403 - INFO - Epoch 48/150 train_loss=2.395356273651123
2026-10-02 00:14:00,440 - INFO - Best train loss=2.395356273651123; saved /fs04/ar57/wenyu/GeneRec/results/stage3_T5Train/curvature_RQ-VAE/ckpt/Amazon_2023_Instruments/Oct-02-2026_00-04-39/HG_Rec_best.pth
2026-10-02 00:14:12,052 - INFO - Epoch 49/150 train_loss=2.37679048538208
2026-10-02 00:14:12,088 - INFO - Best train loss=2.37679048538208; saved /fs04/ar57/wenyu/GeneRec/results/stage3_T5Train/curvature_RQ-VAE/ckpt/Amazon_2023_Instruments/Oct-02-2026_00-04-39/HG_Rec_best.pth
2026-10-02 00:14:23,766 - INFO - Epoch 50/150 train_loss=2.3652068901062013
2026-10-02 00:14:23,860 - INFO - Best train loss=2.3652068901062013; saved /fs04/ar57/wenyu/GeneRec/results/stage3_T5Train/curvature_RQ-VAE/ckpt/Amazon_2023_Instruments/Oct-02-2026_00-04-39/HG_Rec_best.pth
2026-10-02 00:14:35,466 - INFO - Epoch 51/150 train_loss=2.349897985458374
2026-10-02 00:14:35,503 - INFO - Best train loss=2.349897985458374; saved /fs04/ar57/wenyu/GeneRec/results/stage3_T5Train/curvature_RQ-VAE/ckpt/Amazon_2023_Instruments/Oct-02-2026_00-04-39/HG_Rec_best.pth
2026-10-02 00:14:47,106 - INFO - Epoch 52/150 train_loss=2.342765350341797
2026-10-02 00:14:47,140 - INFO - Best train loss=2.342765350341797; saved /fs04/ar57/wenyu/GeneRec/results/stage3_T5Train/curvature_RQ-VAE/ckpt/Amazon_2023_Instruments/Oct-02-2026_00-04-39/HG_Rec_best.pth
2026-10-02 00:14:58,932 - INFO - Epoch 53/150 train_loss=2.32814022064209
2026-10-02 00:14:58,979 - INFO - Best train loss=2.32814022064209; saved /fs04/ar57/wenyu/GeneRec/results/stage3_T5Train/curvature_RQ-VAE/ckpt/Amazon_2023_Instruments/Oct-02-2026_00-04-39/HG_Rec_best.pth
2026-10-02 00:15:10,592 - INFO - Epoch 54/150 train_loss=2.312262325286865
2026-10-02 00:15:10,633 - INFO - Best train loss=2.312262325286865; saved /fs04/ar57/wenyu/GeneRec/results/stage3_T5Train/curvature_RQ-VAE/ckpt/Amazon_2023_Instruments/Oct-02-2026_00-04-39/HG_Rec_best.pth
2026-10-02 00:15:23,538 - INFO - Epoch 55/150 train_loss=2.3059406089782715
2026-10-02 00:15:23,651 - INFO - Best train loss=2.3059406089782715; saved /fs04/ar57/wenyu/GeneRec/results/stage3_T5Train/curvature_RQ-VAE/ckpt/Amazon_2023_Instruments/Oct-02-2026_00-04-39/HG_Rec_best.pth
2026-10-02 00:15:35,277 - INFO - Epoch 56/150 train_loss=2.2946549224853516
2026-10-02 00:15:35,315 - INFO - Best train loss=2.2946549224853516; saved /fs04/ar57/wenyu/GeneRec/results/stage3_T5Train/curvature_RQ-VAE/ckpt/Amazon_2023_Instruments/Oct-02-2026_00-04-39/HG_Rec_best.pth
2026-10-02 00:15:46,920 - INFO - Epoch 57/150 train_loss=2.2820050430297854
2026-10-02 00:15:46,956 - INFO - Best train loss=2.2820050430297854; saved /fs04/ar57/wenyu/GeneRec/results/stage3_T5Train/curvature_RQ-VAE/ckpt/Amazon_2023_Instruments/Oct-02-2026_00-04-39/HG_Rec_best.pth
2026-10-02 00:15:58,562 - INFO - Epoch 58/150 train_loss=2.2664762210845946
2026-10-02 00:15:58,597 - INFO - Best train loss=2.2664762210845946; saved /fs04/ar57/wenyu/GeneRec/results/stage3_T5Train/curvature_RQ-VAE/ckpt/Amazon_2023_Instruments/Oct-02-2026_00-04-39/HG_Rec_best.pth
2026-10-02 00:16:10,213 - INFO - Epoch 59/150 train_loss=2.2559962368011472
2026-10-02 00:16:10,251 - INFO - Best train loss=2.2559962368011472; saved /fs04/ar57/wenyu/GeneRec/results/stage3_T5Train/curvature_RQ-VAE/ckpt/Amazon_2023_Instruments/Oct-02-2026_00-04-39/HG_Rec_best.pth
2026-10-02 00:16:21,857 - INFO - Epoch 60/150 train_loss=2.247652473449707
2026-10-02 00:16:21,893 - INFO - Best train loss=2.247652473449707; saved /fs04/ar57/wenyu/GeneRec/results/stage3_T5Train/curvature_RQ-VAE/ckpt/Amazon_2023_Instruments/Oct-02-2026_00-04-39/HG_Rec_best.pth
2026-10-02 00:16:33,497 - INFO - Epoch 61/150 train_loss=2.2378329277038573
2026-10-02 00:16:33,537 - INFO - Best train loss=2.2378329277038573; saved /fs04/ar57/wenyu/GeneRec/results/stage3_T5Train/curvature_RQ-VAE/ckpt/Amazon_2023_Instruments/Oct-02-2026_00-04-39/HG_Rec_best.pth
2026-10-02 00:16:45,151 - INFO - Epoch 62/150 train_loss=2.230698223114014
2026-10-02 00:16:45,186 - INFO - Best train loss=2.230698223114014; saved /fs04/ar57/wenyu/GeneRec/results/stage3_T5Train/curvature_RQ-VAE/ckpt/Amazon_2023_Instruments/Oct-02-2026_00-04-39/HG_Rec_best.pth
2026-10-02 00:16:56,797 - INFO - Epoch 63/150 train_loss=2.2227353763580324
2026-10-02 00:16:56,833 - INFO - Best train loss=2.2227353763580324; saved /fs04/ar57/wenyu/GeneRec/results/stage3_T5Train/curvature_RQ-VAE/ckpt/Amazon_2023_Instruments/Oct-02-2026_00-04-39/HG_Rec_best.pth
2026-10-02 00:17:08,440 - INFO - Epoch 64/150 train_loss=2.2131832122802733
2026-10-02 00:17:08,478 - INFO - Best train loss=2.2131832122802733; saved /fs04/ar57/wenyu/GeneRec/results/stage3_T5Train/curvature_RQ-VAE/ckpt/Amazon_2023_Instruments/Oct-02-2026_00-04-39/HG_Rec_best.pth
2026-10-02 00:17:20,086 - INFO - Epoch 65/150 train_loss=2.205917224884033
2026-10-02 00:17:20,125 - INFO - Best train loss=2.205917224884033; saved /fs04/ar57/wenyu/GeneRec/results/stage3_T5Train/curvature_RQ-VAE/ckpt/Amazon_2023_Instruments/Oct-02-2026_00-04-39/HG_Rec_best.pth
2026-10-02 00:17:31,737 - INFO - Epoch 66/150 train_loss=2.1995620727539062
2026-10-02 00:17:31,774 - INFO - Best train loss=2.1995620727539062; saved /fs04/ar57/wenyu/GeneRec/results/stage3_T5Train/curvature_RQ-VAE/ckpt/Amazon_2023_Instruments/Oct-02-2026_00-04-39/HG_Rec_best.pth
2026-10-02 00:17:43,386 - INFO - Epoch 67/150 train_loss=2.190988664627075
2026-10-02 00:17:43,422 - INFO - Best train loss=2.190988664627075; saved /fs04/ar57/wenyu/GeneRec/results/stage3_T5Train/curvature_RQ-VAE/ckpt/Amazon_2023_Instruments/Oct-02-2026_00-04-39/HG_Rec_best.pth
2026-10-02 00:17:55,065 - INFO - Epoch 68/150 train_loss=2.185864906311035
2026-10-02 00:17:55,101 - INFO - Best train loss=2.185864906311035; saved /fs04/ar57/wenyu/GeneRec/results/stage3_T5Train/curvature_RQ-VAE/ckpt/Amazon_2023_Instruments/Oct-02-2026_00-04-39/HG_Rec_best.pth
2026-10-02 00:18:06,713 - INFO - Epoch 69/150 train_loss=2.184054145812988
2026-10-02 00:18:06,753 - INFO - Best train loss=2.184054145812988; saved /fs04/ar57/wenyu/GeneRec/results/stage3_T5Train/curvature_RQ-VAE/ckpt/Amazon_2023_Instruments/Oct-02-2026_00-04-39/HG_Rec_best.pth
2026-10-02 00:18:18,367 - INFO - Epoch 70/150 train_loss=2.174014768600464
2026-10-02 00:18:18,405 - INFO - Best train loss=2.174014768600464; saved /fs04/ar57/wenyu/GeneRec/results/stage3_T5Train/curvature_RQ-VAE/ckpt/Amazon_2023_Instruments/Oct-02-2026_00-04-39/HG_Rec_best.pth
2026-10-02 00:18:30,016 - INFO - Epoch 71/150 train_loss=2.169978675842285
2026-10-02 00:18:30,051 - INFO - Best train loss=2.169978675842285; saved /fs04/ar57/wenyu/GeneRec/results/stage3_T5Train/curvature_RQ-VAE/ckpt/Amazon_2023_Instruments/Oct-02-2026_00-04-39/HG_Rec_best.pth
2026-10-02 00:18:41,657 - INFO - Epoch 72/150 train_loss=2.16410493850708
2026-10-02 00:18:41,693 - INFO - Best train loss=2.16410493850708; saved /fs04/ar57/wenyu/GeneRec/results/stage3_T5Train/curvature_RQ-VAE/ckpt/Amazon_2023_Instruments/Oct-02-2026_00-04-39/HG_Rec_best.pth
2026-10-02 00:18:53,296 - INFO - Epoch 73/150 train_loss=2.151909866333008
2026-10-02 00:18:53,360 - INFO - Best train loss=2.151909866333008; saved /fs04/ar57/wenyu/GeneRec/results/stage3_T5Train/curvature_RQ-VAE/ckpt/Amazon_2023_Instruments/Oct-02-2026_00-04-39/HG_Rec_best.pth
2026-10-02 00:19:04,984 - INFO - Epoch 74/150 train_loss=2.153002347946167
2026-10-02 00:19:16,591 - INFO - Epoch 75/150 train_loss=2.1473542213439942
2026-10-02 00:19:16,638 - INFO - Best train loss=2.1473542213439942; saved /fs04/ar57/wenyu/GeneRec/results/stage3_T5Train/curvature_RQ-VAE/ckpt/Amazon_2023_Instruments/Oct-02-2026_00-04-39/HG_Rec_best.pth
2026-10-02 00:19:28,254 - INFO - Epoch 76/150 train_loss=2.1417403411865235
2026-10-02 00:19:28,291 - INFO - Best train loss=2.1417403411865235; saved /fs04/ar57/wenyu/GeneRec/results/stage3_T5Train/curvature_RQ-VAE/ckpt/Amazon_2023_Instruments/Oct-02-2026_00-04-39/HG_Rec_best.pth
2026-10-02 00:19:39,912 - INFO - Epoch 77/150 train_loss=2.1324606418609617
2026-10-02 00:19:39,948 - INFO - Best train loss=2.1324606418609617; saved /fs04/ar57/wenyu/GeneRec/results/stage3_T5Train/curvature_RQ-VAE/ckpt/Amazon_2023_Instruments/Oct-02-2026_00-04-39/HG_Rec_best.pth
2026-10-02 00:19:51,555 - INFO - Epoch 78/150 train_loss=2.13109055519104
2026-10-02 00:19:51,592 - INFO - Best train loss=2.13109055519104; saved /fs04/ar57/wenyu/GeneRec/results/stage3_T5Train/curvature_RQ-VAE/ckpt/Amazon_2023_Instruments/Oct-02-2026_00-04-39/HG_Rec_best.pth
2026-10-02 00:20:03,200 - INFO - Epoch 79/150 train_loss=2.1261322116851806
2026-10-02 00:20:03,236 - INFO - Best train loss=2.1261322116851806; saved /fs04/ar57/wenyu/GeneRec/results/stage3_T5Train/curvature_RQ-VAE/ckpt/Amazon_2023_Instruments/Oct-02-2026_00-04-39/HG_Rec_best.pth
2026-10-02 00:20:14,842 - INFO - Epoch 80/150 train_loss=2.1208592796325685
2026-10-02 00:20:15,488 - INFO - Best train loss=2.1208592796325685; saved /fs04/ar57/wenyu/GeneRec/results/stage3_T5Train/curvature_RQ-VAE/ckpt/Amazon_2023_Instruments/Oct-02-2026_00-04-39/HG_Rec_best.pth
2026-10-02 00:20:27,093 - INFO - Epoch 81/150 train_loss=2.117446918487549
2026-10-02 00:20:27,131 - INFO - Best train loss=2.117446918487549; saved /fs04/ar57/wenyu/GeneRec/results/stage3_T5Train/curvature_RQ-VAE/ckpt/Amazon_2023_Instruments/Oct-02-2026_00-04-39/HG_Rec_best.pth
2026-10-02 00:20:38,737 - INFO - Epoch 82/150 train_loss=2.108944282531738
2026-10-02 00:20:38,775 - INFO - Best train loss=2.108944282531738; saved /fs04/ar57/wenyu/GeneRec/results/stage3_T5Train/curvature_RQ-VAE/ckpt/Amazon_2023_Instruments/Oct-02-2026_00-04-39/HG_Rec_best.pth
2026-10-02 00:20:50,388 - INFO - Epoch 83/150 train_loss=2.1073765087127687
2026-10-02 00:20:50,423 - INFO - Best train loss=2.1073765087127687; saved /fs04/ar57/wenyu/GeneRec/results/stage3_T5Train/curvature_RQ-VAE/ckpt/Amazon_2023_Instruments/Oct-02-2026_00-04-39/HG_Rec_best.pth
2026-10-02 00:21:02,045 - INFO - Epoch 84/150 train_loss=2.0983816242218016
2026-10-02 00:21:02,084 - INFO - Best train loss=2.0983816242218016; saved /fs04/ar57/wenyu/GeneRec/results/stage3_T5Train/curvature_RQ-VAE/ckpt/Amazon_2023_Instruments/Oct-02-2026_00-04-39/HG_Rec_best.pth
2026-10-02 00:21:13,693 - INFO - Epoch 85/150 train_loss=2.094496669769287
2026-10-02 00:21:13,729 - INFO - Best train loss=2.094496669769287; saved /fs04/ar57/wenyu/GeneRec/results/stage3_T5Train/curvature_RQ-VAE/ckpt/Amazon_2023_Instruments/Oct-02-2026_00-04-39/HG_Rec_best.pth
2026-10-02 00:21:25,347 - INFO - Epoch 86/150 train_loss=2.090367383956909
2026-10-02 00:21:25,382 - INFO - Best train loss=2.090367383956909; saved /fs04/ar57/wenyu/GeneRec/results/stage3_T5Train/curvature_RQ-VAE/ckpt/Amazon_2023_Instruments/Oct-02-2026_00-04-39/HG_Rec_best.pth
2026-10-02 00:21:36,989 - INFO - Epoch 87/150 train_loss=2.0877192211151123
2026-10-02 00:21:37,025 - INFO - Best train loss=2.0877192211151123; saved /fs04/ar57/wenyu/GeneRec/results/stage3_T5Train/curvature_RQ-VAE/ckpt/Amazon_2023_Instruments/Oct-02-2026_00-04-39/HG_Rec_best.pth
2026-10-02 00:21:48,635 - INFO - Epoch 88/150 train_loss=2.08297155380249
2026-10-02 00:21:48,671 - INFO - Best train loss=2.08297155380249; saved /fs04/ar57/wenyu/GeneRec/results/stage3_T5Train/curvature_RQ-VAE/ckpt/Amazon_2023_Instruments/Oct-02-2026_00-04-39/HG_Rec_best.pth
2026-10-02 00:22:00,283 - INFO - Epoch 89/150 train_loss=2.080412063598633
2026-10-02 00:22:00,320 - INFO - Best train loss=2.080412063598633; saved /fs04/ar57/wenyu/GeneRec/results/stage3_T5Train/curvature_RQ-VAE/ckpt/Amazon_2023_Instruments/Oct-02-2026_00-04-39/HG_Rec_best.pth
2026-10-02 00:22:11,928 - INFO - Epoch 90/150 train_loss=2.0760121154785156
2026-10-02 00:22:11,964 - INFO - Best train loss=2.0760121154785156; saved /fs04/ar57/wenyu/GeneRec/results/stage3_T5Train/curvature_RQ-VAE/ckpt/Amazon_2023_Instruments/Oct-02-2026_00-04-39/HG_Rec_best.pth
2026-10-02 00:22:23,575 - INFO - Epoch 91/150 train_loss=2.0726492595672608
2026-10-02 00:22:23,611 - INFO - Best train loss=2.0726492595672608; saved /fs04/ar57/wenyu/GeneRec/results/stage3_T5Train/curvature_RQ-VAE/ckpt/Amazon_2023_Instruments/Oct-02-2026_00-04-39/HG_Rec_best.pth
2026-10-02 00:22:35,744 - INFO - Epoch 92/150 train_loss=2.069282865524292
2026-10-02 00:22:35,784 - INFO - Best train loss=2.069282865524292; saved /fs04/ar57/wenyu/GeneRec/results/stage3_T5Train/curvature_RQ-VAE/ckpt/Amazon_2023_Instruments/Oct-02-2026_00-04-39/HG_Rec_best.pth
2026-10-02 00:22:47,417 - INFO - Epoch 93/150 train_loss=2.064742364883423
2026-10-02 00:22:47,876 - INFO - Best train loss=2.064742364883423; saved /fs04/ar57/wenyu/GeneRec/results/stage3_T5Train/curvature_RQ-VAE/ckpt/Amazon_2023_Instruments/Oct-02-2026_00-04-39/HG_Rec_best.pth
2026-10-02 00:22:59,489 - INFO - Epoch 94/150 train_loss=2.0663858032226563
2026-10-02 00:23:11,098 - INFO - Epoch 95/150 train_loss=2.060219440460205
2026-10-02 00:23:11,143 - INFO - Best train loss=2.060219440460205; saved /fs04/ar57/wenyu/GeneRec/results/stage3_T5Train/curvature_RQ-VAE/ckpt/Amazon_2023_Instruments/Oct-02-2026_00-04-39/HG_Rec_best.pth
2026-10-02 00:23:22,751 - INFO - Epoch 96/150 train_loss=2.0570385360717776
2026-10-02 00:23:22,788 - INFO - Best train loss=2.0570385360717776; saved /fs04/ar57/wenyu/GeneRec/results/stage3_T5Train/curvature_RQ-VAE/ckpt/Amazon_2023_Instruments/Oct-02-2026_00-04-39/HG_Rec_best.pth
2026-10-02 00:23:34,399 - INFO - Epoch 97/150 train_loss=2.0524503898620607
2026-10-02 00:23:34,436 - INFO - Best train loss=2.0524503898620607; saved /fs04/ar57/wenyu/GeneRec/results/stage3_T5Train/curvature_RQ-VAE/ckpt/Amazon_2023_Instruments/Oct-02-2026_00-04-39/HG_Rec_best.pth
2026-10-02 00:23:46,270 - INFO - Epoch 98/150 train_loss=2.0499509143829346
2026-10-02 00:23:46,309 - INFO - Best train loss=2.0499509143829346; saved /fs04/ar57/wenyu/GeneRec/results/stage3_T5Train/curvature_RQ-VAE/ckpt/Amazon_2023_Instruments/Oct-02-2026_00-04-39/HG_Rec_best.pth
2026-10-02 00:23:57,923 - INFO - Epoch 99/150 train_loss=2.042851448059082
2026-10-02 00:23:57,961 - INFO - Best train loss=2.042851448059082; saved /fs04/ar57/wenyu/GeneRec/results/stage3_T5Train/curvature_RQ-VAE/ckpt/Amazon_2023_Instruments/Oct-02-2026_00-04-39/HG_Rec_best.pth
2026-10-02 00:24:09,571 - INFO - Epoch 100/150 train_loss=2.038698043823242
2026-10-02 00:24:09,608 - INFO - Best train loss=2.038698043823242; saved /fs04/ar57/wenyu/GeneRec/results/stage3_T5Train/curvature_RQ-VAE/ckpt/Amazon_2023_Instruments/Oct-02-2026_00-04-39/HG_Rec_best.pth
2026-10-02 00:24:21,219 - INFO - Epoch 101/150 train_loss=2.0341937351226806
2026-10-02 00:24:21,259 - INFO - Best train loss=2.0341937351226806; saved /fs04/ar57/wenyu/GeneRec/results/stage3_T5Train/curvature_RQ-VAE/ckpt/Amazon_2023_Instruments/Oct-02-2026_00-04-39/HG_Rec_best.pth
2026-10-02 00:24:32,872 - INFO - Epoch 102/150 train_loss=2.030619297027588
2026-10-02 00:24:32,957 - INFO - Best train loss=2.030619297027588; saved /fs04/ar57/wenyu/GeneRec/results/stage3_T5Train/curvature_RQ-VAE/ckpt/Amazon_2023_Instruments/Oct-02-2026_00-04-39/HG_Rec_best.pth
2026-10-02 00:24:44,569 - INFO - Epoch 103/150 train_loss=2.025692653656006
2026-10-02 00:24:44,606 - INFO - Best train loss=2.025692653656006; saved /fs04/ar57/wenyu/GeneRec/results/stage3_T5Train/curvature_RQ-VAE/ckpt/Amazon_2023_Instruments/Oct-02-2026_00-04-39/HG_Rec_best.pth
2026-10-02 00:24:56,218 - INFO - Epoch 104/150 train_loss=2.022105646133423
2026-10-02 00:24:56,255 - INFO - Best train loss=2.022105646133423; saved /fs04/ar57/wenyu/GeneRec/results/stage3_T5Train/curvature_RQ-VAE/ckpt/Amazon_2023_Instruments/Oct-02-2026_00-04-39/HG_Rec_best.pth
2026-10-02 00:25:07,860 - INFO - Epoch 105/150 train_loss=2.0211700630187988
2026-10-02 00:25:07,900 - INFO - Best train loss=2.0211700630187988; saved /fs04/ar57/wenyu/GeneRec/results/stage3_T5Train/curvature_RQ-VAE/ckpt/Amazon_2023_Instruments/Oct-02-2026_00-04-39/HG_Rec_best.pth
2026-10-02 00:25:19,507 - INFO - Epoch 106/150 train_loss=2.016696720123291
2026-10-02 00:25:19,542 - INFO - Best train loss=2.016696720123291; saved /fs04/ar57/wenyu/GeneRec/results/stage3_T5Train/curvature_RQ-VAE/ckpt/Amazon_2023_Instruments/Oct-02-2026_00-04-39/HG_Rec_best.pth
2026-10-02 00:25:31,153 - INFO - Epoch 107/150 train_loss=2.015409607887268
2026-10-02 00:25:31,194 - INFO - Best train loss=2.015409607887268; saved /fs04/ar57/wenyu/GeneRec/results/stage3_T5Train/curvature_RQ-VAE/ckpt/Amazon_2023_Instruments/Oct-02-2026_00-04-39/HG_Rec_best.pth
2026-10-02 00:25:42,802 - INFO - Epoch 108/150 train_loss=2.0135264587402344
2026-10-02 00:25:42,841 - INFO - Best train loss=2.0135264587402344; saved /fs04/ar57/wenyu/GeneRec/results/stage3_T5Train/curvature_RQ-VAE/ckpt/Amazon_2023_Instruments/Oct-02-2026_00-04-39/HG_Rec_best.pth
2026-10-02 00:25:54,451 - INFO - Epoch 109/150 train_loss=2.006210470199585
2026-10-02 00:25:54,487 - INFO - Best train loss=2.006210470199585; saved /fs04/ar57/wenyu/GeneRec/results/stage3_T5Train/curvature_RQ-VAE/ckpt/Amazon_2023_Instruments/Oct-02-2026_00-04-39/HG_Rec_best.pth
2026-10-02 00:26:06,097 - INFO - Epoch 110/150 train_loss=2.0078492403030395
2026-10-02 00:26:17,711 - INFO - Epoch 111/150 train_loss=2.0042107248306276
2026-10-02 00:26:17,751 - INFO - Best train loss=2.0042107248306276; saved /fs04/ar57/wenyu/GeneRec/results/stage3_T5Train/curvature_RQ-VAE/ckpt/Amazon_2023_Instruments/Oct-02-2026_00-04-39/HG_Rec_best.pth
2026-10-02 00:26:29,363 - INFO - Epoch 112/150 train_loss=2.0030989837646485
2026-10-02 00:26:29,400 - INFO - Best train loss=2.0030989837646485; saved /fs04/ar57/wenyu/GeneRec/results/stage3_T5Train/curvature_RQ-VAE/ckpt/Amazon_2023_Instruments/Oct-02-2026_00-04-39/HG_Rec_best.pth
2026-10-02 00:26:41,007 - INFO - Epoch 113/150 train_loss=1.9995424127578736
2026-10-02 00:26:41,045 - INFO - Best train loss=1.9995424127578736; saved /fs04/ar57/wenyu/GeneRec/results/stage3_T5Train/curvature_RQ-VAE/ckpt/Amazon_2023_Instruments/Oct-02-2026_00-04-39/HG_Rec_best.pth
2026-10-02 00:26:52,654 - INFO - Epoch 114/150 train_loss=1.9976092386245727
2026-10-02 00:26:52,691 - INFO - Best train loss=1.9976092386245727; saved /fs04/ar57/wenyu/GeneRec/results/stage3_T5Train/curvature_RQ-VAE/ckpt/Amazon_2023_Instruments/Oct-02-2026_00-04-39/HG_Rec_best.pth
2026-10-02 00:27:04,307 - INFO - Epoch 115/150 train_loss=1.9986498403549193
2026-10-02 00:27:15,919 - INFO - Epoch 116/150 train_loss=1.9953180599212645
2026-10-02 00:27:15,958 - INFO - Best train loss=1.9953180599212645; saved /fs04/ar57/wenyu/GeneRec/results/stage3_T5Train/curvature_RQ-VAE/ckpt/Amazon_2023_Instruments/Oct-02-2026_00-04-39/HG_Rec_best.pth
2026-10-02 00:27:30,252 - INFO - Epoch 117/150 train_loss=1.9941211366653442
2026-10-02 00:27:30,294 - INFO - Best train loss=1.9941211366653442; saved /fs04/ar57/wenyu/GeneRec/results/stage3_T5Train/curvature_RQ-VAE/ckpt/Amazon_2023_Instruments/Oct-02-2026_00-04-39/HG_Rec_best.pth
2026-10-02 00:27:41,938 - INFO - Epoch 118/150 train_loss=1.9890330410003663
2026-10-02 00:27:41,974 - INFO - Best train loss=1.9890330410003663; saved /fs04/ar57/wenyu/GeneRec/results/stage3_T5Train/curvature_RQ-VAE/ckpt/Amazon_2023_Instruments/Oct-02-2026_00-04-39/HG_Rec_best.pth
2026-10-02 00:27:53,585 - INFO - Epoch 119/150 train_loss=1.9874619340896607
2026-10-02 00:27:53,621 - INFO - Best train loss=1.9874619340896607; saved /fs04/ar57/wenyu/GeneRec/results/stage3_T5Train/curvature_RQ-VAE/ckpt/Amazon_2023_Instruments/Oct-02-2026_00-04-39/HG_Rec_best.pth
2026-10-02 00:28:05,229 - INFO - Epoch 120/150 train_loss=1.9848854541778564
2026-10-02 00:28:05,266 - INFO - Best train loss=1.9848854541778564; saved /fs04/ar57/wenyu/GeneRec/results/stage3_T5Train/curvature_RQ-VAE/ckpt/Amazon_2023_Instruments/Oct-02-2026_00-04-39/HG_Rec_best.pth
2026-10-02 00:28:16,875 - INFO - Epoch 121/150 train_loss=1.9823419046401978
2026-10-02 00:28:16,914 - INFO - Best train loss=1.9823419046401978; saved /fs04/ar57/wenyu/GeneRec/results/stage3_T5Train/curvature_RQ-VAE/ckpt/Amazon_2023_Instruments/Oct-02-2026_00-04-39/HG_Rec_best.pth
2026-10-02 00:28:28,523 - INFO - Epoch 122/150 train_loss=1.9817333698272706
2026-10-02 00:28:28,559 - INFO - Best train loss=1.9817333698272706; saved /fs04/ar57/wenyu/GeneRec/results/stage3_T5Train/curvature_RQ-VAE/ckpt/Amazon_2023_Instruments/Oct-02-2026_00-04-39/HG_Rec_best.pth
2026-10-02 00:28:40,168 - INFO - Epoch 123/150 train_loss=1.9805798530578613
2026-10-02 00:28:40,206 - INFO - Best train loss=1.9805798530578613; saved /fs04/ar57/wenyu/GeneRec/results/stage3_T5Train/curvature_RQ-VAE/ckpt/Amazon_2023_Instruments/Oct-02-2026_00-04-39/HG_Rec_best.pth
2026-10-02 00:28:51,818 - INFO - Epoch 124/150 train_loss=1.9775580549240113
2026-10-02 00:28:51,858 - INFO - Best train loss=1.9775580549240113; saved /fs04/ar57/wenyu/GeneRec/results/stage3_T5Train/curvature_RQ-VAE/ckpt/Amazon_2023_Instruments/Oct-02-2026_00-04-39/HG_Rec_best.pth
2026-10-02 00:29:03,469 - INFO - Epoch 125/150 train_loss=1.9781635189056397
2026-10-02 00:29:15,084 - INFO - Epoch 126/150 train_loss=1.9751821565628052
2026-10-02 00:29:15,120 - INFO - Best train loss=1.9751821565628052; saved /fs04/ar57/wenyu/GeneRec/results/stage3_T5Train/curvature_RQ-VAE/ckpt/Amazon_2023_Instruments/Oct-02-2026_00-04-39/HG_Rec_best.pth
2026-10-02 00:29:26,732 - INFO - Epoch 127/150 train_loss=1.9728460264205934
2026-10-02 00:29:26,771 - INFO - Best train loss=1.9728460264205934; saved /fs04/ar57/wenyu/GeneRec/results/stage3_T5Train/curvature_RQ-VAE/ckpt/Amazon_2023_Instruments/Oct-02-2026_00-04-39/HG_Rec_best.pth
2026-10-02 00:29:38,384 - INFO - Epoch 128/150 train_loss=1.9772076988220215
2026-10-02 00:29:49,995 - INFO - Epoch 129/150 train_loss=1.9710251235961913
2026-10-02 00:29:50,035 - INFO - Best train loss=1.9710251235961913; saved /fs04/ar57/wenyu/GeneRec/results/stage3_T5Train/curvature_RQ-VAE/ckpt/Amazon_2023_Instruments/Oct-02-2026_00-04-39/HG_Rec_best.pth
2026-10-02 00:30:01,644 - INFO - Epoch 130/150 train_loss=1.9719974279403687
2026-10-02 00:30:13,256 - INFO - Epoch 131/150 train_loss=1.9691166925430297
2026-10-02 00:30:13,292 - INFO - Best train loss=1.9691166925430297; saved /fs04/ar57/wenyu/GeneRec/results/stage3_T5Train/curvature_RQ-VAE/ckpt/Amazon_2023_Instruments/Oct-02-2026_00-04-39/HG_Rec_best.pth
2026-10-02 00:30:24,896 - INFO - Epoch 132/150 train_loss=1.9680272293090821
2026-10-02 00:30:24,934 - INFO - Best train loss=1.9680272293090821; saved /fs04/ar57/wenyu/GeneRec/results/stage3_T5Train/curvature_RQ-VAE/ckpt/Amazon_2023_Instruments/Oct-02-2026_00-04-39/HG_Rec_best.pth
2026-10-02 00:30:36,541 - INFO - Epoch 133/150 train_loss=1.9702305364608765
2026-10-02 00:30:48,153 - INFO - Epoch 134/150 train_loss=1.9651339960098266
2026-10-02 00:30:48,189 - INFO - Best train loss=1.9651339960098266; saved /fs04/ar57/wenyu/GeneRec/results/stage3_T5Train/curvature_RQ-VAE/ckpt/Amazon_2023_Instruments/Oct-02-2026_00-04-39/HG_Rec_best.pth
2026-10-02 00:30:59,797 - INFO - Epoch 135/150 train_loss=1.9645027112960816
2026-10-02 00:30:59,837 - INFO - Best train loss=1.9645027112960816; saved /fs04/ar57/wenyu/GeneRec/results/stage3_T5Train/curvature_RQ-VAE/ckpt/Amazon_2023_Instruments/Oct-02-2026_00-04-39/HG_Rec_best.pth
2026-10-02 00:31:11,449 - INFO - Epoch 136/150 train_loss=1.9648562145233155
2026-10-02 00:31:23,057 - INFO - Epoch 137/150 train_loss=1.9634778165817262
2026-10-02 00:31:23,103 - INFO - Best train loss=1.9634778165817262; saved /fs04/ar57/wenyu/GeneRec/results/stage3_T5Train/curvature_RQ-VAE/ckpt/Amazon_2023_Instruments/Oct-02-2026_00-04-39/HG_Rec_best.pth
2026-10-02 00:31:34,710 - INFO - Epoch 138/150 train_loss=1.9623604154586791
2026-10-02 00:31:34,746 - INFO - Best train loss=1.9623604154586791; saved /fs04/ar57/wenyu/GeneRec/results/stage3_T5Train/curvature_RQ-VAE/ckpt/Amazon_2023_Instruments/Oct-02-2026_00-04-39/HG_Rec_best.pth
2026-10-02 00:31:46,356 - INFO - Epoch 139/150 train_loss=1.9609963178634644
2026-10-02 00:31:46,392 - INFO - Best train loss=1.9609963178634644; saved /fs04/ar57/wenyu/GeneRec/results/stage3_T5Train/curvature_RQ-VAE/ckpt/Amazon_2023_Instruments/Oct-02-2026_00-04-39/HG_Rec_best.pth
2026-10-02 00:31:58,002 - INFO - Epoch 140/150 train_loss=1.9587919616699219
2026-10-02 00:31:58,038 - INFO - Best train loss=1.9587919616699219; saved /fs04/ar57/wenyu/GeneRec/results/stage3_T5Train/curvature_RQ-VAE/ckpt/Amazon_2023_Instruments/Oct-02-2026_00-04-39/HG_Rec_best.pth
2026-10-02 00:32:09,645 - INFO - Epoch 141/150 train_loss=1.96125216960907
2026-10-02 00:32:21,253 - INFO - Epoch 142/150 train_loss=1.9596163654327392
2026-10-02 00:32:32,874 - INFO - Epoch 143/150 train_loss=1.9555792665481568
2026-10-02 00:32:32,912 - INFO - Best train loss=1.9555792665481568; saved /fs04/ar57/wenyu/GeneRec/results/stage3_T5Train/curvature_RQ-VAE/ckpt/Amazon_2023_Instruments/Oct-02-2026_00-04-39/HG_Rec_best.pth
2026-10-02 00:32:44,523 - INFO - Epoch 144/150 train_loss=1.95489333152771
2026-10-02 00:32:44,559 - INFO - Best train loss=1.95489333152771; saved /fs04/ar57/wenyu/GeneRec/results/stage3_T5Train/curvature_RQ-VAE/ckpt/Amazon_2023_Instruments/Oct-02-2026_00-04-39/HG_Rec_best.pth
2026-10-02 00:32:56,167 - INFO - Epoch 145/150 train_loss=1.9561204862594606
2026-10-02 00:33:07,786 - INFO - Epoch 146/150 train_loss=1.9551107454299927
2026-10-02 00:33:19,399 - INFO - Epoch 147/150 train_loss=1.951133189201355
2026-10-02 00:33:19,439 - INFO - Best train loss=1.951133189201355; saved /fs04/ar57/wenyu/GeneRec/results/stage3_T5Train/curvature_RQ-VAE/ckpt/Amazon_2023_Instruments/Oct-02-2026_00-04-39/HG_Rec_best.pth
2026-10-02 00:33:31,088 - INFO - Epoch 148/150 train_loss=1.952310061454773
2026-10-02 00:33:42,720 - INFO - Epoch 149/150 train_loss=1.947804455757141
2026-10-02 00:33:42,756 - INFO - Best train loss=1.947804455757141; saved /fs04/ar57/wenyu/GeneRec/results/stage3_T5Train/curvature_RQ-VAE/ckpt/Amazon_2023_Instruments/Oct-02-2026_00-04-39/HG_Rec_best.pth
2026-10-02 00:33:54,360 - INFO - Epoch 150/150 train_loss=1.9483542108535767
2026-10-02 00:42:03,367 - INFO - Test={'best_checkpoint': '/fs04/ar57/wenyu/GeneRec/results/stage3_T5Train/curvature_RQ-VAE/ckpt/Amazon_2023_Instruments/Oct-02-2026_00-04-39/HG_Rec_best.pth', 'n_eval': 57439, 'test_recall@5': 0.02949215689688191, 'test_recall@10': 0.04509131426382771, 'test_ndcg@5': 0.019231994991891578, 'test_ndcg@10': 0.024266760370830476}
