W0929 02:47:51.338488 201700 /fs04/scratch2/ar57/wenyu/genrec_env_v2/lib/python3.9/site-packages/torch/distributed/run.py:774] 
W0929 02:47:51.338488 201700 /fs04/scratch2/ar57/wenyu/genrec_env_v2/lib/python3.9/site-packages/torch/distributed/run.py:774] *****************************************
W0929 02:47:51.338488 201700 /fs04/scratch2/ar57/wenyu/genrec_env_v2/lib/python3.9/site-packages/torch/distributed/run.py:774] Setting OMP_NUM_THREADS environment variable for each process to be 1 in default, to avoid your system being overloaded, please further tune the variable for optimal performance in your application as needed. 
W0929 02:47:51.338488 201700 /fs04/scratch2/ar57/wenyu/genrec_env_v2/lib/python3.9/site-packages/torch/distributed/run.py:774] *****************************************
[Iter48 A] cold_start=true max_global_steps=100000 batch_size_per_rank=1024 effective_item_batch=1024 total_effective_batch=4096 initial_c=[1.0, 1.0, 1.0] layer_beta2=[0.999, 0.999, 0.999]
[RecBole RQ-VAE] initializing codebooks with KMeans
/fs04/ar57/wenyu/GeneRec/stage2_RQ-VAE/curvature_RQ-VAE_iter48/model/layers.py:104: UserWarning: Deterministic behavior was enabled with either `torch.use_deterministic_algorithms(True)` or `at::Context::setDeterministicAlgorithms(true)`, but this operation is not deterministic because it uses CuBLAS and you have CUDA >= 10.2. To enable deterministic behavior in this case, you must set an environment variable before running your PyTorch application: CUBLAS_WORKSPACE_CONFIG=:4096:8 or CUBLAS_WORKSPACE_CONFIG=:16:8. For more information, go to https://docs.nvidia.com/cuda/cublas/index.html#results-reproducibility (Triggered internally at /pytorch/aten/src/ATen/Context.cpp:233.)
  dot = x_point @ y_point.t()
/fs04/ar57/wenyu/GeneRec/stage2_RQ-VAE/curvature_RQ-VAE_iter48/model/layers.py:104: UserWarning: Deterministic behavior was enabled with either `torch.use_deterministic_algorithms(True)` or `at::Context::setDeterministicAlgorithms(true)`, but this operation is not deterministic because it uses CuBLAS and you have CUDA >= 10.2. To enable deterministic behavior in this case, you must set an environment variable before running your PyTorch application: CUBLAS_WORKSPACE_CONFIG=:4096:8 or CUBLAS_WORKSPACE_CONFIG=:16:8. For more information, go to https://docs.nvidia.com/cuda/cublas/index.html#results-reproducibility (Triggered internally at /pytorch/aten/src/ATen/Context.cpp:233.)
  dot = x_point @ y_point.t()
/fs04/ar57/wenyu/GeneRec/stage2_RQ-VAE/curvature_RQ-VAE_iter48/model/layers.py:104: UserWarning: Deterministic behavior was enabled with either `torch.use_deterministic_algorithms(True)` or `at::Context::setDeterministicAlgorithms(true)`, but this operation is not deterministic because it uses CuBLAS and you have CUDA >= 10.2. To enable deterministic behavior in this case, you must set an environment variable before running your PyTorch application: CUBLAS_WORKSPACE_CONFIG=:4096:8 or CUBLAS_WORKSPACE_CONFIG=:16:8. For more information, go to https://docs.nvidia.com/cuda/cublas/index.html#results-reproducibility (Triggered internally at /pytorch/aten/src/ATen/Context.cpp:233.)
  dot = x_point @ y_point.t()
/fs04/ar57/wenyu/GeneRec/stage2_RQ-VAE/curvature_RQ-VAE_iter48/model/layers.py:104: UserWarning: Deterministic behavior was enabled with either `torch.use_deterministic_algorithms(True)` or `at::Context::setDeterministicAlgorithms(true)`, but this operation is not deterministic because it uses CuBLAS and you have CUDA >= 10.2. To enable deterministic behavior in this case, you must set an environment variable before running your PyTorch application: CUBLAS_WORKSPACE_CONFIG=:4096:8 or CUBLAS_WORKSPACE_CONFIG=:16:8. For more information, go to https://docs.nvidia.com/cuda/cublas/index.html#results-reproducibility (Triggered internally at /pytorch/aten/src/ATen/Context.cpp:233.)
  dot = x_point @ y_point.t()
/fs04/ar57/wenyu/GeneRec/stage2_RQ-VAE/curvature_RQ-VAE_iter48/model/layers.py:104: UserWarning: Deterministic behavior was enabled with either `torch.use_deterministic_algorithms(True)` or `at::Context::setDeterministicAlgorithms(true)`, but this operation is not deterministic because it uses CuBLAS and you have CUDA >= 10.2. To enable deterministic behavior in this case, you must set an environment variable before running your PyTorch application: CUBLAS_WORKSPACE_CONFIG=:4096:8 or CUBLAS_WORKSPACE_CONFIG=:16:8. For more information, go to https://docs.nvidia.com/cuda/cublas/index.html#results-reproducibility (Triggered internally at /pytorch/aten/src/ATen/Context.cpp:233.)
  dot = x_point @ y_point.t()
/fs04/ar57/wenyu/GeneRec/stage2_RQ-VAE/curvature_RQ-VAE_iter48/model/layers.py:104: UserWarning: Deterministic behavior was enabled with either `torch.use_deterministic_algorithms(True)` or `at::Context::setDeterministicAlgorithms(true)`, but this operation is not deterministic because it uses CuBLAS and you have CUDA >= 10.2. To enable deterministic behavior in this case, you must set an environment variable before running your PyTorch application: CUBLAS_WORKSPACE_CONFIG=:4096:8 or CUBLAS_WORKSPACE_CONFIG=:16:8. For more information, go to https://docs.nvidia.com/cuda/cublas/index.html#results-reproducibility (Triggered internally at /pytorch/aten/src/ATen/Context.cpp:233.)
  dot = x_point @ y_point.t()
/fs04/ar57/wenyu/GeneRec/stage2_RQ-VAE/curvature_RQ-VAE_iter48/model/layers.py:104: UserWarning: Deterministic behavior was enabled with either `torch.use_deterministic_algorithms(True)` or `at::Context::setDeterministicAlgorithms(true)`, but this operation is not deterministic because it uses CuBLAS and you have CUDA >= 10.2. To enable deterministic behavior in this case, you must set an environment variable before running your PyTorch application: CUBLAS_WORKSPACE_CONFIG=:4096:8 or CUBLAS_WORKSPACE_CONFIG=:16:8. For more information, go to https://docs.nvidia.com/cuda/cublas/index.html#results-reproducibility (Triggered internally at /pytorch/aten/src/ATen/Context.cpp:233.)
  dot = x_point @ y_point.t()
/fs04/ar57/wenyu/GeneRec/stage2_RQ-VAE/curvature_RQ-VAE_iter48/model/layers.py:104: UserWarning: Deterministic behavior was enabled with either `torch.use_deterministic_algorithms(True)` or `at::Context::setDeterministicAlgorithms(true)`, but this operation is not deterministic because it uses CuBLAS and you have CUDA >= 10.2. To enable deterministic behavior in this case, you must set an environment variable before running your PyTorch application: CUBLAS_WORKSPACE_CONFIG=:4096:8 or CUBLAS_WORKSPACE_CONFIG=:16:8. For more information, go to https://docs.nvidia.com/cuda/cublas/index.html#results-reproducibility (Triggered internally at /pytorch/aten/src/ATen/Context.cpp:233.)
  dot = x_point @ y_point.t()
/fs04/ar57/wenyu/GeneRec/stage2_RQ-VAE/curvature_RQ-VAE_iter48/model/layers.py:104: UserWarning: Deterministic behavior was enabled with either `torch.use_deterministic_algorithms(True)` or `at::Context::setDeterministicAlgorithms(true)`, but this operation is not deterministic because it uses CuBLAS and you have CUDA >= 10.2. To enable deterministic behavior in this case, you must set an environment variable before running your PyTorch application: CUBLAS_WORKSPACE_CONFIG=:4096:8 or CUBLAS_WORKSPACE_CONFIG=:16:8. For more information, go to https://docs.nvidia.com/cuda/cublas/index.html#results-reproducibility (Triggered internally at /pytorch/aten/src/ATen/Context.cpp:233.)
  dot = x_point @ y_point.t()
/home/wlia0047/ar57_scratch/wenyu/genrec_env_v2/lib64/python3.9/site-packages/torch/distributed/distributed_c10d.py:4807: UserWarning: No device id is provided via `init_process_group` or `barrier `. Using the current device set by the user. 
  warnings.warn(  # warn only once
/fs04/ar57/wenyu/GeneRec/stage2_RQ-VAE/curvature_RQ-VAE_iter48/model/layers.py:104: UserWarning: Deterministic behavior was enabled with either `torch.use_deterministic_algorithms(True)` or `at::Context::setDeterministicAlgorithms(true)`, but this operation is not deterministic because it uses CuBLAS and you have CUDA >= 10.2. To enable deterministic behavior in this case, you must set an environment variable before running your PyTorch application: CUBLAS_WORKSPACE_CONFIG=:4096:8 or CUBLAS_WORKSPACE_CONFIG=:16:8. For more information, go to https://docs.nvidia.com/cuda/cublas/index.html#results-reproducibility (Triggered internally at /pytorch/aten/src/ATen/Context.cpp:233.)
  dot = x_point @ y_point.t()
/fs04/ar57/wenyu/GeneRec/stage2_RQ-VAE/curvature_RQ-VAE_iter48/model/layers.py:104: UserWarning: Deterministic behavior was enabled with either `torch.use_deterministic_algorithms(True)` or `at::Context::setDeterministicAlgorithms(true)`, but this operation is not deterministic because it uses CuBLAS and you have CUDA >= 10.2. To enable deterministic behavior in this case, you must set an environment variable before running your PyTorch application: CUBLAS_WORKSPACE_CONFIG=:4096:8 or CUBLAS_WORKSPACE_CONFIG=:16:8. For more information, go to https://docs.nvidia.com/cuda/cublas/index.html#results-reproducibility (Triggered internally at /pytorch/aten/src/ATen/Context.cpp:233.)
  dot = x_point @ y_point.t()
/home/wlia0047/ar57_scratch/wenyu/genrec_env_v2/lib64/python3.9/site-packages/torch/distributed/distributed_c10d.py:4807: UserWarning: No device id is provided via `init_process_group` or `barrier `. Using the current device set by the user. 
  warnings.warn(  # warn only once
/home/wlia0047/ar57_scratch/wenyu/genrec_env_v2/lib64/python3.9/site-packages/torch/distributed/distributed_c10d.py:4807: UserWarning: No device id is provided via `init_process_group` or `barrier `. Using the current device set by the user. 
  warnings.warn(  # warn only once
/fs04/ar57/wenyu/GeneRec/stage2_RQ-VAE/curvature_RQ-VAE_iter48/model/layers.py:104: UserWarning: Deterministic behavior was enabled with either `torch.use_deterministic_algorithms(True)` or `at::Context::setDeterministicAlgorithms(true)`, but this operation is not deterministic because it uses CuBLAS and you have CUDA >= 10.2. To enable deterministic behavior in this case, you must set an environment variable before running your PyTorch application: CUBLAS_WORKSPACE_CONFIG=:4096:8 or CUBLAS_WORKSPACE_CONFIG=:16:8. For more information, go to https://docs.nvidia.com/cuda/cublas/index.html#results-reproducibility (Triggered internally at /pytorch/aten/src/ATen/Context.cpp:233.)
  dot = x_point @ y_point.t()
/home/wlia0047/ar57_scratch/wenyu/genrec_env_v2/lib64/python3.9/site-packages/torch/distributed/distributed_c10d.py:4807: UserWarning: No device id is provided via `init_process_group` or `barrier `. Using the current device set by the user. 
  warnings.warn(  # warn only once
/home/wlia0047/ar57_scratch/wenyu/genrec_env_v2/lib64/python3.9/site-packages/torch/autograd/graph.py:829: UserWarning: Deterministic behavior was enabled with either `torch.use_deterministic_algorithms(True)` or `at::Context::setDeterministicAlgorithms(true)`, but this operation is not deterministic because it uses CuBLAS and you have CUDA >= 10.2. To enable deterministic behavior in this case, you must set an environment variable before running your PyTorch application: CUBLAS_WORKSPACE_CONFIG=:4096:8 or CUBLAS_WORKSPACE_CONFIG=:16:8. For more information, go to https://docs.nvidia.com/cuda/cublas/index.html#results-reproducibility (Triggered internally at /pytorch/aten/src/ATen/Context.cpp:233.)
  return Variable._execution_engine.run_backward(  # Calls into the C++ engine to run the backward pass
/home/wlia0047/ar57_scratch/wenyu/genrec_env_v2/lib64/python3.9/site-packages/torch/autograd/graph.py:829: UserWarning: Deterministic behavior was enabled with either `torch.use_deterministic_algorithms(True)` or `at::Context::setDeterministicAlgorithms(true)`, but this operation is not deterministic because it uses CuBLAS and you have CUDA >= 10.2. To enable deterministic behavior in this case, you must set an environment variable before running your PyTorch application: CUBLAS_WORKSPACE_CONFIG=:4096:8 or CUBLAS_WORKSPACE_CONFIG=:16:8. For more information, go to https://docs.nvidia.com/cuda/cublas/index.html#results-reproducibility (Triggered internally at /pytorch/aten/src/ATen/Context.cpp:233.)
  return Variable._execution_engine.run_backward(  # Calls into the C++ engine to run the backward pass
/home/wlia0047/ar57_scratch/wenyu/genrec_env_v2/lib64/python3.9/site-packages/torch/autograd/graph.py:829: UserWarning: Deterministic behavior was enabled with either `torch.use_deterministic_algorithms(True)` or `at::Context::setDeterministicAlgorithms(true)`, but this operation is not deterministic because it uses CuBLAS and you have CUDA >= 10.2. To enable deterministic behavior in this case, you must set an environment variable before running your PyTorch application: CUBLAS_WORKSPACE_CONFIG=:4096:8 or CUBLAS_WORKSPACE_CONFIG=:16:8. For more information, go to https://docs.nvidia.com/cuda/cublas/index.html#results-reproducibility (Triggered internally at /pytorch/aten/src/ATen/Context.cpp:233.)
  return Variable._execution_engine.run_backward(  # Calls into the C++ engine to run the backward pass
/home/wlia0047/ar57_scratch/wenyu/genrec_env_v2/lib64/python3.9/site-packages/torch/autograd/graph.py:829: UserWarning: Deterministic behavior was enabled with either `torch.use_deterministic_algorithms(True)` or `at::Context::setDeterministicAlgorithms(true)`, but this operation is not deterministic because it uses CuBLAS and you have CUDA >= 10.2. To enable deterministic behavior in this case, you must set an environment variable before running your PyTorch application: CUBLAS_WORKSPACE_CONFIG=:4096:8 or CUBLAS_WORKSPACE_CONFIG=:16:8. For more information, go to https://docs.nvidia.com/cuda/cublas/index.html#results-reproducibility (Triggered internally at /pytorch/aten/src/ATen/Context.cpp:233.)
  return Variable._execution_engine.run_backward(  # Calls into the C++ engine to run the backward pass
[Iter48 A] global_step=424/100000 local_updates=106 loss=0.00050218 recon=0.00016615 behavior=0.00000000 behavior_weight=0.000000 c=[1.0, 1.0, 1.0]
[Iter48 A] global_step=884/100000 local_updates=221 loss=0.00030681 recon=0.00016722 behavior=0.00000000 behavior_weight=0.000000 c=[1.0, 1.0, 1.0]
[Iter48 A] global_step=1340/100000 local_updates=335 loss=0.00022840 recon=0.00015084 behavior=0.00000000 behavior_weight=0.000000 c=[1.0, 1.0, 1.0]
[Iter48 A] global_step=1792/100000 local_updates=448 loss=0.00023609 recon=0.00016157 behavior=0.00000000 behavior_weight=0.000000 c=[1.0, 1.0, 1.0]
[Iter48 A] global_step=2252/100000 local_updates=563 loss=0.00020114 recon=0.00015313 behavior=0.00000000 behavior_weight=0.000000 c=[1.0, 1.0, 1.0]
[Iter48 A] global_step=2700/100000 local_updates=675 loss=0.00021492 recon=0.00017115 behavior=0.00000000 behavior_weight=0.000000 c=[1.0, 1.0, 1.0]
[Iter48 A] global_step=3148/100000 local_updates=787 loss=0.00017813 recon=0.00014235 behavior=0.00000000 behavior_weight=0.000000 c=[1.0, 1.0, 1.0]
[Iter48 A] global_step=3600/100000 local_updates=900 loss=0.00017864 recon=0.00014089 behavior=0.00000000 behavior_weight=0.000000 c=[1.0, 1.0, 1.0]
[Iter48 A] global_step=4060/100000 local_updates=1015 loss=0.00021181 recon=0.00016746 behavior=0.00000000 behavior_weight=0.000000 c=[1.0, 1.0, 1.0]
[Iter48 A] global_step=4520/100000 local_updates=1130 loss=0.00031979 recon=0.00015855 behavior=0.00000000 behavior_weight=0.000000 c=[1.0, 1.0, 1.0]
[Iter48 A] global_step=4968/100000 local_updates=1242 loss=0.00025378 recon=0.00015828 behavior=0.00000000 behavior_weight=0.000000 c=[1.0, 1.0, 1.0]
[Iter48 A] global_step=5420/100000 local_updates=1355 loss=0.00020248 recon=0.00014559 behavior=0.00000000 behavior_weight=0.000000 c=[1.0, 1.0, 1.0]
[Iter48 A] global_step=5868/100000 local_updates=1467 loss=0.00018415 recon=0.00014400 behavior=0.00000000 behavior_weight=0.000000 c=[1.0, 1.0, 1.0]
[Iter48 A] global_step=6324/100000 local_updates=1581 loss=0.00031215 recon=0.00015198 behavior=0.00000000 behavior_weight=0.000000 c=[1.0, 1.0, 1.0]
[Iter48 A] global_step=6788/100000 local_updates=1697 loss=0.00022244 recon=0.00015056 behavior=0.00000000 behavior_weight=0.000000 c=[1.0, 1.0, 1.0]
[Iter48 A] global_step=7240/100000 local_updates=1810 loss=0.00039041 recon=0.00015242 behavior=0.00000000 behavior_weight=0.000000 c=[1.0, 1.0, 1.0]
[Iter48 A] global_step=7684/100000 local_updates=1921 loss=0.00037044 recon=0.00018497 behavior=0.00000000 behavior_weight=0.000000 c=[1.0, 1.0, 1.0]
[Iter48 A] global_step=8136/100000 local_updates=2034 loss=0.00067717 recon=0.00014777 behavior=0.00000000 behavior_weight=0.000000 c=[1.0, 1.0, 1.0]
[Iter48 A] global_step=8580/100000 local_updates=2145 loss=0.00030461 recon=0.00014139 behavior=0.00000000 behavior_weight=0.000000 c=[1.0, 1.0, 1.0]
[Iter48 A] global_step=9028/100000 local_updates=2257 loss=0.00036536 recon=0.00014717 behavior=0.00000000 behavior_weight=0.000000 c=[1.0, 1.0, 1.0]
[Iter48 A] global_step=9476/100000 local_updates=2369 loss=0.00047086 recon=0.00015804 behavior=0.00000000 behavior_weight=0.000000 c=[1.0, 1.0, 1.0]
[Iter48 A] global_step=9932/100000 local_updates=2483 loss=0.00028174 recon=0.00014242 behavior=0.00000000 behavior_weight=0.000000 c=[1.0, 1.0, 1.0]
[Iter48 A] global_step=10000/100000 loss=0.00063291 recon=0.00015479 behavior=0.00000000 behavior_weight=0.000000 curvature_alpha=0.000000 c=[1.0, 1.0, 1.0] epsilon=[0.003, 0.003, 0.003] curvature_reg=0.00000000 raw_unique=17350/24587 collision=0.294343 codebook_used=[256, 252, 253]
[Iter48 A] global_step=10456/100000 local_updates=2614 loss=0.00031641 recon=0.00013367 behavior=0.00000000 behavior_weight=0.000000 c=[1.0, 1.0, 1.0]
[Iter48 A] global_step=10904/100000 local_updates=2726 loss=0.00027304 recon=0.00013268 behavior=0.00000000 behavior_weight=0.000000 c=[1.0, 1.0, 1.0]
[Iter48 A] global_step=11352/100000 local_updates=2838 loss=0.00044187 recon=0.00014838 behavior=0.00000000 behavior_weight=0.000000 c=[1.0, 1.0, 1.0]
[Iter48 A] global_step=11804/100000 local_updates=2951 loss=0.00030086 recon=0.00013847 behavior=0.00000000 behavior_weight=0.000000 c=[1.0, 1.0, 1.0]
[Iter48 A] global_step=12260/100000 local_updates=3065 loss=0.00016626 recon=0.00012773 behavior=0.00000000 behavior_weight=0.000000 c=[1.0, 1.0, 1.0]
[Iter48 A] global_step=12724/100000 local_updates=3181 loss=0.00018857 recon=0.00013712 behavior=0.00000000 behavior_weight=0.000000 c=[1.0, 1.0, 1.0]
[Iter48 A] global_step=13188/100000 local_updates=3297 loss=0.00030980 recon=0.00014512 behavior=0.00000000 behavior_weight=0.000000 c=[1.0, 1.0, 1.0]
[Iter48 A] global_step=13640/100000 local_updates=3410 loss=0.00019712 recon=0.00014301 behavior=0.00000000 behavior_weight=0.000000 c=[1.0, 1.0, 1.0]
[Iter48 A] global_step=14096/100000 local_updates=3524 loss=0.00057111 recon=0.00017592 behavior=0.00000000 behavior_weight=0.000000 c=[1.0, 1.0, 1.0]
[Iter48 A] global_step=14544/100000 local_updates=3636 loss=0.00018650 recon=0.00014014 behavior=0.00000000 behavior_weight=0.000000 c=[1.0, 1.0, 1.0]
[Iter48 A] global_step=14988/100000 local_updates=3747 loss=0.00018287 recon=0.00013545 behavior=0.00000000 behavior_weight=0.000000 c=[1.0, 1.0, 1.0]
[Iter48 A] global_step=15452/100000 local_updates=3863 loss=0.00049731 recon=0.00014402 behavior=0.00000000 behavior_weight=0.000000 c=[1.0, 1.0, 1.0]
[Iter48 A] global_step=15912/100000 local_updates=3978 loss=0.00018905 recon=0.00013064 behavior=0.00000000 behavior_weight=0.000000 c=[1.0, 1.0, 1.0]
[Iter48 A] global_step=16368/100000 local_updates=4092 loss=0.00015554 recon=0.00011467 behavior=0.00000000 behavior_weight=0.000000 c=[1.0, 1.0, 1.0]
[Iter48 A] global_step=16832/100000 local_updates=4208 loss=0.00017756 recon=0.00012610 behavior=0.00000000 behavior_weight=0.000000 c=[1.0, 1.0, 1.0]
[Iter48 A] global_step=17280/100000 local_updates=4320 loss=0.00023727 recon=0.00014497 behavior=0.00000000 behavior_weight=0.000000 c=[1.0, 1.0, 1.0]
[Iter48 A] global_step=17732/100000 local_updates=4433 loss=0.00022586 recon=0.00016384 behavior=0.00000000 behavior_weight=0.000000 c=[1.0, 1.0, 1.0]
[Iter48 A] global_step=18184/100000 local_updates=4546 loss=0.00015272 recon=0.00013038 behavior=0.00000000 behavior_weight=0.000000 c=[1.0, 1.0, 1.0]
[Iter48 A] global_step=18640/100000 local_updates=4660 loss=0.00017973 recon=0.00014910 behavior=0.00000000 behavior_weight=0.000000 c=[1.0, 1.0, 1.0]
[Iter48 A] global_step=19096/100000 local_updates=4774 loss=0.00017983 recon=0.00014266 behavior=0.00000000 behavior_weight=0.000000 c=[1.0, 1.0, 1.0]
[Iter48 A] global_step=19544/100000 local_updates=4886 loss=0.00018770 recon=0.00014275 behavior=0.00000000 behavior_weight=0.000000 c=[1.0, 1.0, 1.0]
[Iter48 A] global_step=20000/100000 loss=0.00026846 recon=0.00014021 behavior=0.00000000 behavior_weight=0.000000 curvature_alpha=0.000000 c=[1.0, 1.0, 1.0] epsilon=[0.003, 0.003, 0.003] curvature_reg=0.00000000 raw_unique=19424/24587 collision=0.209989 codebook_used=[256, 253, 256]
[Iter48 A] global_step=20452/100000 local_updates=5113 loss=0.00020178 recon=0.00013978 behavior=0.00000000 behavior_weight=0.000000 c=[1.0, 1.0, 1.0]
[Iter48 A] global_step=20900/100000 local_updates=5225 loss=0.00028872 recon=0.00015212 behavior=0.00000000 behavior_weight=0.000000 c=[1.0, 1.0, 1.0]
[Iter48 A] global_step=21364/100000 local_updates=5341 loss=0.00080754 recon=0.00016339 behavior=0.00000000 behavior_weight=0.000000 c=[1.0, 1.0, 1.0]
[Iter48 A] global_step=21828/100000 local_updates=5457 loss=0.00071245 recon=0.00015233 behavior=0.00000000 behavior_weight=0.000000 c=[1.0, 1.0, 1.0]
[Iter48 A] global_step=22284/100000 local_updates=5571 loss=0.00084947 recon=0.00017441 behavior=0.00000000 behavior_weight=0.000000 c=[1.0, 1.0, 1.0]
[Iter48 A] global_step=22748/100000 local_updates=5687 loss=0.00020465 recon=0.00014238 behavior=0.00000000 behavior_weight=0.000000 c=[1.0, 1.0, 1.0]
[Iter48 A] global_step=23200/100000 local_updates=5800 loss=0.00020821 recon=0.00014518 behavior=0.00000000 behavior_weight=0.000000 c=[1.0, 1.0, 1.0]
[Iter48 A] global_step=23652/100000 local_updates=5913 loss=0.00018849 recon=0.00012824 behavior=0.00000000 behavior_weight=0.000000 c=[1.0, 1.0, 1.0]
[Iter48 A] global_step=24104/100000 local_updates=6026 loss=0.00020661 recon=0.00014100 behavior=0.00000000 behavior_weight=0.000000 c=[1.0, 1.0, 1.0]
[Iter48 A] global_step=24568/100000 local_updates=6142 loss=0.00062234 recon=0.00015581 behavior=0.00000000 behavior_weight=0.000000 c=[1.0, 1.0, 1.0]
[Iter48 A] global_step=25032/100000 local_updates=6258 loss=0.00060915 recon=0.00014599 behavior=0.00000000 behavior_weight=0.000000 c=[1.0, 1.0, 1.0]
[Iter48 A] global_step=25488/100000 local_updates=6372 loss=0.00052868 recon=0.00014414 behavior=0.00000000 behavior_weight=0.000000 c=[1.0, 1.0, 1.0]
[Iter48 A] global_step=25944/100000 local_updates=6486 loss=0.00033136 recon=0.00012125 behavior=0.00000000 behavior_weight=0.000000 c=[1.0, 1.0, 1.0]
[Iter48 A] global_step=26400/100000 local_updates=6600 loss=0.00019195 recon=0.00014278 behavior=0.00000000 behavior_weight=0.000000 c=[1.0, 1.0, 1.0]
[Iter48 A] global_step=26856/100000 local_updates=6714 loss=0.00041656 recon=0.00014414 behavior=0.00000000 behavior_weight=0.000000 c=[1.0, 1.0, 1.0]
[Iter48 A] global_step=27320/100000 local_updates=6830 loss=0.00023225 recon=0.00012008 behavior=0.00000000 behavior_weight=0.000000 c=[1.0, 1.0, 1.0]
[Iter48 A] global_step=27784/100000 local_updates=6946 loss=0.00077043 recon=0.00014800 behavior=0.00000000 behavior_weight=0.000000 c=[1.0, 1.0, 1.0]
[Iter48 A] global_step=28236/100000 local_updates=7059 loss=0.00050377 recon=0.00014727 behavior=0.00000000 behavior_weight=0.000000 c=[1.0, 1.0, 1.0]
[Iter48 A] global_step=28700/100000 local_updates=7175 loss=0.00039923 recon=0.00014074 behavior=0.00000000 behavior_weight=0.000000 c=[1.0, 1.0, 1.0]
[Iter48 A] global_step=29152/100000 local_updates=7288 loss=0.00051281 recon=0.00014162 behavior=0.00000000 behavior_weight=0.000000 c=[1.0, 1.0, 1.0]
[Iter48 A] global_step=29608/100000 local_updates=7402 loss=0.00035369 recon=0.00013429 behavior=0.00000000 behavior_weight=0.000000 c=[1.0, 1.0, 1.0]
[Iter48 A] global_step=30000/100000 loss=0.00043167 recon=0.00014193 behavior=0.00000000 behavior_weight=0.000000 curvature_alpha=0.000000 c=[1.0, 1.0, 1.0] epsilon=[0.003, 0.003, 0.003] curvature_reg=0.00000000 raw_unique=18303/24587 collision=0.255582 codebook_used=[256, 252, 256]
[Iter48 A] global_step=30464/100000 local_updates=7616 loss=0.00016495 recon=0.00011980 behavior=0.00000000 behavior_weight=0.000000 c=[1.0, 1.0, 1.0]
[Iter48 A] global_step=30928/100000 local_updates=7732 loss=0.00018009 recon=0.00012668 behavior=0.00000000 behavior_weight=0.000000 c=[1.0, 1.0, 1.0]
[Iter48 A] global_step=31384/100000 local_updates=7846 loss=0.00020546 recon=0.00012250 behavior=0.00000000 behavior_weight=0.000000 c=[1.0, 1.0, 1.0]
[Iter48 A] global_step=31840/100000 local_updates=7960 loss=0.00020478 recon=0.00012977 behavior=0.00000000 behavior_weight=0.000000 c=[1.0, 1.0, 1.0]
[Iter48 A] global_step=32288/100000 local_updates=8072 loss=0.00021789 recon=0.00012577 behavior=0.00000000 behavior_weight=0.000000 c=[1.0, 1.0, 1.0]
[Iter48 A] global_step=32736/100000 local_updates=8184 loss=0.00014428 recon=0.00011072 behavior=0.00000000 behavior_weight=0.000000 c=[1.0, 1.0, 1.0]
[Iter48 A] global_step=33196/100000 local_updates=8299 loss=0.00019837 recon=0.00012613 behavior=0.00000000 behavior_weight=0.000000 c=[1.0, 1.0, 1.0]
[Iter48 A] global_step=33660/100000 local_updates=8415 loss=0.00065786 recon=0.00014237 behavior=0.00000000 behavior_weight=0.000000 c=[1.0, 1.0, 1.0]
[Iter48 A] global_step=34116/100000 local_updates=8529 loss=0.00024249 recon=0.00012129 behavior=0.00000000 behavior_weight=0.000000 c=[1.0, 1.0, 1.0]
[Iter48 A] global_step=34580/100000 local_updates=8645 loss=0.00041719 recon=0.00012764 behavior=0.00000000 behavior_weight=0.000000 c=[1.0, 1.0, 1.0]
[Iter48 A] global_step=35036/100000 local_updates=8759 loss=0.00026810 recon=0.00011481 behavior=0.00000000 behavior_weight=0.000000 c=[1.0, 1.0, 1.0]
[Iter48 A] global_step=35484/100000 local_updates=8871 loss=0.00045049 recon=0.00013377 behavior=0.00000000 behavior_weight=0.000000 c=[1.0, 1.0, 1.0]
[Iter48 A] global_step=35932/100000 local_updates=8983 loss=0.00019230 recon=0.00011992 behavior=0.00000000 behavior_weight=0.000000 c=[1.0, 1.0, 1.0]
[Iter48 A] global_step=36388/100000 local_updates=9097 loss=0.00019390 recon=0.00014377 behavior=0.00000000 behavior_weight=0.000000 c=[1.0, 1.0, 1.0]
[Iter48 A] global_step=36844/100000 local_updates=9211 loss=0.00020354 recon=0.00012637 behavior=0.00000000 behavior_weight=0.000000 c=[1.0, 1.0, 1.0]
[Iter48 A] global_step=37292/100000 local_updates=9323 loss=0.00016750 recon=0.00011651 behavior=0.00000000 behavior_weight=0.000000 c=[1.0, 1.0, 1.0]
[Iter48 A] global_step=37736/100000 local_updates=9434 loss=0.00015566 recon=0.00012006 behavior=0.00000000 behavior_weight=0.000000 c=[1.0, 1.0, 1.0]
[Iter48 A] global_step=38176/100000 local_updates=9544 loss=0.00040558 recon=0.00013183 behavior=0.00000000 behavior_weight=0.000000 c=[1.0, 1.0, 1.0]
[Iter48 A] global_step=38616/100000 local_updates=9654 loss=0.00015978 recon=0.00011977 behavior=0.00000000 behavior_weight=0.000000 c=[1.0, 1.0, 1.0]
[Iter48 A] global_step=39064/100000 local_updates=9766 loss=0.00023657 recon=0.00012506 behavior=0.00000000 behavior_weight=0.000000 c=[1.0, 1.0, 1.0]
[Iter48 A] global_step=39512/100000 local_updates=9878 loss=0.00084019 recon=0.00015517 behavior=0.00000000 behavior_weight=0.000000 c=[1.0, 1.0, 1.0]
[Iter48 A] global_step=39952/100000 local_updates=9988 loss=0.00032292 recon=0.00013450 behavior=0.00000000 behavior_weight=0.000000 c=[1.0, 1.0, 1.0]
[Iter48 A] global_step=40000/100000 loss=0.00031614 recon=0.00012894 behavior=0.00000000 behavior_weight=0.000000 curvature_alpha=0.000000 c=[1.0, 1.0, 1.0] epsilon=[0.003, 0.003, 0.003] curvature_reg=0.00000000 raw_unique=15340/24587 collision=0.376093 codebook_used=[256, 246, 246]
[Iter48 A] global_step=40448/100000 local_updates=10112 loss=0.00021946 recon=0.00011597 behavior=0.00000000 behavior_weight=0.000000 c=[1.0, 1.0, 1.0]
[Iter48 A] global_step=40888/100000 local_updates=10222 loss=0.00020780 recon=0.00012317 behavior=0.00000000 behavior_weight=0.000000 c=[1.0, 1.0, 1.0]
[Iter48 A] global_step=41328/100000 local_updates=10332 loss=0.00023937 recon=0.00013126 behavior=0.00000000 behavior_weight=0.000000 c=[1.0, 1.0, 1.0]
[Iter48 A] global_step=41764/100000 local_updates=10441 loss=0.00016949 recon=0.00012180 behavior=0.00000000 behavior_weight=0.000000 c=[1.0, 1.0, 1.0]
[Iter48 A] global_step=42208/100000 local_updates=10552 loss=0.00026082 recon=0.00012627 behavior=0.00000000 behavior_weight=0.000000 c=[1.0, 1.0, 1.0]
[Iter48 A] global_step=42656/100000 local_updates=10664 loss=0.00048909 recon=0.00014422 behavior=0.00000000 behavior_weight=0.000000 c=[1.0, 1.0, 1.0]
[Iter48 A] global_step=43092/100000 local_updates=10773 loss=0.00025511 recon=0.00012139 behavior=0.00000000 behavior_weight=0.000000 c=[1.0, 1.0, 1.0]
[Iter48 A] global_step=43528/100000 local_updates=10882 loss=0.00028149 recon=0.00013359 behavior=0.00000000 behavior_weight=0.000000 c=[1.0, 1.0, 1.0]
[Iter48 A] global_step=43964/100000 local_updates=10991 loss=0.00020270 recon=0.00012394 behavior=0.00000000 behavior_weight=0.000000 c=[1.0, 1.0, 1.0]
[Iter48 A] global_step=44404/100000 local_updates=11101 loss=0.00018390 recon=0.00013789 behavior=0.00000000 behavior_weight=0.000000 c=[1.0, 1.0, 1.0]
[Iter48 A] global_step=44852/100000 local_updates=11213 loss=0.00038280 recon=0.00011561 behavior=0.00000000 behavior_weight=0.000000 c=[1.0, 1.0, 1.0]
[Iter48 A] global_step=45296/100000 local_updates=11324 loss=0.00016915 recon=0.00012039 behavior=0.00000000 behavior_weight=0.000000 c=[1.0, 1.0, 1.0]
[Iter48 A] global_step=45736/100000 local_updates=11434 loss=0.00017492 recon=0.00011906 behavior=0.00000000 behavior_weight=0.000000 c=[1.0, 1.0, 1.0]
[Iter48 A] global_step=46188/100000 local_updates=11547 loss=0.00017481 recon=0.00011579 behavior=0.00000000 behavior_weight=0.000000 c=[1.0, 1.0, 1.0]
[Iter48 A] global_step=46632/100000 local_updates=11658 loss=0.00020875 recon=0.00011658 behavior=0.00000000 behavior_weight=0.000000 c=[1.0, 1.0, 1.0]
[Iter48 A] global_step=47076/100000 local_updates=11769 loss=0.00042942 recon=0.00012027 behavior=0.00000000 behavior_weight=0.000000 c=[1.0, 1.0, 1.0]
[Iter48 A] global_step=47520/100000 local_updates=11880 loss=0.00045494 recon=0.00012660 behavior=0.00000000 behavior_weight=0.000000 c=[1.0, 1.0, 1.0]
[Iter48 A] global_step=47976/100000 local_updates=11994 loss=0.00019863 recon=0.00013099 behavior=0.00000000 behavior_weight=0.000000 c=[1.0, 1.0, 1.0]
[Iter48 A] global_step=48432/100000 local_updates=12108 loss=0.00022874 recon=0.00012417 behavior=0.00000000 behavior_weight=0.000000 c=[1.0, 1.0, 1.0]
[Iter48 A] global_step=48876/100000 local_updates=12219 loss=0.00017186 recon=0.00011640 behavior=0.00000000 behavior_weight=0.000000 c=[1.0, 1.0, 1.0]
[Iter48 A] global_step=49328/100000 local_updates=12332 loss=0.00016786 recon=0.00012268 behavior=0.00000000 behavior_weight=0.000000 c=[1.0, 1.0, 1.0]
[Iter48 A] global_step=49784/100000 local_updates=12446 loss=0.00019528 recon=0.00011302 behavior=0.00000000 behavior_weight=0.000000 c=[1.0, 1.0, 1.0]
[Iter48 A] global_step=50000/100000 loss=0.00030208 recon=0.00012456 behavior=0.00000000 behavior_weight=0.000000 curvature_alpha=0.000000 c=[1.0, 1.0, 1.0] epsilon=[0.003, 0.003, 0.003] curvature_reg=0.00000000 raw_unique=12067/24587 collision=0.509212 codebook_used=[256, 220, 250]
[Iter48 A] global_step=50448/100000 local_updates=12612 loss=0.00058675 recon=0.00014023 behavior=0.00000000 behavior_weight=0.000000 c=[1.0, 1.0, 1.0]
[Iter48 A] global_step=50904/100000 local_updates=12726 loss=0.00041691 recon=0.00014134 behavior=0.00000000 behavior_weight=0.000000 c=[1.0, 1.0, 1.0]
[Iter48 A] global_step=51360/100000 local_updates=12840 loss=0.00033127 recon=0.00011810 behavior=0.00000000 behavior_weight=0.000000 c=[1.0, 1.0, 1.0]
[Iter48 A] global_step=51804/100000 local_updates=12951 loss=0.00017623 recon=0.00013042 behavior=0.00000000 behavior_weight=0.000000 c=[1.0, 1.0, 1.0]
[Iter48 A] global_step=52256/100000 local_updates=13064 loss=0.00019768 recon=0.00012435 behavior=0.00000000 behavior_weight=0.000000 c=[1.0, 1.0, 1.0]
[Iter48 A] global_step=52700/100000 local_updates=13175 loss=0.00015030 recon=0.00010574 behavior=0.00000000 behavior_weight=0.000000 c=[1.0, 1.0, 1.0]
[Iter48 A] global_step=53124/100000 local_updates=13281 loss=0.00016466 recon=0.00011582 behavior=0.00000000 behavior_weight=0.000000 c=[1.0, 1.0, 1.0]
[Iter48 A] global_step=53552/100000 local_updates=13388 loss=0.00023865 recon=0.00012255 behavior=0.00000000 behavior_weight=0.000000 c=[1.0, 1.0, 1.0]
[Iter48 A] global_step=54008/100000 local_updates=13502 loss=0.00071455 recon=0.00015636 behavior=0.00000000 behavior_weight=0.000000 c=[1.0, 1.0, 1.0]
[Iter48 A] global_step=54460/100000 local_updates=13615 loss=0.00020390 recon=0.00012476 behavior=0.00000000 behavior_weight=0.000000 c=[1.0, 1.0, 1.0]
[Iter48 A] global_step=54896/100000 local_updates=13724 loss=0.00016420 recon=0.00011334 behavior=0.00000000 behavior_weight=0.000000 c=[1.0, 1.0, 1.0]
[Iter48 A] global_step=55344/100000 local_updates=13836 loss=0.00017087 recon=0.00011546 behavior=0.00000000 behavior_weight=0.000000 c=[1.0, 1.0, 1.0]
[Iter48 A] global_step=55796/100000 local_updates=13949 loss=0.00016120 recon=0.00010680 behavior=0.00000000 behavior_weight=0.000000 c=[1.0, 1.0, 1.0]
[Iter48 A] global_step=56244/100000 local_updates=14061 loss=0.00027794 recon=0.00011564 behavior=0.00000000 behavior_weight=0.000000 c=[1.0, 1.0, 1.0]
[Iter48 A] global_step=56704/100000 local_updates=14176 loss=0.00022021 recon=0.00011678 behavior=0.00000000 behavior_weight=0.000000 c=[1.0, 1.0, 1.0]
[Iter48 A] global_step=57164/100000 local_updates=14291 loss=0.00018588 recon=0.00011626 behavior=0.00000000 behavior_weight=0.000000 c=[1.0, 1.0, 1.0]
[Iter48 A] global_step=57616/100000 local_updates=14404 loss=0.00064487 recon=0.00013084 behavior=0.00000000 behavior_weight=0.000000 c=[1.0, 1.0, 1.0]
[Iter48 A] global_step=58076/100000 local_updates=14519 loss=0.00028576 recon=0.00011221 behavior=0.00000000 behavior_weight=0.000000 c=[1.0, 1.0, 1.0]
[Iter48 A] global_step=58528/100000 local_updates=14632 loss=0.00027913 recon=0.00013829 behavior=0.00000000 behavior_weight=0.000000 c=[1.0, 1.0, 1.0]
[Iter48 A] global_step=58972/100000 local_updates=14743 loss=0.00029041 recon=0.00011297 behavior=0.00000000 behavior_weight=0.000000 c=[1.0, 1.0, 1.0]
[Iter48 A] global_step=59432/100000 local_updates=14858 loss=0.00020446 recon=0.00012276 behavior=0.00000000 behavior_weight=0.000000 c=[1.0, 1.0, 1.0]
[Iter48 A] global_step=59892/100000 local_updates=14973 loss=0.00017897 recon=0.00010248 behavior=0.00000000 behavior_weight=0.000000 c=[1.0, 1.0, 1.0]
[Iter48 A] global_step=60000/100000 loss=0.00030665 recon=0.00012389 behavior=0.00000000 behavior_weight=0.000000 curvature_alpha=0.000000 c=[1.0, 1.0, 1.0] epsilon=[0.003, 0.003, 0.003] curvature_reg=0.00000000 raw_unique=15314/24587 collision=0.377151 codebook_used=[256, 239, 246]
[Iter48 A] global_step=60452/100000 local_updates=15113 loss=0.00057342 recon=0.00013093 behavior=0.00000000 behavior_weight=0.000000 c=[1.0, 1.0, 1.0]
[Iter48 A] global_step=60912/100000 local_updates=15228 loss=0.00077196 recon=0.00015962 behavior=0.00000000 behavior_weight=0.000000 c=[1.0, 1.0, 1.0]
[Iter48 A] global_step=61364/100000 local_updates=15341 loss=0.00022237 recon=0.00011770 behavior=0.00000000 behavior_weight=0.000000 c=[1.0, 1.0, 1.0]
[Iter48 A] global_step=61816/100000 local_updates=15454 loss=0.00019720 recon=0.00013280 behavior=0.00000000 behavior_weight=0.000000 c=[1.0, 1.0, 1.0]
[Iter48 A] global_step=62268/100000 local_updates=15567 loss=0.00025195 recon=0.00011004 behavior=0.00000000 behavior_weight=0.000000 c=[1.0, 1.0, 1.0]
[Iter48 A] global_step=62728/100000 local_updates=15682 loss=0.00014983 recon=0.00010139 behavior=0.00000000 behavior_weight=0.000000 c=[1.0, 1.0, 1.0]
[Iter48 A] global_step=63188/100000 local_updates=15797 loss=0.00018031 recon=0.00011198 behavior=0.00000000 behavior_weight=0.000000 c=[1.0, 1.0, 1.0]
[Iter48 A] global_step=63636/100000 local_updates=15909 loss=0.00058935 recon=0.00012226 behavior=0.00000000 behavior_weight=0.000000 c=[1.0, 1.0, 1.0]
[Iter48 A] global_step=64084/100000 local_updates=16021 loss=0.00057436 recon=0.00015830 behavior=0.00000000 behavior_weight=0.000000 c=[1.0, 1.0, 1.0]
[Iter48 A] global_step=64532/100000 local_updates=16133 loss=0.00016495 recon=0.00011644 behavior=0.00000000 behavior_weight=0.000000 c=[1.0, 1.0, 1.0]
[Iter48 A] global_step=64976/100000 local_updates=16244 loss=0.00019020 recon=0.00013460 behavior=0.00000000 behavior_weight=0.000000 c=[1.0, 1.0, 1.0]
[Iter48 A] global_step=65432/100000 local_updates=16358 loss=0.00025478 recon=0.00011282 behavior=0.00000000 behavior_weight=0.000000 c=[1.0, 1.0, 1.0]
[Iter48 A] global_step=65896/100000 local_updates=16474 loss=0.00023593 recon=0.00011906 behavior=0.00000000 behavior_weight=0.000000 c=[1.0, 1.0, 1.0]
[Iter48 A] global_step=66348/100000 local_updates=16587 loss=0.00062797 recon=0.00011375 behavior=0.00000000 behavior_weight=0.000000 c=[1.0, 1.0, 1.0]
[Iter48 A] global_step=66808/100000 local_updates=16702 loss=0.00017575 recon=0.00011580 behavior=0.00000000 behavior_weight=0.000000 c=[1.0, 1.0, 1.0]
[Iter48 A] global_step=67260/100000 local_updates=16815 loss=0.00023052 recon=0.00011248 behavior=0.00000000 behavior_weight=0.000000 c=[1.0, 1.0, 1.0]
[Iter48 A] global_step=67712/100000 local_updates=16928 loss=0.00058863 recon=0.00012120 behavior=0.00000000 behavior_weight=0.000000 c=[1.0, 1.0, 1.0]
[Iter48 A] global_step=68160/100000 local_updates=17040 loss=0.00053751 recon=0.00012188 behavior=0.00000000 behavior_weight=0.000000 c=[1.0, 1.0, 1.0]
[Iter48 A] global_step=68616/100000 local_updates=17154 loss=0.00018704 recon=0.00011703 behavior=0.00000000 behavior_weight=0.000000 c=[1.0, 1.0, 1.0]
[Iter48 A] global_step=69072/100000 local_updates=17268 loss=0.00020037 recon=0.00012001 behavior=0.00000000 behavior_weight=0.000000 c=[1.0, 1.0, 1.0]
[Iter48 A] global_step=69520/100000 local_updates=17380 loss=0.00022664 recon=0.00011619 behavior=0.00000000 behavior_weight=0.000000 c=[1.0, 1.0, 1.0]
[Iter48 A] global_step=69964/100000 local_updates=17491 loss=0.00034919 recon=0.00012546 behavior=0.00000000 behavior_weight=0.000000 c=[1.0, 1.0, 1.0]
[Iter48 A] global_step=70000/100000 loss=0.00031701 recon=0.00012227 behavior=0.00000000 behavior_weight=0.000000 curvature_alpha=0.000000 c=[1.0, 1.0, 1.0] epsilon=[0.003, 0.003, 0.003] curvature_reg=0.00000000 raw_unique=14622/24587 collision=0.405295 codebook_used=[256, 255, 255]
[Iter48 A] global_step=70448/100000 local_updates=17612 loss=0.00039314 recon=0.00016087 behavior=0.00000000 behavior_weight=0.000000 c=[1.0, 1.0, 1.0]
[Iter48 A] global_step=70896/100000 local_updates=17724 loss=0.00020072 recon=0.00011808 behavior=0.00000000 behavior_weight=0.000000 c=[1.0, 1.0, 1.0]
[Iter48 A] global_step=71352/100000 local_updates=17838 loss=0.00066817 recon=0.00015138 behavior=0.00000000 behavior_weight=0.000000 c=[1.0, 1.0, 1.0]
[Iter48 A] global_step=71808/100000 local_updates=17952 loss=0.00049481 recon=0.00015411 behavior=0.00000000 behavior_weight=0.000000 c=[1.0, 1.0, 1.0]
[Iter48 A] global_step=72252/100000 local_updates=18063 loss=0.00019383 recon=0.00012511 behavior=0.00000000 behavior_weight=0.000000 c=[1.0, 1.0, 1.0]
[Iter48 A] global_step=72708/100000 local_updates=18177 loss=0.00019308 recon=0.00011511 behavior=0.00000000 behavior_weight=0.000000 c=[1.0, 1.0, 1.0]
[Iter48 A] global_step=73152/100000 local_updates=18288 loss=0.00017391 recon=0.00011878 behavior=0.00000000 behavior_weight=0.000000 c=[1.0, 1.0, 1.0]
[Iter48 A] global_step=73600/100000 local_updates=18400 loss=0.00024905 recon=0.00013215 behavior=0.00000000 behavior_weight=0.000000 c=[1.0, 1.0, 1.0]
[Iter48 A] global_step=74048/100000 local_updates=18512 loss=0.00027879 recon=0.00012337 behavior=0.00000000 behavior_weight=0.000000 c=[1.0, 1.0, 1.0]
[Iter48 A] global_step=74504/100000 local_updates=18626 loss=0.00087164 recon=0.00016777 behavior=0.00000000 behavior_weight=0.000000 c=[1.0, 1.0, 1.0]
[Iter48 A] global_step=74960/100000 local_updates=18740 loss=0.00026065 recon=0.00011758 behavior=0.00000000 behavior_weight=0.000000 c=[1.0, 1.0, 1.0]
[Iter48 A] global_step=75408/100000 local_updates=18852 loss=0.00021567 recon=0.00010757 behavior=0.00000000 behavior_weight=0.000000 c=[1.0, 1.0, 1.0]
[Iter48 A] global_step=75856/100000 local_updates=18964 loss=0.00024033 recon=0.00011928 behavior=0.00000000 behavior_weight=0.000000 c=[1.0, 1.0, 1.0]
[Iter48 A] global_step=76304/100000 local_updates=19076 loss=0.00060261 recon=0.00013422 behavior=0.00000000 behavior_weight=0.000000 c=[1.0, 1.0, 1.0]
[Iter48 A] global_step=76752/100000 local_updates=19188 loss=0.00017783 recon=0.00010541 behavior=0.00000000 behavior_weight=0.000000 c=[1.0, 1.0, 1.0]
[Iter48 A] global_step=77208/100000 local_updates=19302 loss=0.00036673 recon=0.00012661 behavior=0.00000000 behavior_weight=0.000000 c=[1.0, 1.0, 1.0]
[Iter48 A] global_step=77664/100000 local_updates=19416 loss=0.00019272 recon=0.00010997 behavior=0.00000000 behavior_weight=0.000000 c=[1.0, 1.0, 1.0]
[Iter48 A] global_step=78112/100000 local_updates=19528 loss=0.00017041 recon=0.00011249 behavior=0.00000000 behavior_weight=0.000000 c=[1.0, 1.0, 1.0]
[Iter48 A] global_step=78568/100000 local_updates=19642 loss=0.00024442 recon=0.00012078 behavior=0.00000000 behavior_weight=0.000000 c=[1.0, 1.0, 1.0]
[Iter48 A] global_step=79016/100000 local_updates=19754 loss=0.00036250 recon=0.00013083 behavior=0.00000000 behavior_weight=0.000000 c=[1.0, 1.0, 1.0]
[Iter48 A] global_step=79464/100000 local_updates=19866 loss=0.00028624 recon=0.00011748 behavior=0.00000000 behavior_weight=0.000000 c=[1.0, 1.0, 1.0]
[Iter48 A] global_step=79912/100000 local_updates=19978 loss=0.00027128 recon=0.00012434 behavior=0.00000000 behavior_weight=0.000000 c=[1.0, 1.0, 1.0]
[Iter48 A] global_step=80000/100000 loss=0.00031491 recon=0.00012282 behavior=0.00000000 behavior_weight=0.000000 curvature_alpha=0.000000 c=[1.0, 1.0, 1.0] epsilon=[0.003, 0.003, 0.003] curvature_reg=0.00000000 raw_unique=17052/24587 collision=0.306463 codebook_used=[256, 239, 248]
[Iter48 A] global_step=80456/100000 local_updates=20114 loss=0.00025064 recon=0.00011872 behavior=0.00000000 behavior_weight=0.000000 c=[1.0, 1.0, 1.0]
[Iter48 A] global_step=80904/100000 local_updates=20226 loss=0.00022173 recon=0.00011104 behavior=0.00000000 behavior_weight=0.000000 c=[1.0, 1.0, 1.0]
[Iter48 A] global_step=81360/100000 local_updates=20340 loss=0.00020202 recon=0.00010467 behavior=0.00000000 behavior_weight=0.000000 c=[1.0, 1.0, 1.0]
[Iter48 A] global_step=81808/100000 local_updates=20452 loss=0.00019127 recon=0.00011127 behavior=0.00000000 behavior_weight=0.000000 c=[1.0, 1.0, 1.0]
[Iter48 A] global_step=82256/100000 local_updates=20564 loss=0.00016172 recon=0.00011294 behavior=0.00000000 behavior_weight=0.000000 c=[1.0, 1.0, 1.0]
[Iter48 A] global_step=82704/100000 local_updates=20676 loss=0.00063666 recon=0.00012136 behavior=0.00000000 behavior_weight=0.000000 c=[1.0, 1.0, 1.0]
[Iter48 A] global_step=83160/100000 local_updates=20790 loss=0.00030521 recon=0.00012731 behavior=0.00000000 behavior_weight=0.000000 c=[1.0, 1.0, 1.0]
[Iter48 A] global_step=83616/100000 local_updates=20904 loss=0.00034864 recon=0.00014666 behavior=0.00000000 behavior_weight=0.000000 c=[1.0, 1.0, 1.0]
[Iter48 A] global_step=84064/100000 local_updates=21016 loss=0.00046710 recon=0.00013639 behavior=0.00000000 behavior_weight=0.000000 c=[1.0, 1.0, 1.0]
[Iter48 A] global_step=84512/100000 local_updates=21128 loss=0.00043251 recon=0.00013772 behavior=0.00000000 behavior_weight=0.000000 c=[1.0, 1.0, 1.0]
[Iter48 A] global_step=84968/100000 local_updates=21242 loss=0.00019290 recon=0.00011751 behavior=0.00000000 behavior_weight=0.000000 c=[1.0, 1.0, 1.0]
[Iter48 A] global_step=85408/100000 local_updates=21352 loss=0.00022557 recon=0.00011573 behavior=0.00000000 behavior_weight=0.000000 c=[1.0, 1.0, 1.0]
[Iter48 A] global_step=85864/100000 local_updates=21466 loss=0.00018825 recon=0.00011352 behavior=0.00000000 behavior_weight=0.000000 c=[1.0, 1.0, 1.0]
[Iter48 A] global_step=86304/100000 local_updates=21576 loss=0.00020498 recon=0.00012117 behavior=0.00000000 behavior_weight=0.000000 c=[1.0, 1.0, 1.0]
[Iter48 A] global_step=86752/100000 local_updates=21688 loss=0.00052820 recon=0.00012209 behavior=0.00000000 behavior_weight=0.000000 c=[1.0, 1.0, 1.0]
[Iter48 A] global_step=87216/100000 local_updates=21804 loss=0.00019766 recon=0.00012281 behavior=0.00000000 behavior_weight=0.000000 c=[1.0, 1.0, 1.0]
[Iter48 A] global_step=87672/100000 local_updates=21918 loss=0.00038717 recon=0.00011326 behavior=0.00000000 behavior_weight=0.000000 c=[1.0, 1.0, 1.0]
[Iter48 A] global_step=88128/100000 local_updates=22032 loss=0.00033927 recon=0.00011830 behavior=0.00000000 behavior_weight=0.000000 c=[1.0, 1.0, 1.0]
[Iter48 A] global_step=88580/100000 local_updates=22145 loss=0.00021489 recon=0.00011987 behavior=0.00000000 behavior_weight=0.000000 c=[1.0, 1.0, 1.0]
[Iter48 A] global_step=89040/100000 local_updates=22260 loss=0.00027316 recon=0.00012569 behavior=0.00000000 behavior_weight=0.000000 c=[1.0, 1.0, 1.0]
[Iter48 A] global_step=89496/100000 local_updates=22374 loss=0.00020578 recon=0.00011037 behavior=0.00000000 behavior_weight=0.000000 c=[1.0, 1.0, 1.0]
[Iter48 A] global_step=89940/100000 local_updates=22485 loss=0.00017202 recon=0.00011452 behavior=0.00000000 behavior_weight=0.000000 c=[1.0, 1.0, 1.0]
[Iter48 A] global_step=90000/100000 loss=0.00029264 recon=0.00011956 behavior=0.00000000 behavior_weight=0.000000 curvature_alpha=0.000000 c=[1.0, 1.0, 1.0] epsilon=[0.003, 0.003, 0.003] curvature_reg=0.00000000 raw_unique=14648/24587 collision=0.404238 codebook_used=[256, 239, 248]
[Iter48 A] global_step=90444/100000 local_updates=22611 loss=0.00019311 recon=0.00010824 behavior=0.00000000 behavior_weight=0.000000 c=[1.0, 1.0, 1.0]
[Iter48 A] global_step=90888/100000 local_updates=22722 loss=0.00052996 recon=0.00012182 behavior=0.00000000 behavior_weight=0.000000 c=[1.0, 1.0, 1.0]
[Iter48 A] global_step=91336/100000 local_updates=22834 loss=0.00014983 recon=0.00010349 behavior=0.00000000 behavior_weight=0.000000 c=[1.0, 1.0, 1.0]
[Iter48 A] global_step=91792/100000 local_updates=22948 loss=0.00022110 recon=0.00011836 behavior=0.00000000 behavior_weight=0.000000 c=[1.0, 1.0, 1.0]
[Iter48 A] global_step=92248/100000 local_updates=23062 loss=0.00031618 recon=0.00011754 behavior=0.00000000 behavior_weight=0.000000 c=[1.0, 1.0, 1.0]
[Iter48 A] global_step=92692/100000 local_updates=23173 loss=0.00025556 recon=0.00013095 behavior=0.00000000 behavior_weight=0.000000 c=[1.0, 1.0, 1.0]
[Iter48 A] global_step=93148/100000 local_updates=23287 loss=0.00022607 recon=0.00011956 behavior=0.00000000 behavior_weight=0.000000 c=[1.0, 1.0, 1.0]
[Iter48 A] global_step=93596/100000 local_updates=23399 loss=0.00028901 recon=0.00011535 behavior=0.00000000 behavior_weight=0.000000 c=[1.0, 1.0, 1.0]
[Iter48 A] global_step=94044/100000 local_updates=23511 loss=0.00026927 recon=0.00012128 behavior=0.00000000 behavior_weight=0.000000 c=[1.0, 1.0, 1.0]
[Iter48 A] global_step=94492/100000 local_updates=23623 loss=0.00016317 recon=0.00011813 behavior=0.00000000 behavior_weight=0.000000 c=[1.0, 1.0, 1.0]
[Iter48 A] global_step=94948/100000 local_updates=23737 loss=0.00017199 recon=0.00010905 behavior=0.00000000 behavior_weight=0.000000 c=[1.0, 1.0, 1.0]
[Iter48 A] global_step=95404/100000 local_updates=23851 loss=0.00020331 recon=0.00011318 behavior=0.00000000 behavior_weight=0.000000 c=[1.0, 1.0, 1.0]
[Iter48 A] global_step=95848/100000 local_updates=23962 loss=0.00023879 recon=0.00011131 behavior=0.00000000 behavior_weight=0.000000 c=[1.0, 1.0, 1.0]
[Iter48 A] global_step=96292/100000 local_updates=24073 loss=0.00031763 recon=0.00011234 behavior=0.00000000 behavior_weight=0.000000 c=[1.0, 1.0, 1.0]
[Iter48 A] global_step=96740/100000 local_updates=24185 loss=0.00021527 recon=0.00011703 behavior=0.00000000 behavior_weight=0.000000 c=[1.0, 1.0, 1.0]
[Iter48 A] global_step=97188/100000 local_updates=24297 loss=0.00071111 recon=0.00013306 behavior=0.00000000 behavior_weight=0.000000 c=[1.0, 1.0, 1.0]
[Iter48 A] global_step=97644/100000 local_updates=24411 loss=0.00032015 recon=0.00012438 behavior=0.00000000 behavior_weight=0.000000 c=[1.0, 1.0, 1.0]
[Iter48 A] global_step=98100/100000 local_updates=24525 loss=0.00034168 recon=0.00011417 behavior=0.00000000 behavior_weight=0.000000 c=[1.0, 1.0, 1.0]
[Iter48 A] global_step=98552/100000 local_updates=24638 loss=0.00020137 recon=0.00010545 behavior=0.00000000 behavior_weight=0.000000 c=[1.0, 1.0, 1.0]
[Iter48 A] global_step=99008/100000 local_updates=24752 loss=0.00014339 recon=0.00010168 behavior=0.00000000 behavior_weight=0.000000 c=[1.0, 1.0, 1.0]
[Iter48 A] global_step=99456/100000 local_updates=24864 loss=0.00017799 recon=0.00010727 behavior=0.00000000 behavior_weight=0.000000 c=[1.0, 1.0, 1.0]
[Iter48 A] global_step=99904/100000 local_updates=24976 loss=0.00021230 recon=0.00011874 behavior=0.00000000 behavior_weight=0.000000 c=[1.0, 1.0, 1.0]
[Iter48 A] global_step=100000/100000 loss=0.00030530 recon=0.00011879 behavior=0.00000000 behavior_weight=0.000000 curvature_alpha=0.000000 c=[1.0, 1.0, 1.0] epsilon=[0.003, 0.003, 0.003] curvature_reg=0.00000000 raw_unique=17110/24587 collision=0.304104 codebook_used=[256, 223, 243]
