W0929 10:23:38.529071 3734831 /fs04/scratch2/ar57/wenyu/genrec_env_v2/lib/python3.9/site-packages/torch/distributed/run.py:774] 
W0929 10:23:38.529071 3734831 /fs04/scratch2/ar57/wenyu/genrec_env_v2/lib/python3.9/site-packages/torch/distributed/run.py:774] *****************************************
W0929 10:23:38.529071 3734831 /fs04/scratch2/ar57/wenyu/genrec_env_v2/lib/python3.9/site-packages/torch/distributed/run.py:774] Setting OMP_NUM_THREADS environment variable for each process to be 1 in default, to avoid your system being overloaded, please further tune the variable for optimal performance in your application as needed. 
W0929 10:23:38.529071 3734831 /fs04/scratch2/ar57/wenyu/genrec_env_v2/lib/python3.9/site-packages/torch/distributed/run.py:774] *****************************************
[Iter48 BASELINE] cold_start=true max_global_steps=40000 batch_size_per_rank=512 effective_item_batch=1024 total_effective_batch=4096 initial_c=[1.0, 1.0, 1.0] layer_beta2=[0.999, 0.999, 0.999]
[RecBole RQ-VAE] initializing codebooks with KMeans
/home/wlia0047/ar57/wenyu/GeneRec/stage2_RQ-VAE/curvature_RQ-VAE_iter48/model/layers.py:104: UserWarning: Deterministic behavior was enabled with either `torch.use_deterministic_algorithms(True)` or `at::Context::setDeterministicAlgorithms(true)`, but this operation is not deterministic because it uses CuBLAS and you have CUDA >= 10.2. To enable deterministic behavior in this case, you must set an environment variable before running your PyTorch application: CUBLAS_WORKSPACE_CONFIG=:4096:8 or CUBLAS_WORKSPACE_CONFIG=:16:8. For more information, go to https://docs.nvidia.com/cuda/cublas/index.html#results-reproducibility (Triggered internally at /pytorch/aten/src/ATen/Context.cpp:233.)
  dot = x_point @ y_point.t()
/home/wlia0047/ar57/wenyu/GeneRec/stage2_RQ-VAE/curvature_RQ-VAE_iter48/model/layers.py:104: UserWarning: Deterministic behavior was enabled with either `torch.use_deterministic_algorithms(True)` or `at::Context::setDeterministicAlgorithms(true)`, but this operation is not deterministic because it uses CuBLAS and you have CUDA >= 10.2. To enable deterministic behavior in this case, you must set an environment variable before running your PyTorch application: CUBLAS_WORKSPACE_CONFIG=:4096:8 or CUBLAS_WORKSPACE_CONFIG=:16:8. For more information, go to https://docs.nvidia.com/cuda/cublas/index.html#results-reproducibility (Triggered internally at /pytorch/aten/src/ATen/Context.cpp:233.)
  dot = x_point @ y_point.t()
/home/wlia0047/ar57/wenyu/GeneRec/stage2_RQ-VAE/curvature_RQ-VAE_iter48/model/layers.py:104: UserWarning: Deterministic behavior was enabled with either `torch.use_deterministic_algorithms(True)` or `at::Context::setDeterministicAlgorithms(true)`, but this operation is not deterministic because it uses CuBLAS and you have CUDA >= 10.2. To enable deterministic behavior in this case, you must set an environment variable before running your PyTorch application: CUBLAS_WORKSPACE_CONFIG=:4096:8 or CUBLAS_WORKSPACE_CONFIG=:16:8. For more information, go to https://docs.nvidia.com/cuda/cublas/index.html#results-reproducibility (Triggered internally at /pytorch/aten/src/ATen/Context.cpp:233.)
  dot = x_point @ y_point.t()
/home/wlia0047/ar57/wenyu/GeneRec/stage2_RQ-VAE/curvature_RQ-VAE_iter48/model/layers.py:104: UserWarning: Deterministic behavior was enabled with either `torch.use_deterministic_algorithms(True)` or `at::Context::setDeterministicAlgorithms(true)`, but this operation is not deterministic because it uses CuBLAS and you have CUDA >= 10.2. To enable deterministic behavior in this case, you must set an environment variable before running your PyTorch application: CUBLAS_WORKSPACE_CONFIG=:4096:8 or CUBLAS_WORKSPACE_CONFIG=:16:8. For more information, go to https://docs.nvidia.com/cuda/cublas/index.html#results-reproducibility (Triggered internally at /pytorch/aten/src/ATen/Context.cpp:233.)
  dot = x_point @ y_point.t()
/home/wlia0047/ar57/wenyu/GeneRec/stage2_RQ-VAE/curvature_RQ-VAE_iter48/model/layers.py:104: UserWarning: Deterministic behavior was enabled with either `torch.use_deterministic_algorithms(True)` or `at::Context::setDeterministicAlgorithms(true)`, but this operation is not deterministic because it uses CuBLAS and you have CUDA >= 10.2. To enable deterministic behavior in this case, you must set an environment variable before running your PyTorch application: CUBLAS_WORKSPACE_CONFIG=:4096:8 or CUBLAS_WORKSPACE_CONFIG=:16:8. For more information, go to https://docs.nvidia.com/cuda/cublas/index.html#results-reproducibility (Triggered internally at /pytorch/aten/src/ATen/Context.cpp:233.)
  dot = x_point @ y_point.t()
/home/wlia0047/ar57/wenyu/GeneRec/stage2_RQ-VAE/curvature_RQ-VAE_iter48/model/layers.py:104: UserWarning: Deterministic behavior was enabled with either `torch.use_deterministic_algorithms(True)` or `at::Context::setDeterministicAlgorithms(true)`, but this operation is not deterministic because it uses CuBLAS and you have CUDA >= 10.2. To enable deterministic behavior in this case, you must set an environment variable before running your PyTorch application: CUBLAS_WORKSPACE_CONFIG=:4096:8 or CUBLAS_WORKSPACE_CONFIG=:16:8. For more information, go to https://docs.nvidia.com/cuda/cublas/index.html#results-reproducibility (Triggered internally at /pytorch/aten/src/ATen/Context.cpp:233.)
  dot = x_point @ y_point.t()
/home/wlia0047/ar57/wenyu/GeneRec/stage2_RQ-VAE/curvature_RQ-VAE_iter48/model/layers.py:104: UserWarning: Deterministic behavior was enabled with either `torch.use_deterministic_algorithms(True)` or `at::Context::setDeterministicAlgorithms(true)`, but this operation is not deterministic because it uses CuBLAS and you have CUDA >= 10.2. To enable deterministic behavior in this case, you must set an environment variable before running your PyTorch application: CUBLAS_WORKSPACE_CONFIG=:4096:8 or CUBLAS_WORKSPACE_CONFIG=:16:8. For more information, go to https://docs.nvidia.com/cuda/cublas/index.html#results-reproducibility (Triggered internally at /pytorch/aten/src/ATen/Context.cpp:233.)
  dot = x_point @ y_point.t()
/home/wlia0047/ar57/wenyu/GeneRec/stage2_RQ-VAE/curvature_RQ-VAE_iter48/model/layers.py:104: UserWarning: Deterministic behavior was enabled with either `torch.use_deterministic_algorithms(True)` or `at::Context::setDeterministicAlgorithms(true)`, but this operation is not deterministic because it uses CuBLAS and you have CUDA >= 10.2. To enable deterministic behavior in this case, you must set an environment variable before running your PyTorch application: CUBLAS_WORKSPACE_CONFIG=:4096:8 or CUBLAS_WORKSPACE_CONFIG=:16:8. For more information, go to https://docs.nvidia.com/cuda/cublas/index.html#results-reproducibility (Triggered internally at /pytorch/aten/src/ATen/Context.cpp:233.)
  dot = x_point @ y_point.t()
/home/wlia0047/ar57/wenyu/GeneRec/stage2_RQ-VAE/curvature_RQ-VAE_iter48/model/layers.py:104: UserWarning: Deterministic behavior was enabled with either `torch.use_deterministic_algorithms(True)` or `at::Context::setDeterministicAlgorithms(true)`, but this operation is not deterministic because it uses CuBLAS and you have CUDA >= 10.2. To enable deterministic behavior in this case, you must set an environment variable before running your PyTorch application: CUBLAS_WORKSPACE_CONFIG=:4096:8 or CUBLAS_WORKSPACE_CONFIG=:16:8. For more information, go to https://docs.nvidia.com/cuda/cublas/index.html#results-reproducibility (Triggered internally at /pytorch/aten/src/ATen/Context.cpp:233.)
  dot = x_point @ y_point.t()
/home/wlia0047/ar57_scratch/wenyu/genrec_env_v2/lib64/python3.9/site-packages/torch/distributed/distributed_c10d.py:4807: UserWarning: No device id is provided via `init_process_group` or `barrier `. Using the current device set by the user. 
  warnings.warn(  # warn only once
/home/wlia0047/ar57/wenyu/GeneRec/stage2_RQ-VAE/curvature_RQ-VAE_iter48/model/layers.py:104: UserWarning: Deterministic behavior was enabled with either `torch.use_deterministic_algorithms(True)` or `at::Context::setDeterministicAlgorithms(true)`, but this operation is not deterministic because it uses CuBLAS and you have CUDA >= 10.2. To enable deterministic behavior in this case, you must set an environment variable before running your PyTorch application: CUBLAS_WORKSPACE_CONFIG=:4096:8 or CUBLAS_WORKSPACE_CONFIG=:16:8. For more information, go to https://docs.nvidia.com/cuda/cublas/index.html#results-reproducibility (Triggered internally at /pytorch/aten/src/ATen/Context.cpp:233.)
  dot = x_point @ y_point.t()
/home/wlia0047/ar57/wenyu/GeneRec/stage2_RQ-VAE/curvature_RQ-VAE_iter48/model/layers.py:104: UserWarning: Deterministic behavior was enabled with either `torch.use_deterministic_algorithms(True)` or `at::Context::setDeterministicAlgorithms(true)`, but this operation is not deterministic because it uses CuBLAS and you have CUDA >= 10.2. To enable deterministic behavior in this case, you must set an environment variable before running your PyTorch application: CUBLAS_WORKSPACE_CONFIG=:4096:8 or CUBLAS_WORKSPACE_CONFIG=:16:8. For more information, go to https://docs.nvidia.com/cuda/cublas/index.html#results-reproducibility (Triggered internally at /pytorch/aten/src/ATen/Context.cpp:233.)
  dot = x_point @ y_point.t()
/home/wlia0047/ar57_scratch/wenyu/genrec_env_v2/lib64/python3.9/site-packages/torch/distributed/distributed_c10d.py:4807: UserWarning: No device id is provided via `init_process_group` or `barrier `. Using the current device set by the user. 
  warnings.warn(  # warn only once
/home/wlia0047/ar57_scratch/wenyu/genrec_env_v2/lib64/python3.9/site-packages/torch/distributed/distributed_c10d.py:4807: UserWarning: No device id is provided via `init_process_group` or `barrier `. Using the current device set by the user. 
  warnings.warn(  # warn only once
/home/wlia0047/ar57/wenyu/GeneRec/stage2_RQ-VAE/curvature_RQ-VAE_iter48/model/layers.py:104: UserWarning: Deterministic behavior was enabled with either `torch.use_deterministic_algorithms(True)` or `at::Context::setDeterministicAlgorithms(true)`, but this operation is not deterministic because it uses CuBLAS and you have CUDA >= 10.2. To enable deterministic behavior in this case, you must set an environment variable before running your PyTorch application: CUBLAS_WORKSPACE_CONFIG=:4096:8 or CUBLAS_WORKSPACE_CONFIG=:16:8. For more information, go to https://docs.nvidia.com/cuda/cublas/index.html#results-reproducibility (Triggered internally at /pytorch/aten/src/ATen/Context.cpp:233.)
  dot = x_point @ y_point.t()
/home/wlia0047/ar57_scratch/wenyu/genrec_env_v2/lib64/python3.9/site-packages/torch/distributed/distributed_c10d.py:4807: UserWarning: No device id is provided via `init_process_group` or `barrier `. Using the current device set by the user. 
  warnings.warn(  # warn only once
/home/wlia0047/ar57_scratch/wenyu/genrec_env_v2/lib64/python3.9/site-packages/torch/autograd/graph.py:829: UserWarning: Deterministic behavior was enabled with either `torch.use_deterministic_algorithms(True)` or `at::Context::setDeterministicAlgorithms(true)`, but this operation is not deterministic because it uses CuBLAS and you have CUDA >= 10.2. To enable deterministic behavior in this case, you must set an environment variable before running your PyTorch application: CUBLAS_WORKSPACE_CONFIG=:4096:8 or CUBLAS_WORKSPACE_CONFIG=:16:8. For more information, go to https://docs.nvidia.com/cuda/cublas/index.html#results-reproducibility (Triggered internally at /pytorch/aten/src/ATen/Context.cpp:233.)
  return Variable._execution_engine.run_backward(  # Calls into the C++ engine to run the backward pass
/home/wlia0047/ar57_scratch/wenyu/genrec_env_v2/lib64/python3.9/site-packages/torch/autograd/graph.py:829: UserWarning: Deterministic behavior was enabled with either `torch.use_deterministic_algorithms(True)` or `at::Context::setDeterministicAlgorithms(true)`, but this operation is not deterministic because it uses CuBLAS and you have CUDA >= 10.2. To enable deterministic behavior in this case, you must set an environment variable before running your PyTorch application: CUBLAS_WORKSPACE_CONFIG=:4096:8 or CUBLAS_WORKSPACE_CONFIG=:16:8. For more information, go to https://docs.nvidia.com/cuda/cublas/index.html#results-reproducibility (Triggered internally at /pytorch/aten/src/ATen/Context.cpp:233.)
  return Variable._execution_engine.run_backward(  # Calls into the C++ engine to run the backward pass
/home/wlia0047/ar57_scratch/wenyu/genrec_env_v2/lib64/python3.9/site-packages/torch/autograd/graph.py:829: UserWarning: Deterministic behavior was enabled with either `torch.use_deterministic_algorithms(True)` or `at::Context::setDeterministicAlgorithms(true)`, but this operation is not deterministic because it uses CuBLAS and you have CUDA >= 10.2. To enable deterministic behavior in this case, you must set an environment variable before running your PyTorch application: CUBLAS_WORKSPACE_CONFIG=:4096:8 or CUBLAS_WORKSPACE_CONFIG=:16:8. For more information, go to https://docs.nvidia.com/cuda/cublas/index.html#results-reproducibility (Triggered internally at /pytorch/aten/src/ATen/Context.cpp:233.)
  return Variable._execution_engine.run_backward(  # Calls into the C++ engine to run the backward pass
/home/wlia0047/ar57_scratch/wenyu/genrec_env_v2/lib64/python3.9/site-packages/torch/autograd/graph.py:829: UserWarning: Deterministic behavior was enabled with either `torch.use_deterministic_algorithms(True)` or `at::Context::setDeterministicAlgorithms(true)`, but this operation is not deterministic because it uses CuBLAS and you have CUDA >= 10.2. To enable deterministic behavior in this case, you must set an environment variable before running your PyTorch application: CUBLAS_WORKSPACE_CONFIG=:4096:8 or CUBLAS_WORKSPACE_CONFIG=:16:8. For more information, go to https://docs.nvidia.com/cuda/cublas/index.html#results-reproducibility (Triggered internally at /pytorch/aten/src/ATen/Context.cpp:233.)
  return Variable._execution_engine.run_backward(  # Calls into the C++ engine to run the backward pass
[Iter48 BASELINE] global_step=436/40000 local_updates=109 loss=0.00048770 recon=0.00013237 behavior=0.00000000 behavior_weight=0.000000 c=[1.0, 1.0, 1.0]
[Iter48 BASELINE] global_step=876/40000 local_updates=219 loss=0.00025976 recon=0.00013140 behavior=0.00000000 behavior_weight=0.000000 c=[1.0, 1.0, 1.0]
[Iter48 BASELINE] global_step=1320/40000 local_updates=330 loss=0.00022332 recon=0.00013520 behavior=0.00000000 behavior_weight=0.000000 c=[1.0, 1.0, 1.0]
[Iter48 BASELINE] global_step=1776/40000 local_updates=444 loss=0.00018161 recon=0.00012292 behavior=0.00000000 behavior_weight=0.000000 c=[1.0, 1.0, 1.0]
[Iter48 BASELINE] global_step=2220/40000 local_updates=555 loss=0.00017985 recon=0.00013098 behavior=0.00000000 behavior_weight=0.000000 c=[1.0, 1.0, 1.0]
[Iter48 BASELINE] global_step=2676/40000 local_updates=669 loss=0.00017637 recon=0.00012987 behavior=0.00000000 behavior_weight=0.000000 c=[1.0, 1.0, 1.0]
[Iter48 BASELINE] global_step=3124/40000 local_updates=781 loss=0.00019079 recon=0.00013678 behavior=0.00000000 behavior_weight=0.000000 c=[1.0, 1.0, 1.0]
[Iter48 BASELINE] global_step=3568/40000 local_updates=892 loss=0.00017512 recon=0.00012693 behavior=0.00000000 behavior_weight=0.000000 c=[1.0, 1.0, 1.0]
[Iter48 BASELINE] global_step=4024/40000 local_updates=1006 loss=0.00022756 recon=0.00013086 behavior=0.00000000 behavior_weight=0.000000 c=[1.0, 1.0, 1.0]
[Iter48 BASELINE] global_step=4472/40000 local_updates=1118 loss=0.00086415 recon=0.00014220 behavior=0.00000000 behavior_weight=0.000000 c=[1.0, 1.0, 1.0]
[Iter48 BASELINE] global_step=4920/40000 local_updates=1230 loss=0.00023118 recon=0.00010969 behavior=0.00000000 behavior_weight=0.000000 c=[1.0, 1.0, 1.0]
[Iter48 BASELINE] global_step=5376/40000 local_updates=1344 loss=0.00033570 recon=0.00012760 behavior=0.00000000 behavior_weight=0.000000 c=[1.0, 1.0, 1.0]
[Iter48 BASELINE] global_step=5824/40000 local_updates=1456 loss=0.00073088 recon=0.00015158 behavior=0.00000000 behavior_weight=0.000000 c=[1.0, 1.0, 1.0]
[Iter48 BASELINE] global_step=6272/40000 local_updates=1568 loss=0.00024675 recon=0.00012389 behavior=0.00000000 behavior_weight=0.000000 c=[1.0, 1.0, 1.0]
[Iter48 BASELINE] global_step=6720/40000 local_updates=1680 loss=0.00033966 recon=0.00013077 behavior=0.00000000 behavior_weight=0.000000 c=[1.0, 1.0, 1.0]
[Iter48 BASELINE] global_step=7176/40000 local_updates=1794 loss=0.00038819 recon=0.00013247 behavior=0.00000000 behavior_weight=0.000000 c=[1.0, 1.0, 1.0]
[Iter48 BASELINE] global_step=7632/40000 local_updates=1908 loss=0.00024160 recon=0.00012776 behavior=0.00000000 behavior_weight=0.000000 c=[1.0, 1.0, 1.0]
[Iter48 BASELINE] global_step=8076/40000 local_updates=2019 loss=0.00022819 recon=0.00011899 behavior=0.00000000 behavior_weight=0.000000 c=[1.0, 1.0, 1.0]
[Iter48 BASELINE] global_step=8532/40000 local_updates=2133 loss=0.00021743 recon=0.00011683 behavior=0.00000000 behavior_weight=0.000000 c=[1.0, 1.0, 1.0]
[Iter48 BASELINE] global_step=8976/40000 local_updates=2244 loss=0.00033503 recon=0.00011941 behavior=0.00000000 behavior_weight=0.000000 c=[1.0, 1.0, 1.0]
[Iter48 BASELINE] global_step=9424/40000 local_updates=2356 loss=0.00021297 recon=0.00010874 behavior=0.00000000 behavior_weight=0.000000 c=[1.0, 1.0, 1.0]
[Iter48 BASELINE] global_step=9880/40000 local_updates=2470 loss=0.00019638 recon=0.00011241 behavior=0.00000000 behavior_weight=0.000000 c=[1.0, 1.0, 1.0]
[Iter48 BASELINE] global_step=10000/40000 loss=0.00060449 recon=0.00012631 behavior=0.00000000 behavior_weight=0.000000 curvature_alpha=0.000000 c=[1.0, 1.0, 1.0] epsilon=[0.003, 0.003, 0.003] curvature_reg=0.00000000 raw_unique=20753/24587 collision=0.155936 codebook_used=[256, 256, 256]
[Iter48 BASELINE] global_step=10448/40000 local_updates=2612 loss=0.00019428 recon=0.00012290 behavior=0.00000000 behavior_weight=0.000000 c=[1.0, 1.0, 1.0]
[Iter48 BASELINE] global_step=10896/40000 local_updates=2724 loss=0.00015222 recon=0.00010757 behavior=0.00000000 behavior_weight=0.000000 c=[1.0, 1.0, 1.0]
[Iter48 BASELINE] global_step=11352/40000 local_updates=2838 loss=0.00016300 recon=0.00010825 behavior=0.00000000 behavior_weight=0.000000 c=[1.0, 1.0, 1.0]
[Iter48 BASELINE] global_step=11800/40000 local_updates=2950 loss=0.00016557 recon=0.00011643 behavior=0.00000000 behavior_weight=0.000000 c=[1.0, 1.0, 1.0]
[Iter48 BASELINE] global_step=12248/40000 local_updates=3062 loss=0.00014551 recon=0.00010667 behavior=0.00000000 behavior_weight=0.000000 c=[1.0, 1.0, 1.0]
[Iter48 BASELINE] global_step=12704/40000 local_updates=3176 loss=0.00016617 recon=0.00010654 behavior=0.00000000 behavior_weight=0.000000 c=[1.0, 1.0, 1.0]
[Iter48 BASELINE] global_step=13140/40000 local_updates=3285 loss=0.00014985 recon=0.00009892 behavior=0.00000000 behavior_weight=0.000000 c=[1.0, 1.0, 1.0]
[Iter48 BASELINE] global_step=13572/40000 local_updates=3393 loss=0.00021538 recon=0.00012366 behavior=0.00000000 behavior_weight=0.000000 c=[1.0, 1.0, 1.0]
[Iter48 BASELINE] global_step=14012/40000 local_updates=3503 loss=0.00015926 recon=0.00011422 behavior=0.00000000 behavior_weight=0.000000 c=[1.0, 1.0, 1.0]
[Iter48 BASELINE] global_step=14448/40000 local_updates=3612 loss=0.00017402 recon=0.00009926 behavior=0.00000000 behavior_weight=0.000000 c=[1.0, 1.0, 1.0]
[Iter48 BASELINE] global_step=14880/40000 local_updates=3720 loss=0.00049688 recon=0.00013820 behavior=0.00000000 behavior_weight=0.000000 c=[1.0, 1.0, 1.0]
[Iter48 BASELINE] global_step=15320/40000 local_updates=3830 loss=0.00059588 recon=0.00014154 behavior=0.00000000 behavior_weight=0.000000 c=[1.0, 1.0, 1.0]
[Iter48 BASELINE] global_step=15756/40000 local_updates=3939 loss=0.00033213 recon=0.00011715 behavior=0.00000000 behavior_weight=0.000000 c=[1.0, 1.0, 1.0]
[Iter48 BASELINE] global_step=16196/40000 local_updates=4049 loss=0.00059461 recon=0.00011677 behavior=0.00000000 behavior_weight=0.000000 c=[1.0, 1.0, 1.0]
[Iter48 BASELINE] global_step=16628/40000 local_updates=4157 loss=0.00067502 recon=0.00011780 behavior=0.00000000 behavior_weight=0.000000 c=[1.0, 1.0, 1.0]
[Iter48 BASELINE] global_step=17064/40000 local_updates=4266 loss=0.00025644 recon=0.00012066 behavior=0.00000000 behavior_weight=0.000000 c=[1.0, 1.0, 1.0]
[Iter48 BASELINE] global_step=17504/40000 local_updates=4376 loss=0.00017738 recon=0.00010357 behavior=0.00000000 behavior_weight=0.000000 c=[1.0, 1.0, 1.0]
[Iter48 BASELINE] global_step=17936/40000 local_updates=4484 loss=0.00012863 recon=0.00009083 behavior=0.00000000 behavior_weight=0.000000 c=[1.0, 1.0, 1.0]
[Iter48 BASELINE] global_step=18380/40000 local_updates=4595 loss=0.00014578 recon=0.00010303 behavior=0.00000000 behavior_weight=0.000000 c=[1.0, 1.0, 1.0]
[Iter48 BASELINE] global_step=18812/40000 local_updates=4703 loss=0.00016657 recon=0.00010644 behavior=0.00000000 behavior_weight=0.000000 c=[1.0, 1.0, 1.0]
[Iter48 BASELINE] global_step=19256/40000 local_updates=4814 loss=0.00019087 recon=0.00010715 behavior=0.00000000 behavior_weight=0.000000 c=[1.0, 1.0, 1.0]
[Iter48 BASELINE] global_step=19688/40000 local_updates=4922 loss=0.00017467 recon=0.00010045 behavior=0.00000000 behavior_weight=0.000000 c=[1.0, 1.0, 1.0]
[Iter48 BASELINE] global_step=20000/40000 loss=0.00026307 recon=0.00011069 behavior=0.00000000 behavior_weight=0.000000 curvature_alpha=0.000000 c=[1.0, 1.0, 1.0] epsilon=[0.003, 0.003, 0.003] curvature_reg=0.00000000 raw_unique=11280/24587 collision=0.541221 codebook_used=[256, 254, 256]
[Iter48 BASELINE] global_step=20436/40000 local_updates=5109 loss=0.00054643 recon=0.00013712 behavior=0.00000000 behavior_weight=0.000000 c=[1.0, 1.0, 1.0]
[Iter48 BASELINE] global_step=20868/40000 local_updates=5217 loss=0.00059806 recon=0.00010982 behavior=0.00000000 behavior_weight=0.000000 c=[1.0, 1.0, 1.0]
[Iter48 BASELINE] global_step=21304/40000 local_updates=5326 loss=0.00045818 recon=0.00011572 behavior=0.00000000 behavior_weight=0.000000 c=[1.0, 1.0, 1.0]
[Iter48 BASELINE] global_step=21748/40000 local_updates=5437 loss=0.00020385 recon=0.00010780 behavior=0.00000000 behavior_weight=0.000000 c=[1.0, 1.0, 1.0]
[Iter48 BASELINE] global_step=22180/40000 local_updates=5545 loss=0.00020213 recon=0.00010107 behavior=0.00000000 behavior_weight=0.000000 c=[1.0, 1.0, 1.0]
[Iter48 BASELINE] global_step=22612/40000 local_updates=5653 loss=0.00024063 recon=0.00010873 behavior=0.00000000 behavior_weight=0.000000 c=[1.0, 1.0, 1.0]
[Iter48 BASELINE] global_step=23056/40000 local_updates=5764 loss=0.00016988 recon=0.00010322 behavior=0.00000000 behavior_weight=0.000000 c=[1.0, 1.0, 1.0]
[Iter48 BASELINE] global_step=23496/40000 local_updates=5874 loss=0.00021247 recon=0.00011637 behavior=0.00000000 behavior_weight=0.000000 c=[1.0, 1.0, 1.0]
[Iter48 BASELINE] global_step=23928/40000 local_updates=5982 loss=0.00020137 recon=0.00010421 behavior=0.00000000 behavior_weight=0.000000 c=[1.0, 1.0, 1.0]
[Iter48 BASELINE] global_step=24372/40000 local_updates=6093 loss=0.00016897 recon=0.00009683 behavior=0.00000000 behavior_weight=0.000000 c=[1.0, 1.0, 1.0]
[Iter48 BASELINE] global_step=24804/40000 local_updates=6201 loss=0.00033946 recon=0.00010782 behavior=0.00000000 behavior_weight=0.000000 c=[1.0, 1.0, 1.0]
[Iter48 BASELINE] global_step=25236/40000 local_updates=6309 loss=0.00089603 recon=0.00011814 behavior=0.00000000 behavior_weight=0.000000 c=[1.0, 1.0, 1.0]
[Iter48 BASELINE] global_step=25680/40000 local_updates=6420 loss=0.00054004 recon=0.00013982 behavior=0.00000000 behavior_weight=0.000000 c=[1.0, 1.0, 1.0]
[Iter48 BASELINE] global_step=26112/40000 local_updates=6528 loss=0.00032278 recon=0.00010261 behavior=0.00000000 behavior_weight=0.000000 c=[1.0, 1.0, 1.0]
[Iter48 BASELINE] global_step=26548/40000 local_updates=6637 loss=0.00049818 recon=0.00010926 behavior=0.00000000 behavior_weight=0.000000 c=[1.0, 1.0, 1.0]
[Iter48 BASELINE] global_step=26992/40000 local_updates=6748 loss=0.00024858 recon=0.00009407 behavior=0.00000000 behavior_weight=0.000000 c=[1.0, 1.0, 1.0]
[Iter48 BASELINE] global_step=27436/40000 local_updates=6859 loss=0.00015923 recon=0.00008811 behavior=0.00000000 behavior_weight=0.000000 c=[1.0, 1.0, 1.0]
[Iter48 BASELINE] global_step=27872/40000 local_updates=6968 loss=0.00016264 recon=0.00009540 behavior=0.00000000 behavior_weight=0.000000 c=[1.0, 1.0, 1.0]
[Iter48 BASELINE] global_step=28312/40000 local_updates=7078 loss=0.00025065 recon=0.00008974 behavior=0.00000000 behavior_weight=0.000000 c=[1.0, 1.0, 1.0]
[Iter48 BASELINE] global_step=28744/40000 local_updates=7186 loss=0.00031651 recon=0.00009816 behavior=0.00000000 behavior_weight=0.000000 c=[1.0, 1.0, 1.0]
[Iter48 BASELINE] global_step=29176/40000 local_updates=7294 loss=0.00076309 recon=0.00011863 behavior=0.00000000 behavior_weight=0.000000 c=[1.0, 1.0, 1.0]
[Iter48 BASELINE] global_step=29616/40000 local_updates=7404 loss=0.00047700 recon=0.00012314 behavior=0.00000000 behavior_weight=0.000000 c=[1.0, 1.0, 1.0]
[Iter48 BASELINE] global_step=30000/40000 loss=0.00035675 recon=0.00010708 behavior=0.00000000 behavior_weight=0.000000 curvature_alpha=0.000000 c=[1.0, 1.0, 1.0] epsilon=[0.003, 0.003, 0.003] curvature_reg=0.00000000 raw_unique=13947/24587 collision=0.432749 codebook_used=[256, 255, 252]
[Iter48 BASELINE] global_step=30436/40000 local_updates=7609 loss=0.00017027 recon=0.00010457 behavior=0.00000000 behavior_weight=0.000000 c=[1.0, 1.0, 1.0]
[Iter48 BASELINE] global_step=30880/40000 local_updates=7720 loss=0.00018967 recon=0.00009460 behavior=0.00000000 behavior_weight=0.000000 c=[1.0, 1.0, 1.0]
[Iter48 BASELINE] global_step=31324/40000 local_updates=7831 loss=0.00021179 recon=0.00008565 behavior=0.00000000 behavior_weight=0.000000 c=[1.0, 1.0, 1.0]
[Iter48 BASELINE] global_step=31760/40000 local_updates=7940 loss=0.00028272 recon=0.00009661 behavior=0.00000000 behavior_weight=0.000000 c=[1.0, 1.0, 1.0]
[Iter48 BASELINE] global_step=32196/40000 local_updates=8049 loss=0.00060715 recon=0.00011839 behavior=0.00000000 behavior_weight=0.000000 c=[1.0, 1.0, 1.0]
[Iter48 BASELINE] global_step=32640/40000 local_updates=8160 loss=0.00024898 recon=0.00009861 behavior=0.00000000 behavior_weight=0.000000 c=[1.0, 1.0, 1.0]
[Iter48 BASELINE] global_step=33076/40000 local_updates=8269 loss=0.00013802 recon=0.00009399 behavior=0.00000000 behavior_weight=0.000000 c=[1.0, 1.0, 1.0]
[Iter48 BASELINE] global_step=33508/40000 local_updates=8377 loss=0.00015070 recon=0.00009530 behavior=0.00000000 behavior_weight=0.000000 c=[1.0, 1.0, 1.0]
[Iter48 BASELINE] global_step=33952/40000 local_updates=8488 loss=0.00021335 recon=0.00009526 behavior=0.00000000 behavior_weight=0.000000 c=[1.0, 1.0, 1.0]
[Iter48 BASELINE] global_step=34388/40000 local_updates=8597 loss=0.00013980 recon=0.00008455 behavior=0.00000000 behavior_weight=0.000000 c=[1.0, 1.0, 1.0]
[Iter48 BASELINE] global_step=34820/40000 local_updates=8705 loss=0.00016824 recon=0.00009361 behavior=0.00000000 behavior_weight=0.000000 c=[1.0, 1.0, 1.0]
[Iter48 BASELINE] global_step=35264/40000 local_updates=8816 loss=0.00042021 recon=0.00009791 behavior=0.00000000 behavior_weight=0.000000 c=[1.0, 1.0, 1.0]
[Iter48 BASELINE] global_step=35708/40000 local_updates=8927 loss=0.00085875 recon=0.00013253 behavior=0.00000000 behavior_weight=0.000000 c=[1.0, 1.0, 1.0]
[Iter48 BASELINE] global_step=36144/40000 local_updates=9036 loss=0.00044135 recon=0.00010539 behavior=0.00000000 behavior_weight=0.000000 c=[1.0, 1.0, 1.0]
[Iter48 BASELINE] global_step=36588/40000 local_updates=9147 loss=0.00017202 recon=0.00009397 behavior=0.00000000 behavior_weight=0.000000 c=[1.0, 1.0, 1.0]
[Iter48 BASELINE] global_step=37024/40000 local_updates=9256 loss=0.00013959 recon=0.00009579 behavior=0.00000000 behavior_weight=0.000000 c=[1.0, 1.0, 1.0]
[Iter48 BASELINE] global_step=37464/40000 local_updates=9366 loss=0.00040268 recon=0.00009548 behavior=0.00000000 behavior_weight=0.000000 c=[1.0, 1.0, 1.0]
[Iter48 BASELINE] global_step=37896/40000 local_updates=9474 loss=0.00036753 recon=0.00009164 behavior=0.00000000 behavior_weight=0.000000 c=[1.0, 1.0, 1.0]
[Iter48 BASELINE] global_step=38332/40000 local_updates=9583 loss=0.00016229 recon=0.00008991 behavior=0.00000000 behavior_weight=0.000000 c=[1.0, 1.0, 1.0]
[Iter48 BASELINE] global_step=38776/40000 local_updates=9694 loss=0.00016547 recon=0.00009207 behavior=0.00000000 behavior_weight=0.000000 c=[1.0, 1.0, 1.0]
[Iter48 BASELINE] global_step=39208/40000 local_updates=9802 loss=0.00019427 recon=0.00009836 behavior=0.00000000 behavior_weight=0.000000 c=[1.0, 1.0, 1.0]
[Iter48 BASELINE] global_step=39652/40000 local_updates=9913 loss=0.00019766 recon=0.00008916 behavior=0.00000000 behavior_weight=0.000000 c=[1.0, 1.0, 1.0]
[Iter48 BASELINE] global_step=40000/40000 loss=0.00028829 recon=0.00009808 behavior=0.00000000 behavior_weight=0.000000 curvature_alpha=0.000000 c=[1.0, 1.0, 1.0] epsilon=[0.003, 0.003, 0.003] curvature_reg=0.00000000 raw_unique=11614/24587 collision=0.527637 codebook_used=[256, 253, 254]
