2026-10-01 13:41:50,574 - INFO - Configuration: {'batch_size': 4096, 'infer_size': 1024, 'num_epochs': 150, 'eval_interval': 5, 'eval_start_epoch': 75, 'early_eval_epochs': (25, 50, 75, 100, 125), 'fast': True, 'bf16': True, 'use_lr_scheduler': True, 'lr_warmup_pct': 0.1, 'lr_min_factor': 0.2, 'compile': False, 'compile_mode': 'default', 'num_layers': 4, 'num_decoder_layers': 4, 'd_model': 128, 'd_ff': 1024, 'num_heads': 6, 'd_kv': 64, 'dropout_rate': 0.1, 'activation_function': 'relu', 'feed_forward_proj': 'relu', 'device': 'cuda', 'lr': 0.003, 'weight_decay': 0.05, 'vocab_size': 799, 'eos_token_id': 798, 'pad_token_id': 0, 'n_user_tokens': 1, 'max_len': 20, 'dataset_name': 'Amazon_2023_Instruments', 'dataset_path': '/home/wlia0047/ar57/wenyu/GeneRec/results/stage0_build_parquet/', 'codebook_size': [256, 256, 256, 1], 'code_path': '/home/wlia0047/ar57/wenyu/GeneRec/results/stage2_RQ-VAE/TIGER_RQ-VAE/item_sids.json', 'train_file': 'train.parquet', 'valid_file': 'valid.parquet', 'test_file': 'test.parquet', 'log_path': '/home/wlia0047/ar57/wenyu/GeneRec/results/stage3_T5Train/tiger/logs/', 'save_path': '/home/wlia0047/ar57/wenyu/GeneRec/results/stage3_T5Train/tiger/ckpt/', 'seed': 42, 'topk_list': [5, 10], 'beam_size': 20, 'no_eval': True, 'skip_test': False, 'screen_baseline_log': '', 'screen_start_epoch': 40, 'screen_window': 5, 'screen_min_ndcg_gain': 0.001, 'screen_min_recall_gain': 0.001, 'num_workers': 4, 'prefetch_factor': 8, 'exclude_history': True, 'no_exclude_history': False, 'pin_memory': True, 'no_pin_memory': False, 'sid_length': 4, 'max_token_seq_len': 82, 'decoder_start_token_id': 0}
2026-10-01 13:41:50,625 - INFO - #Embedding parameters: 102272
#Non-embedding parameters: 4459648
#Total trainable parameters: 4561920

2026-10-01 13:42:04,054 - INFO - Epoch 1/150 train_loss=4.791298732757569
2026-10-01 13:42:04,139 - INFO - Best train loss=4.791298732757569; saved /home/wlia0047/ar57/wenyu/GeneRec/results/stage3_T5Train/tiger/ckpt/Amazon_2023_Instruments/Oct-01-2026_13-41-50/HG_Rec_best.pth
2026-10-01 13:42:15,771 - INFO - Epoch 2/150 train_loss=4.041057682037353
2026-10-01 13:42:15,809 - INFO - Best train loss=4.041057682037353; saved /home/wlia0047/ar57/wenyu/GeneRec/results/stage3_T5Train/tiger/ckpt/Amazon_2023_Instruments/Oct-01-2026_13-41-50/HG_Rec_best.pth
2026-10-01 13:42:27,422 - INFO - Epoch 3/150 train_loss=3.8639550018310547
2026-10-01 13:42:27,461 - INFO - Best train loss=3.8639550018310547; saved /home/wlia0047/ar57/wenyu/GeneRec/results/stage3_T5Train/tiger/ckpt/Amazon_2023_Instruments/Oct-01-2026_13-41-50/HG_Rec_best.pth
2026-10-01 13:42:39,077 - INFO - Epoch 4/150 train_loss=3.6503068733215334
2026-10-01 13:42:39,116 - INFO - Best train loss=3.6503068733215334; saved /home/wlia0047/ar57/wenyu/GeneRec/results/stage3_T5Train/tiger/ckpt/Amazon_2023_Instruments/Oct-01-2026_13-41-50/HG_Rec_best.pth
2026-10-01 13:42:50,729 - INFO - Epoch 5/150 train_loss=3.457703084945679
2026-10-01 13:42:50,764 - INFO - Best train loss=3.457703084945679; saved /home/wlia0047/ar57/wenyu/GeneRec/results/stage3_T5Train/tiger/ckpt/Amazon_2023_Instruments/Oct-01-2026_13-41-50/HG_Rec_best.pth
2026-10-01 13:43:02,372 - INFO - Epoch 6/150 train_loss=3.385290765762329
2026-10-01 13:43:02,410 - INFO - Best train loss=3.385290765762329; saved /home/wlia0047/ar57/wenyu/GeneRec/results/stage3_T5Train/tiger/ckpt/Amazon_2023_Instruments/Oct-01-2026_13-41-50/HG_Rec_best.pth
2026-10-01 13:43:14,017 - INFO - Epoch 7/150 train_loss=3.1751641750335695
2026-10-01 13:43:14,053 - INFO - Best train loss=3.1751641750335695; saved /home/wlia0047/ar57/wenyu/GeneRec/results/stage3_T5Train/tiger/ckpt/Amazon_2023_Instruments/Oct-01-2026_13-41-50/HG_Rec_best.pth
2026-10-01 13:43:25,663 - INFO - Epoch 8/150 train_loss=3.0370735454559328
2026-10-01 13:43:25,700 - INFO - Best train loss=3.0370735454559328; saved /home/wlia0047/ar57/wenyu/GeneRec/results/stage3_T5Train/tiger/ckpt/Amazon_2023_Instruments/Oct-01-2026_13-41-50/HG_Rec_best.pth
2026-10-01 13:43:37,306 - INFO - Epoch 9/150 train_loss=2.9215421199798586
2026-10-01 13:43:37,343 - INFO - Best train loss=2.9215421199798586; saved /home/wlia0047/ar57/wenyu/GeneRec/results/stage3_T5Train/tiger/ckpt/Amazon_2023_Instruments/Oct-01-2026_13-41-50/HG_Rec_best.pth
2026-10-01 13:43:48,947 - INFO - Epoch 10/150 train_loss=2.8318476104736328
2026-10-01 13:43:48,984 - INFO - Best train loss=2.8318476104736328; saved /home/wlia0047/ar57/wenyu/GeneRec/results/stage3_T5Train/tiger/ckpt/Amazon_2023_Instruments/Oct-01-2026_13-41-50/HG_Rec_best.pth
2026-10-01 13:44:00,592 - INFO - Epoch 11/150 train_loss=2.753271369934082
2026-10-01 13:44:00,646 - INFO - Best train loss=2.753271369934082; saved /home/wlia0047/ar57/wenyu/GeneRec/results/stage3_T5Train/tiger/ckpt/Amazon_2023_Instruments/Oct-01-2026_13-41-50/HG_Rec_best.pth
2026-10-01 13:44:12,270 - INFO - Epoch 12/150 train_loss=2.6756928253173826
2026-10-01 13:44:12,306 - INFO - Best train loss=2.6756928253173826; saved /home/wlia0047/ar57/wenyu/GeneRec/results/stage3_T5Train/tiger/ckpt/Amazon_2023_Instruments/Oct-01-2026_13-41-50/HG_Rec_best.pth
2026-10-01 13:44:23,924 - INFO - Epoch 13/150 train_loss=2.6131761932373045
2026-10-01 13:44:23,961 - INFO - Best train loss=2.6131761932373045; saved /home/wlia0047/ar57/wenyu/GeneRec/results/stage3_T5Train/tiger/ckpt/Amazon_2023_Instruments/Oct-01-2026_13-41-50/HG_Rec_best.pth
2026-10-01 13:44:35,580 - INFO - Epoch 14/150 train_loss=2.5626261806488038
2026-10-01 13:44:35,617 - INFO - Best train loss=2.5626261806488038; saved /home/wlia0047/ar57/wenyu/GeneRec/results/stage3_T5Train/tiger/ckpt/Amazon_2023_Instruments/Oct-01-2026_13-41-50/HG_Rec_best.pth
2026-10-01 13:44:47,223 - INFO - Epoch 15/150 train_loss=2.513922758102417
2026-10-01 13:44:47,261 - INFO - Best train loss=2.513922758102417; saved /home/wlia0047/ar57/wenyu/GeneRec/results/stage3_T5Train/tiger/ckpt/Amazon_2023_Instruments/Oct-01-2026_13-41-50/HG_Rec_best.pth
2026-10-01 13:44:58,867 - INFO - Epoch 16/150 train_loss=2.471956367492676
2026-10-01 13:44:58,904 - INFO - Best train loss=2.471956367492676; saved /home/wlia0047/ar57/wenyu/GeneRec/results/stage3_T5Train/tiger/ckpt/Amazon_2023_Instruments/Oct-01-2026_13-41-50/HG_Rec_best.pth
2026-10-01 13:45:10,513 - INFO - Epoch 17/150 train_loss=2.426247730255127
2026-10-01 13:45:10,549 - INFO - Best train loss=2.426247730255127; saved /home/wlia0047/ar57/wenyu/GeneRec/results/stage3_T5Train/tiger/ckpt/Amazon_2023_Instruments/Oct-01-2026_13-41-50/HG_Rec_best.pth
2026-10-01 13:45:22,717 - INFO - Epoch 18/150 train_loss=2.4008694458007813
2026-10-01 13:45:22,772 - INFO - Best train loss=2.4008694458007813; saved /home/wlia0047/ar57/wenyu/GeneRec/results/stage3_T5Train/tiger/ckpt/Amazon_2023_Instruments/Oct-01-2026_13-41-50/HG_Rec_best.pth
2026-10-01 13:45:34,394 - INFO - Epoch 19/150 train_loss=2.375027503967285
2026-10-01 13:45:34,430 - INFO - Best train loss=2.375027503967285; saved /home/wlia0047/ar57/wenyu/GeneRec/results/stage3_T5Train/tiger/ckpt/Amazon_2023_Instruments/Oct-01-2026_13-41-50/HG_Rec_best.pth
2026-10-01 13:45:46,024 - INFO - Epoch 20/150 train_loss=2.342182283401489
2026-10-01 13:45:46,059 - INFO - Best train loss=2.342182283401489; saved /home/wlia0047/ar57/wenyu/GeneRec/results/stage3_T5Train/tiger/ckpt/Amazon_2023_Instruments/Oct-01-2026_13-41-50/HG_Rec_best.pth
2026-10-01 13:45:57,669 - INFO - Epoch 21/150 train_loss=2.3182894706726076
2026-10-01 13:45:57,704 - INFO - Best train loss=2.3182894706726076; saved /home/wlia0047/ar57/wenyu/GeneRec/results/stage3_T5Train/tiger/ckpt/Amazon_2023_Instruments/Oct-01-2026_13-41-50/HG_Rec_best.pth
2026-10-01 13:46:09,314 - INFO - Epoch 22/150 train_loss=2.297891979217529
2026-10-01 13:46:09,349 - INFO - Best train loss=2.297891979217529; saved /home/wlia0047/ar57/wenyu/GeneRec/results/stage3_T5Train/tiger/ckpt/Amazon_2023_Instruments/Oct-01-2026_13-41-50/HG_Rec_best.pth
2026-10-01 13:46:20,956 - INFO - Epoch 23/150 train_loss=2.2813083934783935
2026-10-01 13:46:20,992 - INFO - Best train loss=2.2813083934783935; saved /home/wlia0047/ar57/wenyu/GeneRec/results/stage3_T5Train/tiger/ckpt/Amazon_2023_Instruments/Oct-01-2026_13-41-50/HG_Rec_best.pth
2026-10-01 13:46:32,601 - INFO - Epoch 24/150 train_loss=2.265645456314087
2026-10-01 13:46:32,638 - INFO - Best train loss=2.265645456314087; saved /home/wlia0047/ar57/wenyu/GeneRec/results/stage3_T5Train/tiger/ckpt/Amazon_2023_Instruments/Oct-01-2026_13-41-50/HG_Rec_best.pth
2026-10-01 13:46:44,253 - INFO - Epoch 25/150 train_loss=2.2477030181884765
2026-10-01 13:46:44,289 - INFO - Best train loss=2.2477030181884765; saved /home/wlia0047/ar57/wenyu/GeneRec/results/stage3_T5Train/tiger/ckpt/Amazon_2023_Instruments/Oct-01-2026_13-41-50/HG_Rec_best.pth
2026-10-01 13:46:55,903 - INFO - Epoch 26/150 train_loss=2.227863311767578
2026-10-01 13:46:55,938 - INFO - Best train loss=2.227863311767578; saved /home/wlia0047/ar57/wenyu/GeneRec/results/stage3_T5Train/tiger/ckpt/Amazon_2023_Instruments/Oct-01-2026_13-41-50/HG_Rec_best.pth
2026-10-01 13:47:07,544 - INFO - Epoch 27/150 train_loss=2.2189637660980224
2026-10-01 13:47:07,580 - INFO - Best train loss=2.2189637660980224; saved /home/wlia0047/ar57/wenyu/GeneRec/results/stage3_T5Train/tiger/ckpt/Amazon_2023_Instruments/Oct-01-2026_13-41-50/HG_Rec_best.pth
2026-10-01 13:47:19,201 - INFO - Epoch 28/150 train_loss=2.209765577316284
2026-10-01 13:47:19,237 - INFO - Best train loss=2.209765577316284; saved /home/wlia0047/ar57/wenyu/GeneRec/results/stage3_T5Train/tiger/ckpt/Amazon_2023_Instruments/Oct-01-2026_13-41-50/HG_Rec_best.pth
2026-10-01 13:47:30,852 - INFO - Epoch 29/150 train_loss=2.1930847644805906
2026-10-01 13:47:30,890 - INFO - Best train loss=2.1930847644805906; saved /home/wlia0047/ar57/wenyu/GeneRec/results/stage3_T5Train/tiger/ckpt/Amazon_2023_Instruments/Oct-01-2026_13-41-50/HG_Rec_best.pth
2026-10-01 13:47:42,505 - INFO - Epoch 30/150 train_loss=2.181085538864136
2026-10-01 13:47:42,540 - INFO - Best train loss=2.181085538864136; saved /home/wlia0047/ar57/wenyu/GeneRec/results/stage3_T5Train/tiger/ckpt/Amazon_2023_Instruments/Oct-01-2026_13-41-50/HG_Rec_best.pth
2026-10-01 13:47:54,158 - INFO - Epoch 31/150 train_loss=2.174839162826538
2026-10-01 13:47:54,193 - INFO - Best train loss=2.174839162826538; saved /home/wlia0047/ar57/wenyu/GeneRec/results/stage3_T5Train/tiger/ckpt/Amazon_2023_Instruments/Oct-01-2026_13-41-50/HG_Rec_best.pth
2026-10-01 13:48:05,805 - INFO - Epoch 32/150 train_loss=2.159307985305786
2026-10-01 13:48:05,840 - INFO - Best train loss=2.159307985305786; saved /home/wlia0047/ar57/wenyu/GeneRec/results/stage3_T5Train/tiger/ckpt/Amazon_2023_Instruments/Oct-01-2026_13-41-50/HG_Rec_best.pth
2026-10-01 13:48:17,446 - INFO - Epoch 33/150 train_loss=2.145392665863037
2026-10-01 13:48:17,480 - INFO - Best train loss=2.145392665863037; saved /home/wlia0047/ar57/wenyu/GeneRec/results/stage3_T5Train/tiger/ckpt/Amazon_2023_Instruments/Oct-01-2026_13-41-50/HG_Rec_best.pth
2026-10-01 13:48:29,093 - INFO - Epoch 34/150 train_loss=2.1373736095428466
2026-10-01 13:48:29,128 - INFO - Best train loss=2.1373736095428466; saved /home/wlia0047/ar57/wenyu/GeneRec/results/stage3_T5Train/tiger/ckpt/Amazon_2023_Instruments/Oct-01-2026_13-41-50/HG_Rec_best.pth
2026-10-01 13:48:40,737 - INFO - Epoch 35/150 train_loss=2.128107089996338
2026-10-01 13:48:40,773 - INFO - Best train loss=2.128107089996338; saved /home/wlia0047/ar57/wenyu/GeneRec/results/stage3_T5Train/tiger/ckpt/Amazon_2023_Instruments/Oct-01-2026_13-41-50/HG_Rec_best.pth
2026-10-01 13:48:52,380 - INFO - Epoch 36/150 train_loss=2.1191977310180663
2026-10-01 13:48:52,416 - INFO - Best train loss=2.1191977310180663; saved /home/wlia0047/ar57/wenyu/GeneRec/results/stage3_T5Train/tiger/ckpt/Amazon_2023_Instruments/Oct-01-2026_13-41-50/HG_Rec_best.pth
2026-10-01 13:49:04,028 - INFO - Epoch 37/150 train_loss=2.1090439414978026
2026-10-01 13:49:04,063 - INFO - Best train loss=2.1090439414978026; saved /home/wlia0047/ar57/wenyu/GeneRec/results/stage3_T5Train/tiger/ckpt/Amazon_2023_Instruments/Oct-01-2026_13-41-50/HG_Rec_best.pth
2026-10-01 13:49:15,676 - INFO - Epoch 38/150 train_loss=2.1010677337646486
2026-10-01 13:49:15,712 - INFO - Best train loss=2.1010677337646486; saved /home/wlia0047/ar57/wenyu/GeneRec/results/stage3_T5Train/tiger/ckpt/Amazon_2023_Instruments/Oct-01-2026_13-41-50/HG_Rec_best.pth
2026-10-01 13:49:27,318 - INFO - Epoch 39/150 train_loss=2.0945097160339357
2026-10-01 13:49:27,355 - INFO - Best train loss=2.0945097160339357; saved /home/wlia0047/ar57/wenyu/GeneRec/results/stage3_T5Train/tiger/ckpt/Amazon_2023_Instruments/Oct-01-2026_13-41-50/HG_Rec_best.pth
2026-10-01 13:49:38,964 - INFO - Epoch 40/150 train_loss=2.0889178466796876
2026-10-01 13:49:39,000 - INFO - Best train loss=2.0889178466796876; saved /home/wlia0047/ar57/wenyu/GeneRec/results/stage3_T5Train/tiger/ckpt/Amazon_2023_Instruments/Oct-01-2026_13-41-50/HG_Rec_best.pth
2026-10-01 13:49:50,619 - INFO - Epoch 41/150 train_loss=2.082627658843994
2026-10-01 13:49:50,654 - INFO - Best train loss=2.082627658843994; saved /home/wlia0047/ar57/wenyu/GeneRec/results/stage3_T5Train/tiger/ckpt/Amazon_2023_Instruments/Oct-01-2026_13-41-50/HG_Rec_best.pth
2026-10-01 13:50:02,266 - INFO - Epoch 42/150 train_loss=2.0781973361968995
2026-10-01 13:50:02,307 - INFO - Best train loss=2.0781973361968995; saved /home/wlia0047/ar57/wenyu/GeneRec/results/stage3_T5Train/tiger/ckpt/Amazon_2023_Instruments/Oct-01-2026_13-41-50/HG_Rec_best.pth
2026-10-01 13:50:13,955 - INFO - Epoch 43/150 train_loss=2.067531442642212
2026-10-01 13:50:13,991 - INFO - Best train loss=2.067531442642212; saved /home/wlia0047/ar57/wenyu/GeneRec/results/stage3_T5Train/tiger/ckpt/Amazon_2023_Instruments/Oct-01-2026_13-41-50/HG_Rec_best.pth
2026-10-01 13:50:25,604 - INFO - Epoch 44/150 train_loss=2.0640726566314695
2026-10-01 13:50:25,639 - INFO - Best train loss=2.0640726566314695; saved /home/wlia0047/ar57/wenyu/GeneRec/results/stage3_T5Train/tiger/ckpt/Amazon_2023_Instruments/Oct-01-2026_13-41-50/HG_Rec_best.pth
2026-10-01 13:50:37,244 - INFO - Epoch 45/150 train_loss=2.0574748611450193
2026-10-01 13:50:37,280 - INFO - Best train loss=2.0574748611450193; saved /home/wlia0047/ar57/wenyu/GeneRec/results/stage3_T5Train/tiger/ckpt/Amazon_2023_Instruments/Oct-01-2026_13-41-50/HG_Rec_best.pth
2026-10-01 13:50:48,886 - INFO - Epoch 46/150 train_loss=2.051643009185791
2026-10-01 13:50:48,922 - INFO - Best train loss=2.051643009185791; saved /home/wlia0047/ar57/wenyu/GeneRec/results/stage3_T5Train/tiger/ckpt/Amazon_2023_Instruments/Oct-01-2026_13-41-50/HG_Rec_best.pth
2026-10-01 13:51:00,528 - INFO - Epoch 47/150 train_loss=2.0493422889709474
2026-10-01 13:51:00,564 - INFO - Best train loss=2.0493422889709474; saved /home/wlia0047/ar57/wenyu/GeneRec/results/stage3_T5Train/tiger/ckpt/Amazon_2023_Instruments/Oct-01-2026_13-41-50/HG_Rec_best.pth
2026-10-01 13:51:12,171 - INFO - Epoch 48/150 train_loss=2.040857343673706
2026-10-01 13:51:12,208 - INFO - Best train loss=2.040857343673706; saved /home/wlia0047/ar57/wenyu/GeneRec/results/stage3_T5Train/tiger/ckpt/Amazon_2023_Instruments/Oct-01-2026_13-41-50/HG_Rec_best.pth
2026-10-01 13:51:23,818 - INFO - Epoch 49/150 train_loss=2.034119110107422
2026-10-01 13:51:23,855 - INFO - Best train loss=2.034119110107422; saved /home/wlia0047/ar57/wenyu/GeneRec/results/stage3_T5Train/tiger/ckpt/Amazon_2023_Instruments/Oct-01-2026_13-41-50/HG_Rec_best.pth
2026-10-01 13:51:35,469 - INFO - Epoch 50/150 train_loss=2.0353791904449463
2026-10-01 13:51:47,160 - INFO - Epoch 51/150 train_loss=2.0290826892852785
2026-10-01 13:51:47,631 - INFO - Best train loss=2.0290826892852785; saved /home/wlia0047/ar57/wenyu/GeneRec/results/stage3_T5Train/tiger/ckpt/Amazon_2023_Instruments/Oct-01-2026_13-41-50/HG_Rec_best.pth
2026-10-01 13:51:59,378 - INFO - Epoch 52/150 train_loss=2.029481611251831
2026-10-01 13:52:11,140 - INFO - Epoch 53/150 train_loss=2.0245981121063235
2026-10-01 13:52:11,177 - INFO - Best train loss=2.0245981121063235; saved /home/wlia0047/ar57/wenyu/GeneRec/results/stage3_T5Train/tiger/ckpt/Amazon_2023_Instruments/Oct-01-2026_13-41-50/HG_Rec_best.pth
2026-10-01 13:52:22,783 - INFO - Epoch 54/150 train_loss=2.0162656497955322
2026-10-01 13:52:22,822 - INFO - Best train loss=2.0162656497955322; saved /home/wlia0047/ar57/wenyu/GeneRec/results/stage3_T5Train/tiger/ckpt/Amazon_2023_Instruments/Oct-01-2026_13-41-50/HG_Rec_best.pth
2026-10-01 13:52:36,813 - INFO - Epoch 55/150 train_loss=2.015289011001587
2026-10-01 13:52:36,849 - INFO - Best train loss=2.015289011001587; saved /home/wlia0047/ar57/wenyu/GeneRec/results/stage3_T5Train/tiger/ckpt/Amazon_2023_Instruments/Oct-01-2026_13-41-50/HG_Rec_best.pth
2026-10-01 13:52:48,479 - INFO - Epoch 56/150 train_loss=2.0109052801132203
2026-10-01 13:52:48,516 - INFO - Best train loss=2.0109052801132203; saved /home/wlia0047/ar57/wenyu/GeneRec/results/stage3_T5Train/tiger/ckpt/Amazon_2023_Instruments/Oct-01-2026_13-41-50/HG_Rec_best.pth
2026-10-01 13:53:00,133 - INFO - Epoch 57/150 train_loss=2.0055859184265135
2026-10-01 13:53:00,170 - INFO - Best train loss=2.0055859184265135; saved /home/wlia0047/ar57/wenyu/GeneRec/results/stage3_T5Train/tiger/ckpt/Amazon_2023_Instruments/Oct-01-2026_13-41-50/HG_Rec_best.pth
2026-10-01 13:53:11,787 - INFO - Epoch 58/150 train_loss=2.000442233085632
2026-10-01 13:53:11,823 - INFO - Best train loss=2.000442233085632; saved /home/wlia0047/ar57/wenyu/GeneRec/results/stage3_T5Train/tiger/ckpt/Amazon_2023_Instruments/Oct-01-2026_13-41-50/HG_Rec_best.pth
2026-10-01 13:53:23,443 - INFO - Epoch 59/150 train_loss=1.9969618701934815
2026-10-01 13:53:23,481 - INFO - Best train loss=1.9969618701934815; saved /home/wlia0047/ar57/wenyu/GeneRec/results/stage3_T5Train/tiger/ckpt/Amazon_2023_Instruments/Oct-01-2026_13-41-50/HG_Rec_best.pth
2026-10-01 13:53:35,089 - INFO - Epoch 60/150 train_loss=1.9944466018676759
2026-10-01 13:53:35,126 - INFO - Best train loss=1.9944466018676759; saved /home/wlia0047/ar57/wenyu/GeneRec/results/stage3_T5Train/tiger/ckpt/Amazon_2023_Instruments/Oct-01-2026_13-41-50/HG_Rec_best.pth
2026-10-01 13:53:46,735 - INFO - Epoch 61/150 train_loss=1.9915065526962281
2026-10-01 13:53:46,771 - INFO - Best train loss=1.9915065526962281; saved /home/wlia0047/ar57/wenyu/GeneRec/results/stage3_T5Train/tiger/ckpt/Amazon_2023_Instruments/Oct-01-2026_13-41-50/HG_Rec_best.pth
2026-10-01 13:53:58,391 - INFO - Epoch 62/150 train_loss=1.9868486547470092
2026-10-01 13:53:58,428 - INFO - Best train loss=1.9868486547470092; saved /home/wlia0047/ar57/wenyu/GeneRec/results/stage3_T5Train/tiger/ckpt/Amazon_2023_Instruments/Oct-01-2026_13-41-50/HG_Rec_best.pth
2026-10-01 13:54:10,039 - INFO - Epoch 63/150 train_loss=1.9848660850524902
2026-10-01 13:54:10,074 - INFO - Best train loss=1.9848660850524902; saved /home/wlia0047/ar57/wenyu/GeneRec/results/stage3_T5Train/tiger/ckpt/Amazon_2023_Instruments/Oct-01-2026_13-41-50/HG_Rec_best.pth
2026-10-01 13:54:21,685 - INFO - Epoch 64/150 train_loss=1.9826773643493651
2026-10-01 13:54:21,721 - INFO - Best train loss=1.9826773643493651; saved /home/wlia0047/ar57/wenyu/GeneRec/results/stage3_T5Train/tiger/ckpt/Amazon_2023_Instruments/Oct-01-2026_13-41-50/HG_Rec_best.pth
2026-10-01 13:54:33,336 - INFO - Epoch 65/150 train_loss=1.980588002204895
2026-10-01 13:54:33,371 - INFO - Best train loss=1.980588002204895; saved /home/wlia0047/ar57/wenyu/GeneRec/results/stage3_T5Train/tiger/ckpt/Amazon_2023_Instruments/Oct-01-2026_13-41-50/HG_Rec_best.pth
2026-10-01 13:54:44,982 - INFO - Epoch 66/150 train_loss=1.9770119619369506
2026-10-01 13:54:45,019 - INFO - Best train loss=1.9770119619369506; saved /home/wlia0047/ar57/wenyu/GeneRec/results/stage3_T5Train/tiger/ckpt/Amazon_2023_Instruments/Oct-01-2026_13-41-50/HG_Rec_best.pth
2026-10-01 13:54:56,624 - INFO - Epoch 67/150 train_loss=1.9746336841583252
2026-10-01 13:54:56,659 - INFO - Best train loss=1.9746336841583252; saved /home/wlia0047/ar57/wenyu/GeneRec/results/stage3_T5Train/tiger/ckpt/Amazon_2023_Instruments/Oct-01-2026_13-41-50/HG_Rec_best.pth
2026-10-01 13:55:08,365 - INFO - Epoch 68/150 train_loss=1.9726705741882324
2026-10-01 13:55:08,405 - INFO - Best train loss=1.9726705741882324; saved /home/wlia0047/ar57/wenyu/GeneRec/results/stage3_T5Train/tiger/ckpt/Amazon_2023_Instruments/Oct-01-2026_13-41-50/HG_Rec_best.pth
2026-10-01 13:55:20,014 - INFO - Epoch 69/150 train_loss=1.9735955381393433
2026-10-01 13:55:31,623 - INFO - Epoch 70/150 train_loss=1.9670899295806885
2026-10-01 13:55:31,658 - INFO - Best train loss=1.9670899295806885; saved /home/wlia0047/ar57/wenyu/GeneRec/results/stage3_T5Train/tiger/ckpt/Amazon_2023_Instruments/Oct-01-2026_13-41-50/HG_Rec_best.pth
2026-10-01 13:55:43,265 - INFO - Epoch 71/150 train_loss=1.9659495401382445
2026-10-01 13:55:43,301 - INFO - Best train loss=1.9659495401382445; saved /home/wlia0047/ar57/wenyu/GeneRec/results/stage3_T5Train/tiger/ckpt/Amazon_2023_Instruments/Oct-01-2026_13-41-50/HG_Rec_best.pth
2026-10-01 13:55:54,907 - INFO - Epoch 72/150 train_loss=1.9631229782104491
2026-10-01 13:55:54,945 - INFO - Best train loss=1.9631229782104491; saved /home/wlia0047/ar57/wenyu/GeneRec/results/stage3_T5Train/tiger/ckpt/Amazon_2023_Instruments/Oct-01-2026_13-41-50/HG_Rec_best.pth
2026-10-01 13:56:06,562 - INFO - Epoch 73/150 train_loss=1.9559264469146729
2026-10-01 13:56:06,599 - INFO - Best train loss=1.9559264469146729; saved /home/wlia0047/ar57/wenyu/GeneRec/results/stage3_T5Train/tiger/ckpt/Amazon_2023_Instruments/Oct-01-2026_13-41-50/HG_Rec_best.pth
2026-10-01 13:56:18,203 - INFO - Epoch 74/150 train_loss=1.9587898826599122
2026-10-01 13:56:29,800 - INFO - Epoch 75/150 train_loss=1.955950951576233
2026-10-01 13:56:41,424 - INFO - Epoch 76/150 train_loss=1.953204550743103
2026-10-01 13:56:41,461 - INFO - Best train loss=1.953204550743103; saved /home/wlia0047/ar57/wenyu/GeneRec/results/stage3_T5Train/tiger/ckpt/Amazon_2023_Instruments/Oct-01-2026_13-41-50/HG_Rec_best.pth
2026-10-01 13:56:53,075 - INFO - Epoch 77/150 train_loss=1.948330945968628
2026-10-01 13:56:53,111 - INFO - Best train loss=1.948330945968628; saved /home/wlia0047/ar57/wenyu/GeneRec/results/stage3_T5Train/tiger/ckpt/Amazon_2023_Instruments/Oct-01-2026_13-41-50/HG_Rec_best.pth
2026-10-01 13:57:04,721 - INFO - Epoch 78/150 train_loss=1.9467645645141602
2026-10-01 13:57:04,758 - INFO - Best train loss=1.9467645645141602; saved /home/wlia0047/ar57/wenyu/GeneRec/results/stage3_T5Train/tiger/ckpt/Amazon_2023_Instruments/Oct-01-2026_13-41-50/HG_Rec_best.pth
2026-10-01 13:57:16,367 - INFO - Epoch 79/150 train_loss=1.9459708070755004
2026-10-01 13:57:16,403 - INFO - Best train loss=1.9459708070755004; saved /home/wlia0047/ar57/wenyu/GeneRec/results/stage3_T5Train/tiger/ckpt/Amazon_2023_Instruments/Oct-01-2026_13-41-50/HG_Rec_best.pth
2026-10-01 13:57:28,584 - INFO - Epoch 80/150 train_loss=1.9446267938613893
2026-10-01 13:57:28,621 - INFO - Best train loss=1.9446267938613893; saved /home/wlia0047/ar57/wenyu/GeneRec/results/stage3_T5Train/tiger/ckpt/Amazon_2023_Instruments/Oct-01-2026_13-41-50/HG_Rec_best.pth
2026-10-01 13:57:40,237 - INFO - Epoch 81/150 train_loss=1.9423104858398437
2026-10-01 13:57:40,272 - INFO - Best train loss=1.9423104858398437; saved /home/wlia0047/ar57/wenyu/GeneRec/results/stage3_T5Train/tiger/ckpt/Amazon_2023_Instruments/Oct-01-2026_13-41-50/HG_Rec_best.pth
2026-10-01 13:57:51,887 - INFO - Epoch 82/150 train_loss=1.9377258443832397
2026-10-01 13:57:51,922 - INFO - Best train loss=1.9377258443832397; saved /home/wlia0047/ar57/wenyu/GeneRec/results/stage3_T5Train/tiger/ckpt/Amazon_2023_Instruments/Oct-01-2026_13-41-50/HG_Rec_best.pth
2026-10-01 13:58:03,529 - INFO - Epoch 83/150 train_loss=1.9381642103195191
2026-10-01 13:58:15,135 - INFO - Epoch 84/150 train_loss=1.9342737102508545
2026-10-01 13:58:15,183 - INFO - Best train loss=1.9342737102508545; saved /home/wlia0047/ar57/wenyu/GeneRec/results/stage3_T5Train/tiger/ckpt/Amazon_2023_Instruments/Oct-01-2026_13-41-50/HG_Rec_best.pth
2026-10-01 13:58:26,796 - INFO - Epoch 85/150 train_loss=1.9341237688064574
2026-10-01 13:58:26,831 - INFO - Best train loss=1.9341237688064574; saved /home/wlia0047/ar57/wenyu/GeneRec/results/stage3_T5Train/tiger/ckpt/Amazon_2023_Instruments/Oct-01-2026_13-41-50/HG_Rec_best.pth
2026-10-01 13:58:38,445 - INFO - Epoch 86/150 train_loss=1.930254535675049
2026-10-01 13:58:38,481 - INFO - Best train loss=1.930254535675049; saved /home/wlia0047/ar57/wenyu/GeneRec/results/stage3_T5Train/tiger/ckpt/Amazon_2023_Instruments/Oct-01-2026_13-41-50/HG_Rec_best.pth
2026-10-01 13:58:50,091 - INFO - Epoch 87/150 train_loss=1.9305968046188355
2026-10-01 13:59:01,695 - INFO - Epoch 88/150 train_loss=1.9287262964248657
2026-10-01 13:59:01,738 - INFO - Best train loss=1.9287262964248657; saved /home/wlia0047/ar57/wenyu/GeneRec/results/stage3_T5Train/tiger/ckpt/Amazon_2023_Instruments/Oct-01-2026_13-41-50/HG_Rec_best.pth
2026-10-01 13:59:13,346 - INFO - Epoch 89/150 train_loss=1.9246895933151245
2026-10-01 13:59:13,382 - INFO - Best train loss=1.9246895933151245; saved /home/wlia0047/ar57/wenyu/GeneRec/results/stage3_T5Train/tiger/ckpt/Amazon_2023_Instruments/Oct-01-2026_13-41-50/HG_Rec_best.pth
2026-10-01 13:59:24,996 - INFO - Epoch 90/150 train_loss=1.9237353467941285
2026-10-01 13:59:25,034 - INFO - Best train loss=1.9237353467941285; saved /home/wlia0047/ar57/wenyu/GeneRec/results/stage3_T5Train/tiger/ckpt/Amazon_2023_Instruments/Oct-01-2026_13-41-50/HG_Rec_best.pth
2026-10-01 13:59:36,644 - INFO - Epoch 91/150 train_loss=1.9220744562149048
2026-10-01 13:59:36,679 - INFO - Best train loss=1.9220744562149048; saved /home/wlia0047/ar57/wenyu/GeneRec/results/stage3_T5Train/tiger/ckpt/Amazon_2023_Instruments/Oct-01-2026_13-41-50/HG_Rec_best.pth
2026-10-01 13:59:48,287 - INFO - Epoch 92/150 train_loss=1.9201986742019654
2026-10-01 13:59:48,322 - INFO - Best train loss=1.9201986742019654; saved /home/wlia0047/ar57/wenyu/GeneRec/results/stage3_T5Train/tiger/ckpt/Amazon_2023_Instruments/Oct-01-2026_13-41-50/HG_Rec_best.pth
2026-10-01 13:59:59,964 - INFO - Epoch 93/150 train_loss=1.9168387174606323
2026-10-01 14:00:00,000 - INFO - Best train loss=1.9168387174606323; saved /home/wlia0047/ar57/wenyu/GeneRec/results/stage3_T5Train/tiger/ckpt/Amazon_2023_Instruments/Oct-01-2026_13-41-50/HG_Rec_best.pth
2026-10-01 14:00:11,609 - INFO - Epoch 94/150 train_loss=1.9204764509201049
2026-10-01 14:00:23,225 - INFO - Epoch 95/150 train_loss=1.9151305389404296
2026-10-01 14:00:23,261 - INFO - Best train loss=1.9151305389404296; saved /home/wlia0047/ar57/wenyu/GeneRec/results/stage3_T5Train/tiger/ckpt/Amazon_2023_Instruments/Oct-01-2026_13-41-50/HG_Rec_best.pth
2026-10-01 14:00:34,871 - INFO - Epoch 96/150 train_loss=1.9147364711761474
2026-10-01 14:00:34,906 - INFO - Best train loss=1.9147364711761474; saved /home/wlia0047/ar57/wenyu/GeneRec/results/stage3_T5Train/tiger/ckpt/Amazon_2023_Instruments/Oct-01-2026_13-41-50/HG_Rec_best.pth
2026-10-01 14:00:46,518 - INFO - Epoch 97/150 train_loss=1.9110267448425293
2026-10-01 14:00:46,553 - INFO - Best train loss=1.9110267448425293; saved /home/wlia0047/ar57/wenyu/GeneRec/results/stage3_T5Train/tiger/ckpt/Amazon_2023_Instruments/Oct-01-2026_13-41-50/HG_Rec_best.pth
2026-10-01 14:00:58,161 - INFO - Epoch 98/150 train_loss=1.911370644569397
2026-10-01 14:01:09,775 - INFO - Epoch 99/150 train_loss=1.9112349605560304
2026-10-01 14:01:21,385 - INFO - Epoch 100/150 train_loss=1.9078014755249024
2026-10-01 14:01:21,428 - INFO - Best train loss=1.9078014755249024; saved /home/wlia0047/ar57/wenyu/GeneRec/results/stage3_T5Train/tiger/ckpt/Amazon_2023_Instruments/Oct-01-2026_13-41-50/HG_Rec_best.pth
2026-10-01 14:01:33,033 - INFO - Epoch 101/150 train_loss=1.9048740816116334
2026-10-01 14:01:33,070 - INFO - Best train loss=1.9048740816116334; saved /home/wlia0047/ar57/wenyu/GeneRec/results/stage3_T5Train/tiger/ckpt/Amazon_2023_Instruments/Oct-01-2026_13-41-50/HG_Rec_best.pth
2026-10-01 14:01:44,682 - INFO - Epoch 102/150 train_loss=1.9052370834350585
2026-10-01 14:01:56,780 - INFO - Epoch 103/150 train_loss=1.9004597520828248
2026-10-01 14:01:56,870 - INFO - Best train loss=1.9004597520828248; saved /home/wlia0047/ar57/wenyu/GeneRec/results/stage3_T5Train/tiger/ckpt/Amazon_2023_Instruments/Oct-01-2026_13-41-50/HG_Rec_best.pth
2026-10-01 14:02:08,566 - INFO - Epoch 104/150 train_loss=1.9006657457351686
2026-10-01 14:02:21,118 - INFO - Epoch 105/150 train_loss=1.9016504716873168
2026-10-01 14:02:32,751 - INFO - Epoch 106/150 train_loss=1.8967506217956542
2026-10-01 14:02:32,794 - INFO - Best train loss=1.8967506217956542; saved /home/wlia0047/ar57/wenyu/GeneRec/results/stage3_T5Train/tiger/ckpt/Amazon_2023_Instruments/Oct-01-2026_13-41-50/HG_Rec_best.pth
2026-10-01 14:02:44,408 - INFO - Epoch 107/150 train_loss=1.8986741971969605
2026-10-01 14:02:56,017 - INFO - Epoch 108/150 train_loss=1.8995308351516724
2026-10-01 14:03:07,646 - INFO - Epoch 109/150 train_loss=1.8916838788986206
2026-10-01 14:03:07,685 - INFO - Best train loss=1.8916838788986206; saved /home/wlia0047/ar57/wenyu/GeneRec/results/stage3_T5Train/tiger/ckpt/Amazon_2023_Instruments/Oct-01-2026_13-41-50/HG_Rec_best.pth
2026-10-01 14:03:19,293 - INFO - Epoch 110/150 train_loss=1.8918800973892211
2026-10-01 14:03:30,905 - INFO - Epoch 111/150 train_loss=1.8914209604263306
2026-10-01 14:03:30,951 - INFO - Best train loss=1.8914209604263306; saved /home/wlia0047/ar57/wenyu/GeneRec/results/stage3_T5Train/tiger/ckpt/Amazon_2023_Instruments/Oct-01-2026_13-41-50/HG_Rec_best.pth
2026-10-01 14:03:42,560 - INFO - Epoch 112/150 train_loss=1.8891665363311767
2026-10-01 14:03:42,597 - INFO - Best train loss=1.8891665363311767; saved /home/wlia0047/ar57/wenyu/GeneRec/results/stage3_T5Train/tiger/ckpt/Amazon_2023_Instruments/Oct-01-2026_13-41-50/HG_Rec_best.pth
2026-10-01 14:03:54,204 - INFO - Epoch 113/150 train_loss=1.8910690069198608
2026-10-01 14:04:05,815 - INFO - Epoch 114/150 train_loss=1.8879362058639526
2026-10-01 14:04:05,851 - INFO - Best train loss=1.8879362058639526; saved /home/wlia0047/ar57/wenyu/GeneRec/results/stage3_T5Train/tiger/ckpt/Amazon_2023_Instruments/Oct-01-2026_13-41-50/HG_Rec_best.pth
2026-10-01 14:04:17,468 - INFO - Epoch 115/150 train_loss=1.8883552932739258
2026-10-01 14:04:29,080 - INFO - Epoch 116/150 train_loss=1.8875577878952026
2026-10-01 14:04:29,121 - INFO - Best train loss=1.8875577878952026; saved /home/wlia0047/ar57/wenyu/GeneRec/results/stage3_T5Train/tiger/ckpt/Amazon_2023_Instruments/Oct-01-2026_13-41-50/HG_Rec_best.pth
2026-10-01 14:04:43,202 - INFO - Epoch 117/150 train_loss=1.8837488412857055
2026-10-01 14:04:43,258 - INFO - Best train loss=1.8837488412857055; saved /home/wlia0047/ar57/wenyu/GeneRec/results/stage3_T5Train/tiger/ckpt/Amazon_2023_Instruments/Oct-01-2026_13-41-50/HG_Rec_best.pth
2026-10-01 14:04:54,869 - INFO - Epoch 118/150 train_loss=1.88208842754364
2026-10-01 14:04:54,905 - INFO - Best train loss=1.88208842754364; saved /home/wlia0047/ar57/wenyu/GeneRec/results/stage3_T5Train/tiger/ckpt/Amazon_2023_Instruments/Oct-01-2026_13-41-50/HG_Rec_best.pth
2026-10-01 14:05:06,509 - INFO - Epoch 119/150 train_loss=1.88182514667511
2026-10-01 14:05:06,547 - INFO - Best train loss=1.88182514667511; saved /home/wlia0047/ar57/wenyu/GeneRec/results/stage3_T5Train/tiger/ckpt/Amazon_2023_Instruments/Oct-01-2026_13-41-50/HG_Rec_best.pth
2026-10-01 14:05:18,155 - INFO - Epoch 120/150 train_loss=1.8787474966049194
2026-10-01 14:05:18,190 - INFO - Best train loss=1.8787474966049194; saved /home/wlia0047/ar57/wenyu/GeneRec/results/stage3_T5Train/tiger/ckpt/Amazon_2023_Instruments/Oct-01-2026_13-41-50/HG_Rec_best.pth
2026-10-01 14:05:29,805 - INFO - Epoch 121/150 train_loss=1.8781428909301758
2026-10-01 14:05:29,841 - INFO - Best train loss=1.8781428909301758; saved /home/wlia0047/ar57/wenyu/GeneRec/results/stage3_T5Train/tiger/ckpt/Amazon_2023_Instruments/Oct-01-2026_13-41-50/HG_Rec_best.pth
2026-10-01 14:05:41,447 - INFO - Epoch 122/150 train_loss=1.8774191761016845
2026-10-01 14:05:41,483 - INFO - Best train loss=1.8774191761016845; saved /home/wlia0047/ar57/wenyu/GeneRec/results/stage3_T5Train/tiger/ckpt/Amazon_2023_Instruments/Oct-01-2026_13-41-50/HG_Rec_best.pth
2026-10-01 14:05:53,096 - INFO - Epoch 123/150 train_loss=1.8740721464157104
2026-10-01 14:05:53,131 - INFO - Best train loss=1.8740721464157104; saved /home/wlia0047/ar57/wenyu/GeneRec/results/stage3_T5Train/tiger/ckpt/Amazon_2023_Instruments/Oct-01-2026_13-41-50/HG_Rec_best.pth
2026-10-01 14:06:04,740 - INFO - Epoch 124/150 train_loss=1.8758264684677124
2026-10-01 14:06:16,359 - INFO - Epoch 125/150 train_loss=1.8747878408432006
2026-10-01 14:06:27,974 - INFO - Epoch 126/150 train_loss=1.8740717411041259
2026-10-01 14:06:28,012 - INFO - Best train loss=1.8740717411041259; saved /home/wlia0047/ar57/wenyu/GeneRec/results/stage3_T5Train/tiger/ckpt/Amazon_2023_Instruments/Oct-01-2026_13-41-50/HG_Rec_best.pth
2026-10-01 14:06:39,626 - INFO - Epoch 127/150 train_loss=1.8716064596176147
2026-10-01 14:06:39,661 - INFO - Best train loss=1.8716064596176147; saved /home/wlia0047/ar57/wenyu/GeneRec/results/stage3_T5Train/tiger/ckpt/Amazon_2023_Instruments/Oct-01-2026_13-41-50/HG_Rec_best.pth
2026-10-01 14:06:51,269 - INFO - Epoch 128/150 train_loss=1.8732831001281738
2026-10-01 14:07:02,882 - INFO - Epoch 129/150 train_loss=1.8684940338134766
2026-10-01 14:07:02,918 - INFO - Best train loss=1.8684940338134766; saved /home/wlia0047/ar57/wenyu/GeneRec/results/stage3_T5Train/tiger/ckpt/Amazon_2023_Instruments/Oct-01-2026_13-41-50/HG_Rec_best.pth
2026-10-01 14:07:14,526 - INFO - Epoch 130/150 train_loss=1.8686652708053588
2026-10-01 14:07:26,131 - INFO - Epoch 131/150 train_loss=1.8686550617218018
2026-10-01 14:07:37,750 - INFO - Epoch 132/150 train_loss=1.8672253322601318
2026-10-01 14:07:37,787 - INFO - Best train loss=1.8672253322601318; saved /home/wlia0047/ar57/wenyu/GeneRec/results/stage3_T5Train/tiger/ckpt/Amazon_2023_Instruments/Oct-01-2026_13-41-50/HG_Rec_best.pth
2026-10-01 14:07:49,398 - INFO - Epoch 133/150 train_loss=1.8691290378570558
2026-10-01 14:08:01,016 - INFO - Epoch 134/150 train_loss=1.865717339515686
2026-10-01 14:08:01,059 - INFO - Best train loss=1.865717339515686; saved /home/wlia0047/ar57/wenyu/GeneRec/results/stage3_T5Train/tiger/ckpt/Amazon_2023_Instruments/Oct-01-2026_13-41-50/HG_Rec_best.pth
2026-10-01 14:08:12,663 - INFO - Epoch 135/150 train_loss=1.86387131690979
2026-10-01 14:08:12,699 - INFO - Best train loss=1.86387131690979; saved /home/wlia0047/ar57/wenyu/GeneRec/results/stage3_T5Train/tiger/ckpt/Amazon_2023_Instruments/Oct-01-2026_13-41-50/HG_Rec_best.pth
2026-10-01 14:08:24,314 - INFO - Epoch 136/150 train_loss=1.8654283857345582
2026-10-01 14:08:35,925 - INFO - Epoch 137/150 train_loss=1.8650036430358887
2026-10-01 14:08:47,537 - INFO - Epoch 138/150 train_loss=1.8625638961791993
2026-10-01 14:08:47,574 - INFO - Best train loss=1.8625638961791993; saved /home/wlia0047/ar57/wenyu/GeneRec/results/stage3_T5Train/tiger/ckpt/Amazon_2023_Instruments/Oct-01-2026_13-41-50/HG_Rec_best.pth
2026-10-01 14:08:59,182 - INFO - Epoch 139/150 train_loss=1.8621486186981202
2026-10-01 14:08:59,220 - INFO - Best train loss=1.8621486186981202; saved /home/wlia0047/ar57/wenyu/GeneRec/results/stage3_T5Train/tiger/ckpt/Amazon_2023_Instruments/Oct-01-2026_13-41-50/HG_Rec_best.pth
2026-10-01 14:09:10,828 - INFO - Epoch 140/150 train_loss=1.8606299591064452
2026-10-01 14:09:10,863 - INFO - Best train loss=1.8606299591064452; saved /home/wlia0047/ar57/wenyu/GeneRec/results/stage3_T5Train/tiger/ckpt/Amazon_2023_Instruments/Oct-01-2026_13-41-50/HG_Rec_best.pth
2026-10-01 14:09:22,469 - INFO - Epoch 141/150 train_loss=1.8634764385223388
2026-10-01 14:09:34,083 - INFO - Epoch 142/150 train_loss=1.861108512878418
2026-10-01 14:09:46,211 - INFO - Epoch 143/150 train_loss=1.8585271692276002
2026-10-01 14:09:46,245 - INFO - Best train loss=1.8585271692276002; saved /home/wlia0047/ar57/wenyu/GeneRec/results/stage3_T5Train/tiger/ckpt/Amazon_2023_Instruments/Oct-01-2026_13-41-50/HG_Rec_best.pth
2026-10-01 14:09:57,858 - INFO - Epoch 144/150 train_loss=1.856329355239868
2026-10-01 14:09:57,894 - INFO - Best train loss=1.856329355239868; saved /home/wlia0047/ar57/wenyu/GeneRec/results/stage3_T5Train/tiger/ckpt/Amazon_2023_Instruments/Oct-01-2026_13-41-50/HG_Rec_best.pth
2026-10-01 14:10:09,499 - INFO - Epoch 145/150 train_loss=1.857306637763977
2026-10-01 14:10:21,112 - INFO - Epoch 146/150 train_loss=1.8571649408340454
2026-10-01 14:10:32,724 - INFO - Epoch 147/150 train_loss=1.8521417236328126
2026-10-01 14:10:32,761 - INFO - Best train loss=1.8521417236328126; saved /home/wlia0047/ar57/wenyu/GeneRec/results/stage3_T5Train/tiger/ckpt/Amazon_2023_Instruments/Oct-01-2026_13-41-50/HG_Rec_best.pth
2026-10-01 14:10:44,368 - INFO - Epoch 148/150 train_loss=1.8550214433670045
2026-10-01 14:10:55,988 - INFO - Epoch 149/150 train_loss=1.8535274124145509
2026-10-01 14:11:07,608 - INFO - Epoch 150/150 train_loss=1.8526018571853637
2026-10-01 14:19:22,651 - INFO - Test={'best_checkpoint': '/home/wlia0047/ar57/wenyu/GeneRec/results/stage3_T5Train/tiger/ckpt/Amazon_2023_Instruments/Oct-01-2026_13-41-50/HG_Rec_best.pth', 'n_eval': 57439, 'test_recall@5': 0.03563780706488623, 'test_recall@10': 0.054736328975086616, 'test_ndcg@5': 0.02347533515950214, 'test_ndcg@10': 0.029630307667233867}
