2026-09-29 16:20:30,971 - INFO - Configuration: {'batch_size': 4096, 'infer_size': 1024, 'num_epochs': 150, 'eval_interval': 5, 'eval_start_epoch': 75, 'early_eval_epochs': (25, 50, 75, 100, 125), 'fast': True, 'bf16': True, 'use_lr_scheduler': True, 'lr_warmup_pct': 0.1, 'lr_min_factor': 0.2, 'compile': False, 'compile_mode': 'default', 'num_layers': 4, 'num_decoder_layers': 4, 'd_model': 128, 'd_ff': 1024, 'num_heads': 6, 'd_kv': 64, 'dropout_rate': 0.1, 'activation_function': 'relu', 'feed_forward_proj': 'relu', 'device': 'cuda', 'lr': 0.003, 'weight_decay': 0.05, 'vocab_size': 786, 'eos_token_id': 785, 'pad_token_id': 0, 'n_user_tokens': 1, 'max_len': 20, 'dataset_name': 'Amazon_2023_Instruments', 'dataset_path': '/home/wlia0047/ar57/wenyu/GeneRec/results/stage0_build_parquet/', 'codebook_size': [256, 256, 256, 1], 'code_path': '/fs04/ar57/wenyu/GeneRec/results/stage2_RQ-VAE/curvature_RQ-VAE_iter49/item_sids.json', 'train_file': 'train.parquet', 'valid_file': 'valid.parquet', 'test_file': 'test.parquet', 'log_path': '/fs04/ar57/wenyu/GeneRec/results/stage3_T5Train/curvature_RQ-VAE_iter49/logs/', 'save_path': '/fs04/ar57/wenyu/GeneRec/results/stage3_T5Train/curvature_RQ-VAE_iter49/ckpt/', 'seed': 42, 'topk_list': [5, 10], 'beam_size': 20, 'no_eval': True, 'skip_test': False, 'screen_baseline_log': '', 'screen_start_epoch': 40, 'screen_window': 5, 'screen_min_ndcg_gain': 0.001, 'screen_min_recall_gain': 0.001, 'num_workers': 4, 'prefetch_factor': 8, 'exclude_history': True, 'no_exclude_history': False, 'pin_memory': True, 'no_pin_memory': False, 'sid_length': 4, 'max_token_seq_len': 82, 'decoder_start_token_id': 0}
2026-09-29 16:20:31,024 - INFO - #Embedding parameters: 100608
#Non-embedding parameters: 4459648
#Total trainable parameters: 4560256

2026-09-29 16:20:44,451 - INFO - Epoch 1/150 train_loss=4.790989093780517
2026-09-29 16:20:44,537 - INFO - Best train loss=4.790989093780517; saved /fs04/ar57/wenyu/GeneRec/results/stage3_T5Train/curvature_RQ-VAE_iter49/ckpt/Amazon_2023_Instruments/Sep-29-2026_16-20-30/HG_Rec_best.pth
2026-09-29 16:20:56,163 - INFO - Epoch 2/150 train_loss=4.1402490234375
2026-09-29 16:20:56,199 - INFO - Best train loss=4.1402490234375; saved /fs04/ar57/wenyu/GeneRec/results/stage3_T5Train/curvature_RQ-VAE_iter49/ckpt/Amazon_2023_Instruments/Sep-29-2026_16-20-30/HG_Rec_best.pth
2026-09-29 16:21:07,813 - INFO - Epoch 3/150 train_loss=3.9408494091033934
2026-09-29 16:21:07,849 - INFO - Best train loss=3.9408494091033934; saved /fs04/ar57/wenyu/GeneRec/results/stage3_T5Train/curvature_RQ-VAE_iter49/ckpt/Amazon_2023_Instruments/Sep-29-2026_16-20-30/HG_Rec_best.pth
2026-09-29 16:21:19,457 - INFO - Epoch 4/150 train_loss=3.8075075244903562
2026-09-29 16:21:19,493 - INFO - Best train loss=3.8075075244903562; saved /fs04/ar57/wenyu/GeneRec/results/stage3_T5Train/curvature_RQ-VAE_iter49/ckpt/Amazon_2023_Instruments/Sep-29-2026_16-20-30/HG_Rec_best.pth
2026-09-29 16:21:31,096 - INFO - Epoch 5/150 train_loss=3.6890518856048584
2026-09-29 16:21:31,134 - INFO - Best train loss=3.6890518856048584; saved /fs04/ar57/wenyu/GeneRec/results/stage3_T5Train/curvature_RQ-VAE_iter49/ckpt/Amazon_2023_Instruments/Sep-29-2026_16-20-30/HG_Rec_best.pth
2026-09-29 16:21:42,735 - INFO - Epoch 6/150 train_loss=3.7036727809906007
2026-09-29 16:21:54,341 - INFO - Epoch 7/150 train_loss=3.57234432220459
2026-09-29 16:21:54,377 - INFO - Best train loss=3.57234432220459; saved /fs04/ar57/wenyu/GeneRec/results/stage3_T5Train/curvature_RQ-VAE_iter49/ckpt/Amazon_2023_Instruments/Sep-29-2026_16-20-30/HG_Rec_best.pth
2026-09-29 16:22:05,974 - INFO - Epoch 8/150 train_loss=3.469279909133911
2026-09-29 16:22:06,013 - INFO - Best train loss=3.469279909133911; saved /fs04/ar57/wenyu/GeneRec/results/stage3_T5Train/curvature_RQ-VAE_iter49/ckpt/Amazon_2023_Instruments/Sep-29-2026_16-20-30/HG_Rec_best.pth
2026-09-29 16:22:17,619 - INFO - Epoch 9/150 train_loss=3.3838536643981936
2026-09-29 16:22:17,653 - INFO - Best train loss=3.3838536643981936; saved /fs04/ar57/wenyu/GeneRec/results/stage3_T5Train/curvature_RQ-VAE_iter49/ckpt/Amazon_2023_Instruments/Sep-29-2026_16-20-30/HG_Rec_best.pth
2026-09-29 16:22:29,271 - INFO - Epoch 10/150 train_loss=3.3651653003692625
2026-09-29 16:22:29,310 - INFO - Best train loss=3.3651653003692625; saved /fs04/ar57/wenyu/GeneRec/results/stage3_T5Train/curvature_RQ-VAE_iter49/ckpt/Amazon_2023_Instruments/Sep-29-2026_16-20-30/HG_Rec_best.pth
2026-09-29 16:22:40,923 - INFO - Epoch 11/150 train_loss=3.3495661354064943
2026-09-29 16:22:40,961 - INFO - Best train loss=3.3495661354064943; saved /fs04/ar57/wenyu/GeneRec/results/stage3_T5Train/curvature_RQ-VAE_iter49/ckpt/Amazon_2023_Instruments/Sep-29-2026_16-20-30/HG_Rec_best.pth
2026-09-29 16:22:52,561 - INFO - Epoch 12/150 train_loss=3.2245449924468996
2026-09-29 16:22:52,596 - INFO - Best train loss=3.2245449924468996; saved /fs04/ar57/wenyu/GeneRec/results/stage3_T5Train/curvature_RQ-VAE_iter49/ckpt/Amazon_2023_Instruments/Sep-29-2026_16-20-30/HG_Rec_best.pth
2026-09-29 16:23:04,196 - INFO - Epoch 13/150 train_loss=3.1378332424163817
2026-09-29 16:23:04,233 - INFO - Best train loss=3.1378332424163817; saved /fs04/ar57/wenyu/GeneRec/results/stage3_T5Train/curvature_RQ-VAE_iter49/ckpt/Amazon_2023_Instruments/Sep-29-2026_16-20-30/HG_Rec_best.pth
2026-09-29 16:23:15,830 - INFO - Epoch 14/150 train_loss=3.0625844192504883
2026-09-29 16:23:15,866 - INFO - Best train loss=3.0625844192504883; saved /fs04/ar57/wenyu/GeneRec/results/stage3_T5Train/curvature_RQ-VAE_iter49/ckpt/Amazon_2023_Instruments/Sep-29-2026_16-20-30/HG_Rec_best.pth
2026-09-29 16:23:27,469 - INFO - Epoch 15/150 train_loss=2.9946744346618654
2026-09-29 16:23:27,505 - INFO - Best train loss=2.9946744346618654; saved /fs04/ar57/wenyu/GeneRec/results/stage3_T5Train/curvature_RQ-VAE_iter49/ckpt/Amazon_2023_Instruments/Sep-29-2026_16-20-30/HG_Rec_best.pth
2026-09-29 16:23:39,108 - INFO - Epoch 16/150 train_loss=2.91658597946167
2026-09-29 16:23:39,143 - INFO - Best train loss=2.91658597946167; saved /fs04/ar57/wenyu/GeneRec/results/stage3_T5Train/curvature_RQ-VAE_iter49/ckpt/Amazon_2023_Instruments/Sep-29-2026_16-20-30/HG_Rec_best.pth
2026-09-29 16:23:50,745 - INFO - Epoch 17/150 train_loss=2.8461845111846924
2026-09-29 16:23:50,781 - INFO - Best train loss=2.8461845111846924; saved /fs04/ar57/wenyu/GeneRec/results/stage3_T5Train/curvature_RQ-VAE_iter49/ckpt/Amazon_2023_Instruments/Sep-29-2026_16-20-30/HG_Rec_best.pth
2026-09-29 16:24:02,995 - INFO - Epoch 18/150 train_loss=2.788785066604614
2026-09-29 16:24:03,035 - INFO - Best train loss=2.788785066604614; saved /fs04/ar57/wenyu/GeneRec/results/stage3_T5Train/curvature_RQ-VAE_iter49/ckpt/Amazon_2023_Instruments/Sep-29-2026_16-20-30/HG_Rec_best.pth
2026-09-29 16:24:14,640 - INFO - Epoch 19/150 train_loss=2.7321631145477294
2026-09-29 16:24:14,676 - INFO - Best train loss=2.7321631145477294; saved /fs04/ar57/wenyu/GeneRec/results/stage3_T5Train/curvature_RQ-VAE_iter49/ckpt/Amazon_2023_Instruments/Sep-29-2026_16-20-30/HG_Rec_best.pth
2026-09-29 16:24:26,278 - INFO - Epoch 20/150 train_loss=2.6730096626281736
2026-09-29 16:24:26,315 - INFO - Best train loss=2.6730096626281736; saved /fs04/ar57/wenyu/GeneRec/results/stage3_T5Train/curvature_RQ-VAE_iter49/ckpt/Amazon_2023_Instruments/Sep-29-2026_16-20-30/HG_Rec_best.pth
2026-09-29 16:24:37,915 - INFO - Epoch 21/150 train_loss=2.6235170364379883
2026-09-29 16:24:37,951 - INFO - Best train loss=2.6235170364379883; saved /fs04/ar57/wenyu/GeneRec/results/stage3_T5Train/curvature_RQ-VAE_iter49/ckpt/Amazon_2023_Instruments/Sep-29-2026_16-20-30/HG_Rec_best.pth
2026-09-29 16:24:49,557 - INFO - Epoch 22/150 train_loss=2.5825445365905764
2026-09-29 16:24:49,592 - INFO - Best train loss=2.5825445365905764; saved /fs04/ar57/wenyu/GeneRec/results/stage3_T5Train/curvature_RQ-VAE_iter49/ckpt/Amazon_2023_Instruments/Sep-29-2026_16-20-30/HG_Rec_best.pth
2026-09-29 16:25:01,195 - INFO - Epoch 23/150 train_loss=2.5402486610412596
2026-09-29 16:25:01,231 - INFO - Best train loss=2.5402486610412596; saved /fs04/ar57/wenyu/GeneRec/results/stage3_T5Train/curvature_RQ-VAE_iter49/ckpt/Amazon_2023_Instruments/Sep-29-2026_16-20-30/HG_Rec_best.pth
2026-09-29 16:25:12,832 - INFO - Epoch 24/150 train_loss=2.5069908905029297
2026-09-29 16:25:12,866 - INFO - Best train loss=2.5069908905029297; saved /fs04/ar57/wenyu/GeneRec/results/stage3_T5Train/curvature_RQ-VAE_iter49/ckpt/Amazon_2023_Instruments/Sep-29-2026_16-20-30/HG_Rec_best.pth
2026-09-29 16:25:24,468 - INFO - Epoch 25/150 train_loss=2.47444938659668
2026-09-29 16:25:24,503 - INFO - Best train loss=2.47444938659668; saved /fs04/ar57/wenyu/GeneRec/results/stage3_T5Train/curvature_RQ-VAE_iter49/ckpt/Amazon_2023_Instruments/Sep-29-2026_16-20-30/HG_Rec_best.pth
2026-09-29 16:25:36,102 - INFO - Epoch 26/150 train_loss=2.4356825160980224
2026-09-29 16:25:36,138 - INFO - Best train loss=2.4356825160980224; saved /fs04/ar57/wenyu/GeneRec/results/stage3_T5Train/curvature_RQ-VAE_iter49/ckpt/Amazon_2023_Instruments/Sep-29-2026_16-20-30/HG_Rec_best.pth
2026-09-29 16:25:47,735 - INFO - Epoch 27/150 train_loss=2.411300640106201
2026-09-29 16:25:47,771 - INFO - Best train loss=2.411300640106201; saved /fs04/ar57/wenyu/GeneRec/results/stage3_T5Train/curvature_RQ-VAE_iter49/ckpt/Amazon_2023_Instruments/Sep-29-2026_16-20-30/HG_Rec_best.pth
2026-09-29 16:25:59,375 - INFO - Epoch 28/150 train_loss=2.3894186210632324
2026-09-29 16:25:59,412 - INFO - Best train loss=2.3894186210632324; saved /fs04/ar57/wenyu/GeneRec/results/stage3_T5Train/curvature_RQ-VAE_iter49/ckpt/Amazon_2023_Instruments/Sep-29-2026_16-20-30/HG_Rec_best.pth
2026-09-29 16:26:11,018 - INFO - Epoch 29/150 train_loss=2.3625565719604493
2026-09-29 16:26:11,053 - INFO - Best train loss=2.3625565719604493; saved /fs04/ar57/wenyu/GeneRec/results/stage3_T5Train/curvature_RQ-VAE_iter49/ckpt/Amazon_2023_Instruments/Sep-29-2026_16-20-30/HG_Rec_best.pth
2026-09-29 16:26:22,655 - INFO - Epoch 30/150 train_loss=2.3450159931182863
2026-09-29 16:26:22,689 - INFO - Best train loss=2.3450159931182863; saved /fs04/ar57/wenyu/GeneRec/results/stage3_T5Train/curvature_RQ-VAE_iter49/ckpt/Amazon_2023_Instruments/Sep-29-2026_16-20-30/HG_Rec_best.pth
2026-09-29 16:26:34,289 - INFO - Epoch 31/150 train_loss=2.326373605728149
2026-09-29 16:26:34,326 - INFO - Best train loss=2.326373605728149; saved /fs04/ar57/wenyu/GeneRec/results/stage3_T5Train/curvature_RQ-VAE_iter49/ckpt/Amazon_2023_Instruments/Sep-29-2026_16-20-30/HG_Rec_best.pth
2026-09-29 16:26:45,924 - INFO - Epoch 32/150 train_loss=2.3046506214141846
2026-09-29 16:26:45,959 - INFO - Best train loss=2.3046506214141846; saved /fs04/ar57/wenyu/GeneRec/results/stage3_T5Train/curvature_RQ-VAE_iter49/ckpt/Amazon_2023_Instruments/Sep-29-2026_16-20-30/HG_Rec_best.pth
2026-09-29 16:26:57,561 - INFO - Epoch 33/150 train_loss=2.2794198036193847
2026-09-29 16:26:57,597 - INFO - Best train loss=2.2794198036193847; saved /fs04/ar57/wenyu/GeneRec/results/stage3_T5Train/curvature_RQ-VAE_iter49/ckpt/Amazon_2023_Instruments/Sep-29-2026_16-20-30/HG_Rec_best.pth
2026-09-29 16:27:09,204 - INFO - Epoch 34/150 train_loss=2.2656718254089356
2026-09-29 16:27:09,242 - INFO - Best train loss=2.2656718254089356; saved /fs04/ar57/wenyu/GeneRec/results/stage3_T5Train/curvature_RQ-VAE_iter49/ckpt/Amazon_2023_Instruments/Sep-29-2026_16-20-30/HG_Rec_best.pth
2026-09-29 16:27:20,839 - INFO - Epoch 35/150 train_loss=2.2489948749542235
2026-09-29 16:27:20,874 - INFO - Best train loss=2.2489948749542235; saved /fs04/ar57/wenyu/GeneRec/results/stage3_T5Train/curvature_RQ-VAE_iter49/ckpt/Amazon_2023_Instruments/Sep-29-2026_16-20-30/HG_Rec_best.pth
2026-09-29 16:27:32,479 - INFO - Epoch 36/150 train_loss=2.225806589126587
2026-09-29 16:27:32,515 - INFO - Best train loss=2.225806589126587; saved /fs04/ar57/wenyu/GeneRec/results/stage3_T5Train/curvature_RQ-VAE_iter49/ckpt/Amazon_2023_Instruments/Sep-29-2026_16-20-30/HG_Rec_best.pth
2026-09-29 16:27:44,117 - INFO - Epoch 37/150 train_loss=2.201121835708618
2026-09-29 16:27:44,153 - INFO - Best train loss=2.201121835708618; saved /fs04/ar57/wenyu/GeneRec/results/stage3_T5Train/curvature_RQ-VAE_iter49/ckpt/Amazon_2023_Instruments/Sep-29-2026_16-20-30/HG_Rec_best.pth
2026-09-29 16:27:55,750 - INFO - Epoch 38/150 train_loss=2.186003713607788
2026-09-29 16:27:55,810 - INFO - Best train loss=2.186003713607788; saved /fs04/ar57/wenyu/GeneRec/results/stage3_T5Train/curvature_RQ-VAE_iter49/ckpt/Amazon_2023_Instruments/Sep-29-2026_16-20-30/HG_Rec_best.pth
2026-09-29 16:28:07,421 - INFO - Epoch 39/150 train_loss=2.17050931930542
2026-09-29 16:28:07,458 - INFO - Best train loss=2.17050931930542; saved /fs04/ar57/wenyu/GeneRec/results/stage3_T5Train/curvature_RQ-VAE_iter49/ckpt/Amazon_2023_Instruments/Sep-29-2026_16-20-30/HG_Rec_best.pth
2026-09-29 16:28:19,058 - INFO - Epoch 40/150 train_loss=2.1589085483551025
2026-09-29 16:28:19,096 - INFO - Best train loss=2.1589085483551025; saved /fs04/ar57/wenyu/GeneRec/results/stage3_T5Train/curvature_RQ-VAE_iter49/ckpt/Amazon_2023_Instruments/Sep-29-2026_16-20-30/HG_Rec_best.pth
2026-09-29 16:28:30,699 - INFO - Epoch 41/150 train_loss=2.146508884429932
2026-09-29 16:28:30,736 - INFO - Best train loss=2.146508884429932; saved /fs04/ar57/wenyu/GeneRec/results/stage3_T5Train/curvature_RQ-VAE_iter49/ckpt/Amazon_2023_Instruments/Sep-29-2026_16-20-30/HG_Rec_best.pth
2026-09-29 16:28:42,335 - INFO - Epoch 42/150 train_loss=2.136349096298218
2026-09-29 16:28:42,371 - INFO - Best train loss=2.136349096298218; saved /fs04/ar57/wenyu/GeneRec/results/stage3_T5Train/curvature_RQ-VAE_iter49/ckpt/Amazon_2023_Instruments/Sep-29-2026_16-20-30/HG_Rec_best.pth
2026-09-29 16:28:54,007 - INFO - Epoch 43/150 train_loss=2.120849275588989
2026-09-29 16:28:54,502 - INFO - Best train loss=2.120849275588989; saved /fs04/ar57/wenyu/GeneRec/results/stage3_T5Train/curvature_RQ-VAE_iter49/ckpt/Amazon_2023_Instruments/Sep-29-2026_16-20-30/HG_Rec_best.pth
2026-09-29 16:29:06,104 - INFO - Epoch 44/150 train_loss=2.1133099460601805
2026-09-29 16:29:06,141 - INFO - Best train loss=2.1133099460601805; saved /fs04/ar57/wenyu/GeneRec/results/stage3_T5Train/curvature_RQ-VAE_iter49/ckpt/Amazon_2023_Instruments/Sep-29-2026_16-20-30/HG_Rec_best.pth
2026-09-29 16:29:17,745 - INFO - Epoch 45/150 train_loss=2.1069014835357667
2026-09-29 16:29:17,781 - INFO - Best train loss=2.1069014835357667; saved /fs04/ar57/wenyu/GeneRec/results/stage3_T5Train/curvature_RQ-VAE_iter49/ckpt/Amazon_2023_Instruments/Sep-29-2026_16-20-30/HG_Rec_best.pth
2026-09-29 16:29:29,387 - INFO - Epoch 46/150 train_loss=2.0985283851623535
2026-09-29 16:29:29,424 - INFO - Best train loss=2.0985283851623535; saved /fs04/ar57/wenyu/GeneRec/results/stage3_T5Train/curvature_RQ-VAE_iter49/ckpt/Amazon_2023_Instruments/Sep-29-2026_16-20-30/HG_Rec_best.pth
2026-09-29 16:29:41,019 - INFO - Epoch 47/150 train_loss=2.0914673614501953
2026-09-29 16:29:41,055 - INFO - Best train loss=2.0914673614501953; saved /fs04/ar57/wenyu/GeneRec/results/stage3_T5Train/curvature_RQ-VAE_iter49/ckpt/Amazon_2023_Instruments/Sep-29-2026_16-20-30/HG_Rec_best.pth
2026-09-29 16:29:52,654 - INFO - Epoch 48/150 train_loss=2.0808763980865477
2026-09-29 16:29:52,691 - INFO - Best train loss=2.0808763980865477; saved /fs04/ar57/wenyu/GeneRec/results/stage3_T5Train/curvature_RQ-VAE_iter49/ckpt/Amazon_2023_Instruments/Sep-29-2026_16-20-30/HG_Rec_best.pth
2026-09-29 16:30:04,299 - INFO - Epoch 49/150 train_loss=2.070020523071289
2026-09-29 16:30:04,338 - INFO - Best train loss=2.070020523071289; saved /fs04/ar57/wenyu/GeneRec/results/stage3_T5Train/curvature_RQ-VAE_iter49/ckpt/Amazon_2023_Instruments/Sep-29-2026_16-20-30/HG_Rec_best.pth
2026-09-29 16:30:15,959 - INFO - Epoch 50/150 train_loss=2.071012468338013
2026-09-29 16:30:28,483 - INFO - Epoch 51/150 train_loss=2.0608705139160155
2026-09-29 16:30:28,588 - INFO - Best train loss=2.0608705139160155; saved /fs04/ar57/wenyu/GeneRec/results/stage3_T5Train/curvature_RQ-VAE_iter49/ckpt/Amazon_2023_Instruments/Sep-29-2026_16-20-30/HG_Rec_best.pth
2026-09-29 16:30:40,222 - INFO - Epoch 52/150 train_loss=2.060246992111206
2026-09-29 16:30:40,264 - INFO - Best train loss=2.060246992111206; saved /fs04/ar57/wenyu/GeneRec/results/stage3_T5Train/curvature_RQ-VAE_iter49/ckpt/Amazon_2023_Instruments/Sep-29-2026_16-20-30/HG_Rec_best.pth
2026-09-29 16:30:51,901 - INFO - Epoch 53/150 train_loss=2.052999134063721
2026-09-29 16:30:51,958 - INFO - Best train loss=2.052999134063721; saved /fs04/ar57/wenyu/GeneRec/results/stage3_T5Train/curvature_RQ-VAE_iter49/ckpt/Amazon_2023_Instruments/Sep-29-2026_16-20-30/HG_Rec_best.pth
2026-09-29 16:31:03,556 - INFO - Epoch 54/150 train_loss=2.0429491424560546
2026-09-29 16:31:03,593 - INFO - Best train loss=2.0429491424560546; saved /fs04/ar57/wenyu/GeneRec/results/stage3_T5Train/curvature_RQ-VAE_iter49/ckpt/Amazon_2023_Instruments/Sep-29-2026_16-20-30/HG_Rec_best.pth
2026-09-29 16:31:17,167 - INFO - Epoch 55/150 train_loss=2.039734134674072
2026-09-29 16:31:17,245 - INFO - Best train loss=2.039734134674072; saved /fs04/ar57/wenyu/GeneRec/results/stage3_T5Train/curvature_RQ-VAE_iter49/ckpt/Amazon_2023_Instruments/Sep-29-2026_16-20-30/HG_Rec_best.pth
2026-09-29 16:31:28,844 - INFO - Epoch 56/150 train_loss=2.0345440101623535
2026-09-29 16:31:28,907 - INFO - Best train loss=2.0345440101623535; saved /fs04/ar57/wenyu/GeneRec/results/stage3_T5Train/curvature_RQ-VAE_iter49/ckpt/Amazon_2023_Instruments/Sep-29-2026_16-20-30/HG_Rec_best.pth
2026-09-29 16:31:40,509 - INFO - Epoch 57/150 train_loss=2.025404052734375
2026-09-29 16:31:40,546 - INFO - Best train loss=2.025404052734375; saved /fs04/ar57/wenyu/GeneRec/results/stage3_T5Train/curvature_RQ-VAE_iter49/ckpt/Amazon_2023_Instruments/Sep-29-2026_16-20-30/HG_Rec_best.pth
2026-09-29 16:31:52,146 - INFO - Epoch 58/150 train_loss=2.022191910743713
2026-09-29 16:31:52,182 - INFO - Best train loss=2.022191910743713; saved /fs04/ar57/wenyu/GeneRec/results/stage3_T5Train/curvature_RQ-VAE_iter49/ckpt/Amazon_2023_Instruments/Sep-29-2026_16-20-30/HG_Rec_best.pth
2026-09-29 16:32:03,778 - INFO - Epoch 59/150 train_loss=2.015924406051636
2026-09-29 16:32:03,815 - INFO - Best train loss=2.015924406051636; saved /fs04/ar57/wenyu/GeneRec/results/stage3_T5Train/curvature_RQ-VAE_iter49/ckpt/Amazon_2023_Instruments/Sep-29-2026_16-20-30/HG_Rec_best.pth
2026-09-29 16:32:15,415 - INFO - Epoch 60/150 train_loss=2.0121178150177004
2026-09-29 16:32:15,452 - INFO - Best train loss=2.0121178150177004; saved /fs04/ar57/wenyu/GeneRec/results/stage3_T5Train/curvature_RQ-VAE_iter49/ckpt/Amazon_2023_Instruments/Sep-29-2026_16-20-30/HG_Rec_best.pth
2026-09-29 16:32:27,053 - INFO - Epoch 61/150 train_loss=2.0094219970703127
2026-09-29 16:32:27,087 - INFO - Best train loss=2.0094219970703127; saved /fs04/ar57/wenyu/GeneRec/results/stage3_T5Train/curvature_RQ-VAE_iter49/ckpt/Amazon_2023_Instruments/Sep-29-2026_16-20-30/HG_Rec_best.pth
2026-09-29 16:32:38,691 - INFO - Epoch 62/150 train_loss=2.0032222032547
2026-09-29 16:32:38,727 - INFO - Best train loss=2.0032222032547; saved /fs04/ar57/wenyu/GeneRec/results/stage3_T5Train/curvature_RQ-VAE_iter49/ckpt/Amazon_2023_Instruments/Sep-29-2026_16-20-30/HG_Rec_best.pth
2026-09-29 16:32:50,321 - INFO - Epoch 63/150 train_loss=2.0001597738265993
2026-09-29 16:32:50,355 - INFO - Best train loss=2.0001597738265993; saved /fs04/ar57/wenyu/GeneRec/results/stage3_T5Train/curvature_RQ-VAE_iter49/ckpt/Amazon_2023_Instruments/Sep-29-2026_16-20-30/HG_Rec_best.pth
2026-09-29 16:33:01,952 - INFO - Epoch 64/150 train_loss=1.9974222421646117
2026-09-29 16:33:01,988 - INFO - Best train loss=1.9974222421646117; saved /fs04/ar57/wenyu/GeneRec/results/stage3_T5Train/curvature_RQ-VAE_iter49/ckpt/Amazon_2023_Instruments/Sep-29-2026_16-20-30/HG_Rec_best.pth
2026-09-29 16:33:13,588 - INFO - Epoch 65/150 train_loss=1.990728816986084
2026-09-29 16:33:13,625 - INFO - Best train loss=1.990728816986084; saved /fs04/ar57/wenyu/GeneRec/results/stage3_T5Train/curvature_RQ-VAE_iter49/ckpt/Amazon_2023_Instruments/Sep-29-2026_16-20-30/HG_Rec_best.pth
2026-09-29 16:33:25,225 - INFO - Epoch 66/150 train_loss=1.987417869567871
2026-09-29 16:33:25,260 - INFO - Best train loss=1.987417869567871; saved /fs04/ar57/wenyu/GeneRec/results/stage3_T5Train/curvature_RQ-VAE_iter49/ckpt/Amazon_2023_Instruments/Sep-29-2026_16-20-30/HG_Rec_best.pth
2026-09-29 16:33:36,860 - INFO - Epoch 67/150 train_loss=1.9864296531677246
2026-09-29 16:33:36,896 - INFO - Best train loss=1.9864296531677246; saved /fs04/ar57/wenyu/GeneRec/results/stage3_T5Train/curvature_RQ-VAE_iter49/ckpt/Amazon_2023_Instruments/Sep-29-2026_16-20-30/HG_Rec_best.pth
2026-09-29 16:33:48,531 - INFO - Epoch 68/150 train_loss=1.9822024154663085
2026-09-29 16:33:48,567 - INFO - Best train loss=1.9822024154663085; saved /fs04/ar57/wenyu/GeneRec/results/stage3_T5Train/curvature_RQ-VAE_iter49/ckpt/Amazon_2023_Instruments/Sep-29-2026_16-20-30/HG_Rec_best.pth
2026-09-29 16:34:00,169 - INFO - Epoch 69/150 train_loss=1.9814676713943482
2026-09-29 16:34:00,207 - INFO - Best train loss=1.9814676713943482; saved /fs04/ar57/wenyu/GeneRec/results/stage3_T5Train/curvature_RQ-VAE_iter49/ckpt/Amazon_2023_Instruments/Sep-29-2026_16-20-30/HG_Rec_best.pth
2026-09-29 16:34:11,807 - INFO - Epoch 70/150 train_loss=1.9748037719726563
2026-09-29 16:34:11,841 - INFO - Best train loss=1.9748037719726563; saved /fs04/ar57/wenyu/GeneRec/results/stage3_T5Train/curvature_RQ-VAE_iter49/ckpt/Amazon_2023_Instruments/Sep-29-2026_16-20-30/HG_Rec_best.pth
2026-09-29 16:34:23,438 - INFO - Epoch 71/150 train_loss=1.9691663074493408
2026-09-29 16:34:23,473 - INFO - Best train loss=1.9691663074493408; saved /fs04/ar57/wenyu/GeneRec/results/stage3_T5Train/curvature_RQ-VAE_iter49/ckpt/Amazon_2023_Instruments/Sep-29-2026_16-20-30/HG_Rec_best.pth
2026-09-29 16:34:35,079 - INFO - Epoch 72/150 train_loss=1.9662954139709472
2026-09-29 16:34:35,116 - INFO - Best train loss=1.9662954139709472; saved /fs04/ar57/wenyu/GeneRec/results/stage3_T5Train/curvature_RQ-VAE_iter49/ckpt/Amazon_2023_Instruments/Sep-29-2026_16-20-30/HG_Rec_best.pth
2026-09-29 16:34:46,720 - INFO - Epoch 73/150 train_loss=1.9596233320236207
2026-09-29 16:34:46,755 - INFO - Best train loss=1.9596233320236207; saved /fs04/ar57/wenyu/GeneRec/results/stage3_T5Train/curvature_RQ-VAE_iter49/ckpt/Amazon_2023_Instruments/Sep-29-2026_16-20-30/HG_Rec_best.pth
2026-09-29 16:34:58,356 - INFO - Epoch 74/150 train_loss=1.963373260498047
2026-09-29 16:35:09,961 - INFO - Epoch 75/150 train_loss=1.9593869352340698
2026-09-29 16:35:09,997 - INFO - Best train loss=1.9593869352340698; saved /fs04/ar57/wenyu/GeneRec/results/stage3_T5Train/curvature_RQ-VAE_iter49/ckpt/Amazon_2023_Instruments/Sep-29-2026_16-20-30/HG_Rec_best.pth
2026-09-29 16:35:21,596 - INFO - Epoch 76/150 train_loss=1.9558961057662965
2026-09-29 16:35:21,630 - INFO - Best train loss=1.9558961057662965; saved /fs04/ar57/wenyu/GeneRec/results/stage3_T5Train/curvature_RQ-VAE_iter49/ckpt/Amazon_2023_Instruments/Sep-29-2026_16-20-30/HG_Rec_best.pth
2026-09-29 16:35:33,232 - INFO - Epoch 77/150 train_loss=1.9514547872543335
2026-09-29 16:35:33,267 - INFO - Best train loss=1.9514547872543335; saved /fs04/ar57/wenyu/GeneRec/results/stage3_T5Train/curvature_RQ-VAE_iter49/ckpt/Amazon_2023_Instruments/Sep-29-2026_16-20-30/HG_Rec_best.pth
2026-09-29 16:35:44,870 - INFO - Epoch 78/150 train_loss=1.949968638420105
2026-09-29 16:35:44,905 - INFO - Best train loss=1.949968638420105; saved /fs04/ar57/wenyu/GeneRec/results/stage3_T5Train/curvature_RQ-VAE_iter49/ckpt/Amazon_2023_Instruments/Sep-29-2026_16-20-30/HG_Rec_best.pth
2026-09-29 16:35:56,505 - INFO - Epoch 79/150 train_loss=1.9476124000549317
2026-09-29 16:35:56,540 - INFO - Best train loss=1.9476124000549317; saved /fs04/ar57/wenyu/GeneRec/results/stage3_T5Train/curvature_RQ-VAE_iter49/ckpt/Amazon_2023_Instruments/Sep-29-2026_16-20-30/HG_Rec_best.pth
2026-09-29 16:36:08,141 - INFO - Epoch 80/150 train_loss=1.944669370651245
2026-09-29 16:36:08,692 - INFO - Best train loss=1.944669370651245; saved /fs04/ar57/wenyu/GeneRec/results/stage3_T5Train/curvature_RQ-VAE_iter49/ckpt/Amazon_2023_Instruments/Sep-29-2026_16-20-30/HG_Rec_best.pth
2026-09-29 16:36:20,297 - INFO - Epoch 81/150 train_loss=1.945032558441162
2026-09-29 16:36:31,901 - INFO - Epoch 82/150 train_loss=1.9353385066986084
2026-09-29 16:36:31,943 - INFO - Best train loss=1.9353385066986084; saved /fs04/ar57/wenyu/GeneRec/results/stage3_T5Train/curvature_RQ-VAE_iter49/ckpt/Amazon_2023_Instruments/Sep-29-2026_16-20-30/HG_Rec_best.pth
2026-09-29 16:36:43,545 - INFO - Epoch 83/150 train_loss=1.9369201564788818
2026-09-29 16:36:55,153 - INFO - Epoch 84/150 train_loss=1.9333139705657958
2026-09-29 16:36:55,188 - INFO - Best train loss=1.9333139705657958; saved /fs04/ar57/wenyu/GeneRec/results/stage3_T5Train/curvature_RQ-VAE_iter49/ckpt/Amazon_2023_Instruments/Sep-29-2026_16-20-30/HG_Rec_best.pth
2026-09-29 16:37:06,800 - INFO - Epoch 85/150 train_loss=1.9308070421218873
2026-09-29 16:37:06,836 - INFO - Best train loss=1.9308070421218873; saved /fs04/ar57/wenyu/GeneRec/results/stage3_T5Train/curvature_RQ-VAE_iter49/ckpt/Amazon_2023_Instruments/Sep-29-2026_16-20-30/HG_Rec_best.pth
2026-09-29 16:37:18,438 - INFO - Epoch 86/150 train_loss=1.9294759321212769
2026-09-29 16:37:18,473 - INFO - Best train loss=1.9294759321212769; saved /fs04/ar57/wenyu/GeneRec/results/stage3_T5Train/curvature_RQ-VAE_iter49/ckpt/Amazon_2023_Instruments/Sep-29-2026_16-20-30/HG_Rec_best.pth
2026-09-29 16:37:30,075 - INFO - Epoch 87/150 train_loss=1.9301363134384155
2026-09-29 16:37:41,682 - INFO - Epoch 88/150 train_loss=1.9260762023925782
2026-09-29 16:37:41,721 - INFO - Best train loss=1.9260762023925782; saved /fs04/ar57/wenyu/GeneRec/results/stage3_T5Train/curvature_RQ-VAE_iter49/ckpt/Amazon_2023_Instruments/Sep-29-2026_16-20-30/HG_Rec_best.pth
2026-09-29 16:37:53,324 - INFO - Epoch 89/150 train_loss=1.9244516754150391
2026-09-29 16:37:53,365 - INFO - Best train loss=1.9244516754150391; saved /fs04/ar57/wenyu/GeneRec/results/stage3_T5Train/curvature_RQ-VAE_iter49/ckpt/Amazon_2023_Instruments/Sep-29-2026_16-20-30/HG_Rec_best.pth
2026-09-29 16:38:04,975 - INFO - Epoch 90/150 train_loss=1.9195028638839722
2026-09-29 16:38:05,012 - INFO - Best train loss=1.9195028638839722; saved /fs04/ar57/wenyu/GeneRec/results/stage3_T5Train/curvature_RQ-VAE_iter49/ckpt/Amazon_2023_Instruments/Sep-29-2026_16-20-30/HG_Rec_best.pth
2026-09-29 16:38:16,613 - INFO - Epoch 91/150 train_loss=1.9190270376205445
2026-09-29 16:38:16,647 - INFO - Best train loss=1.9190270376205445; saved /fs04/ar57/wenyu/GeneRec/results/stage3_T5Train/curvature_RQ-VAE_iter49/ckpt/Amazon_2023_Instruments/Sep-29-2026_16-20-30/HG_Rec_best.pth
2026-09-29 16:38:28,744 - INFO - Epoch 92/150 train_loss=1.917825665473938
2026-09-29 16:38:28,780 - INFO - Best train loss=1.917825665473938; saved /fs04/ar57/wenyu/GeneRec/results/stage3_T5Train/curvature_RQ-VAE_iter49/ckpt/Amazon_2023_Instruments/Sep-29-2026_16-20-30/HG_Rec_best.pth
2026-09-29 16:38:40,918 - INFO - Epoch 93/150 train_loss=1.912482395172119
2026-09-29 16:38:40,952 - INFO - Best train loss=1.912482395172119; saved /fs04/ar57/wenyu/GeneRec/results/stage3_T5Train/curvature_RQ-VAE_iter49/ckpt/Amazon_2023_Instruments/Sep-29-2026_16-20-30/HG_Rec_best.pth
2026-09-29 16:38:52,555 - INFO - Epoch 94/150 train_loss=1.9150998401641846
2026-09-29 16:39:04,158 - INFO - Epoch 95/150 train_loss=1.9107609272003174
2026-09-29 16:39:04,196 - INFO - Best train loss=1.9107609272003174; saved /fs04/ar57/wenyu/GeneRec/results/stage3_T5Train/curvature_RQ-VAE_iter49/ckpt/Amazon_2023_Instruments/Sep-29-2026_16-20-30/HG_Rec_best.pth
2026-09-29 16:39:15,799 - INFO - Epoch 96/150 train_loss=1.9097953844070434
2026-09-29 16:39:15,851 - INFO - Best train loss=1.9097953844070434; saved /fs04/ar57/wenyu/GeneRec/results/stage3_T5Train/curvature_RQ-VAE_iter49/ckpt/Amazon_2023_Instruments/Sep-29-2026_16-20-30/HG_Rec_best.pth
2026-09-29 16:39:27,457 - INFO - Epoch 97/150 train_loss=1.9062697172164917
2026-09-29 16:39:27,494 - INFO - Best train loss=1.9062697172164917; saved /fs04/ar57/wenyu/GeneRec/results/stage3_T5Train/curvature_RQ-VAE_iter49/ckpt/Amazon_2023_Instruments/Sep-29-2026_16-20-30/HG_Rec_best.pth
2026-09-29 16:39:39,095 - INFO - Epoch 98/150 train_loss=1.905172734260559
2026-09-29 16:39:39,133 - INFO - Best train loss=1.905172734260559; saved /fs04/ar57/wenyu/GeneRec/results/stage3_T5Train/curvature_RQ-VAE_iter49/ckpt/Amazon_2023_Instruments/Sep-29-2026_16-20-30/HG_Rec_best.pth
2026-09-29 16:39:50,729 - INFO - Epoch 99/150 train_loss=1.9021254444122315
2026-09-29 16:39:50,766 - INFO - Best train loss=1.9021254444122315; saved /fs04/ar57/wenyu/GeneRec/results/stage3_T5Train/curvature_RQ-VAE_iter49/ckpt/Amazon_2023_Instruments/Sep-29-2026_16-20-30/HG_Rec_best.pth
2026-09-29 16:40:02,364 - INFO - Epoch 100/150 train_loss=1.9014209032058715
2026-09-29 16:40:02,401 - INFO - Best train loss=1.9014209032058715; saved /fs04/ar57/wenyu/GeneRec/results/stage3_T5Train/curvature_RQ-VAE_iter49/ckpt/Amazon_2023_Instruments/Sep-29-2026_16-20-30/HG_Rec_best.pth
2026-09-29 16:40:14,011 - INFO - Epoch 101/150 train_loss=1.8969663286209106
2026-09-29 16:40:14,048 - INFO - Best train loss=1.8969663286209106; saved /fs04/ar57/wenyu/GeneRec/results/stage3_T5Train/curvature_RQ-VAE_iter49/ckpt/Amazon_2023_Instruments/Sep-29-2026_16-20-30/HG_Rec_best.pth
2026-09-29 16:40:25,763 - INFO - Epoch 102/150 train_loss=1.8971795654296875
2026-09-29 16:40:37,760 - INFO - Epoch 103/150 train_loss=1.8926804399490356
2026-09-29 16:40:37,807 - INFO - Best train loss=1.8926804399490356; saved /fs04/ar57/wenyu/GeneRec/results/stage3_T5Train/curvature_RQ-VAE_iter49/ckpt/Amazon_2023_Instruments/Sep-29-2026_16-20-30/HG_Rec_best.pth
2026-09-29 16:40:49,416 - INFO - Epoch 104/150 train_loss=1.8919275569915772
2026-09-29 16:40:49,452 - INFO - Best train loss=1.8919275569915772; saved /fs04/ar57/wenyu/GeneRec/results/stage3_T5Train/curvature_RQ-VAE_iter49/ckpt/Amazon_2023_Instruments/Sep-29-2026_16-20-30/HG_Rec_best.pth
2026-09-29 16:41:01,076 - INFO - Epoch 105/150 train_loss=1.8946991395950317
2026-09-29 16:41:12,847 - INFO - Epoch 106/150 train_loss=1.8881427192687987
2026-09-29 16:41:12,885 - INFO - Best train loss=1.8881427192687987; saved /fs04/ar57/wenyu/GeneRec/results/stage3_T5Train/curvature_RQ-VAE_iter49/ckpt/Amazon_2023_Instruments/Sep-29-2026_16-20-30/HG_Rec_best.pth
2026-09-29 16:41:24,590 - INFO - Epoch 107/150 train_loss=1.8907277631759642
2026-09-29 16:41:36,195 - INFO - Epoch 108/150 train_loss=1.8892919158935546
2026-09-29 16:41:47,827 - INFO - Epoch 109/150 train_loss=1.8839873790740966
2026-09-29 16:41:47,864 - INFO - Best train loss=1.8839873790740966; saved /fs04/ar57/wenyu/GeneRec/results/stage3_T5Train/curvature_RQ-VAE_iter49/ckpt/Amazon_2023_Instruments/Sep-29-2026_16-20-30/HG_Rec_best.pth
2026-09-29 16:41:59,470 - INFO - Epoch 110/150 train_loss=1.8815639448165893
2026-09-29 16:41:59,506 - INFO - Best train loss=1.8815639448165893; saved /fs04/ar57/wenyu/GeneRec/results/stage3_T5Train/curvature_RQ-VAE_iter49/ckpt/Amazon_2023_Instruments/Sep-29-2026_16-20-30/HG_Rec_best.pth
2026-09-29 16:42:11,112 - INFO - Epoch 111/150 train_loss=1.8828296279907226
2026-09-29 16:42:22,711 - INFO - Epoch 112/150 train_loss=1.8785040807723998
2026-09-29 16:42:22,756 - INFO - Best train loss=1.8785040807723998; saved /fs04/ar57/wenyu/GeneRec/results/stage3_T5Train/curvature_RQ-VAE_iter49/ckpt/Amazon_2023_Instruments/Sep-29-2026_16-20-30/HG_Rec_best.pth
2026-09-29 16:42:34,353 - INFO - Epoch 113/150 train_loss=1.8811678171157837
2026-09-29 16:42:45,962 - INFO - Epoch 114/150 train_loss=1.8762561559677124
2026-09-29 16:42:45,999 - INFO - Best train loss=1.8762561559677124; saved /fs04/ar57/wenyu/GeneRec/results/stage3_T5Train/curvature_RQ-VAE_iter49/ckpt/Amazon_2023_Instruments/Sep-29-2026_16-20-30/HG_Rec_best.pth
2026-09-29 16:42:57,601 - INFO - Epoch 115/150 train_loss=1.876838665008545
2026-09-29 16:43:09,206 - INFO - Epoch 116/150 train_loss=1.8750968885421753
2026-09-29 16:43:09,243 - INFO - Best train loss=1.8750968885421753; saved /fs04/ar57/wenyu/GeneRec/results/stage3_T5Train/curvature_RQ-VAE_iter49/ckpt/Amazon_2023_Instruments/Sep-29-2026_16-20-30/HG_Rec_best.pth
2026-09-29 16:43:23,246 - INFO - Epoch 117/150 train_loss=1.8734045791625977
2026-09-29 16:43:23,282 - INFO - Best train loss=1.8734045791625977; saved /fs04/ar57/wenyu/GeneRec/results/stage3_T5Train/curvature_RQ-VAE_iter49/ckpt/Amazon_2023_Instruments/Sep-29-2026_16-20-30/HG_Rec_best.pth
2026-09-29 16:43:34,922 - INFO - Epoch 118/150 train_loss=1.8706624603271484
2026-09-29 16:43:34,993 - INFO - Best train loss=1.8706624603271484; saved /fs04/ar57/wenyu/GeneRec/results/stage3_T5Train/curvature_RQ-VAE_iter49/ckpt/Amazon_2023_Instruments/Sep-29-2026_16-20-30/HG_Rec_best.pth
2026-09-29 16:43:46,597 - INFO - Epoch 119/150 train_loss=1.8688314247131348
2026-09-29 16:43:46,634 - INFO - Best train loss=1.8688314247131348; saved /fs04/ar57/wenyu/GeneRec/results/stage3_T5Train/curvature_RQ-VAE_iter49/ckpt/Amazon_2023_Instruments/Sep-29-2026_16-20-30/HG_Rec_best.pth
2026-09-29 16:43:58,240 - INFO - Epoch 120/150 train_loss=1.866747622489929
2026-09-29 16:43:58,274 - INFO - Best train loss=1.866747622489929; saved /fs04/ar57/wenyu/GeneRec/results/stage3_T5Train/curvature_RQ-VAE_iter49/ckpt/Amazon_2023_Instruments/Sep-29-2026_16-20-30/HG_Rec_best.pth
2026-09-29 16:44:09,881 - INFO - Epoch 121/150 train_loss=1.8671632051467895
2026-09-29 16:44:21,487 - INFO - Epoch 122/150 train_loss=1.8647476577758788
2026-09-29 16:44:21,524 - INFO - Best train loss=1.8647476577758788; saved /fs04/ar57/wenyu/GeneRec/results/stage3_T5Train/curvature_RQ-VAE_iter49/ckpt/Amazon_2023_Instruments/Sep-29-2026_16-20-30/HG_Rec_best.pth
2026-09-29 16:44:33,127 - INFO - Epoch 123/150 train_loss=1.8613832330703735
2026-09-29 16:44:33,169 - INFO - Best train loss=1.8613832330703735; saved /fs04/ar57/wenyu/GeneRec/results/stage3_T5Train/curvature_RQ-VAE_iter49/ckpt/Amazon_2023_Instruments/Sep-29-2026_16-20-30/HG_Rec_best.pth
2026-09-29 16:44:44,765 - INFO - Epoch 124/150 train_loss=1.8630305051803588
2026-09-29 16:44:56,371 - INFO - Epoch 125/150 train_loss=1.8629207849502563
2026-09-29 16:45:07,979 - INFO - Epoch 126/150 train_loss=1.8601442241668702
2026-09-29 16:45:08,021 - INFO - Best train loss=1.8601442241668702; saved /fs04/ar57/wenyu/GeneRec/results/stage3_T5Train/curvature_RQ-VAE_iter49/ckpt/Amazon_2023_Instruments/Sep-29-2026_16-20-30/HG_Rec_best.pth
2026-09-29 16:45:19,625 - INFO - Epoch 127/150 train_loss=1.856812629699707
2026-09-29 16:45:19,661 - INFO - Best train loss=1.856812629699707; saved /fs04/ar57/wenyu/GeneRec/results/stage3_T5Train/curvature_RQ-VAE_iter49/ckpt/Amazon_2023_Instruments/Sep-29-2026_16-20-30/HG_Rec_best.pth
2026-09-29 16:45:31,262 - INFO - Epoch 128/150 train_loss=1.8611876249313355
2026-09-29 16:45:42,867 - INFO - Epoch 129/150 train_loss=1.8557433891296387
2026-09-29 16:45:42,908 - INFO - Best train loss=1.8557433891296387; saved /fs04/ar57/wenyu/GeneRec/results/stage3_T5Train/curvature_RQ-VAE_iter49/ckpt/Amazon_2023_Instruments/Sep-29-2026_16-20-30/HG_Rec_best.pth
2026-09-29 16:45:54,499 - INFO - Epoch 130/150 train_loss=1.8575576734542847
2026-09-29 16:46:06,108 - INFO - Epoch 131/150 train_loss=1.8541440057754517
2026-09-29 16:46:06,144 - INFO - Best train loss=1.8541440057754517; saved /fs04/ar57/wenyu/GeneRec/results/stage3_T5Train/curvature_RQ-VAE_iter49/ckpt/Amazon_2023_Instruments/Sep-29-2026_16-20-30/HG_Rec_best.pth
2026-09-29 16:46:17,746 - INFO - Epoch 132/150 train_loss=1.8541890621185302
2026-09-29 16:46:29,352 - INFO - Epoch 133/150 train_loss=1.854978051185608
2026-09-29 16:46:40,960 - INFO - Epoch 134/150 train_loss=1.8515429830551147
2026-09-29 16:46:41,000 - INFO - Best train loss=1.8515429830551147; saved /fs04/ar57/wenyu/GeneRec/results/stage3_T5Train/curvature_RQ-VAE_iter49/ckpt/Amazon_2023_Instruments/Sep-29-2026_16-20-30/HG_Rec_best.pth
2026-09-29 16:46:52,606 - INFO - Epoch 135/150 train_loss=1.8505584955215455
2026-09-29 16:46:52,641 - INFO - Best train loss=1.8505584955215455; saved /fs04/ar57/wenyu/GeneRec/results/stage3_T5Train/curvature_RQ-VAE_iter49/ckpt/Amazon_2023_Instruments/Sep-29-2026_16-20-30/HG_Rec_best.pth
2026-09-29 16:47:04,244 - INFO - Epoch 136/150 train_loss=1.8510446548461914
2026-09-29 16:47:15,852 - INFO - Epoch 137/150 train_loss=1.850646939277649
2026-09-29 16:47:27,464 - INFO - Epoch 138/150 train_loss=1.8494030570983886
2026-09-29 16:47:27,506 - INFO - Best train loss=1.8494030570983886; saved /fs04/ar57/wenyu/GeneRec/results/stage3_T5Train/curvature_RQ-VAE_iter49/ckpt/Amazon_2023_Instruments/Sep-29-2026_16-20-30/HG_Rec_best.pth
2026-09-29 16:47:39,109 - INFO - Epoch 139/150 train_loss=1.8469485759735107
2026-09-29 16:47:39,144 - INFO - Best train loss=1.8469485759735107; saved /fs04/ar57/wenyu/GeneRec/results/stage3_T5Train/curvature_RQ-VAE_iter49/ckpt/Amazon_2023_Instruments/Sep-29-2026_16-20-30/HG_Rec_best.pth
2026-09-29 16:47:50,754 - INFO - Epoch 140/150 train_loss=1.84523353099823
2026-09-29 16:47:50,788 - INFO - Best train loss=1.84523353099823; saved /fs04/ar57/wenyu/GeneRec/results/stage3_T5Train/curvature_RQ-VAE_iter49/ckpt/Amazon_2023_Instruments/Sep-29-2026_16-20-30/HG_Rec_best.pth
2026-09-29 16:48:02,388 - INFO - Epoch 141/150 train_loss=1.8497558116912842
2026-09-29 16:48:13,988 - INFO - Epoch 142/150 train_loss=1.8486493825912476
2026-09-29 16:48:25,600 - INFO - Epoch 143/150 train_loss=1.8451686477661133
2026-09-29 16:48:25,640 - INFO - Best train loss=1.8451686477661133; saved /fs04/ar57/wenyu/GeneRec/results/stage3_T5Train/curvature_RQ-VAE_iter49/ckpt/Amazon_2023_Instruments/Sep-29-2026_16-20-30/HG_Rec_best.pth
2026-09-29 16:48:37,246 - INFO - Epoch 144/150 train_loss=1.8427305364608764
2026-09-29 16:48:37,282 - INFO - Best train loss=1.8427305364608764; saved /fs04/ar57/wenyu/GeneRec/results/stage3_T5Train/curvature_RQ-VAE_iter49/ckpt/Amazon_2023_Instruments/Sep-29-2026_16-20-30/HG_Rec_best.pth
2026-09-29 16:48:48,885 - INFO - Epoch 145/150 train_loss=1.8437535905838012
2026-09-29 16:49:00,488 - INFO - Epoch 146/150 train_loss=1.8426369094848634
2026-09-29 16:49:00,525 - INFO - Best train loss=1.8426369094848634; saved /fs04/ar57/wenyu/GeneRec/results/stage3_T5Train/curvature_RQ-VAE_iter49/ckpt/Amazon_2023_Instruments/Sep-29-2026_16-20-30/HG_Rec_best.pth
2026-09-29 16:49:12,130 - INFO - Epoch 147/150 train_loss=1.8394608116149902
2026-09-29 16:49:12,167 - INFO - Best train loss=1.8394608116149902; saved /fs04/ar57/wenyu/GeneRec/results/stage3_T5Train/curvature_RQ-VAE_iter49/ckpt/Amazon_2023_Instruments/Sep-29-2026_16-20-30/HG_Rec_best.pth
2026-09-29 16:49:23,773 - INFO - Epoch 148/150 train_loss=1.8399644327163696
2026-09-29 16:49:35,381 - INFO - Epoch 149/150 train_loss=1.8405154037475586
2026-09-29 16:49:46,988 - INFO - Epoch 150/150 train_loss=1.8373804998397827
2026-09-29 16:49:47,023 - INFO - Best train loss=1.8373804998397827; saved /fs04/ar57/wenyu/GeneRec/results/stage3_T5Train/curvature_RQ-VAE_iter49/ckpt/Amazon_2023_Instruments/Sep-29-2026_16-20-30/HG_Rec_best.pth
2026-09-29 16:57:34,186 - INFO - Test={'best_checkpoint': '/fs04/ar57/wenyu/GeneRec/results/stage3_T5Train/curvature_RQ-VAE_iter49/ckpt/Amazon_2023_Instruments/Sep-29-2026_16-20-30/HG_Rec_best.pth', 'n_eval': 57439, 'test_recall@5': 0.040094709169727884, 'test_recall@10': 0.06023781751075054, 'test_ndcg@5': 0.026783366982358413, 'test_ndcg@10': 0.03326146683541984}
