W0930 21:06:42.867422 4110431 /fs04/scratch2/ar57/wenyu/genrec_env_v2/lib/python3.9/site-packages/torch/distributed/run.py:774] 
W0930 21:06:42.867422 4110431 /fs04/scratch2/ar57/wenyu/genrec_env_v2/lib/python3.9/site-packages/torch/distributed/run.py:774] *****************************************
W0930 21:06:42.867422 4110431 /fs04/scratch2/ar57/wenyu/genrec_env_v2/lib/python3.9/site-packages/torch/distributed/run.py:774] Setting OMP_NUM_THREADS environment variable for each process to be 1 in default, to avoid your system being overloaded, please further tune the variable for optimal performance in your application as needed. 
W0930 21:06:42.867422 4110431 /fs04/scratch2/ar57/wenyu/genrec_env_v2/lib/python3.9/site-packages/torch/distributed/run.py:774] *****************************************
[RecBole RQ-VAE] device=cuda:0 all_items=24587 train_items=24556 world_size=4
[Iter46 Geodesic Sinkhorn] max_global_steps=40000 eval_interval_steps=10000 batch_size_per_rank=1024 total_batch=4096 lr=0.001 c=1.0
[RecBole RQ-VAE] initializing codebooks with KMeans
/fs04/ar57/wenyu/GeneRec/stage2_RQ-VAE/curvature_RQ-VAE_iter64/model/layers.py:64: UserWarning: Deterministic behavior was enabled with either `torch.use_deterministic_algorithms(True)` or `at::Context::setDeterministicAlgorithms(true)`, but this operation is not deterministic because it uses CuBLAS and you have CUDA >= 10.2. To enable deterministic behavior in this case, you must set an environment variable before running your PyTorch application: CUBLAS_WORKSPACE_CONFIG=:4096:8 or CUBLAS_WORKSPACE_CONFIG=:16:8. For more information, go to https://docs.nvidia.com/cuda/cublas/index.html#results-reproducibility (Triggered internally at /pytorch/aten/src/ATen/Context.cpp:233.)
  dot = x_point @ y_point.t()
/fs04/ar57/wenyu/GeneRec/stage2_RQ-VAE/curvature_RQ-VAE_iter64/model/layers.py:64: UserWarning: Deterministic behavior was enabled with either `torch.use_deterministic_algorithms(True)` or `at::Context::setDeterministicAlgorithms(true)`, but this operation is not deterministic because it uses CuBLAS and you have CUDA >= 10.2. To enable deterministic behavior in this case, you must set an environment variable before running your PyTorch application: CUBLAS_WORKSPACE_CONFIG=:4096:8 or CUBLAS_WORKSPACE_CONFIG=:16:8. For more information, go to https://docs.nvidia.com/cuda/cublas/index.html#results-reproducibility (Triggered internally at /pytorch/aten/src/ATen/Context.cpp:233.)
  dot = x_point @ y_point.t()
/fs04/ar57/wenyu/GeneRec/stage2_RQ-VAE/curvature_RQ-VAE_iter64/model/layers.py:64: UserWarning: Deterministic behavior was enabled with either `torch.use_deterministic_algorithms(True)` or `at::Context::setDeterministicAlgorithms(true)`, but this operation is not deterministic because it uses CuBLAS and you have CUDA >= 10.2. To enable deterministic behavior in this case, you must set an environment variable before running your PyTorch application: CUBLAS_WORKSPACE_CONFIG=:4096:8 or CUBLAS_WORKSPACE_CONFIG=:16:8. For more information, go to https://docs.nvidia.com/cuda/cublas/index.html#results-reproducibility (Triggered internally at /pytorch/aten/src/ATen/Context.cpp:233.)
  dot = x_point @ y_point.t()
/fs04/ar57/wenyu/GeneRec/stage2_RQ-VAE/curvature_RQ-VAE_iter64/model/layers.py:64: UserWarning: Deterministic behavior was enabled with either `torch.use_deterministic_algorithms(True)` or `at::Context::setDeterministicAlgorithms(true)`, but this operation is not deterministic because it uses CuBLAS and you have CUDA >= 10.2. To enable deterministic behavior in this case, you must set an environment variable before running your PyTorch application: CUBLAS_WORKSPACE_CONFIG=:4096:8 or CUBLAS_WORKSPACE_CONFIG=:16:8. For more information, go to https://docs.nvidia.com/cuda/cublas/index.html#results-reproducibility (Triggered internally at /pytorch/aten/src/ATen/Context.cpp:233.)
  dot = x_point @ y_point.t()
/fs04/ar57/wenyu/GeneRec/stage2_RQ-VAE/curvature_RQ-VAE_iter64/model/layers.py:64: UserWarning: Deterministic behavior was enabled with either `torch.use_deterministic_algorithms(True)` or `at::Context::setDeterministicAlgorithms(true)`, but this operation is not deterministic because it uses CuBLAS and you have CUDA >= 10.2. To enable deterministic behavior in this case, you must set an environment variable before running your PyTorch application: CUBLAS_WORKSPACE_CONFIG=:4096:8 or CUBLAS_WORKSPACE_CONFIG=:16:8. For more information, go to https://docs.nvidia.com/cuda/cublas/index.html#results-reproducibility (Triggered internally at /pytorch/aten/src/ATen/Context.cpp:233.)
  dot = x_point @ y_point.t()
/fs04/ar57/wenyu/GeneRec/stage2_RQ-VAE/curvature_RQ-VAE_iter64/model/layers.py:64: UserWarning: Deterministic behavior was enabled with either `torch.use_deterministic_algorithms(True)` or `at::Context::setDeterministicAlgorithms(true)`, but this operation is not deterministic because it uses CuBLAS and you have CUDA >= 10.2. To enable deterministic behavior in this case, you must set an environment variable before running your PyTorch application: CUBLAS_WORKSPACE_CONFIG=:4096:8 or CUBLAS_WORKSPACE_CONFIG=:16:8. For more information, go to https://docs.nvidia.com/cuda/cublas/index.html#results-reproducibility (Triggered internally at /pytorch/aten/src/ATen/Context.cpp:233.)
  dot = x_point @ y_point.t()
/fs04/ar57/wenyu/GeneRec/stage2_RQ-VAE/curvature_RQ-VAE_iter64/model/layers.py:64: UserWarning: Deterministic behavior was enabled with either `torch.use_deterministic_algorithms(True)` or `at::Context::setDeterministicAlgorithms(true)`, but this operation is not deterministic because it uses CuBLAS and you have CUDA >= 10.2. To enable deterministic behavior in this case, you must set an environment variable before running your PyTorch application: CUBLAS_WORKSPACE_CONFIG=:4096:8 or CUBLAS_WORKSPACE_CONFIG=:16:8. For more information, go to https://docs.nvidia.com/cuda/cublas/index.html#results-reproducibility (Triggered internally at /pytorch/aten/src/ATen/Context.cpp:233.)
  dot = x_point @ y_point.t()
/fs04/ar57/wenyu/GeneRec/stage2_RQ-VAE/curvature_RQ-VAE_iter64/model/layers.py:64: UserWarning: Deterministic behavior was enabled with either `torch.use_deterministic_algorithms(True)` or `at::Context::setDeterministicAlgorithms(true)`, but this operation is not deterministic because it uses CuBLAS and you have CUDA >= 10.2. To enable deterministic behavior in this case, you must set an environment variable before running your PyTorch application: CUBLAS_WORKSPACE_CONFIG=:4096:8 or CUBLAS_WORKSPACE_CONFIG=:16:8. For more information, go to https://docs.nvidia.com/cuda/cublas/index.html#results-reproducibility (Triggered internally at /pytorch/aten/src/ATen/Context.cpp:233.)
  dot = x_point @ y_point.t()
/fs04/ar57/wenyu/GeneRec/stage2_RQ-VAE/curvature_RQ-VAE_iter64/model/layers.py:64: UserWarning: Deterministic behavior was enabled with either `torch.use_deterministic_algorithms(True)` or `at::Context::setDeterministicAlgorithms(true)`, but this operation is not deterministic because it uses CuBLAS and you have CUDA >= 10.2. To enable deterministic behavior in this case, you must set an environment variable before running your PyTorch application: CUBLAS_WORKSPACE_CONFIG=:4096:8 or CUBLAS_WORKSPACE_CONFIG=:16:8. For more information, go to https://docs.nvidia.com/cuda/cublas/index.html#results-reproducibility (Triggered internally at /pytorch/aten/src/ATen/Context.cpp:233.)
  dot = x_point @ y_point.t()
/home/wlia0047/ar57_scratch/wenyu/genrec_env_v2/lib64/python3.9/site-packages/torch/distributed/distributed_c10d.py:4807: UserWarning: No device id is provided via `init_process_group` or `barrier `. Using the current device set by the user. 
  warnings.warn(  # warn only once
/fs04/ar57/wenyu/GeneRec/stage2_RQ-VAE/curvature_RQ-VAE_iter64/model/layers.py:64: UserWarning: Deterministic behavior was enabled with either `torch.use_deterministic_algorithms(True)` or `at::Context::setDeterministicAlgorithms(true)`, but this operation is not deterministic because it uses CuBLAS and you have CUDA >= 10.2. To enable deterministic behavior in this case, you must set an environment variable before running your PyTorch application: CUBLAS_WORKSPACE_CONFIG=:4096:8 or CUBLAS_WORKSPACE_CONFIG=:16:8. For more information, go to https://docs.nvidia.com/cuda/cublas/index.html#results-reproducibility (Triggered internally at /pytorch/aten/src/ATen/Context.cpp:233.)
  dot = x_point @ y_point.t()
/fs04/ar57/wenyu/GeneRec/stage2_RQ-VAE/curvature_RQ-VAE_iter64/model/layers.py:64: UserWarning: Deterministic behavior was enabled with either `torch.use_deterministic_algorithms(True)` or `at::Context::setDeterministicAlgorithms(true)`, but this operation is not deterministic because it uses CuBLAS and you have CUDA >= 10.2. To enable deterministic behavior in this case, you must set an environment variable before running your PyTorch application: CUBLAS_WORKSPACE_CONFIG=:4096:8 or CUBLAS_WORKSPACE_CONFIG=:16:8. For more information, go to https://docs.nvidia.com/cuda/cublas/index.html#results-reproducibility (Triggered internally at /pytorch/aten/src/ATen/Context.cpp:233.)
  dot = x_point @ y_point.t()
/home/wlia0047/ar57_scratch/wenyu/genrec_env_v2/lib64/python3.9/site-packages/torch/distributed/distributed_c10d.py:4807: UserWarning: No device id is provided via `init_process_group` or `barrier `. Using the current device set by the user. 
  warnings.warn(  # warn only once
/home/wlia0047/ar57_scratch/wenyu/genrec_env_v2/lib64/python3.9/site-packages/torch/distributed/distributed_c10d.py:4807: UserWarning: No device id is provided via `init_process_group` or `barrier `. Using the current device set by the user. 
  warnings.warn(  # warn only once
/fs04/ar57/wenyu/GeneRec/stage2_RQ-VAE/curvature_RQ-VAE_iter64/model/layers.py:64: UserWarning: Deterministic behavior was enabled with either `torch.use_deterministic_algorithms(True)` or `at::Context::setDeterministicAlgorithms(true)`, but this operation is not deterministic because it uses CuBLAS and you have CUDA >= 10.2. To enable deterministic behavior in this case, you must set an environment variable before running your PyTorch application: CUBLAS_WORKSPACE_CONFIG=:4096:8 or CUBLAS_WORKSPACE_CONFIG=:16:8. For more information, go to https://docs.nvidia.com/cuda/cublas/index.html#results-reproducibility (Triggered internally at /pytorch/aten/src/ATen/Context.cpp:233.)
  dot = x_point @ y_point.t()
/home/wlia0047/ar57_scratch/wenyu/genrec_env_v2/lib64/python3.9/site-packages/torch/distributed/distributed_c10d.py:4807: UserWarning: No device id is provided via `init_process_group` or `barrier `. Using the current device set by the user. 
  warnings.warn(  # warn only once
/home/wlia0047/ar57_scratch/wenyu/genrec_env_v2/lib64/python3.9/site-packages/torch/autograd/graph.py:829: UserWarning: Deterministic behavior was enabled with either `torch.use_deterministic_algorithms(True)` or `at::Context::setDeterministicAlgorithms(true)`, but this operation is not deterministic because it uses CuBLAS and you have CUDA >= 10.2. To enable deterministic behavior in this case, you must set an environment variable before running your PyTorch application: CUBLAS_WORKSPACE_CONFIG=:4096:8 or CUBLAS_WORKSPACE_CONFIG=:16:8. For more information, go to https://docs.nvidia.com/cuda/cublas/index.html#results-reproducibility (Triggered internally at /pytorch/aten/src/ATen/Context.cpp:233.)
  return Variable._execution_engine.run_backward(  # Calls into the C++ engine to run the backward pass
/home/wlia0047/ar57_scratch/wenyu/genrec_env_v2/lib64/python3.9/site-packages/torch/autograd/graph.py:829: UserWarning: Deterministic behavior was enabled with either `torch.use_deterministic_algorithms(True)` or `at::Context::setDeterministicAlgorithms(true)`, but this operation is not deterministic because it uses CuBLAS and you have CUDA >= 10.2. To enable deterministic behavior in this case, you must set an environment variable before running your PyTorch application: CUBLAS_WORKSPACE_CONFIG=:4096:8 or CUBLAS_WORKSPACE_CONFIG=:16:8. For more information, go to https://docs.nvidia.com/cuda/cublas/index.html#results-reproducibility (Triggered internally at /pytorch/aten/src/ATen/Context.cpp:233.)
  return Variable._execution_engine.run_backward(  # Calls into the C++ engine to run the backward pass
/home/wlia0047/ar57_scratch/wenyu/genrec_env_v2/lib64/python3.9/site-packages/torch/autograd/graph.py:829: UserWarning: Deterministic behavior was enabled with either `torch.use_deterministic_algorithms(True)` or `at::Context::setDeterministicAlgorithms(true)`, but this operation is not deterministic because it uses CuBLAS and you have CUDA >= 10.2. To enable deterministic behavior in this case, you must set an environment variable before running your PyTorch application: CUBLAS_WORKSPACE_CONFIG=:4096:8 or CUBLAS_WORKSPACE_CONFIG=:16:8. For more information, go to https://docs.nvidia.com/cuda/cublas/index.html#results-reproducibility (Triggered internally at /pytorch/aten/src/ATen/Context.cpp:233.)
  return Variable._execution_engine.run_backward(  # Calls into the C++ engine to run the backward pass
/home/wlia0047/ar57_scratch/wenyu/genrec_env_v2/lib64/python3.9/site-packages/torch/autograd/graph.py:829: UserWarning: Deterministic behavior was enabled with either `torch.use_deterministic_algorithms(True)` or `at::Context::setDeterministicAlgorithms(true)`, but this operation is not deterministic because it uses CuBLAS and you have CUDA >= 10.2. To enable deterministic behavior in this case, you must set an environment variable before running your PyTorch application: CUBLAS_WORKSPACE_CONFIG=:4096:8 or CUBLAS_WORKSPACE_CONFIG=:16:8. For more information, go to https://docs.nvidia.com/cuda/cublas/index.html#results-reproducibility (Triggered internally at /pytorch/aten/src/ATen/Context.cpp:233.)
  return Variable._execution_engine.run_backward(  # Calls into the C++ engine to run the backward pass
[Iter46 Geodesic Sinkhorn] global_step=668/40000 local_updates=167 loss=0.00032558 recon=0.00015317 lr=1.000e-03
[Iter46 Geodesic Sinkhorn] global_step=1404/40000 local_updates=351 loss=0.00024687 recon=0.00016748 lr=1.000e-03
[Iter46 Geodesic Sinkhorn] global_step=2144/40000 local_updates=536 loss=0.00019789 recon=0.00014684 lr=1.000e-03
[Iter46 Geodesic Sinkhorn] global_step=2864/40000 local_updates=716 loss=0.00021740 recon=0.00015999 lr=1.000e-03
[Iter46 Geodesic Sinkhorn] global_step=3572/40000 local_updates=893 loss=0.00017726 recon=0.00014274 lr=1.000e-03
[Iter46 Geodesic Sinkhorn] global_step=4308/40000 local_updates=1077 loss=0.00020299 recon=0.00015760 lr=1.000e-03
[Iter46 Geodesic Sinkhorn] global_step=5028/40000 local_updates=1257 loss=0.00022275 recon=0.00015931 lr=1.000e-03
[Iter46 Geodesic Sinkhorn] global_step=5748/40000 local_updates=1437 loss=0.00017543 recon=0.00013044 lr=1.000e-03
[Iter46 Geodesic Sinkhorn] global_step=6456/40000 local_updates=1614 loss=0.00019982 recon=0.00014099 lr=1.000e-03
[Iter46 Geodesic Sinkhorn] global_step=7192/40000 local_updates=1798 loss=0.00079360 recon=0.00016158 lr=1.000e-03
[Iter46 Geodesic Sinkhorn] global_step=7912/40000 local_updates=1978 loss=0.00042899 recon=0.00015931 lr=1.000e-03
[Iter46 Geodesic Sinkhorn] global_step=8628/40000 local_updates=2157 loss=0.00038738 recon=0.00015078 lr=1.000e-03
[Iter46 Geodesic Sinkhorn] global_step=9332/40000 local_updates=2333 loss=0.00033447 recon=0.00014274 lr=1.000e-03
[Iter46 Geodesic Sinkhorn] global_step=10000/40000 loss=0.00062492 recon=0.00015453 lr=1.000e-03 raw_unique=17148/24587 collision=0.302558 codebook_used=[256, 249, 253] assignment_entropy_nats=[1.218942, 4.414342, 5.004453]
[Iter46 Geodesic Sinkhorn] global_step=10728/40000 local_updates=2682 loss=0.00054282 recon=0.00015092 lr=1.000e-03
[Iter46 Geodesic Sinkhorn] global_step=11460/40000 local_updates=2865 loss=0.00026677 recon=0.00014374 lr=1.000e-03
[Iter46 Geodesic Sinkhorn] global_step=12172/40000 local_updates=3043 loss=0.00032304 recon=0.00014302 lr=1.000e-03
[Iter46 Geodesic Sinkhorn] global_step=12948/40000 local_updates=3237 loss=0.00155346 recon=0.00016731 lr=1.000e-03
[Iter46 Geodesic Sinkhorn] global_step=13700/40000 local_updates=3425 loss=0.00026756 recon=0.00012894 lr=1.000e-03
[Iter46 Geodesic Sinkhorn] global_step=14448/40000 local_updates=3612 loss=0.00081811 recon=0.00020036 lr=1.000e-03
[Iter46 Geodesic Sinkhorn] global_step=15184/40000 local_updates=3796 loss=0.00027178 recon=0.00013513 lr=1.000e-03
[Iter46 Geodesic Sinkhorn] global_step=15968/40000 local_updates=3992 loss=0.00037826 recon=0.00014279 lr=1.000e-03
[Iter46 Geodesic Sinkhorn] global_step=16736/40000 local_updates=4184 loss=0.00040222 recon=0.00014605 lr=1.000e-03
[Iter46 Geodesic Sinkhorn] global_step=17508/40000 local_updates=4377 loss=0.00023972 recon=0.00013697 lr=1.000e-03
[Iter46 Geodesic Sinkhorn] global_step=18264/40000 local_updates=4566 loss=0.00016654 recon=0.00012468 lr=1.000e-03
[Iter46 Geodesic Sinkhorn] global_step=19044/40000 local_updates=4761 loss=0.00017847 recon=0.00013912 lr=1.000e-03
[Iter46 Geodesic Sinkhorn] global_step=19808/40000 local_updates=4952 loss=0.00023383 recon=0.00013079 lr=1.000e-03
[Iter46 Geodesic Sinkhorn] global_step=20000/40000 loss=0.00037718 recon=0.00014327 lr=1.000e-03 raw_unique=14762/24587 collision=0.399601 codebook_used=[256, 219, 251] assignment_entropy_nats=[1.612462, 4.949345, 5.137917]
[Iter46 Geodesic Sinkhorn] global_step=20752/40000 local_updates=5188 loss=0.00130134 recon=0.00018842 lr=1.000e-03
[Iter46 Geodesic Sinkhorn] global_step=21520/40000 local_updates=5380 loss=0.00068478 recon=0.00015107 lr=1.000e-03
[Iter46 Geodesic Sinkhorn] global_step=22288/40000 local_updates=5572 loss=0.00045850 recon=0.00014161 lr=1.000e-03
[Iter46 Geodesic Sinkhorn] global_step=23052/40000 local_updates=5763 loss=0.00018662 recon=0.00013610 lr=1.000e-03
[Iter46 Geodesic Sinkhorn] global_step=23800/40000 local_updates=5950 loss=0.00039056 recon=0.00013550 lr=1.000e-03
[Iter46 Geodesic Sinkhorn] global_step=24584/40000 local_updates=6146 loss=0.00017318 recon=0.00012602 lr=1.000e-03
[Iter46 Geodesic Sinkhorn] global_step=25352/40000 local_updates=6338 loss=0.00046173 recon=0.00013632 lr=1.000e-03
[Iter46 Geodesic Sinkhorn] global_step=26124/40000 local_updates=6531 loss=0.00060125 recon=0.00013117 lr=1.000e-03
[Iter46 Geodesic Sinkhorn] global_step=26880/40000 local_updates=6720 loss=0.00030921 recon=0.00013447 lr=1.000e-03
[Iter46 Geodesic Sinkhorn] global_step=27664/40000 local_updates=6916 loss=0.00017484 recon=0.00012279 lr=1.000e-03
[Iter46 Geodesic Sinkhorn] global_step=28432/40000 local_updates=7108 loss=0.00021702 recon=0.00013717 lr=1.000e-03
[Iter46 Geodesic Sinkhorn] global_step=29204/40000 local_updates=7301 loss=0.00016505 recon=0.00011954 lr=1.000e-03
[Iter46 Geodesic Sinkhorn] global_step=29960/40000 local_updates=7490 loss=0.00022720 recon=0.00012389 lr=1.000e-03
[Iter46 Geodesic Sinkhorn] global_step=30000/40000 loss=0.00035420 recon=0.00013550 lr=1.000e-03 raw_unique=11385/24587 collision=0.536950 codebook_used=[256, 223, 246] assignment_entropy_nats=[1.653947, 5.037777, 5.002662]
[Iter46 Geodesic Sinkhorn] global_step=30784/40000 local_updates=7696 loss=0.00026715 recon=0.00014249 lr=1.000e-03
[Iter46 Geodesic Sinkhorn] global_step=31556/40000 local_updates=7889 loss=0.00021982 recon=0.00012792 lr=1.000e-03
[Iter46 Geodesic Sinkhorn] global_step=32312/40000 local_updates=8078 loss=0.00067468 recon=0.00013227 lr=1.000e-03
[Iter46 Geodesic Sinkhorn] global_step=33068/40000 local_updates=8267 loss=0.00048175 recon=0.00013062 lr=1.000e-03
[Iter46 Geodesic Sinkhorn] global_step=33832/40000 local_updates=8458 loss=0.00017524 recon=0.00011746 lr=1.000e-03
[Iter46 Geodesic Sinkhorn] global_step=34596/40000 local_updates=8649 loss=0.00143306 recon=0.00017123 lr=1.000e-03
[Iter46 Geodesic Sinkhorn] global_step=35352/40000 local_updates=8838 loss=0.00040667 recon=0.00012423 lr=1.000e-03
[Iter46 Geodesic Sinkhorn] global_step=36112/40000 local_updates=9028 loss=0.00019442 recon=0.00014075 lr=1.000e-03
[Iter46 Geodesic Sinkhorn] global_step=36892/40000 local_updates=9223 loss=0.00038668 recon=0.00011760 lr=1.000e-03
[Iter46 Geodesic Sinkhorn] global_step=37656/40000 local_updates=9414 loss=0.00027639 recon=0.00014865 lr=1.000e-03
[Iter46 Geodesic Sinkhorn] global_step=38424/40000 local_updates=9606 loss=0.00055993 recon=0.00012784 lr=1.000e-03
[Iter46 Geodesic Sinkhorn] global_step=39192/40000 local_updates=9798 loss=0.00021428 recon=0.00013015 lr=1.000e-03
[Iter46 Geodesic Sinkhorn] global_step=39960/40000 local_updates=9990 loss=0.00016703 recon=0.00012239 lr=1.000e-03
[Iter46 Geodesic Sinkhorn] global_step=40000/40000 loss=0.00030590 recon=0.00012843 lr=1.000e-03 raw_unique=20137/24587 collision=0.180990 codebook_used=[256, 256, 256] assignment_entropy_nats=[0.704138, 3.936496, 4.988673]
[Iter46 Geodesic Sinkhorn] fixed_c=1 global_steps=40000 local_optimizer_steps=10000 raw_shape=(24587, 3) sid_shape=(24587, 4) unique=24587 -> /home/wlia0047/ar57/wenyu/GeneRec/results/stage2_RQ-VAE/curvature_RQ-VAE_iter64/dataset/Instruments/sids_for_hgrec.npy
