Traceback (most recent call last):
Traceback (most recent call last):
  File "/home/wlia0047/ar57_scratch/wenyu/genrec_env_v2/lib64/python3.9/site-packages/transformers/utils/import_utils.py", line 2317, in __getattr__
  File "/home/wlia0047/ar57_scratch/wenyu/genrec_env_v2/lib64/python3.9/site-packages/transformers/utils/import_utils.py", line 2317, in __getattr__
    module = self._get_module(self._class_to_module[name])
  File "/home/wlia0047/ar57_scratch/wenyu/genrec_env_v2/lib64/python3.9/site-packages/transformers/utils/import_utils.py", line 2347, in _get_module
    module = self._get_module(self._class_to_module[name])
  File "/home/wlia0047/ar57_scratch/wenyu/genrec_env_v2/lib64/python3.9/site-packages/transformers/utils/import_utils.py", line 2347, in _get_module
    raise e
  File "/home/wlia0047/ar57_scratch/wenyu/genrec_env_v2/lib64/python3.9/site-packages/transformers/utils/import_utils.py", line 2345, in _get_module
    raise e
  File "/home/wlia0047/ar57_scratch/wenyu/genrec_env_v2/lib64/python3.9/site-packages/transformers/utils/import_utils.py", line 2345, in _get_module
    return importlib.import_module("." + module_name, self.__name__)
  File "/usr/lib64/python3.9/importlib/__init__.py", line 127, in import_module
    return _bootstrap._gcd_import(name[level:], package, level)
  File "<frozen importlib._bootstrap>", line 1030, in _gcd_import
    return importlib.import_module("." + module_name, self.__name__)
  File "/usr/lib64/python3.9/importlib/__init__.py", line 127, in import_module
    return _bootstrap._gcd_import(name[level:], package, level)
  File "<frozen importlib._bootstrap>", line 1030, in _gcd_import
  File "<frozen importlib._bootstrap>", line 1007, in _find_and_load
  File "<frozen importlib._bootstrap>", line 1007, in _find_and_load
  File "<frozen importlib._bootstrap>", line 986, in _find_and_load_unlocked
  File "<frozen importlib._bootstrap>", line 986, in _find_and_load_unlocked
  File "<frozen importlib._bootstrap>", line 680, in _load_unlocked
  File "<frozen importlib._bootstrap>", line 680, in _load_unlocked
  File "<frozen importlib._bootstrap_external>", line 850, in exec_module
  File "<frozen importlib._bootstrap_external>", line 850, in exec_module
  File "<frozen importlib._bootstrap>", line 228, in _call_with_frames_removed
  File "<frozen importlib._bootstrap>", line 228, in _call_with_frames_removed
  File "/home/wlia0047/ar57_scratch/wenyu/genrec_env_v2/lib64/python3.9/site-packages/transformers/models/t5/modeling_t5.py", line 31, in <module>
  File "/home/wlia0047/ar57_scratch/wenyu/genrec_env_v2/lib64/python3.9/site-packages/transformers/models/t5/modeling_t5.py", line 31, in <module>
    from ...modeling_layers import GradientCheckpointingLayer
  File "/home/wlia0047/ar57_scratch/wenyu/genrec_env_v2/lib64/python3.9/site-packages/transformers/modeling_layers.py", line 28, in <module>
    from ...modeling_layers import GradientCheckpointingLayer
  File "/home/wlia0047/ar57_scratch/wenyu/genrec_env_v2/lib64/python3.9/site-packages/transformers/modeling_layers.py", line 28, in <module>
    from .processing_utils import Unpack
  File "/home/wlia0047/ar57_scratch/wenyu/genrec_env_v2/lib64/python3.9/site-packages/transformers/processing_utils.py", line 37, in <module>
    from .processing_utils import Unpack
  File "/home/wlia0047/ar57_scratch/wenyu/genrec_env_v2/lib64/python3.9/site-packages/transformers/processing_utils.py", line 37, in <module>
    from .image_utils import ChannelDimension, ImageInput, is_vision_available
  File "/home/wlia0047/ar57_scratch/wenyu/genrec_env_v2/lib64/python3.9/site-packages/transformers/image_utils.py", line 55, in <module>
    from .image_utils import ChannelDimension, ImageInput, is_vision_available
  File "/home/wlia0047/ar57_scratch/wenyu/genrec_env_v2/lib64/python3.9/site-packages/transformers/image_utils.py", line 55, in <module>
    from torchvision.transforms import InterpolationMode
  File "/home/wlia0047/ar57_scratch/wenyu/genrec_env_v2/lib64/python3.9/site-packages/torchvision/__init__.py", line 10, in <module>
    from torchvision.transforms import InterpolationMode
  File "/home/wlia0047/ar57_scratch/wenyu/genrec_env_v2/lib64/python3.9/site-packages/torchvision/__init__.py", line 10, in <module>
    from torchvision import _meta_registrations, datasets, io, models, ops, transforms, utils  # usort:skip
  File "/home/wlia0047/ar57_scratch/wenyu/genrec_env_v2/lib64/python3.9/site-packages/torchvision/_meta_registrations.py", line 164, in <module>
    from torchvision import _meta_registrations, datasets, io, models, ops, transforms, utils  # usort:skip
  File "/home/wlia0047/ar57_scratch/wenyu/genrec_env_v2/lib64/python3.9/site-packages/torchvision/_meta_registrations.py", line 164, in <module>
    def meta_nms(dets, scores, iou_threshold):
  File "/home/wlia0047/ar57_scratch/wenyu/genrec_env_v2/lib64/python3.9/site-packages/torch/library.py", line 1069, in register
    def meta_nms(dets, scores, iou_threshold):
  File "/home/wlia0047/ar57_scratch/wenyu/genrec_env_v2/lib64/python3.9/site-packages/torch/library.py", line 1069, in register
    use_lib._register_fake(
  File "/home/wlia0047/ar57_scratch/wenyu/genrec_env_v2/lib64/python3.9/site-packages/torch/library.py", line 219, in _register_fake
    use_lib._register_fake(
  File "/home/wlia0047/ar57_scratch/wenyu/genrec_env_v2/lib64/python3.9/site-packages/torch/library.py", line 219, in _register_fake
    handle = entry.fake_impl.register(
  File "/home/wlia0047/ar57_scratch/wenyu/genrec_env_v2/lib64/python3.9/site-packages/torch/_library/fake_impl.py", line 50, in register
    handle = entry.fake_impl.register(
  File "/home/wlia0047/ar57_scratch/wenyu/genrec_env_v2/lib64/python3.9/site-packages/torch/_library/fake_impl.py", line 50, in register
    if torch._C._dispatch_has_kernel_for_dispatch_key(self.qualname, "Meta"):
RuntimeError: operator torchvision::nms does not exist

The above exception was the direct cause of the following exception:

Traceback (most recent call last):
  File "/fs04/ar57/wenyu/GeneRec/stage2_RQ-VAE/curvature_RQ-VAE_iter14/scripts/run_stage3_iter14.py", line 14, in <module>
    if torch._C._dispatch_has_kernel_for_dispatch_key(self.qualname, "Meta"):
RuntimeError: operator torchvision::nms does not exist

The above exception was the direct cause of the following exception:

Traceback (most recent call last):
  File "/fs04/ar57/wenyu/GeneRec/stage2_RQ-VAE/curvature_RQ-VAE_iter14/scripts/run_stage3_iter14.py", line 14, in <module>
    spec.loader.exec_module(trainer)
  File "<frozen importlib._bootstrap_external>", line 850, in exec_module
    spec.loader.exec_module(trainer)
  File "<frozen importlib._bootstrap_external>", line 850, in exec_module
  File "<frozen importlib._bootstrap>", line 228, in _call_with_frames_removed
  File "/home/wlia0047/ar57/wenyu/GeneRec/stage3_T5Train/train_HG-Rec.py", line 40, in <module>
  File "<frozen importlib._bootstrap>", line 228, in _call_with_frames_removed
  File "/home/wlia0047/ar57/wenyu/GeneRec/stage3_T5Train/train_HG-Rec.py", line 40, in <module>
    from model.hg_rec import HG_Rec
  File "/home/wlia0047/ar57/wenyu/GeneRec/stage3_T5Train/model/hg_rec.py", line 7, in <module>
    from model.hg_rec import HG_Rec
  File "/home/wlia0047/ar57/wenyu/GeneRec/stage3_T5Train/model/hg_rec.py", line 7, in <module>
    from transformers import T5Config, T5ForConditionalGeneration
  File "/home/wlia0047/ar57_scratch/wenyu/genrec_env_v2/lib64/python3.9/site-packages/transformers/utils/import_utils.py", line 2320, in __getattr__
    from transformers import T5Config, T5ForConditionalGeneration
  File "/home/wlia0047/ar57_scratch/wenyu/genrec_env_v2/lib64/python3.9/site-packages/transformers/utils/import_utils.py", line 2320, in __getattr__
    raise ModuleNotFoundError(
ModuleNotFoundError: Could not import module 'T5ForConditionalGeneration'. Are this object's requirements defined correctly?
    raise ModuleNotFoundError(
ModuleNotFoundError: Could not import module 'T5ForConditionalGeneration'. Are this object's requirements defined correctly?
