2026-10-10 16:25:18,069 - INFO - Configuration: {'batch_size': 4096, 'infer_size': 1024, 'num_epochs': 150, 'eval_interval': 5, 'eval_start_epoch': 75, 'early_eval_epochs': (25, 50, 75, 100, 125), 'fast': True, 'bf16': True, 'use_lr_scheduler': True, 'lr_warmup_pct': 0.1, 'lr_min_factor': 0.2, 'compile': False, 'compile_mode': 'default', 'num_layers': 4, 'num_decoder_layers': 4, 'd_model': 128, 'd_ff': 1024, 'num_heads': 6, 'd_kv': 64, 'dropout_rate': 0.1, 'activation_function': 'relu', 'feed_forward_proj': 'relu', 'device': 'cuda', 'lr': 0.003, 'weight_decay': 0.05, 'vocab_size': 782, 'eos_token_id': 781, 'pad_token_id': 0, 'n_user_tokens': 1, 'max_len': 20, 'dataset_name': 'Amazon_2023_Instruments', 'dataset_path': '/home/wlia0047/ar57/wenyu/GeneRec/results/stage0_build_parquet/', 'codebook_size': [256, 256, 256, 1], 'code_path': '/home/wlia0047/ar57/wenyu/GeneRec/results/stage2_RQ-VAE/TIGER_BEHAVIOR_R48/item_sids.json', 'train_file': 'train.parquet', 'valid_file': 'valid.parquet', 'test_file': 'test.parquet', 'log_path': '/home/wlia0047/ar57/wenyu/GeneRec/results/stage3_T5Train/tiger_behavior/logs/', 'save_path': '/home/wlia0047/ar57/wenyu/GeneRec/results/stage3_T5Train/tiger_behavior/ckpt/', 'seed': 42, 'topk_list': [5, 10], 'beam_size': 20, 'no_eval': True, 'skip_test': False, 'screen_baseline_log': '', 'screen_start_epoch': 40, 'screen_window': 5, 'screen_min_ndcg_gain': 0.001, 'screen_min_recall_gain': 0.001, 'num_workers': 4, 'prefetch_factor': 8, 'exclude_history': True, 'no_exclude_history': False, 'pin_memory': True, 'no_pin_memory': False, 'sid_length': 4, 'max_token_seq_len': 82, 'decoder_start_token_id': 0}
2026-10-10 16:25:19,558 - INFO - #Embedding parameters: 100096
#Non-embedding parameters: 4459648
#Total trainable parameters: 4559744

2026-10-10 16:25:44,298 - INFO - Epoch 1/150 train_loss=4.698488349914551
2026-10-10 16:25:44,534 - INFO - Best train loss=4.698488349914551; saved /home/wlia0047/ar57/wenyu/GeneRec/results/stage3_T5Train/tiger_behavior/ckpt/Amazon_2023_Instruments/Oct-10-2026_16-25-18/HG_Rec_best.pth
2026-10-10 16:25:56,155 - INFO - Epoch 2/150 train_loss=4.104603118896485
2026-10-10 16:25:56,191 - INFO - Best train loss=4.104603118896485; saved /home/wlia0047/ar57/wenyu/GeneRec/results/stage3_T5Train/tiger_behavior/ckpt/Amazon_2023_Instruments/Oct-10-2026_16-25-18/HG_Rec_best.pth
2026-10-10 16:26:07,801 - INFO - Epoch 3/150 train_loss=3.9158744335174562
2026-10-10 16:26:07,840 - INFO - Best train loss=3.9158744335174562; saved /home/wlia0047/ar57/wenyu/GeneRec/results/stage3_T5Train/tiger_behavior/ckpt/Amazon_2023_Instruments/Oct-10-2026_16-25-18/HG_Rec_best.pth
2026-10-10 16:26:19,443 - INFO - Epoch 4/150 train_loss=3.7732333660125734
2026-10-10 16:26:19,478 - INFO - Best train loss=3.7732333660125734; saved /home/wlia0047/ar57/wenyu/GeneRec/results/stage3_T5Train/tiger_behavior/ckpt/Amazon_2023_Instruments/Oct-10-2026_16-25-18/HG_Rec_best.pth
2026-10-10 16:26:31,084 - INFO - Epoch 5/150 train_loss=3.6438650703430175
2026-10-10 16:26:31,120 - INFO - Best train loss=3.6438650703430175; saved /home/wlia0047/ar57/wenyu/GeneRec/results/stage3_T5Train/tiger_behavior/ckpt/Amazon_2023_Instruments/Oct-10-2026_16-25-18/HG_Rec_best.pth
2026-10-10 16:26:42,738 - INFO - Epoch 6/150 train_loss=3.5595519447326662
2026-10-10 16:26:42,775 - INFO - Best train loss=3.5595519447326662; saved /home/wlia0047/ar57/wenyu/GeneRec/results/stage3_T5Train/tiger_behavior/ckpt/Amazon_2023_Instruments/Oct-10-2026_16-25-18/HG_Rec_best.pth
2026-10-10 16:26:54,383 - INFO - Epoch 7/150 train_loss=3.4028400802612304
2026-10-10 16:26:54,419 - INFO - Best train loss=3.4028400802612304; saved /home/wlia0047/ar57/wenyu/GeneRec/results/stage3_T5Train/tiger_behavior/ckpt/Amazon_2023_Instruments/Oct-10-2026_16-25-18/HG_Rec_best.pth
2026-10-10 16:27:06,026 - INFO - Epoch 8/150 train_loss=3.2795615768432618
2026-10-10 16:27:06,062 - INFO - Best train loss=3.2795615768432618; saved /home/wlia0047/ar57/wenyu/GeneRec/results/stage3_T5Train/tiger_behavior/ckpt/Amazon_2023_Instruments/Oct-10-2026_16-25-18/HG_Rec_best.pth
2026-10-10 16:27:17,663 - INFO - Epoch 9/150 train_loss=3.185912752151489
2026-10-10 16:27:17,699 - INFO - Best train loss=3.185912752151489; saved /home/wlia0047/ar57/wenyu/GeneRec/results/stage3_T5Train/tiger_behavior/ckpt/Amazon_2023_Instruments/Oct-10-2026_16-25-18/HG_Rec_best.pth
2026-10-10 16:27:29,305 - INFO - Epoch 10/150 train_loss=3.095242490768433
2026-10-10 16:27:29,342 - INFO - Best train loss=3.095242490768433; saved /home/wlia0047/ar57/wenyu/GeneRec/results/stage3_T5Train/tiger_behavior/ckpt/Amazon_2023_Instruments/Oct-10-2026_16-25-18/HG_Rec_best.pth
2026-10-10 16:27:41,256 - INFO - Epoch 11/150 train_loss=3.0137281703948973
2026-10-10 16:27:41,293 - INFO - Best train loss=3.0137281703948973; saved /home/wlia0047/ar57/wenyu/GeneRec/results/stage3_T5Train/tiger_behavior/ckpt/Amazon_2023_Instruments/Oct-10-2026_16-25-18/HG_Rec_best.pth
2026-10-10 16:27:52,898 - INFO - Epoch 12/150 train_loss=2.93543381690979
2026-10-10 16:27:52,933 - INFO - Best train loss=2.93543381690979; saved /home/wlia0047/ar57/wenyu/GeneRec/results/stage3_T5Train/tiger_behavior/ckpt/Amazon_2023_Instruments/Oct-10-2026_16-25-18/HG_Rec_best.pth
2026-10-10 16:28:04,535 - INFO - Epoch 13/150 train_loss=2.8608873748779295
2026-10-10 16:28:04,574 - INFO - Best train loss=2.8608873748779295; saved /home/wlia0047/ar57/wenyu/GeneRec/results/stage3_T5Train/tiger_behavior/ckpt/Amazon_2023_Instruments/Oct-10-2026_16-25-18/HG_Rec_best.pth
2026-10-10 16:28:16,177 - INFO - Epoch 14/150 train_loss=2.7976151752471923
2026-10-10 16:28:16,214 - INFO - Best train loss=2.7976151752471923; saved /home/wlia0047/ar57/wenyu/GeneRec/results/stage3_T5Train/tiger_behavior/ckpt/Amazon_2023_Instruments/Oct-10-2026_16-25-18/HG_Rec_best.pth
2026-10-10 16:28:27,817 - INFO - Epoch 15/150 train_loss=2.747960443496704
2026-10-10 16:28:27,853 - INFO - Best train loss=2.747960443496704; saved /home/wlia0047/ar57/wenyu/GeneRec/results/stage3_T5Train/tiger_behavior/ckpt/Amazon_2023_Instruments/Oct-10-2026_16-25-18/HG_Rec_best.pth
2026-10-10 16:28:39,452 - INFO - Epoch 16/150 train_loss=2.6998291015625
2026-10-10 16:28:39,488 - INFO - Best train loss=2.6998291015625; saved /home/wlia0047/ar57/wenyu/GeneRec/results/stage3_T5Train/tiger_behavior/ckpt/Amazon_2023_Instruments/Oct-10-2026_16-25-18/HG_Rec_best.pth
2026-10-10 16:28:51,087 - INFO - Epoch 17/150 train_loss=2.6416640758514403
2026-10-10 16:28:51,124 - INFO - Best train loss=2.6416640758514403; saved /home/wlia0047/ar57/wenyu/GeneRec/results/stage3_T5Train/tiger_behavior/ckpt/Amazon_2023_Instruments/Oct-10-2026_16-25-18/HG_Rec_best.pth
2026-10-10 16:29:03,259 - INFO - Epoch 18/150 train_loss=2.6031186771392822
2026-10-10 16:29:03,294 - INFO - Best train loss=2.6031186771392822; saved /home/wlia0047/ar57/wenyu/GeneRec/results/stage3_T5Train/tiger_behavior/ckpt/Amazon_2023_Instruments/Oct-10-2026_16-25-18/HG_Rec_best.pth
2026-10-10 16:29:14,904 - INFO - Epoch 19/150 train_loss=2.555108251571655
2026-10-10 16:29:14,942 - INFO - Best train loss=2.555108251571655; saved /home/wlia0047/ar57/wenyu/GeneRec/results/stage3_T5Train/tiger_behavior/ckpt/Amazon_2023_Instruments/Oct-10-2026_16-25-18/HG_Rec_best.pth
2026-10-10 16:29:26,552 - INFO - Epoch 20/150 train_loss=2.5128884601593016
2026-10-10 16:29:26,589 - INFO - Best train loss=2.5128884601593016; saved /home/wlia0047/ar57/wenyu/GeneRec/results/stage3_T5Train/tiger_behavior/ckpt/Amazon_2023_Instruments/Oct-10-2026_16-25-18/HG_Rec_best.pth
2026-10-10 16:29:38,195 - INFO - Epoch 21/150 train_loss=2.481956195831299
2026-10-10 16:29:38,229 - INFO - Best train loss=2.481956195831299; saved /home/wlia0047/ar57/wenyu/GeneRec/results/stage3_T5Train/tiger_behavior/ckpt/Amazon_2023_Instruments/Oct-10-2026_16-25-18/HG_Rec_best.pth
2026-10-10 16:29:49,836 - INFO - Epoch 22/150 train_loss=2.4517788028717042
2026-10-10 16:29:49,871 - INFO - Best train loss=2.4517788028717042; saved /home/wlia0047/ar57/wenyu/GeneRec/results/stage3_T5Train/tiger_behavior/ckpt/Amazon_2023_Instruments/Oct-10-2026_16-25-18/HG_Rec_best.pth
2026-10-10 16:30:01,476 - INFO - Epoch 23/150 train_loss=2.4256473445892333
2026-10-10 16:30:01,514 - INFO - Best train loss=2.4256473445892333; saved /home/wlia0047/ar57/wenyu/GeneRec/results/stage3_T5Train/tiger_behavior/ckpt/Amazon_2023_Instruments/Oct-10-2026_16-25-18/HG_Rec_best.pth
2026-10-10 16:30:13,119 - INFO - Epoch 24/150 train_loss=2.4032689476013185
2026-10-10 16:30:13,155 - INFO - Best train loss=2.4032689476013185; saved /home/wlia0047/ar57/wenyu/GeneRec/results/stage3_T5Train/tiger_behavior/ckpt/Amazon_2023_Instruments/Oct-10-2026_16-25-18/HG_Rec_best.pth
2026-10-10 16:30:24,756 - INFO - Epoch 25/150 train_loss=2.3796747303009034
2026-10-10 16:30:24,791 - INFO - Best train loss=2.3796747303009034; saved /home/wlia0047/ar57/wenyu/GeneRec/results/stage3_T5Train/tiger_behavior/ckpt/Amazon_2023_Instruments/Oct-10-2026_16-25-18/HG_Rec_best.pth
2026-10-10 16:30:36,388 - INFO - Epoch 26/150 train_loss=2.3525118732452395
2026-10-10 16:30:36,424 - INFO - Best train loss=2.3525118732452395; saved /home/wlia0047/ar57/wenyu/GeneRec/results/stage3_T5Train/tiger_behavior/ckpt/Amazon_2023_Instruments/Oct-10-2026_16-25-18/HG_Rec_best.pth
2026-10-10 16:30:48,027 - INFO - Epoch 27/150 train_loss=2.339397735595703
2026-10-10 16:30:48,062 - INFO - Best train loss=2.339397735595703; saved /home/wlia0047/ar57/wenyu/GeneRec/results/stage3_T5Train/tiger_behavior/ckpt/Amazon_2023_Instruments/Oct-10-2026_16-25-18/HG_Rec_best.pth
2026-10-10 16:30:59,667 - INFO - Epoch 28/150 train_loss=2.322641820907593
2026-10-10 16:30:59,702 - INFO - Best train loss=2.322641820907593; saved /home/wlia0047/ar57/wenyu/GeneRec/results/stage3_T5Train/tiger_behavior/ckpt/Amazon_2023_Instruments/Oct-10-2026_16-25-18/HG_Rec_best.pth
2026-10-10 16:31:11,308 - INFO - Epoch 29/150 train_loss=2.303448371887207
2026-10-10 16:31:11,344 - INFO - Best train loss=2.303448371887207; saved /home/wlia0047/ar57/wenyu/GeneRec/results/stage3_T5Train/tiger_behavior/ckpt/Amazon_2023_Instruments/Oct-10-2026_16-25-18/HG_Rec_best.pth
2026-10-10 16:31:22,951 - INFO - Epoch 30/150 train_loss=2.288070487976074
2026-10-10 16:31:22,985 - INFO - Best train loss=2.288070487976074; saved /home/wlia0047/ar57/wenyu/GeneRec/results/stage3_T5Train/tiger_behavior/ckpt/Amazon_2023_Instruments/Oct-10-2026_16-25-18/HG_Rec_best.pth
2026-10-10 16:31:34,582 - INFO - Epoch 31/150 train_loss=2.271946659088135
2026-10-10 16:31:34,616 - INFO - Best train loss=2.271946659088135; saved /home/wlia0047/ar57/wenyu/GeneRec/results/stage3_T5Train/tiger_behavior/ckpt/Amazon_2023_Instruments/Oct-10-2026_16-25-18/HG_Rec_best.pth
2026-10-10 16:31:46,220 - INFO - Epoch 32/150 train_loss=2.2526101875305176
2026-10-10 16:31:46,256 - INFO - Best train loss=2.2526101875305176; saved /home/wlia0047/ar57/wenyu/GeneRec/results/stage3_T5Train/tiger_behavior/ckpt/Amazon_2023_Instruments/Oct-10-2026_16-25-18/HG_Rec_best.pth
2026-10-10 16:31:57,867 - INFO - Epoch 33/150 train_loss=2.2266845417022707
2026-10-10 16:31:57,903 - INFO - Best train loss=2.2266845417022707; saved /home/wlia0047/ar57/wenyu/GeneRec/results/stage3_T5Train/tiger_behavior/ckpt/Amazon_2023_Instruments/Oct-10-2026_16-25-18/HG_Rec_best.pth
2026-10-10 16:32:09,505 - INFO - Epoch 34/150 train_loss=2.2125651931762693
2026-10-10 16:32:09,541 - INFO - Best train loss=2.2125651931762693; saved /home/wlia0047/ar57/wenyu/GeneRec/results/stage3_T5Train/tiger_behavior/ckpt/Amazon_2023_Instruments/Oct-10-2026_16-25-18/HG_Rec_best.pth
2026-10-10 16:32:21,143 - INFO - Epoch 35/150 train_loss=2.1971041202545165
2026-10-10 16:32:21,182 - INFO - Best train loss=2.1971041202545165; saved /home/wlia0047/ar57/wenyu/GeneRec/results/stage3_T5Train/tiger_behavior/ckpt/Amazon_2023_Instruments/Oct-10-2026_16-25-18/HG_Rec_best.pth
2026-10-10 16:32:32,784 - INFO - Epoch 36/150 train_loss=2.182459897994995
2026-10-10 16:32:32,820 - INFO - Best train loss=2.182459897994995; saved /home/wlia0047/ar57/wenyu/GeneRec/results/stage3_T5Train/tiger_behavior/ckpt/Amazon_2023_Instruments/Oct-10-2026_16-25-18/HG_Rec_best.pth
2026-10-10 16:32:44,432 - INFO - Epoch 37/150 train_loss=2.1664933490753175
2026-10-10 16:32:44,468 - INFO - Best train loss=2.1664933490753175; saved /home/wlia0047/ar57/wenyu/GeneRec/results/stage3_T5Train/tiger_behavior/ckpt/Amazon_2023_Instruments/Oct-10-2026_16-25-18/HG_Rec_best.pth
2026-10-10 16:32:56,076 - INFO - Epoch 38/150 train_loss=2.15344407081604
2026-10-10 16:32:56,113 - INFO - Best train loss=2.15344407081604; saved /home/wlia0047/ar57/wenyu/GeneRec/results/stage3_T5Train/tiger_behavior/ckpt/Amazon_2023_Instruments/Oct-10-2026_16-25-18/HG_Rec_best.pth
2026-10-10 16:33:07,719 - INFO - Epoch 39/150 train_loss=2.1461941146850587
2026-10-10 16:33:07,759 - INFO - Best train loss=2.1461941146850587; saved /home/wlia0047/ar57/wenyu/GeneRec/results/stage3_T5Train/tiger_behavior/ckpt/Amazon_2023_Instruments/Oct-10-2026_16-25-18/HG_Rec_best.pth
2026-10-10 16:33:19,365 - INFO - Epoch 40/150 train_loss=2.1386425399780276
2026-10-10 16:33:19,401 - INFO - Best train loss=2.1386425399780276; saved /home/wlia0047/ar57/wenyu/GeneRec/results/stage3_T5Train/tiger_behavior/ckpt/Amazon_2023_Instruments/Oct-10-2026_16-25-18/HG_Rec_best.pth
2026-10-10 16:33:31,008 - INFO - Epoch 41/150 train_loss=2.1276183319091797
2026-10-10 16:33:31,043 - INFO - Best train loss=2.1276183319091797; saved /home/wlia0047/ar57/wenyu/GeneRec/results/stage3_T5Train/tiger_behavior/ckpt/Amazon_2023_Instruments/Oct-10-2026_16-25-18/HG_Rec_best.pth
2026-10-10 16:33:42,642 - INFO - Epoch 42/150 train_loss=2.119370336532593
2026-10-10 16:33:42,678 - INFO - Best train loss=2.119370336532593; saved /home/wlia0047/ar57/wenyu/GeneRec/results/stage3_T5Train/tiger_behavior/ckpt/Amazon_2023_Instruments/Oct-10-2026_16-25-18/HG_Rec_best.pth
2026-10-10 16:33:54,789 - INFO - Epoch 43/150 train_loss=2.1071381187438964
2026-10-10 16:33:54,824 - INFO - Best train loss=2.1071381187438964; saved /home/wlia0047/ar57/wenyu/GeneRec/results/stage3_T5Train/tiger_behavior/ckpt/Amazon_2023_Instruments/Oct-10-2026_16-25-18/HG_Rec_best.pth
2026-10-10 16:34:06,423 - INFO - Epoch 44/150 train_loss=2.1013033294677737
2026-10-10 16:34:06,459 - INFO - Best train loss=2.1013033294677737; saved /home/wlia0047/ar57/wenyu/GeneRec/results/stage3_T5Train/tiger_behavior/ckpt/Amazon_2023_Instruments/Oct-10-2026_16-25-18/HG_Rec_best.pth
2026-10-10 16:34:18,067 - INFO - Epoch 45/150 train_loss=2.094263916015625
2026-10-10 16:34:18,104 - INFO - Best train loss=2.094263916015625; saved /home/wlia0047/ar57/wenyu/GeneRec/results/stage3_T5Train/tiger_behavior/ckpt/Amazon_2023_Instruments/Oct-10-2026_16-25-18/HG_Rec_best.pth
2026-10-10 16:34:29,707 - INFO - Epoch 46/150 train_loss=2.0857889080047607
2026-10-10 16:34:29,743 - INFO - Best train loss=2.0857889080047607; saved /home/wlia0047/ar57/wenyu/GeneRec/results/stage3_T5Train/tiger_behavior/ckpt/Amazon_2023_Instruments/Oct-10-2026_16-25-18/HG_Rec_best.pth
2026-10-10 16:34:41,350 - INFO - Epoch 47/150 train_loss=2.0793010902404787
2026-10-10 16:34:41,386 - INFO - Best train loss=2.0793010902404787; saved /home/wlia0047/ar57/wenyu/GeneRec/results/stage3_T5Train/tiger_behavior/ckpt/Amazon_2023_Instruments/Oct-10-2026_16-25-18/HG_Rec_best.pth
2026-10-10 16:34:52,993 - INFO - Epoch 48/150 train_loss=2.0730347537994387
2026-10-10 16:34:53,030 - INFO - Best train loss=2.0730347537994387; saved /home/wlia0047/ar57/wenyu/GeneRec/results/stage3_T5Train/tiger_behavior/ckpt/Amazon_2023_Instruments/Oct-10-2026_16-25-18/HG_Rec_best.pth
2026-10-10 16:35:04,634 - INFO - Epoch 49/150 train_loss=2.063266315460205
2026-10-10 16:35:04,670 - INFO - Best train loss=2.063266315460205; saved /home/wlia0047/ar57/wenyu/GeneRec/results/stage3_T5Train/tiger_behavior/ckpt/Amazon_2023_Instruments/Oct-10-2026_16-25-18/HG_Rec_best.pth
2026-10-10 16:35:16,276 - INFO - Epoch 50/150 train_loss=2.064389820098877
2026-10-10 16:35:29,065 - INFO - Epoch 51/150 train_loss=2.0518675804138184
2026-10-10 16:35:29,703 - INFO - Best train loss=2.0518675804138184; saved /home/wlia0047/ar57/wenyu/GeneRec/results/stage3_T5Train/tiger_behavior/ckpt/Amazon_2023_Instruments/Oct-10-2026_16-25-18/HG_Rec_best.pth
2026-10-10 16:35:41,414 - INFO - Epoch 52/150 train_loss=2.052890920639038
2026-10-10 16:35:53,924 - INFO - Epoch 53/150 train_loss=2.0462967777252197
2026-10-10 16:35:53,959 - INFO - Best train loss=2.0462967777252197; saved /home/wlia0047/ar57/wenyu/GeneRec/results/stage3_T5Train/tiger_behavior/ckpt/Amazon_2023_Instruments/Oct-10-2026_16-25-18/HG_Rec_best.pth
2026-10-10 16:36:05,562 - INFO - Epoch 54/150 train_loss=2.0368549251556396
2026-10-10 16:36:05,597 - INFO - Best train loss=2.0368549251556396; saved /home/wlia0047/ar57/wenyu/GeneRec/results/stage3_T5Train/tiger_behavior/ckpt/Amazon_2023_Instruments/Oct-10-2026_16-25-18/HG_Rec_best.pth
2026-10-10 16:36:19,230 - INFO - Epoch 55/150 train_loss=2.0334243106842043
2026-10-10 16:36:19,345 - INFO - Best train loss=2.0334243106842043; saved /home/wlia0047/ar57/wenyu/GeneRec/results/stage3_T5Train/tiger_behavior/ckpt/Amazon_2023_Instruments/Oct-10-2026_16-25-18/HG_Rec_best.pth
2026-10-10 16:36:30,945 - INFO - Epoch 56/150 train_loss=2.0279482555389405
2026-10-10 16:36:30,981 - INFO - Best train loss=2.0279482555389405; saved /home/wlia0047/ar57/wenyu/GeneRec/results/stage3_T5Train/tiger_behavior/ckpt/Amazon_2023_Instruments/Oct-10-2026_16-25-18/HG_Rec_best.pth
2026-10-10 16:36:42,581 - INFO - Epoch 57/150 train_loss=2.020429239273071
2026-10-10 16:36:42,617 - INFO - Best train loss=2.020429239273071; saved /home/wlia0047/ar57/wenyu/GeneRec/results/stage3_T5Train/tiger_behavior/ckpt/Amazon_2023_Instruments/Oct-10-2026_16-25-18/HG_Rec_best.pth
2026-10-10 16:36:54,224 - INFO - Epoch 58/150 train_loss=2.0172438335418703
2026-10-10 16:36:54,259 - INFO - Best train loss=2.0172438335418703; saved /home/wlia0047/ar57/wenyu/GeneRec/results/stage3_T5Train/tiger_behavior/ckpt/Amazon_2023_Instruments/Oct-10-2026_16-25-18/HG_Rec_best.pth
2026-10-10 16:37:05,859 - INFO - Epoch 59/150 train_loss=2.010042657852173
2026-10-10 16:37:05,894 - INFO - Best train loss=2.010042657852173; saved /home/wlia0047/ar57/wenyu/GeneRec/results/stage3_T5Train/tiger_behavior/ckpt/Amazon_2023_Instruments/Oct-10-2026_16-25-18/HG_Rec_best.pth
2026-10-10 16:37:17,501 - INFO - Epoch 60/150 train_loss=2.0058166217803954
2026-10-10 16:37:17,537 - INFO - Best train loss=2.0058166217803954; saved /home/wlia0047/ar57/wenyu/GeneRec/results/stage3_T5Train/tiger_behavior/ckpt/Amazon_2023_Instruments/Oct-10-2026_16-25-18/HG_Rec_best.pth
2026-10-10 16:37:38,125 - INFO - Epoch 61/150 train_loss=2.004084143638611
2026-10-10 16:37:38,722 - INFO - Best train loss=2.004084143638611; saved /home/wlia0047/ar57/wenyu/GeneRec/results/stage3_T5Train/tiger_behavior/ckpt/Amazon_2023_Instruments/Oct-10-2026_16-25-18/HG_Rec_best.pth
2026-10-10 16:37:50,789 - INFO - Epoch 62/150 train_loss=1.9983123254776
2026-10-10 16:37:50,828 - INFO - Best train loss=1.9983123254776; saved /home/wlia0047/ar57/wenyu/GeneRec/results/stage3_T5Train/tiger_behavior/ckpt/Amazon_2023_Instruments/Oct-10-2026_16-25-18/HG_Rec_best.pth
2026-10-10 16:38:02,436 - INFO - Epoch 63/150 train_loss=1.99360981464386
2026-10-10 16:38:02,471 - INFO - Best train loss=1.99360981464386; saved /home/wlia0047/ar57/wenyu/GeneRec/results/stage3_T5Train/tiger_behavior/ckpt/Amazon_2023_Instruments/Oct-10-2026_16-25-18/HG_Rec_best.pth
2026-10-10 16:38:14,081 - INFO - Epoch 64/150 train_loss=1.9926997709274292
2026-10-10 16:38:14,117 - INFO - Best train loss=1.9926997709274292; saved /home/wlia0047/ar57/wenyu/GeneRec/results/stage3_T5Train/tiger_behavior/ckpt/Amazon_2023_Instruments/Oct-10-2026_16-25-18/HG_Rec_best.pth
2026-10-10 16:38:25,721 - INFO - Epoch 65/150 train_loss=1.9885656881332396
2026-10-10 16:38:25,758 - INFO - Best train loss=1.9885656881332396; saved /home/wlia0047/ar57/wenyu/GeneRec/results/stage3_T5Train/tiger_behavior/ckpt/Amazon_2023_Instruments/Oct-10-2026_16-25-18/HG_Rec_best.pth
2026-10-10 16:38:37,364 - INFO - Epoch 66/150 train_loss=1.98538001537323
2026-10-10 16:38:37,400 - INFO - Best train loss=1.98538001537323; saved /home/wlia0047/ar57/wenyu/GeneRec/results/stage3_T5Train/tiger_behavior/ckpt/Amazon_2023_Instruments/Oct-10-2026_16-25-18/HG_Rec_best.pth
2026-10-10 16:38:49,006 - INFO - Epoch 67/150 train_loss=1.9800780153274535
2026-10-10 16:38:49,041 - INFO - Best train loss=1.9800780153274535; saved /home/wlia0047/ar57/wenyu/GeneRec/results/stage3_T5Train/tiger_behavior/ckpt/Amazon_2023_Instruments/Oct-10-2026_16-25-18/HG_Rec_best.pth
2026-10-10 16:39:00,664 - INFO - Epoch 68/150 train_loss=1.9776347255706788
2026-10-10 16:39:00,700 - INFO - Best train loss=1.9776347255706788; saved /home/wlia0047/ar57/wenyu/GeneRec/results/stage3_T5Train/tiger_behavior/ckpt/Amazon_2023_Instruments/Oct-10-2026_16-25-18/HG_Rec_best.pth
2026-10-10 16:39:12,303 - INFO - Epoch 69/150 train_loss=1.9790366697311401
2026-10-10 16:39:23,910 - INFO - Epoch 70/150 train_loss=1.9725151824951173
2026-10-10 16:39:23,950 - INFO - Best train loss=1.9725151824951173; saved /home/wlia0047/ar57/wenyu/GeneRec/results/stage3_T5Train/tiger_behavior/ckpt/Amazon_2023_Instruments/Oct-10-2026_16-25-18/HG_Rec_best.pth
2026-10-10 16:39:35,553 - INFO - Epoch 71/150 train_loss=1.968369026184082
2026-10-10 16:39:35,589 - INFO - Best train loss=1.968369026184082; saved /home/wlia0047/ar57/wenyu/GeneRec/results/stage3_T5Train/tiger_behavior/ckpt/Amazon_2023_Instruments/Oct-10-2026_16-25-18/HG_Rec_best.pth
2026-10-10 16:39:47,197 - INFO - Epoch 72/150 train_loss=1.964504942893982
2026-10-10 16:39:47,232 - INFO - Best train loss=1.964504942893982; saved /home/wlia0047/ar57/wenyu/GeneRec/results/stage3_T5Train/tiger_behavior/ckpt/Amazon_2023_Instruments/Oct-10-2026_16-25-18/HG_Rec_best.pth
2026-10-10 16:39:58,836 - INFO - Epoch 73/150 train_loss=1.9560172414779664
2026-10-10 16:39:58,872 - INFO - Best train loss=1.9560172414779664; saved /home/wlia0047/ar57/wenyu/GeneRec/results/stage3_T5Train/tiger_behavior/ckpt/Amazon_2023_Instruments/Oct-10-2026_16-25-18/HG_Rec_best.pth
2026-10-10 16:40:10,479 - INFO - Epoch 74/150 train_loss=1.9605735683441161
2026-10-10 16:40:22,089 - INFO - Epoch 75/150 train_loss=1.9577297496795654
2026-10-10 16:40:33,700 - INFO - Epoch 76/150 train_loss=1.9552610111236572
2026-10-10 16:40:33,735 - INFO - Best train loss=1.9552610111236572; saved /home/wlia0047/ar57/wenyu/GeneRec/results/stage3_T5Train/tiger_behavior/ckpt/Amazon_2023_Instruments/Oct-10-2026_16-25-18/HG_Rec_best.pth
2026-10-10 16:40:45,335 - INFO - Epoch 77/150 train_loss=1.9490656328201295
2026-10-10 16:40:45,371 - INFO - Best train loss=1.9490656328201295; saved /home/wlia0047/ar57/wenyu/GeneRec/results/stage3_T5Train/tiger_behavior/ckpt/Amazon_2023_Instruments/Oct-10-2026_16-25-18/HG_Rec_best.pth
2026-10-10 16:40:56,978 - INFO - Epoch 78/150 train_loss=1.9490153360366822
2026-10-10 16:40:57,014 - INFO - Best train loss=1.9490153360366822; saved /home/wlia0047/ar57/wenyu/GeneRec/results/stage3_T5Train/tiger_behavior/ckpt/Amazon_2023_Instruments/Oct-10-2026_16-25-18/HG_Rec_best.pth
2026-10-10 16:41:08,621 - INFO - Epoch 79/150 train_loss=1.9451960849761962
2026-10-10 16:41:08,657 - INFO - Best train loss=1.9451960849761962; saved /home/wlia0047/ar57/wenyu/GeneRec/results/stage3_T5Train/tiger_behavior/ckpt/Amazon_2023_Instruments/Oct-10-2026_16-25-18/HG_Rec_best.pth
2026-10-10 16:41:20,262 - INFO - Epoch 80/150 train_loss=1.9446635055541992
2026-10-10 16:41:20,903 - INFO - Best train loss=1.9446635055541992; saved /home/wlia0047/ar57/wenyu/GeneRec/results/stage3_T5Train/tiger_behavior/ckpt/Amazon_2023_Instruments/Oct-10-2026_16-25-18/HG_Rec_best.pth
2026-10-10 16:41:32,513 - INFO - Epoch 81/150 train_loss=1.9434119510650634
2026-10-10 16:41:32,550 - INFO - Best train loss=1.9434119510650634; saved /home/wlia0047/ar57/wenyu/GeneRec/results/stage3_T5Train/tiger_behavior/ckpt/Amazon_2023_Instruments/Oct-10-2026_16-25-18/HG_Rec_best.pth
2026-10-10 16:41:44,154 - INFO - Epoch 82/150 train_loss=1.9342717599868775
2026-10-10 16:41:44,191 - INFO - Best train loss=1.9342717599868775; saved /home/wlia0047/ar57/wenyu/GeneRec/results/stage3_T5Train/tiger_behavior/ckpt/Amazon_2023_Instruments/Oct-10-2026_16-25-18/HG_Rec_best.pth
2026-10-10 16:41:55,793 - INFO - Epoch 83/150 train_loss=1.9343821430206298
2026-10-10 16:42:07,398 - INFO - Epoch 84/150 train_loss=1.932067060470581
2026-10-10 16:42:07,440 - INFO - Best train loss=1.932067060470581; saved /home/wlia0047/ar57/wenyu/GeneRec/results/stage3_T5Train/tiger_behavior/ckpt/Amazon_2023_Instruments/Oct-10-2026_16-25-18/HG_Rec_best.pth
2026-10-10 16:42:19,048 - INFO - Epoch 85/150 train_loss=1.927962727546692
2026-10-10 16:42:19,083 - INFO - Best train loss=1.927962727546692; saved /home/wlia0047/ar57/wenyu/GeneRec/results/stage3_T5Train/tiger_behavior/ckpt/Amazon_2023_Instruments/Oct-10-2026_16-25-18/HG_Rec_best.pth
2026-10-10 16:42:30,694 - INFO - Epoch 86/150 train_loss=1.9263678407669067
2026-10-10 16:42:30,732 - INFO - Best train loss=1.9263678407669067; saved /home/wlia0047/ar57/wenyu/GeneRec/results/stage3_T5Train/tiger_behavior/ckpt/Amazon_2023_Instruments/Oct-10-2026_16-25-18/HG_Rec_best.pth
2026-10-10 16:42:42,340 - INFO - Epoch 87/150 train_loss=1.9256525087356566
2026-10-10 16:42:42,376 - INFO - Best train loss=1.9256525087356566; saved /home/wlia0047/ar57/wenyu/GeneRec/results/stage3_T5Train/tiger_behavior/ckpt/Amazon_2023_Instruments/Oct-10-2026_16-25-18/HG_Rec_best.pth
2026-10-10 16:42:53,983 - INFO - Epoch 88/150 train_loss=1.9225396394729615
2026-10-10 16:42:54,019 - INFO - Best train loss=1.9225396394729615; saved /home/wlia0047/ar57/wenyu/GeneRec/results/stage3_T5Train/tiger_behavior/ckpt/Amazon_2023_Instruments/Oct-10-2026_16-25-18/HG_Rec_best.pth
2026-10-10 16:43:05,639 - INFO - Epoch 89/150 train_loss=1.9222273015975953
2026-10-10 16:43:05,675 - INFO - Best train loss=1.9222273015975953; saved /home/wlia0047/ar57/wenyu/GeneRec/results/stage3_T5Train/tiger_behavior/ckpt/Amazon_2023_Instruments/Oct-10-2026_16-25-18/HG_Rec_best.pth
2026-10-10 16:43:17,278 - INFO - Epoch 90/150 train_loss=1.916393175125122
2026-10-10 16:43:17,314 - INFO - Best train loss=1.916393175125122; saved /home/wlia0047/ar57/wenyu/GeneRec/results/stage3_T5Train/tiger_behavior/ckpt/Amazon_2023_Instruments/Oct-10-2026_16-25-18/HG_Rec_best.pth
2026-10-10 16:43:28,921 - INFO - Epoch 91/150 train_loss=1.9165017557144166
2026-10-10 16:43:40,989 - INFO - Epoch 92/150 train_loss=1.9147191143035889
2026-10-10 16:43:41,026 - INFO - Best train loss=1.9147191143035889; saved /home/wlia0047/ar57/wenyu/GeneRec/results/stage3_T5Train/tiger_behavior/ckpt/Amazon_2023_Instruments/Oct-10-2026_16-25-18/HG_Rec_best.pth
2026-10-10 16:43:52,629 - INFO - Epoch 93/150 train_loss=1.9113148307800294
2026-10-10 16:43:52,715 - INFO - Best train loss=1.9113148307800294; saved /home/wlia0047/ar57/wenyu/GeneRec/results/stage3_T5Train/tiger_behavior/ckpt/Amazon_2023_Instruments/Oct-10-2026_16-25-18/HG_Rec_best.pth
2026-10-10 16:44:04,317 - INFO - Epoch 94/150 train_loss=1.915214834213257
2026-10-10 16:44:15,925 - INFO - Epoch 95/150 train_loss=1.9079010200500488
2026-10-10 16:44:15,963 - INFO - Best train loss=1.9079010200500488; saved /home/wlia0047/ar57/wenyu/GeneRec/results/stage3_T5Train/tiger_behavior/ckpt/Amazon_2023_Instruments/Oct-10-2026_16-25-18/HG_Rec_best.pth
2026-10-10 16:44:27,569 - INFO - Epoch 96/150 train_loss=1.9058228254318237
2026-10-10 16:44:27,605 - INFO - Best train loss=1.9058228254318237; saved /home/wlia0047/ar57/wenyu/GeneRec/results/stage3_T5Train/tiger_behavior/ckpt/Amazon_2023_Instruments/Oct-10-2026_16-25-18/HG_Rec_best.pth
2026-10-10 16:44:39,205 - INFO - Epoch 97/150 train_loss=1.9048035717010499
2026-10-10 16:44:39,241 - INFO - Best train loss=1.9048035717010499; saved /home/wlia0047/ar57/wenyu/GeneRec/results/stage3_T5Train/tiger_behavior/ckpt/Amazon_2023_Instruments/Oct-10-2026_16-25-18/HG_Rec_best.pth
2026-10-10 16:44:50,843 - INFO - Epoch 98/150 train_loss=1.9027475118637085
2026-10-10 16:44:50,880 - INFO - Best train loss=1.9027475118637085; saved /home/wlia0047/ar57/wenyu/GeneRec/results/stage3_T5Train/tiger_behavior/ckpt/Amazon_2023_Instruments/Oct-10-2026_16-25-18/HG_Rec_best.pth
2026-10-10 16:45:02,493 - INFO - Epoch 99/150 train_loss=1.9001740169525148
2026-10-10 16:45:02,538 - INFO - Best train loss=1.9001740169525148; saved /home/wlia0047/ar57/wenyu/GeneRec/results/stage3_T5Train/tiger_behavior/ckpt/Amazon_2023_Instruments/Oct-10-2026_16-25-18/HG_Rec_best.pth
2026-10-10 16:45:14,142 - INFO - Epoch 100/150 train_loss=1.9004198265075685
2026-10-10 16:45:25,942 - INFO - Epoch 101/150 train_loss=1.8955467128753662
2026-10-10 16:45:26,060 - INFO - Best train loss=1.8955467128753662; saved /home/wlia0047/ar57/wenyu/GeneRec/results/stage3_T5Train/tiger_behavior/ckpt/Amazon_2023_Instruments/Oct-10-2026_16-25-18/HG_Rec_best.pth
2026-10-10 16:45:37,926 - INFO - Epoch 102/150 train_loss=1.8954314470291138
2026-10-10 16:45:37,980 - INFO - Best train loss=1.8954314470291138; saved /home/wlia0047/ar57/wenyu/GeneRec/results/stage3_T5Train/tiger_behavior/ckpt/Amazon_2023_Instruments/Oct-10-2026_16-25-18/HG_Rec_best.pth
2026-10-10 16:45:49,582 - INFO - Epoch 103/150 train_loss=1.890631856918335
2026-10-10 16:45:49,621 - INFO - Best train loss=1.890631856918335; saved /home/wlia0047/ar57/wenyu/GeneRec/results/stage3_T5Train/tiger_behavior/ckpt/Amazon_2023_Instruments/Oct-10-2026_16-25-18/HG_Rec_best.pth
2026-10-10 16:46:01,643 - INFO - Epoch 104/150 train_loss=1.8910774660110474
2026-10-10 16:46:15,102 - INFO - Epoch 105/150 train_loss=1.891791868209839
2026-10-10 16:46:26,950 - INFO - Epoch 106/150 train_loss=1.8865402030944824
2026-10-10 16:46:27,137 - INFO - Best train loss=1.8865402030944824; saved /home/wlia0047/ar57/wenyu/GeneRec/results/stage3_T5Train/tiger_behavior/ckpt/Amazon_2023_Instruments/Oct-10-2026_16-25-18/HG_Rec_best.pth
2026-10-10 16:46:38,757 - INFO - Epoch 107/150 train_loss=1.8879793500900268
2026-10-10 16:46:50,362 - INFO - Epoch 108/150 train_loss=1.8866424751281738
2026-10-10 16:47:01,972 - INFO - Epoch 109/150 train_loss=1.8804613113403321
2026-10-10 16:47:02,008 - INFO - Best train loss=1.8804613113403321; saved /home/wlia0047/ar57/wenyu/GeneRec/results/stage3_T5Train/tiger_behavior/ckpt/Amazon_2023_Instruments/Oct-10-2026_16-25-18/HG_Rec_best.pth
2026-10-10 16:47:13,610 - INFO - Epoch 110/150 train_loss=1.878833408355713
2026-10-10 16:47:13,647 - INFO - Best train loss=1.878833408355713; saved /home/wlia0047/ar57/wenyu/GeneRec/results/stage3_T5Train/tiger_behavior/ckpt/Amazon_2023_Instruments/Oct-10-2026_16-25-18/HG_Rec_best.pth
2026-10-10 16:47:25,249 - INFO - Epoch 111/150 train_loss=1.879570722579956
2026-10-10 16:47:36,848 - INFO - Epoch 112/150 train_loss=1.8761015129089356
2026-10-10 16:47:36,896 - INFO - Best train loss=1.8761015129089356; saved /home/wlia0047/ar57/wenyu/GeneRec/results/stage3_T5Train/tiger_behavior/ckpt/Amazon_2023_Instruments/Oct-10-2026_16-25-18/HG_Rec_best.pth
2026-10-10 16:47:53,586 - INFO - Epoch 113/150 train_loss=1.8782960605621337
2026-10-10 16:48:06,007 - INFO - Epoch 114/150 train_loss=1.8743422651290893
2026-10-10 16:48:06,143 - INFO - Best train loss=1.8743422651290893; saved /home/wlia0047/ar57/wenyu/GeneRec/results/stage3_T5Train/tiger_behavior/ckpt/Amazon_2023_Instruments/Oct-10-2026_16-25-18/HG_Rec_best.pth
2026-10-10 16:48:17,744 - INFO - Epoch 115/150 train_loss=1.8739411401748658
2026-10-10 16:48:17,783 - INFO - Best train loss=1.8739411401748658; saved /home/wlia0047/ar57/wenyu/GeneRec/results/stage3_T5Train/tiger_behavior/ckpt/Amazon_2023_Instruments/Oct-10-2026_16-25-18/HG_Rec_best.pth
2026-10-10 16:48:29,384 - INFO - Epoch 116/150 train_loss=1.873382773399353
2026-10-10 16:48:29,421 - INFO - Best train loss=1.873382773399353; saved /home/wlia0047/ar57/wenyu/GeneRec/results/stage3_T5Train/tiger_behavior/ckpt/Amazon_2023_Instruments/Oct-10-2026_16-25-18/HG_Rec_best.pth
2026-10-10 16:48:42,973 - INFO - Epoch 117/150 train_loss=1.8699351835250855
2026-10-10 16:48:43,011 - INFO - Best train loss=1.8699351835250855; saved /home/wlia0047/ar57/wenyu/GeneRec/results/stage3_T5Train/tiger_behavior/ckpt/Amazon_2023_Instruments/Oct-10-2026_16-25-18/HG_Rec_best.pth
2026-10-10 16:48:54,738 - INFO - Epoch 118/150 train_loss=1.867522644996643
2026-10-10 16:48:54,774 - INFO - Best train loss=1.867522644996643; saved /home/wlia0047/ar57/wenyu/GeneRec/results/stage3_T5Train/tiger_behavior/ckpt/Amazon_2023_Instruments/Oct-10-2026_16-25-18/HG_Rec_best.pth
2026-10-10 16:49:06,379 - INFO - Epoch 119/150 train_loss=1.8660279178619386
2026-10-10 16:49:06,415 - INFO - Best train loss=1.8660279178619386; saved /home/wlia0047/ar57/wenyu/GeneRec/results/stage3_T5Train/tiger_behavior/ckpt/Amazon_2023_Instruments/Oct-10-2026_16-25-18/HG_Rec_best.pth
2026-10-10 16:49:18,020 - INFO - Epoch 120/150 train_loss=1.8651849842071533
2026-10-10 16:49:18,055 - INFO - Best train loss=1.8651849842071533; saved /home/wlia0047/ar57/wenyu/GeneRec/results/stage3_T5Train/tiger_behavior/ckpt/Amazon_2023_Instruments/Oct-10-2026_16-25-18/HG_Rec_best.pth
2026-10-10 16:49:29,665 - INFO - Epoch 121/150 train_loss=1.8623492479324342
2026-10-10 16:49:29,700 - INFO - Best train loss=1.8623492479324342; saved /home/wlia0047/ar57/wenyu/GeneRec/results/stage3_T5Train/tiger_behavior/ckpt/Amazon_2023_Instruments/Oct-10-2026_16-25-18/HG_Rec_best.pth
2026-10-10 16:49:41,307 - INFO - Epoch 122/150 train_loss=1.8623330688476563
2026-10-10 16:49:41,343 - INFO - Best train loss=1.8623330688476563; saved /home/wlia0047/ar57/wenyu/GeneRec/results/stage3_T5Train/tiger_behavior/ckpt/Amazon_2023_Instruments/Oct-10-2026_16-25-18/HG_Rec_best.pth
2026-10-10 16:49:52,947 - INFO - Epoch 123/150 train_loss=1.8597750520706178
2026-10-10 16:49:52,982 - INFO - Best train loss=1.8597750520706178; saved /home/wlia0047/ar57/wenyu/GeneRec/results/stage3_T5Train/tiger_behavior/ckpt/Amazon_2023_Instruments/Oct-10-2026_16-25-18/HG_Rec_best.pth
2026-10-10 16:50:04,592 - INFO - Epoch 124/150 train_loss=1.8610993146896362
2026-10-10 16:50:16,192 - INFO - Epoch 125/150 train_loss=1.8580367946624756
2026-10-10 16:50:16,237 - INFO - Best train loss=1.8580367946624756; saved /home/wlia0047/ar57/wenyu/GeneRec/results/stage3_T5Train/tiger_behavior/ckpt/Amazon_2023_Instruments/Oct-10-2026_16-25-18/HG_Rec_best.pth
2026-10-10 16:50:27,838 - INFO - Epoch 126/150 train_loss=1.8577226781845093
2026-10-10 16:50:27,875 - INFO - Best train loss=1.8577226781845093; saved /home/wlia0047/ar57/wenyu/GeneRec/results/stage3_T5Train/tiger_behavior/ckpt/Amazon_2023_Instruments/Oct-10-2026_16-25-18/HG_Rec_best.pth
2026-10-10 16:50:39,480 - INFO - Epoch 127/150 train_loss=1.8565050506591796
2026-10-10 16:50:39,517 - INFO - Best train loss=1.8565050506591796; saved /home/wlia0047/ar57/wenyu/GeneRec/results/stage3_T5Train/tiger_behavior/ckpt/Amazon_2023_Instruments/Oct-10-2026_16-25-18/HG_Rec_best.pth
2026-10-10 16:50:51,118 - INFO - Epoch 128/150 train_loss=1.8569026279449463
2026-10-10 16:51:02,718 - INFO - Epoch 129/150 train_loss=1.8505864143371582
2026-10-10 16:51:02,759 - INFO - Best train loss=1.8505864143371582; saved /home/wlia0047/ar57/wenyu/GeneRec/results/stage3_T5Train/tiger_behavior/ckpt/Amazon_2023_Instruments/Oct-10-2026_16-25-18/HG_Rec_best.pth
2026-10-10 16:51:14,358 - INFO - Epoch 130/150 train_loss=1.8539580535888671
2026-10-10 16:51:25,969 - INFO - Epoch 131/150 train_loss=1.8540567302703856
2026-10-10 16:51:37,576 - INFO - Epoch 132/150 train_loss=1.8516372156143188
2026-10-10 16:51:49,185 - INFO - Epoch 133/150 train_loss=1.8531821489334106
2026-10-10 16:52:00,786 - INFO - Epoch 134/150 train_loss=1.8483574390411377
2026-10-10 16:52:00,828 - INFO - Best train loss=1.8483574390411377; saved /home/wlia0047/ar57/wenyu/GeneRec/results/stage3_T5Train/tiger_behavior/ckpt/Amazon_2023_Instruments/Oct-10-2026_16-25-18/HG_Rec_best.pth
2026-10-10 16:52:12,428 - INFO - Epoch 135/150 train_loss=1.8484377670288086
2026-10-10 16:52:24,032 - INFO - Epoch 136/150 train_loss=1.8488320064544679
2026-10-10 16:52:35,639 - INFO - Epoch 137/150 train_loss=1.8477566576004028
2026-10-10 16:52:35,681 - INFO - Best train loss=1.8477566576004028; saved /home/wlia0047/ar57/wenyu/GeneRec/results/stage3_T5Train/tiger_behavior/ckpt/Amazon_2023_Instruments/Oct-10-2026_16-25-18/HG_Rec_best.pth
2026-10-10 16:52:47,280 - INFO - Epoch 138/150 train_loss=1.846818346977234
2026-10-10 16:52:47,315 - INFO - Best train loss=1.846818346977234; saved /home/wlia0047/ar57/wenyu/GeneRec/results/stage3_T5Train/tiger_behavior/ckpt/Amazon_2023_Instruments/Oct-10-2026_16-25-18/HG_Rec_best.pth
2026-10-10 16:52:58,915 - INFO - Epoch 139/150 train_loss=1.8468333244323731
2026-10-10 16:53:10,527 - INFO - Epoch 140/150 train_loss=1.844839277267456
2026-10-10 16:53:10,570 - INFO - Best train loss=1.844839277267456; saved /home/wlia0047/ar57/wenyu/GeneRec/results/stage3_T5Train/tiger_behavior/ckpt/Amazon_2023_Instruments/Oct-10-2026_16-25-18/HG_Rec_best.pth
2026-10-10 16:53:22,182 - INFO - Epoch 141/150 train_loss=1.8477848768234253
2026-10-10 16:53:33,787 - INFO - Epoch 142/150 train_loss=1.8453214168548584
2026-10-10 16:53:45,399 - INFO - Epoch 143/150 train_loss=1.840891637802124
2026-10-10 16:53:45,438 - INFO - Best train loss=1.840891637802124; saved /home/wlia0047/ar57/wenyu/GeneRec/results/stage3_T5Train/tiger_behavior/ckpt/Amazon_2023_Instruments/Oct-10-2026_16-25-18/HG_Rec_best.pth
2026-10-10 16:53:57,044 - INFO - Epoch 144/150 train_loss=1.8380099153518676
2026-10-10 16:53:57,094 - INFO - Best train loss=1.8380099153518676; saved /home/wlia0047/ar57/wenyu/GeneRec/results/stage3_T5Train/tiger_behavior/ckpt/Amazon_2023_Instruments/Oct-10-2026_16-25-18/HG_Rec_best.pth
2026-10-10 16:54:08,697 - INFO - Epoch 145/150 train_loss=1.8386960744857788
2026-10-10 16:54:20,305 - INFO - Epoch 146/150 train_loss=1.840053482055664
2026-10-10 16:54:31,913 - INFO - Epoch 147/150 train_loss=1.8366443872451783
2026-10-10 16:54:31,951 - INFO - Best train loss=1.8366443872451783; saved /home/wlia0047/ar57/wenyu/GeneRec/results/stage3_T5Train/tiger_behavior/ckpt/Amazon_2023_Instruments/Oct-10-2026_16-25-18/HG_Rec_best.pth
2026-10-10 16:54:43,557 - INFO - Epoch 148/150 train_loss=1.8380421686172486
2026-10-10 16:54:55,164 - INFO - Epoch 149/150 train_loss=1.8376175928115845
2026-10-10 16:55:06,773 - INFO - Epoch 150/150 train_loss=1.8360971879959107
2026-10-10 16:55:06,811 - INFO - Best train loss=1.8360971879959107; saved /home/wlia0047/ar57/wenyu/GeneRec/results/stage3_T5Train/tiger_behavior/ckpt/Amazon_2023_Instruments/Oct-10-2026_16-25-18/HG_Rec_best.pth
2026-10-10 16:57:18,428 - INFO - Test={'best_checkpoint': '/home/wlia0047/ar57/wenyu/GeneRec/results/stage3_T5Train/tiger_behavior/ckpt/Amazon_2023_Instruments/Oct-10-2026_16-25-18/HG_Rec_best.pth', 'n_eval': 57439, 'test_recall@5': 0.040721461028221245, 'test_recall@10': 0.0619265655739132, 'test_ndcg@5': 0.02698395051761795, 'test_ndcg@10': 0.033820355166338016}
