W1005 22:25:58.362050 868693 /fs04/scratch2/ar57/wenyu/genrec_env_v2/lib/python3.9/site-packages/torch/distributed/run.py:774] 
W1005 22:25:58.362050 868693 /fs04/scratch2/ar57/wenyu/genrec_env_v2/lib/python3.9/site-packages/torch/distributed/run.py:774] *****************************************
W1005 22:25:58.362050 868693 /fs04/scratch2/ar57/wenyu/genrec_env_v2/lib/python3.9/site-packages/torch/distributed/run.py:774] Setting OMP_NUM_THREADS environment variable for each process to be 1 in default, to avoid your system being overloaded, please further tune the variable for optimal performance in your application as needed. 
W1005 22:25:58.362050 868693 /fs04/scratch2/ar57/wenyu/genrec_env_v2/lib/python3.9/site-packages/torch/distributed/run.py:774] *****************************************
[hyperbolic] cold_start=true max_global_steps=72000 batch_size_per_rank=1024 total_effective_batch=4096 c=[2.0, 2.0, 2.0] radius=[0.2, 0.2, 0.2]
[RecBole RQ-VAE] initializing codebooks with KMeans
/fs04/ar57/wenyu/GeneRec/stage2_RQ-VAE/curvature_RQ-VAE_iter89/model/layers.py:113: UserWarning: Deterministic behavior was enabled with either `torch.use_deterministic_algorithms(True)` or `at::Context::setDeterministicAlgorithms(true)`, but this operation is not deterministic because it uses CuBLAS and you have CUDA >= 10.2. To enable deterministic behavior in this case, you must set an environment variable before running your PyTorch application: CUBLAS_WORKSPACE_CONFIG=:4096:8 or CUBLAS_WORKSPACE_CONFIG=:16:8. For more information, go to https://docs.nvidia.com/cuda/cublas/index.html#results-reproducibility (Triggered internally at /pytorch/aten/src/ATen/Context.cpp:233.)
  dot = x_point @ y_point.t()
/fs04/ar57/wenyu/GeneRec/stage2_RQ-VAE/curvature_RQ-VAE_iter89/model/layers.py:113: UserWarning: Deterministic behavior was enabled with either `torch.use_deterministic_algorithms(True)` or `at::Context::setDeterministicAlgorithms(true)`, but this operation is not deterministic because it uses CuBLAS and you have CUDA >= 10.2. To enable deterministic behavior in this case, you must set an environment variable before running your PyTorch application: CUBLAS_WORKSPACE_CONFIG=:4096:8 or CUBLAS_WORKSPACE_CONFIG=:16:8. For more information, go to https://docs.nvidia.com/cuda/cublas/index.html#results-reproducibility (Triggered internally at /pytorch/aten/src/ATen/Context.cpp:233.)
  dot = x_point @ y_point.t()
/fs04/ar57/wenyu/GeneRec/stage2_RQ-VAE/curvature_RQ-VAE_iter89/model/layers.py:113: UserWarning: Deterministic behavior was enabled with either `torch.use_deterministic_algorithms(True)` or `at::Context::setDeterministicAlgorithms(true)`, but this operation is not deterministic because it uses CuBLAS and you have CUDA >= 10.2. To enable deterministic behavior in this case, you must set an environment variable before running your PyTorch application: CUBLAS_WORKSPACE_CONFIG=:4096:8 or CUBLAS_WORKSPACE_CONFIG=:16:8. For more information, go to https://docs.nvidia.com/cuda/cublas/index.html#results-reproducibility (Triggered internally at /pytorch/aten/src/ATen/Context.cpp:233.)
  dot = x_point @ y_point.t()
/fs04/ar57/wenyu/GeneRec/stage2_RQ-VAE/curvature_RQ-VAE_iter89/model/layers.py:113: UserWarning: Deterministic behavior was enabled with either `torch.use_deterministic_algorithms(True)` or `at::Context::setDeterministicAlgorithms(true)`, but this operation is not deterministic because it uses CuBLAS and you have CUDA >= 10.2. To enable deterministic behavior in this case, you must set an environment variable before running your PyTorch application: CUBLAS_WORKSPACE_CONFIG=:4096:8 or CUBLAS_WORKSPACE_CONFIG=:16:8. For more information, go to https://docs.nvidia.com/cuda/cublas/index.html#results-reproducibility (Triggered internally at /pytorch/aten/src/ATen/Context.cpp:233.)
  dot = x_point @ y_point.t()
/fs04/ar57/wenyu/GeneRec/stage2_RQ-VAE/curvature_RQ-VAE_iter89/model/layers.py:113: UserWarning: Deterministic behavior was enabled with either `torch.use_deterministic_algorithms(True)` or `at::Context::setDeterministicAlgorithms(true)`, but this operation is not deterministic because it uses CuBLAS and you have CUDA >= 10.2. To enable deterministic behavior in this case, you must set an environment variable before running your PyTorch application: CUBLAS_WORKSPACE_CONFIG=:4096:8 or CUBLAS_WORKSPACE_CONFIG=:16:8. For more information, go to https://docs.nvidia.com/cuda/cublas/index.html#results-reproducibility (Triggered internally at /pytorch/aten/src/ATen/Context.cpp:233.)
  dot = x_point @ y_point.t()
/fs04/ar57/wenyu/GeneRec/stage2_RQ-VAE/curvature_RQ-VAE_iter89/model/layers.py:113: UserWarning: Deterministic behavior was enabled with either `torch.use_deterministic_algorithms(True)` or `at::Context::setDeterministicAlgorithms(true)`, but this operation is not deterministic because it uses CuBLAS and you have CUDA >= 10.2. To enable deterministic behavior in this case, you must set an environment variable before running your PyTorch application: CUBLAS_WORKSPACE_CONFIG=:4096:8 or CUBLAS_WORKSPACE_CONFIG=:16:8. For more information, go to https://docs.nvidia.com/cuda/cublas/index.html#results-reproducibility (Triggered internally at /pytorch/aten/src/ATen/Context.cpp:233.)
  dot = x_point @ y_point.t()
/fs04/ar57/wenyu/GeneRec/stage2_RQ-VAE/curvature_RQ-VAE_iter89/model/layers.py:113: UserWarning: Deterministic behavior was enabled with either `torch.use_deterministic_algorithms(True)` or `at::Context::setDeterministicAlgorithms(true)`, but this operation is not deterministic because it uses CuBLAS and you have CUDA >= 10.2. To enable deterministic behavior in this case, you must set an environment variable before running your PyTorch application: CUBLAS_WORKSPACE_CONFIG=:4096:8 or CUBLAS_WORKSPACE_CONFIG=:16:8. For more information, go to https://docs.nvidia.com/cuda/cublas/index.html#results-reproducibility (Triggered internally at /pytorch/aten/src/ATen/Context.cpp:233.)
  dot = x_point @ y_point.t()
/fs04/ar57/wenyu/GeneRec/stage2_RQ-VAE/curvature_RQ-VAE_iter89/model/layers.py:113: UserWarning: Deterministic behavior was enabled with either `torch.use_deterministic_algorithms(True)` or `at::Context::setDeterministicAlgorithms(true)`, but this operation is not deterministic because it uses CuBLAS and you have CUDA >= 10.2. To enable deterministic behavior in this case, you must set an environment variable before running your PyTorch application: CUBLAS_WORKSPACE_CONFIG=:4096:8 or CUBLAS_WORKSPACE_CONFIG=:16:8. For more information, go to https://docs.nvidia.com/cuda/cublas/index.html#results-reproducibility (Triggered internally at /pytorch/aten/src/ATen/Context.cpp:233.)
  dot = x_point @ y_point.t()
/fs04/ar57/wenyu/GeneRec/stage2_RQ-VAE/curvature_RQ-VAE_iter89/model/layers.py:113: UserWarning: Deterministic behavior was enabled with either `torch.use_deterministic_algorithms(True)` or `at::Context::setDeterministicAlgorithms(true)`, but this operation is not deterministic because it uses CuBLAS and you have CUDA >= 10.2. To enable deterministic behavior in this case, you must set an environment variable before running your PyTorch application: CUBLAS_WORKSPACE_CONFIG=:4096:8 or CUBLAS_WORKSPACE_CONFIG=:16:8. For more information, go to https://docs.nvidia.com/cuda/cublas/index.html#results-reproducibility (Triggered internally at /pytorch/aten/src/ATen/Context.cpp:233.)
  dot = x_point @ y_point.t()
/fs04/ar57/wenyu/GeneRec/stage2_RQ-VAE/curvature_RQ-VAE_iter89/model/layers.py:113: UserWarning: Deterministic behavior was enabled with either `torch.use_deterministic_algorithms(True)` or `at::Context::setDeterministicAlgorithms(true)`, but this operation is not deterministic because it uses CuBLAS and you have CUDA >= 10.2. To enable deterministic behavior in this case, you must set an environment variable before running your PyTorch application: CUBLAS_WORKSPACE_CONFIG=:4096:8 or CUBLAS_WORKSPACE_CONFIG=:16:8. For more information, go to https://docs.nvidia.com/cuda/cublas/index.html#results-reproducibility (Triggered internally at /pytorch/aten/src/ATen/Context.cpp:233.)
  dot = x_point @ y_point.t()
/home/wlia0047/ar57_scratch/wenyu/genrec_env_v2/lib64/python3.9/site-packages/torch/distributed/distributed_c10d.py:4807: UserWarning: No device id is provided via `init_process_group` or `barrier `. Using the current device set by the user. 
  warnings.warn(  # warn only once
/home/wlia0047/ar57_scratch/wenyu/genrec_env_v2/lib64/python3.9/site-packages/torch/distributed/distributed_c10d.py:4807: UserWarning: No device id is provided via `init_process_group` or `barrier `. Using the current device set by the user. 
  warnings.warn(  # warn only once
/fs04/ar57/wenyu/GeneRec/stage2_RQ-VAE/curvature_RQ-VAE_iter89/model/layers.py:113: UserWarning: Deterministic behavior was enabled with either `torch.use_deterministic_algorithms(True)` or `at::Context::setDeterministicAlgorithms(true)`, but this operation is not deterministic because it uses CuBLAS and you have CUDA >= 10.2. To enable deterministic behavior in this case, you must set an environment variable before running your PyTorch application: CUBLAS_WORKSPACE_CONFIG=:4096:8 or CUBLAS_WORKSPACE_CONFIG=:16:8. For more information, go to https://docs.nvidia.com/cuda/cublas/index.html#results-reproducibility (Triggered internally at /pytorch/aten/src/ATen/Context.cpp:233.)
  dot = x_point @ y_point.t()
/fs04/ar57/wenyu/GeneRec/stage2_RQ-VAE/curvature_RQ-VAE_iter89/model/layers.py:113: UserWarning: Deterministic behavior was enabled with either `torch.use_deterministic_algorithms(True)` or `at::Context::setDeterministicAlgorithms(true)`, but this operation is not deterministic because it uses CuBLAS and you have CUDA >= 10.2. To enable deterministic behavior in this case, you must set an environment variable before running your PyTorch application: CUBLAS_WORKSPACE_CONFIG=:4096:8 or CUBLAS_WORKSPACE_CONFIG=:16:8. For more information, go to https://docs.nvidia.com/cuda/cublas/index.html#results-reproducibility (Triggered internally at /pytorch/aten/src/ATen/Context.cpp:233.)
  dot = x_point @ y_point.t()
/home/wlia0047/ar57_scratch/wenyu/genrec_env_v2/lib64/python3.9/site-packages/torch/distributed/distributed_c10d.py:4807: UserWarning: No device id is provided via `init_process_group` or `barrier `. Using the current device set by the user. 
  warnings.warn(  # warn only once
/home/wlia0047/ar57_scratch/wenyu/genrec_env_v2/lib64/python3.9/site-packages/torch/distributed/distributed_c10d.py:4807: UserWarning: No device id is provided via `init_process_group` or `barrier `. Using the current device set by the user. 
  warnings.warn(  # warn only once
/home/wlia0047/ar57_scratch/wenyu/genrec_env_v2/lib64/python3.9/site-packages/torch/autograd/graph.py:829: UserWarning: Deterministic behavior was enabled with either `torch.use_deterministic_algorithms(True)` or `at::Context::setDeterministicAlgorithms(true)`, but this operation is not deterministic because it uses CuBLAS and you have CUDA >= 10.2. To enable deterministic behavior in this case, you must set an environment variable before running your PyTorch application: CUBLAS_WORKSPACE_CONFIG=:4096:8 or CUBLAS_WORKSPACE_CONFIG=:16:8. For more information, go to https://docs.nvidia.com/cuda/cublas/index.html#results-reproducibility (Triggered internally at /pytorch/aten/src/ATen/Context.cpp:233.)
  return Variable._execution_engine.run_backward(  # Calls into the C++ engine to run the backward pass
/home/wlia0047/ar57_scratch/wenyu/genrec_env_v2/lib64/python3.9/site-packages/torch/autograd/graph.py:829: UserWarning: Deterministic behavior was enabled with either `torch.use_deterministic_algorithms(True)` or `at::Context::setDeterministicAlgorithms(true)`, but this operation is not deterministic because it uses CuBLAS and you have CUDA >= 10.2. To enable deterministic behavior in this case, you must set an environment variable before running your PyTorch application: CUBLAS_WORKSPACE_CONFIG=:4096:8 or CUBLAS_WORKSPACE_CONFIG=:16:8. For more information, go to https://docs.nvidia.com/cuda/cublas/index.html#results-reproducibility (Triggered internally at /pytorch/aten/src/ATen/Context.cpp:233.)
  return Variable._execution_engine.run_backward(  # Calls into the C++ engine to run the backward pass
/home/wlia0047/ar57_scratch/wenyu/genrec_env_v2/lib64/python3.9/site-packages/torch/autograd/graph.py:829: UserWarning: Deterministic behavior was enabled with either `torch.use_deterministic_algorithms(True)` or `at::Context::setDeterministicAlgorithms(true)`, but this operation is not deterministic because it uses CuBLAS and you have CUDA >= 10.2. To enable deterministic behavior in this case, you must set an environment variable before running your PyTorch application: CUBLAS_WORKSPACE_CONFIG=:4096:8 or CUBLAS_WORKSPACE_CONFIG=:16:8. For more information, go to https://docs.nvidia.com/cuda/cublas/index.html#results-reproducibility (Triggered internally at /pytorch/aten/src/ATen/Context.cpp:233.)
  return Variable._execution_engine.run_backward(  # Calls into the C++ engine to run the backward pass
/home/wlia0047/ar57_scratch/wenyu/genrec_env_v2/lib64/python3.9/site-packages/torch/autograd/graph.py:829: UserWarning: Deterministic behavior was enabled with either `torch.use_deterministic_algorithms(True)` or `at::Context::setDeterministicAlgorithms(true)`, but this operation is not deterministic because it uses CuBLAS and you have CUDA >= 10.2. To enable deterministic behavior in this case, you must set an environment variable before running your PyTorch application: CUBLAS_WORKSPACE_CONFIG=:4096:8 or CUBLAS_WORKSPACE_CONFIG=:16:8. For more information, go to https://docs.nvidia.com/cuda/cublas/index.html#results-reproducibility (Triggered internally at /pytorch/aten/src/ATen/Context.cpp:233.)
  return Variable._execution_engine.run_backward(  # Calls into the C++ engine to run the backward pass
[hyperbolic] global_step=184/72000 local_updates=46 loss=0.14373326 recon=0.00017480
[hyperbolic] global_step=244/72000 local_updates=61 loss=0.13884568 recon=0.00018498
[hyperbolic] global_step=340/72000 local_updates=85 loss=0.13839957 recon=0.00018858
[hyperbolic] global_step=452/72000 local_updates=113 loss=0.13380966 recon=0.00016096
[hyperbolic] global_step=568/72000 local_updates=142 loss=0.13510121 recon=0.00016862
[hyperbolic] global_step=680/72000 local_updates=170 loss=0.13127197 recon=0.00018023
[hyperbolic] global_step=788/72000 local_updates=197 loss=0.13147654 recon=0.00017716
[hyperbolic] global_step=900/72000 local_updates=225 loss=0.13343905 recon=0.00015926
[hyperbolic] global_step=1012/72000 local_updates=253 loss=0.13136970 recon=0.00014891
[hyperbolic] global_step=1112/72000 local_updates=278 loss=0.13039498 recon=0.00018427
[hyperbolic] global_step=1232/72000 local_updates=308 loss=0.13471366 recon=0.00017428
[hyperbolic] global_step=1348/72000 local_updates=337 loss=0.13191432 recon=0.00013811
[hyperbolic] global_step=1472/72000 local_updates=368 loss=0.13333669 recon=0.00014408
[hyperbolic] global_step=1588/72000 local_updates=397 loss=0.13267218 recon=0.00014794
[hyperbolic] global_step=1688/72000 local_updates=422 loss=0.13311341 recon=0.00017342
[hyperbolic] global_step=1804/72000 local_updates=451 loss=0.12908866 recon=0.00016887
[hyperbolic] global_step=1920/72000 local_updates=480 loss=0.13438794 recon=0.00014370
[hyperbolic] global_step=2036/72000 local_updates=509 loss=0.13857177 recon=0.00017170
[hyperbolic] global_step=2156/72000 local_updates=539 loss=0.13143924 recon=0.00015429
[hyperbolic] global_step=2280/72000 local_updates=570 loss=0.13245738 recon=0.00015284
[hyperbolic] global_step=2400/72000 local_updates=600 loss=0.13339449 recon=0.00014773
[hyperbolic] global_step=2524/72000 local_updates=631 loss=0.12626688 recon=0.00015513
[hyperbolic] global_step=2644/72000 local_updates=661 loss=0.12931928 recon=0.00015247
[hyperbolic] global_step=2764/72000 local_updates=691 loss=0.13101335 recon=0.00017042
[hyperbolic] global_step=2884/72000 local_updates=721 loss=0.13177900 recon=0.00015237
[hyperbolic] global_step=3008/72000 local_updates=752 loss=0.12602882 recon=0.00015812
[hyperbolic] global_step=3132/72000 local_updates=783 loss=0.12666178 recon=0.00017090
[hyperbolic] global_step=3248/72000 local_updates=812 loss=0.12794162 recon=0.00016114
[hyperbolic] global_step=3372/72000 local_updates=843 loss=0.12959719 recon=0.00014891
[hyperbolic] global_step=3496/72000 local_updates=874 loss=0.13053465 recon=0.00014068
[hyperbolic] global_step=3624/72000 local_updates=906 loss=0.13338621 recon=0.00013922
[hyperbolic] global_step=3748/72000 local_updates=937 loss=0.12785371 recon=0.00014638
[hyperbolic] global_step=3864/72000 local_updates=966 loss=0.12817891 recon=0.00015054
[hyperbolic] global_step=3984/72000 local_updates=996 loss=0.13250422 recon=0.00014261
[hyperbolic] global_step=4112/72000 local_updates=1028 loss=0.12868235 recon=0.00015362
[hyperbolic] global_step=4236/72000 local_updates=1059 loss=0.12521902 recon=0.00013936
[hyperbolic] global_step=4360/72000 local_updates=1090 loss=0.12657601 recon=0.00014424
[hyperbolic] global_step=4488/72000 local_updates=1122 loss=0.12899090 recon=0.00014815
[hyperbolic] global_step=4604/72000 local_updates=1151 loss=0.12491286 recon=0.00013995
[hyperbolic] global_step=4724/72000 local_updates=1181 loss=0.12684114 recon=0.00016260
[hyperbolic] global_step=4844/72000 local_updates=1211 loss=0.12720166 recon=0.00015292
[hyperbolic] global_step=4964/72000 local_updates=1241 loss=0.12893939 recon=0.00015850
[hyperbolic] global_step=5092/72000 local_updates=1273 loss=0.12591013 recon=0.00015067
[hyperbolic] global_step=5216/72000 local_updates=1304 loss=0.12694427 recon=0.00015236
[hyperbolic] global_step=5332/72000 local_updates=1333 loss=0.12650929 recon=0.00014975
[hyperbolic] global_step=5456/72000 local_updates=1364 loss=0.12486560 recon=0.00014945
[hyperbolic] global_step=5584/72000 local_updates=1396 loss=0.12634170 recon=0.00017020
[hyperbolic] global_step=5712/72000 local_updates=1428 loss=0.12930064 recon=0.00015956
[hyperbolic] global_step=5844/72000 local_updates=1461 loss=0.12690102 recon=0.00013978
[hyperbolic] global_step=5968/72000 local_updates=1492 loss=0.12722960 recon=0.00015980
[hyperbolic] global_step=6092/72000 local_updates=1523 loss=0.12541521 recon=0.00013704
[hyperbolic] global_step=6216/72000 local_updates=1554 loss=0.12783766 recon=0.00013590
[hyperbolic] global_step=6340/72000 local_updates=1585 loss=0.12690262 recon=0.00014808
[hyperbolic] global_step=6468/72000 local_updates=1617 loss=0.12610736 recon=0.00015705
[hyperbolic] global_step=6592/72000 local_updates=1648 loss=0.12568763 recon=0.00015524
[hyperbolic] global_step=6716/72000 local_updates=1679 loss=0.12416236 recon=0.00013406
[hyperbolic] global_step=6840/72000 local_updates=1710 loss=0.12694439 recon=0.00014089
[hyperbolic] global_step=6964/72000 local_updates=1741 loss=0.12469716 recon=0.00013943
[hyperbolic] global_step=7092/72000 local_updates=1773 loss=0.12486598 recon=0.00013391
[hyperbolic] global_step=7216/72000 local_updates=1804 loss=0.12700182 recon=0.00014424
[hyperbolic] global_step=7340/72000 local_updates=1835 loss=0.12423395 recon=0.00015393
[hyperbolic] global_step=7460/72000 local_updates=1865 loss=0.12739550 recon=0.00015700
[hyperbolic] global_step=7592/72000 local_updates=1898 loss=0.12724274 recon=0.00013032
[hyperbolic] global_step=7716/72000 local_updates=1929 loss=0.12602131 recon=0.00014126
[hyperbolic] global_step=7840/72000 local_updates=1960 loss=0.12601081 recon=0.00014583
[hyperbolic] global_step=7960/72000 local_updates=1990 loss=0.12505645 recon=0.00014101
[hyperbolic] global_step=8084/72000 local_updates=2021 loss=0.12709779 recon=0.00014342
[hyperbolic] global_step=8208/72000 local_updates=2052 loss=0.12529171 recon=0.00014536
[hyperbolic] global_step=8332/72000 local_updates=2083 loss=0.12540567 recon=0.00014520
[hyperbolic] global_step=8456/72000 local_updates=2114 loss=0.12435566 recon=0.00016103
[hyperbolic] global_step=8576/72000 local_updates=2144 loss=0.12498120 recon=0.00015336
[hyperbolic] global_step=8696/72000 local_updates=2174 loss=0.12383813 recon=0.00015163
[hyperbolic] global_step=8820/72000 local_updates=2205 loss=0.12598915 recon=0.00014498
[hyperbolic] global_step=8948/72000 local_updates=2237 loss=0.12442067 recon=0.00016031
[hyperbolic] global_step=9072/72000 local_updates=2268 loss=0.12850870 recon=0.00016434
[hyperbolic] global_step=9200/72000 local_updates=2300 loss=0.12523220 recon=0.00014126
[hyperbolic] global_step=9324/72000 local_updates=2331 loss=0.12552340 recon=0.00014724
[hyperbolic] global_step=9452/72000 local_updates=2363 loss=0.12592942 recon=0.00015589
[hyperbolic] global_step=9580/72000 local_updates=2395 loss=0.12557332 recon=0.00015249
[hyperbolic] global_step=9700/72000 local_updates=2425 loss=0.12373617 recon=0.00015224
[hyperbolic] global_step=9824/72000 local_updates=2456 loss=0.12490340 recon=0.00014952
[hyperbolic] global_step=9952/72000 local_updates=2488 loss=0.12558675 recon=0.00014806
[hyperbolic] global_step=10000/72000 loss=0.12932797 recon=0.00015576 c=[2.0, 2.0, 2.0] epsilon=[0.003, 0.003, 0.003] raw_unique=24549/24587 collision=0.001546 behaviour=0.21784029 codebook_used=[256, 256, 256]
[hyperbolic] global_step=10120/72000 local_updates=2530 loss=0.12626065 recon=0.00014774
[hyperbolic] global_step=10240/72000 local_updates=2560 loss=0.12619571 recon=0.00014932
[hyperbolic] global_step=10364/72000 local_updates=2591 loss=0.12580612 recon=0.00014296
[hyperbolic] global_step=10484/72000 local_updates=2621 loss=0.12391622 recon=0.00014855
[hyperbolic] global_step=10608/72000 local_updates=2652 loss=0.12513678 recon=0.00017471
[hyperbolic] global_step=10732/72000 local_updates=2683 loss=0.12538031 recon=0.00017895
[hyperbolic] global_step=10856/72000 local_updates=2714 loss=0.12505801 recon=0.00014804
[hyperbolic] global_step=10984/72000 local_updates=2746 loss=0.12314760 recon=0.00014265
[hyperbolic] global_step=11108/72000 local_updates=2777 loss=0.12507156 recon=0.00015352
[hyperbolic] global_step=11228/72000 local_updates=2807 loss=0.12426570 recon=0.00014463
[hyperbolic] global_step=11356/72000 local_updates=2839 loss=0.12436391 recon=0.00014533
[hyperbolic] global_step=11476/72000 local_updates=2869 loss=0.12538263 recon=0.00014402
[hyperbolic] global_step=11596/72000 local_updates=2899 loss=0.12283004 recon=0.00015483
[hyperbolic] global_step=11724/72000 local_updates=2931 loss=0.12279923 recon=0.00016324
[hyperbolic] global_step=11844/72000 local_updates=2961 loss=0.12564956 recon=0.00015807
[hyperbolic] global_step=11964/72000 local_updates=2991 loss=0.12307349 recon=0.00014189
[hyperbolic] global_step=12092/72000 local_updates=3023 loss=0.12488052 recon=0.00015026
[hyperbolic] global_step=12216/72000 local_updates=3054 loss=0.12469576 recon=0.00014246
[hyperbolic] global_step=12344/72000 local_updates=3086 loss=0.12333025 recon=0.00014691
[hyperbolic] global_step=12468/72000 local_updates=3117 loss=0.12395949 recon=0.00013317
[hyperbolic] global_step=12604/72000 local_updates=3151 loss=0.12214327 recon=0.00013808
[hyperbolic] global_step=12732/72000 local_updates=3183 loss=0.12679431 recon=0.00012907
[hyperbolic] global_step=12868/72000 local_updates=3217 loss=0.12490238 recon=0.00013261
[hyperbolic] global_step=13000/72000 local_updates=3250 loss=0.12385002 recon=0.00015614
[hyperbolic] global_step=13128/72000 local_updates=3282 loss=0.12354799 recon=0.00013791
[hyperbolic] global_step=13248/72000 local_updates=3312 loss=0.12480122 recon=0.00015784
[hyperbolic] global_step=13376/72000 local_updates=3344 loss=0.12412272 recon=0.00014993
[hyperbolic] global_step=13508/72000 local_updates=3377 loss=0.12393173 recon=0.00014486
[hyperbolic] global_step=13636/72000 local_updates=3409 loss=0.12325415 recon=0.00013856
[hyperbolic] global_step=13764/72000 local_updates=3441 loss=0.12353126 recon=0.00015214
[hyperbolic] global_step=13892/72000 local_updates=3473 loss=0.12613744 recon=0.00015486
[hyperbolic] global_step=14020/72000 local_updates=3505 loss=0.12446713 recon=0.00014479
[hyperbolic] global_step=14144/72000 local_updates=3536 loss=0.12429908 recon=0.00016038
[hyperbolic] global_step=14268/72000 local_updates=3567 loss=0.12400571 recon=0.00014749
[hyperbolic] global_step=14400/72000 local_updates=3600 loss=0.12457874 recon=0.00013322
[hyperbolic] global_step=14528/72000 local_updates=3632 loss=0.12535545 recon=0.00014069
[hyperbolic] global_step=14656/72000 local_updates=3664 loss=0.12272648 recon=0.00014629
[hyperbolic] global_step=14780/72000 local_updates=3695 loss=0.12282185 recon=0.00013202
[hyperbolic] global_step=14916/72000 local_updates=3729 loss=0.12152071 recon=0.00016595
[hyperbolic] global_step=15048/72000 local_updates=3762 loss=0.12495443 recon=0.00015077
[hyperbolic] global_step=15176/72000 local_updates=3794 loss=0.12351488 recon=0.00016352
[hyperbolic] global_step=15312/72000 local_updates=3828 loss=0.12565807 recon=0.00016443
[hyperbolic] global_step=15432/72000 local_updates=3858 loss=0.12430944 recon=0.00016152
[hyperbolic] global_step=15556/72000 local_updates=3889 loss=0.12418355 recon=0.00013910
[hyperbolic] global_step=15692/72000 local_updates=3923 loss=0.12200174 recon=0.00014304
[hyperbolic] global_step=15824/72000 local_updates=3956 loss=0.12457126 recon=0.00013966
[hyperbolic] global_step=15944/72000 local_updates=3986 loss=0.12525226 recon=0.00015166
[hyperbolic] global_step=16068/72000 local_updates=4017 loss=0.12579188 recon=0.00013752
[hyperbolic] global_step=16204/72000 local_updates=4051 loss=0.12652788 recon=0.00014246
[hyperbolic] global_step=16336/72000 local_updates=4084 loss=0.12404991 recon=0.00014147
[hyperbolic] global_step=16468/72000 local_updates=4117 loss=0.12542948 recon=0.00014857
[hyperbolic] global_step=16600/72000 local_updates=4150 loss=0.12584908 recon=0.00014309
[hyperbolic] global_step=16724/72000 local_updates=4181 loss=0.12236166 recon=0.00013788
[hyperbolic] global_step=16856/72000 local_updates=4214 loss=0.12216199 recon=0.00018454
[hyperbolic] global_step=16980/72000 local_updates=4245 loss=0.12514685 recon=0.00014638
[hyperbolic] global_step=17100/72000 local_updates=4275 loss=0.12446781 recon=0.00015437
[hyperbolic] global_step=17228/72000 local_updates=4307 loss=0.12472107 recon=0.00015133
[hyperbolic] global_step=17360/72000 local_updates=4340 loss=0.12394790 recon=0.00013079
[hyperbolic] global_step=17496/72000 local_updates=4374 loss=0.12235191 recon=0.00014303
[hyperbolic] global_step=17632/72000 local_updates=4408 loss=0.12270665 recon=0.00014384
[hyperbolic] global_step=17760/72000 local_updates=4440 loss=0.12471639 recon=0.00014320
[hyperbolic] global_step=17892/72000 local_updates=4473 loss=0.12335688 recon=0.00013881
[hyperbolic] global_step=18032/72000 local_updates=4508 loss=0.12400721 recon=0.00015015
[hyperbolic] global_step=18164/72000 local_updates=4541 loss=0.12206605 recon=0.00016408
[hyperbolic] global_step=18292/72000 local_updates=4573 loss=0.12338780 recon=0.00015322
[hyperbolic] global_step=18416/72000 local_updates=4604 loss=0.12260141 recon=0.00013985
[hyperbolic] global_step=18552/72000 local_updates=4638 loss=0.12281242 recon=0.00016569
[hyperbolic] global_step=18684/72000 local_updates=4671 loss=0.12540381 recon=0.00015177
[hyperbolic] global_step=18808/72000 local_updates=4702 loss=0.12161213 recon=0.00013628
[hyperbolic] global_step=18936/72000 local_updates=4734 loss=0.12466356 recon=0.00015400
[hyperbolic] global_step=19064/72000 local_updates=4766 loss=0.12332450 recon=0.00014224
[hyperbolic] global_step=19200/72000 local_updates=4800 loss=0.12232042 recon=0.00014650
[hyperbolic] global_step=19328/72000 local_updates=4832 loss=0.12184200 recon=0.00015293
[hyperbolic] global_step=19460/72000 local_updates=4865 loss=0.12525187 recon=0.00015029
[hyperbolic] global_step=19596/72000 local_updates=4899 loss=0.12191001 recon=0.00013496
[hyperbolic] global_step=19736/72000 local_updates=4934 loss=0.12508519 recon=0.00014270
[hyperbolic] global_step=19868/72000 local_updates=4967 loss=0.12180471 recon=0.00014333
[hyperbolic] global_step=19988/72000 local_updates=4997 loss=0.12307831 recon=0.00015613
[hyperbolic] global_step=20000/72000 loss=0.12405102 recon=0.00014831 c=[2.0, 2.0, 2.0] epsilon=[0.003, 0.003, 0.003] raw_unique=24551/24587 collision=0.001464 behaviour=0.19296793 codebook_used=[256, 256, 256]
[hyperbolic] global_step=20128/72000 local_updates=5032 loss=0.12415712 recon=0.00013946
[hyperbolic] global_step=20264/72000 local_updates=5066 loss=0.12312505 recon=0.00014399
[hyperbolic] global_step=20396/72000 local_updates=5099 loss=0.12278259 recon=0.00014982
[hyperbolic] global_step=20528/72000 local_updates=5132 loss=0.12129927 recon=0.00014520
[hyperbolic] global_step=20668/72000 local_updates=5167 loss=0.12305970 recon=0.00015934
[hyperbolic] global_step=20800/72000 local_updates=5200 loss=0.12261635 recon=0.00014106
[hyperbolic] global_step=20932/72000 local_updates=5233 loss=0.12217356 recon=0.00014313
[hyperbolic] global_step=21068/72000 local_updates=5267 loss=0.12319335 recon=0.00015982
[hyperbolic] global_step=21204/72000 local_updates=5301 loss=0.12390029 recon=0.00013411
[hyperbolic] global_step=21328/72000 local_updates=5332 loss=0.12330260 recon=0.00013368
[hyperbolic] global_step=21460/72000 local_updates=5365 loss=0.12425919 recon=0.00014429
[hyperbolic] global_step=21592/72000 local_updates=5398 loss=0.12461220 recon=0.00014253
[hyperbolic] global_step=21724/72000 local_updates=5431 loss=0.12179434 recon=0.00014505
[hyperbolic] global_step=21856/72000 local_updates=5464 loss=0.12217271 recon=0.00013208
[hyperbolic] global_step=21988/72000 local_updates=5497 loss=0.12228186 recon=0.00014920
[hyperbolic] global_step=22116/72000 local_updates=5529 loss=0.12306210 recon=0.00015879
[hyperbolic] global_step=22252/72000 local_updates=5563 loss=0.12215755 recon=0.00015585
[hyperbolic] global_step=22392/72000 local_updates=5598 loss=0.12630112 recon=0.00015171
[hyperbolic] global_step=22532/72000 local_updates=5633 loss=0.12390002 recon=0.00016017
[hyperbolic] global_step=22668/72000 local_updates=5667 loss=0.12387986 recon=0.00015270
[hyperbolic] global_step=22800/72000 local_updates=5700 loss=0.12401244 recon=0.00014013
[hyperbolic] global_step=22944/72000 local_updates=5736 loss=0.12242722 recon=0.00014365
[hyperbolic] global_step=23080/72000 local_updates=5770 loss=0.12388289 recon=0.00015579
[hyperbolic] global_step=23220/72000 local_updates=5805 loss=0.12332186 recon=0.00015968
[hyperbolic] global_step=23364/72000 local_updates=5841 loss=0.12406212 recon=0.00013737
[hyperbolic] global_step=23496/72000 local_updates=5874 loss=0.12372585 recon=0.00014316
[hyperbolic] global_step=23628/72000 local_updates=5907 loss=0.12235024 recon=0.00014161
[hyperbolic] global_step=23768/72000 local_updates=5942 loss=0.12110308 recon=0.00016413
[hyperbolic] global_step=23904/72000 local_updates=5976 loss=0.12106746 recon=0.00014528
[hyperbolic] global_step=24032/72000 local_updates=6008 loss=0.12267525 recon=0.00014595
[hyperbolic] global_step=24168/72000 local_updates=6042 loss=0.12125165 recon=0.00013366
[hyperbolic] global_step=24300/72000 local_updates=6075 loss=0.12284746 recon=0.00015492
[hyperbolic] global_step=24436/72000 local_updates=6109 loss=0.12245093 recon=0.00015261
[hyperbolic] global_step=24572/72000 local_updates=6143 loss=0.12275559 recon=0.00015779
[hyperbolic] global_step=24708/72000 local_updates=6177 loss=0.12588958 recon=0.00013435
[hyperbolic] global_step=24844/72000 local_updates=6211 loss=0.12347794 recon=0.00014746
[hyperbolic] global_step=24976/72000 local_updates=6244 loss=0.12109899 recon=0.00015278
[hyperbolic] global_step=25112/72000 local_updates=6278 loss=0.12338179 recon=0.00014673
[hyperbolic] global_step=25244/72000 local_updates=6311 loss=0.12312274 recon=0.00015174
[hyperbolic] global_step=25384/72000 local_updates=6346 loss=0.12402670 recon=0.00013332
[hyperbolic] global_step=25520/72000 local_updates=6380 loss=0.12289189 recon=0.00014468
[hyperbolic] global_step=25648/72000 local_updates=6412 loss=0.12313736 recon=0.00013946
[hyperbolic] global_step=25784/72000 local_updates=6446 loss=0.12257303 recon=0.00013951
[hyperbolic] global_step=25924/72000 local_updates=6481 loss=0.12177834 recon=0.00015263
[hyperbolic] global_step=26068/72000 local_updates=6517 loss=0.12151011 recon=0.00013524
[hyperbolic] global_step=26200/72000 local_updates=6550 loss=0.12367557 recon=0.00013918
[hyperbolic] global_step=26344/72000 local_updates=6586 loss=0.12362061 recon=0.00015611
[hyperbolic] global_step=26472/72000 local_updates=6618 loss=0.12258705 recon=0.00015200
[hyperbolic] global_step=26604/72000 local_updates=6651 loss=0.12380187 recon=0.00015461
[hyperbolic] global_step=26732/72000 local_updates=6683 loss=0.12451683 recon=0.00014669
[hyperbolic] global_step=26864/72000 local_updates=6716 loss=0.11975829 recon=0.00015621
[hyperbolic] global_step=27000/72000 local_updates=6750 loss=0.12342198 recon=0.00014135
[hyperbolic] global_step=27144/72000 local_updates=6786 loss=0.12436855 recon=0.00013452
[hyperbolic] global_step=27280/72000 local_updates=6820 loss=0.12251315 recon=0.00016273
[hyperbolic] global_step=27420/72000 local_updates=6855 loss=0.12274069 recon=0.00013434
[hyperbolic] global_step=27560/72000 local_updates=6890 loss=0.12195124 recon=0.00014769
[hyperbolic] global_step=27704/72000 local_updates=6926 loss=0.12347253 recon=0.00014174
[hyperbolic] global_step=27840/72000 local_updates=6960 loss=0.12136319 recon=0.00013713
[hyperbolic] global_step=27968/72000 local_updates=6992 loss=0.12300038 recon=0.00014602
[hyperbolic] global_step=28104/72000 local_updates=7026 loss=0.12437811 recon=0.00014060
[hyperbolic] global_step=28244/72000 local_updates=7061 loss=0.12267596 recon=0.00014303
[hyperbolic] global_step=28376/72000 local_updates=7094 loss=0.12037402 recon=0.00015396
[hyperbolic] global_step=28516/72000 local_updates=7129 loss=0.12403575 recon=0.00014963
[hyperbolic] global_step=28652/72000 local_updates=7163 loss=0.12162271 recon=0.00014722
[hyperbolic] global_step=28796/72000 local_updates=7199 loss=0.12387104 recon=0.00014963
[hyperbolic] global_step=28944/72000 local_updates=7236 loss=0.12162344 recon=0.00015730
[hyperbolic] global_step=29080/72000 local_updates=7270 loss=0.12255060 recon=0.00015111
[hyperbolic] global_step=29216/72000 local_updates=7304 loss=0.12136057 recon=0.00014698
[hyperbolic] global_step=29356/72000 local_updates=7339 loss=0.12252592 recon=0.00014455
[hyperbolic] global_step=29496/72000 local_updates=7374 loss=0.12136547 recon=0.00012909
[hyperbolic] global_step=29636/72000 local_updates=7409 loss=0.12301698 recon=0.00013730
[hyperbolic] global_step=29780/72000 local_updates=7445 loss=0.12179556 recon=0.00015561
[hyperbolic] global_step=29916/72000 local_updates=7479 loss=0.12312447 recon=0.00012585
[hyperbolic] global_step=30000/72000 loss=0.12272592 recon=0.00014769 c=[2.0, 2.0, 2.0] epsilon=[0.003, 0.003, 0.003] raw_unique=24549/24587 collision=0.001546 behaviour=0.18323337 codebook_used=[256, 256, 256]
[hyperbolic] global_step=30140/72000 local_updates=7535 loss=0.12402290 recon=0.00015633
[hyperbolic] global_step=30284/72000 local_updates=7571 loss=0.12238611 recon=0.00014793
[hyperbolic] global_step=30424/72000 local_updates=7606 loss=0.12225042 recon=0.00015514
[hyperbolic] global_step=30560/72000 local_updates=7640 loss=0.12126875 recon=0.00015167
[hyperbolic] global_step=30696/72000 local_updates=7674 loss=0.12378434 recon=0.00015720
[hyperbolic] global_step=30832/72000 local_updates=7708 loss=0.12339342 recon=0.00014405
[hyperbolic] global_step=30976/72000 local_updates=7744 loss=0.12289994 recon=0.00013903
[hyperbolic] global_step=31108/72000 local_updates=7777 loss=0.12255143 recon=0.00015168
[hyperbolic] global_step=31244/72000 local_updates=7811 loss=0.12074521 recon=0.00015045
[hyperbolic] global_step=31380/72000 local_updates=7845 loss=0.12035359 recon=0.00014329
[hyperbolic] global_step=31520/72000 local_updates=7880 loss=0.12008034 recon=0.00013129
[hyperbolic] global_step=31664/72000 local_updates=7916 loss=0.12403701 recon=0.00014065
[hyperbolic] global_step=31804/72000 local_updates=7951 loss=0.12461762 recon=0.00013806
[hyperbolic] global_step=31948/72000 local_updates=7987 loss=0.12049529 recon=0.00013706
[hyperbolic] global_step=32088/72000 local_updates=8022 loss=0.12056549 recon=0.00015178
[hyperbolic] global_step=32232/72000 local_updates=8058 loss=0.12057120 recon=0.00013807
[hyperbolic] global_step=32372/72000 local_updates=8093 loss=0.12103086 recon=0.00014649
[hyperbolic] global_step=32512/72000 local_updates=8128 loss=0.12157824 recon=0.00015326
[hyperbolic] global_step=32648/72000 local_updates=8162 loss=0.12179800 recon=0.00014357
[hyperbolic] global_step=32792/72000 local_updates=8198 loss=0.12378650 recon=0.00015412
[hyperbolic] global_step=32936/72000 local_updates=8234 loss=0.12056523 recon=0.00013973
[hyperbolic] global_step=33076/72000 local_updates=8269 loss=0.11998394 recon=0.00013924
[hyperbolic] global_step=33216/72000 local_updates=8304 loss=0.12144382 recon=0.00014848
[hyperbolic] global_step=33360/72000 local_updates=8340 loss=0.12117535 recon=0.00015672
[hyperbolic] global_step=33500/72000 local_updates=8375 loss=0.12300269 recon=0.00013157
[hyperbolic] global_step=33648/72000 local_updates=8412 loss=0.12136453 recon=0.00014127
[hyperbolic] global_step=33788/72000 local_updates=8447 loss=0.12041134 recon=0.00014963
[hyperbolic] global_step=33932/72000 local_updates=8483 loss=0.12295375 recon=0.00015397
[hyperbolic] global_step=34080/72000 local_updates=8520 loss=0.12386139 recon=0.00014409
[hyperbolic] global_step=34228/72000 local_updates=8557 loss=0.12472656 recon=0.00014220
[hyperbolic] global_step=34376/72000 local_updates=8594 loss=0.12092728 recon=0.00016193
[hyperbolic] global_step=34516/72000 local_updates=8629 loss=0.12597716 recon=0.00015699
[hyperbolic] global_step=34660/72000 local_updates=8665 loss=0.12215631 recon=0.00013510
[hyperbolic] global_step=34804/72000 local_updates=8701 loss=0.11963496 recon=0.00014056
[hyperbolic] global_step=34964/72000 local_updates=8741 loss=0.12059411 recon=0.00014791
[hyperbolic] global_step=35112/72000 local_updates=8778 loss=0.12133953 recon=0.00014103
[hyperbolic] global_step=35252/72000 local_updates=8813 loss=0.12156531 recon=0.00015822
[hyperbolic] global_step=35392/72000 local_updates=8848 loss=0.12143791 recon=0.00014459
[hyperbolic] global_step=35540/72000 local_updates=8885 loss=0.12073158 recon=0.00015718
[hyperbolic] global_step=35688/72000 local_updates=8922 loss=0.12190729 recon=0.00014145
[hyperbolic] global_step=35832/72000 local_updates=8958 loss=0.12148756 recon=0.00015779
[hyperbolic] global_step=35980/72000 local_updates=8995 loss=0.12060484 recon=0.00014245
[hyperbolic] global_step=36124/72000 local_updates=9031 loss=0.12238638 recon=0.00013468
[hyperbolic] global_step=36260/72000 local_updates=9065 loss=0.11984619 recon=0.00014118
[hyperbolic] global_step=36408/72000 local_updates=9102 loss=0.12310443 recon=0.00014085
[hyperbolic] global_step=36556/72000 local_updates=9139 loss=0.12061282 recon=0.00016858
[hyperbolic] global_step=36696/72000 local_updates=9174 loss=0.12456033 recon=0.00013889
[hyperbolic] global_step=36836/72000 local_updates=9209 loss=0.12265860 recon=0.00013634
[hyperbolic] global_step=36984/72000 local_updates=9246 loss=0.12139431 recon=0.00013900
[hyperbolic] global_step=37120/72000 local_updates=9280 loss=0.12218914 recon=0.00014604
[hyperbolic] global_step=37264/72000 local_updates=9316 loss=0.11982005 recon=0.00015843
[hyperbolic] global_step=37404/72000 local_updates=9351 loss=0.12247103 recon=0.00015030
[hyperbolic] global_step=37544/72000 local_updates=9386 loss=0.12003730 recon=0.00013839
[hyperbolic] global_step=37688/72000 local_updates=9422 loss=0.12055787 recon=0.00015115
[hyperbolic] global_step=37832/72000 local_updates=9458 loss=0.11986873 recon=0.00014023
[hyperbolic] global_step=37988/72000 local_updates=9497 loss=0.12229209 recon=0.00016458
[hyperbolic] global_step=38132/72000 local_updates=9533 loss=0.12214756 recon=0.00014072
[hyperbolic] global_step=38276/72000 local_updates=9569 loss=0.12493975 recon=0.00013383
[hyperbolic] global_step=38416/72000 local_updates=9604 loss=0.12224920 recon=0.00013969
[hyperbolic] global_step=38560/72000 local_updates=9640 loss=0.12116100 recon=0.00014088
[hyperbolic] global_step=38712/72000 local_updates=9678 loss=0.11912136 recon=0.00014057
[hyperbolic] global_step=38864/72000 local_updates=9716 loss=0.11969867 recon=0.00016698
[hyperbolic] global_step=39004/72000 local_updates=9751 loss=0.12078056 recon=0.00014303
[hyperbolic] global_step=39148/72000 local_updates=9787 loss=0.12190768 recon=0.00013104
[hyperbolic] global_step=39292/72000 local_updates=9823 loss=0.12074864 recon=0.00014171
[hyperbolic] global_step=39440/72000 local_updates=9860 loss=0.11941116 recon=0.00014729
[hyperbolic] global_step=39584/72000 local_updates=9896 loss=0.12208742 recon=0.00015494
[hyperbolic] global_step=39736/72000 local_updates=9934 loss=0.12085826 recon=0.00015105
[hyperbolic] global_step=39884/72000 local_updates=9971 loss=0.12016498 recon=0.00013650
[hyperbolic] global_step=40000/72000 loss=0.12176024 recon=0.00014687 c=[2.0, 2.0, 2.0] epsilon=[0.003, 0.003, 0.003] raw_unique=24549/24587 collision=0.001546 behaviour=0.17743867 codebook_used=[256, 256, 256]
[hyperbolic] global_step=40156/72000 local_updates=10039 loss=0.12160309 recon=0.00015275
[hyperbolic] global_step=40300/72000 local_updates=10075 loss=0.11932795 recon=0.00014645
[hyperbolic] global_step=40444/72000 local_updates=10111 loss=0.12253507 recon=0.00013520
[hyperbolic] global_step=40592/72000 local_updates=10148 loss=0.12176404 recon=0.00015455
[hyperbolic] global_step=40736/72000 local_updates=10184 loss=0.12076771 recon=0.00016040
[hyperbolic] global_step=40880/72000 local_updates=10220 loss=0.12158422 recon=0.00014909
[hyperbolic] global_step=41028/72000 local_updates=10257 loss=0.12204524 recon=0.00012921
[hyperbolic] global_step=41176/72000 local_updates=10294 loss=0.12227499 recon=0.00015207
[hyperbolic] global_step=41332/72000 local_updates=10333 loss=0.12333107 recon=0.00014792
[hyperbolic] global_step=41472/72000 local_updates=10368 loss=0.12073597 recon=0.00014597
[hyperbolic] global_step=41628/72000 local_updates=10407 loss=0.12210369 recon=0.00013828
[hyperbolic] global_step=41776/72000 local_updates=10444 loss=0.12035422 recon=0.00013937
[hyperbolic] global_step=41932/72000 local_updates=10483 loss=0.12356674 recon=0.00014100
[hyperbolic] global_step=42092/72000 local_updates=10523 loss=0.12063602 recon=0.00015896
[hyperbolic] global_step=42236/72000 local_updates=10559 loss=0.11981604 recon=0.00013748
[hyperbolic] global_step=42400/72000 local_updates=10600 loss=0.12193175 recon=0.00013280
[hyperbolic] global_step=42540/72000 local_updates=10635 loss=0.12170238 recon=0.00014476
[hyperbolic] global_step=42676/72000 local_updates=10669 loss=0.12137222 recon=0.00015719
[hyperbolic] global_step=42828/72000 local_updates=10707 loss=0.11865015 recon=0.00015403
[hyperbolic] global_step=42992/72000 local_updates=10748 loss=0.12213685 recon=0.00013847
[hyperbolic] global_step=43144/72000 local_updates=10786 loss=0.12089468 recon=0.00012945
[hyperbolic] global_step=43284/72000 local_updates=10821 loss=0.12018469 recon=0.00012761
[hyperbolic] global_step=43444/72000 local_updates=10861 loss=0.12240808 recon=0.00015612
[hyperbolic] global_step=43588/72000 local_updates=10897 loss=0.12259745 recon=0.00014929
[hyperbolic] global_step=43732/72000 local_updates=10933 loss=0.12195585 recon=0.00013825
[hyperbolic] global_step=43880/72000 local_updates=10970 loss=0.12322083 recon=0.00014870
[hyperbolic] global_step=44020/72000 local_updates=11005 loss=0.12050830 recon=0.00013191
[hyperbolic] global_step=44164/72000 local_updates=11041 loss=0.11938109 recon=0.00014737
[hyperbolic] global_step=44316/72000 local_updates=11079 loss=0.12128186 recon=0.00015351
[hyperbolic] global_step=44468/72000 local_updates=11117 loss=0.12087188 recon=0.00015801
[hyperbolic] global_step=44604/72000 local_updates=11151 loss=0.12128913 recon=0.00014100
[hyperbolic] global_step=44752/72000 local_updates=11188 loss=0.12026814 recon=0.00015187
[hyperbolic] global_step=44900/72000 local_updates=11225 loss=0.12146685 recon=0.00014212
[hyperbolic] global_step=45060/72000 local_updates=11265 loss=0.11997009 recon=0.00015246
[hyperbolic] global_step=45208/72000 local_updates=11302 loss=0.12203093 recon=0.00015176
[hyperbolic] global_step=45360/72000 local_updates=11340 loss=0.12217664 recon=0.00015193
[hyperbolic] global_step=45516/72000 local_updates=11379 loss=0.12055625 recon=0.00013263
[hyperbolic] global_step=45668/72000 local_updates=11417 loss=0.12174179 recon=0.00014842
[hyperbolic] global_step=45804/72000 local_updates=11451 loss=0.12039343 recon=0.00013051
[hyperbolic] global_step=45936/72000 local_updates=11484 loss=0.12105057 recon=0.00016706
[hyperbolic] global_step=46084/72000 local_updates=11521 loss=0.11998000 recon=0.00015084
[hyperbolic] global_step=46232/72000 local_updates=11558 loss=0.12144379 recon=0.00015836
[hyperbolic] global_step=46368/72000 local_updates=11592 loss=0.12360276 recon=0.00014829
[hyperbolic] global_step=46528/72000 local_updates=11632 loss=0.12086982 recon=0.00014667
[hyperbolic] global_step=46680/72000 local_updates=11670 loss=0.12119661 recon=0.00014578
[hyperbolic] global_step=46832/72000 local_updates=11708 loss=0.12377235 recon=0.00013605
[hyperbolic] global_step=46976/72000 local_updates=11744 loss=0.12171749 recon=0.00014638
[hyperbolic] global_step=47124/72000 local_updates=11781 loss=0.12173548 recon=0.00015565
[hyperbolic] global_step=47276/72000 local_updates=11819 loss=0.12016223 recon=0.00014155
[hyperbolic] global_step=47424/72000 local_updates=11856 loss=0.12155032 recon=0.00014536
[hyperbolic] global_step=47580/72000 local_updates=11895 loss=0.11889070 recon=0.00015852
[hyperbolic] global_step=47720/72000 local_updates=11930 loss=0.12056637 recon=0.00013492
[hyperbolic] global_step=47864/72000 local_updates=11966 loss=0.12025212 recon=0.00015783
[hyperbolic] global_step=48016/72000 local_updates=12004 loss=0.12333209 recon=0.00015478
[hyperbolic] global_step=48168/72000 local_updates=12042 loss=0.12298299 recon=0.00017037
[hyperbolic] global_step=48308/72000 local_updates=12077 loss=0.12134825 recon=0.00013458
[hyperbolic] global_step=48456/72000 local_updates=12114 loss=0.12016833 recon=0.00014693
[hyperbolic] global_step=48600/72000 local_updates=12150 loss=0.12233157 recon=0.00014112
[hyperbolic] global_step=48744/72000 local_updates=12186 loss=0.12288928 recon=0.00014303
[hyperbolic] global_step=48896/72000 local_updates=12224 loss=0.11853398 recon=0.00015526
[hyperbolic] global_step=49052/72000 local_updates=12263 loss=0.12087402 recon=0.00014052
[hyperbolic] global_step=49196/72000 local_updates=12299 loss=0.12065775 recon=0.00014332
[hyperbolic] global_step=49348/72000 local_updates=12337 loss=0.12114795 recon=0.00013498
[hyperbolic] global_step=49504/72000 local_updates=12376 loss=0.12286043 recon=0.00015118
[hyperbolic] global_step=49668/72000 local_updates=12417 loss=0.12101381 recon=0.00015638
[hyperbolic] global_step=49824/72000 local_updates=12456 loss=0.12197782 recon=0.00014920
[hyperbolic] global_step=49980/72000 local_updates=12495 loss=0.12081581 recon=0.00014462
[hyperbolic] global_step=50000/72000 loss=0.12125355 recon=0.00014667 c=[2.0, 2.0, 2.0] epsilon=[0.003, 0.003, 0.003] raw_unique=24548/24587 collision=0.001586 behaviour=0.17327864 codebook_used=[256, 256, 256]
[hyperbolic] global_step=50148/72000 local_updates=12537 loss=0.12182793 recon=0.00013792
[hyperbolic] global_step=50300/72000 local_updates=12575 loss=0.12135053 recon=0.00014948
[hyperbolic] global_step=50448/72000 local_updates=12612 loss=0.12011563 recon=0.00014508
[hyperbolic] global_step=50608/72000 local_updates=12652 loss=0.12189893 recon=0.00015504
[hyperbolic] global_step=50768/72000 local_updates=12692 loss=0.12020069 recon=0.00013977
[hyperbolic] global_step=50924/72000 local_updates=12731 loss=0.12030828 recon=0.00015382
[hyperbolic] global_step=51080/72000 local_updates=12770 loss=0.12424296 recon=0.00016525
[hyperbolic] global_step=51236/72000 local_updates=12809 loss=0.11920574 recon=0.00015425
[hyperbolic] global_step=51376/72000 local_updates=12844 loss=0.12112543 recon=0.00015110
[hyperbolic] global_step=51532/72000 local_updates=12883 loss=0.12166528 recon=0.00015111
[hyperbolic] global_step=51680/72000 local_updates=12920 loss=0.11965619 recon=0.00017141
[hyperbolic] global_step=51828/72000 local_updates=12957 loss=0.11940742 recon=0.00014455
[hyperbolic] global_step=51984/72000 local_updates=12996 loss=0.12151286 recon=0.00015036
[hyperbolic] global_step=52140/72000 local_updates=13035 loss=0.12108144 recon=0.00015247
[hyperbolic] global_step=52296/72000 local_updates=13074 loss=0.11915606 recon=0.00015351
[hyperbolic] global_step=52448/72000 local_updates=13112 loss=0.12146301 recon=0.00014415
[hyperbolic] global_step=52596/72000 local_updates=13149 loss=0.12016402 recon=0.00015537
[hyperbolic] global_step=52752/72000 local_updates=13188 loss=0.12190336 recon=0.00015616
[hyperbolic] global_step=52904/72000 local_updates=13226 loss=0.12059043 recon=0.00015418
[hyperbolic] global_step=53056/72000 local_updates=13264 loss=0.12067134 recon=0.00014207
[hyperbolic] global_step=53196/72000 local_updates=13299 loss=0.12157853 recon=0.00014655
[hyperbolic] global_step=53340/72000 local_updates=13335 loss=0.12126856 recon=0.00014432
[hyperbolic] global_step=53496/72000 local_updates=13374 loss=0.12246698 recon=0.00014106
[hyperbolic] global_step=53652/72000 local_updates=13413 loss=0.12084070 recon=0.00016400
[hyperbolic] global_step=53800/72000 local_updates=13450 loss=0.12031558 recon=0.00013196
[hyperbolic] global_step=53952/72000 local_updates=13488 loss=0.12047660 recon=0.00013327
[hyperbolic] global_step=54096/72000 local_updates=13524 loss=0.12181206 recon=0.00014681
[hyperbolic] global_step=54248/72000 local_updates=13562 loss=0.12103960 recon=0.00015701
[hyperbolic] global_step=54408/72000 local_updates=13602 loss=0.12110157 recon=0.00015062
[hyperbolic] global_step=54560/72000 local_updates=13640 loss=0.12140451 recon=0.00014581
[hyperbolic] global_step=54708/72000 local_updates=13677 loss=0.12108091 recon=0.00014610
[hyperbolic] global_step=54860/72000 local_updates=13715 loss=0.12178451 recon=0.00015912
[hyperbolic] global_step=55016/72000 local_updates=13754 loss=0.12097712 recon=0.00014828
[hyperbolic] global_step=55180/72000 local_updates=13795 loss=0.12147075 recon=0.00014777
[hyperbolic] global_step=55332/72000 local_updates=13833 loss=0.12425313 recon=0.00013994
[hyperbolic] global_step=55480/72000 local_updates=13870 loss=0.11990399 recon=0.00015174
[hyperbolic] global_step=55632/72000 local_updates=13908 loss=0.12189530 recon=0.00013924
[hyperbolic] global_step=55784/72000 local_updates=13946 loss=0.12023583 recon=0.00015221
[hyperbolic] global_step=55940/72000 local_updates=13985 loss=0.12122513 recon=0.00014171
[hyperbolic] global_step=56100/72000 local_updates=14025 loss=0.12118472 recon=0.00015286
[hyperbolic] global_step=56240/72000 local_updates=14060 loss=0.12019935 recon=0.00013824
[hyperbolic] global_step=56384/72000 local_updates=14096 loss=0.12043707 recon=0.00013237
[hyperbolic] global_step=56548/72000 local_updates=14137 loss=0.11887579 recon=0.00015292
[hyperbolic] global_step=56704/72000 local_updates=14176 loss=0.12043778 recon=0.00014827
[hyperbolic] global_step=56868/72000 local_updates=14217 loss=0.12018904 recon=0.00015190
[hyperbolic] global_step=57028/72000 local_updates=14257 loss=0.12169103 recon=0.00014649
[hyperbolic] global_step=57192/72000 local_updates=14298 loss=0.11984468 recon=0.00014629
[hyperbolic] global_step=57352/72000 local_updates=14338 loss=0.12275698 recon=0.00015814
[hyperbolic] global_step=57508/72000 local_updates=14377 loss=0.12133507 recon=0.00013589
[hyperbolic] global_step=57660/72000 local_updates=14415 loss=0.12358977 recon=0.00015158
[hyperbolic] global_step=57820/72000 local_updates=14455 loss=0.11893352 recon=0.00014368
[hyperbolic] global_step=57980/72000 local_updates=14495 loss=0.12370005 recon=0.00014940
[hyperbolic] global_step=58136/72000 local_updates=14534 loss=0.12112948 recon=0.00013760
[hyperbolic] global_step=58292/72000 local_updates=14573 loss=0.12035953 recon=0.00015886
[hyperbolic] global_step=58456/72000 local_updates=14614 loss=0.12068753 recon=0.00012704
[hyperbolic] global_step=58608/72000 local_updates=14652 loss=0.12064877 recon=0.00014629
[hyperbolic] global_step=58764/72000 local_updates=14691 loss=0.11939566 recon=0.00015959
[hyperbolic] global_step=58924/72000 local_updates=14731 loss=0.12188148 recon=0.00014858
[hyperbolic] global_step=59084/72000 local_updates=14771 loss=0.12017375 recon=0.00016233
[hyperbolic] global_step=59252/72000 local_updates=14813 loss=0.12027401 recon=0.00014374
[hyperbolic] global_step=59416/72000 local_updates=14854 loss=0.12131727 recon=0.00015880
[hyperbolic] global_step=59572/72000 local_updates=14893 loss=0.12101208 recon=0.00016543
[hyperbolic] global_step=59728/72000 local_updates=14932 loss=0.12015228 recon=0.00014879
[hyperbolic] global_step=59876/72000 local_updates=14969 loss=0.12029234 recon=0.00014987
[hyperbolic] global_step=60000/72000 loss=0.12088768 recon=0.00014631 c=[2.0, 2.0, 2.0] epsilon=[0.003, 0.003, 0.003] raw_unique=24553/24587 collision=0.001383 behaviour=0.17007662 codebook_used=[256, 256, 256]
[hyperbolic] global_step=60156/72000 local_updates=15039 loss=0.12238754 recon=0.00013829
[hyperbolic] global_step=60304/72000 local_updates=15076 loss=0.11919132 recon=0.00014983
[hyperbolic] global_step=60472/72000 local_updates=15118 loss=0.11946357 recon=0.00015359
[hyperbolic] global_step=60632/72000 local_updates=15158 loss=0.12069848 recon=0.00016109
[hyperbolic] global_step=60792/72000 local_updates=15198 loss=0.12015643 recon=0.00014164
[hyperbolic] global_step=60956/72000 local_updates=15239 loss=0.11879878 recon=0.00015214
[hyperbolic] global_step=61120/72000 local_updates=15280 loss=0.11907132 recon=0.00015362
[hyperbolic] global_step=61272/72000 local_updates=15318 loss=0.12308386 recon=0.00013851
[hyperbolic] global_step=61424/72000 local_updates=15356 loss=0.12013168 recon=0.00014577
[hyperbolic] global_step=61580/72000 local_updates=15395 loss=0.12030748 recon=0.00014111
[hyperbolic] global_step=61728/72000 local_updates=15432 loss=0.12005212 recon=0.00013889
[hyperbolic] global_step=61880/72000 local_updates=15470 loss=0.11898817 recon=0.00014755
[hyperbolic] global_step=62036/72000 local_updates=15509 loss=0.12124996 recon=0.00015748
[hyperbolic] global_step=62184/72000 local_updates=15546 loss=0.11949313 recon=0.00013046
[hyperbolic] global_step=62352/72000 local_updates=15588 loss=0.12016461 recon=0.00014622
[hyperbolic] global_step=62512/72000 local_updates=15628 loss=0.11889201 recon=0.00014576
[hyperbolic] global_step=62668/72000 local_updates=15667 loss=0.12155404 recon=0.00014767
[hyperbolic] global_step=62824/72000 local_updates=15706 loss=0.11944395 recon=0.00015292
[hyperbolic] global_step=62980/72000 local_updates=15745 loss=0.12147796 recon=0.00013459
[hyperbolic] global_step=63144/72000 local_updates=15786 loss=0.11915836 recon=0.00014870
[hyperbolic] global_step=63316/72000 local_updates=15829 loss=0.12187582 recon=0.00014724
[hyperbolic] global_step=63480/72000 local_updates=15870 loss=0.12119286 recon=0.00014514
[hyperbolic] global_step=63652/72000 local_updates=15913 loss=0.12132800 recon=0.00014658
[hyperbolic] global_step=63816/72000 local_updates=15954 loss=0.11917502 recon=0.00014164
[hyperbolic] global_step=63992/72000 local_updates=15998 loss=0.12221628 recon=0.00014386
[hyperbolic] global_step=64148/72000 local_updates=16037 loss=0.12082853 recon=0.00015172
[hyperbolic] global_step=64312/72000 local_updates=16078 loss=0.11961067 recon=0.00012504
[hyperbolic] global_step=64468/72000 local_updates=16117 loss=0.12097636 recon=0.00014671
[hyperbolic] global_step=64636/72000 local_updates=16159 loss=0.12040608 recon=0.00015106
[hyperbolic] global_step=64788/72000 local_updates=16197 loss=0.11888219 recon=0.00015424
[hyperbolic] global_step=64944/72000 local_updates=16236 loss=0.12250265 recon=0.00014824
[hyperbolic] global_step=65104/72000 local_updates=16276 loss=0.12060280 recon=0.00014632
[hyperbolic] global_step=65280/72000 local_updates=16320 loss=0.11927822 recon=0.00014377
[hyperbolic] global_step=65444/72000 local_updates=16361 loss=0.12117696 recon=0.00015280
[hyperbolic] global_step=65612/72000 local_updates=16403 loss=0.12011413 recon=0.00014661
[hyperbolic] global_step=65776/72000 local_updates=16444 loss=0.12118685 recon=0.00015054
[hyperbolic] global_step=65952/72000 local_updates=16488 loss=0.12060847 recon=0.00014278
[hyperbolic] global_step=66112/72000 local_updates=16528 loss=0.12140671 recon=0.00013405
[hyperbolic] global_step=66272/72000 local_updates=16568 loss=0.12124489 recon=0.00013607
[hyperbolic] global_step=66428/72000 local_updates=16607 loss=0.11963288 recon=0.00013954
[hyperbolic] global_step=66584/72000 local_updates=16646 loss=0.12107918 recon=0.00014149
[hyperbolic] global_step=66740/72000 local_updates=16685 loss=0.12078780 recon=0.00015661
[hyperbolic] global_step=66896/72000 local_updates=16724 loss=0.12037985 recon=0.00013795
[hyperbolic] global_step=67056/72000 local_updates=16764 loss=0.12096200 recon=0.00015935
[hyperbolic] global_step=67220/72000 local_updates=16805 loss=0.12007788 recon=0.00015349
[hyperbolic] global_step=67388/72000 local_updates=16847 loss=0.12134210 recon=0.00013825
[hyperbolic] global_step=67548/72000 local_updates=16887 loss=0.11881226 recon=0.00014706
[hyperbolic] global_step=67712/72000 local_updates=16928 loss=0.12267967 recon=0.00015289
[hyperbolic] global_step=67880/72000 local_updates=16970 loss=0.11931658 recon=0.00014311
[hyperbolic] global_step=68048/72000 local_updates=17012 loss=0.11955662 recon=0.00014349
[hyperbolic] global_step=68204/72000 local_updates=17051 loss=0.11876214 recon=0.00015832
[hyperbolic] global_step=68352/72000 local_updates=17088 loss=0.11951688 recon=0.00014420
[hyperbolic] global_step=68524/72000 local_updates=17131 loss=0.11962477 recon=0.00014363
[hyperbolic] global_step=68680/72000 local_updates=17170 loss=0.12212838 recon=0.00014665
[hyperbolic] global_step=68856/72000 local_updates=17214 loss=0.11977614 recon=0.00014779
[hyperbolic] global_step=69020/72000 local_updates=17255 loss=0.11894523 recon=0.00014567
[hyperbolic] global_step=69184/72000 local_updates=17296 loss=0.11948107 recon=0.00013466
[hyperbolic] global_step=69356/72000 local_updates=17339 loss=0.11913148 recon=0.00014632
[hyperbolic] global_step=69508/72000 local_updates=17377 loss=0.12060748 recon=0.00014272
[hyperbolic] global_step=69652/72000 local_updates=17413 loss=0.12205192 recon=0.00014857
[hyperbolic] global_step=69812/72000 local_updates=17453 loss=0.12138542 recon=0.00015130
[hyperbolic] global_step=69976/72000 local_updates=17494 loss=0.12095358 recon=0.00014269
[hyperbolic] global_step=70000/72000 loss=0.12061046 recon=0.00014583 c=[2.0, 2.0, 2.0] epsilon=[0.003, 0.003, 0.003] raw_unique=24552/24587 collision=0.001424 behaviour=0.16761785 codebook_used=[256, 256, 256]
[hyperbolic] global_step=70160/72000 local_updates=17540 loss=0.12096639 recon=0.00015473
[hyperbolic] global_step=70324/72000 local_updates=17581 loss=0.12207665 recon=0.00014284
[hyperbolic] global_step=70484/72000 local_updates=17621 loss=0.12102605 recon=0.00014484
[hyperbolic] global_step=70652/72000 local_updates=17663 loss=0.11950463 recon=0.00015991
[hyperbolic] global_step=70824/72000 local_updates=17706 loss=0.12130839 recon=0.00015933
[hyperbolic] global_step=70988/72000 local_updates=17747 loss=0.12074486 recon=0.00015248
[hyperbolic] global_step=71156/72000 local_updates=17789 loss=0.12054622 recon=0.00014848
[hyperbolic] global_step=71336/72000 local_updates=17834 loss=0.12113301 recon=0.00015327
[hyperbolic] global_step=71504/72000 local_updates=17876 loss=0.11960749 recon=0.00013158
[hyperbolic] global_step=71668/72000 local_updates=17917 loss=0.11964054 recon=0.00013107
[hyperbolic] global_step=71832/72000 local_updates=17958 loss=0.12070538 recon=0.00015584
[hyperbolic] global_step=71992/72000 local_updates=17998 loss=0.12032126 recon=0.00014354
[hyperbolic] global_step=72000/72000 loss=0.12063182 recon=0.00014568 c=[2.0, 2.0, 2.0] epsilon=[0.003, 0.003, 0.003] raw_unique=24550/24587 collision=0.001505 behaviour=0.16631271 codebook_used=[256, 256, 256]
