W1005 20:39:29.796062 776064 /fs04/scratch2/ar57/wenyu/genrec_env_v2/lib/python3.9/site-packages/torch/distributed/run.py:774] 
W1005 20:39:29.796062 776064 /fs04/scratch2/ar57/wenyu/genrec_env_v2/lib/python3.9/site-packages/torch/distributed/run.py:774] *****************************************
W1005 20:39:29.796062 776064 /fs04/scratch2/ar57/wenyu/genrec_env_v2/lib/python3.9/site-packages/torch/distributed/run.py:774] Setting OMP_NUM_THREADS environment variable for each process to be 1 in default, to avoid your system being overloaded, please further tune the variable for optimal performance in your application as needed. 
W1005 20:39:29.796062 776064 /fs04/scratch2/ar57/wenyu/genrec_env_v2/lib/python3.9/site-packages/torch/distributed/run.py:774] *****************************************
[hyperbolic] cold_start=true max_global_steps=72000 batch_size_per_rank=1024 total_effective_batch=4096 c=[1.5, 1.5, 1.5] radius=[0.2, 0.2, 0.2]
[RecBole RQ-VAE] initializing codebooks with KMeans
/fs04/ar57/wenyu/GeneRec/stage2_RQ-VAE/curvature_RQ-VAE_iter88/model/layers.py:113: UserWarning: Deterministic behavior was enabled with either `torch.use_deterministic_algorithms(True)` or `at::Context::setDeterministicAlgorithms(true)`, but this operation is not deterministic because it uses CuBLAS and you have CUDA >= 10.2. To enable deterministic behavior in this case, you must set an environment variable before running your PyTorch application: CUBLAS_WORKSPACE_CONFIG=:4096:8 or CUBLAS_WORKSPACE_CONFIG=:16:8. For more information, go to https://docs.nvidia.com/cuda/cublas/index.html#results-reproducibility (Triggered internally at /pytorch/aten/src/ATen/Context.cpp:233.)
  dot = x_point @ y_point.t()
/fs04/ar57/wenyu/GeneRec/stage2_RQ-VAE/curvature_RQ-VAE_iter88/model/layers.py:113: UserWarning: Deterministic behavior was enabled with either `torch.use_deterministic_algorithms(True)` or `at::Context::setDeterministicAlgorithms(true)`, but this operation is not deterministic because it uses CuBLAS and you have CUDA >= 10.2. To enable deterministic behavior in this case, you must set an environment variable before running your PyTorch application: CUBLAS_WORKSPACE_CONFIG=:4096:8 or CUBLAS_WORKSPACE_CONFIG=:16:8. For more information, go to https://docs.nvidia.com/cuda/cublas/index.html#results-reproducibility (Triggered internally at /pytorch/aten/src/ATen/Context.cpp:233.)
  dot = x_point @ y_point.t()
/fs04/ar57/wenyu/GeneRec/stage2_RQ-VAE/curvature_RQ-VAE_iter88/model/layers.py:113: UserWarning: Deterministic behavior was enabled with either `torch.use_deterministic_algorithms(True)` or `at::Context::setDeterministicAlgorithms(true)`, but this operation is not deterministic because it uses CuBLAS and you have CUDA >= 10.2. To enable deterministic behavior in this case, you must set an environment variable before running your PyTorch application: CUBLAS_WORKSPACE_CONFIG=:4096:8 or CUBLAS_WORKSPACE_CONFIG=:16:8. For more information, go to https://docs.nvidia.com/cuda/cublas/index.html#results-reproducibility (Triggered internally at /pytorch/aten/src/ATen/Context.cpp:233.)
  dot = x_point @ y_point.t()
/fs04/ar57/wenyu/GeneRec/stage2_RQ-VAE/curvature_RQ-VAE_iter88/model/layers.py:113: UserWarning: Deterministic behavior was enabled with either `torch.use_deterministic_algorithms(True)` or `at::Context::setDeterministicAlgorithms(true)`, but this operation is not deterministic because it uses CuBLAS and you have CUDA >= 10.2. To enable deterministic behavior in this case, you must set an environment variable before running your PyTorch application: CUBLAS_WORKSPACE_CONFIG=:4096:8 or CUBLAS_WORKSPACE_CONFIG=:16:8. For more information, go to https://docs.nvidia.com/cuda/cublas/index.html#results-reproducibility (Triggered internally at /pytorch/aten/src/ATen/Context.cpp:233.)
  dot = x_point @ y_point.t()
/fs04/ar57/wenyu/GeneRec/stage2_RQ-VAE/curvature_RQ-VAE_iter88/model/layers.py:113: UserWarning: Deterministic behavior was enabled with either `torch.use_deterministic_algorithms(True)` or `at::Context::setDeterministicAlgorithms(true)`, but this operation is not deterministic because it uses CuBLAS and you have CUDA >= 10.2. To enable deterministic behavior in this case, you must set an environment variable before running your PyTorch application: CUBLAS_WORKSPACE_CONFIG=:4096:8 or CUBLAS_WORKSPACE_CONFIG=:16:8. For more information, go to https://docs.nvidia.com/cuda/cublas/index.html#results-reproducibility (Triggered internally at /pytorch/aten/src/ATen/Context.cpp:233.)
  dot = x_point @ y_point.t()
/fs04/ar57/wenyu/GeneRec/stage2_RQ-VAE/curvature_RQ-VAE_iter88/model/layers.py:113: UserWarning: Deterministic behavior was enabled with either `torch.use_deterministic_algorithms(True)` or `at::Context::setDeterministicAlgorithms(true)`, but this operation is not deterministic because it uses CuBLAS and you have CUDA >= 10.2. To enable deterministic behavior in this case, you must set an environment variable before running your PyTorch application: CUBLAS_WORKSPACE_CONFIG=:4096:8 or CUBLAS_WORKSPACE_CONFIG=:16:8. For more information, go to https://docs.nvidia.com/cuda/cublas/index.html#results-reproducibility (Triggered internally at /pytorch/aten/src/ATen/Context.cpp:233.)
  dot = x_point @ y_point.t()
/fs04/ar57/wenyu/GeneRec/stage2_RQ-VAE/curvature_RQ-VAE_iter88/model/layers.py:113: UserWarning: Deterministic behavior was enabled with either `torch.use_deterministic_algorithms(True)` or `at::Context::setDeterministicAlgorithms(true)`, but this operation is not deterministic because it uses CuBLAS and you have CUDA >= 10.2. To enable deterministic behavior in this case, you must set an environment variable before running your PyTorch application: CUBLAS_WORKSPACE_CONFIG=:4096:8 or CUBLAS_WORKSPACE_CONFIG=:16:8. For more information, go to https://docs.nvidia.com/cuda/cublas/index.html#results-reproducibility (Triggered internally at /pytorch/aten/src/ATen/Context.cpp:233.)
  dot = x_point @ y_point.t()
/fs04/ar57/wenyu/GeneRec/stage2_RQ-VAE/curvature_RQ-VAE_iter88/model/layers.py:113: UserWarning: Deterministic behavior was enabled with either `torch.use_deterministic_algorithms(True)` or `at::Context::setDeterministicAlgorithms(true)`, but this operation is not deterministic because it uses CuBLAS and you have CUDA >= 10.2. To enable deterministic behavior in this case, you must set an environment variable before running your PyTorch application: CUBLAS_WORKSPACE_CONFIG=:4096:8 or CUBLAS_WORKSPACE_CONFIG=:16:8. For more information, go to https://docs.nvidia.com/cuda/cublas/index.html#results-reproducibility (Triggered internally at /pytorch/aten/src/ATen/Context.cpp:233.)
  dot = x_point @ y_point.t()
/fs04/ar57/wenyu/GeneRec/stage2_RQ-VAE/curvature_RQ-VAE_iter88/model/layers.py:113: UserWarning: Deterministic behavior was enabled with either `torch.use_deterministic_algorithms(True)` or `at::Context::setDeterministicAlgorithms(true)`, but this operation is not deterministic because it uses CuBLAS and you have CUDA >= 10.2. To enable deterministic behavior in this case, you must set an environment variable before running your PyTorch application: CUBLAS_WORKSPACE_CONFIG=:4096:8 or CUBLAS_WORKSPACE_CONFIG=:16:8. For more information, go to https://docs.nvidia.com/cuda/cublas/index.html#results-reproducibility (Triggered internally at /pytorch/aten/src/ATen/Context.cpp:233.)
  dot = x_point @ y_point.t()
/home/wlia0047/ar57_scratch/wenyu/genrec_env_v2/lib64/python3.9/site-packages/torch/distributed/distributed_c10d.py:4807: UserWarning: No device id is provided via `init_process_group` or `barrier `. Using the current device set by the user. 
  warnings.warn(  # warn only once
/fs04/ar57/wenyu/GeneRec/stage2_RQ-VAE/curvature_RQ-VAE_iter88/model/layers.py:113: UserWarning: Deterministic behavior was enabled with either `torch.use_deterministic_algorithms(True)` or `at::Context::setDeterministicAlgorithms(true)`, but this operation is not deterministic because it uses CuBLAS and you have CUDA >= 10.2. To enable deterministic behavior in this case, you must set an environment variable before running your PyTorch application: CUBLAS_WORKSPACE_CONFIG=:4096:8 or CUBLAS_WORKSPACE_CONFIG=:16:8. For more information, go to https://docs.nvidia.com/cuda/cublas/index.html#results-reproducibility (Triggered internally at /pytorch/aten/src/ATen/Context.cpp:233.)
  dot = x_point @ y_point.t()
/fs04/ar57/wenyu/GeneRec/stage2_RQ-VAE/curvature_RQ-VAE_iter88/model/layers.py:113: UserWarning: Deterministic behavior was enabled with either `torch.use_deterministic_algorithms(True)` or `at::Context::setDeterministicAlgorithms(true)`, but this operation is not deterministic because it uses CuBLAS and you have CUDA >= 10.2. To enable deterministic behavior in this case, you must set an environment variable before running your PyTorch application: CUBLAS_WORKSPACE_CONFIG=:4096:8 or CUBLAS_WORKSPACE_CONFIG=:16:8. For more information, go to https://docs.nvidia.com/cuda/cublas/index.html#results-reproducibility (Triggered internally at /pytorch/aten/src/ATen/Context.cpp:233.)
  dot = x_point @ y_point.t()
/home/wlia0047/ar57_scratch/wenyu/genrec_env_v2/lib64/python3.9/site-packages/torch/distributed/distributed_c10d.py:4807: UserWarning: No device id is provided via `init_process_group` or `barrier `. Using the current device set by the user. 
  warnings.warn(  # warn only once
/home/wlia0047/ar57_scratch/wenyu/genrec_env_v2/lib64/python3.9/site-packages/torch/distributed/distributed_c10d.py:4807: UserWarning: No device id is provided via `init_process_group` or `barrier `. Using the current device set by the user. 
  warnings.warn(  # warn only once
/fs04/ar57/wenyu/GeneRec/stage2_RQ-VAE/curvature_RQ-VAE_iter88/model/layers.py:113: UserWarning: Deterministic behavior was enabled with either `torch.use_deterministic_algorithms(True)` or `at::Context::setDeterministicAlgorithms(true)`, but this operation is not deterministic because it uses CuBLAS and you have CUDA >= 10.2. To enable deterministic behavior in this case, you must set an environment variable before running your PyTorch application: CUBLAS_WORKSPACE_CONFIG=:4096:8 or CUBLAS_WORKSPACE_CONFIG=:16:8. For more information, go to https://docs.nvidia.com/cuda/cublas/index.html#results-reproducibility (Triggered internally at /pytorch/aten/src/ATen/Context.cpp:233.)
  dot = x_point @ y_point.t()
/home/wlia0047/ar57_scratch/wenyu/genrec_env_v2/lib64/python3.9/site-packages/torch/distributed/distributed_c10d.py:4807: UserWarning: No device id is provided via `init_process_group` or `barrier `. Using the current device set by the user. 
  warnings.warn(  # warn only once
/home/wlia0047/ar57_scratch/wenyu/genrec_env_v2/lib64/python3.9/site-packages/torch/autograd/graph.py:829: UserWarning: Deterministic behavior was enabled with either `torch.use_deterministic_algorithms(True)` or `at::Context::setDeterministicAlgorithms(true)`, but this operation is not deterministic because it uses CuBLAS and you have CUDA >= 10.2. To enable deterministic behavior in this case, you must set an environment variable before running your PyTorch application: CUBLAS_WORKSPACE_CONFIG=:4096:8 or CUBLAS_WORKSPACE_CONFIG=:16:8. For more information, go to https://docs.nvidia.com/cuda/cublas/index.html#results-reproducibility (Triggered internally at /pytorch/aten/src/ATen/Context.cpp:233.)
  return Variable._execution_engine.run_backward(  # Calls into the C++ engine to run the backward pass
/home/wlia0047/ar57_scratch/wenyu/genrec_env_v2/lib64/python3.9/site-packages/torch/autograd/graph.py:829: UserWarning: Deterministic behavior was enabled with either `torch.use_deterministic_algorithms(True)` or `at::Context::setDeterministicAlgorithms(true)`, but this operation is not deterministic because it uses CuBLAS and you have CUDA >= 10.2. To enable deterministic behavior in this case, you must set an environment variable before running your PyTorch application: CUBLAS_WORKSPACE_CONFIG=:4096:8 or CUBLAS_WORKSPACE_CONFIG=:16:8. For more information, go to https://docs.nvidia.com/cuda/cublas/index.html#results-reproducibility (Triggered internally at /pytorch/aten/src/ATen/Context.cpp:233.)
  return Variable._execution_engine.run_backward(  # Calls into the C++ engine to run the backward pass
/home/wlia0047/ar57_scratch/wenyu/genrec_env_v2/lib64/python3.9/site-packages/torch/autograd/graph.py:829: UserWarning: Deterministic behavior was enabled with either `torch.use_deterministic_algorithms(True)` or `at::Context::setDeterministicAlgorithms(true)`, but this operation is not deterministic because it uses CuBLAS and you have CUDA >= 10.2. To enable deterministic behavior in this case, you must set an environment variable before running your PyTorch application: CUBLAS_WORKSPACE_CONFIG=:4096:8 or CUBLAS_WORKSPACE_CONFIG=:16:8. For more information, go to https://docs.nvidia.com/cuda/cublas/index.html#results-reproducibility (Triggered internally at /pytorch/aten/src/ATen/Context.cpp:233.)
  return Variable._execution_engine.run_backward(  # Calls into the C++ engine to run the backward pass
/home/wlia0047/ar57_scratch/wenyu/genrec_env_v2/lib64/python3.9/site-packages/torch/autograd/graph.py:829: UserWarning: Deterministic behavior was enabled with either `torch.use_deterministic_algorithms(True)` or `at::Context::setDeterministicAlgorithms(true)`, but this operation is not deterministic because it uses CuBLAS and you have CUDA >= 10.2. To enable deterministic behavior in this case, you must set an environment variable before running your PyTorch application: CUBLAS_WORKSPACE_CONFIG=:4096:8 or CUBLAS_WORKSPACE_CONFIG=:16:8. For more information, go to https://docs.nvidia.com/cuda/cublas/index.html#results-reproducibility (Triggered internally at /pytorch/aten/src/ATen/Context.cpp:233.)
  return Variable._execution_engine.run_backward(  # Calls into the C++ engine to run the backward pass
[hyperbolic] global_step=180/72000 local_updates=45 loss=0.14363334 recon=0.00020769
[hyperbolic] global_step=236/72000 local_updates=59 loss=0.13691011 recon=0.00018224
[hyperbolic] global_step=316/72000 local_updates=79 loss=0.13513072 recon=0.00019575
[hyperbolic] global_step=428/72000 local_updates=107 loss=0.13806194 recon=0.00019624
[hyperbolic] global_step=548/72000 local_updates=137 loss=0.13511939 recon=0.00019588
[hyperbolic] global_step=664/72000 local_updates=166 loss=0.12960601 recon=0.00015505
[hyperbolic] global_step=768/72000 local_updates=192 loss=0.12922032 recon=0.00019098
[hyperbolic] global_step=880/72000 local_updates=220 loss=0.13406745 recon=0.00016637
[hyperbolic] global_step=992/72000 local_updates=248 loss=0.12955669 recon=0.00018963
[hyperbolic] global_step=1104/72000 local_updates=276 loss=0.12999049 recon=0.00017613
[hyperbolic] global_step=1220/72000 local_updates=305 loss=0.13307971 recon=0.00018282
[hyperbolic] global_step=1336/72000 local_updates=334 loss=0.13127005 recon=0.00015410
[hyperbolic] global_step=1452/72000 local_updates=363 loss=0.12651566 recon=0.00014641
[hyperbolic] global_step=1568/72000 local_updates=392 loss=0.12961027 recon=0.00014801
[hyperbolic] global_step=1688/72000 local_updates=422 loss=0.12975305 recon=0.00017078
[hyperbolic] global_step=1808/72000 local_updates=452 loss=0.13307500 recon=0.00015946
[hyperbolic] global_step=1932/72000 local_updates=483 loss=0.13230611 recon=0.00014582
[hyperbolic] global_step=2052/72000 local_updates=513 loss=0.13247742 recon=0.00015193
[hyperbolic] global_step=2172/72000 local_updates=543 loss=0.12918396 recon=0.00014681
[hyperbolic] global_step=2292/72000 local_updates=573 loss=0.13238931 recon=0.00016072
[hyperbolic] global_step=2416/72000 local_updates=604 loss=0.13031200 recon=0.00015684
[hyperbolic] global_step=2528/72000 local_updates=632 loss=0.12913750 recon=0.00016037
[hyperbolic] global_step=2644/72000 local_updates=661 loss=0.12984224 recon=0.00015302
[hyperbolic] global_step=2768/72000 local_updates=692 loss=0.13236074 recon=0.00015758
[hyperbolic] global_step=2888/72000 local_updates=722 loss=0.12860239 recon=0.00013687
[hyperbolic] global_step=3008/72000 local_updates=752 loss=0.12539448 recon=0.00015817
[hyperbolic] global_step=3136/72000 local_updates=784 loss=0.12949188 recon=0.00014810
[hyperbolic] global_step=3268/72000 local_updates=817 loss=0.12879643 recon=0.00015733
[hyperbolic] global_step=3392/72000 local_updates=848 loss=0.12674348 recon=0.00015477
[hyperbolic] global_step=3512/72000 local_updates=878 loss=0.12760240 recon=0.00017616
[hyperbolic] global_step=3632/72000 local_updates=908 loss=0.13080095 recon=0.00015375
[hyperbolic] global_step=3756/72000 local_updates=939 loss=0.12675387 recon=0.00015457
[hyperbolic] global_step=3880/72000 local_updates=970 loss=0.12576623 recon=0.00014871
[hyperbolic] global_step=4004/72000 local_updates=1001 loss=0.12927389 recon=0.00015489
[hyperbolic] global_step=4136/72000 local_updates=1034 loss=0.13051680 recon=0.00015416
[hyperbolic] global_step=4264/72000 local_updates=1066 loss=0.12788519 recon=0.00015500
[hyperbolic] global_step=4396/72000 local_updates=1099 loss=0.12766288 recon=0.00016265
[hyperbolic] global_step=4528/72000 local_updates=1132 loss=0.12841393 recon=0.00015232
[hyperbolic] global_step=4664/72000 local_updates=1166 loss=0.12511894 recon=0.00014436
[hyperbolic] global_step=4788/72000 local_updates=1197 loss=0.12566459 recon=0.00014732
[hyperbolic] global_step=4920/72000 local_updates=1230 loss=0.12847756 recon=0.00014213
[hyperbolic] global_step=5048/72000 local_updates=1262 loss=0.12819546 recon=0.00014857
[hyperbolic] global_step=5180/72000 local_updates=1295 loss=0.12709783 recon=0.00015529
[hyperbolic] global_step=5316/72000 local_updates=1329 loss=0.12745155 recon=0.00015962
[hyperbolic] global_step=5452/72000 local_updates=1363 loss=0.12622178 recon=0.00014943
[hyperbolic] global_step=5580/72000 local_updates=1395 loss=0.12397942 recon=0.00014774
[hyperbolic] global_step=5712/72000 local_updates=1428 loss=0.12792142 recon=0.00016267
[hyperbolic] global_step=5844/72000 local_updates=1461 loss=0.12506470 recon=0.00013797
[hyperbolic] global_step=5968/72000 local_updates=1492 loss=0.12630372 recon=0.00015760
[hyperbolic] global_step=6096/72000 local_updates=1524 loss=0.12360223 recon=0.00014539
[hyperbolic] global_step=6228/72000 local_updates=1557 loss=0.12743488 recon=0.00013229
[hyperbolic] global_step=6352/72000 local_updates=1588 loss=0.12512155 recon=0.00013718
[hyperbolic] global_step=6480/72000 local_updates=1620 loss=0.12913500 recon=0.00014838
[hyperbolic] global_step=6612/72000 local_updates=1653 loss=0.12561209 recon=0.00014484
[hyperbolic] global_step=6732/72000 local_updates=1683 loss=0.12510861 recon=0.00015078
[hyperbolic] global_step=6860/72000 local_updates=1715 loss=0.12631857 recon=0.00016740
[hyperbolic] global_step=6988/72000 local_updates=1747 loss=0.12628454 recon=0.00016077
[hyperbolic] global_step=7112/72000 local_updates=1778 loss=0.12753932 recon=0.00016404
[hyperbolic] global_step=7232/72000 local_updates=1808 loss=0.12758817 recon=0.00014976
[hyperbolic] global_step=7360/72000 local_updates=1840 loss=0.12614112 recon=0.00018361
[hyperbolic] global_step=7496/72000 local_updates=1874 loss=0.12740593 recon=0.00014105
[hyperbolic] global_step=7628/72000 local_updates=1907 loss=0.12515567 recon=0.00016713
[hyperbolic] global_step=7752/72000 local_updates=1938 loss=0.12530452 recon=0.00015261
[hyperbolic] global_step=7872/72000 local_updates=1968 loss=0.12395964 recon=0.00016039
[hyperbolic] global_step=7992/72000 local_updates=1998 loss=0.12539968 recon=0.00015411
[hyperbolic] global_step=8112/72000 local_updates=2028 loss=0.12399699 recon=0.00013983
[hyperbolic] global_step=8240/72000 local_updates=2060 loss=0.12473901 recon=0.00014054
[hyperbolic] global_step=8360/72000 local_updates=2090 loss=0.12593158 recon=0.00015452
[hyperbolic] global_step=8492/72000 local_updates=2123 loss=0.12510023 recon=0.00015382
[hyperbolic] global_step=8616/72000 local_updates=2154 loss=0.12685980 recon=0.00016687
[hyperbolic] global_step=8740/72000 local_updates=2185 loss=0.12345131 recon=0.00012612
[hyperbolic] global_step=8872/72000 local_updates=2218 loss=0.12396698 recon=0.00014169
[hyperbolic] global_step=9008/72000 local_updates=2252 loss=0.12460998 recon=0.00014894
[hyperbolic] global_step=9144/72000 local_updates=2286 loss=0.12558530 recon=0.00015234
[hyperbolic] global_step=9280/72000 local_updates=2320 loss=0.12478676 recon=0.00014283
[hyperbolic] global_step=9408/72000 local_updates=2352 loss=0.12443160 recon=0.00015784
[hyperbolic] global_step=9540/72000 local_updates=2385 loss=0.12528802 recon=0.00013953
[hyperbolic] global_step=9676/72000 local_updates=2419 loss=0.12366426 recon=0.00015275
[hyperbolic] global_step=9808/72000 local_updates=2452 loss=0.12720545 recon=0.00014501
[hyperbolic] global_step=9940/72000 local_updates=2485 loss=0.12605637 recon=0.00013569
[hyperbolic] global_step=10000/72000 loss=0.12876880 recon=0.00015562 c=[1.5, 1.5, 1.5] epsilon=[0.003, 0.003, 0.003] raw_unique=24548/24587 collision=0.001586 behaviour=0.21773892 codebook_used=[256, 256, 256]
[hyperbolic] global_step=10132/72000 local_updates=2533 loss=0.12580702 recon=0.00014303
[hyperbolic] global_step=10264/72000 local_updates=2566 loss=0.12462785 recon=0.00014090
[hyperbolic] global_step=10396/72000 local_updates=2599 loss=0.12404521 recon=0.00015271
[hyperbolic] global_step=10520/72000 local_updates=2630 loss=0.12520346 recon=0.00015200
[hyperbolic] global_step=10652/72000 local_updates=2663 loss=0.12335263 recon=0.00014837
[hyperbolic] global_step=10780/72000 local_updates=2695 loss=0.12687278 recon=0.00015619
[hyperbolic] global_step=10908/72000 local_updates=2727 loss=0.12243159 recon=0.00014604
[hyperbolic] global_step=11036/72000 local_updates=2759 loss=0.12418077 recon=0.00015216
[hyperbolic] global_step=11172/72000 local_updates=2793 loss=0.12811105 recon=0.00014918
[hyperbolic] global_step=11308/72000 local_updates=2827 loss=0.12249029 recon=0.00014761
[hyperbolic] global_step=11440/72000 local_updates=2860 loss=0.12303530 recon=0.00014559
[hyperbolic] global_step=11572/72000 local_updates=2893 loss=0.12564778 recon=0.00014572
[hyperbolic] global_step=11708/72000 local_updates=2927 loss=0.12318327 recon=0.00013662
[hyperbolic] global_step=11832/72000 local_updates=2958 loss=0.12511398 recon=0.00014675
[hyperbolic] global_step=11956/72000 local_updates=2989 loss=0.12471337 recon=0.00014917
[hyperbolic] global_step=12096/72000 local_updates=3024 loss=0.12626600 recon=0.00016097
[hyperbolic] global_step=12228/72000 local_updates=3057 loss=0.12658770 recon=0.00014060
[hyperbolic] global_step=12368/72000 local_updates=3092 loss=0.12246365 recon=0.00015582
[hyperbolic] global_step=12492/72000 local_updates=3123 loss=0.12278079 recon=0.00015163
[hyperbolic] global_step=12620/72000 local_updates=3155 loss=0.12362169 recon=0.00014359
[hyperbolic] global_step=12748/72000 local_updates=3187 loss=0.12369289 recon=0.00014798
[hyperbolic] global_step=12880/72000 local_updates=3220 loss=0.12755850 recon=0.00014775
[hyperbolic] global_step=13008/72000 local_updates=3252 loss=0.12563632 recon=0.00013092
[hyperbolic] global_step=13144/72000 local_updates=3286 loss=0.12534454 recon=0.00016247
[hyperbolic] global_step=13276/72000 local_updates=3319 loss=0.12571506 recon=0.00015105
[hyperbolic] global_step=13404/72000 local_updates=3351 loss=0.12402200 recon=0.00016012
[hyperbolic] global_step=13536/72000 local_updates=3384 loss=0.12536354 recon=0.00014029
[hyperbolic] global_step=13664/72000 local_updates=3416 loss=0.12407460 recon=0.00013604
[hyperbolic] global_step=13796/72000 local_updates=3449 loss=0.12594612 recon=0.00014450
[hyperbolic] global_step=13932/72000 local_updates=3483 loss=0.12473185 recon=0.00015202
[hyperbolic] global_step=14068/72000 local_updates=3517 loss=0.12347990 recon=0.00016417
[hyperbolic] global_step=14200/72000 local_updates=3550 loss=0.12630923 recon=0.00014658
[hyperbolic] global_step=14336/72000 local_updates=3584 loss=0.12248764 recon=0.00014825
[hyperbolic] global_step=14472/72000 local_updates=3618 loss=0.12315319 recon=0.00014005
[hyperbolic] global_step=14608/72000 local_updates=3652 loss=0.12409082 recon=0.00013205
[hyperbolic] global_step=14740/72000 local_updates=3685 loss=0.12467849 recon=0.00013937
[hyperbolic] global_step=14860/72000 local_updates=3715 loss=0.12433244 recon=0.00014871
[hyperbolic] global_step=14984/72000 local_updates=3746 loss=0.12275256 recon=0.00016521
[hyperbolic] global_step=15112/72000 local_updates=3778 loss=0.12363760 recon=0.00015425
[hyperbolic] global_step=15236/72000 local_updates=3809 loss=0.12397051 recon=0.00015065
[hyperbolic] global_step=15368/72000 local_updates=3842 loss=0.12308703 recon=0.00015321
[hyperbolic] global_step=15500/72000 local_updates=3875 loss=0.12509558 recon=0.00014170
[hyperbolic] global_step=15620/72000 local_updates=3905 loss=0.12516411 recon=0.00015275
[hyperbolic] global_step=15744/72000 local_updates=3936 loss=0.12108016 recon=0.00016677
[hyperbolic] global_step=15884/72000 local_updates=3971 loss=0.12332906 recon=0.00015538
[hyperbolic] global_step=16016/72000 local_updates=4004 loss=0.12289195 recon=0.00016226
[hyperbolic] global_step=16140/72000 local_updates=4035 loss=0.12128603 recon=0.00016590
[hyperbolic] global_step=16276/72000 local_updates=4069 loss=0.12449002 recon=0.00015125
[hyperbolic] global_step=16404/72000 local_updates=4101 loss=0.12575081 recon=0.00014587
[hyperbolic] global_step=16532/72000 local_updates=4133 loss=0.12447037 recon=0.00013437
[hyperbolic] global_step=16668/72000 local_updates=4167 loss=0.12549424 recon=0.00013607
[hyperbolic] global_step=16796/72000 local_updates=4199 loss=0.12662950 recon=0.00015739
[hyperbolic] global_step=16928/72000 local_updates=4232 loss=0.12449878 recon=0.00013833
[hyperbolic] global_step=17052/72000 local_updates=4263 loss=0.12267941 recon=0.00013719
[hyperbolic] global_step=17188/72000 local_updates=4297 loss=0.12407914 recon=0.00014591
[hyperbolic] global_step=17320/72000 local_updates=4330 loss=0.12286735 recon=0.00014202
[hyperbolic] global_step=17456/72000 local_updates=4364 loss=0.12368926 recon=0.00015012
[hyperbolic] global_step=17596/72000 local_updates=4399 loss=0.12247750 recon=0.00014910
[hyperbolic] global_step=17732/72000 local_updates=4433 loss=0.12513140 recon=0.00015242
[hyperbolic] global_step=17856/72000 local_updates=4464 loss=0.12493451 recon=0.00013213
[hyperbolic] global_step=17992/72000 local_updates=4498 loss=0.12200931 recon=0.00013525
[hyperbolic] global_step=18132/72000 local_updates=4533 loss=0.12334852 recon=0.00013587
[hyperbolic] global_step=18264/72000 local_updates=4566 loss=0.12397343 recon=0.00013863
[hyperbolic] global_step=18400/72000 local_updates=4600 loss=0.12391779 recon=0.00015972
[hyperbolic] global_step=18532/72000 local_updates=4633 loss=0.12616764 recon=0.00014517
[hyperbolic] global_step=18668/72000 local_updates=4667 loss=0.12363556 recon=0.00014515
[hyperbolic] global_step=18796/72000 local_updates=4699 loss=0.12393413 recon=0.00014949
[hyperbolic] global_step=18932/72000 local_updates=4733 loss=0.12399277 recon=0.00014322
[hyperbolic] global_step=19064/72000 local_updates=4766 loss=0.12440705 recon=0.00013824
[hyperbolic] global_step=19192/72000 local_updates=4798 loss=0.12492973 recon=0.00013404
[hyperbolic] global_step=19336/72000 local_updates=4834 loss=0.12496862 recon=0.00013464
[hyperbolic] global_step=19468/72000 local_updates=4867 loss=0.12450284 recon=0.00013558
[hyperbolic] global_step=19604/72000 local_updates=4901 loss=0.12493438 recon=0.00016299
[hyperbolic] global_step=19740/72000 local_updates=4935 loss=0.12462077 recon=0.00013591
[hyperbolic] global_step=19876/72000 local_updates=4969 loss=0.12566021 recon=0.00015558
[hyperbolic] global_step=20000/72000 loss=0.12449070 recon=0.00014792 c=[1.5, 1.5, 1.5] epsilon=[0.003, 0.003, 0.003] raw_unique=24548/24587 collision=0.001586 behaviour=0.19159054 codebook_used=[256, 256, 256]
[hyperbolic] global_step=20136/72000 local_updates=5034 loss=0.12495755 recon=0.00013730
[hyperbolic] global_step=20264/72000 local_updates=5066 loss=0.12529874 recon=0.00014576
[hyperbolic] global_step=20396/72000 local_updates=5099 loss=0.12387934 recon=0.00015090
[hyperbolic] global_step=20528/72000 local_updates=5132 loss=0.12315048 recon=0.00015207
[hyperbolic] global_step=20652/72000 local_updates=5163 loss=0.12229274 recon=0.00015437
[hyperbolic] global_step=20784/72000 local_updates=5196 loss=0.12346475 recon=0.00015059
[hyperbolic] global_step=20916/72000 local_updates=5229 loss=0.12516436 recon=0.00014975
[hyperbolic] global_step=21056/72000 local_updates=5264 loss=0.12380688 recon=0.00013724
[hyperbolic] global_step=21196/72000 local_updates=5299 loss=0.12495579 recon=0.00014335
[hyperbolic] global_step=21332/72000 local_updates=5333 loss=0.12270562 recon=0.00013921
[hyperbolic] global_step=21472/72000 local_updates=5368 loss=0.12333887 recon=0.00014596
[hyperbolic] global_step=21612/72000 local_updates=5403 loss=0.12378513 recon=0.00017157
[hyperbolic] global_step=21744/72000 local_updates=5436 loss=0.12396847 recon=0.00014046
[hyperbolic] global_step=21880/72000 local_updates=5470 loss=0.12260101 recon=0.00013591
[hyperbolic] global_step=22004/72000 local_updates=5501 loss=0.12376381 recon=0.00013104
[hyperbolic] global_step=22144/72000 local_updates=5536 loss=0.12338584 recon=0.00015269
[hyperbolic] global_step=22272/72000 local_updates=5568 loss=0.12436026 recon=0.00015113
[hyperbolic] global_step=22412/72000 local_updates=5603 loss=0.12399754 recon=0.00014348
[hyperbolic] global_step=22552/72000 local_updates=5638 loss=0.12553391 recon=0.00015316
[hyperbolic] global_step=22684/72000 local_updates=5671 loss=0.12363303 recon=0.00015536
[hyperbolic] global_step=22824/72000 local_updates=5706 loss=0.12328813 recon=0.00014017
[hyperbolic] global_step=22952/72000 local_updates=5738 loss=0.12324736 recon=0.00015895
[hyperbolic] global_step=23088/72000 local_updates=5772 loss=0.12443767 recon=0.00014630
[hyperbolic] global_step=23228/72000 local_updates=5807 loss=0.12491682 recon=0.00014099
[hyperbolic] global_step=23352/72000 local_updates=5838 loss=0.12352820 recon=0.00015743
[hyperbolic] global_step=23488/72000 local_updates=5872 loss=0.12216762 recon=0.00014962
[hyperbolic] global_step=23612/72000 local_updates=5903 loss=0.12626930 recon=0.00015207
[hyperbolic] global_step=23752/72000 local_updates=5938 loss=0.12229637 recon=0.00015085
[hyperbolic] global_step=23880/72000 local_updates=5970 loss=0.12488149 recon=0.00013278
[hyperbolic] global_step=24020/72000 local_updates=6005 loss=0.12388399 recon=0.00014052
[hyperbolic] global_step=24152/72000 local_updates=6038 loss=0.12314380 recon=0.00014237
[hyperbolic] global_step=24284/72000 local_updates=6071 loss=0.12458166 recon=0.00013303
[hyperbolic] global_step=24436/72000 local_updates=6109 loss=0.12212631 recon=0.00014834
[hyperbolic] global_step=24580/72000 local_updates=6145 loss=0.12220277 recon=0.00014566
[hyperbolic] global_step=24716/72000 local_updates=6179 loss=0.12148006 recon=0.00015387
[hyperbolic] global_step=24852/72000 local_updates=6213 loss=0.12470416 recon=0.00014113
[hyperbolic] global_step=24984/72000 local_updates=6246 loss=0.12350806 recon=0.00014842
[hyperbolic] global_step=25120/72000 local_updates=6280 loss=0.12411314 recon=0.00015867
[hyperbolic] global_step=25252/72000 local_updates=6313 loss=0.12396391 recon=0.00014304
[hyperbolic] global_step=25388/72000 local_updates=6347 loss=0.12430976 recon=0.00014402
[hyperbolic] global_step=25524/72000 local_updates=6381 loss=0.12404914 recon=0.00014053
[hyperbolic] global_step=25672/72000 local_updates=6418 loss=0.12347932 recon=0.00014269
[hyperbolic] global_step=25812/72000 local_updates=6453 loss=0.12663551 recon=0.00013899
[hyperbolic] global_step=25952/72000 local_updates=6488 loss=0.12258717 recon=0.00014926
[hyperbolic] global_step=26092/72000 local_updates=6523 loss=0.12525335 recon=0.00016122
[hyperbolic] global_step=26224/72000 local_updates=6556 loss=0.12369467 recon=0.00014172
[hyperbolic] global_step=26364/72000 local_updates=6591 loss=0.12386160 recon=0.00014625
[hyperbolic] global_step=26508/72000 local_updates=6627 loss=0.12368400 recon=0.00014831
[hyperbolic] global_step=26640/72000 local_updates=6660 loss=0.12305629 recon=0.00015228
[hyperbolic] global_step=26788/72000 local_updates=6697 loss=0.12452909 recon=0.00014091
[hyperbolic] global_step=26932/72000 local_updates=6733 loss=0.12462658 recon=0.00015090
[hyperbolic] global_step=27068/72000 local_updates=6767 loss=0.12407777 recon=0.00013341
[hyperbolic] global_step=27212/72000 local_updates=6803 loss=0.12296482 recon=0.00014625
[hyperbolic] global_step=27348/72000 local_updates=6837 loss=0.12329994 recon=0.00015588
[hyperbolic] global_step=27488/72000 local_updates=6872 loss=0.12253261 recon=0.00014297
[hyperbolic] global_step=27632/72000 local_updates=6908 loss=0.12400055 recon=0.00014362
[hyperbolic] global_step=27776/72000 local_updates=6944 loss=0.12347592 recon=0.00014794
[hyperbolic] global_step=27920/72000 local_updates=6980 loss=0.12464683 recon=0.00014570
[hyperbolic] global_step=28068/72000 local_updates=7017 loss=0.12332785 recon=0.00016498
[hyperbolic] global_step=28212/72000 local_updates=7053 loss=0.12368312 recon=0.00014816
[hyperbolic] global_step=28352/72000 local_updates=7088 loss=0.12386014 recon=0.00015470
[hyperbolic] global_step=28496/72000 local_updates=7124 loss=0.12501910 recon=0.00014789
[hyperbolic] global_step=28636/72000 local_updates=7159 loss=0.12266363 recon=0.00013768
[hyperbolic] global_step=28776/72000 local_updates=7194 loss=0.12300705 recon=0.00016023
[hyperbolic] global_step=28920/72000 local_updates=7230 loss=0.12413469 recon=0.00015443
[hyperbolic] global_step=29072/72000 local_updates=7268 loss=0.12353607 recon=0.00014049
[hyperbolic] global_step=29208/72000 local_updates=7302 loss=0.12368873 recon=0.00015120
[hyperbolic] global_step=29352/72000 local_updates=7338 loss=0.12414081 recon=0.00014677
[hyperbolic] global_step=29488/72000 local_updates=7372 loss=0.12463015 recon=0.00014928
[hyperbolic] global_step=29636/72000 local_updates=7409 loss=0.12402529 recon=0.00013595
[hyperbolic] global_step=29784/72000 local_updates=7446 loss=0.12261720 recon=0.00015039
[hyperbolic] global_step=29940/72000 local_updates=7485 loss=0.12417921 recon=0.00014492
[hyperbolic] global_step=30000/72000 loss=0.12392718 recon=0.00014762 c=[1.5, 1.5, 1.5] epsilon=[0.003, 0.003, 0.003] raw_unique=24549/24587 collision=0.001546 behaviour=0.18136823 codebook_used=[256, 256, 256]
[hyperbolic] global_step=30144/72000 local_updates=7536 loss=0.12398659 recon=0.00015313
[hyperbolic] global_step=30288/72000 local_updates=7572 loss=0.12444152 recon=0.00014605
[hyperbolic] global_step=30428/72000 local_updates=7607 loss=0.12532631 recon=0.00016397
[hyperbolic] global_step=30564/72000 local_updates=7641 loss=0.12561251 recon=0.00013828
[hyperbolic] global_step=30716/72000 local_updates=7679 loss=0.12416410 recon=0.00014730
[hyperbolic] global_step=30864/72000 local_updates=7716 loss=0.12390141 recon=0.00014395
[hyperbolic] global_step=31004/72000 local_updates=7751 loss=0.12472852 recon=0.00015376
[hyperbolic] global_step=31136/72000 local_updates=7784 loss=0.12284160 recon=0.00015028
[hyperbolic] global_step=31272/72000 local_updates=7818 loss=0.12176662 recon=0.00013709
[hyperbolic] global_step=31412/72000 local_updates=7853 loss=0.12381285 recon=0.00014572
[hyperbolic] global_step=31548/72000 local_updates=7887 loss=0.12374409 recon=0.00014705
[hyperbolic] global_step=31688/72000 local_updates=7922 loss=0.12567389 recon=0.00015058
[hyperbolic] global_step=31836/72000 local_updates=7959 loss=0.12266182 recon=0.00014097
[hyperbolic] global_step=31988/72000 local_updates=7997 loss=0.12323579 recon=0.00015006
[hyperbolic] global_step=32132/72000 local_updates=8033 loss=0.12451868 recon=0.00016672
[hyperbolic] global_step=32272/72000 local_updates=8068 loss=0.12477277 recon=0.00014927
[hyperbolic] global_step=32420/72000 local_updates=8105 loss=0.12351970 recon=0.00014628
[hyperbolic] global_step=32564/72000 local_updates=8141 loss=0.12377223 recon=0.00014249
[hyperbolic] global_step=32704/72000 local_updates=8176 loss=0.12318209 recon=0.00015768
[hyperbolic] global_step=32852/72000 local_updates=8213 loss=0.12384638 recon=0.00015350
[hyperbolic] global_step=32988/72000 local_updates=8247 loss=0.12265365 recon=0.00014192
[hyperbolic] global_step=33132/72000 local_updates=8283 loss=0.12267401 recon=0.00015545
[hyperbolic] global_step=33276/72000 local_updates=8319 loss=0.12296578 recon=0.00013189
[hyperbolic] global_step=33408/72000 local_updates=8352 loss=0.12565757 recon=0.00015067
[hyperbolic] global_step=33552/72000 local_updates=8388 loss=0.12321023 recon=0.00015069
[hyperbolic] global_step=33696/72000 local_updates=8424 loss=0.12330590 recon=0.00014928
[hyperbolic] global_step=33844/72000 local_updates=8461 loss=0.12411280 recon=0.00014816
[hyperbolic] global_step=33988/72000 local_updates=8497 loss=0.12191390 recon=0.00013088
[hyperbolic] global_step=34140/72000 local_updates=8535 loss=0.12369985 recon=0.00014427
[hyperbolic] global_step=34288/72000 local_updates=8572 loss=0.12356810 recon=0.00015975
[hyperbolic] global_step=34440/72000 local_updates=8610 loss=0.12627135 recon=0.00013573
[hyperbolic] global_step=34572/72000 local_updates=8643 loss=0.12017648 recon=0.00014833
[hyperbolic] global_step=34708/72000 local_updates=8677 loss=0.12323390 recon=0.00013724
[hyperbolic] global_step=34860/72000 local_updates=8715 loss=0.12386642 recon=0.00015062
[hyperbolic] global_step=35000/72000 local_updates=8750 loss=0.12266121 recon=0.00014746
[hyperbolic] global_step=35136/72000 local_updates=8784 loss=0.12332778 recon=0.00013825
[hyperbolic] global_step=35284/72000 local_updates=8821 loss=0.12442526 recon=0.00012954
[hyperbolic] global_step=35432/72000 local_updates=8858 loss=0.12092717 recon=0.00015182
[hyperbolic] global_step=35580/72000 local_updates=8895 loss=0.12211598 recon=0.00014337
[hyperbolic] global_step=35728/72000 local_updates=8932 loss=0.12194400 recon=0.00013982
[hyperbolic] global_step=35876/72000 local_updates=8969 loss=0.12288135 recon=0.00013863
[hyperbolic] global_step=36024/72000 local_updates=9006 loss=0.12238222 recon=0.00014224
[hyperbolic] global_step=36164/72000 local_updates=9041 loss=0.12350050 recon=0.00014896
[hyperbolic] global_step=36292/72000 local_updates=9073 loss=0.12243456 recon=0.00015112
[hyperbolic] global_step=36440/72000 local_updates=9110 loss=0.12540606 recon=0.00014541
[hyperbolic] global_step=36588/72000 local_updates=9147 loss=0.12403695 recon=0.00014312
[hyperbolic] global_step=36724/72000 local_updates=9181 loss=0.12242472 recon=0.00014279
[hyperbolic] global_step=36868/72000 local_updates=9217 loss=0.12205463 recon=0.00013093
[hyperbolic] global_step=37012/72000 local_updates=9253 loss=0.12386575 recon=0.00015227
[hyperbolic] global_step=37152/72000 local_updates=9288 loss=0.12615478 recon=0.00015993
[hyperbolic] global_step=37308/72000 local_updates=9327 loss=0.12172557 recon=0.00013329
[hyperbolic] global_step=37448/72000 local_updates=9362 loss=0.12449969 recon=0.00014506
[hyperbolic] global_step=37596/72000 local_updates=9399 loss=0.12446791 recon=0.00015273
[hyperbolic] global_step=37744/72000 local_updates=9436 loss=0.12389130 recon=0.00014935
[hyperbolic] global_step=37884/72000 local_updates=9471 loss=0.12501921 recon=0.00014687
[hyperbolic] global_step=38028/72000 local_updates=9507 loss=0.12472545 recon=0.00015079
[hyperbolic] global_step=38168/72000 local_updates=9542 loss=0.12363464 recon=0.00014225
[hyperbolic] global_step=38312/72000 local_updates=9578 loss=0.12434240 recon=0.00014910
[hyperbolic] global_step=38460/72000 local_updates=9615 loss=0.12358452 recon=0.00013872
[hyperbolic] global_step=38600/72000 local_updates=9650 loss=0.12181525 recon=0.00015148
[hyperbolic] global_step=38748/72000 local_updates=9687 loss=0.12558644 recon=0.00014683
[hyperbolic] global_step=38900/72000 local_updates=9725 loss=0.12367200 recon=0.00014913
[hyperbolic] global_step=39048/72000 local_updates=9762 loss=0.12405421 recon=0.00015411
[hyperbolic] global_step=39200/72000 local_updates=9800 loss=0.12387516 recon=0.00016756
[hyperbolic] global_step=39352/72000 local_updates=9838 loss=0.12199628 recon=0.00016197
[hyperbolic] global_step=39488/72000 local_updates=9872 loss=0.12359630 recon=0.00014051
[hyperbolic] global_step=39640/72000 local_updates=9910 loss=0.12308656 recon=0.00015228
[hyperbolic] global_step=39784/72000 local_updates=9946 loss=0.12234218 recon=0.00014768
[hyperbolic] global_step=39932/72000 local_updates=9983 loss=0.12502754 recon=0.00014112
[hyperbolic] global_step=40000/72000 loss=0.12358322 recon=0.00014634 c=[1.5, 1.5, 1.5] epsilon=[0.003, 0.003, 0.003] raw_unique=24549/24587 collision=0.001546 behaviour=0.17496248 codebook_used=[256, 256, 256]
[hyperbolic] global_step=40148/72000 local_updates=10037 loss=0.12416894 recon=0.00014869
[hyperbolic] global_step=40292/72000 local_updates=10073 loss=0.12264124 recon=0.00015569
[hyperbolic] global_step=40440/72000 local_updates=10110 loss=0.12401666 recon=0.00015419
[hyperbolic] global_step=40588/72000 local_updates=10147 loss=0.12456476 recon=0.00013932
[hyperbolic] global_step=40748/72000 local_updates=10187 loss=0.12419157 recon=0.00014171
[hyperbolic] global_step=40892/72000 local_updates=10223 loss=0.12352498 recon=0.00015063
[hyperbolic] global_step=41048/72000 local_updates=10262 loss=0.12394805 recon=0.00013487
[hyperbolic] global_step=41200/72000 local_updates=10300 loss=0.12438413 recon=0.00013342
[hyperbolic] global_step=41356/72000 local_updates=10339 loss=0.12399760 recon=0.00013589
[hyperbolic] global_step=41504/72000 local_updates=10376 loss=0.12171771 recon=0.00014020
[hyperbolic] global_step=41648/72000 local_updates=10412 loss=0.12415452 recon=0.00014414
[hyperbolic] global_step=41800/72000 local_updates=10450 loss=0.12326291 recon=0.00014323
[hyperbolic] global_step=41952/72000 local_updates=10488 loss=0.12252188 recon=0.00013892
[hyperbolic] global_step=42112/72000 local_updates=10528 loss=0.12142724 recon=0.00013912
[hyperbolic] global_step=42268/72000 local_updates=10567 loss=0.12357147 recon=0.00015203
[hyperbolic] global_step=42428/72000 local_updates=10607 loss=0.12161870 recon=0.00014170
[hyperbolic] global_step=42584/72000 local_updates=10646 loss=0.12135656 recon=0.00014139
[hyperbolic] global_step=42732/72000 local_updates=10683 loss=0.12290930 recon=0.00015058
[hyperbolic] global_step=42884/72000 local_updates=10721 loss=0.12262222 recon=0.00015255
[hyperbolic] global_step=43052/72000 local_updates=10763 loss=0.12362747 recon=0.00013579
[hyperbolic] global_step=43196/72000 local_updates=10799 loss=0.12379865 recon=0.00014508
[hyperbolic] global_step=43344/72000 local_updates=10836 loss=0.12330092 recon=0.00014822
[hyperbolic] global_step=43496/72000 local_updates=10874 loss=0.12452649 recon=0.00013875
[hyperbolic] global_step=43648/72000 local_updates=10912 loss=0.12316334 recon=0.00013504
[hyperbolic] global_step=43808/72000 local_updates=10952 loss=0.12304401 recon=0.00015480
[hyperbolic] global_step=43968/72000 local_updates=10992 loss=0.12184624 recon=0.00014921
[hyperbolic] global_step=44120/72000 local_updates=11030 loss=0.12212195 recon=0.00014830
[hyperbolic] global_step=44276/72000 local_updates=11069 loss=0.12524962 recon=0.00014207
[hyperbolic] global_step=44432/72000 local_updates=11108 loss=0.12270156 recon=0.00014000
[hyperbolic] global_step=44580/72000 local_updates=11145 loss=0.12252948 recon=0.00014963
[hyperbolic] global_step=44740/72000 local_updates=11185 loss=0.12291218 recon=0.00013636
[hyperbolic] global_step=44892/72000 local_updates=11223 loss=0.12193221 recon=0.00015228
[hyperbolic] global_step=45040/72000 local_updates=11260 loss=0.12223789 recon=0.00014032
[hyperbolic] global_step=45192/72000 local_updates=11298 loss=0.12476078 recon=0.00015521
[hyperbolic] global_step=45356/72000 local_updates=11339 loss=0.12264661 recon=0.00014516
[hyperbolic] global_step=45516/72000 local_updates=11379 loss=0.12270050 recon=0.00013512
[hyperbolic] global_step=45672/72000 local_updates=11418 loss=0.12127785 recon=0.00015110
[hyperbolic] global_step=45820/72000 local_updates=11455 loss=0.12266168 recon=0.00015055
[hyperbolic] global_step=45964/72000 local_updates=11491 loss=0.12330930 recon=0.00013544
[hyperbolic] global_step=46116/72000 local_updates=11529 loss=0.12204259 recon=0.00015156
[hyperbolic] global_step=46288/72000 local_updates=11572 loss=0.12443955 recon=0.00013846
[hyperbolic] global_step=46444/72000 local_updates=11611 loss=0.12311076 recon=0.00014738
[hyperbolic] global_step=46588/72000 local_updates=11647 loss=0.12189506 recon=0.00013783
[hyperbolic] global_step=46748/72000 local_updates=11687 loss=0.12340747 recon=0.00013523
[hyperbolic] global_step=46892/72000 local_updates=11723 loss=0.12514281 recon=0.00015083
[hyperbolic] global_step=47048/72000 local_updates=11762 loss=0.12248400 recon=0.00015770
[hyperbolic] global_step=47200/72000 local_updates=11800 loss=0.12257385 recon=0.00013924
[hyperbolic] global_step=47352/72000 local_updates=11838 loss=0.12435561 recon=0.00013477
[hyperbolic] global_step=47500/72000 local_updates=11875 loss=0.12202347 recon=0.00014098
[hyperbolic] global_step=47648/72000 local_updates=11912 loss=0.12352858 recon=0.00014962
[hyperbolic] global_step=47792/72000 local_updates=11948 loss=0.12284397 recon=0.00013920
[hyperbolic] global_step=47948/72000 local_updates=11987 loss=0.12433038 recon=0.00015423
[hyperbolic] global_step=48100/72000 local_updates=12025 loss=0.12298997 recon=0.00014754
[hyperbolic] global_step=48260/72000 local_updates=12065 loss=0.12414763 recon=0.00016052
[hyperbolic] global_step=48412/72000 local_updates=12103 loss=0.12409019 recon=0.00015587
[hyperbolic] global_step=48564/72000 local_updates=12141 loss=0.12165111 recon=0.00013860
[hyperbolic] global_step=48720/72000 local_updates=12180 loss=0.12404816 recon=0.00013399
[hyperbolic] global_step=48876/72000 local_updates=12219 loss=0.12332059 recon=0.00014343
[hyperbolic] global_step=49032/72000 local_updates=12258 loss=0.12303030 recon=0.00014179
[hyperbolic] global_step=49192/72000 local_updates=12298 loss=0.12217573 recon=0.00015137
[hyperbolic] global_step=49348/72000 local_updates=12337 loss=0.12522951 recon=0.00013419
[hyperbolic] global_step=49508/72000 local_updates=12377 loss=0.12325229 recon=0.00015928
[hyperbolic] global_step=49672/72000 local_updates=12418 loss=0.12268498 recon=0.00014159
[hyperbolic] global_step=49836/72000 local_updates=12459 loss=0.12251381 recon=0.00014250
[hyperbolic] global_step=49992/72000 local_updates=12498 loss=0.12336564 recon=0.00015180
[hyperbolic] global_step=50000/72000 loss=0.12324735 recon=0.00014561 c=[1.5, 1.5, 1.5] epsilon=[0.003, 0.003, 0.003] raw_unique=24553/24587 collision=0.001383 behaviour=0.17038570 codebook_used=[256, 256, 256]
[hyperbolic] global_step=50152/72000 local_updates=12538 loss=0.12449629 recon=0.00012988
[hyperbolic] global_step=50312/72000 local_updates=12578 loss=0.12129958 recon=0.00014544
[hyperbolic] global_step=50476/72000 local_updates=12619 loss=0.12153721 recon=0.00012858
[hyperbolic] global_step=50648/72000 local_updates=12662 loss=0.12321874 recon=0.00016038
[hyperbolic] global_step=50808/72000 local_updates=12702 loss=0.12305938 recon=0.00014942
[hyperbolic] global_step=50964/72000 local_updates=12741 loss=0.12330972 recon=0.00014761
[hyperbolic] global_step=51120/72000 local_updates=12780 loss=0.12167333 recon=0.00015720
[hyperbolic] global_step=51276/72000 local_updates=12819 loss=0.12097546 recon=0.00013958
[hyperbolic] global_step=51428/72000 local_updates=12857 loss=0.12174167 recon=0.00014397
[hyperbolic] global_step=51572/72000 local_updates=12893 loss=0.12315179 recon=0.00014949
[hyperbolic] global_step=51728/72000 local_updates=12932 loss=0.12182982 recon=0.00013947
[hyperbolic] global_step=51880/72000 local_updates=12970 loss=0.12193092 recon=0.00013389
[hyperbolic] global_step=52028/72000 local_updates=13007 loss=0.12166204 recon=0.00015423
[hyperbolic] global_step=52188/72000 local_updates=13047 loss=0.12235488 recon=0.00013798
[hyperbolic] global_step=52348/72000 local_updates=13087 loss=0.12127692 recon=0.00013347
[hyperbolic] global_step=52508/72000 local_updates=13127 loss=0.12345031 recon=0.00015685
[hyperbolic] global_step=52668/72000 local_updates=13167 loss=0.12202533 recon=0.00015079
[hyperbolic] global_step=52828/72000 local_updates=13207 loss=0.12326410 recon=0.00014416
[hyperbolic] global_step=52988/72000 local_updates=13247 loss=0.12512548 recon=0.00014290
[hyperbolic] global_step=53132/72000 local_updates=13283 loss=0.12437428 recon=0.00015472
[hyperbolic] global_step=53288/72000 local_updates=13322 loss=0.12290815 recon=0.00014113
[hyperbolic] global_step=53432/72000 local_updates=13358 loss=0.12458000 recon=0.00014846
[hyperbolic] global_step=53584/72000 local_updates=13396 loss=0.12257945 recon=0.00014164
[hyperbolic] global_step=53744/72000 local_updates=13436 loss=0.12501179 recon=0.00013916
[hyperbolic] global_step=53896/72000 local_updates=13474 loss=0.12297117 recon=0.00015407
[hyperbolic] global_step=54052/72000 local_updates=13513 loss=0.12387547 recon=0.00014583
[hyperbolic] global_step=54208/72000 local_updates=13552 loss=0.12206272 recon=0.00014656
[hyperbolic] global_step=54368/72000 local_updates=13592 loss=0.12334250 recon=0.00014619
[hyperbolic] global_step=54540/72000 local_updates=13635 loss=0.12324972 recon=0.00016267
[hyperbolic] global_step=54700/72000 local_updates=13675 loss=0.12348904 recon=0.00013843
[hyperbolic] global_step=54868/72000 local_updates=13717 loss=0.12182817 recon=0.00013424
[hyperbolic] global_step=55020/72000 local_updates=13755 loss=0.12139447 recon=0.00015158
[hyperbolic] global_step=55184/72000 local_updates=13796 loss=0.12249158 recon=0.00014473
[hyperbolic] global_step=55352/72000 local_updates=13838 loss=0.12246795 recon=0.00014449
[hyperbolic] global_step=55512/72000 local_updates=13878 loss=0.12249512 recon=0.00015022
[hyperbolic] global_step=55672/72000 local_updates=13918 loss=0.12292711 recon=0.00013255
[hyperbolic] global_step=55820/72000 local_updates=13955 loss=0.12238710 recon=0.00013942
[hyperbolic] global_step=55976/72000 local_updates=13994 loss=0.12338899 recon=0.00014544
[hyperbolic] global_step=56140/72000 local_updates=14035 loss=0.12222800 recon=0.00015341
[hyperbolic] global_step=56292/72000 local_updates=14073 loss=0.12412083 recon=0.00015374
[hyperbolic] global_step=56440/72000 local_updates=14110 loss=0.12312778 recon=0.00013930
[hyperbolic] global_step=56588/72000 local_updates=14147 loss=0.12298910 recon=0.00014342
[hyperbolic] global_step=56748/72000 local_updates=14187 loss=0.12389167 recon=0.00014780
[hyperbolic] global_step=56908/72000 local_updates=14227 loss=0.12139618 recon=0.00016282
[hyperbolic] global_step=57060/72000 local_updates=14265 loss=0.12271310 recon=0.00014976
[hyperbolic] global_step=57216/72000 local_updates=14304 loss=0.12494835 recon=0.00015835
[hyperbolic] global_step=57380/72000 local_updates=14345 loss=0.12125549 recon=0.00014230
[hyperbolic] global_step=57552/72000 local_updates=14388 loss=0.12263035 recon=0.00015470
[hyperbolic] global_step=57712/72000 local_updates=14428 loss=0.12215216 recon=0.00013682
[hyperbolic] global_step=57880/72000 local_updates=14470 loss=0.12248955 recon=0.00014240
[hyperbolic] global_step=58044/72000 local_updates=14511 loss=0.12384179 recon=0.00013562
[hyperbolic] global_step=58200/72000 local_updates=14550 loss=0.12283681 recon=0.00015584
[hyperbolic] global_step=58356/72000 local_updates=14589 loss=0.12253761 recon=0.00014942
[hyperbolic] global_step=58512/72000 local_updates=14628 loss=0.12195550 recon=0.00014613
[hyperbolic] global_step=58664/72000 local_updates=14666 loss=0.12284487 recon=0.00014198
[hyperbolic] global_step=58832/72000 local_updates=14708 loss=0.12117060 recon=0.00014636
[hyperbolic] global_step=58984/72000 local_updates=14746 loss=0.12284507 recon=0.00014650
[hyperbolic] global_step=59140/72000 local_updates=14785 loss=0.12211277 recon=0.00013763
[hyperbolic] global_step=59300/72000 local_updates=14825 loss=0.12423545 recon=0.00015101
[hyperbolic] global_step=59448/72000 local_updates=14862 loss=0.12061431 recon=0.00014983
[hyperbolic] global_step=59596/72000 local_updates=14899 loss=0.12405927 recon=0.00014765
[hyperbolic] global_step=59768/72000 local_updates=14942 loss=0.12310966 recon=0.00014418
[hyperbolic] global_step=59936/72000 local_updates=14984 loss=0.12138028 recon=0.00012630
[hyperbolic] global_step=60000/72000 loss=0.12288587 recon=0.00014568 c=[1.5, 1.5, 1.5] epsilon=[0.003, 0.003, 0.003] raw_unique=24547/24587 collision=0.001627 behaviour=0.16690792 codebook_used=[256, 256, 256]
[hyperbolic] global_step=60156/72000 local_updates=15039 loss=0.12412254 recon=0.00014236
[hyperbolic] global_step=60320/72000 local_updates=15080 loss=0.12255195 recon=0.00013599
[hyperbolic] global_step=60484/72000 local_updates=15121 loss=0.12248391 recon=0.00014508
[hyperbolic] global_step=60644/72000 local_updates=15161 loss=0.12310387 recon=0.00014690
[hyperbolic] global_step=60800/72000 local_updates=15200 loss=0.12213716 recon=0.00012596
[hyperbolic] global_step=60960/72000 local_updates=15240 loss=0.12253110 recon=0.00013900
[hyperbolic] global_step=61108/72000 local_updates=15277 loss=0.12214089 recon=0.00015136
[hyperbolic] global_step=61276/72000 local_updates=15319 loss=0.12301444 recon=0.00014387
[hyperbolic] global_step=61444/72000 local_updates=15361 loss=0.12382634 recon=0.00014695
[hyperbolic] global_step=61600/72000 local_updates=15400 loss=0.12090234 recon=0.00015811
[hyperbolic] global_step=61760/72000 local_updates=15440 loss=0.12219391 recon=0.00013637
[hyperbolic] global_step=61920/72000 local_updates=15480 loss=0.12286755 recon=0.00013094
[hyperbolic] global_step=62072/72000 local_updates=15518 loss=0.12215821 recon=0.00014486
[hyperbolic] global_step=62232/72000 local_updates=15558 loss=0.12185451 recon=0.00014731
[hyperbolic] global_step=62388/72000 local_updates=15597 loss=0.12392351 recon=0.00015917
[hyperbolic] global_step=62540/72000 local_updates=15635 loss=0.12168390 recon=0.00015534
[hyperbolic] global_step=62684/72000 local_updates=15671 loss=0.12166177 recon=0.00015966
[hyperbolic] global_step=62844/72000 local_updates=15711 loss=0.12271333 recon=0.00014375
[hyperbolic] global_step=63008/72000 local_updates=15752 loss=0.12355610 recon=0.00014321
[hyperbolic] global_step=63156/72000 local_updates=15789 loss=0.12383734 recon=0.00013398
[hyperbolic] global_step=63324/72000 local_updates=15831 loss=0.12245679 recon=0.00015249
[hyperbolic] global_step=63472/72000 local_updates=15868 loss=0.12209917 recon=0.00015026
[hyperbolic] global_step=63640/72000 local_updates=15910 loss=0.12240244 recon=0.00014865
[hyperbolic] global_step=63804/72000 local_updates=15951 loss=0.12256341 recon=0.00014688
[hyperbolic] global_step=63964/72000 local_updates=15991 loss=0.12220620 recon=0.00016116
[hyperbolic] global_step=64128/72000 local_updates=16032 loss=0.12220027 recon=0.00011802
[hyperbolic] global_step=64300/72000 local_updates=16075 loss=0.12221400 recon=0.00015346
[hyperbolic] global_step=64460/72000 local_updates=16115 loss=0.12392516 recon=0.00014562
[hyperbolic] global_step=64628/72000 local_updates=16157 loss=0.12360889 recon=0.00014119
[hyperbolic] global_step=64784/72000 local_updates=16196 loss=0.12177545 recon=0.00015444
[hyperbolic] global_step=64948/72000 local_updates=16237 loss=0.12260515 recon=0.00014908
[hyperbolic] global_step=65116/72000 local_updates=16279 loss=0.12192398 recon=0.00013006
[hyperbolic] global_step=65280/72000 local_updates=16320 loss=0.12176517 recon=0.00014671
[hyperbolic] global_step=65444/72000 local_updates=16361 loss=0.12371360 recon=0.00015008
[hyperbolic] global_step=65604/72000 local_updates=16401 loss=0.11995783 recon=0.00015144
[hyperbolic] global_step=65764/72000 local_updates=16441 loss=0.12386724 recon=0.00015535
[hyperbolic] global_step=65940/72000 local_updates=16485 loss=0.12024032 recon=0.00014233
[hyperbolic] global_step=66096/72000 local_updates=16524 loss=0.12264957 recon=0.00014885
[hyperbolic] global_step=66248/72000 local_updates=16562 loss=0.12507461 recon=0.00014328
[hyperbolic] global_step=66412/72000 local_updates=16603 loss=0.12221704 recon=0.00013237
[hyperbolic] global_step=66584/72000 local_updates=16646 loss=0.12287644 recon=0.00014042
[hyperbolic] global_step=66756/72000 local_updates=16689 loss=0.12296791 recon=0.00014579
[hyperbolic] global_step=66920/72000 local_updates=16730 loss=0.12112199 recon=0.00015439
[hyperbolic] global_step=67080/72000 local_updates=16770 loss=0.12336325 recon=0.00013431
[hyperbolic] global_step=67248/72000 local_updates=16812 loss=0.12268427 recon=0.00015008
[hyperbolic] global_step=67428/72000 local_updates=16857 loss=0.12121191 recon=0.00013222
[hyperbolic] global_step=67596/72000 local_updates=16899 loss=0.12334125 recon=0.00015125
[hyperbolic] global_step=67768/72000 local_updates=16942 loss=0.12274203 recon=0.00014636
[hyperbolic] global_step=67932/72000 local_updates=16983 loss=0.12288723 recon=0.00015316
[hyperbolic] global_step=68100/72000 local_updates=17025 loss=0.12148174 recon=0.00014475
[hyperbolic] global_step=68272/72000 local_updates=17068 loss=0.12205002 recon=0.00014465
[hyperbolic] global_step=68436/72000 local_updates=17109 loss=0.12192955 recon=0.00015719
[hyperbolic] global_step=68616/72000 local_updates=17154 loss=0.12236853 recon=0.00014857
[hyperbolic] global_step=68780/72000 local_updates=17195 loss=0.12278903 recon=0.00012507
[hyperbolic] global_step=68968/72000 local_updates=17242 loss=0.12306439 recon=0.00014371
[hyperbolic] global_step=69140/72000 local_updates=17285 loss=0.12144035 recon=0.00014615
[hyperbolic] global_step=69300/72000 local_updates=17325 loss=0.12183182 recon=0.00014289
[hyperbolic] global_step=69456/72000 local_updates=17364 loss=0.12465545 recon=0.00013551
[hyperbolic] global_step=69624/72000 local_updates=17406 loss=0.12173961 recon=0.00015690
[hyperbolic] global_step=69792/72000 local_updates=17448 loss=0.12240069 recon=0.00014658
[hyperbolic] global_step=69956/72000 local_updates=17489 loss=0.12290871 recon=0.00013809
[hyperbolic] global_step=70000/72000 loss=0.12269232 recon=0.00014484 c=[1.5, 1.5, 1.5] epsilon=[0.003, 0.003, 0.003] raw_unique=24552/24587 collision=0.001424 behaviour=0.16408322 codebook_used=[256, 256, 256]
[hyperbolic] global_step=70152/72000 local_updates=17538 loss=0.12212607 recon=0.00013120
[hyperbolic] global_step=70324/72000 local_updates=17581 loss=0.12297979 recon=0.00013989
[hyperbolic] global_step=70476/72000 local_updates=17619 loss=0.12214633 recon=0.00013548
[hyperbolic] global_step=70644/72000 local_updates=17661 loss=0.12056923 recon=0.00014209
[hyperbolic] global_step=70812/72000 local_updates=17703 loss=0.12167688 recon=0.00014246
[hyperbolic] global_step=70976/72000 local_updates=17744 loss=0.12246650 recon=0.00015319
[hyperbolic] global_step=71144/72000 local_updates=17786 loss=0.12139849 recon=0.00013869
[hyperbolic] global_step=71320/72000 local_updates=17830 loss=0.12374325 recon=0.00014721
[hyperbolic] global_step=71484/72000 local_updates=17871 loss=0.12190906 recon=0.00014484
[hyperbolic] global_step=71640/72000 local_updates=17910 loss=0.12315382 recon=0.00015056
[hyperbolic] global_step=71808/72000 local_updates=17952 loss=0.12485480 recon=0.00015272
[hyperbolic] global_step=71980/72000 local_updates=17995 loss=0.12362061 recon=0.00014652
[hyperbolic] global_step=72000/72000 loss=0.12263804 recon=0.00014459 c=[1.5, 1.5, 1.5] epsilon=[0.003, 0.003, 0.003] raw_unique=24554/24587 collision=0.001342 behaviour=0.16257455 codebook_used=[256, 256, 256]
