2026-10-08 14:50:16,560 - INFO - Configuration: {'batch_size': 4096, 'infer_size': 1024, 'num_epochs': 150, 'eval_interval': 5, 'eval_start_epoch': 75, 'early_eval_epochs': (25, 50, 75, 100, 125), 'fast': True, 'bf16': True, 'use_lr_scheduler': True, 'lr_warmup_pct': 0.1, 'lr_min_factor': 0.2, 'compile': False, 'compile_mode': 'default', 'num_layers': 4, 'num_decoder_layers': 4, 'd_model': 128, 'd_ff': 1024, 'num_heads': 6, 'd_kv': 64, 'dropout_rate': 0.1, 'activation_function': 'relu', 'feed_forward_proj': 'relu', 'device': 'cuda', 'lr': 0.003, 'weight_decay': 0.05, 'vocab_size': 1030, 'eos_token_id': 1029, 'pad_token_id': 0, 'n_user_tokens': 1, 'max_len': 20, 'dataset_name': 'Amazon_2023_Instruments', 'dataset_path': '/home/wlia0047/ar57/wenyu/GeneRec/results/stage0_build_parquet/', 'codebook_size': [256, 256, 256, 1], 'code_path': '/home/wlia0047/ar57/wenyu/GeneRec/results/stage2_RQ-VAE/curvature_RQ-VAE/item_sids.json', 'train_file': 'train.parquet', 'valid_file': 'valid.parquet', 'test_file': 'test.parquet', 'log_path': '/home/wlia0047/ar57/wenyu/GeneRec/results/stage3_T5Train/curvature_RQ-VAE/logs/', 'save_path': '/home/wlia0047/ar57/wenyu/GeneRec/results/stage3_T5Train/curvature_RQ-VAE/ckpt/', 'seed': 42, 'topk_list': [5, 10], 'beam_size': 20, 'no_eval': True, 'skip_test': False, 'screen_baseline_log': '', 'screen_start_epoch': 40, 'screen_window': 5, 'screen_min_ndcg_gain': 0.001, 'screen_min_recall_gain': 0.001, 'num_workers': 4, 'prefetch_factor': 8, 'exclude_history': True, 'no_exclude_history': False, 'pin_memory': True, 'no_pin_memory': False, 'sid_length': 5, 'max_token_seq_len': 102, 'decoder_start_token_id': 0}
2026-10-08 14:50:16,614 - INFO - #Embedding parameters: 131840
#Non-embedding parameters: 4459648
#Total trainable parameters: 4591488

2026-10-08 14:50:34,987 - INFO - Epoch 1/150 train_loss=5.333560066223145
2026-10-08 14:50:35,064 - INFO - Best train loss=5.333560066223145; saved /home/wlia0047/ar57/wenyu/GeneRec/results/stage3_T5Train/curvature_RQ-VAE/ckpt/Amazon_2023_Instruments/Oct-08-2026_14-50-16/HG_Rec_best.pth
2026-10-08 14:50:52,230 - INFO - Epoch 2/150 train_loss=4.640997886657715
2026-10-08 14:50:52,269 - INFO - Best train loss=4.640997886657715; saved /home/wlia0047/ar57/wenyu/GeneRec/results/stage3_T5Train/curvature_RQ-VAE/ckpt/Amazon_2023_Instruments/Oct-08-2026_14-50-16/HG_Rec_best.pth
2026-10-08 14:51:09,418 - INFO - Epoch 3/150 train_loss=4.432891464233398
2026-10-08 14:51:09,457 - INFO - Best train loss=4.432891464233398; saved /home/wlia0047/ar57/wenyu/GeneRec/results/stage3_T5Train/curvature_RQ-VAE/ckpt/Amazon_2023_Instruments/Oct-08-2026_14-50-16/HG_Rec_best.pth
2026-10-08 14:51:26,583 - INFO - Epoch 4/150 train_loss=4.281035251617432
2026-10-08 14:51:26,620 - INFO - Best train loss=4.281035251617432; saved /home/wlia0047/ar57/wenyu/GeneRec/results/stage3_T5Train/curvature_RQ-VAE/ckpt/Amazon_2023_Instruments/Oct-08-2026_14-50-16/HG_Rec_best.pth
2026-10-08 14:51:43,765 - INFO - Epoch 5/150 train_loss=4.097086238861084
2026-10-08 14:51:43,802 - INFO - Best train loss=4.097086238861084; saved /home/wlia0047/ar57/wenyu/GeneRec/results/stage3_T5Train/curvature_RQ-VAE/ckpt/Amazon_2023_Instruments/Oct-08-2026_14-50-16/HG_Rec_best.pth
2026-10-08 14:52:00,931 - INFO - Epoch 6/150 train_loss=4.044244804382324
2026-10-08 14:52:00,968 - INFO - Best train loss=4.044244804382324; saved /home/wlia0047/ar57/wenyu/GeneRec/results/stage3_T5Train/curvature_RQ-VAE/ckpt/Amazon_2023_Instruments/Oct-08-2026_14-50-16/HG_Rec_best.pth
2026-10-08 14:52:18,115 - INFO - Epoch 7/150 train_loss=3.8647167682647705
2026-10-08 14:52:18,151 - INFO - Best train loss=3.8647167682647705; saved /home/wlia0047/ar57/wenyu/GeneRec/results/stage3_T5Train/curvature_RQ-VAE/ckpt/Amazon_2023_Instruments/Oct-08-2026_14-50-16/HG_Rec_best.pth
2026-10-08 14:52:35,297 - INFO - Epoch 8/150 train_loss=3.7360495853424074
2026-10-08 14:52:35,333 - INFO - Best train loss=3.7360495853424074; saved /home/wlia0047/ar57/wenyu/GeneRec/results/stage3_T5Train/curvature_RQ-VAE/ckpt/Amazon_2023_Instruments/Oct-08-2026_14-50-16/HG_Rec_best.pth
2026-10-08 14:52:52,446 - INFO - Epoch 9/150 train_loss=3.876011219024658
2026-10-08 14:53:09,586 - INFO - Epoch 10/150 train_loss=3.668793754577637
2026-10-08 14:53:09,622 - INFO - Best train loss=3.668793754577637; saved /home/wlia0047/ar57/wenyu/GeneRec/results/stage3_T5Train/curvature_RQ-VAE/ckpt/Amazon_2023_Instruments/Oct-08-2026_14-50-16/HG_Rec_best.pth
2026-10-08 14:53:26,764 - INFO - Epoch 11/150 train_loss=3.571336421966553
2026-10-08 14:53:26,801 - INFO - Best train loss=3.571336421966553; saved /home/wlia0047/ar57/wenyu/GeneRec/results/stage3_T5Train/curvature_RQ-VAE/ckpt/Amazon_2023_Instruments/Oct-08-2026_14-50-16/HG_Rec_best.pth
2026-10-08 14:53:43,925 - INFO - Epoch 12/150 train_loss=3.490774097442627
2026-10-08 14:53:43,962 - INFO - Best train loss=3.490774097442627; saved /home/wlia0047/ar57/wenyu/GeneRec/results/stage3_T5Train/curvature_RQ-VAE/ckpt/Amazon_2023_Instruments/Oct-08-2026_14-50-16/HG_Rec_best.pth
2026-10-08 14:54:01,112 - INFO - Epoch 13/150 train_loss=3.5695486068725586
2026-10-08 14:54:18,240 - INFO - Epoch 14/150 train_loss=3.4888869285583497
2026-10-08 14:54:18,276 - INFO - Best train loss=3.4888869285583497; saved /home/wlia0047/ar57/wenyu/GeneRec/results/stage3_T5Train/curvature_RQ-VAE/ckpt/Amazon_2023_Instruments/Oct-08-2026_14-50-16/HG_Rec_best.pth
2026-10-08 14:54:35,411 - INFO - Epoch 15/150 train_loss=3.3828805541992186
2026-10-08 14:54:35,448 - INFO - Best train loss=3.3828805541992186; saved /home/wlia0047/ar57/wenyu/GeneRec/results/stage3_T5Train/curvature_RQ-VAE/ckpt/Amazon_2023_Instruments/Oct-08-2026_14-50-16/HG_Rec_best.pth
2026-10-08 14:54:52,595 - INFO - Epoch 16/150 train_loss=3.3078802680969237
2026-10-08 14:54:52,635 - INFO - Best train loss=3.3078802680969237; saved /home/wlia0047/ar57/wenyu/GeneRec/results/stage3_T5Train/curvature_RQ-VAE/ckpt/Amazon_2023_Instruments/Oct-08-2026_14-50-16/HG_Rec_best.pth
2026-10-08 14:55:09,763 - INFO - Epoch 17/150 train_loss=3.239105920791626
2026-10-08 14:55:09,799 - INFO - Best train loss=3.239105920791626; saved /home/wlia0047/ar57/wenyu/GeneRec/results/stage3_T5Train/curvature_RQ-VAE/ckpt/Amazon_2023_Instruments/Oct-08-2026_14-50-16/HG_Rec_best.pth
2026-10-08 14:55:27,510 - INFO - Epoch 18/150 train_loss=3.1818064403533937
2026-10-08 14:55:27,547 - INFO - Best train loss=3.1818064403533937; saved /home/wlia0047/ar57/wenyu/GeneRec/results/stage3_T5Train/curvature_RQ-VAE/ckpt/Amazon_2023_Instruments/Oct-08-2026_14-50-16/HG_Rec_best.pth
2026-10-08 14:55:44,690 - INFO - Epoch 19/150 train_loss=3.133228063583374
2026-10-08 14:55:44,726 - INFO - Best train loss=3.133228063583374; saved /home/wlia0047/ar57/wenyu/GeneRec/results/stage3_T5Train/curvature_RQ-VAE/ckpt/Amazon_2023_Instruments/Oct-08-2026_14-50-16/HG_Rec_best.pth
2026-10-08 14:56:01,872 - INFO - Epoch 20/150 train_loss=3.0761778354644775
2026-10-08 14:56:01,909 - INFO - Best train loss=3.0761778354644775; saved /home/wlia0047/ar57/wenyu/GeneRec/results/stage3_T5Train/curvature_RQ-VAE/ckpt/Amazon_2023_Instruments/Oct-08-2026_14-50-16/HG_Rec_best.pth
2026-10-08 14:56:19,027 - INFO - Epoch 21/150 train_loss=3.023063135147095
2026-10-08 14:56:19,063 - INFO - Best train loss=3.023063135147095; saved /home/wlia0047/ar57/wenyu/GeneRec/results/stage3_T5Train/curvature_RQ-VAE/ckpt/Amazon_2023_Instruments/Oct-08-2026_14-50-16/HG_Rec_best.pth
2026-10-08 14:56:36,215 - INFO - Epoch 22/150 train_loss=2.9783309936523437
2026-10-08 14:56:36,251 - INFO - Best train loss=2.9783309936523437; saved /home/wlia0047/ar57/wenyu/GeneRec/results/stage3_T5Train/curvature_RQ-VAE/ckpt/Amazon_2023_Instruments/Oct-08-2026_14-50-16/HG_Rec_best.pth
2026-10-08 14:56:53,374 - INFO - Epoch 23/150 train_loss=2.9326594161987303
2026-10-08 14:56:53,410 - INFO - Best train loss=2.9326594161987303; saved /home/wlia0047/ar57/wenyu/GeneRec/results/stage3_T5Train/curvature_RQ-VAE/ckpt/Amazon_2023_Instruments/Oct-08-2026_14-50-16/HG_Rec_best.pth
2026-10-08 14:57:10,556 - INFO - Epoch 24/150 train_loss=2.89725191116333
2026-10-08 14:57:10,592 - INFO - Best train loss=2.89725191116333; saved /home/wlia0047/ar57/wenyu/GeneRec/results/stage3_T5Train/curvature_RQ-VAE/ckpt/Amazon_2023_Instruments/Oct-08-2026_14-50-16/HG_Rec_best.pth
2026-10-08 14:57:27,731 - INFO - Epoch 25/150 train_loss=2.852012538909912
2026-10-08 14:57:27,767 - INFO - Best train loss=2.852012538909912; saved /home/wlia0047/ar57/wenyu/GeneRec/results/stage3_T5Train/curvature_RQ-VAE/ckpt/Amazon_2023_Instruments/Oct-08-2026_14-50-16/HG_Rec_best.pth
2026-10-08 14:57:44,876 - INFO - Epoch 26/150 train_loss=2.805746307373047
2026-10-08 14:57:44,912 - INFO - Best train loss=2.805746307373047; saved /home/wlia0047/ar57/wenyu/GeneRec/results/stage3_T5Train/curvature_RQ-VAE/ckpt/Amazon_2023_Instruments/Oct-08-2026_14-50-16/HG_Rec_best.pth
2026-10-08 14:58:02,056 - INFO - Epoch 27/150 train_loss=2.774577703475952
2026-10-08 14:58:02,093 - INFO - Best train loss=2.774577703475952; saved /home/wlia0047/ar57/wenyu/GeneRec/results/stage3_T5Train/curvature_RQ-VAE/ckpt/Amazon_2023_Instruments/Oct-08-2026_14-50-16/HG_Rec_best.pth
2026-10-08 14:58:19,234 - INFO - Epoch 28/150 train_loss=2.7389871978759768
2026-10-08 14:58:19,270 - INFO - Best train loss=2.7389871978759768; saved /home/wlia0047/ar57/wenyu/GeneRec/results/stage3_T5Train/curvature_RQ-VAE/ckpt/Amazon_2023_Instruments/Oct-08-2026_14-50-16/HG_Rec_best.pth
2026-10-08 14:58:36,396 - INFO - Epoch 29/150 train_loss=2.708054780960083
2026-10-08 14:58:36,435 - INFO - Best train loss=2.708054780960083; saved /home/wlia0047/ar57/wenyu/GeneRec/results/stage3_T5Train/curvature_RQ-VAE/ckpt/Amazon_2023_Instruments/Oct-08-2026_14-50-16/HG_Rec_best.pth
2026-10-08 14:58:53,582 - INFO - Epoch 30/150 train_loss=2.6747886657714846
2026-10-08 14:58:53,618 - INFO - Best train loss=2.6747886657714846; saved /home/wlia0047/ar57/wenyu/GeneRec/results/stage3_T5Train/curvature_RQ-VAE/ckpt/Amazon_2023_Instruments/Oct-08-2026_14-50-16/HG_Rec_best.pth
2026-10-08 14:59:10,754 - INFO - Epoch 31/150 train_loss=2.6471138858795165
2026-10-08 14:59:10,827 - INFO - Best train loss=2.6471138858795165; saved /home/wlia0047/ar57/wenyu/GeneRec/results/stage3_T5Train/curvature_RQ-VAE/ckpt/Amazon_2023_Instruments/Oct-08-2026_14-50-16/HG_Rec_best.pth
2026-10-08 14:59:28,628 - INFO - Epoch 32/150 train_loss=2.6174977111816404
2026-10-08 14:59:28,664 - INFO - Best train loss=2.6174977111816404; saved /home/wlia0047/ar57/wenyu/GeneRec/results/stage3_T5Train/curvature_RQ-VAE/ckpt/Amazon_2023_Instruments/Oct-08-2026_14-50-16/HG_Rec_best.pth
2026-10-08 14:59:45,820 - INFO - Epoch 33/150 train_loss=2.58164568901062
2026-10-08 14:59:45,856 - INFO - Best train loss=2.58164568901062; saved /home/wlia0047/ar57/wenyu/GeneRec/results/stage3_T5Train/curvature_RQ-VAE/ckpt/Amazon_2023_Instruments/Oct-08-2026_14-50-16/HG_Rec_best.pth
2026-10-08 15:00:02,964 - INFO - Epoch 34/150 train_loss=2.5576359462738036
2026-10-08 15:00:03,003 - INFO - Best train loss=2.5576359462738036; saved /home/wlia0047/ar57/wenyu/GeneRec/results/stage3_T5Train/curvature_RQ-VAE/ckpt/Amazon_2023_Instruments/Oct-08-2026_14-50-16/HG_Rec_best.pth
2026-10-08 15:00:20,308 - INFO - Epoch 35/150 train_loss=2.53464747428894
2026-10-08 15:00:20,369 - INFO - Best train loss=2.53464747428894; saved /home/wlia0047/ar57/wenyu/GeneRec/results/stage3_T5Train/curvature_RQ-VAE/ckpt/Amazon_2023_Instruments/Oct-08-2026_14-50-16/HG_Rec_best.pth
2026-10-08 15:00:37,489 - INFO - Epoch 36/150 train_loss=2.507439584732056
2026-10-08 15:00:37,527 - INFO - Best train loss=2.507439584732056; saved /home/wlia0047/ar57/wenyu/GeneRec/results/stage3_T5Train/curvature_RQ-VAE/ckpt/Amazon_2023_Instruments/Oct-08-2026_14-50-16/HG_Rec_best.pth
2026-10-08 15:00:54,673 - INFO - Epoch 37/150 train_loss=2.4793232440948487
2026-10-08 15:00:54,710 - INFO - Best train loss=2.4793232440948487; saved /home/wlia0047/ar57/wenyu/GeneRec/results/stage3_T5Train/curvature_RQ-VAE/ckpt/Amazon_2023_Instruments/Oct-08-2026_14-50-16/HG_Rec_best.pth
2026-10-08 15:01:11,859 - INFO - Epoch 38/150 train_loss=2.4612561798095705
2026-10-08 15:01:11,895 - INFO - Best train loss=2.4612561798095705; saved /home/wlia0047/ar57/wenyu/GeneRec/results/stage3_T5Train/curvature_RQ-VAE/ckpt/Amazon_2023_Instruments/Oct-08-2026_14-50-16/HG_Rec_best.pth
2026-10-08 15:01:29,009 - INFO - Epoch 39/150 train_loss=2.4451340770721437
2026-10-08 15:01:29,046 - INFO - Best train loss=2.4451340770721437; saved /home/wlia0047/ar57/wenyu/GeneRec/results/stage3_T5Train/curvature_RQ-VAE/ckpt/Amazon_2023_Instruments/Oct-08-2026_14-50-16/HG_Rec_best.pth
2026-10-08 15:01:46,191 - INFO - Epoch 40/150 train_loss=2.4225895500183103
2026-10-08 15:01:46,227 - INFO - Best train loss=2.4225895500183103; saved /home/wlia0047/ar57/wenyu/GeneRec/results/stage3_T5Train/curvature_RQ-VAE/ckpt/Amazon_2023_Instruments/Oct-08-2026_14-50-16/HG_Rec_best.pth
2026-10-08 15:02:03,363 - INFO - Epoch 41/150 train_loss=2.4068524742126467
2026-10-08 15:02:03,400 - INFO - Best train loss=2.4068524742126467; saved /home/wlia0047/ar57/wenyu/GeneRec/results/stage3_T5Train/curvature_RQ-VAE/ckpt/Amazon_2023_Instruments/Oct-08-2026_14-50-16/HG_Rec_best.pth
2026-10-08 15:02:20,528 - INFO - Epoch 42/150 train_loss=2.388315649032593
2026-10-08 15:02:20,564 - INFO - Best train loss=2.388315649032593; saved /home/wlia0047/ar57/wenyu/GeneRec/results/stage3_T5Train/curvature_RQ-VAE/ckpt/Amazon_2023_Instruments/Oct-08-2026_14-50-16/HG_Rec_best.pth
2026-10-08 15:02:37,717 - INFO - Epoch 43/150 train_loss=2.365818643569946
2026-10-08 15:02:37,754 - INFO - Best train loss=2.365818643569946; saved /home/wlia0047/ar57/wenyu/GeneRec/results/stage3_T5Train/curvature_RQ-VAE/ckpt/Amazon_2023_Instruments/Oct-08-2026_14-50-16/HG_Rec_best.pth
2026-10-08 15:02:54,885 - INFO - Epoch 44/150 train_loss=2.3503386878967287
2026-10-08 15:02:54,920 - INFO - Best train loss=2.3503386878967287; saved /home/wlia0047/ar57/wenyu/GeneRec/results/stage3_T5Train/curvature_RQ-VAE/ckpt/Amazon_2023_Instruments/Oct-08-2026_14-50-16/HG_Rec_best.pth
2026-10-08 15:03:12,077 - INFO - Epoch 45/150 train_loss=2.3346514892578125
2026-10-08 15:03:12,113 - INFO - Best train loss=2.3346514892578125; saved /home/wlia0047/ar57/wenyu/GeneRec/results/stage3_T5Train/curvature_RQ-VAE/ckpt/Amazon_2023_Instruments/Oct-08-2026_14-50-16/HG_Rec_best.pth
2026-10-08 15:03:29,270 - INFO - Epoch 46/150 train_loss=2.3204355430603028
2026-10-08 15:03:29,305 - INFO - Best train loss=2.3204355430603028; saved /home/wlia0047/ar57/wenyu/GeneRec/results/stage3_T5Train/curvature_RQ-VAE/ckpt/Amazon_2023_Instruments/Oct-08-2026_14-50-16/HG_Rec_best.pth
2026-10-08 15:03:46,416 - INFO - Epoch 47/150 train_loss=2.3047280979156493
2026-10-08 15:03:46,452 - INFO - Best train loss=2.3047280979156493; saved /home/wlia0047/ar57/wenyu/GeneRec/results/stage3_T5Train/curvature_RQ-VAE/ckpt/Amazon_2023_Instruments/Oct-08-2026_14-50-16/HG_Rec_best.pth
2026-10-08 15:04:03,604 - INFO - Epoch 48/150 train_loss=2.2901852321624756
2026-10-08 15:04:03,640 - INFO - Best train loss=2.2901852321624756; saved /home/wlia0047/ar57/wenyu/GeneRec/results/stage3_T5Train/curvature_RQ-VAE/ckpt/Amazon_2023_Instruments/Oct-08-2026_14-50-16/HG_Rec_best.pth
2026-10-08 15:04:20,787 - INFO - Epoch 49/150 train_loss=2.268954725265503
2026-10-08 15:04:20,823 - INFO - Best train loss=2.268954725265503; saved /home/wlia0047/ar57/wenyu/GeneRec/results/stage3_T5Train/curvature_RQ-VAE/ckpt/Amazon_2023_Instruments/Oct-08-2026_14-50-16/HG_Rec_best.pth
2026-10-08 15:04:37,952 - INFO - Epoch 50/150 train_loss=2.2672152614593504
2026-10-08 15:04:37,988 - INFO - Best train loss=2.2672152614593504; saved /home/wlia0047/ar57/wenyu/GeneRec/results/stage3_T5Train/curvature_RQ-VAE/ckpt/Amazon_2023_Instruments/Oct-08-2026_14-50-16/HG_Rec_best.pth
2026-10-08 15:04:55,141 - INFO - Epoch 51/150 train_loss=2.2515731334686278
2026-10-08 15:04:55,177 - INFO - Best train loss=2.2515731334686278; saved /home/wlia0047/ar57/wenyu/GeneRec/results/stage3_T5Train/curvature_RQ-VAE/ckpt/Amazon_2023_Instruments/Oct-08-2026_14-50-16/HG_Rec_best.pth
2026-10-08 15:05:12,314 - INFO - Epoch 52/150 train_loss=2.243964376449585
2026-10-08 15:05:12,351 - INFO - Best train loss=2.243964376449585; saved /home/wlia0047/ar57/wenyu/GeneRec/results/stage3_T5Train/curvature_RQ-VAE/ckpt/Amazon_2023_Instruments/Oct-08-2026_14-50-16/HG_Rec_best.pth
2026-10-08 15:05:29,506 - INFO - Epoch 53/150 train_loss=2.2292975330352784
2026-10-08 15:05:29,542 - INFO - Best train loss=2.2292975330352784; saved /home/wlia0047/ar57/wenyu/GeneRec/results/stage3_T5Train/curvature_RQ-VAE/ckpt/Amazon_2023_Instruments/Oct-08-2026_14-50-16/HG_Rec_best.pth
2026-10-08 15:05:46,697 - INFO - Epoch 54/150 train_loss=2.2148892784118654
2026-10-08 15:05:46,733 - INFO - Best train loss=2.2148892784118654; saved /home/wlia0047/ar57/wenyu/GeneRec/results/stage3_T5Train/curvature_RQ-VAE/ckpt/Amazon_2023_Instruments/Oct-08-2026_14-50-16/HG_Rec_best.pth
2026-10-08 15:06:04,579 - INFO - Epoch 55/150 train_loss=2.206954526901245
2026-10-08 15:06:04,615 - INFO - Best train loss=2.206954526901245; saved /home/wlia0047/ar57/wenyu/GeneRec/results/stage3_T5Train/curvature_RQ-VAE/ckpt/Amazon_2023_Instruments/Oct-08-2026_14-50-16/HG_Rec_best.pth
2026-10-08 15:06:21,754 - INFO - Epoch 56/150 train_loss=2.1941795539855957
2026-10-08 15:06:21,790 - INFO - Best train loss=2.1941795539855957; saved /home/wlia0047/ar57/wenyu/GeneRec/results/stage3_T5Train/curvature_RQ-VAE/ckpt/Amazon_2023_Instruments/Oct-08-2026_14-50-16/HG_Rec_best.pth
2026-10-08 15:06:38,944 - INFO - Epoch 57/150 train_loss=2.1815755653381346
2026-10-08 15:06:38,980 - INFO - Best train loss=2.1815755653381346; saved /home/wlia0047/ar57/wenyu/GeneRec/results/stage3_T5Train/curvature_RQ-VAE/ckpt/Amazon_2023_Instruments/Oct-08-2026_14-50-16/HG_Rec_best.pth
2026-10-08 15:06:56,114 - INFO - Epoch 58/150 train_loss=2.168622226715088
2026-10-08 15:06:56,151 - INFO - Best train loss=2.168622226715088; saved /home/wlia0047/ar57/wenyu/GeneRec/results/stage3_T5Train/curvature_RQ-VAE/ckpt/Amazon_2023_Instruments/Oct-08-2026_14-50-16/HG_Rec_best.pth
2026-10-08 15:07:13,301 - INFO - Epoch 59/150 train_loss=2.155740251541138
2026-10-08 15:07:13,337 - INFO - Best train loss=2.155740251541138; saved /home/wlia0047/ar57/wenyu/GeneRec/results/stage3_T5Train/curvature_RQ-VAE/ckpt/Amazon_2023_Instruments/Oct-08-2026_14-50-16/HG_Rec_best.pth
2026-10-08 15:07:30,497 - INFO - Epoch 60/150 train_loss=2.1498294830322267
2026-10-08 15:07:30,534 - INFO - Best train loss=2.1498294830322267; saved /home/wlia0047/ar57/wenyu/GeneRec/results/stage3_T5Train/curvature_RQ-VAE/ckpt/Amazon_2023_Instruments/Oct-08-2026_14-50-16/HG_Rec_best.pth
2026-10-08 15:07:47,643 - INFO - Epoch 61/150 train_loss=2.140635232925415
2026-10-08 15:07:47,679 - INFO - Best train loss=2.140635232925415; saved /home/wlia0047/ar57/wenyu/GeneRec/results/stage3_T5Train/curvature_RQ-VAE/ckpt/Amazon_2023_Instruments/Oct-08-2026_14-50-16/HG_Rec_best.pth
2026-10-08 15:08:04,833 - INFO - Epoch 62/150 train_loss=2.126400423049927
2026-10-08 15:08:04,868 - INFO - Best train loss=2.126400423049927; saved /home/wlia0047/ar57/wenyu/GeneRec/results/stage3_T5Train/curvature_RQ-VAE/ckpt/Amazon_2023_Instruments/Oct-08-2026_14-50-16/HG_Rec_best.pth
2026-10-08 15:08:22,016 - INFO - Epoch 63/150 train_loss=2.1184320068359375
2026-10-08 15:08:22,052 - INFO - Best train loss=2.1184320068359375; saved /home/wlia0047/ar57/wenyu/GeneRec/results/stage3_T5Train/curvature_RQ-VAE/ckpt/Amazon_2023_Instruments/Oct-08-2026_14-50-16/HG_Rec_best.pth
2026-10-08 15:08:39,184 - INFO - Epoch 64/150 train_loss=2.10902756690979
2026-10-08 15:08:39,220 - INFO - Best train loss=2.10902756690979; saved /home/wlia0047/ar57/wenyu/GeneRec/results/stage3_T5Train/curvature_RQ-VAE/ckpt/Amazon_2023_Instruments/Oct-08-2026_14-50-16/HG_Rec_best.pth
2026-10-08 15:08:56,380 - INFO - Epoch 65/150 train_loss=2.0917688751220704
2026-10-08 15:08:56,422 - INFO - Best train loss=2.0917688751220704; saved /home/wlia0047/ar57/wenyu/GeneRec/results/stage3_T5Train/curvature_RQ-VAE/ckpt/Amazon_2023_Instruments/Oct-08-2026_14-50-16/HG_Rec_best.pth
2026-10-08 15:09:13,559 - INFO - Epoch 66/150 train_loss=2.082928705215454
2026-10-08 15:09:13,618 - INFO - Best train loss=2.082928705215454; saved /home/wlia0047/ar57/wenyu/GeneRec/results/stage3_T5Train/curvature_RQ-VAE/ckpt/Amazon_2023_Instruments/Oct-08-2026_14-50-16/HG_Rec_best.pth
2026-10-08 15:09:30,778 - INFO - Epoch 67/150 train_loss=2.0751521301269533
2026-10-08 15:09:30,814 - INFO - Best train loss=2.0751521301269533; saved /home/wlia0047/ar57/wenyu/GeneRec/results/stage3_T5Train/curvature_RQ-VAE/ckpt/Amazon_2023_Instruments/Oct-08-2026_14-50-16/HG_Rec_best.pth
2026-10-08 15:09:47,962 - INFO - Epoch 68/150 train_loss=2.069036045074463
2026-10-08 15:09:47,996 - INFO - Best train loss=2.069036045074463; saved /home/wlia0047/ar57/wenyu/GeneRec/results/stage3_T5Train/curvature_RQ-VAE/ckpt/Amazon_2023_Instruments/Oct-08-2026_14-50-16/HG_Rec_best.pth
2026-10-08 15:10:05,115 - INFO - Epoch 69/150 train_loss=2.066468515396118
2026-10-08 15:10:05,151 - INFO - Best train loss=2.066468515396118; saved /home/wlia0047/ar57/wenyu/GeneRec/results/stage3_T5Train/curvature_RQ-VAE/ckpt/Amazon_2023_Instruments/Oct-08-2026_14-50-16/HG_Rec_best.pth
2026-10-08 15:10:22,303 - INFO - Epoch 70/150 train_loss=2.05356819152832
2026-10-08 15:10:22,340 - INFO - Best train loss=2.05356819152832; saved /home/wlia0047/ar57/wenyu/GeneRec/results/stage3_T5Train/curvature_RQ-VAE/ckpt/Amazon_2023_Instruments/Oct-08-2026_14-50-16/HG_Rec_best.pth
2026-10-08 15:10:39,484 - INFO - Epoch 71/150 train_loss=2.0489306926727293
2026-10-08 15:10:39,547 - INFO - Best train loss=2.0489306926727293; saved /home/wlia0047/ar57/wenyu/GeneRec/results/stage3_T5Train/curvature_RQ-VAE/ckpt/Amazon_2023_Instruments/Oct-08-2026_14-50-16/HG_Rec_best.pth
2026-10-08 15:10:56,754 - INFO - Epoch 72/150 train_loss=2.042063055038452
2026-10-08 15:10:56,791 - INFO - Best train loss=2.042063055038452; saved /home/wlia0047/ar57/wenyu/GeneRec/results/stage3_T5Train/curvature_RQ-VAE/ckpt/Amazon_2023_Instruments/Oct-08-2026_14-50-16/HG_Rec_best.pth
2026-10-08 15:11:13,945 - INFO - Epoch 73/150 train_loss=2.025087914466858
2026-10-08 15:11:13,980 - INFO - Best train loss=2.025087914466858; saved /home/wlia0047/ar57/wenyu/GeneRec/results/stage3_T5Train/curvature_RQ-VAE/ckpt/Amazon_2023_Instruments/Oct-08-2026_14-50-16/HG_Rec_best.pth
2026-10-08 15:11:31,104 - INFO - Epoch 74/150 train_loss=2.028837175369263
2026-10-08 15:11:48,257 - INFO - Epoch 75/150 train_loss=2.019519500732422
2026-10-08 15:11:48,293 - INFO - Best train loss=2.019519500732422; saved /home/wlia0047/ar57/wenyu/GeneRec/results/stage3_T5Train/curvature_RQ-VAE/ckpt/Amazon_2023_Instruments/Oct-08-2026_14-50-16/HG_Rec_best.pth
2026-10-08 15:12:05,668 - INFO - Epoch 76/150 train_loss=2.0126339530944826
2026-10-08 15:12:05,711 - INFO - Best train loss=2.0126339530944826; saved /home/wlia0047/ar57/wenyu/GeneRec/results/stage3_T5Train/curvature_RQ-VAE/ckpt/Amazon_2023_Instruments/Oct-08-2026_14-50-16/HG_Rec_best.pth
2026-10-08 15:12:22,916 - INFO - Epoch 77/150 train_loss=2.005742063522339
2026-10-08 15:12:22,952 - INFO - Best train loss=2.005742063522339; saved /home/wlia0047/ar57/wenyu/GeneRec/results/stage3_T5Train/curvature_RQ-VAE/ckpt/Amazon_2023_Instruments/Oct-08-2026_14-50-16/HG_Rec_best.pth
2026-10-08 15:12:40,104 - INFO - Epoch 78/150 train_loss=2.0001819849014284
2026-10-08 15:12:40,140 - INFO - Best train loss=2.0001819849014284; saved /home/wlia0047/ar57/wenyu/GeneRec/results/stage3_T5Train/curvature_RQ-VAE/ckpt/Amazon_2023_Instruments/Oct-08-2026_14-50-16/HG_Rec_best.pth
2026-10-08 15:12:57,272 - INFO - Epoch 79/150 train_loss=1.9967363834381104
2026-10-08 15:12:57,308 - INFO - Best train loss=1.9967363834381104; saved /home/wlia0047/ar57/wenyu/GeneRec/results/stage3_T5Train/curvature_RQ-VAE/ckpt/Amazon_2023_Instruments/Oct-08-2026_14-50-16/HG_Rec_best.pth
2026-10-08 15:13:14,464 - INFO - Epoch 80/150 train_loss=1.9905558586120606
2026-10-08 15:13:14,499 - INFO - Best train loss=1.9905558586120606; saved /home/wlia0047/ar57/wenyu/GeneRec/results/stage3_T5Train/curvature_RQ-VAE/ckpt/Amazon_2023_Instruments/Oct-08-2026_14-50-16/HG_Rec_best.pth
2026-10-08 15:13:31,655 - INFO - Epoch 81/150 train_loss=1.988333559036255
2026-10-08 15:13:31,694 - INFO - Best train loss=1.988333559036255; saved /home/wlia0047/ar57/wenyu/GeneRec/results/stage3_T5Train/curvature_RQ-VAE/ckpt/Amazon_2023_Instruments/Oct-08-2026_14-50-16/HG_Rec_best.pth
2026-10-08 15:13:48,804 - INFO - Epoch 82/150 train_loss=1.978367156982422
2026-10-08 15:13:48,840 - INFO - Best train loss=1.978367156982422; saved /home/wlia0047/ar57/wenyu/GeneRec/results/stage3_T5Train/curvature_RQ-VAE/ckpt/Amazon_2023_Instruments/Oct-08-2026_14-50-16/HG_Rec_best.pth
2026-10-08 15:14:05,989 - INFO - Epoch 83/150 train_loss=1.976303734779358
2026-10-08 15:14:06,025 - INFO - Best train loss=1.976303734779358; saved /home/wlia0047/ar57/wenyu/GeneRec/results/stage3_T5Train/curvature_RQ-VAE/ckpt/Amazon_2023_Instruments/Oct-08-2026_14-50-16/HG_Rec_best.pth
2026-10-08 15:14:23,184 - INFO - Epoch 84/150 train_loss=1.9650098371505738
2026-10-08 15:14:23,224 - INFO - Best train loss=1.9650098371505738; saved /home/wlia0047/ar57/wenyu/GeneRec/results/stage3_T5Train/curvature_RQ-VAE/ckpt/Amazon_2023_Instruments/Oct-08-2026_14-50-16/HG_Rec_best.pth
2026-10-08 15:14:40,331 - INFO - Epoch 85/150 train_loss=1.9620875787734986
2026-10-08 15:14:40,370 - INFO - Best train loss=1.9620875787734986; saved /home/wlia0047/ar57/wenyu/GeneRec/results/stage3_T5Train/curvature_RQ-VAE/ckpt/Amazon_2023_Instruments/Oct-08-2026_14-50-16/HG_Rec_best.pth
2026-10-08 15:14:57,519 - INFO - Epoch 86/150 train_loss=1.9554366302490234
2026-10-08 15:14:57,555 - INFO - Best train loss=1.9554366302490234; saved /home/wlia0047/ar57/wenyu/GeneRec/results/stage3_T5Train/curvature_RQ-VAE/ckpt/Amazon_2023_Instruments/Oct-08-2026_14-50-16/HG_Rec_best.pth
2026-10-08 15:15:14,694 - INFO - Epoch 87/150 train_loss=1.9573279190063477
2026-10-08 15:15:31,851 - INFO - Epoch 88/150 train_loss=1.951480870246887
2026-10-08 15:15:31,887 - INFO - Best train loss=1.951480870246887; saved /home/wlia0047/ar57/wenyu/GeneRec/results/stage3_T5Train/curvature_RQ-VAE/ckpt/Amazon_2023_Instruments/Oct-08-2026_14-50-16/HG_Rec_best.pth
2026-10-08 15:15:49,042 - INFO - Epoch 89/150 train_loss=1.9459390449523926
2026-10-08 15:15:49,078 - INFO - Best train loss=1.9459390449523926; saved /home/wlia0047/ar57/wenyu/GeneRec/results/stage3_T5Train/curvature_RQ-VAE/ckpt/Amazon_2023_Instruments/Oct-08-2026_14-50-16/HG_Rec_best.pth
2026-10-08 15:16:06,202 - INFO - Epoch 90/150 train_loss=1.9385243082046508
2026-10-08 15:16:06,238 - INFO - Best train loss=1.9385243082046508; saved /home/wlia0047/ar57/wenyu/GeneRec/results/stage3_T5Train/curvature_RQ-VAE/ckpt/Amazon_2023_Instruments/Oct-08-2026_14-50-16/HG_Rec_best.pth
2026-10-08 15:16:23,388 - INFO - Epoch 91/150 train_loss=1.9363279485702514
2026-10-08 15:16:23,425 - INFO - Best train loss=1.9363279485702514; saved /home/wlia0047/ar57/wenyu/GeneRec/results/stage3_T5Train/curvature_RQ-VAE/ckpt/Amazon_2023_Instruments/Oct-08-2026_14-50-16/HG_Rec_best.pth
2026-10-08 15:16:41,112 - INFO - Epoch 92/150 train_loss=1.9333258199691772
2026-10-08 15:16:41,148 - INFO - Best train loss=1.9333258199691772; saved /home/wlia0047/ar57/wenyu/GeneRec/results/stage3_T5Train/curvature_RQ-VAE/ckpt/Amazon_2023_Instruments/Oct-08-2026_14-50-16/HG_Rec_best.pth
2026-10-08 15:16:58,299 - INFO - Epoch 93/150 train_loss=1.9258536624908447
2026-10-08 15:16:58,335 - INFO - Best train loss=1.9258536624908447; saved /home/wlia0047/ar57/wenyu/GeneRec/results/stage3_T5Train/curvature_RQ-VAE/ckpt/Amazon_2023_Instruments/Oct-08-2026_14-50-16/HG_Rec_best.pth
2026-10-08 15:17:15,448 - INFO - Epoch 94/150 train_loss=1.9277608728408813
2026-10-08 15:17:32,599 - INFO - Epoch 95/150 train_loss=1.9191127490997315
2026-10-08 15:17:32,637 - INFO - Best train loss=1.9191127490997315; saved /home/wlia0047/ar57/wenyu/GeneRec/results/stage3_T5Train/curvature_RQ-VAE/ckpt/Amazon_2023_Instruments/Oct-08-2026_14-50-16/HG_Rec_best.pth
2026-10-08 15:17:49,787 - INFO - Epoch 96/150 train_loss=1.9172150325775146
2026-10-08 15:17:49,823 - INFO - Best train loss=1.9172150325775146; saved /home/wlia0047/ar57/wenyu/GeneRec/results/stage3_T5Train/curvature_RQ-VAE/ckpt/Amazon_2023_Instruments/Oct-08-2026_14-50-16/HG_Rec_best.pth
2026-10-08 15:18:06,948 - INFO - Epoch 97/150 train_loss=1.910707378387451
2026-10-08 15:18:06,985 - INFO - Best train loss=1.910707378387451; saved /home/wlia0047/ar57/wenyu/GeneRec/results/stage3_T5Train/curvature_RQ-VAE/ckpt/Amazon_2023_Instruments/Oct-08-2026_14-50-16/HG_Rec_best.pth
2026-10-08 15:18:24,136 - INFO - Epoch 98/150 train_loss=1.9090498208999633
2026-10-08 15:18:24,172 - INFO - Best train loss=1.9090498208999633; saved /home/wlia0047/ar57/wenyu/GeneRec/results/stage3_T5Train/curvature_RQ-VAE/ckpt/Amazon_2023_Instruments/Oct-08-2026_14-50-16/HG_Rec_best.pth
2026-10-08 15:18:41,310 - INFO - Epoch 99/150 train_loss=1.9027222633361816
2026-10-08 15:18:41,346 - INFO - Best train loss=1.9027222633361816; saved /home/wlia0047/ar57/wenyu/GeneRec/results/stage3_T5Train/curvature_RQ-VAE/ckpt/Amazon_2023_Instruments/Oct-08-2026_14-50-16/HG_Rec_best.pth
2026-10-08 15:18:58,502 - INFO - Epoch 100/150 train_loss=1.901728825569153
2026-10-08 15:18:58,538 - INFO - Best train loss=1.901728825569153; saved /home/wlia0047/ar57/wenyu/GeneRec/results/stage3_T5Train/curvature_RQ-VAE/ckpt/Amazon_2023_Instruments/Oct-08-2026_14-50-16/HG_Rec_best.pth
2026-10-08 15:19:15,947 - INFO - Epoch 101/150 train_loss=1.8946727371215821
2026-10-08 15:19:15,983 - INFO - Best train loss=1.8946727371215821; saved /home/wlia0047/ar57/wenyu/GeneRec/results/stage3_T5Train/curvature_RQ-VAE/ckpt/Amazon_2023_Instruments/Oct-08-2026_14-50-16/HG_Rec_best.pth
2026-10-08 15:19:33,133 - INFO - Epoch 102/150 train_loss=1.8956156396865844
2026-10-08 15:19:50,295 - INFO - Epoch 103/150 train_loss=1.8865743017196654
2026-10-08 15:19:50,330 - INFO - Best train loss=1.8865743017196654; saved /home/wlia0047/ar57/wenyu/GeneRec/results/stage3_T5Train/curvature_RQ-VAE/ckpt/Amazon_2023_Instruments/Oct-08-2026_14-50-16/HG_Rec_best.pth
2026-10-08 15:20:07,447 - INFO - Epoch 104/150 train_loss=1.8831306982040406
2026-10-08 15:20:07,483 - INFO - Best train loss=1.8831306982040406; saved /home/wlia0047/ar57/wenyu/GeneRec/results/stage3_T5Train/curvature_RQ-VAE/ckpt/Amazon_2023_Instruments/Oct-08-2026_14-50-16/HG_Rec_best.pth
2026-10-08 15:20:24,634 - INFO - Epoch 105/150 train_loss=1.8834831857681273
2026-10-08 15:20:41,789 - INFO - Epoch 106/150 train_loss=1.876124210357666
2026-10-08 15:20:41,825 - INFO - Best train loss=1.876124210357666; saved /home/wlia0047/ar57/wenyu/GeneRec/results/stage3_T5Train/curvature_RQ-VAE/ckpt/Amazon_2023_Instruments/Oct-08-2026_14-50-16/HG_Rec_best.pth
2026-10-08 15:20:58,957 - INFO - Epoch 107/150 train_loss=1.8787766313552856
2026-10-08 15:21:16,115 - INFO - Epoch 108/150 train_loss=1.8754950809478759
2026-10-08 15:21:16,152 - INFO - Best train loss=1.8754950809478759; saved /home/wlia0047/ar57/wenyu/GeneRec/results/stage3_T5Train/curvature_RQ-VAE/ckpt/Amazon_2023_Instruments/Oct-08-2026_14-50-16/HG_Rec_best.pth
2026-10-08 15:21:33,286 - INFO - Epoch 109/150 train_loss=1.8671639108657836
2026-10-08 15:21:33,322 - INFO - Best train loss=1.8671639108657836; saved /home/wlia0047/ar57/wenyu/GeneRec/results/stage3_T5Train/curvature_RQ-VAE/ckpt/Amazon_2023_Instruments/Oct-08-2026_14-50-16/HG_Rec_best.pth
2026-10-08 15:21:50,823 - INFO - Epoch 110/150 train_loss=1.8671354389190673
2026-10-08 15:21:50,860 - INFO - Best train loss=1.8671354389190673; saved /home/wlia0047/ar57/wenyu/GeneRec/results/stage3_T5Train/curvature_RQ-VAE/ckpt/Amazon_2023_Instruments/Oct-08-2026_14-50-16/HG_Rec_best.pth
2026-10-08 15:22:08,014 - INFO - Epoch 111/150 train_loss=1.862877082824707
2026-10-08 15:22:08,095 - INFO - Best train loss=1.862877082824707; saved /home/wlia0047/ar57/wenyu/GeneRec/results/stage3_T5Train/curvature_RQ-VAE/ckpt/Amazon_2023_Instruments/Oct-08-2026_14-50-16/HG_Rec_best.pth
2026-10-08 15:22:25,267 - INFO - Epoch 112/150 train_loss=1.8582048845291137
2026-10-08 15:22:25,303 - INFO - Best train loss=1.8582048845291137; saved /home/wlia0047/ar57/wenyu/GeneRec/results/stage3_T5Train/curvature_RQ-VAE/ckpt/Amazon_2023_Instruments/Oct-08-2026_14-50-16/HG_Rec_best.pth
2026-10-08 15:22:42,461 - INFO - Epoch 113/150 train_loss=1.8561998844146728
2026-10-08 15:22:42,498 - INFO - Best train loss=1.8561998844146728; saved /home/wlia0047/ar57/wenyu/GeneRec/results/stage3_T5Train/curvature_RQ-VAE/ckpt/Amazon_2023_Instruments/Oct-08-2026_14-50-16/HG_Rec_best.pth
2026-10-08 15:22:59,614 - INFO - Epoch 114/150 train_loss=1.8545412969589234
2026-10-08 15:22:59,665 - INFO - Best train loss=1.8545412969589234; saved /home/wlia0047/ar57/wenyu/GeneRec/results/stage3_T5Train/curvature_RQ-VAE/ckpt/Amazon_2023_Instruments/Oct-08-2026_14-50-16/HG_Rec_best.pth
2026-10-08 15:23:16,813 - INFO - Epoch 115/150 train_loss=1.851834635734558
2026-10-08 15:23:16,849 - INFO - Best train loss=1.851834635734558; saved /home/wlia0047/ar57/wenyu/GeneRec/results/stage3_T5Train/curvature_RQ-VAE/ckpt/Amazon_2023_Instruments/Oct-08-2026_14-50-16/HG_Rec_best.pth
2026-10-08 15:23:34,005 - INFO - Epoch 116/150 train_loss=1.8489908170700073
2026-10-08 15:23:34,042 - INFO - Best train loss=1.8489908170700073; saved /home/wlia0047/ar57/wenyu/GeneRec/results/stage3_T5Train/curvature_RQ-VAE/ckpt/Amazon_2023_Instruments/Oct-08-2026_14-50-16/HG_Rec_best.pth
2026-10-08 15:23:53,543 - INFO - Epoch 117/150 train_loss=1.8488057470321655
2026-10-08 15:23:53,580 - INFO - Best train loss=1.8488057470321655; saved /home/wlia0047/ar57/wenyu/GeneRec/results/stage3_T5Train/curvature_RQ-VAE/ckpt/Amazon_2023_Instruments/Oct-08-2026_14-50-16/HG_Rec_best.pth
2026-10-08 15:24:10,691 - INFO - Epoch 118/150 train_loss=1.8419126129150392
2026-10-08 15:24:10,726 - INFO - Best train loss=1.8419126129150392; saved /home/wlia0047/ar57/wenyu/GeneRec/results/stage3_T5Train/curvature_RQ-VAE/ckpt/Amazon_2023_Instruments/Oct-08-2026_14-50-16/HG_Rec_best.pth
2026-10-08 15:24:27,880 - INFO - Epoch 119/150 train_loss=1.8439947700500487
2026-10-08 15:24:45,033 - INFO - Epoch 120/150 train_loss=1.8368829345703126
2026-10-08 15:24:45,071 - INFO - Best train loss=1.8368829345703126; saved /home/wlia0047/ar57/wenyu/GeneRec/results/stage3_T5Train/curvature_RQ-VAE/ckpt/Amazon_2023_Instruments/Oct-08-2026_14-50-16/HG_Rec_best.pth
2026-10-08 15:25:02,329 - INFO - Epoch 121/150 train_loss=1.8336297130584718
2026-10-08 15:25:02,366 - INFO - Best train loss=1.8336297130584718; saved /home/wlia0047/ar57/wenyu/GeneRec/results/stage3_T5Train/curvature_RQ-VAE/ckpt/Amazon_2023_Instruments/Oct-08-2026_14-50-16/HG_Rec_best.pth
2026-10-08 15:25:19,521 - INFO - Epoch 122/150 train_loss=1.8296769094467162
2026-10-08 15:25:19,557 - INFO - Best train loss=1.8296769094467162; saved /home/wlia0047/ar57/wenyu/GeneRec/results/stage3_T5Train/curvature_RQ-VAE/ckpt/Amazon_2023_Instruments/Oct-08-2026_14-50-16/HG_Rec_best.pth
2026-10-08 15:25:36,677 - INFO - Epoch 123/150 train_loss=1.8285567569732666
2026-10-08 15:25:36,714 - INFO - Best train loss=1.8285567569732666; saved /home/wlia0047/ar57/wenyu/GeneRec/results/stage3_T5Train/curvature_RQ-VAE/ckpt/Amazon_2023_Instruments/Oct-08-2026_14-50-16/HG_Rec_best.pth
2026-10-08 15:25:53,865 - INFO - Epoch 124/150 train_loss=1.8283278465270996
2026-10-08 15:25:53,901 - INFO - Best train loss=1.8283278465270996; saved /home/wlia0047/ar57/wenyu/GeneRec/results/stage3_T5Train/curvature_RQ-VAE/ckpt/Amazon_2023_Instruments/Oct-08-2026_14-50-16/HG_Rec_best.pth
2026-10-08 15:26:11,049 - INFO - Epoch 125/150 train_loss=1.8251533317565918
2026-10-08 15:26:11,085 - INFO - Best train loss=1.8251533317565918; saved /home/wlia0047/ar57/wenyu/GeneRec/results/stage3_T5Train/curvature_RQ-VAE/ckpt/Amazon_2023_Instruments/Oct-08-2026_14-50-16/HG_Rec_best.pth
2026-10-08 15:26:28,214 - INFO - Epoch 126/150 train_loss=1.8228248596191405
2026-10-08 15:26:28,250 - INFO - Best train loss=1.8228248596191405; saved /home/wlia0047/ar57/wenyu/GeneRec/results/stage3_T5Train/curvature_RQ-VAE/ckpt/Amazon_2023_Instruments/Oct-08-2026_14-50-16/HG_Rec_best.pth
2026-10-08 15:26:45,405 - INFO - Epoch 127/150 train_loss=1.8206212520599365
2026-10-08 15:26:45,441 - INFO - Best train loss=1.8206212520599365; saved /home/wlia0047/ar57/wenyu/GeneRec/results/stage3_T5Train/curvature_RQ-VAE/ckpt/Amazon_2023_Instruments/Oct-08-2026_14-50-16/HG_Rec_best.pth
2026-10-08 15:27:02,577 - INFO - Epoch 128/150 train_loss=1.8241111660003662
2026-10-08 15:27:19,711 - INFO - Epoch 129/150 train_loss=1.815678071975708
2026-10-08 15:27:19,749 - INFO - Best train loss=1.815678071975708; saved /home/wlia0047/ar57/wenyu/GeneRec/results/stage3_T5Train/curvature_RQ-VAE/ckpt/Amazon_2023_Instruments/Oct-08-2026_14-50-16/HG_Rec_best.pth
2026-10-08 15:27:36,918 - INFO - Epoch 130/150 train_loss=1.817614665031433
2026-10-08 15:27:54,064 - INFO - Epoch 131/150 train_loss=1.8142207384109497
2026-10-08 15:27:54,100 - INFO - Best train loss=1.8142207384109497; saved /home/wlia0047/ar57/wenyu/GeneRec/results/stage3_T5Train/curvature_RQ-VAE/ckpt/Amazon_2023_Instruments/Oct-08-2026_14-50-16/HG_Rec_best.pth
2026-10-08 15:28:11,254 - INFO - Epoch 132/150 train_loss=1.8120965385437011
2026-10-08 15:28:11,290 - INFO - Best train loss=1.8120965385437011; saved /home/wlia0047/ar57/wenyu/GeneRec/results/stage3_T5Train/curvature_RQ-VAE/ckpt/Amazon_2023_Instruments/Oct-08-2026_14-50-16/HG_Rec_best.pth
2026-10-08 15:28:28,447 - INFO - Epoch 133/150 train_loss=1.8159873247146607
2026-10-08 15:28:45,571 - INFO - Epoch 134/150 train_loss=1.8074211311340331
2026-10-08 15:28:45,607 - INFO - Best train loss=1.8074211311340331; saved /home/wlia0047/ar57/wenyu/GeneRec/results/stage3_T5Train/curvature_RQ-VAE/ckpt/Amazon_2023_Instruments/Oct-08-2026_14-50-16/HG_Rec_best.pth
2026-10-08 15:29:02,809 - INFO - Epoch 135/150 train_loss=1.8050090742111207
2026-10-08 15:29:02,846 - INFO - Best train loss=1.8050090742111207; saved /home/wlia0047/ar57/wenyu/GeneRec/results/stage3_T5Train/curvature_RQ-VAE/ckpt/Amazon_2023_Instruments/Oct-08-2026_14-50-16/HG_Rec_best.pth
2026-10-08 15:29:19,983 - INFO - Epoch 136/150 train_loss=1.806908597946167
2026-10-08 15:29:37,115 - INFO - Epoch 137/150 train_loss=1.8080155086517333
2026-10-08 15:29:54,266 - INFO - Epoch 138/150 train_loss=1.8035154390335082
2026-10-08 15:29:54,303 - INFO - Best train loss=1.8035154390335082; saved /home/wlia0047/ar57/wenyu/GeneRec/results/stage3_T5Train/curvature_RQ-VAE/ckpt/Amazon_2023_Instruments/Oct-08-2026_14-50-16/HG_Rec_best.pth
2026-10-08 15:30:11,491 - INFO - Epoch 139/150 train_loss=1.8021176719665528
2026-10-08 15:30:11,536 - INFO - Best train loss=1.8021176719665528; saved /home/wlia0047/ar57/wenyu/GeneRec/results/stage3_T5Train/curvature_RQ-VAE/ckpt/Amazon_2023_Instruments/Oct-08-2026_14-50-16/HG_Rec_best.pth
2026-10-08 15:30:28,693 - INFO - Epoch 140/150 train_loss=1.7988216257095337
2026-10-08 15:30:28,729 - INFO - Best train loss=1.7988216257095337; saved /home/wlia0047/ar57/wenyu/GeneRec/results/stage3_T5Train/curvature_RQ-VAE/ckpt/Amazon_2023_Instruments/Oct-08-2026_14-50-16/HG_Rec_best.pth
2026-10-08 15:30:45,890 - INFO - Epoch 141/150 train_loss=1.8035508346557618
2026-10-08 15:31:03,023 - INFO - Epoch 142/150 train_loss=1.8013000059127808
2026-10-08 15:31:20,301 - INFO - Epoch 143/150 train_loss=1.7948474884033203
2026-10-08 15:31:20,343 - INFO - Best train loss=1.7948474884033203; saved /home/wlia0047/ar57/wenyu/GeneRec/results/stage3_T5Train/curvature_RQ-VAE/ckpt/Amazon_2023_Instruments/Oct-08-2026_14-50-16/HG_Rec_best.pth
2026-10-08 15:31:37,495 - INFO - Epoch 144/150 train_loss=1.7930471181869507
2026-10-08 15:31:37,535 - INFO - Best train loss=1.7930471181869507; saved /home/wlia0047/ar57/wenyu/GeneRec/results/stage3_T5Train/curvature_RQ-VAE/ckpt/Amazon_2023_Instruments/Oct-08-2026_14-50-16/HG_Rec_best.pth
2026-10-08 15:31:54,652 - INFO - Epoch 145/150 train_loss=1.791913661956787
2026-10-08 15:31:54,690 - INFO - Best train loss=1.791913661956787; saved /home/wlia0047/ar57/wenyu/GeneRec/results/stage3_T5Train/curvature_RQ-VAE/ckpt/Amazon_2023_Instruments/Oct-08-2026_14-50-16/HG_Rec_best.pth
2026-10-08 15:32:11,848 - INFO - Epoch 146/150 train_loss=1.792939600944519
2026-10-08 15:32:29,025 - INFO - Epoch 147/150 train_loss=1.7871293544769287
2026-10-08 15:32:29,061 - INFO - Best train loss=1.7871293544769287; saved /home/wlia0047/ar57/wenyu/GeneRec/results/stage3_T5Train/curvature_RQ-VAE/ckpt/Amazon_2023_Instruments/Oct-08-2026_14-50-16/HG_Rec_best.pth
2026-10-08 15:32:46,197 - INFO - Epoch 148/150 train_loss=1.7901540517807006
2026-10-08 15:33:03,347 - INFO - Epoch 149/150 train_loss=1.7864275932312013
2026-10-08 15:33:03,383 - INFO - Best train loss=1.7864275932312013; saved /home/wlia0047/ar57/wenyu/GeneRec/results/stage3_T5Train/curvature_RQ-VAE/ckpt/Amazon_2023_Instruments/Oct-08-2026_14-50-16/HG_Rec_best.pth
2026-10-08 15:33:20,511 - INFO - Epoch 150/150 train_loss=1.7834287071228028
2026-10-08 15:33:20,546 - INFO - Best train loss=1.7834287071228028; saved /home/wlia0047/ar57/wenyu/GeneRec/results/stage3_T5Train/curvature_RQ-VAE/ckpt/Amazon_2023_Instruments/Oct-08-2026_14-50-16/HG_Rec_best.pth
2026-10-08 15:43:16,060 - INFO - Test={'best_checkpoint': '/home/wlia0047/ar57/wenyu/GeneRec/results/stage3_T5Train/curvature_RQ-VAE/ckpt/Amazon_2023_Instruments/Oct-08-2026_14-50-16/HG_Rec_best.pth', 'n_eval': 57439, 'test_recall@5': 0.030832709483103814, 'test_recall@10': 0.04657114504082592, 'test_ndcg@5': 0.02055420281494761, 'test_ndcg@10': 0.02564950380232177}
