RUN_COMMAND=/home/wlia0047/ar57_scratch/wenyu/genrec_env_v2/bin/python3.9 scripts/mvg_check.py
RUN_CWD=/home/wlia0047/ar57/wenyu/GeneRec/stage2_RQ-VAE/curvature_RQ-VAE_iter29
RUN_ARGUMENTS=none
EXIT_STATUS=0
PRE_RUN_CHECKPOINT_SHA256=189e0affb156b9cdbd11f38a6fdb1127804e3f3095edd23c55f84825beb56c3b
PRE_RUN_CHECKPOINT_HASH_MATCH=S01_REGISTERED
S01_BATCH_INPUT_IDENTITIES (canonical manifest; not rehashed for S08):
  stage1_embedding=/home/wlia0047/ar57/wenyu/GeneRec/stage1_GeneEmbedding/output/sentence_t5.npy sha256=6490c71753952b2d8788bb7e4e52cff6a5b0b59819a2cfbd737bee7bc07a77fb
  stage1_item_ids=/home/wlia0047/ar57/wenyu/GeneRec/stage1_GeneEmbedding/output/item_ids.json sha256=3df1f3ce6a468ae541c929a149f4dbd5e806f545b89d786b9c2d6801563b7c30
  stage0_train=/home/wlia0047/ar57/wenyu/GeneRec/results/stage0_build_parquet/train.parquet sha256=80597e38d081029e57e7434c92ff7be2c872f82aebc2e5f072ef973d73e88815
BATCH_RULE=seeded Stage2 training-transition data; first 640 active source indices with observed train targets; no validation/test parquet; no batch fingerprint emitted
CAPTURED_COMMAND_OUTPUT:
[Step2] loaded /home/wlia0047/ar57/wenyu/GeneRec/stage1_GeneEmbedding/output/sentence_t5.npy: shape=(24587, 768), train transitions=339519, active sources=24474/24587
MVG PASS
warm_start=PASS checkpoint=/home/wlia0047/ar57/wenyu/GeneRec/results/stage2_RQ-VAE/curvature_RQ-VAE_iter8/out/rqvae/instruments/rqvae_best.pth
closed_form_c_l=[1.3660953164241916, 0.7347829661951981, 0.6439958072706683]
control_c_l=[0.6145357379232853, 0.5333020920777128, 0.3814078098431606]
initial_c_live=[1.3660953044891357, 0.7347829937934875, 0.6439958214759827]
control_c_live=[0.6145357489585876, 0.5333020687103271, 0.38140779733657837]
invariance_snapshots={'train:0': {'buffer': [1.3660953044891357, 0.7347829937934875, 0.6439958214759827], 'get_c': [1.3660953044891357, 0.7347829937934875, 0.6439958214759827]}, 'train:25000': {'buffer': [1.3660953044891357, 0.7347829937934875, 0.6439958214759827], 'get_c': [1.3660953044891357, 0.7347829937934875, 0.6439958214759827]}, 'train:50000': {'buffer': [1.3660953044891357, 0.7347829937934875, 0.6439958214759827], 'get_c': [1.3660953044891357, 0.7347829937934875, 0.6439958214759827]}, 'train:100000': {'buffer': [1.3660953044891357, 0.7347829937934875, 0.6439958214759827], 'get_c': [1.3660953044891357, 0.7347829937934875, 0.6439958214759827]}, 'eval:0': {'buffer': [1.3660953044891357, 0.7347829937934875, 0.6439958214759827], 'get_c': [1.3660953044891357, 0.7347829937934875, 0.6439958214759827]}, 'eval:25000': {'buffer': [1.3660953044891357, 0.7347829937934875, 0.6439958214759827], 'get_c': [1.3660953044891357, 0.7347829937934875, 0.6439958214759827]}, 'eval:50000': {'buffer': [1.3660953044891357, 0.7347829937934875, 0.6439958214759827], 'get_c': [1.3660953044891357, 0.7347829937934875, 0.6439958214759827]}, 'eval:100000': {'buffer': [1.3660953044891357, 0.7347829937934875, 0.6439958214759827], 'get_c': [1.3660953044891357, 0.7347829937934875, 0.6439958214759827]}}
counterfactual={'candidate_quantize_loss': 2.10162615776062, 'control_quantize_loss': 0.8013777732849121, 'quantize_loss_delta': 1.300248384475708, 'assignment_fraction_changed': 0.4062500298023224, 'atol': 1e-08}
gradients={'loss': 5.275981903076172, 'nonzero_gradient_parameters': ['layers.0.embedding.weight', 'layers.1.embedding.weight', 'layers.2.embedding.weight', 'encoder.mlp.0.weight', 'encoder.mlp.2.weight', 'encoder.mlp.4.weight', 'encoder.mlp.6.weight', 'decoder.mlp.0.weight', 'decoder.mlp.2.weight', 'decoder.mlp.4.weight', 'decoder.mlp.6.weight']}
five_step_relative_updates=[0.024066264993080625, 0.2742598501996855, 0.3366674869866182, 0.009030284689393948, 0.0072373778487835475, 0.007741182824633137, 0.006085352359543361, 0.007280082428452033, 0.0077079890471064665, 0.005186018345566579, 0.006658565519443198]
after_update_invariance={'train:0': {'buffer': [1.3660953044891357, 0.7347829937934875, 0.6439958214759827], 'get_c': [1.3660953044891357, 0.7347829937934875, 0.6439958214759827]}, 'train:25000': {'buffer': [1.3660953044891357, 0.7347829937934875, 0.6439958214759827], 'get_c': [1.3660953044891357, 0.7347829937934875, 0.6439958214759827]}, 'train:50000': {'buffer': [1.3660953044891357, 0.7347829937934875, 0.6439958214759827], 'get_c': [1.3660953044891357, 0.7347829937934875, 0.6439958214759827]}, 'train:100000': {'buffer': [1.3660953044891357, 0.7347829937934875, 0.6439958214759827], 'get_c': [1.3660953044891357, 0.7347829937934875, 0.6439958214759827]}, 'eval:0': {'buffer': [1.3660953044891357, 0.7347829937934875, 0.6439958214759827], 'get_c': [1.3660953044891357, 0.7347829937934875, 0.6439958214759827]}, 'eval:25000': {'buffer': [1.3660953044891357, 0.7347829937934875, 0.6439958214759827], 'get_c': [1.3660953044891357, 0.7347829937934875, 0.6439958214759827]}, 'eval:50000': {'buffer': [1.3660953044891357, 0.7347829937934875, 0.6439958214759827], 'get_c': [1.3660953044891357, 0.7347829937934875, 0.6439958214759827]}, 'eval:100000': {'buffer': [1.3660953044891357, 0.7347829937934875, 0.6439958214759827], 'get_c': [1.3660953044891357, 0.7347829937934875, 0.6439958214759827]}}
