W0927 04:49:18.015020 14699 /fs04/scratch2/ar57/wenyu/genrec_env_v2/lib/python3.9/site-packages/torch/distributed/run.py:774] 
W0927 04:49:18.015020 14699 /fs04/scratch2/ar57/wenyu/genrec_env_v2/lib/python3.9/site-packages/torch/distributed/run.py:774] *****************************************
W0927 04:49:18.015020 14699 /fs04/scratch2/ar57/wenyu/genrec_env_v2/lib/python3.9/site-packages/torch/distributed/run.py:774] Setting OMP_NUM_THREADS environment variable for each process to be 1 in default, to avoid your system being overloaded, please further tune the variable for optimal performance in your application as needed. 
W0927 04:49:18.015020 14699 /fs04/scratch2/ar57/wenyu/genrec_env_v2/lib/python3.9/site-packages/torch/distributed/run.py:774] *****************************************
[Step3] DDP rank=0/4 local_rank=0
[Step0] cleaned 0 stale artifact(s) from /home/wlia0047/ar57/wenyu/GeneRec/results/stage2_RQ-VAE/curvature_RQ-VAE_iter29/out/rqvae/instruments
=== RQ-VAE Step1-Step12 训练循环 (world_size=4) ===
[Step1] emb: /home/wlia0047/ar57/wenyu/GeneRec/stage1_GeneEmbedding/output/sentence_t5.npy
[Step1] out: /home/wlia0047/ar57/wenyu/GeneRec/results/stage2_RQ-VAE/curvature_RQ-VAE_iter29/out/rqvae/instruments
[Step1] per-GPU batch=640 | total=2560 | workers=4 | compile=False
[Step1] hidden=[512, 256, 128] embed=32 codebook=256 layers=3
[Step1] target: MAX_GLOBAL_STEPS=100000 | ckpt every 10000
[Step2] loaded /home/wlia0047/ar57/wenyu/GeneRec/stage1_GeneEmbedding/output/sentence_t5.npy: shape=(24587, 768), train transitions=339519, active sources=24474/24587
[Step2] 24587 items | 9 batches/rank | 36 batches/epoch
[Step3.5] closed_form_c_l = [1.366095/0.734783/0.643996] | no cyclic | mechanism=iter29_bounded_rational_additive_mapping
[Step4] iter29 warm-start loaded 11 tensors from /home/wlia0047/ar57/wenyu/GeneRec/results/stage2_RQ-VAE/curvature_RQ-VAE_iter8/out/rqvae/instruments/rqvae_best.pth; closed-form c_l preserved (skipped ['layers.0._fixed_c', 'layers.0.c_layer_scale', 'layers.1._fixed_c', 'layers.1.c_layer_scale', 'layers.2._fixed_c', 'layers.2.c_layer_scale'])
[Step4] params=1146880 | DDP wrapped
[Step5] optimizer covers 1 group(s)
[iter29_curvature] step=0 c_live=[1.366095, 0.734783, 0.643996] c_closed=[1.366095, 0.734783, 0.643996]
[iter29_invariant] step=0 c_live=[1.366095, 0.734783, 0.643996] matches closed_form target within 1e-06
[train] start, target=100000 global steps (Step1-Step12 loop)
[Step6] first transition batch ok x=(640, 768) x_fut=(640, 768) device=cuda:0
[Step7] first forward ok sem_ids.shape=(1280, 3)
[Step8] first loss ok loss=4.1377 rl=2.0451 vl=0.6601 behavior=7.1626 curvature_reg=0.000000
[Step9] first backward ok params_with_grad=11
[Step10] first optimizer.step ok
[Step11] first curvature sync step=4 c=[1.366/0.735/0.644]
  step    348/100000 | loss=4.3814 | rl=1.8572 | vl=1.0932 | behavior=7.1549 | curv_reg=0.000000 | codes=254/250/248/256 | c=1.366/0.735/0.644 | ips_g=69.3 ips/rk=17.3 | elapsed=5.0s | eta=1438.5s
  step    864/100000 | loss=4.6710 | rl=1.9109 | vl=1.2943 | behavior=7.3288 | curv_reg=0.000000 | codes=252/249/243/256 | c=1.366/0.735/0.644 | ips_g=86.1 ips/rk=21.5 | elapsed=10.0s | eta=1151.3s
  step   1376/100000 | loss=4.6458 | rl=1.9300 | vl=1.2632 | behavior=7.2629 | curv_reg=0.000000 | codes=253/248/246/256 | c=1.366/0.735/0.644 | ips_g=91.3 ips/rk=22.8 | elapsed=15.1s | eta=1079.8s
  step   1876/100000 | loss=4.4426 | rl=1.8249 | vl=1.2272 | behavior=6.9523 | curv_reg=0.000000 | codes=250/249/237/256 | c=1.366/0.735/0.644 | ips_g=93.4 ips/rk=23.3 | elapsed=20.1s | eta=1050.8s
  step   2396/100000 | loss=4.6779 | rl=1.8680 | vl=1.3260 | behavior=7.4199 | curv_reg=0.000000 | codes=254/248/243/256 | c=1.366/0.735/0.644 | ips_g=95.4 ips/rk=23.8 | elapsed=25.1s | eta=1023.2s
  step   2900/100000 | loss=4.5216 | rl=1.8711 | vl=1.2473 | behavior=7.0164 | curv_reg=0.000000 | codes=250/243/246/256 | c=1.366/0.735/0.644 | ips_g=96.2 ips/rk=24.1 | elapsed=30.1s | eta=1009.3s
  step   3416/100000 | loss=4.4744 | rl=1.8887 | vl=1.1634 | behavior=7.1114 | curv_reg=0.000000 | codes=254/247/243/256 | c=1.366/0.735/0.644 | ips_g=97.2 ips/rk=24.3 | elapsed=35.1s | eta=993.7s
  step   3928/100000 | loss=4.6591 | rl=1.8873 | vl=1.3176 | behavior=7.2709 | curv_reg=0.000000 | codes=253/240/231/256 | c=1.366/0.735/0.644 | ips_g=97.8 ips/rk=24.5 | elapsed=40.2s | eta=982.1s
  step   4436/100000 | loss=4.5910 | rl=1.8715 | vl=1.2768 | behavior=7.2133 | curv_reg=0.000000 | codes=254/247/241/256 | c=1.366/0.735/0.644 | ips_g=98.2 ips/rk=24.5 | elapsed=45.2s | eta=973.5s
  step   4944/100000 | loss=4.5588 | rl=1.8456 | vl=1.2648 | behavior=7.2422 | curv_reg=0.000000 | codes=247/239/227/256 | c=1.366/0.735/0.644 | ips_g=98.5 ips/rk=24.6 | elapsed=50.2s | eta=965.1s
  step   5456/100000 | loss=4.3466 | rl=1.8392 | vl=1.0857 | behavior=7.1082 | curv_reg=0.000000 | codes=253/247/242/256 | c=1.366/0.735/0.644 | ips_g=98.8 ips/rk=24.7 | elapsed=55.2s | eta=957.1s
  step   5968/100000 | loss=4.9349 | rl=1.9268 | vl=1.5342 | behavior=7.3695 | curv_reg=0.000000 | codes=255/241/239/256 | c=1.366/0.735/0.644 | ips_g=99.0 ips/rk=24.8 | elapsed=60.3s | eta=949.4s
  step   6484/100000 | loss=4.7636 | rl=1.8680 | vl=1.4346 | behavior=7.3052 | curv_reg=0.000000 | codes=249/240/238/256 | c=1.366/0.735/0.644 | ips_g=99.3 ips/rk=24.8 | elapsed=65.3s | eta=941.6s
  step   6988/100000 | loss=4.6212 | rl=1.8606 | vl=1.2889 | behavior=7.3585 | curv_reg=0.000000 | codes=253/246/244/256 | c=1.366/0.735/0.644 | ips_g=99.3 ips/rk=24.8 | elapsed=70.3s | eta=936.3s
  step   7492/100000 | loss=4.7657 | rl=1.8905 | vl=1.4003 | behavior=7.3742 | curv_reg=0.000000 | codes=251/248/243/256 | c=1.366/0.735/0.644 | ips_g=99.3 ips/rk=24.8 | elapsed=75.4s | eta=931.2s
  step   8004/100000 | loss=4.5663 | rl=1.8453 | vl=1.2641 | behavior=7.2848 | curv_reg=0.000000 | codes=250/253/248/256 | c=1.366/0.735/0.644 | ips_g=99.5 ips/rk=24.9 | elapsed=80.4s | eta=924.6s
  step   8504/100000 | loss=4.8177 | rl=1.9087 | vl=1.5023 | behavior=7.0332 | curv_reg=0.000000 | codes=249/250/243/256 | c=1.366/0.735/0.644 | ips_g=99.5 ips/rk=24.9 | elapsed=85.5s | eta=919.4s
  step   8996/100000 | loss=4.6553 | rl=1.8648 | vl=1.3061 | behavior=7.4218 | curv_reg=0.000000 | codes=254/247/231/256 | c=1.366/0.735/0.644 | ips_g=99.4 ips/rk=24.9 | elapsed=90.5s | eta=915.2s
  step   9484/100000 | loss=4.6475 | rl=1.8550 | vl=1.3753 | behavior=7.0864 | curv_reg=0.000000 | codes=254/244/240/256 | c=1.366/0.735/0.644 | ips_g=99.3 ips/rk=24.8 | elapsed=95.5s | eta=911.5s
  step   9960/100000 | loss=4.7304 | rl=1.8788 | vl=1.3915 | behavior=7.3007 | curv_reg=0.000000 | codes=252/246/234/256 | c=1.366/0.735/0.644 | ips_g=99.1 ips/rk=24.8 | elapsed=100.5s | eta=908.8s
[iter29_curvature] step=10000 c_live=[1.366095, 0.734783, 0.643996] c_closed=[1.366095, 0.734783, 0.643996]
[Step12] saved /home/wlia0047/ar57/wenyu/GeneRec/results/stage2_RQ-VAE/curvature_RQ-VAE_iter29/out/rqvae/instruments/rqvae_best.pth (step=10000)
  [SID save step=10000] wrote raw 3-token SIDs /home/wlia0047/ar57/wenyu/GeneRec/results/stage2_RQ-VAE/curvature_RQ-VAE_iter29/out/rqvae/instruments/sids_raw.npy: shape=(24587, 3)
  [SID metrics step=10000] full_gini=0.0901 per_layer=[0.1770/0.3150/0.3575] unique=22238/24587 l01_pairs=13203 H_l1_given_l0=5.3405
  step  10408/100000 | loss=4.6524 | rl=1.8951 | vl=1.3036 | behavior=7.2685 | curv_reg=0.000000 | codes=252/250/242/256 | c=1.366/0.735/0.644 | ips_g=98.6 ips/rk=24.6 | elapsed=105.6s | eta=908.8s
  step  10912/100000 | loss=4.7545 | rl=1.8206 | vl=1.4011 | behavior=7.6644 | curv_reg=0.000000 | codes=251/243/248/256 | c=1.366/0.735/0.644 | ips_g=98.6 ips/rk=24.7 | elapsed=110.6s | eta=903.3s
  step  11420/100000 | loss=4.4149 | rl=1.8310 | vl=1.1769 | behavior=7.0350 | curv_reg=0.000000 | codes=254/250/248/256 | c=1.366/0.735/0.644 | ips_g=98.7 ips/rk=24.7 | elapsed=115.6s | eta=897.0s
  step  11928/100000 | loss=4.6293 | rl=1.8458 | vl=1.3264 | behavior=7.2853 | curv_reg=0.000000 | codes=252/251/242/256 | c=1.366/0.735/0.644 | ips_g=98.8 ips/rk=24.7 | elapsed=120.7s | eta=891.0s
  step  12424/100000 | loss=4.8295 | rl=1.8889 | vl=1.4118 | behavior=7.6435 | curv_reg=0.000000 | codes=254/250/242/256 | c=1.366/0.735/0.644 | ips_g=98.8 ips/rk=24.7 | elapsed=125.7s | eta=886.3s
  step  12928/100000 | loss=4.5290 | rl=1.8312 | vl=1.2530 | behavior=7.2240 | curv_reg=0.000000 | codes=253/248/234/256 | c=1.366/0.735/0.644 | ips_g=98.9 ips/rk=24.7 | elapsed=130.8s | eta=880.8s
  step  13436/100000 | loss=4.7898 | rl=1.8907 | vl=1.4202 | behavior=7.3943 | curv_reg=0.000000 | codes=254/246/241/256 | c=1.366/0.735/0.644 | ips_g=99.0 ips/rk=24.7 | elapsed=135.8s | eta=874.8s
  step  13944/100000 | loss=4.6057 | rl=1.8370 | vl=1.3260 | behavior=7.2133 | curv_reg=0.000000 | codes=253/247/245/256 | c=1.366/0.735/0.644 | ips_g=99.0 ips/rk=24.8 | elapsed=140.8s | eta=869.0s
  step  14452/100000 | loss=4.3676 | rl=1.8403 | vl=1.1252 | behavior=7.0105 | curv_reg=0.000000 | codes=254/249/240/256 | c=1.366/0.735/0.644 | ips_g=99.1 ips/rk=24.8 | elapsed=145.8s | eta=863.1s
  step  14956/100000 | loss=4.9105 | rl=1.8727 | vl=1.5113 | behavior=7.6322 | curv_reg=0.000000 | codes=253/251/241/256 | c=1.366/0.735/0.644 | ips_g=99.2 ips/rk=24.8 | elapsed=150.8s | eta=857.7s
  step  15452/100000 | loss=4.6452 | rl=1.8485 | vl=1.3329 | behavior=7.3193 | curv_reg=0.000000 | codes=252/243/246/256 | c=1.366/0.735/0.644 | ips_g=99.2 ips/rk=24.8 | elapsed=155.8s | eta=852.7s
  step  15960/100000 | loss=4.5660 | rl=1.8499 | vl=1.2968 | behavior=7.0965 | curv_reg=0.000000 | codes=253/243/242/256 | c=1.366/0.735/0.644 | ips_g=99.2 ips/rk=24.8 | elapsed=160.9s | eta=847.1s
  step  16464/100000 | loss=4.6171 | rl=1.8254 | vl=1.3415 | behavior=7.2509 | curv_reg=0.000000 | codes=253/245/238/256 | c=1.366/0.735/0.644 | ips_g=99.3 ips/rk=24.8 | elapsed=165.9s | eta=841.6s
  step  16972/100000 | loss=4.7739 | rl=1.8658 | vl=1.4551 | behavior=7.2650 | curv_reg=0.000000 | codes=255/248/243/256 | c=1.366/0.735/0.644 | ips_g=99.3 ips/rk=24.8 | elapsed=170.9s | eta=835.9s
  step  17480/100000 | loss=4.5202 | rl=1.7901 | vl=1.2955 | behavior=7.1732 | curv_reg=0.000000 | codes=252/249/244/256 | c=1.366/0.735/0.644 | ips_g=99.4 ips/rk=24.8 | elapsed=175.9s | eta=830.4s
  step  17980/100000 | loss=4.7022 | rl=1.8065 | vl=1.4018 | behavior=7.4691 | curv_reg=0.000000 | codes=250/244/241/256 | c=1.366/0.735/0.644 | ips_g=99.4 ips/rk=24.8 | elapsed=180.9s | eta=825.3s
  step  18488/100000 | loss=4.6336 | rl=1.8434 | vl=1.2952 | behavior=7.4749 | curv_reg=0.000000 | codes=253/245/238/256 | c=1.366/0.735/0.644 | ips_g=99.4 ips/rk=24.9 | elapsed=185.9s | eta=819.8s
  step  19000/100000 | loss=4.5418 | rl=1.8349 | vl=1.2504 | behavior=7.2820 | curv_reg=0.000000 | codes=248/244/241/256 | c=1.366/0.735/0.644 | ips_g=99.5 ips/rk=24.9 | elapsed=191.0s | eta=814.1s
  step  19504/100000 | loss=4.6980 | rl=1.8767 | vl=1.4316 | behavior=6.9482 | curv_reg=0.000000 | codes=254/243/237/256 | c=1.366/0.735/0.644 | ips_g=99.5 ips/rk=24.9 | elapsed=196.0s | eta=808.9s
[Step12] saved /home/wlia0047/ar57/wenyu/GeneRec/results/stage2_RQ-VAE/curvature_RQ-VAE_iter29/out/rqvae/instruments/rqvae_best.pth (step=20000)
  [SID save step=20000] wrote raw 3-token SIDs /home/wlia0047/ar57/wenyu/GeneRec/results/stage2_RQ-VAE/curvature_RQ-VAE_iter29/out/rqvae/instruments/sids_raw.npy: shape=(24587, 3)
  [SID metrics step=20000] full_gini=0.0878 per_layer=[0.1801/0.2958/0.3457] unique=22303/24587 l01_pairs=13102 H_l1_given_l0=5.3281
  step  20004/100000 | loss=4.8211 | rl=1.9121 | vl=1.4252 | behavior=7.4189 | curv_reg=0.000000 | codes=252/246/238/256 | c=1.366/0.735/0.644 | ips_g=99.4 ips/rk=24.8 | elapsed=201.3s | eta=804.8s
  step  20504/100000 | loss=4.4695 | rl=1.8118 | vl=1.2012 | behavior=7.2825 | curv_reg=0.000000 | codes=251/243/241/256 | c=1.366/0.735/0.644 | ips_g=99.4 ips/rk=24.9 | elapsed=206.3s | eta=799.7s
  step  21016/100000 | loss=4.4752 | rl=1.7825 | vl=1.1979 | behavior=7.4741 | curv_reg=0.000000 | codes=253/246/243/256 | c=1.366/0.735/0.644 | ips_g=99.5 ips/rk=24.9 | elapsed=211.3s | eta=794.1s
  step  21528/100000 | loss=5.0543 | rl=1.9005 | vl=1.6458 | behavior=7.5400 | curv_reg=0.000000 | codes=253/246/231/256 | c=1.366/0.735/0.644 | ips_g=99.5 ips/rk=24.9 | elapsed=216.3s | eta=788.5s
  step  22036/100000 | loss=4.6224 | rl=1.8086 | vl=1.3412 | behavior=7.3632 | curv_reg=0.000000 | codes=256/244/251/256 | c=1.366/0.735/0.644 | ips_g=99.6 ips/rk=24.9 | elapsed=221.3s | eta=783.1s
  step  22548/100000 | loss=4.5634 | rl=1.8515 | vl=1.3064 | behavior=7.0275 | curv_reg=0.000000 | codes=251/249/240/256 | c=1.366/0.735/0.644 | ips_g=99.6 ips/rk=24.9 | elapsed=226.4s | eta=777.5s
  step  23044/100000 | loss=4.8393 | rl=1.8601 | vl=1.4590 | behavior=7.6007 | curv_reg=0.000000 | codes=252/241/239/256 | c=1.366/0.735/0.644 | ips_g=99.6 ips/rk=24.9 | elapsed=231.4s | eta=772.7s
  step  23548/100000 | loss=4.4012 | rl=1.7996 | vl=1.2191 | behavior=6.9119 | curv_reg=0.000000 | codes=249/250/240/256 | c=1.366/0.735/0.644 | ips_g=99.6 ips/rk=24.9 | elapsed=236.4s | eta=767.6s
  step  24060/100000 | loss=4.8156 | rl=1.8301 | vl=1.4807 | behavior=7.5235 | curv_reg=0.000000 | codes=255/247/241/256 | c=1.366/0.735/0.644 | ips_g=99.7 ips/rk=24.9 | elapsed=241.4s | eta=762.0s
  step  24576/100000 | loss=4.6795 | rl=1.8338 | vl=1.3990 | behavior=7.2336 | curv_reg=0.000000 | codes=251/246/234/256 | c=1.366/0.735/0.644 | ips_g=99.7 ips/rk=24.9 | elapsed=246.5s | eta=756.4s
[iter29_invariant] step=25000 c_live=[1.366095, 0.734783, 0.643996] matches closed_form target within 1e-06
  step  25068/100000 | loss=4.5845 | rl=1.8032 | vl=1.3051 | behavior=7.3811 | curv_reg=0.000000 | codes=252/245/239/256 | c=1.366/0.735/0.644 | ips_g=99.7 ips/rk=24.9 | elapsed=251.5s | eta=751.7s
  step  25576/100000 | loss=4.9498 | rl=1.8920 | vl=1.5312 | behavior=7.6333 | curv_reg=0.000000 | codes=250/238/240/256 | c=1.366/0.735/0.644 | ips_g=99.7 ips/rk=24.9 | elapsed=256.5s | eta=746.4s
  step  26076/100000 | loss=4.7014 | rl=1.8382 | vl=1.3624 | behavior=7.5039 | curv_reg=0.000000 | codes=248/242/237/256 | c=1.366/0.735/0.644 | ips_g=99.7 ips/rk=24.9 | elapsed=261.5s | eta=741.4s
  step  26584/100000 | loss=4.7149 | rl=1.8532 | vl=1.3957 | behavior=7.3299 | curv_reg=0.000000 | codes=254/242/235/256 | c=1.366/0.735/0.644 | ips_g=99.7 ips/rk=24.9 | elapsed=266.5s | eta=736.0s
  step  27096/100000 | loss=4.9194 | rl=1.7947 | vl=1.5841 | behavior=7.7033 | curv_reg=0.000000 | codes=254/244/241/256 | c=1.366/0.735/0.644 | ips_g=99.8 ips/rk=24.9 | elapsed=271.5s | eta=730.6s
  step  27592/100000 | loss=4.7766 | rl=1.8352 | vl=1.4473 | behavior=7.4702 | curv_reg=0.000000 | codes=250/244/241/256 | c=1.366/0.735/0.644 | ips_g=99.8 ips/rk=24.9 | elapsed=276.5s | eta=725.7s
  step  28104/100000 | loss=4.3901 | rl=1.8271 | vl=1.1567 | behavior=7.0314 | curv_reg=0.000000 | codes=256/249/242/256 | c=1.366/0.735/0.644 | ips_g=99.8 ips/rk=25.0 | elapsed=281.6s | eta=720.3s
  step  28600/100000 | loss=4.3962 | rl=1.7944 | vl=1.2111 | behavior=6.9535 | curv_reg=0.000000 | codes=251/252/244/256 | c=1.366/0.735/0.644 | ips_g=99.8 ips/rk=25.0 | elapsed=286.6s | eta=715.4s
  step  29108/100000 | loss=4.6948 | rl=1.8102 | vl=1.3930 | behavior=7.4584 | curv_reg=0.000000 | codes=254/249/245/256 | c=1.366/0.735/0.644 | ips_g=99.8 ips/rk=25.0 | elapsed=291.6s | eta=710.2s
  step  29620/100000 | loss=4.7053 | rl=1.8812 | vl=1.3836 | behavior=7.2024 | curv_reg=0.000000 | codes=251/251/246/256 | c=1.366/0.735/0.644 | ips_g=99.9 ips/rk=25.0 | elapsed=296.6s | eta=704.8s
[Step12] saved /home/wlia0047/ar57/wenyu/GeneRec/results/stage2_RQ-VAE/curvature_RQ-VAE_iter29/out/rqvae/instruments/rqvae_best.pth (step=30000)
  [SID save step=30000] wrote raw 3-token SIDs /home/wlia0047/ar57/wenyu/GeneRec/results/stage2_RQ-VAE/curvature_RQ-VAE_iter29/out/rqvae/instruments/sids_raw.npy: shape=(24587, 3)
  [SID metrics step=30000] full_gini=0.0873 per_layer=[0.1756/0.2908/0.3350] unique=22313/24587 l01_pairs=13153 H_l1_given_l0=5.3279
  step  30100/100000 | loss=4.7554 | rl=1.8287 | vl=1.3947 | behavior=7.6600 | curv_reg=0.000000 | codes=254/249/242/256 | c=1.366/0.735/0.644 | ips_g=99.8 ips/rk=24.9 | elapsed=301.7s | eta=700.6s
  step  30604/100000 | loss=5.2578 | rl=1.9176 | vl=1.7179 | behavior=8.1113 | curv_reg=0.000000 | codes=251/248/245/256 | c=1.366/0.735/0.644 | ips_g=99.8 ips/rk=24.9 | elapsed=306.7s | eta=695.5s
  step  31088/100000 | loss=4.5874 | rl=1.8287 | vl=1.3083 | behavior=7.2520 | curv_reg=0.000000 | codes=255/241/233/256 | c=1.366/0.735/0.644 | ips_g=99.7 ips/rk=24.9 | elapsed=311.7s | eta=691.0s
  step  31588/100000 | loss=4.8466 | rl=1.8337 | vl=1.4950 | behavior=7.5894 | curv_reg=0.000000 | codes=253/245/240/256 | c=1.366/0.735/0.644 | ips_g=99.7 ips/rk=24.9 | elapsed=316.7s | eta=686.0s
  step  32096/100000 | loss=4.7980 | rl=1.8143 | vl=1.4746 | behavior=7.5454 | curv_reg=0.000000 | codes=249/245/240/256 | c=1.366/0.735/0.644 | ips_g=99.8 ips/rk=24.9 | elapsed=321.7s | eta=680.7s
  step  32600/100000 | loss=4.8059 | rl=1.8668 | vl=1.5209 | behavior=7.0909 | curv_reg=0.000000 | codes=254/243/236/256 | c=1.366/0.735/0.644 | ips_g=99.8 ips/rk=24.9 | elapsed=326.8s | eta=675.6s
  step  33112/100000 | loss=4.6095 | rl=1.8436 | vl=1.3417 | behavior=7.1209 | curv_reg=0.000000 | codes=247/246/240/256 | c=1.366/0.735/0.644 | ips_g=99.8 ips/rk=25.0 | elapsed=331.8s | eta=670.2s
  step  33624/100000 | loss=4.6757 | rl=1.8012 | vl=1.3664 | behavior=7.5405 | curv_reg=0.000000 | codes=253/249/242/256 | c=1.366/0.735/0.644 | ips_g=99.8 ips/rk=25.0 | elapsed=336.8s | eta=664.8s
  step  34124/100000 | loss=4.8064 | rl=1.8132 | vl=1.4799 | behavior=7.5667 | curv_reg=0.000000 | codes=250/244/232/256 | c=1.366/0.735/0.644 | ips_g=99.8 ips/rk=25.0 | elapsed=341.8s | eta=659.9s
  step  34628/100000 | loss=4.6390 | rl=1.7740 | vl=1.3795 | behavior=7.4274 | curv_reg=0.000000 | codes=254/250/242/256 | c=1.366/0.735/0.644 | ips_g=99.8 ips/rk=25.0 | elapsed=346.8s | eta=654.8s
  step  35140/100000 | loss=4.6599 | rl=1.8201 | vl=1.3714 | behavior=7.3420 | curv_reg=0.000000 | codes=248/246/241/256 | c=1.366/0.735/0.644 | ips_g=99.9 ips/rk=25.0 | elapsed=351.9s | eta=649.5s
  step  35636/100000 | loss=4.6706 | rl=1.8370 | vl=1.4023 | behavior=7.1564 | curv_reg=0.000000 | codes=252/238/242/256 | c=1.366/0.735/0.644 | ips_g=99.8 ips/rk=25.0 | elapsed=356.9s | eta=644.7s
  step  36144/100000 | loss=4.4944 | rl=1.7752 | vl=1.2695 | behavior=7.2485 | curv_reg=0.000000 | codes=251/248/245/256 | c=1.366/0.735/0.644 | ips_g=99.9 ips/rk=25.0 | elapsed=362.0s | eta=639.5s
  step  36640/100000 | loss=4.4135 | rl=1.8038 | vl=1.1717 | behavior=7.1899 | curv_reg=0.000000 | codes=251/245/241/256 | c=1.366/0.735/0.644 | ips_g=99.8 ips/rk=25.0 | elapsed=367.0s | eta=634.6s
  step  37152/100000 | loss=4.7730 | rl=1.8437 | vl=1.4549 | behavior=7.3720 | curv_reg=0.000000 | codes=251/248/243/256 | c=1.366/0.735/0.644 | ips_g=99.9 ips/rk=25.0 | elapsed=372.0s | eta=629.3s
  step  37660/100000 | loss=4.9011 | rl=1.8601 | vl=1.5565 | behavior=7.4221 | curv_reg=0.000000 | codes=249/242/232/256 | c=1.366/0.735/0.644 | ips_g=99.9 ips/rk=25.0 | elapsed=377.1s | eta=624.2s
  step  38172/100000 | loss=4.7378 | rl=1.8053 | vl=1.4280 | behavior=7.5228 | curv_reg=0.000000 | codes=252/244/247/256 | c=1.366/0.735/0.644 | ips_g=99.9 ips/rk=25.0 | elapsed=382.1s | eta=618.9s
  step  38676/100000 | loss=4.5562 | rl=1.8217 | vl=1.2852 | behavior=7.2466 | curv_reg=0.000000 | codes=252/241/243/256 | c=1.366/0.735/0.644 | ips_g=99.9 ips/rk=25.0 | elapsed=387.1s | eta=613.8s
  step  39172/100000 | loss=4.7978 | rl=1.7728 | vl=1.5130 | behavior=7.5599 | curv_reg=0.000000 | codes=250/242/238/256 | c=1.366/0.735/0.644 | ips_g=99.9 ips/rk=25.0 | elapsed=392.1s | eta=608.9s
  step  39672/100000 | loss=4.8063 | rl=1.8425 | vl=1.4325 | behavior=7.6559 | curv_reg=0.000000 | codes=251/245/243/256 | c=1.366/0.735/0.644 | ips_g=99.9 ips/rk=25.0 | elapsed=397.1s | eta=603.9s
[Step12] saved /home/wlia0047/ar57/wenyu/GeneRec/results/stage2_RQ-VAE/curvature_RQ-VAE_iter29/out/rqvae/instruments/rqvae_best.pth (step=40000)
  [SID save step=40000] wrote raw 3-token SIDs /home/wlia0047/ar57/wenyu/GeneRec/results/stage2_RQ-VAE/curvature_RQ-VAE_iter29/out/rqvae/instruments/sids_raw.npy: shape=(24587, 3)
  [SID metrics step=40000] full_gini=0.0925 per_layer=[0.1796/0.2963/0.3134] unique=22175/24587 l01_pairs=12973 H_l1_given_l0=5.2988
  step  40136/100000 | loss=4.4200 | rl=1.7651 | vl=1.2192 | behavior=7.1782 | curv_reg=0.000000 | codes=252/242/237/256 | c=1.366/0.735/0.644 | ips_g=99.8 ips/rk=25.0 | elapsed=402.1s | eta=599.8s
  step  40648/100000 | loss=4.8671 | rl=1.8474 | vl=1.5027 | behavior=7.5849 | curv_reg=0.000000 | codes=254/241/239/256 | c=1.366/0.735/0.644 | ips_g=99.8 ips/rk=25.0 | elapsed=407.2s | eta=594.6s
  step  41160/100000 | loss=4.9657 | rl=1.8866 | vl=1.5141 | behavior=7.8255 | curv_reg=0.000000 | codes=253/245/228/256 | c=1.366/0.735/0.644 | ips_g=99.8 ips/rk=25.0 | elapsed=412.2s | eta=589.3s
  step  41656/100000 | loss=4.7835 | rl=1.8409 | vl=1.4325 | behavior=7.5504 | curv_reg=0.000000 | codes=252/248/240/256 | c=1.366/0.735/0.644 | ips_g=99.8 ips/rk=25.0 | elapsed=417.3s | eta=584.4s
  step  42160/100000 | loss=4.4785 | rl=1.7892 | vl=1.2082 | behavior=7.4054 | curv_reg=0.000000 | codes=251/249/242/256 | c=1.366/0.735/0.644 | ips_g=99.8 ips/rk=25.0 | elapsed=422.3s | eta=579.3s
  step  42668/100000 | loss=4.5897 | rl=1.7713 | vl=1.3118 | behavior=7.5334 | curv_reg=0.000000 | codes=254/241/246/256 | c=1.366/0.735/0.644 | ips_g=99.9 ips/rk=25.0 | elapsed=427.3s | eta=574.1s
  step  43168/100000 | loss=4.7576 | rl=1.8132 | vl=1.4495 | behavior=7.4745 | curv_reg=0.000000 | codes=255/246/240/256 | c=1.366/0.735/0.644 | ips_g=99.9 ips/rk=25.0 | elapsed=432.3s | eta=569.2s
  step  43676/100000 | loss=4.8907 | rl=1.8878 | vl=1.5143 | behavior=7.4431 | curv_reg=0.000000 | codes=255/246/241/256 | c=1.366/0.735/0.644 | ips_g=99.8 ips/rk=25.0 | elapsed=437.4s | eta=564.1s
  step  44184/100000 | loss=4.9736 | rl=1.8900 | vl=1.5784 | behavior=7.5262 | curv_reg=0.000000 | codes=251/244/235/256 | c=1.366/0.735/0.644 | ips_g=99.9 ips/rk=25.0 | elapsed=442.4s | eta=558.9s
  step  44680/100000 | loss=4.9677 | rl=1.8697 | vl=1.5805 | behavior=7.5874 | curv_reg=0.000000 | codes=255/248/239/256 | c=1.366/0.735/0.644 | ips_g=99.9 ips/rk=25.0 | elapsed=447.4s | eta=554.0s
  step  45188/100000 | loss=4.5052 | rl=1.7816 | vl=1.2795 | behavior=7.2203 | curv_reg=0.000000 | codes=254/251/242/256 | c=1.366/0.735/0.644 | ips_g=99.9 ips/rk=25.0 | elapsed=452.5s | eta=548.8s
  step  45696/100000 | loss=4.5326 | rl=1.8052 | vl=1.2693 | behavior=7.2908 | curv_reg=0.000000 | codes=250/245/238/256 | c=1.366/0.735/0.644 | ips_g=99.9 ips/rk=25.0 | elapsed=457.5s | eta=543.7s
  step  46204/100000 | loss=4.7993 | rl=1.8267 | vl=1.5236 | behavior=7.2450 | curv_reg=0.000000 | codes=252/245/247/256 | c=1.366/0.735/0.644 | ips_g=99.9 ips/rk=25.0 | elapsed=462.5s | eta=538.5s
  step  46708/100000 | loss=4.5163 | rl=1.8026 | vl=1.2985 | behavior=7.0759 | curv_reg=0.000000 | codes=253/249/244/256 | c=1.366/0.735/0.644 | ips_g=99.9 ips/rk=25.0 | elapsed=467.5s | eta=533.4s
  step  47204/100000 | loss=4.6825 | rl=1.8316 | vl=1.3374 | behavior=7.5674 | curv_reg=0.000000 | codes=253/241/242/256 | c=1.366/0.735/0.644 | ips_g=99.9 ips/rk=25.0 | elapsed=472.5s | eta=528.5s
  step  47708/100000 | loss=4.8762 | rl=1.8022 | vl=1.5800 | behavior=7.4699 | curv_reg=0.000000 | codes=252/240/237/256 | c=1.366/0.735/0.644 | ips_g=99.9 ips/rk=25.0 | elapsed=477.6s | eta=523.5s
  step  48212/100000 | loss=4.4708 | rl=1.8280 | vl=1.1676 | behavior=7.3755 | curv_reg=0.000000 | codes=254/246/244/256 | c=1.366/0.735/0.644 | ips_g=99.9 ips/rk=25.0 | elapsed=482.6s | eta=518.4s
  step  48724/100000 | loss=4.3066 | rl=1.7612 | vl=1.1298 | behavior=7.0784 | curv_reg=0.000000 | codes=253/248/246/256 | c=1.366/0.735/0.644 | ips_g=99.9 ips/rk=25.0 | elapsed=487.6s | eta=513.2s
  step  49236/100000 | loss=4.6263 | rl=1.8077 | vl=1.3825 | behavior=7.1805 | curv_reg=0.000000 | codes=254/247/243/256 | c=1.366/0.735/0.644 | ips_g=99.9 ips/rk=25.0 | elapsed=492.7s | eta=507.9s
  step  49736/100000 | loss=4.6030 | rl=1.7725 | vl=1.3763 | behavior=7.2705 | curv_reg=0.000000 | codes=252/242/242/256 | c=1.366/0.735/0.644 | ips_g=99.9 ips/rk=25.0 | elapsed=497.7s | eta=503.0s
[iter29_curvature] step=50000 c_live=[1.366095, 0.734783, 0.643996] c_closed=[1.366095, 0.734783, 0.643996]
[iter29_invariant] step=50000 c_live=[1.366095, 0.734783, 0.643996] matches closed_form target within 1e-06
[Step12] saved /home/wlia0047/ar57/wenyu/GeneRec/results/stage2_RQ-VAE/curvature_RQ-VAE_iter29/out/rqvae/instruments/rqvae_best.pth (step=50000)
  [SID save step=50000] wrote raw 3-token SIDs /home/wlia0047/ar57/wenyu/GeneRec/results/stage2_RQ-VAE/curvature_RQ-VAE_iter29/out/rqvae/instruments/sids_raw.npy: shape=(24587, 3)
  [SID metrics step=50000] full_gini=0.0901 per_layer=[0.1744/0.2981/0.3414] unique=22238/24587 l01_pairs=12898 H_l1_given_l0=5.2865
  step  50224/100000 | loss=4.5603 | rl=1.8199 | vl=1.2311 | behavior=7.5466 | curv_reg=0.000000 | codes=249/247/245/256 | c=1.366/0.735/0.644 | ips_g=99.9 ips/rk=25.0 | elapsed=502.7s | eta=498.2s
  step  50732/100000 | loss=5.0288 | rl=1.8749 | vl=1.6140 | behavior=7.6999 | curv_reg=0.000000 | codes=255/249/238/256 | c=1.366/0.735/0.644 | ips_g=99.9 ips/rk=25.0 | elapsed=507.7s | eta=493.1s
  step  51240/100000 | loss=4.7838 | rl=1.8108 | vl=1.4171 | behavior=7.7797 | curv_reg=0.000000 | codes=252/246/241/256 | c=1.366/0.735/0.644 | ips_g=99.9 ips/rk=25.0 | elapsed=512.7s | eta=487.9s
  step  51728/100000 | loss=4.3577 | rl=1.7531 | vl=1.2111 | behavior=6.9674 | curv_reg=0.000000 | codes=252/250/245/256 | c=1.366/0.735/0.644 | ips_g=99.9 ips/rk=25.0 | elapsed=517.7s | eta=483.1s
  step  52220/100000 | loss=4.7089 | rl=1.7923 | vl=1.4085 | behavior=7.5401 | curv_reg=0.000000 | codes=250/246/243/256 | c=1.366/0.735/0.644 | ips_g=99.9 ips/rk=25.0 | elapsed=522.7s | eta=478.3s
  step  52716/100000 | loss=4.7199 | rl=1.8229 | vl=1.3950 | behavior=7.5100 | curv_reg=0.000000 | codes=254/246/241/256 | c=1.366/0.735/0.644 | ips_g=99.9 ips/rk=25.0 | elapsed=527.8s | eta=473.4s
  step  53224/100000 | loss=4.5101 | rl=1.7900 | vl=1.2966 | behavior=7.1176 | curv_reg=0.000000 | codes=251/242/241/256 | c=1.366/0.735/0.644 | ips_g=99.9 ips/rk=25.0 | elapsed=532.8s | eta=468.2s
  step  53720/100000 | loss=4.3140 | rl=1.7458 | vl=1.1763 | behavior=6.9596 | curv_reg=0.000000 | codes=253/247/245/256 | c=1.366/0.735/0.644 | ips_g=99.9 ips/rk=25.0 | elapsed=537.8s | eta=463.3s
  step  54216/100000 | loss=4.8392 | rl=1.8731 | vl=1.4360 | behavior=7.6505 | curv_reg=0.000000 | codes=254/246/235/256 | c=1.366/0.735/0.644 | ips_g=99.9 ips/rk=25.0 | elapsed=542.8s | eta=458.4s
  step  54700/100000 | loss=4.5625 | rl=1.8155 | vl=1.3283 | behavior=7.0935 | curv_reg=0.000000 | codes=254/241/238/256 | c=1.366/0.735/0.644 | ips_g=99.8 ips/rk=25.0 | elapsed=547.8s | eta=453.7s
  step  55184/100000 | loss=4.4360 | rl=1.7767 | vl=1.1950 | behavior=7.3220 | curv_reg=0.000000 | codes=252/242/238/256 | c=1.366/0.735/0.644 | ips_g=99.8 ips/rk=25.0 | elapsed=552.9s | eta=449.0s
  step  55672/100000 | loss=4.5523 | rl=1.8024 | vl=1.2998 | behavior=7.2505 | curv_reg=0.000000 | codes=252/244/240/256 | c=1.366/0.735/0.644 | ips_g=99.8 ips/rk=24.9 | elapsed=557.9s | eta=444.2s
  step  56156/100000 | loss=4.9516 | rl=1.8409 | vl=1.6513 | behavior=7.2972 | curv_reg=0.000000 | codes=253/245/242/256 | c=1.366/0.735/0.644 | ips_g=99.8 ips/rk=24.9 | elapsed=562.9s | eta=439.5s
  step  56644/100000 | loss=4.6271 | rl=1.7547 | vl=1.4129 | behavior=7.2974 | curv_reg=0.000000 | codes=249/238/233/256 | c=1.366/0.735/0.644 | ips_g=99.7 ips/rk=24.9 | elapsed=567.9s | eta=434.7s
  step  57136/100000 | loss=4.4191 | rl=1.7846 | vl=1.2432 | behavior=6.9566 | curv_reg=0.000000 | codes=253/244/239/256 | c=1.366/0.735/0.644 | ips_g=99.7 ips/rk=24.9 | elapsed=572.9s | eta=429.8s
  step  57628/100000 | loss=4.9693 | rl=1.8725 | vl=1.5320 | behavior=7.8243 | curv_reg=0.000000 | codes=253/246/240/256 | c=1.366/0.735/0.644 | ips_g=99.7 ips/rk=24.9 | elapsed=578.0s | eta=424.9s
  step  58104/100000 | loss=4.7182 | rl=1.7692 | vl=1.4462 | behavior=7.5137 | curv_reg=0.000000 | codes=250/246/240/256 | c=1.366/0.735/0.644 | ips_g=99.7 ips/rk=24.9 | elapsed=583.0s | eta=420.3s
  step  58584/100000 | loss=4.6322 | rl=1.7836 | vl=1.3762 | behavior=7.3620 | curv_reg=0.000000 | codes=253/250/238/256 | c=1.366/0.735/0.644 | ips_g=99.6 ips/rk=24.9 | elapsed=588.0s | eta=415.7s
  step  59072/100000 | loss=4.6944 | rl=1.8313 | vl=1.3772 | behavior=7.4297 | curv_reg=0.000000 | codes=252/246/240/256 | c=1.366/0.735/0.644 | ips_g=99.6 ips/rk=24.9 | elapsed=593.0s | eta=410.8s
  step  59552/100000 | loss=4.7606 | rl=1.7960 | vl=1.4514 | behavior=7.5656 | curv_reg=0.000000 | codes=252/248/241/256 | c=1.366/0.735/0.644 | ips_g=99.6 ips/rk=24.9 | elapsed=598.0s | eta=406.2s
[Step12] saved /home/wlia0047/ar57/wenyu/GeneRec/results/stage2_RQ-VAE/curvature_RQ-VAE_iter29/out/rqvae/instruments/rqvae_best.pth (step=60000)
  [SID save step=60000] wrote raw 3-token SIDs /home/wlia0047/ar57/wenyu/GeneRec/results/stage2_RQ-VAE/curvature_RQ-VAE_iter29/out/rqvae/instruments/sids_raw.npy: shape=(24587, 3)
  [SID metrics step=60000] full_gini=0.0933 per_layer=[0.1804/0.3158/0.3879] unique=22145/24587 l01_pairs=12836 H_l1_given_l0=5.2824
  step  60008/100000 | loss=4.8476 | rl=1.8543 | vl=1.4673 | behavior=7.6304 | curv_reg=0.000000 | codes=254/245/242/256 | c=1.366/0.735/0.644 | ips_g=99.5 ips/rk=24.9 | elapsed=603.0s | eta=401.9s
  step  60476/100000 | loss=4.4549 | rl=1.7945 | vl=1.2021 | behavior=7.2914 | curv_reg=0.000000 | codes=254/238/240/256 | c=1.366/0.735/0.644 | ips_g=99.5 ips/rk=24.9 | elapsed=608.0s | eta=397.3s
  step  60964/100000 | loss=4.7793 | rl=1.8420 | vl=1.4625 | behavior=7.3745 | curv_reg=0.000000 | codes=254/250/231/256 | c=1.366/0.735/0.644 | ips_g=99.5 ips/rk=24.9 | elapsed=613.0s | eta=392.5s
  step  61456/100000 | loss=4.8179 | rl=1.8479 | vl=1.4629 | behavior=7.5356 | curv_reg=0.000000 | codes=253/244/249/256 | c=1.366/0.735/0.644 | ips_g=99.4 ips/rk=24.9 | elapsed=618.1s | eta=387.6s
  step  61948/100000 | loss=4.5494 | rl=1.8066 | vl=1.3163 | behavior=7.1323 | curv_reg=0.000000 | codes=253/245/238/256 | c=1.366/0.735/0.644 | ips_g=99.4 ips/rk=24.9 | elapsed=623.1s | eta=382.7s
  step  62436/100000 | loss=4.4357 | rl=1.7696 | vl=1.2218 | behavior=7.2215 | curv_reg=0.000000 | codes=254/244/233/256 | c=1.366/0.735/0.644 | ips_g=99.4 ips/rk=24.9 | elapsed=628.1s | eta=377.9s
  step  62924/100000 | loss=4.8895 | rl=1.8317 | vl=1.5207 | behavior=7.6854 | curv_reg=0.000000 | codes=250/249/247/256 | c=1.366/0.735/0.644 | ips_g=99.4 ips/rk=24.8 | elapsed=633.1s | eta=373.0s
  step  63396/100000 | loss=4.5305 | rl=1.7648 | vl=1.2513 | behavior=7.5715 | curv_reg=0.000000 | codes=250/250/244/256 | c=1.366/0.735/0.644 | ips_g=99.4 ips/rk=24.8 | elapsed=638.1s | eta=368.4s
  step  63884/100000 | loss=4.7358 | rl=1.8529 | vl=1.4146 | behavior=7.3416 | curv_reg=0.000000 | codes=252/246/238/256 | c=1.366/0.735/0.644 | ips_g=99.3 ips/rk=24.8 | elapsed=643.1s | eta=363.6s
  step  64372/100000 | loss=4.3398 | rl=1.7596 | vl=1.1853 | behavior=6.9746 | curv_reg=0.000000 | codes=250/244/238/256 | c=1.366/0.735/0.644 | ips_g=99.3 ips/rk=24.8 | elapsed=648.1s | eta=358.7s
  step  64868/100000 | loss=4.4991 | rl=1.7378 | vl=1.3104 | behavior=7.2544 | curv_reg=0.000000 | codes=252/245/244/256 | c=1.366/0.735/0.644 | ips_g=99.3 ips/rk=24.8 | elapsed=653.2s | eta=353.8s
  step  65356/100000 | loss=4.5756 | rl=1.8553 | vl=1.2664 | behavior=7.2693 | curv_reg=0.000000 | codes=251/246/237/256 | c=1.366/0.735/0.644 | ips_g=99.3 ips/rk=24.8 | elapsed=658.2s | eta=348.9s
  step  65832/100000 | loss=4.9998 | rl=1.9080 | vl=1.6029 | behavior=7.4449 | curv_reg=0.000000 | codes=253/249/240/256 | c=1.366/0.735/0.644 | ips_g=99.3 ips/rk=24.8 | elapsed=663.2s | eta=344.2s
  step  66324/100000 | loss=4.7126 | rl=1.7828 | vl=1.4277 | behavior=7.5106 | curv_reg=0.000000 | codes=248/246/241/256 | c=1.366/0.735/0.644 | ips_g=99.3 ips/rk=24.8 | elapsed=668.2s | eta=339.3s
  step  66812/100000 | loss=4.6654 | rl=1.8350 | vl=1.3869 | behavior=7.2180 | curv_reg=0.000000 | codes=254/247/247/256 | c=1.366/0.735/0.644 | ips_g=99.2 ips/rk=24.8 | elapsed=673.2s | eta=334.4s
  step  67300/100000 | loss=4.5883 | rl=1.7849 | vl=1.3715 | behavior=7.1597 | curv_reg=0.000000 | codes=256/253/245/256 | c=1.366/0.735/0.644 | ips_g=99.2 ips/rk=24.8 | elapsed=678.2s | eta=329.5s
  step  67788/100000 | loss=5.1684 | rl=1.8194 | vl=1.7247 | behavior=8.1214 | curv_reg=0.000000 | codes=251/246/231/256 | c=1.366/0.735/0.644 | ips_g=99.2 ips/rk=24.8 | elapsed=683.2s | eta=324.7s
  step  68280/100000 | loss=4.5486 | rl=1.7921 | vl=1.3149 | behavior=7.2084 | curv_reg=0.000000 | codes=253/238/235/256 | c=1.366/0.735/0.644 | ips_g=99.2 ips/rk=24.8 | elapsed=688.3s | eta=319.7s
  step  68764/100000 | loss=4.5209 | rl=1.7874 | vl=1.3173 | behavior=7.0810 | curv_reg=0.000000 | codes=251/250/240/256 | c=1.366/0.735/0.644 | ips_g=99.2 ips/rk=24.8 | elapsed=693.3s | eta=314.9s
  step  69260/100000 | loss=4.1988 | rl=1.7377 | vl=1.0850 | behavior=6.8804 | curv_reg=0.000000 | codes=255/250/240/256 | c=1.366/0.735/0.644 | ips_g=99.2 ips/rk=24.8 | elapsed=698.4s | eta=310.0s
  step  69748/100000 | loss=4.9361 | rl=1.8254 | vl=1.6134 | behavior=7.4862 | curv_reg=0.000000 | codes=253/242/240/256 | c=1.366/0.735/0.644 | ips_g=99.2 ips/rk=24.8 | elapsed=703.4s | eta=305.1s
[Step12] saved /home/wlia0047/ar57/wenyu/GeneRec/results/stage2_RQ-VAE/curvature_RQ-VAE_iter29/out/rqvae/instruments/rqvae_best.pth (step=70000)
  [SID save step=70000] wrote raw 3-token SIDs /home/wlia0047/ar57/wenyu/GeneRec/results/stage2_RQ-VAE/curvature_RQ-VAE_iter29/out/rqvae/instruments/sids_raw.npy: shape=(24587, 3)
  [SID metrics step=70000] full_gini=0.0888 per_layer=[0.1740/0.3177/0.3700] unique=22269/24587 l01_pairs=12887 H_l1_given_l0=5.2910
  step  70196/100000 | loss=4.9910 | rl=1.8439 | vl=1.6339 | behavior=7.5656 | curv_reg=0.000000 | codes=252/248/243/256 | c=1.366/0.735/0.644 | ips_g=99.1 ips/rk=24.8 | elapsed=708.4s | eta=300.8s
  step  70684/100000 | loss=5.2653 | rl=1.8539 | vl=1.8513 | behavior=7.8005 | curv_reg=0.000000 | codes=251/242/243/256 | c=1.366/0.735/0.644 | ips_g=99.1 ips/rk=24.8 | elapsed=713.4s | eta=295.9s
  step  71176/100000 | loss=5.1813 | rl=1.8442 | vl=1.7622 | behavior=7.8745 | curv_reg=0.000000 | codes=256/251/241/256 | c=1.366/0.735/0.644 | ips_g=99.1 ips/rk=24.8 | elapsed=718.4s | eta=290.9s
  step  71696/100000 | loss=4.8870 | rl=1.8345 | vl=1.5789 | behavior=7.3680 | curv_reg=0.000000 | codes=255/243/234/256 | c=1.366/0.735/0.644 | ips_g=99.1 ips/rk=24.8 | elapsed=723.4s | eta=285.6s
  step  72216/100000 | loss=4.8829 | rl=1.8020 | vl=1.5309 | behavior=7.7498 | curv_reg=0.000000 | codes=248/245/236/256 | c=1.366/0.735/0.644 | ips_g=99.1 ips/rk=24.8 | elapsed=728.5s | eta=280.3s
  step  72716/100000 | loss=4.5033 | rl=1.7736 | vl=1.2398 | behavior=7.4491 | curv_reg=0.000000 | codes=253/241/239/256 | c=1.366/0.735/0.644 | ips_g=99.1 ips/rk=24.8 | elapsed=733.5s | eta=275.2s
  step  73208/100000 | loss=4.6920 | rl=1.7778 | vl=1.4559 | behavior=7.2912 | curv_reg=0.000000 | codes=251/246/237/256 | c=1.366/0.735/0.644 | ips_g=99.1 ips/rk=24.8 | elapsed=738.5s | eta=270.3s
  step  73688/100000 | loss=4.7501 | rl=1.8199 | vl=1.4674 | behavior=7.3144 | curv_reg=0.000000 | codes=250/241/242/256 | c=1.366/0.735/0.644 | ips_g=99.1 ips/rk=24.8 | elapsed=743.5s | eta=265.5s
  step  74180/100000 | loss=4.7551 | rl=1.8034 | vl=1.4786 | behavior=7.3653 | curv_reg=0.000000 | codes=253/246/244/256 | c=1.366/0.735/0.644 | ips_g=99.1 ips/rk=24.8 | elapsed=748.5s | eta=260.5s
  step  74668/100000 | loss=4.7060 | rl=1.7919 | vl=1.4351 | behavior=7.3947 | curv_reg=0.000000 | codes=253/243/243/256 | c=1.366/0.735/0.644 | ips_g=99.1 ips/rk=24.8 | elapsed=753.6s | eta=255.7s
  step  75160/100000 | loss=4.7294 | rl=1.8403 | vl=1.4272 | behavior=7.3092 | curv_reg=0.000000 | codes=255/246/241/256 | c=1.366/0.735/0.644 | ips_g=99.1 ips/rk=24.8 | elapsed=758.6s | eta=250.7s
  step  75648/100000 | loss=4.3724 | rl=1.7822 | vl=1.1996 | behavior=6.9528 | curv_reg=0.000000 | codes=249/239/228/256 | c=1.366/0.735/0.644 | ips_g=99.1 ips/rk=24.8 | elapsed=763.6s | eta=245.8s
  step  76144/100000 | loss=4.6690 | rl=1.8347 | vl=1.4067 | behavior=7.1384 | curv_reg=0.000000 | codes=254/253/245/256 | c=1.366/0.735/0.644 | ips_g=99.1 ips/rk=24.8 | elapsed=768.7s | eta=240.8s
  step  76624/100000 | loss=4.7630 | rl=1.8138 | vl=1.4756 | behavior=7.3680 | curv_reg=0.000000 | codes=250/242/238/256 | c=1.366/0.735/0.644 | ips_g=99.0 ips/rk=24.8 | elapsed=773.7s | eta=236.0s
  step  77116/100000 | loss=4.5066 | rl=1.7547 | vl=1.2966 | behavior=7.2764 | curv_reg=0.000000 | codes=250/249/242/256 | c=1.366/0.735/0.644 | ips_g=99.0 ips/rk=24.8 | elapsed=778.8s | eta=231.1s
  step  77608/100000 | loss=4.7871 | rl=1.7916 | vl=1.4507 | behavior=7.7244 | curv_reg=0.000000 | codes=251/245/236/256 | c=1.366/0.735/0.644 | ips_g=99.0 ips/rk=24.8 | elapsed=783.8s | eta=226.1s
  step  78100/100000 | loss=4.7263 | rl=1.8039 | vl=1.4667 | behavior=7.2789 | curv_reg=0.000000 | codes=249/246/243/256 | c=1.366/0.735/0.644 | ips_g=99.0 ips/rk=24.8 | elapsed=788.8s | eta=221.2s
  step  78588/100000 | loss=4.7993 | rl=1.8004 | vl=1.5144 | behavior=7.4223 | curv_reg=0.000000 | codes=252/246/238/256 | c=1.366/0.735/0.644 | ips_g=99.0 ips/rk=24.8 | elapsed=793.8s | eta=216.3s
  step  79068/100000 | loss=4.7988 | rl=1.8134 | vl=1.4336 | behavior=7.7591 | curv_reg=0.000000 | codes=253/245/245/256 | c=1.366/0.735/0.644 | ips_g=99.0 ips/rk=24.7 | elapsed=798.8s | eta=211.5s
  step  79560/100000 | loss=4.8003 | rl=1.8100 | vl=1.4767 | behavior=7.5683 | curv_reg=0.000000 | codes=248/248/245/256 | c=1.366/0.735/0.644 | ips_g=99.0 ips/rk=24.7 | elapsed=803.8s | eta=206.5s
[Step12] saved /home/wlia0047/ar57/wenyu/GeneRec/results/stage2_RQ-VAE/curvature_RQ-VAE_iter29/out/rqvae/instruments/rqvae_best.pth (step=80000)
  [SID save step=80000] wrote raw 3-token SIDs /home/wlia0047/ar57/wenyu/GeneRec/results/stage2_RQ-VAE/curvature_RQ-VAE_iter29/out/rqvae/instruments/sids_raw.npy: shape=(24587, 3)
  [SID metrics step=80000] full_gini=0.0880 per_layer=[0.1745/0.3027/0.3713] unique=22296/24587 l01_pairs=12856 H_l1_given_l0=5.2821
  step  80016/100000 | loss=4.6199 | rl=1.7857 | vl=1.3242 | behavior=7.5502 | curv_reg=0.000000 | codes=253/242/237/256 | c=1.366/0.735/0.644 | ips_g=98.9 ips/rk=24.7 | elapsed=808.8s | eta=202.0s
  step  80504/100000 | loss=5.1615 | rl=1.8454 | vl=1.7969 | behavior=7.5959 | curv_reg=0.000000 | codes=251/242/238/256 | c=1.366/0.735/0.644 | ips_g=98.9 ips/rk=24.7 | elapsed=813.8s | eta=197.1s
  step  80988/100000 | loss=4.7975 | rl=1.7968 | vl=1.4848 | behavior=7.5795 | curv_reg=0.000000 | codes=253/247/237/256 | c=1.366/0.735/0.644 | ips_g=98.9 ips/rk=24.7 | elapsed=818.9s | eta=192.2s
  step  81472/100000 | loss=4.7305 | rl=1.8011 | vl=1.4630 | behavior=7.3319 | curv_reg=0.000000 | codes=251/249/234/256 | c=1.366/0.735/0.644 | ips_g=98.9 ips/rk=24.7 | elapsed=823.9s | eta=187.4s
  step  81956/100000 | loss=4.5016 | rl=1.8303 | vl=1.1997 | behavior=7.3580 | curv_reg=0.000000 | codes=250/242/237/256 | c=1.366/0.735/0.644 | ips_g=98.9 ips/rk=24.7 | elapsed=828.9s | eta=182.5s
  step  82448/100000 | loss=4.9184 | rl=1.8411 | vl=1.5900 | behavior=7.4368 | curv_reg=0.000000 | codes=253/243/239/256 | c=1.366/0.735/0.644 | ips_g=98.9 ips/rk=24.7 | elapsed=834.0s | eta=177.5s
  step  82940/100000 | loss=4.4420 | rl=1.7781 | vl=1.2014 | behavior=7.3122 | curv_reg=0.000000 | codes=254/246/245/256 | c=1.366/0.735/0.644 | ips_g=98.9 ips/rk=24.7 | elapsed=839.0s | eta=172.6s
  step  83428/100000 | loss=5.0904 | rl=1.8508 | vl=1.6972 | behavior=7.7121 | curv_reg=0.000000 | codes=252/244/235/256 | c=1.366/0.735/0.644 | ips_g=98.8 ips/rk=24.7 | elapsed=844.0s | eta=167.7s
  step  83920/100000 | loss=4.6040 | rl=1.7896 | vl=1.3373 | behavior=7.3858 | curv_reg=0.000000 | codes=251/244/242/256 | c=1.366/0.735/0.644 | ips_g=98.8 ips/rk=24.7 | elapsed=849.1s | eta=162.7s
  step  84400/100000 | loss=4.7762 | rl=1.8746 | vl=1.4586 | behavior=7.2151 | curv_reg=0.000000 | codes=252/247/238/256 | c=1.366/0.735/0.644 | ips_g=98.8 ips/rk=24.7 | elapsed=854.1s | eta=157.9s
  step  84888/100000 | loss=4.8232 | rl=1.7996 | vl=1.5187 | behavior=7.5248 | curv_reg=0.000000 | codes=253/246/242/256 | c=1.366/0.735/0.644 | ips_g=98.8 ips/rk=24.7 | elapsed=859.1s | eta=152.9s
  step  85380/100000 | loss=4.6421 | rl=1.8455 | vl=1.3864 | behavior=7.0513 | curv_reg=0.000000 | codes=254/252/242/256 | c=1.366/0.735/0.644 | ips_g=98.8 ips/rk=24.7 | elapsed=864.2s | eta=148.0s
  step  85872/100000 | loss=4.7048 | rl=1.7706 | vl=1.4252 | behavior=7.5449 | curv_reg=0.000000 | codes=251/240/230/256 | c=1.366/0.735/0.644 | ips_g=98.8 ips/rk=24.7 | elapsed=869.2s | eta=143.0s
  step  86368/100000 | loss=4.8280 | rl=1.8010 | vl=1.5436 | behavior=7.4173 | curv_reg=0.000000 | codes=253/245/240/256 | c=1.366/0.735/0.644 | ips_g=98.8 ips/rk=24.7 | elapsed=874.3s | eta=138.0s
  step  86860/100000 | loss=4.8601 | rl=1.8375 | vl=1.5438 | behavior=7.3941 | curv_reg=0.000000 | codes=252/246/238/256 | c=1.366/0.735/0.644 | ips_g=98.8 ips/rk=24.7 | elapsed=879.3s | eta=133.0s
  step  87340/100000 | loss=4.5176 | rl=1.8010 | vl=1.2737 | behavior=7.2144 | curv_reg=0.000000 | codes=250/244/234/256 | c=1.366/0.735/0.644 | ips_g=98.8 ips/rk=24.7 | elapsed=884.3s | eta=128.2s
  step  87832/100000 | loss=4.7826 | rl=1.8082 | vl=1.4654 | behavior=7.5453 | curv_reg=0.000000 | codes=252/249/243/256 | c=1.366/0.735/0.644 | ips_g=98.8 ips/rk=24.7 | elapsed=889.4s | eta=123.2s
  step  88324/100000 | loss=4.4877 | rl=1.7433 | vl=1.2793 | behavior=7.3253 | curv_reg=0.000000 | codes=255/243/241/256 | c=1.366/0.735/0.644 | ips_g=98.8 ips/rk=24.7 | elapsed=894.4s | eta=118.2s
  step  88816/100000 | loss=4.8498 | rl=1.7884 | vl=1.5666 | behavior=7.4741 | curv_reg=0.000000 | codes=254/244/237/256 | c=1.366/0.735/0.644 | ips_g=98.7 ips/rk=24.7 | elapsed=899.5s | eta=113.3s
  step  89304/100000 | loss=4.4781 | rl=1.7473 | vl=1.3514 | behavior=6.8973 | curv_reg=0.000000 | codes=254/241/240/256 | c=1.366/0.735/0.644 | ips_g=98.7 ips/rk=24.7 | elapsed=904.5s | eta=108.3s
  step  89784/100000 | loss=4.5224 | rl=1.7880 | vl=1.2677 | behavior=7.3337 | curv_reg=0.000000 | codes=251/242/237/256 | c=1.366/0.735/0.644 | ips_g=98.7 ips/rk=24.7 | elapsed=909.5s | eta=103.5s
[Step12] saved /home/wlia0047/ar57/wenyu/GeneRec/results/stage2_RQ-VAE/curvature_RQ-VAE_iter29/out/rqvae/instruments/rqvae_best.pth (step=90000)
  [SID save step=90000] wrote raw 3-token SIDs /home/wlia0047/ar57/wenyu/GeneRec/results/stage2_RQ-VAE/curvature_RQ-VAE_iter29/out/rqvae/instruments/sids_raw.npy: shape=(24587, 3)
  [SID metrics step=90000] full_gini=0.0920 per_layer=[0.1761/0.3067/0.3399] unique=22187/24587 l01_pairs=12880 H_l1_given_l0=5.2912
  step  90240/100000 | loss=4.4508 | rl=1.8126 | vl=1.2028 | behavior=7.1772 | curv_reg=0.000000 | codes=253/242/235/256 | c=1.366/0.735/0.644 | ips_g=98.7 ips/rk=24.7 | elapsed=914.5s | eta=98.9s
  step  90728/100000 | loss=5.0184 | rl=1.8727 | vl=1.6102 | behavior=7.6774 | curv_reg=0.000000 | codes=256/251/238/256 | c=1.366/0.735/0.644 | ips_g=98.7 ips/rk=24.7 | elapsed=919.6s | eta=94.0s
  step  91220/100000 | loss=4.4662 | rl=1.7350 | vl=1.2836 | behavior=7.2381 | curv_reg=0.000000 | codes=251/251/234/256 | c=1.366/0.735/0.644 | ips_g=98.7 ips/rk=24.7 | elapsed=924.6s | eta=89.0s
  step  91708/100000 | loss=4.5340 | rl=1.7406 | vl=1.3326 | behavior=7.3044 | curv_reg=0.000000 | codes=253/244/239/256 | c=1.366/0.735/0.644 | ips_g=98.7 ips/rk=24.7 | elapsed=929.6s | eta=84.1s
  step  92200/100000 | loss=4.3822 | rl=1.7414 | vl=1.2316 | behavior=7.0457 | curv_reg=0.000000 | codes=255/249/238/256 | c=1.366/0.735/0.644 | ips_g=98.6 ips/rk=24.7 | elapsed=934.6s | eta=79.1s
  step  92680/100000 | loss=4.6191 | rl=1.7575 | vl=1.3876 | behavior=7.3700 | curv_reg=0.000000 | codes=251/247/241/256 | c=1.366/0.735/0.644 | ips_g=98.6 ips/rk=24.7 | elapsed=939.7s | eta=74.2s
  step  93164/100000 | loss=4.8116 | rl=1.8362 | vl=1.5085 | behavior=7.3344 | curv_reg=0.000000 | codes=253/248/235/256 | c=1.366/0.735/0.644 | ips_g=98.6 ips/rk=24.7 | elapsed=944.7s | eta=69.3s
  step  93652/100000 | loss=4.6688 | rl=1.7792 | vl=1.4165 | behavior=7.3656 | curv_reg=0.000000 | codes=251/247/243/256 | c=1.366/0.735/0.644 | ips_g=98.6 ips/rk=24.7 | elapsed=949.7s | eta=64.4s
  step  94164/100000 | loss=4.7710 | rl=1.8100 | vl=1.5164 | behavior=7.2233 | curv_reg=0.000000 | codes=254/243/236/256 | c=1.366/0.735/0.644 | ips_g=98.6 ips/rk=24.7 | elapsed=954.7s | eta=59.2s
  step  94672/100000 | loss=4.9244 | rl=1.8368 | vl=1.5580 | behavior=7.6481 | curv_reg=0.000000 | codes=254/243/241/256 | c=1.366/0.735/0.644 | ips_g=98.6 ips/rk=24.7 | elapsed=959.7s | eta=54.0s
  step  95172/100000 | loss=4.6314 | rl=1.8206 | vl=1.3205 | behavior=7.4511 | curv_reg=0.000000 | codes=252/248/241/256 | c=1.366/0.735/0.644 | ips_g=98.6 ips/rk=24.7 | elapsed=964.8s | eta=48.9s
  step  95680/100000 | loss=4.9042 | rl=1.8246 | vl=1.5813 | behavior=7.4915 | curv_reg=0.000000 | codes=254/243/238/256 | c=1.366/0.735/0.644 | ips_g=98.7 ips/rk=24.7 | elapsed=969.8s | eta=43.8s
  step  96192/100000 | loss=4.9628 | rl=1.8377 | vl=1.5788 | behavior=7.7313 | curv_reg=0.000000 | codes=253/245/236/256 | c=1.366/0.735/0.644 | ips_g=98.7 ips/rk=24.7 | elapsed=974.8s | eta=38.6s
  step  96700/100000 | loss=4.5958 | rl=1.7782 | vl=1.3436 | behavior=7.3700 | curv_reg=0.000000 | codes=255/249/237/256 | c=1.366/0.735/0.644 | ips_g=98.7 ips/rk=24.7 | elapsed=979.8s | eta=33.4s
  step  97204/100000 | loss=4.6725 | rl=1.8156 | vl=1.4048 | behavior=7.2606 | curv_reg=0.000000 | codes=253/248/249/256 | c=1.366/0.735/0.644 | ips_g=98.7 ips/rk=24.7 | elapsed=984.8s | eta=28.3s
  step  97708/100000 | loss=4.5727 | rl=1.8065 | vl=1.3217 | behavior=7.2226 | curv_reg=0.000000 | codes=253/243/242/256 | c=1.366/0.735/0.644 | ips_g=98.7 ips/rk=24.7 | elapsed=989.9s | eta=23.2s
  step  98220/100000 | loss=4.2575 | rl=1.7455 | vl=1.0733 | behavior=7.1931 | curv_reg=0.000000 | codes=251/246/244/256 | c=1.366/0.735/0.644 | ips_g=98.7 ips/rk=24.7 | elapsed=994.9s | eta=18.0s
  step  98728/100000 | loss=4.3630 | rl=1.7704 | vl=1.1807 | behavior=7.0593 | curv_reg=0.000000 | codes=255/245/244/256 | c=1.366/0.735/0.644 | ips_g=98.7 ips/rk=24.7 | elapsed=1000.0s | eta=12.9s
  step  99240/100000 | loss=4.8893 | rl=1.8045 | vl=1.5195 | behavior=7.8260 | curv_reg=0.000000 | codes=250/244/241/256 | c=1.366/0.735/0.644 | ips_g=98.7 ips/rk=24.7 | elapsed=1005.0s | eta=7.7s
  step  99748/100000 | loss=4.6897 | rl=1.8390 | vl=1.3721 | behavior=7.3927 | curv_reg=0.000000 | codes=254/243/242/256 | c=1.366/0.735/0.644 | ips_g=98.8 ips/rk=24.7 | elapsed=1010.0s | eta=2.6s
[iter29_curvature] step=100000 c_live=[1.366095, 0.734783, 0.643996] c_closed=[1.366095, 0.734783, 0.643996]
[iter29_invariant] step=100000 c_live=[1.366095, 0.734783, 0.643996] matches closed_form target within 1e-06
[Step12] saved /home/wlia0047/ar57/wenyu/GeneRec/results/stage2_RQ-VAE/curvature_RQ-VAE_iter29/out/rqvae/instruments/rqvae_best.pth (step=100000)
  [SID save step=100000] wrote raw 3-token SIDs /home/wlia0047/ar57/wenyu/GeneRec/results/stage2_RQ-VAE/curvature_RQ-VAE_iter29/out/rqvae/instruments/sids_raw.npy: shape=(24587, 3)
  [SID metrics step=100000] full_gini=0.0877 per_layer=[0.1749/0.3076/0.3610] unique=22301/24587 l01_pairs=12960 H_l1_given_l0=5.3012
[export] 3-token unique=22301/24587 (collision rows=2286) -> extension 值域 [768, 780] (default=768)
[export] wrote /home/wlia0047/ar57/wenyu/GeneRec/results/stage2_RQ-VAE/curvature_RQ-VAE_iter29/dataset/Instruments/sids_for_hgrec.npy: shape=(24587, 4)
[export] wrote /home/wlia0047/ar57/wenyu/GeneRec/results/stage2_RQ-VAE/curvature_RQ-VAE_iter29/item_sids.json: n_items=24587
[export] SID_WIRING_PASS: 4-token extension npy + JSON 校验通过
[train] done at global_step=100000, total time=1013.1s
