2026-09-26 07:43:20,779 - INFO - Configuration: {'batch_size': 4096, 'infer_size': 1024, 'num_epochs': 150, 'eval_interval': 5, 'eval_start_epoch': 75, 'early_eval_epochs': (25, 50, 75, 100, 125), 'early_stop': 10, 'fast': True, 'bf16': True, 'use_lr_scheduler': True, 'lr_warmup_pct': 0.1, 'lr_min_factor': 0.2, 'compile': False, 'compile_mode': 'default', 'num_layers': 4, 'num_decoder_layers': 4, 'd_model': 128, 'd_ff': 1024, 'num_heads': 6, 'd_kv': 64, 'dropout_rate': 0.1, 'activation_function': 'relu', 'feed_forward_proj': 'relu', 'device': 'cuda', 'lr': 0.003, 'weight_decay': 0.05, 'vocab_size': 783, 'eos_token_id': 782, 'pad_token_id': 0, 'n_user_tokens': 1, 'max_len': 20, 'dataset_name': 'Amazon_2023_Instruments', 'dataset_path': '/home/wlia0047/ar57/wenyu/GeneRec/results/stage0_build_parquet/', 'codebook_size': [256, 256, 256, 1], 'code_path': '/home/wlia0047/ar57/wenyu/GeneRec/results/stage2_RQ-VAE/curvature_RQ-VAE_iter20/item_sids.json', 'train_file': 'train.parquet', 'valid_file': 'valid.parquet', 'test_file': 'test.parquet', 'log_path': '/home/wlia0047/ar57/wenyu/GeneRec/results/stage3_T5Train/curvature_RQ-VAE_iter20/logs/', 'save_path': '/home/wlia0047/ar57/wenyu/GeneRec/results/stage3_T5Train/curvature_RQ-VAE_iter20/ckpt/', 'seed': 42, 'topk_list': [5, 10], 'beam_size': 20, 'no_eval': True, 'skip_test': False, 'screen_baseline_log': '', 'screen_start_epoch': 40, 'screen_window': 5, 'screen_min_ndcg_gain': 0.001, 'screen_min_recall_gain': 0.001, 'screen_skip_test_on_fail': True, 'num_workers': 4, 'prefetch_factor': 8, 'exclude_history': True, 'no_exclude_history': False, 'pin_memory': True, 'no_pin_memory': False, 'sid_length': 4, 'max_token_seq_len': 82, 'decoder_start_token_id': 0}
2026-09-26 07:43:20,831 - INFO - #Embedding parameters: 100224
#Non-embedding parameters: 4459648
#Total trainable parameters: 4559872

2026-09-26 07:43:34,538 - INFO - Epoch 1/150 train_loss=4.770865879058838
2026-09-26 07:43:34,622 - INFO - Best train loss=4.770865879058838; saved /home/wlia0047/ar57/wenyu/GeneRec/results/stage3_T5Train/curvature_RQ-VAE_iter20/ckpt/Amazon_2023_Instruments/Sep-26-2026_07-43-20/HG_Rec_best.pth
2026-09-26 07:43:46,242 - INFO - Epoch 2/150 train_loss=4.124577007293701
2026-09-26 07:43:46,278 - INFO - Best train loss=4.124577007293701; saved /home/wlia0047/ar57/wenyu/GeneRec/results/stage3_T5Train/curvature_RQ-VAE_iter20/ckpt/Amazon_2023_Instruments/Sep-26-2026_07-43-20/HG_Rec_best.pth
2026-09-26 07:43:57,886 - INFO - Epoch 3/150 train_loss=3.924039182662964
2026-09-26 07:43:57,925 - INFO - Best train loss=3.924039182662964; saved /home/wlia0047/ar57/wenyu/GeneRec/results/stage3_T5Train/curvature_RQ-VAE_iter20/ckpt/Amazon_2023_Instruments/Sep-26-2026_07-43-20/HG_Rec_best.pth
2026-09-26 07:44:09,532 - INFO - Epoch 4/150 train_loss=3.773065881729126
2026-09-26 07:44:09,569 - INFO - Best train loss=3.773065881729126; saved /home/wlia0047/ar57/wenyu/GeneRec/results/stage3_T5Train/curvature_RQ-VAE_iter20/ckpt/Amazon_2023_Instruments/Sep-26-2026_07-43-20/HG_Rec_best.pth
2026-09-26 07:44:21,170 - INFO - Epoch 5/150 train_loss=3.649862070083618
2026-09-26 07:44:21,206 - INFO - Best train loss=3.649862070083618; saved /home/wlia0047/ar57/wenyu/GeneRec/results/stage3_T5Train/curvature_RQ-VAE_iter20/ckpt/Amazon_2023_Instruments/Sep-26-2026_07-43-20/HG_Rec_best.pth
2026-09-26 07:44:32,818 - INFO - Epoch 6/150 train_loss=3.4960463714599608
2026-09-26 07:44:32,856 - INFO - Best train loss=3.4960463714599608; saved /home/wlia0047/ar57/wenyu/GeneRec/results/stage3_T5Train/curvature_RQ-VAE_iter20/ckpt/Amazon_2023_Instruments/Sep-26-2026_07-43-20/HG_Rec_best.pth
2026-09-26 07:44:44,465 - INFO - Epoch 7/150 train_loss=3.35475772857666
2026-09-26 07:44:44,502 - INFO - Best train loss=3.35475772857666; saved /home/wlia0047/ar57/wenyu/GeneRec/results/stage3_T5Train/curvature_RQ-VAE_iter20/ckpt/Amazon_2023_Instruments/Sep-26-2026_07-43-20/HG_Rec_best.pth
2026-09-26 07:44:56,100 - INFO - Epoch 8/150 train_loss=3.525880365371704
2026-09-26 07:44:56,105 - INFO - No train loss improvement; patience=1
2026-09-26 07:45:07,707 - INFO - Epoch 9/150 train_loss=3.349243230819702
2026-09-26 07:45:07,744 - INFO - Best train loss=3.349243230819702; saved /home/wlia0047/ar57/wenyu/GeneRec/results/stage3_T5Train/curvature_RQ-VAE_iter20/ckpt/Amazon_2023_Instruments/Sep-26-2026_07-43-20/HG_Rec_best.pth
2026-09-26 07:45:19,344 - INFO - Epoch 10/150 train_loss=3.18883131980896
2026-09-26 07:45:19,381 - INFO - Best train loss=3.18883131980896; saved /home/wlia0047/ar57/wenyu/GeneRec/results/stage3_T5Train/curvature_RQ-VAE_iter20/ckpt/Amazon_2023_Instruments/Sep-26-2026_07-43-20/HG_Rec_best.pth
2026-09-26 07:45:30,982 - INFO - Epoch 11/150 train_loss=3.0932235527038574
2026-09-26 07:45:31,017 - INFO - Best train loss=3.0932235527038574; saved /home/wlia0047/ar57/wenyu/GeneRec/results/stage3_T5Train/curvature_RQ-VAE_iter20/ckpt/Amazon_2023_Instruments/Sep-26-2026_07-43-20/HG_Rec_best.pth
2026-09-26 07:45:42,613 - INFO - Epoch 12/150 train_loss=3.0122962951660157
2026-09-26 07:45:42,650 - INFO - Best train loss=3.0122962951660157; saved /home/wlia0047/ar57/wenyu/GeneRec/results/stage3_T5Train/curvature_RQ-VAE_iter20/ckpt/Amazon_2023_Instruments/Sep-26-2026_07-43-20/HG_Rec_best.pth
2026-09-26 07:45:54,254 - INFO - Epoch 13/150 train_loss=2.9406698608398436
2026-09-26 07:45:54,289 - INFO - Best train loss=2.9406698608398436; saved /home/wlia0047/ar57/wenyu/GeneRec/results/stage3_T5Train/curvature_RQ-VAE_iter20/ckpt/Amazon_2023_Instruments/Sep-26-2026_07-43-20/HG_Rec_best.pth
2026-09-26 07:46:05,895 - INFO - Epoch 14/150 train_loss=2.8692988395690917
2026-09-26 07:46:05,933 - INFO - Best train loss=2.8692988395690917; saved /home/wlia0047/ar57/wenyu/GeneRec/results/stage3_T5Train/curvature_RQ-VAE_iter20/ckpt/Amazon_2023_Instruments/Sep-26-2026_07-43-20/HG_Rec_best.pth
2026-09-26 07:46:17,532 - INFO - Epoch 15/150 train_loss=2.8108456134796143
2026-09-26 07:46:17,568 - INFO - Best train loss=2.8108456134796143; saved /home/wlia0047/ar57/wenyu/GeneRec/results/stage3_T5Train/curvature_RQ-VAE_iter20/ckpt/Amazon_2023_Instruments/Sep-26-2026_07-43-20/HG_Rec_best.pth
2026-09-26 07:46:29,178 - INFO - Epoch 16/150 train_loss=2.757136831283569
2026-09-26 07:46:29,213 - INFO - Best train loss=2.757136831283569; saved /home/wlia0047/ar57/wenyu/GeneRec/results/stage3_T5Train/curvature_RQ-VAE_iter20/ckpt/Amazon_2023_Instruments/Sep-26-2026_07-43-20/HG_Rec_best.pth
2026-09-26 07:46:40,815 - INFO - Epoch 17/150 train_loss=2.7011202430725096
2026-09-26 07:46:40,852 - INFO - Best train loss=2.7011202430725096; saved /home/wlia0047/ar57/wenyu/GeneRec/results/stage3_T5Train/curvature_RQ-VAE_iter20/ckpt/Amazon_2023_Instruments/Sep-26-2026_07-43-20/HG_Rec_best.pth
2026-09-26 07:46:52,977 - INFO - Epoch 18/150 train_loss=2.6590150356292725
2026-09-26 07:46:53,012 - INFO - Best train loss=2.6590150356292725; saved /home/wlia0047/ar57/wenyu/GeneRec/results/stage3_T5Train/curvature_RQ-VAE_iter20/ckpt/Amazon_2023_Instruments/Sep-26-2026_07-43-20/HG_Rec_best.pth
2026-09-26 07:47:04,610 - INFO - Epoch 19/150 train_loss=2.619479064941406
2026-09-26 07:47:04,645 - INFO - Best train loss=2.619479064941406; saved /home/wlia0047/ar57/wenyu/GeneRec/results/stage3_T5Train/curvature_RQ-VAE_iter20/ckpt/Amazon_2023_Instruments/Sep-26-2026_07-43-20/HG_Rec_best.pth
2026-09-26 07:47:16,244 - INFO - Epoch 20/150 train_loss=2.5808519172668456
2026-09-26 07:47:16,280 - INFO - Best train loss=2.5808519172668456; saved /home/wlia0047/ar57/wenyu/GeneRec/results/stage3_T5Train/curvature_RQ-VAE_iter20/ckpt/Amazon_2023_Instruments/Sep-26-2026_07-43-20/HG_Rec_best.pth
2026-09-26 07:47:27,882 - INFO - Epoch 21/150 train_loss=2.54148814201355
2026-09-26 07:47:27,917 - INFO - Best train loss=2.54148814201355; saved /home/wlia0047/ar57/wenyu/GeneRec/results/stage3_T5Train/curvature_RQ-VAE_iter20/ckpt/Amazon_2023_Instruments/Sep-26-2026_07-43-20/HG_Rec_best.pth
2026-09-26 07:47:39,522 - INFO - Epoch 22/150 train_loss=2.512349395751953
2026-09-26 07:47:39,557 - INFO - Best train loss=2.512349395751953; saved /home/wlia0047/ar57/wenyu/GeneRec/results/stage3_T5Train/curvature_RQ-VAE_iter20/ckpt/Amazon_2023_Instruments/Sep-26-2026_07-43-20/HG_Rec_best.pth
2026-09-26 07:47:51,159 - INFO - Epoch 23/150 train_loss=2.483102159500122
2026-09-26 07:47:51,196 - INFO - Best train loss=2.483102159500122; saved /home/wlia0047/ar57/wenyu/GeneRec/results/stage3_T5Train/curvature_RQ-VAE_iter20/ckpt/Amazon_2023_Instruments/Sep-26-2026_07-43-20/HG_Rec_best.pth
2026-09-26 07:48:02,794 - INFO - Epoch 24/150 train_loss=2.4609021091461183
2026-09-26 07:48:02,830 - INFO - Best train loss=2.4609021091461183; saved /home/wlia0047/ar57/wenyu/GeneRec/results/stage3_T5Train/curvature_RQ-VAE_iter20/ckpt/Amazon_2023_Instruments/Sep-26-2026_07-43-20/HG_Rec_best.pth
2026-09-26 07:48:14,430 - INFO - Epoch 25/150 train_loss=2.434714603424072
2026-09-26 07:48:14,465 - INFO - Best train loss=2.434714603424072; saved /home/wlia0047/ar57/wenyu/GeneRec/results/stage3_T5Train/curvature_RQ-VAE_iter20/ckpt/Amazon_2023_Instruments/Sep-26-2026_07-43-20/HG_Rec_best.pth
2026-09-26 07:48:26,069 - INFO - Epoch 26/150 train_loss=2.406125993728638
2026-09-26 07:48:26,104 - INFO - Best train loss=2.406125993728638; saved /home/wlia0047/ar57/wenyu/GeneRec/results/stage3_T5Train/curvature_RQ-VAE_iter20/ckpt/Amazon_2023_Instruments/Sep-26-2026_07-43-20/HG_Rec_best.pth
2026-09-26 07:48:37,712 - INFO - Epoch 27/150 train_loss=2.386972436904907
2026-09-26 07:48:37,750 - INFO - Best train loss=2.386972436904907; saved /home/wlia0047/ar57/wenyu/GeneRec/results/stage3_T5Train/curvature_RQ-VAE_iter20/ckpt/Amazon_2023_Instruments/Sep-26-2026_07-43-20/HG_Rec_best.pth
2026-09-26 07:48:49,354 - INFO - Epoch 28/150 train_loss=2.3652663040161133
2026-09-26 07:48:49,390 - INFO - Best train loss=2.3652663040161133; saved /home/wlia0047/ar57/wenyu/GeneRec/results/stage3_T5Train/curvature_RQ-VAE_iter20/ckpt/Amazon_2023_Instruments/Sep-26-2026_07-43-20/HG_Rec_best.pth
2026-09-26 07:49:00,991 - INFO - Epoch 29/150 train_loss=2.346057834625244
2026-09-26 07:49:01,026 - INFO - Best train loss=2.346057834625244; saved /home/wlia0047/ar57/wenyu/GeneRec/results/stage3_T5Train/curvature_RQ-VAE_iter20/ckpt/Amazon_2023_Instruments/Sep-26-2026_07-43-20/HG_Rec_best.pth
2026-09-26 07:49:12,630 - INFO - Epoch 30/150 train_loss=2.324481945037842
2026-09-26 07:49:12,667 - INFO - Best train loss=2.324481945037842; saved /home/wlia0047/ar57/wenyu/GeneRec/results/stage3_T5Train/curvature_RQ-VAE_iter20/ckpt/Amazon_2023_Instruments/Sep-26-2026_07-43-20/HG_Rec_best.pth
2026-09-26 07:49:24,266 - INFO - Epoch 31/150 train_loss=2.313077392578125
2026-09-26 07:49:24,301 - INFO - Best train loss=2.313077392578125; saved /home/wlia0047/ar57/wenyu/GeneRec/results/stage3_T5Train/curvature_RQ-VAE_iter20/ckpt/Amazon_2023_Instruments/Sep-26-2026_07-43-20/HG_Rec_best.pth
2026-09-26 07:49:35,900 - INFO - Epoch 32/150 train_loss=2.2961005210876464
2026-09-26 07:49:35,934 - INFO - Best train loss=2.2961005210876464; saved /home/wlia0047/ar57/wenyu/GeneRec/results/stage3_T5Train/curvature_RQ-VAE_iter20/ckpt/Amazon_2023_Instruments/Sep-26-2026_07-43-20/HG_Rec_best.pth
2026-09-26 07:49:47,537 - INFO - Epoch 33/150 train_loss=2.274833641052246
2026-09-26 07:49:47,574 - INFO - Best train loss=2.274833641052246; saved /home/wlia0047/ar57/wenyu/GeneRec/results/stage3_T5Train/curvature_RQ-VAE_iter20/ckpt/Amazon_2023_Instruments/Sep-26-2026_07-43-20/HG_Rec_best.pth
2026-09-26 07:49:59,177 - INFO - Epoch 34/150 train_loss=2.262288293838501
2026-09-26 07:49:59,215 - INFO - Best train loss=2.262288293838501; saved /home/wlia0047/ar57/wenyu/GeneRec/results/stage3_T5Train/curvature_RQ-VAE_iter20/ckpt/Amazon_2023_Instruments/Sep-26-2026_07-43-20/HG_Rec_best.pth
2026-09-26 07:50:10,820 - INFO - Epoch 35/150 train_loss=2.254132766723633
2026-09-26 07:50:10,857 - INFO - Best train loss=2.254132766723633; saved /home/wlia0047/ar57/wenyu/GeneRec/results/stage3_T5Train/curvature_RQ-VAE_iter20/ckpt/Amazon_2023_Instruments/Sep-26-2026_07-43-20/HG_Rec_best.pth
2026-09-26 07:50:22,465 - INFO - Epoch 36/150 train_loss=2.2398757266998293
2026-09-26 07:50:22,501 - INFO - Best train loss=2.2398757266998293; saved /home/wlia0047/ar57/wenyu/GeneRec/results/stage3_T5Train/curvature_RQ-VAE_iter20/ckpt/Amazon_2023_Instruments/Sep-26-2026_07-43-20/HG_Rec_best.pth
2026-09-26 07:50:34,105 - INFO - Epoch 37/150 train_loss=2.224790697097778
2026-09-26 07:50:34,140 - INFO - Best train loss=2.224790697097778; saved /home/wlia0047/ar57/wenyu/GeneRec/results/stage3_T5Train/curvature_RQ-VAE_iter20/ckpt/Amazon_2023_Instruments/Sep-26-2026_07-43-20/HG_Rec_best.pth
2026-09-26 07:50:45,737 - INFO - Epoch 38/150 train_loss=2.2129240322113035
2026-09-26 07:50:45,774 - INFO - Best train loss=2.2129240322113035; saved /home/wlia0047/ar57/wenyu/GeneRec/results/stage3_T5Train/curvature_RQ-VAE_iter20/ckpt/Amazon_2023_Instruments/Sep-26-2026_07-43-20/HG_Rec_best.pth
2026-09-26 07:50:57,371 - INFO - Epoch 39/150 train_loss=2.207137413024902
2026-09-26 07:50:57,408 - INFO - Best train loss=2.207137413024902; saved /home/wlia0047/ar57/wenyu/GeneRec/results/stage3_T5Train/curvature_RQ-VAE_iter20/ckpt/Amazon_2023_Instruments/Sep-26-2026_07-43-20/HG_Rec_best.pth
2026-09-26 07:51:09,003 - INFO - Epoch 40/150 train_loss=2.1954921436309816
2026-09-26 07:51:09,039 - INFO - Best train loss=2.1954921436309816; saved /home/wlia0047/ar57/wenyu/GeneRec/results/stage3_T5Train/curvature_RQ-VAE_iter20/ckpt/Amazon_2023_Instruments/Sep-26-2026_07-43-20/HG_Rec_best.pth
2026-09-26 07:51:20,636 - INFO - Epoch 41/150 train_loss=2.1885492420196533
2026-09-26 07:51:20,671 - INFO - Best train loss=2.1885492420196533; saved /home/wlia0047/ar57/wenyu/GeneRec/results/stage3_T5Train/curvature_RQ-VAE_iter20/ckpt/Amazon_2023_Instruments/Sep-26-2026_07-43-20/HG_Rec_best.pth
2026-09-26 07:51:32,269 - INFO - Epoch 42/150 train_loss=2.1728071784973144
2026-09-26 07:51:32,307 - INFO - Best train loss=2.1728071784973144; saved /home/wlia0047/ar57/wenyu/GeneRec/results/stage3_T5Train/curvature_RQ-VAE_iter20/ckpt/Amazon_2023_Instruments/Sep-26-2026_07-43-20/HG_Rec_best.pth
2026-09-26 07:51:43,924 - INFO - Epoch 43/150 train_loss=2.1559776210784913
2026-09-26 07:51:43,961 - INFO - Best train loss=2.1559776210784913; saved /home/wlia0047/ar57/wenyu/GeneRec/results/stage3_T5Train/curvature_RQ-VAE_iter20/ckpt/Amazon_2023_Instruments/Sep-26-2026_07-43-20/HG_Rec_best.pth
2026-09-26 07:51:55,562 - INFO - Epoch 44/150 train_loss=2.143991708755493
2026-09-26 07:51:55,595 - INFO - Best train loss=2.143991708755493; saved /home/wlia0047/ar57/wenyu/GeneRec/results/stage3_T5Train/curvature_RQ-VAE_iter20/ckpt/Amazon_2023_Instruments/Sep-26-2026_07-43-20/HG_Rec_best.pth
2026-09-26 07:52:07,195 - INFO - Epoch 45/150 train_loss=2.133682680130005
2026-09-26 07:52:07,229 - INFO - Best train loss=2.133682680130005; saved /home/wlia0047/ar57/wenyu/GeneRec/results/stage3_T5Train/curvature_RQ-VAE_iter20/ckpt/Amazon_2023_Instruments/Sep-26-2026_07-43-20/HG_Rec_best.pth
2026-09-26 07:52:18,831 - INFO - Epoch 46/150 train_loss=2.125400390625
2026-09-26 07:52:18,866 - INFO - Best train loss=2.125400390625; saved /home/wlia0047/ar57/wenyu/GeneRec/results/stage3_T5Train/curvature_RQ-VAE_iter20/ckpt/Amazon_2023_Instruments/Sep-26-2026_07-43-20/HG_Rec_best.pth
2026-09-26 07:52:30,467 - INFO - Epoch 47/150 train_loss=2.1202268409729004
2026-09-26 07:52:30,503 - INFO - Best train loss=2.1202268409729004; saved /home/wlia0047/ar57/wenyu/GeneRec/results/stage3_T5Train/curvature_RQ-VAE_iter20/ckpt/Amazon_2023_Instruments/Sep-26-2026_07-43-20/HG_Rec_best.pth
2026-09-26 07:52:42,105 - INFO - Epoch 48/150 train_loss=2.1069419479370115
2026-09-26 07:52:42,142 - INFO - Best train loss=2.1069419479370115; saved /home/wlia0047/ar57/wenyu/GeneRec/results/stage3_T5Train/curvature_RQ-VAE_iter20/ckpt/Amazon_2023_Instruments/Sep-26-2026_07-43-20/HG_Rec_best.pth
2026-09-26 07:52:53,750 - INFO - Epoch 49/150 train_loss=2.097466173171997
2026-09-26 07:52:53,784 - INFO - Best train loss=2.097466173171997; saved /home/wlia0047/ar57/wenyu/GeneRec/results/stage3_T5Train/curvature_RQ-VAE_iter20/ckpt/Amazon_2023_Instruments/Sep-26-2026_07-43-20/HG_Rec_best.pth
2026-09-26 07:53:05,384 - INFO - Epoch 50/150 train_loss=2.097542991638184
2026-09-26 07:53:05,389 - INFO - No train loss improvement; patience=1
2026-09-26 07:53:17,486 - INFO - Epoch 51/150 train_loss=2.0872664928436278
2026-09-26 07:53:17,668 - INFO - Best train loss=2.0872664928436278; saved /home/wlia0047/ar57/wenyu/GeneRec/results/stage3_T5Train/curvature_RQ-VAE_iter20/ckpt/Amazon_2023_Instruments/Sep-26-2026_07-43-20/HG_Rec_best.pth
2026-09-26 07:53:29,306 - INFO - Epoch 52/150 train_loss=2.085460729598999
2026-09-26 07:53:29,361 - INFO - Best train loss=2.085460729598999; saved /home/wlia0047/ar57/wenyu/GeneRec/results/stage3_T5Train/curvature_RQ-VAE_iter20/ckpt/Amazon_2023_Instruments/Sep-26-2026_07-43-20/HG_Rec_best.pth
2026-09-26 07:53:40,960 - INFO - Epoch 53/150 train_loss=2.0793016529083252
2026-09-26 07:53:40,996 - INFO - Best train loss=2.0793016529083252; saved /home/wlia0047/ar57/wenyu/GeneRec/results/stage3_T5Train/curvature_RQ-VAE_iter20/ckpt/Amazon_2023_Instruments/Sep-26-2026_07-43-20/HG_Rec_best.pth
2026-09-26 07:53:52,599 - INFO - Epoch 54/150 train_loss=2.0694892978668213
2026-09-26 07:53:52,635 - INFO - Best train loss=2.0694892978668213; saved /home/wlia0047/ar57/wenyu/GeneRec/results/stage3_T5Train/curvature_RQ-VAE_iter20/ckpt/Amazon_2023_Instruments/Sep-26-2026_07-43-20/HG_Rec_best.pth
2026-09-26 07:54:05,884 - INFO - Epoch 55/150 train_loss=2.0672616958618164
2026-09-26 07:54:05,977 - INFO - Best train loss=2.0672616958618164; saved /home/wlia0047/ar57/wenyu/GeneRec/results/stage3_T5Train/curvature_RQ-VAE_iter20/ckpt/Amazon_2023_Instruments/Sep-26-2026_07-43-20/HG_Rec_best.pth
2026-09-26 07:54:17,578 - INFO - Epoch 56/150 train_loss=2.0628711128234865
2026-09-26 07:54:17,648 - INFO - Best train loss=2.0628711128234865; saved /home/wlia0047/ar57/wenyu/GeneRec/results/stage3_T5Train/curvature_RQ-VAE_iter20/ckpt/Amazon_2023_Instruments/Sep-26-2026_07-43-20/HG_Rec_best.pth
2026-09-26 07:54:29,250 - INFO - Epoch 57/150 train_loss=2.0542431354522703
2026-09-26 07:54:29,288 - INFO - Best train loss=2.0542431354522703; saved /home/wlia0047/ar57/wenyu/GeneRec/results/stage3_T5Train/curvature_RQ-VAE_iter20/ckpt/Amazon_2023_Instruments/Sep-26-2026_07-43-20/HG_Rec_best.pth
2026-09-26 07:54:40,967 - INFO - Epoch 58/150 train_loss=2.0483200550079346
2026-09-26 07:54:41,011 - INFO - Best train loss=2.0483200550079346; saved /home/wlia0047/ar57/wenyu/GeneRec/results/stage3_T5Train/curvature_RQ-VAE_iter20/ckpt/Amazon_2023_Instruments/Sep-26-2026_07-43-20/HG_Rec_best.pth
2026-09-26 07:54:52,609 - INFO - Epoch 59/150 train_loss=2.043057622909546
2026-09-26 07:54:52,645 - INFO - Best train loss=2.043057622909546; saved /home/wlia0047/ar57/wenyu/GeneRec/results/stage3_T5Train/curvature_RQ-VAE_iter20/ckpt/Amazon_2023_Instruments/Sep-26-2026_07-43-20/HG_Rec_best.pth
2026-09-26 07:55:04,246 - INFO - Epoch 60/150 train_loss=2.0405808544158934
2026-09-26 07:55:04,283 - INFO - Best train loss=2.0405808544158934; saved /home/wlia0047/ar57/wenyu/GeneRec/results/stage3_T5Train/curvature_RQ-VAE_iter20/ckpt/Amazon_2023_Instruments/Sep-26-2026_07-43-20/HG_Rec_best.pth
2026-09-26 07:55:15,885 - INFO - Epoch 61/150 train_loss=2.036171112060547
2026-09-26 07:55:15,920 - INFO - Best train loss=2.036171112060547; saved /home/wlia0047/ar57/wenyu/GeneRec/results/stage3_T5Train/curvature_RQ-VAE_iter20/ckpt/Amazon_2023_Instruments/Sep-26-2026_07-43-20/HG_Rec_best.pth
2026-09-26 07:55:27,526 - INFO - Epoch 62/150 train_loss=2.0297504377365114
2026-09-26 07:55:27,560 - INFO - Best train loss=2.0297504377365114; saved /home/wlia0047/ar57/wenyu/GeneRec/results/stage3_T5Train/curvature_RQ-VAE_iter20/ckpt/Amazon_2023_Instruments/Sep-26-2026_07-43-20/HG_Rec_best.pth
2026-09-26 07:55:39,158 - INFO - Epoch 63/150 train_loss=2.028542785644531
2026-09-26 07:55:39,194 - INFO - Best train loss=2.028542785644531; saved /home/wlia0047/ar57/wenyu/GeneRec/results/stage3_T5Train/curvature_RQ-VAE_iter20/ckpt/Amazon_2023_Instruments/Sep-26-2026_07-43-20/HG_Rec_best.pth
2026-09-26 07:55:50,804 - INFO - Epoch 64/150 train_loss=2.0230057525634764
2026-09-26 07:55:50,839 - INFO - Best train loss=2.0230057525634764; saved /home/wlia0047/ar57/wenyu/GeneRec/results/stage3_T5Train/curvature_RQ-VAE_iter20/ckpt/Amazon_2023_Instruments/Sep-26-2026_07-43-20/HG_Rec_best.pth
2026-09-26 07:56:02,446 - INFO - Epoch 65/150 train_loss=2.0218080997467043
2026-09-26 07:56:02,482 - INFO - Best train loss=2.0218080997467043; saved /home/wlia0047/ar57/wenyu/GeneRec/results/stage3_T5Train/curvature_RQ-VAE_iter20/ckpt/Amazon_2023_Instruments/Sep-26-2026_07-43-20/HG_Rec_best.pth
2026-09-26 07:56:14,086 - INFO - Epoch 66/150 train_loss=2.0170620012283327
2026-09-26 07:56:14,121 - INFO - Best train loss=2.0170620012283327; saved /home/wlia0047/ar57/wenyu/GeneRec/results/stage3_T5Train/curvature_RQ-VAE_iter20/ckpt/Amazon_2023_Instruments/Sep-26-2026_07-43-20/HG_Rec_best.pth
2026-09-26 07:56:25,724 - INFO - Epoch 67/150 train_loss=2.0129869270324705
2026-09-26 07:56:25,760 - INFO - Best train loss=2.0129869270324705; saved /home/wlia0047/ar57/wenyu/GeneRec/results/stage3_T5Train/curvature_RQ-VAE_iter20/ckpt/Amazon_2023_Instruments/Sep-26-2026_07-43-20/HG_Rec_best.pth
2026-09-26 07:56:37,364 - INFO - Epoch 68/150 train_loss=2.01151273727417
2026-09-26 07:56:37,400 - INFO - Best train loss=2.01151273727417; saved /home/wlia0047/ar57/wenyu/GeneRec/results/stage3_T5Train/curvature_RQ-VAE_iter20/ckpt/Amazon_2023_Instruments/Sep-26-2026_07-43-20/HG_Rec_best.pth
2026-09-26 07:56:49,005 - INFO - Epoch 69/150 train_loss=2.0102727460861205
2026-09-26 07:56:49,042 - INFO - Best train loss=2.0102727460861205; saved /home/wlia0047/ar57/wenyu/GeneRec/results/stage3_T5Train/curvature_RQ-VAE_iter20/ckpt/Amazon_2023_Instruments/Sep-26-2026_07-43-20/HG_Rec_best.pth
2026-09-26 07:57:00,646 - INFO - Epoch 70/150 train_loss=2.0046260595321654
2026-09-26 07:57:00,682 - INFO - Best train loss=2.0046260595321654; saved /home/wlia0047/ar57/wenyu/GeneRec/results/stage3_T5Train/curvature_RQ-VAE_iter20/ckpt/Amazon_2023_Instruments/Sep-26-2026_07-43-20/HG_Rec_best.pth
2026-09-26 07:57:12,286 - INFO - Epoch 71/150 train_loss=2.002407193183899
2026-09-26 07:57:12,324 - INFO - Best train loss=2.002407193183899; saved /home/wlia0047/ar57/wenyu/GeneRec/results/stage3_T5Train/curvature_RQ-VAE_iter20/ckpt/Amazon_2023_Instruments/Sep-26-2026_07-43-20/HG_Rec_best.pth
2026-09-26 07:57:23,934 - INFO - Epoch 72/150 train_loss=1.9975176239013672
2026-09-26 07:57:23,973 - INFO - Best train loss=1.9975176239013672; saved /home/wlia0047/ar57/wenyu/GeneRec/results/stage3_T5Train/curvature_RQ-VAE_iter20/ckpt/Amazon_2023_Instruments/Sep-26-2026_07-43-20/HG_Rec_best.pth
2026-09-26 07:57:35,570 - INFO - Epoch 73/150 train_loss=1.9881321144104005
2026-09-26 07:57:35,608 - INFO - Best train loss=1.9881321144104005; saved /home/wlia0047/ar57/wenyu/GeneRec/results/stage3_T5Train/curvature_RQ-VAE_iter20/ckpt/Amazon_2023_Instruments/Sep-26-2026_07-43-20/HG_Rec_best.pth
2026-09-26 07:57:47,205 - INFO - Epoch 74/150 train_loss=1.99445565700531
2026-09-26 07:57:47,208 - INFO - No train loss improvement; patience=1
2026-09-26 07:57:58,810 - INFO - Epoch 75/150 train_loss=1.9917944860458374
2026-09-26 07:57:58,814 - INFO - No train loss improvement; patience=2
2026-09-26 07:58:10,418 - INFO - Epoch 76/150 train_loss=1.9878750085830688
2026-09-26 07:58:10,455 - INFO - Best train loss=1.9878750085830688; saved /home/wlia0047/ar57/wenyu/GeneRec/results/stage3_T5Train/curvature_RQ-VAE_iter20/ckpt/Amazon_2023_Instruments/Sep-26-2026_07-43-20/HG_Rec_best.pth
2026-09-26 07:58:22,061 - INFO - Epoch 77/150 train_loss=1.9802931213378907
2026-09-26 07:58:22,099 - INFO - Best train loss=1.9802931213378907; saved /home/wlia0047/ar57/wenyu/GeneRec/results/stage3_T5Train/curvature_RQ-VAE_iter20/ckpt/Amazon_2023_Instruments/Sep-26-2026_07-43-20/HG_Rec_best.pth
2026-09-26 07:58:33,699 - INFO - Epoch 78/150 train_loss=1.980226435661316
2026-09-26 07:58:33,736 - INFO - Best train loss=1.980226435661316; saved /home/wlia0047/ar57/wenyu/GeneRec/results/stage3_T5Train/curvature_RQ-VAE_iter20/ckpt/Amazon_2023_Instruments/Sep-26-2026_07-43-20/HG_Rec_best.pth
2026-09-26 07:58:45,338 - INFO - Epoch 79/150 train_loss=1.9786150360107422
2026-09-26 07:58:45,373 - INFO - Best train loss=1.9786150360107422; saved /home/wlia0047/ar57/wenyu/GeneRec/results/stage3_T5Train/curvature_RQ-VAE_iter20/ckpt/Amazon_2023_Instruments/Sep-26-2026_07-43-20/HG_Rec_best.pth
2026-09-26 07:58:56,978 - INFO - Epoch 80/150 train_loss=1.9749435234069823
2026-09-26 07:58:57,569 - INFO - Best train loss=1.9749435234069823; saved /home/wlia0047/ar57/wenyu/GeneRec/results/stage3_T5Train/curvature_RQ-VAE_iter20/ckpt/Amazon_2023_Instruments/Sep-26-2026_07-43-20/HG_Rec_best.pth
2026-09-26 07:59:09,173 - INFO - Epoch 81/150 train_loss=1.9744839191436767
2026-09-26 07:59:09,211 - INFO - Best train loss=1.9744839191436767; saved /home/wlia0047/ar57/wenyu/GeneRec/results/stage3_T5Train/curvature_RQ-VAE_iter20/ckpt/Amazon_2023_Instruments/Sep-26-2026_07-43-20/HG_Rec_best.pth
2026-09-26 07:59:20,816 - INFO - Epoch 82/150 train_loss=1.9668154668807984
2026-09-26 07:59:20,851 - INFO - Best train loss=1.9668154668807984; saved /home/wlia0047/ar57/wenyu/GeneRec/results/stage3_T5Train/curvature_RQ-VAE_iter20/ckpt/Amazon_2023_Instruments/Sep-26-2026_07-43-20/HG_Rec_best.pth
2026-09-26 07:59:32,448 - INFO - Epoch 83/150 train_loss=1.9682953023910523
2026-09-26 07:59:32,453 - INFO - No train loss improvement; patience=1
2026-09-26 07:59:44,056 - INFO - Epoch 84/150 train_loss=1.963446946144104
2026-09-26 07:59:44,100 - INFO - Best train loss=1.963446946144104; saved /home/wlia0047/ar57/wenyu/GeneRec/results/stage3_T5Train/curvature_RQ-VAE_iter20/ckpt/Amazon_2023_Instruments/Sep-26-2026_07-43-20/HG_Rec_best.pth
2026-09-26 07:59:55,703 - INFO - Epoch 85/150 train_loss=1.9613911151885985
2026-09-26 07:59:55,741 - INFO - Best train loss=1.9613911151885985; saved /home/wlia0047/ar57/wenyu/GeneRec/results/stage3_T5Train/curvature_RQ-VAE_iter20/ckpt/Amazon_2023_Instruments/Sep-26-2026_07-43-20/HG_Rec_best.pth
2026-09-26 08:00:07,349 - INFO - Epoch 86/150 train_loss=1.9603490781784059
2026-09-26 08:00:07,385 - INFO - Best train loss=1.9603490781784059; saved /home/wlia0047/ar57/wenyu/GeneRec/results/stage3_T5Train/curvature_RQ-VAE_iter20/ckpt/Amazon_2023_Instruments/Sep-26-2026_07-43-20/HG_Rec_best.pth
2026-09-26 08:00:18,990 - INFO - Epoch 87/150 train_loss=1.9585776329040527
2026-09-26 08:00:19,026 - INFO - Best train loss=1.9585776329040527; saved /home/wlia0047/ar57/wenyu/GeneRec/results/stage3_T5Train/curvature_RQ-VAE_iter20/ckpt/Amazon_2023_Instruments/Sep-26-2026_07-43-20/HG_Rec_best.pth
2026-09-26 08:00:30,628 - INFO - Epoch 88/150 train_loss=1.954725832939148
2026-09-26 08:00:30,663 - INFO - Best train loss=1.954725832939148; saved /home/wlia0047/ar57/wenyu/GeneRec/results/stage3_T5Train/curvature_RQ-VAE_iter20/ckpt/Amazon_2023_Instruments/Sep-26-2026_07-43-20/HG_Rec_best.pth
2026-09-26 08:00:42,270 - INFO - Epoch 89/150 train_loss=1.9532738971710204
2026-09-26 08:00:42,304 - INFO - Best train loss=1.9532738971710204; saved /home/wlia0047/ar57/wenyu/GeneRec/results/stage3_T5Train/curvature_RQ-VAE_iter20/ckpt/Amazon_2023_Instruments/Sep-26-2026_07-43-20/HG_Rec_best.pth
2026-09-26 08:00:53,904 - INFO - Epoch 90/150 train_loss=1.9520807838439942
2026-09-26 08:00:53,938 - INFO - Best train loss=1.9520807838439942; saved /home/wlia0047/ar57/wenyu/GeneRec/results/stage3_T5Train/curvature_RQ-VAE_iter20/ckpt/Amazon_2023_Instruments/Sep-26-2026_07-43-20/HG_Rec_best.pth
2026-09-26 08:01:05,536 - INFO - Epoch 91/150 train_loss=1.9498240947723389
2026-09-26 08:01:05,573 - INFO - Best train loss=1.9498240947723389; saved /home/wlia0047/ar57/wenyu/GeneRec/results/stage3_T5Train/curvature_RQ-VAE_iter20/ckpt/Amazon_2023_Instruments/Sep-26-2026_07-43-20/HG_Rec_best.pth
2026-09-26 08:01:17,631 - INFO - Epoch 92/150 train_loss=1.948816213607788
2026-09-26 08:01:17,665 - INFO - Best train loss=1.948816213607788; saved /home/wlia0047/ar57/wenyu/GeneRec/results/stage3_T5Train/curvature_RQ-VAE_iter20/ckpt/Amazon_2023_Instruments/Sep-26-2026_07-43-20/HG_Rec_best.pth
2026-09-26 08:01:29,266 - INFO - Epoch 93/150 train_loss=1.9441547584533692
2026-09-26 08:01:29,306 - INFO - Best train loss=1.9441547584533692; saved /home/wlia0047/ar57/wenyu/GeneRec/results/stage3_T5Train/curvature_RQ-VAE_iter20/ckpt/Amazon_2023_Instruments/Sep-26-2026_07-43-20/HG_Rec_best.pth
2026-09-26 08:01:40,908 - INFO - Epoch 94/150 train_loss=1.9452271795272826
2026-09-26 08:01:40,910 - INFO - No train loss improvement; patience=1
2026-09-26 08:01:52,513 - INFO - Epoch 95/150 train_loss=1.9404312229156495
2026-09-26 08:01:52,558 - INFO - Best train loss=1.9404312229156495; saved /home/wlia0047/ar57/wenyu/GeneRec/results/stage3_T5Train/curvature_RQ-VAE_iter20/ckpt/Amazon_2023_Instruments/Sep-26-2026_07-43-20/HG_Rec_best.pth
2026-09-26 08:02:04,156 - INFO - Epoch 96/150 train_loss=1.9399277544021607
2026-09-26 08:02:04,193 - INFO - Best train loss=1.9399277544021607; saved /home/wlia0047/ar57/wenyu/GeneRec/results/stage3_T5Train/curvature_RQ-VAE_iter20/ckpt/Amazon_2023_Instruments/Sep-26-2026_07-43-20/HG_Rec_best.pth
2026-09-26 08:02:15,796 - INFO - Epoch 97/150 train_loss=1.93692036151886
2026-09-26 08:02:15,837 - INFO - Best train loss=1.93692036151886; saved /home/wlia0047/ar57/wenyu/GeneRec/results/stage3_T5Train/curvature_RQ-VAE_iter20/ckpt/Amazon_2023_Instruments/Sep-26-2026_07-43-20/HG_Rec_best.pth
2026-09-26 08:02:27,441 - INFO - Epoch 98/150 train_loss=1.9354361200332642
2026-09-26 08:02:27,478 - INFO - Best train loss=1.9354361200332642; saved /home/wlia0047/ar57/wenyu/GeneRec/results/stage3_T5Train/curvature_RQ-VAE_iter20/ckpt/Amazon_2023_Instruments/Sep-26-2026_07-43-20/HG_Rec_best.pth
2026-09-26 08:02:39,079 - INFO - Epoch 99/150 train_loss=1.9332904148101806
2026-09-26 08:02:39,116 - INFO - Best train loss=1.9332904148101806; saved /home/wlia0047/ar57/wenyu/GeneRec/results/stage3_T5Train/curvature_RQ-VAE_iter20/ckpt/Amazon_2023_Instruments/Sep-26-2026_07-43-20/HG_Rec_best.pth
2026-09-26 08:02:50,718 - INFO - Epoch 100/150 train_loss=1.934570550918579
2026-09-26 08:02:50,721 - INFO - No train loss improvement; patience=1
2026-09-26 08:03:02,322 - INFO - Epoch 101/150 train_loss=1.930050163269043
2026-09-26 08:03:02,363 - INFO - Best train loss=1.930050163269043; saved /home/wlia0047/ar57/wenyu/GeneRec/results/stage3_T5Train/curvature_RQ-VAE_iter20/ckpt/Amazon_2023_Instruments/Sep-26-2026_07-43-20/HG_Rec_best.pth
2026-09-26 08:03:14,284 - INFO - Epoch 102/150 train_loss=1.9309621143341065
2026-09-26 08:03:14,300 - INFO - No train loss improvement; patience=1
2026-09-26 08:03:26,011 - INFO - Epoch 103/150 train_loss=1.9243768215179444
2026-09-26 08:03:26,077 - INFO - Best train loss=1.9243768215179444; saved /home/wlia0047/ar57/wenyu/GeneRec/results/stage3_T5Train/curvature_RQ-VAE_iter20/ckpt/Amazon_2023_Instruments/Sep-26-2026_07-43-20/HG_Rec_best.pth
2026-09-26 08:03:37,683 - INFO - Epoch 104/150 train_loss=1.9225642156600953
2026-09-26 08:03:37,728 - INFO - Best train loss=1.9225642156600953; saved /home/wlia0047/ar57/wenyu/GeneRec/results/stage3_T5Train/curvature_RQ-VAE_iter20/ckpt/Amazon_2023_Instruments/Sep-26-2026_07-43-20/HG_Rec_best.pth
2026-09-26 08:03:49,331 - INFO - Epoch 105/150 train_loss=1.9246509885787964
2026-09-26 08:03:49,334 - INFO - No train loss improvement; patience=1
2026-09-26 08:04:00,938 - INFO - Epoch 106/150 train_loss=1.9191548776626588
2026-09-26 08:04:00,975 - INFO - Best train loss=1.9191548776626588; saved /home/wlia0047/ar57/wenyu/GeneRec/results/stage3_T5Train/curvature_RQ-VAE_iter20/ckpt/Amazon_2023_Instruments/Sep-26-2026_07-43-20/HG_Rec_best.pth
2026-09-26 08:04:12,598 - INFO - Epoch 107/150 train_loss=1.9227337741851807
2026-09-26 08:04:12,601 - INFO - No train loss improvement; patience=1
2026-09-26 08:04:24,200 - INFO - Epoch 108/150 train_loss=1.9214079427719115
2026-09-26 08:04:24,216 - INFO - No train loss improvement; patience=2
2026-09-26 08:04:35,866 - INFO - Epoch 109/150 train_loss=1.915339708328247
2026-09-26 08:04:35,904 - INFO - Best train loss=1.915339708328247; saved /home/wlia0047/ar57/wenyu/GeneRec/results/stage3_T5Train/curvature_RQ-VAE_iter20/ckpt/Amazon_2023_Instruments/Sep-26-2026_07-43-20/HG_Rec_best.pth
2026-09-26 08:04:47,611 - INFO - Epoch 110/150 train_loss=1.9144113159179688
2026-09-26 08:04:47,675 - INFO - Best train loss=1.9144113159179688; saved /home/wlia0047/ar57/wenyu/GeneRec/results/stage3_T5Train/curvature_RQ-VAE_iter20/ckpt/Amazon_2023_Instruments/Sep-26-2026_07-43-20/HG_Rec_best.pth
2026-09-26 08:04:59,275 - INFO - Epoch 111/150 train_loss=1.9125396013259888
2026-09-26 08:04:59,310 - INFO - Best train loss=1.9125396013259888; saved /home/wlia0047/ar57/wenyu/GeneRec/results/stage3_T5Train/curvature_RQ-VAE_iter20/ckpt/Amazon_2023_Instruments/Sep-26-2026_07-43-20/HG_Rec_best.pth
2026-09-26 08:05:10,914 - INFO - Epoch 112/150 train_loss=1.9131371593475341
2026-09-26 08:05:10,916 - INFO - No train loss improvement; patience=1
2026-09-26 08:05:22,518 - INFO - Epoch 113/150 train_loss=1.9124825477600098
2026-09-26 08:05:22,562 - INFO - Best train loss=1.9124825477600098; saved /home/wlia0047/ar57/wenyu/GeneRec/results/stage3_T5Train/curvature_RQ-VAE_iter20/ckpt/Amazon_2023_Instruments/Sep-26-2026_07-43-20/HG_Rec_best.pth
2026-09-26 08:05:34,167 - INFO - Epoch 114/150 train_loss=1.9095964431762695
2026-09-26 08:05:34,203 - INFO - Best train loss=1.9095964431762695; saved /home/wlia0047/ar57/wenyu/GeneRec/results/stage3_T5Train/curvature_RQ-VAE_iter20/ckpt/Amazon_2023_Instruments/Sep-26-2026_07-43-20/HG_Rec_best.pth
2026-09-26 08:05:45,803 - INFO - Epoch 115/150 train_loss=1.9093937921524047
2026-09-26 08:05:45,838 - INFO - Best train loss=1.9093937921524047; saved /home/wlia0047/ar57/wenyu/GeneRec/results/stage3_T5Train/curvature_RQ-VAE_iter20/ckpt/Amazon_2023_Instruments/Sep-26-2026_07-43-20/HG_Rec_best.pth
2026-09-26 08:05:57,443 - INFO - Epoch 116/150 train_loss=1.9069245100021361
2026-09-26 08:05:57,477 - INFO - Best train loss=1.9069245100021361; saved /home/wlia0047/ar57/wenyu/GeneRec/results/stage3_T5Train/curvature_RQ-VAE_iter20/ckpt/Amazon_2023_Instruments/Sep-26-2026_07-43-20/HG_Rec_best.pth
2026-09-26 08:06:11,190 - INFO - Epoch 117/150 train_loss=1.9057946634292602
2026-09-26 08:06:11,225 - INFO - Best train loss=1.9057946634292602; saved /home/wlia0047/ar57/wenyu/GeneRec/results/stage3_T5Train/curvature_RQ-VAE_iter20/ckpt/Amazon_2023_Instruments/Sep-26-2026_07-43-20/HG_Rec_best.pth
2026-09-26 08:06:22,830 - INFO - Epoch 118/150 train_loss=1.902960205078125
2026-09-26 08:06:22,866 - INFO - Best train loss=1.902960205078125; saved /home/wlia0047/ar57/wenyu/GeneRec/results/stage3_T5Train/curvature_RQ-VAE_iter20/ckpt/Amazon_2023_Instruments/Sep-26-2026_07-43-20/HG_Rec_best.pth
2026-09-26 08:06:34,471 - INFO - Epoch 119/150 train_loss=1.90202853679657
2026-09-26 08:06:34,506 - INFO - Best train loss=1.90202853679657; saved /home/wlia0047/ar57/wenyu/GeneRec/results/stage3_T5Train/curvature_RQ-VAE_iter20/ckpt/Amazon_2023_Instruments/Sep-26-2026_07-43-20/HG_Rec_best.pth
2026-09-26 08:06:46,112 - INFO - Epoch 120/150 train_loss=1.8986360359191894
2026-09-26 08:06:46,148 - INFO - Best train loss=1.8986360359191894; saved /home/wlia0047/ar57/wenyu/GeneRec/results/stage3_T5Train/curvature_RQ-VAE_iter20/ckpt/Amazon_2023_Instruments/Sep-26-2026_07-43-20/HG_Rec_best.pth
2026-09-26 08:06:57,748 - INFO - Epoch 121/150 train_loss=1.8973930597305297
2026-09-26 08:06:57,782 - INFO - Best train loss=1.8973930597305297; saved /home/wlia0047/ar57/wenyu/GeneRec/results/stage3_T5Train/curvature_RQ-VAE_iter20/ckpt/Amazon_2023_Instruments/Sep-26-2026_07-43-20/HG_Rec_best.pth
2026-09-26 08:07:09,389 - INFO - Epoch 122/150 train_loss=1.8987438201904296
2026-09-26 08:07:09,393 - INFO - No train loss improvement; patience=1
2026-09-26 08:07:20,993 - INFO - Epoch 123/150 train_loss=1.8939900827407836
2026-09-26 08:07:21,035 - INFO - Best train loss=1.8939900827407836; saved /home/wlia0047/ar57/wenyu/GeneRec/results/stage3_T5Train/curvature_RQ-VAE_iter20/ckpt/Amazon_2023_Instruments/Sep-26-2026_07-43-20/HG_Rec_best.pth
2026-09-26 08:07:32,640 - INFO - Epoch 124/150 train_loss=1.8957942199707032
2026-09-26 08:07:32,643 - INFO - No train loss improvement; patience=1
2026-09-26 08:07:44,239 - INFO - Epoch 125/150 train_loss=1.8921164464950562
2026-09-26 08:07:44,277 - INFO - Best train loss=1.8921164464950562; saved /home/wlia0047/ar57/wenyu/GeneRec/results/stage3_T5Train/curvature_RQ-VAE_iter20/ckpt/Amazon_2023_Instruments/Sep-26-2026_07-43-20/HG_Rec_best.pth
2026-09-26 08:07:55,879 - INFO - Epoch 126/150 train_loss=1.8933213663101196
2026-09-26 08:07:55,882 - INFO - No train loss improvement; patience=1
2026-09-26 08:08:07,489 - INFO - Epoch 127/150 train_loss=1.8898327112197877
2026-09-26 08:08:07,524 - INFO - Best train loss=1.8898327112197877; saved /home/wlia0047/ar57/wenyu/GeneRec/results/stage3_T5Train/curvature_RQ-VAE_iter20/ckpt/Amazon_2023_Instruments/Sep-26-2026_07-43-20/HG_Rec_best.pth
2026-09-26 08:08:19,124 - INFO - Epoch 128/150 train_loss=1.8929354286193847
2026-09-26 08:08:19,130 - INFO - No train loss improvement; patience=1
2026-09-26 08:08:30,731 - INFO - Epoch 129/150 train_loss=1.887904224395752
2026-09-26 08:08:30,766 - INFO - Best train loss=1.887904224395752; saved /home/wlia0047/ar57/wenyu/GeneRec/results/stage3_T5Train/curvature_RQ-VAE_iter20/ckpt/Amazon_2023_Instruments/Sep-26-2026_07-43-20/HG_Rec_best.pth
2026-09-26 08:08:42,364 - INFO - Epoch 130/150 train_loss=1.8888591623306275
2026-09-26 08:08:42,367 - INFO - No train loss improvement; patience=1
2026-09-26 08:08:53,971 - INFO - Epoch 131/150 train_loss=1.8877668905258178
2026-09-26 08:08:54,010 - INFO - Best train loss=1.8877668905258178; saved /home/wlia0047/ar57/wenyu/GeneRec/results/stage3_T5Train/curvature_RQ-VAE_iter20/ckpt/Amazon_2023_Instruments/Sep-26-2026_07-43-20/HG_Rec_best.pth
2026-09-26 08:09:05,608 - INFO - Epoch 132/150 train_loss=1.8870721769332885
2026-09-26 08:09:05,643 - INFO - Best train loss=1.8870721769332885; saved /home/wlia0047/ar57/wenyu/GeneRec/results/stage3_T5Train/curvature_RQ-VAE_iter20/ckpt/Amazon_2023_Instruments/Sep-26-2026_07-43-20/HG_Rec_best.pth
2026-09-26 08:09:17,250 - INFO - Epoch 133/150 train_loss=1.8887361240386964
2026-09-26 08:09:17,253 - INFO - No train loss improvement; patience=1
2026-09-26 08:09:28,854 - INFO - Epoch 134/150 train_loss=1.8850491189956664
2026-09-26 08:09:28,896 - INFO - Best train loss=1.8850491189956664; saved /home/wlia0047/ar57/wenyu/GeneRec/results/stage3_T5Train/curvature_RQ-VAE_iter20/ckpt/Amazon_2023_Instruments/Sep-26-2026_07-43-20/HG_Rec_best.pth
2026-09-26 08:09:40,499 - INFO - Epoch 135/150 train_loss=1.8840677309036256
2026-09-26 08:09:40,538 - INFO - Best train loss=1.8840677309036256; saved /home/wlia0047/ar57/wenyu/GeneRec/results/stage3_T5Train/curvature_RQ-VAE_iter20/ckpt/Amazon_2023_Instruments/Sep-26-2026_07-43-20/HG_Rec_best.pth
2026-09-26 08:09:52,139 - INFO - Epoch 136/150 train_loss=1.88379132270813
2026-09-26 08:09:52,176 - INFO - Best train loss=1.88379132270813; saved /home/wlia0047/ar57/wenyu/GeneRec/results/stage3_T5Train/curvature_RQ-VAE_iter20/ckpt/Amazon_2023_Instruments/Sep-26-2026_07-43-20/HG_Rec_best.pth
2026-09-26 08:10:03,780 - INFO - Epoch 137/150 train_loss=1.883815541267395
2026-09-26 08:10:03,788 - INFO - No train loss improvement; patience=1
2026-09-26 08:10:15,396 - INFO - Epoch 138/150 train_loss=1.882825617790222
2026-09-26 08:10:15,435 - INFO - Best train loss=1.882825617790222; saved /home/wlia0047/ar57/wenyu/GeneRec/results/stage3_T5Train/curvature_RQ-VAE_iter20/ckpt/Amazon_2023_Instruments/Sep-26-2026_07-43-20/HG_Rec_best.pth
2026-09-26 08:10:27,039 - INFO - Epoch 139/150 train_loss=1.8793950843811036
2026-09-26 08:10:27,075 - INFO - Best train loss=1.8793950843811036; saved /home/wlia0047/ar57/wenyu/GeneRec/results/stage3_T5Train/curvature_RQ-VAE_iter20/ckpt/Amazon_2023_Instruments/Sep-26-2026_07-43-20/HG_Rec_best.pth
2026-09-26 08:10:38,676 - INFO - Epoch 140/150 train_loss=1.8788781833648682
2026-09-26 08:10:38,711 - INFO - Best train loss=1.8788781833648682; saved /home/wlia0047/ar57/wenyu/GeneRec/results/stage3_T5Train/curvature_RQ-VAE_iter20/ckpt/Amazon_2023_Instruments/Sep-26-2026_07-43-20/HG_Rec_best.pth
2026-09-26 08:10:50,314 - INFO - Epoch 141/150 train_loss=1.8828166389465333
2026-09-26 08:10:50,320 - INFO - No train loss improvement; patience=1
2026-09-26 08:11:01,925 - INFO - Epoch 142/150 train_loss=1.8804867696762084
2026-09-26 08:11:01,929 - INFO - No train loss improvement; patience=2
2026-09-26 08:11:13,527 - INFO - Epoch 143/150 train_loss=1.876115140914917
2026-09-26 08:11:13,571 - INFO - Best train loss=1.876115140914917; saved /home/wlia0047/ar57/wenyu/GeneRec/results/stage3_T5Train/curvature_RQ-VAE_iter20/ckpt/Amazon_2023_Instruments/Sep-26-2026_07-43-20/HG_Rec_best.pth
2026-09-26 08:11:25,177 - INFO - Epoch 144/150 train_loss=1.8742529344558716
2026-09-26 08:11:25,213 - INFO - Best train loss=1.8742529344558716; saved /home/wlia0047/ar57/wenyu/GeneRec/results/stage3_T5Train/curvature_RQ-VAE_iter20/ckpt/Amazon_2023_Instruments/Sep-26-2026_07-43-20/HG_Rec_best.pth
2026-09-26 08:11:36,816 - INFO - Epoch 145/150 train_loss=1.8764945363998413
2026-09-26 08:11:36,821 - INFO - No train loss improvement; patience=1
2026-09-26 08:11:48,422 - INFO - Epoch 146/150 train_loss=1.8749535083770752
2026-09-26 08:11:48,434 - INFO - No train loss improvement; patience=2
2026-09-26 08:12:00,030 - INFO - Epoch 147/150 train_loss=1.8692635917663574
2026-09-26 08:12:00,074 - INFO - Best train loss=1.8692635917663574; saved /home/wlia0047/ar57/wenyu/GeneRec/results/stage3_T5Train/curvature_RQ-VAE_iter20/ckpt/Amazon_2023_Instruments/Sep-26-2026_07-43-20/HG_Rec_best.pth
2026-09-26 08:12:11,674 - INFO - Epoch 148/150 train_loss=1.8733310556411744
2026-09-26 08:12:11,676 - INFO - No train loss improvement; patience=1
2026-09-26 08:12:23,273 - INFO - Epoch 149/150 train_loss=1.8726159811019898
2026-09-26 08:12:23,286 - INFO - No train loss improvement; patience=2
2026-09-26 08:12:34,883 - INFO - Epoch 150/150 train_loss=1.871820044517517
2026-09-26 08:12:34,891 - INFO - No train loss improvement; patience=3
2026-09-26 08:20:13,627 - INFO - Test={'best_checkpoint': '/home/wlia0047/ar57/wenyu/GeneRec/results/stage3_T5Train/curvature_RQ-VAE_iter20/ckpt/Amazon_2023_Instruments/Sep-26-2026_07-43-20/HG_Rec_best.pth', 'n_eval': 57439, 'test_recall@5': 0.03770957015268372, 'test_recall@10': 0.05713887776597782, 'test_ndcg@5': 0.02529898456159968, 'test_ndcg@10': 0.03156023531751642}
