2026-10-02 13:24:59,407 - INFO - Configuration: {'batch_size': 4096, 'infer_size': 1024, 'num_epochs': 150, 'eval_interval': 5, 'eval_start_epoch': 75, 'early_eval_epochs': (25, 50, 75, 100, 125), 'fast': True, 'bf16': True, 'use_lr_scheduler': True, 'lr_warmup_pct': 0.1, 'lr_min_factor': 0.2, 'compile': False, 'compile_mode': 'default', 'num_layers': 4, 'num_decoder_layers': 4, 'd_model': 128, 'd_ff': 1024, 'num_heads': 6, 'd_kv': 64, 'dropout_rate': 0.1, 'activation_function': 'relu', 'feed_forward_proj': 'relu', 'device': 'cuda', 'lr': 0.003, 'weight_decay': 0.05, 'vocab_size': 780, 'eos_token_id': 779, 'pad_token_id': 0, 'n_user_tokens': 1, 'max_len': 20, 'dataset_name': 'Amazon_2023_Instruments', 'dataset_path': '/home/wlia0047/ar57/wenyu/GeneRec/results/stage0_build_parquet/', 'codebook_size': [256, 256, 256, 1], 'code_path': '/fs04/ar57/wenyu/GeneRec/results/stage2_RQ-VAE/curvature_RQ-VAE/item_sids.json', 'train_file': 'train.parquet', 'valid_file': 'valid.parquet', 'test_file': 'test.parquet', 'log_path': '/fs04/ar57/wenyu/GeneRec/results/stage3_T5Train/curvature_RQ-VAE/logs/', 'save_path': '/fs04/ar57/wenyu/GeneRec/results/stage3_T5Train/curvature_RQ-VAE/ckpt/', 'seed': 42, 'topk_list': [5, 10], 'beam_size': 20, 'no_eval': True, 'skip_test': False, 'screen_baseline_log': '', 'screen_start_epoch': 40, 'screen_window': 5, 'screen_min_ndcg_gain': 0.001, 'screen_min_recall_gain': 0.001, 'num_workers': 4, 'prefetch_factor': 8, 'exclude_history': True, 'no_exclude_history': False, 'pin_memory': True, 'no_pin_memory': False, 'sid_length': 4, 'max_token_seq_len': 82, 'decoder_start_token_id': 0}
2026-10-02 13:24:59,461 - INFO - #Embedding parameters: 99840
#Non-embedding parameters: 4459648
#Total trainable parameters: 4559488

2026-10-02 13:25:13,279 - INFO - Epoch 1/150 train_loss=4.6503871726989745
2026-10-02 13:25:13,360 - INFO - Best train loss=4.6503871726989745; saved /fs04/ar57/wenyu/GeneRec/results/stage3_T5Train/curvature_RQ-VAE/ckpt/Amazon_2023_Instruments/Oct-02-2026_13-24-59/HG_Rec_best.pth
2026-10-02 13:25:24,995 - INFO - Epoch 2/150 train_loss=3.8588981151580812
2026-10-02 13:25:25,032 - INFO - Best train loss=3.8588981151580812; saved /fs04/ar57/wenyu/GeneRec/results/stage3_T5Train/curvature_RQ-VAE/ckpt/Amazon_2023_Instruments/Oct-02-2026_13-24-59/HG_Rec_best.pth
2026-10-02 13:25:36,644 - INFO - Epoch 3/150 train_loss=3.6331714248657225
2026-10-02 13:25:36,681 - INFO - Best train loss=3.6331714248657225; saved /fs04/ar57/wenyu/GeneRec/results/stage3_T5Train/curvature_RQ-VAE/ckpt/Amazon_2023_Instruments/Oct-02-2026_13-24-59/HG_Rec_best.pth
2026-10-02 13:25:48,288 - INFO - Epoch 4/150 train_loss=3.4475302410125734
2026-10-02 13:25:48,328 - INFO - Best train loss=3.4475302410125734; saved /fs04/ar57/wenyu/GeneRec/results/stage3_T5Train/curvature_RQ-VAE/ckpt/Amazon_2023_Instruments/Oct-02-2026_13-24-59/HG_Rec_best.pth
2026-10-02 13:25:59,932 - INFO - Epoch 5/150 train_loss=3.3264721202850343
2026-10-02 13:25:59,967 - INFO - Best train loss=3.3264721202850343; saved /fs04/ar57/wenyu/GeneRec/results/stage3_T5Train/curvature_RQ-VAE/ckpt/Amazon_2023_Instruments/Oct-02-2026_13-24-59/HG_Rec_best.pth
2026-10-02 13:26:11,571 - INFO - Epoch 6/150 train_loss=3.144342889785767
2026-10-02 13:26:11,607 - INFO - Best train loss=3.144342889785767; saved /fs04/ar57/wenyu/GeneRec/results/stage3_T5Train/curvature_RQ-VAE/ckpt/Amazon_2023_Instruments/Oct-02-2026_13-24-59/HG_Rec_best.pth
2026-10-02 13:26:23,221 - INFO - Epoch 7/150 train_loss=3.004438638687134
2026-10-02 13:26:23,256 - INFO - Best train loss=3.004438638687134; saved /fs04/ar57/wenyu/GeneRec/results/stage3_T5Train/curvature_RQ-VAE/ckpt/Amazon_2023_Instruments/Oct-02-2026_13-24-59/HG_Rec_best.pth
2026-10-02 13:26:34,861 - INFO - Epoch 8/150 train_loss=2.8996078872680666
2026-10-02 13:26:34,896 - INFO - Best train loss=2.8996078872680666; saved /fs04/ar57/wenyu/GeneRec/results/stage3_T5Train/curvature_RQ-VAE/ckpt/Amazon_2023_Instruments/Oct-02-2026_13-24-59/HG_Rec_best.pth
2026-10-02 13:26:46,496 - INFO - Epoch 9/150 train_loss=2.8110813808441164
2026-10-02 13:26:46,530 - INFO - Best train loss=2.8110813808441164; saved /fs04/ar57/wenyu/GeneRec/results/stage3_T5Train/curvature_RQ-VAE/ckpt/Amazon_2023_Instruments/Oct-02-2026_13-24-59/HG_Rec_best.pth
2026-10-02 13:26:58,141 - INFO - Epoch 10/150 train_loss=2.7390660572052004
2026-10-02 13:26:58,176 - INFO - Best train loss=2.7390660572052004; saved /fs04/ar57/wenyu/GeneRec/results/stage3_T5Train/curvature_RQ-VAE/ckpt/Amazon_2023_Instruments/Oct-02-2026_13-24-59/HG_Rec_best.pth
2026-10-02 13:27:09,782 - INFO - Epoch 11/150 train_loss=2.6823683834075926
2026-10-02 13:27:09,818 - INFO - Best train loss=2.6823683834075926; saved /fs04/ar57/wenyu/GeneRec/results/stage3_T5Train/curvature_RQ-VAE/ckpt/Amazon_2023_Instruments/Oct-02-2026_13-24-59/HG_Rec_best.pth
2026-10-02 13:27:21,432 - INFO - Epoch 12/150 train_loss=2.6285623931884765
2026-10-02 13:27:21,466 - INFO - Best train loss=2.6285623931884765; saved /fs04/ar57/wenyu/GeneRec/results/stage3_T5Train/curvature_RQ-VAE/ckpt/Amazon_2023_Instruments/Oct-02-2026_13-24-59/HG_Rec_best.pth
2026-10-02 13:27:33,079 - INFO - Epoch 13/150 train_loss=2.5837653923034667
2026-10-02 13:27:33,114 - INFO - Best train loss=2.5837653923034667; saved /fs04/ar57/wenyu/GeneRec/results/stage3_T5Train/curvature_RQ-VAE/ckpt/Amazon_2023_Instruments/Oct-02-2026_13-24-59/HG_Rec_best.pth
2026-10-02 13:27:44,717 - INFO - Epoch 14/150 train_loss=2.5510296535491945
2026-10-02 13:27:44,752 - INFO - Best train loss=2.5510296535491945; saved /fs04/ar57/wenyu/GeneRec/results/stage3_T5Train/curvature_RQ-VAE/ckpt/Amazon_2023_Instruments/Oct-02-2026_13-24-59/HG_Rec_best.pth
2026-10-02 13:27:56,355 - INFO - Epoch 15/150 train_loss=2.515491180419922
2026-10-02 13:27:56,391 - INFO - Best train loss=2.515491180419922; saved /fs04/ar57/wenyu/GeneRec/results/stage3_T5Train/curvature_RQ-VAE/ckpt/Amazon_2023_Instruments/Oct-02-2026_13-24-59/HG_Rec_best.pth
2026-10-02 13:28:07,997 - INFO - Epoch 16/150 train_loss=2.4861720180511475
2026-10-02 13:28:08,032 - INFO - Best train loss=2.4861720180511475; saved /fs04/ar57/wenyu/GeneRec/results/stage3_T5Train/curvature_RQ-VAE/ckpt/Amazon_2023_Instruments/Oct-02-2026_13-24-59/HG_Rec_best.pth
2026-10-02 13:28:19,636 - INFO - Epoch 17/150 train_loss=2.4476832485198976
2026-10-02 13:28:19,671 - INFO - Best train loss=2.4476832485198976; saved /fs04/ar57/wenyu/GeneRec/results/stage3_T5Train/curvature_RQ-VAE/ckpt/Amazon_2023_Instruments/Oct-02-2026_13-24-59/HG_Rec_best.pth
2026-10-02 13:28:31,795 - INFO - Epoch 18/150 train_loss=2.4231773662567138
2026-10-02 13:28:31,830 - INFO - Best train loss=2.4231773662567138; saved /fs04/ar57/wenyu/GeneRec/results/stage3_T5Train/curvature_RQ-VAE/ckpt/Amazon_2023_Instruments/Oct-02-2026_13-24-59/HG_Rec_best.pth
2026-10-02 13:28:43,438 - INFO - Epoch 19/150 train_loss=2.395426158905029
2026-10-02 13:28:43,473 - INFO - Best train loss=2.395426158905029; saved /fs04/ar57/wenyu/GeneRec/results/stage3_T5Train/curvature_RQ-VAE/ckpt/Amazon_2023_Instruments/Oct-02-2026_13-24-59/HG_Rec_best.pth
2026-10-02 13:28:55,084 - INFO - Epoch 20/150 train_loss=2.3680220222473145
2026-10-02 13:28:55,119 - INFO - Best train loss=2.3680220222473145; saved /fs04/ar57/wenyu/GeneRec/results/stage3_T5Train/curvature_RQ-VAE/ckpt/Amazon_2023_Instruments/Oct-02-2026_13-24-59/HG_Rec_best.pth
2026-10-02 13:29:06,720 - INFO - Epoch 21/150 train_loss=2.344143762588501
2026-10-02 13:29:06,755 - INFO - Best train loss=2.344143762588501; saved /fs04/ar57/wenyu/GeneRec/results/stage3_T5Train/curvature_RQ-VAE/ckpt/Amazon_2023_Instruments/Oct-02-2026_13-24-59/HG_Rec_best.pth
2026-10-02 13:29:18,365 - INFO - Epoch 22/150 train_loss=2.3259085178375245
2026-10-02 13:29:18,399 - INFO - Best train loss=2.3259085178375245; saved /fs04/ar57/wenyu/GeneRec/results/stage3_T5Train/curvature_RQ-VAE/ckpt/Amazon_2023_Instruments/Oct-02-2026_13-24-59/HG_Rec_best.pth
2026-10-02 13:29:30,010 - INFO - Epoch 23/150 train_loss=2.3066414260864256
2026-10-02 13:29:30,046 - INFO - Best train loss=2.3066414260864256; saved /fs04/ar57/wenyu/GeneRec/results/stage3_T5Train/curvature_RQ-VAE/ckpt/Amazon_2023_Instruments/Oct-02-2026_13-24-59/HG_Rec_best.pth
2026-10-02 13:29:41,650 - INFO - Epoch 24/150 train_loss=2.29011981010437
2026-10-02 13:29:41,685 - INFO - Best train loss=2.29011981010437; saved /fs04/ar57/wenyu/GeneRec/results/stage3_T5Train/curvature_RQ-VAE/ckpt/Amazon_2023_Instruments/Oct-02-2026_13-24-59/HG_Rec_best.pth
2026-10-02 13:29:53,291 - INFO - Epoch 25/150 train_loss=2.2739666175842284
2026-10-02 13:29:53,329 - INFO - Best train loss=2.2739666175842284; saved /fs04/ar57/wenyu/GeneRec/results/stage3_T5Train/curvature_RQ-VAE/ckpt/Amazon_2023_Instruments/Oct-02-2026_13-24-59/HG_Rec_best.pth
2026-10-02 13:30:04,944 - INFO - Epoch 26/150 train_loss=2.256697778701782
2026-10-02 13:30:04,981 - INFO - Best train loss=2.256697778701782; saved /fs04/ar57/wenyu/GeneRec/results/stage3_T5Train/curvature_RQ-VAE/ckpt/Amazon_2023_Instruments/Oct-02-2026_13-24-59/HG_Rec_best.pth
2026-10-02 13:30:16,595 - INFO - Epoch 27/150 train_loss=2.243843240737915
2026-10-02 13:30:16,633 - INFO - Best train loss=2.243843240737915; saved /fs04/ar57/wenyu/GeneRec/results/stage3_T5Train/curvature_RQ-VAE/ckpt/Amazon_2023_Instruments/Oct-02-2026_13-24-59/HG_Rec_best.pth
2026-10-02 13:30:28,240 - INFO - Epoch 28/150 train_loss=2.2296191120147704
2026-10-02 13:30:28,276 - INFO - Best train loss=2.2296191120147704; saved /fs04/ar57/wenyu/GeneRec/results/stage3_T5Train/curvature_RQ-VAE/ckpt/Amazon_2023_Instruments/Oct-02-2026_13-24-59/HG_Rec_best.pth
2026-10-02 13:30:39,878 - INFO - Epoch 29/150 train_loss=2.215411024093628
2026-10-02 13:30:39,915 - INFO - Best train loss=2.215411024093628; saved /fs04/ar57/wenyu/GeneRec/results/stage3_T5Train/curvature_RQ-VAE/ckpt/Amazon_2023_Instruments/Oct-02-2026_13-24-59/HG_Rec_best.pth
2026-10-02 13:30:51,522 - INFO - Epoch 30/150 train_loss=2.2029725646972658
2026-10-02 13:30:51,557 - INFO - Best train loss=2.2029725646972658; saved /fs04/ar57/wenyu/GeneRec/results/stage3_T5Train/curvature_RQ-VAE/ckpt/Amazon_2023_Instruments/Oct-02-2026_13-24-59/HG_Rec_best.pth
2026-10-02 13:31:03,166 - INFO - Epoch 31/150 train_loss=2.1931768321990965
2026-10-02 13:31:03,201 - INFO - Best train loss=2.1931768321990965; saved /fs04/ar57/wenyu/GeneRec/results/stage3_T5Train/curvature_RQ-VAE/ckpt/Amazon_2023_Instruments/Oct-02-2026_13-24-59/HG_Rec_best.pth
2026-10-02 13:31:14,810 - INFO - Epoch 32/150 train_loss=2.1830116844177248
2026-10-02 13:31:14,846 - INFO - Best train loss=2.1830116844177248; saved /fs04/ar57/wenyu/GeneRec/results/stage3_T5Train/curvature_RQ-VAE/ckpt/Amazon_2023_Instruments/Oct-02-2026_13-24-59/HG_Rec_best.pth
2026-10-02 13:31:26,450 - INFO - Epoch 33/150 train_loss=2.1715647888183596
2026-10-02 13:31:26,486 - INFO - Best train loss=2.1715647888183596; saved /fs04/ar57/wenyu/GeneRec/results/stage3_T5Train/curvature_RQ-VAE/ckpt/Amazon_2023_Instruments/Oct-02-2026_13-24-59/HG_Rec_best.pth
2026-10-02 13:31:38,093 - INFO - Epoch 34/150 train_loss=2.16153639793396
2026-10-02 13:31:38,131 - INFO - Best train loss=2.16153639793396; saved /fs04/ar57/wenyu/GeneRec/results/stage3_T5Train/curvature_RQ-VAE/ckpt/Amazon_2023_Instruments/Oct-02-2026_13-24-59/HG_Rec_best.pth
2026-10-02 13:31:49,741 - INFO - Epoch 35/150 train_loss=2.153249168395996
2026-10-02 13:31:49,776 - INFO - Best train loss=2.153249168395996; saved /fs04/ar57/wenyu/GeneRec/results/stage3_T5Train/curvature_RQ-VAE/ckpt/Amazon_2023_Instruments/Oct-02-2026_13-24-59/HG_Rec_best.pth
2026-10-02 13:32:01,380 - INFO - Epoch 36/150 train_loss=2.1484362125396728
2026-10-02 13:32:01,416 - INFO - Best train loss=2.1484362125396728; saved /fs04/ar57/wenyu/GeneRec/results/stage3_T5Train/curvature_RQ-VAE/ckpt/Amazon_2023_Instruments/Oct-02-2026_13-24-59/HG_Rec_best.pth
2026-10-02 13:32:13,027 - INFO - Epoch 37/150 train_loss=2.1346911239624022
2026-10-02 13:32:13,061 - INFO - Best train loss=2.1346911239624022; saved /fs04/ar57/wenyu/GeneRec/results/stage3_T5Train/curvature_RQ-VAE/ckpt/Amazon_2023_Instruments/Oct-02-2026_13-24-59/HG_Rec_best.pth
2026-10-02 13:32:24,668 - INFO - Epoch 38/150 train_loss=2.127488040924072
2026-10-02 13:32:24,703 - INFO - Best train loss=2.127488040924072; saved /fs04/ar57/wenyu/GeneRec/results/stage3_T5Train/curvature_RQ-VAE/ckpt/Amazon_2023_Instruments/Oct-02-2026_13-24-59/HG_Rec_best.pth
2026-10-02 13:32:36,312 - INFO - Epoch 39/150 train_loss=2.122832841873169
2026-10-02 13:32:36,347 - INFO - Best train loss=2.122832841873169; saved /fs04/ar57/wenyu/GeneRec/results/stage3_T5Train/curvature_RQ-VAE/ckpt/Amazon_2023_Instruments/Oct-02-2026_13-24-59/HG_Rec_best.pth
2026-10-02 13:32:47,953 - INFO - Epoch 40/150 train_loss=2.1146378326416015
2026-10-02 13:32:47,988 - INFO - Best train loss=2.1146378326416015; saved /fs04/ar57/wenyu/GeneRec/results/stage3_T5Train/curvature_RQ-VAE/ckpt/Amazon_2023_Instruments/Oct-02-2026_13-24-59/HG_Rec_best.pth
2026-10-02 13:32:59,595 - INFO - Epoch 41/150 train_loss=2.1097998905181883
2026-10-02 13:32:59,630 - INFO - Best train loss=2.1097998905181883; saved /fs04/ar57/wenyu/GeneRec/results/stage3_T5Train/curvature_RQ-VAE/ckpt/Amazon_2023_Instruments/Oct-02-2026_13-24-59/HG_Rec_best.pth
2026-10-02 13:33:11,241 - INFO - Epoch 42/150 train_loss=2.102484092712402
2026-10-02 13:33:11,277 - INFO - Best train loss=2.102484092712402; saved /fs04/ar57/wenyu/GeneRec/results/stage3_T5Train/curvature_RQ-VAE/ckpt/Amazon_2023_Instruments/Oct-02-2026_13-24-59/HG_Rec_best.pth
2026-10-02 13:33:22,884 - INFO - Epoch 43/150 train_loss=2.0927713298797608
2026-10-02 13:33:22,924 - INFO - Best train loss=2.0927713298797608; saved /fs04/ar57/wenyu/GeneRec/results/stage3_T5Train/curvature_RQ-VAE/ckpt/Amazon_2023_Instruments/Oct-02-2026_13-24-59/HG_Rec_best.pth
2026-10-02 13:33:34,528 - INFO - Epoch 44/150 train_loss=2.0857325649261473
2026-10-02 13:33:34,563 - INFO - Best train loss=2.0857325649261473; saved /fs04/ar57/wenyu/GeneRec/results/stage3_T5Train/curvature_RQ-VAE/ckpt/Amazon_2023_Instruments/Oct-02-2026_13-24-59/HG_Rec_best.pth
2026-10-02 13:33:46,173 - INFO - Epoch 45/150 train_loss=2.0815759181976317
2026-10-02 13:33:46,208 - INFO - Best train loss=2.0815759181976317; saved /fs04/ar57/wenyu/GeneRec/results/stage3_T5Train/curvature_RQ-VAE/ckpt/Amazon_2023_Instruments/Oct-02-2026_13-24-59/HG_Rec_best.pth
2026-10-02 13:33:57,817 - INFO - Epoch 46/150 train_loss=2.0750822734832766
2026-10-02 13:33:57,854 - INFO - Best train loss=2.0750822734832766; saved /fs04/ar57/wenyu/GeneRec/results/stage3_T5Train/curvature_RQ-VAE/ckpt/Amazon_2023_Instruments/Oct-02-2026_13-24-59/HG_Rec_best.pth
2026-10-02 13:34:09,460 - INFO - Epoch 47/150 train_loss=2.0695101833343506
2026-10-02 13:34:09,497 - INFO - Best train loss=2.0695101833343506; saved /fs04/ar57/wenyu/GeneRec/results/stage3_T5Train/curvature_RQ-VAE/ckpt/Amazon_2023_Instruments/Oct-02-2026_13-24-59/HG_Rec_best.pth
2026-10-02 13:34:21,101 - INFO - Epoch 48/150 train_loss=2.0629596805572508
2026-10-02 13:34:21,136 - INFO - Best train loss=2.0629596805572508; saved /fs04/ar57/wenyu/GeneRec/results/stage3_T5Train/curvature_RQ-VAE/ckpt/Amazon_2023_Instruments/Oct-02-2026_13-24-59/HG_Rec_best.pth
2026-10-02 13:34:32,740 - INFO - Epoch 49/150 train_loss=2.053826246261597
2026-10-02 13:34:32,775 - INFO - Best train loss=2.053826246261597; saved /fs04/ar57/wenyu/GeneRec/results/stage3_T5Train/curvature_RQ-VAE/ckpt/Amazon_2023_Instruments/Oct-02-2026_13-24-59/HG_Rec_best.pth
2026-10-02 13:34:44,377 - INFO - Epoch 50/150 train_loss=2.0557288646698
2026-10-02 13:34:55,989 - INFO - Epoch 51/150 train_loss=2.0454684352874755
2026-10-02 13:34:56,130 - INFO - Best train loss=2.0454684352874755; saved /fs04/ar57/wenyu/GeneRec/results/stage3_T5Train/curvature_RQ-VAE/ckpt/Amazon_2023_Instruments/Oct-02-2026_13-24-59/HG_Rec_best.pth
2026-10-02 13:35:09,122 - INFO - Epoch 52/150 train_loss=2.0461769008636477
2026-10-02 13:35:20,894 - INFO - Epoch 53/150 train_loss=2.041895656585693
2026-10-02 13:35:20,944 - INFO - Best train loss=2.041895656585693; saved /fs04/ar57/wenyu/GeneRec/results/stage3_T5Train/curvature_RQ-VAE/ckpt/Amazon_2023_Instruments/Oct-02-2026_13-24-59/HG_Rec_best.pth
2026-10-02 13:35:32,551 - INFO - Epoch 54/150 train_loss=2.0332646942138672
2026-10-02 13:35:32,587 - INFO - Best train loss=2.0332646942138672; saved /fs04/ar57/wenyu/GeneRec/results/stage3_T5Train/curvature_RQ-VAE/ckpt/Amazon_2023_Instruments/Oct-02-2026_13-24-59/HG_Rec_best.pth
2026-10-02 13:35:46,298 - INFO - Epoch 55/150 train_loss=2.031106414794922
2026-10-02 13:35:46,392 - INFO - Best train loss=2.031106414794922; saved /fs04/ar57/wenyu/GeneRec/results/stage3_T5Train/curvature_RQ-VAE/ckpt/Amazon_2023_Instruments/Oct-02-2026_13-24-59/HG_Rec_best.pth
2026-10-02 13:35:57,998 - INFO - Epoch 56/150 train_loss=2.0266775035858156
2026-10-02 13:35:58,098 - INFO - Best train loss=2.0266775035858156; saved /fs04/ar57/wenyu/GeneRec/results/stage3_T5Train/curvature_RQ-VAE/ckpt/Amazon_2023_Instruments/Oct-02-2026_13-24-59/HG_Rec_best.pth
2026-10-02 13:36:09,705 - INFO - Epoch 57/150 train_loss=2.020009307861328
2026-10-02 13:36:09,739 - INFO - Best train loss=2.020009307861328; saved /fs04/ar57/wenyu/GeneRec/results/stage3_T5Train/curvature_RQ-VAE/ckpt/Amazon_2023_Instruments/Oct-02-2026_13-24-59/HG_Rec_best.pth
2026-10-02 13:36:21,350 - INFO - Epoch 58/150 train_loss=2.016303787231445
2026-10-02 13:36:21,385 - INFO - Best train loss=2.016303787231445; saved /fs04/ar57/wenyu/GeneRec/results/stage3_T5Train/curvature_RQ-VAE/ckpt/Amazon_2023_Instruments/Oct-02-2026_13-24-59/HG_Rec_best.pth
2026-10-02 13:36:32,996 - INFO - Epoch 59/150 train_loss=2.012600541114807
2026-10-02 13:36:33,033 - INFO - Best train loss=2.012600541114807; saved /fs04/ar57/wenyu/GeneRec/results/stage3_T5Train/curvature_RQ-VAE/ckpt/Amazon_2023_Instruments/Oct-02-2026_13-24-59/HG_Rec_best.pth
2026-10-02 13:36:44,639 - INFO - Epoch 60/150 train_loss=2.0102862310409546
2026-10-02 13:36:44,674 - INFO - Best train loss=2.0102862310409546; saved /fs04/ar57/wenyu/GeneRec/results/stage3_T5Train/curvature_RQ-VAE/ckpt/Amazon_2023_Instruments/Oct-02-2026_13-24-59/HG_Rec_best.pth
2026-10-02 13:36:56,283 - INFO - Epoch 61/150 train_loss=2.005159158706665
2026-10-02 13:36:56,326 - INFO - Best train loss=2.005159158706665; saved /fs04/ar57/wenyu/GeneRec/results/stage3_T5Train/curvature_RQ-VAE/ckpt/Amazon_2023_Instruments/Oct-02-2026_13-24-59/HG_Rec_best.pth
2026-10-02 13:37:07,931 - INFO - Epoch 62/150 train_loss=1.9995045280456543
2026-10-02 13:37:07,972 - INFO - Best train loss=1.9995045280456543; saved /fs04/ar57/wenyu/GeneRec/results/stage3_T5Train/curvature_RQ-VAE/ckpt/Amazon_2023_Instruments/Oct-02-2026_13-24-59/HG_Rec_best.pth
2026-10-02 13:37:19,577 - INFO - Epoch 63/150 train_loss=1.998901243209839
2026-10-02 13:37:19,614 - INFO - Best train loss=1.998901243209839; saved /fs04/ar57/wenyu/GeneRec/results/stage3_T5Train/curvature_RQ-VAE/ckpt/Amazon_2023_Instruments/Oct-02-2026_13-24-59/HG_Rec_best.pth
2026-10-02 13:37:31,220 - INFO - Epoch 64/150 train_loss=1.9993519926071166
2026-10-02 13:37:42,832 - INFO - Epoch 65/150 train_loss=1.9957794427871705
2026-10-02 13:37:42,870 - INFO - Best train loss=1.9957794427871705; saved /fs04/ar57/wenyu/GeneRec/results/stage3_T5Train/curvature_RQ-VAE/ckpt/Amazon_2023_Instruments/Oct-02-2026_13-24-59/HG_Rec_best.pth
2026-10-02 13:37:54,477 - INFO - Epoch 66/150 train_loss=1.9914789581298828
2026-10-02 13:37:54,513 - INFO - Best train loss=1.9914789581298828; saved /fs04/ar57/wenyu/GeneRec/results/stage3_T5Train/curvature_RQ-VAE/ckpt/Amazon_2023_Instruments/Oct-02-2026_13-24-59/HG_Rec_best.pth
2026-10-02 13:38:06,116 - INFO - Epoch 67/150 train_loss=1.9872834968566895
2026-10-02 13:38:06,151 - INFO - Best train loss=1.9872834968566895; saved /fs04/ar57/wenyu/GeneRec/results/stage3_T5Train/curvature_RQ-VAE/ckpt/Amazon_2023_Instruments/Oct-02-2026_13-24-59/HG_Rec_best.pth
2026-10-02 13:38:17,770 - INFO - Epoch 68/150 train_loss=1.985789966583252
2026-10-02 13:38:17,805 - INFO - Best train loss=1.985789966583252; saved /fs04/ar57/wenyu/GeneRec/results/stage3_T5Train/curvature_RQ-VAE/ckpt/Amazon_2023_Instruments/Oct-02-2026_13-24-59/HG_Rec_best.pth
2026-10-02 13:38:29,411 - INFO - Epoch 69/150 train_loss=1.9878783988952637
2026-10-02 13:38:41,015 - INFO - Epoch 70/150 train_loss=1.9815181589126587
2026-10-02 13:38:41,057 - INFO - Best train loss=1.9815181589126587; saved /fs04/ar57/wenyu/GeneRec/results/stage3_T5Train/curvature_RQ-VAE/ckpt/Amazon_2023_Instruments/Oct-02-2026_13-24-59/HG_Rec_best.pth
2026-10-02 13:38:52,662 - INFO - Epoch 71/150 train_loss=1.9792348909378052
2026-10-02 13:38:52,698 - INFO - Best train loss=1.9792348909378052; saved /fs04/ar57/wenyu/GeneRec/results/stage3_T5Train/curvature_RQ-VAE/ckpt/Amazon_2023_Instruments/Oct-02-2026_13-24-59/HG_Rec_best.pth
2026-10-02 13:39:04,306 - INFO - Epoch 72/150 train_loss=1.9730797386169434
2026-10-02 13:39:04,341 - INFO - Best train loss=1.9730797386169434; saved /fs04/ar57/wenyu/GeneRec/results/stage3_T5Train/curvature_RQ-VAE/ckpt/Amazon_2023_Instruments/Oct-02-2026_13-24-59/HG_Rec_best.pth
2026-10-02 13:39:15,949 - INFO - Epoch 73/150 train_loss=1.967023220062256
2026-10-02 13:39:15,986 - INFO - Best train loss=1.967023220062256; saved /fs04/ar57/wenyu/GeneRec/results/stage3_T5Train/curvature_RQ-VAE/ckpt/Amazon_2023_Instruments/Oct-02-2026_13-24-59/HG_Rec_best.pth
2026-10-02 13:39:27,593 - INFO - Epoch 74/150 train_loss=1.970705304145813
2026-10-02 13:39:39,205 - INFO - Epoch 75/150 train_loss=1.9696303749084472
2026-10-02 13:39:50,812 - INFO - Epoch 76/150 train_loss=1.9654194355010985
2026-10-02 13:39:50,853 - INFO - Best train loss=1.9654194355010985; saved /fs04/ar57/wenyu/GeneRec/results/stage3_T5Train/curvature_RQ-VAE/ckpt/Amazon_2023_Instruments/Oct-02-2026_13-24-59/HG_Rec_best.pth
2026-10-02 13:40:02,462 - INFO - Epoch 77/150 train_loss=1.961670422554016
2026-10-02 13:40:02,497 - INFO - Best train loss=1.961670422554016; saved /fs04/ar57/wenyu/GeneRec/results/stage3_T5Train/curvature_RQ-VAE/ckpt/Amazon_2023_Instruments/Oct-02-2026_13-24-59/HG_Rec_best.pth
2026-10-02 13:40:14,103 - INFO - Epoch 78/150 train_loss=1.9603662300109863
2026-10-02 13:40:14,138 - INFO - Best train loss=1.9603662300109863; saved /fs04/ar57/wenyu/GeneRec/results/stage3_T5Train/curvature_RQ-VAE/ckpt/Amazon_2023_Instruments/Oct-02-2026_13-24-59/HG_Rec_best.pth
2026-10-02 13:40:25,744 - INFO - Epoch 79/150 train_loss=1.9581244277954102
2026-10-02 13:40:25,780 - INFO - Best train loss=1.9581244277954102; saved /fs04/ar57/wenyu/GeneRec/results/stage3_T5Train/curvature_RQ-VAE/ckpt/Amazon_2023_Instruments/Oct-02-2026_13-24-59/HG_Rec_best.pth
2026-10-02 13:40:37,388 - INFO - Epoch 80/150 train_loss=1.9568884992599487
2026-10-02 13:40:38,002 - INFO - Best train loss=1.9568884992599487; saved /fs04/ar57/wenyu/GeneRec/results/stage3_T5Train/curvature_RQ-VAE/ckpt/Amazon_2023_Instruments/Oct-02-2026_13-24-59/HG_Rec_best.pth
2026-10-02 13:40:49,608 - INFO - Epoch 81/150 train_loss=1.9560516214370727
2026-10-02 13:40:49,646 - INFO - Best train loss=1.9560516214370727; saved /fs04/ar57/wenyu/GeneRec/results/stage3_T5Train/curvature_RQ-VAE/ckpt/Amazon_2023_Instruments/Oct-02-2026_13-24-59/HG_Rec_best.pth
2026-10-02 13:41:01,253 - INFO - Epoch 82/150 train_loss=1.94822500705719
2026-10-02 13:41:01,292 - INFO - Best train loss=1.94822500705719; saved /fs04/ar57/wenyu/GeneRec/results/stage3_T5Train/curvature_RQ-VAE/ckpt/Amazon_2023_Instruments/Oct-02-2026_13-24-59/HG_Rec_best.pth
2026-10-02 13:41:12,902 - INFO - Epoch 83/150 train_loss=1.9510168838500976
2026-10-02 13:41:24,508 - INFO - Epoch 84/150 train_loss=1.9459262418746948
2026-10-02 13:41:24,551 - INFO - Best train loss=1.9459262418746948; saved /fs04/ar57/wenyu/GeneRec/results/stage3_T5Train/curvature_RQ-VAE/ckpt/Amazon_2023_Instruments/Oct-02-2026_13-24-59/HG_Rec_best.pth
2026-10-02 13:41:36,158 - INFO - Epoch 85/150 train_loss=1.946878933906555
2026-10-02 13:41:47,770 - INFO - Epoch 86/150 train_loss=1.9450602912902832
2026-10-02 13:41:47,806 - INFO - Best train loss=1.9450602912902832; saved /fs04/ar57/wenyu/GeneRec/results/stage3_T5Train/curvature_RQ-VAE/ckpt/Amazon_2023_Instruments/Oct-02-2026_13-24-59/HG_Rec_best.pth
2026-10-02 13:41:59,411 - INFO - Epoch 87/150 train_loss=1.9432560205459595
2026-10-02 13:41:59,447 - INFO - Best train loss=1.9432560205459595; saved /fs04/ar57/wenyu/GeneRec/results/stage3_T5Train/curvature_RQ-VAE/ckpt/Amazon_2023_Instruments/Oct-02-2026_13-24-59/HG_Rec_best.pth
2026-10-02 13:42:11,052 - INFO - Epoch 88/150 train_loss=1.9402158117294313
2026-10-02 13:42:11,088 - INFO - Best train loss=1.9402158117294313; saved /fs04/ar57/wenyu/GeneRec/results/stage3_T5Train/curvature_RQ-VAE/ckpt/Amazon_2023_Instruments/Oct-02-2026_13-24-59/HG_Rec_best.pth
2026-10-02 13:42:22,692 - INFO - Epoch 89/150 train_loss=1.9385490798950196
2026-10-02 13:42:22,727 - INFO - Best train loss=1.9385490798950196; saved /fs04/ar57/wenyu/GeneRec/results/stage3_T5Train/curvature_RQ-VAE/ckpt/Amazon_2023_Instruments/Oct-02-2026_13-24-59/HG_Rec_best.pth
2026-10-02 13:42:34,340 - INFO - Epoch 90/150 train_loss=1.936300973892212
2026-10-02 13:42:34,375 - INFO - Best train loss=1.936300973892212; saved /fs04/ar57/wenyu/GeneRec/results/stage3_T5Train/curvature_RQ-VAE/ckpt/Amazon_2023_Instruments/Oct-02-2026_13-24-59/HG_Rec_best.pth
2026-10-02 13:42:45,984 - INFO - Epoch 91/150 train_loss=1.9356650924682617
2026-10-02 13:42:46,024 - INFO - Best train loss=1.9356650924682617; saved /fs04/ar57/wenyu/GeneRec/results/stage3_T5Train/curvature_RQ-VAE/ckpt/Amazon_2023_Instruments/Oct-02-2026_13-24-59/HG_Rec_best.pth
2026-10-02 13:42:58,086 - INFO - Epoch 92/150 train_loss=1.9337536525726318
2026-10-02 13:42:58,121 - INFO - Best train loss=1.9337536525726318; saved /fs04/ar57/wenyu/GeneRec/results/stage3_T5Train/curvature_RQ-VAE/ckpt/Amazon_2023_Instruments/Oct-02-2026_13-24-59/HG_Rec_best.pth
2026-10-02 13:43:10,215 - INFO - Epoch 93/150 train_loss=1.9296650362014771
2026-10-02 13:43:10,251 - INFO - Best train loss=1.9296650362014771; saved /fs04/ar57/wenyu/GeneRec/results/stage3_T5Train/curvature_RQ-VAE/ckpt/Amazon_2023_Instruments/Oct-02-2026_13-24-59/HG_Rec_best.pth
2026-10-02 13:43:21,853 - INFO - Epoch 94/150 train_loss=1.9325223207473754
2026-10-02 13:43:33,461 - INFO - Epoch 95/150 train_loss=1.9280956649780274
2026-10-02 13:43:33,501 - INFO - Best train loss=1.9280956649780274; saved /fs04/ar57/wenyu/GeneRec/results/stage3_T5Train/curvature_RQ-VAE/ckpt/Amazon_2023_Instruments/Oct-02-2026_13-24-59/HG_Rec_best.pth
2026-10-02 13:43:45,112 - INFO - Epoch 96/150 train_loss=1.928322162628174
2026-10-02 13:43:56,727 - INFO - Epoch 97/150 train_loss=1.9248877382278442
2026-10-02 13:43:56,762 - INFO - Best train loss=1.9248877382278442; saved /fs04/ar57/wenyu/GeneRec/results/stage3_T5Train/curvature_RQ-VAE/ckpt/Amazon_2023_Instruments/Oct-02-2026_13-24-59/HG_Rec_best.pth
2026-10-02 13:44:08,371 - INFO - Epoch 98/150 train_loss=1.9243074655532837
2026-10-02 13:44:08,407 - INFO - Best train loss=1.9243074655532837; saved /fs04/ar57/wenyu/GeneRec/results/stage3_T5Train/curvature_RQ-VAE/ckpt/Amazon_2023_Instruments/Oct-02-2026_13-24-59/HG_Rec_best.pth
2026-10-02 13:44:20,012 - INFO - Epoch 99/150 train_loss=1.9210332775115966
2026-10-02 13:44:20,049 - INFO - Best train loss=1.9210332775115966; saved /fs04/ar57/wenyu/GeneRec/results/stage3_T5Train/curvature_RQ-VAE/ckpt/Amazon_2023_Instruments/Oct-02-2026_13-24-59/HG_Rec_best.pth
2026-10-02 13:44:31,657 - INFO - Epoch 100/150 train_loss=1.9207973384857178
2026-10-02 13:44:31,693 - INFO - Best train loss=1.9207973384857178; saved /fs04/ar57/wenyu/GeneRec/results/stage3_T5Train/curvature_RQ-VAE/ckpt/Amazon_2023_Instruments/Oct-02-2026_13-24-59/HG_Rec_best.pth
2026-10-02 13:44:43,300 - INFO - Epoch 101/150 train_loss=1.9189797782897948
2026-10-02 13:44:43,336 - INFO - Best train loss=1.9189797782897948; saved /fs04/ar57/wenyu/GeneRec/results/stage3_T5Train/curvature_RQ-VAE/ckpt/Amazon_2023_Instruments/Oct-02-2026_13-24-59/HG_Rec_best.pth
2026-10-02 13:44:54,948 - INFO - Epoch 102/150 train_loss=1.9189825916290284
2026-10-02 13:45:07,643 - INFO - Epoch 103/150 train_loss=1.9146018266677856
2026-10-02 13:45:07,678 - INFO - Best train loss=1.9146018266677856; saved /fs04/ar57/wenyu/GeneRec/results/stage3_T5Train/curvature_RQ-VAE/ckpt/Amazon_2023_Instruments/Oct-02-2026_13-24-59/HG_Rec_best.pth
2026-10-02 13:45:19,419 - INFO - Epoch 104/150 train_loss=1.9132876253128053
2026-10-02 13:45:19,469 - INFO - Best train loss=1.9132876253128053; saved /fs04/ar57/wenyu/GeneRec/results/stage3_T5Train/curvature_RQ-VAE/ckpt/Amazon_2023_Instruments/Oct-02-2026_13-24-59/HG_Rec_best.pth
2026-10-02 13:45:31,141 - INFO - Epoch 105/150 train_loss=1.914535527229309
2026-10-02 13:45:42,798 - INFO - Epoch 106/150 train_loss=1.9097755813598634
2026-10-02 13:45:42,837 - INFO - Best train loss=1.9097755813598634; saved /fs04/ar57/wenyu/GeneRec/results/stage3_T5Train/curvature_RQ-VAE/ckpt/Amazon_2023_Instruments/Oct-02-2026_13-24-59/HG_Rec_best.pth
2026-10-02 13:45:54,446 - INFO - Epoch 107/150 train_loss=1.910934762954712
2026-10-02 13:46:06,054 - INFO - Epoch 108/150 train_loss=1.9095813035964966
2026-10-02 13:46:06,097 - INFO - Best train loss=1.9095813035964966; saved /fs04/ar57/wenyu/GeneRec/results/stage3_T5Train/curvature_RQ-VAE/ckpt/Amazon_2023_Instruments/Oct-02-2026_13-24-59/HG_Rec_best.pth
2026-10-02 13:46:17,703 - INFO - Epoch 109/150 train_loss=1.9060367155075073
2026-10-02 13:46:17,741 - INFO - Best train loss=1.9060367155075073; saved /fs04/ar57/wenyu/GeneRec/results/stage3_T5Train/curvature_RQ-VAE/ckpt/Amazon_2023_Instruments/Oct-02-2026_13-24-59/HG_Rec_best.pth
2026-10-02 13:46:29,350 - INFO - Epoch 110/150 train_loss=1.9042326831817626
2026-10-02 13:46:29,385 - INFO - Best train loss=1.9042326831817626; saved /fs04/ar57/wenyu/GeneRec/results/stage3_T5Train/curvature_RQ-VAE/ckpt/Amazon_2023_Instruments/Oct-02-2026_13-24-59/HG_Rec_best.pth
2026-10-02 13:46:40,995 - INFO - Epoch 111/150 train_loss=1.9057078647613526
2026-10-02 13:46:52,606 - INFO - Epoch 112/150 train_loss=1.9029098558425903
2026-10-02 13:46:52,644 - INFO - Best train loss=1.9029098558425903; saved /fs04/ar57/wenyu/GeneRec/results/stage3_T5Train/curvature_RQ-VAE/ckpt/Amazon_2023_Instruments/Oct-02-2026_13-24-59/HG_Rec_best.pth
2026-10-02 13:47:04,251 - INFO - Epoch 113/150 train_loss=1.902482786178589
2026-10-02 13:47:04,286 - INFO - Best train loss=1.902482786178589; saved /fs04/ar57/wenyu/GeneRec/results/stage3_T5Train/curvature_RQ-VAE/ckpt/Amazon_2023_Instruments/Oct-02-2026_13-24-59/HG_Rec_best.pth
2026-10-02 13:47:15,893 - INFO - Epoch 114/150 train_loss=1.901221694946289
2026-10-02 13:47:15,930 - INFO - Best train loss=1.901221694946289; saved /fs04/ar57/wenyu/GeneRec/results/stage3_T5Train/curvature_RQ-VAE/ckpt/Amazon_2023_Instruments/Oct-02-2026_13-24-59/HG_Rec_best.pth
2026-10-02 13:47:27,534 - INFO - Epoch 115/150 train_loss=1.8979411554336547
2026-10-02 13:47:27,569 - INFO - Best train loss=1.8979411554336547; saved /fs04/ar57/wenyu/GeneRec/results/stage3_T5Train/curvature_RQ-VAE/ckpt/Amazon_2023_Instruments/Oct-02-2026_13-24-59/HG_Rec_best.pth
2026-10-02 13:47:39,178 - INFO - Epoch 116/150 train_loss=1.8992860317230225
2026-10-02 13:47:52,883 - INFO - Epoch 117/150 train_loss=1.8969484567642212
2026-10-02 13:47:52,928 - INFO - Best train loss=1.8969484567642212; saved /fs04/ar57/wenyu/GeneRec/results/stage3_T5Train/curvature_RQ-VAE/ckpt/Amazon_2023_Instruments/Oct-02-2026_13-24-59/HG_Rec_best.pth
2026-10-02 13:48:04,543 - INFO - Epoch 118/150 train_loss=1.8948414421081543
2026-10-02 13:48:04,593 - INFO - Best train loss=1.8948414421081543; saved /fs04/ar57/wenyu/GeneRec/results/stage3_T5Train/curvature_RQ-VAE/ckpt/Amazon_2023_Instruments/Oct-02-2026_13-24-59/HG_Rec_best.pth
2026-10-02 13:48:16,203 - INFO - Epoch 119/150 train_loss=1.8951626777648927
2026-10-02 13:48:27,815 - INFO - Epoch 120/150 train_loss=1.8947374963760375
2026-10-02 13:48:27,851 - INFO - Best train loss=1.8947374963760375; saved /fs04/ar57/wenyu/GeneRec/results/stage3_T5Train/curvature_RQ-VAE/ckpt/Amazon_2023_Instruments/Oct-02-2026_13-24-59/HG_Rec_best.pth
2026-10-02 13:48:39,457 - INFO - Epoch 121/150 train_loss=1.8922552490234374
2026-10-02 13:48:39,492 - INFO - Best train loss=1.8922552490234374; saved /fs04/ar57/wenyu/GeneRec/results/stage3_T5Train/curvature_RQ-VAE/ckpt/Amazon_2023_Instruments/Oct-02-2026_13-24-59/HG_Rec_best.pth
2026-10-02 13:48:51,100 - INFO - Epoch 122/150 train_loss=1.8896149921417236
2026-10-02 13:48:51,134 - INFO - Best train loss=1.8896149921417236; saved /fs04/ar57/wenyu/GeneRec/results/stage3_T5Train/curvature_RQ-VAE/ckpt/Amazon_2023_Instruments/Oct-02-2026_13-24-59/HG_Rec_best.pth
2026-10-02 13:49:02,744 - INFO - Epoch 123/150 train_loss=1.8860798788070678
2026-10-02 13:49:02,779 - INFO - Best train loss=1.8860798788070678; saved /fs04/ar57/wenyu/GeneRec/results/stage3_T5Train/curvature_RQ-VAE/ckpt/Amazon_2023_Instruments/Oct-02-2026_13-24-59/HG_Rec_best.pth
2026-10-02 13:49:14,381 - INFO - Epoch 124/150 train_loss=1.8885016584396361
2026-10-02 13:49:25,995 - INFO - Epoch 125/150 train_loss=1.8864430093765259
2026-10-02 13:49:37,606 - INFO - Epoch 126/150 train_loss=1.8861901760101318
2026-10-02 13:49:49,214 - INFO - Epoch 127/150 train_loss=1.885531611442566
2026-10-02 13:49:49,256 - INFO - Best train loss=1.885531611442566; saved /fs04/ar57/wenyu/GeneRec/results/stage3_T5Train/curvature_RQ-VAE/ckpt/Amazon_2023_Instruments/Oct-02-2026_13-24-59/HG_Rec_best.pth
2026-10-02 13:50:00,865 - INFO - Epoch 128/150 train_loss=1.888841381072998
2026-10-02 13:50:12,474 - INFO - Epoch 129/150 train_loss=1.882960891723633
2026-10-02 13:50:12,513 - INFO - Best train loss=1.882960891723633; saved /fs04/ar57/wenyu/GeneRec/results/stage3_T5Train/curvature_RQ-VAE/ckpt/Amazon_2023_Instruments/Oct-02-2026_13-24-59/HG_Rec_best.pth
2026-10-02 13:50:24,117 - INFO - Epoch 130/150 train_loss=1.885224552154541
2026-10-02 13:50:35,727 - INFO - Epoch 131/150 train_loss=1.8816768264770507
2026-10-02 13:50:35,768 - INFO - Best train loss=1.8816768264770507; saved /fs04/ar57/wenyu/GeneRec/results/stage3_T5Train/curvature_RQ-VAE/ckpt/Amazon_2023_Instruments/Oct-02-2026_13-24-59/HG_Rec_best.pth
2026-10-02 13:50:47,379 - INFO - Epoch 132/150 train_loss=1.880200333595276
2026-10-02 13:50:47,418 - INFO - Best train loss=1.880200333595276; saved /fs04/ar57/wenyu/GeneRec/results/stage3_T5Train/curvature_RQ-VAE/ckpt/Amazon_2023_Instruments/Oct-02-2026_13-24-59/HG_Rec_best.pth
2026-10-02 13:50:59,022 - INFO - Epoch 133/150 train_loss=1.881835527420044
2026-10-02 13:51:10,634 - INFO - Epoch 134/150 train_loss=1.8783962059020995
2026-10-02 13:51:10,670 - INFO - Best train loss=1.8783962059020995; saved /fs04/ar57/wenyu/GeneRec/results/stage3_T5Train/curvature_RQ-VAE/ckpt/Amazon_2023_Instruments/Oct-02-2026_13-24-59/HG_Rec_best.pth
2026-10-02 13:51:22,273 - INFO - Epoch 135/150 train_loss=1.8776356744766236
2026-10-02 13:51:22,309 - INFO - Best train loss=1.8776356744766236; saved /fs04/ar57/wenyu/GeneRec/results/stage3_T5Train/curvature_RQ-VAE/ckpt/Amazon_2023_Instruments/Oct-02-2026_13-24-59/HG_Rec_best.pth
2026-10-02 13:51:33,913 - INFO - Epoch 136/150 train_loss=1.878713617324829
2026-10-02 13:51:45,519 - INFO - Epoch 137/150 train_loss=1.8792689228057862
2026-10-02 13:51:57,127 - INFO - Epoch 138/150 train_loss=1.8774230909347533
2026-10-02 13:51:57,173 - INFO - Best train loss=1.8774230909347533; saved /fs04/ar57/wenyu/GeneRec/results/stage3_T5Train/curvature_RQ-VAE/ckpt/Amazon_2023_Instruments/Oct-02-2026_13-24-59/HG_Rec_best.pth
2026-10-02 13:52:08,777 - INFO - Epoch 139/150 train_loss=1.8750499200820923
2026-10-02 13:52:08,813 - INFO - Best train loss=1.8750499200820923; saved /fs04/ar57/wenyu/GeneRec/results/stage3_T5Train/curvature_RQ-VAE/ckpt/Amazon_2023_Instruments/Oct-02-2026_13-24-59/HG_Rec_best.pth
2026-10-02 13:52:20,414 - INFO - Epoch 140/150 train_loss=1.872011013031006
2026-10-02 13:52:20,450 - INFO - Best train loss=1.872011013031006; saved /fs04/ar57/wenyu/GeneRec/results/stage3_T5Train/curvature_RQ-VAE/ckpt/Amazon_2023_Instruments/Oct-02-2026_13-24-59/HG_Rec_best.pth
2026-10-02 13:52:32,061 - INFO - Epoch 141/150 train_loss=1.8774330806732178
2026-10-02 13:52:43,663 - INFO - Epoch 142/150 train_loss=1.875357413291931
2026-10-02 13:52:55,280 - INFO - Epoch 143/150 train_loss=1.8723250579833985
2026-10-02 13:53:06,892 - INFO - Epoch 144/150 train_loss=1.8704343700408936
2026-10-02 13:53:06,934 - INFO - Best train loss=1.8704343700408936; saved /fs04/ar57/wenyu/GeneRec/results/stage3_T5Train/curvature_RQ-VAE/ckpt/Amazon_2023_Instruments/Oct-02-2026_13-24-59/HG_Rec_best.pth
2026-10-02 13:53:18,546 - INFO - Epoch 145/150 train_loss=1.8705729675292968
2026-10-02 13:53:30,149 - INFO - Epoch 146/150 train_loss=1.8712503147125243
2026-10-02 13:53:41,767 - INFO - Epoch 147/150 train_loss=1.866905131340027
2026-10-02 13:53:41,809 - INFO - Best train loss=1.866905131340027; saved /fs04/ar57/wenyu/GeneRec/results/stage3_T5Train/curvature_RQ-VAE/ckpt/Amazon_2023_Instruments/Oct-02-2026_13-24-59/HG_Rec_best.pth
2026-10-02 13:53:53,411 - INFO - Epoch 148/150 train_loss=1.8678722763061524
2026-10-02 13:54:05,016 - INFO - Epoch 149/150 train_loss=1.8667120456695556
2026-10-02 13:54:05,059 - INFO - Best train loss=1.8667120456695556; saved /fs04/ar57/wenyu/GeneRec/results/stage3_T5Train/curvature_RQ-VAE/ckpt/Amazon_2023_Instruments/Oct-02-2026_13-24-59/HG_Rec_best.pth
2026-10-02 13:54:16,669 - INFO - Epoch 150/150 train_loss=1.8662820434570313
2026-10-02 13:54:16,708 - INFO - Best train loss=1.8662820434570313; saved /fs04/ar57/wenyu/GeneRec/results/stage3_T5Train/curvature_RQ-VAE/ckpt/Amazon_2023_Instruments/Oct-02-2026_13-24-59/HG_Rec_best.pth
2026-10-02 14:02:50,151 - INFO - Test={'best_checkpoint': '/fs04/ar57/wenyu/GeneRec/results/stage3_T5Train/curvature_RQ-VAE/ckpt/Amazon_2023_Instruments/Oct-02-2026_13-24-59/HG_Rec_best.pth', 'n_eval': 57439, 'test_recall@5': 0.030519333553857136, 'test_recall@10': 0.04679747210083741, 'test_ndcg@5': 0.01988738550044901, 'test_ndcg@10': 0.02512379288685044}
