2026-10-05 10:17:26,843 - INFO - Configuration: {'batch_size': 4096, 'infer_size': 1024, 'num_epochs': 150, 'eval_interval': 5, 'eval_start_epoch': 75, 'early_eval_epochs': (25, 50, 75, 100, 125), 'fast': True, 'bf16': True, 'use_lr_scheduler': True, 'lr_warmup_pct': 0.1, 'lr_min_factor': 0.2, 'compile': False, 'compile_mode': 'default', 'num_layers': 4, 'num_decoder_layers': 4, 'd_model': 128, 'd_ff': 1024, 'num_heads': 6, 'd_kv': 64, 'dropout_rate': 0.1, 'activation_function': 'relu', 'feed_forward_proj': 'relu', 'device': 'cuda', 'lr': 0.003, 'weight_decay': 0.05, 'vocab_size': 774, 'eos_token_id': 773, 'pad_token_id': 0, 'n_user_tokens': 1, 'max_len': 20, 'dataset_name': 'Amazon_2023_Instruments', 'dataset_path': '/home/wlia0047/ar57/wenyu/GeneRec/results/stage0_build_parquet/', 'codebook_size': [256, 256, 256, 1], 'code_path': '/home/wlia0047/ar57/wenyu/GeneRec/results/stage2_RQ-VAE/curvature_RQ-VAE_iter81/item_sids.json', 'train_file': 'train.parquet', 'valid_file': 'valid.parquet', 'test_file': 'test.parquet', 'log_path': '/home/wlia0047/ar57/wenyu/GeneRec/results/stage3_T5Train/curvature_RQ-VAE_iter81/logs/', 'save_path': '/home/wlia0047/ar57/wenyu/GeneRec/results/stage3_T5Train/curvature_RQ-VAE_iter81/ckpt/', 'seed': 42, 'topk_list': [5, 10], 'beam_size': 20, 'no_eval': True, 'skip_test': False, 'screen_baseline_log': '', 'screen_start_epoch': 40, 'screen_window': 5, 'screen_min_ndcg_gain': 0.001, 'screen_min_recall_gain': 0.001, 'num_workers': 4, 'prefetch_factor': 8, 'exclude_history': True, 'no_exclude_history': False, 'pin_memory': True, 'no_pin_memory': False, 'sid_length': 4, 'max_token_seq_len': 82, 'decoder_start_token_id': 0}
2026-10-05 10:17:26,895 - INFO - #Embedding parameters: 99072
#Non-embedding parameters: 4459648
#Total trainable parameters: 4558720

2026-10-05 10:17:40,947 - INFO - Epoch 1/150 train_loss=4.711165428161621
2026-10-05 10:17:41,028 - INFO - Best train loss=4.711165428161621; saved /home/wlia0047/ar57/wenyu/GeneRec/results/stage3_T5Train/curvature_RQ-VAE_iter81/ckpt/Amazon_2023_Instruments/Oct-05-2026_10-17-26/HG_Rec_best.pth
2026-10-05 10:17:52,663 - INFO - Epoch 2/150 train_loss=4.037074918746948
2026-10-05 10:17:52,701 - INFO - Best train loss=4.037074918746948; saved /home/wlia0047/ar57/wenyu/GeneRec/results/stage3_T5Train/curvature_RQ-VAE_iter81/ckpt/Amazon_2023_Instruments/Oct-05-2026_10-17-26/HG_Rec_best.pth
2026-10-05 10:18:04,316 - INFO - Epoch 3/150 train_loss=3.858565855026245
2026-10-05 10:18:04,355 - INFO - Best train loss=3.858565855026245; saved /home/wlia0047/ar57/wenyu/GeneRec/results/stage3_T5Train/curvature_RQ-VAE_iter81/ckpt/Amazon_2023_Instruments/Oct-05-2026_10-17-26/HG_Rec_best.pth
2026-10-05 10:18:15,972 - INFO - Epoch 4/150 train_loss=3.704887351989746
2026-10-05 10:18:16,011 - INFO - Best train loss=3.704887351989746; saved /home/wlia0047/ar57/wenyu/GeneRec/results/stage3_T5Train/curvature_RQ-VAE_iter81/ckpt/Amazon_2023_Instruments/Oct-05-2026_10-17-26/HG_Rec_best.pth
2026-10-05 10:18:27,623 - INFO - Epoch 5/150 train_loss=3.5985201168060303
2026-10-05 10:18:27,661 - INFO - Best train loss=3.5985201168060303; saved /home/wlia0047/ar57/wenyu/GeneRec/results/stage3_T5Train/curvature_RQ-VAE_iter81/ckpt/Amazon_2023_Instruments/Oct-05-2026_10-17-26/HG_Rec_best.pth
2026-10-05 10:18:39,283 - INFO - Epoch 6/150 train_loss=3.4878846073150633
2026-10-05 10:18:39,320 - INFO - Best train loss=3.4878846073150633; saved /home/wlia0047/ar57/wenyu/GeneRec/results/stage3_T5Train/curvature_RQ-VAE_iter81/ckpt/Amazon_2023_Instruments/Oct-05-2026_10-17-26/HG_Rec_best.pth
2026-10-05 10:18:50,944 - INFO - Epoch 7/150 train_loss=3.388918857574463
2026-10-05 10:18:50,981 - INFO - Best train loss=3.388918857574463; saved /home/wlia0047/ar57/wenyu/GeneRec/results/stage3_T5Train/curvature_RQ-VAE_iter81/ckpt/Amazon_2023_Instruments/Oct-05-2026_10-17-26/HG_Rec_best.pth
2026-10-05 10:19:02,591 - INFO - Epoch 8/150 train_loss=3.5788956928253173
2026-10-05 10:19:14,208 - INFO - Epoch 9/150 train_loss=3.355504941940308
2026-10-05 10:19:14,247 - INFO - Best train loss=3.355504941940308; saved /home/wlia0047/ar57/wenyu/GeneRec/results/stage3_T5Train/curvature_RQ-VAE_iter81/ckpt/Amazon_2023_Instruments/Oct-05-2026_10-17-26/HG_Rec_best.pth
2026-10-05 10:19:25,863 - INFO - Epoch 10/150 train_loss=3.2788629722595215
2026-10-05 10:19:25,900 - INFO - Best train loss=3.2788629722595215; saved /home/wlia0047/ar57/wenyu/GeneRec/results/stage3_T5Train/curvature_RQ-VAE_iter81/ckpt/Amazon_2023_Instruments/Oct-05-2026_10-17-26/HG_Rec_best.pth
2026-10-05 10:19:37,505 - INFO - Epoch 11/150 train_loss=3.2050655841827393
2026-10-05 10:19:37,542 - INFO - Best train loss=3.2050655841827393; saved /home/wlia0047/ar57/wenyu/GeneRec/results/stage3_T5Train/curvature_RQ-VAE_iter81/ckpt/Amazon_2023_Instruments/Oct-05-2026_10-17-26/HG_Rec_best.pth
2026-10-05 10:19:49,151 - INFO - Epoch 12/150 train_loss=3.14435094833374
2026-10-05 10:19:49,188 - INFO - Best train loss=3.14435094833374; saved /home/wlia0047/ar57/wenyu/GeneRec/results/stage3_T5Train/curvature_RQ-VAE_iter81/ckpt/Amazon_2023_Instruments/Oct-05-2026_10-17-26/HG_Rec_best.pth
2026-10-05 10:20:00,808 - INFO - Epoch 13/150 train_loss=3.0894244003295896
2026-10-05 10:20:00,844 - INFO - Best train loss=3.0894244003295896; saved /home/wlia0047/ar57/wenyu/GeneRec/results/stage3_T5Train/curvature_RQ-VAE_iter81/ckpt/Amazon_2023_Instruments/Oct-05-2026_10-17-26/HG_Rec_best.pth
2026-10-05 10:20:12,449 - INFO - Epoch 14/150 train_loss=3.0387163066864016
2026-10-05 10:20:12,486 - INFO - Best train loss=3.0387163066864016; saved /home/wlia0047/ar57/wenyu/GeneRec/results/stage3_T5Train/curvature_RQ-VAE_iter81/ckpt/Amazon_2023_Instruments/Oct-05-2026_10-17-26/HG_Rec_best.pth
2026-10-05 10:20:24,104 - INFO - Epoch 15/150 train_loss=3.0004977130889894
2026-10-05 10:20:24,141 - INFO - Best train loss=3.0004977130889894; saved /home/wlia0047/ar57/wenyu/GeneRec/results/stage3_T5Train/curvature_RQ-VAE_iter81/ckpt/Amazon_2023_Instruments/Oct-05-2026_10-17-26/HG_Rec_best.pth
2026-10-05 10:20:35,758 - INFO - Epoch 16/150 train_loss=2.9414447116851807
2026-10-05 10:20:35,796 - INFO - Best train loss=2.9414447116851807; saved /home/wlia0047/ar57/wenyu/GeneRec/results/stage3_T5Train/curvature_RQ-VAE_iter81/ckpt/Amazon_2023_Instruments/Oct-05-2026_10-17-26/HG_Rec_best.pth
2026-10-05 10:20:47,410 - INFO - Epoch 17/150 train_loss=2.883192253112793
2026-10-05 10:20:47,446 - INFO - Best train loss=2.883192253112793; saved /home/wlia0047/ar57/wenyu/GeneRec/results/stage3_T5Train/curvature_RQ-VAE_iter81/ckpt/Amazon_2023_Instruments/Oct-05-2026_10-17-26/HG_Rec_best.pth
2026-10-05 10:20:59,618 - INFO - Epoch 18/150 train_loss=2.844063358306885
2026-10-05 10:20:59,653 - INFO - Best train loss=2.844063358306885; saved /home/wlia0047/ar57/wenyu/GeneRec/results/stage3_T5Train/curvature_RQ-VAE_iter81/ckpt/Amazon_2023_Instruments/Oct-05-2026_10-17-26/HG_Rec_best.pth
2026-10-05 10:21:11,262 - INFO - Epoch 19/150 train_loss=2.8010525131225585
2026-10-05 10:21:11,301 - INFO - Best train loss=2.8010525131225585; saved /home/wlia0047/ar57/wenyu/GeneRec/results/stage3_T5Train/curvature_RQ-VAE_iter81/ckpt/Amazon_2023_Instruments/Oct-05-2026_10-17-26/HG_Rec_best.pth
2026-10-05 10:21:22,910 - INFO - Epoch 20/150 train_loss=2.754716606140137
2026-10-05 10:21:22,946 - INFO - Best train loss=2.754716606140137; saved /home/wlia0047/ar57/wenyu/GeneRec/results/stage3_T5Train/curvature_RQ-VAE_iter81/ckpt/Amazon_2023_Instruments/Oct-05-2026_10-17-26/HG_Rec_best.pth
2026-10-05 10:21:34,551 - INFO - Epoch 21/150 train_loss=2.71596923828125
2026-10-05 10:21:34,587 - INFO - Best train loss=2.71596923828125; saved /home/wlia0047/ar57/wenyu/GeneRec/results/stage3_T5Train/curvature_RQ-VAE_iter81/ckpt/Amazon_2023_Instruments/Oct-05-2026_10-17-26/HG_Rec_best.pth
2026-10-05 10:21:46,202 - INFO - Epoch 22/150 train_loss=2.6823971939086912
2026-10-05 10:21:46,239 - INFO - Best train loss=2.6823971939086912; saved /home/wlia0047/ar57/wenyu/GeneRec/results/stage3_T5Train/curvature_RQ-VAE_iter81/ckpt/Amazon_2023_Instruments/Oct-05-2026_10-17-26/HG_Rec_best.pth
2026-10-05 10:21:57,843 - INFO - Epoch 23/150 train_loss=2.6456213760375977
2026-10-05 10:21:57,883 - INFO - Best train loss=2.6456213760375977; saved /home/wlia0047/ar57/wenyu/GeneRec/results/stage3_T5Train/curvature_RQ-VAE_iter81/ckpt/Amazon_2023_Instruments/Oct-05-2026_10-17-26/HG_Rec_best.pth
2026-10-05 10:22:09,495 - INFO - Epoch 24/150 train_loss=2.621761989593506
2026-10-05 10:22:09,533 - INFO - Best train loss=2.621761989593506; saved /home/wlia0047/ar57/wenyu/GeneRec/results/stage3_T5Train/curvature_RQ-VAE_iter81/ckpt/Amazon_2023_Instruments/Oct-05-2026_10-17-26/HG_Rec_best.pth
2026-10-05 10:22:21,139 - INFO - Epoch 25/150 train_loss=2.588682270050049
2026-10-05 10:22:21,175 - INFO - Best train loss=2.588682270050049; saved /home/wlia0047/ar57/wenyu/GeneRec/results/stage3_T5Train/curvature_RQ-VAE_iter81/ckpt/Amazon_2023_Instruments/Oct-05-2026_10-17-26/HG_Rec_best.pth
2026-10-05 10:22:32,791 - INFO - Epoch 26/150 train_loss=2.551421947479248
2026-10-05 10:22:32,828 - INFO - Best train loss=2.551421947479248; saved /home/wlia0047/ar57/wenyu/GeneRec/results/stage3_T5Train/curvature_RQ-VAE_iter81/ckpt/Amazon_2023_Instruments/Oct-05-2026_10-17-26/HG_Rec_best.pth
2026-10-05 10:22:44,441 - INFO - Epoch 27/150 train_loss=2.53782470703125
2026-10-05 10:22:44,480 - INFO - Best train loss=2.53782470703125; saved /home/wlia0047/ar57/wenyu/GeneRec/results/stage3_T5Train/curvature_RQ-VAE_iter81/ckpt/Amazon_2023_Instruments/Oct-05-2026_10-17-26/HG_Rec_best.pth
2026-10-05 10:22:56,091 - INFO - Epoch 28/150 train_loss=2.5087157535552977
2026-10-05 10:22:56,128 - INFO - Best train loss=2.5087157535552977; saved /home/wlia0047/ar57/wenyu/GeneRec/results/stage3_T5Train/curvature_RQ-VAE_iter81/ckpt/Amazon_2023_Instruments/Oct-05-2026_10-17-26/HG_Rec_best.pth
2026-10-05 10:23:07,736 - INFO - Epoch 29/150 train_loss=2.480576305389404
2026-10-05 10:23:07,772 - INFO - Best train loss=2.480576305389404; saved /home/wlia0047/ar57/wenyu/GeneRec/results/stage3_T5Train/curvature_RQ-VAE_iter81/ckpt/Amazon_2023_Instruments/Oct-05-2026_10-17-26/HG_Rec_best.pth
2026-10-05 10:23:19,379 - INFO - Epoch 30/150 train_loss=2.457110662460327
2026-10-05 10:23:19,415 - INFO - Best train loss=2.457110662460327; saved /home/wlia0047/ar57/wenyu/GeneRec/results/stage3_T5Train/curvature_RQ-VAE_iter81/ckpt/Amazon_2023_Instruments/Oct-05-2026_10-17-26/HG_Rec_best.pth
2026-10-05 10:23:31,021 - INFO - Epoch 31/150 train_loss=2.4357808780670167
2026-10-05 10:23:31,057 - INFO - Best train loss=2.4357808780670167; saved /home/wlia0047/ar57/wenyu/GeneRec/results/stage3_T5Train/curvature_RQ-VAE_iter81/ckpt/Amazon_2023_Instruments/Oct-05-2026_10-17-26/HG_Rec_best.pth
2026-10-05 10:23:42,661 - INFO - Epoch 32/150 train_loss=2.41229905128479
2026-10-05 10:23:42,704 - INFO - Best train loss=2.41229905128479; saved /home/wlia0047/ar57/wenyu/GeneRec/results/stage3_T5Train/curvature_RQ-VAE_iter81/ckpt/Amazon_2023_Instruments/Oct-05-2026_10-17-26/HG_Rec_best.pth
2026-10-05 10:23:54,311 - INFO - Epoch 33/150 train_loss=2.384428815841675
2026-10-05 10:23:54,346 - INFO - Best train loss=2.384428815841675; saved /home/wlia0047/ar57/wenyu/GeneRec/results/stage3_T5Train/curvature_RQ-VAE_iter81/ckpt/Amazon_2023_Instruments/Oct-05-2026_10-17-26/HG_Rec_best.pth
2026-10-05 10:24:05,961 - INFO - Epoch 34/150 train_loss=2.376801624298096
2026-10-05 10:24:05,998 - INFO - Best train loss=2.376801624298096; saved /home/wlia0047/ar57/wenyu/GeneRec/results/stage3_T5Train/curvature_RQ-VAE_iter81/ckpt/Amazon_2023_Instruments/Oct-05-2026_10-17-26/HG_Rec_best.pth
2026-10-05 10:24:17,610 - INFO - Epoch 35/150 train_loss=2.352661533355713
2026-10-05 10:24:17,649 - INFO - Best train loss=2.352661533355713; saved /home/wlia0047/ar57/wenyu/GeneRec/results/stage3_T5Train/curvature_RQ-VAE_iter81/ckpt/Amazon_2023_Instruments/Oct-05-2026_10-17-26/HG_Rec_best.pth
2026-10-05 10:24:29,255 - INFO - Epoch 36/150 train_loss=2.33105938911438
2026-10-05 10:24:29,292 - INFO - Best train loss=2.33105938911438; saved /home/wlia0047/ar57/wenyu/GeneRec/results/stage3_T5Train/curvature_RQ-VAE_iter81/ckpt/Amazon_2023_Instruments/Oct-05-2026_10-17-26/HG_Rec_best.pth
2026-10-05 10:24:40,900 - INFO - Epoch 37/150 train_loss=2.297461862564087
2026-10-05 10:24:40,938 - INFO - Best train loss=2.297461862564087; saved /home/wlia0047/ar57/wenyu/GeneRec/results/stage3_T5Train/curvature_RQ-VAE_iter81/ckpt/Amazon_2023_Instruments/Oct-05-2026_10-17-26/HG_Rec_best.pth
2026-10-05 10:24:52,550 - INFO - Epoch 38/150 train_loss=2.277502670288086
2026-10-05 10:24:52,587 - INFO - Best train loss=2.277502670288086; saved /home/wlia0047/ar57/wenyu/GeneRec/results/stage3_T5Train/curvature_RQ-VAE_iter81/ckpt/Amazon_2023_Instruments/Oct-05-2026_10-17-26/HG_Rec_best.pth
2026-10-05 10:25:04,191 - INFO - Epoch 39/150 train_loss=2.260876121520996
2026-10-05 10:25:04,228 - INFO - Best train loss=2.260876121520996; saved /home/wlia0047/ar57/wenyu/GeneRec/results/stage3_T5Train/curvature_RQ-VAE_iter81/ckpt/Amazon_2023_Instruments/Oct-05-2026_10-17-26/HG_Rec_best.pth
2026-10-05 10:25:15,832 - INFO - Epoch 40/150 train_loss=2.2464059925079347
2026-10-05 10:25:15,869 - INFO - Best train loss=2.2464059925079347; saved /home/wlia0047/ar57/wenyu/GeneRec/results/stage3_T5Train/curvature_RQ-VAE_iter81/ckpt/Amazon_2023_Instruments/Oct-05-2026_10-17-26/HG_Rec_best.pth
2026-10-05 10:25:27,475 - INFO - Epoch 41/150 train_loss=2.2347996711730955
2026-10-05 10:25:27,513 - INFO - Best train loss=2.2347996711730955; saved /home/wlia0047/ar57/wenyu/GeneRec/results/stage3_T5Train/curvature_RQ-VAE_iter81/ckpt/Amazon_2023_Instruments/Oct-05-2026_10-17-26/HG_Rec_best.pth
2026-10-05 10:25:39,118 - INFO - Epoch 42/150 train_loss=2.2211230754852296
2026-10-05 10:25:39,158 - INFO - Best train loss=2.2211230754852296; saved /home/wlia0047/ar57/wenyu/GeneRec/results/stage3_T5Train/curvature_RQ-VAE_iter81/ckpt/Amazon_2023_Instruments/Oct-05-2026_10-17-26/HG_Rec_best.pth
2026-10-05 10:25:50,814 - INFO - Epoch 43/150 train_loss=2.20416335105896
2026-10-05 10:25:50,850 - INFO - Best train loss=2.20416335105896; saved /home/wlia0047/ar57/wenyu/GeneRec/results/stage3_T5Train/curvature_RQ-VAE_iter81/ckpt/Amazon_2023_Instruments/Oct-05-2026_10-17-26/HG_Rec_best.pth
2026-10-05 10:26:02,459 - INFO - Epoch 44/150 train_loss=2.1947686100006103
2026-10-05 10:26:02,494 - INFO - Best train loss=2.1947686100006103; saved /home/wlia0047/ar57/wenyu/GeneRec/results/stage3_T5Train/curvature_RQ-VAE_iter81/ckpt/Amazon_2023_Instruments/Oct-05-2026_10-17-26/HG_Rec_best.pth
2026-10-05 10:26:14,102 - INFO - Epoch 45/150 train_loss=2.183052854537964
2026-10-05 10:26:14,137 - INFO - Best train loss=2.183052854537964; saved /home/wlia0047/ar57/wenyu/GeneRec/results/stage3_T5Train/curvature_RQ-VAE_iter81/ckpt/Amazon_2023_Instruments/Oct-05-2026_10-17-26/HG_Rec_best.pth
2026-10-05 10:26:25,739 - INFO - Epoch 46/150 train_loss=2.172268981933594
2026-10-05 10:26:25,775 - INFO - Best train loss=2.172268981933594; saved /home/wlia0047/ar57/wenyu/GeneRec/results/stage3_T5Train/curvature_RQ-VAE_iter81/ckpt/Amazon_2023_Instruments/Oct-05-2026_10-17-26/HG_Rec_best.pth
2026-10-05 10:26:37,378 - INFO - Epoch 47/150 train_loss=2.161995677947998
2026-10-05 10:26:37,413 - INFO - Best train loss=2.161995677947998; saved /home/wlia0047/ar57/wenyu/GeneRec/results/stage3_T5Train/curvature_RQ-VAE_iter81/ckpt/Amazon_2023_Instruments/Oct-05-2026_10-17-26/HG_Rec_best.pth
2026-10-05 10:26:49,026 - INFO - Epoch 48/150 train_loss=2.1513813018798826
2026-10-05 10:26:49,062 - INFO - Best train loss=2.1513813018798826; saved /home/wlia0047/ar57/wenyu/GeneRec/results/stage3_T5Train/curvature_RQ-VAE_iter81/ckpt/Amazon_2023_Instruments/Oct-05-2026_10-17-26/HG_Rec_best.pth
2026-10-05 10:27:00,669 - INFO - Epoch 49/150 train_loss=2.1375857162475587
2026-10-05 10:27:00,704 - INFO - Best train loss=2.1375857162475587; saved /home/wlia0047/ar57/wenyu/GeneRec/results/stage3_T5Train/curvature_RQ-VAE_iter81/ckpt/Amazon_2023_Instruments/Oct-05-2026_10-17-26/HG_Rec_best.pth
2026-10-05 10:27:12,314 - INFO - Epoch 50/150 train_loss=2.1371175765991213
2026-10-05 10:27:12,349 - INFO - Best train loss=2.1371175765991213; saved /home/wlia0047/ar57/wenyu/GeneRec/results/stage3_T5Train/curvature_RQ-VAE_iter81/ckpt/Amazon_2023_Instruments/Oct-05-2026_10-17-26/HG_Rec_best.pth
2026-10-05 10:27:24,168 - INFO - Epoch 51/150 train_loss=2.126798505783081
2026-10-05 10:27:24,210 - INFO - Best train loss=2.126798505783081; saved /home/wlia0047/ar57/wenyu/GeneRec/results/stage3_T5Train/curvature_RQ-VAE_iter81/ckpt/Amazon_2023_Instruments/Oct-05-2026_10-17-26/HG_Rec_best.pth
2026-10-05 10:27:36,259 - INFO - Epoch 52/150 train_loss=2.1209001255035402
2026-10-05 10:27:36,296 - INFO - Best train loss=2.1209001255035402; saved /home/wlia0047/ar57/wenyu/GeneRec/results/stage3_T5Train/curvature_RQ-VAE_iter81/ckpt/Amazon_2023_Instruments/Oct-05-2026_10-17-26/HG_Rec_best.pth
2026-10-05 10:27:47,911 - INFO - Epoch 53/150 train_loss=2.113798208236694
2026-10-05 10:27:47,947 - INFO - Best train loss=2.113798208236694; saved /home/wlia0047/ar57/wenyu/GeneRec/results/stage3_T5Train/curvature_RQ-VAE_iter81/ckpt/Amazon_2023_Instruments/Oct-05-2026_10-17-26/HG_Rec_best.pth
2026-10-05 10:27:59,556 - INFO - Epoch 54/150 train_loss=2.1017703437805175
2026-10-05 10:27:59,594 - INFO - Best train loss=2.1017703437805175; saved /home/wlia0047/ar57/wenyu/GeneRec/results/stage3_T5Train/curvature_RQ-VAE_iter81/ckpt/Amazon_2023_Instruments/Oct-05-2026_10-17-26/HG_Rec_best.pth
2026-10-05 10:28:13,255 - INFO - Epoch 55/150 train_loss=2.097857046127319
2026-10-05 10:28:13,338 - INFO - Best train loss=2.097857046127319; saved /home/wlia0047/ar57/wenyu/GeneRec/results/stage3_T5Train/curvature_RQ-VAE_iter81/ckpt/Amazon_2023_Instruments/Oct-05-2026_10-17-26/HG_Rec_best.pth
2026-10-05 10:28:24,946 - INFO - Epoch 56/150 train_loss=2.088633966445923
2026-10-05 10:28:25,028 - INFO - Best train loss=2.088633966445923; saved /home/wlia0047/ar57/wenyu/GeneRec/results/stage3_T5Train/curvature_RQ-VAE_iter81/ckpt/Amazon_2023_Instruments/Oct-05-2026_10-17-26/HG_Rec_best.pth
2026-10-05 10:28:36,642 - INFO - Epoch 57/150 train_loss=2.077869806289673
2026-10-05 10:28:36,684 - INFO - Best train loss=2.077869806289673; saved /home/wlia0047/ar57/wenyu/GeneRec/results/stage3_T5Train/curvature_RQ-VAE_iter81/ckpt/Amazon_2023_Instruments/Oct-05-2026_10-17-26/HG_Rec_best.pth
2026-10-05 10:28:48,296 - INFO - Epoch 58/150 train_loss=2.071243324279785
2026-10-05 10:28:48,332 - INFO - Best train loss=2.071243324279785; saved /home/wlia0047/ar57/wenyu/GeneRec/results/stage3_T5Train/curvature_RQ-VAE_iter81/ckpt/Amazon_2023_Instruments/Oct-05-2026_10-17-26/HG_Rec_best.pth
2026-10-05 10:28:59,939 - INFO - Epoch 59/150 train_loss=2.064747762680054
2026-10-05 10:28:59,977 - INFO - Best train loss=2.064747762680054; saved /home/wlia0047/ar57/wenyu/GeneRec/results/stage3_T5Train/curvature_RQ-VAE_iter81/ckpt/Amazon_2023_Instruments/Oct-05-2026_10-17-26/HG_Rec_best.pth
2026-10-05 10:29:11,586 - INFO - Epoch 60/150 train_loss=2.0593834781646727
2026-10-05 10:29:11,623 - INFO - Best train loss=2.0593834781646727; saved /home/wlia0047/ar57/wenyu/GeneRec/results/stage3_T5Train/curvature_RQ-VAE_iter81/ckpt/Amazon_2023_Instruments/Oct-05-2026_10-17-26/HG_Rec_best.pth
2026-10-05 10:29:23,235 - INFO - Epoch 61/150 train_loss=2.053675661087036
2026-10-05 10:29:23,271 - INFO - Best train loss=2.053675661087036; saved /home/wlia0047/ar57/wenyu/GeneRec/results/stage3_T5Train/curvature_RQ-VAE_iter81/ckpt/Amazon_2023_Instruments/Oct-05-2026_10-17-26/HG_Rec_best.pth
2026-10-05 10:29:34,881 - INFO - Epoch 62/150 train_loss=2.046247711181641
2026-10-05 10:29:34,917 - INFO - Best train loss=2.046247711181641; saved /home/wlia0047/ar57/wenyu/GeneRec/results/stage3_T5Train/curvature_RQ-VAE_iter81/ckpt/Amazon_2023_Instruments/Oct-05-2026_10-17-26/HG_Rec_best.pth
2026-10-05 10:29:46,532 - INFO - Epoch 63/150 train_loss=2.044073534011841
2026-10-05 10:29:46,567 - INFO - Best train loss=2.044073534011841; saved /home/wlia0047/ar57/wenyu/GeneRec/results/stage3_T5Train/curvature_RQ-VAE_iter81/ckpt/Amazon_2023_Instruments/Oct-05-2026_10-17-26/HG_Rec_best.pth
2026-10-05 10:29:58,206 - INFO - Epoch 64/150 train_loss=2.0413826370239256
2026-10-05 10:29:58,258 - INFO - Best train loss=2.0413826370239256; saved /home/wlia0047/ar57/wenyu/GeneRec/results/stage3_T5Train/curvature_RQ-VAE_iter81/ckpt/Amazon_2023_Instruments/Oct-05-2026_10-17-26/HG_Rec_best.pth
2026-10-05 10:30:09,871 - INFO - Epoch 65/150 train_loss=2.0340200328826903
2026-10-05 10:30:09,907 - INFO - Best train loss=2.0340200328826903; saved /home/wlia0047/ar57/wenyu/GeneRec/results/stage3_T5Train/curvature_RQ-VAE_iter81/ckpt/Amazon_2023_Instruments/Oct-05-2026_10-17-26/HG_Rec_best.pth
2026-10-05 10:30:21,568 - INFO - Epoch 66/150 train_loss=2.0286218547821044
2026-10-05 10:30:21,610 - INFO - Best train loss=2.0286218547821044; saved /home/wlia0047/ar57/wenyu/GeneRec/results/stage3_T5Train/curvature_RQ-VAE_iter81/ckpt/Amazon_2023_Instruments/Oct-05-2026_10-17-26/HG_Rec_best.pth
2026-10-05 10:30:33,219 - INFO - Epoch 67/150 train_loss=2.0215923976898194
2026-10-05 10:30:33,255 - INFO - Best train loss=2.0215923976898194; saved /home/wlia0047/ar57/wenyu/GeneRec/results/stage3_T5Train/curvature_RQ-VAE_iter81/ckpt/Amazon_2023_Instruments/Oct-05-2026_10-17-26/HG_Rec_best.pth
2026-10-05 10:30:44,900 - INFO - Epoch 68/150 train_loss=2.019934616088867
2026-10-05 10:30:44,936 - INFO - Best train loss=2.019934616088867; saved /home/wlia0047/ar57/wenyu/GeneRec/results/stage3_T5Train/curvature_RQ-VAE_iter81/ckpt/Amazon_2023_Instruments/Oct-05-2026_10-17-26/HG_Rec_best.pth
2026-10-05 10:30:56,555 - INFO - Epoch 69/150 train_loss=2.018677177429199
2026-10-05 10:30:56,592 - INFO - Best train loss=2.018677177429199; saved /home/wlia0047/ar57/wenyu/GeneRec/results/stage3_T5Train/curvature_RQ-VAE_iter81/ckpt/Amazon_2023_Instruments/Oct-05-2026_10-17-26/HG_Rec_best.pth
2026-10-05 10:31:08,201 - INFO - Epoch 70/150 train_loss=2.011395101547241
2026-10-05 10:31:08,235 - INFO - Best train loss=2.011395101547241; saved /home/wlia0047/ar57/wenyu/GeneRec/results/stage3_T5Train/curvature_RQ-VAE_iter81/ckpt/Amazon_2023_Instruments/Oct-05-2026_10-17-26/HG_Rec_best.pth
2026-10-05 10:31:19,843 - INFO - Epoch 71/150 train_loss=2.007630877494812
2026-10-05 10:31:19,880 - INFO - Best train loss=2.007630877494812; saved /home/wlia0047/ar57/wenyu/GeneRec/results/stage3_T5Train/curvature_RQ-VAE_iter81/ckpt/Amazon_2023_Instruments/Oct-05-2026_10-17-26/HG_Rec_best.pth
2026-10-05 10:31:31,487 - INFO - Epoch 72/150 train_loss=2.0023747730255126
2026-10-05 10:31:31,525 - INFO - Best train loss=2.0023747730255126; saved /home/wlia0047/ar57/wenyu/GeneRec/results/stage3_T5Train/curvature_RQ-VAE_iter81/ckpt/Amazon_2023_Instruments/Oct-05-2026_10-17-26/HG_Rec_best.pth
2026-10-05 10:31:43,131 - INFO - Epoch 73/150 train_loss=1.9926140356063842
2026-10-05 10:31:43,166 - INFO - Best train loss=1.9926140356063842; saved /home/wlia0047/ar57/wenyu/GeneRec/results/stage3_T5Train/curvature_RQ-VAE_iter81/ckpt/Amazon_2023_Instruments/Oct-05-2026_10-17-26/HG_Rec_best.pth
2026-10-05 10:31:54,775 - INFO - Epoch 74/150 train_loss=1.9989659261703492
2026-10-05 10:32:06,387 - INFO - Epoch 75/150 train_loss=1.9919966983795165
2026-10-05 10:32:06,431 - INFO - Best train loss=1.9919966983795165; saved /home/wlia0047/ar57/wenyu/GeneRec/results/stage3_T5Train/curvature_RQ-VAE_iter81/ckpt/Amazon_2023_Instruments/Oct-05-2026_10-17-26/HG_Rec_best.pth
2026-10-05 10:32:18,041 - INFO - Epoch 76/150 train_loss=1.9860884523391724
2026-10-05 10:32:18,077 - INFO - Best train loss=1.9860884523391724; saved /home/wlia0047/ar57/wenyu/GeneRec/results/stage3_T5Train/curvature_RQ-VAE_iter81/ckpt/Amazon_2023_Instruments/Oct-05-2026_10-17-26/HG_Rec_best.pth
2026-10-05 10:32:29,684 - INFO - Epoch 77/150 train_loss=1.9831051301956177
2026-10-05 10:32:29,722 - INFO - Best train loss=1.9831051301956177; saved /home/wlia0047/ar57/wenyu/GeneRec/results/stage3_T5Train/curvature_RQ-VAE_iter81/ckpt/Amazon_2023_Instruments/Oct-05-2026_10-17-26/HG_Rec_best.pth
2026-10-05 10:32:41,335 - INFO - Epoch 78/150 train_loss=1.977500057220459
2026-10-05 10:32:41,371 - INFO - Best train loss=1.977500057220459; saved /home/wlia0047/ar57/wenyu/GeneRec/results/stage3_T5Train/curvature_RQ-VAE_iter81/ckpt/Amazon_2023_Instruments/Oct-05-2026_10-17-26/HG_Rec_best.pth
2026-10-05 10:32:52,977 - INFO - Epoch 79/150 train_loss=1.9771356010437011
2026-10-05 10:32:53,012 - INFO - Best train loss=1.9771356010437011; saved /home/wlia0047/ar57/wenyu/GeneRec/results/stage3_T5Train/curvature_RQ-VAE_iter81/ckpt/Amazon_2023_Instruments/Oct-05-2026_10-17-26/HG_Rec_best.pth
2026-10-05 10:33:04,624 - INFO - Epoch 80/150 train_loss=1.9723290872573853
2026-10-05 10:33:05,266 - INFO - Best train loss=1.9723290872573853; saved /home/wlia0047/ar57/wenyu/GeneRec/results/stage3_T5Train/curvature_RQ-VAE_iter81/ckpt/Amazon_2023_Instruments/Oct-05-2026_10-17-26/HG_Rec_best.pth
2026-10-05 10:33:16,869 - INFO - Epoch 81/150 train_loss=1.969955883026123
2026-10-05 10:33:16,905 - INFO - Best train loss=1.969955883026123; saved /home/wlia0047/ar57/wenyu/GeneRec/results/stage3_T5Train/curvature_RQ-VAE_iter81/ckpt/Amazon_2023_Instruments/Oct-05-2026_10-17-26/HG_Rec_best.pth
2026-10-05 10:33:28,516 - INFO - Epoch 82/150 train_loss=1.9631229257583618
2026-10-05 10:33:28,551 - INFO - Best train loss=1.9631229257583618; saved /home/wlia0047/ar57/wenyu/GeneRec/results/stage3_T5Train/curvature_RQ-VAE_iter81/ckpt/Amazon_2023_Instruments/Oct-05-2026_10-17-26/HG_Rec_best.pth
2026-10-05 10:33:40,156 - INFO - Epoch 83/150 train_loss=1.9641231060028077
2026-10-05 10:33:51,765 - INFO - Epoch 84/150 train_loss=1.95611572265625
2026-10-05 10:33:51,807 - INFO - Best train loss=1.95611572265625; saved /home/wlia0047/ar57/wenyu/GeneRec/results/stage3_T5Train/curvature_RQ-VAE_iter81/ckpt/Amazon_2023_Instruments/Oct-05-2026_10-17-26/HG_Rec_best.pth
2026-10-05 10:34:03,416 - INFO - Epoch 85/150 train_loss=1.9550903224945069
2026-10-05 10:34:03,452 - INFO - Best train loss=1.9550903224945069; saved /home/wlia0047/ar57/wenyu/GeneRec/results/stage3_T5Train/curvature_RQ-VAE_iter81/ckpt/Amazon_2023_Instruments/Oct-05-2026_10-17-26/HG_Rec_best.pth
2026-10-05 10:34:15,057 - INFO - Epoch 86/150 train_loss=1.951836771965027
2026-10-05 10:34:15,092 - INFO - Best train loss=1.951836771965027; saved /home/wlia0047/ar57/wenyu/GeneRec/results/stage3_T5Train/curvature_RQ-VAE_iter81/ckpt/Amazon_2023_Instruments/Oct-05-2026_10-17-26/HG_Rec_best.pth
2026-10-05 10:34:26,699 - INFO - Epoch 87/150 train_loss=1.9506473636627197
2026-10-05 10:34:26,735 - INFO - Best train loss=1.9506473636627197; saved /home/wlia0047/ar57/wenyu/GeneRec/results/stage3_T5Train/curvature_RQ-VAE_iter81/ckpt/Amazon_2023_Instruments/Oct-05-2026_10-17-26/HG_Rec_best.pth
2026-10-05 10:34:38,339 - INFO - Epoch 88/150 train_loss=1.9470711517333985
2026-10-05 10:34:38,375 - INFO - Best train loss=1.9470711517333985; saved /home/wlia0047/ar57/wenyu/GeneRec/results/stage3_T5Train/curvature_RQ-VAE_iter81/ckpt/Amazon_2023_Instruments/Oct-05-2026_10-17-26/HG_Rec_best.pth
2026-10-05 10:34:49,989 - INFO - Epoch 89/150 train_loss=1.945198760032654
2026-10-05 10:34:50,026 - INFO - Best train loss=1.945198760032654; saved /home/wlia0047/ar57/wenyu/GeneRec/results/stage3_T5Train/curvature_RQ-VAE_iter81/ckpt/Amazon_2023_Instruments/Oct-05-2026_10-17-26/HG_Rec_best.pth
2026-10-05 10:35:01,633 - INFO - Epoch 90/150 train_loss=1.9390005254745484
2026-10-05 10:35:01,666 - INFO - Best train loss=1.9390005254745484; saved /home/wlia0047/ar57/wenyu/GeneRec/results/stage3_T5Train/curvature_RQ-VAE_iter81/ckpt/Amazon_2023_Instruments/Oct-05-2026_10-17-26/HG_Rec_best.pth
2026-10-05 10:35:13,272 - INFO - Epoch 91/150 train_loss=1.9398695373535155
2026-10-05 10:35:25,373 - INFO - Epoch 92/150 train_loss=1.9372132682800294
2026-10-05 10:35:25,408 - INFO - Best train loss=1.9372132682800294; saved /home/wlia0047/ar57/wenyu/GeneRec/results/stage3_T5Train/curvature_RQ-VAE_iter81/ckpt/Amazon_2023_Instruments/Oct-05-2026_10-17-26/HG_Rec_best.pth
2026-10-05 10:35:37,055 - INFO - Epoch 93/150 train_loss=1.9329130029678345
2026-10-05 10:35:37,092 - INFO - Best train loss=1.9329130029678345; saved /home/wlia0047/ar57/wenyu/GeneRec/results/stage3_T5Train/curvature_RQ-VAE_iter81/ckpt/Amazon_2023_Instruments/Oct-05-2026_10-17-26/HG_Rec_best.pth
2026-10-05 10:35:48,698 - INFO - Epoch 94/150 train_loss=1.9347715091705322
2026-10-05 10:36:00,305 - INFO - Epoch 95/150 train_loss=1.9273923635482788
2026-10-05 10:36:00,348 - INFO - Best train loss=1.9273923635482788; saved /home/wlia0047/ar57/wenyu/GeneRec/results/stage3_T5Train/curvature_RQ-VAE_iter81/ckpt/Amazon_2023_Instruments/Oct-05-2026_10-17-26/HG_Rec_best.pth
2026-10-05 10:36:11,963 - INFO - Epoch 96/150 train_loss=1.927808508872986
2026-10-05 10:36:23,594 - INFO - Epoch 97/150 train_loss=1.9242597818374634
2026-10-05 10:36:23,639 - INFO - Best train loss=1.9242597818374634; saved /home/wlia0047/ar57/wenyu/GeneRec/results/stage3_T5Train/curvature_RQ-VAE_iter81/ckpt/Amazon_2023_Instruments/Oct-05-2026_10-17-26/HG_Rec_best.pth
2026-10-05 10:36:35,243 - INFO - Epoch 98/150 train_loss=1.9242131900787354
2026-10-05 10:36:35,279 - INFO - Best train loss=1.9242131900787354; saved /home/wlia0047/ar57/wenyu/GeneRec/results/stage3_T5Train/curvature_RQ-VAE_iter81/ckpt/Amazon_2023_Instruments/Oct-05-2026_10-17-26/HG_Rec_best.pth
2026-10-05 10:36:46,891 - INFO - Epoch 99/150 train_loss=1.9198565578460693
2026-10-05 10:36:46,927 - INFO - Best train loss=1.9198565578460693; saved /home/wlia0047/ar57/wenyu/GeneRec/results/stage3_T5Train/curvature_RQ-VAE_iter81/ckpt/Amazon_2023_Instruments/Oct-05-2026_10-17-26/HG_Rec_best.pth
2026-10-05 10:36:58,535 - INFO - Epoch 100/150 train_loss=1.918214340209961
2026-10-05 10:36:58,573 - INFO - Best train loss=1.918214340209961; saved /home/wlia0047/ar57/wenyu/GeneRec/results/stage3_T5Train/curvature_RQ-VAE_iter81/ckpt/Amazon_2023_Instruments/Oct-05-2026_10-17-26/HG_Rec_best.pth
2026-10-05 10:37:10,182 - INFO - Epoch 101/150 train_loss=1.9138400173187256
2026-10-05 10:37:10,224 - INFO - Best train loss=1.9138400173187256; saved /home/wlia0047/ar57/wenyu/GeneRec/results/stage3_T5Train/curvature_RQ-VAE_iter81/ckpt/Amazon_2023_Instruments/Oct-05-2026_10-17-26/HG_Rec_best.pth
2026-10-05 10:37:21,836 - INFO - Epoch 102/150 train_loss=1.9138708305358887
2026-10-05 10:37:33,663 - INFO - Epoch 103/150 train_loss=1.9090846061706543
2026-10-05 10:37:33,715 - INFO - Best train loss=1.9090846061706543; saved /home/wlia0047/ar57/wenyu/GeneRec/results/stage3_T5Train/curvature_RQ-VAE_iter81/ckpt/Amazon_2023_Instruments/Oct-05-2026_10-17-26/HG_Rec_best.pth
2026-10-05 10:37:45,388 - INFO - Epoch 104/150 train_loss=1.9063389825820922
2026-10-05 10:37:45,423 - INFO - Best train loss=1.9063389825820922; saved /home/wlia0047/ar57/wenyu/GeneRec/results/stage3_T5Train/curvature_RQ-VAE_iter81/ckpt/Amazon_2023_Instruments/Oct-05-2026_10-17-26/HG_Rec_best.pth
2026-10-05 10:37:57,085 - INFO - Epoch 105/150 train_loss=1.9068129825592042
2026-10-05 10:38:08,699 - INFO - Epoch 106/150 train_loss=1.9020347929000854
2026-10-05 10:38:08,740 - INFO - Best train loss=1.9020347929000854; saved /home/wlia0047/ar57/wenyu/GeneRec/results/stage3_T5Train/curvature_RQ-VAE_iter81/ckpt/Amazon_2023_Instruments/Oct-05-2026_10-17-26/HG_Rec_best.pth
2026-10-05 10:38:20,352 - INFO - Epoch 107/150 train_loss=1.9048771810531617
2026-10-05 10:38:31,967 - INFO - Epoch 108/150 train_loss=1.9019749021530152
2026-10-05 10:38:32,031 - INFO - Best train loss=1.9019749021530152; saved /home/wlia0047/ar57/wenyu/GeneRec/results/stage3_T5Train/curvature_RQ-VAE_iter81/ckpt/Amazon_2023_Instruments/Oct-05-2026_10-17-26/HG_Rec_best.pth
2026-10-05 10:38:43,641 - INFO - Epoch 109/150 train_loss=1.897415189743042
2026-10-05 10:38:43,677 - INFO - Best train loss=1.897415189743042; saved /home/wlia0047/ar57/wenyu/GeneRec/results/stage3_T5Train/curvature_RQ-VAE_iter81/ckpt/Amazon_2023_Instruments/Oct-05-2026_10-17-26/HG_Rec_best.pth
2026-10-05 10:38:55,282 - INFO - Epoch 110/150 train_loss=1.8962072229385376
2026-10-05 10:38:55,319 - INFO - Best train loss=1.8962072229385376; saved /home/wlia0047/ar57/wenyu/GeneRec/results/stage3_T5Train/curvature_RQ-VAE_iter81/ckpt/Amazon_2023_Instruments/Oct-05-2026_10-17-26/HG_Rec_best.pth
2026-10-05 10:39:06,924 - INFO - Epoch 111/150 train_loss=1.8962303829193115
2026-10-05 10:39:18,534 - INFO - Epoch 112/150 train_loss=1.8931449842453003
2026-10-05 10:39:18,576 - INFO - Best train loss=1.8931449842453003; saved /home/wlia0047/ar57/wenyu/GeneRec/results/stage3_T5Train/curvature_RQ-VAE_iter81/ckpt/Amazon_2023_Instruments/Oct-05-2026_10-17-26/HG_Rec_best.pth
2026-10-05 10:39:30,180 - INFO - Epoch 113/150 train_loss=1.8925615930557251
2026-10-05 10:39:30,216 - INFO - Best train loss=1.8925615930557251; saved /home/wlia0047/ar57/wenyu/GeneRec/results/stage3_T5Train/curvature_RQ-VAE_iter81/ckpt/Amazon_2023_Instruments/Oct-05-2026_10-17-26/HG_Rec_best.pth
2026-10-05 10:39:41,826 - INFO - Epoch 114/150 train_loss=1.8893369722366333
2026-10-05 10:39:41,863 - INFO - Best train loss=1.8893369722366333; saved /home/wlia0047/ar57/wenyu/GeneRec/results/stage3_T5Train/curvature_RQ-VAE_iter81/ckpt/Amazon_2023_Instruments/Oct-05-2026_10-17-26/HG_Rec_best.pth
2026-10-05 10:39:53,468 - INFO - Epoch 115/150 train_loss=1.8904999208450317
2026-10-05 10:40:05,087 - INFO - Epoch 116/150 train_loss=1.8867036724090576
2026-10-05 10:40:05,125 - INFO - Best train loss=1.8867036724090576; saved /home/wlia0047/ar57/wenyu/GeneRec/results/stage3_T5Train/curvature_RQ-VAE_iter81/ckpt/Amazon_2023_Instruments/Oct-05-2026_10-17-26/HG_Rec_best.pth
2026-10-05 10:40:19,414 - INFO - Epoch 117/150 train_loss=1.8852991342544556
2026-10-05 10:40:19,452 - INFO - Best train loss=1.8852991342544556; saved /home/wlia0047/ar57/wenyu/GeneRec/results/stage3_T5Train/curvature_RQ-VAE_iter81/ckpt/Amazon_2023_Instruments/Oct-05-2026_10-17-26/HG_Rec_best.pth
2026-10-05 10:40:31,270 - INFO - Epoch 118/150 train_loss=1.8813601160049438
2026-10-05 10:40:31,309 - INFO - Best train loss=1.8813601160049438; saved /home/wlia0047/ar57/wenyu/GeneRec/results/stage3_T5Train/curvature_RQ-VAE_iter81/ckpt/Amazon_2023_Instruments/Oct-05-2026_10-17-26/HG_Rec_best.pth
2026-10-05 10:40:42,914 - INFO - Epoch 119/150 train_loss=1.8805119371414185
2026-10-05 10:40:42,951 - INFO - Best train loss=1.8805119371414185; saved /home/wlia0047/ar57/wenyu/GeneRec/results/stage3_T5Train/curvature_RQ-VAE_iter81/ckpt/Amazon_2023_Instruments/Oct-05-2026_10-17-26/HG_Rec_best.pth
2026-10-05 10:40:54,564 - INFO - Epoch 120/150 train_loss=1.8757982397079467
2026-10-05 10:40:54,601 - INFO - Best train loss=1.8757982397079467; saved /home/wlia0047/ar57/wenyu/GeneRec/results/stage3_T5Train/curvature_RQ-VAE_iter81/ckpt/Amazon_2023_Instruments/Oct-05-2026_10-17-26/HG_Rec_best.pth
2026-10-05 10:41:06,209 - INFO - Epoch 121/150 train_loss=1.8779297876358032
2026-10-05 10:41:17,819 - INFO - Epoch 122/150 train_loss=1.876290988922119
2026-10-05 10:41:29,440 - INFO - Epoch 123/150 train_loss=1.873210105895996
2026-10-05 10:41:29,484 - INFO - Best train loss=1.873210105895996; saved /home/wlia0047/ar57/wenyu/GeneRec/results/stage3_T5Train/curvature_RQ-VAE_iter81/ckpt/Amazon_2023_Instruments/Oct-05-2026_10-17-26/HG_Rec_best.pth
2026-10-05 10:41:41,091 - INFO - Epoch 124/150 train_loss=1.8737738180160521
2026-10-05 10:41:52,702 - INFO - Epoch 125/150 train_loss=1.873495054244995
2026-10-05 10:42:04,322 - INFO - Epoch 126/150 train_loss=1.8708026218414306
2026-10-05 10:42:04,361 - INFO - Best train loss=1.8708026218414306; saved /home/wlia0047/ar57/wenyu/GeneRec/results/stage3_T5Train/curvature_RQ-VAE_iter81/ckpt/Amazon_2023_Instruments/Oct-05-2026_10-17-26/HG_Rec_best.pth
2026-10-05 10:42:15,972 - INFO - Epoch 127/150 train_loss=1.8685671281814575
2026-10-05 10:42:16,009 - INFO - Best train loss=1.8685671281814575; saved /home/wlia0047/ar57/wenyu/GeneRec/results/stage3_T5Train/curvature_RQ-VAE_iter81/ckpt/Amazon_2023_Instruments/Oct-05-2026_10-17-26/HG_Rec_best.pth
2026-10-05 10:42:27,621 - INFO - Epoch 128/150 train_loss=1.871592812538147
2026-10-05 10:42:39,234 - INFO - Epoch 129/150 train_loss=1.8655371475219726
2026-10-05 10:42:39,271 - INFO - Best train loss=1.8655371475219726; saved /home/wlia0047/ar57/wenyu/GeneRec/results/stage3_T5Train/curvature_RQ-VAE_iter81/ckpt/Amazon_2023_Instruments/Oct-05-2026_10-17-26/HG_Rec_best.pth
2026-10-05 10:42:50,875 - INFO - Epoch 130/150 train_loss=1.8664254283905028
2026-10-05 10:43:02,488 - INFO - Epoch 131/150 train_loss=1.8649676895141603
2026-10-05 10:43:02,524 - INFO - Best train loss=1.8649676895141603; saved /home/wlia0047/ar57/wenyu/GeneRec/results/stage3_T5Train/curvature_RQ-VAE_iter81/ckpt/Amazon_2023_Instruments/Oct-05-2026_10-17-26/HG_Rec_best.pth
2026-10-05 10:43:14,135 - INFO - Epoch 132/150 train_loss=1.8632552194595338
2026-10-05 10:43:14,171 - INFO - Best train loss=1.8632552194595338; saved /home/wlia0047/ar57/wenyu/GeneRec/results/stage3_T5Train/curvature_RQ-VAE_iter81/ckpt/Amazon_2023_Instruments/Oct-05-2026_10-17-26/HG_Rec_best.pth
2026-10-05 10:43:25,780 - INFO - Epoch 133/150 train_loss=1.8648347520828248
2026-10-05 10:43:37,388 - INFO - Epoch 134/150 train_loss=1.8610121393203736
2026-10-05 10:43:37,429 - INFO - Best train loss=1.8610121393203736; saved /home/wlia0047/ar57/wenyu/GeneRec/results/stage3_T5Train/curvature_RQ-VAE_iter81/ckpt/Amazon_2023_Instruments/Oct-05-2026_10-17-26/HG_Rec_best.pth
2026-10-05 10:43:49,043 - INFO - Epoch 135/150 train_loss=1.8599707794189453
2026-10-05 10:43:49,078 - INFO - Best train loss=1.8599707794189453; saved /home/wlia0047/ar57/wenyu/GeneRec/results/stage3_T5Train/curvature_RQ-VAE_iter81/ckpt/Amazon_2023_Instruments/Oct-05-2026_10-17-26/HG_Rec_best.pth
2026-10-05 10:44:00,685 - INFO - Epoch 136/150 train_loss=1.8613303661346436
2026-10-05 10:44:12,296 - INFO - Epoch 137/150 train_loss=1.8600109577178956
2026-10-05 10:44:23,911 - INFO - Epoch 138/150 train_loss=1.859451904296875
2026-10-05 10:44:23,957 - INFO - Best train loss=1.859451904296875; saved /home/wlia0047/ar57/wenyu/GeneRec/results/stage3_T5Train/curvature_RQ-VAE_iter81/ckpt/Amazon_2023_Instruments/Oct-05-2026_10-17-26/HG_Rec_best.pth
2026-10-05 10:44:35,571 - INFO - Epoch 139/150 train_loss=1.8568481063842774
2026-10-05 10:44:35,608 - INFO - Best train loss=1.8568481063842774; saved /home/wlia0047/ar57/wenyu/GeneRec/results/stage3_T5Train/curvature_RQ-VAE_iter81/ckpt/Amazon_2023_Instruments/Oct-05-2026_10-17-26/HG_Rec_best.pth
2026-10-05 10:44:47,216 - INFO - Epoch 140/150 train_loss=1.8551030015945436
2026-10-05 10:44:47,252 - INFO - Best train loss=1.8551030015945436; saved /home/wlia0047/ar57/wenyu/GeneRec/results/stage3_T5Train/curvature_RQ-VAE_iter81/ckpt/Amazon_2023_Instruments/Oct-05-2026_10-17-26/HG_Rec_best.pth
2026-10-05 10:44:58,858 - INFO - Epoch 141/150 train_loss=1.858024106025696
2026-10-05 10:45:10,465 - INFO - Epoch 142/150 train_loss=1.85662926197052
2026-10-05 10:45:22,087 - INFO - Epoch 143/150 train_loss=1.8531163692474366
2026-10-05 10:45:22,123 - INFO - Best train loss=1.8531163692474366; saved /home/wlia0047/ar57/wenyu/GeneRec/results/stage3_T5Train/curvature_RQ-VAE_iter81/ckpt/Amazon_2023_Instruments/Oct-05-2026_10-17-26/HG_Rec_best.pth
2026-10-05 10:45:33,734 - INFO - Epoch 144/150 train_loss=1.8495553016662598
2026-10-05 10:45:33,772 - INFO - Best train loss=1.8495553016662598; saved /home/wlia0047/ar57/wenyu/GeneRec/results/stage3_T5Train/curvature_RQ-VAE_iter81/ckpt/Amazon_2023_Instruments/Oct-05-2026_10-17-26/HG_Rec_best.pth
2026-10-05 10:45:45,470 - INFO - Epoch 145/150 train_loss=1.8509513998031617
2026-10-05 10:45:57,084 - INFO - Epoch 146/150 train_loss=1.8511115980148316
2026-10-05 10:46:08,694 - INFO - Epoch 147/150 train_loss=1.8466885995864868
2026-10-05 10:46:08,734 - INFO - Best train loss=1.8466885995864868; saved /home/wlia0047/ar57/wenyu/GeneRec/results/stage3_T5Train/curvature_RQ-VAE_iter81/ckpt/Amazon_2023_Instruments/Oct-05-2026_10-17-26/HG_Rec_best.pth
2026-10-05 10:46:20,348 - INFO - Epoch 148/150 train_loss=1.848455367088318
2026-10-05 10:46:31,956 - INFO - Epoch 149/150 train_loss=1.8478642368316651
2026-10-05 10:46:43,580 - INFO - Epoch 150/150 train_loss=1.8461760807037353
2026-10-05 10:46:43,617 - INFO - Best train loss=1.8461760807037353; saved /home/wlia0047/ar57/wenyu/GeneRec/results/stage3_T5Train/curvature_RQ-VAE_iter81/ckpt/Amazon_2023_Instruments/Oct-05-2026_10-17-26/HG_Rec_best.pth
2026-10-05 10:55:12,437 - INFO - Test={'best_checkpoint': '/home/wlia0047/ar57/wenyu/GeneRec/results/stage3_T5Train/curvature_RQ-VAE_iter81/ckpt/Amazon_2023_Instruments/Oct-05-2026_10-17-26/HG_Rec_best.pth', 'n_eval': 57439, 'test_recall@5': 0.0384407806542593, 'test_recall@10': 0.0585142498998938, 'test_ndcg@5': 0.025465598609606465, 'test_ndcg@10': 0.03192070687052324}
