2026-10-03 14:16:47,940 - INFO - Configuration: {'batch_size': 4096, 'infer_size': 1024, 'num_epochs': 150, 'eval_interval': 5, 'eval_start_epoch': 75, 'early_eval_epochs': (25, 50, 75, 100, 125), 'fast': True, 'bf16': True, 'use_lr_scheduler': True, 'lr_warmup_pct': 0.1, 'lr_min_factor': 0.2, 'compile': False, 'compile_mode': 'default', 'num_layers': 4, 'num_decoder_layers': 4, 'd_model': 128, 'd_ff': 1024, 'num_heads': 6, 'd_kv': 64, 'dropout_rate': 0.1, 'activation_function': 'relu', 'feed_forward_proj': 'relu', 'device': 'cuda', 'lr': 0.003, 'weight_decay': 0.05, 'vocab_size': 774, 'eos_token_id': 773, 'pad_token_id': 0, 'n_user_tokens': 1, 'max_len': 20, 'dataset_name': 'Amazon_2023_Instruments', 'dataset_path': '/home/wlia0047/ar57/wenyu/GeneRec/results/stage0_build_parquet/', 'codebook_size': [256, 256, 256, 1], 'code_path': '/fs04/ar57/wenyu/GeneRec/results/stage2_RQ-VAE/curvature_RQ-VAE/item_sids.json', 'train_file': 'train.parquet', 'valid_file': 'valid.parquet', 'test_file': 'test.parquet', 'log_path': '/fs04/ar57/wenyu/GeneRec/results/stage3_T5Train/curvature_RQ-VAE/logs/', 'save_path': '/fs04/ar57/wenyu/GeneRec/results/stage3_T5Train/curvature_RQ-VAE/ckpt/', 'seed': 42, 'topk_list': [5, 10], 'beam_size': 20, 'no_eval': True, 'skip_test': False, 'screen_baseline_log': '', 'screen_start_epoch': 40, 'screen_window': 5, 'screen_min_ndcg_gain': 0.001, 'screen_min_recall_gain': 0.001, 'num_workers': 4, 'prefetch_factor': 8, 'exclude_history': True, 'no_exclude_history': False, 'pin_memory': True, 'no_pin_memory': False, 'sid_length': 4, 'max_token_seq_len': 82, 'decoder_start_token_id': 0}
2026-10-03 14:16:48,041 - INFO - #Embedding parameters: 99072
#Non-embedding parameters: 4459648
#Total trainable parameters: 4558720

2026-10-03 14:17:01,989 - INFO - Epoch 1/150 train_loss=4.739618492126465
2026-10-03 14:17:02,071 - INFO - Best train loss=4.739618492126465; saved /fs04/ar57/wenyu/GeneRec/results/stage3_T5Train/curvature_RQ-VAE/ckpt/Amazon_2023_Instruments/Oct-03-2026_14-16-47/HG_Rec_best.pth
2026-10-03 14:17:13,703 - INFO - Epoch 2/150 train_loss=4.049778881072998
2026-10-03 14:17:13,740 - INFO - Best train loss=4.049778881072998; saved /fs04/ar57/wenyu/GeneRec/results/stage3_T5Train/curvature_RQ-VAE/ckpt/Amazon_2023_Instruments/Oct-03-2026_14-16-47/HG_Rec_best.pth
2026-10-03 14:17:25,357 - INFO - Epoch 3/150 train_loss=3.865133457183838
2026-10-03 14:17:25,396 - INFO - Best train loss=3.865133457183838; saved /fs04/ar57/wenyu/GeneRec/results/stage3_T5Train/curvature_RQ-VAE/ckpt/Amazon_2023_Instruments/Oct-03-2026_14-16-47/HG_Rec_best.pth
2026-10-03 14:17:37,006 - INFO - Epoch 4/150 train_loss=3.715020980834961
2026-10-03 14:17:37,041 - INFO - Best train loss=3.715020980834961; saved /fs04/ar57/wenyu/GeneRec/results/stage3_T5Train/curvature_RQ-VAE/ckpt/Amazon_2023_Instruments/Oct-03-2026_14-16-47/HG_Rec_best.pth
2026-10-03 14:17:48,650 - INFO - Epoch 5/150 train_loss=3.6374652099609377
2026-10-03 14:17:48,685 - INFO - Best train loss=3.6374652099609377; saved /fs04/ar57/wenyu/GeneRec/results/stage3_T5Train/curvature_RQ-VAE/ckpt/Amazon_2023_Instruments/Oct-03-2026_14-16-47/HG_Rec_best.pth
2026-10-03 14:18:00,301 - INFO - Epoch 6/150 train_loss=3.5105527210235596
2026-10-03 14:18:00,337 - INFO - Best train loss=3.5105527210235596; saved /fs04/ar57/wenyu/GeneRec/results/stage3_T5Train/curvature_RQ-VAE/ckpt/Amazon_2023_Instruments/Oct-03-2026_14-16-47/HG_Rec_best.pth
2026-10-03 14:18:11,945 - INFO - Epoch 7/150 train_loss=3.416165313720703
2026-10-03 14:18:11,982 - INFO - Best train loss=3.416165313720703; saved /fs04/ar57/wenyu/GeneRec/results/stage3_T5Train/curvature_RQ-VAE/ckpt/Amazon_2023_Instruments/Oct-03-2026_14-16-47/HG_Rec_best.pth
2026-10-03 14:18:23,593 - INFO - Epoch 8/150 train_loss=3.3243433666229247
2026-10-03 14:18:23,629 - INFO - Best train loss=3.3243433666229247; saved /fs04/ar57/wenyu/GeneRec/results/stage3_T5Train/curvature_RQ-VAE/ckpt/Amazon_2023_Instruments/Oct-03-2026_14-16-47/HG_Rec_best.pth
2026-10-03 14:18:35,251 - INFO - Epoch 9/150 train_loss=3.251872911453247
2026-10-03 14:18:35,286 - INFO - Best train loss=3.251872911453247; saved /fs04/ar57/wenyu/GeneRec/results/stage3_T5Train/curvature_RQ-VAE/ckpt/Amazon_2023_Instruments/Oct-03-2026_14-16-47/HG_Rec_best.pth
2026-10-03 14:18:46,901 - INFO - Epoch 10/150 train_loss=3.1535088443756103
2026-10-03 14:18:46,937 - INFO - Best train loss=3.1535088443756103; saved /fs04/ar57/wenyu/GeneRec/results/stage3_T5Train/curvature_RQ-VAE/ckpt/Amazon_2023_Instruments/Oct-03-2026_14-16-47/HG_Rec_best.pth
2026-10-03 14:18:58,542 - INFO - Epoch 11/150 train_loss=3.0790770149230955
2026-10-03 14:18:58,579 - INFO - Best train loss=3.0790770149230955; saved /fs04/ar57/wenyu/GeneRec/results/stage3_T5Train/curvature_RQ-VAE/ckpt/Amazon_2023_Instruments/Oct-03-2026_14-16-47/HG_Rec_best.pth
2026-10-03 14:19:10,187 - INFO - Epoch 12/150 train_loss=3.011296157836914
2026-10-03 14:19:10,224 - INFO - Best train loss=3.011296157836914; saved /fs04/ar57/wenyu/GeneRec/results/stage3_T5Train/curvature_RQ-VAE/ckpt/Amazon_2023_Instruments/Oct-03-2026_14-16-47/HG_Rec_best.pth
2026-10-03 14:19:21,830 - INFO - Epoch 13/150 train_loss=2.9596876525878906
2026-10-03 14:19:21,865 - INFO - Best train loss=2.9596876525878906; saved /fs04/ar57/wenyu/GeneRec/results/stage3_T5Train/curvature_RQ-VAE/ckpt/Amazon_2023_Instruments/Oct-03-2026_14-16-47/HG_Rec_best.pth
2026-10-03 14:19:33,471 - INFO - Epoch 14/150 train_loss=2.906731004714966
2026-10-03 14:19:33,508 - INFO - Best train loss=2.906731004714966; saved /fs04/ar57/wenyu/GeneRec/results/stage3_T5Train/curvature_RQ-VAE/ckpt/Amazon_2023_Instruments/Oct-03-2026_14-16-47/HG_Rec_best.pth
2026-10-03 14:19:45,110 - INFO - Epoch 15/150 train_loss=2.854416751861572
2026-10-03 14:19:45,146 - INFO - Best train loss=2.854416751861572; saved /fs04/ar57/wenyu/GeneRec/results/stage3_T5Train/curvature_RQ-VAE/ckpt/Amazon_2023_Instruments/Oct-03-2026_14-16-47/HG_Rec_best.pth
2026-10-03 14:19:56,755 - INFO - Epoch 16/150 train_loss=2.7994142723083497
2026-10-03 14:19:56,793 - INFO - Best train loss=2.7994142723083497; saved /fs04/ar57/wenyu/GeneRec/results/stage3_T5Train/curvature_RQ-VAE/ckpt/Amazon_2023_Instruments/Oct-03-2026_14-16-47/HG_Rec_best.pth
2026-10-03 14:20:08,398 - INFO - Epoch 17/150 train_loss=2.747723217010498
2026-10-03 14:20:08,434 - INFO - Best train loss=2.747723217010498; saved /fs04/ar57/wenyu/GeneRec/results/stage3_T5Train/curvature_RQ-VAE/ckpt/Amazon_2023_Instruments/Oct-03-2026_14-16-47/HG_Rec_best.pth
2026-10-03 14:20:20,648 - INFO - Epoch 18/150 train_loss=2.7172850704193117
2026-10-03 14:20:20,684 - INFO - Best train loss=2.7172850704193117; saved /fs04/ar57/wenyu/GeneRec/results/stage3_T5Train/curvature_RQ-VAE/ckpt/Amazon_2023_Instruments/Oct-03-2026_14-16-47/HG_Rec_best.pth
2026-10-03 14:20:32,290 - INFO - Epoch 19/150 train_loss=2.6839346885681152
2026-10-03 14:20:32,325 - INFO - Best train loss=2.6839346885681152; saved /fs04/ar57/wenyu/GeneRec/results/stage3_T5Train/curvature_RQ-VAE/ckpt/Amazon_2023_Instruments/Oct-03-2026_14-16-47/HG_Rec_best.pth
2026-10-03 14:20:43,930 - INFO - Epoch 20/150 train_loss=2.642600622177124
2026-10-03 14:20:43,969 - INFO - Best train loss=2.642600622177124; saved /fs04/ar57/wenyu/GeneRec/results/stage3_T5Train/curvature_RQ-VAE/ckpt/Amazon_2023_Instruments/Oct-03-2026_14-16-47/HG_Rec_best.pth
2026-10-03 14:20:55,573 - INFO - Epoch 21/150 train_loss=2.605160884857178
2026-10-03 14:20:55,609 - INFO - Best train loss=2.605160884857178; saved /fs04/ar57/wenyu/GeneRec/results/stage3_T5Train/curvature_RQ-VAE/ckpt/Amazon_2023_Instruments/Oct-03-2026_14-16-47/HG_Rec_best.pth
2026-10-03 14:21:07,220 - INFO - Epoch 22/150 train_loss=2.5741080760955812
2026-10-03 14:21:07,255 - INFO - Best train loss=2.5741080760955812; saved /fs04/ar57/wenyu/GeneRec/results/stage3_T5Train/curvature_RQ-VAE/ckpt/Amazon_2023_Instruments/Oct-03-2026_14-16-47/HG_Rec_best.pth
2026-10-03 14:21:18,858 - INFO - Epoch 23/150 train_loss=2.5446354484558107
2026-10-03 14:21:18,895 - INFO - Best train loss=2.5446354484558107; saved /fs04/ar57/wenyu/GeneRec/results/stage3_T5Train/curvature_RQ-VAE/ckpt/Amazon_2023_Instruments/Oct-03-2026_14-16-47/HG_Rec_best.pth
2026-10-03 14:21:30,502 - INFO - Epoch 24/150 train_loss=2.5214965629577635
2026-10-03 14:21:30,538 - INFO - Best train loss=2.5214965629577635; saved /fs04/ar57/wenyu/GeneRec/results/stage3_T5Train/curvature_RQ-VAE/ckpt/Amazon_2023_Instruments/Oct-03-2026_14-16-47/HG_Rec_best.pth
2026-10-03 14:21:42,148 - INFO - Epoch 25/150 train_loss=2.499647645950317
2026-10-03 14:21:42,184 - INFO - Best train loss=2.499647645950317; saved /fs04/ar57/wenyu/GeneRec/results/stage3_T5Train/curvature_RQ-VAE/ckpt/Amazon_2023_Instruments/Oct-03-2026_14-16-47/HG_Rec_best.pth
2026-10-03 14:21:53,788 - INFO - Epoch 26/150 train_loss=2.473683547973633
2026-10-03 14:21:53,824 - INFO - Best train loss=2.473683547973633; saved /fs04/ar57/wenyu/GeneRec/results/stage3_T5Train/curvature_RQ-VAE/ckpt/Amazon_2023_Instruments/Oct-03-2026_14-16-47/HG_Rec_best.pth
2026-10-03 14:22:05,433 - INFO - Epoch 27/150 train_loss=2.4537724113464354
2026-10-03 14:22:05,469 - INFO - Best train loss=2.4537724113464354; saved /fs04/ar57/wenyu/GeneRec/results/stage3_T5Train/curvature_RQ-VAE/ckpt/Amazon_2023_Instruments/Oct-03-2026_14-16-47/HG_Rec_best.pth
2026-10-03 14:22:17,077 - INFO - Epoch 28/150 train_loss=2.4318210315704345
2026-10-03 14:22:17,113 - INFO - Best train loss=2.4318210315704345; saved /fs04/ar57/wenyu/GeneRec/results/stage3_T5Train/curvature_RQ-VAE/ckpt/Amazon_2023_Instruments/Oct-03-2026_14-16-47/HG_Rec_best.pth
2026-10-03 14:22:28,719 - INFO - Epoch 29/150 train_loss=2.4066844844818114
2026-10-03 14:22:28,755 - INFO - Best train loss=2.4066844844818114; saved /fs04/ar57/wenyu/GeneRec/results/stage3_T5Train/curvature_RQ-VAE/ckpt/Amazon_2023_Instruments/Oct-03-2026_14-16-47/HG_Rec_best.pth
2026-10-03 14:22:40,359 - INFO - Epoch 30/150 train_loss=2.3894064235687256
2026-10-03 14:22:40,402 - INFO - Best train loss=2.3894064235687256; saved /fs04/ar57/wenyu/GeneRec/results/stage3_T5Train/curvature_RQ-VAE/ckpt/Amazon_2023_Instruments/Oct-03-2026_14-16-47/HG_Rec_best.pth
2026-10-03 14:22:52,013 - INFO - Epoch 31/150 train_loss=2.3729146766662597
2026-10-03 14:22:52,049 - INFO - Best train loss=2.3729146766662597; saved /fs04/ar57/wenyu/GeneRec/results/stage3_T5Train/curvature_RQ-VAE/ckpt/Amazon_2023_Instruments/Oct-03-2026_14-16-47/HG_Rec_best.pth
2026-10-03 14:23:03,661 - INFO - Epoch 32/150 train_loss=2.354635124206543
2026-10-03 14:23:03,698 - INFO - Best train loss=2.354635124206543; saved /fs04/ar57/wenyu/GeneRec/results/stage3_T5Train/curvature_RQ-VAE/ckpt/Amazon_2023_Instruments/Oct-03-2026_14-16-47/HG_Rec_best.pth
2026-10-03 14:23:15,309 - INFO - Epoch 33/150 train_loss=2.333920049667358
2026-10-03 14:23:15,345 - INFO - Best train loss=2.333920049667358; saved /fs04/ar57/wenyu/GeneRec/results/stage3_T5Train/curvature_RQ-VAE/ckpt/Amazon_2023_Instruments/Oct-03-2026_14-16-47/HG_Rec_best.pth
2026-10-03 14:23:26,950 - INFO - Epoch 34/150 train_loss=2.323848257064819
2026-10-03 14:23:26,987 - INFO - Best train loss=2.323848257064819; saved /fs04/ar57/wenyu/GeneRec/results/stage3_T5Train/curvature_RQ-VAE/ckpt/Amazon_2023_Instruments/Oct-03-2026_14-16-47/HG_Rec_best.pth
2026-10-03 14:23:38,596 - INFO - Epoch 35/150 train_loss=2.3107673931121826
2026-10-03 14:23:38,636 - INFO - Best train loss=2.3107673931121826; saved /fs04/ar57/wenyu/GeneRec/results/stage3_T5Train/curvature_RQ-VAE/ckpt/Amazon_2023_Instruments/Oct-03-2026_14-16-47/HG_Rec_best.pth
2026-10-03 14:23:50,241 - INFO - Epoch 36/150 train_loss=2.295067834854126
2026-10-03 14:23:50,277 - INFO - Best train loss=2.295067834854126; saved /fs04/ar57/wenyu/GeneRec/results/stage3_T5Train/curvature_RQ-VAE/ckpt/Amazon_2023_Instruments/Oct-03-2026_14-16-47/HG_Rec_best.pth
2026-10-03 14:24:01,886 - INFO - Epoch 37/150 train_loss=2.282721939086914
2026-10-03 14:24:01,921 - INFO - Best train loss=2.282721939086914; saved /fs04/ar57/wenyu/GeneRec/results/stage3_T5Train/curvature_RQ-VAE/ckpt/Amazon_2023_Instruments/Oct-03-2026_14-16-47/HG_Rec_best.pth
2026-10-03 14:24:13,523 - INFO - Epoch 38/150 train_loss=2.2710430240631103
2026-10-03 14:24:13,558 - INFO - Best train loss=2.2710430240631103; saved /fs04/ar57/wenyu/GeneRec/results/stage3_T5Train/curvature_RQ-VAE/ckpt/Amazon_2023_Instruments/Oct-03-2026_14-16-47/HG_Rec_best.pth
2026-10-03 14:24:25,161 - INFO - Epoch 39/150 train_loss=2.2608885383605957
2026-10-03 14:24:25,197 - INFO - Best train loss=2.2608885383605957; saved /fs04/ar57/wenyu/GeneRec/results/stage3_T5Train/curvature_RQ-VAE/ckpt/Amazon_2023_Instruments/Oct-03-2026_14-16-47/HG_Rec_best.pth
2026-10-03 14:24:36,807 - INFO - Epoch 40/150 train_loss=2.248206548690796
2026-10-03 14:24:36,844 - INFO - Best train loss=2.248206548690796; saved /fs04/ar57/wenyu/GeneRec/results/stage3_T5Train/curvature_RQ-VAE/ckpt/Amazon_2023_Instruments/Oct-03-2026_14-16-47/HG_Rec_best.pth
2026-10-03 14:24:48,457 - INFO - Epoch 41/150 train_loss=2.240641031265259
2026-10-03 14:24:48,492 - INFO - Best train loss=2.240641031265259; saved /fs04/ar57/wenyu/GeneRec/results/stage3_T5Train/curvature_RQ-VAE/ckpt/Amazon_2023_Instruments/Oct-03-2026_14-16-47/HG_Rec_best.pth
2026-10-03 14:25:00,097 - INFO - Epoch 42/150 train_loss=2.2267638301849364
2026-10-03 14:25:00,134 - INFO - Best train loss=2.2267638301849364; saved /fs04/ar57/wenyu/GeneRec/results/stage3_T5Train/curvature_RQ-VAE/ckpt/Amazon_2023_Instruments/Oct-03-2026_14-16-47/HG_Rec_best.pth
2026-10-03 14:25:11,775 - INFO - Epoch 43/150 train_loss=2.214335412979126
2026-10-03 14:25:11,824 - INFO - Best train loss=2.214335412979126; saved /fs04/ar57/wenyu/GeneRec/results/stage3_T5Train/curvature_RQ-VAE/ckpt/Amazon_2023_Instruments/Oct-03-2026_14-16-47/HG_Rec_best.pth
2026-10-03 14:25:23,429 - INFO - Epoch 44/150 train_loss=2.2065896511077883
2026-10-03 14:25:23,464 - INFO - Best train loss=2.2065896511077883; saved /fs04/ar57/wenyu/GeneRec/results/stage3_T5Train/curvature_RQ-VAE/ckpt/Amazon_2023_Instruments/Oct-03-2026_14-16-47/HG_Rec_best.pth
2026-10-03 14:25:35,067 - INFO - Epoch 45/150 train_loss=2.1987180805206297
2026-10-03 14:25:35,102 - INFO - Best train loss=2.1987180805206297; saved /fs04/ar57/wenyu/GeneRec/results/stage3_T5Train/curvature_RQ-VAE/ckpt/Amazon_2023_Instruments/Oct-03-2026_14-16-47/HG_Rec_best.pth
2026-10-03 14:25:46,706 - INFO - Epoch 46/150 train_loss=2.1891436195373535
2026-10-03 14:25:46,742 - INFO - Best train loss=2.1891436195373535; saved /fs04/ar57/wenyu/GeneRec/results/stage3_T5Train/curvature_RQ-VAE/ckpt/Amazon_2023_Instruments/Oct-03-2026_14-16-47/HG_Rec_best.pth
2026-10-03 14:25:58,353 - INFO - Epoch 47/150 train_loss=2.1812500858306887
2026-10-03 14:25:58,388 - INFO - Best train loss=2.1812500858306887; saved /fs04/ar57/wenyu/GeneRec/results/stage3_T5Train/curvature_RQ-VAE/ckpt/Amazon_2023_Instruments/Oct-03-2026_14-16-47/HG_Rec_best.pth
2026-10-03 14:26:09,995 - INFO - Epoch 48/150 train_loss=2.172404336929321
2026-10-03 14:26:10,030 - INFO - Best train loss=2.172404336929321; saved /fs04/ar57/wenyu/GeneRec/results/stage3_T5Train/curvature_RQ-VAE/ckpt/Amazon_2023_Instruments/Oct-03-2026_14-16-47/HG_Rec_best.pth
2026-10-03 14:26:21,634 - INFO - Epoch 49/150 train_loss=2.16217511177063
2026-10-03 14:26:21,671 - INFO - Best train loss=2.16217511177063; saved /fs04/ar57/wenyu/GeneRec/results/stage3_T5Train/curvature_RQ-VAE/ckpt/Amazon_2023_Instruments/Oct-03-2026_14-16-47/HG_Rec_best.pth
2026-10-03 14:26:33,278 - INFO - Epoch 50/150 train_loss=2.1579432392120363
2026-10-03 14:26:33,316 - INFO - Best train loss=2.1579432392120363; saved /fs04/ar57/wenyu/GeneRec/results/stage3_T5Train/curvature_RQ-VAE/ckpt/Amazon_2023_Instruments/Oct-03-2026_14-16-47/HG_Rec_best.pth
2026-10-03 14:26:44,922 - INFO - Epoch 51/150 train_loss=2.1520197677612303
2026-10-03 14:26:44,958 - INFO - Best train loss=2.1520197677612303; saved /fs04/ar57/wenyu/GeneRec/results/stage3_T5Train/curvature_RQ-VAE/ckpt/Amazon_2023_Instruments/Oct-03-2026_14-16-47/HG_Rec_best.pth
2026-10-03 14:26:56,882 - INFO - Epoch 52/150 train_loss=2.1505349254608155
2026-10-03 14:26:56,919 - INFO - Best train loss=2.1505349254608155; saved /fs04/ar57/wenyu/GeneRec/results/stage3_T5Train/curvature_RQ-VAE/ckpt/Amazon_2023_Instruments/Oct-03-2026_14-16-47/HG_Rec_best.pth
2026-10-03 14:27:08,529 - INFO - Epoch 53/150 train_loss=2.1420293045043945
2026-10-03 14:27:08,565 - INFO - Best train loss=2.1420293045043945; saved /fs04/ar57/wenyu/GeneRec/results/stage3_T5Train/curvature_RQ-VAE/ckpt/Amazon_2023_Instruments/Oct-03-2026_14-16-47/HG_Rec_best.pth
2026-10-03 14:27:20,262 - INFO - Epoch 54/150 train_loss=2.1339542388916017
2026-10-03 14:27:20,303 - INFO - Best train loss=2.1339542388916017; saved /fs04/ar57/wenyu/GeneRec/results/stage3_T5Train/curvature_RQ-VAE/ckpt/Amazon_2023_Instruments/Oct-03-2026_14-16-47/HG_Rec_best.pth
2026-10-03 14:27:33,466 - INFO - Epoch 55/150 train_loss=2.1290839672088624
2026-10-03 14:27:33,531 - INFO - Best train loss=2.1290839672088624; saved /fs04/ar57/wenyu/GeneRec/results/stage3_T5Train/curvature_RQ-VAE/ckpt/Amazon_2023_Instruments/Oct-03-2026_14-16-47/HG_Rec_best.pth
2026-10-03 14:27:45,135 - INFO - Epoch 56/150 train_loss=2.122202215194702
2026-10-03 14:27:45,195 - INFO - Best train loss=2.122202215194702; saved /fs04/ar57/wenyu/GeneRec/results/stage3_T5Train/curvature_RQ-VAE/ckpt/Amazon_2023_Instruments/Oct-03-2026_14-16-47/HG_Rec_best.pth
2026-10-03 14:27:56,853 - INFO - Epoch 57/150 train_loss=2.114478979110718
2026-10-03 14:27:56,890 - INFO - Best train loss=2.114478979110718; saved /fs04/ar57/wenyu/GeneRec/results/stage3_T5Train/curvature_RQ-VAE/ckpt/Amazon_2023_Instruments/Oct-03-2026_14-16-47/HG_Rec_best.pth
2026-10-03 14:28:08,495 - INFO - Epoch 58/150 train_loss=2.1052550888061523
2026-10-03 14:28:08,536 - INFO - Best train loss=2.1052550888061523; saved /fs04/ar57/wenyu/GeneRec/results/stage3_T5Train/curvature_RQ-VAE/ckpt/Amazon_2023_Instruments/Oct-03-2026_14-16-47/HG_Rec_best.pth
2026-10-03 14:28:20,147 - INFO - Epoch 59/150 train_loss=2.098375759124756
2026-10-03 14:28:20,184 - INFO - Best train loss=2.098375759124756; saved /fs04/ar57/wenyu/GeneRec/results/stage3_T5Train/curvature_RQ-VAE/ckpt/Amazon_2023_Instruments/Oct-03-2026_14-16-47/HG_Rec_best.pth
2026-10-03 14:28:31,795 - INFO - Epoch 60/150 train_loss=2.093881549835205
2026-10-03 14:28:31,830 - INFO - Best train loss=2.093881549835205; saved /fs04/ar57/wenyu/GeneRec/results/stage3_T5Train/curvature_RQ-VAE/ckpt/Amazon_2023_Instruments/Oct-03-2026_14-16-47/HG_Rec_best.pth
2026-10-03 14:28:43,436 - INFO - Epoch 61/150 train_loss=2.0861724185943604
2026-10-03 14:28:43,472 - INFO - Best train loss=2.0861724185943604; saved /fs04/ar57/wenyu/GeneRec/results/stage3_T5Train/curvature_RQ-VAE/ckpt/Amazon_2023_Instruments/Oct-03-2026_14-16-47/HG_Rec_best.pth
2026-10-03 14:28:55,081 - INFO - Epoch 62/150 train_loss=2.0750929164886474
2026-10-03 14:28:55,119 - INFO - Best train loss=2.0750929164886474; saved /fs04/ar57/wenyu/GeneRec/results/stage3_T5Train/curvature_RQ-VAE/ckpt/Amazon_2023_Instruments/Oct-03-2026_14-16-47/HG_Rec_best.pth
2026-10-03 14:29:06,730 - INFO - Epoch 63/150 train_loss=2.0694045543670656
2026-10-03 14:29:06,767 - INFO - Best train loss=2.0694045543670656; saved /fs04/ar57/wenyu/GeneRec/results/stage3_T5Train/curvature_RQ-VAE/ckpt/Amazon_2023_Instruments/Oct-03-2026_14-16-47/HG_Rec_best.pth
2026-10-03 14:29:18,368 - INFO - Epoch 64/150 train_loss=2.064744758605957
2026-10-03 14:29:18,405 - INFO - Best train loss=2.064744758605957; saved /fs04/ar57/wenyu/GeneRec/results/stage3_T5Train/curvature_RQ-VAE/ckpt/Amazon_2023_Instruments/Oct-03-2026_14-16-47/HG_Rec_best.pth
2026-10-03 14:29:30,009 - INFO - Epoch 65/150 train_loss=2.0571238803863525
2026-10-03 14:29:30,044 - INFO - Best train loss=2.0571238803863525; saved /fs04/ar57/wenyu/GeneRec/results/stage3_T5Train/curvature_RQ-VAE/ckpt/Amazon_2023_Instruments/Oct-03-2026_14-16-47/HG_Rec_best.pth
2026-10-03 14:29:41,651 - INFO - Epoch 66/150 train_loss=2.0519176483154298
2026-10-03 14:29:41,687 - INFO - Best train loss=2.0519176483154298; saved /fs04/ar57/wenyu/GeneRec/results/stage3_T5Train/curvature_RQ-VAE/ckpt/Amazon_2023_Instruments/Oct-03-2026_14-16-47/HG_Rec_best.pth
2026-10-03 14:29:53,291 - INFO - Epoch 67/150 train_loss=2.0453758430480957
2026-10-03 14:29:53,327 - INFO - Best train loss=2.0453758430480957; saved /fs04/ar57/wenyu/GeneRec/results/stage3_T5Train/curvature_RQ-VAE/ckpt/Amazon_2023_Instruments/Oct-03-2026_14-16-47/HG_Rec_best.pth
2026-10-03 14:30:05,086 - INFO - Epoch 68/150 train_loss=2.0427340984344484
2026-10-03 14:30:05,122 - INFO - Best train loss=2.0427340984344484; saved /fs04/ar57/wenyu/GeneRec/results/stage3_T5Train/curvature_RQ-VAE/ckpt/Amazon_2023_Instruments/Oct-03-2026_14-16-47/HG_Rec_best.pth
2026-10-03 14:30:17,185 - INFO - Epoch 69/150 train_loss=2.0401083278656005
2026-10-03 14:30:17,236 - INFO - Best train loss=2.0401083278656005; saved /fs04/ar57/wenyu/GeneRec/results/stage3_T5Train/curvature_RQ-VAE/ckpt/Amazon_2023_Instruments/Oct-03-2026_14-16-47/HG_Rec_best.pth
2026-10-03 14:30:28,835 - INFO - Epoch 70/150 train_loss=2.0332039833068847
2026-10-03 14:30:28,871 - INFO - Best train loss=2.0332039833068847; saved /fs04/ar57/wenyu/GeneRec/results/stage3_T5Train/curvature_RQ-VAE/ckpt/Amazon_2023_Instruments/Oct-03-2026_14-16-47/HG_Rec_best.pth
2026-10-03 14:30:40,475 - INFO - Epoch 71/150 train_loss=2.030394992828369
2026-10-03 14:30:40,510 - INFO - Best train loss=2.030394992828369; saved /fs04/ar57/wenyu/GeneRec/results/stage3_T5Train/curvature_RQ-VAE/ckpt/Amazon_2023_Instruments/Oct-03-2026_14-16-47/HG_Rec_best.pth
2026-10-03 14:30:52,117 - INFO - Epoch 72/150 train_loss=2.024058027267456
2026-10-03 14:30:52,152 - INFO - Best train loss=2.024058027267456; saved /fs04/ar57/wenyu/GeneRec/results/stage3_T5Train/curvature_RQ-VAE/ckpt/Amazon_2023_Instruments/Oct-03-2026_14-16-47/HG_Rec_best.pth
2026-10-03 14:31:03,761 - INFO - Epoch 73/150 train_loss=2.0148341989517213
2026-10-03 14:31:03,795 - INFO - Best train loss=2.0148341989517213; saved /fs04/ar57/wenyu/GeneRec/results/stage3_T5Train/curvature_RQ-VAE/ckpt/Amazon_2023_Instruments/Oct-03-2026_14-16-47/HG_Rec_best.pth
2026-10-03 14:31:15,403 - INFO - Epoch 74/150 train_loss=2.0162455224990845
2026-10-03 14:31:27,008 - INFO - Epoch 75/150 train_loss=2.013183422088623
2026-10-03 14:31:27,048 - INFO - Best train loss=2.013183422088623; saved /fs04/ar57/wenyu/GeneRec/results/stage3_T5Train/curvature_RQ-VAE/ckpt/Amazon_2023_Instruments/Oct-03-2026_14-16-47/HG_Rec_best.pth
2026-10-03 14:31:38,659 - INFO - Epoch 76/150 train_loss=2.00780987739563
2026-10-03 14:31:38,696 - INFO - Best train loss=2.00780987739563; saved /fs04/ar57/wenyu/GeneRec/results/stage3_T5Train/curvature_RQ-VAE/ckpt/Amazon_2023_Instruments/Oct-03-2026_14-16-47/HG_Rec_best.pth
2026-10-03 14:31:50,307 - INFO - Epoch 77/150 train_loss=2.003579864501953
2026-10-03 14:31:50,344 - INFO - Best train loss=2.003579864501953; saved /fs04/ar57/wenyu/GeneRec/results/stage3_T5Train/curvature_RQ-VAE/ckpt/Amazon_2023_Instruments/Oct-03-2026_14-16-47/HG_Rec_best.pth
2026-10-03 14:32:01,948 - INFO - Epoch 78/150 train_loss=2.0006165981292723
2026-10-03 14:32:01,985 - INFO - Best train loss=2.0006165981292723; saved /fs04/ar57/wenyu/GeneRec/results/stage3_T5Train/curvature_RQ-VAE/ckpt/Amazon_2023_Instruments/Oct-03-2026_14-16-47/HG_Rec_best.pth
2026-10-03 14:32:13,590 - INFO - Epoch 79/150 train_loss=1.9982505464553832
2026-10-03 14:32:13,626 - INFO - Best train loss=1.9982505464553832; saved /fs04/ar57/wenyu/GeneRec/results/stage3_T5Train/curvature_RQ-VAE/ckpt/Amazon_2023_Instruments/Oct-03-2026_14-16-47/HG_Rec_best.pth
2026-10-03 14:32:25,227 - INFO - Epoch 80/150 train_loss=1.9968815851211548
2026-10-03 14:32:25,756 - INFO - Best train loss=1.9968815851211548; saved /fs04/ar57/wenyu/GeneRec/results/stage3_T5Train/curvature_RQ-VAE/ckpt/Amazon_2023_Instruments/Oct-03-2026_14-16-47/HG_Rec_best.pth
2026-10-03 14:32:37,361 - INFO - Epoch 81/150 train_loss=1.9938329458236694
2026-10-03 14:32:37,397 - INFO - Best train loss=1.9938329458236694; saved /fs04/ar57/wenyu/GeneRec/results/stage3_T5Train/curvature_RQ-VAE/ckpt/Amazon_2023_Instruments/Oct-03-2026_14-16-47/HG_Rec_best.pth
2026-10-03 14:32:49,006 - INFO - Epoch 82/150 train_loss=1.9860381841659547
2026-10-03 14:32:49,041 - INFO - Best train loss=1.9860381841659547; saved /fs04/ar57/wenyu/GeneRec/results/stage3_T5Train/curvature_RQ-VAE/ckpt/Amazon_2023_Instruments/Oct-03-2026_14-16-47/HG_Rec_best.pth
2026-10-03 14:33:00,651 - INFO - Epoch 83/150 train_loss=1.9866043996810914
2026-10-03 14:33:12,259 - INFO - Epoch 84/150 train_loss=1.9811680555343627
2026-10-03 14:33:12,295 - INFO - Best train loss=1.9811680555343627; saved /fs04/ar57/wenyu/GeneRec/results/stage3_T5Train/curvature_RQ-VAE/ckpt/Amazon_2023_Instruments/Oct-03-2026_14-16-47/HG_Rec_best.pth
2026-10-03 14:33:23,901 - INFO - Epoch 85/150 train_loss=1.979111499786377
2026-10-03 14:33:23,937 - INFO - Best train loss=1.979111499786377; saved /fs04/ar57/wenyu/GeneRec/results/stage3_T5Train/curvature_RQ-VAE/ckpt/Amazon_2023_Instruments/Oct-03-2026_14-16-47/HG_Rec_best.pth
2026-10-03 14:33:35,543 - INFO - Epoch 86/150 train_loss=1.9755449438095092
2026-10-03 14:33:35,579 - INFO - Best train loss=1.9755449438095092; saved /fs04/ar57/wenyu/GeneRec/results/stage3_T5Train/curvature_RQ-VAE/ckpt/Amazon_2023_Instruments/Oct-03-2026_14-16-47/HG_Rec_best.pth
2026-10-03 14:33:47,182 - INFO - Epoch 87/150 train_loss=1.9764009141921997
2026-10-03 14:33:58,793 - INFO - Epoch 88/150 train_loss=1.9709350061416626
2026-10-03 14:33:58,829 - INFO - Best train loss=1.9709350061416626; saved /fs04/ar57/wenyu/GeneRec/results/stage3_T5Train/curvature_RQ-VAE/ckpt/Amazon_2023_Instruments/Oct-03-2026_14-16-47/HG_Rec_best.pth
2026-10-03 14:34:10,440 - INFO - Epoch 89/150 train_loss=1.9709696388244629
2026-10-03 14:34:22,045 - INFO - Epoch 90/150 train_loss=1.9655358457565308
2026-10-03 14:34:22,089 - INFO - Best train loss=1.9655358457565308; saved /fs04/ar57/wenyu/GeneRec/results/stage3_T5Train/curvature_RQ-VAE/ckpt/Amazon_2023_Instruments/Oct-03-2026_14-16-47/HG_Rec_best.pth
2026-10-03 14:34:33,692 - INFO - Epoch 91/150 train_loss=1.9654375171661378
2026-10-03 14:34:33,734 - INFO - Best train loss=1.9654375171661378; saved /fs04/ar57/wenyu/GeneRec/results/stage3_T5Train/curvature_RQ-VAE/ckpt/Amazon_2023_Instruments/Oct-03-2026_14-16-47/HG_Rec_best.pth
2026-10-03 14:34:45,832 - INFO - Epoch 92/150 train_loss=1.963364553451538
2026-10-03 14:34:45,868 - INFO - Best train loss=1.963364553451538; saved /fs04/ar57/wenyu/GeneRec/results/stage3_T5Train/curvature_RQ-VAE/ckpt/Amazon_2023_Instruments/Oct-03-2026_14-16-47/HG_Rec_best.pth
2026-10-03 14:34:57,534 - INFO - Epoch 93/150 train_loss=1.958623914718628
2026-10-03 14:34:57,569 - INFO - Best train loss=1.958623914718628; saved /fs04/ar57/wenyu/GeneRec/results/stage3_T5Train/curvature_RQ-VAE/ckpt/Amazon_2023_Instruments/Oct-03-2026_14-16-47/HG_Rec_best.pth
2026-10-03 14:35:09,175 - INFO - Epoch 94/150 train_loss=1.9607457304000855
2026-10-03 14:35:20,784 - INFO - Epoch 95/150 train_loss=1.9555306100845338
2026-10-03 14:35:20,826 - INFO - Best train loss=1.9555306100845338; saved /fs04/ar57/wenyu/GeneRec/results/stage3_T5Train/curvature_RQ-VAE/ckpt/Amazon_2023_Instruments/Oct-03-2026_14-16-47/HG_Rec_best.pth
2026-10-03 14:35:32,433 - INFO - Epoch 96/150 train_loss=1.9533236694335938
2026-10-03 14:35:32,468 - INFO - Best train loss=1.9533236694335938; saved /fs04/ar57/wenyu/GeneRec/results/stage3_T5Train/curvature_RQ-VAE/ckpt/Amazon_2023_Instruments/Oct-03-2026_14-16-47/HG_Rec_best.pth
2026-10-03 14:35:44,074 - INFO - Epoch 97/150 train_loss=1.9516147089004516
2026-10-03 14:35:44,112 - INFO - Best train loss=1.9516147089004516; saved /fs04/ar57/wenyu/GeneRec/results/stage3_T5Train/curvature_RQ-VAE/ckpt/Amazon_2023_Instruments/Oct-03-2026_14-16-47/HG_Rec_best.pth
2026-10-03 14:35:55,722 - INFO - Epoch 98/150 train_loss=1.9522750902175903
2026-10-03 14:36:07,334 - INFO - Epoch 99/150 train_loss=1.9495556688308715
2026-10-03 14:36:07,370 - INFO - Best train loss=1.9495556688308715; saved /fs04/ar57/wenyu/GeneRec/results/stage3_T5Train/curvature_RQ-VAE/ckpt/Amazon_2023_Instruments/Oct-03-2026_14-16-47/HG_Rec_best.pth
2026-10-03 14:36:18,979 - INFO - Epoch 100/150 train_loss=1.946262617111206
2026-10-03 14:36:19,014 - INFO - Best train loss=1.946262617111206; saved /fs04/ar57/wenyu/GeneRec/results/stage3_T5Train/curvature_RQ-VAE/ckpt/Amazon_2023_Instruments/Oct-03-2026_14-16-47/HG_Rec_best.pth
2026-10-03 14:36:30,619 - INFO - Epoch 101/150 train_loss=1.942885537147522
2026-10-03 14:36:30,656 - INFO - Best train loss=1.942885537147522; saved /fs04/ar57/wenyu/GeneRec/results/stage3_T5Train/curvature_RQ-VAE/ckpt/Amazon_2023_Instruments/Oct-03-2026_14-16-47/HG_Rec_best.pth
2026-10-03 14:36:42,263 - INFO - Epoch 102/150 train_loss=1.9420865058898926
2026-10-03 14:36:42,299 - INFO - Best train loss=1.9420865058898926; saved /fs04/ar57/wenyu/GeneRec/results/stage3_T5Train/curvature_RQ-VAE/ckpt/Amazon_2023_Instruments/Oct-03-2026_14-16-47/HG_Rec_best.pth
2026-10-03 14:36:53,901 - INFO - Epoch 103/150 train_loss=1.9380287075042724
2026-10-03 14:36:53,937 - INFO - Best train loss=1.9380287075042724; saved /fs04/ar57/wenyu/GeneRec/results/stage3_T5Train/curvature_RQ-VAE/ckpt/Amazon_2023_Instruments/Oct-03-2026_14-16-47/HG_Rec_best.pth
2026-10-03 14:37:05,544 - INFO - Epoch 104/150 train_loss=1.9359093618392944
2026-10-03 14:37:05,579 - INFO - Best train loss=1.9359093618392944; saved /fs04/ar57/wenyu/GeneRec/results/stage3_T5Train/curvature_RQ-VAE/ckpt/Amazon_2023_Instruments/Oct-03-2026_14-16-47/HG_Rec_best.pth
2026-10-03 14:37:17,243 - INFO - Epoch 105/150 train_loss=1.9387860679626465
2026-10-03 14:37:28,858 - INFO - Epoch 106/150 train_loss=1.9319221591949463
2026-10-03 14:37:28,900 - INFO - Best train loss=1.9319221591949463; saved /fs04/ar57/wenyu/GeneRec/results/stage3_T5Train/curvature_RQ-VAE/ckpt/Amazon_2023_Instruments/Oct-03-2026_14-16-47/HG_Rec_best.pth
2026-10-03 14:37:40,509 - INFO - Epoch 107/150 train_loss=1.9355544233322144
2026-10-03 14:37:52,115 - INFO - Epoch 108/150 train_loss=1.9318618488311767
2026-10-03 14:37:52,160 - INFO - Best train loss=1.9318618488311767; saved /fs04/ar57/wenyu/GeneRec/results/stage3_T5Train/curvature_RQ-VAE/ckpt/Amazon_2023_Instruments/Oct-03-2026_14-16-47/HG_Rec_best.pth
2026-10-03 14:38:03,766 - INFO - Epoch 109/150 train_loss=1.928192014694214
2026-10-03 14:38:03,802 - INFO - Best train loss=1.928192014694214; saved /fs04/ar57/wenyu/GeneRec/results/stage3_T5Train/curvature_RQ-VAE/ckpt/Amazon_2023_Instruments/Oct-03-2026_14-16-47/HG_Rec_best.pth
2026-10-03 14:38:15,411 - INFO - Epoch 110/150 train_loss=1.9264389705657958
2026-10-03 14:38:15,446 - INFO - Best train loss=1.9264389705657958; saved /fs04/ar57/wenyu/GeneRec/results/stage3_T5Train/curvature_RQ-VAE/ckpt/Amazon_2023_Instruments/Oct-03-2026_14-16-47/HG_Rec_best.pth
2026-10-03 14:38:27,051 - INFO - Epoch 111/150 train_loss=1.9256683111190795
2026-10-03 14:38:27,086 - INFO - Best train loss=1.9256683111190795; saved /fs04/ar57/wenyu/GeneRec/results/stage3_T5Train/curvature_RQ-VAE/ckpt/Amazon_2023_Instruments/Oct-03-2026_14-16-47/HG_Rec_best.pth
2026-10-03 14:38:38,692 - INFO - Epoch 112/150 train_loss=1.9235749244689941
2026-10-03 14:38:38,729 - INFO - Best train loss=1.9235749244689941; saved /fs04/ar57/wenyu/GeneRec/results/stage3_T5Train/curvature_RQ-VAE/ckpt/Amazon_2023_Instruments/Oct-03-2026_14-16-47/HG_Rec_best.pth
2026-10-03 14:38:50,333 - INFO - Epoch 113/150 train_loss=1.9242058753967286
2026-10-03 14:39:01,944 - INFO - Epoch 114/150 train_loss=1.9195326089859008
2026-10-03 14:39:01,980 - INFO - Best train loss=1.9195326089859008; saved /fs04/ar57/wenyu/GeneRec/results/stage3_T5Train/curvature_RQ-VAE/ckpt/Amazon_2023_Instruments/Oct-03-2026_14-16-47/HG_Rec_best.pth
2026-10-03 14:39:13,583 - INFO - Epoch 115/150 train_loss=1.9203578376770019
2026-10-03 14:39:25,188 - INFO - Epoch 116/150 train_loss=1.9184730434417725
2026-10-03 14:39:25,233 - INFO - Best train loss=1.9184730434417725; saved /fs04/ar57/wenyu/GeneRec/results/stage3_T5Train/curvature_RQ-VAE/ckpt/Amazon_2023_Instruments/Oct-03-2026_14-16-47/HG_Rec_best.pth
2026-10-03 14:39:37,972 - INFO - Epoch 117/150 train_loss=1.9182826709747314
2026-10-03 14:39:38,008 - INFO - Best train loss=1.9182826709747314; saved /fs04/ar57/wenyu/GeneRec/results/stage3_T5Train/curvature_RQ-VAE/ckpt/Amazon_2023_Instruments/Oct-03-2026_14-16-47/HG_Rec_best.pth
2026-10-03 14:39:49,640 - INFO - Epoch 118/150 train_loss=1.9147485971450806
2026-10-03 14:39:49,677 - INFO - Best train loss=1.9147485971450806; saved /fs04/ar57/wenyu/GeneRec/results/stage3_T5Train/curvature_RQ-VAE/ckpt/Amazon_2023_Instruments/Oct-03-2026_14-16-47/HG_Rec_best.pth
2026-10-03 14:40:01,278 - INFO - Epoch 119/150 train_loss=1.914924030303955
2026-10-03 14:40:13,017 - INFO - Epoch 120/150 train_loss=1.9100357341766356
2026-10-03 14:40:13,055 - INFO - Best train loss=1.9100357341766356; saved /fs04/ar57/wenyu/GeneRec/results/stage3_T5Train/curvature_RQ-VAE/ckpt/Amazon_2023_Instruments/Oct-03-2026_14-16-47/HG_Rec_best.pth
2026-10-03 14:40:24,978 - INFO - Epoch 121/150 train_loss=1.912093505859375
2026-10-03 14:40:36,611 - INFO - Epoch 122/150 train_loss=1.9082384157180785
2026-10-03 14:40:36,649 - INFO - Best train loss=1.9082384157180785; saved /fs04/ar57/wenyu/GeneRec/results/stage3_T5Train/curvature_RQ-VAE/ckpt/Amazon_2023_Instruments/Oct-03-2026_14-16-47/HG_Rec_best.pth
2026-10-03 14:40:48,255 - INFO - Epoch 123/150 train_loss=1.9062639999389648
2026-10-03 14:40:48,290 - INFO - Best train loss=1.9062639999389648; saved /fs04/ar57/wenyu/GeneRec/results/stage3_T5Train/curvature_RQ-VAE/ckpt/Amazon_2023_Instruments/Oct-03-2026_14-16-47/HG_Rec_best.pth
2026-10-03 14:40:59,896 - INFO - Epoch 124/150 train_loss=1.9075959539413452
2026-10-03 14:41:11,501 - INFO - Epoch 125/150 train_loss=1.9054284524917602
2026-10-03 14:41:11,549 - INFO - Best train loss=1.9054284524917602; saved /fs04/ar57/wenyu/GeneRec/results/stage3_T5Train/curvature_RQ-VAE/ckpt/Amazon_2023_Instruments/Oct-03-2026_14-16-47/HG_Rec_best.pth
2026-10-03 14:41:23,162 - INFO - Epoch 126/150 train_loss=1.9047114753723144
2026-10-03 14:41:23,204 - INFO - Best train loss=1.9047114753723144; saved /fs04/ar57/wenyu/GeneRec/results/stage3_T5Train/curvature_RQ-VAE/ckpt/Amazon_2023_Instruments/Oct-03-2026_14-16-47/HG_Rec_best.pth
2026-10-03 14:41:34,814 - INFO - Epoch 127/150 train_loss=1.9028131103515624
2026-10-03 14:41:34,849 - INFO - Best train loss=1.9028131103515624; saved /fs04/ar57/wenyu/GeneRec/results/stage3_T5Train/curvature_RQ-VAE/ckpt/Amazon_2023_Instruments/Oct-03-2026_14-16-47/HG_Rec_best.pth
2026-10-03 14:41:46,450 - INFO - Epoch 128/150 train_loss=1.904045023918152
2026-10-03 14:41:58,053 - INFO - Epoch 129/150 train_loss=1.9006000137329102
2026-10-03 14:41:58,096 - INFO - Best train loss=1.9006000137329102; saved /fs04/ar57/wenyu/GeneRec/results/stage3_T5Train/curvature_RQ-VAE/ckpt/Amazon_2023_Instruments/Oct-03-2026_14-16-47/HG_Rec_best.pth
2026-10-03 14:42:09,706 - INFO - Epoch 130/150 train_loss=1.90172221660614
2026-10-03 14:42:21,397 - INFO - Epoch 131/150 train_loss=1.899390320777893
2026-10-03 14:42:21,436 - INFO - Best train loss=1.899390320777893; saved /fs04/ar57/wenyu/GeneRec/results/stage3_T5Train/curvature_RQ-VAE/ckpt/Amazon_2023_Instruments/Oct-03-2026_14-16-47/HG_Rec_best.pth
2026-10-03 14:42:33,047 - INFO - Epoch 132/150 train_loss=1.8977767515182495
2026-10-03 14:42:33,084 - INFO - Best train loss=1.8977767515182495; saved /fs04/ar57/wenyu/GeneRec/results/stage3_T5Train/curvature_RQ-VAE/ckpt/Amazon_2023_Instruments/Oct-03-2026_14-16-47/HG_Rec_best.pth
2026-10-03 14:42:44,693 - INFO - Epoch 133/150 train_loss=1.899178295135498
2026-10-03 14:42:56,302 - INFO - Epoch 134/150 train_loss=1.8962090110778809
2026-10-03 14:42:56,338 - INFO - Best train loss=1.8962090110778809; saved /fs04/ar57/wenyu/GeneRec/results/stage3_T5Train/curvature_RQ-VAE/ckpt/Amazon_2023_Instruments/Oct-03-2026_14-16-47/HG_Rec_best.pth
2026-10-03 14:43:07,942 - INFO - Epoch 135/150 train_loss=1.8943185377120972
2026-10-03 14:43:07,978 - INFO - Best train loss=1.8943185377120972; saved /fs04/ar57/wenyu/GeneRec/results/stage3_T5Train/curvature_RQ-VAE/ckpt/Amazon_2023_Instruments/Oct-03-2026_14-16-47/HG_Rec_best.pth
2026-10-03 14:43:19,582 - INFO - Epoch 136/150 train_loss=1.8945460367202758
2026-10-03 14:43:31,191 - INFO - Epoch 137/150 train_loss=1.8953456115722656
2026-10-03 14:43:42,796 - INFO - Epoch 138/150 train_loss=1.8947639322280885
2026-10-03 14:43:54,423 - INFO - Epoch 139/150 train_loss=1.8911515617370604
2026-10-03 14:43:54,456 - INFO - Best train loss=1.8911515617370604; saved /fs04/ar57/wenyu/GeneRec/results/stage3_T5Train/curvature_RQ-VAE/ckpt/Amazon_2023_Instruments/Oct-03-2026_14-16-47/HG_Rec_best.pth
2026-10-03 14:44:06,072 - INFO - Epoch 140/150 train_loss=1.8887446784973145
2026-10-03 14:44:06,107 - INFO - Best train loss=1.8887446784973145; saved /fs04/ar57/wenyu/GeneRec/results/stage3_T5Train/curvature_RQ-VAE/ckpt/Amazon_2023_Instruments/Oct-03-2026_14-16-47/HG_Rec_best.pth
2026-10-03 14:44:17,712 - INFO - Epoch 141/150 train_loss=1.8927305221557618
2026-10-03 14:44:29,320 - INFO - Epoch 142/150 train_loss=1.8921944570541382
2026-10-03 14:44:40,936 - INFO - Epoch 143/150 train_loss=1.888349733352661
2026-10-03 14:44:40,977 - INFO - Best train loss=1.888349733352661; saved /fs04/ar57/wenyu/GeneRec/results/stage3_T5Train/curvature_RQ-VAE/ckpt/Amazon_2023_Instruments/Oct-03-2026_14-16-47/HG_Rec_best.pth
2026-10-03 14:44:52,578 - INFO - Epoch 144/150 train_loss=1.8868215608596801
2026-10-03 14:44:52,614 - INFO - Best train loss=1.8868215608596801; saved /fs04/ar57/wenyu/GeneRec/results/stage3_T5Train/curvature_RQ-VAE/ckpt/Amazon_2023_Instruments/Oct-03-2026_14-16-47/HG_Rec_best.pth
2026-10-03 14:45:04,220 - INFO - Epoch 145/150 train_loss=1.8865465211868286
2026-10-03 14:45:04,258 - INFO - Best train loss=1.8865465211868286; saved /fs04/ar57/wenyu/GeneRec/results/stage3_T5Train/curvature_RQ-VAE/ckpt/Amazon_2023_Instruments/Oct-03-2026_14-16-47/HG_Rec_best.pth
2026-10-03 14:45:15,865 - INFO - Epoch 146/150 train_loss=1.8866101503372192
2026-10-03 14:45:27,473 - INFO - Epoch 147/150 train_loss=1.882259612083435
2026-10-03 14:45:27,511 - INFO - Best train loss=1.882259612083435; saved /fs04/ar57/wenyu/GeneRec/results/stage3_T5Train/curvature_RQ-VAE/ckpt/Amazon_2023_Instruments/Oct-03-2026_14-16-47/HG_Rec_best.pth
2026-10-03 14:45:39,119 - INFO - Epoch 148/150 train_loss=1.8845001077651977
2026-10-03 14:45:50,724 - INFO - Epoch 149/150 train_loss=1.8831725168228148
2026-10-03 14:46:02,340 - INFO - Epoch 150/150 train_loss=1.8807056188583373
2026-10-03 14:46:02,382 - INFO - Best train loss=1.8807056188583373; saved /fs04/ar57/wenyu/GeneRec/results/stage3_T5Train/curvature_RQ-VAE/ckpt/Amazon_2023_Instruments/Oct-03-2026_14-16-47/HG_Rec_best.pth
2026-10-03 14:54:12,562 - INFO - Test={'best_checkpoint': '/fs04/ar57/wenyu/GeneRec/results/stage3_T5Train/curvature_RQ-VAE/ckpt/Amazon_2023_Instruments/Oct-03-2026_14-16-47/HG_Rec_best.pth', 'n_eval': 57439, 'test_recall@5': 0.03415797628788802, 'test_recall@10': 0.053273907971935444, 'test_ndcg@5': 0.022691040631581935, 'test_ndcg@10': 0.02883056731185628}
