2026-10-06 04:08:13,316 - INFO - Configuration: {'batch_size': 4096, 'infer_size': 1024, 'num_epochs': 150, 'eval_interval': 5, 'eval_start_epoch': 75, 'early_eval_epochs': (25, 50, 75, 100, 125), 'fast': True, 'bf16': True, 'use_lr_scheduler': True, 'lr_warmup_pct': 0.1, 'lr_min_factor': 0.2, 'compile': False, 'compile_mode': 'default', 'num_layers': 4, 'num_decoder_layers': 4, 'd_model': 128, 'd_ff': 1024, 'num_heads': 6, 'd_kv': 64, 'dropout_rate': 0.1, 'activation_function': 'relu', 'feed_forward_proj': 'relu', 'device': 'cuda', 'lr': 0.003, 'weight_decay': 0.05, 'vocab_size': 774, 'eos_token_id': 773, 'pad_token_id': 0, 'n_user_tokens': 1, 'max_len': 20, 'dataset_name': 'Amazon_2023_Instruments', 'dataset_path': '/home/wlia0047/ar57/wenyu/GeneRec/results/stage0_build_parquet/', 'codebook_size': [256, 256, 256, 1], 'code_path': '/home/wlia0047/ar57/wenyu/GeneRec/results/stage2_RQ-VAE/curvature_RQ-VAE_iter92/item_sids.json', 'train_file': 'train.parquet', 'valid_file': 'valid.parquet', 'test_file': 'test.parquet', 'log_path': '/home/wlia0047/ar57/wenyu/GeneRec/results/stage3_T5Train/curvature_RQ-VAE_iter92/logs/', 'save_path': '/home/wlia0047/ar57/wenyu/GeneRec/results/stage3_T5Train/curvature_RQ-VAE_iter92/ckpt/', 'seed': 42, 'topk_list': [5, 10], 'beam_size': 20, 'no_eval': True, 'skip_test': False, 'screen_baseline_log': '', 'screen_start_epoch': 40, 'screen_window': 5, 'screen_min_ndcg_gain': 0.001, 'screen_min_recall_gain': 0.001, 'num_workers': 4, 'prefetch_factor': 8, 'exclude_history': True, 'no_exclude_history': False, 'pin_memory': True, 'no_pin_memory': False, 'sid_length': 4, 'max_token_seq_len': 82, 'decoder_start_token_id': 0}
2026-10-06 04:08:13,408 - INFO - #Embedding parameters: 99072
#Non-embedding parameters: 4459648
#Total trainable parameters: 4558720

2026-10-06 04:08:27,126 - INFO - Epoch 1/150 train_loss=4.738734855651855
2026-10-06 04:08:27,210 - INFO - Best train loss=4.738734855651855; saved /home/wlia0047/ar57/wenyu/GeneRec/results/stage3_T5Train/curvature_RQ-VAE_iter92/ckpt/Amazon_2023_Instruments/Oct-06-2026_04-08-13/HG_Rec_best.pth
2026-10-06 04:08:38,839 - INFO - Epoch 2/150 train_loss=4.066063289642334
2026-10-06 04:08:38,876 - INFO - Best train loss=4.066063289642334; saved /home/wlia0047/ar57/wenyu/GeneRec/results/stage3_T5Train/curvature_RQ-VAE_iter92/ckpt/Amazon_2023_Instruments/Oct-06-2026_04-08-13/HG_Rec_best.pth
2026-10-06 04:08:50,490 - INFO - Epoch 3/150 train_loss=3.889371395111084
2026-10-06 04:08:50,529 - INFO - Best train loss=3.889371395111084; saved /home/wlia0047/ar57/wenyu/GeneRec/results/stage3_T5Train/curvature_RQ-VAE_iter92/ckpt/Amazon_2023_Instruments/Oct-06-2026_04-08-13/HG_Rec_best.pth
2026-10-06 04:09:02,142 - INFO - Epoch 4/150 train_loss=3.730448989868164
2026-10-06 04:09:02,177 - INFO - Best train loss=3.730448989868164; saved /home/wlia0047/ar57/wenyu/GeneRec/results/stage3_T5Train/curvature_RQ-VAE_iter92/ckpt/Amazon_2023_Instruments/Oct-06-2026_04-08-13/HG_Rec_best.pth
2026-10-06 04:09:13,783 - INFO - Epoch 5/150 train_loss=3.613016300201416
2026-10-06 04:09:13,818 - INFO - Best train loss=3.613016300201416; saved /home/wlia0047/ar57/wenyu/GeneRec/results/stage3_T5Train/curvature_RQ-VAE_iter92/ckpt/Amazon_2023_Instruments/Oct-06-2026_04-08-13/HG_Rec_best.pth
2026-10-06 04:09:25,435 - INFO - Epoch 6/150 train_loss=3.5169708728790283
2026-10-06 04:09:25,472 - INFO - Best train loss=3.5169708728790283; saved /home/wlia0047/ar57/wenyu/GeneRec/results/stage3_T5Train/curvature_RQ-VAE_iter92/ckpt/Amazon_2023_Instruments/Oct-06-2026_04-08-13/HG_Rec_best.pth
2026-10-06 04:09:37,087 - INFO - Epoch 7/150 train_loss=3.4110262203216553
2026-10-06 04:09:37,123 - INFO - Best train loss=3.4110262203216553; saved /home/wlia0047/ar57/wenyu/GeneRec/results/stage3_T5Train/curvature_RQ-VAE_iter92/ckpt/Amazon_2023_Instruments/Oct-06-2026_04-08-13/HG_Rec_best.pth
2026-10-06 04:09:48,732 - INFO - Epoch 8/150 train_loss=3.3249616527557375
2026-10-06 04:09:48,768 - INFO - Best train loss=3.3249616527557375; saved /home/wlia0047/ar57/wenyu/GeneRec/results/stage3_T5Train/curvature_RQ-VAE_iter92/ckpt/Amazon_2023_Instruments/Oct-06-2026_04-08-13/HG_Rec_best.pth
2026-10-06 04:10:00,371 - INFO - Epoch 9/150 train_loss=3.2298719978332517
2026-10-06 04:10:00,407 - INFO - Best train loss=3.2298719978332517; saved /home/wlia0047/ar57/wenyu/GeneRec/results/stage3_T5Train/curvature_RQ-VAE_iter92/ckpt/Amazon_2023_Instruments/Oct-06-2026_04-08-13/HG_Rec_best.pth
2026-10-06 04:10:12,010 - INFO - Epoch 10/150 train_loss=3.1481795787811278
2026-10-06 04:10:12,046 - INFO - Best train loss=3.1481795787811278; saved /home/wlia0047/ar57/wenyu/GeneRec/results/stage3_T5Train/curvature_RQ-VAE_iter92/ckpt/Amazon_2023_Instruments/Oct-06-2026_04-08-13/HG_Rec_best.pth
2026-10-06 04:10:23,648 - INFO - Epoch 11/150 train_loss=3.6419146060943604
2026-10-06 04:10:35,256 - INFO - Epoch 12/150 train_loss=3.5219339179992675
2026-10-06 04:10:46,870 - INFO - Epoch 13/150 train_loss=3.422848873138428
2026-10-06 04:10:58,488 - INFO - Epoch 14/150 train_loss=3.347604923248291
2026-10-06 04:11:10,096 - INFO - Epoch 15/150 train_loss=3.2549000930786134
2026-10-06 04:11:21,721 - INFO - Epoch 16/150 train_loss=3.1654430866241454
2026-10-06 04:11:33,327 - INFO - Epoch 17/150 train_loss=3.0841509342193603
2026-10-06 04:11:33,371 - INFO - Best train loss=3.0841509342193603; saved /home/wlia0047/ar57/wenyu/GeneRec/results/stage3_T5Train/curvature_RQ-VAE_iter92/ckpt/Amazon_2023_Instruments/Oct-06-2026_04-08-13/HG_Rec_best.pth
2026-10-06 04:11:45,534 - INFO - Epoch 18/150 train_loss=3.025690793991089
2026-10-06 04:11:45,570 - INFO - Best train loss=3.025690793991089; saved /home/wlia0047/ar57/wenyu/GeneRec/results/stage3_T5Train/curvature_RQ-VAE_iter92/ckpt/Amazon_2023_Instruments/Oct-06-2026_04-08-13/HG_Rec_best.pth
2026-10-06 04:11:57,173 - INFO - Epoch 19/150 train_loss=2.9757729530334474
2026-10-06 04:11:57,209 - INFO - Best train loss=2.9757729530334474; saved /home/wlia0047/ar57/wenyu/GeneRec/results/stage3_T5Train/curvature_RQ-VAE_iter92/ckpt/Amazon_2023_Instruments/Oct-06-2026_04-08-13/HG_Rec_best.pth
2026-10-06 04:12:08,816 - INFO - Epoch 20/150 train_loss=2.9230318164825437
2026-10-06 04:12:08,851 - INFO - Best train loss=2.9230318164825437; saved /home/wlia0047/ar57/wenyu/GeneRec/results/stage3_T5Train/curvature_RQ-VAE_iter92/ckpt/Amazon_2023_Instruments/Oct-06-2026_04-08-13/HG_Rec_best.pth
2026-10-06 04:12:20,452 - INFO - Epoch 21/150 train_loss=2.882744007110596
2026-10-06 04:12:20,487 - INFO - Best train loss=2.882744007110596; saved /home/wlia0047/ar57/wenyu/GeneRec/results/stage3_T5Train/curvature_RQ-VAE_iter92/ckpt/Amazon_2023_Instruments/Oct-06-2026_04-08-13/HG_Rec_best.pth
2026-10-06 04:12:32,092 - INFO - Epoch 22/150 train_loss=2.8427610397338867
2026-10-06 04:12:32,127 - INFO - Best train loss=2.8427610397338867; saved /home/wlia0047/ar57/wenyu/GeneRec/results/stage3_T5Train/curvature_RQ-VAE_iter92/ckpt/Amazon_2023_Instruments/Oct-06-2026_04-08-13/HG_Rec_best.pth
2026-10-06 04:12:43,733 - INFO - Epoch 23/150 train_loss=2.7997028732299807
2026-10-06 04:12:43,770 - INFO - Best train loss=2.7997028732299807; saved /home/wlia0047/ar57/wenyu/GeneRec/results/stage3_T5Train/curvature_RQ-VAE_iter92/ckpt/Amazon_2023_Instruments/Oct-06-2026_04-08-13/HG_Rec_best.pth
2026-10-06 04:12:55,380 - INFO - Epoch 24/150 train_loss=2.7671670627593996
2026-10-06 04:12:55,415 - INFO - Best train loss=2.7671670627593996; saved /home/wlia0047/ar57/wenyu/GeneRec/results/stage3_T5Train/curvature_RQ-VAE_iter92/ckpt/Amazon_2023_Instruments/Oct-06-2026_04-08-13/HG_Rec_best.pth
2026-10-06 04:13:07,022 - INFO - Epoch 25/150 train_loss=2.7332817840576173
2026-10-06 04:13:07,057 - INFO - Best train loss=2.7332817840576173; saved /home/wlia0047/ar57/wenyu/GeneRec/results/stage3_T5Train/curvature_RQ-VAE_iter92/ckpt/Amazon_2023_Instruments/Oct-06-2026_04-08-13/HG_Rec_best.pth
2026-10-06 04:13:18,657 - INFO - Epoch 26/150 train_loss=2.6880980205535887
2026-10-06 04:13:18,759 - INFO - Best train loss=2.6880980205535887; saved /home/wlia0047/ar57/wenyu/GeneRec/results/stage3_T5Train/curvature_RQ-VAE_iter92/ckpt/Amazon_2023_Instruments/Oct-06-2026_04-08-13/HG_Rec_best.pth
2026-10-06 04:13:30,365 - INFO - Epoch 27/150 train_loss=2.6615467834472657
2026-10-06 04:13:30,400 - INFO - Best train loss=2.6615467834472657; saved /home/wlia0047/ar57/wenyu/GeneRec/results/stage3_T5Train/curvature_RQ-VAE_iter92/ckpt/Amazon_2023_Instruments/Oct-06-2026_04-08-13/HG_Rec_best.pth
2026-10-06 04:13:42,016 - INFO - Epoch 28/150 train_loss=2.6333790016174317
2026-10-06 04:13:42,051 - INFO - Best train loss=2.6333790016174317; saved /home/wlia0047/ar57/wenyu/GeneRec/results/stage3_T5Train/curvature_RQ-VAE_iter92/ckpt/Amazon_2023_Instruments/Oct-06-2026_04-08-13/HG_Rec_best.pth
2026-10-06 04:13:53,659 - INFO - Epoch 29/150 train_loss=2.607862138748169
2026-10-06 04:13:53,698 - INFO - Best train loss=2.607862138748169; saved /home/wlia0047/ar57/wenyu/GeneRec/results/stage3_T5Train/curvature_RQ-VAE_iter92/ckpt/Amazon_2023_Instruments/Oct-06-2026_04-08-13/HG_Rec_best.pth
2026-10-06 04:14:05,302 - INFO - Epoch 30/150 train_loss=2.583049621582031
2026-10-06 04:14:05,338 - INFO - Best train loss=2.583049621582031; saved /home/wlia0047/ar57/wenyu/GeneRec/results/stage3_T5Train/curvature_RQ-VAE_iter92/ckpt/Amazon_2023_Instruments/Oct-06-2026_04-08-13/HG_Rec_best.pth
2026-10-06 04:14:16,941 - INFO - Epoch 31/150 train_loss=2.5548990058898924
2026-10-06 04:14:16,977 - INFO - Best train loss=2.5548990058898924; saved /home/wlia0047/ar57/wenyu/GeneRec/results/stage3_T5Train/curvature_RQ-VAE_iter92/ckpt/Amazon_2023_Instruments/Oct-06-2026_04-08-13/HG_Rec_best.pth
2026-10-06 04:14:28,581 - INFO - Epoch 32/150 train_loss=2.5312702655792236
2026-10-06 04:14:28,619 - INFO - Best train loss=2.5312702655792236; saved /home/wlia0047/ar57/wenyu/GeneRec/results/stage3_T5Train/curvature_RQ-VAE_iter92/ckpt/Amazon_2023_Instruments/Oct-06-2026_04-08-13/HG_Rec_best.pth
2026-10-06 04:14:40,222 - INFO - Epoch 33/150 train_loss=2.5047266483306885
2026-10-06 04:14:40,257 - INFO - Best train loss=2.5047266483306885; saved /home/wlia0047/ar57/wenyu/GeneRec/results/stage3_T5Train/curvature_RQ-VAE_iter92/ckpt/Amazon_2023_Instruments/Oct-06-2026_04-08-13/HG_Rec_best.pth
2026-10-06 04:14:51,864 - INFO - Epoch 34/150 train_loss=2.483794822692871
2026-10-06 04:14:51,900 - INFO - Best train loss=2.483794822692871; saved /home/wlia0047/ar57/wenyu/GeneRec/results/stage3_T5Train/curvature_RQ-VAE_iter92/ckpt/Amazon_2023_Instruments/Oct-06-2026_04-08-13/HG_Rec_best.pth
2026-10-06 04:15:03,501 - INFO - Epoch 35/150 train_loss=2.4633262729644776
2026-10-06 04:15:03,542 - INFO - Best train loss=2.4633262729644776; saved /home/wlia0047/ar57/wenyu/GeneRec/results/stage3_T5Train/curvature_RQ-VAE_iter92/ckpt/Amazon_2023_Instruments/Oct-06-2026_04-08-13/HG_Rec_best.pth
2026-10-06 04:15:15,148 - INFO - Epoch 36/150 train_loss=2.4420242595672605
2026-10-06 04:15:15,185 - INFO - Best train loss=2.4420242595672605; saved /home/wlia0047/ar57/wenyu/GeneRec/results/stage3_T5Train/curvature_RQ-VAE_iter92/ckpt/Amazon_2023_Instruments/Oct-06-2026_04-08-13/HG_Rec_best.pth
2026-10-06 04:15:26,788 - INFO - Epoch 37/150 train_loss=2.4182327079772947
2026-10-06 04:15:26,824 - INFO - Best train loss=2.4182327079772947; saved /home/wlia0047/ar57/wenyu/GeneRec/results/stage3_T5Train/curvature_RQ-VAE_iter92/ckpt/Amazon_2023_Instruments/Oct-06-2026_04-08-13/HG_Rec_best.pth
2026-10-06 04:15:38,426 - INFO - Epoch 38/150 train_loss=2.399867238998413
2026-10-06 04:15:38,463 - INFO - Best train loss=2.399867238998413; saved /home/wlia0047/ar57/wenyu/GeneRec/results/stage3_T5Train/curvature_RQ-VAE_iter92/ckpt/Amazon_2023_Instruments/Oct-06-2026_04-08-13/HG_Rec_best.pth
2026-10-06 04:15:50,067 - INFO - Epoch 39/150 train_loss=2.3796738147735597
2026-10-06 04:15:50,102 - INFO - Best train loss=2.3796738147735597; saved /home/wlia0047/ar57/wenyu/GeneRec/results/stage3_T5Train/curvature_RQ-VAE_iter92/ckpt/Amazon_2023_Instruments/Oct-06-2026_04-08-13/HG_Rec_best.pth
2026-10-06 04:16:01,707 - INFO - Epoch 40/150 train_loss=2.3565129375457765
2026-10-06 04:16:01,744 - INFO - Best train loss=2.3565129375457765; saved /home/wlia0047/ar57/wenyu/GeneRec/results/stage3_T5Train/curvature_RQ-VAE_iter92/ckpt/Amazon_2023_Instruments/Oct-06-2026_04-08-13/HG_Rec_best.pth
2026-10-06 04:16:13,345 - INFO - Epoch 41/150 train_loss=2.3397668170928956
2026-10-06 04:16:13,381 - INFO - Best train loss=2.3397668170928956; saved /home/wlia0047/ar57/wenyu/GeneRec/results/stage3_T5Train/curvature_RQ-VAE_iter92/ckpt/Amazon_2023_Instruments/Oct-06-2026_04-08-13/HG_Rec_best.pth
2026-10-06 04:16:24,983 - INFO - Epoch 42/150 train_loss=2.32085991859436
2026-10-06 04:16:25,019 - INFO - Best train loss=2.32085991859436; saved /home/wlia0047/ar57/wenyu/GeneRec/results/stage3_T5Train/curvature_RQ-VAE_iter92/ckpt/Amazon_2023_Instruments/Oct-06-2026_04-08-13/HG_Rec_best.pth
2026-10-06 04:16:36,658 - INFO - Epoch 43/150 train_loss=2.2997609424591063
2026-10-06 04:16:36,694 - INFO - Best train loss=2.2997609424591063; saved /home/wlia0047/ar57/wenyu/GeneRec/results/stage3_T5Train/curvature_RQ-VAE_iter92/ckpt/Amazon_2023_Instruments/Oct-06-2026_04-08-13/HG_Rec_best.pth
2026-10-06 04:16:48,302 - INFO - Epoch 44/150 train_loss=2.2823366069793702
2026-10-06 04:16:48,339 - INFO - Best train loss=2.2823366069793702; saved /home/wlia0047/ar57/wenyu/GeneRec/results/stage3_T5Train/curvature_RQ-VAE_iter92/ckpt/Amazon_2023_Instruments/Oct-06-2026_04-08-13/HG_Rec_best.pth
2026-10-06 04:16:59,952 - INFO - Epoch 45/150 train_loss=2.267391633987427
2026-10-06 04:16:59,989 - INFO - Best train loss=2.267391633987427; saved /home/wlia0047/ar57/wenyu/GeneRec/results/stage3_T5Train/curvature_RQ-VAE_iter92/ckpt/Amazon_2023_Instruments/Oct-06-2026_04-08-13/HG_Rec_best.pth
2026-10-06 04:17:11,593 - INFO - Epoch 46/150 train_loss=2.247035627365112
2026-10-06 04:17:11,629 - INFO - Best train loss=2.247035627365112; saved /home/wlia0047/ar57/wenyu/GeneRec/results/stage3_T5Train/curvature_RQ-VAE_iter92/ckpt/Amazon_2023_Instruments/Oct-06-2026_04-08-13/HG_Rec_best.pth
2026-10-06 04:17:23,236 - INFO - Epoch 47/150 train_loss=2.234285192489624
2026-10-06 04:17:23,274 - INFO - Best train loss=2.234285192489624; saved /home/wlia0047/ar57/wenyu/GeneRec/results/stage3_T5Train/curvature_RQ-VAE_iter92/ckpt/Amazon_2023_Instruments/Oct-06-2026_04-08-13/HG_Rec_best.pth
2026-10-06 04:17:34,884 - INFO - Epoch 48/150 train_loss=2.2192506885528562
2026-10-06 04:17:34,920 - INFO - Best train loss=2.2192506885528562; saved /home/wlia0047/ar57/wenyu/GeneRec/results/stage3_T5Train/curvature_RQ-VAE_iter92/ckpt/Amazon_2023_Instruments/Oct-06-2026_04-08-13/HG_Rec_best.pth
2026-10-06 04:17:46,529 - INFO - Epoch 49/150 train_loss=2.2018890285491945
2026-10-06 04:17:46,565 - INFO - Best train loss=2.2018890285491945; saved /home/wlia0047/ar57/wenyu/GeneRec/results/stage3_T5Train/curvature_RQ-VAE_iter92/ckpt/Amazon_2023_Instruments/Oct-06-2026_04-08-13/HG_Rec_best.pth
2026-10-06 04:17:58,173 - INFO - Epoch 50/150 train_loss=2.1938831424713134
2026-10-06 04:17:58,207 - INFO - Best train loss=2.1938831424713134; saved /home/wlia0047/ar57/wenyu/GeneRec/results/stage3_T5Train/curvature_RQ-VAE_iter92/ckpt/Amazon_2023_Instruments/Oct-06-2026_04-08-13/HG_Rec_best.pth
2026-10-06 04:18:09,819 - INFO - Epoch 51/150 train_loss=2.180269241333008
2026-10-06 04:18:09,886 - INFO - Best train loss=2.180269241333008; saved /home/wlia0047/ar57/wenyu/GeneRec/results/stage3_T5Train/curvature_RQ-VAE_iter92/ckpt/Amazon_2023_Instruments/Oct-06-2026_04-08-13/HG_Rec_best.pth
2026-10-06 04:18:21,556 - INFO - Epoch 52/150 train_loss=2.1724019145965574
2026-10-06 04:18:21,593 - INFO - Best train loss=2.1724019145965574; saved /home/wlia0047/ar57/wenyu/GeneRec/results/stage3_T5Train/curvature_RQ-VAE_iter92/ckpt/Amazon_2023_Instruments/Oct-06-2026_04-08-13/HG_Rec_best.pth
2026-10-06 04:18:33,367 - INFO - Epoch 53/150 train_loss=2.1598209857940676
2026-10-06 04:18:33,421 - INFO - Best train loss=2.1598209857940676; saved /home/wlia0047/ar57/wenyu/GeneRec/results/stage3_T5Train/curvature_RQ-VAE_iter92/ckpt/Amazon_2023_Instruments/Oct-06-2026_04-08-13/HG_Rec_best.pth
2026-10-06 04:18:45,052 - INFO - Epoch 54/150 train_loss=2.1481773471832275
2026-10-06 04:18:45,088 - INFO - Best train loss=2.1481773471832275; saved /home/wlia0047/ar57/wenyu/GeneRec/results/stage3_T5Train/curvature_RQ-VAE_iter92/ckpt/Amazon_2023_Instruments/Oct-06-2026_04-08-13/HG_Rec_best.pth
2026-10-06 04:18:57,801 - INFO - Epoch 55/150 train_loss=2.1408458042144773
2026-10-06 04:18:57,914 - INFO - Best train loss=2.1408458042144773; saved /home/wlia0047/ar57/wenyu/GeneRec/results/stage3_T5Train/curvature_RQ-VAE_iter92/ckpt/Amazon_2023_Instruments/Oct-06-2026_04-08-13/HG_Rec_best.pth
2026-10-06 04:19:09,568 - INFO - Epoch 56/150 train_loss=2.133615484237671
2026-10-06 04:19:09,605 - INFO - Best train loss=2.133615484237671; saved /home/wlia0047/ar57/wenyu/GeneRec/results/stage3_T5Train/curvature_RQ-VAE_iter92/ckpt/Amazon_2023_Instruments/Oct-06-2026_04-08-13/HG_Rec_best.pth
2026-10-06 04:19:21,206 - INFO - Epoch 57/150 train_loss=2.1217486381530763
2026-10-06 04:19:21,243 - INFO - Best train loss=2.1217486381530763; saved /home/wlia0047/ar57/wenyu/GeneRec/results/stage3_T5Train/curvature_RQ-VAE_iter92/ckpt/Amazon_2023_Instruments/Oct-06-2026_04-08-13/HG_Rec_best.pth
2026-10-06 04:19:32,843 - INFO - Epoch 58/150 train_loss=2.1135060882568357
2026-10-06 04:19:32,880 - INFO - Best train loss=2.1135060882568357; saved /home/wlia0047/ar57/wenyu/GeneRec/results/stage3_T5Train/curvature_RQ-VAE_iter92/ckpt/Amazon_2023_Instruments/Oct-06-2026_04-08-13/HG_Rec_best.pth
2026-10-06 04:19:44,479 - INFO - Epoch 59/150 train_loss=2.1028077602386475
2026-10-06 04:19:44,515 - INFO - Best train loss=2.1028077602386475; saved /home/wlia0047/ar57/wenyu/GeneRec/results/stage3_T5Train/curvature_RQ-VAE_iter92/ckpt/Amazon_2023_Instruments/Oct-06-2026_04-08-13/HG_Rec_best.pth
2026-10-06 04:19:56,123 - INFO - Epoch 60/150 train_loss=2.097785415649414
2026-10-06 04:19:56,159 - INFO - Best train loss=2.097785415649414; saved /home/wlia0047/ar57/wenyu/GeneRec/results/stage3_T5Train/curvature_RQ-VAE_iter92/ckpt/Amazon_2023_Instruments/Oct-06-2026_04-08-13/HG_Rec_best.pth
2026-10-06 04:20:07,763 - INFO - Epoch 61/150 train_loss=2.0918574047088625
2026-10-06 04:20:07,798 - INFO - Best train loss=2.0918574047088625; saved /home/wlia0047/ar57/wenyu/GeneRec/results/stage3_T5Train/curvature_RQ-VAE_iter92/ckpt/Amazon_2023_Instruments/Oct-06-2026_04-08-13/HG_Rec_best.pth
2026-10-06 04:20:19,405 - INFO - Epoch 62/150 train_loss=2.0806743907928467
2026-10-06 04:20:19,441 - INFO - Best train loss=2.0806743907928467; saved /home/wlia0047/ar57/wenyu/GeneRec/results/stage3_T5Train/curvature_RQ-VAE_iter92/ckpt/Amazon_2023_Instruments/Oct-06-2026_04-08-13/HG_Rec_best.pth
2026-10-06 04:20:31,050 - INFO - Epoch 63/150 train_loss=2.075599403381348
2026-10-06 04:20:31,085 - INFO - Best train loss=2.075599403381348; saved /home/wlia0047/ar57/wenyu/GeneRec/results/stage3_T5Train/curvature_RQ-VAE_iter92/ckpt/Amazon_2023_Instruments/Oct-06-2026_04-08-13/HG_Rec_best.pth
2026-10-06 04:20:42,688 - INFO - Epoch 64/150 train_loss=2.071587743759155
2026-10-06 04:20:42,724 - INFO - Best train loss=2.071587743759155; saved /home/wlia0047/ar57/wenyu/GeneRec/results/stage3_T5Train/curvature_RQ-VAE_iter92/ckpt/Amazon_2023_Instruments/Oct-06-2026_04-08-13/HG_Rec_best.pth
2026-10-06 04:20:54,330 - INFO - Epoch 65/150 train_loss=2.067163667678833
2026-10-06 04:20:54,365 - INFO - Best train loss=2.067163667678833; saved /home/wlia0047/ar57/wenyu/GeneRec/results/stage3_T5Train/curvature_RQ-VAE_iter92/ckpt/Amazon_2023_Instruments/Oct-06-2026_04-08-13/HG_Rec_best.pth
2026-10-06 04:21:05,975 - INFO - Epoch 66/150 train_loss=2.059502067565918
2026-10-06 04:21:06,011 - INFO - Best train loss=2.059502067565918; saved /home/wlia0047/ar57/wenyu/GeneRec/results/stage3_T5Train/curvature_RQ-VAE_iter92/ckpt/Amazon_2023_Instruments/Oct-06-2026_04-08-13/HG_Rec_best.pth
2026-10-06 04:21:17,623 - INFO - Epoch 67/150 train_loss=2.0540748977661134
2026-10-06 04:21:17,660 - INFO - Best train loss=2.0540748977661134; saved /home/wlia0047/ar57/wenyu/GeneRec/results/stage3_T5Train/curvature_RQ-VAE_iter92/ckpt/Amazon_2023_Instruments/Oct-06-2026_04-08-13/HG_Rec_best.pth
2026-10-06 04:21:29,283 - INFO - Epoch 68/150 train_loss=2.049009447097778
2026-10-06 04:21:29,353 - INFO - Best train loss=2.049009447097778; saved /home/wlia0047/ar57/wenyu/GeneRec/results/stage3_T5Train/curvature_RQ-VAE_iter92/ckpt/Amazon_2023_Instruments/Oct-06-2026_04-08-13/HG_Rec_best.pth
2026-10-06 04:21:40,962 - INFO - Epoch 69/150 train_loss=2.047400188446045
2026-10-06 04:21:40,995 - INFO - Best train loss=2.047400188446045; saved /home/wlia0047/ar57/wenyu/GeneRec/results/stage3_T5Train/curvature_RQ-VAE_iter92/ckpt/Amazon_2023_Instruments/Oct-06-2026_04-08-13/HG_Rec_best.pth
2026-10-06 04:21:52,604 - INFO - Epoch 70/150 train_loss=2.0377152729034425
2026-10-06 04:21:52,646 - INFO - Best train loss=2.0377152729034425; saved /home/wlia0047/ar57/wenyu/GeneRec/results/stage3_T5Train/curvature_RQ-VAE_iter92/ckpt/Amazon_2023_Instruments/Oct-06-2026_04-08-13/HG_Rec_best.pth
2026-10-06 04:22:04,255 - INFO - Epoch 71/150 train_loss=2.036867408752441
2026-10-06 04:22:04,293 - INFO - Best train loss=2.036867408752441; saved /home/wlia0047/ar57/wenyu/GeneRec/results/stage3_T5Train/curvature_RQ-VAE_iter92/ckpt/Amazon_2023_Instruments/Oct-06-2026_04-08-13/HG_Rec_best.pth
2026-10-06 04:22:15,899 - INFO - Epoch 72/150 train_loss=2.029657745361328
2026-10-06 04:22:15,934 - INFO - Best train loss=2.029657745361328; saved /home/wlia0047/ar57/wenyu/GeneRec/results/stage3_T5Train/curvature_RQ-VAE_iter92/ckpt/Amazon_2023_Instruments/Oct-06-2026_04-08-13/HG_Rec_best.pth
2026-10-06 04:22:27,631 - INFO - Epoch 73/150 train_loss=2.0192332220077516
2026-10-06 04:22:27,676 - INFO - Best train loss=2.0192332220077516; saved /home/wlia0047/ar57/wenyu/GeneRec/results/stage3_T5Train/curvature_RQ-VAE_iter92/ckpt/Amazon_2023_Instruments/Oct-06-2026_04-08-13/HG_Rec_best.pth
2026-10-06 04:22:39,278 - INFO - Epoch 74/150 train_loss=2.0229203605651858
2026-10-06 04:22:50,893 - INFO - Epoch 75/150 train_loss=2.0175366592407227
2026-10-06 04:22:50,928 - INFO - Best train loss=2.0175366592407227; saved /home/wlia0047/ar57/wenyu/GeneRec/results/stage3_T5Train/curvature_RQ-VAE_iter92/ckpt/Amazon_2023_Instruments/Oct-06-2026_04-08-13/HG_Rec_best.pth
2026-10-06 04:23:02,584 - INFO - Epoch 76/150 train_loss=2.0106408071517943
2026-10-06 04:23:02,631 - INFO - Best train loss=2.0106408071517943; saved /home/wlia0047/ar57/wenyu/GeneRec/results/stage3_T5Train/curvature_RQ-VAE_iter92/ckpt/Amazon_2023_Instruments/Oct-06-2026_04-08-13/HG_Rec_best.pth
2026-10-06 04:23:14,237 - INFO - Epoch 77/150 train_loss=2.0047516202926636
2026-10-06 04:23:14,273 - INFO - Best train loss=2.0047516202926636; saved /home/wlia0047/ar57/wenyu/GeneRec/results/stage3_T5Train/curvature_RQ-VAE_iter92/ckpt/Amazon_2023_Instruments/Oct-06-2026_04-08-13/HG_Rec_best.pth
2026-10-06 04:23:25,880 - INFO - Epoch 78/150 train_loss=2.0010236597061155
2026-10-06 04:23:25,915 - INFO - Best train loss=2.0010236597061155; saved /home/wlia0047/ar57/wenyu/GeneRec/results/stage3_T5Train/curvature_RQ-VAE_iter92/ckpt/Amazon_2023_Instruments/Oct-06-2026_04-08-13/HG_Rec_best.pth
2026-10-06 04:23:37,522 - INFO - Epoch 79/150 train_loss=1.99967511177063
2026-10-06 04:23:37,557 - INFO - Best train loss=1.99967511177063; saved /home/wlia0047/ar57/wenyu/GeneRec/results/stage3_T5Train/curvature_RQ-VAE_iter92/ckpt/Amazon_2023_Instruments/Oct-06-2026_04-08-13/HG_Rec_best.pth
2026-10-06 04:23:49,164 - INFO - Epoch 80/150 train_loss=1.9963994789123536
2026-10-06 04:23:49,751 - INFO - Best train loss=1.9963994789123536; saved /home/wlia0047/ar57/wenyu/GeneRec/results/stage3_T5Train/curvature_RQ-VAE_iter92/ckpt/Amazon_2023_Instruments/Oct-06-2026_04-08-13/HG_Rec_best.pth
2026-10-06 04:24:01,356 - INFO - Epoch 81/150 train_loss=1.9941029167175293
2026-10-06 04:24:01,392 - INFO - Best train loss=1.9941029167175293; saved /home/wlia0047/ar57/wenyu/GeneRec/results/stage3_T5Train/curvature_RQ-VAE_iter92/ckpt/Amazon_2023_Instruments/Oct-06-2026_04-08-13/HG_Rec_best.pth
2026-10-06 04:24:12,994 - INFO - Epoch 82/150 train_loss=1.9873487281799316
2026-10-06 04:24:13,031 - INFO - Best train loss=1.9873487281799316; saved /home/wlia0047/ar57/wenyu/GeneRec/results/stage3_T5Train/curvature_RQ-VAE_iter92/ckpt/Amazon_2023_Instruments/Oct-06-2026_04-08-13/HG_Rec_best.pth
2026-10-06 04:24:24,636 - INFO - Epoch 83/150 train_loss=1.9860849475860596
2026-10-06 04:24:24,673 - INFO - Best train loss=1.9860849475860596; saved /home/wlia0047/ar57/wenyu/GeneRec/results/stage3_T5Train/curvature_RQ-VAE_iter92/ckpt/Amazon_2023_Instruments/Oct-06-2026_04-08-13/HG_Rec_best.pth
2026-10-06 04:24:36,276 - INFO - Epoch 84/150 train_loss=1.9768997430801392
2026-10-06 04:24:36,311 - INFO - Best train loss=1.9768997430801392; saved /home/wlia0047/ar57/wenyu/GeneRec/results/stage3_T5Train/curvature_RQ-VAE_iter92/ckpt/Amazon_2023_Instruments/Oct-06-2026_04-08-13/HG_Rec_best.pth
2026-10-06 04:24:47,918 - INFO - Epoch 85/150 train_loss=1.9750672197341919
2026-10-06 04:24:47,955 - INFO - Best train loss=1.9750672197341919; saved /home/wlia0047/ar57/wenyu/GeneRec/results/stage3_T5Train/curvature_RQ-VAE_iter92/ckpt/Amazon_2023_Instruments/Oct-06-2026_04-08-13/HG_Rec_best.pth
2026-10-06 04:24:59,560 - INFO - Epoch 86/150 train_loss=1.9733290815353393
2026-10-06 04:24:59,597 - INFO - Best train loss=1.9733290815353393; saved /home/wlia0047/ar57/wenyu/GeneRec/results/stage3_T5Train/curvature_RQ-VAE_iter92/ckpt/Amazon_2023_Instruments/Oct-06-2026_04-08-13/HG_Rec_best.pth
2026-10-06 04:25:11,203 - INFO - Epoch 87/150 train_loss=1.9725143098831177
2026-10-06 04:25:11,239 - INFO - Best train loss=1.9725143098831177; saved /home/wlia0047/ar57/wenyu/GeneRec/results/stage3_T5Train/curvature_RQ-VAE_iter92/ckpt/Amazon_2023_Instruments/Oct-06-2026_04-08-13/HG_Rec_best.pth
2026-10-06 04:25:22,845 - INFO - Epoch 88/150 train_loss=1.96766131401062
2026-10-06 04:25:22,882 - INFO - Best train loss=1.96766131401062; saved /home/wlia0047/ar57/wenyu/GeneRec/results/stage3_T5Train/curvature_RQ-VAE_iter92/ckpt/Amazon_2023_Instruments/Oct-06-2026_04-08-13/HG_Rec_best.pth
2026-10-06 04:25:34,492 - INFO - Epoch 89/150 train_loss=1.9641583490371703
2026-10-06 04:25:34,529 - INFO - Best train loss=1.9641583490371703; saved /home/wlia0047/ar57/wenyu/GeneRec/results/stage3_T5Train/curvature_RQ-VAE_iter92/ckpt/Amazon_2023_Instruments/Oct-06-2026_04-08-13/HG_Rec_best.pth
2026-10-06 04:25:46,137 - INFO - Epoch 90/150 train_loss=1.959620051383972
2026-10-06 04:25:46,173 - INFO - Best train loss=1.959620051383972; saved /home/wlia0047/ar57/wenyu/GeneRec/results/stage3_T5Train/curvature_RQ-VAE_iter92/ckpt/Amazon_2023_Instruments/Oct-06-2026_04-08-13/HG_Rec_best.pth
2026-10-06 04:25:57,784 - INFO - Epoch 91/150 train_loss=1.9586134815216065
2026-10-06 04:25:57,819 - INFO - Best train loss=1.9586134815216065; saved /home/wlia0047/ar57/wenyu/GeneRec/results/stage3_T5Train/curvature_RQ-VAE_iter92/ckpt/Amazon_2023_Instruments/Oct-06-2026_04-08-13/HG_Rec_best.pth
2026-10-06 04:26:09,894 - INFO - Epoch 92/150 train_loss=1.9552080678939818
2026-10-06 04:26:09,929 - INFO - Best train loss=1.9552080678939818; saved /home/wlia0047/ar57/wenyu/GeneRec/results/stage3_T5Train/curvature_RQ-VAE_iter92/ckpt/Amazon_2023_Instruments/Oct-06-2026_04-08-13/HG_Rec_best.pth
2026-10-06 04:26:22,038 - INFO - Epoch 93/150 train_loss=1.950507025718689
2026-10-06 04:26:22,073 - INFO - Best train loss=1.950507025718689; saved /home/wlia0047/ar57/wenyu/GeneRec/results/stage3_T5Train/curvature_RQ-VAE_iter92/ckpt/Amazon_2023_Instruments/Oct-06-2026_04-08-13/HG_Rec_best.pth
2026-10-06 04:26:33,673 - INFO - Epoch 94/150 train_loss=1.9543050718307495
2026-10-06 04:26:45,281 - INFO - Epoch 95/150 train_loss=1.9462848424911499
2026-10-06 04:26:45,325 - INFO - Best train loss=1.9462848424911499; saved /home/wlia0047/ar57/wenyu/GeneRec/results/stage3_T5Train/curvature_RQ-VAE_iter92/ckpt/Amazon_2023_Instruments/Oct-06-2026_04-08-13/HG_Rec_best.pth
2026-10-06 04:26:56,928 - INFO - Epoch 96/150 train_loss=1.9451163864135743
2026-10-06 04:26:56,966 - INFO - Best train loss=1.9451163864135743; saved /home/wlia0047/ar57/wenyu/GeneRec/results/stage3_T5Train/curvature_RQ-VAE_iter92/ckpt/Amazon_2023_Instruments/Oct-06-2026_04-08-13/HG_Rec_best.pth
2026-10-06 04:27:08,572 - INFO - Epoch 97/150 train_loss=1.942389464378357
2026-10-06 04:27:08,608 - INFO - Best train loss=1.942389464378357; saved /home/wlia0047/ar57/wenyu/GeneRec/results/stage3_T5Train/curvature_RQ-VAE_iter92/ckpt/Amazon_2023_Instruments/Oct-06-2026_04-08-13/HG_Rec_best.pth
2026-10-06 04:27:20,214 - INFO - Epoch 98/150 train_loss=1.9389074230194092
2026-10-06 04:27:20,249 - INFO - Best train loss=1.9389074230194092; saved /home/wlia0047/ar57/wenyu/GeneRec/results/stage3_T5Train/curvature_RQ-VAE_iter92/ckpt/Amazon_2023_Instruments/Oct-06-2026_04-08-13/HG_Rec_best.pth
2026-10-06 04:27:31,854 - INFO - Epoch 99/150 train_loss=1.93721182346344
2026-10-06 04:27:31,889 - INFO - Best train loss=1.93721182346344; saved /home/wlia0047/ar57/wenyu/GeneRec/results/stage3_T5Train/curvature_RQ-VAE_iter92/ckpt/Amazon_2023_Instruments/Oct-06-2026_04-08-13/HG_Rec_best.pth
2026-10-06 04:27:43,494 - INFO - Epoch 100/150 train_loss=1.9364938068389892
2026-10-06 04:27:43,528 - INFO - Best train loss=1.9364938068389892; saved /home/wlia0047/ar57/wenyu/GeneRec/results/stage3_T5Train/curvature_RQ-VAE_iter92/ckpt/Amazon_2023_Instruments/Oct-06-2026_04-08-13/HG_Rec_best.pth
2026-10-06 04:27:55,137 - INFO - Epoch 101/150 train_loss=1.9310669898986816
2026-10-06 04:27:55,173 - INFO - Best train loss=1.9310669898986816; saved /home/wlia0047/ar57/wenyu/GeneRec/results/stage3_T5Train/curvature_RQ-VAE_iter92/ckpt/Amazon_2023_Instruments/Oct-06-2026_04-08-13/HG_Rec_best.pth
2026-10-06 04:28:06,783 - INFO - Epoch 102/150 train_loss=1.931816520690918
2026-10-06 04:28:18,442 - INFO - Epoch 103/150 train_loss=1.9258939409255982
2026-10-06 04:28:18,501 - INFO - Best train loss=1.9258939409255982; saved /home/wlia0047/ar57/wenyu/GeneRec/results/stage3_T5Train/curvature_RQ-VAE_iter92/ckpt/Amazon_2023_Instruments/Oct-06-2026_04-08-13/HG_Rec_best.pth
2026-10-06 04:28:30,195 - INFO - Epoch 104/150 train_loss=1.9263748168945312
2026-10-06 04:28:41,822 - INFO - Epoch 105/150 train_loss=1.9263927936553955
2026-10-06 04:28:53,432 - INFO - Epoch 106/150 train_loss=1.919507794380188
2026-10-06 04:28:53,470 - INFO - Best train loss=1.919507794380188; saved /home/wlia0047/ar57/wenyu/GeneRec/results/stage3_T5Train/curvature_RQ-VAE_iter92/ckpt/Amazon_2023_Instruments/Oct-06-2026_04-08-13/HG_Rec_best.pth
2026-10-06 04:29:05,073 - INFO - Epoch 107/150 train_loss=1.9210176992416381
2026-10-06 04:29:16,681 - INFO - Epoch 108/150 train_loss=1.920131483078003
2026-10-06 04:29:28,290 - INFO - Epoch 109/150 train_loss=1.9126187086105346
2026-10-06 04:29:28,333 - INFO - Best train loss=1.9126187086105346; saved /home/wlia0047/ar57/wenyu/GeneRec/results/stage3_T5Train/curvature_RQ-VAE_iter92/ckpt/Amazon_2023_Instruments/Oct-06-2026_04-08-13/HG_Rec_best.pth
2026-10-06 04:29:39,939 - INFO - Epoch 110/150 train_loss=1.9103108835220337
2026-10-06 04:29:39,974 - INFO - Best train loss=1.9103108835220337; saved /home/wlia0047/ar57/wenyu/GeneRec/results/stage3_T5Train/curvature_RQ-VAE_iter92/ckpt/Amazon_2023_Instruments/Oct-06-2026_04-08-13/HG_Rec_best.pth
2026-10-06 04:29:51,578 - INFO - Epoch 111/150 train_loss=1.9106184911727906
2026-10-06 04:30:03,191 - INFO - Epoch 112/150 train_loss=1.9063210153579713
2026-10-06 04:30:03,234 - INFO - Best train loss=1.9063210153579713; saved /home/wlia0047/ar57/wenyu/GeneRec/results/stage3_T5Train/curvature_RQ-VAE_iter92/ckpt/Amazon_2023_Instruments/Oct-06-2026_04-08-13/HG_Rec_best.pth
2026-10-06 04:30:14,846 - INFO - Epoch 113/150 train_loss=1.9086577939987182
2026-10-06 04:30:26,554 - INFO - Epoch 114/150 train_loss=1.9048574876785278
2026-10-06 04:30:26,594 - INFO - Best train loss=1.9048574876785278; saved /home/wlia0047/ar57/wenyu/GeneRec/results/stage3_T5Train/curvature_RQ-VAE_iter92/ckpt/Amazon_2023_Instruments/Oct-06-2026_04-08-13/HG_Rec_best.pth
2026-10-06 04:30:38,199 - INFO - Epoch 115/150 train_loss=1.9057607173919677
2026-10-06 04:30:49,806 - INFO - Epoch 116/150 train_loss=1.9013356065750122
2026-10-06 04:30:49,847 - INFO - Best train loss=1.9013356065750122; saved /home/wlia0047/ar57/wenyu/GeneRec/results/stage3_T5Train/curvature_RQ-VAE_iter92/ckpt/Amazon_2023_Instruments/Oct-06-2026_04-08-13/HG_Rec_best.pth
2026-10-06 04:31:02,747 - INFO - Epoch 117/150 train_loss=1.9017806959152221
2026-10-06 04:31:14,383 - INFO - Epoch 118/150 train_loss=1.8963689041137695
2026-10-06 04:31:14,452 - INFO - Best train loss=1.8963689041137695; saved /home/wlia0047/ar57/wenyu/GeneRec/results/stage3_T5Train/curvature_RQ-VAE_iter92/ckpt/Amazon_2023_Instruments/Oct-06-2026_04-08-13/HG_Rec_best.pth
2026-10-06 04:31:26,059 - INFO - Epoch 119/150 train_loss=1.8963699865341186
2026-10-06 04:31:37,672 - INFO - Epoch 120/150 train_loss=1.8928211545944214
2026-10-06 04:31:37,709 - INFO - Best train loss=1.8928211545944214; saved /home/wlia0047/ar57/wenyu/GeneRec/results/stage3_T5Train/curvature_RQ-VAE_iter92/ckpt/Amazon_2023_Instruments/Oct-06-2026_04-08-13/HG_Rec_best.pth
2026-10-06 04:31:49,310 - INFO - Epoch 121/150 train_loss=1.8926086616516113
2026-10-06 04:31:49,344 - INFO - Best train loss=1.8926086616516113; saved /home/wlia0047/ar57/wenyu/GeneRec/results/stage3_T5Train/curvature_RQ-VAE_iter92/ckpt/Amazon_2023_Instruments/Oct-06-2026_04-08-13/HG_Rec_best.pth
2026-10-06 04:32:00,954 - INFO - Epoch 122/150 train_loss=1.890199146270752
2026-10-06 04:32:00,985 - INFO - Best train loss=1.890199146270752; saved /home/wlia0047/ar57/wenyu/GeneRec/results/stage3_T5Train/curvature_RQ-VAE_iter92/ckpt/Amazon_2023_Instruments/Oct-06-2026_04-08-13/HG_Rec_best.pth
2026-10-06 04:32:12,587 - INFO - Epoch 123/150 train_loss=1.8881283569335938
2026-10-06 04:32:12,622 - INFO - Best train loss=1.8881283569335938; saved /home/wlia0047/ar57/wenyu/GeneRec/results/stage3_T5Train/curvature_RQ-VAE_iter92/ckpt/Amazon_2023_Instruments/Oct-06-2026_04-08-13/HG_Rec_best.pth
2026-10-06 04:32:24,231 - INFO - Epoch 124/150 train_loss=1.8886873722076416
2026-10-06 04:32:35,835 - INFO - Epoch 125/150 train_loss=1.8859573745727538
2026-10-06 04:32:35,877 - INFO - Best train loss=1.8859573745727538; saved /home/wlia0047/ar57/wenyu/GeneRec/results/stage3_T5Train/curvature_RQ-VAE_iter92/ckpt/Amazon_2023_Instruments/Oct-06-2026_04-08-13/HG_Rec_best.pth
2026-10-06 04:32:47,480 - INFO - Epoch 126/150 train_loss=1.8848160743713378
2026-10-06 04:32:47,516 - INFO - Best train loss=1.8848160743713378; saved /home/wlia0047/ar57/wenyu/GeneRec/results/stage3_T5Train/curvature_RQ-VAE_iter92/ckpt/Amazon_2023_Instruments/Oct-06-2026_04-08-13/HG_Rec_best.pth
2026-10-06 04:32:59,122 - INFO - Epoch 127/150 train_loss=1.8838090372085572
2026-10-06 04:32:59,156 - INFO - Best train loss=1.8838090372085572; saved /home/wlia0047/ar57/wenyu/GeneRec/results/stage3_T5Train/curvature_RQ-VAE_iter92/ckpt/Amazon_2023_Instruments/Oct-06-2026_04-08-13/HG_Rec_best.pth
2026-10-06 04:33:10,774 - INFO - Epoch 128/150 train_loss=1.8859005784988403
2026-10-06 04:33:22,383 - INFO - Epoch 129/150 train_loss=1.8811296224594116
2026-10-06 04:33:22,427 - INFO - Best train loss=1.8811296224594116; saved /home/wlia0047/ar57/wenyu/GeneRec/results/stage3_T5Train/curvature_RQ-VAE_iter92/ckpt/Amazon_2023_Instruments/Oct-06-2026_04-08-13/HG_Rec_best.pth
2026-10-06 04:33:34,032 - INFO - Epoch 130/150 train_loss=1.8834473752975465
2026-10-06 04:33:45,640 - INFO - Epoch 131/150 train_loss=1.8817498874664307
2026-10-06 04:33:57,251 - INFO - Epoch 132/150 train_loss=1.8792716455459595
2026-10-06 04:33:57,289 - INFO - Best train loss=1.8792716455459595; saved /home/wlia0047/ar57/wenyu/GeneRec/results/stage3_T5Train/curvature_RQ-VAE_iter92/ckpt/Amazon_2023_Instruments/Oct-06-2026_04-08-13/HG_Rec_best.pth
2026-10-06 04:34:08,893 - INFO - Epoch 133/150 train_loss=1.8797506237030028
2026-10-06 04:34:20,505 - INFO - Epoch 134/150 train_loss=1.875397720336914
2026-10-06 04:34:20,545 - INFO - Best train loss=1.875397720336914; saved /home/wlia0047/ar57/wenyu/GeneRec/results/stage3_T5Train/curvature_RQ-VAE_iter92/ckpt/Amazon_2023_Instruments/Oct-06-2026_04-08-13/HG_Rec_best.pth
2026-10-06 04:34:32,149 - INFO - Epoch 135/150 train_loss=1.8731971645355225
2026-10-06 04:34:32,184 - INFO - Best train loss=1.8731971645355225; saved /home/wlia0047/ar57/wenyu/GeneRec/results/stage3_T5Train/curvature_RQ-VAE_iter92/ckpt/Amazon_2023_Instruments/Oct-06-2026_04-08-13/HG_Rec_best.pth
2026-10-06 04:34:43,784 - INFO - Epoch 136/150 train_loss=1.874914402961731
2026-10-06 04:34:55,393 - INFO - Epoch 137/150 train_loss=1.8746165752410888
2026-10-06 04:35:06,998 - INFO - Epoch 138/150 train_loss=1.8730850267410277
2026-10-06 04:35:07,036 - INFO - Best train loss=1.8730850267410277; saved /home/wlia0047/ar57/wenyu/GeneRec/results/stage3_T5Train/curvature_RQ-VAE_iter92/ckpt/Amazon_2023_Instruments/Oct-06-2026_04-08-13/HG_Rec_best.pth
2026-10-06 04:35:18,639 - INFO - Epoch 139/150 train_loss=1.8719344758987426
2026-10-06 04:35:18,674 - INFO - Best train loss=1.8719344758987426; saved /home/wlia0047/ar57/wenyu/GeneRec/results/stage3_T5Train/curvature_RQ-VAE_iter92/ckpt/Amazon_2023_Instruments/Oct-06-2026_04-08-13/HG_Rec_best.pth
2026-10-06 04:35:30,280 - INFO - Epoch 140/150 train_loss=1.8694356966018677
2026-10-06 04:35:30,315 - INFO - Best train loss=1.8694356966018677; saved /home/wlia0047/ar57/wenyu/GeneRec/results/stage3_T5Train/curvature_RQ-VAE_iter92/ckpt/Amazon_2023_Instruments/Oct-06-2026_04-08-13/HG_Rec_best.pth
2026-10-06 04:35:41,920 - INFO - Epoch 141/150 train_loss=1.8733766841888428
2026-10-06 04:35:53,522 - INFO - Epoch 142/150 train_loss=1.8710105800628662
2026-10-06 04:36:05,140 - INFO - Epoch 143/150 train_loss=1.867134599685669
2026-10-06 04:36:05,176 - INFO - Best train loss=1.867134599685669; saved /home/wlia0047/ar57/wenyu/GeneRec/results/stage3_T5Train/curvature_RQ-VAE_iter92/ckpt/Amazon_2023_Instruments/Oct-06-2026_04-08-13/HG_Rec_best.pth
2026-10-06 04:36:16,792 - INFO - Epoch 144/150 train_loss=1.8645043802261352
2026-10-06 04:36:16,828 - INFO - Best train loss=1.8645043802261352; saved /home/wlia0047/ar57/wenyu/GeneRec/results/stage3_T5Train/curvature_RQ-VAE_iter92/ckpt/Amazon_2023_Instruments/Oct-06-2026_04-08-13/HG_Rec_best.pth
2026-10-06 04:36:28,434 - INFO - Epoch 145/150 train_loss=1.865307879447937
2026-10-06 04:36:40,047 - INFO - Epoch 146/150 train_loss=1.866491060256958
2026-10-06 04:36:51,652 - INFO - Epoch 147/150 train_loss=1.861316409111023
2026-10-06 04:36:51,692 - INFO - Best train loss=1.861316409111023; saved /home/wlia0047/ar57/wenyu/GeneRec/results/stage3_T5Train/curvature_RQ-VAE_iter92/ckpt/Amazon_2023_Instruments/Oct-06-2026_04-08-13/HG_Rec_best.pth
2026-10-06 04:37:03,299 - INFO - Epoch 148/150 train_loss=1.8639827728271485
2026-10-06 04:37:14,907 - INFO - Epoch 149/150 train_loss=1.861035213470459
2026-10-06 04:37:14,948 - INFO - Best train loss=1.861035213470459; saved /home/wlia0047/ar57/wenyu/GeneRec/results/stage3_T5Train/curvature_RQ-VAE_iter92/ckpt/Amazon_2023_Instruments/Oct-06-2026_04-08-13/HG_Rec_best.pth
2026-10-06 04:37:26,557 - INFO - Epoch 150/150 train_loss=1.8615984153747558
2026-10-06 04:39:36,794 - INFO - Test={'best_checkpoint': '/home/wlia0047/ar57/wenyu/GeneRec/results/stage3_T5Train/curvature_RQ-VAE_iter92/ckpt/Amazon_2023_Instruments/Oct-06-2026_04-08-13/HG_Rec_best.pth', 'n_eval': 57439, 'test_recall@5': 0.038963073869670434, 'test_recall@10': 0.05948919723532791, 'test_ndcg@5': 0.025755230904034518, 'test_ndcg@10': 0.032340387501036134}
