W0924 20:14:34.547252 512325 /fs04/scratch2/ar57/wenyu/genrec_env_v2/lib/python3.9/site-packages/torch/distributed/run.py:774] 
W0924 20:14:34.547252 512325 /fs04/scratch2/ar57/wenyu/genrec_env_v2/lib/python3.9/site-packages/torch/distributed/run.py:774] *****************************************
W0924 20:14:34.547252 512325 /fs04/scratch2/ar57/wenyu/genrec_env_v2/lib/python3.9/site-packages/torch/distributed/run.py:774] Setting OMP_NUM_THREADS environment variable for each process to be 1 in default, to avoid your system being overloaded, please further tune the variable for optimal performance in your application as needed. 
W0924 20:14:34.547252 512325 /fs04/scratch2/ar57/wenyu/genrec_env_v2/lib/python3.9/site-packages/torch/distributed/run.py:774] *****************************************
[Step3] DDP rank=0/4 local_rank=0
[Step0] cleaned 0 stale artifact(s) from /home/wlia0047/ar57/wenyu/GeneRec/stage2_RQ-VAE/curvature_RQ-VAE_iter4/results/out/rqvae/instruments
=== RQ-VAE Step1-Step12 训练循环 (world_size=4) ===
[Step1] emb: /home/wlia0047/ar57/wenyu/GeneRec/stage1_GeneEmbedding/output/sentence_t5.npy
[Step1] out: /home/wlia0047/ar57/wenyu/GeneRec/stage2_RQ-VAE/curvature_RQ-VAE_iter4/results/out/rqvae/instruments
[Step1] per-GPU batch=640 | total=2560 | workers=4 | compile=False
[Step1] hidden=[512, 256, 128] embed=32 codebook=256 layers=3
[Step1] target: MAX_GLOBAL_STEPS=100000 | ckpt every 10000
[Step2] loaded /home/wlia0047/ar57/wenyu/GeneRec/stage1_GeneEmbedding/output/sentence_t5.npy: shape=(24587, 768), train transitions=339519, active sources=24474/24587
[Step4] WARN: 未找到 /home/wlia0047/ar57/wenyu/GeneRec/stage2_RQ-VAE/curvature_RQ-VAE_iter4/results/out/decoder/instruments_hgrec_configs/hgrec_iter4_behavior_transition_curvature/layer_norms.json, 使用 iter1 已记录的残差尺度 [0.001, 0.932889, 1.0]
[Step4] WARN: 未找到 /home/wlia0047/ar57/wenyu/GeneRec/stage2_RQ-VAE/curvature_RQ-VAE_iter4/results/out/decoder/instruments_hgrec_configs/hgrec_iter4_behavior_transition_curvature/layer_norms.json, 使用 iter1 已记录的残差尺度 [0.001, 0.932889, 1.0]
[Step2] 24587 items | 9 batches/rank | 36 batches/epoch
[Step4] WARN: 未找到 /home/wlia0047/ar57/wenyu/GeneRec/stage2_RQ-VAE/curvature_RQ-VAE_iter4/results/out/decoder/instruments_hgrec_configs/hgrec_iter4_behavior_transition_curvature/layer_norms.json, 使用 iter1 已记录的残差尺度 [0.001, 0.932889, 1.0]
[Step3.5] residual_layer_norms (per-layer u_l) = [0.0010/0.9329/1.0000] | mechanism=iter4_behavior_transition_curvature
[Step4] WARN: 未找到 /home/wlia0047/ar57/wenyu/GeneRec/stage2_RQ-VAE/curvature_RQ-VAE_iter4/results/out/decoder/instruments_hgrec_configs/hgrec_iter4_behavior_transition_curvature/layer_norms.json, 使用 iter1 已记录的残差尺度 [0.001, 0.932889, 1.0]
[Step4] params=1146883 | DDP wrapped
[Step5] optimizer covers 1 group(s)
[train] start, target=100000 global steps (Step1-Step12 loop)
[Step6] first transition batch ok x=(640, 768) x_fut=(640, 768) device=cuda:0
[Step7] first forward ok sem_ids.shape=(1280, 3)
[Step8] first loss ok loss=7.8264 rl=5.8460 vl=1.6004 behavior=7.6007 curvature_reg=0.000000
[Step9] first backward ok params_with_grad=14
[Step10] first optimizer.step ok
[Step11] first curvature sync step=4 c=[0.300/0.526/0.547]
  step    332/100000 | loss=2.3883 | rl=1.7281 | vl=0.3245 | behavior=6.7137 | curv_reg=0.001829 | codes=249/250/249/256 | c=0.304/0.516/0.537 | ips_g=66.3 ips/rk=16.6 | elapsed=5.0s | eta=1504.3s
  step    760/100000 | loss=2.1085 | rl=1.6364 | vl=0.1476 | behavior=6.4910 | curv_reg=0.002139 | codes=254/233/226/256 | c=0.309/0.523/0.545 | ips_g=75.4 ips/rk=18.9 | elapsed=10.1s | eta=1315.7s
  step   1184/100000 | loss=2.1000 | rl=1.5999 | vl=0.1750 | behavior=6.5018 | curv_reg=0.002880 | codes=251/209/202/256 | c=0.314/0.530/0.549 | ips_g=78.4 ips/rk=19.6 | elapsed=15.1s | eta=1260.3s
  step   1612/100000 | loss=2.0721 | rl=1.5367 | vl=0.2077 | behavior=6.5515 | curv_reg=0.006444 | codes=251/202/200/256 | c=0.319/0.535/0.542 | ips_g=80.2 ips/rk=20.0 | elapsed=20.1s | eta=1227.1s
  step   2028/100000 | loss=2.1451 | rl=1.5467 | vl=0.2724 | behavior=6.5151 | curv_reg=0.016465 | codes=251/197/211/256 | c=0.324/0.536/0.524 | ips_g=80.7 ips/rk=20.2 | elapsed=25.1s | eta=1214.6s
  step   2456/100000 | loss=2.1458 | rl=1.5310 | vl=0.2862 | behavior=6.5633 | curv_reg=0.037560 | codes=250/219/223/256 | c=0.329/0.533/0.499 | ips_g=81.4 ips/rk=20.4 | elapsed=30.2s | eta=1197.8s
  step   2880/100000 | loss=2.3296 | rl=1.5745 | vl=0.4196 | behavior=6.6935 | curv_reg=0.078922 | codes=254/225/228/256 | c=0.334/0.525/0.465 | ips_g=81.9 ips/rk=20.5 | elapsed=35.2s | eta=1186.4s
  step   3300/100000 | loss=2.3439 | rl=1.5476 | vl=0.4596 | behavior=6.7104 | curv_reg=0.122451 | codes=248/218/218/256 | c=0.340/0.516/0.443 | ips_g=82.1 ips/rk=20.5 | elapsed=40.2s | eta=1178.1s
  step   3724/100000 | loss=2.3981 | rl=1.5233 | vl=0.5338 | behavior=6.7835 | curv_reg=0.186406 | codes=250/213/212/256 | c=0.345/0.506/0.416 | ips_g=82.4 ips/rk=20.6 | elapsed=45.2s | eta=1168.9s
  step   4148/100000 | loss=2.2466 | rl=1.4821 | vl=0.4262 | behavior=6.7157 | curv_reg=0.255650 | codes=254/219/230/256 | c=0.350/0.495/0.395 | ips_g=82.6 ips/rk=20.6 | elapsed=50.2s | eta=1160.7s
  step   4572/100000 | loss=2.4871 | rl=1.6068 | vl=0.5377 | behavior=6.7868 | curv_reg=0.327222 | codes=248/214/222/256 | c=0.356/0.483/0.379 | ips_g=82.8 ips/rk=20.7 | elapsed=55.2s | eta=1153.0s
  step   5008/100000 | loss=2.4503 | rl=1.5397 | vl=0.5725 | behavior=6.6832 | curv_reg=0.394668 | codes=251/229/227/256 | c=0.361/0.470/0.368 | ips_g=83.0 ips/rk=20.8 | elapsed=60.3s | eta=1143.8s
  step   5444/100000 | loss=2.4107 | rl=1.5018 | vl=0.5689 | behavior=6.7127 | curv_reg=0.438551 | codes=250/225/229/256 | c=0.367/0.459/0.367 | ips_g=83.3 ips/rk=20.8 | elapsed=65.3s | eta=1134.6s
  step   5876/100000 | loss=2.2155 | rl=1.4512 | vl=0.4257 | behavior=6.6783 | curv_reg=0.464215 | codes=253/218/231/256 | c=0.373/0.448/0.373 | ips_g=83.5 ips/rk=20.9 | elapsed=70.4s | eta=1127.2s
  step   6304/100000 | loss=2.5252 | rl=1.5260 | vl=0.6582 | behavior=6.7215 | curv_reg=0.489260 | codes=252/229/225/256 | c=0.378/0.439/0.378 | ips_g=83.6 ips/rk=20.9 | elapsed=75.4s | eta=1121.3s
  step   6736/100000 | loss=2.5176 | rl=1.5361 | vl=0.6388 | behavior=6.7519 | curv_reg=0.519820 | codes=250/222/217/256 | c=0.384/0.429/0.384 | ips_g=83.7 ips/rk=20.9 | elapsed=80.5s | eta=1114.7s
  step   7148/100000 | loss=2.4780 | rl=1.5073 | vl=0.6277 | behavior=6.7488 | curv_reg=0.550364 | codes=249/232/231/256 | c=0.390/0.420/0.390 | ips_g=83.6 ips/rk=20.9 | elapsed=85.5s | eta=1110.8s
  step   7584/100000 | loss=2.5675 | rl=1.5460 | vl=0.6759 | behavior=6.7946 | curv_reg=0.578935 | codes=246/225/219/256 | c=0.395/0.413/0.395 | ips_g=83.8 ips/rk=20.9 | elapsed=90.5s | eta=1103.0s
  step   8012/100000 | loss=2.4930 | rl=1.4934 | vl=0.6575 | behavior=6.7227 | curv_reg=0.605903 | codes=248/230/213/256 | c=0.401/0.408/0.401 | ips_g=83.9 ips/rk=21.0 | elapsed=95.5s | eta=1097.0s
  step   8448/100000 | loss=2.6207 | rl=1.5101 | vl=0.7626 | behavior=6.8361 | curv_reg=0.623299 | codes=250/215/219/256 | c=0.407/0.407/0.407 | ips_g=84.0 ips/rk=21.0 | elapsed=100.6s | eta=1089.9s
  step   8884/100000 | loss=2.6939 | rl=1.5330 | vl=0.8063 | behavior=6.9687 | curv_reg=0.623299 | codes=248/230/225/256 | c=0.413/0.413/0.413 | ips_g=84.1 ips/rk=21.0 | elapsed=105.6s | eta=1083.0s
  step   9312/100000 | loss=2.4865 | rl=1.5155 | vl=0.6274 | behavior=6.7470 | curv_reg=0.623299 | codes=253/229/220/256 | c=0.418/0.418/0.418 | ips_g=84.2 ips/rk=21.0 | elapsed=110.6s | eta=1077.2s
  step   9732/100000 | loss=2.7136 | rl=1.5510 | vl=0.8176 | behavior=6.7770 | curv_reg=0.623299 | codes=250/234/226/256 | c=0.424/0.424/0.424 | ips_g=84.2 ips/rk=21.0 | elapsed=115.6s | eta=1072.6s
[Step12] saved /home/wlia0047/ar57/wenyu/GeneRec/stage2_RQ-VAE/curvature_RQ-VAE_iter4/results/out/rqvae/instruments/rqvae_best.pth (step=10000)
  [SID save step=10000] wrote raw 3-token SIDs /home/wlia0047/ar57/wenyu/GeneRec/stage2_RQ-VAE/curvature_RQ-VAE_iter4/results/out/rqvae/instruments/sids_raw.npy: shape=(24587, 3)
  [SID metrics step=10000] hitrate@50=0.9945 full_gini=0.1106 per_layer=[0.2067/0.4765/0.5237] unique=21660/24587 l01_pairs=12078 H_l1_given_l0=5.1730
  step  10004/100000 | loss=2.3459 | rl=1.4874 | vl=0.5200 | behavior=6.6460 | curv_reg=0.623299 | codes=248/234/227/256 | c=0.427/0.427/0.427 | ips_g=76.6 ips/rk=19.2 | elapsed=130.6s | eta=1174.5s
  step  10436/100000 | loss=2.5358 | rl=1.5039 | vl=0.6858 | behavior=6.7990 | curv_reg=0.623299 | codes=254/229/222/256 | c=0.433/0.433/0.433 | ips_g=77.0 ips/rk=19.2 | elapsed=135.6s | eta=1163.7s
  step  10848/100000 | loss=2.4444 | rl=1.4557 | vl=0.6409 | behavior=6.8304 | curv_reg=0.623299 | codes=253/227/221/256 | c=0.438/0.438/0.438 | ips_g=77.2 ips/rk=19.3 | elapsed=140.6s | eta=1155.5s
  step  11272/100000 | loss=2.6146 | rl=1.5084 | vl=0.7592 | behavior=6.8151 | curv_reg=0.623299 | codes=247/228/220/256 | c=0.444/0.444/0.444 | ips_g=77.4 ips/rk=19.4 | elapsed=145.6s | eta=1146.3s
  step  11700/100000 | loss=2.3794 | rl=1.4759 | vl=0.5671 | behavior=6.6037 | curv_reg=0.623299 | codes=250/221/218/256 | c=0.449/0.449/0.449 | ips_g=77.7 ips/rk=19.4 | elapsed=150.7s | eta=1137.0s
  step  12124/100000 | loss=2.5745 | rl=1.5064 | vl=0.7226 | behavior=6.7847 | curv_reg=0.623299 | codes=251/231/228/256 | c=0.455/0.455/0.455 | ips_g=77.9 ips/rk=19.5 | elapsed=155.7s | eta=1128.3s
  step  12540/100000 | loss=2.4934 | rl=1.4813 | vl=0.6678 | behavior=6.7616 | curv_reg=0.623299 | codes=252/232/231/256 | c=0.460/0.460/0.460 | ips_g=78.0 ips/rk=19.5 | elapsed=160.7s | eta=1120.7s
  step  12964/100000 | loss=2.5208 | rl=1.5232 | vl=0.6539 | behavior=6.7489 | curv_reg=0.623299 | codes=246/232/225/256 | c=0.465/0.465/0.465 | ips_g=78.2 ips/rk=19.6 | elapsed=165.7s | eta=1112.6s
  step  13392/100000 | loss=2.3487 | rl=1.4341 | vl=0.5787 | behavior=6.5950 | curv_reg=0.623299 | codes=253/240/229/256 | c=0.470/0.470/0.470 | ips_g=78.4 ips/rk=19.6 | elapsed=170.8s | eta=1104.3s
  step  13820/100000 | loss=2.8776 | rl=1.5640 | vl=0.9505 | behavior=7.1387 | curv_reg=0.623299 | codes=249/230/218/256 | c=0.475/0.475/0.475 | ips_g=78.6 ips/rk=19.7 | elapsed=175.8s | eta=1096.2s
  step  14256/100000 | loss=2.9015 | rl=1.5663 | vl=0.9822 | behavior=6.9340 | curv_reg=0.623299 | codes=245/226/218/256 | c=0.480/0.480/0.480 | ips_g=78.8 ips/rk=19.7 | elapsed=180.8s | eta=1087.5s
  step  14680/100000 | loss=2.6786 | rl=1.5219 | vl=0.8032 | behavior=6.9434 | curv_reg=0.623299 | codes=248/237/226/256 | c=0.485/0.485/0.485 | ips_g=79.0 ips/rk=19.7 | elapsed=185.8s | eta=1080.1s
  step  15088/100000 | loss=2.6866 | rl=1.4982 | vl=0.8410 | behavior=6.8232 | curv_reg=0.623299 | codes=247/227/207/256 | c=0.489/0.489/0.489 | ips_g=79.1 ips/rk=19.8 | elapsed=190.9s | eta=1074.1s
  step  15516/100000 | loss=2.9234 | rl=1.5391 | vl=1.0302 | behavior=6.9564 | curv_reg=0.623299 | codes=254/235/219/256 | c=0.494/0.494/0.494 | ips_g=79.2 ips/rk=19.8 | elapsed=195.9s | eta=1066.6s
  step  15944/100000 | loss=2.7903 | rl=1.5269 | vl=0.9150 | behavior=6.8436 | curv_reg=0.623299 | codes=254/231/218/256 | c=0.498/0.498/0.498 | ips_g=79.4 ips/rk=19.8 | elapsed=200.9s | eta=1059.2s
  step  16368/100000 | loss=2.7442 | rl=1.5433 | vl=0.8571 | behavior=6.7520 | curv_reg=0.623299 | codes=250/225/224/256 | c=0.502/0.502/0.502 | ips_g=79.5 ips/rk=19.9 | elapsed=205.9s | eta=1052.1s
  step  16784/100000 | loss=2.8211 | rl=1.5290 | vl=0.9361 | behavior=6.9943 | curv_reg=0.623299 | codes=249/233/218/256 | c=0.506/0.506/0.506 | ips_g=79.6 ips/rk=19.9 | elapsed=210.9s | eta=1045.9s
  step  17212/100000 | loss=2.6318 | rl=1.5211 | vl=0.7723 | behavior=6.6429 | curv_reg=0.623299 | codes=252/239/225/256 | c=0.510/0.510/0.510 | ips_g=79.7 ips/rk=19.9 | elapsed=216.0s | eta=1039.0s
  step  17640/100000 | loss=2.8515 | rl=1.5519 | vl=0.9471 | behavior=6.9259 | curv_reg=0.623299 | codes=253/224/221/256 | c=0.514/0.514/0.514 | ips_g=79.8 ips/rk=20.0 | elapsed=221.1s | eta=1032.1s
  step  18052/100000 | loss=2.8333 | rl=1.5484 | vl=0.9262 | behavior=7.0496 | curv_reg=0.623299 | codes=252/238/234/256 | c=0.518/0.518/0.518 | ips_g=79.9 ips/rk=20.0 | elapsed=226.1s | eta=1026.3s
  step  18480/100000 | loss=2.6632 | rl=1.4934 | vl=0.8232 | behavior=6.8066 | curv_reg=0.623299 | codes=251/236/230/256 | c=0.521/0.521/0.521 | ips_g=80.0 ips/rk=20.0 | elapsed=231.1s | eta=1019.5s
  step  18888/100000 | loss=2.4848 | rl=1.4727 | vl=0.6767 | behavior=6.5844 | curv_reg=0.623299 | codes=247/236/223/256 | c=0.524/0.524/0.524 | ips_g=80.0 ips/rk=20.0 | elapsed=236.1s | eta=1014.0s
  step  19308/100000 | loss=2.5694 | rl=1.4602 | vl=0.7597 | behavior=6.8657 | curv_reg=0.623299 | codes=249/238/221/256 | c=0.527/0.527/0.527 | ips_g=80.1 ips/rk=20.0 | elapsed=241.1s | eta=1007.8s
  step  19736/100000 | loss=2.7946 | rl=1.5295 | vl=0.9082 | behavior=7.0144 | curv_reg=0.623299 | codes=250/230/220/256 | c=0.530/0.530/0.530 | ips_g=80.2 ips/rk=20.0 | elapsed=246.2s | eta=1001.2s
[Step12] saved /home/wlia0047/ar57/wenyu/GeneRec/stage2_RQ-VAE/curvature_RQ-VAE_iter4/results/out/rqvae/instruments/rqvae_best.pth (step=20000)
  [SID save step=20000] wrote raw 3-token SIDs /home/wlia0047/ar57/wenyu/GeneRec/stage2_RQ-VAE/curvature_RQ-VAE_iter4/results/out/rqvae/instruments/sids_raw.npy: shape=(24587, 3)
  [SID metrics step=20000] hitrate@50=0.9939 full_gini=0.1138 per_layer=[0.2048/0.4927/0.5630] unique=21567/24587 l01_pairs=11612 H_l1_given_l0=5.1067
  step  20004/100000 | loss=2.9118 | rl=1.5474 | vl=1.0096 | behavior=6.9701 | curv_reg=0.623299 | codes=251/229/218/256 | c=0.532/0.532/0.532 | ips_g=76.6 ips/rk=19.1 | elapsed=261.2s | eta=1044.4s
  step  20416/100000 | loss=2.8243 | rl=1.5222 | vl=0.9514 | behavior=6.8915 | curv_reg=0.623299 | codes=249/231/227/256 | c=0.534/0.534/0.534 | ips_g=76.7 ips/rk=19.2 | elapsed=266.2s | eta=1037.5s
  step  20848/100000 | loss=3.0423 | rl=1.5186 | vl=1.1612 | behavior=7.1261 | curv_reg=0.623299 | codes=252/239/210/256 | c=0.537/0.537/0.537 | ips_g=76.9 ips/rk=19.2 | elapsed=271.2s | eta=1029.7s
  step  21280/100000 | loss=2.9436 | rl=1.5464 | vl=1.0459 | behavior=6.9011 | curv_reg=0.623299 | codes=249/232/219/256 | c=0.539/0.539/0.539 | ips_g=77.0 ips/rk=19.3 | elapsed=276.3s | eta=1022.0s
  step  21712/100000 | loss=2.8138 | rl=1.5137 | vl=0.9522 | behavior=6.8340 | curv_reg=0.623299 | codes=248/234/224/256 | c=0.541/0.541/0.541 | ips_g=77.2 ips/rk=19.3 | elapsed=281.4s | eta=1014.5s
  step  22140/100000 | loss=2.8017 | rl=1.5428 | vl=0.9066 | behavior=6.9199 | curv_reg=0.623299 | codes=251/231/228/256 | c=0.542/0.542/0.542 | ips_g=77.3 ips/rk=19.3 | elapsed=286.4s | eta=1007.2s
  step  22564/100000 | loss=2.7342 | rl=1.5094 | vl=0.8744 | behavior=6.8840 | curv_reg=0.623299 | codes=252/231/224/256 | c=0.544/0.544/0.544 | ips_g=77.4 ips/rk=19.4 | elapsed=291.4s | eta=1000.1s
  step  22992/100000 | loss=3.1900 | rl=1.6228 | vl=1.1979 | behavior=7.2604 | curv_reg=0.623299 | codes=252/235/223/256 | c=0.545/0.545/0.545 | ips_g=77.6 ips/rk=19.4 | elapsed=296.4s | eta=992.9s
  step  23400/100000 | loss=2.7883 | rl=1.4987 | vl=0.9409 | behavior=6.8495 | curv_reg=0.623299 | codes=251/240/224/256 | c=0.546/0.546/0.546 | ips_g=77.6 ips/rk=19.4 | elapsed=301.5s | eta=986.9s
  step  23824/100000 | loss=2.9171 | rl=1.5482 | vl=1.0191 | behavior=6.8722 | curv_reg=0.623299 | codes=249/230/218/256 | c=0.547/0.547/0.547 | ips_g=77.7 ips/rk=19.4 | elapsed=306.5s | eta=980.1s
  step  24248/100000 | loss=2.8991 | rl=1.5079 | vl=1.0285 | behavior=7.1287 | curv_reg=0.623299 | codes=248/235/216/256 | c=0.547/0.547/0.547 | ips_g=77.8 ips/rk=19.5 | elapsed=311.5s | eta=973.2s
  step  24672/100000 | loss=2.9395 | rl=1.5738 | vl=1.0106 | behavior=6.9770 | curv_reg=0.623299 | codes=248/238/226/256 | c=0.548/0.548/0.548 | ips_g=77.9 ips/rk=19.5 | elapsed=316.5s | eta=966.5s
  step  25100/100000 | loss=2.7298 | rl=1.4896 | vl=0.8919 | behavior=6.8409 | curv_reg=0.623299 | codes=250/230/227/256 | c=0.548/0.548/0.548 | ips_g=78.1 ips/rk=19.5 | elapsed=321.6s | eta=959.6s
  step  25528/100000 | loss=2.8598 | rl=1.5178 | vl=0.9836 | behavior=7.0448 | curv_reg=0.623299 | codes=250/233/221/256 | c=0.548/0.548/0.548 | ips_g=78.2 ips/rk=19.5 | elapsed=326.6s | eta=952.8s
  step  25948/100000 | loss=2.6985 | rl=1.4870 | vl=0.8562 | behavior=6.9811 | curv_reg=0.623299 | codes=254/240/232/256 | c=0.547/0.547/0.547 | ips_g=78.2 ips/rk=19.6 | elapsed=331.6s | eta=946.4s
  step  26380/100000 | loss=2.8701 | rl=1.5541 | vl=0.9670 | behavior=6.8560 | curv_reg=0.623299 | codes=254/230/227/256 | c=0.547/0.547/0.547 | ips_g=78.4 ips/rk=19.6 | elapsed=336.7s | eta=939.5s
  step  26808/100000 | loss=2.6459 | rl=1.4822 | vl=0.8168 | behavior=6.8131 | curv_reg=0.623299 | codes=250/235/220/256 | c=0.546/0.546/0.546 | ips_g=78.5 ips/rk=19.6 | elapsed=341.7s | eta=932.9s
  step  27224/100000 | loss=2.8481 | rl=1.5095 | vl=0.9861 | behavior=6.9273 | curv_reg=0.623299 | codes=252/233/216/256 | c=0.545/0.545/0.545 | ips_g=78.5 ips/rk=19.6 | elapsed=346.7s | eta=926.8s
  step  27648/100000 | loss=2.6715 | rl=1.4850 | vl=0.8378 | behavior=6.8495 | curv_reg=0.623299 | codes=249/240/222/256 | c=0.543/0.543/0.543 | ips_g=78.6 ips/rk=19.7 | elapsed=351.7s | eta=920.4s
  step  28076/100000 | loss=2.9660 | rl=1.5448 | vl=1.0678 | behavior=6.9429 | curv_reg=0.623299 | codes=249/235/220/256 | c=0.542/0.542/0.542 | ips_g=78.7 ips/rk=19.7 | elapsed=356.7s | eta=913.8s
  step  28496/100000 | loss=3.1247 | rl=1.5345 | vl=1.2227 | behavior=7.2249 | curv_reg=0.623299 | codes=247/237/211/256 | c=0.540/0.540/0.540 | ips_g=78.8 ips/rk=19.7 | elapsed=361.7s | eta=907.7s
  step  28920/100000 | loss=2.8525 | rl=1.5156 | vl=0.9818 | behavior=6.9781 | curv_reg=0.623299 | codes=249/234/233/256 | c=0.538/0.538/0.538 | ips_g=78.9 ips/rk=19.7 | elapsed=366.7s | eta=901.4s
  step  29348/100000 | loss=2.7086 | rl=1.4723 | vl=0.8818 | behavior=6.9662 | curv_reg=0.623299 | codes=250/238/222/256 | c=0.536/0.536/0.536 | ips_g=78.9 ips/rk=19.7 | elapsed=371.8s | eta=895.0s
  step  29776/100000 | loss=2.9306 | rl=1.5070 | vl=1.0686 | behavior=6.9748 | curv_reg=0.623299 | codes=251/237/219/256 | c=0.533/0.533/0.533 | ips_g=79.0 ips/rk=19.8 | elapsed=376.8s | eta=888.7s
[Step12] saved /home/wlia0047/ar57/wenyu/GeneRec/stage2_RQ-VAE/curvature_RQ-VAE_iter4/results/out/rqvae/instruments/rqvae_best.pth (step=30000)
  [SID save step=30000] wrote raw 3-token SIDs /home/wlia0047/ar57/wenyu/GeneRec/stage2_RQ-VAE/curvature_RQ-VAE_iter4/results/out/rqvae/instruments/sids_raw.npy: shape=(24587, 3)
  [SID metrics step=30000] hitrate@50=0.9933 full_gini=0.1237 per_layer=[0.1991/0.4751/0.5284] unique=21297/24587 l01_pairs=11556 H_l1_given_l0=5.1053
  step  30004/100000 | loss=2.7635 | rl=1.4957 | vl=0.9152 | behavior=6.9279 | curv_reg=0.623299 | codes=251/239/224/256 | c=0.532/0.532/0.532 | ips_g=76.7 ips/rk=19.2 | elapsed=391.3s | eta=912.8s
  step  30428/100000 | loss=2.8715 | rl=1.5189 | vl=1.0024 | behavior=6.8794 | curv_reg=0.623299 | codes=254/234/233/256 | c=0.529/0.529/0.529 | ips_g=76.8 ips/rk=19.2 | elapsed=396.3s | eta=906.1s
  step  30856/100000 | loss=2.6982 | rl=1.4687 | vl=0.8817 | behavior=6.8323 | curv_reg=0.623299 | codes=248/242/235/256 | c=0.526/0.526/0.526 | ips_g=76.9 ips/rk=19.2 | elapsed=401.3s | eta=899.3s
  step  31260/100000 | loss=2.9730 | rl=1.5205 | vl=1.0969 | behavior=6.9879 | curv_reg=0.623299 | codes=251/232/220/256 | c=0.523/0.523/0.523 | ips_g=76.9 ips/rk=19.2 | elapsed=406.3s | eta=893.5s
  step  31676/100000 | loss=2.7168 | rl=1.5176 | vl=0.8461 | behavior=6.9364 | curv_reg=0.623299 | codes=252/234/222/256 | c=0.520/0.520/0.520 | ips_g=77.0 ips/rk=19.3 | elapsed=411.4s | eta=887.3s
  step  32104/100000 | loss=2.7497 | rl=1.5079 | vl=0.8961 | behavior=6.7888 | curv_reg=0.623299 | codes=248/230/218/256 | c=0.516/0.516/0.516 | ips_g=77.1 ips/rk=19.3 | elapsed=416.4s | eta=880.5s
  step  32536/100000 | loss=2.7547 | rl=1.4799 | vl=0.9216 | behavior=6.9388 | curv_reg=0.623299 | codes=251/231/219/256 | c=0.513/0.513/0.513 | ips_g=77.2 ips/rk=19.3 | elapsed=421.4s | eta=873.7s
  step  32960/100000 | loss=2.7446 | rl=1.4820 | vl=0.9174 | behavior=6.7790 | curv_reg=0.623299 | codes=255/229/209/256 | c=0.509/0.509/0.509 | ips_g=77.3 ips/rk=19.3 | elapsed=426.4s | eta=867.3s
  step  33384/100000 | loss=2.7987 | rl=1.4831 | vl=0.9586 | behavior=7.0164 | curv_reg=0.623299 | codes=250/230/219/256 | c=0.505/0.505/0.505 | ips_g=77.4 ips/rk=19.3 | elapsed=431.4s | eta=860.9s
  step  33800/100000 | loss=3.1162 | rl=1.5228 | vl=1.2364 | behavior=7.0148 | curv_reg=0.623299 | codes=250/223/216/256 | c=0.501/0.501/0.501 | ips_g=77.4 ips/rk=19.4 | elapsed=436.5s | eta=854.8s
  step  34224/100000 | loss=3.0235 | rl=1.4971 | vl=1.1685 | behavior=7.0327 | curv_reg=0.623299 | codes=251/232/219/256 | c=0.496/0.496/0.496 | ips_g=77.5 ips/rk=19.4 | elapsed=441.5s | eta=848.5s
  step  34648/100000 | loss=2.8657 | rl=1.5280 | vl=0.9939 | behavior=6.7499 | curv_reg=0.623299 | codes=249/236/223/256 | c=0.492/0.492/0.492 | ips_g=77.6 ips/rk=19.4 | elapsed=446.5s | eta=842.2s
  step  35076/100000 | loss=2.6798 | rl=1.4635 | vl=0.8687 | behavior=6.8269 | curv_reg=0.623299 | codes=251/235/218/256 | c=0.487/0.487/0.487 | ips_g=77.7 ips/rk=19.4 | elapsed=451.5s | eta=835.7s
  step  35488/100000 | loss=2.5372 | rl=1.4358 | vl=0.7595 | behavior=6.7130 | curv_reg=0.623299 | codes=251/241/228/256 | c=0.483/0.483/0.483 | ips_g=77.7 ips/rk=19.4 | elapsed=456.5s | eta=829.9s
  step  35912/100000 | loss=2.7596 | rl=1.4746 | vl=0.9341 | behavior=6.8916 | curv_reg=0.623299 | codes=253/241/225/256 | c=0.478/0.478/0.478 | ips_g=77.8 ips/rk=19.5 | elapsed=461.6s | eta=823.7s
  step  36332/100000 | loss=2.8091 | rl=1.4766 | vl=0.9795 | behavior=6.9348 | curv_reg=0.623299 | codes=247/230/217/256 | c=0.473/0.473/0.473 | ips_g=77.9 ips/rk=19.5 | elapsed=466.6s | eta=817.6s
  step  36760/100000 | loss=2.9848 | rl=1.5154 | vl=1.1141 | behavior=6.9828 | curv_reg=0.623299 | codes=249/232/215/256 | c=0.468/0.468/0.468 | ips_g=77.9 ips/rk=19.5 | elapsed=471.6s | eta=811.3s
  step  37188/100000 | loss=2.6722 | rl=1.4921 | vl=0.8408 | behavior=6.6635 | curv_reg=0.623299 | codes=252/244/224/256 | c=0.463/0.463/0.463 | ips_g=78.0 ips/rk=19.5 | elapsed=476.6s | eta=805.0s
  step  37616/100000 | loss=2.7783 | rl=1.4320 | vl=0.9919 | behavior=6.9622 | curv_reg=0.623299 | codes=249/227/205/256 | c=0.458/0.458/0.458 | ips_g=78.1 ips/rk=19.5 | elapsed=481.7s | eta=798.8s
  step  38040/100000 | loss=2.5983 | rl=1.4753 | vl=0.7854 | behavior=6.6268 | curv_reg=0.623299 | codes=252/227/219/256 | c=0.453/0.453/0.453 | ips_g=78.2 ips/rk=19.5 | elapsed=486.7s | eta=792.7s
  step  38468/100000 | loss=2.7580 | rl=1.4781 | vl=0.9307 | behavior=6.8584 | curv_reg=0.623299 | codes=248/226/225/256 | c=0.447/0.447/0.447 | ips_g=78.2 ips/rk=19.6 | elapsed=491.7s | eta=786.5s
  step  38896/100000 | loss=2.8789 | rl=1.4745 | vl=1.0473 | behavior=7.0194 | curv_reg=0.623299 | codes=251/223/219/256 | c=0.442/0.442/0.442 | ips_g=78.3 ips/rk=19.6 | elapsed=496.7s | eta=780.3s
  step  39324/100000 | loss=2.8975 | rl=1.4556 | vl=1.0848 | behavior=7.0177 | curv_reg=0.623299 | codes=252/239/233/256 | c=0.436/0.436/0.436 | ips_g=78.4 ips/rk=19.6 | elapsed=501.8s | eta=774.2s
  step  39744/100000 | loss=2.6040 | rl=1.4498 | vl=0.8119 | behavior=6.7219 | curv_reg=0.623299 | codes=248/238/226/256 | c=0.431/0.431/0.431 | ips_g=78.4 ips/rk=19.6 | elapsed=506.8s | eta=768.3s
[Step12] saved /home/wlia0047/ar57/wenyu/GeneRec/stage2_RQ-VAE/curvature_RQ-VAE_iter4/results/out/rqvae/instruments/rqvae_best.pth (step=40000)
  [SID save step=40000] wrote raw 3-token SIDs /home/wlia0047/ar57/wenyu/GeneRec/stage2_RQ-VAE/curvature_RQ-VAE_iter4/results/out/rqvae/instruments/sids_raw.npy: shape=(24587, 3)
  [SID metrics step=40000] hitrate@50=0.9925 full_gini=0.1318 per_layer=[0.2032/0.5174/0.5858] unique=21055/24587 l01_pairs=11227 H_l1_given_l0=5.0485
  step  40004/100000 | loss=2.6020 | rl=1.4406 | vl=0.8141 | behavior=6.8220 | curv_reg=0.623299 | codes=253/225/208/256 | c=0.427/0.427/0.427 | ips_g=76.7 ips/rk=19.2 | elapsed=521.4s | eta=782.0s
  step  40432/100000 | loss=2.8944 | rl=1.5071 | vl=1.0330 | behavior=6.9600 | curv_reg=0.623299 | codes=252/234/228/256 | c=0.422/0.422/0.422 | ips_g=76.8 ips/rk=19.2 | elapsed=526.4s | eta=775.6s
  step  40860/100000 | loss=2.7052 | rl=1.4287 | vl=0.9257 | behavior=6.8906 | curv_reg=0.623299 | codes=250/237/222/256 | c=0.416/0.416/0.416 | ips_g=76.9 ips/rk=19.2 | elapsed=531.5s | eta=769.2s
  step  41280/100000 | loss=2.9225 | rl=1.4931 | vl=1.0765 | behavior=6.9337 | curv_reg=0.623299 | codes=250/229/210/256 | c=0.411/0.411/0.411 | ips_g=76.9 ips/rk=19.2 | elapsed=536.5s | eta=763.1s
  step  41676/100000 | loss=2.7693 | rl=1.4926 | vl=0.9238 | behavior=6.9333 | curv_reg=0.623299 | codes=248/224/234/256 | c=0.405/0.405/0.405 | ips_g=77.0 ips/rk=19.2 | elapsed=541.5s | eta=757.8s
  step  42080/100000 | loss=2.7614 | rl=1.4522 | vl=0.9572 | behavior=6.9145 | curv_reg=0.623299 | codes=249/233/233/256 | c=0.400/0.400/0.400 | ips_g=77.0 ips/rk=19.2 | elapsed=546.5s | eta=752.2s
  step  42484/100000 | loss=2.9480 | rl=1.4594 | vl=1.1393 | behavior=6.8593 | curv_reg=0.623299 | codes=248/228/219/256 | c=0.395/0.395/0.395 | ips_g=77.0 ips/rk=19.3 | elapsed=551.5s | eta=746.7s
  step  42888/100000 | loss=2.8846 | rl=1.4399 | vl=1.0838 | behavior=7.0927 | curv_reg=0.623299 | codes=248/215/214/256 | c=0.389/0.389/0.389 | ips_g=77.1 ips/rk=19.3 | elapsed=556.6s | eta=741.1s
  step  43296/100000 | loss=2.6384 | rl=1.4121 | vl=0.8680 | behavior=7.0403 | curv_reg=0.623299 | codes=251/236/227/256 | c=0.384/0.384/0.384 | ips_g=77.1 ips/rk=19.3 | elapsed=561.6s | eta=735.5s
  step  43708/100000 | loss=2.6901 | rl=1.4303 | vl=0.9099 | behavior=6.8741 | curv_reg=0.623299 | codes=249/237/225/256 | c=0.378/0.378/0.378 | ips_g=77.1 ips/rk=19.3 | elapsed=566.7s | eta=729.8s
  step  44128/100000 | loss=2.6443 | rl=1.4335 | vl=0.8648 | behavior=6.7952 | curv_reg=0.623299 | codes=248/230/226/256 | c=0.373/0.373/0.373 | ips_g=77.2 ips/rk=19.3 | elapsed=571.7s | eta=723.8s
  step  44520/100000 | loss=2.7610 | rl=1.4575 | vl=0.9498 | behavior=6.9514 | curv_reg=0.623299 | codes=252/235/224/256 | c=0.368/0.368/0.368 | ips_g=77.2 ips/rk=19.3 | elapsed=576.7s | eta=718.7s
  step  44928/100000 | loss=2.8145 | rl=1.4773 | vl=0.9803 | behavior=7.0132 | curv_reg=0.623299 | codes=247/236/225/256 | c=0.362/0.362/0.362 | ips_g=77.2 ips/rk=19.3 | elapsed=581.7s | eta=713.1s
  step  45332/100000 | loss=2.7661 | rl=1.4509 | vl=0.9588 | behavior=7.0040 | curv_reg=0.623299 | codes=249/231/234/256 | c=0.357/0.357/0.357 | ips_g=77.3 ips/rk=19.3 | elapsed=586.8s | eta=707.6s
  step  45740/100000 | loss=2.5817 | rl=1.4061 | vl=0.8292 | behavior=6.8028 | curv_reg=0.623299 | codes=252/237/228/256 | c=0.352/0.352/0.352 | ips_g=77.3 ips/rk=19.3 | elapsed=591.8s | eta=702.0s
  step  46144/100000 | loss=2.7168 | rl=1.4389 | vl=0.9259 | behavior=6.9159 | curv_reg=0.623299 | codes=250/234/222/256 | c=0.347/0.347/0.347 | ips_g=77.3 ips/rk=19.3 | elapsed=596.8s | eta=696.6s
  step  46544/100000 | loss=2.6685 | rl=1.4254 | vl=0.8969 | behavior=6.7989 | curv_reg=0.623299 | codes=253/234/216/256 | c=0.342/0.342/0.342 | ips_g=77.3 ips/rk=19.3 | elapsed=601.8s | eta=691.2s
  step  46948/100000 | loss=2.6431 | rl=1.4107 | vl=0.8784 | behavior=6.9556 | curv_reg=0.623299 | codes=250/235/225/256 | c=0.336/0.336/0.336 | ips_g=77.4 ips/rk=19.3 | elapsed=606.9s | eta=685.8s
  step  47344/100000 | loss=2.8323 | rl=1.4626 | vl=1.0173 | behavior=6.9227 | curv_reg=0.623299 | codes=251/244/222/256 | c=0.332/0.332/0.332 | ips_g=77.4 ips/rk=19.3 | elapsed=611.9s | eta=680.6s
  step  47744/100000 | loss=2.6900 | rl=1.3989 | vl=0.9377 | behavior=6.9433 | curv_reg=0.623299 | codes=250/220/216/256 | c=0.327/0.327/0.327 | ips_g=77.4 ips/rk=19.3 | elapsed=616.9s | eta=675.3s
  step  48148/100000 | loss=2.7616 | rl=1.4523 | vl=0.9575 | behavior=6.9098 | curv_reg=0.623299 | codes=249/230/219/256 | c=0.322/0.322/0.322 | ips_g=77.4 ips/rk=19.4 | elapsed=622.0s | eta=669.8s
  step  48552/100000 | loss=2.7584 | rl=1.4314 | vl=0.9811 | behavior=6.7943 | curv_reg=0.623299 | codes=252/234/226/256 | c=0.317/0.317/0.317 | ips_g=77.4 ips/rk=19.4 | elapsed=627.0s | eta=664.4s
  step  48960/100000 | loss=2.9483 | rl=1.4547 | vl=1.1413 | behavior=6.9228 | curv_reg=0.623299 | codes=254/237/223/256 | c=0.312/0.312/0.312 | ips_g=77.5 ips/rk=19.4 | elapsed=632.0s | eta=658.8s
  step  49360/100000 | loss=2.7394 | rl=1.4438 | vl=0.9469 | behavior=6.8476 | curv_reg=0.623299 | codes=251/235/218/256 | c=0.307/0.307/0.307 | ips_g=77.5 ips/rk=19.4 | elapsed=637.0s | eta=653.5s
  step  49748/100000 | loss=2.7420 | rl=1.3819 | vl=1.0068 | behavior=6.9410 | curv_reg=0.623299 | codes=251/238/212/256 | c=0.303/0.303/0.303 | ips_g=77.5 ips/rk=19.4 | elapsed=642.0s | eta=648.5s
[Step12] saved /home/wlia0047/ar57/wenyu/GeneRec/stage2_RQ-VAE/curvature_RQ-VAE_iter4/results/out/rqvae/instruments/rqvae_best.pth (step=50000)
  [SID save step=50000] wrote raw 3-token SIDs /home/wlia0047/ar57/wenyu/GeneRec/stage2_RQ-VAE/curvature_RQ-VAE_iter4/results/out/rqvae/instruments/sids_raw.npy: shape=(24587, 3)
  [SID metrics step=50000] hitrate@50=0.9929 full_gini=0.1298 per_layer=[0.2058/0.5103/0.5458] unique=21112/24587 l01_pairs=11286 H_l1_given_l0=5.0540
  step  50004/100000 | loss=2.5937 | rl=1.4090 | vl=0.8403 | behavior=6.7639 | curv_reg=0.623299 | codes=255/225/219/256 | c=0.300/0.300/0.300 | ips_g=76.1 ips/rk=19.0 | elapsed=657.2s | eta=657.1s
  step  50404/100000 | loss=2.4915 | rl=1.3879 | vl=0.7579 | behavior=6.7889 | curv_reg=0.623299 | codes=250/242/216/256 | c=0.305/0.305/0.305 | ips_g=76.1 ips/rk=19.0 | elapsed=662.2s | eta=651.6s
  step  50812/100000 | loss=2.8224 | rl=1.4334 | vl=1.0320 | behavior=7.0157 | curv_reg=0.623299 | codes=252/236/221/256 | c=0.309/0.309/0.309 | ips_g=76.1 ips/rk=19.0 | elapsed=667.3s | eta=645.9s
  step  51220/100000 | loss=2.6325 | rl=1.3965 | vl=0.8884 | behavior=6.8282 | curv_reg=0.623299 | codes=255/233/228/256 | c=0.314/0.314/0.314 | ips_g=76.2 ips/rk=19.0 | elapsed=672.3s | eta=640.3s
  step  51628/100000 | loss=2.7089 | rl=1.4069 | vl=0.9496 | behavior=6.9248 | curv_reg=0.623299 | codes=251/233/218/256 | c=0.319/0.319/0.319 | ips_g=76.2 ips/rk=19.1 | elapsed=677.4s | eta=634.7s
  step  52008/100000 | loss=2.5282 | rl=1.4281 | vl=0.7623 | behavior=6.6321 | curv_reg=0.623299 | codes=251/234/227/256 | c=0.324/0.324/0.324 | ips_g=76.2 ips/rk=19.1 | elapsed=682.4s | eta=629.7s
  step  52404/100000 | loss=2.7685 | rl=1.4178 | vl=0.9978 | behavior=6.9326 | curv_reg=0.623299 | codes=250/227/226/256 | c=0.328/0.328/0.328 | ips_g=76.2 ips/rk=19.1 | elapsed=687.4s | eta=624.4s
  step  52812/100000 | loss=2.7129 | rl=1.4290 | vl=0.9360 | behavior=6.8341 | curv_reg=0.623299 | codes=254/227/221/256 | c=0.334/0.334/0.334 | ips_g=76.3 ips/rk=19.1 | elapsed=692.5s | eta=618.7s
  step  53212/100000 | loss=3.0472 | rl=1.4418 | vl=1.2480 | behavior=7.0223 | curv_reg=0.623299 | codes=250/238/227/256 | c=0.338/0.338/0.338 | ips_g=76.3 ips/rk=19.1 | elapsed=697.5s | eta=613.3s
  step  53620/100000 | loss=2.6273 | rl=1.4424 | vl=0.8349 | behavior=6.8753 | curv_reg=0.623299 | codes=253/229/224/256 | c=0.344/0.344/0.344 | ips_g=76.3 ips/rk=19.1 | elapsed=702.5s | eta=607.7s
  step  54024/100000 | loss=2.7079 | rl=1.4487 | vl=0.9097 | behavior=6.8643 | curv_reg=0.623299 | codes=253/236/227/256 | c=0.349/0.349/0.349 | ips_g=76.4 ips/rk=19.1 | elapsed=707.5s | eta=602.1s
  step  54428/100000 | loss=2.8263 | rl=1.4354 | vl=1.0360 | behavior=6.9744 | curv_reg=0.623299 | codes=252/237/233/256 | c=0.354/0.354/0.354 | ips_g=76.4 ips/rk=19.1 | elapsed=712.5s | eta=596.6s
  step  54832/100000 | loss=2.6667 | rl=1.4080 | vl=0.9036 | behavior=6.9771 | curv_reg=0.623299 | codes=249/238/227/256 | c=0.359/0.359/0.359 | ips_g=76.4 ips/rk=19.1 | elapsed=717.5s | eta=591.1s
  step  55228/100000 | loss=2.6666 | rl=1.4489 | vl=0.8698 | behavior=6.8328 | curv_reg=0.623299 | codes=252/230/218/256 | c=0.364/0.364/0.364 | ips_g=76.4 ips/rk=19.1 | elapsed=722.6s | eta=585.8s
  step  55636/100000 | loss=2.8423 | rl=1.4382 | vl=1.0514 | behavior=6.9291 | curv_reg=0.623299 | codes=251/234/225/256 | c=0.370/0.370/0.370 | ips_g=76.5 ips/rk=19.1 | elapsed=727.6s | eta=580.2s
  step  56028/100000 | loss=2.6751 | rl=1.4086 | vl=0.9176 | behavior=6.8536 | curv_reg=0.623299 | codes=249/232/223/256 | c=0.375/0.375/0.375 | ips_g=76.5 ips/rk=19.1 | elapsed=732.6s | eta=575.0s
  step  56432/100000 | loss=2.8013 | rl=1.4725 | vl=0.9737 | behavior=6.9778 | curv_reg=0.623299 | codes=251/229/219/256 | c=0.380/0.380/0.380 | ips_g=76.5 ips/rk=19.1 | elapsed=737.6s | eta=569.5s
  step  56840/100000 | loss=2.8496 | rl=1.4450 | vl=1.0513 | behavior=6.9414 | curv_reg=0.623299 | codes=247/230/216/256 | c=0.386/0.386/0.386 | ips_g=76.5 ips/rk=19.1 | elapsed=742.7s | eta=563.9s
  step  57244/100000 | loss=2.7178 | rl=1.4465 | vl=0.9176 | behavior=6.9503 | curv_reg=0.623299 | codes=252/226/225/256 | c=0.391/0.391/0.391 | ips_g=76.6 ips/rk=19.1 | elapsed=747.7s | eta=558.4s
  step  57648/100000 | loss=2.8397 | rl=1.4638 | vl=1.0148 | behavior=7.0983 | curv_reg=0.623299 | codes=249/236/226/256 | c=0.396/0.396/0.396 | ips_g=76.6 ips/rk=19.1 | elapsed=752.7s | eta=553.0s
  step  58072/100000 | loss=2.9717 | rl=1.4714 | vl=1.1417 | behavior=7.0458 | curv_reg=0.623299 | codes=248/235/229/256 | c=0.402/0.402/0.402 | ips_g=76.6 ips/rk=19.2 | elapsed=757.7s | eta=547.1s
  step  58496/100000 | loss=2.9432 | rl=1.4731 | vl=1.1121 | behavior=7.0347 | curv_reg=0.623299 | codes=255/241/225/256 | c=0.408/0.408/0.408 | ips_g=76.7 ips/rk=19.2 | elapsed=762.8s | eta=541.2s
  step  58920/100000 | loss=2.8894 | rl=1.4654 | vl=1.0714 | behavior=6.9278 | curv_reg=0.623299 | codes=249/235/229/256 | c=0.413/0.413/0.413 | ips_g=76.7 ips/rk=19.2 | elapsed=767.8s | eta=535.3s
  step  59340/100000 | loss=3.0158 | rl=1.5126 | vl=1.1462 | behavior=7.0139 | curv_reg=0.623299 | codes=250/236/214/256 | c=0.419/0.419/0.419 | ips_g=76.8 ips/rk=19.2 | elapsed=772.8s | eta=529.5s
  step  59764/100000 | loss=2.9208 | rl=1.4597 | vl=1.1065 | behavior=6.9679 | curv_reg=0.623299 | codes=250/224/228/256 | c=0.424/0.424/0.424 | ips_g=76.8 ips/rk=19.2 | elapsed=777.9s | eta=523.7s
[Step12] saved /home/wlia0047/ar57/wenyu/GeneRec/stage2_RQ-VAE/curvature_RQ-VAE_iter4/results/out/rqvae/instruments/rqvae_best.pth (step=60000)
  [SID save step=60000] wrote raw 3-token SIDs /home/wlia0047/ar57/wenyu/GeneRec/stage2_RQ-VAE/curvature_RQ-VAE_iter4/results/out/rqvae/instruments/sids_raw.npy: shape=(24587, 3)
  [SID metrics step=60000] hitrate@50=0.9929 full_gini=0.1267 per_layer=[0.1979/0.4615/0.5142] unique=21204/24587 l01_pairs=11438 H_l1_given_l0=5.0715
  step  60004/100000 | loss=2.6869 | rl=1.4627 | vl=0.8700 | behavior=6.9588 | curv_reg=0.623299 | codes=249/235/229/256 | c=0.427/0.427/0.427 | ips_g=75.7 ips/rk=18.9 | elapsed=792.6s | eta=528.3s
  step  60400/100000 | loss=2.7160 | rl=1.4474 | vl=0.9167 | behavior=6.9139 | curv_reg=0.623299 | codes=253/233/238/256 | c=0.433/0.433/0.433 | ips_g=75.7 ips/rk=18.9 | elapsed=797.6s | eta=523.0s
  step  60808/100000 | loss=2.7235 | rl=1.4750 | vl=0.9038 | behavior=6.7695 | curv_reg=0.623299 | codes=254/236/227/256 | c=0.438/0.438/0.438 | ips_g=75.8 ips/rk=18.9 | elapsed=802.7s | eta=517.4s
  step  61216/100000 | loss=2.6181 | rl=1.4246 | vl=0.8427 | behavior=6.8923 | curv_reg=0.623299 | codes=253/232/222/256 | c=0.443/0.443/0.443 | ips_g=75.8 ips/rk=18.9 | elapsed=807.7s | eta=511.8s
  step  61624/100000 | loss=2.8344 | rl=1.4288 | vl=1.0540 | behavior=6.9084 | curv_reg=0.623299 | codes=251/232/221/256 | c=0.448/0.448/0.448 | ips_g=75.8 ips/rk=19.0 | elapsed=812.8s | eta=506.1s
  step  62032/100000 | loss=2.7867 | rl=1.4915 | vl=0.9445 | behavior=6.8901 | curv_reg=0.623299 | codes=253/212/201/256 | c=0.453/0.453/0.453 | ips_g=75.9 ips/rk=19.0 | elapsed=817.8s | eta=500.5s
  step  62440/100000 | loss=3.0521 | rl=1.5243 | vl=1.1646 | behavior=7.1390 | curv_reg=0.623299 | codes=248/232/221/256 | c=0.458/0.458/0.458 | ips_g=75.9 ips/rk=19.0 | elapsed=822.8s | eta=495.0s
  step  62848/100000 | loss=3.1089 | rl=1.5001 | vl=1.2510 | behavior=7.0317 | curv_reg=0.623299 | codes=253/239/223/256 | c=0.463/0.463/0.463 | ips_g=75.9 ips/rk=19.0 | elapsed=827.8s | eta=489.4s
  step  63244/100000 | loss=2.7880 | rl=1.4418 | vl=0.9961 | behavior=6.8763 | curv_reg=0.623299 | codes=251/244/232/256 | c=0.468/0.468/0.468 | ips_g=75.9 ips/rk=19.0 | elapsed=832.8s | eta=484.0s
  step  63648/100000 | loss=2.8911 | rl=1.5023 | vl=1.0265 | behavior=7.1227 | curv_reg=0.623299 | codes=252/230/226/256 | c=0.473/0.473/0.473 | ips_g=76.0 ips/rk=19.0 | elapsed=837.9s | eta=478.5s
  step  64040/100000 | loss=2.8053 | rl=1.4731 | vl=0.9818 | behavior=6.8836 | curv_reg=0.623299 | codes=250/231/228/256 | c=0.478/0.478/0.478 | ips_g=76.0 ips/rk=19.0 | elapsed=842.9s | eta=473.3s
  step  64444/100000 | loss=2.9264 | rl=1.4777 | vl=1.0972 | behavior=6.9068 | curv_reg=0.623299 | codes=249/239/222/256 | c=0.482/0.482/0.482 | ips_g=76.0 ips/rk=19.0 | elapsed=848.0s | eta=467.9s
  step  64832/100000 | loss=2.9822 | rl=1.4833 | vl=1.1436 | behavior=6.9817 | curv_reg=0.623299 | codes=253/225/219/256 | c=0.486/0.486/0.486 | ips_g=76.0 ips/rk=19.0 | elapsed=853.0s | eta=462.7s
  step  65236/100000 | loss=3.0515 | rl=1.4761 | vl=1.2124 | behavior=7.1351 | curv_reg=0.623299 | codes=253/228/220/256 | c=0.491/0.491/0.491 | ips_g=76.0 ips/rk=19.0 | elapsed=858.1s | eta=457.3s
  step  65632/100000 | loss=2.8815 | rl=1.4640 | vl=1.0593 | behavior=7.0383 | curv_reg=0.623299 | codes=251/233/233/256 | c=0.495/0.495/0.495 | ips_g=76.0 ips/rk=19.0 | elapsed=863.1s | eta=451.9s
  step  66040/100000 | loss=2.9736 | rl=1.4990 | vl=1.1155 | behavior=7.0577 | curv_reg=0.623299 | codes=251/232/222/256 | c=0.499/0.499/0.499 | ips_g=76.1 ips/rk=19.0 | elapsed=868.1s | eta=446.4s
  step  66444/100000 | loss=3.0201 | rl=1.5058 | vl=1.1600 | behavior=6.9629 | curv_reg=0.623299 | codes=251/229/222/256 | c=0.503/0.503/0.503 | ips_g=76.1 ips/rk=19.0 | elapsed=873.1s | eta=440.9s
  step  66852/100000 | loss=2.7482 | rl=1.4713 | vl=0.9309 | behavior=6.7970 | curv_reg=0.623299 | codes=250/231/227/256 | c=0.507/0.507/0.507 | ips_g=76.1 ips/rk=19.0 | elapsed=878.1s | eta=435.4s
  step  67256/100000 | loss=2.8828 | rl=1.4846 | vl=1.0465 | behavior=6.9098 | curv_reg=0.623299 | codes=255/239/229/256 | c=0.511/0.511/0.511 | ips_g=76.2 ips/rk=19.0 | elapsed=883.1s | eta=430.0s
  step  67660/100000 | loss=3.1588 | rl=1.5479 | vl=1.2509 | behavior=7.0743 | curv_reg=0.623299 | codes=252/234/227/256 | c=0.514/0.514/0.514 | ips_g=76.2 ips/rk=19.0 | elapsed=888.2s | eta=424.5s
  step  68064/100000 | loss=2.9810 | rl=1.4982 | vl=1.1294 | behavior=6.9437 | curv_reg=0.623299 | codes=250/232/216/256 | c=0.518/0.518/0.518 | ips_g=76.2 ips/rk=19.1 | elapsed=893.2s | eta=419.1s
  step  68460/100000 | loss=2.9716 | rl=1.5059 | vl=1.1145 | behavior=6.8998 | curv_reg=0.623299 | codes=254/217/215/256 | c=0.521/0.521/0.521 | ips_g=76.2 ips/rk=19.1 | elapsed=898.2s | eta=413.8s
  step  68868/100000 | loss=3.0613 | rl=1.4865 | vl=1.2085 | behavior=7.2017 | curv_reg=0.623299 | codes=251/233/221/256 | c=0.524/0.524/0.524 | ips_g=76.2 ips/rk=19.1 | elapsed=903.2s | eta=408.3s
  step  69272/100000 | loss=2.7307 | rl=1.4680 | vl=0.9113 | behavior=6.9026 | curv_reg=0.623299 | codes=253/234/211/256 | c=0.527/0.527/0.527 | ips_g=76.3 ips/rk=19.1 | elapsed=908.2s | eta=402.9s
  step  69680/100000 | loss=2.6916 | rl=1.4502 | vl=0.8924 | behavior=6.8548 | curv_reg=0.623299 | codes=253/229/220/256 | c=0.530/0.530/0.530 | ips_g=76.3 ips/rk=19.1 | elapsed=913.3s | eta=397.4s
[Step12] saved /home/wlia0047/ar57/wenyu/GeneRec/stage2_RQ-VAE/curvature_RQ-VAE_iter4/results/out/rqvae/instruments/rqvae_best.pth (step=70000)
  [SID save step=70000] wrote raw 3-token SIDs /home/wlia0047/ar57/wenyu/GeneRec/stage2_RQ-VAE/curvature_RQ-VAE_iter4/results/out/rqvae/instruments/sids_raw.npy: shape=(24587, 3)
  [SID metrics step=70000] hitrate@50=0.9922 full_gini=0.1364 per_layer=[0.2053/0.4912/0.5583] unique=20943/24587 l01_pairs=11293 H_l1_given_l0=5.0557
  step  70004/100000 | loss=2.9721 | rl=1.4782 | vl=1.1408 | behavior=6.9375 | curv_reg=0.623299 | codes=251/232/216/256 | c=0.532/0.532/0.532 | ips_g=75.4 ips/rk=18.8 | elapsed=928.9s | eta=398.0s
  step  70408/100000 | loss=2.8199 | rl=1.4645 | vl=0.9980 | behavior=7.0232 | curv_reg=0.623299 | codes=254/231/219/256 | c=0.534/0.534/0.534 | ips_g=75.4 ips/rk=18.8 | elapsed=933.9s | eta=392.5s
  step  70816/100000 | loss=3.0417 | rl=1.4843 | vl=1.1897 | behavior=7.2301 | curv_reg=0.623299 | codes=253/236/224/256 | c=0.537/0.537/0.537 | ips_g=75.4 ips/rk=18.9 | elapsed=939.0s | eta=387.0s
  step  71208/100000 | loss=3.0643 | rl=1.5417 | vl=1.1651 | behavior=7.0252 | curv_reg=0.623299 | codes=250/228/229/256 | c=0.539/0.539/0.539 | ips_g=75.4 ips/rk=18.9 | elapsed=944.0s | eta=381.7s
  step  71608/100000 | loss=2.8764 | rl=1.5124 | vl=1.0086 | behavior=6.9834 | curv_reg=0.623299 | codes=252/230/227/256 | c=0.540/0.540/0.540 | ips_g=75.5 ips/rk=18.9 | elapsed=949.0s | eta=376.3s
  step  72016/100000 | loss=2.8785 | rl=1.4920 | vl=1.0400 | behavior=6.8048 | curv_reg=0.623299 | codes=252/239/231/256 | c=0.542/0.542/0.542 | ips_g=75.5 ips/rk=18.9 | elapsed=954.1s | eta=370.7s
  step  72420/100000 | loss=3.0408 | rl=1.4995 | vl=1.1764 | behavior=7.1721 | curv_reg=0.623299 | codes=252/239/228/256 | c=0.543/0.543/0.543 | ips_g=75.5 ips/rk=18.9 | elapsed=959.1s | eta=365.3s
  step  72816/100000 | loss=2.9327 | rl=1.4808 | vl=1.0946 | behavior=7.0232 | curv_reg=0.623299 | codes=252/232/226/256 | c=0.545/0.545/0.545 | ips_g=75.5 ips/rk=18.9 | elapsed=964.1s | eta=359.9s
  step  73232/100000 | loss=2.7981 | rl=1.4757 | vl=0.9590 | behavior=7.1436 | curv_reg=0.623299 | codes=251/235/220/256 | c=0.546/0.546/0.546 | ips_g=75.6 ips/rk=18.9 | elapsed=969.2s | eta=354.2s
  step  73648/100000 | loss=3.4309 | rl=1.5712 | vl=1.4867 | behavior=7.3339 | curv_reg=0.623299 | codes=249/230/218/256 | c=0.547/0.547/0.547 | ips_g=75.6 ips/rk=18.9 | elapsed=974.2s | eta=348.6s
  step  74060/100000 | loss=2.9657 | rl=1.5584 | vl=1.0517 | behavior=6.9868 | curv_reg=0.623299 | codes=252/226/218/256 | c=0.547/0.547/0.547 | ips_g=75.6 ips/rk=18.9 | elapsed=979.2s | eta=343.0s
  step  74484/100000 | loss=2.8749 | rl=1.4770 | vl=1.0411 | behavior=7.0110 | curv_reg=0.623299 | codes=250/232/229/256 | c=0.548/0.548/0.548 | ips_g=75.7 ips/rk=18.9 | elapsed=984.2s | eta=337.2s
  step  74904/100000 | loss=2.8144 | rl=1.4738 | vl=0.9867 | behavior=6.9524 | curv_reg=0.623299 | codes=249/233/225/256 | c=0.548/0.548/0.548 | ips_g=75.7 ips/rk=18.9 | elapsed=989.2s | eta=331.4s
  step  75316/100000 | loss=3.1293 | rl=1.5621 | vl=1.2088 | behavior=7.0421 | curv_reg=0.623299 | codes=250/233/215/256 | c=0.548/0.548/0.548 | ips_g=75.8 ips/rk=18.9 | elapsed=994.2s | eta=325.8s
  step  75716/100000 | loss=3.0136 | rl=1.5157 | vl=1.1350 | behavior=7.1337 | curv_reg=0.623299 | codes=246/224/220/256 | c=0.547/0.547/0.547 | ips_g=75.8 ips/rk=18.9 | elapsed=999.2s | eta=320.5s
  step  76120/100000 | loss=2.9779 | rl=1.4904 | vl=1.1263 | behavior=7.1011 | curv_reg=0.623299 | codes=252/219/218/256 | c=0.547/0.547/0.547 | ips_g=75.8 ips/rk=18.9 | elapsed=1004.2s | eta=315.0s
  step  76520/100000 | loss=2.8752 | rl=1.4929 | vl=1.0184 | behavior=7.1532 | curv_reg=0.623299 | codes=251/232/225/256 | c=0.546/0.546/0.546 | ips_g=75.8 ips/rk=19.0 | elapsed=1009.3s | eta=309.7s
  step  76928/100000 | loss=2.9546 | rl=1.4824 | vl=1.1084 | behavior=7.1534 | curv_reg=0.623299 | codes=252/238/226/256 | c=0.545/0.545/0.545 | ips_g=75.8 ips/rk=19.0 | elapsed=1014.3s | eta=304.2s
  step  77332/100000 | loss=2.6883 | rl=1.4502 | vl=0.8854 | behavior=6.9298 | curv_reg=0.623299 | codes=248/228/222/256 | c=0.544/0.544/0.544 | ips_g=75.9 ips/rk=19.0 | elapsed=1019.3s | eta=298.8s
  step  77740/100000 | loss=2.8712 | rl=1.4591 | vl=1.0615 | behavior=6.8868 | curv_reg=0.623299 | codes=250/227/221/256 | c=0.543/0.543/0.543 | ips_g=75.9 ips/rk=19.0 | elapsed=1024.4s | eta=293.3s
  step  78144/100000 | loss=3.0089 | rl=1.5559 | vl=1.0948 | behavior=7.0392 | curv_reg=0.623299 | codes=249/211/204/256 | c=0.541/0.541/0.541 | ips_g=75.9 ips/rk=19.0 | elapsed=1029.4s | eta=287.9s
  step  78548/100000 | loss=3.0455 | rl=1.5780 | vl=1.1118 | behavior=6.9904 | curv_reg=0.623299 | codes=252/215/217/256 | c=0.540/0.540/0.540 | ips_g=75.9 ips/rk=19.0 | elapsed=1034.4s | eta=282.5s
  step  78952/100000 | loss=2.9677 | rl=1.4748 | vl=1.1302 | behavior=7.1287 | curv_reg=0.623299 | codes=250/221/224/256 | c=0.538/0.538/0.538 | ips_g=76.0 ips/rk=19.0 | elapsed=1039.5s | eta=277.1s
  step  79356/100000 | loss=3.0286 | rl=1.5170 | vl=1.1574 | behavior=6.9587 | curv_reg=0.623299 | codes=252/227/228/256 | c=0.536/0.536/0.536 | ips_g=76.0 ips/rk=19.0 | elapsed=1044.5s | eta=271.7s
  step  79760/100000 | loss=2.8238 | rl=1.4707 | vl=1.0002 | behavior=6.9343 | curv_reg=0.623299 | codes=250/237/231/256 | c=0.533/0.533/0.533 | ips_g=76.0 ips/rk=19.0 | elapsed=1049.6s | eta=266.3s
[Step12] saved /home/wlia0047/ar57/wenyu/GeneRec/stage2_RQ-VAE/curvature_RQ-VAE_iter4/results/out/rqvae/instruments/rqvae_best.pth (step=80000)
  [SID save step=80000] wrote raw 3-token SIDs /home/wlia0047/ar57/wenyu/GeneRec/stage2_RQ-VAE/curvature_RQ-VAE_iter4/results/out/rqvae/instruments/sids_raw.npy: shape=(24587, 3)
  [SID metrics step=80000] hitrate@50=0.9920 full_gini=0.1351 per_layer=[0.2032/0.4683/0.5275] unique=20974/24587 l01_pairs=11197 H_l1_given_l0=5.0145
  step  80004/100000 | loss=3.0405 | rl=1.5493 | vl=1.1320 | behavior=7.0591 | curv_reg=0.623299 | codes=251/228/230/256 | c=0.532/0.532/0.532 | ips_g=75.2 ips/rk=18.8 | elapsed=1064.2s | eta=266.0s
  step  80408/100000 | loss=2.8508 | rl=1.4702 | vl=1.0233 | behavior=7.0209 | curv_reg=0.623299 | codes=252/234/235/256 | c=0.529/0.529/0.529 | ips_g=75.2 ips/rk=18.8 | elapsed=1069.2s | eta=260.5s
  step  80816/100000 | loss=2.9438 | rl=1.4877 | vl=1.1002 | behavior=6.9943 | curv_reg=0.623299 | codes=247/239/227/256 | c=0.526/0.526/0.526 | ips_g=75.2 ips/rk=18.8 | elapsed=1074.3s | eta=255.0s
  step  81220/100000 | loss=2.8824 | rl=1.4940 | vl=1.0357 | behavior=6.9293 | curv_reg=0.623299 | codes=254/232/220/256 | c=0.523/0.523/0.523 | ips_g=75.3 ips/rk=18.8 | elapsed=1079.3s | eta=249.6s
  step  81620/100000 | loss=2.9215 | rl=1.4793 | vl=1.0871 | behavior=6.9780 | curv_reg=0.623299 | codes=249/234/224/256 | c=0.520/0.520/0.520 | ips_g=75.3 ips/rk=18.8 | elapsed=1084.3s | eta=244.2s
  step  82028/100000 | loss=2.9245 | rl=1.5036 | vl=1.0695 | behavior=6.9029 | curv_reg=0.623299 | codes=250/236/231/256 | c=0.517/0.517/0.517 | ips_g=75.3 ips/rk=18.8 | elapsed=1089.3s | eta=238.7s
  step  82436/100000 | loss=3.2314 | rl=1.5109 | vl=1.3498 | behavior=7.2887 | curv_reg=0.623299 | codes=252/236/221/256 | c=0.514/0.514/0.514 | ips_g=75.3 ips/rk=18.8 | elapsed=1094.4s | eta=233.2s
  step  82840/100000 | loss=2.9721 | rl=1.4891 | vl=1.1195 | behavior=7.1457 | curv_reg=0.623299 | codes=251/238/230/256 | c=0.510/0.510/0.510 | ips_g=75.4 ips/rk=18.8 | elapsed=1099.4s | eta=227.7s
  step  83248/100000 | loss=2.9216 | rl=1.4642 | vl=1.1021 | behavior=6.9809 | curv_reg=0.623299 | codes=251/223/213/256 | c=0.506/0.506/0.506 | ips_g=75.4 ips/rk=18.8 | elapsed=1104.4s | eta=222.2s
  step  83648/100000 | loss=2.8379 | rl=1.4629 | vl=1.0258 | behavior=6.8607 | curv_reg=0.623299 | codes=249/231/219/256 | c=0.502/0.502/0.502 | ips_g=75.4 ips/rk=18.8 | elapsed=1109.5s | eta=216.9s
  step  84056/100000 | loss=2.8684 | rl=1.4460 | vl=1.0634 | behavior=7.0537 | curv_reg=0.623299 | codes=251/234/226/256 | c=0.498/0.498/0.498 | ips_g=75.4 ips/rk=18.9 | elapsed=1114.5s | eta=211.4s
  step  84456/100000 | loss=3.0507 | rl=1.4771 | vl=1.2116 | behavior=7.1145 | curv_reg=0.623299 | codes=250/226/214/256 | c=0.494/0.494/0.494 | ips_g=75.4 ips/rk=18.9 | elapsed=1119.5s | eta=206.0s
  step  84856/100000 | loss=2.7154 | rl=1.4563 | vl=0.9047 | behavior=6.9637 | curv_reg=0.623299 | codes=246/227/223/256 | c=0.490/0.490/0.490 | ips_g=75.5 ips/rk=18.9 | elapsed=1124.5s | eta=200.7s
  step  85264/100000 | loss=2.8874 | rl=1.4847 | vl=1.0482 | behavior=6.9653 | curv_reg=0.623299 | codes=253/219/224/256 | c=0.485/0.485/0.485 | ips_g=75.5 ips/rk=18.9 | elapsed=1129.6s | eta=195.2s
  step  85672/100000 | loss=2.8500 | rl=1.4622 | vl=1.0361 | behavior=6.9090 | curv_reg=0.623299 | codes=254/234/234/256 | c=0.481/0.481/0.481 | ips_g=75.5 ips/rk=18.9 | elapsed=1134.6s | eta=189.8s
  step  86080/100000 | loss=2.9294 | rl=1.4783 | vl=1.0879 | behavior=7.1417 | curv_reg=0.623299 | codes=250/235/223/256 | c=0.476/0.476/0.476 | ips_g=75.5 ips/rk=18.9 | elapsed=1139.7s | eta=184.3s
  step  86488/100000 | loss=3.1425 | rl=1.4827 | vl=1.2938 | behavior=7.1954 | curv_reg=0.623299 | codes=249/213/213/256 | c=0.471/0.471/0.471 | ips_g=75.6 ips/rk=18.9 | elapsed=1144.7s | eta=178.8s
  step  86896/100000 | loss=2.7746 | rl=1.4519 | vl=0.9656 | behavior=7.0169 | curv_reg=0.623299 | codes=247/239/231/256 | c=0.467/0.467/0.467 | ips_g=75.6 ips/rk=18.9 | elapsed=1149.7s | eta=173.4s
  step  87296/100000 | loss=2.9599 | rl=1.4884 | vl=1.1203 | behavior=6.8991 | curv_reg=0.623299 | codes=248/235/234/256 | c=0.462/0.462/0.462 | ips_g=75.6 ips/rk=18.9 | elapsed=1154.8s | eta=168.1s
  step  87696/100000 | loss=2.9258 | rl=1.4873 | vl=1.0866 | behavior=6.9156 | curv_reg=0.623299 | codes=254/227/231/256 | c=0.457/0.457/0.457 | ips_g=75.6 ips/rk=18.9 | elapsed=1159.8s | eta=162.7s
  step  88100/100000 | loss=2.8535 | rl=1.4537 | vl=1.0418 | behavior=7.0353 | curv_reg=0.623299 | codes=251/233/228/256 | c=0.452/0.452/0.452 | ips_g=75.6 ips/rk=18.9 | elapsed=1164.8s | eta=157.3s
  step  88508/100000 | loss=2.9550 | rl=1.4682 | vl=1.1270 | behavior=7.0700 | curv_reg=0.623299 | codes=250/234/224/256 | c=0.447/0.447/0.447 | ips_g=75.7 ips/rk=18.9 | elapsed=1169.8s | eta=151.9s
  step  88916/100000 | loss=3.1041 | rl=1.4991 | vl=1.2339 | behavior=7.2961 | curv_reg=0.623299 | codes=252/234/228/256 | c=0.441/0.441/0.441 | ips_g=75.7 ips/rk=18.9 | elapsed=1174.9s | eta=146.5s
  step  89320/100000 | loss=3.2709 | rl=1.5119 | vl=1.3876 | behavior=7.3013 | curv_reg=0.623299 | codes=248/214/205/256 | c=0.436/0.436/0.436 | ips_g=75.7 ips/rk=18.9 | elapsed=1179.9s | eta=141.1s
  step  89720/100000 | loss=2.8133 | rl=1.4538 | vl=0.9991 | behavior=7.0833 | curv_reg=0.623299 | codes=252/229/220/256 | c=0.431/0.431/0.431 | ips_g=75.7 ips/rk=18.9 | elapsed=1184.9s | eta=135.8s
[Step12] saved /home/wlia0047/ar57/wenyu/GeneRec/stage2_RQ-VAE/curvature_RQ-VAE_iter4/results/out/rqvae/instruments/rqvae_best.pth (step=90000)
  [SID save step=90000] wrote raw 3-token SIDs /home/wlia0047/ar57/wenyu/GeneRec/stage2_RQ-VAE/curvature_RQ-VAE_iter4/results/out/rqvae/instruments/sids_raw.npy: shape=(24587, 3)
  [SID metrics step=90000] hitrate@50=0.9923 full_gini=0.1405 per_layer=[0.2176/0.5209/0.5375] unique=20811/24587 l01_pairs=10849 H_l1_given_l0=4.9868
  step  90004/100000 | loss=2.9922 | rl=1.4728 | vl=1.1552 | behavior=7.1583 | curv_reg=0.623299 | codes=252/219/223/256 | c=0.427/0.427/0.427 | ips_g=75.0 ips/rk=18.7 | elapsed=1200.2s | eta=133.3s
  step  90408/100000 | loss=3.2651 | rl=1.5214 | vl=1.3686 | behavior=7.3769 | curv_reg=0.623299 | codes=247/228/233/256 | c=0.422/0.422/0.422 | ips_g=75.0 ips/rk=18.8 | elapsed=1205.3s | eta=127.9s
  step  90816/100000 | loss=3.0264 | rl=1.4810 | vl=1.1852 | behavior=7.0778 | curv_reg=0.623299 | codes=248/232/234/256 | c=0.417/0.417/0.417 | ips_g=75.0 ips/rk=18.8 | elapsed=1210.3s | eta=122.4s
  step  91224/100000 | loss=2.8141 | rl=1.4417 | vl=1.0129 | behavior=7.0654 | curv_reg=0.623299 | codes=250/237/227/256 | c=0.411/0.411/0.411 | ips_g=75.1 ips/rk=18.8 | elapsed=1215.3s | eta=116.9s
  step  91624/100000 | loss=2.8978 | rl=1.4655 | vl=1.0785 | behavior=6.9506 | curv_reg=0.623299 | codes=254/231/229/256 | c=0.406/0.406/0.406 | ips_g=75.1 ips/rk=18.8 | elapsed=1220.4s | eta=111.6s
  step  92032/100000 | loss=3.0138 | rl=1.4691 | vl=1.1884 | behavior=7.0013 | curv_reg=0.623299 | codes=252/222/227/256 | c=0.401/0.401/0.401 | ips_g=75.1 ips/rk=18.8 | elapsed=1225.4s | eta=106.1s
  step  92432/100000 | loss=2.9136 | rl=1.4732 | vl=1.0856 | behavior=6.9705 | curv_reg=0.623299 | codes=255/229/225/256 | c=0.395/0.395/0.395 | ips_g=75.1 ips/rk=18.8 | elapsed=1230.5s | eta=100.7s
  step  92836/100000 | loss=2.7011 | rl=1.4412 | vl=0.9138 | behavior=6.7986 | curv_reg=0.623299 | codes=250/224/227/256 | c=0.390/0.390/0.390 | ips_g=75.1 ips/rk=18.8 | elapsed=1235.5s | eta=95.3s
  step  93236/100000 | loss=2.7557 | rl=1.4288 | vl=0.9766 | behavior=6.8816 | curv_reg=0.623299 | codes=252/237/232/256 | c=0.385/0.385/0.385 | ips_g=75.2 ips/rk=18.8 | elapsed=1240.5s | eta=90.0s
  step  93640/100000 | loss=2.9279 | rl=1.4243 | vl=1.1401 | behavior=7.1451 | curv_reg=0.623299 | codes=251/230/218/256 | c=0.379/0.379/0.379 | ips_g=75.2 ips/rk=18.8 | elapsed=1245.6s | eta=84.6s
  step  94048/100000 | loss=2.7126 | rl=1.4125 | vl=0.9505 | behavior=6.8670 | curv_reg=0.623299 | codes=251/231/221/256 | c=0.374/0.374/0.374 | ips_g=75.2 ips/rk=18.8 | elapsed=1250.6s | eta=79.1s
  step  94456/100000 | loss=2.5783 | rl=1.3959 | vl=0.8326 | behavior=6.8706 | curv_reg=0.623299 | codes=252/244/222/256 | c=0.368/0.368/0.368 | ips_g=75.2 ips/rk=18.8 | elapsed=1255.6s | eta=73.7s
  step  94864/100000 | loss=2.6098 | rl=1.4021 | vl=0.8614 | behavior=6.8015 | curv_reg=0.623299 | codes=250/241/219/256 | c=0.363/0.363/0.363 | ips_g=75.2 ips/rk=18.8 | elapsed=1260.7s | eta=68.3s
  step  95264/100000 | loss=2.6844 | rl=1.3920 | vl=0.9418 | behavior=6.8880 | curv_reg=0.623299 | codes=250/229/223/256 | c=0.358/0.358/0.358 | ips_g=75.3 ips/rk=18.8 | elapsed=1265.7s | eta=62.9s
  step  95664/100000 | loss=2.8904 | rl=1.4090 | vl=1.1152 | behavior=7.1974 | curv_reg=0.623299 | codes=250/224/222/256 | c=0.353/0.353/0.353 | ips_g=75.3 ips/rk=18.8 | elapsed=1270.8s | eta=57.6s
  step  96072/100000 | loss=2.7738 | rl=1.4256 | vl=0.9929 | behavior=6.9806 | curv_reg=0.623299 | codes=252/216/231/256 | c=0.348/0.348/0.348 | ips_g=75.3 ips/rk=18.8 | elapsed=1275.8s | eta=52.2s
  step  96480/100000 | loss=2.6466 | rl=1.4092 | vl=0.8853 | behavior=6.9164 | curv_reg=0.623299 | codes=247/223/233/256 | c=0.342/0.342/0.342 | ips_g=75.3 ips/rk=18.8 | elapsed=1280.8s | eta=46.7s
  step  96848/100000 | loss=2.8366 | rl=1.4420 | vl=1.0412 | behavior=6.9441 | curv_reg=0.623299 | codes=254/232/227/256 | c=0.338/0.338/0.338 | ips_g=75.3 ips/rk=18.8 | elapsed=1285.9s | eta=41.8s
  step  97256/100000 | loss=2.7548 | rl=1.3784 | vl=1.0237 | behavior=6.9271 | curv_reg=0.623299 | codes=249/234/226/256 | c=0.333/0.333/0.333 | ips_g=75.3 ips/rk=18.8 | elapsed=1290.9s | eta=36.4s
  step  97648/100000 | loss=2.6948 | rl=1.4174 | vl=0.9259 | behavior=6.9054 | curv_reg=0.623299 | codes=251/236/225/256 | c=0.328/0.328/0.328 | ips_g=75.4 ips/rk=18.8 | elapsed=1295.9s | eta=31.2s
  step  98056/100000 | loss=2.7208 | rl=1.4079 | vl=0.9632 | behavior=6.8694 | curv_reg=0.623299 | codes=251/235/220/256 | c=0.323/0.323/0.323 | ips_g=75.4 ips/rk=18.8 | elapsed=1300.9s | eta=25.8s
  step  98480/100000 | loss=2.5848 | rl=1.3816 | vl=0.8562 | behavior=6.8152 | curv_reg=0.623299 | codes=253/232/226/256 | c=0.318/0.318/0.318 | ips_g=75.4 ips/rk=18.9 | elapsed=1305.9s | eta=20.2s
  step  98888/100000 | loss=2.7840 | rl=1.4585 | vl=0.9690 | behavior=7.0071 | curv_reg=0.623299 | codes=253/234/224/256 | c=0.313/0.313/0.313 | ips_g=75.4 ips/rk=18.9 | elapsed=1311.0s | eta=14.7s
  step  99292/100000 | loss=2.7277 | rl=1.3890 | vl=0.9833 | behavior=6.9841 | curv_reg=0.623299 | codes=251/242/218/256 | c=0.308/0.308/0.308 | ips_g=75.4 ips/rk=18.9 | elapsed=1316.0s | eta=9.4s
  step  99688/100000 | loss=2.7661 | rl=1.3914 | vl=1.0251 | behavior=6.8661 | curv_reg=0.623299 | codes=249/229/222/256 | c=0.304/0.304/0.304 | ips_g=75.5 ips/rk=18.9 | elapsed=1321.0s | eta=4.1s
[Step12] saved /home/wlia0047/ar57/wenyu/GeneRec/stage2_RQ-VAE/curvature_RQ-VAE_iter4/results/out/rqvae/instruments/rqvae_best.pth (step=100000)
  [SID save step=100000] wrote raw 3-token SIDs /home/wlia0047/ar57/wenyu/GeneRec/stage2_RQ-VAE/curvature_RQ-VAE_iter4/results/out/rqvae/instruments/sids_raw.npy: shape=(24587, 3)
  [SID metrics step=100000] hitrate@50=0.9914 full_gini=0.1408 per_layer=[0.2001/0.4615/0.5441] unique=20813/24587 l01_pairs=11297 H_l1_given_l0=5.0162
[train] done at global_step=100000, total time=1336.7s
