2026-10-03 15:35:31,369 - INFO - Configuration: {'batch_size': 4096, 'infer_size': 1024, 'num_epochs': 150, 'eval_interval': 5, 'eval_start_epoch': 75, 'early_eval_epochs': (25, 50, 75, 100, 125), 'fast': True, 'bf16': True, 'use_lr_scheduler': True, 'lr_warmup_pct': 0.1, 'lr_min_factor': 0.2, 'compile': False, 'compile_mode': 'default', 'num_layers': 4, 'num_decoder_layers': 4, 'd_model': 128, 'd_ff': 1024, 'num_heads': 6, 'd_kv': 64, 'dropout_rate': 0.1, 'activation_function': 'relu', 'feed_forward_proj': 'relu', 'device': 'cuda', 'lr': 0.003, 'weight_decay': 0.05, 'vocab_size': 774, 'eos_token_id': 773, 'pad_token_id': 0, 'n_user_tokens': 1, 'max_len': 20, 'dataset_name': 'Amazon_2023_Instruments', 'dataset_path': '/home/wlia0047/ar57/wenyu/GeneRec/results/stage0_build_parquet/', 'codebook_size': [256, 256, 256, 1], 'code_path': '/fs04/ar57/wenyu/GeneRec/results/stage2_RQ-VAE/curvature_RQ-VAE/item_sids.json', 'train_file': 'train.parquet', 'valid_file': 'valid.parquet', 'test_file': 'test.parquet', 'log_path': '/fs04/ar57/wenyu/GeneRec/results/stage3_T5Train/curvature_RQ-VAE/logs/', 'save_path': '/fs04/ar57/wenyu/GeneRec/results/stage3_T5Train/curvature_RQ-VAE/ckpt/', 'seed': 42, 'topk_list': [5, 10], 'beam_size': 20, 'no_eval': True, 'skip_test': False, 'screen_baseline_log': '', 'screen_start_epoch': 40, 'screen_window': 5, 'screen_min_ndcg_gain': 0.001, 'screen_min_recall_gain': 0.001, 'num_workers': 4, 'prefetch_factor': 8, 'exclude_history': True, 'no_exclude_history': False, 'pin_memory': True, 'no_pin_memory': False, 'sid_length': 4, 'max_token_seq_len': 82, 'decoder_start_token_id': 0}
2026-10-03 15:35:31,467 - INFO - #Embedding parameters: 99072
#Non-embedding parameters: 4459648
#Total trainable parameters: 4558720

2026-10-03 15:35:45,092 - INFO - Epoch 1/150 train_loss=4.740055561065674
2026-10-03 15:35:45,175 - INFO - Best train loss=4.740055561065674; saved /fs04/ar57/wenyu/GeneRec/results/stage3_T5Train/curvature_RQ-VAE/ckpt/Amazon_2023_Instruments/Oct-03-2026_15-35-31/HG_Rec_best.pth
2026-10-03 15:35:56,790 - INFO - Epoch 2/150 train_loss=4.052982454299927
2026-10-03 15:35:56,828 - INFO - Best train loss=4.052982454299927; saved /fs04/ar57/wenyu/GeneRec/results/stage3_T5Train/curvature_RQ-VAE/ckpt/Amazon_2023_Instruments/Oct-03-2026_15-35-31/HG_Rec_best.pth
2026-10-03 15:36:08,436 - INFO - Epoch 3/150 train_loss=3.8602849578857423
2026-10-03 15:36:08,471 - INFO - Best train loss=3.8602849578857423; saved /fs04/ar57/wenyu/GeneRec/results/stage3_T5Train/curvature_RQ-VAE/ckpt/Amazon_2023_Instruments/Oct-03-2026_15-35-31/HG_Rec_best.pth
2026-10-03 15:36:20,076 - INFO - Epoch 4/150 train_loss=3.7187828826904297
2026-10-03 15:36:20,113 - INFO - Best train loss=3.7187828826904297; saved /fs04/ar57/wenyu/GeneRec/results/stage3_T5Train/curvature_RQ-VAE/ckpt/Amazon_2023_Instruments/Oct-03-2026_15-35-31/HG_Rec_best.pth
2026-10-03 15:36:31,714 - INFO - Epoch 5/150 train_loss=3.6026244163513184
2026-10-03 15:36:31,750 - INFO - Best train loss=3.6026244163513184; saved /fs04/ar57/wenyu/GeneRec/results/stage3_T5Train/curvature_RQ-VAE/ckpt/Amazon_2023_Instruments/Oct-03-2026_15-35-31/HG_Rec_best.pth
2026-10-03 15:36:43,365 - INFO - Epoch 6/150 train_loss=3.6306147289276125
2026-10-03 15:36:54,981 - INFO - Epoch 7/150 train_loss=3.474557571411133
2026-10-03 15:36:55,018 - INFO - Best train loss=3.474557571411133; saved /fs04/ar57/wenyu/GeneRec/results/stage3_T5Train/curvature_RQ-VAE/ckpt/Amazon_2023_Instruments/Oct-03-2026_15-35-31/HG_Rec_best.pth
2026-10-03 15:37:06,630 - INFO - Epoch 8/150 train_loss=3.389493770599365
2026-10-03 15:37:06,667 - INFO - Best train loss=3.389493770599365; saved /fs04/ar57/wenyu/GeneRec/results/stage3_T5Train/curvature_RQ-VAE/ckpt/Amazon_2023_Instruments/Oct-03-2026_15-35-31/HG_Rec_best.pth
2026-10-03 15:37:18,272 - INFO - Epoch 9/150 train_loss=3.3056974697113035
2026-10-03 15:37:18,309 - INFO - Best train loss=3.3056974697113035; saved /fs04/ar57/wenyu/GeneRec/results/stage3_T5Train/curvature_RQ-VAE/ckpt/Amazon_2023_Instruments/Oct-03-2026_15-35-31/HG_Rec_best.pth
2026-10-03 15:37:29,912 - INFO - Epoch 10/150 train_loss=3.2169470596313476
2026-10-03 15:37:29,949 - INFO - Best train loss=3.2169470596313476; saved /fs04/ar57/wenyu/GeneRec/results/stage3_T5Train/curvature_RQ-VAE/ckpt/Amazon_2023_Instruments/Oct-03-2026_15-35-31/HG_Rec_best.pth
2026-10-03 15:37:41,554 - INFO - Epoch 11/150 train_loss=3.13358811378479
2026-10-03 15:37:41,591 - INFO - Best train loss=3.13358811378479; saved /fs04/ar57/wenyu/GeneRec/results/stage3_T5Train/curvature_RQ-VAE/ckpt/Amazon_2023_Instruments/Oct-03-2026_15-35-31/HG_Rec_best.pth
2026-10-03 15:37:53,196 - INFO - Epoch 12/150 train_loss=3.0641922187805175
2026-10-03 15:37:53,240 - INFO - Best train loss=3.0641922187805175; saved /fs04/ar57/wenyu/GeneRec/results/stage3_T5Train/curvature_RQ-VAE/ckpt/Amazon_2023_Instruments/Oct-03-2026_15-35-31/HG_Rec_best.pth
2026-10-03 15:38:04,851 - INFO - Epoch 13/150 train_loss=2.996338977813721
2026-10-03 15:38:04,886 - INFO - Best train loss=2.996338977813721; saved /fs04/ar57/wenyu/GeneRec/results/stage3_T5Train/curvature_RQ-VAE/ckpt/Amazon_2023_Instruments/Oct-03-2026_15-35-31/HG_Rec_best.pth
2026-10-03 15:38:16,484 - INFO - Epoch 14/150 train_loss=2.9272586059570314
2026-10-03 15:38:16,519 - INFO - Best train loss=2.9272586059570314; saved /fs04/ar57/wenyu/GeneRec/results/stage3_T5Train/curvature_RQ-VAE/ckpt/Amazon_2023_Instruments/Oct-03-2026_15-35-31/HG_Rec_best.pth
2026-10-03 15:38:28,125 - INFO - Epoch 15/150 train_loss=2.8733263874053954
2026-10-03 15:38:28,163 - INFO - Best train loss=2.8733263874053954; saved /fs04/ar57/wenyu/GeneRec/results/stage3_T5Train/curvature_RQ-VAE/ckpt/Amazon_2023_Instruments/Oct-03-2026_15-35-31/HG_Rec_best.pth
2026-10-03 15:38:39,765 - INFO - Epoch 16/150 train_loss=2.81973895072937
2026-10-03 15:38:39,802 - INFO - Best train loss=2.81973895072937; saved /fs04/ar57/wenyu/GeneRec/results/stage3_T5Train/curvature_RQ-VAE/ckpt/Amazon_2023_Instruments/Oct-03-2026_15-35-31/HG_Rec_best.pth
2026-10-03 15:38:51,408 - INFO - Epoch 17/150 train_loss=2.7711180114746092
2026-10-03 15:38:51,444 - INFO - Best train loss=2.7711180114746092; saved /fs04/ar57/wenyu/GeneRec/results/stage3_T5Train/curvature_RQ-VAE/ckpt/Amazon_2023_Instruments/Oct-03-2026_15-35-31/HG_Rec_best.pth
2026-10-03 15:39:03,619 - INFO - Epoch 18/150 train_loss=2.733865804672241
2026-10-03 15:39:03,657 - INFO - Best train loss=2.733865804672241; saved /fs04/ar57/wenyu/GeneRec/results/stage3_T5Train/curvature_RQ-VAE/ckpt/Amazon_2023_Instruments/Oct-03-2026_15-35-31/HG_Rec_best.pth
2026-10-03 15:39:15,256 - INFO - Epoch 19/150 train_loss=2.6903185844421387
2026-10-03 15:39:15,292 - INFO - Best train loss=2.6903185844421387; saved /fs04/ar57/wenyu/GeneRec/results/stage3_T5Train/curvature_RQ-VAE/ckpt/Amazon_2023_Instruments/Oct-03-2026_15-35-31/HG_Rec_best.pth
2026-10-03 15:39:26,896 - INFO - Epoch 20/150 train_loss=2.648620939254761
2026-10-03 15:39:26,932 - INFO - Best train loss=2.648620939254761; saved /fs04/ar57/wenyu/GeneRec/results/stage3_T5Train/curvature_RQ-VAE/ckpt/Amazon_2023_Instruments/Oct-03-2026_15-35-31/HG_Rec_best.pth
2026-10-03 15:39:38,533 - INFO - Epoch 21/150 train_loss=2.615873670578003
2026-10-03 15:39:38,569 - INFO - Best train loss=2.615873670578003; saved /fs04/ar57/wenyu/GeneRec/results/stage3_T5Train/curvature_RQ-VAE/ckpt/Amazon_2023_Instruments/Oct-03-2026_15-35-31/HG_Rec_best.pth
2026-10-03 15:39:50,176 - INFO - Epoch 22/150 train_loss=2.5942529106140135
2026-10-03 15:39:50,212 - INFO - Best train loss=2.5942529106140135; saved /fs04/ar57/wenyu/GeneRec/results/stage3_T5Train/curvature_RQ-VAE/ckpt/Amazon_2023_Instruments/Oct-03-2026_15-35-31/HG_Rec_best.pth
2026-10-03 15:40:01,819 - INFO - Epoch 23/150 train_loss=2.56455491065979
2026-10-03 15:40:01,855 - INFO - Best train loss=2.56455491065979; saved /fs04/ar57/wenyu/GeneRec/results/stage3_T5Train/curvature_RQ-VAE/ckpt/Amazon_2023_Instruments/Oct-03-2026_15-35-31/HG_Rec_best.pth
2026-10-03 15:40:13,455 - INFO - Epoch 24/150 train_loss=2.539372787475586
2026-10-03 15:40:13,491 - INFO - Best train loss=2.539372787475586; saved /fs04/ar57/wenyu/GeneRec/results/stage3_T5Train/curvature_RQ-VAE/ckpt/Amazon_2023_Instruments/Oct-03-2026_15-35-31/HG_Rec_best.pth
2026-10-03 15:40:25,095 - INFO - Epoch 25/150 train_loss=2.5171079730987547
2026-10-03 15:40:25,131 - INFO - Best train loss=2.5171079730987547; saved /fs04/ar57/wenyu/GeneRec/results/stage3_T5Train/curvature_RQ-VAE/ckpt/Amazon_2023_Instruments/Oct-03-2026_15-35-31/HG_Rec_best.pth
2026-10-03 15:40:36,730 - INFO - Epoch 26/150 train_loss=2.4867326831817627
2026-10-03 15:40:36,766 - INFO - Best train loss=2.4867326831817627; saved /fs04/ar57/wenyu/GeneRec/results/stage3_T5Train/curvature_RQ-VAE/ckpt/Amazon_2023_Instruments/Oct-03-2026_15-35-31/HG_Rec_best.pth
2026-10-03 15:40:48,372 - INFO - Epoch 27/150 train_loss=2.4676276779174806
2026-10-03 15:40:48,408 - INFO - Best train loss=2.4676276779174806; saved /fs04/ar57/wenyu/GeneRec/results/stage3_T5Train/curvature_RQ-VAE/ckpt/Amazon_2023_Instruments/Oct-03-2026_15-35-31/HG_Rec_best.pth
2026-10-03 15:41:00,009 - INFO - Epoch 28/150 train_loss=2.439163475036621
2026-10-03 15:41:00,051 - INFO - Best train loss=2.439163475036621; saved /fs04/ar57/wenyu/GeneRec/results/stage3_T5Train/curvature_RQ-VAE/ckpt/Amazon_2023_Instruments/Oct-03-2026_15-35-31/HG_Rec_best.pth
2026-10-03 15:41:11,664 - INFO - Epoch 29/150 train_loss=2.4148230934143067
2026-10-03 15:41:11,700 - INFO - Best train loss=2.4148230934143067; saved /fs04/ar57/wenyu/GeneRec/results/stage3_T5Train/curvature_RQ-VAE/ckpt/Amazon_2023_Instruments/Oct-03-2026_15-35-31/HG_Rec_best.pth
2026-10-03 15:41:23,310 - INFO - Epoch 30/150 train_loss=2.394211082458496
2026-10-03 15:41:23,350 - INFO - Best train loss=2.394211082458496; saved /fs04/ar57/wenyu/GeneRec/results/stage3_T5Train/curvature_RQ-VAE/ckpt/Amazon_2023_Instruments/Oct-03-2026_15-35-31/HG_Rec_best.pth
2026-10-03 15:41:34,965 - INFO - Epoch 31/150 train_loss=2.37554479598999
2026-10-03 15:41:35,002 - INFO - Best train loss=2.37554479598999; saved /fs04/ar57/wenyu/GeneRec/results/stage3_T5Train/curvature_RQ-VAE/ckpt/Amazon_2023_Instruments/Oct-03-2026_15-35-31/HG_Rec_best.pth
2026-10-03 15:41:46,607 - INFO - Epoch 32/150 train_loss=2.3538669872283937
2026-10-03 15:41:46,643 - INFO - Best train loss=2.3538669872283937; saved /fs04/ar57/wenyu/GeneRec/results/stage3_T5Train/curvature_RQ-VAE/ckpt/Amazon_2023_Instruments/Oct-03-2026_15-35-31/HG_Rec_best.pth
2026-10-03 15:41:58,249 - INFO - Epoch 33/150 train_loss=2.3322740745544435
2026-10-03 15:41:58,284 - INFO - Best train loss=2.3322740745544435; saved /fs04/ar57/wenyu/GeneRec/results/stage3_T5Train/curvature_RQ-VAE/ckpt/Amazon_2023_Instruments/Oct-03-2026_15-35-31/HG_Rec_best.pth
2026-10-03 15:42:09,885 - INFO - Epoch 34/150 train_loss=2.3201720905303955
2026-10-03 15:42:09,926 - INFO - Best train loss=2.3201720905303955; saved /fs04/ar57/wenyu/GeneRec/results/stage3_T5Train/curvature_RQ-VAE/ckpt/Amazon_2023_Instruments/Oct-03-2026_15-35-31/HG_Rec_best.pth
2026-10-03 15:42:21,539 - INFO - Epoch 35/150 train_loss=2.3074114990234373
2026-10-03 15:42:21,577 - INFO - Best train loss=2.3074114990234373; saved /fs04/ar57/wenyu/GeneRec/results/stage3_T5Train/curvature_RQ-VAE/ckpt/Amazon_2023_Instruments/Oct-03-2026_15-35-31/HG_Rec_best.pth
2026-10-03 15:42:33,182 - INFO - Epoch 36/150 train_loss=2.290703020095825
2026-10-03 15:42:33,220 - INFO - Best train loss=2.290703020095825; saved /fs04/ar57/wenyu/GeneRec/results/stage3_T5Train/curvature_RQ-VAE/ckpt/Amazon_2023_Instruments/Oct-03-2026_15-35-31/HG_Rec_best.pth
2026-10-03 15:42:44,820 - INFO - Epoch 37/150 train_loss=2.2725693225860595
2026-10-03 15:42:44,856 - INFO - Best train loss=2.2725693225860595; saved /fs04/ar57/wenyu/GeneRec/results/stage3_T5Train/curvature_RQ-VAE/ckpt/Amazon_2023_Instruments/Oct-03-2026_15-35-31/HG_Rec_best.pth
2026-10-03 15:42:56,459 - INFO - Epoch 38/150 train_loss=2.259994888305664
2026-10-03 15:42:56,496 - INFO - Best train loss=2.259994888305664; saved /fs04/ar57/wenyu/GeneRec/results/stage3_T5Train/curvature_RQ-VAE/ckpt/Amazon_2023_Instruments/Oct-03-2026_15-35-31/HG_Rec_best.pth
2026-10-03 15:43:08,102 - INFO - Epoch 39/150 train_loss=2.25183087348938
2026-10-03 15:43:08,138 - INFO - Best train loss=2.25183087348938; saved /fs04/ar57/wenyu/GeneRec/results/stage3_T5Train/curvature_RQ-VAE/ckpt/Amazon_2023_Instruments/Oct-03-2026_15-35-31/HG_Rec_best.pth
2026-10-03 15:43:19,744 - INFO - Epoch 40/150 train_loss=2.237529993057251
2026-10-03 15:43:19,780 - INFO - Best train loss=2.237529993057251; saved /fs04/ar57/wenyu/GeneRec/results/stage3_T5Train/curvature_RQ-VAE/ckpt/Amazon_2023_Instruments/Oct-03-2026_15-35-31/HG_Rec_best.pth
2026-10-03 15:43:31,380 - INFO - Epoch 41/150 train_loss=2.221137065887451
2026-10-03 15:43:31,416 - INFO - Best train loss=2.221137065887451; saved /fs04/ar57/wenyu/GeneRec/results/stage3_T5Train/curvature_RQ-VAE/ckpt/Amazon_2023_Instruments/Oct-03-2026_15-35-31/HG_Rec_best.pth
2026-10-03 15:43:43,020 - INFO - Epoch 42/150 train_loss=2.208417453765869
2026-10-03 15:43:43,056 - INFO - Best train loss=2.208417453765869; saved /fs04/ar57/wenyu/GeneRec/results/stage3_T5Train/curvature_RQ-VAE/ckpt/Amazon_2023_Instruments/Oct-03-2026_15-35-31/HG_Rec_best.pth
2026-10-03 15:43:54,682 - INFO - Epoch 43/150 train_loss=2.186896314620972
2026-10-03 15:43:55,134 - INFO - Best train loss=2.186896314620972; saved /fs04/ar57/wenyu/GeneRec/results/stage3_T5Train/curvature_RQ-VAE/ckpt/Amazon_2023_Instruments/Oct-03-2026_15-35-31/HG_Rec_best.pth
2026-10-03 15:44:06,732 - INFO - Epoch 44/150 train_loss=2.177701997756958
2026-10-03 15:44:06,768 - INFO - Best train loss=2.177701997756958; saved /fs04/ar57/wenyu/GeneRec/results/stage3_T5Train/curvature_RQ-VAE/ckpt/Amazon_2023_Instruments/Oct-03-2026_15-35-31/HG_Rec_best.pth
2026-10-03 15:44:18,369 - INFO - Epoch 45/150 train_loss=2.1668515682220457
2026-10-03 15:44:18,405 - INFO - Best train loss=2.1668515682220457; saved /fs04/ar57/wenyu/GeneRec/results/stage3_T5Train/curvature_RQ-VAE/ckpt/Amazon_2023_Instruments/Oct-03-2026_15-35-31/HG_Rec_best.pth
2026-10-03 15:44:30,009 - INFO - Epoch 46/150 train_loss=2.157886276245117
2026-10-03 15:44:30,045 - INFO - Best train loss=2.157886276245117; saved /fs04/ar57/wenyu/GeneRec/results/stage3_T5Train/curvature_RQ-VAE/ckpt/Amazon_2023_Instruments/Oct-03-2026_15-35-31/HG_Rec_best.pth
2026-10-03 15:44:41,645 - INFO - Epoch 47/150 train_loss=2.1479350757598876
2026-10-03 15:44:41,682 - INFO - Best train loss=2.1479350757598876; saved /fs04/ar57/wenyu/GeneRec/results/stage3_T5Train/curvature_RQ-VAE/ckpt/Amazon_2023_Instruments/Oct-03-2026_15-35-31/HG_Rec_best.pth
2026-10-03 15:44:53,289 - INFO - Epoch 48/150 train_loss=2.138975601196289
2026-10-03 15:44:53,324 - INFO - Best train loss=2.138975601196289; saved /fs04/ar57/wenyu/GeneRec/results/stage3_T5Train/curvature_RQ-VAE/ckpt/Amazon_2023_Instruments/Oct-03-2026_15-35-31/HG_Rec_best.pth
2026-10-03 15:45:04,936 - INFO - Epoch 49/150 train_loss=2.1279656505584716
2026-10-03 15:45:04,972 - INFO - Best train loss=2.1279656505584716; saved /fs04/ar57/wenyu/GeneRec/results/stage3_T5Train/curvature_RQ-VAE/ckpt/Amazon_2023_Instruments/Oct-03-2026_15-35-31/HG_Rec_best.pth
2026-10-03 15:45:16,582 - INFO - Epoch 50/150 train_loss=2.1239259529113768
2026-10-03 15:45:16,618 - INFO - Best train loss=2.1239259529113768; saved /fs04/ar57/wenyu/GeneRec/results/stage3_T5Train/curvature_RQ-VAE/ckpt/Amazon_2023_Instruments/Oct-03-2026_15-35-31/HG_Rec_best.pth
2026-10-03 15:45:28,274 - INFO - Epoch 51/150 train_loss=2.1155375099182128
2026-10-03 15:45:28,312 - INFO - Best train loss=2.1155375099182128; saved /fs04/ar57/wenyu/GeneRec/results/stage3_T5Train/curvature_RQ-VAE/ckpt/Amazon_2023_Instruments/Oct-03-2026_15-35-31/HG_Rec_best.pth
2026-10-03 15:45:39,961 - INFO - Epoch 52/150 train_loss=2.1090688610076906
2026-10-03 15:45:40,495 - INFO - Best train loss=2.1090688610076906; saved /fs04/ar57/wenyu/GeneRec/results/stage3_T5Train/curvature_RQ-VAE/ckpt/Amazon_2023_Instruments/Oct-03-2026_15-35-31/HG_Rec_best.pth
2026-10-03 15:45:52,289 - INFO - Epoch 53/150 train_loss=2.1048006629943847
2026-10-03 15:45:52,332 - INFO - Best train loss=2.1048006629943847; saved /fs04/ar57/wenyu/GeneRec/results/stage3_T5Train/curvature_RQ-VAE/ckpt/Amazon_2023_Instruments/Oct-03-2026_15-35-31/HG_Rec_best.pth
2026-10-03 15:46:03,940 - INFO - Epoch 54/150 train_loss=2.093663330078125
2026-10-03 15:46:03,976 - INFO - Best train loss=2.093663330078125; saved /fs04/ar57/wenyu/GeneRec/results/stage3_T5Train/curvature_RQ-VAE/ckpt/Amazon_2023_Instruments/Oct-03-2026_15-35-31/HG_Rec_best.pth
2026-10-03 15:46:17,301 - INFO - Epoch 55/150 train_loss=2.091418619155884
2026-10-03 15:46:17,384 - INFO - Best train loss=2.091418619155884; saved /fs04/ar57/wenyu/GeneRec/results/stage3_T5Train/curvature_RQ-VAE/ckpt/Amazon_2023_Instruments/Oct-03-2026_15-35-31/HG_Rec_best.pth
2026-10-03 15:46:29,081 - INFO - Epoch 56/150 train_loss=2.086924600601196
2026-10-03 15:46:29,218 - INFO - Best train loss=2.086924600601196; saved /fs04/ar57/wenyu/GeneRec/results/stage3_T5Train/curvature_RQ-VAE/ckpt/Amazon_2023_Instruments/Oct-03-2026_15-35-31/HG_Rec_best.pth
2026-10-03 15:46:40,824 - INFO - Epoch 57/150 train_loss=2.0761913108825683
2026-10-03 15:46:40,860 - INFO - Best train loss=2.0761913108825683; saved /fs04/ar57/wenyu/GeneRec/results/stage3_T5Train/curvature_RQ-VAE/ckpt/Amazon_2023_Instruments/Oct-03-2026_15-35-31/HG_Rec_best.pth
2026-10-03 15:46:52,469 - INFO - Epoch 58/150 train_loss=2.0703664016723633
2026-10-03 15:46:52,505 - INFO - Best train loss=2.0703664016723633; saved /fs04/ar57/wenyu/GeneRec/results/stage3_T5Train/curvature_RQ-VAE/ckpt/Amazon_2023_Instruments/Oct-03-2026_15-35-31/HG_Rec_best.pth
2026-10-03 15:47:04,109 - INFO - Epoch 59/150 train_loss=2.0629831409454344
2026-10-03 15:47:04,147 - INFO - Best train loss=2.0629831409454344; saved /fs04/ar57/wenyu/GeneRec/results/stage3_T5Train/curvature_RQ-VAE/ckpt/Amazon_2023_Instruments/Oct-03-2026_15-35-31/HG_Rec_best.pth
2026-10-03 15:47:15,751 - INFO - Epoch 60/150 train_loss=2.058268280029297
2026-10-03 15:47:15,789 - INFO - Best train loss=2.058268280029297; saved /fs04/ar57/wenyu/GeneRec/results/stage3_T5Train/curvature_RQ-VAE/ckpt/Amazon_2023_Instruments/Oct-03-2026_15-35-31/HG_Rec_best.pth
2026-10-03 15:47:27,397 - INFO - Epoch 61/150 train_loss=2.0538811779022215
2026-10-03 15:47:27,434 - INFO - Best train loss=2.0538811779022215; saved /fs04/ar57/wenyu/GeneRec/results/stage3_T5Train/curvature_RQ-VAE/ckpt/Amazon_2023_Instruments/Oct-03-2026_15-35-31/HG_Rec_best.pth
2026-10-03 15:47:39,043 - INFO - Epoch 62/150 train_loss=2.0479533863067627
2026-10-03 15:47:39,081 - INFO - Best train loss=2.0479533863067627; saved /fs04/ar57/wenyu/GeneRec/results/stage3_T5Train/curvature_RQ-VAE/ckpt/Amazon_2023_Instruments/Oct-03-2026_15-35-31/HG_Rec_best.pth
2026-10-03 15:47:50,682 - INFO - Epoch 63/150 train_loss=2.046058864593506
2026-10-03 15:47:50,718 - INFO - Best train loss=2.046058864593506; saved /fs04/ar57/wenyu/GeneRec/results/stage3_T5Train/curvature_RQ-VAE/ckpt/Amazon_2023_Instruments/Oct-03-2026_15-35-31/HG_Rec_best.pth
2026-10-03 15:48:02,322 - INFO - Epoch 64/150 train_loss=2.042105360031128
2026-10-03 15:48:02,359 - INFO - Best train loss=2.042105360031128; saved /fs04/ar57/wenyu/GeneRec/results/stage3_T5Train/curvature_RQ-VAE/ckpt/Amazon_2023_Instruments/Oct-03-2026_15-35-31/HG_Rec_best.pth
2026-10-03 15:48:13,965 - INFO - Epoch 65/150 train_loss=2.0387193775177
2026-10-03 15:48:14,003 - INFO - Best train loss=2.0387193775177; saved /fs04/ar57/wenyu/GeneRec/results/stage3_T5Train/curvature_RQ-VAE/ckpt/Amazon_2023_Instruments/Oct-03-2026_15-35-31/HG_Rec_best.pth
2026-10-03 15:48:25,611 - INFO - Epoch 66/150 train_loss=2.0322641944885254
2026-10-03 15:48:25,658 - INFO - Best train loss=2.0322641944885254; saved /fs04/ar57/wenyu/GeneRec/results/stage3_T5Train/curvature_RQ-VAE/ckpt/Amazon_2023_Instruments/Oct-03-2026_15-35-31/HG_Rec_best.pth
2026-10-03 15:48:37,262 - INFO - Epoch 67/150 train_loss=2.0263297843933104
2026-10-03 15:48:37,298 - INFO - Best train loss=2.0263297843933104; saved /fs04/ar57/wenyu/GeneRec/results/stage3_T5Train/curvature_RQ-VAE/ckpt/Amazon_2023_Instruments/Oct-03-2026_15-35-31/HG_Rec_best.pth
2026-10-03 15:48:48,903 - INFO - Epoch 68/150 train_loss=2.0251778602600097
2026-10-03 15:48:48,939 - INFO - Best train loss=2.0251778602600097; saved /fs04/ar57/wenyu/GeneRec/results/stage3_T5Train/curvature_RQ-VAE/ckpt/Amazon_2023_Instruments/Oct-03-2026_15-35-31/HG_Rec_best.pth
2026-10-03 15:49:00,537 - INFO - Epoch 69/150 train_loss=2.0244383335113527
2026-10-03 15:49:00,573 - INFO - Best train loss=2.0244383335113527; saved /fs04/ar57/wenyu/GeneRec/results/stage3_T5Train/curvature_RQ-VAE/ckpt/Amazon_2023_Instruments/Oct-03-2026_15-35-31/HG_Rec_best.pth
2026-10-03 15:49:12,170 - INFO - Epoch 70/150 train_loss=2.018032627105713
2026-10-03 15:49:12,207 - INFO - Best train loss=2.018032627105713; saved /fs04/ar57/wenyu/GeneRec/results/stage3_T5Train/curvature_RQ-VAE/ckpt/Amazon_2023_Instruments/Oct-03-2026_15-35-31/HG_Rec_best.pth
2026-10-03 15:49:23,903 - INFO - Epoch 71/150 train_loss=2.014346170425415
2026-10-03 15:49:23,953 - INFO - Best train loss=2.014346170425415; saved /fs04/ar57/wenyu/GeneRec/results/stage3_T5Train/curvature_RQ-VAE/ckpt/Amazon_2023_Instruments/Oct-03-2026_15-35-31/HG_Rec_best.pth
2026-10-03 15:49:35,555 - INFO - Epoch 72/150 train_loss=2.0096335220336914
2026-10-03 15:49:35,590 - INFO - Best train loss=2.0096335220336914; saved /fs04/ar57/wenyu/GeneRec/results/stage3_T5Train/curvature_RQ-VAE/ckpt/Amazon_2023_Instruments/Oct-03-2026_15-35-31/HG_Rec_best.pth
2026-10-03 15:49:47,196 - INFO - Epoch 73/150 train_loss=2.0010667610168458
2026-10-03 15:49:47,231 - INFO - Best train loss=2.0010667610168458; saved /fs04/ar57/wenyu/GeneRec/results/stage3_T5Train/curvature_RQ-VAE/ckpt/Amazon_2023_Instruments/Oct-03-2026_15-35-31/HG_Rec_best.pth
2026-10-03 15:49:58,837 - INFO - Epoch 74/150 train_loss=2.004181213378906
2026-10-03 15:50:10,447 - INFO - Epoch 75/150 train_loss=2.0015632057189943
2026-10-03 15:50:22,052 - INFO - Epoch 76/150 train_loss=1.9973367023468018
2026-10-03 15:50:22,091 - INFO - Best train loss=1.9973367023468018; saved /fs04/ar57/wenyu/GeneRec/results/stage3_T5Train/curvature_RQ-VAE/ckpt/Amazon_2023_Instruments/Oct-03-2026_15-35-31/HG_Rec_best.pth
2026-10-03 15:50:33,697 - INFO - Epoch 77/150 train_loss=1.9920535469055176
2026-10-03 15:50:33,732 - INFO - Best train loss=1.9920535469055176; saved /fs04/ar57/wenyu/GeneRec/results/stage3_T5Train/curvature_RQ-VAE/ckpt/Amazon_2023_Instruments/Oct-03-2026_15-35-31/HG_Rec_best.pth
2026-10-03 15:50:45,341 - INFO - Epoch 78/150 train_loss=1.9895631980895996
2026-10-03 15:50:45,378 - INFO - Best train loss=1.9895631980895996; saved /fs04/ar57/wenyu/GeneRec/results/stage3_T5Train/curvature_RQ-VAE/ckpt/Amazon_2023_Instruments/Oct-03-2026_15-35-31/HG_Rec_best.pth
2026-10-03 15:50:56,979 - INFO - Epoch 79/150 train_loss=1.9880581760406495
2026-10-03 15:50:57,014 - INFO - Best train loss=1.9880581760406495; saved /fs04/ar57/wenyu/GeneRec/results/stage3_T5Train/curvature_RQ-VAE/ckpt/Amazon_2023_Instruments/Oct-03-2026_15-35-31/HG_Rec_best.pth
2026-10-03 15:51:08,613 - INFO - Epoch 80/150 train_loss=1.9841365146636962
2026-10-03 15:51:09,197 - INFO - Best train loss=1.9841365146636962; saved /fs04/ar57/wenyu/GeneRec/results/stage3_T5Train/curvature_RQ-VAE/ckpt/Amazon_2023_Instruments/Oct-03-2026_15-35-31/HG_Rec_best.pth
2026-10-03 15:51:20,796 - INFO - Epoch 81/150 train_loss=1.9819038772583009
2026-10-03 15:51:20,830 - INFO - Best train loss=1.9819038772583009; saved /fs04/ar57/wenyu/GeneRec/results/stage3_T5Train/curvature_RQ-VAE/ckpt/Amazon_2023_Instruments/Oct-03-2026_15-35-31/HG_Rec_best.pth
2026-10-03 15:51:32,426 - INFO - Epoch 82/150 train_loss=1.9779858303070068
2026-10-03 15:51:32,461 - INFO - Best train loss=1.9779858303070068; saved /fs04/ar57/wenyu/GeneRec/results/stage3_T5Train/curvature_RQ-VAE/ckpt/Amazon_2023_Instruments/Oct-03-2026_15-35-31/HG_Rec_best.pth
2026-10-03 15:51:44,058 - INFO - Epoch 83/150 train_loss=1.9777695989608766
2026-10-03 15:51:44,093 - INFO - Best train loss=1.9777695989608766; saved /fs04/ar57/wenyu/GeneRec/results/stage3_T5Train/curvature_RQ-VAE/ckpt/Amazon_2023_Instruments/Oct-03-2026_15-35-31/HG_Rec_best.pth
2026-10-03 15:51:55,701 - INFO - Epoch 84/150 train_loss=1.9710416030883788
2026-10-03 15:51:55,737 - INFO - Best train loss=1.9710416030883788; saved /fs04/ar57/wenyu/GeneRec/results/stage3_T5Train/curvature_RQ-VAE/ckpt/Amazon_2023_Instruments/Oct-03-2026_15-35-31/HG_Rec_best.pth
2026-10-03 15:52:07,345 - INFO - Epoch 85/150 train_loss=1.9715349578857422
2026-10-03 15:52:18,951 - INFO - Epoch 86/150 train_loss=1.9671224975585937
2026-10-03 15:52:18,989 - INFO - Best train loss=1.9671224975585937; saved /fs04/ar57/wenyu/GeneRec/results/stage3_T5Train/curvature_RQ-VAE/ckpt/Amazon_2023_Instruments/Oct-03-2026_15-35-31/HG_Rec_best.pth
2026-10-03 15:52:30,590 - INFO - Epoch 87/150 train_loss=1.9667750024795532
2026-10-03 15:52:30,635 - INFO - Best train loss=1.9667750024795532; saved /fs04/ar57/wenyu/GeneRec/results/stage3_T5Train/curvature_RQ-VAE/ckpt/Amazon_2023_Instruments/Oct-03-2026_15-35-31/HG_Rec_best.pth
2026-10-03 15:52:42,239 - INFO - Epoch 88/150 train_loss=1.9603990936279296
2026-10-03 15:52:42,276 - INFO - Best train loss=1.9603990936279296; saved /fs04/ar57/wenyu/GeneRec/results/stage3_T5Train/curvature_RQ-VAE/ckpt/Amazon_2023_Instruments/Oct-03-2026_15-35-31/HG_Rec_best.pth
2026-10-03 15:52:53,881 - INFO - Epoch 89/150 train_loss=1.9601335382461549
2026-10-03 15:52:53,917 - INFO - Best train loss=1.9601335382461549; saved /fs04/ar57/wenyu/GeneRec/results/stage3_T5Train/curvature_RQ-VAE/ckpt/Amazon_2023_Instruments/Oct-03-2026_15-35-31/HG_Rec_best.pth
2026-10-03 15:53:05,520 - INFO - Epoch 90/150 train_loss=1.9561569118499755
2026-10-03 15:53:05,557 - INFO - Best train loss=1.9561569118499755; saved /fs04/ar57/wenyu/GeneRec/results/stage3_T5Train/curvature_RQ-VAE/ckpt/Amazon_2023_Instruments/Oct-03-2026_15-35-31/HG_Rec_best.pth
2026-10-03 15:53:17,160 - INFO - Epoch 91/150 train_loss=1.9551970863342285
2026-10-03 15:53:17,199 - INFO - Best train loss=1.9551970863342285; saved /fs04/ar57/wenyu/GeneRec/results/stage3_T5Train/curvature_RQ-VAE/ckpt/Amazon_2023_Instruments/Oct-03-2026_15-35-31/HG_Rec_best.pth
2026-10-03 15:53:29,254 - INFO - Epoch 92/150 train_loss=1.9544689464569092
2026-10-03 15:53:29,289 - INFO - Best train loss=1.9544689464569092; saved /fs04/ar57/wenyu/GeneRec/results/stage3_T5Train/curvature_RQ-VAE/ckpt/Amazon_2023_Instruments/Oct-03-2026_15-35-31/HG_Rec_best.pth
2026-10-03 15:53:40,890 - INFO - Epoch 93/150 train_loss=1.950868010520935
2026-10-03 15:53:40,928 - INFO - Best train loss=1.950868010520935; saved /fs04/ar57/wenyu/GeneRec/results/stage3_T5Train/curvature_RQ-VAE/ckpt/Amazon_2023_Instruments/Oct-03-2026_15-35-31/HG_Rec_best.pth
2026-10-03 15:53:52,531 - INFO - Epoch 94/150 train_loss=1.9509023714065552
2026-10-03 15:54:04,138 - INFO - Epoch 95/150 train_loss=1.9462925720214843
2026-10-03 15:54:04,183 - INFO - Best train loss=1.9462925720214843; saved /fs04/ar57/wenyu/GeneRec/results/stage3_T5Train/curvature_RQ-VAE/ckpt/Amazon_2023_Instruments/Oct-03-2026_15-35-31/HG_Rec_best.pth
2026-10-03 15:54:15,788 - INFO - Epoch 96/150 train_loss=1.944436240196228
2026-10-03 15:54:15,824 - INFO - Best train loss=1.944436240196228; saved /fs04/ar57/wenyu/GeneRec/results/stage3_T5Train/curvature_RQ-VAE/ckpt/Amazon_2023_Instruments/Oct-03-2026_15-35-31/HG_Rec_best.pth
2026-10-03 15:54:27,431 - INFO - Epoch 97/150 train_loss=1.9431153678894042
2026-10-03 15:54:27,466 - INFO - Best train loss=1.9431153678894042; saved /fs04/ar57/wenyu/GeneRec/results/stage3_T5Train/curvature_RQ-VAE/ckpt/Amazon_2023_Instruments/Oct-03-2026_15-35-31/HG_Rec_best.pth
2026-10-03 15:54:39,070 - INFO - Epoch 98/150 train_loss=1.9408578872680664
2026-10-03 15:54:39,106 - INFO - Best train loss=1.9408578872680664; saved /fs04/ar57/wenyu/GeneRec/results/stage3_T5Train/curvature_RQ-VAE/ckpt/Amazon_2023_Instruments/Oct-03-2026_15-35-31/HG_Rec_best.pth
2026-10-03 15:54:50,715 - INFO - Epoch 99/150 train_loss=1.9398683023452759
2026-10-03 15:54:50,751 - INFO - Best train loss=1.9398683023452759; saved /fs04/ar57/wenyu/GeneRec/results/stage3_T5Train/curvature_RQ-VAE/ckpt/Amazon_2023_Instruments/Oct-03-2026_15-35-31/HG_Rec_best.pth
2026-10-03 15:55:02,357 - INFO - Epoch 100/150 train_loss=1.9370112228393555
2026-10-03 15:55:02,393 - INFO - Best train loss=1.9370112228393555; saved /fs04/ar57/wenyu/GeneRec/results/stage3_T5Train/curvature_RQ-VAE/ckpt/Amazon_2023_Instruments/Oct-03-2026_15-35-31/HG_Rec_best.pth
2026-10-03 15:55:13,999 - INFO - Epoch 101/150 train_loss=1.934463725090027
2026-10-03 15:55:14,035 - INFO - Best train loss=1.934463725090027; saved /fs04/ar57/wenyu/GeneRec/results/stage3_T5Train/curvature_RQ-VAE/ckpt/Amazon_2023_Instruments/Oct-03-2026_15-35-31/HG_Rec_best.pth
2026-10-03 15:55:25,640 - INFO - Epoch 102/150 train_loss=1.936077127456665
2026-10-03 15:55:37,269 - INFO - Epoch 103/150 train_loss=1.9313848257064818
2026-10-03 15:55:37,308 - INFO - Best train loss=1.9313848257064818; saved /fs04/ar57/wenyu/GeneRec/results/stage3_T5Train/curvature_RQ-VAE/ckpt/Amazon_2023_Instruments/Oct-03-2026_15-35-31/HG_Rec_best.pth
2026-10-03 15:55:49,633 - INFO - Epoch 104/150 train_loss=1.9280844306945801
2026-10-03 15:55:49,667 - INFO - Best train loss=1.9280844306945801; saved /fs04/ar57/wenyu/GeneRec/results/stage3_T5Train/curvature_RQ-VAE/ckpt/Amazon_2023_Instruments/Oct-03-2026_15-35-31/HG_Rec_best.pth
2026-10-03 15:56:01,356 - INFO - Epoch 105/150 train_loss=1.9300217390060426
2026-10-03 15:56:12,972 - INFO - Epoch 106/150 train_loss=1.9232142686843872
2026-10-03 15:56:13,013 - INFO - Best train loss=1.9232142686843872; saved /fs04/ar57/wenyu/GeneRec/results/stage3_T5Train/curvature_RQ-VAE/ckpt/Amazon_2023_Instruments/Oct-03-2026_15-35-31/HG_Rec_best.pth
2026-10-03 15:56:24,622 - INFO - Epoch 107/150 train_loss=1.9251126432418824
2026-10-03 15:56:36,229 - INFO - Epoch 108/150 train_loss=1.923260316848755
2026-10-03 15:56:47,864 - INFO - Epoch 109/150 train_loss=1.9194319295883178
2026-10-03 15:56:47,899 - INFO - Best train loss=1.9194319295883178; saved /fs04/ar57/wenyu/GeneRec/results/stage3_T5Train/curvature_RQ-VAE/ckpt/Amazon_2023_Instruments/Oct-03-2026_15-35-31/HG_Rec_best.pth
2026-10-03 15:56:59,498 - INFO - Epoch 110/150 train_loss=1.9178222799301148
2026-10-03 15:56:59,533 - INFO - Best train loss=1.9178222799301148; saved /fs04/ar57/wenyu/GeneRec/results/stage3_T5Train/curvature_RQ-VAE/ckpt/Amazon_2023_Instruments/Oct-03-2026_15-35-31/HG_Rec_best.pth
2026-10-03 15:57:11,137 - INFO - Epoch 111/150 train_loss=1.9160091257095337
2026-10-03 15:57:11,173 - INFO - Best train loss=1.9160091257095337; saved /fs04/ar57/wenyu/GeneRec/results/stage3_T5Train/curvature_RQ-VAE/ckpt/Amazon_2023_Instruments/Oct-03-2026_15-35-31/HG_Rec_best.pth
2026-10-03 15:57:22,774 - INFO - Epoch 112/150 train_loss=1.9155458736419677
2026-10-03 15:57:22,808 - INFO - Best train loss=1.9155458736419677; saved /fs04/ar57/wenyu/GeneRec/results/stage3_T5Train/curvature_RQ-VAE/ckpt/Amazon_2023_Instruments/Oct-03-2026_15-35-31/HG_Rec_best.pth
2026-10-03 15:57:34,408 - INFO - Epoch 113/150 train_loss=1.9146189212799072
2026-10-03 15:57:34,443 - INFO - Best train loss=1.9146189212799072; saved /fs04/ar57/wenyu/GeneRec/results/stage3_T5Train/curvature_RQ-VAE/ckpt/Amazon_2023_Instruments/Oct-03-2026_15-35-31/HG_Rec_best.pth
2026-10-03 15:57:46,048 - INFO - Epoch 114/150 train_loss=1.911782784461975
2026-10-03 15:57:46,083 - INFO - Best train loss=1.911782784461975; saved /fs04/ar57/wenyu/GeneRec/results/stage3_T5Train/curvature_RQ-VAE/ckpt/Amazon_2023_Instruments/Oct-03-2026_15-35-31/HG_Rec_best.pth
2026-10-03 15:57:57,691 - INFO - Epoch 115/150 train_loss=1.9122261571884156
2026-10-03 15:58:09,299 - INFO - Epoch 116/150 train_loss=1.9094885396957397
2026-10-03 15:58:09,339 - INFO - Best train loss=1.9094885396957397; saved /fs04/ar57/wenyu/GeneRec/results/stage3_T5Train/curvature_RQ-VAE/ckpt/Amazon_2023_Instruments/Oct-03-2026_15-35-31/HG_Rec_best.pth
2026-10-03 15:58:23,258 - INFO - Epoch 117/150 train_loss=1.9086087369918823
2026-10-03 15:58:23,301 - INFO - Best train loss=1.9086087369918823; saved /fs04/ar57/wenyu/GeneRec/results/stage3_T5Train/curvature_RQ-VAE/ckpt/Amazon_2023_Instruments/Oct-03-2026_15-35-31/HG_Rec_best.pth
2026-10-03 15:58:35,009 - INFO - Epoch 118/150 train_loss=1.9043140983581544
2026-10-03 15:58:35,045 - INFO - Best train loss=1.9043140983581544; saved /fs04/ar57/wenyu/GeneRec/results/stage3_T5Train/curvature_RQ-VAE/ckpt/Amazon_2023_Instruments/Oct-03-2026_15-35-31/HG_Rec_best.pth
2026-10-03 15:58:46,644 - INFO - Epoch 119/150 train_loss=1.9044104194641114
2026-10-03 15:58:58,247 - INFO - Epoch 120/150 train_loss=1.902819790840149
2026-10-03 15:58:58,292 - INFO - Best train loss=1.902819790840149; saved /fs04/ar57/wenyu/GeneRec/results/stage3_T5Train/curvature_RQ-VAE/ckpt/Amazon_2023_Instruments/Oct-03-2026_15-35-31/HG_Rec_best.pth
2026-10-03 15:59:09,897 - INFO - Epoch 121/150 train_loss=1.9015827226638793
2026-10-03 15:59:09,935 - INFO - Best train loss=1.9015827226638793; saved /fs04/ar57/wenyu/GeneRec/results/stage3_T5Train/curvature_RQ-VAE/ckpt/Amazon_2023_Instruments/Oct-03-2026_15-35-31/HG_Rec_best.pth
2026-10-03 15:59:21,534 - INFO - Epoch 122/150 train_loss=1.9005197477340698
2026-10-03 15:59:21,569 - INFO - Best train loss=1.9005197477340698; saved /fs04/ar57/wenyu/GeneRec/results/stage3_T5Train/curvature_RQ-VAE/ckpt/Amazon_2023_Instruments/Oct-03-2026_15-35-31/HG_Rec_best.pth
2026-10-03 15:59:33,324 - INFO - Epoch 123/150 train_loss=1.8968408679962159
2026-10-03 15:59:33,376 - INFO - Best train loss=1.8968408679962159; saved /fs04/ar57/wenyu/GeneRec/results/stage3_T5Train/curvature_RQ-VAE/ckpt/Amazon_2023_Instruments/Oct-03-2026_15-35-31/HG_Rec_best.pth
2026-10-03 15:59:45,168 - INFO - Epoch 124/150 train_loss=1.8974170923233031
2026-10-03 15:59:56,819 - INFO - Epoch 125/150 train_loss=1.8972939825057984
2026-10-03 16:00:08,423 - INFO - Epoch 126/150 train_loss=1.896236538887024
2026-10-03 16:00:08,461 - INFO - Best train loss=1.896236538887024; saved /fs04/ar57/wenyu/GeneRec/results/stage3_T5Train/curvature_RQ-VAE/ckpt/Amazon_2023_Instruments/Oct-03-2026_15-35-31/HG_Rec_best.pth
2026-10-03 16:00:20,067 - INFO - Epoch 127/150 train_loss=1.8937938022613525
2026-10-03 16:00:20,103 - INFO - Best train loss=1.8937938022613525; saved /fs04/ar57/wenyu/GeneRec/results/stage3_T5Train/curvature_RQ-VAE/ckpt/Amazon_2023_Instruments/Oct-03-2026_15-35-31/HG_Rec_best.pth
2026-10-03 16:00:31,709 - INFO - Epoch 128/150 train_loss=1.8970015001296998
2026-10-03 16:00:43,314 - INFO - Epoch 129/150 train_loss=1.8911669731140137
2026-10-03 16:00:43,353 - INFO - Best train loss=1.8911669731140137; saved /fs04/ar57/wenyu/GeneRec/results/stage3_T5Train/curvature_RQ-VAE/ckpt/Amazon_2023_Instruments/Oct-03-2026_15-35-31/HG_Rec_best.pth
2026-10-03 16:00:54,955 - INFO - Epoch 130/150 train_loss=1.892815408706665
2026-10-03 16:01:06,563 - INFO - Epoch 131/150 train_loss=1.8897345018386842
2026-10-03 16:01:06,602 - INFO - Best train loss=1.8897345018386842; saved /fs04/ar57/wenyu/GeneRec/results/stage3_T5Train/curvature_RQ-VAE/ckpt/Amazon_2023_Instruments/Oct-03-2026_15-35-31/HG_Rec_best.pth
2026-10-03 16:01:18,207 - INFO - Epoch 132/150 train_loss=1.88888738155365
2026-10-03 16:01:18,243 - INFO - Best train loss=1.88888738155365; saved /fs04/ar57/wenyu/GeneRec/results/stage3_T5Train/curvature_RQ-VAE/ckpt/Amazon_2023_Instruments/Oct-03-2026_15-35-31/HG_Rec_best.pth
2026-10-03 16:01:29,855 - INFO - Epoch 133/150 train_loss=1.8898615407943726
2026-10-03 16:01:41,461 - INFO - Epoch 134/150 train_loss=1.8867732572555542
2026-10-03 16:01:41,495 - INFO - Best train loss=1.8867732572555542; saved /fs04/ar57/wenyu/GeneRec/results/stage3_T5Train/curvature_RQ-VAE/ckpt/Amazon_2023_Instruments/Oct-03-2026_15-35-31/HG_Rec_best.pth
2026-10-03 16:01:53,106 - INFO - Epoch 135/150 train_loss=1.8850779485702516
2026-10-03 16:01:53,143 - INFO - Best train loss=1.8850779485702516; saved /fs04/ar57/wenyu/GeneRec/results/stage3_T5Train/curvature_RQ-VAE/ckpt/Amazon_2023_Instruments/Oct-03-2026_15-35-31/HG_Rec_best.pth
2026-10-03 16:02:04,743 - INFO - Epoch 136/150 train_loss=1.8858819389343262
2026-10-03 16:02:16,354 - INFO - Epoch 137/150 train_loss=1.8861581325531005
2026-10-03 16:02:27,955 - INFO - Epoch 138/150 train_loss=1.8858814907073975
2026-10-03 16:02:39,568 - INFO - Epoch 139/150 train_loss=1.8814883279800414
2026-10-03 16:02:39,617 - INFO - Best train loss=1.8814883279800414; saved /fs04/ar57/wenyu/GeneRec/results/stage3_T5Train/curvature_RQ-VAE/ckpt/Amazon_2023_Instruments/Oct-03-2026_15-35-31/HG_Rec_best.pth
2026-10-03 16:02:51,226 - INFO - Epoch 140/150 train_loss=1.882206916809082
2026-10-03 16:03:02,834 - INFO - Epoch 141/150 train_loss=1.8846499586105347
2026-10-03 16:03:14,439 - INFO - Epoch 142/150 train_loss=1.8819239044189453
2026-10-03 16:03:26,057 - INFO - Epoch 143/150 train_loss=1.8794743299484253
2026-10-03 16:03:26,093 - INFO - Best train loss=1.8794743299484253; saved /fs04/ar57/wenyu/GeneRec/results/stage3_T5Train/curvature_RQ-VAE/ckpt/Amazon_2023_Instruments/Oct-03-2026_15-35-31/HG_Rec_best.pth
2026-10-03 16:03:37,692 - INFO - Epoch 144/150 train_loss=1.8764264011383056
2026-10-03 16:03:37,727 - INFO - Best train loss=1.8764264011383056; saved /fs04/ar57/wenyu/GeneRec/results/stage3_T5Train/curvature_RQ-VAE/ckpt/Amazon_2023_Instruments/Oct-03-2026_15-35-31/HG_Rec_best.pth
2026-10-03 16:03:49,336 - INFO - Epoch 145/150 train_loss=1.8768531417846679
2026-10-03 16:04:00,945 - INFO - Epoch 146/150 train_loss=1.8767742824554443
2026-10-03 16:04:12,553 - INFO - Epoch 147/150 train_loss=1.8738355207443238
2026-10-03 16:04:12,591 - INFO - Best train loss=1.8738355207443238; saved /fs04/ar57/wenyu/GeneRec/results/stage3_T5Train/curvature_RQ-VAE/ckpt/Amazon_2023_Instruments/Oct-03-2026_15-35-31/HG_Rec_best.pth
2026-10-03 16:04:24,202 - INFO - Epoch 148/150 train_loss=1.8741675996780396
2026-10-03 16:04:35,805 - INFO - Epoch 149/150 train_loss=1.8742507743835448
2026-10-03 16:04:47,418 - INFO - Epoch 150/150 train_loss=1.8717518758773803
2026-10-03 16:04:47,457 - INFO - Best train loss=1.8717518758773803; saved /fs04/ar57/wenyu/GeneRec/results/stage3_T5Train/curvature_RQ-VAE/ckpt/Amazon_2023_Instruments/Oct-03-2026_15-35-31/HG_Rec_best.pth
2026-10-03 16:12:23,219 - INFO - Test={'best_checkpoint': '/fs04/ar57/wenyu/GeneRec/results/stage3_T5Train/curvature_RQ-VAE/ckpt/Amazon_2023_Instruments/Oct-03-2026_15-35-31/HG_Rec_best.pth', 'n_eval': 57439, 'test_recall@5': 0.03497623565869879, 'test_recall@10': 0.053064990685770995, 'test_ndcg@5': 0.023055921634182523, 'test_ndcg@10': 0.028868655009079366}
