2026-09-29 13:49:12,938 - INFO - Configuration: {'batch_size': 4096, 'infer_size': 1024, 'num_epochs': 150, 'eval_interval': 5, 'eval_start_epoch': 75, 'early_eval_epochs': (25, 50, 75, 100, 125), 'fast': True, 'bf16': True, 'use_lr_scheduler': True, 'lr_warmup_pct': 0.1, 'lr_min_factor': 0.2, 'compile': False, 'compile_mode': 'default', 'num_layers': 4, 'num_decoder_layers': 4, 'd_model': 128, 'd_ff': 1024, 'num_heads': 6, 'd_kv': 64, 'dropout_rate': 0.1, 'activation_function': 'relu', 'feed_forward_proj': 'relu', 'device': 'cuda', 'lr': 0.003, 'weight_decay': 0.05, 'vocab_size': 789, 'eos_token_id': 788, 'pad_token_id': 0, 'n_user_tokens': 1, 'max_len': 20, 'dataset_name': 'Amazon_2023_Instruments', 'dataset_path': '/home/wlia0047/ar57/wenyu/GeneRec/results/stage0_build_parquet/', 'codebook_size': [256, 256, 256, 1], 'code_path': '/home/wlia0047/ar57/wenyu/GeneRec/results/stage2_RQ-VAE/curvature_RQ-VAE_iter48/versions/TIGERBaseline/item_sids.json', 'train_file': 'train.parquet', 'valid_file': 'valid.parquet', 'test_file': 'test.parquet', 'log_path': '/home/wlia0047/ar57/wenyu/GeneRec/results/stage3_T5Train/curvature_RQ-VAE_iter48/logs/ablation/TIGERBaseline/', 'save_path': '/home/wlia0047/ar57/wenyu/GeneRec/results/stage3_T5Train/curvature_RQ-VAE_iter48/ckpt/ablation/TIGERBaseline/', 'seed': 42, 'topk_list': [5, 10], 'beam_size': 20, 'no_eval': True, 'skip_test': False, 'screen_baseline_log': '', 'screen_start_epoch': 40, 'screen_window': 5, 'screen_min_ndcg_gain': 0.001, 'screen_min_recall_gain': 0.001, 'num_workers': 4, 'prefetch_factor': 8, 'exclude_history': True, 'no_exclude_history': False, 'pin_memory': True, 'no_pin_memory': False, 'sid_length': 4, 'max_token_seq_len': 82, 'decoder_start_token_id': 0}
2026-09-29 13:49:13,042 - INFO - #Embedding parameters: 100992
#Non-embedding parameters: 4459648
#Total trainable parameters: 4560640

2026-09-29 13:49:27,436 - INFO - Epoch 1/150 train_loss=4.77938928604126
2026-09-29 13:49:27,515 - INFO - Best train loss=4.77938928604126; saved /home/wlia0047/ar57/wenyu/GeneRec/results/stage3_T5Train/curvature_RQ-VAE_iter48/ckpt/ablation/TIGERBaseline/Amazon_2023_Instruments/Sep-29-2026_13-49-12/HG_Rec_best.pth
2026-09-29 13:49:39,135 - INFO - Epoch 2/150 train_loss=4.071605863571167
2026-09-29 13:49:39,172 - INFO - Best train loss=4.071605863571167; saved /home/wlia0047/ar57/wenyu/GeneRec/results/stage3_T5Train/curvature_RQ-VAE_iter48/ckpt/ablation/TIGERBaseline/Amazon_2023_Instruments/Sep-29-2026_13-49-12/HG_Rec_best.pth
2026-09-29 13:49:50,780 - INFO - Epoch 3/150 train_loss=3.8448333835601805
2026-09-29 13:49:50,817 - INFO - Best train loss=3.8448333835601805; saved /home/wlia0047/ar57/wenyu/GeneRec/results/stage3_T5Train/curvature_RQ-VAE_iter48/ckpt/ablation/TIGERBaseline/Amazon_2023_Instruments/Sep-29-2026_13-49-12/HG_Rec_best.pth
2026-09-29 13:50:02,413 - INFO - Epoch 4/150 train_loss=3.652094621658325
2026-09-29 13:50:02,450 - INFO - Best train loss=3.652094621658325; saved /home/wlia0047/ar57/wenyu/GeneRec/results/stage3_T5Train/curvature_RQ-VAE_iter48/ckpt/ablation/TIGERBaseline/Amazon_2023_Instruments/Sep-29-2026_13-49-12/HG_Rec_best.pth
2026-09-29 13:50:14,046 - INFO - Epoch 5/150 train_loss=3.4586658573150633
2026-09-29 13:50:14,084 - INFO - Best train loss=3.4586658573150633; saved /home/wlia0047/ar57/wenyu/GeneRec/results/stage3_T5Train/curvature_RQ-VAE_iter48/ckpt/ablation/TIGERBaseline/Amazon_2023_Instruments/Sep-29-2026_13-49-12/HG_Rec_best.pth
2026-09-29 13:50:25,691 - INFO - Epoch 6/150 train_loss=3.279346647262573
2026-09-29 13:50:25,726 - INFO - Best train loss=3.279346647262573; saved /home/wlia0047/ar57/wenyu/GeneRec/results/stage3_T5Train/curvature_RQ-VAE_iter48/ckpt/ablation/TIGERBaseline/Amazon_2023_Instruments/Sep-29-2026_13-49-12/HG_Rec_best.pth
2026-09-29 13:50:37,337 - INFO - Epoch 7/150 train_loss=3.1132787704467773
2026-09-29 13:50:37,372 - INFO - Best train loss=3.1132787704467773; saved /home/wlia0047/ar57/wenyu/GeneRec/results/stage3_T5Train/curvature_RQ-VAE_iter48/ckpt/ablation/TIGERBaseline/Amazon_2023_Instruments/Sep-29-2026_13-49-12/HG_Rec_best.pth
2026-09-29 13:50:48,985 - INFO - Epoch 8/150 train_loss=3.2868617820739745
2026-09-29 13:51:00,594 - INFO - Epoch 9/150 train_loss=3.067720127105713
2026-09-29 13:51:00,629 - INFO - Best train loss=3.067720127105713; saved /home/wlia0047/ar57/wenyu/GeneRec/results/stage3_T5Train/curvature_RQ-VAE_iter48/ckpt/ablation/TIGERBaseline/Amazon_2023_Instruments/Sep-29-2026_13-49-12/HG_Rec_best.pth
2026-09-29 13:51:12,230 - INFO - Epoch 10/150 train_loss=2.911572856903076
2026-09-29 13:51:12,268 - INFO - Best train loss=2.911572856903076; saved /home/wlia0047/ar57/wenyu/GeneRec/results/stage3_T5Train/curvature_RQ-VAE_iter48/ckpt/ablation/TIGERBaseline/Amazon_2023_Instruments/Sep-29-2026_13-49-12/HG_Rec_best.pth
2026-09-29 13:51:23,875 - INFO - Epoch 11/150 train_loss=2.81568829536438
2026-09-29 13:51:23,912 - INFO - Best train loss=2.81568829536438; saved /home/wlia0047/ar57/wenyu/GeneRec/results/stage3_T5Train/curvature_RQ-VAE_iter48/ckpt/ablation/TIGERBaseline/Amazon_2023_Instruments/Sep-29-2026_13-49-12/HG_Rec_best.pth
2026-09-29 13:51:35,519 - INFO - Epoch 12/150 train_loss=2.7365839099884033
2026-09-29 13:51:35,555 - INFO - Best train loss=2.7365839099884033; saved /home/wlia0047/ar57/wenyu/GeneRec/results/stage3_T5Train/curvature_RQ-VAE_iter48/ckpt/ablation/TIGERBaseline/Amazon_2023_Instruments/Sep-29-2026_13-49-12/HG_Rec_best.pth
2026-09-29 13:51:47,164 - INFO - Epoch 13/150 train_loss=2.671036558151245
2026-09-29 13:51:47,200 - INFO - Best train loss=2.671036558151245; saved /home/wlia0047/ar57/wenyu/GeneRec/results/stage3_T5Train/curvature_RQ-VAE_iter48/ckpt/ablation/TIGERBaseline/Amazon_2023_Instruments/Sep-29-2026_13-49-12/HG_Rec_best.pth
2026-09-29 13:51:58,803 - INFO - Epoch 14/150 train_loss=2.61027756690979
2026-09-29 13:51:58,840 - INFO - Best train loss=2.61027756690979; saved /home/wlia0047/ar57/wenyu/GeneRec/results/stage3_T5Train/curvature_RQ-VAE_iter48/ckpt/ablation/TIGERBaseline/Amazon_2023_Instruments/Sep-29-2026_13-49-12/HG_Rec_best.pth
2026-09-29 13:52:10,445 - INFO - Epoch 15/150 train_loss=2.5590415382385254
2026-09-29 13:52:10,481 - INFO - Best train loss=2.5590415382385254; saved /home/wlia0047/ar57/wenyu/GeneRec/results/stage3_T5Train/curvature_RQ-VAE_iter48/ckpt/ablation/TIGERBaseline/Amazon_2023_Instruments/Sep-29-2026_13-49-12/HG_Rec_best.pth
2026-09-29 13:52:22,079 - INFO - Epoch 16/150 train_loss=2.511590528488159
2026-09-29 13:52:22,116 - INFO - Best train loss=2.511590528488159; saved /home/wlia0047/ar57/wenyu/GeneRec/results/stage3_T5Train/curvature_RQ-VAE_iter48/ckpt/ablation/TIGERBaseline/Amazon_2023_Instruments/Sep-29-2026_13-49-12/HG_Rec_best.pth
2026-09-29 13:52:33,721 - INFO - Epoch 17/150 train_loss=2.4646315956115723
2026-09-29 13:52:33,756 - INFO - Best train loss=2.4646315956115723; saved /home/wlia0047/ar57/wenyu/GeneRec/results/stage3_T5Train/curvature_RQ-VAE_iter48/ckpt/ablation/TIGERBaseline/Amazon_2023_Instruments/Sep-29-2026_13-49-12/HG_Rec_best.pth
2026-09-29 13:52:45,931 - INFO - Epoch 18/150 train_loss=2.4371094703674316
2026-09-29 13:52:45,969 - INFO - Best train loss=2.4371094703674316; saved /home/wlia0047/ar57/wenyu/GeneRec/results/stage3_T5Train/curvature_RQ-VAE_iter48/ckpt/ablation/TIGERBaseline/Amazon_2023_Instruments/Sep-29-2026_13-49-12/HG_Rec_best.pth
2026-09-29 13:52:57,571 - INFO - Epoch 19/150 train_loss=2.404710988998413
2026-09-29 13:52:57,606 - INFO - Best train loss=2.404710988998413; saved /home/wlia0047/ar57/wenyu/GeneRec/results/stage3_T5Train/curvature_RQ-VAE_iter48/ckpt/ablation/TIGERBaseline/Amazon_2023_Instruments/Sep-29-2026_13-49-12/HG_Rec_best.pth
2026-09-29 13:53:09,213 - INFO - Epoch 20/150 train_loss=2.373230314254761
2026-09-29 13:53:09,247 - INFO - Best train loss=2.373230314254761; saved /home/wlia0047/ar57/wenyu/GeneRec/results/stage3_T5Train/curvature_RQ-VAE_iter48/ckpt/ablation/TIGERBaseline/Amazon_2023_Instruments/Sep-29-2026_13-49-12/HG_Rec_best.pth
2026-09-29 13:53:20,861 - INFO - Epoch 21/150 train_loss=2.348826541900635
2026-09-29 13:53:20,898 - INFO - Best train loss=2.348826541900635; saved /home/wlia0047/ar57/wenyu/GeneRec/results/stage3_T5Train/curvature_RQ-VAE_iter48/ckpt/ablation/TIGERBaseline/Amazon_2023_Instruments/Sep-29-2026_13-49-12/HG_Rec_best.pth
2026-09-29 13:53:32,495 - INFO - Epoch 22/150 train_loss=2.325964479446411
2026-09-29 13:53:32,532 - INFO - Best train loss=2.325964479446411; saved /home/wlia0047/ar57/wenyu/GeneRec/results/stage3_T5Train/curvature_RQ-VAE_iter48/ckpt/ablation/TIGERBaseline/Amazon_2023_Instruments/Sep-29-2026_13-49-12/HG_Rec_best.pth
2026-09-29 13:53:44,135 - INFO - Epoch 23/150 train_loss=2.3034271240234374
2026-09-29 13:53:44,193 - INFO - Best train loss=2.3034271240234374; saved /home/wlia0047/ar57/wenyu/GeneRec/results/stage3_T5Train/curvature_RQ-VAE_iter48/ckpt/ablation/TIGERBaseline/Amazon_2023_Instruments/Sep-29-2026_13-49-12/HG_Rec_best.pth
2026-09-29 13:53:55,798 - INFO - Epoch 24/150 train_loss=2.284463014602661
2026-09-29 13:53:55,834 - INFO - Best train loss=2.284463014602661; saved /home/wlia0047/ar57/wenyu/GeneRec/results/stage3_T5Train/curvature_RQ-VAE_iter48/ckpt/ablation/TIGERBaseline/Amazon_2023_Instruments/Sep-29-2026_13-49-12/HG_Rec_best.pth
2026-09-29 13:54:07,437 - INFO - Epoch 25/150 train_loss=2.2669095897674563
2026-09-29 13:54:07,473 - INFO - Best train loss=2.2669095897674563; saved /home/wlia0047/ar57/wenyu/GeneRec/results/stage3_T5Train/curvature_RQ-VAE_iter48/ckpt/ablation/TIGERBaseline/Amazon_2023_Instruments/Sep-29-2026_13-49-12/HG_Rec_best.pth
2026-09-29 13:54:19,074 - INFO - Epoch 26/150 train_loss=2.2472575187683104
2026-09-29 13:54:19,109 - INFO - Best train loss=2.2472575187683104; saved /home/wlia0047/ar57/wenyu/GeneRec/results/stage3_T5Train/curvature_RQ-VAE_iter48/ckpt/ablation/TIGERBaseline/Amazon_2023_Instruments/Sep-29-2026_13-49-12/HG_Rec_best.pth
2026-09-29 13:54:30,713 - INFO - Epoch 27/150 train_loss=2.2342014122009277
2026-09-29 13:54:30,748 - INFO - Best train loss=2.2342014122009277; saved /home/wlia0047/ar57/wenyu/GeneRec/results/stage3_T5Train/curvature_RQ-VAE_iter48/ckpt/ablation/TIGERBaseline/Amazon_2023_Instruments/Sep-29-2026_13-49-12/HG_Rec_best.pth
2026-09-29 13:54:42,349 - INFO - Epoch 28/150 train_loss=2.2173477458953856
2026-09-29 13:54:42,385 - INFO - Best train loss=2.2173477458953856; saved /home/wlia0047/ar57/wenyu/GeneRec/results/stage3_T5Train/curvature_RQ-VAE_iter48/ckpt/ablation/TIGERBaseline/Amazon_2023_Instruments/Sep-29-2026_13-49-12/HG_Rec_best.pth
2026-09-29 13:54:53,993 - INFO - Epoch 29/150 train_loss=2.203565320968628
2026-09-29 13:54:54,030 - INFO - Best train loss=2.203565320968628; saved /home/wlia0047/ar57/wenyu/GeneRec/results/stage3_T5Train/curvature_RQ-VAE_iter48/ckpt/ablation/TIGERBaseline/Amazon_2023_Instruments/Sep-29-2026_13-49-12/HG_Rec_best.pth
2026-09-29 13:55:05,629 - INFO - Epoch 30/150 train_loss=2.1882393741607666
2026-09-29 13:55:05,666 - INFO - Best train loss=2.1882393741607666; saved /home/wlia0047/ar57/wenyu/GeneRec/results/stage3_T5Train/curvature_RQ-VAE_iter48/ckpt/ablation/TIGERBaseline/Amazon_2023_Instruments/Sep-29-2026_13-49-12/HG_Rec_best.pth
2026-09-29 13:55:17,281 - INFO - Epoch 31/150 train_loss=2.177525396347046
2026-09-29 13:55:17,324 - INFO - Best train loss=2.177525396347046; saved /home/wlia0047/ar57/wenyu/GeneRec/results/stage3_T5Train/curvature_RQ-VAE_iter48/ckpt/ablation/TIGERBaseline/Amazon_2023_Instruments/Sep-29-2026_13-49-12/HG_Rec_best.pth
2026-09-29 13:55:28,930 - INFO - Epoch 32/150 train_loss=2.161207456588745
2026-09-29 13:55:28,966 - INFO - Best train loss=2.161207456588745; saved /home/wlia0047/ar57/wenyu/GeneRec/results/stage3_T5Train/curvature_RQ-VAE_iter48/ckpt/ablation/TIGERBaseline/Amazon_2023_Instruments/Sep-29-2026_13-49-12/HG_Rec_best.pth
2026-09-29 13:55:40,567 - INFO - Epoch 33/150 train_loss=2.1476671409606936
2026-09-29 13:55:40,603 - INFO - Best train loss=2.1476671409606936; saved /home/wlia0047/ar57/wenyu/GeneRec/results/stage3_T5Train/curvature_RQ-VAE_iter48/ckpt/ablation/TIGERBaseline/Amazon_2023_Instruments/Sep-29-2026_13-49-12/HG_Rec_best.pth
2026-09-29 13:55:52,205 - INFO - Epoch 34/150 train_loss=2.142566204071045
2026-09-29 13:55:52,246 - INFO - Best train loss=2.142566204071045; saved /home/wlia0047/ar57/wenyu/GeneRec/results/stage3_T5Train/curvature_RQ-VAE_iter48/ckpt/ablation/TIGERBaseline/Amazon_2023_Instruments/Sep-29-2026_13-49-12/HG_Rec_best.pth
2026-09-29 13:56:03,854 - INFO - Epoch 35/150 train_loss=2.1337424659729005
2026-09-29 13:56:03,891 - INFO - Best train loss=2.1337424659729005; saved /home/wlia0047/ar57/wenyu/GeneRec/results/stage3_T5Train/curvature_RQ-VAE_iter48/ckpt/ablation/TIGERBaseline/Amazon_2023_Instruments/Sep-29-2026_13-49-12/HG_Rec_best.pth
2026-09-29 13:56:15,501 - INFO - Epoch 36/150 train_loss=2.122188768386841
2026-09-29 13:56:15,541 - INFO - Best train loss=2.122188768386841; saved /home/wlia0047/ar57/wenyu/GeneRec/results/stage3_T5Train/curvature_RQ-VAE_iter48/ckpt/ablation/TIGERBaseline/Amazon_2023_Instruments/Sep-29-2026_13-49-12/HG_Rec_best.pth
2026-09-29 13:56:27,144 - INFO - Epoch 37/150 train_loss=2.114164962768555
2026-09-29 13:56:27,183 - INFO - Best train loss=2.114164962768555; saved /home/wlia0047/ar57/wenyu/GeneRec/results/stage3_T5Train/curvature_RQ-VAE_iter48/ckpt/ablation/TIGERBaseline/Amazon_2023_Instruments/Sep-29-2026_13-49-12/HG_Rec_best.pth
2026-09-29 13:56:38,787 - INFO - Epoch 38/150 train_loss=2.107542715072632
2026-09-29 13:56:38,824 - INFO - Best train loss=2.107542715072632; saved /home/wlia0047/ar57/wenyu/GeneRec/results/stage3_T5Train/curvature_RQ-VAE_iter48/ckpt/ablation/TIGERBaseline/Amazon_2023_Instruments/Sep-29-2026_13-49-12/HG_Rec_best.pth
2026-09-29 13:56:50,431 - INFO - Epoch 39/150 train_loss=2.100115156173706
2026-09-29 13:56:50,467 - INFO - Best train loss=2.100115156173706; saved /home/wlia0047/ar57/wenyu/GeneRec/results/stage3_T5Train/curvature_RQ-VAE_iter48/ckpt/ablation/TIGERBaseline/Amazon_2023_Instruments/Sep-29-2026_13-49-12/HG_Rec_best.pth
2026-09-29 13:57:02,062 - INFO - Epoch 40/150 train_loss=2.092639045715332
2026-09-29 13:57:02,097 - INFO - Best train loss=2.092639045715332; saved /home/wlia0047/ar57/wenyu/GeneRec/results/stage3_T5Train/curvature_RQ-VAE_iter48/ckpt/ablation/TIGERBaseline/Amazon_2023_Instruments/Sep-29-2026_13-49-12/HG_Rec_best.pth
2026-09-29 13:57:13,701 - INFO - Epoch 41/150 train_loss=2.0864103126525877
2026-09-29 13:57:13,738 - INFO - Best train loss=2.0864103126525877; saved /home/wlia0047/ar57/wenyu/GeneRec/results/stage3_T5Train/curvature_RQ-VAE_iter48/ckpt/ablation/TIGERBaseline/Amazon_2023_Instruments/Sep-29-2026_13-49-12/HG_Rec_best.pth
2026-09-29 13:57:25,332 - INFO - Epoch 42/150 train_loss=2.0809614276885986
2026-09-29 13:57:25,370 - INFO - Best train loss=2.0809614276885986; saved /home/wlia0047/ar57/wenyu/GeneRec/results/stage3_T5Train/curvature_RQ-VAE_iter48/ckpt/ablation/TIGERBaseline/Amazon_2023_Instruments/Sep-29-2026_13-49-12/HG_Rec_best.pth
2026-09-29 13:57:36,998 - INFO - Epoch 43/150 train_loss=2.0693343353271483
2026-09-29 13:57:37,033 - INFO - Best train loss=2.0693343353271483; saved /home/wlia0047/ar57/wenyu/GeneRec/results/stage3_T5Train/curvature_RQ-VAE_iter48/ckpt/ablation/TIGERBaseline/Amazon_2023_Instruments/Sep-29-2026_13-49-12/HG_Rec_best.pth
2026-09-29 13:57:48,632 - INFO - Epoch 44/150 train_loss=2.0670685005187988
2026-09-29 13:57:48,670 - INFO - Best train loss=2.0670685005187988; saved /home/wlia0047/ar57/wenyu/GeneRec/results/stage3_T5Train/curvature_RQ-VAE_iter48/ckpt/ablation/TIGERBaseline/Amazon_2023_Instruments/Sep-29-2026_13-49-12/HG_Rec_best.pth
2026-09-29 13:58:00,273 - INFO - Epoch 45/150 train_loss=2.062679395675659
2026-09-29 13:58:00,308 - INFO - Best train loss=2.062679395675659; saved /home/wlia0047/ar57/wenyu/GeneRec/results/stage3_T5Train/curvature_RQ-VAE_iter48/ckpt/ablation/TIGERBaseline/Amazon_2023_Instruments/Sep-29-2026_13-49-12/HG_Rec_best.pth
2026-09-29 13:58:11,912 - INFO - Epoch 46/150 train_loss=2.0569159317016603
2026-09-29 13:58:11,950 - INFO - Best train loss=2.0569159317016603; saved /home/wlia0047/ar57/wenyu/GeneRec/results/stage3_T5Train/curvature_RQ-VAE_iter48/ckpt/ablation/TIGERBaseline/Amazon_2023_Instruments/Sep-29-2026_13-49-12/HG_Rec_best.pth
2026-09-29 13:58:23,556 - INFO - Epoch 47/150 train_loss=2.0522377777099607
2026-09-29 13:58:23,593 - INFO - Best train loss=2.0522377777099607; saved /home/wlia0047/ar57/wenyu/GeneRec/results/stage3_T5Train/curvature_RQ-VAE_iter48/ckpt/ablation/TIGERBaseline/Amazon_2023_Instruments/Sep-29-2026_13-49-12/HG_Rec_best.pth
2026-09-29 13:58:35,191 - INFO - Epoch 48/150 train_loss=2.0464649295806883
2026-09-29 13:58:35,228 - INFO - Best train loss=2.0464649295806883; saved /home/wlia0047/ar57/wenyu/GeneRec/results/stage3_T5Train/curvature_RQ-VAE_iter48/ckpt/ablation/TIGERBaseline/Amazon_2023_Instruments/Sep-29-2026_13-49-12/HG_Rec_best.pth
2026-09-29 13:58:46,834 - INFO - Epoch 49/150 train_loss=2.034887070655823
2026-09-29 13:58:46,870 - INFO - Best train loss=2.034887070655823; saved /home/wlia0047/ar57/wenyu/GeneRec/results/stage3_T5Train/curvature_RQ-VAE_iter48/ckpt/ablation/TIGERBaseline/Amazon_2023_Instruments/Sep-29-2026_13-49-12/HG_Rec_best.pth
2026-09-29 13:58:58,478 - INFO - Epoch 50/150 train_loss=2.0371963119506837
2026-09-29 13:59:10,402 - INFO - Epoch 51/150 train_loss=2.0291511821746826
2026-09-29 13:59:10,532 - INFO - Best train loss=2.0291511821746826; saved /home/wlia0047/ar57/wenyu/GeneRec/results/stage3_T5Train/curvature_RQ-VAE_iter48/ckpt/ablation/TIGERBaseline/Amazon_2023_Instruments/Sep-29-2026_13-49-12/HG_Rec_best.pth
2026-09-29 13:59:22,168 - INFO - Epoch 52/150 train_loss=2.0287983989715577
2026-09-29 13:59:22,205 - INFO - Best train loss=2.0287983989715577; saved /home/wlia0047/ar57/wenyu/GeneRec/results/stage3_T5Train/curvature_RQ-VAE_iter48/ckpt/ablation/TIGERBaseline/Amazon_2023_Instruments/Sep-29-2026_13-49-12/HG_Rec_best.pth
2026-09-29 13:59:33,806 - INFO - Epoch 53/150 train_loss=2.025237464904785
2026-09-29 13:59:33,849 - INFO - Best train loss=2.025237464904785; saved /home/wlia0047/ar57/wenyu/GeneRec/results/stage3_T5Train/curvature_RQ-VAE_iter48/ckpt/ablation/TIGERBaseline/Amazon_2023_Instruments/Sep-29-2026_13-49-12/HG_Rec_best.pth
2026-09-29 13:59:45,446 - INFO - Epoch 54/150 train_loss=2.0191532516479493
2026-09-29 13:59:45,482 - INFO - Best train loss=2.0191532516479493; saved /home/wlia0047/ar57/wenyu/GeneRec/results/stage3_T5Train/curvature_RQ-VAE_iter48/ckpt/ablation/TIGERBaseline/Amazon_2023_Instruments/Sep-29-2026_13-49-12/HG_Rec_best.pth
2026-09-29 13:59:58,997 - INFO - Epoch 55/150 train_loss=2.017155256271362
2026-09-29 13:59:59,095 - INFO - Best train loss=2.017155256271362; saved /home/wlia0047/ar57/wenyu/GeneRec/results/stage3_T5Train/curvature_RQ-VAE_iter48/ckpt/ablation/TIGERBaseline/Amazon_2023_Instruments/Sep-29-2026_13-49-12/HG_Rec_best.pth
2026-09-29 14:00:10,980 - INFO - Epoch 56/150 train_loss=2.0147017765045168
2026-09-29 14:00:11,067 - INFO - Best train loss=2.0147017765045168; saved /home/wlia0047/ar57/wenyu/GeneRec/results/stage3_T5Train/curvature_RQ-VAE_iter48/ckpt/ablation/TIGERBaseline/Amazon_2023_Instruments/Sep-29-2026_13-49-12/HG_Rec_best.pth
2026-09-29 14:00:22,775 - INFO - Epoch 57/150 train_loss=2.0065487670898436
2026-09-29 14:00:22,823 - INFO - Best train loss=2.0065487670898436; saved /home/wlia0047/ar57/wenyu/GeneRec/results/stage3_T5Train/curvature_RQ-VAE_iter48/ckpt/ablation/TIGERBaseline/Amazon_2023_Instruments/Sep-29-2026_13-49-12/HG_Rec_best.pth
2026-09-29 14:00:34,435 - INFO - Epoch 58/150 train_loss=2.0025349760055544
2026-09-29 14:00:34,472 - INFO - Best train loss=2.0025349760055544; saved /home/wlia0047/ar57/wenyu/GeneRec/results/stage3_T5Train/curvature_RQ-VAE_iter48/ckpt/ablation/TIGERBaseline/Amazon_2023_Instruments/Sep-29-2026_13-49-12/HG_Rec_best.pth
2026-09-29 14:00:46,077 - INFO - Epoch 59/150 train_loss=1.9989458799362183
2026-09-29 14:00:46,111 - INFO - Best train loss=1.9989458799362183; saved /home/wlia0047/ar57/wenyu/GeneRec/results/stage3_T5Train/curvature_RQ-VAE_iter48/ckpt/ablation/TIGERBaseline/Amazon_2023_Instruments/Sep-29-2026_13-49-12/HG_Rec_best.pth
2026-09-29 14:00:57,717 - INFO - Epoch 60/150 train_loss=1.9967860412597656
2026-09-29 14:00:57,752 - INFO - Best train loss=1.9967860412597656; saved /home/wlia0047/ar57/wenyu/GeneRec/results/stage3_T5Train/curvature_RQ-VAE_iter48/ckpt/ablation/TIGERBaseline/Amazon_2023_Instruments/Sep-29-2026_13-49-12/HG_Rec_best.pth
2026-09-29 14:01:09,358 - INFO - Epoch 61/150 train_loss=1.9941504907608032
2026-09-29 14:01:09,394 - INFO - Best train loss=1.9941504907608032; saved /home/wlia0047/ar57/wenyu/GeneRec/results/stage3_T5Train/curvature_RQ-VAE_iter48/ckpt/ablation/TIGERBaseline/Amazon_2023_Instruments/Sep-29-2026_13-49-12/HG_Rec_best.pth
2026-09-29 14:01:20,997 - INFO - Epoch 62/150 train_loss=1.987342963218689
2026-09-29 14:01:21,033 - INFO - Best train loss=1.987342963218689; saved /home/wlia0047/ar57/wenyu/GeneRec/results/stage3_T5Train/curvature_RQ-VAE_iter48/ckpt/ablation/TIGERBaseline/Amazon_2023_Instruments/Sep-29-2026_13-49-12/HG_Rec_best.pth
2026-09-29 14:01:32,637 - INFO - Epoch 63/150 train_loss=1.988182668685913
2026-09-29 14:01:44,243 - INFO - Epoch 64/150 train_loss=1.9846239185333252
2026-09-29 14:01:44,285 - INFO - Best train loss=1.9846239185333252; saved /home/wlia0047/ar57/wenyu/GeneRec/results/stage3_T5Train/curvature_RQ-VAE_iter48/ckpt/ablation/TIGERBaseline/Amazon_2023_Instruments/Sep-29-2026_13-49-12/HG_Rec_best.pth
2026-09-29 14:01:55,892 - INFO - Epoch 65/150 train_loss=1.9834535503387452
2026-09-29 14:01:55,958 - INFO - Best train loss=1.9834535503387452; saved /home/wlia0047/ar57/wenyu/GeneRec/results/stage3_T5Train/curvature_RQ-VAE_iter48/ckpt/ablation/TIGERBaseline/Amazon_2023_Instruments/Sep-29-2026_13-49-12/HG_Rec_best.pth
2026-09-29 14:02:07,557 - INFO - Epoch 66/150 train_loss=1.9787552547454834
2026-09-29 14:02:07,592 - INFO - Best train loss=1.9787552547454834; saved /home/wlia0047/ar57/wenyu/GeneRec/results/stage3_T5Train/curvature_RQ-VAE_iter48/ckpt/ablation/TIGERBaseline/Amazon_2023_Instruments/Sep-29-2026_13-49-12/HG_Rec_best.pth
2026-09-29 14:02:19,191 - INFO - Epoch 67/150 train_loss=1.9756718683242798
2026-09-29 14:02:19,226 - INFO - Best train loss=1.9756718683242798; saved /home/wlia0047/ar57/wenyu/GeneRec/results/stage3_T5Train/curvature_RQ-VAE_iter48/ckpt/ablation/TIGERBaseline/Amazon_2023_Instruments/Sep-29-2026_13-49-12/HG_Rec_best.pth
2026-09-29 14:02:30,831 - INFO - Epoch 68/150 train_loss=1.9742696905136108
2026-09-29 14:02:30,869 - INFO - Best train loss=1.9742696905136108; saved /home/wlia0047/ar57/wenyu/GeneRec/results/stage3_T5Train/curvature_RQ-VAE_iter48/ckpt/ablation/TIGERBaseline/Amazon_2023_Instruments/Sep-29-2026_13-49-12/HG_Rec_best.pth
2026-09-29 14:02:42,471 - INFO - Epoch 69/150 train_loss=1.9741394424438476
2026-09-29 14:02:42,508 - INFO - Best train loss=1.9741394424438476; saved /home/wlia0047/ar57/wenyu/GeneRec/results/stage3_T5Train/curvature_RQ-VAE_iter48/ckpt/ablation/TIGERBaseline/Amazon_2023_Instruments/Sep-29-2026_13-49-12/HG_Rec_best.pth
2026-09-29 14:02:54,115 - INFO - Epoch 70/150 train_loss=1.9693043565750121
2026-09-29 14:02:54,152 - INFO - Best train loss=1.9693043565750121; saved /home/wlia0047/ar57/wenyu/GeneRec/results/stage3_T5Train/curvature_RQ-VAE_iter48/ckpt/ablation/TIGERBaseline/Amazon_2023_Instruments/Sep-29-2026_13-49-12/HG_Rec_best.pth
2026-09-29 14:03:05,753 - INFO - Epoch 71/150 train_loss=1.9664450311660766
2026-09-29 14:03:05,789 - INFO - Best train loss=1.9664450311660766; saved /home/wlia0047/ar57/wenyu/GeneRec/results/stage3_T5Train/curvature_RQ-VAE_iter48/ckpt/ablation/TIGERBaseline/Amazon_2023_Instruments/Sep-29-2026_13-49-12/HG_Rec_best.pth
2026-09-29 14:03:17,388 - INFO - Epoch 72/150 train_loss=1.965586953163147
2026-09-29 14:03:17,423 - INFO - Best train loss=1.965586953163147; saved /home/wlia0047/ar57/wenyu/GeneRec/results/stage3_T5Train/curvature_RQ-VAE_iter48/ckpt/ablation/TIGERBaseline/Amazon_2023_Instruments/Sep-29-2026_13-49-12/HG_Rec_best.pth
2026-09-29 14:03:29,029 - INFO - Epoch 73/150 train_loss=1.9550265741348267
2026-09-29 14:03:29,067 - INFO - Best train loss=1.9550265741348267; saved /home/wlia0047/ar57/wenyu/GeneRec/results/stage3_T5Train/curvature_RQ-VAE_iter48/ckpt/ablation/TIGERBaseline/Amazon_2023_Instruments/Sep-29-2026_13-49-12/HG_Rec_best.pth
2026-09-29 14:03:40,666 - INFO - Epoch 74/150 train_loss=1.959663004875183
2026-09-29 14:03:52,276 - INFO - Epoch 75/150 train_loss=1.9599136114120483
2026-09-29 14:04:03,886 - INFO - Epoch 76/150 train_loss=1.953874373435974
2026-09-29 14:04:03,921 - INFO - Best train loss=1.953874373435974; saved /home/wlia0047/ar57/wenyu/GeneRec/results/stage3_T5Train/curvature_RQ-VAE_iter48/ckpt/ablation/TIGERBaseline/Amazon_2023_Instruments/Sep-29-2026_13-49-12/HG_Rec_best.pth
2026-09-29 14:04:15,522 - INFO - Epoch 77/150 train_loss=1.9503083372116088
2026-09-29 14:04:15,560 - INFO - Best train loss=1.9503083372116088; saved /home/wlia0047/ar57/wenyu/GeneRec/results/stage3_T5Train/curvature_RQ-VAE_iter48/ckpt/ablation/TIGERBaseline/Amazon_2023_Instruments/Sep-29-2026_13-49-12/HG_Rec_best.pth
2026-09-29 14:04:27,164 - INFO - Epoch 78/150 train_loss=1.950736346244812
2026-09-29 14:04:38,773 - INFO - Epoch 79/150 train_loss=1.9495594263076783
2026-09-29 14:04:38,812 - INFO - Best train loss=1.9495594263076783; saved /home/wlia0047/ar57/wenyu/GeneRec/results/stage3_T5Train/curvature_RQ-VAE_iter48/ckpt/ablation/TIGERBaseline/Amazon_2023_Instruments/Sep-29-2026_13-49-12/HG_Rec_best.pth
2026-09-29 14:04:50,414 - INFO - Epoch 80/150 train_loss=1.9459008979797363
2026-09-29 14:04:51,007 - INFO - Best train loss=1.9459008979797363; saved /home/wlia0047/ar57/wenyu/GeneRec/results/stage3_T5Train/curvature_RQ-VAE_iter48/ckpt/ablation/TIGERBaseline/Amazon_2023_Instruments/Sep-29-2026_13-49-12/HG_Rec_best.pth
2026-09-29 14:05:02,616 - INFO - Epoch 81/150 train_loss=1.9451758432388306
2026-09-29 14:05:02,652 - INFO - Best train loss=1.9451758432388306; saved /home/wlia0047/ar57/wenyu/GeneRec/results/stage3_T5Train/curvature_RQ-VAE_iter48/ckpt/ablation/TIGERBaseline/Amazon_2023_Instruments/Sep-29-2026_13-49-12/HG_Rec_best.pth
2026-09-29 14:05:14,254 - INFO - Epoch 82/150 train_loss=1.9383892011642456
2026-09-29 14:05:14,288 - INFO - Best train loss=1.9383892011642456; saved /home/wlia0047/ar57/wenyu/GeneRec/results/stage3_T5Train/curvature_RQ-VAE_iter48/ckpt/ablation/TIGERBaseline/Amazon_2023_Instruments/Sep-29-2026_13-49-12/HG_Rec_best.pth
2026-09-29 14:05:25,893 - INFO - Epoch 83/150 train_loss=1.9388579797744752
2026-09-29 14:05:37,504 - INFO - Epoch 84/150 train_loss=1.9353911209106445
2026-09-29 14:05:37,541 - INFO - Best train loss=1.9353911209106445; saved /home/wlia0047/ar57/wenyu/GeneRec/results/stage3_T5Train/curvature_RQ-VAE_iter48/ckpt/ablation/TIGERBaseline/Amazon_2023_Instruments/Sep-29-2026_13-49-12/HG_Rec_best.pth
2026-09-29 14:05:49,145 - INFO - Epoch 85/150 train_loss=1.936001787185669
2026-09-29 14:06:00,748 - INFO - Epoch 86/150 train_loss=1.9334941148757934
2026-09-29 14:06:00,786 - INFO - Best train loss=1.9334941148757934; saved /home/wlia0047/ar57/wenyu/GeneRec/results/stage3_T5Train/curvature_RQ-VAE_iter48/ckpt/ablation/TIGERBaseline/Amazon_2023_Instruments/Sep-29-2026_13-49-12/HG_Rec_best.pth
2026-09-29 14:06:12,391 - INFO - Epoch 87/150 train_loss=1.9325477981567383
2026-09-29 14:06:12,427 - INFO - Best train loss=1.9325477981567383; saved /home/wlia0047/ar57/wenyu/GeneRec/results/stage3_T5Train/curvature_RQ-VAE_iter48/ckpt/ablation/TIGERBaseline/Amazon_2023_Instruments/Sep-29-2026_13-49-12/HG_Rec_best.pth
2026-09-29 14:06:24,038 - INFO - Epoch 88/150 train_loss=1.9288790130615234
2026-09-29 14:06:24,072 - INFO - Best train loss=1.9288790130615234; saved /home/wlia0047/ar57/wenyu/GeneRec/results/stage3_T5Train/curvature_RQ-VAE_iter48/ckpt/ablation/TIGERBaseline/Amazon_2023_Instruments/Sep-29-2026_13-49-12/HG_Rec_best.pth
2026-09-29 14:06:35,681 - INFO - Epoch 89/150 train_loss=1.929144525527954
2026-09-29 14:06:47,287 - INFO - Epoch 90/150 train_loss=1.924525122642517
2026-09-29 14:06:47,328 - INFO - Best train loss=1.924525122642517; saved /home/wlia0047/ar57/wenyu/GeneRec/results/stage3_T5Train/curvature_RQ-VAE_iter48/ckpt/ablation/TIGERBaseline/Amazon_2023_Instruments/Sep-29-2026_13-49-12/HG_Rec_best.pth
2026-09-29 14:06:58,934 - INFO - Epoch 91/150 train_loss=1.9236837244033813
2026-09-29 14:06:58,970 - INFO - Best train loss=1.9236837244033813; saved /home/wlia0047/ar57/wenyu/GeneRec/results/stage3_T5Train/curvature_RQ-VAE_iter48/ckpt/ablation/TIGERBaseline/Amazon_2023_Instruments/Sep-29-2026_13-49-12/HG_Rec_best.pth
2026-09-29 14:07:11,016 - INFO - Epoch 92/150 train_loss=1.9216266441345216
2026-09-29 14:07:11,055 - INFO - Best train loss=1.9216266441345216; saved /home/wlia0047/ar57/wenyu/GeneRec/results/stage3_T5Train/curvature_RQ-VAE_iter48/ckpt/ablation/TIGERBaseline/Amazon_2023_Instruments/Sep-29-2026_13-49-12/HG_Rec_best.pth
2026-09-29 14:07:22,661 - INFO - Epoch 93/150 train_loss=1.9190449047088622
2026-09-29 14:07:23,162 - INFO - Best train loss=1.9190449047088622; saved /home/wlia0047/ar57/wenyu/GeneRec/results/stage3_T5Train/curvature_RQ-VAE_iter48/ckpt/ablation/TIGERBaseline/Amazon_2023_Instruments/Sep-29-2026_13-49-12/HG_Rec_best.pth
2026-09-29 14:07:34,769 - INFO - Epoch 94/150 train_loss=1.9207886505126952
2026-09-29 14:07:46,375 - INFO - Epoch 95/150 train_loss=1.9166193962097169
2026-09-29 14:07:46,409 - INFO - Best train loss=1.9166193962097169; saved /home/wlia0047/ar57/wenyu/GeneRec/results/stage3_T5Train/curvature_RQ-VAE_iter48/ckpt/ablation/TIGERBaseline/Amazon_2023_Instruments/Sep-29-2026_13-49-12/HG_Rec_best.pth
2026-09-29 14:07:58,015 - INFO - Epoch 96/150 train_loss=1.9160673427581787
2026-09-29 14:07:58,052 - INFO - Best train loss=1.9160673427581787; saved /home/wlia0047/ar57/wenyu/GeneRec/results/stage3_T5Train/curvature_RQ-VAE_iter48/ckpt/ablation/TIGERBaseline/Amazon_2023_Instruments/Sep-29-2026_13-49-12/HG_Rec_best.pth
2026-09-29 14:08:09,658 - INFO - Epoch 97/150 train_loss=1.9131560516357422
2026-09-29 14:08:09,694 - INFO - Best train loss=1.9131560516357422; saved /home/wlia0047/ar57/wenyu/GeneRec/results/stage3_T5Train/curvature_RQ-VAE_iter48/ckpt/ablation/TIGERBaseline/Amazon_2023_Instruments/Sep-29-2026_13-49-12/HG_Rec_best.pth
2026-09-29 14:08:21,297 - INFO - Epoch 98/150 train_loss=1.9123085117340088
2026-09-29 14:08:21,334 - INFO - Best train loss=1.9123085117340088; saved /home/wlia0047/ar57/wenyu/GeneRec/results/stage3_T5Train/curvature_RQ-VAE_iter48/ckpt/ablation/TIGERBaseline/Amazon_2023_Instruments/Sep-29-2026_13-49-12/HG_Rec_best.pth
2026-09-29 14:08:32,939 - INFO - Epoch 99/150 train_loss=1.9094091749191284
2026-09-29 14:08:32,974 - INFO - Best train loss=1.9094091749191284; saved /home/wlia0047/ar57/wenyu/GeneRec/results/stage3_T5Train/curvature_RQ-VAE_iter48/ckpt/ablation/TIGERBaseline/Amazon_2023_Instruments/Sep-29-2026_13-49-12/HG_Rec_best.pth
2026-09-29 14:08:44,579 - INFO - Epoch 100/150 train_loss=1.9089562797546387
2026-09-29 14:08:44,618 - INFO - Best train loss=1.9089562797546387; saved /home/wlia0047/ar57/wenyu/GeneRec/results/stage3_T5Train/curvature_RQ-VAE_iter48/ckpt/ablation/TIGERBaseline/Amazon_2023_Instruments/Sep-29-2026_13-49-12/HG_Rec_best.pth
2026-09-29 14:08:56,212 - INFO - Epoch 101/150 train_loss=1.9053284120559693
2026-09-29 14:08:56,248 - INFO - Best train loss=1.9053284120559693; saved /home/wlia0047/ar57/wenyu/GeneRec/results/stage3_T5Train/curvature_RQ-VAE_iter48/ckpt/ablation/TIGERBaseline/Amazon_2023_Instruments/Sep-29-2026_13-49-12/HG_Rec_best.pth
2026-09-29 14:09:08,119 - INFO - Epoch 102/150 train_loss=1.9055556535720826
2026-09-29 14:09:19,763 - INFO - Epoch 103/150 train_loss=1.9023547267913818
2026-09-29 14:09:19,811 - INFO - Best train loss=1.9023547267913818; saved /home/wlia0047/ar57/wenyu/GeneRec/results/stage3_T5Train/curvature_RQ-VAE_iter48/ckpt/ablation/TIGERBaseline/Amazon_2023_Instruments/Sep-29-2026_13-49-12/HG_Rec_best.pth
2026-09-29 14:09:31,433 - INFO - Epoch 104/150 train_loss=1.902949905395508
2026-09-29 14:09:43,055 - INFO - Epoch 105/150 train_loss=1.9049301385879516
2026-09-29 14:09:54,665 - INFO - Epoch 106/150 train_loss=1.899183716773987
2026-09-29 14:09:54,706 - INFO - Best train loss=1.899183716773987; saved /home/wlia0047/ar57/wenyu/GeneRec/results/stage3_T5Train/curvature_RQ-VAE_iter48/ckpt/ablation/TIGERBaseline/Amazon_2023_Instruments/Sep-29-2026_13-49-12/HG_Rec_best.pth
2026-09-29 14:10:06,354 - INFO - Epoch 107/150 train_loss=1.8997662210464477
2026-09-29 14:10:17,965 - INFO - Epoch 108/150 train_loss=1.897160291671753
2026-09-29 14:10:18,022 - INFO - Best train loss=1.897160291671753; saved /home/wlia0047/ar57/wenyu/GeneRec/results/stage3_T5Train/curvature_RQ-VAE_iter48/ckpt/ablation/TIGERBaseline/Amazon_2023_Instruments/Sep-29-2026_13-49-12/HG_Rec_best.pth
2026-09-29 14:10:29,633 - INFO - Epoch 109/150 train_loss=1.89290310382843
2026-09-29 14:10:29,678 - INFO - Best train loss=1.89290310382843; saved /home/wlia0047/ar57/wenyu/GeneRec/results/stage3_T5Train/curvature_RQ-VAE_iter48/ckpt/ablation/TIGERBaseline/Amazon_2023_Instruments/Sep-29-2026_13-49-12/HG_Rec_best.pth
2026-09-29 14:10:41,487 - INFO - Epoch 110/150 train_loss=1.891830654144287
2026-09-29 14:10:41,532 - INFO - Best train loss=1.891830654144287; saved /home/wlia0047/ar57/wenyu/GeneRec/results/stage3_T5Train/curvature_RQ-VAE_iter48/ckpt/ablation/TIGERBaseline/Amazon_2023_Instruments/Sep-29-2026_13-49-12/HG_Rec_best.pth
2026-09-29 14:10:53,139 - INFO - Epoch 111/150 train_loss=1.8914716148376465
2026-09-29 14:10:53,177 - INFO - Best train loss=1.8914716148376465; saved /home/wlia0047/ar57/wenyu/GeneRec/results/stage3_T5Train/curvature_RQ-VAE_iter48/ckpt/ablation/TIGERBaseline/Amazon_2023_Instruments/Sep-29-2026_13-49-12/HG_Rec_best.pth
2026-09-29 14:11:04,782 - INFO - Epoch 112/150 train_loss=1.8902285480499268
2026-09-29 14:11:04,817 - INFO - Best train loss=1.8902285480499268; saved /home/wlia0047/ar57/wenyu/GeneRec/results/stage3_T5Train/curvature_RQ-VAE_iter48/ckpt/ablation/TIGERBaseline/Amazon_2023_Instruments/Sep-29-2026_13-49-12/HG_Rec_best.pth
2026-09-29 14:11:16,419 - INFO - Epoch 113/150 train_loss=1.890331473350525
2026-09-29 14:11:28,023 - INFO - Epoch 114/150 train_loss=1.8881845331192018
2026-09-29 14:11:28,063 - INFO - Best train loss=1.8881845331192018; saved /home/wlia0047/ar57/wenyu/GeneRec/results/stage3_T5Train/curvature_RQ-VAE_iter48/ckpt/ablation/TIGERBaseline/Amazon_2023_Instruments/Sep-29-2026_13-49-12/HG_Rec_best.pth
2026-09-29 14:11:39,673 - INFO - Epoch 115/150 train_loss=1.8892961168289184
2026-09-29 14:11:51,286 - INFO - Epoch 116/150 train_loss=1.886597204208374
2026-09-29 14:11:51,322 - INFO - Best train loss=1.886597204208374; saved /home/wlia0047/ar57/wenyu/GeneRec/results/stage3_T5Train/curvature_RQ-VAE_iter48/ckpt/ablation/TIGERBaseline/Amazon_2023_Instruments/Sep-29-2026_13-49-12/HG_Rec_best.pth
2026-09-29 14:12:05,070 - INFO - Epoch 117/150 train_loss=1.8853640699386596
2026-09-29 14:12:05,105 - INFO - Best train loss=1.8853640699386596; saved /home/wlia0047/ar57/wenyu/GeneRec/results/stage3_T5Train/curvature_RQ-VAE_iter48/ckpt/ablation/TIGERBaseline/Amazon_2023_Instruments/Sep-29-2026_13-49-12/HG_Rec_best.pth
2026-09-29 14:12:16,825 - INFO - Epoch 118/150 train_loss=1.8836083269119264
2026-09-29 14:12:16,885 - INFO - Best train loss=1.8836083269119264; saved /home/wlia0047/ar57/wenyu/GeneRec/results/stage3_T5Train/curvature_RQ-VAE_iter48/ckpt/ablation/TIGERBaseline/Amazon_2023_Instruments/Sep-29-2026_13-49-12/HG_Rec_best.pth
2026-09-29 14:12:28,488 - INFO - Epoch 119/150 train_loss=1.8823872900009155
2026-09-29 14:12:28,523 - INFO - Best train loss=1.8823872900009155; saved /home/wlia0047/ar57/wenyu/GeneRec/results/stage3_T5Train/curvature_RQ-VAE_iter48/ckpt/ablation/TIGERBaseline/Amazon_2023_Instruments/Sep-29-2026_13-49-12/HG_Rec_best.pth
2026-09-29 14:12:40,134 - INFO - Epoch 120/150 train_loss=1.8797944498062134
2026-09-29 14:12:40,172 - INFO - Best train loss=1.8797944498062134; saved /home/wlia0047/ar57/wenyu/GeneRec/results/stage3_T5Train/curvature_RQ-VAE_iter48/ckpt/ablation/TIGERBaseline/Amazon_2023_Instruments/Sep-29-2026_13-49-12/HG_Rec_best.pth
2026-09-29 14:12:51,778 - INFO - Epoch 121/150 train_loss=1.8794628715515136
2026-09-29 14:12:51,816 - INFO - Best train loss=1.8794628715515136; saved /home/wlia0047/ar57/wenyu/GeneRec/results/stage3_T5Train/curvature_RQ-VAE_iter48/ckpt/ablation/TIGERBaseline/Amazon_2023_Instruments/Sep-29-2026_13-49-12/HG_Rec_best.pth
2026-09-29 14:13:03,423 - INFO - Epoch 122/150 train_loss=1.8779847621917725
2026-09-29 14:13:03,459 - INFO - Best train loss=1.8779847621917725; saved /home/wlia0047/ar57/wenyu/GeneRec/results/stage3_T5Train/curvature_RQ-VAE_iter48/ckpt/ablation/TIGERBaseline/Amazon_2023_Instruments/Sep-29-2026_13-49-12/HG_Rec_best.pth
2026-09-29 14:13:15,065 - INFO - Epoch 123/150 train_loss=1.8754121303558349
2026-09-29 14:13:15,100 - INFO - Best train loss=1.8754121303558349; saved /home/wlia0047/ar57/wenyu/GeneRec/results/stage3_T5Train/curvature_RQ-VAE_iter48/ckpt/ablation/TIGERBaseline/Amazon_2023_Instruments/Sep-29-2026_13-49-12/HG_Rec_best.pth
2026-09-29 14:13:26,708 - INFO - Epoch 124/150 train_loss=1.8767796897888183
2026-09-29 14:13:38,312 - INFO - Epoch 125/150 train_loss=1.8755317640304565
2026-09-29 14:13:49,926 - INFO - Epoch 126/150 train_loss=1.8732693576812744
2026-09-29 14:13:49,964 - INFO - Best train loss=1.8732693576812744; saved /home/wlia0047/ar57/wenyu/GeneRec/results/stage3_T5Train/curvature_RQ-VAE_iter48/ckpt/ablation/TIGERBaseline/Amazon_2023_Instruments/Sep-29-2026_13-49-12/HG_Rec_best.pth
2026-09-29 14:14:01,564 - INFO - Epoch 127/150 train_loss=1.871929292678833
2026-09-29 14:14:01,603 - INFO - Best train loss=1.871929292678833; saved /home/wlia0047/ar57/wenyu/GeneRec/results/stage3_T5Train/curvature_RQ-VAE_iter48/ckpt/ablation/TIGERBaseline/Amazon_2023_Instruments/Sep-29-2026_13-49-12/HG_Rec_best.pth
2026-09-29 14:14:13,210 - INFO - Epoch 128/150 train_loss=1.873582305908203
2026-09-29 14:14:24,817 - INFO - Epoch 129/150 train_loss=1.86891761302948
2026-09-29 14:14:24,853 - INFO - Best train loss=1.86891761302948; saved /home/wlia0047/ar57/wenyu/GeneRec/results/stage3_T5Train/curvature_RQ-VAE_iter48/ckpt/ablation/TIGERBaseline/Amazon_2023_Instruments/Sep-29-2026_13-49-12/HG_Rec_best.pth
2026-09-29 14:14:36,456 - INFO - Epoch 130/150 train_loss=1.87022931098938
2026-09-29 14:14:48,060 - INFO - Epoch 131/150 train_loss=1.8693738651275635
2026-09-29 14:14:59,675 - INFO - Epoch 132/150 train_loss=1.8666111516952515
2026-09-29 14:14:59,711 - INFO - Best train loss=1.8666111516952515; saved /home/wlia0047/ar57/wenyu/GeneRec/results/stage3_T5Train/curvature_RQ-VAE_iter48/ckpt/ablation/TIGERBaseline/Amazon_2023_Instruments/Sep-29-2026_13-49-12/HG_Rec_best.pth
2026-09-29 14:15:11,313 - INFO - Epoch 133/150 train_loss=1.8688676929473877
2026-09-29 14:15:22,914 - INFO - Epoch 134/150 train_loss=1.8669560480117797
2026-09-29 14:15:34,523 - INFO - Epoch 135/150 train_loss=1.8647161626815796
2026-09-29 14:15:34,567 - INFO - Best train loss=1.8647161626815796; saved /home/wlia0047/ar57/wenyu/GeneRec/results/stage3_T5Train/curvature_RQ-VAE_iter48/ckpt/ablation/TIGERBaseline/Amazon_2023_Instruments/Sep-29-2026_13-49-12/HG_Rec_best.pth
2026-09-29 14:15:46,172 - INFO - Epoch 136/150 train_loss=1.8664911317825317
2026-09-29 14:15:57,781 - INFO - Epoch 137/150 train_loss=1.8646650743484496
2026-09-29 14:15:57,819 - INFO - Best train loss=1.8646650743484496; saved /home/wlia0047/ar57/wenyu/GeneRec/results/stage3_T5Train/curvature_RQ-VAE_iter48/ckpt/ablation/TIGERBaseline/Amazon_2023_Instruments/Sep-29-2026_13-49-12/HG_Rec_best.pth
2026-09-29 14:16:09,427 - INFO - Epoch 138/150 train_loss=1.864365758895874
2026-09-29 14:16:09,463 - INFO - Best train loss=1.864365758895874; saved /home/wlia0047/ar57/wenyu/GeneRec/results/stage3_T5Train/curvature_RQ-VAE_iter48/ckpt/ablation/TIGERBaseline/Amazon_2023_Instruments/Sep-29-2026_13-49-12/HG_Rec_best.pth
2026-09-29 14:16:21,072 - INFO - Epoch 139/150 train_loss=1.8623279333114624
2026-09-29 14:16:21,110 - INFO - Best train loss=1.8623279333114624; saved /home/wlia0047/ar57/wenyu/GeneRec/results/stage3_T5Train/curvature_RQ-VAE_iter48/ckpt/ablation/TIGERBaseline/Amazon_2023_Instruments/Sep-29-2026_13-49-12/HG_Rec_best.pth
2026-09-29 14:16:32,716 - INFO - Epoch 140/150 train_loss=1.8604075860977174
2026-09-29 14:16:32,752 - INFO - Best train loss=1.8604075860977174; saved /home/wlia0047/ar57/wenyu/GeneRec/results/stage3_T5Train/curvature_RQ-VAE_iter48/ckpt/ablation/TIGERBaseline/Amazon_2023_Instruments/Sep-29-2026_13-49-12/HG_Rec_best.pth
2026-09-29 14:16:44,355 - INFO - Epoch 141/150 train_loss=1.8643136835098266
2026-09-29 14:16:55,962 - INFO - Epoch 142/150 train_loss=1.8628580141067506
2026-09-29 14:17:07,577 - INFO - Epoch 143/150 train_loss=1.8599107122421266
2026-09-29 14:17:07,615 - INFO - Best train loss=1.8599107122421266; saved /home/wlia0047/ar57/wenyu/GeneRec/results/stage3_T5Train/curvature_RQ-VAE_iter48/ckpt/ablation/TIGERBaseline/Amazon_2023_Instruments/Sep-29-2026_13-49-12/HG_Rec_best.pth
2026-09-29 14:17:19,219 - INFO - Epoch 144/150 train_loss=1.857149782180786
2026-09-29 14:17:19,257 - INFO - Best train loss=1.857149782180786; saved /home/wlia0047/ar57/wenyu/GeneRec/results/stage3_T5Train/curvature_RQ-VAE_iter48/ckpt/ablation/TIGERBaseline/Amazon_2023_Instruments/Sep-29-2026_13-49-12/HG_Rec_best.pth
2026-09-29 14:17:30,860 - INFO - Epoch 145/150 train_loss=1.857801489830017
2026-09-29 14:17:42,464 - INFO - Epoch 146/150 train_loss=1.8575780773162842
2026-09-29 14:17:54,072 - INFO - Epoch 147/150 train_loss=1.853621072769165
2026-09-29 14:17:54,116 - INFO - Best train loss=1.853621072769165; saved /home/wlia0047/ar57/wenyu/GeneRec/results/stage3_T5Train/curvature_RQ-VAE_iter48/ckpt/ablation/TIGERBaseline/Amazon_2023_Instruments/Sep-29-2026_13-49-12/HG_Rec_best.pth
2026-09-29 14:18:05,713 - INFO - Epoch 148/150 train_loss=1.8562748146057129
2026-09-29 14:18:17,316 - INFO - Epoch 149/150 train_loss=1.8555504369735718
2026-09-29 14:18:28,922 - INFO - Epoch 150/150 train_loss=1.8536239194869994
2026-09-29 14:26:11,007 - INFO - Test={'best_checkpoint': '/home/wlia0047/ar57/wenyu/GeneRec/results/stage3_T5Train/curvature_RQ-VAE_iter48/ckpt/ablation/TIGERBaseline/Amazon_2023_Instruments/Sep-29-2026_13-49-12/HG_Rec_best.pth', 'n_eval': 57439, 'test_recall@5': 0.03508069430178102, 'test_recall@10': 0.05209004335033688, 'test_ndcg@5': 0.02363091290969147, 'test_ndcg@10': 0.0291073454967144}
