2026-09-28 20:12:14,513 - INFO - Configuration: {'batch_size': 4096, 'infer_size': 1024, 'num_epochs': 150, 'eval_interval': 5, 'eval_start_epoch': 75, 'early_eval_epochs': (25, 50, 75, 100, 125), 'fast': True, 'bf16': True, 'use_lr_scheduler': True, 'lr_warmup_pct': 0.1, 'lr_min_factor': 0.2, 'compile': False, 'compile_mode': 'default', 'num_layers': 4, 'num_decoder_layers': 4, 'd_model': 128, 'd_ff': 1024, 'num_heads': 6, 'd_kv': 64, 'dropout_rate': 0.1, 'activation_function': 'relu', 'feed_forward_proj': 'relu', 'device': 'cuda', 'lr': 0.003, 'weight_decay': 0.05, 'vocab_size': 6071, 'eos_token_id': 6070, 'pad_token_id': 0, 'n_user_tokens': 1, 'max_len': 20, 'dataset_name': 'Amazon_2023_Instruments', 'dataset_path': '/home/wlia0047/ar57/wenyu/GeneRec/results/stage0_build_parquet/', 'codebook_size': [256, 256, 256, 1], 'code_path': '/fs04/ar57/wenyu/GeneRec/results/stage2_RQ-VAE/curvature_RQ-VAE_iter45/item_sids.json', 'train_file': 'train.parquet', 'valid_file': 'valid.parquet', 'test_file': 'test.parquet', 'log_path': '/fs04/ar57/wenyu/GeneRec/results/stage3_T5Train/curvature_RQ-VAE_iter45/logs/', 'save_path': '/fs04/ar57/wenyu/GeneRec/results/stage3_T5Train/curvature_RQ-VAE_iter45/ckpt/', 'seed': 42, 'topk_list': [5, 10], 'beam_size': 20, 'no_eval': True, 'skip_test': False, 'screen_baseline_log': '', 'screen_start_epoch': 40, 'screen_window': 5, 'screen_min_ndcg_gain': 0.001, 'screen_min_recall_gain': 0.001, 'num_workers': 4, 'prefetch_factor': 8, 'exclude_history': True, 'no_exclude_history': False, 'pin_memory': True, 'no_pin_memory': False, 'sid_length': 4, 'max_token_seq_len': 82, 'decoder_start_token_id': 0}
2026-09-28 20:12:14,618 - INFO - #Embedding parameters: 777088
#Non-embedding parameters: 4459648
#Total trainable parameters: 5236736

2026-09-28 20:12:28,116 - INFO - Epoch 1/150 train_loss=4.436161012649536
2026-09-28 20:12:28,202 - INFO - Best train loss=4.436161012649536; saved /fs04/ar57/wenyu/GeneRec/results/stage3_T5Train/curvature_RQ-VAE_iter45/ckpt/Amazon_2023_Instruments/Sep-28-2026_20-12-14/HG_Rec_best.pth
2026-09-28 20:12:39,961 - INFO - Epoch 2/150 train_loss=3.197732620239258
2026-09-28 20:12:40,002 - INFO - Best train loss=3.197732620239258; saved /fs04/ar57/wenyu/GeneRec/results/stage3_T5Train/curvature_RQ-VAE_iter45/ckpt/Amazon_2023_Instruments/Sep-28-2026_20-12-14/HG_Rec_best.pth
2026-09-28 20:12:51,745 - INFO - Epoch 3/150 train_loss=2.969272174835205
2026-09-28 20:12:51,786 - INFO - Best train loss=2.969272174835205; saved /fs04/ar57/wenyu/GeneRec/results/stage3_T5Train/curvature_RQ-VAE_iter45/ckpt/Amazon_2023_Instruments/Sep-28-2026_20-12-14/HG_Rec_best.pth
2026-09-28 20:13:03,528 - INFO - Epoch 4/150 train_loss=2.8151662445068357
2026-09-28 20:13:03,572 - INFO - Best train loss=2.8151662445068357; saved /fs04/ar57/wenyu/GeneRec/results/stage3_T5Train/curvature_RQ-VAE_iter45/ckpt/Amazon_2023_Instruments/Sep-28-2026_20-12-14/HG_Rec_best.pth
2026-09-28 20:13:15,311 - INFO - Epoch 5/150 train_loss=2.67257230758667
2026-09-28 20:13:15,354 - INFO - Best train loss=2.67257230758667; saved /fs04/ar57/wenyu/GeneRec/results/stage3_T5Train/curvature_RQ-VAE_iter45/ckpt/Amazon_2023_Instruments/Sep-28-2026_20-12-14/HG_Rec_best.pth
2026-09-28 20:13:27,097 - INFO - Epoch 6/150 train_loss=2.5392376041412352
2026-09-28 20:13:27,144 - INFO - Best train loss=2.5392376041412352; saved /fs04/ar57/wenyu/GeneRec/results/stage3_T5Train/curvature_RQ-VAE_iter45/ckpt/Amazon_2023_Instruments/Sep-28-2026_20-12-14/HG_Rec_best.pth
2026-09-28 20:13:38,882 - INFO - Epoch 7/150 train_loss=2.417587871551514
2026-09-28 20:13:38,923 - INFO - Best train loss=2.417587871551514; saved /fs04/ar57/wenyu/GeneRec/results/stage3_T5Train/curvature_RQ-VAE_iter45/ckpt/Amazon_2023_Instruments/Sep-28-2026_20-12-14/HG_Rec_best.pth
2026-09-28 20:13:50,666 - INFO - Epoch 8/150 train_loss=2.316420831680298
2026-09-28 20:13:50,707 - INFO - Best train loss=2.316420831680298; saved /fs04/ar57/wenyu/GeneRec/results/stage3_T5Train/curvature_RQ-VAE_iter45/ckpt/Amazon_2023_Instruments/Sep-28-2026_20-12-14/HG_Rec_best.pth
2026-09-28 20:14:02,444 - INFO - Epoch 9/150 train_loss=2.230708665847778
2026-09-28 20:14:02,485 - INFO - Best train loss=2.230708665847778; saved /fs04/ar57/wenyu/GeneRec/results/stage3_T5Train/curvature_RQ-VAE_iter45/ckpt/Amazon_2023_Instruments/Sep-28-2026_20-12-14/HG_Rec_best.pth
2026-09-28 20:14:14,228 - INFO - Epoch 10/150 train_loss=2.161838903427124
2026-09-28 20:14:14,269 - INFO - Best train loss=2.161838903427124; saved /fs04/ar57/wenyu/GeneRec/results/stage3_T5Train/curvature_RQ-VAE_iter45/ckpt/Amazon_2023_Instruments/Sep-28-2026_20-12-14/HG_Rec_best.pth
2026-09-28 20:14:26,012 - INFO - Epoch 11/150 train_loss=2.1063125228881834
2026-09-28 20:14:26,053 - INFO - Best train loss=2.1063125228881834; saved /fs04/ar57/wenyu/GeneRec/results/stage3_T5Train/curvature_RQ-VAE_iter45/ckpt/Amazon_2023_Instruments/Sep-28-2026_20-12-14/HG_Rec_best.pth
2026-09-28 20:14:37,794 - INFO - Epoch 12/150 train_loss=2.0651992321014405
2026-09-28 20:14:37,841 - INFO - Best train loss=2.0651992321014405; saved /fs04/ar57/wenyu/GeneRec/results/stage3_T5Train/curvature_RQ-VAE_iter45/ckpt/Amazon_2023_Instruments/Sep-28-2026_20-12-14/HG_Rec_best.pth
2026-09-28 20:14:49,586 - INFO - Epoch 13/150 train_loss=2.031772480010986
2026-09-28 20:14:49,627 - INFO - Best train loss=2.031772480010986; saved /fs04/ar57/wenyu/GeneRec/results/stage3_T5Train/curvature_RQ-VAE_iter45/ckpt/Amazon_2023_Instruments/Sep-28-2026_20-12-14/HG_Rec_best.pth
2026-09-28 20:15:01,359 - INFO - Epoch 14/150 train_loss=2.0063995838165285
2026-09-28 20:15:01,406 - INFO - Best train loss=2.0063995838165285; saved /fs04/ar57/wenyu/GeneRec/results/stage3_T5Train/curvature_RQ-VAE_iter45/ckpt/Amazon_2023_Instruments/Sep-28-2026_20-12-14/HG_Rec_best.pth
2026-09-28 20:15:13,146 - INFO - Epoch 15/150 train_loss=1.9857253885269166
2026-09-28 20:15:13,187 - INFO - Best train loss=1.9857253885269166; saved /fs04/ar57/wenyu/GeneRec/results/stage3_T5Train/curvature_RQ-VAE_iter45/ckpt/Amazon_2023_Instruments/Sep-28-2026_20-12-14/HG_Rec_best.pth
2026-09-28 20:15:24,930 - INFO - Epoch 16/150 train_loss=1.9682519292831422
2026-09-28 20:15:24,973 - INFO - Best train loss=1.9682519292831422; saved /fs04/ar57/wenyu/GeneRec/results/stage3_T5Train/curvature_RQ-VAE_iter45/ckpt/Amazon_2023_Instruments/Sep-28-2026_20-12-14/HG_Rec_best.pth
2026-09-28 20:15:36,719 - INFO - Epoch 17/150 train_loss=1.9522724390029906
2026-09-28 20:15:36,760 - INFO - Best train loss=1.9522724390029906; saved /fs04/ar57/wenyu/GeneRec/results/stage3_T5Train/curvature_RQ-VAE_iter45/ckpt/Amazon_2023_Instruments/Sep-28-2026_20-12-14/HG_Rec_best.pth
2026-09-28 20:15:49,090 - INFO - Epoch 18/150 train_loss=1.942413558959961
2026-09-28 20:15:49,130 - INFO - Best train loss=1.942413558959961; saved /fs04/ar57/wenyu/GeneRec/results/stage3_T5Train/curvature_RQ-VAE_iter45/ckpt/Amazon_2023_Instruments/Sep-28-2026_20-12-14/HG_Rec_best.pth
2026-09-28 20:16:00,866 - INFO - Epoch 19/150 train_loss=1.931649751663208
2026-09-28 20:16:00,907 - INFO - Best train loss=1.931649751663208; saved /fs04/ar57/wenyu/GeneRec/results/stage3_T5Train/curvature_RQ-VAE_iter45/ckpt/Amazon_2023_Instruments/Sep-28-2026_20-12-14/HG_Rec_best.pth
2026-09-28 20:16:12,647 - INFO - Epoch 20/150 train_loss=1.9205720710754395
2026-09-28 20:16:12,688 - INFO - Best train loss=1.9205720710754395; saved /fs04/ar57/wenyu/GeneRec/results/stage3_T5Train/curvature_RQ-VAE_iter45/ckpt/Amazon_2023_Instruments/Sep-28-2026_20-12-14/HG_Rec_best.pth
2026-09-28 20:16:24,425 - INFO - Epoch 21/150 train_loss=1.9127001237869263
2026-09-28 20:16:24,468 - INFO - Best train loss=1.9127001237869263; saved /fs04/ar57/wenyu/GeneRec/results/stage3_T5Train/curvature_RQ-VAE_iter45/ckpt/Amazon_2023_Instruments/Sep-28-2026_20-12-14/HG_Rec_best.pth
2026-09-28 20:16:36,197 - INFO - Epoch 22/150 train_loss=1.9088671875
2026-09-28 20:16:36,240 - INFO - Best train loss=1.9088671875; saved /fs04/ar57/wenyu/GeneRec/results/stage3_T5Train/curvature_RQ-VAE_iter45/ckpt/Amazon_2023_Instruments/Sep-28-2026_20-12-14/HG_Rec_best.pth
2026-09-28 20:16:47,972 - INFO - Epoch 23/150 train_loss=1.8998798799514771
2026-09-28 20:16:48,013 - INFO - Best train loss=1.8998798799514771; saved /fs04/ar57/wenyu/GeneRec/results/stage3_T5Train/curvature_RQ-VAE_iter45/ckpt/Amazon_2023_Instruments/Sep-28-2026_20-12-14/HG_Rec_best.pth
2026-09-28 20:16:59,749 - INFO - Epoch 24/150 train_loss=1.8969764184951783
2026-09-28 20:16:59,793 - INFO - Best train loss=1.8969764184951783; saved /fs04/ar57/wenyu/GeneRec/results/stage3_T5Train/curvature_RQ-VAE_iter45/ckpt/Amazon_2023_Instruments/Sep-28-2026_20-12-14/HG_Rec_best.pth
2026-09-28 20:17:11,534 - INFO - Epoch 25/150 train_loss=1.891304144859314
2026-09-28 20:17:11,577 - INFO - Best train loss=1.891304144859314; saved /fs04/ar57/wenyu/GeneRec/results/stage3_T5Train/curvature_RQ-VAE_iter45/ckpt/Amazon_2023_Instruments/Sep-28-2026_20-12-14/HG_Rec_best.pth
2026-09-28 20:17:23,317 - INFO - Epoch 26/150 train_loss=1.8840060234069824
2026-09-28 20:17:23,361 - INFO - Best train loss=1.8840060234069824; saved /fs04/ar57/wenyu/GeneRec/results/stage3_T5Train/curvature_RQ-VAE_iter45/ckpt/Amazon_2023_Instruments/Sep-28-2026_20-12-14/HG_Rec_best.pth
2026-09-28 20:17:35,094 - INFO - Epoch 27/150 train_loss=1.879597406387329
2026-09-28 20:17:35,134 - INFO - Best train loss=1.879597406387329; saved /fs04/ar57/wenyu/GeneRec/results/stage3_T5Train/curvature_RQ-VAE_iter45/ckpt/Amazon_2023_Instruments/Sep-28-2026_20-12-14/HG_Rec_best.pth
2026-09-28 20:17:46,870 - INFO - Epoch 28/150 train_loss=1.8755474376678467
2026-09-28 20:17:46,912 - INFO - Best train loss=1.8755474376678467; saved /fs04/ar57/wenyu/GeneRec/results/stage3_T5Train/curvature_RQ-VAE_iter45/ckpt/Amazon_2023_Instruments/Sep-28-2026_20-12-14/HG_Rec_best.pth
2026-09-28 20:17:58,659 - INFO - Epoch 29/150 train_loss=1.8706578779220582
2026-09-28 20:17:58,699 - INFO - Best train loss=1.8706578779220582; saved /fs04/ar57/wenyu/GeneRec/results/stage3_T5Train/curvature_RQ-VAE_iter45/ckpt/Amazon_2023_Instruments/Sep-28-2026_20-12-14/HG_Rec_best.pth
2026-09-28 20:18:10,438 - INFO - Epoch 30/150 train_loss=1.867776074409485
2026-09-28 20:18:10,478 - INFO - Best train loss=1.867776074409485; saved /fs04/ar57/wenyu/GeneRec/results/stage3_T5Train/curvature_RQ-VAE_iter45/ckpt/Amazon_2023_Instruments/Sep-28-2026_20-12-14/HG_Rec_best.pth
2026-09-28 20:18:22,217 - INFO - Epoch 31/150 train_loss=1.8661823558807373
2026-09-28 20:18:22,259 - INFO - Best train loss=1.8661823558807373; saved /fs04/ar57/wenyu/GeneRec/results/stage3_T5Train/curvature_RQ-VAE_iter45/ckpt/Amazon_2023_Instruments/Sep-28-2026_20-12-14/HG_Rec_best.pth
2026-09-28 20:18:34,007 - INFO - Epoch 32/150 train_loss=1.8617116165161134
2026-09-28 20:18:34,048 - INFO - Best train loss=1.8617116165161134; saved /fs04/ar57/wenyu/GeneRec/results/stage3_T5Train/curvature_RQ-VAE_iter45/ckpt/Amazon_2023_Instruments/Sep-28-2026_20-12-14/HG_Rec_best.pth
2026-09-28 20:18:45,793 - INFO - Epoch 33/150 train_loss=1.8538735103607178
2026-09-28 20:18:45,840 - INFO - Best train loss=1.8538735103607178; saved /fs04/ar57/wenyu/GeneRec/results/stage3_T5Train/curvature_RQ-VAE_iter45/ckpt/Amazon_2023_Instruments/Sep-28-2026_20-12-14/HG_Rec_best.pth
2026-09-28 20:18:57,589 - INFO - Epoch 34/150 train_loss=1.8539529848098755
2026-09-28 20:19:09,334 - INFO - Epoch 35/150 train_loss=1.8518632078170776
2026-09-28 20:19:09,378 - INFO - Best train loss=1.8518632078170776; saved /fs04/ar57/wenyu/GeneRec/results/stage3_T5Train/curvature_RQ-VAE_iter45/ckpt/Amazon_2023_Instruments/Sep-28-2026_20-12-14/HG_Rec_best.pth
2026-09-28 20:19:21,118 - INFO - Epoch 36/150 train_loss=1.847270541191101
2026-09-28 20:19:21,160 - INFO - Best train loss=1.847270541191101; saved /fs04/ar57/wenyu/GeneRec/results/stage3_T5Train/curvature_RQ-VAE_iter45/ckpt/Amazon_2023_Instruments/Sep-28-2026_20-12-14/HG_Rec_best.pth
2026-09-28 20:19:32,898 - INFO - Epoch 37/150 train_loss=1.8431881332397462
2026-09-28 20:19:32,940 - INFO - Best train loss=1.8431881332397462; saved /fs04/ar57/wenyu/GeneRec/results/stage3_T5Train/curvature_RQ-VAE_iter45/ckpt/Amazon_2023_Instruments/Sep-28-2026_20-12-14/HG_Rec_best.pth
2026-09-28 20:19:44,677 - INFO - Epoch 38/150 train_loss=1.8407314968109132
2026-09-28 20:19:44,720 - INFO - Best train loss=1.8407314968109132; saved /fs04/ar57/wenyu/GeneRec/results/stage3_T5Train/curvature_RQ-VAE_iter45/ckpt/Amazon_2023_Instruments/Sep-28-2026_20-12-14/HG_Rec_best.pth
2026-09-28 20:19:56,459 - INFO - Epoch 39/150 train_loss=1.8399981594085693
2026-09-28 20:19:56,500 - INFO - Best train loss=1.8399981594085693; saved /fs04/ar57/wenyu/GeneRec/results/stage3_T5Train/curvature_RQ-VAE_iter45/ckpt/Amazon_2023_Instruments/Sep-28-2026_20-12-14/HG_Rec_best.pth
2026-09-28 20:20:08,237 - INFO - Epoch 40/150 train_loss=1.8381328678131104
2026-09-28 20:20:08,279 - INFO - Best train loss=1.8381328678131104; saved /fs04/ar57/wenyu/GeneRec/results/stage3_T5Train/curvature_RQ-VAE_iter45/ckpt/Amazon_2023_Instruments/Sep-28-2026_20-12-14/HG_Rec_best.pth
2026-09-28 20:20:20,022 - INFO - Epoch 41/150 train_loss=1.8361513233184814
2026-09-28 20:20:20,063 - INFO - Best train loss=1.8361513233184814; saved /fs04/ar57/wenyu/GeneRec/results/stage3_T5Train/curvature_RQ-VAE_iter45/ckpt/Amazon_2023_Instruments/Sep-28-2026_20-12-14/HG_Rec_best.pth
2026-09-28 20:20:31,806 - INFO - Epoch 42/150 train_loss=1.8328806066513061
2026-09-28 20:20:31,851 - INFO - Best train loss=1.8328806066513061; saved /fs04/ar57/wenyu/GeneRec/results/stage3_T5Train/curvature_RQ-VAE_iter45/ckpt/Amazon_2023_Instruments/Sep-28-2026_20-12-14/HG_Rec_best.pth
2026-09-28 20:20:43,626 - INFO - Epoch 43/150 train_loss=1.829549970626831
2026-09-28 20:20:43,668 - INFO - Best train loss=1.829549970626831; saved /fs04/ar57/wenyu/GeneRec/results/stage3_T5Train/curvature_RQ-VAE_iter45/ckpt/Amazon_2023_Instruments/Sep-28-2026_20-12-14/HG_Rec_best.pth
2026-09-28 20:20:55,411 - INFO - Epoch 44/150 train_loss=1.8284576272964477
2026-09-28 20:20:55,453 - INFO - Best train loss=1.8284576272964477; saved /fs04/ar57/wenyu/GeneRec/results/stage3_T5Train/curvature_RQ-VAE_iter45/ckpt/Amazon_2023_Instruments/Sep-28-2026_20-12-14/HG_Rec_best.pth
2026-09-28 20:21:07,195 - INFO - Epoch 45/150 train_loss=1.8257045030593873
2026-09-28 20:21:07,237 - INFO - Best train loss=1.8257045030593873; saved /fs04/ar57/wenyu/GeneRec/results/stage3_T5Train/curvature_RQ-VAE_iter45/ckpt/Amazon_2023_Instruments/Sep-28-2026_20-12-14/HG_Rec_best.pth
2026-09-28 20:21:18,972 - INFO - Epoch 46/150 train_loss=1.824656753540039
2026-09-28 20:21:19,013 - INFO - Best train loss=1.824656753540039; saved /fs04/ar57/wenyu/GeneRec/results/stage3_T5Train/curvature_RQ-VAE_iter45/ckpt/Amazon_2023_Instruments/Sep-28-2026_20-12-14/HG_Rec_best.pth
2026-09-28 20:21:30,752 - INFO - Epoch 47/150 train_loss=1.8229227924346925
2026-09-28 20:21:30,792 - INFO - Best train loss=1.8229227924346925; saved /fs04/ar57/wenyu/GeneRec/results/stage3_T5Train/curvature_RQ-VAE_iter45/ckpt/Amazon_2023_Instruments/Sep-28-2026_20-12-14/HG_Rec_best.pth
2026-09-28 20:21:42,531 - INFO - Epoch 48/150 train_loss=1.8195520401000977
2026-09-28 20:21:42,572 - INFO - Best train loss=1.8195520401000977; saved /fs04/ar57/wenyu/GeneRec/results/stage3_T5Train/curvature_RQ-VAE_iter45/ckpt/Amazon_2023_Instruments/Sep-28-2026_20-12-14/HG_Rec_best.pth
2026-09-28 20:21:54,310 - INFO - Epoch 49/150 train_loss=1.8169890832901001
2026-09-28 20:21:54,352 - INFO - Best train loss=1.8169890832901001; saved /fs04/ar57/wenyu/GeneRec/results/stage3_T5Train/curvature_RQ-VAE_iter45/ckpt/Amazon_2023_Instruments/Sep-28-2026_20-12-14/HG_Rec_best.pth
2026-09-28 20:22:06,298 - INFO - Epoch 50/150 train_loss=1.8178911018371582
2026-09-28 20:22:18,726 - INFO - Epoch 51/150 train_loss=1.8152247333526612
2026-09-28 20:22:18,774 - INFO - Best train loss=1.8152247333526612; saved /fs04/ar57/wenyu/GeneRec/results/stage3_T5Train/curvature_RQ-VAE_iter45/ckpt/Amazon_2023_Instruments/Sep-28-2026_20-12-14/HG_Rec_best.pth
2026-09-28 20:22:30,518 - INFO - Epoch 52/150 train_loss=1.815642695426941
2026-09-28 20:22:42,258 - INFO - Epoch 53/150 train_loss=1.813161563873291
2026-09-28 20:22:42,302 - INFO - Best train loss=1.813161563873291; saved /fs04/ar57/wenyu/GeneRec/results/stage3_T5Train/curvature_RQ-VAE_iter45/ckpt/Amazon_2023_Instruments/Sep-28-2026_20-12-14/HG_Rec_best.pth
2026-09-28 20:22:54,045 - INFO - Epoch 54/150 train_loss=1.8089298105239868
2026-09-28 20:22:54,086 - INFO - Best train loss=1.8089298105239868; saved /fs04/ar57/wenyu/GeneRec/results/stage3_T5Train/curvature_RQ-VAE_iter45/ckpt/Amazon_2023_Instruments/Sep-28-2026_20-12-14/HG_Rec_best.pth
2026-09-28 20:23:07,795 - INFO - Epoch 55/150 train_loss=1.808663673400879
2026-09-28 20:23:07,895 - INFO - Best train loss=1.808663673400879; saved /fs04/ar57/wenyu/GeneRec/results/stage3_T5Train/curvature_RQ-VAE_iter45/ckpt/Amazon_2023_Instruments/Sep-28-2026_20-12-14/HG_Rec_best.pth
2026-09-28 20:23:19,635 - INFO - Epoch 56/150 train_loss=1.8071376037597657
2026-09-28 20:23:19,676 - INFO - Best train loss=1.8071376037597657; saved /fs04/ar57/wenyu/GeneRec/results/stage3_T5Train/curvature_RQ-VAE_iter45/ckpt/Amazon_2023_Instruments/Sep-28-2026_20-12-14/HG_Rec_best.pth
2026-09-28 20:23:31,412 - INFO - Epoch 57/150 train_loss=1.8049808168411254
2026-09-28 20:23:31,456 - INFO - Best train loss=1.8049808168411254; saved /fs04/ar57/wenyu/GeneRec/results/stage3_T5Train/curvature_RQ-VAE_iter45/ckpt/Amazon_2023_Instruments/Sep-28-2026_20-12-14/HG_Rec_best.pth
2026-09-28 20:23:43,196 - INFO - Epoch 58/150 train_loss=1.8027438592910767
2026-09-28 20:23:43,237 - INFO - Best train loss=1.8027438592910767; saved /fs04/ar57/wenyu/GeneRec/results/stage3_T5Train/curvature_RQ-VAE_iter45/ckpt/Amazon_2023_Instruments/Sep-28-2026_20-12-14/HG_Rec_best.pth
2026-09-28 20:23:54,970 - INFO - Epoch 59/150 train_loss=1.80089506149292
2026-09-28 20:23:55,013 - INFO - Best train loss=1.80089506149292; saved /fs04/ar57/wenyu/GeneRec/results/stage3_T5Train/curvature_RQ-VAE_iter45/ckpt/Amazon_2023_Instruments/Sep-28-2026_20-12-14/HG_Rec_best.pth
2026-09-28 20:24:06,754 - INFO - Epoch 60/150 train_loss=1.7981208562850952
2026-09-28 20:24:06,796 - INFO - Best train loss=1.7981208562850952; saved /fs04/ar57/wenyu/GeneRec/results/stage3_T5Train/curvature_RQ-VAE_iter45/ckpt/Amazon_2023_Instruments/Sep-28-2026_20-12-14/HG_Rec_best.pth
2026-09-28 20:24:18,537 - INFO - Epoch 61/150 train_loss=1.798454122543335
2026-09-28 20:24:30,283 - INFO - Epoch 62/150 train_loss=1.7956595039367675
2026-09-28 20:24:30,333 - INFO - Best train loss=1.7956595039367675; saved /fs04/ar57/wenyu/GeneRec/results/stage3_T5Train/curvature_RQ-VAE_iter45/ckpt/Amazon_2023_Instruments/Sep-28-2026_20-12-14/HG_Rec_best.pth
2026-09-28 20:24:42,073 - INFO - Epoch 63/150 train_loss=1.7960564804077148
2026-09-28 20:24:53,818 - INFO - Epoch 64/150 train_loss=1.794745397567749
2026-09-28 20:24:53,860 - INFO - Best train loss=1.794745397567749; saved /fs04/ar57/wenyu/GeneRec/results/stage3_T5Train/curvature_RQ-VAE_iter45/ckpt/Amazon_2023_Instruments/Sep-28-2026_20-12-14/HG_Rec_best.pth
2026-09-28 20:25:05,603 - INFO - Epoch 65/150 train_loss=1.7932410144805908
2026-09-28 20:25:05,644 - INFO - Best train loss=1.7932410144805908; saved /fs04/ar57/wenyu/GeneRec/results/stage3_T5Train/curvature_RQ-VAE_iter45/ckpt/Amazon_2023_Instruments/Sep-28-2026_20-12-14/HG_Rec_best.pth
2026-09-28 20:25:17,378 - INFO - Epoch 66/150 train_loss=1.7921891117095947
2026-09-28 20:25:17,418 - INFO - Best train loss=1.7921891117095947; saved /fs04/ar57/wenyu/GeneRec/results/stage3_T5Train/curvature_RQ-VAE_iter45/ckpt/Amazon_2023_Instruments/Sep-28-2026_20-12-14/HG_Rec_best.pth
2026-09-28 20:25:29,152 - INFO - Epoch 67/150 train_loss=1.7893519306182861
2026-09-28 20:25:29,194 - INFO - Best train loss=1.7893519306182861; saved /fs04/ar57/wenyu/GeneRec/results/stage3_T5Train/curvature_RQ-VAE_iter45/ckpt/Amazon_2023_Instruments/Sep-28-2026_20-12-14/HG_Rec_best.pth
2026-09-28 20:25:40,949 - INFO - Epoch 68/150 train_loss=1.7891633653640746
2026-09-28 20:25:40,999 - INFO - Best train loss=1.7891633653640746; saved /fs04/ar57/wenyu/GeneRec/results/stage3_T5Train/curvature_RQ-VAE_iter45/ckpt/Amazon_2023_Instruments/Sep-28-2026_20-12-14/HG_Rec_best.pth
2026-09-28 20:25:52,747 - INFO - Epoch 69/150 train_loss=1.790506830215454
2026-09-28 20:26:04,491 - INFO - Epoch 70/150 train_loss=1.7872937726974487
2026-09-28 20:26:04,537 - INFO - Best train loss=1.7872937726974487; saved /fs04/ar57/wenyu/GeneRec/results/stage3_T5Train/curvature_RQ-VAE_iter45/ckpt/Amazon_2023_Instruments/Sep-28-2026_20-12-14/HG_Rec_best.pth
2026-09-28 20:26:16,278 - INFO - Epoch 71/150 train_loss=1.7863148403167726
2026-09-28 20:26:16,322 - INFO - Best train loss=1.7863148403167726; saved /fs04/ar57/wenyu/GeneRec/results/stage3_T5Train/curvature_RQ-VAE_iter45/ckpt/Amazon_2023_Instruments/Sep-28-2026_20-12-14/HG_Rec_best.pth
2026-09-28 20:26:28,065 - INFO - Epoch 72/150 train_loss=1.7842741584777833
2026-09-28 20:26:28,106 - INFO - Best train loss=1.7842741584777833; saved /fs04/ar57/wenyu/GeneRec/results/stage3_T5Train/curvature_RQ-VAE_iter45/ckpt/Amazon_2023_Instruments/Sep-28-2026_20-12-14/HG_Rec_best.pth
2026-09-28 20:26:39,845 - INFO - Epoch 73/150 train_loss=1.780355725288391
2026-09-28 20:26:39,887 - INFO - Best train loss=1.780355725288391; saved /fs04/ar57/wenyu/GeneRec/results/stage3_T5Train/curvature_RQ-VAE_iter45/ckpt/Amazon_2023_Instruments/Sep-28-2026_20-12-14/HG_Rec_best.pth
2026-09-28 20:26:51,629 - INFO - Epoch 74/150 train_loss=1.78247323513031
2026-09-28 20:27:03,368 - INFO - Epoch 75/150 train_loss=1.7826761770248414
2026-09-28 20:27:15,117 - INFO - Epoch 76/150 train_loss=1.7807908153533936
2026-09-28 20:27:26,862 - INFO - Epoch 77/150 train_loss=1.7775498247146606
2026-09-28 20:27:26,906 - INFO - Best train loss=1.7775498247146606; saved /fs04/ar57/wenyu/GeneRec/results/stage3_T5Train/curvature_RQ-VAE_iter45/ckpt/Amazon_2023_Instruments/Sep-28-2026_20-12-14/HG_Rec_best.pth
2026-09-28 20:27:38,647 - INFO - Epoch 78/150 train_loss=1.7769986486434937
2026-09-28 20:27:38,689 - INFO - Best train loss=1.7769986486434937; saved /fs04/ar57/wenyu/GeneRec/results/stage3_T5Train/curvature_RQ-VAE_iter45/ckpt/Amazon_2023_Instruments/Sep-28-2026_20-12-14/HG_Rec_best.pth
2026-09-28 20:27:50,429 - INFO - Epoch 79/150 train_loss=1.7779379749298097
2026-09-28 20:28:02,168 - INFO - Epoch 80/150 train_loss=1.7765187978744508
2026-09-28 20:28:02,852 - INFO - Best train loss=1.7765187978744508; saved /fs04/ar57/wenyu/GeneRec/results/stage3_T5Train/curvature_RQ-VAE_iter45/ckpt/Amazon_2023_Instruments/Sep-28-2026_20-12-14/HG_Rec_best.pth
2026-09-28 20:28:14,585 - INFO - Epoch 81/150 train_loss=1.775397663116455
2026-09-28 20:28:14,626 - INFO - Best train loss=1.775397663116455; saved /fs04/ar57/wenyu/GeneRec/results/stage3_T5Train/curvature_RQ-VAE_iter45/ckpt/Amazon_2023_Instruments/Sep-28-2026_20-12-14/HG_Rec_best.pth
2026-09-28 20:28:26,366 - INFO - Epoch 82/150 train_loss=1.7721053409576415
2026-09-28 20:28:26,407 - INFO - Best train loss=1.7721053409576415; saved /fs04/ar57/wenyu/GeneRec/results/stage3_T5Train/curvature_RQ-VAE_iter45/ckpt/Amazon_2023_Instruments/Sep-28-2026_20-12-14/HG_Rec_best.pth
2026-09-28 20:28:38,145 - INFO - Epoch 83/150 train_loss=1.773214292526245
2026-09-28 20:28:49,891 - INFO - Epoch 84/150 train_loss=1.77201265335083
2026-09-28 20:28:49,937 - INFO - Best train loss=1.77201265335083; saved /fs04/ar57/wenyu/GeneRec/results/stage3_T5Train/curvature_RQ-VAE_iter45/ckpt/Amazon_2023_Instruments/Sep-28-2026_20-12-14/HG_Rec_best.pth
2026-09-28 20:29:01,680 - INFO - Epoch 85/150 train_loss=1.768985676765442
2026-09-28 20:29:01,721 - INFO - Best train loss=1.768985676765442; saved /fs04/ar57/wenyu/GeneRec/results/stage3_T5Train/curvature_RQ-VAE_iter45/ckpt/Amazon_2023_Instruments/Sep-28-2026_20-12-14/HG_Rec_best.pth
2026-09-28 20:29:13,463 - INFO - Epoch 86/150 train_loss=1.769546766281128
2026-09-28 20:29:25,207 - INFO - Epoch 87/150 train_loss=1.7697224855422973
2026-09-28 20:29:36,953 - INFO - Epoch 88/150 train_loss=1.7668624687194825
2026-09-28 20:29:36,998 - INFO - Best train loss=1.7668624687194825; saved /fs04/ar57/wenyu/GeneRec/results/stage3_T5Train/curvature_RQ-VAE_iter45/ckpt/Amazon_2023_Instruments/Sep-28-2026_20-12-14/HG_Rec_best.pth
2026-09-28 20:29:48,740 - INFO - Epoch 89/150 train_loss=1.7677826976776123
2026-09-28 20:30:00,478 - INFO - Epoch 90/150 train_loss=1.7647497415542603
2026-09-28 20:30:00,524 - INFO - Best train loss=1.7647497415542603; saved /fs04/ar57/wenyu/GeneRec/results/stage3_T5Train/curvature_RQ-VAE_iter45/ckpt/Amazon_2023_Instruments/Sep-28-2026_20-12-14/HG_Rec_best.pth
2026-09-28 20:30:12,258 - INFO - Epoch 91/150 train_loss=1.7644218349456786
2026-09-28 20:30:12,304 - INFO - Best train loss=1.7644218349456786; saved /fs04/ar57/wenyu/GeneRec/results/stage3_T5Train/curvature_RQ-VAE_iter45/ckpt/Amazon_2023_Instruments/Sep-28-2026_20-12-14/HG_Rec_best.pth
2026-09-28 20:30:24,529 - INFO - Epoch 92/150 train_loss=1.7642334175109864
2026-09-28 20:30:24,571 - INFO - Best train loss=1.7642334175109864; saved /fs04/ar57/wenyu/GeneRec/results/stage3_T5Train/curvature_RQ-VAE_iter45/ckpt/Amazon_2023_Instruments/Sep-28-2026_20-12-14/HG_Rec_best.pth
2026-09-28 20:30:36,341 - INFO - Epoch 93/150 train_loss=1.7606373071670531
2026-09-28 20:30:36,825 - INFO - Best train loss=1.7606373071670531; saved /fs04/ar57/wenyu/GeneRec/results/stage3_T5Train/curvature_RQ-VAE_iter45/ckpt/Amazon_2023_Instruments/Sep-28-2026_20-12-14/HG_Rec_best.pth
2026-09-28 20:30:48,566 - INFO - Epoch 94/150 train_loss=1.7630978107452393
2026-09-28 20:31:00,304 - INFO - Epoch 95/150 train_loss=1.7597551202774049
2026-09-28 20:31:00,352 - INFO - Best train loss=1.7597551202774049; saved /fs04/ar57/wenyu/GeneRec/results/stage3_T5Train/curvature_RQ-VAE_iter45/ckpt/Amazon_2023_Instruments/Sep-28-2026_20-12-14/HG_Rec_best.pth
2026-09-28 20:31:12,087 - INFO - Epoch 96/150 train_loss=1.7590487957000733
2026-09-28 20:31:12,128 - INFO - Best train loss=1.7590487957000733; saved /fs04/ar57/wenyu/GeneRec/results/stage3_T5Train/curvature_RQ-VAE_iter45/ckpt/Amazon_2023_Instruments/Sep-28-2026_20-12-14/HG_Rec_best.pth
2026-09-28 20:31:23,864 - INFO - Epoch 97/150 train_loss=1.7591976404190064
2026-09-28 20:31:35,603 - INFO - Epoch 98/150 train_loss=1.7577493000030517
2026-09-28 20:31:35,647 - INFO - Best train loss=1.7577493000030517; saved /fs04/ar57/wenyu/GeneRec/results/stage3_T5Train/curvature_RQ-VAE_iter45/ckpt/Amazon_2023_Instruments/Sep-28-2026_20-12-14/HG_Rec_best.pth
2026-09-28 20:31:47,386 - INFO - Epoch 99/150 train_loss=1.7583059453964234
2026-09-28 20:31:59,131 - INFO - Epoch 100/150 train_loss=1.7561057376861573
2026-09-28 20:31:59,175 - INFO - Best train loss=1.7561057376861573; saved /fs04/ar57/wenyu/GeneRec/results/stage3_T5Train/curvature_RQ-VAE_iter45/ckpt/Amazon_2023_Instruments/Sep-28-2026_20-12-14/HG_Rec_best.pth
2026-09-28 20:32:10,991 - INFO - Epoch 101/150 train_loss=1.754558229446411
2026-09-28 20:32:11,036 - INFO - Best train loss=1.754558229446411; saved /fs04/ar57/wenyu/GeneRec/results/stage3_T5Train/curvature_RQ-VAE_iter45/ckpt/Amazon_2023_Instruments/Sep-28-2026_20-12-14/HG_Rec_best.pth
2026-09-28 20:32:23,033 - INFO - Epoch 102/150 train_loss=1.7552861070632935
2026-09-28 20:32:34,805 - INFO - Epoch 103/150 train_loss=1.752127251625061
2026-09-28 20:32:34,850 - INFO - Best train loss=1.752127251625061; saved /fs04/ar57/wenyu/GeneRec/results/stage3_T5Train/curvature_RQ-VAE_iter45/ckpt/Amazon_2023_Instruments/Sep-28-2026_20-12-14/HG_Rec_best.pth
2026-09-28 20:32:46,591 - INFO - Epoch 104/150 train_loss=1.7515002632141112
2026-09-28 20:32:46,633 - INFO - Best train loss=1.7515002632141112; saved /fs04/ar57/wenyu/GeneRec/results/stage3_T5Train/curvature_RQ-VAE_iter45/ckpt/Amazon_2023_Instruments/Sep-28-2026_20-12-14/HG_Rec_best.pth
2026-09-28 20:32:58,418 - INFO - Epoch 105/150 train_loss=1.7541330528259278
2026-09-28 20:33:10,179 - INFO - Epoch 106/150 train_loss=1.7483552646636964
2026-09-28 20:33:10,229 - INFO - Best train loss=1.7483552646636964; saved /fs04/ar57/wenyu/GeneRec/results/stage3_T5Train/curvature_RQ-VAE_iter45/ckpt/Amazon_2023_Instruments/Sep-28-2026_20-12-14/HG_Rec_best.pth
2026-09-28 20:33:21,963 - INFO - Epoch 107/150 train_loss=1.7511683225631713
2026-09-28 20:33:33,700 - INFO - Epoch 108/150 train_loss=1.7496098136901856
2026-09-28 20:33:45,446 - INFO - Epoch 109/150 train_loss=1.7481420993804933
2026-09-28 20:33:45,490 - INFO - Best train loss=1.7481420993804933; saved /fs04/ar57/wenyu/GeneRec/results/stage3_T5Train/curvature_RQ-VAE_iter45/ckpt/Amazon_2023_Instruments/Sep-28-2026_20-12-14/HG_Rec_best.pth
2026-09-28 20:33:57,234 - INFO - Epoch 110/150 train_loss=1.7458829355239869
2026-09-28 20:33:57,294 - INFO - Best train loss=1.7458829355239869; saved /fs04/ar57/wenyu/GeneRec/results/stage3_T5Train/curvature_RQ-VAE_iter45/ckpt/Amazon_2023_Instruments/Sep-28-2026_20-12-14/HG_Rec_best.pth
2026-09-28 20:34:09,034 - INFO - Epoch 111/150 train_loss=1.7464137077331543
2026-09-28 20:34:20,777 - INFO - Epoch 112/150 train_loss=1.7451564693450927
2026-09-28 20:34:20,820 - INFO - Best train loss=1.7451564693450927; saved /fs04/ar57/wenyu/GeneRec/results/stage3_T5Train/curvature_RQ-VAE_iter45/ckpt/Amazon_2023_Instruments/Sep-28-2026_20-12-14/HG_Rec_best.pth
2026-09-28 20:34:32,556 - INFO - Epoch 113/150 train_loss=1.7472265768051147
2026-09-28 20:34:44,299 - INFO - Epoch 114/150 train_loss=1.7448675298690797
2026-09-28 20:34:44,341 - INFO - Best train loss=1.7448675298690797; saved /fs04/ar57/wenyu/GeneRec/results/stage3_T5Train/curvature_RQ-VAE_iter45/ckpt/Amazon_2023_Instruments/Sep-28-2026_20-12-14/HG_Rec_best.pth
2026-09-28 20:34:56,079 - INFO - Epoch 115/150 train_loss=1.745060362815857
2026-09-28 20:35:07,822 - INFO - Epoch 116/150 train_loss=1.743938970565796
2026-09-28 20:35:07,865 - INFO - Best train loss=1.743938970565796; saved /fs04/ar57/wenyu/GeneRec/results/stage3_T5Train/curvature_RQ-VAE_iter45/ckpt/Amazon_2023_Instruments/Sep-28-2026_20-12-14/HG_Rec_best.pth
2026-09-28 20:35:21,611 - INFO - Epoch 117/150 train_loss=1.7423641395568847
2026-09-28 20:35:21,655 - INFO - Best train loss=1.7423641395568847; saved /fs04/ar57/wenyu/GeneRec/results/stage3_T5Train/curvature_RQ-VAE_iter45/ckpt/Amazon_2023_Instruments/Sep-28-2026_20-12-14/HG_Rec_best.pth
2026-09-28 20:35:33,983 - INFO - Epoch 118/150 train_loss=1.740944390296936
2026-09-28 20:35:34,030 - INFO - Best train loss=1.740944390296936; saved /fs04/ar57/wenyu/GeneRec/results/stage3_T5Train/curvature_RQ-VAE_iter45/ckpt/Amazon_2023_Instruments/Sep-28-2026_20-12-14/HG_Rec_best.pth
2026-09-28 20:35:45,772 - INFO - Epoch 119/150 train_loss=1.741532835960388
2026-09-28 20:35:57,524 - INFO - Epoch 120/150 train_loss=1.738927903175354
2026-09-28 20:35:57,571 - INFO - Best train loss=1.738927903175354; saved /fs04/ar57/wenyu/GeneRec/results/stage3_T5Train/curvature_RQ-VAE_iter45/ckpt/Amazon_2023_Instruments/Sep-28-2026_20-12-14/HG_Rec_best.pth
2026-09-28 20:36:09,312 - INFO - Epoch 121/150 train_loss=1.738823471069336
2026-09-28 20:36:09,357 - INFO - Best train loss=1.738823471069336; saved /fs04/ar57/wenyu/GeneRec/results/stage3_T5Train/curvature_RQ-VAE_iter45/ckpt/Amazon_2023_Instruments/Sep-28-2026_20-12-14/HG_Rec_best.pth
2026-09-28 20:36:21,094 - INFO - Epoch 122/150 train_loss=1.7365829515457154
2026-09-28 20:36:21,137 - INFO - Best train loss=1.7365829515457154; saved /fs04/ar57/wenyu/GeneRec/results/stage3_T5Train/curvature_RQ-VAE_iter45/ckpt/Amazon_2023_Instruments/Sep-28-2026_20-12-14/HG_Rec_best.pth
2026-09-28 20:36:32,878 - INFO - Epoch 123/150 train_loss=1.7352513647079468
2026-09-28 20:36:32,920 - INFO - Best train loss=1.7352513647079468; saved /fs04/ar57/wenyu/GeneRec/results/stage3_T5Train/curvature_RQ-VAE_iter45/ckpt/Amazon_2023_Instruments/Sep-28-2026_20-12-14/HG_Rec_best.pth
2026-09-28 20:36:44,664 - INFO - Epoch 124/150 train_loss=1.736575961112976
2026-09-28 20:36:56,402 - INFO - Epoch 125/150 train_loss=1.7354024696350097
2026-09-28 20:37:08,149 - INFO - Epoch 126/150 train_loss=1.7344247198104858
2026-09-28 20:37:08,194 - INFO - Best train loss=1.7344247198104858; saved /fs04/ar57/wenyu/GeneRec/results/stage3_T5Train/curvature_RQ-VAE_iter45/ckpt/Amazon_2023_Instruments/Sep-28-2026_20-12-14/HG_Rec_best.pth
2026-09-28 20:37:19,935 - INFO - Epoch 127/150 train_loss=1.7329094648361205
2026-09-28 20:37:19,978 - INFO - Best train loss=1.7329094648361205; saved /fs04/ar57/wenyu/GeneRec/results/stage3_T5Train/curvature_RQ-VAE_iter45/ckpt/Amazon_2023_Instruments/Sep-28-2026_20-12-14/HG_Rec_best.pth
2026-09-28 20:37:31,716 - INFO - Epoch 128/150 train_loss=1.7354059982299805
2026-09-28 20:37:43,455 - INFO - Epoch 129/150 train_loss=1.7327302598953247
2026-09-28 20:37:43,501 - INFO - Best train loss=1.7327302598953247; saved /fs04/ar57/wenyu/GeneRec/results/stage3_T5Train/curvature_RQ-VAE_iter45/ckpt/Amazon_2023_Instruments/Sep-28-2026_20-12-14/HG_Rec_best.pth
2026-09-28 20:37:55,239 - INFO - Epoch 130/150 train_loss=1.7341004991531372
2026-09-28 20:38:06,979 - INFO - Epoch 131/150 train_loss=1.7326056337356568
2026-09-28 20:38:07,023 - INFO - Best train loss=1.7326056337356568; saved /fs04/ar57/wenyu/GeneRec/results/stage3_T5Train/curvature_RQ-VAE_iter45/ckpt/Amazon_2023_Instruments/Sep-28-2026_20-12-14/HG_Rec_best.pth
2026-09-28 20:38:18,765 - INFO - Epoch 132/150 train_loss=1.7299430751800537
2026-09-28 20:38:18,807 - INFO - Best train loss=1.7299430751800537; saved /fs04/ar57/wenyu/GeneRec/results/stage3_T5Train/curvature_RQ-VAE_iter45/ckpt/Amazon_2023_Instruments/Sep-28-2026_20-12-14/HG_Rec_best.pth
2026-09-28 20:38:30,550 - INFO - Epoch 133/150 train_loss=1.7314929151535035
2026-09-28 20:38:42,295 - INFO - Epoch 134/150 train_loss=1.7291167736053468
2026-09-28 20:38:42,336 - INFO - Best train loss=1.7291167736053468; saved /fs04/ar57/wenyu/GeneRec/results/stage3_T5Train/curvature_RQ-VAE_iter45/ckpt/Amazon_2023_Instruments/Sep-28-2026_20-12-14/HG_Rec_best.pth
2026-09-28 20:38:54,075 - INFO - Epoch 135/150 train_loss=1.7292732095718384
2026-09-28 20:39:05,824 - INFO - Epoch 136/150 train_loss=1.730707573890686
2026-09-28 20:39:17,569 - INFO - Epoch 137/150 train_loss=1.7297505140304565
2026-09-28 20:39:29,313 - INFO - Epoch 138/150 train_loss=1.7294712305068969
2026-09-28 20:39:41,063 - INFO - Epoch 139/150 train_loss=1.726879644393921
2026-09-28 20:39:41,110 - INFO - Best train loss=1.726879644393921; saved /fs04/ar57/wenyu/GeneRec/results/stage3_T5Train/curvature_RQ-VAE_iter45/ckpt/Amazon_2023_Instruments/Sep-28-2026_20-12-14/HG_Rec_best.pth
2026-09-28 20:39:52,851 - INFO - Epoch 140/150 train_loss=1.7253976345062256
2026-09-28 20:39:52,893 - INFO - Best train loss=1.7253976345062256; saved /fs04/ar57/wenyu/GeneRec/results/stage3_T5Train/curvature_RQ-VAE_iter45/ckpt/Amazon_2023_Instruments/Sep-28-2026_20-12-14/HG_Rec_best.pth
2026-09-28 20:40:04,638 - INFO - Epoch 141/150 train_loss=1.728440718650818
2026-09-28 20:40:16,378 - INFO - Epoch 142/150 train_loss=1.7283248472213746
2026-09-28 20:40:28,119 - INFO - Epoch 143/150 train_loss=1.725806384086609
2026-09-28 20:40:39,864 - INFO - Epoch 144/150 train_loss=1.7232503604888916
2026-09-28 20:40:39,909 - INFO - Best train loss=1.7232503604888916; saved /fs04/ar57/wenyu/GeneRec/results/stage3_T5Train/curvature_RQ-VAE_iter45/ckpt/Amazon_2023_Instruments/Sep-28-2026_20-12-14/HG_Rec_best.pth
2026-09-28 20:40:51,653 - INFO - Epoch 145/150 train_loss=1.7243318033218384
2026-09-28 20:41:03,395 - INFO - Epoch 146/150 train_loss=1.7239614868164062
2026-09-28 20:41:15,144 - INFO - Epoch 147/150 train_loss=1.720799536705017
2026-09-28 20:41:15,187 - INFO - Best train loss=1.720799536705017; saved /fs04/ar57/wenyu/GeneRec/results/stage3_T5Train/curvature_RQ-VAE_iter45/ckpt/Amazon_2023_Instruments/Sep-28-2026_20-12-14/HG_Rec_best.pth
2026-09-28 20:41:26,925 - INFO - Epoch 148/150 train_loss=1.721972818374634
2026-09-28 20:41:38,671 - INFO - Epoch 149/150 train_loss=1.720888295173645
2026-09-28 20:41:50,413 - INFO - Epoch 150/150 train_loss=1.7206407260894776
2026-09-28 20:41:50,455 - INFO - Best train loss=1.7206407260894776; saved /fs04/ar57/wenyu/GeneRec/results/stage3_T5Train/curvature_RQ-VAE_iter45/ckpt/Amazon_2023_Instruments/Sep-28-2026_20-12-14/HG_Rec_best.pth
2026-09-28 20:50:04,626 - INFO - Test={'best_checkpoint': '/fs04/ar57/wenyu/GeneRec/results/stage3_T5Train/curvature_RQ-VAE_iter45/ckpt/Amazon_2023_Instruments/Sep-28-2026_20-12-14/HG_Rec_best.pth', 'n_eval': 57439, 'test_recall@5': 0.034488761990981734, 'test_recall@10': 0.05292571249499469, 'test_ndcg@5': 0.022471139561934188, 'test_ndcg@10': 0.02839151210705213}
