2026-09-28 22:34:44,432 - INFO - Configuration: {'batch_size': 4096, 'infer_size': 1024, 'num_epochs': 150, 'eval_interval': 5, 'eval_start_epoch': 75, 'early_eval_epochs': (25, 50, 75, 100, 125), 'fast': True, 'bf16': True, 'use_lr_scheduler': True, 'lr_warmup_pct': 0.1, 'lr_min_factor': 0.2, 'compile': False, 'compile_mode': 'default', 'num_layers': 4, 'num_decoder_layers': 4, 'd_model': 128, 'd_ff': 1024, 'num_heads': 6, 'd_kv': 64, 'dropout_rate': 0.1, 'activation_function': 'relu', 'feed_forward_proj': 'relu', 'device': 'cuda', 'lr': 0.003, 'weight_decay': 0.05, 'vocab_size': 791, 'eos_token_id': 790, 'pad_token_id': 0, 'n_user_tokens': 1, 'max_len': 20, 'dataset_name': 'Amazon_2023_Instruments', 'dataset_path': '/home/wlia0047/ar57/wenyu/GeneRec/results/stage0_build_parquet/', 'codebook_size': [256, 256, 256, 1], 'code_path': '/fs04/ar57/wenyu/GeneRec/results/stage2_RQ-VAE/curvature_RQ-VAE_iter46/item_sids.json', 'train_file': 'train.parquet', 'valid_file': 'valid.parquet', 'test_file': 'test.parquet', 'log_path': '/fs04/ar57/wenyu/GeneRec/results/stage3_T5Train/curvature_RQ-VAE_iter46/logs/', 'save_path': '/fs04/ar57/wenyu/GeneRec/results/stage3_T5Train/curvature_RQ-VAE_iter46/ckpt/', 'seed': 42, 'topk_list': [5, 10], 'beam_size': 20, 'no_eval': True, 'skip_test': False, 'screen_baseline_log': '', 'screen_start_epoch': 40, 'screen_window': 5, 'screen_min_ndcg_gain': 0.001, 'screen_min_recall_gain': 0.001, 'num_workers': 4, 'prefetch_factor': 8, 'exclude_history': True, 'no_exclude_history': False, 'pin_memory': True, 'no_pin_memory': False, 'sid_length': 4, 'max_token_seq_len': 82, 'decoder_start_token_id': 0}
2026-09-28 22:34:44,554 - INFO - #Embedding parameters: 101248
#Non-embedding parameters: 4459648
#Total trainable parameters: 4560896

2026-09-28 22:34:58,323 - INFO - Epoch 1/150 train_loss=4.996590080261231
2026-09-28 22:34:58,406 - INFO - Best train loss=4.996590080261231; saved /fs04/ar57/wenyu/GeneRec/results/stage3_T5Train/curvature_RQ-VAE_iter46/ckpt/Amazon_2023_Instruments/Sep-28-2026_22-34-44/HG_Rec_best.pth
2026-09-28 22:35:10,031 - INFO - Epoch 2/150 train_loss=4.281290435791016
2026-09-28 22:35:10,068 - INFO - Best train loss=4.281290435791016; saved /fs04/ar57/wenyu/GeneRec/results/stage3_T5Train/curvature_RQ-VAE_iter46/ckpt/Amazon_2023_Instruments/Sep-28-2026_22-34-44/HG_Rec_best.pth
2026-09-28 22:35:21,676 - INFO - Epoch 3/150 train_loss=3.9981925868988037
2026-09-28 22:35:21,711 - INFO - Best train loss=3.9981925868988037; saved /fs04/ar57/wenyu/GeneRec/results/stage3_T5Train/curvature_RQ-VAE_iter46/ckpt/Amazon_2023_Instruments/Sep-28-2026_22-34-44/HG_Rec_best.pth
2026-09-28 22:35:33,322 - INFO - Epoch 4/150 train_loss=3.751816539764404
2026-09-28 22:35:33,359 - INFO - Best train loss=3.751816539764404; saved /fs04/ar57/wenyu/GeneRec/results/stage3_T5Train/curvature_RQ-VAE_iter46/ckpt/Amazon_2023_Instruments/Sep-28-2026_22-34-44/HG_Rec_best.pth
2026-09-28 22:35:44,960 - INFO - Epoch 5/150 train_loss=3.5036008834838865
2026-09-28 22:35:44,996 - INFO - Best train loss=3.5036008834838865; saved /fs04/ar57/wenyu/GeneRec/results/stage3_T5Train/curvature_RQ-VAE_iter46/ckpt/Amazon_2023_Instruments/Sep-28-2026_22-34-44/HG_Rec_best.pth
2026-09-28 22:35:56,598 - INFO - Epoch 6/150 train_loss=3.2642989635467528
2026-09-28 22:35:56,635 - INFO - Best train loss=3.2642989635467528; saved /fs04/ar57/wenyu/GeneRec/results/stage3_T5Train/curvature_RQ-VAE_iter46/ckpt/Amazon_2023_Instruments/Sep-28-2026_22-34-44/HG_Rec_best.pth
2026-09-28 22:36:08,231 - INFO - Epoch 7/150 train_loss=3.0710164165496825
2026-09-28 22:36:08,269 - INFO - Best train loss=3.0710164165496825; saved /fs04/ar57/wenyu/GeneRec/results/stage3_T5Train/curvature_RQ-VAE_iter46/ckpt/Amazon_2023_Instruments/Sep-28-2026_22-34-44/HG_Rec_best.pth
2026-09-28 22:36:19,877 - INFO - Epoch 8/150 train_loss=3.1323182582855225
2026-09-28 22:36:31,491 - INFO - Epoch 9/150 train_loss=2.876525573730469
2026-09-28 22:36:31,527 - INFO - Best train loss=2.876525573730469; saved /fs04/ar57/wenyu/GeneRec/results/stage3_T5Train/curvature_RQ-VAE_iter46/ckpt/Amazon_2023_Instruments/Sep-28-2026_22-34-44/HG_Rec_best.pth
2026-09-28 22:36:43,144 - INFO - Epoch 10/150 train_loss=2.7517615222930907
2026-09-28 22:36:43,180 - INFO - Best train loss=2.7517615222930907; saved /fs04/ar57/wenyu/GeneRec/results/stage3_T5Train/curvature_RQ-VAE_iter46/ckpt/Amazon_2023_Instruments/Sep-28-2026_22-34-44/HG_Rec_best.pth
2026-09-28 22:36:54,795 - INFO - Epoch 11/150 train_loss=2.661079158782959
2026-09-28 22:36:54,833 - INFO - Best train loss=2.661079158782959; saved /fs04/ar57/wenyu/GeneRec/results/stage3_T5Train/curvature_RQ-VAE_iter46/ckpt/Amazon_2023_Instruments/Sep-28-2026_22-34-44/HG_Rec_best.pth
2026-09-28 22:37:06,439 - INFO - Epoch 12/150 train_loss=2.5859166526794435
2026-09-28 22:37:06,476 - INFO - Best train loss=2.5859166526794435; saved /fs04/ar57/wenyu/GeneRec/results/stage3_T5Train/curvature_RQ-VAE_iter46/ckpt/Amazon_2023_Instruments/Sep-28-2026_22-34-44/HG_Rec_best.pth
2026-09-28 22:37:18,083 - INFO - Epoch 13/150 train_loss=2.5282727241516114
2026-09-28 22:37:18,124 - INFO - Best train loss=2.5282727241516114; saved /fs04/ar57/wenyu/GeneRec/results/stage3_T5Train/curvature_RQ-VAE_iter46/ckpt/Amazon_2023_Instruments/Sep-28-2026_22-34-44/HG_Rec_best.pth
2026-09-28 22:37:29,733 - INFO - Epoch 14/150 train_loss=2.4772608375549314
2026-09-28 22:37:29,773 - INFO - Best train loss=2.4772608375549314; saved /fs04/ar57/wenyu/GeneRec/results/stage3_T5Train/curvature_RQ-VAE_iter46/ckpt/Amazon_2023_Instruments/Sep-28-2026_22-34-44/HG_Rec_best.pth
2026-09-28 22:37:41,384 - INFO - Epoch 15/150 train_loss=2.4355665397644044
2026-09-28 22:37:41,420 - INFO - Best train loss=2.4355665397644044; saved /fs04/ar57/wenyu/GeneRec/results/stage3_T5Train/curvature_RQ-VAE_iter46/ckpt/Amazon_2023_Instruments/Sep-28-2026_22-34-44/HG_Rec_best.pth
2026-09-28 22:37:53,022 - INFO - Epoch 16/150 train_loss=2.3963932895660403
2026-09-28 22:37:53,056 - INFO - Best train loss=2.3963932895660403; saved /fs04/ar57/wenyu/GeneRec/results/stage3_T5Train/curvature_RQ-VAE_iter46/ckpt/Amazon_2023_Instruments/Sep-28-2026_22-34-44/HG_Rec_best.pth
2026-09-28 22:38:04,657 - INFO - Epoch 17/150 train_loss=2.3606049823760986
2026-09-28 22:38:04,693 - INFO - Best train loss=2.3606049823760986; saved /fs04/ar57/wenyu/GeneRec/results/stage3_T5Train/curvature_RQ-VAE_iter46/ckpt/Amazon_2023_Instruments/Sep-28-2026_22-34-44/HG_Rec_best.pth
2026-09-28 22:38:16,818 - INFO - Epoch 18/150 train_loss=2.3320319747924803
2026-09-28 22:38:16,860 - INFO - Best train loss=2.3320319747924803; saved /fs04/ar57/wenyu/GeneRec/results/stage3_T5Train/curvature_RQ-VAE_iter46/ckpt/Amazon_2023_Instruments/Sep-28-2026_22-34-44/HG_Rec_best.pth
2026-09-28 22:38:28,479 - INFO - Epoch 19/150 train_loss=2.312658042907715
2026-09-28 22:38:28,514 - INFO - Best train loss=2.312658042907715; saved /fs04/ar57/wenyu/GeneRec/results/stage3_T5Train/curvature_RQ-VAE_iter46/ckpt/Amazon_2023_Instruments/Sep-28-2026_22-34-44/HG_Rec_best.pth
2026-09-28 22:38:40,113 - INFO - Epoch 20/150 train_loss=2.2881931495666503
2026-09-28 22:38:40,152 - INFO - Best train loss=2.2881931495666503; saved /fs04/ar57/wenyu/GeneRec/results/stage3_T5Train/curvature_RQ-VAE_iter46/ckpt/Amazon_2023_Instruments/Sep-28-2026_22-34-44/HG_Rec_best.pth
2026-09-28 22:38:51,756 - INFO - Epoch 21/150 train_loss=2.2684739780426026
2026-09-28 22:38:51,791 - INFO - Best train loss=2.2684739780426026; saved /fs04/ar57/wenyu/GeneRec/results/stage3_T5Train/curvature_RQ-VAE_iter46/ckpt/Amazon_2023_Instruments/Sep-28-2026_22-34-44/HG_Rec_best.pth
2026-09-28 22:39:03,389 - INFO - Epoch 22/150 train_loss=2.255124797821045
2026-09-28 22:39:03,425 - INFO - Best train loss=2.255124797821045; saved /fs04/ar57/wenyu/GeneRec/results/stage3_T5Train/curvature_RQ-VAE_iter46/ckpt/Amazon_2023_Instruments/Sep-28-2026_22-34-44/HG_Rec_best.pth
2026-09-28 22:39:15,030 - INFO - Epoch 23/150 train_loss=2.2358375072479246
2026-09-28 22:39:15,064 - INFO - Best train loss=2.2358375072479246; saved /fs04/ar57/wenyu/GeneRec/results/stage3_T5Train/curvature_RQ-VAE_iter46/ckpt/Amazon_2023_Instruments/Sep-28-2026_22-34-44/HG_Rec_best.pth
2026-09-28 22:39:26,661 - INFO - Epoch 24/150 train_loss=2.2242627048492434
2026-09-28 22:39:26,695 - INFO - Best train loss=2.2242627048492434; saved /fs04/ar57/wenyu/GeneRec/results/stage3_T5Train/curvature_RQ-VAE_iter46/ckpt/Amazon_2023_Instruments/Sep-28-2026_22-34-44/HG_Rec_best.pth
2026-09-28 22:39:38,293 - INFO - Epoch 25/150 train_loss=2.2079163551330567
2026-09-28 22:39:38,328 - INFO - Best train loss=2.2079163551330567; saved /fs04/ar57/wenyu/GeneRec/results/stage3_T5Train/curvature_RQ-VAE_iter46/ckpt/Amazon_2023_Instruments/Sep-28-2026_22-34-44/HG_Rec_best.pth
2026-09-28 22:39:49,928 - INFO - Epoch 26/150 train_loss=2.1872637367248533
2026-09-28 22:39:49,964 - INFO - Best train loss=2.1872637367248533; saved /fs04/ar57/wenyu/GeneRec/results/stage3_T5Train/curvature_RQ-VAE_iter46/ckpt/Amazon_2023_Instruments/Sep-28-2026_22-34-44/HG_Rec_best.pth
2026-09-28 22:40:01,566 - INFO - Epoch 27/150 train_loss=2.177870903015137
2026-09-28 22:40:01,601 - INFO - Best train loss=2.177870903015137; saved /fs04/ar57/wenyu/GeneRec/results/stage3_T5Train/curvature_RQ-VAE_iter46/ckpt/Amazon_2023_Instruments/Sep-28-2026_22-34-44/HG_Rec_best.pth
2026-09-28 22:40:13,198 - INFO - Epoch 28/150 train_loss=2.1651002502441408
2026-09-28 22:40:13,236 - INFO - Best train loss=2.1651002502441408; saved /fs04/ar57/wenyu/GeneRec/results/stage3_T5Train/curvature_RQ-VAE_iter46/ckpt/Amazon_2023_Instruments/Sep-28-2026_22-34-44/HG_Rec_best.pth
2026-09-28 22:40:24,831 - INFO - Epoch 29/150 train_loss=2.1533327102661133
2026-09-28 22:40:24,868 - INFO - Best train loss=2.1533327102661133; saved /fs04/ar57/wenyu/GeneRec/results/stage3_T5Train/curvature_RQ-VAE_iter46/ckpt/Amazon_2023_Instruments/Sep-28-2026_22-34-44/HG_Rec_best.pth
2026-09-28 22:40:36,468 - INFO - Epoch 30/150 train_loss=2.1412938690185546
2026-09-28 22:40:36,503 - INFO - Best train loss=2.1412938690185546; saved /fs04/ar57/wenyu/GeneRec/results/stage3_T5Train/curvature_RQ-VAE_iter46/ckpt/Amazon_2023_Instruments/Sep-28-2026_22-34-44/HG_Rec_best.pth
2026-09-28 22:40:48,098 - INFO - Epoch 31/150 train_loss=2.1364086055755616
2026-09-28 22:40:48,134 - INFO - Best train loss=2.1364086055755616; saved /fs04/ar57/wenyu/GeneRec/results/stage3_T5Train/curvature_RQ-VAE_iter46/ckpt/Amazon_2023_Instruments/Sep-28-2026_22-34-44/HG_Rec_best.pth
2026-09-28 22:40:59,741 - INFO - Epoch 32/150 train_loss=2.1249782371520998
2026-09-28 22:40:59,776 - INFO - Best train loss=2.1249782371520998; saved /fs04/ar57/wenyu/GeneRec/results/stage3_T5Train/curvature_RQ-VAE_iter46/ckpt/Amazon_2023_Instruments/Sep-28-2026_22-34-44/HG_Rec_best.pth
2026-09-28 22:41:11,382 - INFO - Epoch 33/150 train_loss=2.1131030464172365
2026-09-28 22:41:11,417 - INFO - Best train loss=2.1131030464172365; saved /fs04/ar57/wenyu/GeneRec/results/stage3_T5Train/curvature_RQ-VAE_iter46/ckpt/Amazon_2023_Instruments/Sep-28-2026_22-34-44/HG_Rec_best.pth
2026-09-28 22:41:23,029 - INFO - Epoch 34/150 train_loss=2.1055359649658203
2026-09-28 22:41:23,065 - INFO - Best train loss=2.1055359649658203; saved /fs04/ar57/wenyu/GeneRec/results/stage3_T5Train/curvature_RQ-VAE_iter46/ckpt/Amazon_2023_Instruments/Sep-28-2026_22-34-44/HG_Rec_best.pth
2026-09-28 22:41:34,672 - INFO - Epoch 35/150 train_loss=2.0974546337127684
2026-09-28 22:41:34,707 - INFO - Best train loss=2.0974546337127684; saved /fs04/ar57/wenyu/GeneRec/results/stage3_T5Train/curvature_RQ-VAE_iter46/ckpt/Amazon_2023_Instruments/Sep-28-2026_22-34-44/HG_Rec_best.pth
2026-09-28 22:41:46,312 - INFO - Epoch 36/150 train_loss=2.0901241970062254
2026-09-28 22:41:46,347 - INFO - Best train loss=2.0901241970062254; saved /fs04/ar57/wenyu/GeneRec/results/stage3_T5Train/curvature_RQ-VAE_iter46/ckpt/Amazon_2023_Instruments/Sep-28-2026_22-34-44/HG_Rec_best.pth
2026-09-28 22:41:57,957 - INFO - Epoch 37/150 train_loss=2.0796053504943846
2026-09-28 22:41:57,993 - INFO - Best train loss=2.0796053504943846; saved /fs04/ar57/wenyu/GeneRec/results/stage3_T5Train/curvature_RQ-VAE_iter46/ckpt/Amazon_2023_Instruments/Sep-28-2026_22-34-44/HG_Rec_best.pth
2026-09-28 22:42:09,598 - INFO - Epoch 38/150 train_loss=2.0745630645751953
2026-09-28 22:42:09,633 - INFO - Best train loss=2.0745630645751953; saved /fs04/ar57/wenyu/GeneRec/results/stage3_T5Train/curvature_RQ-VAE_iter46/ckpt/Amazon_2023_Instruments/Sep-28-2026_22-34-44/HG_Rec_best.pth
2026-09-28 22:42:21,230 - INFO - Epoch 39/150 train_loss=2.0689850997924806
2026-09-28 22:42:21,269 - INFO - Best train loss=2.0689850997924806; saved /fs04/ar57/wenyu/GeneRec/results/stage3_T5Train/curvature_RQ-VAE_iter46/ckpt/Amazon_2023_Instruments/Sep-28-2026_22-34-44/HG_Rec_best.pth
2026-09-28 22:42:32,869 - INFO - Epoch 40/150 train_loss=2.0624282550811768
2026-09-28 22:42:32,906 - INFO - Best train loss=2.0624282550811768; saved /fs04/ar57/wenyu/GeneRec/results/stage3_T5Train/curvature_RQ-VAE_iter46/ckpt/Amazon_2023_Instruments/Sep-28-2026_22-34-44/HG_Rec_best.pth
2026-09-28 22:42:44,513 - INFO - Epoch 41/150 train_loss=2.0599586009979247
2026-09-28 22:42:44,548 - INFO - Best train loss=2.0599586009979247; saved /fs04/ar57/wenyu/GeneRec/results/stage3_T5Train/curvature_RQ-VAE_iter46/ckpt/Amazon_2023_Instruments/Sep-28-2026_22-34-44/HG_Rec_best.pth
2026-09-28 22:42:56,162 - INFO - Epoch 42/150 train_loss=2.052162961959839
2026-09-28 22:42:56,196 - INFO - Best train loss=2.052162961959839; saved /fs04/ar57/wenyu/GeneRec/results/stage3_T5Train/curvature_RQ-VAE_iter46/ckpt/Amazon_2023_Instruments/Sep-28-2026_22-34-44/HG_Rec_best.pth
2026-09-28 22:43:07,824 - INFO - Epoch 43/150 train_loss=2.04583233833313
2026-09-28 22:43:07,862 - INFO - Best train loss=2.04583233833313; saved /fs04/ar57/wenyu/GeneRec/results/stage3_T5Train/curvature_RQ-VAE_iter46/ckpt/Amazon_2023_Instruments/Sep-28-2026_22-34-44/HG_Rec_best.pth
2026-09-28 22:43:19,465 - INFO - Epoch 44/150 train_loss=2.042241334915161
2026-09-28 22:43:19,500 - INFO - Best train loss=2.042241334915161; saved /fs04/ar57/wenyu/GeneRec/results/stage3_T5Train/curvature_RQ-VAE_iter46/ckpt/Amazon_2023_Instruments/Sep-28-2026_22-34-44/HG_Rec_best.pth
2026-09-28 22:43:31,106 - INFO - Epoch 45/150 train_loss=2.035896053314209
2026-09-28 22:43:31,142 - INFO - Best train loss=2.035896053314209; saved /fs04/ar57/wenyu/GeneRec/results/stage3_T5Train/curvature_RQ-VAE_iter46/ckpt/Amazon_2023_Instruments/Sep-28-2026_22-34-44/HG_Rec_best.pth
2026-09-28 22:43:42,744 - INFO - Epoch 46/150 train_loss=2.032721424102783
2026-09-28 22:43:42,778 - INFO - Best train loss=2.032721424102783; saved /fs04/ar57/wenyu/GeneRec/results/stage3_T5Train/curvature_RQ-VAE_iter46/ckpt/Amazon_2023_Instruments/Sep-28-2026_22-34-44/HG_Rec_best.pth
2026-09-28 22:43:54,395 - INFO - Epoch 47/150 train_loss=2.029509201049805
2026-09-28 22:43:54,429 - INFO - Best train loss=2.029509201049805; saved /fs04/ar57/wenyu/GeneRec/results/stage3_T5Train/curvature_RQ-VAE_iter46/ckpt/Amazon_2023_Instruments/Sep-28-2026_22-34-44/HG_Rec_best.pth
2026-09-28 22:44:06,030 - INFO - Epoch 48/150 train_loss=2.024313974380493
2026-09-28 22:44:06,065 - INFO - Best train loss=2.024313974380493; saved /fs04/ar57/wenyu/GeneRec/results/stage3_T5Train/curvature_RQ-VAE_iter46/ckpt/Amazon_2023_Instruments/Sep-28-2026_22-34-44/HG_Rec_best.pth
2026-09-28 22:44:17,670 - INFO - Epoch 49/150 train_loss=2.01610764503479
2026-09-28 22:44:17,707 - INFO - Best train loss=2.01610764503479; saved /fs04/ar57/wenyu/GeneRec/results/stage3_T5Train/curvature_RQ-VAE_iter46/ckpt/Amazon_2023_Instruments/Sep-28-2026_22-34-44/HG_Rec_best.pth
2026-09-28 22:44:29,519 - INFO - Epoch 50/150 train_loss=2.016497974395752
2026-09-28 22:44:41,306 - INFO - Epoch 51/150 train_loss=2.011253499984741
2026-09-28 22:44:41,350 - INFO - Best train loss=2.011253499984741; saved /fs04/ar57/wenyu/GeneRec/results/stage3_T5Train/curvature_RQ-VAE_iter46/ckpt/Amazon_2023_Instruments/Sep-28-2026_22-34-44/HG_Rec_best.pth
2026-09-28 22:44:52,956 - INFO - Epoch 52/150 train_loss=2.010251274108887
2026-09-28 22:44:52,991 - INFO - Best train loss=2.010251274108887; saved /fs04/ar57/wenyu/GeneRec/results/stage3_T5Train/curvature_RQ-VAE_iter46/ckpt/Amazon_2023_Instruments/Sep-28-2026_22-34-44/HG_Rec_best.pth
2026-09-28 22:45:04,603 - INFO - Epoch 53/150 train_loss=2.0086338090896607
2026-09-28 22:45:04,640 - INFO - Best train loss=2.0086338090896607; saved /fs04/ar57/wenyu/GeneRec/results/stage3_T5Train/curvature_RQ-VAE_iter46/ckpt/Amazon_2023_Instruments/Sep-28-2026_22-34-44/HG_Rec_best.pth
2026-09-28 22:45:16,241 - INFO - Epoch 54/150 train_loss=2.0005157947540284
2026-09-28 22:45:16,279 - INFO - Best train loss=2.0005157947540284; saved /fs04/ar57/wenyu/GeneRec/results/stage3_T5Train/curvature_RQ-VAE_iter46/ckpt/Amazon_2023_Instruments/Sep-28-2026_22-34-44/HG_Rec_best.pth
2026-09-28 22:45:29,891 - INFO - Epoch 55/150 train_loss=1.9985283851623534
2026-09-28 22:45:30,005 - INFO - Best train loss=1.9985283851623534; saved /fs04/ar57/wenyu/GeneRec/results/stage3_T5Train/curvature_RQ-VAE_iter46/ckpt/Amazon_2023_Instruments/Sep-28-2026_22-34-44/HG_Rec_best.pth
2026-09-28 22:45:41,605 - INFO - Epoch 56/150 train_loss=1.9948491287231445
2026-09-28 22:45:41,660 - INFO - Best train loss=1.9948491287231445; saved /fs04/ar57/wenyu/GeneRec/results/stage3_T5Train/curvature_RQ-VAE_iter46/ckpt/Amazon_2023_Instruments/Sep-28-2026_22-34-44/HG_Rec_best.pth
2026-09-28 22:45:53,320 - INFO - Epoch 57/150 train_loss=1.9868631172180176
2026-09-28 22:45:53,378 - INFO - Best train loss=1.9868631172180176; saved /fs04/ar57/wenyu/GeneRec/results/stage3_T5Train/curvature_RQ-VAE_iter46/ckpt/Amazon_2023_Instruments/Sep-28-2026_22-34-44/HG_Rec_best.pth
2026-09-28 22:46:04,985 - INFO - Epoch 58/150 train_loss=1.9812321329116822
2026-09-28 22:46:05,020 - INFO - Best train loss=1.9812321329116822; saved /fs04/ar57/wenyu/GeneRec/results/stage3_T5Train/curvature_RQ-VAE_iter46/ckpt/Amazon_2023_Instruments/Sep-28-2026_22-34-44/HG_Rec_best.pth
2026-09-28 22:46:16,626 - INFO - Epoch 59/150 train_loss=1.9731283044815064
2026-09-28 22:46:16,661 - INFO - Best train loss=1.9731283044815064; saved /fs04/ar57/wenyu/GeneRec/results/stage3_T5Train/curvature_RQ-VAE_iter46/ckpt/Amazon_2023_Instruments/Sep-28-2026_22-34-44/HG_Rec_best.pth
2026-09-28 22:46:28,268 - INFO - Epoch 60/150 train_loss=1.9695286512374879
2026-09-28 22:46:28,329 - INFO - Best train loss=1.9695286512374879; saved /fs04/ar57/wenyu/GeneRec/results/stage3_T5Train/curvature_RQ-VAE_iter46/ckpt/Amazon_2023_Instruments/Sep-28-2026_22-34-44/HG_Rec_best.pth
2026-09-28 22:46:39,935 - INFO - Epoch 61/150 train_loss=1.9673809432983398
2026-09-28 22:46:39,970 - INFO - Best train loss=1.9673809432983398; saved /fs04/ar57/wenyu/GeneRec/results/stage3_T5Train/curvature_RQ-VAE_iter46/ckpt/Amazon_2023_Instruments/Sep-28-2026_22-34-44/HG_Rec_best.pth
2026-09-28 22:46:51,577 - INFO - Epoch 62/150 train_loss=1.963577480316162
2026-09-28 22:46:51,613 - INFO - Best train loss=1.963577480316162; saved /fs04/ar57/wenyu/GeneRec/results/stage3_T5Train/curvature_RQ-VAE_iter46/ckpt/Amazon_2023_Instruments/Sep-28-2026_22-34-44/HG_Rec_best.pth
2026-09-28 22:47:03,220 - INFO - Epoch 63/150 train_loss=1.9618635416030883
2026-09-28 22:47:03,255 - INFO - Best train loss=1.9618635416030883; saved /fs04/ar57/wenyu/GeneRec/results/stage3_T5Train/curvature_RQ-VAE_iter46/ckpt/Amazon_2023_Instruments/Sep-28-2026_22-34-44/HG_Rec_best.pth
2026-09-28 22:47:14,854 - INFO - Epoch 64/150 train_loss=1.9593886566162109
2026-09-28 22:47:14,890 - INFO - Best train loss=1.9593886566162109; saved /fs04/ar57/wenyu/GeneRec/results/stage3_T5Train/curvature_RQ-VAE_iter46/ckpt/Amazon_2023_Instruments/Sep-28-2026_22-34-44/HG_Rec_best.pth
2026-09-28 22:47:26,486 - INFO - Epoch 65/150 train_loss=1.9545028018951416
2026-09-28 22:47:26,525 - INFO - Best train loss=1.9545028018951416; saved /fs04/ar57/wenyu/GeneRec/results/stage3_T5Train/curvature_RQ-VAE_iter46/ckpt/Amazon_2023_Instruments/Sep-28-2026_22-34-44/HG_Rec_best.pth
2026-09-28 22:47:38,123 - INFO - Epoch 66/150 train_loss=1.952248730659485
2026-09-28 22:47:38,160 - INFO - Best train loss=1.952248730659485; saved /fs04/ar57/wenyu/GeneRec/results/stage3_T5Train/curvature_RQ-VAE_iter46/ckpt/Amazon_2023_Instruments/Sep-28-2026_22-34-44/HG_Rec_best.pth
2026-09-28 22:47:49,756 - INFO - Epoch 67/150 train_loss=1.9490696287155151
2026-09-28 22:47:49,792 - INFO - Best train loss=1.9490696287155151; saved /fs04/ar57/wenyu/GeneRec/results/stage3_T5Train/curvature_RQ-VAE_iter46/ckpt/Amazon_2023_Instruments/Sep-28-2026_22-34-44/HG_Rec_best.pth
2026-09-28 22:48:01,393 - INFO - Epoch 68/150 train_loss=1.948729271888733
2026-09-28 22:48:01,447 - INFO - Best train loss=1.948729271888733; saved /fs04/ar57/wenyu/GeneRec/results/stage3_T5Train/curvature_RQ-VAE_iter46/ckpt/Amazon_2023_Instruments/Sep-28-2026_22-34-44/HG_Rec_best.pth
2026-09-28 22:48:13,046 - INFO - Epoch 69/150 train_loss=1.9490490198135375
2026-09-28 22:48:24,650 - INFO - Epoch 70/150 train_loss=1.9420813941955566
2026-09-28 22:48:24,695 - INFO - Best train loss=1.9420813941955566; saved /fs04/ar57/wenyu/GeneRec/results/stage3_T5Train/curvature_RQ-VAE_iter46/ckpt/Amazon_2023_Instruments/Sep-28-2026_22-34-44/HG_Rec_best.pth
2026-09-28 22:48:36,296 - INFO - Epoch 71/150 train_loss=1.942231764793396
2026-09-28 22:48:47,909 - INFO - Epoch 72/150 train_loss=1.9388347387313842
2026-09-28 22:48:47,951 - INFO - Best train loss=1.9388347387313842; saved /fs04/ar57/wenyu/GeneRec/results/stage3_T5Train/curvature_RQ-VAE_iter46/ckpt/Amazon_2023_Instruments/Sep-28-2026_22-34-44/HG_Rec_best.pth
2026-09-28 22:48:59,558 - INFO - Epoch 73/150 train_loss=1.9311063385009766
2026-09-28 22:48:59,593 - INFO - Best train loss=1.9311063385009766; saved /fs04/ar57/wenyu/GeneRec/results/stage3_T5Train/curvature_RQ-VAE_iter46/ckpt/Amazon_2023_Instruments/Sep-28-2026_22-34-44/HG_Rec_best.pth
2026-09-28 22:49:11,200 - INFO - Epoch 74/150 train_loss=1.9352022743225097
2026-09-28 22:49:22,806 - INFO - Epoch 75/150 train_loss=1.9319894313812256
2026-09-28 22:49:34,420 - INFO - Epoch 76/150 train_loss=1.9307360124588013
2026-09-28 22:49:34,462 - INFO - Best train loss=1.9307360124588013; saved /fs04/ar57/wenyu/GeneRec/results/stage3_T5Train/curvature_RQ-VAE_iter46/ckpt/Amazon_2023_Instruments/Sep-28-2026_22-34-44/HG_Rec_best.pth
2026-09-28 22:49:46,073 - INFO - Epoch 77/150 train_loss=1.9279514503479005
2026-09-28 22:49:46,109 - INFO - Best train loss=1.9279514503479005; saved /fs04/ar57/wenyu/GeneRec/results/stage3_T5Train/curvature_RQ-VAE_iter46/ckpt/Amazon_2023_Instruments/Sep-28-2026_22-34-44/HG_Rec_best.pth
2026-09-28 22:49:57,716 - INFO - Epoch 78/150 train_loss=1.9270913314819336
2026-09-28 22:49:57,753 - INFO - Best train loss=1.9270913314819336; saved /fs04/ar57/wenyu/GeneRec/results/stage3_T5Train/curvature_RQ-VAE_iter46/ckpt/Amazon_2023_Instruments/Sep-28-2026_22-34-44/HG_Rec_best.pth
2026-09-28 22:50:09,354 - INFO - Epoch 79/150 train_loss=1.9250286245346069
2026-09-28 22:50:09,392 - INFO - Best train loss=1.9250286245346069; saved /fs04/ar57/wenyu/GeneRec/results/stage3_T5Train/curvature_RQ-VAE_iter46/ckpt/Amazon_2023_Instruments/Sep-28-2026_22-34-44/HG_Rec_best.pth
2026-09-28 22:50:20,998 - INFO - Epoch 80/150 train_loss=1.9232315492630006
2026-09-28 22:50:21,636 - INFO - Best train loss=1.9232315492630006; saved /fs04/ar57/wenyu/GeneRec/results/stage3_T5Train/curvature_RQ-VAE_iter46/ckpt/Amazon_2023_Instruments/Sep-28-2026_22-34-44/HG_Rec_best.pth
2026-09-28 22:50:33,240 - INFO - Epoch 81/150 train_loss=1.9233116579055787
2026-09-28 22:50:44,840 - INFO - Epoch 82/150 train_loss=1.9159394025802612
2026-09-28 22:50:44,887 - INFO - Best train loss=1.9159394025802612; saved /fs04/ar57/wenyu/GeneRec/results/stage3_T5Train/curvature_RQ-VAE_iter46/ckpt/Amazon_2023_Instruments/Sep-28-2026_22-34-44/HG_Rec_best.pth
2026-09-28 22:50:56,495 - INFO - Epoch 83/150 train_loss=1.9180345344543457
2026-09-28 22:51:08,101 - INFO - Epoch 84/150 train_loss=1.9150159168243408
2026-09-28 22:51:08,147 - INFO - Best train loss=1.9150159168243408; saved /fs04/ar57/wenyu/GeneRec/results/stage3_T5Train/curvature_RQ-VAE_iter46/ckpt/Amazon_2023_Instruments/Sep-28-2026_22-34-44/HG_Rec_best.pth
2026-09-28 22:51:19,756 - INFO - Epoch 85/150 train_loss=1.9138785314559936
2026-09-28 22:51:19,792 - INFO - Best train loss=1.9138785314559936; saved /fs04/ar57/wenyu/GeneRec/results/stage3_T5Train/curvature_RQ-VAE_iter46/ckpt/Amazon_2023_Instruments/Sep-28-2026_22-34-44/HG_Rec_best.pth
2026-09-28 22:51:31,401 - INFO - Epoch 86/150 train_loss=1.9099733924865723
2026-09-28 22:51:31,436 - INFO - Best train loss=1.9099733924865723; saved /fs04/ar57/wenyu/GeneRec/results/stage3_T5Train/curvature_RQ-VAE_iter46/ckpt/Amazon_2023_Instruments/Sep-28-2026_22-34-44/HG_Rec_best.pth
2026-09-28 22:51:43,037 - INFO - Epoch 87/150 train_loss=1.911604323387146
2026-09-28 22:51:54,649 - INFO - Epoch 88/150 train_loss=1.9066583442687988
2026-09-28 22:51:54,696 - INFO - Best train loss=1.9066583442687988; saved /fs04/ar57/wenyu/GeneRec/results/stage3_T5Train/curvature_RQ-VAE_iter46/ckpt/Amazon_2023_Instruments/Sep-28-2026_22-34-44/HG_Rec_best.pth
2026-09-28 22:52:06,305 - INFO - Epoch 89/150 train_loss=1.9062531280517578
2026-09-28 22:52:06,340 - INFO - Best train loss=1.9062531280517578; saved /fs04/ar57/wenyu/GeneRec/results/stage3_T5Train/curvature_RQ-VAE_iter46/ckpt/Amazon_2023_Instruments/Sep-28-2026_22-34-44/HG_Rec_best.pth
2026-09-28 22:52:17,939 - INFO - Epoch 90/150 train_loss=1.9050642108917237
2026-09-28 22:52:17,975 - INFO - Best train loss=1.9050642108917237; saved /fs04/ar57/wenyu/GeneRec/results/stage3_T5Train/curvature_RQ-VAE_iter46/ckpt/Amazon_2023_Instruments/Sep-28-2026_22-34-44/HG_Rec_best.pth
2026-09-28 22:52:29,576 - INFO - Epoch 91/150 train_loss=1.904434084892273
2026-09-28 22:52:29,612 - INFO - Best train loss=1.904434084892273; saved /fs04/ar57/wenyu/GeneRec/results/stage3_T5Train/curvature_RQ-VAE_iter46/ckpt/Amazon_2023_Instruments/Sep-28-2026_22-34-44/HG_Rec_best.pth
2026-09-28 22:52:41,680 - INFO - Epoch 92/150 train_loss=1.9028213453292846
2026-09-28 22:52:41,720 - INFO - Best train loss=1.9028213453292846; saved /fs04/ar57/wenyu/GeneRec/results/stage3_T5Train/curvature_RQ-VAE_iter46/ckpt/Amazon_2023_Instruments/Sep-28-2026_22-34-44/HG_Rec_best.pth
2026-09-28 22:52:53,330 - INFO - Epoch 93/150 train_loss=1.899556827545166
2026-09-28 22:52:53,412 - INFO - Best train loss=1.899556827545166; saved /fs04/ar57/wenyu/GeneRec/results/stage3_T5Train/curvature_RQ-VAE_iter46/ckpt/Amazon_2023_Instruments/Sep-28-2026_22-34-44/HG_Rec_best.pth
2026-09-28 22:53:05,013 - INFO - Epoch 94/150 train_loss=1.9019855308532714
2026-09-28 22:53:16,618 - INFO - Epoch 95/150 train_loss=1.8975505495071412
2026-09-28 22:53:16,666 - INFO - Best train loss=1.8975505495071412; saved /fs04/ar57/wenyu/GeneRec/results/stage3_T5Train/curvature_RQ-VAE_iter46/ckpt/Amazon_2023_Instruments/Sep-28-2026_22-34-44/HG_Rec_best.pth
2026-09-28 22:53:28,275 - INFO - Epoch 96/150 train_loss=1.8974660301208497
2026-09-28 22:53:28,309 - INFO - Best train loss=1.8974660301208497; saved /fs04/ar57/wenyu/GeneRec/results/stage3_T5Train/curvature_RQ-VAE_iter46/ckpt/Amazon_2023_Instruments/Sep-28-2026_22-34-44/HG_Rec_best.pth
2026-09-28 22:53:39,915 - INFO - Epoch 97/150 train_loss=1.8944389009475708
2026-09-28 22:53:39,953 - INFO - Best train loss=1.8944389009475708; saved /fs04/ar57/wenyu/GeneRec/results/stage3_T5Train/curvature_RQ-VAE_iter46/ckpt/Amazon_2023_Instruments/Sep-28-2026_22-34-44/HG_Rec_best.pth
2026-09-28 22:53:51,554 - INFO - Epoch 98/150 train_loss=1.8942746210098267
2026-09-28 22:53:51,588 - INFO - Best train loss=1.8942746210098267; saved /fs04/ar57/wenyu/GeneRec/results/stage3_T5Train/curvature_RQ-VAE_iter46/ckpt/Amazon_2023_Instruments/Sep-28-2026_22-34-44/HG_Rec_best.pth
2026-09-28 22:54:03,191 - INFO - Epoch 99/150 train_loss=1.8935300588607789
2026-09-28 22:54:03,227 - INFO - Best train loss=1.8935300588607789; saved /fs04/ar57/wenyu/GeneRec/results/stage3_T5Train/curvature_RQ-VAE_iter46/ckpt/Amazon_2023_Instruments/Sep-28-2026_22-34-44/HG_Rec_best.pth
2026-09-28 22:54:14,834 - INFO - Epoch 100/150 train_loss=1.8906566047668456
2026-09-28 22:54:14,870 - INFO - Best train loss=1.8906566047668456; saved /fs04/ar57/wenyu/GeneRec/results/stage3_T5Train/curvature_RQ-VAE_iter46/ckpt/Amazon_2023_Instruments/Sep-28-2026_22-34-44/HG_Rec_best.pth
2026-09-28 22:54:26,476 - INFO - Epoch 101/150 train_loss=1.8901175689697265
2026-09-28 22:54:26,513 - INFO - Best train loss=1.8901175689697265; saved /fs04/ar57/wenyu/GeneRec/results/stage3_T5Train/curvature_RQ-VAE_iter46/ckpt/Amazon_2023_Instruments/Sep-28-2026_22-34-44/HG_Rec_best.pth
2026-09-28 22:54:38,144 - INFO - Epoch 102/150 train_loss=1.8889120435714721
2026-09-28 22:54:38,185 - INFO - Best train loss=1.8889120435714721; saved /fs04/ar57/wenyu/GeneRec/results/stage3_T5Train/curvature_RQ-VAE_iter46/ckpt/Amazon_2023_Instruments/Sep-28-2026_22-34-44/HG_Rec_best.pth
2026-09-28 22:54:49,946 - INFO - Epoch 103/150 train_loss=1.8847112226486207
2026-09-28 22:54:49,988 - INFO - Best train loss=1.8847112226486207; saved /fs04/ar57/wenyu/GeneRec/results/stage3_T5Train/curvature_RQ-VAE_iter46/ckpt/Amazon_2023_Instruments/Sep-28-2026_22-34-44/HG_Rec_best.pth
2026-09-28 22:55:01,591 - INFO - Epoch 104/150 train_loss=1.883884801864624
2026-09-28 22:55:01,625 - INFO - Best train loss=1.883884801864624; saved /fs04/ar57/wenyu/GeneRec/results/stage3_T5Train/curvature_RQ-VAE_iter46/ckpt/Amazon_2023_Instruments/Sep-28-2026_22-34-44/HG_Rec_best.pth
2026-09-28 22:55:13,234 - INFO - Epoch 105/150 train_loss=1.8856998014450073
2026-09-28 22:55:25,252 - INFO - Epoch 106/150 train_loss=1.8828291845321656
2026-09-28 22:55:25,288 - INFO - Best train loss=1.8828291845321656; saved /fs04/ar57/wenyu/GeneRec/results/stage3_T5Train/curvature_RQ-VAE_iter46/ckpt/Amazon_2023_Instruments/Sep-28-2026_22-34-44/HG_Rec_best.pth
2026-09-28 22:55:36,890 - INFO - Epoch 107/150 train_loss=1.882436285018921
2026-09-28 22:55:36,926 - INFO - Best train loss=1.882436285018921; saved /fs04/ar57/wenyu/GeneRec/results/stage3_T5Train/curvature_RQ-VAE_iter46/ckpt/Amazon_2023_Instruments/Sep-28-2026_22-34-44/HG_Rec_best.pth
2026-09-28 22:55:48,529 - INFO - Epoch 108/150 train_loss=1.882828483581543
2026-09-28 22:56:00,362 - INFO - Epoch 109/150 train_loss=1.8785853004455566
2026-09-28 22:56:00,400 - INFO - Best train loss=1.8785853004455566; saved /fs04/ar57/wenyu/GeneRec/results/stage3_T5Train/curvature_RQ-VAE_iter46/ckpt/Amazon_2023_Instruments/Sep-28-2026_22-34-44/HG_Rec_best.pth
2026-09-28 22:56:12,000 - INFO - Epoch 110/150 train_loss=1.87816086769104
2026-09-28 22:56:12,040 - INFO - Best train loss=1.87816086769104; saved /fs04/ar57/wenyu/GeneRec/results/stage3_T5Train/curvature_RQ-VAE_iter46/ckpt/Amazon_2023_Instruments/Sep-28-2026_22-34-44/HG_Rec_best.pth
2026-09-28 22:56:23,647 - INFO - Epoch 111/150 train_loss=1.8768201112747191
2026-09-28 22:56:23,681 - INFO - Best train loss=1.8768201112747191; saved /fs04/ar57/wenyu/GeneRec/results/stage3_T5Train/curvature_RQ-VAE_iter46/ckpt/Amazon_2023_Instruments/Sep-28-2026_22-34-44/HG_Rec_best.pth
2026-09-28 22:56:35,281 - INFO - Epoch 112/150 train_loss=1.874094467163086
2026-09-28 22:56:35,332 - INFO - Best train loss=1.874094467163086; saved /fs04/ar57/wenyu/GeneRec/results/stage3_T5Train/curvature_RQ-VAE_iter46/ckpt/Amazon_2023_Instruments/Sep-28-2026_22-34-44/HG_Rec_best.pth
2026-09-28 22:56:46,934 - INFO - Epoch 113/150 train_loss=1.8758604764938354
2026-09-28 22:56:58,534 - INFO - Epoch 114/150 train_loss=1.872620987892151
2026-09-28 22:56:58,575 - INFO - Best train loss=1.872620987892151; saved /fs04/ar57/wenyu/GeneRec/results/stage3_T5Train/curvature_RQ-VAE_iter46/ckpt/Amazon_2023_Instruments/Sep-28-2026_22-34-44/HG_Rec_best.pth
2026-09-28 22:57:10,177 - INFO - Epoch 115/150 train_loss=1.872987470626831
2026-09-28 22:57:21,781 - INFO - Epoch 116/150 train_loss=1.8708090019226074
2026-09-28 22:57:21,831 - INFO - Best train loss=1.8708090019226074; saved /fs04/ar57/wenyu/GeneRec/results/stage3_T5Train/curvature_RQ-VAE_iter46/ckpt/Amazon_2023_Instruments/Sep-28-2026_22-34-44/HG_Rec_best.pth
2026-09-28 22:57:36,074 - INFO - Epoch 117/150 train_loss=1.8697228527069092
2026-09-28 22:57:36,114 - INFO - Best train loss=1.8697228527069092; saved /fs04/ar57/wenyu/GeneRec/results/stage3_T5Train/curvature_RQ-VAE_iter46/ckpt/Amazon_2023_Instruments/Sep-28-2026_22-34-44/HG_Rec_best.pth
2026-09-28 22:57:47,728 - INFO - Epoch 118/150 train_loss=1.8680232524871827
2026-09-28 22:57:47,768 - INFO - Best train loss=1.8680232524871827; saved /fs04/ar57/wenyu/GeneRec/results/stage3_T5Train/curvature_RQ-VAE_iter46/ckpt/Amazon_2023_Instruments/Sep-28-2026_22-34-44/HG_Rec_best.pth
2026-09-28 22:57:59,373 - INFO - Epoch 119/150 train_loss=1.866222472190857
2026-09-28 22:57:59,408 - INFO - Best train loss=1.866222472190857; saved /fs04/ar57/wenyu/GeneRec/results/stage3_T5Train/curvature_RQ-VAE_iter46/ckpt/Amazon_2023_Instruments/Sep-28-2026_22-34-44/HG_Rec_best.pth
2026-09-28 22:58:11,010 - INFO - Epoch 120/150 train_loss=1.866251974105835
2026-09-28 22:58:22,615 - INFO - Epoch 121/150 train_loss=1.8644558048248292
2026-09-28 22:58:22,659 - INFO - Best train loss=1.8644558048248292; saved /fs04/ar57/wenyu/GeneRec/results/stage3_T5Train/curvature_RQ-VAE_iter46/ckpt/Amazon_2023_Instruments/Sep-28-2026_22-34-44/HG_Rec_best.pth
2026-09-28 22:58:34,268 - INFO - Epoch 122/150 train_loss=1.8627696323394776
2026-09-28 22:58:34,303 - INFO - Best train loss=1.8627696323394776; saved /fs04/ar57/wenyu/GeneRec/results/stage3_T5Train/curvature_RQ-VAE_iter46/ckpt/Amazon_2023_Instruments/Sep-28-2026_22-34-44/HG_Rec_best.pth
2026-09-28 22:58:45,911 - INFO - Epoch 123/150 train_loss=1.8621839141845704
2026-09-28 22:58:45,947 - INFO - Best train loss=1.8621839141845704; saved /fs04/ar57/wenyu/GeneRec/results/stage3_T5Train/curvature_RQ-VAE_iter46/ckpt/Amazon_2023_Instruments/Sep-28-2026_22-34-44/HG_Rec_best.pth
2026-09-28 22:58:57,552 - INFO - Epoch 124/150 train_loss=1.8619935417175293
2026-09-28 22:58:57,588 - INFO - Best train loss=1.8619935417175293; saved /fs04/ar57/wenyu/GeneRec/results/stage3_T5Train/curvature_RQ-VAE_iter46/ckpt/Amazon_2023_Instruments/Sep-28-2026_22-34-44/HG_Rec_best.pth
2026-09-28 22:59:09,199 - INFO - Epoch 125/150 train_loss=1.8606774377822877
2026-09-28 22:59:09,235 - INFO - Best train loss=1.8606774377822877; saved /fs04/ar57/wenyu/GeneRec/results/stage3_T5Train/curvature_RQ-VAE_iter46/ckpt/Amazon_2023_Instruments/Sep-28-2026_22-34-44/HG_Rec_best.pth
2026-09-28 22:59:20,839 - INFO - Epoch 126/150 train_loss=1.8588980293273927
2026-09-28 22:59:20,877 - INFO - Best train loss=1.8588980293273927; saved /fs04/ar57/wenyu/GeneRec/results/stage3_T5Train/curvature_RQ-VAE_iter46/ckpt/Amazon_2023_Instruments/Sep-28-2026_22-34-44/HG_Rec_best.pth
2026-09-28 22:59:32,484 - INFO - Epoch 127/150 train_loss=1.8570369911193847
2026-09-28 22:59:32,523 - INFO - Best train loss=1.8570369911193847; saved /fs04/ar57/wenyu/GeneRec/results/stage3_T5Train/curvature_RQ-VAE_iter46/ckpt/Amazon_2023_Instruments/Sep-28-2026_22-34-44/HG_Rec_best.pth
2026-09-28 22:59:44,130 - INFO - Epoch 128/150 train_loss=1.858430438041687
2026-09-28 22:59:55,735 - INFO - Epoch 129/150 train_loss=1.8562985181808471
2026-09-28 22:59:55,775 - INFO - Best train loss=1.8562985181808471; saved /fs04/ar57/wenyu/GeneRec/results/stage3_T5Train/curvature_RQ-VAE_iter46/ckpt/Amazon_2023_Instruments/Sep-28-2026_22-34-44/HG_Rec_best.pth
2026-09-28 23:00:07,375 - INFO - Epoch 130/150 train_loss=1.8571771907806396
2026-09-28 23:00:18,980 - INFO - Epoch 131/150 train_loss=1.8538898134231567
2026-09-28 23:00:19,020 - INFO - Best train loss=1.8538898134231567; saved /fs04/ar57/wenyu/GeneRec/results/stage3_T5Train/curvature_RQ-VAE_iter46/ckpt/Amazon_2023_Instruments/Sep-28-2026_22-34-44/HG_Rec_best.pth
2026-09-28 23:00:30,626 - INFO - Epoch 132/150 train_loss=1.8557145547866822
2026-09-28 23:00:42,224 - INFO - Epoch 133/150 train_loss=1.8550447988510133
2026-09-28 23:00:53,845 - INFO - Epoch 134/150 train_loss=1.8527771854400634
2026-09-28 23:00:53,888 - INFO - Best train loss=1.8527771854400634; saved /fs04/ar57/wenyu/GeneRec/results/stage3_T5Train/curvature_RQ-VAE_iter46/ckpt/Amazon_2023_Instruments/Sep-28-2026_22-34-44/HG_Rec_best.pth
2026-09-28 23:01:05,492 - INFO - Epoch 135/150 train_loss=1.8512037754058839
2026-09-28 23:01:05,528 - INFO - Best train loss=1.8512037754058839; saved /fs04/ar57/wenyu/GeneRec/results/stage3_T5Train/curvature_RQ-VAE_iter46/ckpt/Amazon_2023_Instruments/Sep-28-2026_22-34-44/HG_Rec_best.pth
2026-09-28 23:01:17,132 - INFO - Epoch 136/150 train_loss=1.8513428115844726
2026-09-28 23:01:28,736 - INFO - Epoch 137/150 train_loss=1.851042537689209
2026-09-28 23:01:28,781 - INFO - Best train loss=1.851042537689209; saved /fs04/ar57/wenyu/GeneRec/results/stage3_T5Train/curvature_RQ-VAE_iter46/ckpt/Amazon_2023_Instruments/Sep-28-2026_22-34-44/HG_Rec_best.pth
2026-09-28 23:01:40,386 - INFO - Epoch 138/150 train_loss=1.8508377552032471
2026-09-28 23:01:40,422 - INFO - Best train loss=1.8508377552032471; saved /fs04/ar57/wenyu/GeneRec/results/stage3_T5Train/curvature_RQ-VAE_iter46/ckpt/Amazon_2023_Instruments/Sep-28-2026_22-34-44/HG_Rec_best.pth
2026-09-28 23:01:52,026 - INFO - Epoch 139/150 train_loss=1.8478114414215088
2026-09-28 23:01:52,062 - INFO - Best train loss=1.8478114414215088; saved /fs04/ar57/wenyu/GeneRec/results/stage3_T5Train/curvature_RQ-VAE_iter46/ckpt/Amazon_2023_Instruments/Sep-28-2026_22-34-44/HG_Rec_best.pth
2026-09-28 23:02:03,667 - INFO - Epoch 140/150 train_loss=1.8475508975982666
2026-09-28 23:02:03,704 - INFO - Best train loss=1.8475508975982666; saved /fs04/ar57/wenyu/GeneRec/results/stage3_T5Train/curvature_RQ-VAE_iter46/ckpt/Amazon_2023_Instruments/Sep-28-2026_22-34-44/HG_Rec_best.pth
2026-09-28 23:02:15,312 - INFO - Epoch 141/150 train_loss=1.8519440221786498
2026-09-28 23:02:26,907 - INFO - Epoch 142/150 train_loss=1.850772762298584
2026-09-28 23:02:38,523 - INFO - Epoch 143/150 train_loss=1.8483507204055787
2026-09-28 23:02:50,127 - INFO - Epoch 144/150 train_loss=1.8446948432922363
2026-09-28 23:02:50,170 - INFO - Best train loss=1.8446948432922363; saved /fs04/ar57/wenyu/GeneRec/results/stage3_T5Train/curvature_RQ-VAE_iter46/ckpt/Amazon_2023_Instruments/Sep-28-2026_22-34-44/HG_Rec_best.pth
2026-09-28 23:03:01,775 - INFO - Epoch 145/150 train_loss=1.8439738607406617
2026-09-28 23:03:01,809 - INFO - Best train loss=1.8439738607406617; saved /fs04/ar57/wenyu/GeneRec/results/stage3_T5Train/curvature_RQ-VAE_iter46/ckpt/Amazon_2023_Instruments/Sep-28-2026_22-34-44/HG_Rec_best.pth
2026-09-28 23:03:13,403 - INFO - Epoch 146/150 train_loss=1.8440110635757447
2026-09-28 23:03:25,003 - INFO - Epoch 147/150 train_loss=1.8396859169006348
2026-09-28 23:03:25,041 - INFO - Best train loss=1.8396859169006348; saved /fs04/ar57/wenyu/GeneRec/results/stage3_T5Train/curvature_RQ-VAE_iter46/ckpt/Amazon_2023_Instruments/Sep-28-2026_22-34-44/HG_Rec_best.pth
2026-09-28 23:03:36,643 - INFO - Epoch 148/150 train_loss=1.8433441019058228
2026-09-28 23:03:48,247 - INFO - Epoch 149/150 train_loss=1.8423724937438966
2026-09-28 23:03:59,856 - INFO - Epoch 150/150 train_loss=1.8414948606491088
2026-09-28 23:11:41,040 - INFO - Test={'best_checkpoint': '/fs04/ar57/wenyu/GeneRec/results/stage3_T5Train/curvature_RQ-VAE_iter46/ckpt/Amazon_2023_Instruments/Sep-28-2026_22-34-44/HG_Rec_best.pth', 'n_eval': 57439, 'test_recall@5': 0.03452358153867581, 'test_recall@10': 0.05235118995804244, 'test_ndcg@5': 0.022847308596411063, 'test_ndcg@10': 0.028580367445048004}
