2026-10-06 01:31:02,447 - INFO - Configuration: {'batch_size': 4096, 'infer_size': 1024, 'num_epochs': 150, 'eval_interval': 5, 'eval_start_epoch': 75, 'early_eval_epochs': (25, 50, 75, 100, 125), 'fast': True, 'bf16': True, 'use_lr_scheduler': True, 'lr_warmup_pct': 0.1, 'lr_min_factor': 0.2, 'compile': False, 'compile_mode': 'default', 'num_layers': 4, 'num_decoder_layers': 4, 'd_model': 128, 'd_ff': 1024, 'num_heads': 6, 'd_kv': 64, 'dropout_rate': 0.1, 'activation_function': 'relu', 'feed_forward_proj': 'relu', 'device': 'cuda', 'lr': 0.003, 'weight_decay': 0.05, 'vocab_size': 774, 'eos_token_id': 773, 'pad_token_id': 0, 'n_user_tokens': 1, 'max_len': 20, 'dataset_name': 'Amazon_2023_Instruments', 'dataset_path': '/home/wlia0047/ar57/wenyu/GeneRec/results/stage0_build_parquet/', 'codebook_size': [256, 256, 256, 1], 'code_path': '/home/wlia0047/ar57/wenyu/GeneRec/results/stage2_RQ-VAE/curvature_RQ-VAE_iter90/item_sids.json', 'train_file': 'train.parquet', 'valid_file': 'valid.parquet', 'test_file': 'test.parquet', 'log_path': '/home/wlia0047/ar57/wenyu/GeneRec/results/stage3_T5Train/curvature_RQ-VAE_iter90/logs/', 'save_path': '/home/wlia0047/ar57/wenyu/GeneRec/results/stage3_T5Train/curvature_RQ-VAE_iter90/ckpt/', 'seed': 42, 'topk_list': [5, 10], 'beam_size': 20, 'no_eval': True, 'skip_test': False, 'screen_baseline_log': '', 'screen_start_epoch': 40, 'screen_window': 5, 'screen_min_ndcg_gain': 0.001, 'screen_min_recall_gain': 0.001, 'num_workers': 4, 'prefetch_factor': 8, 'exclude_history': True, 'no_exclude_history': False, 'pin_memory': True, 'no_pin_memory': False, 'sid_length': 4, 'max_token_seq_len': 82, 'decoder_start_token_id': 0}
2026-10-06 01:31:02,538 - INFO - #Embedding parameters: 99072
#Non-embedding parameters: 4459648
#Total trainable parameters: 4558720

2026-10-06 01:31:15,599 - INFO - Epoch 1/150 train_loss=4.728268413543701
2026-10-06 01:31:15,681 - INFO - Best train loss=4.728268413543701; saved /home/wlia0047/ar57/wenyu/GeneRec/results/stage3_T5Train/curvature_RQ-VAE_iter90/ckpt/Amazon_2023_Instruments/Oct-06-2026_01-31-02/HG_Rec_best.pth
2026-10-06 01:31:27,314 - INFO - Epoch 2/150 train_loss=4.052963218688965
2026-10-06 01:31:27,351 - INFO - Best train loss=4.052963218688965; saved /home/wlia0047/ar57/wenyu/GeneRec/results/stage3_T5Train/curvature_RQ-VAE_iter90/ckpt/Amazon_2023_Instruments/Oct-06-2026_01-31-02/HG_Rec_best.pth
2026-10-06 01:31:38,972 - INFO - Epoch 3/150 train_loss=3.8676488494873045
2026-10-06 01:31:39,010 - INFO - Best train loss=3.8676488494873045; saved /home/wlia0047/ar57/wenyu/GeneRec/results/stage3_T5Train/curvature_RQ-VAE_iter90/ckpt/Amazon_2023_Instruments/Oct-06-2026_01-31-02/HG_Rec_best.pth
2026-10-06 01:31:50,624 - INFO - Epoch 4/150 train_loss=3.7224067306518553
2026-10-06 01:31:50,660 - INFO - Best train loss=3.7224067306518553; saved /home/wlia0047/ar57/wenyu/GeneRec/results/stage3_T5Train/curvature_RQ-VAE_iter90/ckpt/Amazon_2023_Instruments/Oct-06-2026_01-31-02/HG_Rec_best.pth
2026-10-06 01:32:02,267 - INFO - Epoch 5/150 train_loss=3.6073672199249267
2026-10-06 01:32:02,304 - INFO - Best train loss=3.6073672199249267; saved /home/wlia0047/ar57/wenyu/GeneRec/results/stage3_T5Train/curvature_RQ-VAE_iter90/ckpt/Amazon_2023_Instruments/Oct-06-2026_01-31-02/HG_Rec_best.pth
2026-10-06 01:32:13,913 - INFO - Epoch 6/150 train_loss=3.634319934844971
2026-10-06 01:32:25,523 - INFO - Epoch 7/150 train_loss=3.4844607734680175
2026-10-06 01:32:25,561 - INFO - Best train loss=3.4844607734680175; saved /home/wlia0047/ar57/wenyu/GeneRec/results/stage3_T5Train/curvature_RQ-VAE_iter90/ckpt/Amazon_2023_Instruments/Oct-06-2026_01-31-02/HG_Rec_best.pth
2026-10-06 01:32:37,164 - INFO - Epoch 8/150 train_loss=3.4098323154449464
2026-10-06 01:32:37,200 - INFO - Best train loss=3.4098323154449464; saved /home/wlia0047/ar57/wenyu/GeneRec/results/stage3_T5Train/curvature_RQ-VAE_iter90/ckpt/Amazon_2023_Instruments/Oct-06-2026_01-31-02/HG_Rec_best.pth
2026-10-06 01:32:48,805 - INFO - Epoch 9/150 train_loss=3.3410863208770754
2026-10-06 01:32:48,840 - INFO - Best train loss=3.3410863208770754; saved /home/wlia0047/ar57/wenyu/GeneRec/results/stage3_T5Train/curvature_RQ-VAE_iter90/ckpt/Amazon_2023_Instruments/Oct-06-2026_01-31-02/HG_Rec_best.pth
2026-10-06 01:33:00,443 - INFO - Epoch 10/150 train_loss=3.2678365325927734
2026-10-06 01:33:00,480 - INFO - Best train loss=3.2678365325927734; saved /home/wlia0047/ar57/wenyu/GeneRec/results/stage3_T5Train/curvature_RQ-VAE_iter90/ckpt/Amazon_2023_Instruments/Oct-06-2026_01-31-02/HG_Rec_best.pth
2026-10-06 01:33:12,081 - INFO - Epoch 11/150 train_loss=3.1963749313354493
2026-10-06 01:33:12,116 - INFO - Best train loss=3.1963749313354493; saved /home/wlia0047/ar57/wenyu/GeneRec/results/stage3_T5Train/curvature_RQ-VAE_iter90/ckpt/Amazon_2023_Instruments/Oct-06-2026_01-31-02/HG_Rec_best.pth
2026-10-06 01:33:23,727 - INFO - Epoch 12/150 train_loss=3.130382137298584
2026-10-06 01:33:23,764 - INFO - Best train loss=3.130382137298584; saved /home/wlia0047/ar57/wenyu/GeneRec/results/stage3_T5Train/curvature_RQ-VAE_iter90/ckpt/Amazon_2023_Instruments/Oct-06-2026_01-31-02/HG_Rec_best.pth
2026-10-06 01:33:35,369 - INFO - Epoch 13/150 train_loss=3.927599573135376
2026-10-06 01:33:46,976 - INFO - Epoch 14/150 train_loss=3.48689528465271
2026-10-06 01:33:58,609 - INFO - Epoch 15/150 train_loss=3.4253610515594484
2026-10-06 01:34:10,217 - INFO - Epoch 16/150 train_loss=3.393425922393799
2026-10-06 01:34:21,837 - INFO - Epoch 17/150 train_loss=3.3685969257354738
2026-10-06 01:34:33,998 - INFO - Epoch 18/150 train_loss=3.343767442703247
2026-10-06 01:34:45,605 - INFO - Epoch 19/150 train_loss=3.3073273944854735
2026-10-06 01:34:57,225 - INFO - Epoch 20/150 train_loss=3.2593470668792723
2026-10-06 01:35:08,833 - INFO - Epoch 21/150 train_loss=3.217047634124756
2026-10-06 01:35:20,435 - INFO - Epoch 22/150 train_loss=3.1767323303222654
2026-10-06 01:35:32,054 - INFO - Epoch 23/150 train_loss=3.1328010845184324
2026-10-06 01:35:43,668 - INFO - Epoch 24/150 train_loss=3.1064212131500244
2026-10-06 01:35:43,707 - INFO - Best train loss=3.1064212131500244; saved /home/wlia0047/ar57/wenyu/GeneRec/results/stage3_T5Train/curvature_RQ-VAE_iter90/ckpt/Amazon_2023_Instruments/Oct-06-2026_01-31-02/HG_Rec_best.pth
2026-10-06 01:35:55,310 - INFO - Epoch 25/150 train_loss=3.070606355667114
2026-10-06 01:35:55,346 - INFO - Best train loss=3.070606355667114; saved /home/wlia0047/ar57/wenyu/GeneRec/results/stage3_T5Train/curvature_RQ-VAE_iter90/ckpt/Amazon_2023_Instruments/Oct-06-2026_01-31-02/HG_Rec_best.pth
2026-10-06 01:36:06,947 - INFO - Epoch 26/150 train_loss=3.0279665851593016
2026-10-06 01:36:06,982 - INFO - Best train loss=3.0279665851593016; saved /home/wlia0047/ar57/wenyu/GeneRec/results/stage3_T5Train/curvature_RQ-VAE_iter90/ckpt/Amazon_2023_Instruments/Oct-06-2026_01-31-02/HG_Rec_best.pth
2026-10-06 01:36:18,595 - INFO - Epoch 27/150 train_loss=3.002475233078003
2026-10-06 01:36:18,631 - INFO - Best train loss=3.002475233078003; saved /home/wlia0047/ar57/wenyu/GeneRec/results/stage3_T5Train/curvature_RQ-VAE_iter90/ckpt/Amazon_2023_Instruments/Oct-06-2026_01-31-02/HG_Rec_best.pth
2026-10-06 01:36:30,236 - INFO - Epoch 28/150 train_loss=2.9706942939758303
2026-10-06 01:36:30,273 - INFO - Best train loss=2.9706942939758303; saved /home/wlia0047/ar57/wenyu/GeneRec/results/stage3_T5Train/curvature_RQ-VAE_iter90/ckpt/Amazon_2023_Instruments/Oct-06-2026_01-31-02/HG_Rec_best.pth
2026-10-06 01:36:41,881 - INFO - Epoch 29/150 train_loss=2.9415029430389406
2026-10-06 01:36:41,916 - INFO - Best train loss=2.9415029430389406; saved /home/wlia0047/ar57/wenyu/GeneRec/results/stage3_T5Train/curvature_RQ-VAE_iter90/ckpt/Amazon_2023_Instruments/Oct-06-2026_01-31-02/HG_Rec_best.pth
2026-10-06 01:36:53,523 - INFO - Epoch 30/150 train_loss=2.9073868656158446
2026-10-06 01:36:53,559 - INFO - Best train loss=2.9073868656158446; saved /home/wlia0047/ar57/wenyu/GeneRec/results/stage3_T5Train/curvature_RQ-VAE_iter90/ckpt/Amazon_2023_Instruments/Oct-06-2026_01-31-02/HG_Rec_best.pth
2026-10-06 01:37:05,163 - INFO - Epoch 31/150 train_loss=2.8818092918395997
2026-10-06 01:37:05,199 - INFO - Best train loss=2.8818092918395997; saved /home/wlia0047/ar57/wenyu/GeneRec/results/stage3_T5Train/curvature_RQ-VAE_iter90/ckpt/Amazon_2023_Instruments/Oct-06-2026_01-31-02/HG_Rec_best.pth
2026-10-06 01:37:16,807 - INFO - Epoch 32/150 train_loss=2.853926830291748
2026-10-06 01:37:16,843 - INFO - Best train loss=2.853926830291748; saved /home/wlia0047/ar57/wenyu/GeneRec/results/stage3_T5Train/curvature_RQ-VAE_iter90/ckpt/Amazon_2023_Instruments/Oct-06-2026_01-31-02/HG_Rec_best.pth
2026-10-06 01:37:28,453 - INFO - Epoch 33/150 train_loss=2.8211247158050536
2026-10-06 01:37:28,489 - INFO - Best train loss=2.8211247158050536; saved /home/wlia0047/ar57/wenyu/GeneRec/results/stage3_T5Train/curvature_RQ-VAE_iter90/ckpt/Amazon_2023_Instruments/Oct-06-2026_01-31-02/HG_Rec_best.pth
2026-10-06 01:37:40,098 - INFO - Epoch 34/150 train_loss=2.7948829460144045
2026-10-06 01:37:40,135 - INFO - Best train loss=2.7948829460144045; saved /home/wlia0047/ar57/wenyu/GeneRec/results/stage3_T5Train/curvature_RQ-VAE_iter90/ckpt/Amazon_2023_Instruments/Oct-06-2026_01-31-02/HG_Rec_best.pth
2026-10-06 01:37:51,746 - INFO - Epoch 35/150 train_loss=2.7663800716400146
2026-10-06 01:37:51,782 - INFO - Best train loss=2.7663800716400146; saved /home/wlia0047/ar57/wenyu/GeneRec/results/stage3_T5Train/curvature_RQ-VAE_iter90/ckpt/Amazon_2023_Instruments/Oct-06-2026_01-31-02/HG_Rec_best.pth
2026-10-06 01:38:03,389 - INFO - Epoch 36/150 train_loss=2.73711519241333
2026-10-06 01:38:03,425 - INFO - Best train loss=2.73711519241333; saved /home/wlia0047/ar57/wenyu/GeneRec/results/stage3_T5Train/curvature_RQ-VAE_iter90/ckpt/Amazon_2023_Instruments/Oct-06-2026_01-31-02/HG_Rec_best.pth
2026-10-06 01:38:15,032 - INFO - Epoch 37/150 train_loss=2.709688720703125
2026-10-06 01:38:15,067 - INFO - Best train loss=2.709688720703125; saved /home/wlia0047/ar57/wenyu/GeneRec/results/stage3_T5Train/curvature_RQ-VAE_iter90/ckpt/Amazon_2023_Instruments/Oct-06-2026_01-31-02/HG_Rec_best.pth
2026-10-06 01:38:26,676 - INFO - Epoch 38/150 train_loss=2.6847522258758545
2026-10-06 01:38:26,713 - INFO - Best train loss=2.6847522258758545; saved /home/wlia0047/ar57/wenyu/GeneRec/results/stage3_T5Train/curvature_RQ-VAE_iter90/ckpt/Amazon_2023_Instruments/Oct-06-2026_01-31-02/HG_Rec_best.pth
2026-10-06 01:38:38,316 - INFO - Epoch 39/150 train_loss=2.662994384765625
2026-10-06 01:38:38,354 - INFO - Best train loss=2.662994384765625; saved /home/wlia0047/ar57/wenyu/GeneRec/results/stage3_T5Train/curvature_RQ-VAE_iter90/ckpt/Amazon_2023_Instruments/Oct-06-2026_01-31-02/HG_Rec_best.pth
2026-10-06 01:38:49,956 - INFO - Epoch 40/150 train_loss=2.6372926521301268
2026-10-06 01:38:49,994 - INFO - Best train loss=2.6372926521301268; saved /home/wlia0047/ar57/wenyu/GeneRec/results/stage3_T5Train/curvature_RQ-VAE_iter90/ckpt/Amazon_2023_Instruments/Oct-06-2026_01-31-02/HG_Rec_best.pth
2026-10-06 01:39:01,603 - INFO - Epoch 41/150 train_loss=2.6130201911926267
2026-10-06 01:39:01,639 - INFO - Best train loss=2.6130201911926267; saved /home/wlia0047/ar57/wenyu/GeneRec/results/stage3_T5Train/curvature_RQ-VAE_iter90/ckpt/Amazon_2023_Instruments/Oct-06-2026_01-31-02/HG_Rec_best.pth
2026-10-06 01:39:13,248 - INFO - Epoch 42/150 train_loss=2.589560308456421
2026-10-06 01:39:13,285 - INFO - Best train loss=2.589560308456421; saved /home/wlia0047/ar57/wenyu/GeneRec/results/stage3_T5Train/curvature_RQ-VAE_iter90/ckpt/Amazon_2023_Instruments/Oct-06-2026_01-31-02/HG_Rec_best.pth
2026-10-06 01:39:24,948 - INFO - Epoch 43/150 train_loss=2.5637327289581298
2026-10-06 01:39:24,985 - INFO - Best train loss=2.5637327289581298; saved /home/wlia0047/ar57/wenyu/GeneRec/results/stage3_T5Train/curvature_RQ-VAE_iter90/ckpt/Amazon_2023_Instruments/Oct-06-2026_01-31-02/HG_Rec_best.pth
2026-10-06 01:39:36,589 - INFO - Epoch 44/150 train_loss=2.545301523208618
2026-10-06 01:39:36,626 - INFO - Best train loss=2.545301523208618; saved /home/wlia0047/ar57/wenyu/GeneRec/results/stage3_T5Train/curvature_RQ-VAE_iter90/ckpt/Amazon_2023_Instruments/Oct-06-2026_01-31-02/HG_Rec_best.pth
2026-10-06 01:39:48,227 - INFO - Epoch 45/150 train_loss=2.527179775238037
2026-10-06 01:39:48,265 - INFO - Best train loss=2.527179775238037; saved /home/wlia0047/ar57/wenyu/GeneRec/results/stage3_T5Train/curvature_RQ-VAE_iter90/ckpt/Amazon_2023_Instruments/Oct-06-2026_01-31-02/HG_Rec_best.pth
2026-10-06 01:39:59,868 - INFO - Epoch 46/150 train_loss=2.5088057327270508
2026-10-06 01:39:59,905 - INFO - Best train loss=2.5088057327270508; saved /home/wlia0047/ar57/wenyu/GeneRec/results/stage3_T5Train/curvature_RQ-VAE_iter90/ckpt/Amazon_2023_Instruments/Oct-06-2026_01-31-02/HG_Rec_best.pth
2026-10-06 01:40:11,507 - INFO - Epoch 47/150 train_loss=2.493172092437744
2026-10-06 01:40:11,544 - INFO - Best train loss=2.493172092437744; saved /home/wlia0047/ar57/wenyu/GeneRec/results/stage3_T5Train/curvature_RQ-VAE_iter90/ckpt/Amazon_2023_Instruments/Oct-06-2026_01-31-02/HG_Rec_best.pth
2026-10-06 01:40:23,149 - INFO - Epoch 48/150 train_loss=2.472305946350098
2026-10-06 01:40:23,186 - INFO - Best train loss=2.472305946350098; saved /home/wlia0047/ar57/wenyu/GeneRec/results/stage3_T5Train/curvature_RQ-VAE_iter90/ckpt/Amazon_2023_Instruments/Oct-06-2026_01-31-02/HG_Rec_best.pth
2026-10-06 01:40:34,793 - INFO - Epoch 49/150 train_loss=2.4518112754821777
2026-10-06 01:40:34,829 - INFO - Best train loss=2.4518112754821777; saved /home/wlia0047/ar57/wenyu/GeneRec/results/stage3_T5Train/curvature_RQ-VAE_iter90/ckpt/Amazon_2023_Instruments/Oct-06-2026_01-31-02/HG_Rec_best.pth
2026-10-06 01:40:46,438 - INFO - Epoch 50/150 train_loss=2.43727635383606
2026-10-06 01:40:46,476 - INFO - Best train loss=2.43727635383606; saved /home/wlia0047/ar57/wenyu/GeneRec/results/stage3_T5Train/curvature_RQ-VAE_iter90/ckpt/Amazon_2023_Instruments/Oct-06-2026_01-31-02/HG_Rec_best.pth
2026-10-06 01:40:58,130 - INFO - Epoch 51/150 train_loss=2.418047046661377
2026-10-06 01:40:58,224 - INFO - Best train loss=2.418047046661377; saved /home/wlia0047/ar57/wenyu/GeneRec/results/stage3_T5Train/curvature_RQ-VAE_iter90/ckpt/Amazon_2023_Instruments/Oct-06-2026_01-31-02/HG_Rec_best.pth
2026-10-06 01:41:10,139 - INFO - Epoch 52/150 train_loss=2.407543487548828
2026-10-06 01:41:10,175 - INFO - Best train loss=2.407543487548828; saved /home/wlia0047/ar57/wenyu/GeneRec/results/stage3_T5Train/curvature_RQ-VAE_iter90/ckpt/Amazon_2023_Instruments/Oct-06-2026_01-31-02/HG_Rec_best.pth
2026-10-06 01:41:22,386 - INFO - Epoch 53/150 train_loss=2.38615140914917
2026-10-06 01:41:22,429 - INFO - Best train loss=2.38615140914917; saved /home/wlia0047/ar57/wenyu/GeneRec/results/stage3_T5Train/curvature_RQ-VAE_iter90/ckpt/Amazon_2023_Instruments/Oct-06-2026_01-31-02/HG_Rec_best.pth
2026-10-06 01:41:34,040 - INFO - Epoch 54/150 train_loss=2.3595439910888674
2026-10-06 01:41:34,076 - INFO - Best train loss=2.3595439910888674; saved /home/wlia0047/ar57/wenyu/GeneRec/results/stage3_T5Train/curvature_RQ-VAE_iter90/ckpt/Amazon_2023_Instruments/Oct-06-2026_01-31-02/HG_Rec_best.pth
2026-10-06 01:41:47,369 - INFO - Epoch 55/150 train_loss=2.3418504428863525
2026-10-06 01:41:47,423 - INFO - Best train loss=2.3418504428863525; saved /home/wlia0047/ar57/wenyu/GeneRec/results/stage3_T5Train/curvature_RQ-VAE_iter90/ckpt/Amazon_2023_Instruments/Oct-06-2026_01-31-02/HG_Rec_best.pth
2026-10-06 01:41:59,044 - INFO - Epoch 56/150 train_loss=2.3229582786560057
2026-10-06 01:41:59,080 - INFO - Best train loss=2.3229582786560057; saved /home/wlia0047/ar57/wenyu/GeneRec/results/stage3_T5Train/curvature_RQ-VAE_iter90/ckpt/Amazon_2023_Instruments/Oct-06-2026_01-31-02/HG_Rec_best.pth
2026-10-06 01:42:10,685 - INFO - Epoch 57/150 train_loss=2.299597730636597
2026-10-06 01:42:10,722 - INFO - Best train loss=2.299597730636597; saved /home/wlia0047/ar57/wenyu/GeneRec/results/stage3_T5Train/curvature_RQ-VAE_iter90/ckpt/Amazon_2023_Instruments/Oct-06-2026_01-31-02/HG_Rec_best.pth
2026-10-06 01:42:22,333 - INFO - Epoch 58/150 train_loss=2.2823668193817137
2026-10-06 01:42:22,371 - INFO - Best train loss=2.2823668193817137; saved /home/wlia0047/ar57/wenyu/GeneRec/results/stage3_T5Train/curvature_RQ-VAE_iter90/ckpt/Amazon_2023_Instruments/Oct-06-2026_01-31-02/HG_Rec_best.pth
2026-10-06 01:42:33,980 - INFO - Epoch 59/150 train_loss=2.264147939682007
2026-10-06 01:42:34,016 - INFO - Best train loss=2.264147939682007; saved /home/wlia0047/ar57/wenyu/GeneRec/results/stage3_T5Train/curvature_RQ-VAE_iter90/ckpt/Amazon_2023_Instruments/Oct-06-2026_01-31-02/HG_Rec_best.pth
2026-10-06 01:42:45,622 - INFO - Epoch 60/150 train_loss=2.2525282669067384
2026-10-06 01:42:45,658 - INFO - Best train loss=2.2525282669067384; saved /home/wlia0047/ar57/wenyu/GeneRec/results/stage3_T5Train/curvature_RQ-VAE_iter90/ckpt/Amazon_2023_Instruments/Oct-06-2026_01-31-02/HG_Rec_best.pth
2026-10-06 01:42:57,273 - INFO - Epoch 61/150 train_loss=2.234022455215454
2026-10-06 01:42:57,309 - INFO - Best train loss=2.234022455215454; saved /home/wlia0047/ar57/wenyu/GeneRec/results/stage3_T5Train/curvature_RQ-VAE_iter90/ckpt/Amazon_2023_Instruments/Oct-06-2026_01-31-02/HG_Rec_best.pth
2026-10-06 01:43:08,924 - INFO - Epoch 62/150 train_loss=2.217068691253662
2026-10-06 01:43:08,962 - INFO - Best train loss=2.217068691253662; saved /home/wlia0047/ar57/wenyu/GeneRec/results/stage3_T5Train/curvature_RQ-VAE_iter90/ckpt/Amazon_2023_Instruments/Oct-06-2026_01-31-02/HG_Rec_best.pth
2026-10-06 01:43:20,571 - INFO - Epoch 63/150 train_loss=2.206889343261719
2026-10-06 01:43:20,608 - INFO - Best train loss=2.206889343261719; saved /home/wlia0047/ar57/wenyu/GeneRec/results/stage3_T5Train/curvature_RQ-VAE_iter90/ckpt/Amazon_2023_Instruments/Oct-06-2026_01-31-02/HG_Rec_best.pth
2026-10-06 01:43:32,215 - INFO - Epoch 64/150 train_loss=2.196896390914917
2026-10-06 01:43:32,252 - INFO - Best train loss=2.196896390914917; saved /home/wlia0047/ar57/wenyu/GeneRec/results/stage3_T5Train/curvature_RQ-VAE_iter90/ckpt/Amazon_2023_Instruments/Oct-06-2026_01-31-02/HG_Rec_best.pth
2026-10-06 01:43:43,859 - INFO - Epoch 65/150 train_loss=2.1854469394683838
2026-10-06 01:43:43,895 - INFO - Best train loss=2.1854469394683838; saved /home/wlia0047/ar57/wenyu/GeneRec/results/stage3_T5Train/curvature_RQ-VAE_iter90/ckpt/Amazon_2023_Instruments/Oct-06-2026_01-31-02/HG_Rec_best.pth
2026-10-06 01:43:55,513 - INFO - Epoch 66/150 train_loss=2.1732612323760985
2026-10-06 01:43:55,550 - INFO - Best train loss=2.1732612323760985; saved /home/wlia0047/ar57/wenyu/GeneRec/results/stage3_T5Train/curvature_RQ-VAE_iter90/ckpt/Amazon_2023_Instruments/Oct-06-2026_01-31-02/HG_Rec_best.pth
2026-10-06 01:44:07,160 - INFO - Epoch 67/150 train_loss=2.1628385639190673
2026-10-06 01:44:07,196 - INFO - Best train loss=2.1628385639190673; saved /home/wlia0047/ar57/wenyu/GeneRec/results/stage3_T5Train/curvature_RQ-VAE_iter90/ckpt/Amazon_2023_Instruments/Oct-06-2026_01-31-02/HG_Rec_best.pth
2026-10-06 01:44:18,869 - INFO - Epoch 68/150 train_loss=2.1563665199279787
2026-10-06 01:44:18,904 - INFO - Best train loss=2.1563665199279787; saved /home/wlia0047/ar57/wenyu/GeneRec/results/stage3_T5Train/curvature_RQ-VAE_iter90/ckpt/Amazon_2023_Instruments/Oct-06-2026_01-31-02/HG_Rec_best.pth
2026-10-06 01:44:30,550 - INFO - Epoch 69/150 train_loss=2.1502625370025634
2026-10-06 01:44:30,586 - INFO - Best train loss=2.1502625370025634; saved /home/wlia0047/ar57/wenyu/GeneRec/results/stage3_T5Train/curvature_RQ-VAE_iter90/ckpt/Amazon_2023_Instruments/Oct-06-2026_01-31-02/HG_Rec_best.pth
2026-10-06 01:44:42,197 - INFO - Epoch 70/150 train_loss=2.1395314598083495
2026-10-06 01:44:42,232 - INFO - Best train loss=2.1395314598083495; saved /home/wlia0047/ar57/wenyu/GeneRec/results/stage3_T5Train/curvature_RQ-VAE_iter90/ckpt/Amazon_2023_Instruments/Oct-06-2026_01-31-02/HG_Rec_best.pth
2026-10-06 01:44:53,839 - INFO - Epoch 71/150 train_loss=2.1335143089294433
2026-10-06 01:44:53,886 - INFO - Best train loss=2.1335143089294433; saved /home/wlia0047/ar57/wenyu/GeneRec/results/stage3_T5Train/curvature_RQ-VAE_iter90/ckpt/Amazon_2023_Instruments/Oct-06-2026_01-31-02/HG_Rec_best.pth
2026-10-06 01:45:05,502 - INFO - Epoch 72/150 train_loss=2.1245218086242676
2026-10-06 01:45:05,538 - INFO - Best train loss=2.1245218086242676; saved /home/wlia0047/ar57/wenyu/GeneRec/results/stage3_T5Train/curvature_RQ-VAE_iter90/ckpt/Amazon_2023_Instruments/Oct-06-2026_01-31-02/HG_Rec_best.pth
2026-10-06 01:45:17,147 - INFO - Epoch 73/150 train_loss=2.109521198272705
2026-10-06 01:45:17,183 - INFO - Best train loss=2.109521198272705; saved /home/wlia0047/ar57/wenyu/GeneRec/results/stage3_T5Train/curvature_RQ-VAE_iter90/ckpt/Amazon_2023_Instruments/Oct-06-2026_01-31-02/HG_Rec_best.pth
2026-10-06 01:45:28,793 - INFO - Epoch 74/150 train_loss=2.111055364608765
2026-10-06 01:45:40,394 - INFO - Epoch 75/150 train_loss=2.1048152351379397
2026-10-06 01:45:40,429 - INFO - Best train loss=2.1048152351379397; saved /home/wlia0047/ar57/wenyu/GeneRec/results/stage3_T5Train/curvature_RQ-VAE_iter90/ckpt/Amazon_2023_Instruments/Oct-06-2026_01-31-02/HG_Rec_best.pth
2026-10-06 01:45:52,037 - INFO - Epoch 76/150 train_loss=2.096719055175781
2026-10-06 01:45:52,074 - INFO - Best train loss=2.096719055175781; saved /home/wlia0047/ar57/wenyu/GeneRec/results/stage3_T5Train/curvature_RQ-VAE_iter90/ckpt/Amazon_2023_Instruments/Oct-06-2026_01-31-02/HG_Rec_best.pth
2026-10-06 01:46:03,681 - INFO - Epoch 77/150 train_loss=2.0894534015655517
2026-10-06 01:46:03,719 - INFO - Best train loss=2.0894534015655517; saved /home/wlia0047/ar57/wenyu/GeneRec/results/stage3_T5Train/curvature_RQ-VAE_iter90/ckpt/Amazon_2023_Instruments/Oct-06-2026_01-31-02/HG_Rec_best.pth
2026-10-06 01:46:15,321 - INFO - Epoch 78/150 train_loss=2.0847536945343017
2026-10-06 01:46:15,358 - INFO - Best train loss=2.0847536945343017; saved /home/wlia0047/ar57/wenyu/GeneRec/results/stage3_T5Train/curvature_RQ-VAE_iter90/ckpt/Amazon_2023_Instruments/Oct-06-2026_01-31-02/HG_Rec_best.pth
2026-10-06 01:46:26,964 - INFO - Epoch 79/150 train_loss=2.080254678726196
2026-10-06 01:46:27,000 - INFO - Best train loss=2.080254678726196; saved /home/wlia0047/ar57/wenyu/GeneRec/results/stage3_T5Train/curvature_RQ-VAE_iter90/ckpt/Amazon_2023_Instruments/Oct-06-2026_01-31-02/HG_Rec_best.pth
2026-10-06 01:46:38,611 - INFO - Epoch 80/150 train_loss=2.0746078205108645
2026-10-06 01:46:39,138 - INFO - Best train loss=2.0746078205108645; saved /home/wlia0047/ar57/wenyu/GeneRec/results/stage3_T5Train/curvature_RQ-VAE_iter90/ckpt/Amazon_2023_Instruments/Oct-06-2026_01-31-02/HG_Rec_best.pth
2026-10-06 01:46:50,747 - INFO - Epoch 81/150 train_loss=2.0705212116241456
2026-10-06 01:46:50,784 - INFO - Best train loss=2.0705212116241456; saved /home/wlia0047/ar57/wenyu/GeneRec/results/stage3_T5Train/curvature_RQ-VAE_iter90/ckpt/Amazon_2023_Instruments/Oct-06-2026_01-31-02/HG_Rec_best.pth
2026-10-06 01:47:02,394 - INFO - Epoch 82/150 train_loss=2.0604206848144533
2026-10-06 01:47:02,429 - INFO - Best train loss=2.0604206848144533; saved /home/wlia0047/ar57/wenyu/GeneRec/results/stage3_T5Train/curvature_RQ-VAE_iter90/ckpt/Amazon_2023_Instruments/Oct-06-2026_01-31-02/HG_Rec_best.pth
2026-10-06 01:47:14,041 - INFO - Epoch 83/150 train_loss=2.058260898590088
2026-10-06 01:47:14,076 - INFO - Best train loss=2.058260898590088; saved /home/wlia0047/ar57/wenyu/GeneRec/results/stage3_T5Train/curvature_RQ-VAE_iter90/ckpt/Amazon_2023_Instruments/Oct-06-2026_01-31-02/HG_Rec_best.pth
2026-10-06 01:47:25,686 - INFO - Epoch 84/150 train_loss=2.0484804916381836
2026-10-06 01:47:25,721 - INFO - Best train loss=2.0484804916381836; saved /home/wlia0047/ar57/wenyu/GeneRec/results/stage3_T5Train/curvature_RQ-VAE_iter90/ckpt/Amazon_2023_Instruments/Oct-06-2026_01-31-02/HG_Rec_best.pth
2026-10-06 01:47:37,330 - INFO - Epoch 85/150 train_loss=2.045282077789307
2026-10-06 01:47:37,365 - INFO - Best train loss=2.045282077789307; saved /home/wlia0047/ar57/wenyu/GeneRec/results/stage3_T5Train/curvature_RQ-VAE_iter90/ckpt/Amazon_2023_Instruments/Oct-06-2026_01-31-02/HG_Rec_best.pth
2026-10-06 01:47:48,970 - INFO - Epoch 86/150 train_loss=2.0410773372650146
2026-10-06 01:47:49,006 - INFO - Best train loss=2.0410773372650146; saved /home/wlia0047/ar57/wenyu/GeneRec/results/stage3_T5Train/curvature_RQ-VAE_iter90/ckpt/Amazon_2023_Instruments/Oct-06-2026_01-31-02/HG_Rec_best.pth
2026-10-06 01:48:00,612 - INFO - Epoch 87/150 train_loss=2.039550905227661
2026-10-06 01:48:00,648 - INFO - Best train loss=2.039550905227661; saved /home/wlia0047/ar57/wenyu/GeneRec/results/stage3_T5Train/curvature_RQ-VAE_iter90/ckpt/Amazon_2023_Instruments/Oct-06-2026_01-31-02/HG_Rec_best.pth
2026-10-06 01:48:12,256 - INFO - Epoch 88/150 train_loss=2.0350315093994142
2026-10-06 01:48:12,291 - INFO - Best train loss=2.0350315093994142; saved /home/wlia0047/ar57/wenyu/GeneRec/results/stage3_T5Train/curvature_RQ-VAE_iter90/ckpt/Amazon_2023_Instruments/Oct-06-2026_01-31-02/HG_Rec_best.pth
2026-10-06 01:48:23,903 - INFO - Epoch 89/150 train_loss=2.028661022186279
2026-10-06 01:48:23,939 - INFO - Best train loss=2.028661022186279; saved /home/wlia0047/ar57/wenyu/GeneRec/results/stage3_T5Train/curvature_RQ-VAE_iter90/ckpt/Amazon_2023_Instruments/Oct-06-2026_01-31-02/HG_Rec_best.pth
2026-10-06 01:48:35,548 - INFO - Epoch 90/150 train_loss=2.0226998424530027
2026-10-06 01:48:35,584 - INFO - Best train loss=2.0226998424530027; saved /home/wlia0047/ar57/wenyu/GeneRec/results/stage3_T5Train/curvature_RQ-VAE_iter90/ckpt/Amazon_2023_Instruments/Oct-06-2026_01-31-02/HG_Rec_best.pth
2026-10-06 01:48:47,193 - INFO - Epoch 91/150 train_loss=2.021822519302368
2026-10-06 01:48:47,230 - INFO - Best train loss=2.021822519302368; saved /home/wlia0047/ar57/wenyu/GeneRec/results/stage3_T5Train/curvature_RQ-VAE_iter90/ckpt/Amazon_2023_Instruments/Oct-06-2026_01-31-02/HG_Rec_best.pth
2026-10-06 01:48:59,332 - INFO - Epoch 92/150 train_loss=2.0193456172943116
2026-10-06 01:48:59,368 - INFO - Best train loss=2.0193456172943116; saved /home/wlia0047/ar57/wenyu/GeneRec/results/stage3_T5Train/curvature_RQ-VAE_iter90/ckpt/Amazon_2023_Instruments/Oct-06-2026_01-31-02/HG_Rec_best.pth
2026-10-06 01:49:11,009 - INFO - Epoch 93/150 train_loss=2.0111134576797487
2026-10-06 01:49:11,045 - INFO - Best train loss=2.0111134576797487; saved /home/wlia0047/ar57/wenyu/GeneRec/results/stage3_T5Train/curvature_RQ-VAE_iter90/ckpt/Amazon_2023_Instruments/Oct-06-2026_01-31-02/HG_Rec_best.pth
2026-10-06 01:49:22,647 - INFO - Epoch 94/150 train_loss=2.0141457176208495
2026-10-06 01:49:34,250 - INFO - Epoch 95/150 train_loss=2.0058978366851807
2026-10-06 01:49:34,288 - INFO - Best train loss=2.0058978366851807; saved /home/wlia0047/ar57/wenyu/GeneRec/results/stage3_T5Train/curvature_RQ-VAE_iter90/ckpt/Amazon_2023_Instruments/Oct-06-2026_01-31-02/HG_Rec_best.pth
2026-10-06 01:49:45,896 - INFO - Epoch 96/150 train_loss=2.0029659986495973
2026-10-06 01:49:45,934 - INFO - Best train loss=2.0029659986495973; saved /home/wlia0047/ar57/wenyu/GeneRec/results/stage3_T5Train/curvature_RQ-VAE_iter90/ckpt/Amazon_2023_Instruments/Oct-06-2026_01-31-02/HG_Rec_best.pth
2026-10-06 01:49:57,540 - INFO - Epoch 97/150 train_loss=1.9981632804870606
2026-10-06 01:49:57,575 - INFO - Best train loss=1.9981632804870606; saved /home/wlia0047/ar57/wenyu/GeneRec/results/stage3_T5Train/curvature_RQ-VAE_iter90/ckpt/Amazon_2023_Instruments/Oct-06-2026_01-31-02/HG_Rec_best.pth
2026-10-06 01:50:09,180 - INFO - Epoch 98/150 train_loss=1.9960001754760741
2026-10-06 01:50:09,217 - INFO - Best train loss=1.9960001754760741; saved /home/wlia0047/ar57/wenyu/GeneRec/results/stage3_T5Train/curvature_RQ-VAE_iter90/ckpt/Amazon_2023_Instruments/Oct-06-2026_01-31-02/HG_Rec_best.pth
2026-10-06 01:50:20,822 - INFO - Epoch 99/150 train_loss=1.9931684970855712
2026-10-06 01:50:20,858 - INFO - Best train loss=1.9931684970855712; saved /home/wlia0047/ar57/wenyu/GeneRec/results/stage3_T5Train/curvature_RQ-VAE_iter90/ckpt/Amazon_2023_Instruments/Oct-06-2026_01-31-02/HG_Rec_best.pth
2026-10-06 01:50:32,469 - INFO - Epoch 100/150 train_loss=1.9906962728500366
2026-10-06 01:50:32,504 - INFO - Best train loss=1.9906962728500366; saved /home/wlia0047/ar57/wenyu/GeneRec/results/stage3_T5Train/curvature_RQ-VAE_iter90/ckpt/Amazon_2023_Instruments/Oct-06-2026_01-31-02/HG_Rec_best.pth
2026-10-06 01:50:44,114 - INFO - Epoch 101/150 train_loss=1.986493411064148
2026-10-06 01:50:44,150 - INFO - Best train loss=1.986493411064148; saved /home/wlia0047/ar57/wenyu/GeneRec/results/stage3_T5Train/curvature_RQ-VAE_iter90/ckpt/Amazon_2023_Instruments/Oct-06-2026_01-31-02/HG_Rec_best.pth
2026-10-06 01:50:55,825 - INFO - Epoch 102/150 train_loss=1.9844896507263183
2026-10-06 01:50:55,860 - INFO - Best train loss=1.9844896507263183; saved /home/wlia0047/ar57/wenyu/GeneRec/results/stage3_T5Train/curvature_RQ-VAE_iter90/ckpt/Amazon_2023_Instruments/Oct-06-2026_01-31-02/HG_Rec_best.pth
2026-10-06 01:51:07,472 - INFO - Epoch 103/150 train_loss=1.979824538230896
2026-10-06 01:51:07,539 - INFO - Best train loss=1.979824538230896; saved /home/wlia0047/ar57/wenyu/GeneRec/results/stage3_T5Train/curvature_RQ-VAE_iter90/ckpt/Amazon_2023_Instruments/Oct-06-2026_01-31-02/HG_Rec_best.pth
2026-10-06 01:51:19,165 - INFO - Epoch 104/150 train_loss=1.9764548015594483
2026-10-06 01:51:19,202 - INFO - Best train loss=1.9764548015594483; saved /home/wlia0047/ar57/wenyu/GeneRec/results/stage3_T5Train/curvature_RQ-VAE_iter90/ckpt/Amazon_2023_Instruments/Oct-06-2026_01-31-02/HG_Rec_best.pth
2026-10-06 01:51:30,880 - INFO - Epoch 105/150 train_loss=1.9754058074951173
2026-10-06 01:51:30,930 - INFO - Best train loss=1.9754058074951173; saved /home/wlia0047/ar57/wenyu/GeneRec/results/stage3_T5Train/curvature_RQ-VAE_iter90/ckpt/Amazon_2023_Instruments/Oct-06-2026_01-31-02/HG_Rec_best.pth
2026-10-06 01:51:42,541 - INFO - Epoch 106/150 train_loss=1.9696802711486816
2026-10-06 01:51:42,576 - INFO - Best train loss=1.9696802711486816; saved /home/wlia0047/ar57/wenyu/GeneRec/results/stage3_T5Train/curvature_RQ-VAE_iter90/ckpt/Amazon_2023_Instruments/Oct-06-2026_01-31-02/HG_Rec_best.pth
2026-10-06 01:51:54,187 - INFO - Epoch 107/150 train_loss=1.970193428993225
2026-10-06 01:52:05,797 - INFO - Epoch 108/150 train_loss=1.9670557069778443
2026-10-06 01:52:05,835 - INFO - Best train loss=1.9670557069778443; saved /home/wlia0047/ar57/wenyu/GeneRec/results/stage3_T5Train/curvature_RQ-VAE_iter90/ckpt/Amazon_2023_Instruments/Oct-06-2026_01-31-02/HG_Rec_best.pth
2026-10-06 01:52:17,446 - INFO - Epoch 109/150 train_loss=1.9605911922454835
2026-10-06 01:52:17,482 - INFO - Best train loss=1.9605911922454835; saved /home/wlia0047/ar57/wenyu/GeneRec/results/stage3_T5Train/curvature_RQ-VAE_iter90/ckpt/Amazon_2023_Instruments/Oct-06-2026_01-31-02/HG_Rec_best.pth
2026-10-06 01:52:29,091 - INFO - Epoch 110/150 train_loss=1.9603686094284059
2026-10-06 01:52:29,126 - INFO - Best train loss=1.9603686094284059; saved /home/wlia0047/ar57/wenyu/GeneRec/results/stage3_T5Train/curvature_RQ-VAE_iter90/ckpt/Amazon_2023_Instruments/Oct-06-2026_01-31-02/HG_Rec_best.pth
2026-10-06 01:52:40,730 - INFO - Epoch 111/150 train_loss=1.9593332052230834
2026-10-06 01:52:40,770 - INFO - Best train loss=1.9593332052230834; saved /home/wlia0047/ar57/wenyu/GeneRec/results/stage3_T5Train/curvature_RQ-VAE_iter90/ckpt/Amazon_2023_Instruments/Oct-06-2026_01-31-02/HG_Rec_best.pth
2026-10-06 01:52:52,377 - INFO - Epoch 112/150 train_loss=1.9537934684753417
2026-10-06 01:52:52,412 - INFO - Best train loss=1.9537934684753417; saved /home/wlia0047/ar57/wenyu/GeneRec/results/stage3_T5Train/curvature_RQ-VAE_iter90/ckpt/Amazon_2023_Instruments/Oct-06-2026_01-31-02/HG_Rec_best.pth
2026-10-06 01:53:04,016 - INFO - Epoch 113/150 train_loss=1.9550156593322754
2026-10-06 01:53:15,628 - INFO - Epoch 114/150 train_loss=1.9524812364578248
2026-10-06 01:53:15,669 - INFO - Best train loss=1.9524812364578248; saved /home/wlia0047/ar57/wenyu/GeneRec/results/stage3_T5Train/curvature_RQ-VAE_iter90/ckpt/Amazon_2023_Instruments/Oct-06-2026_01-31-02/HG_Rec_best.pth
2026-10-06 01:53:27,278 - INFO - Epoch 115/150 train_loss=1.9520073080062865
2026-10-06 01:53:27,314 - INFO - Best train loss=1.9520073080062865; saved /home/wlia0047/ar57/wenyu/GeneRec/results/stage3_T5Train/curvature_RQ-VAE_iter90/ckpt/Amazon_2023_Instruments/Oct-06-2026_01-31-02/HG_Rec_best.pth
2026-10-06 01:53:38,922 - INFO - Epoch 116/150 train_loss=1.9465010595321655
2026-10-06 01:53:38,957 - INFO - Best train loss=1.9465010595321655; saved /home/wlia0047/ar57/wenyu/GeneRec/results/stage3_T5Train/curvature_RQ-VAE_iter90/ckpt/Amazon_2023_Instruments/Oct-06-2026_01-31-02/HG_Rec_best.pth
2026-10-06 01:53:52,537 - INFO - Epoch 117/150 train_loss=1.9469069480895995
2026-10-06 01:54:04,178 - INFO - Epoch 118/150 train_loss=1.941317868232727
2026-10-06 01:54:04,215 - INFO - Best train loss=1.941317868232727; saved /home/wlia0047/ar57/wenyu/GeneRec/results/stage3_T5Train/curvature_RQ-VAE_iter90/ckpt/Amazon_2023_Instruments/Oct-06-2026_01-31-02/HG_Rec_best.pth
2026-10-06 01:54:15,822 - INFO - Epoch 119/150 train_loss=1.9415129518508911
2026-10-06 01:54:27,428 - INFO - Epoch 120/150 train_loss=1.936725482940674
2026-10-06 01:54:27,468 - INFO - Best train loss=1.936725482940674; saved /home/wlia0047/ar57/wenyu/GeneRec/results/stage3_T5Train/curvature_RQ-VAE_iter90/ckpt/Amazon_2023_Instruments/Oct-06-2026_01-31-02/HG_Rec_best.pth
2026-10-06 01:54:39,074 - INFO - Epoch 121/150 train_loss=1.9359375429153443
2026-10-06 01:54:39,149 - INFO - Best train loss=1.9359375429153443; saved /home/wlia0047/ar57/wenyu/GeneRec/results/stage3_T5Train/curvature_RQ-VAE_iter90/ckpt/Amazon_2023_Instruments/Oct-06-2026_01-31-02/HG_Rec_best.pth
2026-10-06 01:54:50,901 - INFO - Epoch 122/150 train_loss=1.9329745817184447
2026-10-06 01:54:50,978 - INFO - Best train loss=1.9329745817184447; saved /home/wlia0047/ar57/wenyu/GeneRec/results/stage3_T5Train/curvature_RQ-VAE_iter90/ckpt/Amazon_2023_Instruments/Oct-06-2026_01-31-02/HG_Rec_best.pth
2026-10-06 01:55:02,587 - INFO - Epoch 123/150 train_loss=1.9309654664993285
2026-10-06 01:55:02,623 - INFO - Best train loss=1.9309654664993285; saved /home/wlia0047/ar57/wenyu/GeneRec/results/stage3_T5Train/curvature_RQ-VAE_iter90/ckpt/Amazon_2023_Instruments/Oct-06-2026_01-31-02/HG_Rec_best.pth
2026-10-06 01:55:14,224 - INFO - Epoch 124/150 train_loss=1.9313828325271607
2026-10-06 01:55:25,832 - INFO - Epoch 125/150 train_loss=1.9299335289001465
2026-10-06 01:55:25,874 - INFO - Best train loss=1.9299335289001465; saved /home/wlia0047/ar57/wenyu/GeneRec/results/stage3_T5Train/curvature_RQ-VAE_iter90/ckpt/Amazon_2023_Instruments/Oct-06-2026_01-31-02/HG_Rec_best.pth
2026-10-06 01:55:37,481 - INFO - Epoch 126/150 train_loss=1.9252093029022217
2026-10-06 01:55:37,517 - INFO - Best train loss=1.9252093029022217; saved /home/wlia0047/ar57/wenyu/GeneRec/results/stage3_T5Train/curvature_RQ-VAE_iter90/ckpt/Amazon_2023_Instruments/Oct-06-2026_01-31-02/HG_Rec_best.pth
2026-10-06 01:55:49,127 - INFO - Epoch 127/150 train_loss=1.9243367910385132
2026-10-06 01:55:49,164 - INFO - Best train loss=1.9243367910385132; saved /home/wlia0047/ar57/wenyu/GeneRec/results/stage3_T5Train/curvature_RQ-VAE_iter90/ckpt/Amazon_2023_Instruments/Oct-06-2026_01-31-02/HG_Rec_best.pth
2026-10-06 01:56:00,770 - INFO - Epoch 128/150 train_loss=1.9241544008255005
2026-10-06 01:56:00,806 - INFO - Best train loss=1.9241544008255005; saved /home/wlia0047/ar57/wenyu/GeneRec/results/stage3_T5Train/curvature_RQ-VAE_iter90/ckpt/Amazon_2023_Instruments/Oct-06-2026_01-31-02/HG_Rec_best.pth
2026-10-06 01:56:12,413 - INFO - Epoch 129/150 train_loss=1.9214068031311036
2026-10-06 01:56:12,448 - INFO - Best train loss=1.9214068031311036; saved /home/wlia0047/ar57/wenyu/GeneRec/results/stage3_T5Train/curvature_RQ-VAE_iter90/ckpt/Amazon_2023_Instruments/Oct-06-2026_01-31-02/HG_Rec_best.pth
2026-10-06 01:56:24,060 - INFO - Epoch 130/150 train_loss=1.9215759897232056
2026-10-06 01:56:35,697 - INFO - Epoch 131/150 train_loss=1.9184788799285888
2026-10-06 01:56:35,733 - INFO - Best train loss=1.9184788799285888; saved /home/wlia0047/ar57/wenyu/GeneRec/results/stage3_T5Train/curvature_RQ-VAE_iter90/ckpt/Amazon_2023_Instruments/Oct-06-2026_01-31-02/HG_Rec_best.pth
2026-10-06 01:56:47,337 - INFO - Epoch 132/150 train_loss=1.9167113065719605
2026-10-06 01:56:47,373 - INFO - Best train loss=1.9167113065719605; saved /home/wlia0047/ar57/wenyu/GeneRec/results/stage3_T5Train/curvature_RQ-VAE_iter90/ckpt/Amazon_2023_Instruments/Oct-06-2026_01-31-02/HG_Rec_best.pth
2026-10-06 01:56:58,965 - INFO - Epoch 133/150 train_loss=1.9185790348052978
2026-10-06 01:57:10,569 - INFO - Epoch 134/150 train_loss=1.91498722076416
2026-10-06 01:57:10,610 - INFO - Best train loss=1.91498722076416; saved /home/wlia0047/ar57/wenyu/GeneRec/results/stage3_T5Train/curvature_RQ-VAE_iter90/ckpt/Amazon_2023_Instruments/Oct-06-2026_01-31-02/HG_Rec_best.pth
2026-10-06 01:57:22,220 - INFO - Epoch 135/150 train_loss=1.9118196773529053
2026-10-06 01:57:22,255 - INFO - Best train loss=1.9118196773529053; saved /home/wlia0047/ar57/wenyu/GeneRec/results/stage3_T5Train/curvature_RQ-VAE_iter90/ckpt/Amazon_2023_Instruments/Oct-06-2026_01-31-02/HG_Rec_best.pth
2026-10-06 01:57:33,860 - INFO - Epoch 136/150 train_loss=1.912125096321106
2026-10-06 01:57:45,465 - INFO - Epoch 137/150 train_loss=1.9124025297164917
2026-10-06 01:57:57,077 - INFO - Epoch 138/150 train_loss=1.9111515855789185
2026-10-06 01:57:57,113 - INFO - Best train loss=1.9111515855789185; saved /home/wlia0047/ar57/wenyu/GeneRec/results/stage3_T5Train/curvature_RQ-VAE_iter90/ckpt/Amazon_2023_Instruments/Oct-06-2026_01-31-02/HG_Rec_best.pth
2026-10-06 01:58:08,721 - INFO - Epoch 139/150 train_loss=1.909760513305664
2026-10-06 01:58:08,757 - INFO - Best train loss=1.909760513305664; saved /home/wlia0047/ar57/wenyu/GeneRec/results/stage3_T5Train/curvature_RQ-VAE_iter90/ckpt/Amazon_2023_Instruments/Oct-06-2026_01-31-02/HG_Rec_best.pth
2026-10-06 01:58:20,363 - INFO - Epoch 140/150 train_loss=1.907955708503723
2026-10-06 01:58:20,399 - INFO - Best train loss=1.907955708503723; saved /home/wlia0047/ar57/wenyu/GeneRec/results/stage3_T5Train/curvature_RQ-VAE_iter90/ckpt/Amazon_2023_Instruments/Oct-06-2026_01-31-02/HG_Rec_best.pth
2026-10-06 01:58:32,005 - INFO - Epoch 141/150 train_loss=1.9107261657714845
2026-10-06 01:58:43,611 - INFO - Epoch 142/150 train_loss=1.9086549472808838
2026-10-06 01:58:55,225 - INFO - Epoch 143/150 train_loss=1.904086570739746
2026-10-06 01:58:55,260 - INFO - Best train loss=1.904086570739746; saved /home/wlia0047/ar57/wenyu/GeneRec/results/stage3_T5Train/curvature_RQ-VAE_iter90/ckpt/Amazon_2023_Instruments/Oct-06-2026_01-31-02/HG_Rec_best.pth
2026-10-06 01:59:06,867 - INFO - Epoch 144/150 train_loss=1.902350583076477
2026-10-06 01:59:06,902 - INFO - Best train loss=1.902350583076477; saved /home/wlia0047/ar57/wenyu/GeneRec/results/stage3_T5Train/curvature_RQ-VAE_iter90/ckpt/Amazon_2023_Instruments/Oct-06-2026_01-31-02/HG_Rec_best.pth
2026-10-06 01:59:18,504 - INFO - Epoch 145/150 train_loss=1.9014045524597167
2026-10-06 01:59:18,539 - INFO - Best train loss=1.9014045524597167; saved /home/wlia0047/ar57/wenyu/GeneRec/results/stage3_T5Train/curvature_RQ-VAE_iter90/ckpt/Amazon_2023_Instruments/Oct-06-2026_01-31-02/HG_Rec_best.pth
2026-10-06 01:59:30,146 - INFO - Epoch 146/150 train_loss=1.8999571752548219
2026-10-06 01:59:30,182 - INFO - Best train loss=1.8999571752548219; saved /home/wlia0047/ar57/wenyu/GeneRec/results/stage3_T5Train/curvature_RQ-VAE_iter90/ckpt/Amazon_2023_Instruments/Oct-06-2026_01-31-02/HG_Rec_best.pth
2026-10-06 01:59:41,792 - INFO - Epoch 147/150 train_loss=1.8970581579208374
2026-10-06 01:59:41,828 - INFO - Best train loss=1.8970581579208374; saved /home/wlia0047/ar57/wenyu/GeneRec/results/stage3_T5Train/curvature_RQ-VAE_iter90/ckpt/Amazon_2023_Instruments/Oct-06-2026_01-31-02/HG_Rec_best.pth
2026-10-06 01:59:53,436 - INFO - Epoch 148/150 train_loss=1.896525650024414
2026-10-06 01:59:53,472 - INFO - Best train loss=1.896525650024414; saved /home/wlia0047/ar57/wenyu/GeneRec/results/stage3_T5Train/curvature_RQ-VAE_iter90/ckpt/Amazon_2023_Instruments/Oct-06-2026_01-31-02/HG_Rec_best.pth
2026-10-06 02:00:05,075 - INFO - Epoch 149/150 train_loss=1.8971107196807862
2026-10-06 02:00:16,679 - INFO - Epoch 150/150 train_loss=1.8947201824188233
2026-10-06 02:00:16,721 - INFO - Best train loss=1.8947201824188233; saved /home/wlia0047/ar57/wenyu/GeneRec/results/stage3_T5Train/curvature_RQ-VAE_iter90/ckpt/Amazon_2023_Instruments/Oct-06-2026_01-31-02/HG_Rec_best.pth
2026-10-06 02:02:25,630 - INFO - Test={'best_checkpoint': '/home/wlia0047/ar57/wenyu/GeneRec/results/stage3_T5Train/curvature_RQ-VAE_iter90/ckpt/Amazon_2023_Instruments/Oct-06-2026_01-31-02/HG_Rec_best.pth', 'n_eval': 57439, 'test_recall@5': 0.03776179947422483, 'test_recall@10': 0.0578700882675534, 'test_ndcg@5': 0.02508253144318091, 'test_ndcg@10': 0.03155145579050653}
