W0928 11:16:42.904712 2821810 /fs04/scratch2/ar57/wenyu/genrec_env_v2/lib/python3.9/site-packages/torch/distributed/run.py:774] 
W0928 11:16:42.904712 2821810 /fs04/scratch2/ar57/wenyu/genrec_env_v2/lib/python3.9/site-packages/torch/distributed/run.py:774] *****************************************
W0928 11:16:42.904712 2821810 /fs04/scratch2/ar57/wenyu/genrec_env_v2/lib/python3.9/site-packages/torch/distributed/run.py:774] Setting OMP_NUM_THREADS environment variable for each process to be 1 in default, to avoid your system being overloaded, please further tune the variable for optimal performance in your application as needed. 
W0928 11:16:42.904712 2821810 /fs04/scratch2/ar57/wenyu/genrec_env_v2/lib/python3.9/site-packages/torch/distributed/run.py:774] *****************************************
[Step3] DDP rank=0/4 local_rank=0
[Step0] cleaned 0 stale artifact(s) from /home/wlia0047/ar57/wenyu/GeneRec/results/stage2_RQ-VAE/curvature_RQ-VAE_iter40/out/rqvae/instruments
=== RQ-VAE Step1-Step12 训练循环 (world_size=4) ===
[Step1] emb: /home/wlia0047/ar57/wenyu/GeneRec/stage1_GeneEmbedding/output/sentence_t5.npy
[Step1] out: /home/wlia0047/ar57/wenyu/GeneRec/results/stage2_RQ-VAE/curvature_RQ-VAE_iter40/out/rqvae/instruments
[Step1] per-GPU batch=640 | total=2560 | workers=4 | compile=False
[Step1] hidden=[512, 256, 128] embed=32 codebook=256 layers=3
[Step1] target: MAX_GLOBAL_STEPS=100000 | ckpt every 10000
[Step2] loaded /home/wlia0047/ar57/wenyu/GeneRec/stage1_GeneEmbedding/output/sentence_t5.npy: shape=(24587, 768), train transitions=339519, active sources=24474/24587
[Step4] WARN: 未找到 /home/wlia0047/ar57/wenyu/GeneRec/results/stage2_RQ-VAE/curvature_RQ-VAE_iter40/out/decoder/instruments_hgrec_configs/hgrec_iter40_dynamic_rirt/layer_norms.json, 使用 iter1 已记录的残差尺度 [0.001, 0.932889, 1.0]
[Step2] 24587 items | 9 batches/rank | 36 batches/epoch
[Step4] WARN: 未找到 /home/wlia0047/ar57/wenyu/GeneRec/results/stage2_RQ-VAE/curvature_RQ-VAE_iter40/out/decoder/instruments_hgrec_configs/hgrec_iter40_dynamic_rirt/layer_norms.json, 使用 iter1 已记录的残差尺度 [0.001, 0.932889, 1.0]
[Step3.5] residual_layer_norms (per-layer u_l) = [0.0010/0.9329/1.0000] | mechanism=iter40_dynamic_rirt
[Step4] WARN: 未找到 /home/wlia0047/ar57/wenyu/GeneRec/results/stage2_RQ-VAE/curvature_RQ-VAE_iter40/out/decoder/instruments_hgrec_configs/hgrec_iter40_dynamic_rirt/layer_norms.json, 使用 iter1 已记录的残差尺度 [0.001, 0.932889, 1.0]
[Step4] WARN: 未找到 /home/wlia0047/ar57/wenyu/GeneRec/results/stage2_RQ-VAE/curvature_RQ-VAE_iter40/out/decoder/instruments_hgrec_configs/hgrec_iter40_dynamic_rirt/layer_norms.json, 使用 iter1 已记录的残差尺度 [0.001, 0.932889, 1.0]
[Step4] iter11 warm-start loaded 11 tensors from /home/wlia0047/ar57/wenyu/GeneRec/results/stage2_RQ-VAE/curvature_RQ-VAE_iter8/out/rqvae/instruments/rqvae_best.pth; c_layer_scale re-initialized in (0.001, 0.933, 1.0) for new range
[Step4] params=1146883 | DDP wrapped
[Step5] inherited curvature-conditioned AdamW beta2: c0=[0.05008510500192642, 0.24432340264320374, 0.27381470799446106] u=[0.001000031998774813, 0.9328889710975931, 0.9998999959094308] beta2=[0.998990999712011, 0.9906039992601217, 0.9900009000368151] lr=0.001 groups=4
[train] start, target=100000 global steps (Step1-Step12 loop)
[Step6] first transition batch ok x=(640, 768) x_fut=(640, 768) device=cuda:0
[Step7] first forward ok sem_ids.shape=(1280, 3)
[Step8] first loss ok loss=2.5980 rl=1.2347 vl=0.1046 behavior=6.2932 curvature_reg=0.000000
[Step9] first backward ok params_with_grad=14
[Step10] first optimizer.step ok
[Step11] first curvature sync step=4 c=[0.050/0.244/0.273]
  step    364/100000 | loss=3.2853 | rl=1.3440 | vl=0.5863 | behavior=6.7754 | curv_reg=0.005030 | codes=252/256/255/256 | c=0.051/0.215/0.240 | beta2=0.9990/0.9906/0.9900 | ips_g=72.5 ips/rk=18.1 | elapsed=5.0s | eta=1374.3s
  step    808/100000 | loss=3.0592 | rl=1.2876 | vl=0.4611 | behavior=6.5517 | curv_reg=0.019761 | codes=253/256/256/256 | c=0.052/0.190/0.213 | beta2=0.9990/0.9906/0.9900 | ips_g=80.3 ips/rk=20.1 | elapsed=10.1s | eta=1234.7s
  step   1240/100000 | loss=3.0482 | rl=1.2644 | vl=0.4611 | behavior=6.6124 | curv_reg=0.040706 | codes=251/255/256/256 | c=0.053/0.171/0.192 | beta2=0.9990/0.9906/0.9900 | ips_g=82.3 ips/rk=20.6 | elapsed=15.1s | eta=1200.6s
  step   1672/100000 | loss=3.0831 | rl=1.2984 | vl=0.4649 | behavior=6.5976 | curv_reg=0.068166 | codes=255/255/256/256 | c=0.055/0.155/0.174 | beta2=0.9990/0.9906/0.9900 | ips_g=83.2 ips/rk=20.8 | elapsed=20.1s | eta=1181.8s
  step   2116/100000 | loss=2.9733 | rl=1.2570 | vl=0.3934 | behavior=6.6117 | curv_reg=0.103506 | codes=251/255/256/256 | c=0.056/0.139/0.158 | beta2=0.9990/0.9906/0.9900 | ips_g=84.3 ips/rk=21.1 | elapsed=25.1s | eta=1161.3s
  step   2548/100000 | loss=2.9754 | rl=1.2815 | vl=0.3990 | behavior=6.4705 | curv_reg=0.140073 | codes=254/256/256/256 | c=0.057/0.127/0.146 | beta2=0.9990/0.9906/0.9900 | ips_g=84.5 ips/rk=21.1 | elapsed=30.1s | eta=1153.0s
  step   2968/100000 | loss=2.9689 | rl=1.2738 | vl=0.3906 | behavior=6.5179 | curv_reg=0.175715 | codes=253/256/256/256 | c=0.059/0.117/0.137 | beta2=0.9990/0.9906/0.9900 | ips_g=84.4 ips/rk=21.1 | elapsed=35.1s | eta=1149.0s
  step   3404/100000 | loss=2.9414 | rl=1.2634 | vl=0.3915 | behavior=6.4274 | curv_reg=0.208527 | codes=253/256/256/256 | c=0.060/0.109/0.132 | beta2=0.9990/0.9906/0.9900 | ips_g=84.8 ips/rk=21.2 | elapsed=40.2s | eta=1139.5s
  step   3848/100000 | loss=2.9578 | rl=1.2741 | vl=0.3939 | behavior=6.4432 | curv_reg=0.233908 | codes=249/256/256/256 | c=0.061/0.104/0.130 | beta2=0.9990/0.9906/0.9900 | ips_g=85.2 ips/rk=21.3 | elapsed=45.2s | eta=1129.2s
  step   4280/100000 | loss=2.9687 | rl=1.2967 | vl=0.3771 | behavior=6.4688 | curv_reg=0.244783 | codes=254/256/255/256 | c=0.063/0.102/0.132 | beta2=0.9990/0.9906/0.9900 | ips_g=85.3 ips/rk=21.3 | elapsed=50.2s | eta=1122.6s
  step   4716/100000 | loss=2.9589 | rl=1.2663 | vl=0.3884 | behavior=6.5142 | curv_reg=0.253128 | codes=253/255/255/256 | c=0.064/0.102/0.133 | beta2=0.9990/0.9906/0.9900 | ips_g=85.4 ips/rk=21.3 | elapsed=55.2s | eta=1115.7s
  step   5152/100000 | loss=2.9783 | rl=1.2918 | vl=0.3954 | behavior=6.4492 | curv_reg=0.254116 | codes=251/255/256/256 | c=0.066/0.105/0.136 | beta2=0.9990/0.9906/0.9900 | ips_g=85.5 ips/rk=21.4 | elapsed=60.2s | eta=1109.0s
  step   5596/100000 | loss=2.9787 | rl=1.2759 | vl=0.4041 | behavior=6.4874 | curv_reg=0.257465 | codes=254/256/255/256 | c=0.067/0.106/0.139 | beta2=0.9990/0.9906/0.9900 | ips_g=85.7 ips/rk=21.4 | elapsed=65.3s | eta=1101.0s
  step   6040/100000 | loss=2.9364 | rl=1.2579 | vl=0.3851 | behavior=6.4604 | curv_reg=0.266939 | codes=255/256/256/256 | c=0.069/0.106/0.140 | beta2=0.9990/0.9906/0.9900 | ips_g=85.9 ips/rk=21.5 | elapsed=70.3s | eta=1093.3s
  step   6484/100000 | loss=2.9657 | rl=1.2596 | vl=0.4105 | behavior=6.4710 | curv_reg=0.273159 | codes=254/256/256/256 | c=0.071/0.107/0.142 | beta2=0.9990/0.9906/0.9900 | ips_g=86.1 ips/rk=21.5 | elapsed=75.3s | eta=1086.6s
  step   6892/100000 | loss=2.9382 | rl=1.2588 | vl=0.3951 | behavior=6.4147 | curv_reg=0.278675 | codes=251/255/256/256 | c=0.072/0.108/0.143 | beta2=0.9990/0.9906/0.9900 | ips_g=85.8 ips/rk=21.4 | elapsed=80.3s | eta=1085.4s
  step   7312/100000 | loss=3.0227 | rl=1.2540 | vl=0.4576 | behavior=6.5489 | curv_reg=0.274666 | codes=254/256/256/256 | c=0.074/0.112/0.146 | beta2=0.9990/0.9906/0.9900 | ips_g=85.6 ips/rk=21.4 | elapsed=85.4s | eta=1082.2s
  step   7748/100000 | loss=2.9039 | rl=1.2516 | vl=0.3706 | behavior=6.4012 | curv_reg=0.304197 | codes=255/255/255/256 | c=0.075/0.108/0.142 | beta2=0.9990/0.9906/0.9900 | ips_g=85.7 ips/rk=21.4 | elapsed=90.4s | eta=1076.3s
  step   8192/100000 | loss=2.9668 | rl=1.2647 | vl=0.4061 | behavior=6.4719 | curv_reg=0.310142 | codes=254/256/256/256 | c=0.077/0.110/0.143 | beta2=0.9990/0.9906/0.9900 | ips_g=85.9 ips/rk=21.5 | elapsed=95.4s | eta=1069.2s
  step   8636/100000 | loss=2.9148 | rl=1.2687 | vl=0.3678 | behavior=6.3837 | curv_reg=0.314466 | codes=252/256/255/256 | c=0.079/0.111/0.145 | beta2=0.9990/0.9906/0.9900 | ips_g=86.0 ips/rk=21.5 | elapsed=100.4s | eta=1062.4s
  step   9084/100000 | loss=2.9627 | rl=1.2688 | vl=0.3933 | behavior=6.4948 | curv_reg=0.322609 | codes=255/256/256/256 | c=0.081/0.112/0.147 | beta2=0.9990/0.9906/0.9900 | ips_g=86.1 ips/rk=21.5 | elapsed=105.5s | eta=1055.4s
  step   9520/100000 | loss=2.9676 | rl=1.2773 | vl=0.3938 | behavior=6.4743 | curv_reg=0.337425 | codes=256/255/256/256 | c=0.083/0.112/0.145 | beta2=0.9990/0.9906/0.9900 | ips_g=86.2 ips/rk=21.5 | elapsed=110.5s | eta=1049.8s
  step   9960/100000 | loss=3.0094 | rl=1.2675 | vl=0.4413 | behavior=6.4948 | curv_reg=0.346721 | codes=255/256/256/256 | c=0.084/0.113/0.146 | beta2=0.9990/0.9906/0.9900 | ips_g=86.2 ips/rk=21.6 | elapsed=115.5s | eta=1044.1s
[Step12] saved /home/wlia0047/ar57/wenyu/GeneRec/results/stage2_RQ-VAE/curvature_RQ-VAE_iter40/out/rqvae/instruments/rqvae_best.pth (step=10000)
  [SID save step=10000] wrote raw 3-token SIDs /home/wlia0047/ar57/wenyu/GeneRec/results/stage2_RQ-VAE/curvature_RQ-VAE_iter40/out/rqvae/instruments/sids_raw.npy: shape=(24587, 3)
  [SID metrics step=10000] hitrate@50=0.9968 full_gini=0.0581 per_layer=[0.2073/0.1818/0.1601] unique=23099/24587 l01_pairs=14612 H_l1_given_l0=5.5840
  step  10004/100000 | loss=2.9578 | rl=1.2782 | vl=0.3881 | behavior=6.4493 | curv_reg=0.347115 | codes=256/255/255/256 | c=0.085/0.113/0.146 | beta2=0.9990/0.9906/0.9900 | ips_g=78.3 ips/rk=19.6 | elapsed=127.8s | eta=1149.8s
  step  10436/100000 | loss=2.9515 | rl=1.2703 | vl=0.3950 | behavior=6.4224 | curv_reg=0.348203 | codes=256/255/256/256 | c=0.086/0.115/0.150 | beta2=0.9990/0.9906/0.9900 | ips_g=78.6 ips/rk=19.6 | elapsed=132.8s | eta=1139.9s
  step  10864/100000 | loss=2.9525 | rl=1.2691 | vl=0.4016 | behavior=6.4001 | curv_reg=0.356283 | codes=255/255/256/256 | c=0.088/0.116/0.150 | beta2=0.9990/0.9906/0.9900 | ips_g=78.8 ips/rk=19.7 | elapsed=137.9s | eta=1131.1s
  step  11300/100000 | loss=2.9790 | rl=1.2699 | vl=0.4114 | behavior=6.4793 | curv_reg=0.366796 | codes=256/256/256/256 | c=0.090/0.117/0.150 | beta2=0.9990/0.9906/0.9900 | ips_g=79.1 ips/rk=19.8 | elapsed=142.9s | eta=1121.6s
  step  11740/100000 | loss=3.0166 | rl=1.2831 | vl=0.4332 | behavior=6.4920 | curv_reg=0.363401 | codes=255/255/256/256 | c=0.092/0.119/0.156 | beta2=0.9990/0.9906/0.9900 | ips_g=79.4 ips/rk=19.8 | elapsed=147.9s | eta=1111.9s
  step  12188/100000 | loss=3.0489 | rl=1.2855 | vl=0.4507 | behavior=6.5542 | curv_reg=0.376418 | codes=255/256/255/256 | c=0.094/0.119/0.156 | beta2=0.9990/0.9906/0.9900 | ips_g=79.7 ips/rk=19.9 | elapsed=152.9s | eta=1101.8s
  step  12624/100000 | loss=2.9350 | rl=1.2666 | vl=0.3813 | behavior=6.4253 | curv_reg=0.382439 | codes=256/255/256/256 | c=0.096/0.121/0.158 | beta2=0.9990/0.9906/0.9900 | ips_g=79.9 ips/rk=20.0 | elapsed=157.9s | eta=1093.2s
  step  13056/100000 | loss=2.9701 | rl=1.2736 | vl=0.4070 | behavior=6.4381 | curv_reg=0.386042 | codes=256/255/255/256 | c=0.099/0.123/0.159 | beta2=0.9990/0.9906/0.9900 | ips_g=80.1 ips/rk=20.0 | elapsed=163.0s | eta=1085.2s
  step  13496/100000 | loss=2.9725 | rl=1.2878 | vl=0.4004 | behavior=6.4109 | curv_reg=0.414157 | codes=256/256/256/256 | c=0.101/0.120/0.155 | beta2=0.9990/0.9906/0.9900 | ips_g=80.4 ips/rk=20.1 | elapsed=168.0s | eta=1076.6s
  step  13944/100000 | loss=2.9865 | rl=1.2678 | vl=0.4251 | behavior=6.4578 | curv_reg=0.414143 | codes=256/256/256/256 | c=0.103/0.121/0.161 | beta2=0.9990/0.9906/0.9900 | ips_g=80.6 ips/rk=20.2 | elapsed=173.0s | eta=1067.7s
  step  14392/100000 | loss=2.9858 | rl=1.2843 | vl=0.4048 | behavior=6.4727 | curv_reg=0.426735 | codes=254/256/256/256 | c=0.105/0.122/0.160 | beta2=0.9990/0.9906/0.9900 | ips_g=80.9 ips/rk=20.2 | elapsed=178.0s | eta=1058.8s
  step  14840/100000 | loss=3.0138 | rl=1.2928 | vl=0.4139 | behavior=6.5248 | curv_reg=0.450432 | codes=256/256/256/256 | c=0.107/0.121/0.156 | beta2=0.9990/0.9906/0.9900 | ips_g=81.1 ips/rk=20.3 | elapsed=183.0s | eta=1050.4s
  step  15272/100000 | loss=3.0191 | rl=1.2867 | vl=0.4542 | behavior=6.3790 | curv_reg=0.468647 | codes=255/256/256/256 | c=0.110/0.120/0.155 | beta2=0.9990/0.9906/0.9900 | ips_g=81.2 ips/rk=20.3 | elapsed=188.0s | eta=1043.2s
  step  15720/100000 | loss=3.0642 | rl=1.2916 | vl=0.4697 | behavior=6.5026 | curv_reg=0.472898 | codes=256/256/256/256 | c=0.112/0.123/0.156 | beta2=0.9990/0.9906/0.9900 | ips_g=81.4 ips/rk=20.4 | elapsed=193.1s | eta=1035.0s
  step  16160/100000 | loss=2.9604 | rl=1.2642 | vl=0.4108 | behavior=6.4142 | curv_reg=0.490767 | codes=256/256/256/256 | c=0.114/0.121/0.156 | beta2=0.9990/0.9906/0.9900 | ips_g=81.6 ips/rk=20.4 | elapsed=198.1s | eta=1027.6s
  step  16608/100000 | loss=3.0780 | rl=1.2824 | vl=0.4711 | behavior=6.6094 | curv_reg=0.516381 | codes=256/255/255/256 | c=0.117/0.120/0.153 | beta2=0.9990/0.9906/0.9900 | ips_g=81.8 ips/rk=20.4 | elapsed=203.1s | eta=1019.8s
  step  17056/100000 | loss=2.9965 | rl=1.2926 | vl=0.4045 | behavior=6.4842 | curv_reg=0.515781 | codes=254/255/256/256 | c=0.119/0.122/0.156 | beta2=0.9990/0.9906/0.9900 | ips_g=82.0 ips/rk=20.5 | elapsed=208.1s | eta=1012.1s
  step  17476/100000 | loss=2.9979 | rl=1.2723 | vl=0.4197 | behavior=6.5167 | curv_reg=0.511068 | codes=255/255/256/256 | c=0.121/0.126/0.159 | beta2=0.9990/0.9906/0.9900 | ips_g=82.0 ips/rk=20.5 | elapsed=213.2s | eta=1006.6s
  step  17884/100000 | loss=3.0105 | rl=1.2824 | vl=0.4283 | behavior=6.4860 | curv_reg=0.518320 | codes=256/256/256/256 | c=0.124/0.126/0.162 | beta2=0.9990/0.9906/0.9900 | ips_g=82.0 ips/rk=20.5 | elapsed=218.2s | eta=1001.8s
  step  18300/100000 | loss=3.0146 | rl=1.2781 | vl=0.4301 | behavior=6.5186 | curv_reg=0.543626 | codes=256/256/256/256 | c=0.126/0.126/0.157 | beta2=0.9990/0.9906/0.9900 | ips_g=82.0 ips/rk=20.5 | elapsed=223.2s | eta=996.5s
  step  18716/100000 | loss=3.0173 | rl=1.2911 | vl=0.4255 | behavior=6.4900 | curv_reg=0.541372 | codes=255/255/256/256 | c=0.128/0.128/0.161 | beta2=0.9990/0.9906/0.9900 | ips_g=82.0 ips/rk=20.5 | elapsed=228.2s | eta=991.2s
  step  19104/100000 | loss=2.9882 | rl=1.2878 | vl=0.4044 | behavior=6.4664 | curv_reg=0.542523 | codes=256/256/256/256 | c=0.131/0.131/0.163 | beta2=0.9990/0.9906/0.9900 | ips_g=81.9 ips/rk=20.5 | elapsed=233.3s | eta=987.7s
  step  19520/100000 | loss=2.9502 | rl=1.2742 | vl=0.3760 | behavior=6.4869 | curv_reg=0.536816 | codes=256/255/256/256 | c=0.133/0.133/0.169 | beta2=0.9990/0.9906/0.9900 | ips_g=81.9 ips/rk=20.5 | elapsed=238.3s | eta=982.4s
  step  19936/100000 | loss=2.9879 | rl=1.2925 | vl=0.4070 | behavior=6.4287 | curv_reg=0.545520 | codes=256/256/256/256 | c=0.136/0.136/0.167 | beta2=0.9990/0.9906/0.9900 | ips_g=81.9 ips/rk=20.5 | elapsed=243.3s | eta=977.1s
[Step12] saved /home/wlia0047/ar57/wenyu/GeneRec/results/stage2_RQ-VAE/curvature_RQ-VAE_iter40/out/rqvae/instruments/rqvae_best.pth (step=20000)
  [SID save step=20000] wrote raw 3-token SIDs /home/wlia0047/ar57/wenyu/GeneRec/results/stage2_RQ-VAE/curvature_RQ-VAE_iter40/out/rqvae/instruments/sids_raw.npy: shape=(24587, 3)
  [SID metrics step=20000] hitrate@50=0.9969 full_gini=0.0568 per_layer=[0.1688/0.1611/0.1201] unique=23131/24587 l01_pairs=14954 H_l1_given_l0=5.6123
  step  20004/100000 | loss=3.0299 | rl=1.2945 | vl=0.4327 | behavior=6.4996 | curv_reg=0.546465 | codes=256/256/256/256 | c=0.136/0.136/0.167 | beta2=0.9990/0.9906/0.9900 | ips_g=78.2 ips/rk=19.5 | elapsed=255.9s | eta=1023.5s
  step  20408/100000 | loss=3.1212 | rl=1.3201 | vl=0.4859 | behavior=6.5623 | curv_reg=0.547446 | codes=256/256/256/256 | c=0.138/0.138/0.170 | beta2=0.9990/0.9906/0.9900 | ips_g=78.2 ips/rk=19.6 | elapsed=261.0s | eta=1017.7s
  step  20824/100000 | loss=3.0378 | rl=1.3014 | vl=0.4402 | behavior=6.4668 | curv_reg=0.557648 | codes=256/255/256/256 | c=0.141/0.141/0.168 | beta2=0.9990/0.9906/0.9900 | ips_g=78.3 ips/rk=19.6 | elapsed=266.0s | eta=1011.3s
  step  21244/100000 | loss=3.0352 | rl=1.3001 | vl=0.4414 | behavior=6.4545 | curv_reg=0.559039 | codes=256/255/256/256 | c=0.143/0.143/0.170 | beta2=0.9990/0.9906/0.9900 | ips_g=78.4 ips/rk=19.6 | elapsed=271.0s | eta=1004.8s
  step  21664/100000 | loss=3.0165 | rl=1.2871 | vl=0.4279 | behavior=6.4928 | curv_reg=0.588215 | codes=255/255/256/256 | c=0.146/0.146/0.160 | beta2=0.9990/0.9906/0.9900 | ips_g=78.5 ips/rk=19.6 | elapsed=276.1s | eta=998.2s
  step  22080/100000 | loss=3.0256 | rl=1.2951 | vl=0.4324 | behavior=6.4759 | curv_reg=0.585069 | codes=256/256/256/256 | c=0.148/0.148/0.164 | beta2=0.9990/0.9906/0.9900 | ips_g=78.6 ips/rk=19.6 | elapsed=281.1s | eta=991.9s
  step  22500/100000 | loss=3.0274 | rl=1.3097 | vl=0.4306 | behavior=6.4213 | curv_reg=0.576523 | codes=256/254/256/256 | c=0.151/0.151/0.171 | beta2=0.9990/0.9906/0.9900 | ips_g=78.6 ips/rk=19.7 | elapsed=286.1s | eta=985.4s
  step  22916/100000 | loss=3.0286 | rl=1.2999 | vl=0.4240 | behavior=6.5090 | curv_reg=0.591879 | codes=256/254/256/256 | c=0.153/0.153/0.167 | beta2=0.9990/0.9906/0.9900 | ips_g=78.7 ips/rk=19.7 | elapsed=291.1s | eta=979.2s
  step  23316/100000 | loss=3.1148 | rl=1.2994 | vl=0.4940 | behavior=6.5921 | curv_reg=0.604259 | codes=256/256/255/256 | c=0.156/0.156/0.164 | beta2=0.9990/0.9906/0.9900 | ips_g=78.7 ips/rk=19.7 | elapsed=296.1s | eta=973.9s
  step  23732/100000 | loss=2.9843 | rl=1.2687 | vl=0.4083 | behavior=6.5217 | curv_reg=0.607144 | codes=255/255/256/256 | c=0.159/0.159/0.165 | beta2=0.9990/0.9906/0.9900 | ips_g=78.8 ips/rk=19.7 | elapsed=301.1s | eta=967.8s
  step  24152/100000 | loss=3.0332 | rl=1.2997 | vl=0.4433 | behavior=6.4357 | curv_reg=0.608422 | codes=256/256/256/256 | c=0.161/0.161/0.167 | beta2=0.9990/0.9906/0.9900 | ips_g=78.9 ips/rk=19.7 | elapsed=306.2s | eta=961.5s
  step  24568/100000 | loss=3.0463 | rl=1.2945 | vl=0.4637 | behavior=6.4252 | curv_reg=0.617726 | codes=256/256/256/256 | c=0.164/0.164/0.166 | beta2=0.9990/0.9906/0.9900 | ips_g=79.0 ips/rk=19.7 | elapsed=311.2s | eta=955.4s
  step  24988/100000 | loss=3.0022 | rl=1.2831 | vl=0.4245 | behavior=6.4578 | curv_reg=0.614345 | codes=256/256/254/256 | c=0.166/0.166/0.170 | beta2=0.9990/0.9906/0.9900 | ips_g=79.0 ips/rk=19.8 | elapsed=316.2s | eta=949.3s
  step  25408/100000 | loss=3.0738 | rl=1.3035 | vl=0.4673 | behavior=6.4993 | curv_reg=0.623299 | codes=256/256/255/256 | c=0.169/0.169/0.169 | beta2=0.9990/0.9906/0.9900 | ips_g=79.1 ips/rk=19.8 | elapsed=321.3s | eta=943.2s
  step  25816/100000 | loss=3.0634 | rl=1.3157 | vl=0.4637 | behavior=6.4045 | curv_reg=0.623299 | codes=256/256/255/256 | c=0.172/0.172/0.172 | beta2=0.9990/0.9906/0.9900 | ips_g=79.1 ips/rk=19.8 | elapsed=326.3s | eta=937.7s
  step  26236/100000 | loss=3.0040 | rl=1.3052 | vl=0.4150 | behavior=6.4038 | curv_reg=0.623299 | codes=255/256/256/256 | c=0.174/0.174/0.174 | beta2=0.9990/0.9906/0.9900 | ips_g=79.2 ips/rk=19.8 | elapsed=331.3s | eta=931.6s
  step  26652/100000 | loss=3.0298 | rl=1.2841 | vl=0.4255 | behavior=6.5858 | curv_reg=0.623299 | codes=255/256/256/256 | c=0.177/0.177/0.177 | beta2=0.9990/0.9906/0.9900 | ips_g=79.2 ips/rk=19.8 | elapsed=336.3s | eta=925.6s
  step  27072/100000 | loss=3.0934 | rl=1.3253 | vl=0.4600 | behavior=6.5249 | curv_reg=0.623299 | codes=256/256/256/256 | c=0.180/0.180/0.180 | beta2=0.9990/0.9906/0.9900 | ips_g=79.3 ips/rk=19.8 | elapsed=341.4s | eta=919.6s
  step  27496/100000 | loss=2.9554 | rl=1.2729 | vl=0.3839 | behavior=6.4772 | curv_reg=0.623299 | codes=253/256/255/256 | c=0.182/0.182/0.182 | beta2=0.9990/0.9906/0.9900 | ips_g=79.4 ips/rk=19.8 | elapsed=346.4s | eta=913.4s
  step  27936/100000 | loss=3.0597 | rl=1.3192 | vl=0.4472 | behavior=6.4513 | curv_reg=0.623299 | codes=256/255/256/256 | c=0.185/0.185/0.185 | beta2=0.9990/0.9906/0.9900 | ips_g=79.5 ips/rk=19.9 | elapsed=351.4s | eta=906.5s
  step  28344/100000 | loss=3.0670 | rl=1.3225 | vl=0.4688 | behavior=6.3628 | curv_reg=0.623299 | codes=256/256/256/256 | c=0.188/0.188/0.188 | beta2=0.9990/0.9906/0.9900 | ips_g=79.5 ips/rk=19.9 | elapsed=356.4s | eta=901.1s
  step  28760/100000 | loss=3.0429 | rl=1.2991 | vl=0.4477 | behavior=6.4646 | curv_reg=0.623299 | codes=256/255/256/256 | c=0.190/0.190/0.190 | beta2=0.9990/0.9906/0.9900 | ips_g=79.6 ips/rk=19.9 | elapsed=361.5s | eta=895.3s
  step  29176/100000 | loss=3.0259 | rl=1.2979 | vl=0.4260 | behavior=6.4942 | curv_reg=0.623299 | codes=255/256/256/256 | c=0.193/0.193/0.193 | beta2=0.9990/0.9906/0.9900 | ips_g=79.6 ips/rk=19.9 | elapsed=366.5s | eta=889.6s
  step  29596/100000 | loss=3.1230 | rl=1.3146 | vl=0.5081 | behavior=6.4860 | curv_reg=0.623299 | codes=256/256/256/256 | c=0.195/0.195/0.195 | beta2=0.9990/0.9906/0.9900 | ips_g=79.7 ips/rk=19.9 | elapsed=371.5s | eta=883.8s
[Step12] saved /home/wlia0047/ar57/wenyu/GeneRec/results/stage2_RQ-VAE/curvature_RQ-VAE_iter40/out/rqvae/instruments/rqvae_best.pth (step=30000)
  [SID save step=30000] wrote raw 3-token SIDs /home/wlia0047/ar57/wenyu/GeneRec/results/stage2_RQ-VAE/curvature_RQ-VAE_iter40/out/rqvae/instruments/sids_raw.npy: shape=(24587, 3)
  [SID metrics step=30000] hitrate@50=0.9973 full_gini=0.0521 per_layer=[0.1458/0.1269/0.1343] unique=23256/24587 l01_pairs=15253 H_l1_given_l0=5.6374
  step  30004/100000 | loss=3.0435 | rl=1.3063 | vl=0.4375 | behavior=6.4825 | curv_reg=0.623299 | codes=255/256/256/256 | c=0.198/0.198/0.198 | beta2=0.9990/0.9906/0.9900 | ips_g=77.2 ips/rk=19.3 | elapsed=388.4s | eta=906.1s
  step  30424/100000 | loss=3.1971 | rl=1.3411 | vl=0.5449 | behavior=6.5404 | curv_reg=0.623299 | codes=256/256/256/256 | c=0.201/0.201/0.201 | beta2=0.9990/0.9906/0.9900 | ips_g=77.3 ips/rk=19.3 | elapsed=393.5s | eta=899.8s
  step  30840/100000 | loss=3.1704 | rl=1.3209 | vl=0.5343 | behavior=6.5605 | curv_reg=0.623299 | codes=256/256/255/256 | c=0.203/0.203/0.203 | beta2=0.9990/0.9906/0.9900 | ips_g=77.4 ips/rk=19.3 | elapsed=398.5s | eta=893.6s
  step  31252/100000 | loss=3.0315 | rl=1.3076 | vl=0.4318 | behavior=6.4446 | curv_reg=0.623299 | codes=255/256/256/256 | c=0.206/0.206/0.206 | beta2=0.9990/0.9906/0.9900 | ips_g=77.4 ips/rk=19.4 | elapsed=403.6s | eta=887.8s
  step  31664/100000 | loss=3.1065 | rl=1.3059 | vl=0.4724 | behavior=6.6261 | curv_reg=0.623299 | codes=256/256/256/256 | c=0.208/0.208/0.208 | beta2=0.9990/0.9906/0.9900 | ips_g=77.5 ips/rk=19.4 | elapsed=408.6s | eta=881.8s
  step  32080/100000 | loss=3.0752 | rl=1.2972 | vl=0.4642 | behavior=6.5531 | curv_reg=0.623299 | codes=256/256/256/256 | c=0.211/0.211/0.211 | beta2=0.9990/0.9906/0.9900 | ips_g=77.6 ips/rk=19.4 | elapsed=413.6s | eta=875.7s
  step  32500/100000 | loss=3.0919 | rl=1.3053 | vl=0.4811 | behavior=6.5123 | curv_reg=0.623299 | codes=256/256/255/256 | c=0.213/0.213/0.213 | beta2=0.9990/0.9906/0.9900 | ips_g=77.6 ips/rk=19.4 | elapsed=418.6s | eta=869.4s
  step  32916/100000 | loss=3.2168 | rl=1.3420 | vl=0.5581 | behavior=6.5681 | curv_reg=0.623299 | codes=256/256/256/256 | c=0.216/0.216/0.216 | beta2=0.9990/0.9906/0.9900 | ips_g=77.7 ips/rk=19.4 | elapsed=423.6s | eta=863.4s
  step  33336/100000 | loss=3.0700 | rl=1.3108 | vl=0.4738 | behavior=6.4116 | curv_reg=0.623299 | codes=256/256/256/256 | c=0.218/0.218/0.218 | beta2=0.9990/0.9906/0.9900 | ips_g=77.8 ips/rk=19.4 | elapsed=428.6s | eta=857.2s
  step  33740/100000 | loss=3.1247 | rl=1.3275 | vl=0.5052 | behavior=6.4446 | curv_reg=0.623299 | codes=256/256/256/256 | c=0.220/0.220/0.220 | beta2=0.9990/0.9906/0.9900 | ips_g=77.8 ips/rk=19.4 | elapsed=433.7s | eta=851.7s
  step  34160/100000 | loss=3.0191 | rl=1.3134 | vl=0.4340 | behavior=6.3426 | curv_reg=0.623299 | codes=255/256/255/256 | c=0.223/0.223/0.223 | beta2=0.9990/0.9906/0.9900 | ips_g=77.9 ips/rk=19.5 | elapsed=438.7s | eta=845.5s
  step  34576/100000 | loss=3.2739 | rl=1.3680 | vl=0.5874 | behavior=6.5767 | curv_reg=0.623299 | codes=256/256/253/256 | c=0.225/0.225/0.225 | beta2=0.9990/0.9906/0.9900 | ips_g=77.9 ips/rk=19.5 | elapsed=443.7s | eta=839.6s
  step  34996/100000 | loss=3.1348 | rl=1.3292 | vl=0.5026 | behavior=6.4995 | curv_reg=0.623299 | codes=256/255/255/256 | c=0.228/0.228/0.228 | beta2=0.9990/0.9906/0.9900 | ips_g=78.0 ips/rk=19.5 | elapsed=448.8s | eta=833.6s
  step  35412/100000 | loss=3.1562 | rl=1.3526 | vl=0.4997 | behavior=6.5040 | curv_reg=0.623299 | codes=256/256/255/256 | c=0.230/0.230/0.230 | beta2=0.9990/0.9906/0.9900 | ips_g=78.0 ips/rk=19.5 | elapsed=453.8s | eta=827.7s
  step  35824/100000 | loss=3.1125 | rl=1.3216 | vl=0.4771 | behavior=6.5534 | curv_reg=0.623299 | codes=256/256/256/256 | c=0.232/0.232/0.232 | beta2=0.9990/0.9906/0.9900 | ips_g=78.1 ips/rk=19.5 | elapsed=458.8s | eta=821.9s
  step  36244/100000 | loss=3.1340 | rl=1.3160 | vl=0.5179 | behavior=6.4850 | curv_reg=0.623299 | codes=256/256/255/256 | c=0.234/0.234/0.234 | beta2=0.9990/0.9906/0.9900 | ips_g=78.1 ips/rk=19.5 | elapsed=463.8s | eta=815.9s
  step  36652/100000 | loss=3.1572 | rl=1.3238 | vl=0.4996 | behavior=6.6537 | curv_reg=0.623299 | codes=256/256/255/256 | c=0.236/0.236/0.236 | beta2=0.9990/0.9906/0.9900 | ips_g=78.2 ips/rk=19.5 | elapsed=468.9s | eta=810.4s
  step  37072/100000 | loss=3.1545 | rl=1.3339 | vl=0.5013 | behavior=6.5811 | curv_reg=0.623299 | codes=255/256/256/256 | c=0.239/0.239/0.239 | beta2=0.9990/0.9906/0.9900 | ips_g=78.2 ips/rk=19.6 | elapsed=473.9s | eta=804.5s
  step  37492/100000 | loss=3.1216 | rl=1.3227 | vl=0.5056 | behavior=6.4507 | curv_reg=0.623299 | codes=256/256/256/256 | c=0.241/0.241/0.241 | beta2=0.9990/0.9906/0.9900 | ips_g=78.3 ips/rk=19.6 | elapsed=479.0s | eta=798.5s
  step  37912/100000 | loss=3.1304 | rl=1.3322 | vl=0.4858 | behavior=6.5468 | curv_reg=0.623299 | codes=256/256/255/256 | c=0.243/0.243/0.243 | beta2=0.9990/0.9906/0.9900 | ips_g=78.3 ips/rk=19.6 | elapsed=484.0s | eta=792.7s
  step  38332/100000 | loss=3.2315 | rl=1.3229 | vl=0.5762 | behavior=6.6462 | curv_reg=0.623299 | codes=256/255/255/256 | c=0.245/0.245/0.245 | beta2=0.9990/0.9906/0.9900 | ips_g=78.4 ips/rk=19.6 | elapsed=489.0s | eta=786.7s
  step  38752/100000 | loss=3.2788 | rl=1.3447 | vl=0.5961 | behavior=6.6743 | curv_reg=0.623299 | codes=256/256/255/256 | c=0.247/0.247/0.247 | beta2=0.9990/0.9906/0.9900 | ips_g=78.4 ips/rk=19.6 | elapsed=494.1s | eta=780.9s
  step  39160/100000 | loss=3.2980 | rl=1.3493 | vl=0.6160 | behavior=6.6478 | curv_reg=0.623299 | codes=256/256/254/256 | c=0.248/0.248/0.248 | beta2=0.9990/0.9906/0.9900 | ips_g=78.5 ips/rk=19.6 | elapsed=499.1s | eta=775.4s
  step  39568/100000 | loss=3.1679 | rl=1.3276 | vl=0.5374 | behavior=6.4991 | curv_reg=0.623299 | codes=256/256/256/256 | c=0.250/0.250/0.250 | beta2=0.9990/0.9906/0.9900 | ips_g=78.5 ips/rk=19.6 | elapsed=504.1s | eta=770.0s
  step  39988/100000 | loss=3.1132 | rl=1.3208 | vl=0.5024 | behavior=6.4345 | curv_reg=0.623299 | codes=256/256/255/256 | c=0.252/0.252/0.252 | beta2=0.9990/0.9906/0.9900 | ips_g=78.5 ips/rk=19.6 | elapsed=509.2s | eta=764.1s
[Step12] saved /home/wlia0047/ar57/wenyu/GeneRec/results/stage2_RQ-VAE/curvature_RQ-VAE_iter40/out/rqvae/instruments/rqvae_best.pth (step=40000)
  [SID save step=40000] wrote raw 3-token SIDs /home/wlia0047/ar57/wenyu/GeneRec/results/stage2_RQ-VAE/curvature_RQ-VAE_iter40/out/rqvae/instruments/sids_raw.npy: shape=(24587, 3)
  [SID metrics step=40000] hitrate@50=0.9971 full_gini=0.0536 per_layer=[0.1361/0.1162/0.1428] unique=23217/24587 l01_pairs=15154 H_l1_given_l0=5.6200
  step  40004/100000 | loss=3.0897 | rl=1.3382 | vl=0.4508 | behavior=6.4880 | curv_reg=0.623299 | codes=256/256/254/256 | c=0.252/0.252/0.252 | beta2=0.9990/0.9906/0.9900 | ips_g=76.8 ips/rk=19.2 | elapsed=521.1s | eta=781.5s
  step  40420/100000 | loss=3.1784 | rl=1.3524 | vl=0.5415 | behavior=6.4070 | curv_reg=0.623299 | codes=256/256/254/256 | c=0.254/0.254/0.254 | beta2=0.9990/0.9906/0.9900 | ips_g=76.8 ips/rk=19.2 | elapsed=526.1s | eta=775.5s
  step  40836/100000 | loss=3.2053 | rl=1.3463 | vl=0.5504 | behavior=6.5277 | curv_reg=0.623299 | codes=256/256/253/256 | c=0.255/0.255/0.255 | beta2=0.9990/0.9906/0.9900 | ips_g=76.9 ips/rk=19.2 | elapsed=531.1s | eta=769.5s
  step  41256/100000 | loss=3.1994 | rl=1.3451 | vl=0.5381 | behavior=6.5649 | curv_reg=0.623299 | codes=256/256/254/256 | c=0.257/0.257/0.257 | beta2=0.9990/0.9906/0.9900 | ips_g=77.0 ips/rk=19.2 | elapsed=536.1s | eta=763.4s
  step  41660/100000 | loss=3.2098 | rl=1.3533 | vl=0.5525 | behavior=6.5042 | curv_reg=0.623299 | codes=256/256/255/256 | c=0.258/0.258/0.258 | beta2=0.9990/0.9906/0.9900 | ips_g=77.0 ips/rk=19.2 | elapsed=541.1s | eta=757.8s
  step  42080/100000 | loss=3.1642 | rl=1.3389 | vl=0.5087 | behavior=6.5673 | curv_reg=0.623299 | codes=255/256/254/256 | c=0.260/0.260/0.260 | beta2=0.9990/0.9906/0.9900 | ips_g=77.0 ips/rk=19.3 | elapsed=546.2s | eta=751.8s
  step  42496/100000 | loss=3.1891 | rl=1.3595 | vl=0.5189 | behavior=6.5381 | curv_reg=0.623299 | codes=256/256/255/256 | c=0.261/0.261/0.261 | beta2=0.9990/0.9906/0.9900 | ips_g=77.1 ips/rk=19.3 | elapsed=551.2s | eta=745.8s
  step  42916/100000 | loss=3.2102 | rl=1.3348 | vl=0.5468 | behavior=6.6274 | curv_reg=0.623299 | codes=256/256/256/256 | c=0.263/0.263/0.263 | beta2=0.9990/0.9906/0.9900 | ips_g=77.2 ips/rk=19.3 | elapsed=556.2s | eta=739.9s
  step  43336/100000 | loss=3.1098 | rl=1.3275 | vl=0.4769 | behavior=6.5118 | curv_reg=0.623299 | codes=256/256/256/256 | c=0.264/0.264/0.264 | beta2=0.9990/0.9906/0.9900 | ips_g=77.2 ips/rk=19.3 | elapsed=561.3s | eta=733.9s
  step  43744/100000 | loss=3.2832 | rl=1.3426 | vl=0.5998 | behavior=6.6882 | curv_reg=0.623299 | codes=256/255/253/256 | c=0.265/0.265/0.265 | beta2=0.9990/0.9906/0.9900 | ips_g=77.3 ips/rk=19.3 | elapsed=566.3s | eta=728.2s
  step  44164/100000 | loss=3.1676 | rl=1.3461 | vl=0.5300 | behavior=6.4417 | curv_reg=0.623299 | codes=256/256/253/256 | c=0.266/0.266/0.266 | beta2=0.9990/0.9906/0.9900 | ips_g=77.3 ips/rk=19.3 | elapsed=571.3s | eta=722.3s
  step  44572/100000 | loss=3.1320 | rl=1.3353 | vl=0.5046 | behavior=6.4448 | curv_reg=0.623299 | codes=256/256/256/256 | c=0.267/0.267/0.267 | beta2=0.9990/0.9906/0.9900 | ips_g=77.3 ips/rk=19.3 | elapsed=576.3s | eta=716.7s
  step  44992/100000 | loss=3.1578 | rl=1.3285 | vl=0.5205 | behavior=6.5284 | curv_reg=0.623299 | codes=256/256/254/256 | c=0.268/0.268/0.268 | beta2=0.9990/0.9906/0.9900 | ips_g=77.4 ips/rk=19.3 | elapsed=581.4s | eta=710.8s
  step  45412/100000 | loss=3.3471 | rl=1.3650 | vl=0.6365 | behavior=6.7124 | curv_reg=0.623299 | codes=256/255/252/256 | c=0.269/0.269/0.269 | beta2=0.9990/0.9906/0.9900 | ips_g=77.4 ips/rk=19.4 | elapsed=586.4s | eta=704.9s
  step  45832/100000 | loss=3.3021 | rl=1.3817 | vl=0.5927 | behavior=6.6231 | curv_reg=0.623299 | codes=256/256/256/256 | c=0.270/0.270/0.270 | beta2=0.9990/0.9906/0.9900 | ips_g=77.5 ips/rk=19.4 | elapsed=591.4s | eta=699.0s
  step  46248/100000 | loss=3.3652 | rl=1.3587 | vl=0.6545 | behavior=6.7450 | curv_reg=0.623299 | codes=256/255/256/256 | c=0.271/0.271/0.271 | beta2=0.9990/0.9906/0.9900 | ips_g=77.5 ips/rk=19.4 | elapsed=596.4s | eta=693.2s
  step  46660/100000 | loss=3.3194 | rl=1.3835 | vl=0.6313 | behavior=6.5077 | curv_reg=0.623299 | codes=256/256/254/256 | c=0.271/0.271/0.271 | beta2=0.9990/0.9906/0.9900 | ips_g=77.6 ips/rk=19.4 | elapsed=601.5s | eta=687.6s
  step  47068/100000 | loss=3.3153 | rl=1.3874 | vl=0.6096 | behavior=6.5753 | curv_reg=0.623299 | codes=256/256/252/256 | c=0.272/0.272/0.272 | beta2=0.9990/0.9906/0.9900 | ips_g=77.6 ips/rk=19.4 | elapsed=606.5s | eta=682.1s
  step  47488/100000 | loss=3.1832 | rl=1.3404 | vl=0.5378 | behavior=6.5096 | curv_reg=0.623299 | codes=255/256/256/256 | c=0.272/0.272/0.272 | beta2=0.9990/0.9906/0.9900 | ips_g=77.7 ips/rk=19.4 | elapsed=611.5s | eta=676.2s
  step  47900/100000 | loss=3.2955 | rl=1.3700 | vl=0.6038 | behavior=6.5926 | curv_reg=0.623299 | codes=256/255/252/256 | c=0.273/0.273/0.273 | beta2=0.9990/0.9906/0.9900 | ips_g=77.7 ips/rk=19.4 | elapsed=616.6s | eta=670.6s
  step  48316/100000 | loss=3.2378 | rl=1.3819 | vl=0.5549 | behavior=6.4892 | curv_reg=0.623299 | codes=256/255/253/256 | c=0.273/0.273/0.273 | beta2=0.9990/0.9906/0.9900 | ips_g=77.7 ips/rk=19.4 | elapsed=621.6s | eta=664.9s
  step  48736/100000 | loss=3.1867 | rl=1.3756 | vl=0.5167 | behavior=6.4564 | curv_reg=0.623299 | codes=256/256/254/256 | c=0.274/0.274/0.274 | beta2=0.9990/0.9906/0.9900 | ips_g=77.8 ips/rk=19.4 | elapsed=626.6s | eta=659.1s
  step  49156/100000 | loss=3.2751 | rl=1.3607 | vl=0.5999 | behavior=6.5573 | curv_reg=0.623299 | codes=256/254/252/256 | c=0.274/0.274/0.274 | beta2=0.9990/0.9906/0.9900 | ips_g=77.8 ips/rk=19.5 | elapsed=631.6s | eta=653.3s
  step  49564/100000 | loss=3.2472 | rl=1.3587 | vl=0.5807 | behavior=6.5234 | curv_reg=0.623299 | codes=256/256/255/256 | c=0.274/0.274/0.274 | beta2=0.9990/0.9906/0.9900 | ips_g=77.9 ips/rk=19.5 | elapsed=636.6s | eta=647.8s
  step  49972/100000 | loss=3.2356 | rl=1.3547 | vl=0.5682 | behavior=6.5483 | curv_reg=0.623299 | codes=256/256/256/256 | c=0.274/0.274/0.274 | beta2=0.9990/0.9906/0.9900 | ips_g=77.9 ips/rk=19.5 | elapsed=641.6s | eta=642.4s
[Step12] saved /home/wlia0047/ar57/wenyu/GeneRec/results/stage2_RQ-VAE/curvature_RQ-VAE_iter40/out/rqvae/instruments/rqvae_best.pth (step=50000)
  [SID save step=50000] wrote raw 3-token SIDs /home/wlia0047/ar57/wenyu/GeneRec/results/stage2_RQ-VAE/curvature_RQ-VAE_iter40/out/rqvae/instruments/sids_raw.npy: shape=(24587, 3)
  [SID metrics step=50000] hitrate@50=0.9972 full_gini=0.0549 per_layer=[0.1430/0.1393/0.1960] unique=23182/24587 l01_pairs=14849 H_l1_given_l0=5.5836
  step  50004/100000 | loss=3.2832 | rl=1.3599 | vl=0.6081 | behavior=6.5604 | curv_reg=0.623299 | codes=256/256/253/256 | c=0.274/0.274/0.274 | beta2=0.9990/0.9906/0.9900 | ips_g=76.5 ips/rk=19.1 | elapsed=653.8s | eta=653.7s
  step  50420/100000 | loss=3.1242 | rl=1.3350 | vl=0.4855 | behavior=6.5030 | curv_reg=0.623299 | codes=255/256/254/256 | c=0.274/0.274/0.274 | beta2=0.9990/0.9906/0.9900 | ips_g=76.5 ips/rk=19.1 | elapsed=658.8s | eta=647.8s
  step  50840/100000 | loss=3.2722 | rl=1.3735 | vl=0.5733 | behavior=6.6114 | curv_reg=0.623299 | codes=256/256/251/256 | c=0.274/0.274/0.274 | beta2=0.9990/0.9906/0.9900 | ips_g=76.6 ips/rk=19.1 | elapsed=663.8s | eta=641.9s
  step  51260/100000 | loss=3.2670 | rl=1.3693 | vl=0.5848 | behavior=6.5486 | curv_reg=0.623299 | codes=256/254/252/256 | c=0.274/0.274/0.274 | beta2=0.9990/0.9906/0.9900 | ips_g=76.6 ips/rk=19.2 | elapsed=668.8s | eta=636.0s
  step  51676/100000 | loss=3.2449 | rl=1.3612 | vl=0.5686 | behavior=6.5598 | curv_reg=0.623299 | codes=256/256/254/256 | c=0.273/0.273/0.273 | beta2=0.9990/0.9906/0.9900 | ips_g=76.7 ips/rk=19.2 | elapsed=673.9s | eta=630.2s
  step  52092/100000 | loss=3.2846 | rl=1.3794 | vl=0.5455 | behavior=6.7828 | curv_reg=0.623299 | codes=255/256/256/256 | c=0.273/0.273/0.273 | beta2=0.9990/0.9906/0.9900 | ips_g=76.7 ips/rk=19.2 | elapsed=678.9s | eta=624.4s
  step  52492/100000 | loss=3.2966 | rl=1.3606 | vl=0.6075 | behavior=6.6266 | curv_reg=0.623299 | codes=256/256/254/256 | c=0.272/0.272/0.272 | beta2=0.9990/0.9906/0.9900 | ips_g=76.8 ips/rk=19.2 | elapsed=683.9s | eta=619.0s
  step  52912/100000 | loss=3.1498 | rl=1.3455 | vl=0.4869 | behavior=6.5716 | curv_reg=0.623299 | codes=256/256/256/256 | c=0.272/0.272/0.272 | beta2=0.9990/0.9906/0.9900 | ips_g=76.8 ips/rk=19.2 | elapsed=688.9s | eta=613.1s
  step  53328/100000 | loss=3.1971 | rl=1.3450 | vl=0.5152 | behavior=6.6683 | curv_reg=0.623299 | codes=255/256/255/256 | c=0.271/0.271/0.271 | beta2=0.9990/0.9906/0.9900 | ips_g=76.8 ips/rk=19.2 | elapsed=693.9s | eta=607.3s
  step  53752/100000 | loss=3.1965 | rl=1.3417 | vl=0.5424 | behavior=6.5464 | curv_reg=0.623299 | codes=256/255/255/256 | c=0.271/0.271/0.271 | beta2=0.9990/0.9906/0.9900 | ips_g=76.9 ips/rk=19.2 | elapsed=699.0s | eta=601.4s
  step  54172/100000 | loss=3.2718 | rl=1.3608 | vl=0.5723 | behavior=6.6782 | curv_reg=0.623299 | codes=256/256/256/256 | c=0.270/0.270/0.270 | beta2=0.9990/0.9906/0.9900 | ips_g=76.9 ips/rk=19.2 | elapsed=704.0s | eta=595.6s
  step  54588/100000 | loss=3.2012 | rl=1.3619 | vl=0.5460 | behavior=6.4513 | curv_reg=0.623299 | codes=256/256/254/256 | c=0.269/0.269/0.269 | beta2=0.9990/0.9906/0.9900 | ips_g=77.0 ips/rk=19.2 | elapsed=709.0s | eta=589.8s
  step  55000/100000 | loss=3.3255 | rl=1.3636 | vl=0.6103 | behavior=6.7419 | curv_reg=0.623299 | codes=256/256/253/256 | c=0.268/0.268/0.268 | beta2=0.9990/0.9906/0.9900 | ips_g=77.0 ips/rk=19.3 | elapsed=714.0s | eta=584.2s
  step  55420/100000 | loss=3.2932 | rl=1.3795 | vl=0.5917 | behavior=6.5950 | curv_reg=0.623299 | codes=256/255/253/256 | c=0.267/0.267/0.267 | beta2=0.9990/0.9906/0.9900 | ips_g=77.1 ips/rk=19.3 | elapsed=719.1s | eta=578.4s
  step  55840/100000 | loss=3.3694 | rl=1.3706 | vl=0.6514 | behavior=6.7214 | curv_reg=0.623299 | codes=256/256/251/256 | c=0.266/0.266/0.266 | beta2=0.9990/0.9906/0.9900 | ips_g=77.1 ips/rk=19.3 | elapsed=724.2s | eta=572.7s
  step  56256/100000 | loss=3.1770 | rl=1.3626 | vl=0.5162 | behavior=6.4755 | curv_reg=0.623299 | codes=256/256/252/256 | c=0.265/0.265/0.265 | beta2=0.9990/0.9906/0.9900 | ips_g=77.1 ips/rk=19.3 | elapsed=729.2s | eta=567.0s
  step  56688/100000 | loss=3.1925 | rl=1.3439 | vl=0.5441 | behavior=6.5064 | curv_reg=0.623299 | codes=256/256/252/256 | c=0.264/0.264/0.264 | beta2=0.9990/0.9906/0.9900 | ips_g=77.2 ips/rk=19.3 | elapsed=734.2s | eta=561.0s
  step  57104/100000 | loss=3.1000 | rl=1.3187 | vl=0.4688 | behavior=6.5469 | curv_reg=0.623299 | codes=254/256/255/256 | c=0.263/0.263/0.263 | beta2=0.9990/0.9906/0.9900 | ips_g=77.2 ips/rk=19.3 | elapsed=739.3s | eta=555.3s
  step  57524/100000 | loss=3.1408 | rl=1.3266 | vl=0.5277 | behavior=6.4175 | curv_reg=0.623299 | codes=256/256/254/256 | c=0.261/0.261/0.261 | beta2=0.9990/0.9906/0.9900 | ips_g=77.3 ips/rk=19.3 | elapsed=744.3s | eta=549.6s
  step  57944/100000 | loss=3.2326 | rl=1.3616 | vl=0.5751 | behavior=6.4641 | curv_reg=0.623299 | codes=256/256/253/256 | c=0.260/0.260/0.260 | beta2=0.9990/0.9906/0.9900 | ips_g=77.3 ips/rk=19.3 | elapsed=749.3s | eta=543.8s
  step  58384/100000 | loss=3.1641 | rl=1.3713 | vl=0.4896 | behavior=6.5004 | curv_reg=0.623299 | codes=256/256/256/256 | c=0.258/0.258/0.258 | beta2=0.9990/0.9906/0.9900 | ips_g=77.4 ips/rk=19.3 | elapsed=754.3s | eta=537.7s
  step  58824/100000 | loss=3.3168 | rl=1.3587 | vl=0.6229 | behavior=6.6602 | curv_reg=0.623299 | codes=256/256/252/256 | c=0.257/0.257/0.257 | beta2=0.9990/0.9906/0.9900 | ips_g=77.5 ips/rk=19.4 | elapsed=759.3s | eta=531.5s
  step  59248/100000 | loss=3.1891 | rl=1.3606 | vl=0.5160 | behavior=6.5466 | curv_reg=0.623299 | codes=256/256/254/256 | c=0.255/0.255/0.255 | beta2=0.9990/0.9906/0.9900 | ips_g=77.5 ips/rk=19.4 | elapsed=764.4s | eta=525.8s
  step  59664/100000 | loss=3.2136 | rl=1.3798 | vl=0.5331 | behavior=6.4880 | curv_reg=0.623299 | codes=256/255/255/256 | c=0.253/0.253/0.253 | beta2=0.9990/0.9906/0.9900 | ips_g=77.5 ips/rk=19.4 | elapsed=769.4s | eta=520.2s
[Step12] saved /home/wlia0047/ar57/wenyu/GeneRec/results/stage2_RQ-VAE/curvature_RQ-VAE_iter40/out/rqvae/instruments/rqvae_best.pth (step=60000)
  [SID save step=60000] wrote raw 3-token SIDs /home/wlia0047/ar57/wenyu/GeneRec/results/stage2_RQ-VAE/curvature_RQ-VAE_iter40/out/rqvae/instruments/sids_raw.npy: shape=(24587, 3)
  [SID metrics step=60000] hitrate@50=0.9972 full_gini=0.0550 per_layer=[0.1322/0.1431/0.1823] unique=23179/24587 l01_pairs=14990 H_l1_given_l0=5.5968
  step  60004/100000 | loss=3.2197 | rl=1.3549 | vl=0.5495 | behavior=6.5608 | curv_reg=0.623299 | codes=256/256/253/256 | c=0.252/0.252/0.252 | beta2=0.9990/0.9906/0.9900 | ips_g=76.4 ips/rk=19.1 | elapsed=785.2s | eta=523.4s
  step  60408/100000 | loss=3.2080 | rl=1.3523 | vl=0.5562 | behavior=6.4823 | curv_reg=0.623299 | codes=256/255/252/256 | c=0.250/0.250/0.250 | beta2=0.9990/0.9906/0.9900 | ips_g=76.4 ips/rk=19.1 | elapsed=790.3s | eta=517.9s
  step  60824/100000 | loss=3.1366 | rl=1.3236 | vl=0.5064 | behavior=6.5180 | curv_reg=0.623299 | codes=256/256/256/256 | c=0.248/0.248/0.248 | beta2=0.9990/0.9906/0.9900 | ips_g=76.5 ips/rk=19.1 | elapsed=795.3s | eta=512.2s
  step  61240/100000 | loss=3.1427 | rl=1.3269 | vl=0.4964 | behavior=6.5817 | curv_reg=0.623299 | codes=256/256/253/256 | c=0.247/0.247/0.247 | beta2=0.9990/0.9906/0.9900 | ips_g=76.5 ips/rk=19.1 | elapsed=800.4s | eta=506.6s
  step  61656/100000 | loss=3.0758 | rl=1.3272 | vl=0.4624 | behavior=6.4151 | curv_reg=0.623299 | codes=255/256/254/256 | c=0.245/0.245/0.245 | beta2=0.9990/0.9906/0.9900 | ips_g=76.6 ips/rk=19.1 | elapsed=805.4s | eta=500.9s
  step  62072/100000 | loss=3.2527 | rl=1.3653 | vl=0.5837 | behavior=6.5029 | curv_reg=0.623299 | codes=256/256/255/256 | c=0.243/0.243/0.243 | beta2=0.9990/0.9906/0.9900 | ips_g=76.6 ips/rk=19.1 | elapsed=810.4s | eta=495.2s
  step  62492/100000 | loss=3.1782 | rl=1.3455 | vl=0.5343 | behavior=6.4764 | curv_reg=0.623299 | codes=256/256/253/256 | c=0.241/0.241/0.241 | beta2=0.9990/0.9906/0.9900 | ips_g=76.6 ips/rk=19.2 | elapsed=815.4s | eta=489.4s
  step  62912/100000 | loss=3.2551 | rl=1.3447 | vl=0.5769 | behavior=6.6518 | curv_reg=0.623299 | codes=256/256/256/256 | c=0.239/0.239/0.239 | beta2=0.9990/0.9906/0.9900 | ips_g=76.7 ips/rk=19.2 | elapsed=820.5s | eta=483.7s
  step  63324/100000 | loss=3.2260 | rl=1.3445 | vl=0.5734 | behavior=6.5251 | curv_reg=0.623299 | codes=256/256/251/256 | c=0.237/0.237/0.237 | beta2=0.9990/0.9906/0.9900 | ips_g=76.7 ips/rk=19.2 | elapsed=825.5s | eta=478.1s
  step  63740/100000 | loss=3.2724 | rl=1.3673 | vl=0.5936 | behavior=6.5421 | curv_reg=0.623299 | codes=256/256/253/256 | c=0.234/0.234/0.234 | beta2=0.9990/0.9906/0.9900 | ips_g=76.7 ips/rk=19.2 | elapsed=830.5s | eta=472.5s
  step  64148/100000 | loss=3.2329 | rl=1.3499 | vl=0.5544 | behavior=6.6270 | curv_reg=0.623299 | codes=256/256/250/256 | c=0.232/0.232/0.232 | beta2=0.9990/0.9906/0.9900 | ips_g=76.8 ips/rk=19.2 | elapsed=835.6s | eta=467.0s
  step  64560/100000 | loss=3.2977 | rl=1.3604 | vl=0.6267 | behavior=6.5377 | curv_reg=0.623299 | codes=256/256/256/256 | c=0.230/0.230/0.230 | beta2=0.9990/0.9906/0.9900 | ips_g=76.8 ips/rk=19.2 | elapsed=840.6s | eta=461.4s
  step  64980/100000 | loss=3.1785 | rl=1.3610 | vl=0.5246 | behavior=6.4488 | curv_reg=0.623299 | codes=256/256/256/256 | c=0.228/0.228/0.228 | beta2=0.9990/0.9906/0.9900 | ips_g=76.8 ips/rk=19.2 | elapsed=845.6s | eta=455.7s
  step  65400/100000 | loss=3.2164 | rl=1.3580 | vl=0.5416 | behavior=6.5686 | curv_reg=0.623299 | codes=256/256/256/256 | c=0.225/0.225/0.225 | beta2=0.9990/0.9906/0.9900 | ips_g=76.9 ips/rk=19.2 | elapsed=850.6s | eta=450.0s
  step  65808/100000 | loss=3.1070 | rl=1.3270 | vl=0.5042 | behavior=6.3636 | curv_reg=0.623299 | codes=255/256/254/256 | c=0.223/0.223/0.223 | beta2=0.9990/0.9906/0.9900 | ips_g=76.9 ips/rk=19.2 | elapsed=855.6s | eta=444.6s
  step  66224/100000 | loss=3.2137 | rl=1.3418 | vl=0.5512 | behavior=6.5881 | curv_reg=0.623299 | codes=256/256/254/256 | c=0.221/0.221/0.221 | beta2=0.9990/0.9906/0.9900 | ips_g=76.9 ips/rk=19.2 | elapsed=860.6s | eta=439.0s
  step  66644/100000 | loss=3.1476 | rl=1.3349 | vl=0.4955 | behavior=6.5705 | curv_reg=0.623299 | codes=255/256/256/256 | c=0.218/0.218/0.218 | beta2=0.9990/0.9906/0.9900 | ips_g=77.0 ips/rk=19.2 | elapsed=865.7s | eta=433.3s
  step  67064/100000 | loss=3.1758 | rl=1.3433 | vl=0.5328 | behavior=6.4825 | curv_reg=0.623299 | codes=256/256/256/256 | c=0.216/0.216/0.216 | beta2=0.9990/0.9906/0.9900 | ips_g=77.0 ips/rk=19.3 | elapsed=870.7s | eta=427.6s
  step  67484/100000 | loss=3.1154 | rl=1.3151 | vl=0.5008 | behavior=6.4817 | curv_reg=0.623299 | codes=256/256/251/256 | c=0.213/0.213/0.213 | beta2=0.9990/0.9906/0.9900 | ips_g=77.1 ips/rk=19.3 | elapsed=875.7s | eta=422.0s
  step  67904/100000 | loss=3.0807 | rl=1.3219 | vl=0.4729 | behavior=6.4133 | curv_reg=0.623299 | codes=256/256/254/256 | c=0.211/0.211/0.211 | beta2=0.9990/0.9906/0.9900 | ips_g=77.1 ips/rk=19.3 | elapsed=880.8s | eta=416.3s
  step  68308/100000 | loss=3.1111 | rl=1.3281 | vl=0.4918 | behavior=6.4403 | curv_reg=0.623299 | codes=256/256/255/256 | c=0.208/0.208/0.208 | beta2=0.9990/0.9906/0.9900 | ips_g=77.1 ips/rk=19.3 | elapsed=885.8s | eta=411.0s
  step  68728/100000 | loss=3.0468 | rl=1.3143 | vl=0.4239 | behavior=6.5272 | curv_reg=0.623299 | codes=256/256/256/256 | c=0.206/0.206/0.206 | beta2=0.9990/0.9906/0.9900 | ips_g=77.2 ips/rk=19.3 | elapsed=890.8s | eta=405.3s
  step  69148/100000 | loss=3.1714 | rl=1.3414 | vl=0.5253 | behavior=6.5075 | curv_reg=0.623299 | codes=256/255/253/256 | c=0.203/0.203/0.203 | beta2=0.9990/0.9906/0.9900 | ips_g=77.2 ips/rk=19.3 | elapsed=895.8s | eta=399.7s
  step  69564/100000 | loss=3.1299 | rl=1.3310 | vl=0.4843 | behavior=6.5570 | curv_reg=0.623299 | codes=256/255/255/256 | c=0.201/0.201/0.201 | beta2=0.9990/0.9906/0.9900 | ips_g=77.2 ips/rk=19.3 | elapsed=900.9s | eta=394.1s
  step  69984/100000 | loss=3.0859 | rl=1.3132 | vl=0.4905 | behavior=6.3953 | curv_reg=0.623299 | codes=256/256/254/256 | c=0.198/0.198/0.198 | beta2=0.9990/0.9906/0.9900 | ips_g=77.3 ips/rk=19.3 | elapsed=905.9s | eta=388.5s
[Step12] saved /home/wlia0047/ar57/wenyu/GeneRec/results/stage2_RQ-VAE/curvature_RQ-VAE_iter40/out/rqvae/instruments/rqvae_best.pth (step=70000)
  [SID save step=70000] wrote raw 3-token SIDs /home/wlia0047/ar57/wenyu/GeneRec/results/stage2_RQ-VAE/curvature_RQ-VAE_iter40/out/rqvae/instruments/sids_raw.npy: shape=(24587, 3)
  [SID metrics step=70000] hitrate@50=0.9972 full_gini=0.0537 per_layer=[0.1407/0.1401/0.1494] unique=23211/24587 l01_pairs=15049 H_l1_given_l0=5.6041
  step  70004/100000 | loss=3.0593 | rl=1.2939 | vl=0.4688 | behavior=6.4673 | curv_reg=0.623299 | codes=256/256/255/256 | c=0.198/0.198/0.198 | beta2=0.9990/0.9906/0.9900 | ips_g=76.3 ips/rk=19.1 | elapsed=917.8s | eta=393.2s
  step  70420/100000 | loss=3.1871 | rl=1.3281 | vl=0.5527 | behavior=6.5163 | curv_reg=0.623299 | codes=256/256/256/256 | c=0.195/0.195/0.195 | beta2=0.9990/0.9906/0.9900 | ips_g=76.3 ips/rk=19.1 | elapsed=922.8s | eta=387.6s
  step  70840/100000 | loss=3.1089 | rl=1.3189 | vl=0.4727 | behavior=6.5710 | curv_reg=0.623299 | codes=256/256/256/256 | c=0.193/0.193/0.193 | beta2=0.9990/0.9906/0.9900 | ips_g=76.4 ips/rk=19.1 | elapsed=927.8s | eta=381.9s
  step  71244/100000 | loss=3.1154 | rl=1.2956 | vl=0.5006 | behavior=6.5805 | curv_reg=0.623299 | codes=256/255/255/256 | c=0.190/0.190/0.190 | beta2=0.9990/0.9906/0.9900 | ips_g=76.4 ips/rk=19.1 | elapsed=932.8s | eta=376.5s
  step  71660/100000 | loss=3.1857 | rl=1.3267 | vl=0.5403 | behavior=6.5781 | curv_reg=0.623299 | codes=256/256/254/256 | c=0.188/0.188/0.188 | beta2=0.9990/0.9906/0.9900 | ips_g=76.4 ips/rk=19.1 | elapsed=937.8s | eta=370.9s
  step  72080/100000 | loss=3.1343 | rl=1.3288 | vl=0.4916 | behavior=6.5541 | curv_reg=0.623299 | codes=256/256/255/256 | c=0.185/0.185/0.185 | beta2=0.9990/0.9906/0.9900 | ips_g=76.4 ips/rk=19.1 | elapsed=942.9s | eta=365.2s
  step  72480/100000 | loss=3.0199 | rl=1.2918 | vl=0.4414 | behavior=6.4176 | curv_reg=0.623299 | codes=255/255/255/256 | c=0.182/0.182/0.182 | beta2=0.9990/0.9906/0.9900 | ips_g=76.5 ips/rk=19.1 | elapsed=947.9s | eta=359.9s
  step  72900/100000 | loss=3.0639 | rl=1.3095 | vl=0.4555 | behavior=6.4793 | curv_reg=0.623299 | codes=256/256/255/256 | c=0.180/0.180/0.180 | beta2=0.9990/0.9906/0.9900 | ips_g=76.5 ips/rk=19.1 | elapsed=952.9s | eta=354.2s
  step  73300/100000 | loss=3.0985 | rl=1.3324 | vl=0.4704 | behavior=6.4633 | curv_reg=0.623299 | codes=256/256/256/256 | c=0.177/0.177/0.177 | beta2=0.9990/0.9906/0.9900 | ips_g=76.5 ips/rk=19.1 | elapsed=957.9s | eta=348.9s
  step  73700/100000 | loss=3.1541 | rl=1.3287 | vl=0.5174 | behavior=6.5239 | curv_reg=0.623299 | codes=256/256/255/256 | c=0.175/0.175/0.175 | beta2=0.9990/0.9906/0.9900 | ips_g=76.5 ips/rk=19.1 | elapsed=962.9s | eta=343.6s
  step  74120/100000 | loss=3.0151 | rl=1.2971 | vl=0.4440 | behavior=6.3544 | curv_reg=0.623299 | codes=254/255/254/256 | c=0.172/0.172/0.172 | beta2=0.9990/0.9906/0.9900 | ips_g=76.6 ips/rk=19.1 | elapsed=968.0s | eta=338.0s
  step  74536/100000 | loss=3.1123 | rl=1.3099 | vl=0.5018 | behavior=6.4877 | curv_reg=0.623299 | codes=256/256/256/256 | c=0.169/0.169/0.169 | beta2=0.9990/0.9906/0.9900 | ips_g=76.6 ips/rk=19.2 | elapsed=973.0s | eta=332.4s
  step  74956/100000 | loss=3.0646 | rl=1.2940 | vl=0.4564 | behavior=6.5554 | curv_reg=0.623299 | codes=256/255/256/256 | c=0.167/0.167/0.167 | beta2=0.9990/0.9906/0.9900 | ips_g=76.6 ips/rk=19.2 | elapsed=978.0s | eta=326.8s
  step  75376/100000 | loss=3.0526 | rl=1.3081 | vl=0.4624 | behavior=6.3947 | curv_reg=0.623299 | codes=256/256/255/256 | c=0.164/0.164/0.164 | beta2=0.9990/0.9906/0.9900 | ips_g=76.7 ips/rk=19.2 | elapsed=983.0s | eta=321.1s
  step  75796/100000 | loss=3.0099 | rl=1.2895 | vl=0.4121 | behavior=6.5262 | curv_reg=0.623299 | codes=256/255/256/256 | c=0.161/0.161/0.161 | beta2=0.9990/0.9906/0.9900 | ips_g=76.7 ips/rk=19.2 | elapsed=988.1s | eta=315.5s
  step  76216/100000 | loss=3.0126 | rl=1.3114 | vl=0.4259 | behavior=6.3610 | curv_reg=0.623299 | codes=256/255/253/256 | c=0.159/0.159/0.159 | beta2=0.9990/0.9906/0.9900 | ips_g=76.7 ips/rk=19.2 | elapsed=993.1s | eta=309.9s
  step  76616/100000 | loss=3.0774 | rl=1.3124 | vl=0.4576 | behavior=6.5213 | curv_reg=0.623299 | codes=256/256/256/256 | c=0.156/0.156/0.156 | beta2=0.9990/0.9906/0.9900 | ips_g=76.8 ips/rk=19.2 | elapsed=998.1s | eta=304.6s
  step  77040/100000 | loss=3.1672 | rl=1.3219 | vl=0.5338 | behavior=6.5418 | curv_reg=0.623299 | codes=256/256/256/256 | c=0.154/0.154/0.154 | beta2=0.9990/0.9906/0.9900 | ips_g=76.8 ips/rk=19.2 | elapsed=1003.2s | eta=299.0s
  step  77460/100000 | loss=3.0106 | rl=1.2776 | vl=0.4422 | behavior=6.4384 | curv_reg=0.623299 | codes=256/255/253/256 | c=0.151/0.151/0.151 | beta2=0.9990/0.9906/0.9900 | ips_g=76.8 ips/rk=19.2 | elapsed=1008.2s | eta=293.4s
  step  77880/100000 | loss=3.0586 | rl=1.3204 | vl=0.4515 | behavior=6.4185 | curv_reg=0.623299 | codes=256/256/256/256 | c=0.149/0.149/0.149 | beta2=0.9990/0.9906/0.9900 | ips_g=76.9 ips/rk=19.2 | elapsed=1013.2s | eta=287.8s
  step  78300/100000 | loss=3.0262 | rl=1.2997 | vl=0.4300 | behavior=6.4673 | curv_reg=0.623299 | codes=256/255/256/256 | c=0.146/0.146/0.146 | beta2=0.9990/0.9906/0.9900 | ips_g=76.9 ips/rk=19.2 | elapsed=1018.2s | eta=282.2s
  step  78716/100000 | loss=3.0892 | rl=1.3145 | vl=0.4566 | behavior=6.5747 | curv_reg=0.623299 | codes=256/254/256/256 | c=0.144/0.144/0.144 | beta2=0.9990/0.9906/0.9900 | ips_g=76.9 ips/rk=19.2 | elapsed=1023.2s | eta=276.7s
  step  79124/100000 | loss=3.0737 | rl=1.3114 | vl=0.4648 | behavior=6.4721 | curv_reg=0.623299 | codes=256/256/255/256 | c=0.141/0.141/0.141 | beta2=0.9990/0.9906/0.9900 | ips_g=76.9 ips/rk=19.2 | elapsed=1028.3s | eta=271.3s
  step  79540/100000 | loss=2.9469 | rl=1.2866 | vl=0.3758 | behavior=6.4069 | curv_reg=0.623299 | codes=255/254/256/256 | c=0.139/0.139/0.139 | beta2=0.9990/0.9906/0.9900 | ips_g=77.0 ips/rk=19.2 | elapsed=1033.3s | eta=265.8s
  step  79960/100000 | loss=2.9805 | rl=1.3049 | vl=0.4152 | behavior=6.2860 | curv_reg=0.623299 | codes=256/255/256/256 | c=0.136/0.136/0.136 | beta2=0.9990/0.9906/0.9900 | ips_g=77.0 ips/rk=19.3 | elapsed=1038.3s | eta=260.2s
[Step12] saved /home/wlia0047/ar57/wenyu/GeneRec/results/stage2_RQ-VAE/curvature_RQ-VAE_iter40/out/rqvae/instruments/rqvae_best.pth (step=80000)
  [SID save step=80000] wrote raw 3-token SIDs /home/wlia0047/ar57/wenyu/GeneRec/results/stage2_RQ-VAE/curvature_RQ-VAE_iter40/out/rqvae/instruments/sids_raw.npy: shape=(24587, 3)
  [SID metrics step=80000] hitrate@50=0.9972 full_gini=0.0543 per_layer=[0.1622/0.1785/0.1731] unique=23194/24587 l01_pairs=14892 H_l1_given_l0=5.6081
  step  80004/100000 | loss=3.1687 | rl=1.3338 | vl=0.5118 | behavior=6.6004 | curv_reg=0.623299 | codes=255/256/256/256 | c=0.136/0.136/0.136 | beta2=0.9990/0.9906/0.9900 | ips_g=76.2 ips/rk=19.0 | elapsed=1050.5s | eta=262.6s
  step  80424/100000 | loss=3.0503 | rl=1.3020 | vl=0.4477 | behavior=6.4875 | curv_reg=0.623299 | codes=255/256/254/256 | c=0.133/0.133/0.133 | beta2=0.9990/0.9906/0.9900 | ips_g=76.2 ips/rk=19.0 | elapsed=1055.5s | eta=256.9s
  step  80836/100000 | loss=2.9729 | rl=1.2863 | vl=0.4101 | behavior=6.3668 | curv_reg=0.623299 | codes=256/256/255/256 | c=0.131/0.131/0.131 | beta2=0.9990/0.9906/0.9900 | ips_g=76.2 ips/rk=19.1 | elapsed=1060.5s | eta=251.4s
  step  81256/100000 | loss=3.0516 | rl=1.2817 | vl=0.4662 | behavior=6.5029 | curv_reg=0.623299 | codes=256/255/255/256 | c=0.129/0.129/0.129 | beta2=0.9990/0.9906/0.9900 | ips_g=76.3 ips/rk=19.1 | elapsed=1065.6s | eta=245.8s
  step  81668/100000 | loss=3.1083 | rl=1.3022 | vl=0.4941 | behavior=6.5445 | curv_reg=0.623299 | codes=256/256/256/256 | c=0.126/0.126/0.126 | beta2=0.9990/0.9906/0.9900 | ips_g=76.3 ips/rk=19.1 | elapsed=1070.6s | eta=240.3s
  step  82084/100000 | loss=3.0350 | rl=1.2991 | vl=0.4324 | behavior=6.5021 | curv_reg=0.623299 | codes=255/254/256/256 | c=0.124/0.124/0.124 | beta2=0.9990/0.9906/0.9900 | ips_g=76.3 ips/rk=19.1 | elapsed=1075.6s | eta=234.8s
  step  82504/100000 | loss=3.0651 | rl=1.3074 | vl=0.4328 | behavior=6.6087 | curv_reg=0.623299 | codes=256/256/255/256 | c=0.122/0.122/0.122 | beta2=0.9990/0.9906/0.9900 | ips_g=76.3 ips/rk=19.1 | elapsed=1080.6s | eta=229.2s
  step  82920/100000 | loss=2.9688 | rl=1.2803 | vl=0.4053 | behavior=6.4003 | curv_reg=0.623299 | codes=255/256/256/256 | c=0.119/0.119/0.119 | beta2=0.9990/0.9906/0.9900 | ips_g=76.4 ips/rk=19.1 | elapsed=1085.7s | eta=223.6s
  step  83344/100000 | loss=2.9919 | rl=1.2850 | vl=0.3981 | behavior=6.5280 | curv_reg=0.623299 | codes=256/255/255/256 | c=0.117/0.117/0.117 | beta2=0.9990/0.9906/0.9900 | ips_g=76.4 ips/rk=19.1 | elapsed=1090.7s | eta=218.0s
  step  83776/100000 | loss=2.9741 | rl=1.2888 | vl=0.4164 | behavior=6.3286 | curv_reg=0.623299 | codes=255/256/255/256 | c=0.115/0.115/0.115 | beta2=0.9990/0.9906/0.9900 | ips_g=76.5 ips/rk=19.1 | elapsed=1095.7s | eta=212.2s
  step  84200/100000 | loss=2.9930 | rl=1.2652 | vl=0.4363 | behavior=6.4415 | curv_reg=0.623299 | codes=255/255/256/256 | c=0.112/0.112/0.112 | beta2=0.9990/0.9906/0.9900 | ips_g=76.5 ips/rk=19.1 | elapsed=1100.7s | eta=206.6s
  step  84604/100000 | loss=2.9730 | rl=1.2767 | vl=0.3889 | behavior=6.5212 | curv_reg=0.623299 | codes=255/254/255/256 | c=0.110/0.110/0.110 | beta2=0.9990/0.9906/0.9900 | ips_g=76.5 ips/rk=19.1 | elapsed=1105.7s | eta=201.2s
  step  85032/100000 | loss=2.9965 | rl=1.2855 | vl=0.4112 | behavior=6.4835 | curv_reg=0.623299 | codes=256/256/256/256 | c=0.108/0.108/0.108 | beta2=0.9990/0.9906/0.9900 | ips_g=76.6 ips/rk=19.1 | elapsed=1110.8s | eta=195.5s
  step  85468/100000 | loss=2.9576 | rl=1.2665 | vl=0.4238 | behavior=6.3208 | curv_reg=0.623299 | codes=256/256/255/256 | c=0.106/0.106/0.106 | beta2=0.9990/0.9906/0.9900 | ips_g=76.6 ips/rk=19.1 | elapsed=1115.8s | eta=189.7s
  step  85888/100000 | loss=2.8405 | rl=1.2416 | vl=0.3322 | behavior=6.3174 | curv_reg=0.623299 | codes=253/255/255/256 | c=0.104/0.104/0.104 | beta2=0.9990/0.9906/0.9900 | ips_g=76.6 ips/rk=19.2 | elapsed=1120.9s | eta=184.2s
  step  86304/100000 | loss=2.9403 | rl=1.2702 | vl=0.3741 | behavior=6.4649 | curv_reg=0.623299 | codes=256/256/252/256 | c=0.102/0.102/0.102 | beta2=0.9990/0.9906/0.9900 | ips_g=76.7 ips/rk=19.2 | elapsed=1125.9s | eta=178.7s
  step  86724/100000 | loss=2.9832 | rl=1.2838 | vl=0.3952 | behavior=6.5054 | curv_reg=0.623299 | codes=256/256/255/256 | c=0.100/0.100/0.100 | beta2=0.9990/0.9906/0.9900 | ips_g=76.7 ips/rk=19.2 | elapsed=1130.9s | eta=173.1s
  step  87132/100000 | loss=2.9809 | rl=1.2966 | vl=0.4186 | behavior=6.3126 | curv_reg=0.623299 | codes=255/256/256/256 | c=0.098/0.098/0.098 | beta2=0.9990/0.9906/0.9900 | ips_g=76.7 ips/rk=19.2 | elapsed=1136.0s | eta=167.8s
  step  87552/100000 | loss=2.9797 | rl=1.2761 | vl=0.4146 | behavior=6.4295 | curv_reg=0.623299 | codes=255/255/256/256 | c=0.096/0.096/0.096 | beta2=0.9990/0.9906/0.9900 | ips_g=76.7 ips/rk=19.2 | elapsed=1141.0s | eta=162.2s
  step  87968/100000 | loss=3.0359 | rl=1.2812 | vl=0.4475 | behavior=6.5202 | curv_reg=0.623299 | codes=256/255/255/256 | c=0.094/0.094/0.094 | beta2=0.9990/0.9906/0.9900 | ips_g=76.8 ips/rk=19.2 | elapsed=1146.0s | eta=156.7s
  step  88384/100000 | loss=2.9522 | rl=1.2641 | vl=0.4088 | behavior=6.3809 | curv_reg=0.623299 | codes=256/255/255/256 | c=0.092/0.092/0.092 | beta2=0.9990/0.9906/0.9900 | ips_g=76.8 ips/rk=19.2 | elapsed=1151.0s | eta=151.3s
  step  88800/100000 | loss=2.9158 | rl=1.2748 | vl=0.3798 | behavior=6.2907 | curv_reg=0.623299 | codes=255/255/253/256 | c=0.090/0.090/0.090 | beta2=0.9990/0.9906/0.9900 | ips_g=76.8 ips/rk=19.2 | elapsed=1156.0s | eta=145.8s
  step  89212/100000 | loss=2.9684 | rl=1.2994 | vl=0.3841 | behavior=6.4085 | curv_reg=0.623299 | codes=255/255/254/256 | c=0.088/0.088/0.088 | beta2=0.9990/0.9906/0.9900 | ips_g=76.8 ips/rk=19.2 | elapsed=1161.0s | eta=140.4s
  step  89620/100000 | loss=2.9720 | rl=1.2831 | vl=0.3925 | behavior=6.4660 | curv_reg=0.623299 | codes=253/254/255/256 | c=0.086/0.086/0.086 | beta2=0.9990/0.9906/0.9900 | ips_g=76.9 ips/rk=19.2 | elapsed=1166.0s | eta=135.1s
[Step12] saved /home/wlia0047/ar57/wenyu/GeneRec/results/stage2_RQ-VAE/curvature_RQ-VAE_iter40/out/rqvae/instruments/rqvae_best.pth (step=90000)
  [SID save step=90000] wrote raw 3-token SIDs /home/wlia0047/ar57/wenyu/GeneRec/results/stage2_RQ-VAE/curvature_RQ-VAE_iter40/out/rqvae/instruments/sids_raw.npy: shape=(24587, 3)
  [SID metrics step=90000] hitrate@50=0.9970 full_gini=0.0566 per_layer=[0.1736/0.2023/0.2090] unique=23137/24587 l01_pairs=14931 H_l1_given_l0=5.6184
  step  90004/100000 | loss=3.0038 | rl=1.2607 | vl=0.4311 | behavior=6.5440 | curv_reg=0.623299 | codes=256/256/255/256 | c=0.085/0.085/0.085 | beta2=0.9990/0.9906/0.9900 | ips_g=76.1 ips/rk=19.0 | elapsed=1182.3s | eta=131.3s
  step  90424/100000 | loss=2.9262 | rl=1.2645 | vl=0.3763 | behavior=6.4116 | curv_reg=0.623299 | codes=256/255/254/256 | c=0.083/0.083/0.083 | beta2=0.9990/0.9906/0.9900 | ips_g=76.2 ips/rk=19.0 | elapsed=1187.3s | eta=125.7s
  step  90840/100000 | loss=2.9733 | rl=1.2637 | vl=0.4108 | behavior=6.4784 | curv_reg=0.623299 | codes=256/255/256/256 | c=0.081/0.081/0.081 | beta2=0.9990/0.9906/0.9900 | ips_g=76.2 ips/rk=19.0 | elapsed=1192.3s | eta=120.2s
  step  91260/100000 | loss=2.9451 | rl=1.2590 | vl=0.3862 | behavior=6.4842 | curv_reg=0.623299 | codes=256/255/256/256 | c=0.079/0.079/0.079 | beta2=0.9990/0.9906/0.9900 | ips_g=76.2 ips/rk=19.1 | elapsed=1197.4s | eta=114.7s
  step  91636/100000 | loss=2.9229 | rl=1.2553 | vl=0.3728 | behavior=6.4587 | curv_reg=0.623299 | codes=256/255/254/256 | c=0.078/0.078/0.078 | beta2=0.9990/0.9906/0.9900 | ips_g=76.2 ips/rk=19.1 | elapsed=1202.4s | eta=109.7s
  step  92056/100000 | loss=2.9838 | rl=1.2679 | vl=0.4273 | behavior=6.4274 | curv_reg=0.623299 | codes=255/255/255/256 | c=0.076/0.076/0.076 | beta2=0.9990/0.9906/0.9900 | ips_g=76.2 ips/rk=19.1 | elapsed=1207.4s | eta=104.2s
  step  92456/100000 | loss=2.9938 | rl=1.2783 | vl=0.4200 | behavior=6.4623 | curv_reg=0.623299 | codes=256/254/256/256 | c=0.075/0.075/0.075 | beta2=0.9990/0.9906/0.9900 | ips_g=76.3 ips/rk=19.1 | elapsed=1212.5s | eta=98.9s
  step  92872/100000 | loss=2.9863 | rl=1.2654 | vl=0.4239 | behavior=6.4692 | curv_reg=0.623299 | codes=256/256/256/256 | c=0.073/0.073/0.073 | beta2=0.9990/0.9906/0.9900 | ips_g=76.3 ips/rk=19.1 | elapsed=1217.5s | eta=93.4s
  step  93284/100000 | loss=2.9127 | rl=1.2644 | vl=0.3689 | behavior=6.3818 | curv_reg=0.623299 | codes=254/254/255/256 | c=0.071/0.071/0.071 | beta2=0.9990/0.9906/0.9900 | ips_g=76.3 ips/rk=19.1 | elapsed=1222.5s | eta=88.0s
  step  93700/100000 | loss=2.9588 | rl=1.2743 | vl=0.4046 | behavior=6.3834 | curv_reg=0.623299 | codes=255/255/255/256 | c=0.070/0.070/0.070 | beta2=0.9990/0.9906/0.9900 | ips_g=76.3 ips/rk=19.1 | elapsed=1227.5s | eta=82.5s
  step  94104/100000 | loss=2.9657 | rl=1.2659 | vl=0.4096 | behavior=6.4356 | curv_reg=0.623299 | codes=256/255/255/256 | c=0.068/0.068/0.068 | beta2=0.9990/0.9906/0.9900 | ips_g=76.4 ips/rk=19.1 | elapsed=1232.5s | eta=77.2s
  step  94520/100000 | loss=2.9615 | rl=1.2741 | vl=0.4084 | behavior=6.3794 | curv_reg=0.623299 | codes=256/256/255/256 | c=0.067/0.067/0.067 | beta2=0.9990/0.9906/0.9900 | ips_g=76.4 ips/rk=19.1 | elapsed=1237.5s | eta=71.7s
  step  94936/100000 | loss=2.9862 | rl=1.2745 | vl=0.4369 | behavior=6.3587 | curv_reg=0.623299 | codes=255/255/255/256 | c=0.065/0.065/0.065 | beta2=0.9990/0.9906/0.9900 | ips_g=76.4 ips/rk=19.1 | elapsed=1242.6s | eta=66.3s
  step  95356/100000 | loss=2.9320 | rl=1.2657 | vl=0.3855 | behavior=6.3889 | curv_reg=0.623299 | codes=254/255/256/256 | c=0.064/0.064/0.064 | beta2=0.9990/0.9906/0.9900 | ips_g=76.4 ips/rk=19.1 | elapsed=1247.6s | eta=60.8s
  step  95772/100000 | loss=2.9787 | rl=1.2719 | vl=0.4158 | behavior=6.4394 | curv_reg=0.623299 | codes=254/254/255/256 | c=0.063/0.063/0.063 | beta2=0.9990/0.9906/0.9900 | ips_g=76.5 ips/rk=19.1 | elapsed=1252.7s | eta=55.3s
  step  96192/100000 | loss=3.0293 | rl=1.2816 | vl=0.4579 | behavior=6.4336 | curv_reg=0.623299 | codes=255/254/254/256 | c=0.061/0.061/0.061 | beta2=0.9990/0.9906/0.9900 | ips_g=76.5 ips/rk=19.1 | elapsed=1257.7s | eta=49.8s
  step  96608/100000 | loss=2.9932 | rl=1.2816 | vl=0.4253 | behavior=6.4164 | curv_reg=0.623299 | codes=255/254/251/256 | c=0.060/0.060/0.060 | beta2=0.9990/0.9906/0.9900 | ips_g=76.5 ips/rk=19.1 | elapsed=1262.7s | eta=44.3s
  step  97020/100000 | loss=2.9358 | rl=1.2563 | vl=0.4033 | behavior=6.3658 | curv_reg=0.623299 | codes=255/254/252/256 | c=0.059/0.059/0.059 | beta2=0.9990/0.9906/0.9900 | ips_g=76.5 ips/rk=19.1 | elapsed=1267.7s | eta=38.9s
  step  97432/100000 | loss=2.9416 | rl=1.2642 | vl=0.4045 | behavior=6.3490 | curv_reg=0.623299 | codes=256/255/254/256 | c=0.057/0.057/0.057 | beta2=0.9990/0.9906/0.9900 | ips_g=76.6 ips/rk=19.1 | elapsed=1272.7s | eta=33.5s
  step  97844/100000 | loss=2.9166 | rl=1.2522 | vl=0.3835 | behavior=6.3886 | curv_reg=0.623299 | codes=254/253/254/256 | c=0.056/0.056/0.056 | beta2=0.9990/0.9906/0.9900 | ips_g=76.6 ips/rk=19.1 | elapsed=1277.8s | eta=28.2s
  step  98260/100000 | loss=2.9334 | rl=1.2524 | vl=0.4016 | behavior=6.3814 | curv_reg=0.623299 | codes=254/254/253/256 | c=0.055/0.055/0.055 | beta2=0.9990/0.9906/0.9900 | ips_g=76.6 ips/rk=19.1 | elapsed=1282.8s | eta=22.7s
  step  98676/100000 | loss=2.9179 | rl=1.2588 | vl=0.3911 | behavior=6.3242 | curv_reg=0.623299 | codes=256/253/255/256 | c=0.054/0.054/0.054 | beta2=0.9990/0.9906/0.9900 | ips_g=76.6 ips/rk=19.2 | elapsed=1287.8s | eta=17.3s
  step  99092/100000 | loss=3.0751 | rl=1.2902 | vl=0.4768 | behavior=6.5244 | curv_reg=0.623299 | codes=256/253/256/256 | c=0.052/0.052/0.052 | beta2=0.9990/0.9906/0.9900 | ips_g=76.6 ips/rk=19.2 | elapsed=1292.8s | eta=11.8s
  step  99508/100000 | loss=3.0179 | rl=1.2840 | vl=0.4488 | behavior=6.4101 | curv_reg=0.623299 | codes=255/255/254/256 | c=0.051/0.051/0.051 | beta2=0.9990/0.9906/0.9900 | ips_g=76.7 ips/rk=19.2 | elapsed=1297.9s | eta=6.4s
  step  99928/100000 | loss=3.0482 | rl=1.2990 | vl=0.4482 | behavior=6.4898 | curv_reg=0.623299 | codes=253/255/256/256 | c=0.050/0.050/0.050 | beta2=0.9990/0.9906/0.9900 | ips_g=76.7 ips/rk=19.2 | elapsed=1302.9s | eta=0.9s
[Step12] saved /home/wlia0047/ar57/wenyu/GeneRec/results/stage2_RQ-VAE/curvature_RQ-VAE_iter40/out/rqvae/instruments/rqvae_best.pth (step=100000)
  [SID save step=100000] wrote raw 3-token SIDs /home/wlia0047/ar57/wenyu/GeneRec/results/stage2_RQ-VAE/curvature_RQ-VAE_iter40/out/rqvae/instruments/sids_raw.npy: shape=(24587, 3)
  [SID metrics step=100000] hitrate@50=0.9967 full_gini=0.0657 per_layer=[0.1845/0.2322/0.2255] unique=22913/24587 l01_pairs=14714 H_l1_given_l0=5.5669
[export] 3-token unique=22913/24587 (collision rows=1674) -> extension 值域 [768, 863] (default=768)
[export] wrote /home/wlia0047/ar57/wenyu/GeneRec/results/stage2_RQ-VAE/curvature_RQ-VAE_iter40/dataset/Instruments/sids_for_hgrec.npy: shape=(24587, 4)
[export] wrote /home/wlia0047/ar57/wenyu/GeneRec/results/stage2_RQ-VAE/curvature_RQ-VAE_iter40/item_sids.json: n_items=24587
[export] SID_WIRING_PASS: 4-token extension npy + JSON 校验通过
[train] done at global_step=100000, total time=1315.9s
