W0926 23:43:53.208455 2827724 /fs04/scratch2/ar57/wenyu/genrec_env_v2/lib/python3.9/site-packages/torch/distributed/run.py:774] 
W0926 23:43:53.208455 2827724 /fs04/scratch2/ar57/wenyu/genrec_env_v2/lib/python3.9/site-packages/torch/distributed/run.py:774] *****************************************
W0926 23:43:53.208455 2827724 /fs04/scratch2/ar57/wenyu/genrec_env_v2/lib/python3.9/site-packages/torch/distributed/run.py:774] Setting OMP_NUM_THREADS environment variable for each process to be 1 in default, to avoid your system being overloaded, please further tune the variable for optimal performance in your application as needed. 
W0926 23:43:53.208455 2827724 /fs04/scratch2/ar57/wenyu/genrec_env_v2/lib/python3.9/site-packages/torch/distributed/run.py:774] *****************************************
[Step3] DDP rank=0/4 local_rank=0
[Step0] cleaned 0 stale artifact(s) from /home/wlia0047/ar57/wenyu/GeneRec/results/stage2_RQ-VAE/curvature_RQ-VAE_iter28/out/rqvae/instruments
=== RQ-VAE Step1-Step12 训练循环 (world_size=4) ===
[Step1] emb: /home/wlia0047/ar57/wenyu/GeneRec/stage1_GeneEmbedding/output/sentence_t5.npy
[Step1] out: /home/wlia0047/ar57/wenyu/GeneRec/results/stage2_RQ-VAE/curvature_RQ-VAE_iter28/out/rqvae/instruments
[Step1] per-GPU batch=640 | total=2560 | workers=4 | compile=False
[Step1] hidden=[512, 256, 128] embed=32 codebook=256 layers=3
[Step1] target: MAX_GLOBAL_STEPS=100000 | ckpt every 10000
[Step2] loaded /home/wlia0047/ar57/wenyu/GeneRec/stage1_GeneEmbedding/output/sentence_t5.npy: shape=(24587, 768), train transitions=339519, active sources=24474/24587
[Step2] 24587 items | 9 batches/rank | 36 batches/epoch
[Step4] WARN: 未找到 /home/wlia0047/ar57/wenyu/GeneRec/results/stage2_RQ-VAE/curvature_RQ-VAE_iter28/out/decoder/instruments_hgrec_configs/hgrec_iter28_sinkhorn_riemannian_ema_codebook/layer_norms.json, 使用 iter1 已记录的残差尺度 [0.001, 0.932889, 1.0]
[Step3.5] residual_layer_norms (per-layer u_l) = [0.0010/0.9329/1.0000] | mechanism=iter28_sinkhorn_riemannian_ema_codebook
[Step4] WARN: 未找到 /home/wlia0047/ar57/wenyu/GeneRec/results/stage2_RQ-VAE/curvature_RQ-VAE_iter28/out/decoder/instruments_hgrec_configs/hgrec_iter28_sinkhorn_riemannian_ema_codebook/layer_norms.json, 使用 iter1 已记录的残差尺度 [0.001, 0.932889, 1.0]
[Step4] WARN: 未找到 /home/wlia0047/ar57/wenyu/GeneRec/results/stage2_RQ-VAE/curvature_RQ-VAE_iter28/out/decoder/instruments_hgrec_configs/hgrec_iter28_sinkhorn_riemannian_ema_codebook/layer_norms.json, 使用 iter1 已记录的残差尺度 [0.001, 0.932889, 1.0]
[Step4] WARN: 未找到 /home/wlia0047/ar57/wenyu/GeneRec/results/stage2_RQ-VAE/curvature_RQ-VAE_iter28/out/decoder/instruments_hgrec_configs/hgrec_iter28_sinkhorn_riemannian_ema_codebook/layer_norms.json, 使用 iter1 已记录的残差尺度 [0.001, 0.932889, 1.0]
[Step4] iter11 warm-start loaded 11 tensors from /home/wlia0047/ar57/wenyu/GeneRec/results/stage2_RQ-VAE/curvature_RQ-VAE_iter8/out/rqvae/instruments/rqvae_best.pth; c_layer_scale re-initialized in (0.001, 0.933, 1.0) for new range
[Step4] params=1146883 | DDP wrapped
[Step5] iter18 curvature-conditioned AdamW beta2: c0=[0.05008510500192642, 0.24432340264320374, 0.27381470799446106] u=[0.001000031998774813, 0.9328889710975931, 0.9998999959094308] beta2=[0.998990999712011, 0.9906039992601217, 0.9900009000368151] lr=0.001 groups=4
[train] start, target=100000 global steps (Step1-Step12 loop)
[Step6] first transition batch ok x=(640, 768) x_fut=(640, 768) device=cuda:0
[Step7] first forward ok sem_ids.shape=(1280, 3)
[Step8] first loss ok loss=2.5994 rl=1.2354 vl=0.1046 behavior=6.2968 curvature_reg=0.000000
[Step9] first backward ok params_with_grad=14
[Step10] first optimizer.step ok
[Step11] first curvature sync step=4 c=[0.050/0.244/0.273]
  step    312/100000 | loss=3.5541 | rl=1.3592 | vl=0.8172 | behavior=6.8882 | curv_reg=0.004458 | codes=253/255/250/256 | c=0.051/0.216/0.242 | beta2=0.9990/0.9906/0.9900 | ips_g=61.9 ips/rk=15.5 | elapsed=5.0s | eta=1610.4s
  step    688/100000 | loss=3.5019 | rl=1.3360 | vl=0.7847 | behavior=6.9060 | curv_reg=0.019882 | codes=256/256/252/256 | c=0.052/0.189/0.211 | beta2=0.9990/0.9906/0.9900 | ips_g=68.4 ips/rk=17.1 | elapsed=10.1s | eta=1452.2s
  step   1068/100000 | loss=3.3084 | rl=1.3046 | vl=0.6583 | behavior=6.7267 | curv_reg=0.044467 | codes=255/256/254/256 | c=0.053/0.167/0.186 | beta2=0.9990/0.9906/0.9900 | ips_g=70.9 ips/rk=17.7 | elapsed=15.1s | eta=1396.0s
  step   1452/100000 | loss=3.4200 | rl=1.3269 | vl=0.7098 | behavior=6.9145 | curv_reg=0.078034 | codes=254/256/256/256 | c=0.054/0.148/0.164 | beta2=0.9990/0.9906/0.9900 | ips_g=72.3 ips/rk=18.1 | elapsed=20.1s | eta=1363.3s
  step   1816/100000 | loss=3.3054 | rl=1.3046 | vl=0.6308 | behavior=6.8475 | curv_reg=0.116048 | codes=255/256/255/256 | c=0.055/0.133/0.147 | beta2=0.9990/0.9906/0.9900 | ips_g=72.4 ips/rk=18.1 | elapsed=25.1s | eta=1356.7s
  step   2188/100000 | loss=3.2530 | rl=1.3009 | vl=0.5920 | behavior=6.7962 | curv_reg=0.162298 | codes=253/256/255/256 | c=0.056/0.120/0.131 | beta2=0.9990/0.9906/0.9900 | ips_g=72.6 ips/rk=18.2 | elapsed=30.1s | eta=1346.5s
  step   2552/100000 | loss=3.2709 | rl=1.3404 | vl=0.5672 | behavior=6.8110 | curv_reg=0.213630 | codes=255/256/256/256 | c=0.057/0.108/0.118 | beta2=0.9990/0.9906/0.9900 | ips_g=72.6 ips/rk=18.2 | elapsed=35.1s | eta=1341.4s
  step   2928/100000 | loss=3.2253 | rl=1.2892 | vl=0.5809 | behavior=6.7690 | curv_reg=0.272402 | codes=255/255/255/256 | c=0.058/0.098/0.106 | beta2=0.9990/0.9906/0.9900 | ips_g=73.0 ips/rk=18.2 | elapsed=40.1s | eta=1330.6s
  step   3312/100000 | loss=3.2138 | rl=1.3048 | vl=0.5583 | behavior=6.7450 | curv_reg=0.339020 | codes=255/254/252/256 | c=0.060/0.088/0.095 | beta2=0.9990/0.9906/0.9900 | ips_g=73.4 ips/rk=18.3 | elapsed=45.1s | eta=1318.0s
  step   3688/100000 | loss=3.1711 | rl=1.3054 | vl=0.5157 | behavior=6.7392 | curv_reg=0.407985 | codes=254/256/253/256 | c=0.061/0.080/0.086 | beta2=0.9990/0.9906/0.9900 | ips_g=73.5 ips/rk=18.4 | elapsed=50.2s | eta=1310.3s
  step   4072/100000 | loss=3.2482 | rl=1.3382 | vl=0.5723 | behavior=6.6762 | curv_reg=0.479924 | codes=254/255/253/256 | c=0.062/0.073/0.078 | beta2=0.9990/0.9906/0.9900 | ips_g=73.7 ips/rk=18.4 | elapsed=55.2s | eta=1301.4s
  step   4452/100000 | loss=3.1977 | rl=1.2899 | vl=0.5497 | behavior=6.7763 | curv_reg=0.561773 | codes=254/255/256/256 | c=0.063/0.067/0.070 | beta2=0.9990/0.9906/0.9900 | ips_g=73.9 ips/rk=18.5 | elapsed=60.2s | eta=1292.9s
  step   4840/100000 | loss=3.2401 | rl=1.3287 | vl=0.5519 | behavior=6.7816 | curv_reg=0.623299 | codes=255/255/256/256 | c=0.065/0.065/0.065 | beta2=0.9990/0.9906/0.9900 | ips_g=74.2 ips/rk=18.5 | elapsed=65.3s | eta=1283.3s
  step   5228/100000 | loss=3.1951 | rl=1.3198 | vl=0.5088 | behavior=6.8171 | curv_reg=0.623299 | codes=252/254/255/256 | c=0.066/0.066/0.066 | beta2=0.9990/0.9906/0.9900 | ips_g=74.4 ips/rk=18.6 | elapsed=70.3s | eta=1274.0s
  step   5620/100000 | loss=3.1570 | rl=1.3011 | vl=0.5006 | behavior=6.7611 | curv_reg=0.623299 | codes=253/255/251/256 | c=0.067/0.067/0.067 | beta2=0.9990/0.9906/0.9900 | ips_g=74.6 ips/rk=18.6 | elapsed=75.3s | eta=1265.2s
  step   6012/100000 | loss=3.2012 | rl=1.3132 | vl=0.5442 | behavior=6.7034 | curv_reg=0.623299 | codes=253/254/256/256 | c=0.069/0.069/0.069 | beta2=0.9990/0.9906/0.9900 | ips_g=74.8 ips/rk=18.7 | elapsed=80.4s | eta=1256.4s
  step   6396/100000 | loss=3.0873 | rl=1.2934 | vl=0.4788 | behavior=6.5597 | curv_reg=0.623299 | codes=253/256/253/256 | c=0.070/0.070/0.070 | beta2=0.9990/0.9906/0.9900 | ips_g=74.9 ips/rk=18.7 | elapsed=85.4s | eta=1249.8s
  step   6776/100000 | loss=3.1944 | rl=1.3121 | vl=0.5437 | behavior=6.6774 | curv_reg=0.623299 | codes=252/254/256/256 | c=0.072/0.072/0.072 | beta2=0.9990/0.9906/0.9900 | ips_g=75.0 ips/rk=18.7 | elapsed=90.4s | eta=1243.7s
  step   7152/100000 | loss=3.1503 | rl=1.3049 | vl=0.5082 | behavior=6.6707 | curv_reg=0.623299 | codes=252/254/254/256 | c=0.073/0.073/0.073 | beta2=0.9990/0.9906/0.9900 | ips_g=74.9 ips/rk=18.7 | elapsed=95.4s | eta=1238.9s
  step   7532/100000 | loss=3.0530 | rl=1.2877 | vl=0.4456 | behavior=6.5829 | curv_reg=0.623299 | codes=248/251/251/256 | c=0.075/0.075/0.075 | beta2=0.9990/0.9906/0.9900 | ips_g=75.0 ips/rk=18.7 | elapsed=100.4s | eta=1233.2s
  step   7912/100000 | loss=3.2450 | rl=1.3056 | vl=0.5654 | behavior=6.8548 | curv_reg=0.623299 | codes=256/256/254/256 | c=0.076/0.076/0.076 | beta2=0.9990/0.9906/0.9900 | ips_g=75.0 ips/rk=18.8 | elapsed=105.5s | eta=1227.5s
  step   8288/100000 | loss=3.1623 | rl=1.3061 | vl=0.5258 | behavior=6.6363 | curv_reg=0.623299 | codes=255/256/256/256 | c=0.077/0.077/0.077 | beta2=0.9990/0.9906/0.9900 | ips_g=75.0 ips/rk=18.8 | elapsed=110.5s | eta=1222.4s
  step   8668/100000 | loss=3.2154 | rl=1.3293 | vl=0.5288 | behavior=6.7709 | curv_reg=0.623299 | codes=253/254/256/256 | c=0.079/0.079/0.079 | beta2=0.9990/0.9906/0.9900 | ips_g=75.1 ips/rk=18.8 | elapsed=115.5s | eta=1216.9s
  step   9044/100000 | loss=3.0768 | rl=1.2888 | vl=0.4573 | behavior=6.6383 | curv_reg=0.623299 | codes=250/252/254/256 | c=0.081/0.081/0.081 | beta2=0.9990/0.9906/0.9900 | ips_g=75.1 ips/rk=18.8 | elapsed=120.5s | eta=1211.8s
  step   9424/100000 | loss=3.1782 | rl=1.2972 | vl=0.5289 | behavior=6.7450 | curv_reg=0.623299 | codes=255/253/256/256 | c=0.082/0.082/0.082 | beta2=0.9990/0.9906/0.9900 | ips_g=75.1 ips/rk=18.8 | elapsed=125.5s | eta=1206.4s
  step   9796/100000 | loss=3.1173 | rl=1.3024 | vl=0.4905 | behavior=6.6067 | curv_reg=0.623299 | codes=252/251/254/256 | c=0.084/0.084/0.084 | beta2=0.9990/0.9906/0.9900 | ips_g=75.0 ips/rk=18.8 | elapsed=130.6s | eta=1202.5s
[Step12] saved /home/wlia0047/ar57/wenyu/GeneRec/results/stage2_RQ-VAE/curvature_RQ-VAE_iter28/out/rqvae/instruments/rqvae_best.pth (step=10000)
  [SID save step=10000] wrote raw 3-token SIDs /home/wlia0047/ar57/wenyu/GeneRec/results/stage2_RQ-VAE/curvature_RQ-VAE_iter28/out/rqvae/instruments/sids_raw.npy: shape=(24587, 3)
  [SID metrics step=10000] hitrate@50=0.9961 full_gini=0.0650 per_layer=[0.2583/0.2270/0.1799] unique=22919/24587 l01_pairs=13999 H_l1_given_l0=5.5445
  step  10004/100000 | loss=3.1243 | rl=1.3204 | vl=0.4787 | behavior=6.6104 | curv_reg=0.623299 | codes=249/254/255/256 | c=0.085/0.085/0.085 | beta2=0.9990/0.9906/0.9900 | ips_g=69.0 ips/rk=17.2 | elapsed=145.1s | eta=1305.1s
  step  10372/100000 | loss=3.1440 | rl=1.2948 | vl=0.5133 | behavior=6.6640 | curv_reg=0.623299 | codes=253/256/254/256 | c=0.086/0.086/0.086 | beta2=0.9990/0.9906/0.9900 | ips_g=69.1 ips/rk=17.3 | elapsed=150.1s | eta=1297.2s
  step  10744/100000 | loss=3.1749 | rl=1.2946 | vl=0.5430 | behavior=6.6710 | curv_reg=0.623299 | codes=256/254/254/256 | c=0.088/0.088/0.088 | beta2=0.9990/0.9906/0.9900 | ips_g=69.2 ips/rk=17.3 | elapsed=155.2s | eta=1288.9s
  step  11112/100000 | loss=3.2447 | rl=1.3414 | vl=0.5612 | behavior=6.6947 | curv_reg=0.623299 | codes=253/256/255/256 | c=0.089/0.089/0.089 | beta2=0.9990/0.9906/0.9900 | ips_g=69.4 ips/rk=17.3 | elapsed=160.2s | eta=1281.2s
  step  11496/100000 | loss=3.1778 | rl=1.3277 | vl=0.5114 | behavior=6.6779 | curv_reg=0.623299 | codes=256/253/251/256 | c=0.091/0.091/0.091 | beta2=0.9990/0.9906/0.9900 | ips_g=69.6 ips/rk=17.4 | elapsed=165.2s | eta=1271.9s
  step  11876/100000 | loss=3.1511 | rl=1.2854 | vl=0.5358 | behavior=6.6337 | curv_reg=0.623299 | codes=255/254/254/256 | c=0.093/0.093/0.093 | beta2=0.9990/0.9906/0.9900 | ips_g=69.8 ips/rk=17.4 | elapsed=170.2s | eta=1263.2s
  step  12244/100000 | loss=3.1660 | rl=1.3094 | vl=0.5206 | behavior=6.6646 | curv_reg=0.623299 | codes=253/253/255/256 | c=0.095/0.095/0.095 | beta2=0.9990/0.9906/0.9900 | ips_g=69.9 ips/rk=17.5 | elapsed=175.2s | eta=1256.0s
  step  12604/100000 | loss=3.1419 | rl=1.2937 | vl=0.5304 | behavior=6.5736 | curv_reg=0.623299 | codes=254/256/254/256 | c=0.096/0.096/0.096 | beta2=0.9990/0.9906/0.9900 | ips_g=69.9 ips/rk=17.5 | elapsed=180.3s | eta=1250.0s
  step  12976/100000 | loss=3.1892 | rl=1.3084 | vl=0.5404 | behavior=6.6865 | curv_reg=0.623299 | codes=252/255/256/256 | c=0.098/0.098/0.098 | beta2=0.9990/0.9906/0.9900 | ips_g=70.0 ips/rk=17.5 | elapsed=185.3s | eta=1242.7s
  step  13356/100000 | loss=3.1454 | rl=1.3159 | vl=0.5113 | behavior=6.5756 | curv_reg=0.623299 | codes=256/254/255/256 | c=0.100/0.100/0.100 | beta2=0.9990/0.9906/0.9900 | ips_g=70.2 ips/rk=17.5 | elapsed=190.3s | eta=1234.7s
  step  13732/100000 | loss=3.1352 | rl=1.3175 | vl=0.4951 | behavior=6.5970 | curv_reg=0.623299 | codes=252/254/253/256 | c=0.102/0.102/0.102 | beta2=0.9990/0.9906/0.9900 | ips_g=70.3 ips/rk=17.6 | elapsed=195.3s | eta=1227.2s
  step  14112/100000 | loss=3.1602 | rl=1.3177 | vl=0.5022 | behavior=6.6857 | curv_reg=0.623299 | codes=255/256/255/256 | c=0.104/0.104/0.104 | beta2=0.9990/0.9906/0.9900 | ips_g=70.4 ips/rk=17.6 | elapsed=200.3s | eta=1219.4s
  step  14492/100000 | loss=3.1384 | rl=1.2968 | vl=0.4990 | behavior=6.6971 | curv_reg=0.623299 | codes=255/256/256/256 | c=0.106/0.106/0.106 | beta2=0.9990/0.9906/0.9900 | ips_g=70.6 ips/rk=17.6 | elapsed=205.4s | eta=1211.7s
  step  14872/100000 | loss=3.1444 | rl=1.3077 | vl=0.5077 | behavior=6.6299 | curv_reg=0.623299 | codes=254/254/254/256 | c=0.108/0.108/0.108 | beta2=0.9990/0.9906/0.9900 | ips_g=70.7 ips/rk=17.7 | elapsed=210.4s | eta=1204.5s
  step  15244/100000 | loss=3.2466 | rl=1.3386 | vl=0.5568 | behavior=6.7402 | curv_reg=0.623299 | codes=255/251/256/256 | c=0.109/0.109/0.109 | beta2=0.9990/0.9906/0.9900 | ips_g=70.7 ips/rk=17.7 | elapsed=215.5s | eta=1198.0s
  step  15624/100000 | loss=3.2281 | rl=1.3300 | vl=0.5526 | behavior=6.7117 | curv_reg=0.623299 | codes=255/256/255/256 | c=0.111/0.111/0.111 | beta2=0.9990/0.9906/0.9900 | ips_g=70.8 ips/rk=17.7 | elapsed=220.5s | eta=1190.9s
  step  15996/100000 | loss=3.1124 | rl=1.3040 | vl=0.4984 | behavior=6.5348 | curv_reg=0.623299 | codes=254/255/254/256 | c=0.113/0.113/0.113 | beta2=0.9990/0.9906/0.9900 | ips_g=70.9 ips/rk=17.7 | elapsed=225.6s | eta=1184.6s
  step  16348/100000 | loss=3.1651 | rl=1.3336 | vl=0.5171 | behavior=6.5562 | curv_reg=0.623299 | codes=254/254/255/256 | c=0.115/0.115/0.115 | beta2=0.9990/0.9906/0.9900 | ips_g=70.9 ips/rk=17.7 | elapsed=230.6s | eta=1179.8s
  step  16720/100000 | loss=3.1375 | rl=1.3230 | vl=0.4933 | behavior=6.5902 | curv_reg=0.623299 | codes=253/253/255/256 | c=0.117/0.117/0.117 | beta2=0.9990/0.9906/0.9900 | ips_g=71.0 ips/rk=17.7 | elapsed=235.6s | eta=1173.4s
  step  17096/100000 | loss=3.1930 | rl=1.3132 | vl=0.5274 | behavior=6.7470 | curv_reg=0.623299 | codes=251/256/255/256 | c=0.119/0.119/0.119 | beta2=0.9990/0.9906/0.9900 | ips_g=71.1 ips/rk=17.8 | elapsed=240.6s | eta=1166.7s
  step  17464/100000 | loss=3.1660 | rl=1.3437 | vl=0.4976 | behavior=6.6077 | curv_reg=0.623299 | codes=255/254/255/256 | c=0.121/0.121/0.121 | beta2=0.9990/0.9906/0.9900 | ips_g=71.1 ips/rk=17.8 | elapsed=245.7s | eta=1161.0s
  step  17824/100000 | loss=3.2257 | rl=1.3282 | vl=0.5620 | behavior=6.6618 | curv_reg=0.623299 | codes=255/255/256/256 | c=0.123/0.123/0.123 | beta2=0.9990/0.9906/0.9900 | ips_g=71.1 ips/rk=17.8 | elapsed=250.7s | eta=1155.8s
  step  18192/100000 | loss=3.1949 | rl=1.3287 | vl=0.5401 | behavior=6.6151 | curv_reg=0.623299 | codes=254/254/255/256 | c=0.125/0.125/0.125 | beta2=0.9990/0.9906/0.9900 | ips_g=71.1 ips/rk=17.8 | elapsed=255.7s | eta=1149.9s
  step  18560/100000 | loss=3.1357 | rl=1.3205 | vl=0.4936 | behavior=6.5926 | curv_reg=0.623299 | codes=253/254/255/256 | c=0.128/0.128/0.128 | beta2=0.9990/0.9906/0.9900 | ips_g=71.2 ips/rk=17.8 | elapsed=260.7s | eta=1144.2s
  step  18928/100000 | loss=3.1838 | rl=1.3306 | vl=0.5207 | behavior=6.6468 | curv_reg=0.623299 | codes=254/254/255/256 | c=0.130/0.130/0.130 | beta2=0.9990/0.9906/0.9900 | ips_g=71.2 ips/rk=17.8 | elapsed=265.8s | eta=1138.4s
  step  19288/100000 | loss=3.0727 | rl=1.3080 | vl=0.4718 | behavior=6.4488 | curv_reg=0.623299 | codes=253/252/256/256 | c=0.132/0.132/0.132 | beta2=0.9990/0.9906/0.9900 | ips_g=71.2 ips/rk=17.8 | elapsed=270.8s | eta=1133.2s
  step  19652/100000 | loss=3.1794 | rl=1.3349 | vl=0.5088 | behavior=6.6628 | curv_reg=0.623299 | codes=254/255/256/256 | c=0.134/0.134/0.134 | beta2=0.9990/0.9906/0.9900 | ips_g=71.3 ips/rk=17.8 | elapsed=275.8s | eta=1127.7s
[Step12] saved /home/wlia0047/ar57/wenyu/GeneRec/results/stage2_RQ-VAE/curvature_RQ-VAE_iter28/out/rqvae/instruments/rqvae_best.pth (step=20000)
  [SID save step=20000] wrote raw 3-token SIDs /home/wlia0047/ar57/wenyu/GeneRec/results/stage2_RQ-VAE/curvature_RQ-VAE_iter28/out/rqvae/instruments/sids_raw.npy: shape=(24587, 3)
  [SID metrics step=20000] hitrate@50=0.9967 full_gini=0.0599 per_layer=[0.2247/0.1933/0.1537] unique=23050/24587 l01_pairs=14330 H_l1_given_l0=5.5601
  step  20004/100000 | loss=3.1802 | rl=1.3237 | vl=0.5225 | behavior=6.6541 | curv_reg=0.623299 | codes=256/255/255/256 | c=0.136/0.136/0.136 | beta2=0.9990/0.9906/0.9900 | ips_g=68.4 ips/rk=17.1 | elapsed=292.5s | eta=1169.7s
  step  20380/100000 | loss=3.1870 | rl=1.3153 | vl=0.5365 | behavior=6.6601 | curv_reg=0.623299 | codes=256/256/255/256 | c=0.138/0.138/0.138 | beta2=0.9990/0.9906/0.9900 | ips_g=68.5 ips/rk=17.1 | elapsed=297.5s | eta=1162.4s
  step  20764/100000 | loss=3.1604 | rl=1.3256 | vl=0.4960 | behavior=6.6783 | curv_reg=0.623299 | codes=254/254/256/256 | c=0.140/0.140/0.140 | beta2=0.9990/0.9906/0.9900 | ips_g=68.6 ips/rk=17.2 | elapsed=302.6s | eta=1154.6s
  step  21144/100000 | loss=3.1561 | rl=1.3265 | vl=0.4995 | behavior=6.6345 | curv_reg=0.623299 | codes=252/255/253/256 | c=0.143/0.143/0.143 | beta2=0.9990/0.9906/0.9900 | ips_g=68.7 ips/rk=17.2 | elapsed=307.6s | eta=1147.2s
  step  21524/100000 | loss=3.1942 | rl=1.3040 | vl=0.5327 | behavior=6.7721 | curv_reg=0.623299 | codes=255/255/256/256 | c=0.145/0.145/0.145 | beta2=0.9990/0.9906/0.9900 | ips_g=68.8 ips/rk=17.2 | elapsed=312.6s | eta=1139.8s
  step  21900/100000 | loss=3.2025 | rl=1.3366 | vl=0.5141 | behavior=6.7434 | curv_reg=0.623299 | codes=256/254/255/256 | c=0.147/0.147/0.147 | beta2=0.9990/0.9906/0.9900 | ips_g=68.9 ips/rk=17.2 | elapsed=317.6s | eta=1132.8s
  step  22280/100000 | loss=3.1532 | rl=1.3270 | vl=0.4871 | behavior=6.6800 | curv_reg=0.623299 | codes=256/254/256/256 | c=0.150/0.150/0.150 | beta2=0.9990/0.9906/0.9900 | ips_g=69.0 ips/rk=17.3 | elapsed=322.7s | eta=1125.6s
  step  22656/100000 | loss=3.2028 | rl=1.3452 | vl=0.5562 | behavior=6.4915 | curv_reg=0.623299 | codes=255/254/255/256 | c=0.152/0.152/0.152 | beta2=0.9990/0.9906/0.9900 | ips_g=69.1 ips/rk=17.3 | elapsed=327.7s | eta=1118.7s
  step  23028/100000 | loss=3.2047 | rl=1.3350 | vl=0.5402 | behavior=6.6322 | curv_reg=0.623299 | codes=254/254/256/256 | c=0.154/0.154/0.154 | beta2=0.9990/0.9906/0.9900 | ips_g=69.2 ips/rk=17.3 | elapsed=332.7s | eta=1112.1s
  step  23404/100000 | loss=3.1634 | rl=1.3239 | vl=0.5080 | behavior=6.6418 | curv_reg=0.623299 | codes=256/256/254/256 | c=0.156/0.156/0.156 | beta2=0.9990/0.9906/0.9900 | ips_g=69.3 ips/rk=17.3 | elapsed=337.7s | eta=1105.4s
  step  23792/100000 | loss=3.1472 | rl=1.3269 | vl=0.5014 | behavior=6.5791 | curv_reg=0.623299 | codes=253/255/256/256 | c=0.159/0.159/0.159 | beta2=0.9990/0.9906/0.9900 | ips_g=69.4 ips/rk=17.4 | elapsed=342.8s | eta=1098.0s
  step  24176/100000 | loss=3.1972 | rl=1.3468 | vl=0.5144 | behavior=6.6642 | curv_reg=0.623299 | codes=255/253/256/256 | c=0.161/0.161/0.161 | beta2=0.9990/0.9906/0.9900 | ips_g=69.5 ips/rk=17.4 | elapsed=347.8s | eta=1090.9s
  step  24548/100000 | loss=3.2071 | rl=1.3519 | vl=0.5491 | behavior=6.5154 | curv_reg=0.623299 | codes=255/254/256/256 | c=0.164/0.164/0.164 | beta2=0.9990/0.9906/0.9900 | ips_g=69.6 ips/rk=17.4 | elapsed=352.8s | eta=1084.5s
  step  24920/100000 | loss=3.1282 | rl=1.3250 | vl=0.5079 | behavior=6.4608 | curv_reg=0.623299 | codes=255/256/256/256 | c=0.166/0.166/0.166 | beta2=0.9990/0.9906/0.9900 | ips_g=69.6 ips/rk=17.4 | elapsed=357.9s | eta=1078.2s
  step  25296/100000 | loss=3.1274 | rl=1.3171 | vl=0.4820 | behavior=6.6259 | curv_reg=0.623299 | codes=254/255/256/256 | c=0.168/0.168/0.168 | beta2=0.9990/0.9906/0.9900 | ips_g=69.7 ips/rk=17.4 | elapsed=362.9s | eta=1071.7s
  step  25672/100000 | loss=3.1579 | rl=1.3291 | vl=0.5117 | behavior=6.5701 | curv_reg=0.623299 | codes=255/255/256/256 | c=0.171/0.171/0.171 | beta2=0.9990/0.9906/0.9900 | ips_g=69.7 ips/rk=17.4 | elapsed=368.1s | eta=1065.8s
  step  26048/100000 | loss=3.1318 | rl=1.3255 | vl=0.4848 | behavior=6.5924 | curv_reg=0.623299 | codes=253/253/256/256 | c=0.173/0.173/0.173 | beta2=0.9990/0.9906/0.9900 | ips_g=69.8 ips/rk=17.5 | elapsed=373.2s | eta=1059.4s
  step  26424/100000 | loss=3.2132 | rl=1.3554 | vl=0.5199 | behavior=6.6739 | curv_reg=0.623299 | codes=256/254/256/256 | c=0.175/0.175/0.175 | beta2=0.9990/0.9906/0.9900 | ips_g=69.9 ips/rk=17.5 | elapsed=378.2s | eta=1053.1s
  step  26796/100000 | loss=3.2012 | rl=1.3347 | vl=0.5153 | behavior=6.7405 | curv_reg=0.623299 | codes=254/255/255/256 | c=0.178/0.178/0.178 | beta2=0.9990/0.9906/0.9900 | ips_g=69.9 ips/rk=17.5 | elapsed=383.2s | eta=1046.9s
  step  27176/100000 | loss=3.1355 | rl=1.3416 | vl=0.5003 | behavior=6.4523 | curv_reg=0.623299 | codes=256/254/255/256 | c=0.180/0.180/0.180 | beta2=0.9990/0.9906/0.9900 | ips_g=70.0 ips/rk=17.5 | elapsed=388.3s | eta=1040.4s
  step  27544/100000 | loss=3.0784 | rl=1.3085 | vl=0.4731 | behavior=6.4682 | curv_reg=0.623299 | codes=254/254/256/256 | c=0.183/0.183/0.183 | beta2=0.9990/0.9906/0.9900 | ips_g=70.0 ips/rk=17.5 | elapsed=393.3s | eta=1034.6s
  step  27920/100000 | loss=3.1866 | rl=1.3679 | vl=0.5044 | behavior=6.5559 | curv_reg=0.623299 | codes=252/256/255/256 | c=0.185/0.185/0.185 | beta2=0.9990/0.9906/0.9900 | ips_g=70.1 ips/rk=17.5 | elapsed=398.3s | eta=1028.3s
  step  28300/100000 | loss=3.1304 | rl=1.3207 | vl=0.4839 | behavior=6.6137 | curv_reg=0.623299 | codes=252/254/256/256 | c=0.187/0.187/0.187 | beta2=0.9990/0.9906/0.9900 | ips_g=70.2 ips/rk=17.5 | elapsed=403.4s | eta=1022.0s
  step  28664/100000 | loss=3.1560 | rl=1.3273 | vl=0.5185 | behavior=6.5356 | curv_reg=0.623299 | codes=255/256/256/256 | c=0.190/0.190/0.190 | beta2=0.9990/0.9906/0.9900 | ips_g=70.2 ips/rk=17.5 | elapsed=408.4s | eta=1016.4s
  step  29044/100000 | loss=3.1368 | rl=1.3307 | vl=0.4946 | behavior=6.5421 | curv_reg=0.623299 | codes=255/253/255/256 | c=0.192/0.192/0.192 | beta2=0.9990/0.9906/0.9900 | ips_g=70.2 ips/rk=17.6 | elapsed=413.4s | eta=1010.1s
  step  29420/100000 | loss=3.1897 | rl=1.3550 | vl=0.5019 | behavior=6.6484 | curv_reg=0.623299 | codes=255/256/256/256 | c=0.194/0.194/0.194 | beta2=0.9990/0.9906/0.9900 | ips_g=70.3 ips/rk=17.6 | elapsed=418.5s | eta=1003.9s
  step  29800/100000 | loss=3.1771 | rl=1.3262 | vl=0.5327 | behavior=6.5751 | curv_reg=0.623299 | codes=255/256/256/256 | c=0.197/0.197/0.197 | beta2=0.9990/0.9906/0.9900 | ips_g=70.4 ips/rk=17.6 | elapsed=423.5s | eta=997.6s
[Step12] saved /home/wlia0047/ar57/wenyu/GeneRec/results/stage2_RQ-VAE/curvature_RQ-VAE_iter28/out/rqvae/instruments/rqvae_best.pth (step=30000)
  [SID save step=30000] wrote raw 3-token SIDs /home/wlia0047/ar57/wenyu/GeneRec/results/stage2_RQ-VAE/curvature_RQ-VAE_iter28/out/rqvae/instruments/sids_raw.npy: shape=(24587, 3)
  [SID metrics step=30000] hitrate@50=0.9966 full_gini=0.0596 per_layer=[0.1990/0.1520/0.1276] unique=23059/24587 l01_pairs=14559 H_l1_given_l0=5.5798
  step  30004/100000 | loss=3.0955 | rl=1.3233 | vl=0.4603 | behavior=6.5441 | curv_reg=0.623299 | codes=250/256/255/256 | c=0.198/0.198/0.198 | beta2=0.9990/0.9906/0.9900 | ips_g=68.5 ips/rk=17.1 | elapsed=438.2s | eta=1022.3s
  step  30384/100000 | loss=3.1887 | rl=1.3473 | vl=0.5165 | behavior=6.6089 | curv_reg=0.623299 | codes=254/254/256/256 | c=0.200/0.200/0.200 | beta2=0.9990/0.9906/0.9900 | ips_g=68.6 ips/rk=17.1 | elapsed=443.2s | eta=1015.5s
  step  30768/100000 | loss=3.1206 | rl=1.3286 | vl=0.4668 | behavior=6.6100 | curv_reg=0.623299 | codes=251/255/256/256 | c=0.203/0.203/0.203 | beta2=0.9990/0.9906/0.9900 | ips_g=68.6 ips/rk=17.2 | elapsed=448.3s | eta=1008.6s
  step  31144/100000 | loss=3.2397 | rl=1.3540 | vl=0.5588 | behavior=6.6191 | curv_reg=0.623299 | codes=255/256/256/256 | c=0.205/0.205/0.205 | beta2=0.9990/0.9906/0.9900 | ips_g=68.7 ips/rk=17.2 | elapsed=453.3s | eta=1002.3s
  step  31520/100000 | loss=3.1751 | rl=1.3362 | vl=0.4992 | behavior=6.6825 | curv_reg=0.623299 | codes=255/256/256/256 | c=0.207/0.207/0.207 | beta2=0.9990/0.9906/0.9900 | ips_g=68.8 ips/rk=17.2 | elapsed=458.3s | eta=995.8s
  step  31900/100000 | loss=3.1831 | rl=1.3670 | vl=0.4920 | behavior=6.6047 | curv_reg=0.623299 | codes=255/255/256/256 | c=0.210/0.210/0.210 | beta2=0.9990/0.9906/0.9900 | ips_g=68.8 ips/rk=17.2 | elapsed=463.4s | eta=989.2s
  step  32280/100000 | loss=3.1254 | rl=1.3409 | vl=0.4818 | behavior=6.4980 | curv_reg=0.623299 | codes=254/256/255/256 | c=0.212/0.212/0.212 | beta2=0.9990/0.9906/0.9900 | ips_g=68.9 ips/rk=17.2 | elapsed=468.4s | eta=982.7s
  step  32660/100000 | loss=3.2168 | rl=1.3661 | vl=0.5305 | behavior=6.5858 | curv_reg=0.623299 | codes=255/256/256/256 | c=0.214/0.214/0.214 | beta2=0.9990/0.9906/0.9900 | ips_g=69.0 ips/rk=17.2 | elapsed=473.4s | eta=976.2s
  step  33040/100000 | loss=3.1935 | rl=1.3446 | vl=0.5119 | behavior=6.6689 | curv_reg=0.623299 | codes=254/255/256/256 | c=0.216/0.216/0.216 | beta2=0.9990/0.9906/0.9900 | ips_g=69.1 ips/rk=17.3 | elapsed=478.5s | eta=969.7s
  step  33416/100000 | loss=3.1975 | rl=1.3536 | vl=0.5480 | behavior=6.4639 | curv_reg=0.623299 | codes=255/256/256/256 | c=0.219/0.219/0.219 | beta2=0.9990/0.9906/0.9900 | ips_g=69.1 ips/rk=17.3 | elapsed=483.5s | eta=963.4s
  step  33792/100000 | loss=3.2017 | rl=1.3629 | vl=0.5367 | behavior=6.4947 | curv_reg=0.623299 | codes=256/255/256/256 | c=0.221/0.221/0.221 | beta2=0.9990/0.9906/0.9900 | ips_g=69.2 ips/rk=17.3 | elapsed=488.5s | eta=957.2s
  step  34172/100000 | loss=3.1383 | rl=1.3237 | vl=0.4834 | behavior=6.6405 | curv_reg=0.623299 | codes=255/255/256/256 | c=0.223/0.223/0.223 | beta2=0.9990/0.9906/0.9900 | ips_g=69.2 ips/rk=17.3 | elapsed=493.5s | eta=950.8s
  step  34560/100000 | loss=3.1961 | rl=1.3507 | vl=0.5150 | behavior=6.6363 | curv_reg=0.623299 | codes=251/256/256/256 | c=0.225/0.225/0.225 | beta2=0.9990/0.9906/0.9900 | ips_g=69.3 ips/rk=17.3 | elapsed=498.6s | eta=944.1s
  step  34944/100000 | loss=3.1988 | rl=1.3581 | vl=0.5458 | behavior=6.4587 | curv_reg=0.623299 | codes=256/256/256/256 | c=0.227/0.227/0.227 | beta2=0.9990/0.9906/0.9900 | ips_g=69.4 ips/rk=17.3 | elapsed=503.6s | eta=937.6s
  step  35328/100000 | loss=3.2106 | rl=1.3676 | vl=0.5080 | behavior=6.6593 | curv_reg=0.623299 | codes=255/254/256/256 | c=0.229/0.229/0.229 | beta2=0.9990/0.9906/0.9900 | ips_g=69.5 ips/rk=17.4 | elapsed=508.6s | eta=931.1s
  step  35708/100000 | loss=3.2216 | rl=1.3706 | vl=0.5397 | behavior=6.5410 | curv_reg=0.623299 | codes=256/256/256/256 | c=0.231/0.231/0.231 | beta2=0.9990/0.9906/0.9900 | ips_g=69.5 ips/rk=17.4 | elapsed=513.6s | eta=924.8s
  step  36084/100000 | loss=3.1341 | rl=1.3415 | vl=0.4814 | behavior=6.5403 | curv_reg=0.623299 | codes=252/256/256/256 | c=0.233/0.233/0.233 | beta2=0.9990/0.9906/0.9900 | ips_g=69.6 ips/rk=17.4 | elapsed=518.7s | eta=918.7s
  step  36452/100000 | loss=3.1811 | rl=1.3409 | vl=0.5146 | behavior=6.6124 | curv_reg=0.623299 | codes=253/254/256/256 | c=0.235/0.235/0.235 | beta2=0.9990/0.9906/0.9900 | ips_g=69.6 ips/rk=17.4 | elapsed=523.7s | eta=913.0s
  step  36828/100000 | loss=3.2709 | rl=1.3337 | vl=0.5744 | behavior=6.7979 | curv_reg=0.623299 | codes=255/256/256/256 | c=0.237/0.237/0.237 | beta2=0.9990/0.9906/0.9900 | ips_g=69.7 ips/rk=17.4 | elapsed=528.7s | eta=907.0s
  step  37200/100000 | loss=3.2132 | rl=1.3631 | vl=0.5366 | behavior=6.5519 | curv_reg=0.623299 | codes=256/256/256/256 | c=0.239/0.239/0.239 | beta2=0.9990/0.9906/0.9900 | ips_g=69.7 ips/rk=17.4 | elapsed=533.8s | eta=901.1s
  step  37576/100000 | loss=3.2503 | rl=1.3712 | vl=0.5493 | behavior=6.6332 | curv_reg=0.623299 | codes=255/256/256/256 | c=0.241/0.241/0.241 | beta2=0.9990/0.9906/0.9900 | ips_g=69.7 ips/rk=17.4 | elapsed=538.8s | eta=895.0s
  step  37948/100000 | loss=3.1853 | rl=1.3474 | vl=0.5115 | behavior=6.6166 | curv_reg=0.623299 | codes=252/254/256/256 | c=0.243/0.243/0.243 | beta2=0.9990/0.9906/0.9900 | ips_g=69.8 ips/rk=17.4 | elapsed=543.8s | eta=889.2s
  step  38328/100000 | loss=3.1961 | rl=1.3667 | vl=0.5045 | behavior=6.6088 | curv_reg=0.623299 | codes=255/256/253/256 | c=0.245/0.245/0.245 | beta2=0.9990/0.9906/0.9900 | ips_g=69.8 ips/rk=17.5 | elapsed=548.8s | eta=883.1s
  step  38704/100000 | loss=3.2444 | rl=1.3597 | vl=0.5356 | behavior=6.7298 | curv_reg=0.623299 | codes=255/256/255/256 | c=0.246/0.246/0.246 | beta2=0.9990/0.9906/0.9900 | ips_g=69.9 ips/rk=17.5 | elapsed=553.9s | eta=877.2s
  step  39068/100000 | loss=3.1722 | rl=1.3356 | vl=0.5278 | behavior=6.5284 | curv_reg=0.623299 | codes=255/255/256/256 | c=0.248/0.248/0.248 | beta2=0.9990/0.9906/0.9900 | ips_g=69.9 ips/rk=17.5 | elapsed=558.9s | eta=871.7s
  step  39444/100000 | loss=3.2445 | rl=1.3495 | vl=0.5418 | behavior=6.7503 | curv_reg=0.623299 | codes=255/256/256/256 | c=0.250/0.250/0.250 | beta2=0.9990/0.9906/0.9900 | ips_g=69.9 ips/rk=17.5 | elapsed=564.0s | eta=865.8s
  step  39816/100000 | loss=3.2593 | rl=1.3686 | vl=0.5359 | behavior=6.7584 | curv_reg=0.623299 | codes=256/256/255/256 | c=0.251/0.251/0.251 | beta2=0.9990/0.9906/0.9900 | ips_g=70.0 ips/rk=17.5 | elapsed=569.0s | eta=860.1s
[Step12] saved /home/wlia0047/ar57/wenyu/GeneRec/results/stage2_RQ-VAE/curvature_RQ-VAE_iter28/out/rqvae/instruments/rqvae_best.pth (step=40000)
  [SID save step=40000] wrote raw 3-token SIDs /home/wlia0047/ar57/wenyu/GeneRec/results/stage2_RQ-VAE/curvature_RQ-VAE_iter28/out/rqvae/instruments/sids_raw.npy: shape=(24587, 3)
  [SID metrics step=40000] hitrate@50=0.9970 full_gini=0.0559 per_layer=[0.1836/0.1328/0.1973] unique=23157/24587 l01_pairs=14768 H_l1_given_l0=5.5949
  step  40004/100000 | loss=3.2090 | rl=1.3620 | vl=0.5317 | behavior=6.5610 | curv_reg=0.623299 | codes=255/256/253/256 | c=0.252/0.252/0.252 | beta2=0.9990/0.9906/0.9900 | ips_g=68.6 ips/rk=17.1 | elapsed=583.2s | eta=874.7s
  step  40388/100000 | loss=3.2229 | rl=1.3498 | vl=0.5374 | behavior=6.6631 | curv_reg=0.623299 | codes=255/256/253/256 | c=0.254/0.254/0.254 | beta2=0.9990/0.9906/0.9900 | ips_g=68.7 ips/rk=17.2 | elapsed=588.3s | eta=868.3s
  step  40760/100000 | loss=3.2083 | rl=1.3723 | vl=0.5328 | behavior=6.5008 | curv_reg=0.623299 | codes=254/256/254/256 | c=0.255/0.255/0.255 | beta2=0.9990/0.9906/0.9900 | ips_g=68.7 ips/rk=17.2 | elapsed=593.3s | eta=862.3s
  step  41132/100000 | loss=3.2465 | rl=1.3716 | vl=0.5668 | behavior=6.5250 | curv_reg=0.623299 | codes=255/256/253/256 | c=0.257/0.257/0.257 | beta2=0.9990/0.9906/0.9900 | ips_g=68.7 ips/rk=17.2 | elapsed=598.3s | eta=856.3s
  step  41488/100000 | loss=3.2177 | rl=1.3588 | vl=0.5324 | behavior=6.6164 | curv_reg=0.623299 | codes=255/255/250/256 | c=0.258/0.258/0.258 | beta2=0.9990/0.9906/0.9900 | ips_g=68.8 ips/rk=17.2 | elapsed=603.3s | eta=850.9s
  step  41852/100000 | loss=3.2997 | rl=1.3968 | vl=0.5635 | behavior=6.6819 | curv_reg=0.623299 | codes=254/255/250/256 | c=0.259/0.259/0.259 | beta2=0.9990/0.9906/0.9900 | ips_g=68.8 ips/rk=17.2 | elapsed=608.3s | eta=845.2s
  step  42228/100000 | loss=3.1756 | rl=1.3554 | vl=0.5092 | behavior=6.5393 | curv_reg=0.623299 | codes=254/256/251/256 | c=0.260/0.260/0.260 | beta2=0.9990/0.9906/0.9900 | ips_g=68.8 ips/rk=17.2 | elapsed=613.4s | eta=839.1s
  step  42604/100000 | loss=3.3243 | rl=1.3920 | vl=0.5933 | behavior=6.6795 | curv_reg=0.623299 | codes=255/256/247/256 | c=0.262/0.262/0.262 | beta2=0.9990/0.9906/0.9900 | ips_g=68.9 ips/rk=17.2 | elapsed=618.4s | eta=833.1s
  step  42988/100000 | loss=3.3233 | rl=1.3910 | vl=0.5797 | behavior=6.7477 | curv_reg=0.623299 | codes=256/256/250/256 | c=0.263/0.263/0.263 | beta2=0.9990/0.9906/0.9900 | ips_g=68.9 ips/rk=17.2 | elapsed=623.5s | eta=826.9s
  step  43372/100000 | loss=3.2322 | rl=1.3793 | vl=0.5338 | behavior=6.5801 | curv_reg=0.623299 | codes=255/256/246/256 | c=0.264/0.264/0.264 | beta2=0.9990/0.9906/0.9900 | ips_g=69.0 ips/rk=17.3 | elapsed=628.5s | eta=820.6s
  step  43744/100000 | loss=3.2762 | rl=1.3606 | vl=0.5706 | behavior=6.7096 | curv_reg=0.623299 | codes=255/256/240/256 | c=0.265/0.265/0.265 | beta2=0.9990/0.9906/0.9900 | ips_g=69.0 ips/rk=17.3 | elapsed=633.5s | eta=814.7s
  step  44096/100000 | loss=3.3030 | rl=1.3838 | vl=0.5775 | behavior=6.6928 | curv_reg=0.623299 | codes=256/256/240/256 | c=0.266/0.266/0.266 | beta2=0.9990/0.9906/0.9900 | ips_g=69.1 ips/rk=17.3 | elapsed=638.5s | eta=809.5s
  step  44460/100000 | loss=3.1292 | rl=1.3384 | vl=0.4845 | behavior=6.5161 | curv_reg=0.623299 | codes=255/256/239/256 | c=0.267/0.267/0.267 | beta2=0.9990/0.9906/0.9900 | ips_g=69.1 ips/rk=17.3 | elapsed=643.5s | eta=803.9s
  step  44840/100000 | loss=3.3555 | rl=1.3867 | vl=0.5938 | behavior=6.8597 | curv_reg=0.623299 | codes=256/256/236/256 | c=0.268/0.268/0.268 | beta2=0.9990/0.9906/0.9900 | ips_g=69.1 ips/rk=17.3 | elapsed=648.6s | eta=797.9s
  step  45224/100000 | loss=3.2415 | rl=1.3718 | vl=0.5488 | behavior=6.5889 | curv_reg=0.623299 | codes=256/256/228/256 | c=0.269/0.269/0.269 | beta2=0.9990/0.9906/0.9900 | ips_g=69.2 ips/rk=17.3 | elapsed=653.6s | eta=791.7s
  step  45608/100000 | loss=3.1978 | rl=1.3720 | vl=0.5383 | behavior=6.4220 | curv_reg=0.623299 | codes=256/256/234/256 | c=0.270/0.270/0.270 | beta2=0.9990/0.9906/0.9900 | ips_g=69.2 ips/rk=17.3 | elapsed=658.6s | eta=785.5s
  step  45988/100000 | loss=3.2291 | rl=1.3955 | vl=0.5343 | behavior=6.4807 | curv_reg=0.623299 | codes=256/254/229/256 | c=0.270/0.270/0.270 | beta2=0.9990/0.9906/0.9900 | ips_g=69.3 ips/rk=17.3 | elapsed=663.7s | eta=779.5s
  step  46368/100000 | loss=3.2401 | rl=1.3788 | vl=0.5452 | behavior=6.5651 | curv_reg=0.623299 | codes=255/256/226/256 | c=0.271/0.271/0.271 | beta2=0.9990/0.9906/0.9900 | ips_g=69.3 ips/rk=17.3 | elapsed=668.7s | eta=773.4s
  step  46740/100000 | loss=3.2418 | rl=1.3507 | vl=0.5326 | behavior=6.7767 | curv_reg=0.623299 | codes=256/255/224/256 | c=0.271/0.271/0.271 | beta2=0.9990/0.9906/0.9900 | ips_g=69.4 ips/rk=17.3 | elapsed=673.7s | eta=767.7s
  step  47108/100000 | loss=3.2576 | rl=1.3638 | vl=0.5537 | behavior=6.6845 | curv_reg=0.623299 | codes=256/255/226/256 | c=0.272/0.272/0.272 | beta2=0.9990/0.9906/0.9900 | ips_g=69.4 ips/rk=17.4 | elapsed=678.8s | eta=762.1s
  step  47484/100000 | loss=3.1863 | rl=1.3686 | vl=0.5087 | behavior=6.5295 | curv_reg=0.623299 | codes=254/256/220/256 | c=0.272/0.272/0.272 | beta2=0.9990/0.9906/0.9900 | ips_g=69.4 ips/rk=17.4 | elapsed=683.8s | eta=756.3s
  step  47848/100000 | loss=3.2300 | rl=1.3678 | vl=0.5533 | behavior=6.5286 | curv_reg=0.623299 | codes=253/256/210/256 | c=0.273/0.273/0.273 | beta2=0.9990/0.9906/0.9900 | ips_g=69.5 ips/rk=17.4 | elapsed=688.8s | eta=750.8s
  step  48224/100000 | loss=3.1788 | rl=1.3690 | vl=0.5115 | behavior=6.4755 | curv_reg=0.623299 | codes=255/256/215/256 | c=0.273/0.273/0.273 | beta2=0.9990/0.9906/0.9900 | ips_g=69.5 ips/rk=17.4 | elapsed=693.9s | eta=745.0s
  step  48596/100000 | loss=3.3668 | rl=1.3998 | vl=0.6344 | behavior=6.6477 | curv_reg=0.623299 | codes=256/256/209/256 | c=0.273/0.273/0.273 | beta2=0.9990/0.9906/0.9900 | ips_g=69.5 ips/rk=17.4 | elapsed=698.9s | eta=739.3s
  step  48964/100000 | loss=3.3140 | rl=1.3771 | vl=0.6045 | behavior=6.6470 | curv_reg=0.623299 | codes=255/256/211/256 | c=0.274/0.274/0.274 | beta2=0.9990/0.9906/0.9900 | ips_g=69.6 ips/rk=17.4 | elapsed=704.0s | eta=733.7s
  step  49332/100000 | loss=3.3187 | rl=1.3897 | vl=0.5880 | behavior=6.6897 | curv_reg=0.623299 | codes=256/255/210/256 | c=0.274/0.274/0.274 | beta2=0.9990/0.9906/0.9900 | ips_g=69.6 ips/rk=17.4 | elapsed=709.0s | eta=728.2s
  step  49692/100000 | loss=3.2615 | rl=1.3685 | vl=0.5496 | behavior=6.7014 | curv_reg=0.623299 | codes=254/256/208/256 | c=0.274/0.274/0.274 | beta2=0.9990/0.9906/0.9900 | ips_g=69.6 ips/rk=17.4 | elapsed=714.0s | eta=722.9s
[Step12] saved /home/wlia0047/ar57/wenyu/GeneRec/results/stage2_RQ-VAE/curvature_RQ-VAE_iter28/out/rqvae/instruments/rqvae_best.pth (step=50000)
  [SID save step=50000] wrote raw 3-token SIDs /home/wlia0047/ar57/wenyu/GeneRec/results/stage2_RQ-VAE/curvature_RQ-VAE_iter28/out/rqvae/instruments/sids_raw.npy: shape=(24587, 3)
  [SID metrics step=50000] hitrate@50=0.9971 full_gini=0.0559 per_layer=[0.1701/0.1344/0.3177] unique=23156/24587 l01_pairs=14931 H_l1_given_l0=5.6161
  step  50004/100000 | loss=3.2547 | rl=1.3751 | vl=0.5508 | behavior=6.6284 | curv_reg=0.623299 | codes=255/256/202/256 | c=0.274/0.274/0.274 | beta2=0.9990/0.9906/0.9900 | ips_g=68.5 ips/rk=17.1 | elapsed=730.3s | eta=730.2s
  step  50376/100000 | loss=3.1859 | rl=1.3542 | vl=0.5302 | behavior=6.4920 | curv_reg=0.623299 | codes=256/255/203/256 | c=0.274/0.274/0.274 | beta2=0.9990/0.9906/0.9900 | ips_g=68.5 ips/rk=17.1 | elapsed=735.3s | eta=724.4s
  step  50752/100000 | loss=3.2271 | rl=1.3619 | vl=0.5455 | behavior=6.5829 | curv_reg=0.623299 | codes=255/256/197/256 | c=0.274/0.274/0.274 | beta2=0.9990/0.9906/0.9900 | ips_g=68.6 ips/rk=17.1 | elapsed=740.4s | eta=718.4s
  step  51124/100000 | loss=3.2605 | rl=1.3790 | vl=0.5329 | behavior=6.7274 | curv_reg=0.623299 | codes=254/256/198/256 | c=0.274/0.274/0.274 | beta2=0.9990/0.9906/0.9900 | ips_g=68.6 ips/rk=17.1 | elapsed=745.4s | eta=712.6s
  step  51500/100000 | loss=3.1957 | rl=1.3442 | vl=0.5320 | behavior=6.5825 | curv_reg=0.623299 | codes=255/254/199/256 | c=0.273/0.273/0.273 | beta2=0.9990/0.9906/0.9900 | ips_g=68.6 ips/rk=17.2 | elapsed=750.4s | eta=706.7s
  step  51876/100000 | loss=3.2906 | rl=1.3899 | vl=0.5635 | behavior=6.6705 | curv_reg=0.623299 | codes=255/254/196/256 | c=0.273/0.273/0.273 | beta2=0.9990/0.9906/0.9900 | ips_g=68.7 ips/rk=17.2 | elapsed=755.4s | eta=700.8s
  step  52248/100000 | loss=3.2108 | rl=1.3665 | vl=0.5352 | behavior=6.5296 | curv_reg=0.623299 | codes=256/255/201/256 | c=0.273/0.273/0.273 | beta2=0.9990/0.9906/0.9900 | ips_g=68.7 ips/rk=17.2 | elapsed=760.4s | eta=695.0s
  step  52624/100000 | loss=3.1683 | rl=1.3575 | vl=0.5036 | behavior=6.5204 | curv_reg=0.623299 | codes=256/254/192/256 | c=0.272/0.272/0.272 | beta2=0.9990/0.9906/0.9900 | ips_g=68.7 ips/rk=17.2 | elapsed=765.5s | eta=689.1s
  step  53004/100000 | loss=3.2428 | rl=1.3748 | vl=0.5382 | behavior=6.6338 | curv_reg=0.623299 | codes=253/254/191/256 | c=0.272/0.272/0.272 | beta2=0.9990/0.9906/0.9900 | ips_g=68.8 ips/rk=17.2 | elapsed=770.5s | eta=683.2s
  step  53388/100000 | loss=3.2232 | rl=1.3561 | vl=0.5424 | behavior=6.6077 | curv_reg=0.623299 | codes=254/256/189/256 | c=0.271/0.271/0.271 | beta2=0.9990/0.9906/0.9900 | ips_g=68.8 ips/rk=17.2 | elapsed=775.5s | eta=677.1s
  step  53772/100000 | loss=3.3028 | rl=1.3983 | vl=0.5619 | behavior=6.6976 | curv_reg=0.623299 | codes=255/256/189/256 | c=0.271/0.271/0.271 | beta2=0.9990/0.9906/0.9900 | ips_g=68.9 ips/rk=17.2 | elapsed=780.6s | eta=671.0s
  step  54148/100000 | loss=3.2306 | rl=1.3726 | vl=0.5277 | behavior=6.6356 | curv_reg=0.623299 | codes=254/256/191/256 | c=0.270/0.270/0.270 | beta2=0.9990/0.9906/0.9900 | ips_g=68.9 ips/rk=17.2 | elapsed=785.6s | eta=665.2s
  step  54528/100000 | loss=3.2390 | rl=1.3776 | vl=0.5418 | behavior=6.5828 | curv_reg=0.623299 | codes=256/252/186/256 | c=0.269/0.269/0.269 | beta2=0.9990/0.9906/0.9900 | ips_g=69.0 ips/rk=17.2 | elapsed=790.6s | eta=659.3s
  step  54904/100000 | loss=3.2538 | rl=1.3725 | vl=0.5451 | behavior=6.6650 | curv_reg=0.623299 | codes=255/256/184/256 | c=0.268/0.268/0.268 | beta2=0.9990/0.9906/0.9900 | ips_g=69.0 ips/rk=17.3 | elapsed=795.6s | eta=653.5s
  step  55276/100000 | loss=3.2429 | rl=1.3797 | vl=0.5377 | behavior=6.6120 | curv_reg=0.623299 | codes=255/256/184/256 | c=0.268/0.268/0.268 | beta2=0.9990/0.9906/0.9900 | ips_g=69.0 ips/rk=17.3 | elapsed=800.6s | eta=647.8s
  step  55656/100000 | loss=3.2353 | rl=1.3559 | vl=0.5441 | behavior=6.6606 | curv_reg=0.623299 | codes=256/255/185/256 | c=0.267/0.267/0.267 | beta2=0.9990/0.9906/0.9900 | ips_g=69.1 ips/rk=17.3 | elapsed=805.6s | eta=641.9s
  step  56028/100000 | loss=3.1746 | rl=1.3593 | vl=0.5040 | behavior=6.5411 | curv_reg=0.623299 | codes=254/256/183/256 | c=0.266/0.266/0.266 | beta2=0.9990/0.9906/0.9900 | ips_g=69.1 ips/rk=17.3 | elapsed=810.6s | eta=636.2s
  step  56416/100000 | loss=3.2445 | rl=1.3501 | vl=0.5589 | behavior=6.6617 | curv_reg=0.623299 | codes=256/255/183/256 | c=0.265/0.265/0.265 | beta2=0.9990/0.9906/0.9900 | ips_g=69.2 ips/rk=17.3 | elapsed=815.7s | eta=630.2s
  step  56804/100000 | loss=3.2457 | rl=1.3597 | vl=0.5550 | behavior=6.6391 | curv_reg=0.623299 | codes=255/254/185/256 | c=0.264/0.264/0.264 | beta2=0.9990/0.9906/0.9900 | ips_g=69.2 ips/rk=17.3 | elapsed=820.7s | eta=624.1s
  step  57180/100000 | loss=3.2043 | rl=1.3684 | vl=0.5392 | behavior=6.4674 | curv_reg=0.623299 | codes=255/255/186/256 | c=0.262/0.262/0.262 | beta2=0.9990/0.9906/0.9900 | ips_g=69.2 ips/rk=17.3 | elapsed=825.8s | eta=618.4s
  step  57556/100000 | loss=3.2199 | rl=1.3683 | vl=0.5191 | behavior=6.6466 | curv_reg=0.623299 | codes=254/255/184/256 | c=0.261/0.261/0.261 | beta2=0.9990/0.9906/0.9900 | ips_g=69.3 ips/rk=17.3 | elapsed=830.8s | eta=612.7s
  step  57924/100000 | loss=3.2119 | rl=1.3679 | vl=0.5126 | behavior=6.6410 | curv_reg=0.623299 | codes=255/256/188/256 | c=0.260/0.260/0.260 | beta2=0.9990/0.9906/0.9900 | ips_g=69.3 ips/rk=17.3 | elapsed=835.8s | eta=607.1s
  step  58304/100000 | loss=3.1623 | rl=1.3513 | vl=0.5126 | behavior=6.4770 | curv_reg=0.623299 | codes=255/254/183/256 | c=0.259/0.259/0.259 | beta2=0.9990/0.9906/0.9900 | ips_g=69.3 ips/rk=17.3 | elapsed=840.9s | eta=601.3s
  step  58680/100000 | loss=3.1661 | rl=1.3434 | vl=0.5053 | behavior=6.5717 | curv_reg=0.623299 | codes=254/255/186/256 | c=0.257/0.257/0.257 | beta2=0.9990/0.9906/0.9900 | ips_g=69.4 ips/rk=17.3 | elapsed=845.9s | eta=595.6s
  step  59064/100000 | loss=3.1291 | rl=1.3510 | vl=0.4877 | behavior=6.4365 | curv_reg=0.623299 | codes=253/255/183/256 | c=0.256/0.256/0.256 | beta2=0.9990/0.9906/0.9900 | ips_g=69.4 ips/rk=17.4 | elapsed=850.9s | eta=589.7s
  step  59444/100000 | loss=3.2173 | rl=1.3510 | vl=0.5298 | behavior=6.6665 | curv_reg=0.623299 | codes=255/255/187/256 | c=0.254/0.254/0.254 | beta2=0.9990/0.9906/0.9900 | ips_g=69.5 ips/rk=17.4 | elapsed=855.9s | eta=583.9s
  step  59820/100000 | loss=3.3201 | rl=1.3829 | vl=0.5839 | behavior=6.7514 | curv_reg=0.623299 | codes=256/256/183/256 | c=0.253/0.253/0.253 | beta2=0.9990/0.9906/0.9900 | ips_g=69.5 ips/rk=17.4 | elapsed=860.9s | eta=578.3s
[Step12] saved /home/wlia0047/ar57/wenyu/GeneRec/results/stage2_RQ-VAE/curvature_RQ-VAE_iter28/out/rqvae/instruments/rqvae_best.pth (step=60000)
  [SID save step=60000] wrote raw 3-token SIDs /home/wlia0047/ar57/wenyu/GeneRec/results/stage2_RQ-VAE/curvature_RQ-VAE_iter28/out/rqvae/instruments/sids_raw.npy: shape=(24587, 3)
  [SID metrics step=60000] hitrate@50=0.9971 full_gini=0.0570 per_layer=[0.1755/0.1364/0.2572] unique=23123/24587 l01_pairs=14889 H_l1_given_l0=5.6160
  step  60004/100000 | loss=3.1978 | rl=1.3678 | vl=0.5072 | behavior=6.5986 | curv_reg=0.623299 | codes=255/256/186/256 | c=0.252/0.252/0.252 | beta2=0.9990/0.9906/0.9900 | ips_g=68.6 ips/rk=17.1 | elapsed=875.1s | eta=583.3s
  step  60364/100000 | loss=3.2247 | rl=1.3658 | vl=0.5318 | behavior=6.6196 | curv_reg=0.623299 | codes=253/255/182/256 | c=0.250/0.250/0.250 | beta2=0.9990/0.9906/0.9900 | ips_g=68.6 ips/rk=17.1 | elapsed=880.1s | eta=577.9s
  step  60740/100000 | loss=3.2580 | rl=1.3931 | vl=0.5437 | behavior=6.5899 | curv_reg=0.623299 | codes=255/253/182/256 | c=0.249/0.249/0.249 | beta2=0.9990/0.9906/0.9900 | ips_g=68.6 ips/rk=17.2 | elapsed=885.2s | eta=572.1s
  step  61124/100000 | loss=3.1870 | rl=1.3670 | vl=0.5134 | behavior=6.5178 | curv_reg=0.623299 | codes=254/255/184/256 | c=0.247/0.247/0.247 | beta2=0.9990/0.9906/0.9900 | ips_g=68.7 ips/rk=17.2 | elapsed=890.2s | eta=566.2s
  step  61504/100000 | loss=3.2479 | rl=1.3719 | vl=0.5553 | behavior=6.5876 | curv_reg=0.623299 | codes=256/256/186/256 | c=0.245/0.245/0.245 | beta2=0.9990/0.9906/0.9900 | ips_g=68.7 ips/rk=17.2 | elapsed=895.2s | eta=560.3s
  step  61884/100000 | loss=3.1655 | rl=1.3804 | vl=0.5002 | behavior=6.4088 | curv_reg=0.623299 | codes=255/256/183/256 | c=0.244/0.244/0.244 | beta2=0.9990/0.9906/0.9900 | ips_g=68.7 ips/rk=17.2 | elapsed=900.2s | eta=554.5s
  step  62256/100000 | loss=3.3026 | rl=1.3789 | vl=0.5995 | behavior=6.6059 | curv_reg=0.623299 | codes=256/256/187/256 | c=0.242/0.242/0.242 | beta2=0.9990/0.9906/0.9900 | ips_g=68.8 ips/rk=17.2 | elapsed=905.3s | eta=548.8s
  step  62628/100000 | loss=3.1274 | rl=1.3416 | vl=0.4914 | behavior=6.4565 | curv_reg=0.623299 | codes=256/256/186/256 | c=0.240/0.240/0.240 | beta2=0.9990/0.9906/0.9900 | ips_g=68.8 ips/rk=17.2 | elapsed=910.3s | eta=543.2s
  step  62996/100000 | loss=3.2785 | rl=1.3879 | vl=0.5605 | behavior=6.6352 | curv_reg=0.623299 | codes=256/254/183/256 | c=0.238/0.238/0.238 | beta2=0.9990/0.9906/0.9900 | ips_g=68.8 ips/rk=17.2 | elapsed=915.3s | eta=537.7s
  step  63372/100000 | loss=3.1838 | rl=1.3499 | vl=0.5144 | behavior=6.5814 | curv_reg=0.623299 | codes=254/256/189/256 | c=0.236/0.236/0.236 | beta2=0.9990/0.9906/0.9900 | ips_g=68.9 ips/rk=17.2 | elapsed=920.3s | eta=531.9s
  step  63740/100000 | loss=3.2608 | rl=1.3897 | vl=0.5561 | behavior=6.5594 | curv_reg=0.623299 | codes=256/256/189/256 | c=0.234/0.234/0.234 | beta2=0.9990/0.9906/0.9900 | ips_g=68.9 ips/rk=17.2 | elapsed=925.4s | eta=526.4s
  step  64104/100000 | loss=3.2126 | rl=1.3537 | vl=0.5473 | behavior=6.5425 | curv_reg=0.623299 | codes=254/255/189/256 | c=0.232/0.232/0.232 | beta2=0.9990/0.9906/0.9900 | ips_g=68.9 ips/rk=17.2 | elapsed=930.4s | eta=521.0s
  step  64468/100000 | loss=3.2364 | rl=1.3719 | vl=0.5420 | behavior=6.5966 | curv_reg=0.623299 | codes=255/256/188/256 | c=0.230/0.230/0.230 | beta2=0.9990/0.9906/0.9900 | ips_g=68.9 ips/rk=17.2 | elapsed=935.4s | eta=515.5s
  step  64840/100000 | loss=3.1858 | rl=1.3631 | vl=0.5177 | behavior=6.5097 | curv_reg=0.623299 | codes=256/256/188/256 | c=0.228/0.228/0.228 | beta2=0.9990/0.9906/0.9900 | ips_g=68.9 ips/rk=17.2 | elapsed=940.4s | eta=509.9s
  step  65216/100000 | loss=3.2352 | rl=1.3756 | vl=0.5617 | behavior=6.4738 | curv_reg=0.623299 | codes=255/256/188/256 | c=0.226/0.226/0.226 | beta2=0.9990/0.9906/0.9900 | ips_g=69.0 ips/rk=17.2 | elapsed=945.4s | eta=504.3s
  step  65592/100000 | loss=3.1815 | rl=1.3356 | vl=0.5235 | behavior=6.5962 | curv_reg=0.623299 | codes=253/256/191/256 | c=0.224/0.224/0.224 | beta2=0.9990/0.9906/0.9900 | ips_g=69.0 ips/rk=17.3 | elapsed=950.5s | eta=498.6s
  step  65956/100000 | loss=3.2016 | rl=1.3577 | vl=0.5164 | behavior=6.6219 | curv_reg=0.623299 | codes=255/256/190/256 | c=0.222/0.222/0.222 | beta2=0.9990/0.9906/0.9900 | ips_g=69.0 ips/rk=17.3 | elapsed=955.5s | eta=493.2s
  step  66332/100000 | loss=3.2262 | rl=1.3673 | vl=0.5418 | behavior=6.5700 | curv_reg=0.623299 | codes=255/256/193/256 | c=0.220/0.220/0.220 | beta2=0.9990/0.9906/0.9900 | ips_g=69.1 ips/rk=17.3 | elapsed=960.5s | eta=487.5s
  step  66708/100000 | loss=3.1281 | rl=1.3230 | vl=0.4909 | behavior=6.5553 | curv_reg=0.623299 | codes=255/255/200/256 | c=0.218/0.218/0.218 | beta2=0.9990/0.9906/0.9900 | ips_g=69.1 ips/rk=17.3 | elapsed=965.6s | eta=481.9s
  step  67080/100000 | loss=3.1597 | rl=1.3467 | vl=0.5039 | behavior=6.5301 | curv_reg=0.623299 | codes=255/256/197/256 | c=0.216/0.216/0.216 | beta2=0.9990/0.9906/0.9900 | ips_g=69.1 ips/rk=17.3 | elapsed=970.6s | eta=476.3s
  step  67448/100000 | loss=3.1552 | rl=1.3450 | vl=0.5064 | behavior=6.5033 | curv_reg=0.623299 | codes=254/255/195/256 | c=0.214/0.214/0.214 | beta2=0.9990/0.9906/0.9900 | ips_g=69.1 ips/rk=17.3 | elapsed=975.7s | eta=470.9s
  step  67816/100000 | loss=3.1695 | rl=1.3483 | vl=0.5418 | behavior=6.3815 | curv_reg=0.623299 | codes=255/256/201/256 | c=0.211/0.211/0.211 | beta2=0.9990/0.9906/0.9900 | ips_g=69.2 ips/rk=17.3 | elapsed=980.7s | eta=465.4s
  step  68188/100000 | loss=3.1995 | rl=1.3493 | vl=0.5391 | behavior=6.5396 | curv_reg=0.623299 | codes=255/255/202/256 | c=0.209/0.209/0.209 | beta2=0.9990/0.9906/0.9900 | ips_g=69.2 ips/rk=17.3 | elapsed=985.8s | eta=459.9s
  step  68556/100000 | loss=3.2055 | rl=1.3524 | vl=0.5142 | behavior=6.6787 | curv_reg=0.623299 | codes=255/256/200/256 | c=0.207/0.207/0.207 | beta2=0.9990/0.9906/0.9900 | ips_g=69.2 ips/rk=17.3 | elapsed=990.8s | eta=454.4s
  step  68944/100000 | loss=3.2551 | rl=1.3760 | vl=0.5585 | behavior=6.5874 | curv_reg=0.623299 | codes=253/256/203/256 | c=0.204/0.204/0.204 | beta2=0.9990/0.9906/0.9900 | ips_g=69.2 ips/rk=17.3 | elapsed=995.9s | eta=448.6s
  step  69328/100000 | loss=3.2747 | rl=1.3568 | vl=0.5725 | behavior=6.7116 | curv_reg=0.623299 | codes=256/256/204/256 | c=0.202/0.202/0.202 | beta2=0.9990/0.9906/0.9900 | ips_g=69.3 ips/rk=17.3 | elapsed=1000.9s | eta=442.8s
  step  69708/100000 | loss=3.1576 | rl=1.3489 | vl=0.5102 | behavior=6.4771 | curv_reg=0.623299 | codes=253/256/211/256 | c=0.200/0.200/0.200 | beta2=0.9990/0.9906/0.9900 | ips_g=69.3 ips/rk=17.3 | elapsed=1005.9s | eta=437.1s
[Step12] saved /home/wlia0047/ar57/wenyu/GeneRec/results/stage2_RQ-VAE/curvature_RQ-VAE_iter28/out/rqvae/instruments/rqvae_best.pth (step=70000)
  [SID save step=70000] wrote raw 3-token SIDs /home/wlia0047/ar57/wenyu/GeneRec/results/stage2_RQ-VAE/curvature_RQ-VAE_iter28/out/rqvae/instruments/sids_raw.npy: shape=(24587, 3)
  [SID metrics step=70000] hitrate@50=0.9971 full_gini=0.0540 per_layer=[0.1845/0.1304/0.2524] unique=23205/24587 l01_pairs=14753 H_l1_given_l0=5.5979
  step  70004/100000 | loss=3.1330 | rl=1.3143 | vl=0.5152 | behavior=6.5019 | curv_reg=0.623299 | codes=254/256/214/256 | c=0.198/0.198/0.198 | beta2=0.9990/0.9906/0.9900 | ips_g=68.5 ips/rk=17.1 | elapsed=1021.6s | eta=437.7s
  step  70384/100000 | loss=3.1100 | rl=1.3264 | vl=0.4593 | behavior=6.6057 | curv_reg=0.623299 | codes=254/255/215/256 | c=0.196/0.196/0.196 | beta2=0.9990/0.9906/0.9900 | ips_g=68.6 ips/rk=17.1 | elapsed=1026.7s | eta=432.0s
  step  70760/100000 | loss=3.1834 | rl=1.3359 | vl=0.5122 | behavior=6.6612 | curv_reg=0.623299 | codes=254/256/216/256 | c=0.193/0.193/0.193 | beta2=0.9990/0.9906/0.9900 | ips_g=68.6 ips/rk=17.1 | elapsed=1031.7s | eta=426.3s
  step  71124/100000 | loss=3.1718 | rl=1.3452 | vl=0.5153 | behavior=6.5410 | curv_reg=0.623299 | codes=254/256/218/256 | c=0.191/0.191/0.191 | beta2=0.9990/0.9906/0.9900 | ips_g=68.6 ips/rk=17.2 | elapsed=1036.7s | eta=420.9s
  step  71500/100000 | loss=3.1755 | rl=1.3593 | vl=0.5264 | behavior=6.4337 | curv_reg=0.623299 | codes=254/256/218/256 | c=0.189/0.189/0.189 | beta2=0.9990/0.9906/0.9900 | ips_g=68.6 ips/rk=17.2 | elapsed=1041.7s | eta=415.2s
  step  71884/100000 | loss=3.1887 | rl=1.3456 | vl=0.5171 | behavior=6.6145 | curv_reg=0.623299 | codes=254/256/225/256 | c=0.186/0.186/0.186 | beta2=0.9990/0.9906/0.9900 | ips_g=68.7 ips/rk=17.2 | elapsed=1046.7s | eta=409.4s
  step  72256/100000 | loss=3.2122 | rl=1.3499 | vl=0.5281 | behavior=6.6555 | curv_reg=0.623299 | codes=256/256/224/256 | c=0.184/0.184/0.184 | beta2=0.9990/0.9906/0.9900 | ips_g=68.7 ips/rk=17.2 | elapsed=1051.7s | eta=403.8s
  step  72624/100000 | loss=3.1424 | rl=1.3475 | vl=0.5001 | behavior=6.4583 | curv_reg=0.623299 | codes=254/256/231/256 | c=0.181/0.181/0.181 | beta2=0.9990/0.9906/0.9900 | ips_g=68.7 ips/rk=17.2 | elapsed=1056.8s | eta=398.3s
  step  73012/100000 | loss=3.2403 | rl=1.3746 | vl=0.5390 | behavior=6.6181 | curv_reg=0.623299 | codes=254/256/232/256 | c=0.179/0.179/0.179 | beta2=0.9990/0.9906/0.9900 | ips_g=68.8 ips/rk=17.2 | elapsed=1061.8s | eta=392.5s
  step  73392/100000 | loss=3.1373 | rl=1.3255 | vl=0.5193 | behavior=6.4468 | curv_reg=0.623299 | codes=254/254/235/256 | c=0.177/0.177/0.177 | beta2=0.9990/0.9906/0.9900 | ips_g=68.8 ips/rk=17.2 | elapsed=1066.9s | eta=386.8s
  step  73764/100000 | loss=3.1938 | rl=1.3398 | vl=0.5249 | behavior=6.6298 | curv_reg=0.623299 | codes=252/256/238/256 | c=0.174/0.174/0.174 | beta2=0.9990/0.9906/0.9900 | ips_g=68.8 ips/rk=17.2 | elapsed=1071.9s | eta=381.2s
  step  74136/100000 | loss=3.2420 | rl=1.3578 | vl=0.5664 | behavior=6.5733 | curv_reg=0.623299 | codes=256/256/237/256 | c=0.172/0.172/0.172 | beta2=0.9990/0.9906/0.9900 | ips_g=68.8 ips/rk=17.2 | elapsed=1076.9s | eta=375.7s
  step  74512/100000 | loss=3.1449 | rl=1.3221 | vl=0.4976 | behavior=6.6103 | curv_reg=0.623299 | codes=254/256/241/256 | c=0.170/0.170/0.170 | beta2=0.9990/0.9906/0.9900 | ips_g=68.9 ips/rk=17.2 | elapsed=1081.9s | eta=370.1s
  step  74888/100000 | loss=3.1391 | rl=1.3191 | vl=0.5096 | behavior=6.5364 | curv_reg=0.623299 | codes=256/254/244/256 | c=0.167/0.167/0.167 | beta2=0.9990/0.9906/0.9900 | ips_g=68.9 ips/rk=17.2 | elapsed=1086.9s | eta=364.5s
  step  75264/100000 | loss=3.1306 | rl=1.3252 | vl=0.5005 | behavior=6.5090 | curv_reg=0.623299 | codes=254/256/246/256 | c=0.165/0.165/0.165 | beta2=0.9990/0.9906/0.9900 | ips_g=68.9 ips/rk=17.2 | elapsed=1092.0s | eta=358.9s
  step  75640/100000 | loss=3.0805 | rl=1.3087 | vl=0.4836 | behavior=6.4251 | curv_reg=0.623299 | codes=256/255/251/256 | c=0.162/0.162/0.162 | beta2=0.9990/0.9906/0.9900 | ips_g=68.9 ips/rk=17.2 | elapsed=1097.0s | eta=353.3s
  step  76020/100000 | loss=3.1289 | rl=1.3261 | vl=0.5056 | behavior=6.4707 | curv_reg=0.623299 | codes=255/256/249/256 | c=0.160/0.160/0.160 | beta2=0.9990/0.9906/0.9900 | ips_g=69.0 ips/rk=17.2 | elapsed=1102.1s | eta=347.6s
  step  76384/100000 | loss=3.1734 | rl=1.3354 | vl=0.5176 | behavior=6.5861 | curv_reg=0.623299 | codes=255/256/252/256 | c=0.158/0.158/0.158 | beta2=0.9990/0.9906/0.9900 | ips_g=69.0 ips/rk=17.2 | elapsed=1107.1s | eta=342.3s
  step  76760/100000 | loss=3.0678 | rl=1.3148 | vl=0.4606 | behavior=6.4462 | curv_reg=0.623299 | codes=251/256/253/256 | c=0.155/0.155/0.155 | beta2=0.9990/0.9906/0.9900 | ips_g=69.0 ips/rk=17.3 | elapsed=1112.1s | eta=336.7s
  step  77136/100000 | loss=3.1463 | rl=1.3149 | vl=0.5222 | behavior=6.5302 | curv_reg=0.623299 | codes=256/256/254/256 | c=0.153/0.153/0.153 | beta2=0.9990/0.9906/0.9900 | ips_g=69.0 ips/rk=17.3 | elapsed=1117.1s | eta=331.1s
  step  77512/100000 | loss=3.1545 | rl=1.3280 | vl=0.5245 | behavior=6.4946 | curv_reg=0.623299 | codes=254/256/255/256 | c=0.151/0.151/0.151 | beta2=0.9990/0.9906/0.9900 | ips_g=69.1 ips/rk=17.3 | elapsed=1122.1s | eta=325.5s
  step  77892/100000 | loss=3.0518 | rl=1.3024 | vl=0.4493 | behavior=6.4850 | curv_reg=0.623299 | codes=253/255/254/256 | c=0.149/0.149/0.149 | beta2=0.9990/0.9906/0.9900 | ips_g=69.1 ips/rk=17.3 | elapsed=1127.1s | eta=319.9s
  step  78272/100000 | loss=3.1647 | rl=1.3571 | vl=0.4950 | behavior=6.5471 | curv_reg=0.623299 | codes=253/255/255/256 | c=0.146/0.146/0.146 | beta2=0.9990/0.9906/0.9900 | ips_g=69.1 ips/rk=17.3 | elapsed=1132.2s | eta=314.3s
  step  78656/100000 | loss=3.1223 | rl=1.3310 | vl=0.5018 | behavior=6.4320 | curv_reg=0.623299 | codes=255/256/255/256 | c=0.144/0.144/0.144 | beta2=0.9990/0.9906/0.9900 | ips_g=69.2 ips/rk=17.3 | elapsed=1137.2s | eta=308.6s
  step  79028/100000 | loss=3.1765 | rl=1.3269 | vl=0.5309 | behavior=6.5778 | curv_reg=0.623299 | codes=256/256/256/256 | c=0.142/0.142/0.142 | beta2=0.9990/0.9906/0.9900 | ips_g=69.2 ips/rk=17.3 | elapsed=1142.2s | eta=303.1s
  step  79412/100000 | loss=3.2106 | rl=1.3334 | vl=0.5295 | behavior=6.7230 | curv_reg=0.623299 | codes=254/254/254/256 | c=0.139/0.139/0.139 | beta2=0.9990/0.9906/0.9900 | ips_g=69.2 ips/rk=17.3 | elapsed=1147.2s | eta=297.4s
  step  79784/100000 | loss=3.0800 | rl=1.2969 | vl=0.4915 | behavior=6.4422 | curv_reg=0.623299 | codes=253/254/256/256 | c=0.137/0.137/0.137 | beta2=0.9990/0.9906/0.9900 | ips_g=69.2 ips/rk=17.3 | elapsed=1152.2s | eta=292.0s
[Step12] saved /home/wlia0047/ar57/wenyu/GeneRec/results/stage2_RQ-VAE/curvature_RQ-VAE_iter28/out/rqvae/instruments/rqvae_best.pth (step=80000)
  [SID save step=80000] wrote raw 3-token SIDs /home/wlia0047/ar57/wenyu/GeneRec/results/stage2_RQ-VAE/curvature_RQ-VAE_iter28/out/rqvae/instruments/sids_raw.npy: shape=(24587, 3)
  [SID metrics step=80000] hitrate@50=0.9967 full_gini=0.0584 per_layer=[0.1988/0.1606/0.1187] unique=23092/24587 l01_pairs=14499 H_l1_given_l0=5.5739
  step  80004/100000 | loss=3.2245 | rl=1.3595 | vl=0.5399 | behavior=6.6102 | curv_reg=0.623299 | codes=255/256/255/256 | c=0.136/0.136/0.136 | beta2=0.9990/0.9906/0.9900 | ips_g=68.6 ips/rk=17.1 | elapsed=1166.9s | eta=291.7s
  step  80380/100000 | loss=3.1283 | rl=1.3243 | vl=0.5120 | behavior=6.4446 | curv_reg=0.623299 | codes=256/255/256/256 | c=0.134/0.134/0.134 | beta2=0.9990/0.9906/0.9900 | ips_g=68.6 ips/rk=17.1 | elapsed=1172.0s | eta=286.1s
  step  80740/100000 | loss=3.1048 | rl=1.3100 | vl=0.4953 | behavior=6.4818 | curv_reg=0.623299 | codes=255/254/256/256 | c=0.132/0.132/0.132 | beta2=0.9990/0.9906/0.9900 | ips_g=68.6 ips/rk=17.1 | elapsed=1177.0s | eta=280.8s
  step  81112/100000 | loss=3.1414 | rl=1.3231 | vl=0.4990 | behavior=6.5809 | curv_reg=0.623299 | codes=255/256/255/256 | c=0.129/0.129/0.129 | beta2=0.9990/0.9906/0.9900 | ips_g=68.6 ips/rk=17.2 | elapsed=1182.0s | eta=275.2s
  step  81492/100000 | loss=3.1596 | rl=1.3116 | vl=0.5125 | behavior=6.6621 | curv_reg=0.623299 | codes=255/254/255/256 | c=0.127/0.127/0.127 | beta2=0.9990/0.9906/0.9900 | ips_g=68.7 ips/rk=17.2 | elapsed=1187.0s | eta=269.6s
  step  81864/100000 | loss=3.0907 | rl=1.3026 | vl=0.4677 | behavior=6.5869 | curv_reg=0.623299 | codes=254/254/256/256 | c=0.125/0.125/0.125 | beta2=0.9990/0.9906/0.9900 | ips_g=68.7 ips/rk=17.2 | elapsed=1192.0s | eta=264.1s
  step  82240/100000 | loss=3.1213 | rl=1.3078 | vl=0.4970 | behavior=6.5672 | curv_reg=0.623299 | codes=256/255/256/256 | c=0.123/0.123/0.123 | beta2=0.9990/0.9906/0.9900 | ips_g=68.7 ips/rk=17.2 | elapsed=1197.1s | eta=258.5s
  step  82608/100000 | loss=3.0671 | rl=1.3042 | vl=0.4710 | behavior=6.4442 | curv_reg=0.623299 | codes=254/255/253/256 | c=0.121/0.121/0.121 | beta2=0.9990/0.9906/0.9900 | ips_g=68.7 ips/rk=17.2 | elapsed=1202.1s | eta=253.1s
  step  82980/100000 | loss=3.0664 | rl=1.2926 | vl=0.4806 | behavior=6.4499 | curv_reg=0.623299 | codes=253/255/256/256 | c=0.119/0.119/0.119 | beta2=0.9990/0.9906/0.9900 | ips_g=68.7 ips/rk=17.2 | elapsed=1207.1s | eta=247.6s
  step  83352/100000 | loss=3.1933 | rl=1.3352 | vl=0.5497 | behavior=6.5265 | curv_reg=0.623299 | codes=256/255/256/256 | c=0.117/0.117/0.117 | beta2=0.9990/0.9906/0.9900 | ips_g=68.8 ips/rk=17.2 | elapsed=1212.1s | eta=242.1s
  step  83728/100000 | loss=3.1795 | rl=1.3107 | vl=0.5490 | behavior=6.5836 | curv_reg=0.623299 | codes=256/256/256/256 | c=0.115/0.115/0.115 | beta2=0.9990/0.9906/0.9900 | ips_g=68.8 ips/rk=17.2 | elapsed=1217.2s | eta=236.6s
  step  84100/100000 | loss=3.0919 | rl=1.2993 | vl=0.4912 | behavior=6.4915 | curv_reg=0.623299 | codes=253/256/255/256 | c=0.113/0.113/0.113 | beta2=0.9990/0.9906/0.9900 | ips_g=68.8 ips/rk=17.2 | elapsed=1222.2s | eta=231.1s
  step  84468/100000 | loss=3.1481 | rl=1.3112 | vl=0.5144 | behavior=6.5968 | curv_reg=0.623299 | codes=255/256/256/256 | c=0.111/0.111/0.111 | beta2=0.9990/0.9906/0.9900 | ips_g=68.8 ips/rk=17.2 | elapsed=1227.2s | eta=225.7s
  step  84832/100000 | loss=3.1204 | rl=1.3054 | vl=0.5040 | behavior=6.5392 | curv_reg=0.623299 | codes=254/255/256/256 | c=0.109/0.109/0.109 | beta2=0.9990/0.9906/0.9900 | ips_g=68.8 ips/rk=17.2 | elapsed=1232.2s | eta=220.3s
  step  85208/100000 | loss=3.2488 | rl=1.3561 | vl=0.5398 | behavior=6.7496 | curv_reg=0.623299 | codes=256/256/254/256 | c=0.107/0.107/0.107 | beta2=0.9990/0.9906/0.9900 | ips_g=68.9 ips/rk=17.2 | elapsed=1237.2s | eta=214.8s
  step  85552/100000 | loss=3.1317 | rl=1.3018 | vl=0.5078 | behavior=6.5947 | curv_reg=0.623299 | codes=254/256/256/256 | c=0.105/0.105/0.105 | beta2=0.9990/0.9906/0.9900 | ips_g=68.9 ips/rk=17.2 | elapsed=1242.3s | eta=209.8s
  step  85928/100000 | loss=3.1013 | rl=1.3018 | vl=0.4982 | behavior=6.4911 | curv_reg=0.623299 | codes=255/255/254/256 | c=0.104/0.104/0.104 | beta2=0.9990/0.9906/0.9900 | ips_g=68.9 ips/rk=17.2 | elapsed=1247.3s | eta=204.3s
  step  86300/100000 | loss=3.1099 | rl=1.2928 | vl=0.4899 | behavior=6.6206 | curv_reg=0.623299 | codes=252/253/256/256 | c=0.102/0.102/0.102 | beta2=0.9990/0.9906/0.9900 | ips_g=68.9 ips/rk=17.2 | elapsed=1252.3s | eta=198.8s
  step  86684/100000 | loss=3.0601 | rl=1.2821 | vl=0.4796 | behavior=6.4759 | curv_reg=0.623299 | codes=256/256/254/256 | c=0.100/0.100/0.100 | beta2=0.9990/0.9906/0.9900 | ips_g=68.9 ips/rk=17.2 | elapsed=1257.3s | eta=193.1s
  step  87052/100000 | loss=3.1966 | rl=1.3238 | vl=0.5326 | behavior=6.6853 | curv_reg=0.623299 | codes=255/255/256/256 | c=0.098/0.098/0.098 | beta2=0.9990/0.9906/0.9900 | ips_g=69.0 ips/rk=17.2 | elapsed=1262.3s | eta=187.8s
  step  87432/100000 | loss=3.0865 | rl=1.3035 | vl=0.4824 | behavior=6.4873 | curv_reg=0.623299 | codes=251/254/256/256 | c=0.096/0.096/0.096 | beta2=0.9990/0.9906/0.9900 | ips_g=69.0 ips/rk=17.2 | elapsed=1267.3s | eta=182.2s
  step  87812/100000 | loss=3.2211 | rl=1.3381 | vl=0.5510 | behavior=6.6447 | curv_reg=0.623299 | codes=255/255/255/256 | c=0.094/0.094/0.094 | beta2=0.9990/0.9906/0.9900 | ips_g=69.0 ips/rk=17.3 | elapsed=1272.4s | eta=176.6s
  step  88192/100000 | loss=3.1272 | rl=1.3174 | vl=0.4855 | behavior=6.6059 | curv_reg=0.623299 | codes=255/256/255/256 | c=0.093/0.093/0.093 | beta2=0.9990/0.9906/0.9900 | ips_g=69.0 ips/rk=17.3 | elapsed=1277.4s | eta=171.0s
  step  88572/100000 | loss=3.1115 | rl=1.2928 | vl=0.5024 | behavior=6.5653 | curv_reg=0.623299 | codes=255/256/255/256 | c=0.091/0.091/0.091 | beta2=0.9990/0.9906/0.9900 | ips_g=69.1 ips/rk=17.3 | elapsed=1282.4s | eta=165.5s
  step  88948/100000 | loss=3.0431 | rl=1.2815 | vl=0.4653 | behavior=6.4664 | curv_reg=0.623299 | codes=253/255/255/256 | c=0.089/0.089/0.089 | beta2=0.9990/0.9906/0.9900 | ips_g=69.1 ips/rk=17.3 | elapsed=1287.5s | eta=160.0s
  step  89324/100000 | loss=3.0676 | rl=1.3064 | vl=0.4561 | behavior=6.5093 | curv_reg=0.623299 | codes=253/255/256/256 | c=0.088/0.088/0.088 | beta2=0.9990/0.9906/0.9900 | ips_g=69.1 ips/rk=17.3 | elapsed=1292.5s | eta=154.5s
  step  89700/100000 | loss=3.1156 | rl=1.2980 | vl=0.4986 | behavior=6.5795 | curv_reg=0.623299 | codes=255/256/255/256 | c=0.086/0.086/0.086 | beta2=0.9990/0.9906/0.9900 | ips_g=69.1 ips/rk=17.3 | elapsed=1297.5s | eta=149.0s
[Step12] saved /home/wlia0047/ar57/wenyu/GeneRec/results/stage2_RQ-VAE/curvature_RQ-VAE_iter28/out/rqvae/instruments/rqvae_best.pth (step=90000)
  [SID save step=90000] wrote raw 3-token SIDs /home/wlia0047/ar57/wenyu/GeneRec/results/stage2_RQ-VAE/curvature_RQ-VAE_iter28/out/rqvae/instruments/sids_raw.npy: shape=(24587, 3)
  [SID metrics step=90000] hitrate@50=0.9965 full_gini=0.0603 per_layer=[0.2090/0.1873/0.1406] unique=23041/24587 l01_pairs=14307 H_l1_given_l0=5.5465
  step  90004/100000 | loss=3.1325 | rl=1.2891 | vl=0.5185 | behavior=6.6091 | curv_reg=0.623299 | codes=255/256/255/256 | c=0.085/0.085/0.085 | beta2=0.9990/0.9906/0.9900 | ips_g=68.5 ips/rk=17.1 | elapsed=1313.4s | eta=145.9s
  step  90388/100000 | loss=3.0825 | rl=1.2767 | vl=0.4852 | behavior=6.5871 | curv_reg=0.623299 | codes=255/254/256/256 | c=0.083/0.083/0.083 | beta2=0.9990/0.9906/0.9900 | ips_g=68.6 ips/rk=17.1 | elapsed=1318.4s | eta=140.2s
  step  90768/100000 | loss=3.1418 | rl=1.3053 | vl=0.5124 | behavior=6.6048 | curv_reg=0.623299 | codes=256/254/256/256 | c=0.081/0.081/0.081 | beta2=0.9990/0.9906/0.9900 | ips_g=68.6 ips/rk=17.1 | elapsed=1323.4s | eta=134.6s
  step  91144/100000 | loss=3.0700 | rl=1.2691 | vl=0.4807 | behavior=6.5851 | curv_reg=0.623299 | codes=253/253/255/256 | c=0.080/0.080/0.080 | beta2=0.9990/0.9906/0.9900 | ips_g=68.6 ips/rk=17.2 | elapsed=1328.4s | eta=129.1s
  step  91524/100000 | loss=3.1872 | rl=1.3057 | vl=0.5452 | behavior=6.6661 | curv_reg=0.623299 | codes=255/255/255/256 | c=0.078/0.078/0.078 | beta2=0.9990/0.9906/0.9900 | ips_g=68.6 ips/rk=17.2 | elapsed=1333.4s | eta=123.5s
  step  91900/100000 | loss=3.0558 | rl=1.2813 | vl=0.4825 | behavior=6.4447 | curv_reg=0.623299 | codes=255/254/256/256 | c=0.077/0.077/0.077 | beta2=0.9990/0.9906/0.9900 | ips_g=68.7 ips/rk=17.2 | elapsed=1338.4s | eta=118.0s
  step  92272/100000 | loss=3.1652 | rl=1.3001 | vl=0.5369 | behavior=6.6253 | curv_reg=0.623299 | codes=254/256/256/256 | c=0.075/0.075/0.075 | beta2=0.9990/0.9906/0.9900 | ips_g=68.7 ips/rk=17.2 | elapsed=1343.5s | eta=112.5s
  step  92652/100000 | loss=3.1367 | rl=1.2995 | vl=0.5144 | behavior=6.5985 | curv_reg=0.623299 | codes=255/256/252/256 | c=0.074/0.074/0.074 | beta2=0.9990/0.9906/0.9900 | ips_g=68.7 ips/rk=17.2 | elapsed=1348.5s | eta=106.9s
  step  93028/100000 | loss=3.0829 | rl=1.2828 | vl=0.4808 | behavior=6.5806 | curv_reg=0.623299 | codes=253/255/253/256 | c=0.072/0.072/0.072 | beta2=0.9990/0.9906/0.9900 | ips_g=68.7 ips/rk=17.2 | elapsed=1353.6s | eta=101.4s
  step  93412/100000 | loss=3.1108 | rl=1.3123 | vl=0.4974 | behavior=6.4899 | curv_reg=0.623299 | codes=253/254/255/256 | c=0.071/0.071/0.071 | beta2=0.9990/0.9906/0.9900 | ips_g=68.8 ips/rk=17.2 | elapsed=1358.6s | eta=95.8s
  step  93788/100000 | loss=3.1100 | rl=1.3153 | vl=0.4873 | behavior=6.5217 | curv_reg=0.623299 | codes=254/254/254/256 | c=0.070/0.070/0.070 | beta2=0.9990/0.9906/0.9900 | ips_g=68.8 ips/rk=17.2 | elapsed=1363.6s | eta=90.3s
  step  94168/100000 | loss=3.0727 | rl=1.2996 | vl=0.4651 | behavior=6.5248 | curv_reg=0.623299 | codes=251/253/255/256 | c=0.068/0.068/0.068 | beta2=0.9990/0.9906/0.9900 | ips_g=68.8 ips/rk=17.2 | elapsed=1368.6s | eta=84.8s
  step  94544/100000 | loss=3.1473 | rl=1.2947 | vl=0.5330 | behavior=6.5827 | curv_reg=0.623299 | codes=255/254/256/256 | c=0.067/0.067/0.067 | beta2=0.9990/0.9906/0.9900 | ips_g=68.8 ips/rk=17.2 | elapsed=1373.6s | eta=79.3s
  step  94928/100000 | loss=3.1098 | rl=1.2944 | vl=0.4999 | behavior=6.5621 | curv_reg=0.623299 | codes=254/253/255/256 | c=0.065/0.065/0.065 | beta2=0.9990/0.9906/0.9900 | ips_g=68.9 ips/rk=17.2 | elapsed=1378.7s | eta=73.7s
  step  95300/100000 | loss=3.1307 | rl=1.3144 | vl=0.5191 | behavior=6.4702 | curv_reg=0.623299 | codes=254/255/253/256 | c=0.064/0.064/0.064 | beta2=0.9990/0.9906/0.9900 | ips_g=68.9 ips/rk=17.2 | elapsed=1383.7s | eta=68.2s
  step  95680/100000 | loss=3.0946 | rl=1.2811 | vl=0.5167 | behavior=6.4687 | curv_reg=0.623299 | codes=251/254/255/256 | c=0.063/0.063/0.063 | beta2=0.9990/0.9906/0.9900 | ips_g=68.9 ips/rk=17.2 | elapsed=1388.7s | eta=62.7s
  step  96060/100000 | loss=3.1276 | rl=1.2987 | vl=0.5224 | behavior=6.5169 | curv_reg=0.623299 | codes=253/254/252/256 | c=0.062/0.062/0.062 | beta2=0.9990/0.9906/0.9900 | ips_g=68.9 ips/rk=17.2 | elapsed=1393.7s | eta=57.2s
  step  96436/100000 | loss=3.1464 | rl=1.2966 | vl=0.5326 | behavior=6.5704 | curv_reg=0.623299 | codes=254/254/255/256 | c=0.060/0.060/0.060 | beta2=0.9990/0.9906/0.9900 | ips_g=68.9 ips/rk=17.2 | elapsed=1398.8s | eta=51.7s
  step  96812/100000 | loss=3.1883 | rl=1.3296 | vl=0.5411 | behavior=6.5727 | curv_reg=0.623299 | codes=255/253/254/256 | c=0.059/0.059/0.059 | beta2=0.9990/0.9906/0.9900 | ips_g=69.0 ips/rk=17.2 | elapsed=1403.8s | eta=46.2s
  step  97184/100000 | loss=3.1958 | rl=1.3306 | vl=0.5383 | behavior=6.6187 | curv_reg=0.623299 | codes=253/255/256/256 | c=0.058/0.058/0.058 | beta2=0.9990/0.9906/0.9900 | ips_g=69.0 ips/rk=17.2 | elapsed=1408.8s | eta=40.8s
  step  97560/100000 | loss=3.0698 | rl=1.2690 | vl=0.4849 | behavior=6.5639 | curv_reg=0.623299 | codes=251/255/252/256 | c=0.057/0.057/0.057 | beta2=0.9990/0.9906/0.9900 | ips_g=69.0 ips/rk=17.3 | elapsed=1413.9s | eta=35.4s
  step  97928/100000 | loss=3.1242 | rl=1.3051 | vl=0.5309 | behavior=6.4258 | curv_reg=0.623299 | codes=253/255/254/256 | c=0.056/0.056/0.056 | beta2=0.9990/0.9906/0.9900 | ips_g=69.0 ips/rk=17.3 | elapsed=1418.9s | eta=30.0s
  step  98312/100000 | loss=3.1717 | rl=1.3092 | vl=0.5499 | behavior=6.5469 | curv_reg=0.623299 | codes=253/254/254/256 | c=0.055/0.055/0.055 | beta2=0.9990/0.9906/0.9900 | ips_g=69.0 ips/rk=17.3 | elapsed=1423.9s | eta=24.4s
  step  98688/100000 | loss=3.1039 | rl=1.2713 | vl=0.5114 | behavior=6.5906 | curv_reg=0.623299 | codes=255/252/254/256 | c=0.054/0.054/0.054 | beta2=0.9990/0.9906/0.9900 | ips_g=69.1 ips/rk=17.3 | elapsed=1428.9s | eta=19.0s
  step  99072/100000 | loss=3.2338 | rl=1.3143 | vl=0.5994 | behavior=6.5851 | curv_reg=0.623299 | codes=256/256/255/256 | c=0.053/0.053/0.053 | beta2=0.9990/0.9906/0.9900 | ips_g=69.1 ips/rk=17.3 | elapsed=1433.9s | eta=13.4s
  step  99452/100000 | loss=3.1907 | rl=1.3122 | vl=0.5552 | behavior=6.6009 | curv_reg=0.623299 | codes=256/255/255/256 | c=0.051/0.051/0.051 | beta2=0.9990/0.9906/0.9900 | ips_g=69.1 ips/rk=17.3 | elapsed=1439.0s | eta=7.9s
  step  99836/100000 | loss=3.1810 | rl=1.3038 | vl=0.5562 | behavior=6.5897 | curv_reg=0.623299 | codes=252/255/254/256 | c=0.050/0.050/0.050 | beta2=0.9990/0.9906/0.9900 | ips_g=69.1 ips/rk=17.3 | elapsed=1444.0s | eta=2.4s
[Step12] saved /home/wlia0047/ar57/wenyu/GeneRec/results/stage2_RQ-VAE/curvature_RQ-VAE_iter28/out/rqvae/instruments/rqvae_best.pth (step=100000)
  [SID save step=100000] wrote raw 3-token SIDs /home/wlia0047/ar57/wenyu/GeneRec/results/stage2_RQ-VAE/curvature_RQ-VAE_iter28/out/rqvae/instruments/sids_raw.npy: shape=(24587, 3)
  [SID metrics step=100000] hitrate@50=0.9966 full_gini=0.0625 per_layer=[0.2183/0.2067/0.1565] unique=22985/24587 l01_pairs=14269 H_l1_given_l0=5.5462
[export] 3-token unique=22985/24587 (collision rows=1602) -> extension 值域 [768, 807] (default=768)
[export] wrote /home/wlia0047/ar57/wenyu/GeneRec/results/stage2_RQ-VAE/curvature_RQ-VAE_iter28/dataset/Instruments/sids_for_hgrec.npy: shape=(24587, 4)
[export] wrote /home/wlia0047/ar57/wenyu/GeneRec/results/stage2_RQ-VAE/curvature_RQ-VAE_iter28/item_sids.json: n_items=24587
[export] SID_WIRING_PASS: 4-token extension npy + JSON 校验通过
[train] done at global_step=100000, total time=1458.1s
