2026-10-04 03:05:27,595 - INFO - Configuration: {'batch_size': 4096, 'infer_size': 1024, 'num_epochs': 150, 'eval_interval': 5, 'eval_start_epoch': 75, 'early_eval_epochs': (25, 50, 75, 100, 125), 'fast': True, 'bf16': True, 'use_lr_scheduler': True, 'lr_warmup_pct': 0.1, 'lr_min_factor': 0.2, 'compile': False, 'compile_mode': 'default', 'num_layers': 4, 'num_decoder_layers': 4, 'd_model': 128, 'd_ff': 1024, 'num_heads': 6, 'd_kv': 64, 'dropout_rate': 0.1, 'activation_function': 'relu', 'feed_forward_proj': 'relu', 'device': 'cuda', 'lr': 0.003, 'weight_decay': 0.05, 'vocab_size': 774, 'eos_token_id': 773, 'pad_token_id': 0, 'n_user_tokens': 1, 'max_len': 20, 'dataset_name': 'Amazon_2023_Instruments', 'dataset_path': '/home/wlia0047/ar57/wenyu/GeneRec/results/stage0_build_parquet/', 'codebook_size': [256, 256, 256, 1], 'code_path': '/fs04/ar57/wenyu/GeneRec/results/stage2_RQ-VAE/curvature_RQ-VAE/item_sids.json', 'train_file': 'train.parquet', 'valid_file': 'valid.parquet', 'test_file': 'test.parquet', 'log_path': '/fs04/ar57/wenyu/GeneRec/results/stage3_T5Train/curvature_RQ-VAE/logs/', 'save_path': '/fs04/ar57/wenyu/GeneRec/results/stage3_T5Train/curvature_RQ-VAE/ckpt/', 'seed': 42, 'topk_list': [5, 10], 'beam_size': 20, 'no_eval': True, 'skip_test': False, 'screen_baseline_log': '', 'screen_start_epoch': 40, 'screen_window': 5, 'screen_min_ndcg_gain': 0.001, 'screen_min_recall_gain': 0.001, 'num_workers': 4, 'prefetch_factor': 8, 'exclude_history': True, 'no_exclude_history': False, 'pin_memory': True, 'no_pin_memory': False, 'sid_length': 4, 'max_token_seq_len': 82, 'decoder_start_token_id': 0}
2026-10-04 03:05:27,646 - INFO - #Embedding parameters: 99072
#Non-embedding parameters: 4459648
#Total trainable parameters: 4558720

2026-10-04 03:05:41,571 - INFO - Epoch 1/150 train_loss=4.748099403381348
2026-10-04 03:05:41,650 - INFO - Best train loss=4.748099403381348; saved /fs04/ar57/wenyu/GeneRec/results/stage3_T5Train/curvature_RQ-VAE/ckpt/Amazon_2023_Instruments/Oct-04-2026_03-05-27/HG_Rec_best.pth
2026-10-04 03:05:53,272 - INFO - Epoch 2/150 train_loss=4.059317264556885
2026-10-04 03:05:53,308 - INFO - Best train loss=4.059317264556885; saved /fs04/ar57/wenyu/GeneRec/results/stage3_T5Train/curvature_RQ-VAE/ckpt/Amazon_2023_Instruments/Oct-04-2026_03-05-27/HG_Rec_best.pth
2026-10-04 03:06:04,896 - INFO - Epoch 3/150 train_loss=3.8622541999816895
2026-10-04 03:06:04,932 - INFO - Best train loss=3.8622541999816895; saved /fs04/ar57/wenyu/GeneRec/results/stage3_T5Train/curvature_RQ-VAE/ckpt/Amazon_2023_Instruments/Oct-04-2026_03-05-27/HG_Rec_best.pth
2026-10-04 03:06:16,532 - INFO - Epoch 4/150 train_loss=3.7214518547058106
2026-10-04 03:06:16,569 - INFO - Best train loss=3.7214518547058106; saved /fs04/ar57/wenyu/GeneRec/results/stage3_T5Train/curvature_RQ-VAE/ckpt/Amazon_2023_Instruments/Oct-04-2026_03-05-27/HG_Rec_best.pth
2026-10-04 03:06:28,182 - INFO - Epoch 5/150 train_loss=3.6016668701171874
2026-10-04 03:06:28,218 - INFO - Best train loss=3.6016668701171874; saved /fs04/ar57/wenyu/GeneRec/results/stage3_T5Train/curvature_RQ-VAE/ckpt/Amazon_2023_Instruments/Oct-04-2026_03-05-27/HG_Rec_best.pth
2026-10-04 03:06:39,821 - INFO - Epoch 6/150 train_loss=3.621655960083008
2026-10-04 03:06:51,414 - INFO - Epoch 7/150 train_loss=3.471876735687256
2026-10-04 03:06:51,465 - INFO - Best train loss=3.471876735687256; saved /fs04/ar57/wenyu/GeneRec/results/stage3_T5Train/curvature_RQ-VAE/ckpt/Amazon_2023_Instruments/Oct-04-2026_03-05-27/HG_Rec_best.pth
2026-10-04 03:07:03,065 - INFO - Epoch 8/150 train_loss=3.3999087524414064
2026-10-04 03:07:03,104 - INFO - Best train loss=3.3999087524414064; saved /fs04/ar57/wenyu/GeneRec/results/stage3_T5Train/curvature_RQ-VAE/ckpt/Amazon_2023_Instruments/Oct-04-2026_03-05-27/HG_Rec_best.pth
2026-10-04 03:07:14,708 - INFO - Epoch 9/150 train_loss=3.3306893634796144
2026-10-04 03:07:14,744 - INFO - Best train loss=3.3306893634796144; saved /fs04/ar57/wenyu/GeneRec/results/stage3_T5Train/curvature_RQ-VAE/ckpt/Amazon_2023_Instruments/Oct-04-2026_03-05-27/HG_Rec_best.pth
2026-10-04 03:07:26,349 - INFO - Epoch 10/150 train_loss=3.26078161239624
2026-10-04 03:07:26,384 - INFO - Best train loss=3.26078161239624; saved /fs04/ar57/wenyu/GeneRec/results/stage3_T5Train/curvature_RQ-VAE/ckpt/Amazon_2023_Instruments/Oct-04-2026_03-05-27/HG_Rec_best.pth
2026-10-04 03:07:37,982 - INFO - Epoch 11/150 train_loss=3.1853481483459474
2026-10-04 03:07:38,018 - INFO - Best train loss=3.1853481483459474; saved /fs04/ar57/wenyu/GeneRec/results/stage3_T5Train/curvature_RQ-VAE/ckpt/Amazon_2023_Instruments/Oct-04-2026_03-05-27/HG_Rec_best.pth
2026-10-04 03:07:49,615 - INFO - Epoch 12/150 train_loss=3.1144527435302733
2026-10-04 03:07:49,651 - INFO - Best train loss=3.1144527435302733; saved /fs04/ar57/wenyu/GeneRec/results/stage3_T5Train/curvature_RQ-VAE/ckpt/Amazon_2023_Instruments/Oct-04-2026_03-05-27/HG_Rec_best.pth
2026-10-04 03:08:01,263 - INFO - Epoch 13/150 train_loss=3.4557468700408935
2026-10-04 03:08:12,870 - INFO - Epoch 14/150 train_loss=3.299551067352295
2026-10-04 03:08:24,473 - INFO - Epoch 15/150 train_loss=3.2272104167938234
2026-10-04 03:08:36,074 - INFO - Epoch 16/150 train_loss=3.1630958938598632
2026-10-04 03:08:47,677 - INFO - Epoch 17/150 train_loss=3.155538263320923
2026-10-04 03:08:59,813 - INFO - Epoch 18/150 train_loss=3.1194554424285887
2026-10-04 03:09:11,437 - INFO - Epoch 19/150 train_loss=3.07196759223938
2026-10-04 03:09:11,479 - INFO - Best train loss=3.07196759223938; saved /fs04/ar57/wenyu/GeneRec/results/stage3_T5Train/curvature_RQ-VAE/ckpt/Amazon_2023_Instruments/Oct-04-2026_03-05-27/HG_Rec_best.pth
2026-10-04 03:09:23,074 - INFO - Epoch 20/150 train_loss=3.0381643867492674
2026-10-04 03:09:23,113 - INFO - Best train loss=3.0381643867492674; saved /fs04/ar57/wenyu/GeneRec/results/stage3_T5Train/curvature_RQ-VAE/ckpt/Amazon_2023_Instruments/Oct-04-2026_03-05-27/HG_Rec_best.pth
2026-10-04 03:09:34,712 - INFO - Epoch 21/150 train_loss=3.026152868270874
2026-10-04 03:09:34,748 - INFO - Best train loss=3.026152868270874; saved /fs04/ar57/wenyu/GeneRec/results/stage3_T5Train/curvature_RQ-VAE/ckpt/Amazon_2023_Instruments/Oct-04-2026_03-05-27/HG_Rec_best.pth
2026-10-04 03:09:46,339 - INFO - Epoch 22/150 train_loss=2.9899884414672853
2026-10-04 03:09:46,376 - INFO - Best train loss=2.9899884414672853; saved /fs04/ar57/wenyu/GeneRec/results/stage3_T5Train/curvature_RQ-VAE/ckpt/Amazon_2023_Instruments/Oct-04-2026_03-05-27/HG_Rec_best.pth
2026-10-04 03:09:57,970 - INFO - Epoch 23/150 train_loss=2.944056177139282
2026-10-04 03:09:58,010 - INFO - Best train loss=2.944056177139282; saved /fs04/ar57/wenyu/GeneRec/results/stage3_T5Train/curvature_RQ-VAE/ckpt/Amazon_2023_Instruments/Oct-04-2026_03-05-27/HG_Rec_best.pth
2026-10-04 03:10:09,606 - INFO - Epoch 24/150 train_loss=2.9012997341156006
2026-10-04 03:10:09,642 - INFO - Best train loss=2.9012997341156006; saved /fs04/ar57/wenyu/GeneRec/results/stage3_T5Train/curvature_RQ-VAE/ckpt/Amazon_2023_Instruments/Oct-04-2026_03-05-27/HG_Rec_best.pth
2026-10-04 03:10:21,244 - INFO - Epoch 25/150 train_loss=2.858293972015381
2026-10-04 03:10:21,279 - INFO - Best train loss=2.858293972015381; saved /fs04/ar57/wenyu/GeneRec/results/stage3_T5Train/curvature_RQ-VAE/ckpt/Amazon_2023_Instruments/Oct-04-2026_03-05-27/HG_Rec_best.pth
2026-10-04 03:10:32,877 - INFO - Epoch 26/150 train_loss=2.8330461978912354
2026-10-04 03:10:32,916 - INFO - Best train loss=2.8330461978912354; saved /fs04/ar57/wenyu/GeneRec/results/stage3_T5Train/curvature_RQ-VAE/ckpt/Amazon_2023_Instruments/Oct-04-2026_03-05-27/HG_Rec_best.pth
2026-10-04 03:10:44,515 - INFO - Epoch 27/150 train_loss=2.810049591064453
2026-10-04 03:10:44,551 - INFO - Best train loss=2.810049591064453; saved /fs04/ar57/wenyu/GeneRec/results/stage3_T5Train/curvature_RQ-VAE/ckpt/Amazon_2023_Instruments/Oct-04-2026_03-05-27/HG_Rec_best.pth
2026-10-04 03:10:56,149 - INFO - Epoch 28/150 train_loss=2.7696399974822996
2026-10-04 03:10:56,185 - INFO - Best train loss=2.7696399974822996; saved /fs04/ar57/wenyu/GeneRec/results/stage3_T5Train/curvature_RQ-VAE/ckpt/Amazon_2023_Instruments/Oct-04-2026_03-05-27/HG_Rec_best.pth
2026-10-04 03:11:07,783 - INFO - Epoch 29/150 train_loss=2.7319993495941164
2026-10-04 03:11:07,821 - INFO - Best train loss=2.7319993495941164; saved /fs04/ar57/wenyu/GeneRec/results/stage3_T5Train/curvature_RQ-VAE/ckpt/Amazon_2023_Instruments/Oct-04-2026_03-05-27/HG_Rec_best.pth
2026-10-04 03:11:19,427 - INFO - Epoch 30/150 train_loss=2.7018894386291503
2026-10-04 03:11:19,462 - INFO - Best train loss=2.7018894386291503; saved /fs04/ar57/wenyu/GeneRec/results/stage3_T5Train/curvature_RQ-VAE/ckpt/Amazon_2023_Instruments/Oct-04-2026_03-05-27/HG_Rec_best.pth
2026-10-04 03:11:31,076 - INFO - Epoch 31/150 train_loss=2.67440354347229
2026-10-04 03:11:31,112 - INFO - Best train loss=2.67440354347229; saved /fs04/ar57/wenyu/GeneRec/results/stage3_T5Train/curvature_RQ-VAE/ckpt/Amazon_2023_Instruments/Oct-04-2026_03-05-27/HG_Rec_best.pth
2026-10-04 03:11:42,723 - INFO - Epoch 32/150 train_loss=2.6449694442749023
2026-10-04 03:11:42,758 - INFO - Best train loss=2.6449694442749023; saved /fs04/ar57/wenyu/GeneRec/results/stage3_T5Train/curvature_RQ-VAE/ckpt/Amazon_2023_Instruments/Oct-04-2026_03-05-27/HG_Rec_best.pth
2026-10-04 03:11:54,369 - INFO - Epoch 33/150 train_loss=2.60958438873291
2026-10-04 03:11:54,404 - INFO - Best train loss=2.60958438873291; saved /fs04/ar57/wenyu/GeneRec/results/stage3_T5Train/curvature_RQ-VAE/ckpt/Amazon_2023_Instruments/Oct-04-2026_03-05-27/HG_Rec_best.pth
2026-10-04 03:12:06,015 - INFO - Epoch 34/150 train_loss=2.58051100730896
2026-10-04 03:12:06,050 - INFO - Best train loss=2.58051100730896; saved /fs04/ar57/wenyu/GeneRec/results/stage3_T5Train/curvature_RQ-VAE/ckpt/Amazon_2023_Instruments/Oct-04-2026_03-05-27/HG_Rec_best.pth
2026-10-04 03:12:17,656 - INFO - Epoch 35/150 train_loss=2.5546113204956056
2026-10-04 03:12:17,693 - INFO - Best train loss=2.5546113204956056; saved /fs04/ar57/wenyu/GeneRec/results/stage3_T5Train/curvature_RQ-VAE/ckpt/Amazon_2023_Instruments/Oct-04-2026_03-05-27/HG_Rec_best.pth
2026-10-04 03:12:29,292 - INFO - Epoch 36/150 train_loss=2.5296328353881834
2026-10-04 03:12:29,335 - INFO - Best train loss=2.5296328353881834; saved /fs04/ar57/wenyu/GeneRec/results/stage3_T5Train/curvature_RQ-VAE/ckpt/Amazon_2023_Instruments/Oct-04-2026_03-05-27/HG_Rec_best.pth
2026-10-04 03:12:40,942 - INFO - Epoch 37/150 train_loss=2.498691339492798
2026-10-04 03:12:40,983 - INFO - Best train loss=2.498691339492798; saved /fs04/ar57/wenyu/GeneRec/results/stage3_T5Train/curvature_RQ-VAE/ckpt/Amazon_2023_Instruments/Oct-04-2026_03-05-27/HG_Rec_best.pth
2026-10-04 03:12:52,597 - INFO - Epoch 38/150 train_loss=2.4737913990020752
2026-10-04 03:12:52,633 - INFO - Best train loss=2.4737913990020752; saved /fs04/ar57/wenyu/GeneRec/results/stage3_T5Train/curvature_RQ-VAE/ckpt/Amazon_2023_Instruments/Oct-04-2026_03-05-27/HG_Rec_best.pth
2026-10-04 03:13:04,238 - INFO - Epoch 39/150 train_loss=2.4551824951171874
2026-10-04 03:13:04,276 - INFO - Best train loss=2.4551824951171874; saved /fs04/ar57/wenyu/GeneRec/results/stage3_T5Train/curvature_RQ-VAE/ckpt/Amazon_2023_Instruments/Oct-04-2026_03-05-27/HG_Rec_best.pth
2026-10-04 03:13:15,877 - INFO - Epoch 40/150 train_loss=2.434428262710571
2026-10-04 03:13:15,916 - INFO - Best train loss=2.434428262710571; saved /fs04/ar57/wenyu/GeneRec/results/stage3_T5Train/curvature_RQ-VAE/ckpt/Amazon_2023_Instruments/Oct-04-2026_03-05-27/HG_Rec_best.pth
2026-10-04 03:13:27,516 - INFO - Epoch 41/150 train_loss=2.4210166358947753
2026-10-04 03:13:27,553 - INFO - Best train loss=2.4210166358947753; saved /fs04/ar57/wenyu/GeneRec/results/stage3_T5Train/curvature_RQ-VAE/ckpt/Amazon_2023_Instruments/Oct-04-2026_03-05-27/HG_Rec_best.pth
2026-10-04 03:13:39,149 - INFO - Epoch 42/150 train_loss=2.3967486572265626
2026-10-04 03:13:39,186 - INFO - Best train loss=2.3967486572265626; saved /fs04/ar57/wenyu/GeneRec/results/stage3_T5Train/curvature_RQ-VAE/ckpt/Amazon_2023_Instruments/Oct-04-2026_03-05-27/HG_Rec_best.pth
2026-10-04 03:13:50,818 - INFO - Epoch 43/150 train_loss=2.370402317047119
2026-10-04 03:13:51,262 - INFO - Best train loss=2.370402317047119; saved /fs04/ar57/wenyu/GeneRec/results/stage3_T5Train/curvature_RQ-VAE/ckpt/Amazon_2023_Instruments/Oct-04-2026_03-05-27/HG_Rec_best.pth
2026-10-04 03:14:02,862 - INFO - Epoch 44/150 train_loss=2.3424624538421632
2026-10-04 03:14:02,900 - INFO - Best train loss=2.3424624538421632; saved /fs04/ar57/wenyu/GeneRec/results/stage3_T5Train/curvature_RQ-VAE/ckpt/Amazon_2023_Instruments/Oct-04-2026_03-05-27/HG_Rec_best.pth
2026-10-04 03:14:14,501 - INFO - Epoch 45/150 train_loss=2.3230143070220945
2026-10-04 03:14:14,539 - INFO - Best train loss=2.3230143070220945; saved /fs04/ar57/wenyu/GeneRec/results/stage3_T5Train/curvature_RQ-VAE/ckpt/Amazon_2023_Instruments/Oct-04-2026_03-05-27/HG_Rec_best.pth
2026-10-04 03:14:26,140 - INFO - Epoch 46/150 train_loss=2.295357446670532
2026-10-04 03:14:26,176 - INFO - Best train loss=2.295357446670532; saved /fs04/ar57/wenyu/GeneRec/results/stage3_T5Train/curvature_RQ-VAE/ckpt/Amazon_2023_Instruments/Oct-04-2026_03-05-27/HG_Rec_best.pth
2026-10-04 03:14:37,781 - INFO - Epoch 47/150 train_loss=2.272131185531616
2026-10-04 03:14:37,819 - INFO - Best train loss=2.272131185531616; saved /fs04/ar57/wenyu/GeneRec/results/stage3_T5Train/curvature_RQ-VAE/ckpt/Amazon_2023_Instruments/Oct-04-2026_03-05-27/HG_Rec_best.pth
2026-10-04 03:14:49,415 - INFO - Epoch 48/150 train_loss=2.253915910720825
2026-10-04 03:14:49,450 - INFO - Best train loss=2.253915910720825; saved /fs04/ar57/wenyu/GeneRec/results/stage3_T5Train/curvature_RQ-VAE/ckpt/Amazon_2023_Instruments/Oct-04-2026_03-05-27/HG_Rec_best.pth
2026-10-04 03:15:01,055 - INFO - Epoch 49/150 train_loss=2.2308783626556394
2026-10-04 03:15:01,090 - INFO - Best train loss=2.2308783626556394; saved /fs04/ar57/wenyu/GeneRec/results/stage3_T5Train/curvature_RQ-VAE/ckpt/Amazon_2023_Instruments/Oct-04-2026_03-05-27/HG_Rec_best.pth
2026-10-04 03:15:12,697 - INFO - Epoch 50/150 train_loss=2.2250014209747313
2026-10-04 03:15:12,732 - INFO - Best train loss=2.2250014209747313; saved /fs04/ar57/wenyu/GeneRec/results/stage3_T5Train/curvature_RQ-VAE/ckpt/Amazon_2023_Instruments/Oct-04-2026_03-05-27/HG_Rec_best.pth
2026-10-04 03:15:24,376 - INFO - Epoch 51/150 train_loss=2.2052233982086182
2026-10-04 03:15:24,413 - INFO - Best train loss=2.2052233982086182; saved /fs04/ar57/wenyu/GeneRec/results/stage3_T5Train/curvature_RQ-VAE/ckpt/Amazon_2023_Instruments/Oct-04-2026_03-05-27/HG_Rec_best.pth
2026-10-04 03:15:36,101 - INFO - Epoch 52/150 train_loss=2.198637466430664
2026-10-04 03:15:36,197 - INFO - Best train loss=2.198637466430664; saved /fs04/ar57/wenyu/GeneRec/results/stage3_T5Train/curvature_RQ-VAE/ckpt/Amazon_2023_Instruments/Oct-04-2026_03-05-27/HG_Rec_best.pth
2026-10-04 03:15:47,798 - INFO - Epoch 53/150 train_loss=2.1868011856079104
2026-10-04 03:15:47,832 - INFO - Best train loss=2.1868011856079104; saved /fs04/ar57/wenyu/GeneRec/results/stage3_T5Train/curvature_RQ-VAE/ckpt/Amazon_2023_Instruments/Oct-04-2026_03-05-27/HG_Rec_best.pth
2026-10-04 03:15:59,439 - INFO - Epoch 54/150 train_loss=2.1711991596221925
2026-10-04 03:15:59,474 - INFO - Best train loss=2.1711991596221925; saved /fs04/ar57/wenyu/GeneRec/results/stage3_T5Train/curvature_RQ-VAE/ckpt/Amazon_2023_Instruments/Oct-04-2026_03-05-27/HG_Rec_best.pth
2026-10-04 03:16:11,890 - INFO - Epoch 55/150 train_loss=2.1637800884246827
2026-10-04 03:16:11,969 - INFO - Best train loss=2.1637800884246827; saved /fs04/ar57/wenyu/GeneRec/results/stage3_T5Train/curvature_RQ-VAE/ckpt/Amazon_2023_Instruments/Oct-04-2026_03-05-27/HG_Rec_best.pth
2026-10-04 03:16:23,571 - INFO - Epoch 56/150 train_loss=2.1534858322143555
2026-10-04 03:16:23,673 - INFO - Best train loss=2.1534858322143555; saved /fs04/ar57/wenyu/GeneRec/results/stage3_T5Train/curvature_RQ-VAE/ckpt/Amazon_2023_Instruments/Oct-04-2026_03-05-27/HG_Rec_best.pth
2026-10-04 03:16:35,276 - INFO - Epoch 57/150 train_loss=2.1403803062438964
2026-10-04 03:16:35,324 - INFO - Best train loss=2.1403803062438964; saved /fs04/ar57/wenyu/GeneRec/results/stage3_T5Train/curvature_RQ-VAE/ckpt/Amazon_2023_Instruments/Oct-04-2026_03-05-27/HG_Rec_best.pth
2026-10-04 03:16:46,924 - INFO - Epoch 58/150 train_loss=2.132919397354126
2026-10-04 03:16:46,958 - INFO - Best train loss=2.132919397354126; saved /fs04/ar57/wenyu/GeneRec/results/stage3_T5Train/curvature_RQ-VAE/ckpt/Amazon_2023_Instruments/Oct-04-2026_03-05-27/HG_Rec_best.pth
2026-10-04 03:16:58,558 - INFO - Epoch 59/150 train_loss=2.1252309894561767
2026-10-04 03:16:58,593 - INFO - Best train loss=2.1252309894561767; saved /fs04/ar57/wenyu/GeneRec/results/stage3_T5Train/curvature_RQ-VAE/ckpt/Amazon_2023_Instruments/Oct-04-2026_03-05-27/HG_Rec_best.pth
2026-10-04 03:17:10,192 - INFO - Epoch 60/150 train_loss=2.1188193130493165
2026-10-04 03:17:10,229 - INFO - Best train loss=2.1188193130493165; saved /fs04/ar57/wenyu/GeneRec/results/stage3_T5Train/curvature_RQ-VAE/ckpt/Amazon_2023_Instruments/Oct-04-2026_03-05-27/HG_Rec_best.pth
2026-10-04 03:17:21,839 - INFO - Epoch 61/150 train_loss=2.110913190841675
2026-10-04 03:17:21,878 - INFO - Best train loss=2.110913190841675; saved /fs04/ar57/wenyu/GeneRec/results/stage3_T5Train/curvature_RQ-VAE/ckpt/Amazon_2023_Instruments/Oct-04-2026_03-05-27/HG_Rec_best.pth
2026-10-04 03:17:33,482 - INFO - Epoch 62/150 train_loss=2.100772457122803
2026-10-04 03:17:33,520 - INFO - Best train loss=2.100772457122803; saved /fs04/ar57/wenyu/GeneRec/results/stage3_T5Train/curvature_RQ-VAE/ckpt/Amazon_2023_Instruments/Oct-04-2026_03-05-27/HG_Rec_best.pth
2026-10-04 03:17:45,116 - INFO - Epoch 63/150 train_loss=2.0956814289093018
2026-10-04 03:17:45,154 - INFO - Best train loss=2.0956814289093018; saved /fs04/ar57/wenyu/GeneRec/results/stage3_T5Train/curvature_RQ-VAE/ckpt/Amazon_2023_Instruments/Oct-04-2026_03-05-27/HG_Rec_best.pth
2026-10-04 03:17:56,760 - INFO - Epoch 64/150 train_loss=2.091736536026001
2026-10-04 03:17:56,797 - INFO - Best train loss=2.091736536026001; saved /fs04/ar57/wenyu/GeneRec/results/stage3_T5Train/curvature_RQ-VAE/ckpt/Amazon_2023_Instruments/Oct-04-2026_03-05-27/HG_Rec_best.pth
2026-10-04 03:18:08,403 - INFO - Epoch 65/150 train_loss=2.0844522094726563
2026-10-04 03:18:08,437 - INFO - Best train loss=2.0844522094726563; saved /fs04/ar57/wenyu/GeneRec/results/stage3_T5Train/curvature_RQ-VAE/ckpt/Amazon_2023_Instruments/Oct-04-2026_03-05-27/HG_Rec_best.pth
2026-10-04 03:18:20,035 - INFO - Epoch 66/150 train_loss=2.0776194381713866
2026-10-04 03:18:20,071 - INFO - Best train loss=2.0776194381713866; saved /fs04/ar57/wenyu/GeneRec/results/stage3_T5Train/curvature_RQ-VAE/ckpt/Amazon_2023_Instruments/Oct-04-2026_03-05-27/HG_Rec_best.pth
2026-10-04 03:18:31,671 - INFO - Epoch 67/150 train_loss=2.0719401359558107
2026-10-04 03:18:31,707 - INFO - Best train loss=2.0719401359558107; saved /fs04/ar57/wenyu/GeneRec/results/stage3_T5Train/curvature_RQ-VAE/ckpt/Amazon_2023_Instruments/Oct-04-2026_03-05-27/HG_Rec_best.pth
2026-10-04 03:18:43,377 - INFO - Epoch 68/150 train_loss=2.064966230392456
2026-10-04 03:18:43,412 - INFO - Best train loss=2.064966230392456; saved /fs04/ar57/wenyu/GeneRec/results/stage3_T5Train/curvature_RQ-VAE/ckpt/Amazon_2023_Instruments/Oct-04-2026_03-05-27/HG_Rec_best.pth
2026-10-04 03:18:55,014 - INFO - Epoch 69/150 train_loss=2.066621856689453
2026-10-04 03:19:06,621 - INFO - Epoch 70/150 train_loss=2.057553081512451
2026-10-04 03:19:06,661 - INFO - Best train loss=2.057553081512451; saved /fs04/ar57/wenyu/GeneRec/results/stage3_T5Train/curvature_RQ-VAE/ckpt/Amazon_2023_Instruments/Oct-04-2026_03-05-27/HG_Rec_best.pth
2026-10-04 03:19:18,264 - INFO - Epoch 71/150 train_loss=2.051705503463745
2026-10-04 03:19:18,300 - INFO - Best train loss=2.051705503463745; saved /fs04/ar57/wenyu/GeneRec/results/stage3_T5Train/curvature_RQ-VAE/ckpt/Amazon_2023_Instruments/Oct-04-2026_03-05-27/HG_Rec_best.pth
2026-10-04 03:19:29,902 - INFO - Epoch 72/150 train_loss=2.0467707443237306
2026-10-04 03:19:29,938 - INFO - Best train loss=2.0467707443237306; saved /fs04/ar57/wenyu/GeneRec/results/stage3_T5Train/curvature_RQ-VAE/ckpt/Amazon_2023_Instruments/Oct-04-2026_03-05-27/HG_Rec_best.pth
2026-10-04 03:19:41,543 - INFO - Epoch 73/150 train_loss=2.037615032196045
2026-10-04 03:19:41,584 - INFO - Best train loss=2.037615032196045; saved /fs04/ar57/wenyu/GeneRec/results/stage3_T5Train/curvature_RQ-VAE/ckpt/Amazon_2023_Instruments/Oct-04-2026_03-05-27/HG_Rec_best.pth
2026-10-04 03:19:53,188 - INFO - Epoch 74/150 train_loss=2.0400891304016113
2026-10-04 03:20:04,797 - INFO - Epoch 75/150 train_loss=2.034494743347168
2026-10-04 03:20:04,833 - INFO - Best train loss=2.034494743347168; saved /fs04/ar57/wenyu/GeneRec/results/stage3_T5Train/curvature_RQ-VAE/ckpt/Amazon_2023_Instruments/Oct-04-2026_03-05-27/HG_Rec_best.pth
2026-10-04 03:20:16,440 - INFO - Epoch 76/150 train_loss=2.0298246574401855
2026-10-04 03:20:16,477 - INFO - Best train loss=2.0298246574401855; saved /fs04/ar57/wenyu/GeneRec/results/stage3_T5Train/curvature_RQ-VAE/ckpt/Amazon_2023_Instruments/Oct-04-2026_03-05-27/HG_Rec_best.pth
2026-10-04 03:20:28,083 - INFO - Epoch 77/150 train_loss=2.020937609672546
2026-10-04 03:20:28,119 - INFO - Best train loss=2.020937609672546; saved /fs04/ar57/wenyu/GeneRec/results/stage3_T5Train/curvature_RQ-VAE/ckpt/Amazon_2023_Instruments/Oct-04-2026_03-05-27/HG_Rec_best.pth
2026-10-04 03:20:39,728 - INFO - Epoch 78/150 train_loss=2.0182962083816527
2026-10-04 03:20:39,763 - INFO - Best train loss=2.0182962083816527; saved /fs04/ar57/wenyu/GeneRec/results/stage3_T5Train/curvature_RQ-VAE/ckpt/Amazon_2023_Instruments/Oct-04-2026_03-05-27/HG_Rec_best.pth
2026-10-04 03:20:51,368 - INFO - Epoch 79/150 train_loss=2.0174671459197997
2026-10-04 03:20:51,402 - INFO - Best train loss=2.0174671459197997; saved /fs04/ar57/wenyu/GeneRec/results/stage3_T5Train/curvature_RQ-VAE/ckpt/Amazon_2023_Instruments/Oct-04-2026_03-05-27/HG_Rec_best.pth
2026-10-04 03:21:03,011 - INFO - Epoch 80/150 train_loss=2.014081082344055
2026-10-04 03:21:03,508 - INFO - Best train loss=2.014081082344055; saved /fs04/ar57/wenyu/GeneRec/results/stage3_T5Train/curvature_RQ-VAE/ckpt/Amazon_2023_Instruments/Oct-04-2026_03-05-27/HG_Rec_best.pth
2026-10-04 03:21:15,109 - INFO - Epoch 81/150 train_loss=2.0110470771789553
2026-10-04 03:21:15,145 - INFO - Best train loss=2.0110470771789553; saved /fs04/ar57/wenyu/GeneRec/results/stage3_T5Train/curvature_RQ-VAE/ckpt/Amazon_2023_Instruments/Oct-04-2026_03-05-27/HG_Rec_best.pth
2026-10-04 03:21:26,747 - INFO - Epoch 82/150 train_loss=2.001614713668823
2026-10-04 03:21:26,783 - INFO - Best train loss=2.001614713668823; saved /fs04/ar57/wenyu/GeneRec/results/stage3_T5Train/curvature_RQ-VAE/ckpt/Amazon_2023_Instruments/Oct-04-2026_03-05-27/HG_Rec_best.pth
2026-10-04 03:21:38,383 - INFO - Epoch 83/150 train_loss=2.0025054836273193
2026-10-04 03:21:49,983 - INFO - Epoch 84/150 train_loss=1.9958462047576904
2026-10-04 03:21:50,028 - INFO - Best train loss=1.9958462047576904; saved /fs04/ar57/wenyu/GeneRec/results/stage3_T5Train/curvature_RQ-VAE/ckpt/Amazon_2023_Instruments/Oct-04-2026_03-05-27/HG_Rec_best.pth
2026-10-04 03:22:01,626 - INFO - Epoch 85/150 train_loss=1.9904617404937743
2026-10-04 03:22:01,662 - INFO - Best train loss=1.9904617404937743; saved /fs04/ar57/wenyu/GeneRec/results/stage3_T5Train/curvature_RQ-VAE/ckpt/Amazon_2023_Instruments/Oct-04-2026_03-05-27/HG_Rec_best.pth
2026-10-04 03:22:13,257 - INFO - Epoch 86/150 train_loss=1.9897636938095093
2026-10-04 03:22:13,293 - INFO - Best train loss=1.9897636938095093; saved /fs04/ar57/wenyu/GeneRec/results/stage3_T5Train/curvature_RQ-VAE/ckpt/Amazon_2023_Instruments/Oct-04-2026_03-05-27/HG_Rec_best.pth
2026-10-04 03:22:24,890 - INFO - Epoch 87/150 train_loss=1.9893302917480469
2026-10-04 03:22:24,926 - INFO - Best train loss=1.9893302917480469; saved /fs04/ar57/wenyu/GeneRec/results/stage3_T5Train/curvature_RQ-VAE/ckpt/Amazon_2023_Instruments/Oct-04-2026_03-05-27/HG_Rec_best.pth
2026-10-04 03:22:36,524 - INFO - Epoch 88/150 train_loss=1.9831719160079957
2026-10-04 03:22:36,560 - INFO - Best train loss=1.9831719160079957; saved /fs04/ar57/wenyu/GeneRec/results/stage3_T5Train/curvature_RQ-VAE/ckpt/Amazon_2023_Instruments/Oct-04-2026_03-05-27/HG_Rec_best.pth
2026-10-04 03:22:48,158 - INFO - Epoch 89/150 train_loss=1.9808293104171752
2026-10-04 03:22:48,193 - INFO - Best train loss=1.9808293104171752; saved /fs04/ar57/wenyu/GeneRec/results/stage3_T5Train/curvature_RQ-VAE/ckpt/Amazon_2023_Instruments/Oct-04-2026_03-05-27/HG_Rec_best.pth
2026-10-04 03:22:59,791 - INFO - Epoch 90/150 train_loss=1.9761397171020507
2026-10-04 03:22:59,826 - INFO - Best train loss=1.9761397171020507; saved /fs04/ar57/wenyu/GeneRec/results/stage3_T5Train/curvature_RQ-VAE/ckpt/Amazon_2023_Instruments/Oct-04-2026_03-05-27/HG_Rec_best.pth
2026-10-04 03:23:11,423 - INFO - Epoch 91/150 train_loss=1.9744697618484497
2026-10-04 03:23:11,458 - INFO - Best train loss=1.9744697618484497; saved /fs04/ar57/wenyu/GeneRec/results/stage3_T5Train/curvature_RQ-VAE/ckpt/Amazon_2023_Instruments/Oct-04-2026_03-05-27/HG_Rec_best.pth
2026-10-04 03:23:23,543 - INFO - Epoch 92/150 train_loss=1.9732962036132813
2026-10-04 03:23:23,580 - INFO - Best train loss=1.9732962036132813; saved /fs04/ar57/wenyu/GeneRec/results/stage3_T5Train/curvature_RQ-VAE/ckpt/Amazon_2023_Instruments/Oct-04-2026_03-05-27/HG_Rec_best.pth
2026-10-04 03:23:35,179 - INFO - Epoch 93/150 train_loss=1.9670778226852417
2026-10-04 03:23:35,214 - INFO - Best train loss=1.9670778226852417; saved /fs04/ar57/wenyu/GeneRec/results/stage3_T5Train/curvature_RQ-VAE/ckpt/Amazon_2023_Instruments/Oct-04-2026_03-05-27/HG_Rec_best.pth
2026-10-04 03:23:46,816 - INFO - Epoch 94/150 train_loss=1.9713274574279784
2026-10-04 03:23:58,415 - INFO - Epoch 95/150 train_loss=1.9655631017684936
2026-10-04 03:23:58,459 - INFO - Best train loss=1.9655631017684936; saved /fs04/ar57/wenyu/GeneRec/results/stage3_T5Train/curvature_RQ-VAE/ckpt/Amazon_2023_Instruments/Oct-04-2026_03-05-27/HG_Rec_best.pth
2026-10-04 03:24:10,064 - INFO - Epoch 96/150 train_loss=1.9620005893707275
2026-10-04 03:24:10,100 - INFO - Best train loss=1.9620005893707275; saved /fs04/ar57/wenyu/GeneRec/results/stage3_T5Train/curvature_RQ-VAE/ckpt/Amazon_2023_Instruments/Oct-04-2026_03-05-27/HG_Rec_best.pth
2026-10-04 03:24:21,702 - INFO - Epoch 97/150 train_loss=1.9603346681594849
2026-10-04 03:24:21,737 - INFO - Best train loss=1.9603346681594849; saved /fs04/ar57/wenyu/GeneRec/results/stage3_T5Train/curvature_RQ-VAE/ckpt/Amazon_2023_Instruments/Oct-04-2026_03-05-27/HG_Rec_best.pth
2026-10-04 03:24:33,340 - INFO - Epoch 98/150 train_loss=1.9583355617523193
2026-10-04 03:24:33,376 - INFO - Best train loss=1.9583355617523193; saved /fs04/ar57/wenyu/GeneRec/results/stage3_T5Train/curvature_RQ-VAE/ckpt/Amazon_2023_Instruments/Oct-04-2026_03-05-27/HG_Rec_best.pth
2026-10-04 03:24:44,979 - INFO - Epoch 99/150 train_loss=1.9534869527816772
2026-10-04 03:24:45,014 - INFO - Best train loss=1.9534869527816772; saved /fs04/ar57/wenyu/GeneRec/results/stage3_T5Train/curvature_RQ-VAE/ckpt/Amazon_2023_Instruments/Oct-04-2026_03-05-27/HG_Rec_best.pth
2026-10-04 03:24:56,615 - INFO - Epoch 100/150 train_loss=1.952303638458252
2026-10-04 03:24:56,652 - INFO - Best train loss=1.952303638458252; saved /fs04/ar57/wenyu/GeneRec/results/stage3_T5Train/curvature_RQ-VAE/ckpt/Amazon_2023_Instruments/Oct-04-2026_03-05-27/HG_Rec_best.pth
2026-10-04 03:25:08,249 - INFO - Epoch 101/150 train_loss=1.9490848350524903
2026-10-04 03:25:08,284 - INFO - Best train loss=1.9490848350524903; saved /fs04/ar57/wenyu/GeneRec/results/stage3_T5Train/curvature_RQ-VAE/ckpt/Amazon_2023_Instruments/Oct-04-2026_03-05-27/HG_Rec_best.pth
2026-10-04 03:25:19,897 - INFO - Epoch 102/150 train_loss=1.9483631944656372
2026-10-04 03:25:19,936 - INFO - Best train loss=1.9483631944656372; saved /fs04/ar57/wenyu/GeneRec/results/stage3_T5Train/curvature_RQ-VAE/ckpt/Amazon_2023_Instruments/Oct-04-2026_03-05-27/HG_Rec_best.pth
2026-10-04 03:25:31,872 - INFO - Epoch 103/150 train_loss=1.942376732826233
2026-10-04 03:25:31,934 - INFO - Best train loss=1.942376732826233; saved /fs04/ar57/wenyu/GeneRec/results/stage3_T5Train/curvature_RQ-VAE/ckpt/Amazon_2023_Instruments/Oct-04-2026_03-05-27/HG_Rec_best.pth
2026-10-04 03:25:43,537 - INFO - Epoch 104/150 train_loss=1.9420525884628297
2026-10-04 03:25:43,573 - INFO - Best train loss=1.9420525884628297; saved /fs04/ar57/wenyu/GeneRec/results/stage3_T5Train/curvature_RQ-VAE/ckpt/Amazon_2023_Instruments/Oct-04-2026_03-05-27/HG_Rec_best.pth
2026-10-04 03:25:55,179 - INFO - Epoch 105/150 train_loss=1.943210139274597
2026-10-04 03:26:06,783 - INFO - Epoch 106/150 train_loss=1.9366452550888063
2026-10-04 03:26:06,826 - INFO - Best train loss=1.9366452550888063; saved /fs04/ar57/wenyu/GeneRec/results/stage3_T5Train/curvature_RQ-VAE/ckpt/Amazon_2023_Instruments/Oct-04-2026_03-05-27/HG_Rec_best.pth
2026-10-04 03:26:18,425 - INFO - Epoch 107/150 train_loss=1.938083186149597
2026-10-04 03:26:30,028 - INFO - Epoch 108/150 train_loss=1.9364318466186523
2026-10-04 03:26:30,081 - INFO - Best train loss=1.9364318466186523; saved /fs04/ar57/wenyu/GeneRec/results/stage3_T5Train/curvature_RQ-VAE/ckpt/Amazon_2023_Instruments/Oct-04-2026_03-05-27/HG_Rec_best.pth
2026-10-04 03:26:41,687 - INFO - Epoch 109/150 train_loss=1.9332404279708861
2026-10-04 03:26:41,722 - INFO - Best train loss=1.9332404279708861; saved /fs04/ar57/wenyu/GeneRec/results/stage3_T5Train/curvature_RQ-VAE/ckpt/Amazon_2023_Instruments/Oct-04-2026_03-05-27/HG_Rec_best.pth
2026-10-04 03:26:53,322 - INFO - Epoch 110/150 train_loss=1.9288127136230468
2026-10-04 03:26:53,357 - INFO - Best train loss=1.9288127136230468; saved /fs04/ar57/wenyu/GeneRec/results/stage3_T5Train/curvature_RQ-VAE/ckpt/Amazon_2023_Instruments/Oct-04-2026_03-05-27/HG_Rec_best.pth
2026-10-04 03:27:04,955 - INFO - Epoch 111/150 train_loss=1.9306001329421998
2026-10-04 03:27:16,557 - INFO - Epoch 112/150 train_loss=1.9288438987731933
2026-10-04 03:27:28,168 - INFO - Epoch 113/150 train_loss=1.9265387344360352
2026-10-04 03:27:28,209 - INFO - Best train loss=1.9265387344360352; saved /fs04/ar57/wenyu/GeneRec/results/stage3_T5Train/curvature_RQ-VAE/ckpt/Amazon_2023_Instruments/Oct-04-2026_03-05-27/HG_Rec_best.pth
2026-10-04 03:27:39,808 - INFO - Epoch 114/150 train_loss=1.9243187856674195
2026-10-04 03:27:39,843 - INFO - Best train loss=1.9243187856674195; saved /fs04/ar57/wenyu/GeneRec/results/stage3_T5Train/curvature_RQ-VAE/ckpt/Amazon_2023_Instruments/Oct-04-2026_03-05-27/HG_Rec_best.pth
2026-10-04 03:27:51,448 - INFO - Epoch 115/150 train_loss=1.9250833225250243
2026-10-04 03:28:03,053 - INFO - Epoch 116/150 train_loss=1.922928786277771
2026-10-04 03:28:03,094 - INFO - Best train loss=1.922928786277771; saved /fs04/ar57/wenyu/GeneRec/results/stage3_T5Train/curvature_RQ-VAE/ckpt/Amazon_2023_Instruments/Oct-04-2026_03-05-27/HG_Rec_best.pth
2026-10-04 03:28:15,355 - INFO - Epoch 117/150 train_loss=1.920308985710144
2026-10-04 03:28:15,392 - INFO - Best train loss=1.920308985710144; saved /fs04/ar57/wenyu/GeneRec/results/stage3_T5Train/curvature_RQ-VAE/ckpt/Amazon_2023_Instruments/Oct-04-2026_03-05-27/HG_Rec_best.pth
2026-10-04 03:28:27,373 - INFO - Epoch 118/150 train_loss=1.9163220071792602
2026-10-04 03:28:27,421 - INFO - Best train loss=1.9163220071792602; saved /fs04/ar57/wenyu/GeneRec/results/stage3_T5Train/curvature_RQ-VAE/ckpt/Amazon_2023_Instruments/Oct-04-2026_03-05-27/HG_Rec_best.pth
2026-10-04 03:28:39,029 - INFO - Epoch 119/150 train_loss=1.9136808013916016
2026-10-04 03:28:39,064 - INFO - Best train loss=1.9136808013916016; saved /fs04/ar57/wenyu/GeneRec/results/stage3_T5Train/curvature_RQ-VAE/ckpt/Amazon_2023_Instruments/Oct-04-2026_03-05-27/HG_Rec_best.pth
2026-10-04 03:28:50,660 - INFO - Epoch 120/150 train_loss=1.9134089708328248
2026-10-04 03:28:50,695 - INFO - Best train loss=1.9134089708328248; saved /fs04/ar57/wenyu/GeneRec/results/stage3_T5Train/curvature_RQ-VAE/ckpt/Amazon_2023_Instruments/Oct-04-2026_03-05-27/HG_Rec_best.pth
2026-10-04 03:29:02,296 - INFO - Epoch 121/150 train_loss=1.9122051048278808
2026-10-04 03:29:02,335 - INFO - Best train loss=1.9122051048278808; saved /fs04/ar57/wenyu/GeneRec/results/stage3_T5Train/curvature_RQ-VAE/ckpt/Amazon_2023_Instruments/Oct-04-2026_03-05-27/HG_Rec_best.pth
2026-10-04 03:29:13,939 - INFO - Epoch 122/150 train_loss=1.9097337484359742
2026-10-04 03:29:13,974 - INFO - Best train loss=1.9097337484359742; saved /fs04/ar57/wenyu/GeneRec/results/stage3_T5Train/curvature_RQ-VAE/ckpt/Amazon_2023_Instruments/Oct-04-2026_03-05-27/HG_Rec_best.pth
2026-10-04 03:29:25,579 - INFO - Epoch 123/150 train_loss=1.9096349382400513
2026-10-04 03:29:25,613 - INFO - Best train loss=1.9096349382400513; saved /fs04/ar57/wenyu/GeneRec/results/stage3_T5Train/curvature_RQ-VAE/ckpt/Amazon_2023_Instruments/Oct-04-2026_03-05-27/HG_Rec_best.pth
2026-10-04 03:29:37,212 - INFO - Epoch 124/150 train_loss=1.908713436126709
2026-10-04 03:29:37,247 - INFO - Best train loss=1.908713436126709; saved /fs04/ar57/wenyu/GeneRec/results/stage3_T5Train/curvature_RQ-VAE/ckpt/Amazon_2023_Instruments/Oct-04-2026_03-05-27/HG_Rec_best.pth
2026-10-04 03:29:48,853 - INFO - Epoch 125/150 train_loss=1.9075877237319947
2026-10-04 03:29:48,888 - INFO - Best train loss=1.9075877237319947; saved /fs04/ar57/wenyu/GeneRec/results/stage3_T5Train/curvature_RQ-VAE/ckpt/Amazon_2023_Instruments/Oct-04-2026_03-05-27/HG_Rec_best.pth
2026-10-04 03:30:00,491 - INFO - Epoch 126/150 train_loss=1.9029735946655273
2026-10-04 03:30:00,526 - INFO - Best train loss=1.9029735946655273; saved /fs04/ar57/wenyu/GeneRec/results/stage3_T5Train/curvature_RQ-VAE/ckpt/Amazon_2023_Instruments/Oct-04-2026_03-05-27/HG_Rec_best.pth
2026-10-04 03:30:12,133 - INFO - Epoch 127/150 train_loss=1.9040004587173462
2026-10-04 03:30:23,738 - INFO - Epoch 128/150 train_loss=1.9047884702682496
2026-10-04 03:30:35,348 - INFO - Epoch 129/150 train_loss=1.9014294242858887
2026-10-04 03:30:35,385 - INFO - Best train loss=1.9014294242858887; saved /fs04/ar57/wenyu/GeneRec/results/stage3_T5Train/curvature_RQ-VAE/ckpt/Amazon_2023_Instruments/Oct-04-2026_03-05-27/HG_Rec_best.pth
2026-10-04 03:30:46,989 - INFO - Epoch 130/150 train_loss=1.9021676969528198
2026-10-04 03:30:58,586 - INFO - Epoch 131/150 train_loss=1.9000501394271851
2026-10-04 03:30:58,637 - INFO - Best train loss=1.9000501394271851; saved /fs04/ar57/wenyu/GeneRec/results/stage3_T5Train/curvature_RQ-VAE/ckpt/Amazon_2023_Instruments/Oct-04-2026_03-05-27/HG_Rec_best.pth
2026-10-04 03:31:10,240 - INFO - Epoch 132/150 train_loss=1.8988360023498536
2026-10-04 03:31:10,273 - INFO - Best train loss=1.8988360023498536; saved /fs04/ar57/wenyu/GeneRec/results/stage3_T5Train/curvature_RQ-VAE/ckpt/Amazon_2023_Instruments/Oct-04-2026_03-05-27/HG_Rec_best.pth
2026-10-04 03:31:21,869 - INFO - Epoch 133/150 train_loss=1.8995132875442504
2026-10-04 03:31:33,474 - INFO - Epoch 134/150 train_loss=1.8948516511917115
2026-10-04 03:31:33,513 - INFO - Best train loss=1.8948516511917115; saved /fs04/ar57/wenyu/GeneRec/results/stage3_T5Train/curvature_RQ-VAE/ckpt/Amazon_2023_Instruments/Oct-04-2026_03-05-27/HG_Rec_best.pth
2026-10-04 03:31:45,116 - INFO - Epoch 135/150 train_loss=1.8932144451141357
2026-10-04 03:31:45,151 - INFO - Best train loss=1.8932144451141357; saved /fs04/ar57/wenyu/GeneRec/results/stage3_T5Train/curvature_RQ-VAE/ckpt/Amazon_2023_Instruments/Oct-04-2026_03-05-27/HG_Rec_best.pth
2026-10-04 03:31:56,759 - INFO - Epoch 136/150 train_loss=1.8949715757369996
2026-10-04 03:32:08,367 - INFO - Epoch 137/150 train_loss=1.8945566701889038
2026-10-04 03:32:19,988 - INFO - Epoch 138/150 train_loss=1.8921382808685303
2026-10-04 03:32:20,029 - INFO - Best train loss=1.8921382808685303; saved /fs04/ar57/wenyu/GeneRec/results/stage3_T5Train/curvature_RQ-VAE/ckpt/Amazon_2023_Instruments/Oct-04-2026_03-05-27/HG_Rec_best.pth
2026-10-04 03:32:31,633 - INFO - Epoch 139/150 train_loss=1.8918413543701171
2026-10-04 03:32:31,669 - INFO - Best train loss=1.8918413543701171; saved /fs04/ar57/wenyu/GeneRec/results/stage3_T5Train/curvature_RQ-VAE/ckpt/Amazon_2023_Instruments/Oct-04-2026_03-05-27/HG_Rec_best.pth
2026-10-04 03:32:43,272 - INFO - Epoch 140/150 train_loss=1.8894347524642945
2026-10-04 03:32:43,308 - INFO - Best train loss=1.8894347524642945; saved /fs04/ar57/wenyu/GeneRec/results/stage3_T5Train/curvature_RQ-VAE/ckpt/Amazon_2023_Instruments/Oct-04-2026_03-05-27/HG_Rec_best.pth
2026-10-04 03:32:54,916 - INFO - Epoch 141/150 train_loss=1.8921651458740234
2026-10-04 03:33:06,517 - INFO - Epoch 142/150 train_loss=1.8909729146957397
2026-10-04 03:33:18,160 - INFO - Epoch 143/150 train_loss=1.8888036918640136
2026-10-04 03:33:18,197 - INFO - Best train loss=1.8888036918640136; saved /fs04/ar57/wenyu/GeneRec/results/stage3_T5Train/curvature_RQ-VAE/ckpt/Amazon_2023_Instruments/Oct-04-2026_03-05-27/HG_Rec_best.pth
2026-10-04 03:33:29,796 - INFO - Epoch 144/150 train_loss=1.8838786840438844
2026-10-04 03:33:29,832 - INFO - Best train loss=1.8838786840438844; saved /fs04/ar57/wenyu/GeneRec/results/stage3_T5Train/curvature_RQ-VAE/ckpt/Amazon_2023_Instruments/Oct-04-2026_03-05-27/HG_Rec_best.pth
2026-10-04 03:33:41,433 - INFO - Epoch 145/150 train_loss=1.886561965942383
2026-10-04 03:33:53,035 - INFO - Epoch 146/150 train_loss=1.8863751220703124
2026-10-04 03:34:04,634 - INFO - Epoch 147/150 train_loss=1.881619381904602
2026-10-04 03:34:04,682 - INFO - Best train loss=1.881619381904602; saved /fs04/ar57/wenyu/GeneRec/results/stage3_T5Train/curvature_RQ-VAE/ckpt/Amazon_2023_Instruments/Oct-04-2026_03-05-27/HG_Rec_best.pth
2026-10-04 03:34:16,283 - INFO - Epoch 148/150 train_loss=1.883083176612854
2026-10-04 03:34:27,886 - INFO - Epoch 149/150 train_loss=1.8812270832061768
2026-10-04 03:34:27,927 - INFO - Best train loss=1.8812270832061768; saved /fs04/ar57/wenyu/GeneRec/results/stage3_T5Train/curvature_RQ-VAE/ckpt/Amazon_2023_Instruments/Oct-04-2026_03-05-27/HG_Rec_best.pth
2026-10-04 03:34:39,522 - INFO - Epoch 150/150 train_loss=1.881347918510437
2026-10-04 03:42:18,587 - INFO - Test={'best_checkpoint': '/fs04/ar57/wenyu/GeneRec/results/stage3_T5Train/curvature_RQ-VAE/ckpt/Amazon_2023_Instruments/Oct-04-2026_03-05-27/HG_Rec_best.pth', 'n_eval': 57439, 'test_recall@5': 0.033635683072476885, 'test_recall@10': 0.051950765159560576, 'test_ndcg@5': 0.022331087186414227, 'test_ndcg@10': 0.02823907135405761}
