2026-09-26 13:34:49,901 - INFO - Configuration: {'batch_size': 4096, 'infer_size': 1024, 'num_epochs': 150, 'eval_interval': 5, 'eval_start_epoch': 75, 'early_eval_epochs': (25, 50, 75, 100, 125), 'early_stop': 10, 'fast': True, 'bf16': True, 'use_lr_scheduler': True, 'lr_warmup_pct': 0.1, 'lr_min_factor': 0.2, 'compile': False, 'compile_mode': 'default', 'num_layers': 4, 'num_decoder_layers': 4, 'd_model': 128, 'd_ff': 1024, 'num_heads': 6, 'd_kv': 64, 'dropout_rate': 0.1, 'activation_function': 'relu', 'feed_forward_proj': 'relu', 'device': 'cuda', 'lr': 0.003, 'weight_decay': 0.05, 'vocab_size': 783, 'eos_token_id': 782, 'pad_token_id': 0, 'n_user_tokens': 1, 'max_len': 20, 'dataset_name': 'Amazon_2023_Instruments', 'dataset_path': '/home/wlia0047/ar57/wenyu/GeneRec/results/stage0_build_parquet/', 'codebook_size': [256, 256, 256, 1], 'code_path': '/home/wlia0047/ar57/wenyu/GeneRec/results/stage2_RQ-VAE/curvature_RQ-VAE_iter24/item_sids.json', 'train_file': 'train.parquet', 'valid_file': 'valid.parquet', 'test_file': 'test.parquet', 'log_path': '/home/wlia0047/ar57/wenyu/GeneRec/results/stage3_T5Train/curvature_RQ-VAE_iter24/logs/', 'save_path': '/home/wlia0047/ar57/wenyu/GeneRec/results/stage3_T5Train/curvature_RQ-VAE_iter24/ckpt/', 'seed': 42, 'topk_list': [5, 10], 'beam_size': 20, 'no_eval': True, 'skip_test': False, 'screen_baseline_log': '', 'screen_start_epoch': 40, 'screen_window': 5, 'screen_min_ndcg_gain': 0.001, 'screen_min_recall_gain': 0.001, 'screen_skip_test_on_fail': True, 'num_workers': 4, 'prefetch_factor': 8, 'exclude_history': True, 'no_exclude_history': False, 'pin_memory': True, 'no_pin_memory': False, 'sid_length': 4, 'max_token_seq_len': 82, 'decoder_start_token_id': 0}
2026-09-26 13:34:49,957 - INFO - #Embedding parameters: 100224
#Non-embedding parameters: 4459648
#Total trainable parameters: 4559872

2026-09-26 13:35:03,030 - INFO - Epoch 1/150 train_loss=4.744541034698487
2026-09-26 13:35:03,154 - INFO - Best train loss=4.744541034698487; saved /home/wlia0047/ar57/wenyu/GeneRec/results/stage3_T5Train/curvature_RQ-VAE_iter24/ckpt/Amazon_2023_Instruments/Sep-26-2026_13-34-49/HG_Rec_best.pth
2026-09-26 13:35:14,780 - INFO - Epoch 2/150 train_loss=4.105011587142944
2026-09-26 13:35:14,820 - INFO - Best train loss=4.105011587142944; saved /home/wlia0047/ar57/wenyu/GeneRec/results/stage3_T5Train/curvature_RQ-VAE_iter24/ckpt/Amazon_2023_Instruments/Sep-26-2026_13-34-49/HG_Rec_best.pth
2026-09-26 13:35:26,431 - INFO - Epoch 3/150 train_loss=3.915194101333618
2026-09-26 13:35:26,471 - INFO - Best train loss=3.915194101333618; saved /home/wlia0047/ar57/wenyu/GeneRec/results/stage3_T5Train/curvature_RQ-VAE_iter24/ckpt/Amazon_2023_Instruments/Sep-26-2026_13-34-49/HG_Rec_best.pth
2026-09-26 13:35:38,076 - INFO - Epoch 4/150 train_loss=3.7573836421966553
2026-09-26 13:35:38,113 - INFO - Best train loss=3.7573836421966553; saved /home/wlia0047/ar57/wenyu/GeneRec/results/stage3_T5Train/curvature_RQ-VAE_iter24/ckpt/Amazon_2023_Instruments/Sep-26-2026_13-34-49/HG_Rec_best.pth
2026-09-26 13:35:49,722 - INFO - Epoch 5/150 train_loss=3.633092107772827
2026-09-26 13:35:49,757 - INFO - Best train loss=3.633092107772827; saved /home/wlia0047/ar57/wenyu/GeneRec/results/stage3_T5Train/curvature_RQ-VAE_iter24/ckpt/Amazon_2023_Instruments/Sep-26-2026_13-34-49/HG_Rec_best.pth
2026-09-26 13:36:01,375 - INFO - Epoch 6/150 train_loss=3.498887357711792
2026-09-26 13:36:01,414 - INFO - Best train loss=3.498887357711792; saved /home/wlia0047/ar57/wenyu/GeneRec/results/stage3_T5Train/curvature_RQ-VAE_iter24/ckpt/Amazon_2023_Instruments/Sep-26-2026_13-34-49/HG_Rec_best.pth
2026-09-26 13:36:13,027 - INFO - Epoch 7/150 train_loss=3.4528985691070555
2026-09-26 13:36:13,064 - INFO - Best train loss=3.4528985691070555; saved /home/wlia0047/ar57/wenyu/GeneRec/results/stage3_T5Train/curvature_RQ-VAE_iter24/ckpt/Amazon_2023_Instruments/Sep-26-2026_13-34-49/HG_Rec_best.pth
2026-09-26 13:36:24,670 - INFO - Epoch 8/150 train_loss=3.2934357261657716
2026-09-26 13:36:24,710 - INFO - Best train loss=3.2934357261657716; saved /home/wlia0047/ar57/wenyu/GeneRec/results/stage3_T5Train/curvature_RQ-VAE_iter24/ckpt/Amazon_2023_Instruments/Sep-26-2026_13-34-49/HG_Rec_best.pth
2026-09-26 13:36:36,319 - INFO - Epoch 9/150 train_loss=3.180648155212402
2026-09-26 13:36:36,355 - INFO - Best train loss=3.180648155212402; saved /home/wlia0047/ar57/wenyu/GeneRec/results/stage3_T5Train/curvature_RQ-VAE_iter24/ckpt/Amazon_2023_Instruments/Sep-26-2026_13-34-49/HG_Rec_best.pth
2026-09-26 13:36:47,971 - INFO - Epoch 10/150 train_loss=3.0823841094970703
2026-09-26 13:36:48,009 - INFO - Best train loss=3.0823841094970703; saved /home/wlia0047/ar57/wenyu/GeneRec/results/stage3_T5Train/curvature_RQ-VAE_iter24/ckpt/Amazon_2023_Instruments/Sep-26-2026_13-34-49/HG_Rec_best.pth
2026-09-26 13:36:59,623 - INFO - Epoch 11/150 train_loss=2.9965642261505128
2026-09-26 13:36:59,659 - INFO - Best train loss=2.9965642261505128; saved /home/wlia0047/ar57/wenyu/GeneRec/results/stage3_T5Train/curvature_RQ-VAE_iter24/ckpt/Amazon_2023_Instruments/Sep-26-2026_13-34-49/HG_Rec_best.pth
2026-09-26 13:37:11,265 - INFO - Epoch 12/150 train_loss=2.919155225753784
2026-09-26 13:37:11,304 - INFO - Best train loss=2.919155225753784; saved /home/wlia0047/ar57/wenyu/GeneRec/results/stage3_T5Train/curvature_RQ-VAE_iter24/ckpt/Amazon_2023_Instruments/Sep-26-2026_13-34-49/HG_Rec_best.pth
2026-09-26 13:37:22,911 - INFO - Epoch 13/150 train_loss=2.851142101287842
2026-09-26 13:37:22,948 - INFO - Best train loss=2.851142101287842; saved /home/wlia0047/ar57/wenyu/GeneRec/results/stage3_T5Train/curvature_RQ-VAE_iter24/ckpt/Amazon_2023_Instruments/Sep-26-2026_13-34-49/HG_Rec_best.pth
2026-09-26 13:37:34,552 - INFO - Epoch 14/150 train_loss=2.784469976425171
2026-09-26 13:37:34,588 - INFO - Best train loss=2.784469976425171; saved /home/wlia0047/ar57/wenyu/GeneRec/results/stage3_T5Train/curvature_RQ-VAE_iter24/ckpt/Amazon_2023_Instruments/Sep-26-2026_13-34-49/HG_Rec_best.pth
2026-09-26 13:37:46,193 - INFO - Epoch 15/150 train_loss=2.7261920166015625
2026-09-26 13:37:46,228 - INFO - Best train loss=2.7261920166015625; saved /home/wlia0047/ar57/wenyu/GeneRec/results/stage3_T5Train/curvature_RQ-VAE_iter24/ckpt/Amazon_2023_Instruments/Sep-26-2026_13-34-49/HG_Rec_best.pth
2026-09-26 13:37:57,835 - INFO - Epoch 16/150 train_loss=2.676744737625122
2026-09-26 13:37:57,872 - INFO - Best train loss=2.676744737625122; saved /home/wlia0047/ar57/wenyu/GeneRec/results/stage3_T5Train/curvature_RQ-VAE_iter24/ckpt/Amazon_2023_Instruments/Sep-26-2026_13-34-49/HG_Rec_best.pth
2026-09-26 13:38:09,480 - INFO - Epoch 17/150 train_loss=2.627231254577637
2026-09-26 13:38:09,517 - INFO - Best train loss=2.627231254577637; saved /home/wlia0047/ar57/wenyu/GeneRec/results/stage3_T5Train/curvature_RQ-VAE_iter24/ckpt/Amazon_2023_Instruments/Sep-26-2026_13-34-49/HG_Rec_best.pth
2026-09-26 13:38:21,723 - INFO - Epoch 18/150 train_loss=2.5903420448303223
2026-09-26 13:38:21,761 - INFO - Best train loss=2.5903420448303223; saved /home/wlia0047/ar57/wenyu/GeneRec/results/stage3_T5Train/curvature_RQ-VAE_iter24/ckpt/Amazon_2023_Instruments/Sep-26-2026_13-34-49/HG_Rec_best.pth
2026-09-26 13:38:33,368 - INFO - Epoch 19/150 train_loss=2.55059609413147
2026-09-26 13:38:33,405 - INFO - Best train loss=2.55059609413147; saved /home/wlia0047/ar57/wenyu/GeneRec/results/stage3_T5Train/curvature_RQ-VAE_iter24/ckpt/Amazon_2023_Instruments/Sep-26-2026_13-34-49/HG_Rec_best.pth
2026-09-26 13:38:45,011 - INFO - Epoch 20/150 train_loss=2.5126493167877197
2026-09-26 13:38:45,047 - INFO - Best train loss=2.5126493167877197; saved /home/wlia0047/ar57/wenyu/GeneRec/results/stage3_T5Train/curvature_RQ-VAE_iter24/ckpt/Amazon_2023_Instruments/Sep-26-2026_13-34-49/HG_Rec_best.pth
2026-09-26 13:38:56,654 - INFO - Epoch 21/150 train_loss=2.48285626411438
2026-09-26 13:38:56,693 - INFO - Best train loss=2.48285626411438; saved /home/wlia0047/ar57/wenyu/GeneRec/results/stage3_T5Train/curvature_RQ-VAE_iter24/ckpt/Amazon_2023_Instruments/Sep-26-2026_13-34-49/HG_Rec_best.pth
2026-09-26 13:39:08,300 - INFO - Epoch 22/150 train_loss=2.4574756050109863
2026-09-26 13:39:08,338 - INFO - Best train loss=2.4574756050109863; saved /home/wlia0047/ar57/wenyu/GeneRec/results/stage3_T5Train/curvature_RQ-VAE_iter24/ckpt/Amazon_2023_Instruments/Sep-26-2026_13-34-49/HG_Rec_best.pth
2026-09-26 13:39:19,945 - INFO - Epoch 23/150 train_loss=2.433304033279419
2026-09-26 13:39:19,985 - INFO - Best train loss=2.433304033279419; saved /home/wlia0047/ar57/wenyu/GeneRec/results/stage3_T5Train/curvature_RQ-VAE_iter24/ckpt/Amazon_2023_Instruments/Sep-26-2026_13-34-49/HG_Rec_best.pth
2026-09-26 13:39:31,585 - INFO - Epoch 24/150 train_loss=2.4119739532470703
2026-09-26 13:39:31,623 - INFO - Best train loss=2.4119739532470703; saved /home/wlia0047/ar57/wenyu/GeneRec/results/stage3_T5Train/curvature_RQ-VAE_iter24/ckpt/Amazon_2023_Instruments/Sep-26-2026_13-34-49/HG_Rec_best.pth
2026-09-26 13:39:43,235 - INFO - Epoch 25/150 train_loss=2.389005661010742
2026-09-26 13:39:43,272 - INFO - Best train loss=2.389005661010742; saved /home/wlia0047/ar57/wenyu/GeneRec/results/stage3_T5Train/curvature_RQ-VAE_iter24/ckpt/Amazon_2023_Instruments/Sep-26-2026_13-34-49/HG_Rec_best.pth
2026-09-26 13:39:54,873 - INFO - Epoch 26/150 train_loss=2.364276657104492
2026-09-26 13:39:54,908 - INFO - Best train loss=2.364276657104492; saved /home/wlia0047/ar57/wenyu/GeneRec/results/stage3_T5Train/curvature_RQ-VAE_iter24/ckpt/Amazon_2023_Instruments/Sep-26-2026_13-34-49/HG_Rec_best.pth
2026-09-26 13:40:06,515 - INFO - Epoch 27/150 train_loss=2.3478123855590822
2026-09-26 13:40:06,553 - INFO - Best train loss=2.3478123855590822; saved /home/wlia0047/ar57/wenyu/GeneRec/results/stage3_T5Train/curvature_RQ-VAE_iter24/ckpt/Amazon_2023_Instruments/Sep-26-2026_13-34-49/HG_Rec_best.pth
2026-09-26 13:40:18,165 - INFO - Epoch 28/150 train_loss=2.3323583698272703
2026-09-26 13:40:18,205 - INFO - Best train loss=2.3323583698272703; saved /home/wlia0047/ar57/wenyu/GeneRec/results/stage3_T5Train/curvature_RQ-VAE_iter24/ckpt/Amazon_2023_Instruments/Sep-26-2026_13-34-49/HG_Rec_best.pth
2026-09-26 13:40:29,814 - INFO - Epoch 29/150 train_loss=2.3136245727539064
2026-09-26 13:40:29,853 - INFO - Best train loss=2.3136245727539064; saved /home/wlia0047/ar57/wenyu/GeneRec/results/stage3_T5Train/curvature_RQ-VAE_iter24/ckpt/Amazon_2023_Instruments/Sep-26-2026_13-34-49/HG_Rec_best.pth
2026-09-26 13:40:41,462 - INFO - Epoch 30/150 train_loss=2.2991368484497072
2026-09-26 13:40:41,497 - INFO - Best train loss=2.2991368484497072; saved /home/wlia0047/ar57/wenyu/GeneRec/results/stage3_T5Train/curvature_RQ-VAE_iter24/ckpt/Amazon_2023_Instruments/Sep-26-2026_13-34-49/HG_Rec_best.pth
2026-09-26 13:40:53,105 - INFO - Epoch 31/150 train_loss=2.2840474605560304
2026-09-26 13:40:53,140 - INFO - Best train loss=2.2840474605560304; saved /home/wlia0047/ar57/wenyu/GeneRec/results/stage3_T5Train/curvature_RQ-VAE_iter24/ckpt/Amazon_2023_Instruments/Sep-26-2026_13-34-49/HG_Rec_best.pth
2026-09-26 13:41:04,745 - INFO - Epoch 32/150 train_loss=2.2708317279815673
2026-09-26 13:41:04,784 - INFO - Best train loss=2.2708317279815673; saved /home/wlia0047/ar57/wenyu/GeneRec/results/stage3_T5Train/curvature_RQ-VAE_iter24/ckpt/Amazon_2023_Instruments/Sep-26-2026_13-34-49/HG_Rec_best.pth
2026-09-26 13:41:16,393 - INFO - Epoch 33/150 train_loss=2.25480507850647
2026-09-26 13:41:16,430 - INFO - Best train loss=2.25480507850647; saved /home/wlia0047/ar57/wenyu/GeneRec/results/stage3_T5Train/curvature_RQ-VAE_iter24/ckpt/Amazon_2023_Instruments/Sep-26-2026_13-34-49/HG_Rec_best.pth
2026-09-26 13:41:28,042 - INFO - Epoch 34/150 train_loss=2.2449536228179934
2026-09-26 13:41:28,082 - INFO - Best train loss=2.2449536228179934; saved /home/wlia0047/ar57/wenyu/GeneRec/results/stage3_T5Train/curvature_RQ-VAE_iter24/ckpt/Amazon_2023_Instruments/Sep-26-2026_13-34-49/HG_Rec_best.pth
2026-09-26 13:41:39,694 - INFO - Epoch 35/150 train_loss=2.2351464366912843
2026-09-26 13:41:39,729 - INFO - Best train loss=2.2351464366912843; saved /home/wlia0047/ar57/wenyu/GeneRec/results/stage3_T5Train/curvature_RQ-VAE_iter24/ckpt/Amazon_2023_Instruments/Sep-26-2026_13-34-49/HG_Rec_best.pth
2026-09-26 13:41:51,341 - INFO - Epoch 36/150 train_loss=2.2264071559906005
2026-09-26 13:41:51,376 - INFO - Best train loss=2.2264071559906005; saved /home/wlia0047/ar57/wenyu/GeneRec/results/stage3_T5Train/curvature_RQ-VAE_iter24/ckpt/Amazon_2023_Instruments/Sep-26-2026_13-34-49/HG_Rec_best.pth
2026-09-26 13:42:02,988 - INFO - Epoch 37/150 train_loss=2.2123344326019287
2026-09-26 13:42:03,024 - INFO - Best train loss=2.2123344326019287; saved /home/wlia0047/ar57/wenyu/GeneRec/results/stage3_T5Train/curvature_RQ-VAE_iter24/ckpt/Amazon_2023_Instruments/Sep-26-2026_13-34-49/HG_Rec_best.pth
2026-09-26 13:42:14,633 - INFO - Epoch 38/150 train_loss=2.2018111896514894
2026-09-26 13:42:14,672 - INFO - Best train loss=2.2018111896514894; saved /home/wlia0047/ar57/wenyu/GeneRec/results/stage3_T5Train/curvature_RQ-VAE_iter24/ckpt/Amazon_2023_Instruments/Sep-26-2026_13-34-49/HG_Rec_best.pth
2026-09-26 13:42:26,276 - INFO - Epoch 39/150 train_loss=2.1958454418182374
2026-09-26 13:42:26,313 - INFO - Best train loss=2.1958454418182374; saved /home/wlia0047/ar57/wenyu/GeneRec/results/stage3_T5Train/curvature_RQ-VAE_iter24/ckpt/Amazon_2023_Instruments/Sep-26-2026_13-34-49/HG_Rec_best.pth
2026-09-26 13:42:37,917 - INFO - Epoch 40/150 train_loss=2.1865642642974854
2026-09-26 13:42:37,953 - INFO - Best train loss=2.1865642642974854; saved /home/wlia0047/ar57/wenyu/GeneRec/results/stage3_T5Train/curvature_RQ-VAE_iter24/ckpt/Amazon_2023_Instruments/Sep-26-2026_13-34-49/HG_Rec_best.pth
2026-09-26 13:42:49,559 - INFO - Epoch 41/150 train_loss=2.1808639335632325
2026-09-26 13:42:49,597 - INFO - Best train loss=2.1808639335632325; saved /home/wlia0047/ar57/wenyu/GeneRec/results/stage3_T5Train/curvature_RQ-VAE_iter24/ckpt/Amazon_2023_Instruments/Sep-26-2026_13-34-49/HG_Rec_best.pth
2026-09-26 13:43:01,200 - INFO - Epoch 42/150 train_loss=2.171102428436279
2026-09-26 13:43:01,236 - INFO - Best train loss=2.171102428436279; saved /home/wlia0047/ar57/wenyu/GeneRec/results/stage3_T5Train/curvature_RQ-VAE_iter24/ckpt/Amazon_2023_Instruments/Sep-26-2026_13-34-49/HG_Rec_best.pth
2026-09-26 13:43:12,869 - INFO - Epoch 43/150 train_loss=2.159921646118164
2026-09-26 13:43:12,905 - INFO - Best train loss=2.159921646118164; saved /home/wlia0047/ar57/wenyu/GeneRec/results/stage3_T5Train/curvature_RQ-VAE_iter24/ckpt/Amazon_2023_Instruments/Sep-26-2026_13-34-49/HG_Rec_best.pth
2026-09-26 13:43:24,510 - INFO - Epoch 44/150 train_loss=2.153280897140503
2026-09-26 13:43:24,547 - INFO - Best train loss=2.153280897140503; saved /home/wlia0047/ar57/wenyu/GeneRec/results/stage3_T5Train/curvature_RQ-VAE_iter24/ckpt/Amazon_2023_Instruments/Sep-26-2026_13-34-49/HG_Rec_best.pth
2026-09-26 13:43:36,155 - INFO - Epoch 45/150 train_loss=2.1478172397613524
2026-09-26 13:43:36,191 - INFO - Best train loss=2.1478172397613524; saved /home/wlia0047/ar57/wenyu/GeneRec/results/stage3_T5Train/curvature_RQ-VAE_iter24/ckpt/Amazon_2023_Instruments/Sep-26-2026_13-34-49/HG_Rec_best.pth
2026-09-26 13:43:47,798 - INFO - Epoch 46/150 train_loss=2.139220018386841
2026-09-26 13:43:47,836 - INFO - Best train loss=2.139220018386841; saved /home/wlia0047/ar57/wenyu/GeneRec/results/stage3_T5Train/curvature_RQ-VAE_iter24/ckpt/Amazon_2023_Instruments/Sep-26-2026_13-34-49/HG_Rec_best.pth
2026-09-26 13:43:59,446 - INFO - Epoch 47/150 train_loss=2.1343208599090575
2026-09-26 13:43:59,482 - INFO - Best train loss=2.1343208599090575; saved /home/wlia0047/ar57/wenyu/GeneRec/results/stage3_T5Train/curvature_RQ-VAE_iter24/ckpt/Amazon_2023_Instruments/Sep-26-2026_13-34-49/HG_Rec_best.pth
2026-09-26 13:44:11,092 - INFO - Epoch 48/150 train_loss=2.1264900302886964
2026-09-26 13:44:11,129 - INFO - Best train loss=2.1264900302886964; saved /home/wlia0047/ar57/wenyu/GeneRec/results/stage3_T5Train/curvature_RQ-VAE_iter24/ckpt/Amazon_2023_Instruments/Sep-26-2026_13-34-49/HG_Rec_best.pth
2026-09-26 13:44:22,739 - INFO - Epoch 49/150 train_loss=2.119367151260376
2026-09-26 13:44:22,778 - INFO - Best train loss=2.119367151260376; saved /home/wlia0047/ar57/wenyu/GeneRec/results/stage3_T5Train/curvature_RQ-VAE_iter24/ckpt/Amazon_2023_Instruments/Sep-26-2026_13-34-49/HG_Rec_best.pth
2026-09-26 13:44:34,385 - INFO - Epoch 50/150 train_loss=2.115383710861206
2026-09-26 13:44:34,426 - INFO - Best train loss=2.115383710861206; saved /home/wlia0047/ar57/wenyu/GeneRec/results/stage3_T5Train/curvature_RQ-VAE_iter24/ckpt/Amazon_2023_Instruments/Sep-26-2026_13-34-49/HG_Rec_best.pth
2026-09-26 13:44:46,556 - INFO - Epoch 51/150 train_loss=2.108094825744629
2026-09-26 13:44:46,809 - INFO - Best train loss=2.108094825744629; saved /home/wlia0047/ar57/wenyu/GeneRec/results/stage3_T5Train/curvature_RQ-VAE_iter24/ckpt/Amazon_2023_Instruments/Sep-26-2026_13-34-49/HG_Rec_best.pth
2026-09-26 13:44:58,470 - INFO - Epoch 52/150 train_loss=2.1070502471923827
2026-09-26 13:44:58,517 - INFO - Best train loss=2.1070502471923827; saved /home/wlia0047/ar57/wenyu/GeneRec/results/stage3_T5Train/curvature_RQ-VAE_iter24/ckpt/Amazon_2023_Instruments/Sep-26-2026_13-34-49/HG_Rec_best.pth
2026-09-26 13:45:10,126 - INFO - Epoch 53/150 train_loss=2.102418918609619
2026-09-26 13:45:10,164 - INFO - Best train loss=2.102418918609619; saved /home/wlia0047/ar57/wenyu/GeneRec/results/stage3_T5Train/curvature_RQ-VAE_iter24/ckpt/Amazon_2023_Instruments/Sep-26-2026_13-34-49/HG_Rec_best.pth
2026-09-26 13:45:21,766 - INFO - Epoch 54/150 train_loss=2.0928578853607176
2026-09-26 13:45:21,800 - INFO - Best train loss=2.0928578853607176; saved /home/wlia0047/ar57/wenyu/GeneRec/results/stage3_T5Train/curvature_RQ-VAE_iter24/ckpt/Amazon_2023_Instruments/Sep-26-2026_13-34-49/HG_Rec_best.pth
2026-09-26 13:45:34,688 - INFO - Epoch 55/150 train_loss=2.0910225772857665
2026-09-26 13:45:34,768 - INFO - Best train loss=2.0910225772857665; saved /home/wlia0047/ar57/wenyu/GeneRec/results/stage3_T5Train/curvature_RQ-VAE_iter24/ckpt/Amazon_2023_Instruments/Sep-26-2026_13-34-49/HG_Rec_best.pth
2026-09-26 13:45:46,375 - INFO - Epoch 56/150 train_loss=2.0858444499969484
2026-09-26 13:45:46,426 - INFO - Best train loss=2.0858444499969484; saved /home/wlia0047/ar57/wenyu/GeneRec/results/stage3_T5Train/curvature_RQ-VAE_iter24/ckpt/Amazon_2023_Instruments/Sep-26-2026_13-34-49/HG_Rec_best.pth
2026-09-26 13:45:58,031 - INFO - Epoch 57/150 train_loss=2.079080829620361
2026-09-26 13:45:58,066 - INFO - Best train loss=2.079080829620361; saved /home/wlia0047/ar57/wenyu/GeneRec/results/stage3_T5Train/curvature_RQ-VAE_iter24/ckpt/Amazon_2023_Instruments/Sep-26-2026_13-34-49/HG_Rec_best.pth
2026-09-26 13:46:09,671 - INFO - Epoch 58/150 train_loss=2.0759490489959718
2026-09-26 13:46:09,707 - INFO - Best train loss=2.0759490489959718; saved /home/wlia0047/ar57/wenyu/GeneRec/results/stage3_T5Train/curvature_RQ-VAE_iter24/ckpt/Amazon_2023_Instruments/Sep-26-2026_13-34-49/HG_Rec_best.pth
2026-09-26 13:46:21,308 - INFO - Epoch 59/150 train_loss=2.070192403793335
2026-09-26 13:46:21,346 - INFO - Best train loss=2.070192403793335; saved /home/wlia0047/ar57/wenyu/GeneRec/results/stage3_T5Train/curvature_RQ-VAE_iter24/ckpt/Amazon_2023_Instruments/Sep-26-2026_13-34-49/HG_Rec_best.pth
2026-09-26 13:46:32,952 - INFO - Epoch 60/150 train_loss=2.0659461879730223
2026-09-26 13:46:32,987 - INFO - Best train loss=2.0659461879730223; saved /home/wlia0047/ar57/wenyu/GeneRec/results/stage3_T5Train/curvature_RQ-VAE_iter24/ckpt/Amazon_2023_Instruments/Sep-26-2026_13-34-49/HG_Rec_best.pth
2026-09-26 13:46:44,595 - INFO - Epoch 61/150 train_loss=2.06342267036438
2026-09-26 13:46:44,629 - INFO - Best train loss=2.06342267036438; saved /home/wlia0047/ar57/wenyu/GeneRec/results/stage3_T5Train/curvature_RQ-VAE_iter24/ckpt/Amazon_2023_Instruments/Sep-26-2026_13-34-49/HG_Rec_best.pth
2026-09-26 13:46:56,239 - INFO - Epoch 62/150 train_loss=2.0586502933502198
2026-09-26 13:46:56,275 - INFO - Best train loss=2.0586502933502198; saved /home/wlia0047/ar57/wenyu/GeneRec/results/stage3_T5Train/curvature_RQ-VAE_iter24/ckpt/Amazon_2023_Instruments/Sep-26-2026_13-34-49/HG_Rec_best.pth
2026-09-26 13:47:07,877 - INFO - Epoch 63/150 train_loss=2.0558850955963135
2026-09-26 13:47:07,914 - INFO - Best train loss=2.0558850955963135; saved /home/wlia0047/ar57/wenyu/GeneRec/results/stage3_T5Train/curvature_RQ-VAE_iter24/ckpt/Amazon_2023_Instruments/Sep-26-2026_13-34-49/HG_Rec_best.pth
2026-09-26 13:47:19,519 - INFO - Epoch 64/150 train_loss=2.053891305923462
2026-09-26 13:47:19,557 - INFO - Best train loss=2.053891305923462; saved /home/wlia0047/ar57/wenyu/GeneRec/results/stage3_T5Train/curvature_RQ-VAE_iter24/ckpt/Amazon_2023_Instruments/Sep-26-2026_13-34-49/HG_Rec_best.pth
2026-09-26 13:47:31,167 - INFO - Epoch 65/150 train_loss=2.046229763031006
2026-09-26 13:47:31,205 - INFO - Best train loss=2.046229763031006; saved /home/wlia0047/ar57/wenyu/GeneRec/results/stage3_T5Train/curvature_RQ-VAE_iter24/ckpt/Amazon_2023_Instruments/Sep-26-2026_13-34-49/HG_Rec_best.pth
2026-09-26 13:47:42,815 - INFO - Epoch 66/150 train_loss=2.0392726707458495
2026-09-26 13:47:42,855 - INFO - Best train loss=2.0392726707458495; saved /home/wlia0047/ar57/wenyu/GeneRec/results/stage3_T5Train/curvature_RQ-VAE_iter24/ckpt/Amazon_2023_Instruments/Sep-26-2026_13-34-49/HG_Rec_best.pth
2026-09-26 13:47:54,462 - INFO - Epoch 67/150 train_loss=2.028173875808716
2026-09-26 13:47:54,497 - INFO - Best train loss=2.028173875808716; saved /home/wlia0047/ar57/wenyu/GeneRec/results/stage3_T5Train/curvature_RQ-VAE_iter24/ckpt/Amazon_2023_Instruments/Sep-26-2026_13-34-49/HG_Rec_best.pth
2026-09-26 13:48:06,149 - INFO - Epoch 68/150 train_loss=2.024208164215088
2026-09-26 13:48:06,185 - INFO - Best train loss=2.024208164215088; saved /home/wlia0047/ar57/wenyu/GeneRec/results/stage3_T5Train/curvature_RQ-VAE_iter24/ckpt/Amazon_2023_Instruments/Sep-26-2026_13-34-49/HG_Rec_best.pth
2026-09-26 13:48:17,792 - INFO - Epoch 69/150 train_loss=2.020297703742981
2026-09-26 13:48:17,828 - INFO - Best train loss=2.020297703742981; saved /home/wlia0047/ar57/wenyu/GeneRec/results/stage3_T5Train/curvature_RQ-VAE_iter24/ckpt/Amazon_2023_Instruments/Sep-26-2026_13-34-49/HG_Rec_best.pth
2026-09-26 13:48:29,438 - INFO - Epoch 70/150 train_loss=2.0122352409362794
2026-09-26 13:48:29,474 - INFO - Best train loss=2.0122352409362794; saved /home/wlia0047/ar57/wenyu/GeneRec/results/stage3_T5Train/curvature_RQ-VAE_iter24/ckpt/Amazon_2023_Instruments/Sep-26-2026_13-34-49/HG_Rec_best.pth
2026-09-26 13:48:41,077 - INFO - Epoch 71/150 train_loss=2.0101018381118774
2026-09-26 13:48:41,113 - INFO - Best train loss=2.0101018381118774; saved /home/wlia0047/ar57/wenyu/GeneRec/results/stage3_T5Train/curvature_RQ-VAE_iter24/ckpt/Amazon_2023_Instruments/Sep-26-2026_13-34-49/HG_Rec_best.pth
2026-09-26 13:48:52,723 - INFO - Epoch 72/150 train_loss=2.004980597496033
2026-09-26 13:48:52,759 - INFO - Best train loss=2.004980597496033; saved /home/wlia0047/ar57/wenyu/GeneRec/results/stage3_T5Train/curvature_RQ-VAE_iter24/ckpt/Amazon_2023_Instruments/Sep-26-2026_13-34-49/HG_Rec_best.pth
2026-09-26 13:49:04,364 - INFO - Epoch 73/150 train_loss=1.99748553276062
2026-09-26 13:49:04,398 - INFO - Best train loss=1.99748553276062; saved /home/wlia0047/ar57/wenyu/GeneRec/results/stage3_T5Train/curvature_RQ-VAE_iter24/ckpt/Amazon_2023_Instruments/Sep-26-2026_13-34-49/HG_Rec_best.pth
2026-09-26 13:49:16,003 - INFO - Epoch 74/150 train_loss=1.9968743181228639
2026-09-26 13:49:16,042 - INFO - Best train loss=1.9968743181228639; saved /home/wlia0047/ar57/wenyu/GeneRec/results/stage3_T5Train/curvature_RQ-VAE_iter24/ckpt/Amazon_2023_Instruments/Sep-26-2026_13-34-49/HG_Rec_best.pth
2026-09-26 13:49:27,642 - INFO - Epoch 75/150 train_loss=1.9954570865631103
2026-09-26 13:49:27,679 - INFO - Best train loss=1.9954570865631103; saved /home/wlia0047/ar57/wenyu/GeneRec/results/stage3_T5Train/curvature_RQ-VAE_iter24/ckpt/Amazon_2023_Instruments/Sep-26-2026_13-34-49/HG_Rec_best.pth
2026-09-26 13:49:39,290 - INFO - Epoch 76/150 train_loss=1.9897103118896484
2026-09-26 13:49:39,326 - INFO - Best train loss=1.9897103118896484; saved /home/wlia0047/ar57/wenyu/GeneRec/results/stage3_T5Train/curvature_RQ-VAE_iter24/ckpt/Amazon_2023_Instruments/Sep-26-2026_13-34-49/HG_Rec_best.pth
2026-09-26 13:49:50,926 - INFO - Epoch 77/150 train_loss=1.98402841091156
2026-09-26 13:49:50,965 - INFO - Best train loss=1.98402841091156; saved /home/wlia0047/ar57/wenyu/GeneRec/results/stage3_T5Train/curvature_RQ-VAE_iter24/ckpt/Amazon_2023_Instruments/Sep-26-2026_13-34-49/HG_Rec_best.pth
2026-09-26 13:50:02,569 - INFO - Epoch 78/150 train_loss=1.9824058246612548
2026-09-26 13:50:02,608 - INFO - Best train loss=1.9824058246612548; saved /home/wlia0047/ar57/wenyu/GeneRec/results/stage3_T5Train/curvature_RQ-VAE_iter24/ckpt/Amazon_2023_Instruments/Sep-26-2026_13-34-49/HG_Rec_best.pth
2026-09-26 13:50:14,210 - INFO - Epoch 79/150 train_loss=1.981690812110901
2026-09-26 13:50:14,245 - INFO - Best train loss=1.981690812110901; saved /home/wlia0047/ar57/wenyu/GeneRec/results/stage3_T5Train/curvature_RQ-VAE_iter24/ckpt/Amazon_2023_Instruments/Sep-26-2026_13-34-49/HG_Rec_best.pth
2026-09-26 13:50:25,854 - INFO - Epoch 80/150 train_loss=1.9778853940963745
2026-09-26 13:50:26,367 - INFO - Best train loss=1.9778853940963745; saved /home/wlia0047/ar57/wenyu/GeneRec/results/stage3_T5Train/curvature_RQ-VAE_iter24/ckpt/Amazon_2023_Instruments/Sep-26-2026_13-34-49/HG_Rec_best.pth
2026-09-26 13:50:37,971 - INFO - Epoch 81/150 train_loss=1.9763051128387452
2026-09-26 13:50:38,006 - INFO - Best train loss=1.9763051128387452; saved /home/wlia0047/ar57/wenyu/GeneRec/results/stage3_T5Train/curvature_RQ-VAE_iter24/ckpt/Amazon_2023_Instruments/Sep-26-2026_13-34-49/HG_Rec_best.pth
2026-09-26 13:50:49,613 - INFO - Epoch 82/150 train_loss=1.9720868492126464
2026-09-26 13:50:49,647 - INFO - Best train loss=1.9720868492126464; saved /home/wlia0047/ar57/wenyu/GeneRec/results/stage3_T5Train/curvature_RQ-VAE_iter24/ckpt/Amazon_2023_Instruments/Sep-26-2026_13-34-49/HG_Rec_best.pth
2026-09-26 13:51:01,253 - INFO - Epoch 83/150 train_loss=1.970881118774414
2026-09-26 13:51:01,291 - INFO - Best train loss=1.970881118774414; saved /home/wlia0047/ar57/wenyu/GeneRec/results/stage3_T5Train/curvature_RQ-VAE_iter24/ckpt/Amazon_2023_Instruments/Sep-26-2026_13-34-49/HG_Rec_best.pth
2026-09-26 13:51:12,897 - INFO - Epoch 84/150 train_loss=1.9645835208892821
2026-09-26 13:51:12,935 - INFO - Best train loss=1.9645835208892821; saved /home/wlia0047/ar57/wenyu/GeneRec/results/stage3_T5Train/curvature_RQ-VAE_iter24/ckpt/Amazon_2023_Instruments/Sep-26-2026_13-34-49/HG_Rec_best.pth
2026-09-26 13:51:24,543 - INFO - Epoch 85/150 train_loss=1.9635792446136475
2026-09-26 13:51:24,579 - INFO - Best train loss=1.9635792446136475; saved /home/wlia0047/ar57/wenyu/GeneRec/results/stage3_T5Train/curvature_RQ-VAE_iter24/ckpt/Amazon_2023_Instruments/Sep-26-2026_13-34-49/HG_Rec_best.pth
2026-09-26 13:51:36,186 - INFO - Epoch 86/150 train_loss=1.962195029258728
2026-09-26 13:51:36,224 - INFO - Best train loss=1.962195029258728; saved /home/wlia0047/ar57/wenyu/GeneRec/results/stage3_T5Train/curvature_RQ-VAE_iter24/ckpt/Amazon_2023_Instruments/Sep-26-2026_13-34-49/HG_Rec_best.pth
2026-09-26 13:51:47,826 - INFO - Epoch 87/150 train_loss=1.9597762155532836
2026-09-26 13:51:47,865 - INFO - Best train loss=1.9597762155532836; saved /home/wlia0047/ar57/wenyu/GeneRec/results/stage3_T5Train/curvature_RQ-VAE_iter24/ckpt/Amazon_2023_Instruments/Sep-26-2026_13-34-49/HG_Rec_best.pth
2026-09-26 13:51:59,472 - INFO - Epoch 88/150 train_loss=1.9564160633087158
2026-09-26 13:51:59,510 - INFO - Best train loss=1.9564160633087158; saved /home/wlia0047/ar57/wenyu/GeneRec/results/stage3_T5Train/curvature_RQ-VAE_iter24/ckpt/Amazon_2023_Instruments/Sep-26-2026_13-34-49/HG_Rec_best.pth
2026-09-26 13:52:11,119 - INFO - Epoch 89/150 train_loss=1.9556031370162963
2026-09-26 13:52:11,157 - INFO - Best train loss=1.9556031370162963; saved /home/wlia0047/ar57/wenyu/GeneRec/results/stage3_T5Train/curvature_RQ-VAE_iter24/ckpt/Amazon_2023_Instruments/Sep-26-2026_13-34-49/HG_Rec_best.pth
2026-09-26 13:52:22,769 - INFO - Epoch 90/150 train_loss=1.952612690925598
2026-09-26 13:52:22,807 - INFO - Best train loss=1.952612690925598; saved /home/wlia0047/ar57/wenyu/GeneRec/results/stage3_T5Train/curvature_RQ-VAE_iter24/ckpt/Amazon_2023_Instruments/Sep-26-2026_13-34-49/HG_Rec_best.pth
2026-09-26 13:52:34,412 - INFO - Epoch 91/150 train_loss=1.950982313156128
2026-09-26 13:52:34,452 - INFO - Best train loss=1.950982313156128; saved /home/wlia0047/ar57/wenyu/GeneRec/results/stage3_T5Train/curvature_RQ-VAE_iter24/ckpt/Amazon_2023_Instruments/Sep-26-2026_13-34-49/HG_Rec_best.pth
2026-09-26 13:52:46,552 - INFO - Epoch 92/150 train_loss=1.9491001796722411
2026-09-26 13:52:46,590 - INFO - Best train loss=1.9491001796722411; saved /home/wlia0047/ar57/wenyu/GeneRec/results/stage3_T5Train/curvature_RQ-VAE_iter24/ckpt/Amazon_2023_Instruments/Sep-26-2026_13-34-49/HG_Rec_best.pth
2026-09-26 13:52:58,221 - INFO - Epoch 93/150 train_loss=1.9444594335556031
2026-09-26 13:52:58,265 - INFO - Best train loss=1.9444594335556031; saved /home/wlia0047/ar57/wenyu/GeneRec/results/stage3_T5Train/curvature_RQ-VAE_iter24/ckpt/Amazon_2023_Instruments/Sep-26-2026_13-34-49/HG_Rec_best.pth
2026-09-26 13:53:09,868 - INFO - Epoch 94/150 train_loss=1.9455857038497926
2026-09-26 13:53:09,874 - INFO - No train loss improvement; patience=1
2026-09-26 13:53:21,476 - INFO - Epoch 95/150 train_loss=1.9415774822235108
2026-09-26 13:53:21,514 - INFO - Best train loss=1.9415774822235108; saved /home/wlia0047/ar57/wenyu/GeneRec/results/stage3_T5Train/curvature_RQ-VAE_iter24/ckpt/Amazon_2023_Instruments/Sep-26-2026_13-34-49/HG_Rec_best.pth
2026-09-26 13:53:33,126 - INFO - Epoch 96/150 train_loss=1.9422897005081177
2026-09-26 13:53:33,131 - INFO - No train loss improvement; patience=1
2026-09-26 13:53:44,741 - INFO - Epoch 97/150 train_loss=1.9396316623687744
2026-09-26 13:53:44,777 - INFO - Best train loss=1.9396316623687744; saved /home/wlia0047/ar57/wenyu/GeneRec/results/stage3_T5Train/curvature_RQ-VAE_iter24/ckpt/Amazon_2023_Instruments/Sep-26-2026_13-34-49/HG_Rec_best.pth
2026-09-26 13:53:56,386 - INFO - Epoch 98/150 train_loss=1.9370785188674926
2026-09-26 13:53:56,427 - INFO - Best train loss=1.9370785188674926; saved /home/wlia0047/ar57/wenyu/GeneRec/results/stage3_T5Train/curvature_RQ-VAE_iter24/ckpt/Amazon_2023_Instruments/Sep-26-2026_13-34-49/HG_Rec_best.pth
2026-09-26 13:54:08,027 - INFO - Epoch 99/150 train_loss=1.9341148471832275
2026-09-26 13:54:08,062 - INFO - Best train loss=1.9341148471832275; saved /home/wlia0047/ar57/wenyu/GeneRec/results/stage3_T5Train/curvature_RQ-VAE_iter24/ckpt/Amazon_2023_Instruments/Sep-26-2026_13-34-49/HG_Rec_best.pth
2026-09-26 13:54:19,668 - INFO - Epoch 100/150 train_loss=1.9344998216629028
2026-09-26 13:54:19,671 - INFO - No train loss improvement; patience=1
2026-09-26 13:54:31,274 - INFO - Epoch 101/150 train_loss=1.93059476852417
2026-09-26 13:54:31,312 - INFO - Best train loss=1.93059476852417; saved /home/wlia0047/ar57/wenyu/GeneRec/results/stage3_T5Train/curvature_RQ-VAE_iter24/ckpt/Amazon_2023_Instruments/Sep-26-2026_13-34-49/HG_Rec_best.pth
2026-09-26 13:54:42,939 - INFO - Epoch 102/150 train_loss=1.9315908813476563
2026-09-26 13:54:42,948 - INFO - No train loss improvement; patience=1
2026-09-26 13:54:54,744 - INFO - Epoch 103/150 train_loss=1.9246831846237182
2026-09-26 13:54:54,786 - INFO - Best train loss=1.9246831846237182; saved /home/wlia0047/ar57/wenyu/GeneRec/results/stage3_T5Train/curvature_RQ-VAE_iter24/ckpt/Amazon_2023_Instruments/Sep-26-2026_13-34-49/HG_Rec_best.pth
2026-09-26 13:55:06,608 - INFO - Epoch 104/150 train_loss=1.9249981498718263
2026-09-26 13:55:06,611 - INFO - No train loss improvement; patience=1
2026-09-26 13:55:18,223 - INFO - Epoch 105/150 train_loss=1.9262883520126344
2026-09-26 13:55:18,228 - INFO - No train loss improvement; patience=2
2026-09-26 13:55:30,075 - INFO - Epoch 106/150 train_loss=1.9205779552459716
2026-09-26 13:55:30,124 - INFO - Best train loss=1.9205779552459716; saved /home/wlia0047/ar57/wenyu/GeneRec/results/stage3_T5Train/curvature_RQ-VAE_iter24/ckpt/Amazon_2023_Instruments/Sep-26-2026_13-34-49/HG_Rec_best.pth
2026-09-26 13:55:41,813 - INFO - Epoch 107/150 train_loss=1.9216480350494385
2026-09-26 13:55:41,818 - INFO - No train loss improvement; patience=1
2026-09-26 13:55:53,424 - INFO - Epoch 108/150 train_loss=1.9216472005844116
2026-09-26 13:55:53,437 - INFO - No train loss improvement; patience=2
2026-09-26 13:56:05,044 - INFO - Epoch 109/150 train_loss=1.9164746522903442
2026-09-26 13:56:05,079 - INFO - Best train loss=1.9164746522903442; saved /home/wlia0047/ar57/wenyu/GeneRec/results/stage3_T5Train/curvature_RQ-VAE_iter24/ckpt/Amazon_2023_Instruments/Sep-26-2026_13-34-49/HG_Rec_best.pth
2026-09-26 13:56:16,687 - INFO - Epoch 110/150 train_loss=1.915954089164734
2026-09-26 13:56:16,722 - INFO - Best train loss=1.915954089164734; saved /home/wlia0047/ar57/wenyu/GeneRec/results/stage3_T5Train/curvature_RQ-VAE_iter24/ckpt/Amazon_2023_Instruments/Sep-26-2026_13-34-49/HG_Rec_best.pth
2026-09-26 13:56:28,330 - INFO - Epoch 111/150 train_loss=1.9150472497940063
2026-09-26 13:56:28,365 - INFO - Best train loss=1.9150472497940063; saved /home/wlia0047/ar57/wenyu/GeneRec/results/stage3_T5Train/curvature_RQ-VAE_iter24/ckpt/Amazon_2023_Instruments/Sep-26-2026_13-34-49/HG_Rec_best.pth
2026-09-26 13:56:39,984 - INFO - Epoch 112/150 train_loss=1.9148072481155396
2026-09-26 13:56:40,020 - INFO - Best train loss=1.9148072481155396; saved /home/wlia0047/ar57/wenyu/GeneRec/results/stage3_T5Train/curvature_RQ-VAE_iter24/ckpt/Amazon_2023_Instruments/Sep-26-2026_13-34-49/HG_Rec_best.pth
2026-09-26 13:56:51,632 - INFO - Epoch 113/150 train_loss=1.914136724472046
2026-09-26 13:56:51,668 - INFO - Best train loss=1.914136724472046; saved /home/wlia0047/ar57/wenyu/GeneRec/results/stage3_T5Train/curvature_RQ-VAE_iter24/ckpt/Amazon_2023_Instruments/Sep-26-2026_13-34-49/HG_Rec_best.pth
2026-09-26 13:57:03,273 - INFO - Epoch 114/150 train_loss=1.9103764390945435
2026-09-26 13:57:03,309 - INFO - Best train loss=1.9103764390945435; saved /home/wlia0047/ar57/wenyu/GeneRec/results/stage3_T5Train/curvature_RQ-VAE_iter24/ckpt/Amazon_2023_Instruments/Sep-26-2026_13-34-49/HG_Rec_best.pth
2026-09-26 13:57:14,920 - INFO - Epoch 115/150 train_loss=1.9111887311935425
2026-09-26 13:57:14,926 - INFO - No train loss improvement; patience=1
2026-09-26 13:57:26,536 - INFO - Epoch 116/150 train_loss=1.9092683839797973
2026-09-26 13:57:26,571 - INFO - Best train loss=1.9092683839797973; saved /home/wlia0047/ar57/wenyu/GeneRec/results/stage3_T5Train/curvature_RQ-VAE_iter24/ckpt/Amazon_2023_Instruments/Sep-26-2026_13-34-49/HG_Rec_best.pth
2026-09-26 13:57:39,583 - INFO - Epoch 117/150 train_loss=1.90687020778656
2026-09-26 13:57:39,620 - INFO - Best train loss=1.90687020778656; saved /home/wlia0047/ar57/wenyu/GeneRec/results/stage3_T5Train/curvature_RQ-VAE_iter24/ckpt/Amazon_2023_Instruments/Sep-26-2026_13-34-49/HG_Rec_best.pth
2026-09-26 13:57:51,261 - INFO - Epoch 118/150 train_loss=1.9035821914672852
2026-09-26 13:57:51,310 - INFO - Best train loss=1.9035821914672852; saved /home/wlia0047/ar57/wenyu/GeneRec/results/stage3_T5Train/curvature_RQ-VAE_iter24/ckpt/Amazon_2023_Instruments/Sep-26-2026_13-34-49/HG_Rec_best.pth
2026-09-26 13:58:02,917 - INFO - Epoch 119/150 train_loss=1.9035621213912963
2026-09-26 13:58:02,952 - INFO - Best train loss=1.9035621213912963; saved /home/wlia0047/ar57/wenyu/GeneRec/results/stage3_T5Train/curvature_RQ-VAE_iter24/ckpt/Amazon_2023_Instruments/Sep-26-2026_13-34-49/HG_Rec_best.pth
2026-09-26 13:58:14,558 - INFO - Epoch 120/150 train_loss=1.9004923629760742
2026-09-26 13:58:14,595 - INFO - Best train loss=1.9004923629760742; saved /home/wlia0047/ar57/wenyu/GeneRec/results/stage3_T5Train/curvature_RQ-VAE_iter24/ckpt/Amazon_2023_Instruments/Sep-26-2026_13-34-49/HG_Rec_best.pth
2026-09-26 13:58:26,195 - INFO - Epoch 121/150 train_loss=1.8989457273483277
2026-09-26 13:58:26,229 - INFO - Best train loss=1.8989457273483277; saved /home/wlia0047/ar57/wenyu/GeneRec/results/stage3_T5Train/curvature_RQ-VAE_iter24/ckpt/Amazon_2023_Instruments/Sep-26-2026_13-34-49/HG_Rec_best.pth
2026-09-26 13:58:37,831 - INFO - Epoch 122/150 train_loss=1.8984353065490722
2026-09-26 13:58:37,866 - INFO - Best train loss=1.8984353065490722; saved /home/wlia0047/ar57/wenyu/GeneRec/results/stage3_T5Train/curvature_RQ-VAE_iter24/ckpt/Amazon_2023_Instruments/Sep-26-2026_13-34-49/HG_Rec_best.pth
2026-09-26 13:58:49,473 - INFO - Epoch 123/150 train_loss=1.8955252647399903
2026-09-26 13:58:49,509 - INFO - Best train loss=1.8955252647399903; saved /home/wlia0047/ar57/wenyu/GeneRec/results/stage3_T5Train/curvature_RQ-VAE_iter24/ckpt/Amazon_2023_Instruments/Sep-26-2026_13-34-49/HG_Rec_best.pth
2026-09-26 13:59:01,120 - INFO - Epoch 124/150 train_loss=1.8972689962387086
2026-09-26 13:59:01,125 - INFO - No train loss improvement; patience=1
2026-09-26 13:59:12,731 - INFO - Epoch 125/150 train_loss=1.8967524433135987
2026-09-26 13:59:12,736 - INFO - No train loss improvement; patience=2
2026-09-26 13:59:24,346 - INFO - Epoch 126/150 train_loss=1.8942354393005372
2026-09-26 13:59:24,381 - INFO - Best train loss=1.8942354393005372; saved /home/wlia0047/ar57/wenyu/GeneRec/results/stage3_T5Train/curvature_RQ-VAE_iter24/ckpt/Amazon_2023_Instruments/Sep-26-2026_13-34-49/HG_Rec_best.pth
2026-09-26 13:59:35,986 - INFO - Epoch 127/150 train_loss=1.8922853899002074
2026-09-26 13:59:36,023 - INFO - Best train loss=1.8922853899002074; saved /home/wlia0047/ar57/wenyu/GeneRec/results/stage3_T5Train/curvature_RQ-VAE_iter24/ckpt/Amazon_2023_Instruments/Sep-26-2026_13-34-49/HG_Rec_best.pth
2026-09-26 13:59:47,629 - INFO - Epoch 128/150 train_loss=1.8953820276260376
2026-09-26 13:59:47,636 - INFO - No train loss improvement; patience=1
2026-09-26 13:59:59,249 - INFO - Epoch 129/150 train_loss=1.889868278503418
2026-09-26 13:59:59,284 - INFO - Best train loss=1.889868278503418; saved /home/wlia0047/ar57/wenyu/GeneRec/results/stage3_T5Train/curvature_RQ-VAE_iter24/ckpt/Amazon_2023_Instruments/Sep-26-2026_13-34-49/HG_Rec_best.pth
2026-09-26 14:00:10,890 - INFO - Epoch 130/150 train_loss=1.891624355316162
2026-09-26 14:00:10,893 - INFO - No train loss improvement; patience=1
2026-09-26 14:00:22,498 - INFO - Epoch 131/150 train_loss=1.8886572647094726
2026-09-26 14:00:22,534 - INFO - Best train loss=1.8886572647094726; saved /home/wlia0047/ar57/wenyu/GeneRec/results/stage3_T5Train/curvature_RQ-VAE_iter24/ckpt/Amazon_2023_Instruments/Sep-26-2026_13-34-49/HG_Rec_best.pth
2026-09-26 14:00:34,146 - INFO - Epoch 132/150 train_loss=1.8890267992019654
2026-09-26 14:00:34,149 - INFO - No train loss improvement; patience=1
2026-09-26 14:00:45,755 - INFO - Epoch 133/150 train_loss=1.8900833129882812
2026-09-26 14:00:45,764 - INFO - No train loss improvement; patience=2
2026-09-26 14:00:57,368 - INFO - Epoch 134/150 train_loss=1.88727530002594
2026-09-26 14:00:57,410 - INFO - Best train loss=1.88727530002594; saved /home/wlia0047/ar57/wenyu/GeneRec/results/stage3_T5Train/curvature_RQ-VAE_iter24/ckpt/Amazon_2023_Instruments/Sep-26-2026_13-34-49/HG_Rec_best.pth
2026-09-26 14:01:09,019 - INFO - Epoch 135/150 train_loss=1.8853261756896973
2026-09-26 14:01:09,054 - INFO - Best train loss=1.8853261756896973; saved /home/wlia0047/ar57/wenyu/GeneRec/results/stage3_T5Train/curvature_RQ-VAE_iter24/ckpt/Amazon_2023_Instruments/Sep-26-2026_13-34-49/HG_Rec_best.pth
2026-09-26 14:01:20,665 - INFO - Epoch 136/150 train_loss=1.8869003677368164
2026-09-26 14:01:20,671 - INFO - No train loss improvement; patience=1
2026-09-26 14:01:32,286 - INFO - Epoch 137/150 train_loss=1.8866424083709716
2026-09-26 14:01:32,290 - INFO - No train loss improvement; patience=2
2026-09-26 14:01:43,899 - INFO - Epoch 138/150 train_loss=1.8837062883377076
2026-09-26 14:01:43,932 - INFO - Best train loss=1.8837062883377076; saved /home/wlia0047/ar57/wenyu/GeneRec/results/stage3_T5Train/curvature_RQ-VAE_iter24/ckpt/Amazon_2023_Instruments/Sep-26-2026_13-34-49/HG_Rec_best.pth
2026-09-26 14:01:55,539 - INFO - Epoch 139/150 train_loss=1.8826126289367675
2026-09-26 14:01:55,576 - INFO - Best train loss=1.8826126289367675; saved /home/wlia0047/ar57/wenyu/GeneRec/results/stage3_T5Train/curvature_RQ-VAE_iter24/ckpt/Amazon_2023_Instruments/Sep-26-2026_13-34-49/HG_Rec_best.pth
2026-09-26 14:02:07,183 - INFO - Epoch 140/150 train_loss=1.8807348394393921
2026-09-26 14:02:07,218 - INFO - Best train loss=1.8807348394393921; saved /home/wlia0047/ar57/wenyu/GeneRec/results/stage3_T5Train/curvature_RQ-VAE_iter24/ckpt/Amazon_2023_Instruments/Sep-26-2026_13-34-49/HG_Rec_best.pth
2026-09-26 14:02:18,830 - INFO - Epoch 141/150 train_loss=1.8850787925720214
2026-09-26 14:02:18,833 - INFO - No train loss improvement; patience=1
2026-09-26 14:02:30,443 - INFO - Epoch 142/150 train_loss=1.8834228992462159
2026-09-26 14:02:30,446 - INFO - No train loss improvement; patience=2
2026-09-26 14:02:42,047 - INFO - Epoch 143/150 train_loss=1.8795465517044068
2026-09-26 14:02:42,093 - INFO - Best train loss=1.8795465517044068; saved /home/wlia0047/ar57/wenyu/GeneRec/results/stage3_T5Train/curvature_RQ-VAE_iter24/ckpt/Amazon_2023_Instruments/Sep-26-2026_13-34-49/HG_Rec_best.pth
2026-09-26 14:02:53,703 - INFO - Epoch 144/150 train_loss=1.8785601139068604
2026-09-26 14:02:53,739 - INFO - Best train loss=1.8785601139068604; saved /home/wlia0047/ar57/wenyu/GeneRec/results/stage3_T5Train/curvature_RQ-VAE_iter24/ckpt/Amazon_2023_Instruments/Sep-26-2026_13-34-49/HG_Rec_best.pth
2026-09-26 14:03:05,347 - INFO - Epoch 145/150 train_loss=1.8784596920013428
2026-09-26 14:03:05,383 - INFO - Best train loss=1.8784596920013428; saved /home/wlia0047/ar57/wenyu/GeneRec/results/stage3_T5Train/curvature_RQ-VAE_iter24/ckpt/Amazon_2023_Instruments/Sep-26-2026_13-34-49/HG_Rec_best.pth
2026-09-26 14:03:16,984 - INFO - Epoch 146/150 train_loss=1.8793960905075073
2026-09-26 14:03:16,988 - INFO - No train loss improvement; patience=1
2026-09-26 14:03:28,590 - INFO - Epoch 147/150 train_loss=1.874270372390747
2026-09-26 14:03:28,630 - INFO - Best train loss=1.874270372390747; saved /home/wlia0047/ar57/wenyu/GeneRec/results/stage3_T5Train/curvature_RQ-VAE_iter24/ckpt/Amazon_2023_Instruments/Sep-26-2026_13-34-49/HG_Rec_best.pth
2026-09-26 14:03:40,235 - INFO - Epoch 148/150 train_loss=1.874845027923584
2026-09-26 14:03:40,240 - INFO - No train loss improvement; patience=1
2026-09-26 14:03:51,850 - INFO - Epoch 149/150 train_loss=1.8740843915939331
2026-09-26 14:03:51,887 - INFO - Best train loss=1.8740843915939331; saved /home/wlia0047/ar57/wenyu/GeneRec/results/stage3_T5Train/curvature_RQ-VAE_iter24/ckpt/Amazon_2023_Instruments/Sep-26-2026_13-34-49/HG_Rec_best.pth
2026-09-26 14:04:03,499 - INFO - Epoch 150/150 train_loss=1.8753498888015747
2026-09-26 14:04:03,502 - INFO - No train loss improvement; patience=1
2026-09-26 14:11:48,221 - INFO - Test={'best_checkpoint': '/home/wlia0047/ar57/wenyu/GeneRec/results/stage3_T5Train/curvature_RQ-VAE_iter24/ckpt/Amazon_2023_Instruments/Sep-26-2026_13-34-49/HG_Rec_best.pth', 'n_eval': 57439, 'test_recall@5': 0.037343964901895926, 'test_recall@10': 0.05619874997823778, 'test_ndcg@5': 0.025041357907451947, 'test_ndcg@10': 0.031103474569520558}
