W1005 13:09:13.619971 292491 /fs04/scratch2/ar57/wenyu/genrec_env_v2/lib/python3.9/site-packages/torch/distributed/run.py:774] 
W1005 13:09:13.619971 292491 /fs04/scratch2/ar57/wenyu/genrec_env_v2/lib/python3.9/site-packages/torch/distributed/run.py:774] *****************************************
W1005 13:09:13.619971 292491 /fs04/scratch2/ar57/wenyu/genrec_env_v2/lib/python3.9/site-packages/torch/distributed/run.py:774] Setting OMP_NUM_THREADS environment variable for each process to be 1 in default, to avoid your system being overloaded, please further tune the variable for optimal performance in your application as needed. 
W1005 13:09:13.619971 292491 /fs04/scratch2/ar57/wenyu/genrec_env_v2/lib/python3.9/site-packages/torch/distributed/run.py:774] *****************************************
[hyperbolic] cold_start=true max_global_steps=72000 batch_size_per_rank=1024 total_effective_batch=4096 c=[1.0, 1.0, 1.0] residual_radius=[0.0, 0.0, 0.0] codebook_shell_radius=[0.199646330229, 0.0844643291576, 0.10848598967]
[RecBole RQ-VAE] initializing codebooks with KMeans
/fs04/ar57/wenyu/GeneRec/stage2_RQ-VAE/curvature_RQ-VAE_iter83/model/layers.py:113: UserWarning: Deterministic behavior was enabled with either `torch.use_deterministic_algorithms(True)` or `at::Context::setDeterministicAlgorithms(true)`, but this operation is not deterministic because it uses CuBLAS and you have CUDA >= 10.2. To enable deterministic behavior in this case, you must set an environment variable before running your PyTorch application: CUBLAS_WORKSPACE_CONFIG=:4096:8 or CUBLAS_WORKSPACE_CONFIG=:16:8. For more information, go to https://docs.nvidia.com/cuda/cublas/index.html#results-reproducibility (Triggered internally at /pytorch/aten/src/ATen/Context.cpp:233.)
  dot = x_point @ y_point.t()
/fs04/ar57/wenyu/GeneRec/stage2_RQ-VAE/curvature_RQ-VAE_iter83/model/layers.py:113: UserWarning: Deterministic behavior was enabled with either `torch.use_deterministic_algorithms(True)` or `at::Context::setDeterministicAlgorithms(true)`, but this operation is not deterministic because it uses CuBLAS and you have CUDA >= 10.2. To enable deterministic behavior in this case, you must set an environment variable before running your PyTorch application: CUBLAS_WORKSPACE_CONFIG=:4096:8 or CUBLAS_WORKSPACE_CONFIG=:16:8. For more information, go to https://docs.nvidia.com/cuda/cublas/index.html#results-reproducibility (Triggered internally at /pytorch/aten/src/ATen/Context.cpp:233.)
  dot = x_point @ y_point.t()
/fs04/ar57/wenyu/GeneRec/stage2_RQ-VAE/curvature_RQ-VAE_iter83/model/layers.py:113: UserWarning: Deterministic behavior was enabled with either `torch.use_deterministic_algorithms(True)` or `at::Context::setDeterministicAlgorithms(true)`, but this operation is not deterministic because it uses CuBLAS and you have CUDA >= 10.2. To enable deterministic behavior in this case, you must set an environment variable before running your PyTorch application: CUBLAS_WORKSPACE_CONFIG=:4096:8 or CUBLAS_WORKSPACE_CONFIG=:16:8. For more information, go to https://docs.nvidia.com/cuda/cublas/index.html#results-reproducibility (Triggered internally at /pytorch/aten/src/ATen/Context.cpp:233.)
  dot = x_point @ y_point.t()
/fs04/ar57/wenyu/GeneRec/stage2_RQ-VAE/curvature_RQ-VAE_iter83/model/layers.py:113: UserWarning: Deterministic behavior was enabled with either `torch.use_deterministic_algorithms(True)` or `at::Context::setDeterministicAlgorithms(true)`, but this operation is not deterministic because it uses CuBLAS and you have CUDA >= 10.2. To enable deterministic behavior in this case, you must set an environment variable before running your PyTorch application: CUBLAS_WORKSPACE_CONFIG=:4096:8 or CUBLAS_WORKSPACE_CONFIG=:16:8. For more information, go to https://docs.nvidia.com/cuda/cublas/index.html#results-reproducibility (Triggered internally at /pytorch/aten/src/ATen/Context.cpp:233.)
  dot = x_point @ y_point.t()
/fs04/ar57/wenyu/GeneRec/stage2_RQ-VAE/curvature_RQ-VAE_iter83/model/layers.py:113: UserWarning: Deterministic behavior was enabled with either `torch.use_deterministic_algorithms(True)` or `at::Context::setDeterministicAlgorithms(true)`, but this operation is not deterministic because it uses CuBLAS and you have CUDA >= 10.2. To enable deterministic behavior in this case, you must set an environment variable before running your PyTorch application: CUBLAS_WORKSPACE_CONFIG=:4096:8 or CUBLAS_WORKSPACE_CONFIG=:16:8. For more information, go to https://docs.nvidia.com/cuda/cublas/index.html#results-reproducibility (Triggered internally at /pytorch/aten/src/ATen/Context.cpp:233.)
  dot = x_point @ y_point.t()
/fs04/ar57/wenyu/GeneRec/stage2_RQ-VAE/curvature_RQ-VAE_iter83/model/layers.py:113: UserWarning: Deterministic behavior was enabled with either `torch.use_deterministic_algorithms(True)` or `at::Context::setDeterministicAlgorithms(true)`, but this operation is not deterministic because it uses CuBLAS and you have CUDA >= 10.2. To enable deterministic behavior in this case, you must set an environment variable before running your PyTorch application: CUBLAS_WORKSPACE_CONFIG=:4096:8 or CUBLAS_WORKSPACE_CONFIG=:16:8. For more information, go to https://docs.nvidia.com/cuda/cublas/index.html#results-reproducibility (Triggered internally at /pytorch/aten/src/ATen/Context.cpp:233.)
  dot = x_point @ y_point.t()
/fs04/ar57/wenyu/GeneRec/stage2_RQ-VAE/curvature_RQ-VAE_iter83/model/layers.py:113: UserWarning: Deterministic behavior was enabled with either `torch.use_deterministic_algorithms(True)` or `at::Context::setDeterministicAlgorithms(true)`, but this operation is not deterministic because it uses CuBLAS and you have CUDA >= 10.2. To enable deterministic behavior in this case, you must set an environment variable before running your PyTorch application: CUBLAS_WORKSPACE_CONFIG=:4096:8 or CUBLAS_WORKSPACE_CONFIG=:16:8. For more information, go to https://docs.nvidia.com/cuda/cublas/index.html#results-reproducibility (Triggered internally at /pytorch/aten/src/ATen/Context.cpp:233.)
  dot = x_point @ y_point.t()
/fs04/ar57/wenyu/GeneRec/stage2_RQ-VAE/curvature_RQ-VAE_iter83/model/layers.py:113: UserWarning: Deterministic behavior was enabled with either `torch.use_deterministic_algorithms(True)` or `at::Context::setDeterministicAlgorithms(true)`, but this operation is not deterministic because it uses CuBLAS and you have CUDA >= 10.2. To enable deterministic behavior in this case, you must set an environment variable before running your PyTorch application: CUBLAS_WORKSPACE_CONFIG=:4096:8 or CUBLAS_WORKSPACE_CONFIG=:16:8. For more information, go to https://docs.nvidia.com/cuda/cublas/index.html#results-reproducibility (Triggered internally at /pytorch/aten/src/ATen/Context.cpp:233.)
  dot = x_point @ y_point.t()
/fs04/ar57/wenyu/GeneRec/stage2_RQ-VAE/curvature_RQ-VAE_iter83/model/layers.py:113: UserWarning: Deterministic behavior was enabled with either `torch.use_deterministic_algorithms(True)` or `at::Context::setDeterministicAlgorithms(true)`, but this operation is not deterministic because it uses CuBLAS and you have CUDA >= 10.2. To enable deterministic behavior in this case, you must set an environment variable before running your PyTorch application: CUBLAS_WORKSPACE_CONFIG=:4096:8 or CUBLAS_WORKSPACE_CONFIG=:16:8. For more information, go to https://docs.nvidia.com/cuda/cublas/index.html#results-reproducibility (Triggered internally at /pytorch/aten/src/ATen/Context.cpp:233.)
  dot = x_point @ y_point.t()
/fs04/ar57/wenyu/GeneRec/stage2_RQ-VAE/curvature_RQ-VAE_iter83/model/layers.py:113: UserWarning: Deterministic behavior was enabled with either `torch.use_deterministic_algorithms(True)` or `at::Context::setDeterministicAlgorithms(true)`, but this operation is not deterministic because it uses CuBLAS and you have CUDA >= 10.2. To enable deterministic behavior in this case, you must set an environment variable before running your PyTorch application: CUBLAS_WORKSPACE_CONFIG=:4096:8 or CUBLAS_WORKSPACE_CONFIG=:16:8. For more information, go to https://docs.nvidia.com/cuda/cublas/index.html#results-reproducibility (Triggered internally at /pytorch/aten/src/ATen/Context.cpp:233.)
  dot = x_point @ y_point.t()
/fs04/ar57/wenyu/GeneRec/stage2_RQ-VAE/curvature_RQ-VAE_iter83/model/layers.py:113: UserWarning: Deterministic behavior was enabled with either `torch.use_deterministic_algorithms(True)` or `at::Context::setDeterministicAlgorithms(true)`, but this operation is not deterministic because it uses CuBLAS and you have CUDA >= 10.2. To enable deterministic behavior in this case, you must set an environment variable before running your PyTorch application: CUBLAS_WORKSPACE_CONFIG=:4096:8 or CUBLAS_WORKSPACE_CONFIG=:16:8. For more information, go to https://docs.nvidia.com/cuda/cublas/index.html#results-reproducibility (Triggered internally at /pytorch/aten/src/ATen/Context.cpp:233.)
  dot = x_point @ y_point.t()
/fs04/ar57/wenyu/GeneRec/stage2_RQ-VAE/curvature_RQ-VAE_iter83/model/layers.py:113: UserWarning: Deterministic behavior was enabled with either `torch.use_deterministic_algorithms(True)` or `at::Context::setDeterministicAlgorithms(true)`, but this operation is not deterministic because it uses CuBLAS and you have CUDA >= 10.2. To enable deterministic behavior in this case, you must set an environment variable before running your PyTorch application: CUBLAS_WORKSPACE_CONFIG=:4096:8 or CUBLAS_WORKSPACE_CONFIG=:16:8. For more information, go to https://docs.nvidia.com/cuda/cublas/index.html#results-reproducibility (Triggered internally at /pytorch/aten/src/ATen/Context.cpp:233.)
  dot = x_point @ y_point.t()
/home/wlia0047/ar57_scratch/wenyu/genrec_env_v2/lib64/python3.9/site-packages/torch/distributed/distributed_c10d.py:4807: UserWarning: No device id is provided via `init_process_group` or `barrier `. Using the current device set by the user. 
  warnings.warn(  # warn only once
/home/wlia0047/ar57_scratch/wenyu/genrec_env_v2/lib64/python3.9/site-packages/torch/distributed/distributed_c10d.py:4807: UserWarning: No device id is provided via `init_process_group` or `barrier `. Using the current device set by the user. 
  warnings.warn(  # warn only once
/home/wlia0047/ar57_scratch/wenyu/genrec_env_v2/lib64/python3.9/site-packages/torch/distributed/distributed_c10d.py:4807: UserWarning: No device id is provided via `init_process_group` or `barrier `. Using the current device set by the user. 
  warnings.warn(  # warn only once
/home/wlia0047/ar57_scratch/wenyu/genrec_env_v2/lib64/python3.9/site-packages/torch/distributed/distributed_c10d.py:4807: UserWarning: No device id is provided via `init_process_group` or `barrier `. Using the current device set by the user. 
  warnings.warn(  # warn only once
/home/wlia0047/ar57_scratch/wenyu/genrec_env_v2/lib64/python3.9/site-packages/torch/autograd/graph.py:829: UserWarning: Deterministic behavior was enabled with either `torch.use_deterministic_algorithms(True)` or `at::Context::setDeterministicAlgorithms(true)`, but this operation is not deterministic because it uses CuBLAS and you have CUDA >= 10.2. To enable deterministic behavior in this case, you must set an environment variable before running your PyTorch application: CUBLAS_WORKSPACE_CONFIG=:4096:8 or CUBLAS_WORKSPACE_CONFIG=:16:8. For more information, go to https://docs.nvidia.com/cuda/cublas/index.html#results-reproducibility (Triggered internally at /pytorch/aten/src/ATen/Context.cpp:233.)
  return Variable._execution_engine.run_backward(  # Calls into the C++ engine to run the backward pass
/home/wlia0047/ar57_scratch/wenyu/genrec_env_v2/lib64/python3.9/site-packages/torch/autograd/graph.py:829: UserWarning: Deterministic behavior was enabled with either `torch.use_deterministic_algorithms(True)` or `at::Context::setDeterministicAlgorithms(true)`, but this operation is not deterministic because it uses CuBLAS and you have CUDA >= 10.2. To enable deterministic behavior in this case, you must set an environment variable before running your PyTorch application: CUBLAS_WORKSPACE_CONFIG=:4096:8 or CUBLAS_WORKSPACE_CONFIG=:16:8. For more information, go to https://docs.nvidia.com/cuda/cublas/index.html#results-reproducibility (Triggered internally at /pytorch/aten/src/ATen/Context.cpp:233.)
  return Variable._execution_engine.run_backward(  # Calls into the C++ engine to run the backward pass
/home/wlia0047/ar57_scratch/wenyu/genrec_env_v2/lib64/python3.9/site-packages/torch/autograd/graph.py:829: UserWarning: Deterministic behavior was enabled with either `torch.use_deterministic_algorithms(True)` or `at::Context::setDeterministicAlgorithms(true)`, but this operation is not deterministic because it uses CuBLAS and you have CUDA >= 10.2. To enable deterministic behavior in this case, you must set an environment variable before running your PyTorch application: CUBLAS_WORKSPACE_CONFIG=:4096:8 or CUBLAS_WORKSPACE_CONFIG=:16:8. For more information, go to https://docs.nvidia.com/cuda/cublas/index.html#results-reproducibility (Triggered internally at /pytorch/aten/src/ATen/Context.cpp:233.)
  return Variable._execution_engine.run_backward(  # Calls into the C++ engine to run the backward pass
/home/wlia0047/ar57_scratch/wenyu/genrec_env_v2/lib64/python3.9/site-packages/torch/autograd/graph.py:829: UserWarning: Deterministic behavior was enabled with either `torch.use_deterministic_algorithms(True)` or `at::Context::setDeterministicAlgorithms(true)`, but this operation is not deterministic because it uses CuBLAS and you have CUDA >= 10.2. To enable deterministic behavior in this case, you must set an environment variable before running your PyTorch application: CUBLAS_WORKSPACE_CONFIG=:4096:8 or CUBLAS_WORKSPACE_CONFIG=:16:8. For more information, go to https://docs.nvidia.com/cuda/cublas/index.html#results-reproducibility (Triggered internally at /pytorch/aten/src/ATen/Context.cpp:233.)
  return Variable._execution_engine.run_backward(  # Calls into the C++ engine to run the backward pass
[hyperbolic] global_step=216/72000 local_updates=54 loss=0.06019991 recon=0.00016766
[hyperbolic] global_step=444/72000 local_updates=111 loss=0.05586380 recon=0.00016665
[hyperbolic] global_step=668/72000 local_updates=167 loss=0.05620620 recon=0.00017314
[hyperbolic] global_step=888/72000 local_updates=222 loss=0.05320296 recon=0.00018201
[hyperbolic] global_step=1096/72000 local_updates=274 loss=0.05524863 recon=0.00016538
[hyperbolic] global_step=1300/72000 local_updates=325 loss=0.05453768 recon=0.00019441
[hyperbolic] global_step=1504/72000 local_updates=376 loss=0.05557983 recon=0.00016872
[hyperbolic] global_step=1700/72000 local_updates=425 loss=0.05197953 recon=0.00016514
[hyperbolic] global_step=1904/72000 local_updates=476 loss=0.05441744 recon=0.00019107
[hyperbolic] global_step=2112/72000 local_updates=528 loss=0.05415907 recon=0.00018987
[hyperbolic] global_step=2324/72000 local_updates=581 loss=0.05242967 recon=0.00016908
[hyperbolic] global_step=2520/72000 local_updates=630 loss=0.05312288 recon=0.00017047
[hyperbolic] global_step=2704/72000 local_updates=676 loss=0.05290403 recon=0.00019601
[hyperbolic] global_step=2884/72000 local_updates=721 loss=0.05358688 recon=0.00018045
[hyperbolic] global_step=3064/72000 local_updates=766 loss=0.05426270 recon=0.00019061
[hyperbolic] global_step=3248/72000 local_updates=812 loss=0.05262920 recon=0.00018728
[hyperbolic] global_step=3428/72000 local_updates=857 loss=0.05201006 recon=0.00018430
[hyperbolic] global_step=3604/72000 local_updates=901 loss=0.05139690 recon=0.00016226
[hyperbolic] global_step=3780/72000 local_updates=945 loss=0.05185870 recon=0.00018413
[hyperbolic] global_step=3960/72000 local_updates=990 loss=0.05295248 recon=0.00016851
[hyperbolic] global_step=4140/72000 local_updates=1035 loss=0.05257644 recon=0.00018086
[hyperbolic] global_step=4320/72000 local_updates=1080 loss=0.05191895 recon=0.00017022
[hyperbolic] global_step=4500/72000 local_updates=1125 loss=0.05180325 recon=0.00015145
[hyperbolic] global_step=4672/72000 local_updates=1168 loss=0.05069768 recon=0.00020870
[hyperbolic] global_step=4848/72000 local_updates=1212 loss=0.05200297 recon=0.00018322
[hyperbolic] global_step=5012/72000 local_updates=1253 loss=0.05068417 recon=0.00018360
[hyperbolic] global_step=5172/72000 local_updates=1293 loss=0.05111064 recon=0.00015578
[hyperbolic] global_step=5300/72000 local_updates=1325 loss=0.05218452 recon=0.00016541
[hyperbolic] global_step=5432/72000 local_updates=1358 loss=0.05106212 recon=0.00020537
[hyperbolic] global_step=5588/72000 local_updates=1397 loss=0.05113645 recon=0.00017954
[hyperbolic] global_step=5712/72000 local_updates=1428 loss=0.05111558 recon=0.00019044
[hyperbolic] global_step=5868/72000 local_updates=1467 loss=0.05045362 recon=0.00017498
[hyperbolic] global_step=6016/72000 local_updates=1504 loss=0.05011329 recon=0.00017489
[hyperbolic] global_step=6168/72000 local_updates=1542 loss=0.05052155 recon=0.00015155
[hyperbolic] global_step=6316/72000 local_updates=1579 loss=0.05130821 recon=0.00016994
[hyperbolic] global_step=6468/72000 local_updates=1617 loss=0.04893648 recon=0.00018969
[hyperbolic] global_step=6620/72000 local_updates=1655 loss=0.04942022 recon=0.00019978
[hyperbolic] global_step=6772/72000 local_updates=1693 loss=0.05107377 recon=0.00015788
[hyperbolic] global_step=6920/72000 local_updates=1730 loss=0.05133012 recon=0.00017879
[hyperbolic] global_step=7068/72000 local_updates=1767 loss=0.05222282 recon=0.00017158
[hyperbolic] global_step=7216/72000 local_updates=1804 loss=0.05050758 recon=0.00017042
[hyperbolic] global_step=7364/72000 local_updates=1841 loss=0.05125176 recon=0.00019038
[hyperbolic] global_step=7516/72000 local_updates=1879 loss=0.04978092 recon=0.00017899
[hyperbolic] global_step=7664/72000 local_updates=1916 loss=0.05160628 recon=0.00019214
[hyperbolic] global_step=7812/72000 local_updates=1953 loss=0.04970745 recon=0.00018932
[hyperbolic] global_step=7964/72000 local_updates=1991 loss=0.05193069 recon=0.00016950
[hyperbolic] global_step=8116/72000 local_updates=2029 loss=0.04944457 recon=0.00018961
[hyperbolic] global_step=8264/72000 local_updates=2066 loss=0.04927810 recon=0.00018039
[hyperbolic] global_step=8412/72000 local_updates=2103 loss=0.04960261 recon=0.00019369
[hyperbolic] global_step=8556/72000 local_updates=2139 loss=0.05106135 recon=0.00017160
[hyperbolic] global_step=8704/72000 local_updates=2176 loss=0.05019789 recon=0.00017958
[hyperbolic] global_step=8848/72000 local_updates=2212 loss=0.04907193 recon=0.00017185
[hyperbolic] global_step=8992/72000 local_updates=2248 loss=0.04872208 recon=0.00023121
[hyperbolic] global_step=9136/72000 local_updates=2284 loss=0.04798152 recon=0.00018080
[hyperbolic] global_step=9276/72000 local_updates=2319 loss=0.05059064 recon=0.00016218
[hyperbolic] global_step=9424/72000 local_updates=2356 loss=0.04836949 recon=0.00017072
[hyperbolic] global_step=9568/72000 local_updates=2392 loss=0.04917046 recon=0.00016771
[hyperbolic] global_step=9712/72000 local_updates=2428 loss=0.04849887 recon=0.00018733
[hyperbolic] global_step=9856/72000 local_updates=2464 loss=0.04947107 recon=0.00018193
[hyperbolic] global_step=10000/72000 loss=0.05249289 recon=0.00018067 c=[1.0, 1.0, 1.0] epsilon=[0.003, 0.003, 0.003] raw_unique=24535/24587 collision=0.002115 behaviour=0.23894950 codebook_used=[256, 256, 256]
[hyperbolic] global_step=10144/72000 local_updates=2536 loss=0.04973365 recon=0.00016454
[hyperbolic] global_step=10288/72000 local_updates=2572 loss=0.05083215 recon=0.00018329
[hyperbolic] global_step=10428/72000 local_updates=2607 loss=0.04758323 recon=0.00018787
[hyperbolic] global_step=10572/72000 local_updates=2643 loss=0.05000790 recon=0.00018064
[hyperbolic] global_step=10716/72000 local_updates=2679 loss=0.04904939 recon=0.00018394
[hyperbolic] global_step=10860/72000 local_updates=2715 loss=0.04959151 recon=0.00017998
[hyperbolic] global_step=11004/72000 local_updates=2751 loss=0.04871506 recon=0.00016765
[hyperbolic] global_step=11152/72000 local_updates=2788 loss=0.05023649 recon=0.00017294
[hyperbolic] global_step=11300/72000 local_updates=2825 loss=0.04944544 recon=0.00018140
[hyperbolic] global_step=11444/72000 local_updates=2861 loss=0.05011165 recon=0.00022080
[hyperbolic] global_step=11588/72000 local_updates=2897 loss=0.04982999 recon=0.00015467
[hyperbolic] global_step=11728/72000 local_updates=2932 loss=0.04904915 recon=0.00017283
[hyperbolic] global_step=11876/72000 local_updates=2969 loss=0.04978738 recon=0.00017264
[hyperbolic] global_step=12020/72000 local_updates=3005 loss=0.04853560 recon=0.00016214
[hyperbolic] global_step=12164/72000 local_updates=3041 loss=0.04862522 recon=0.00015687
[hyperbolic] global_step=12308/72000 local_updates=3077 loss=0.04850072 recon=0.00017933
[hyperbolic] global_step=12456/72000 local_updates=3114 loss=0.04900544 recon=0.00018368
[hyperbolic] global_step=12604/72000 local_updates=3151 loss=0.04773882 recon=0.00016933
[hyperbolic] global_step=12748/72000 local_updates=3187 loss=0.04875897 recon=0.00018165
[hyperbolic] global_step=12892/72000 local_updates=3223 loss=0.04820013 recon=0.00017990
[hyperbolic] global_step=13040/72000 local_updates=3260 loss=0.04806637 recon=0.00018235
[hyperbolic] global_step=13184/72000 local_updates=3296 loss=0.04833056 recon=0.00017621
[hyperbolic] global_step=13332/72000 local_updates=3333 loss=0.04596173 recon=0.00018448
[hyperbolic] global_step=13480/72000 local_updates=3370 loss=0.04866894 recon=0.00018538
[hyperbolic] global_step=13624/72000 local_updates=3406 loss=0.04716899 recon=0.00015732
[hyperbolic] global_step=13772/72000 local_updates=3443 loss=0.04915277 recon=0.00019181
[hyperbolic] global_step=13916/72000 local_updates=3479 loss=0.04855143 recon=0.00017511
[hyperbolic] global_step=14060/72000 local_updates=3515 loss=0.04861683 recon=0.00017385
[hyperbolic] global_step=14200/72000 local_updates=3550 loss=0.04805443 recon=0.00017697
[hyperbolic] global_step=14348/72000 local_updates=3587 loss=0.04915599 recon=0.00019971
[hyperbolic] global_step=14488/72000 local_updates=3622 loss=0.04928926 recon=0.00018526
[hyperbolic] global_step=14632/72000 local_updates=3658 loss=0.04849971 recon=0.00017752
[hyperbolic] global_step=14776/72000 local_updates=3694 loss=0.04850668 recon=0.00018294
[hyperbolic] global_step=14916/72000 local_updates=3729 loss=0.04756238 recon=0.00020589
[hyperbolic] global_step=15056/72000 local_updates=3764 loss=0.04801400 recon=0.00018218
[hyperbolic] global_step=15196/72000 local_updates=3799 loss=0.04904876 recon=0.00019034
[hyperbolic] global_step=15340/72000 local_updates=3835 loss=0.04746689 recon=0.00017268
[hyperbolic] global_step=15488/72000 local_updates=3872 loss=0.04797103 recon=0.00018278
[hyperbolic] global_step=15632/72000 local_updates=3908 loss=0.04828911 recon=0.00017739
[hyperbolic] global_step=15776/72000 local_updates=3944 loss=0.04964517 recon=0.00018942
[hyperbolic] global_step=15920/72000 local_updates=3980 loss=0.04850751 recon=0.00016497
[hyperbolic] global_step=16064/72000 local_updates=4016 loss=0.04741344 recon=0.00017139
[hyperbolic] global_step=16208/72000 local_updates=4052 loss=0.04779138 recon=0.00018860
[hyperbolic] global_step=16348/72000 local_updates=4087 loss=0.05015617 recon=0.00019177
[hyperbolic] global_step=16492/72000 local_updates=4123 loss=0.04829406 recon=0.00017070
[hyperbolic] global_step=16632/72000 local_updates=4158 loss=0.04882872 recon=0.00017789
[hyperbolic] global_step=16776/72000 local_updates=4194 loss=0.04992899 recon=0.00018982
[hyperbolic] global_step=16920/72000 local_updates=4230 loss=0.04637972 recon=0.00017472
[hyperbolic] global_step=17064/72000 local_updates=4266 loss=0.04808187 recon=0.00018129
[hyperbolic] global_step=17208/72000 local_updates=4302 loss=0.04938052 recon=0.00021539
[hyperbolic] global_step=17352/72000 local_updates=4338 loss=0.04794082 recon=0.00018418
[hyperbolic] global_step=17492/72000 local_updates=4373 loss=0.04757499 recon=0.00019264
[hyperbolic] global_step=17632/72000 local_updates=4408 loss=0.04841395 recon=0.00017268
[hyperbolic] global_step=17772/72000 local_updates=4443 loss=0.04703467 recon=0.00017425
[hyperbolic] global_step=17908/72000 local_updates=4477 loss=0.04728206 recon=0.00016862
[hyperbolic] global_step=18048/72000 local_updates=4512 loss=0.04876252 recon=0.00019417
[hyperbolic] global_step=18188/72000 local_updates=4547 loss=0.04707650 recon=0.00016221
[hyperbolic] global_step=18324/72000 local_updates=4581 loss=0.04824458 recon=0.00017167
[hyperbolic] global_step=18460/72000 local_updates=4615 loss=0.04695462 recon=0.00016726
[hyperbolic] global_step=18600/72000 local_updates=4650 loss=0.04786237 recon=0.00019349
[hyperbolic] global_step=18740/72000 local_updates=4685 loss=0.04769926 recon=0.00014920
[hyperbolic] global_step=18884/72000 local_updates=4721 loss=0.04757740 recon=0.00018222
[hyperbolic] global_step=19024/72000 local_updates=4756 loss=0.04795486 recon=0.00015666
[hyperbolic] global_step=19164/72000 local_updates=4791 loss=0.04841965 recon=0.00018791
[hyperbolic] global_step=19308/72000 local_updates=4827 loss=0.04781317 recon=0.00016295
[hyperbolic] global_step=19448/72000 local_updates=4862 loss=0.04735056 recon=0.00019502
[hyperbolic] global_step=19588/72000 local_updates=4897 loss=0.04669301 recon=0.00016844
[hyperbolic] global_step=19728/72000 local_updates=4932 loss=0.04646176 recon=0.00017816
[hyperbolic] global_step=19872/72000 local_updates=4968 loss=0.04793497 recon=0.00017033
[hyperbolic] global_step=20000/72000 loss=0.04850529 recon=0.00018001 c=[1.0, 1.0, 1.0] epsilon=[0.003, 0.003, 0.003] raw_unique=24541/24587 collision=0.001871 behaviour=0.21965453 codebook_used=[256, 256, 256]
[hyperbolic] global_step=20136/72000 local_updates=5034 loss=0.04747787 recon=0.00015632
[hyperbolic] global_step=20272/72000 local_updates=5068 loss=0.04748074 recon=0.00017521
[hyperbolic] global_step=20412/72000 local_updates=5103 loss=0.04778513 recon=0.00016732
[hyperbolic] global_step=20552/72000 local_updates=5138 loss=0.04786816 recon=0.00019421
[hyperbolic] global_step=20692/72000 local_updates=5173 loss=0.04850437 recon=0.00019352
[hyperbolic] global_step=20836/72000 local_updates=5209 loss=0.04798374 recon=0.00016949
[hyperbolic] global_step=20972/72000 local_updates=5243 loss=0.04843114 recon=0.00016842
[hyperbolic] global_step=21108/72000 local_updates=5277 loss=0.04719073 recon=0.00017102
[hyperbolic] global_step=21224/72000 local_updates=5306 loss=0.04878369 recon=0.00018119
[hyperbolic] global_step=21364/72000 local_updates=5341 loss=0.04843023 recon=0.00017364
[hyperbolic] global_step=21504/72000 local_updates=5376 loss=0.04962188 recon=0.00017646
[hyperbolic] global_step=21640/72000 local_updates=5410 loss=0.04805132 recon=0.00015995
[hyperbolic] global_step=21780/72000 local_updates=5445 loss=0.04684108 recon=0.00018820
[hyperbolic] global_step=21920/72000 local_updates=5480 loss=0.04806329 recon=0.00017876
[hyperbolic] global_step=22056/72000 local_updates=5514 loss=0.04675390 recon=0.00018247
[hyperbolic] global_step=22196/72000 local_updates=5549 loss=0.04831916 recon=0.00018356
[hyperbolic] global_step=22332/72000 local_updates=5583 loss=0.04714470 recon=0.00018272
[hyperbolic] global_step=22468/72000 local_updates=5617 loss=0.04855270 recon=0.00017458
[hyperbolic] global_step=22608/72000 local_updates=5652 loss=0.04684972 recon=0.00018660
[hyperbolic] global_step=22748/72000 local_updates=5687 loss=0.04809883 recon=0.00018543
[hyperbolic] global_step=22884/72000 local_updates=5721 loss=0.04795914 recon=0.00017970
[hyperbolic] global_step=23020/72000 local_updates=5755 loss=0.04822187 recon=0.00017623
[hyperbolic] global_step=23156/72000 local_updates=5789 loss=0.04812396 recon=0.00018261
[hyperbolic] global_step=23292/72000 local_updates=5823 loss=0.04685174 recon=0.00018355
[hyperbolic] global_step=23432/72000 local_updates=5858 loss=0.04700108 recon=0.00017079
[hyperbolic] global_step=23568/72000 local_updates=5892 loss=0.04870416 recon=0.00017560
[hyperbolic] global_step=23708/72000 local_updates=5927 loss=0.04733748 recon=0.00019759
[hyperbolic] global_step=23844/72000 local_updates=5961 loss=0.04801525 recon=0.00020532
[hyperbolic] global_step=23980/72000 local_updates=5995 loss=0.04781247 recon=0.00015759
[hyperbolic] global_step=24120/72000 local_updates=6030 loss=0.04776437 recon=0.00018574
[hyperbolic] global_step=24256/72000 local_updates=6064 loss=0.04717196 recon=0.00018516
[hyperbolic] global_step=24396/72000 local_updates=6099 loss=0.04623782 recon=0.00016738
[hyperbolic] global_step=24532/72000 local_updates=6133 loss=0.04725480 recon=0.00016142
[hyperbolic] global_step=24668/72000 local_updates=6167 loss=0.04649355 recon=0.00017217
[hyperbolic] global_step=24804/72000 local_updates=6201 loss=0.04740316 recon=0.00015624
[hyperbolic] global_step=24944/72000 local_updates=6236 loss=0.04583826 recon=0.00017260
[hyperbolic] global_step=25076/72000 local_updates=6269 loss=0.04672590 recon=0.00016498
[hyperbolic] global_step=25212/72000 local_updates=6303 loss=0.04667960 recon=0.00018433
[hyperbolic] global_step=25352/72000 local_updates=6338 loss=0.04803418 recon=0.00017104
[hyperbolic] global_step=25492/72000 local_updates=6373 loss=0.04818263 recon=0.00018989
[hyperbolic] global_step=25628/72000 local_updates=6407 loss=0.04868530 recon=0.00018249
[hyperbolic] global_step=25764/72000 local_updates=6441 loss=0.04814148 recon=0.00017986
[hyperbolic] global_step=25900/72000 local_updates=6475 loss=0.04898676 recon=0.00019091
[hyperbolic] global_step=26036/72000 local_updates=6509 loss=0.04697669 recon=0.00019213
[hyperbolic] global_step=26172/72000 local_updates=6543 loss=0.04743571 recon=0.00017451
[hyperbolic] global_step=26312/72000 local_updates=6578 loss=0.04755200 recon=0.00017056
[hyperbolic] global_step=26448/72000 local_updates=6612 loss=0.04627459 recon=0.00017421
[hyperbolic] global_step=26584/72000 local_updates=6646 loss=0.04738607 recon=0.00016853
[hyperbolic] global_step=26720/72000 local_updates=6680 loss=0.04706573 recon=0.00018720
[hyperbolic] global_step=26864/72000 local_updates=6716 loss=0.04664936 recon=0.00018665
[hyperbolic] global_step=27000/72000 local_updates=6750 loss=0.04773447 recon=0.00016919
[hyperbolic] global_step=27136/72000 local_updates=6784 loss=0.04754806 recon=0.00018530
[hyperbolic] global_step=27272/72000 local_updates=6818 loss=0.04625498 recon=0.00017780
[hyperbolic] global_step=27404/72000 local_updates=6851 loss=0.04749177 recon=0.00016754
[hyperbolic] global_step=27540/72000 local_updates=6885 loss=0.04830252 recon=0.00020948
[hyperbolic] global_step=27676/72000 local_updates=6919 loss=0.04731712 recon=0.00016353
[hyperbolic] global_step=27812/72000 local_updates=6953 loss=0.04656908 recon=0.00019342
[hyperbolic] global_step=27948/72000 local_updates=6987 loss=0.04769450 recon=0.00015881
[hyperbolic] global_step=28080/72000 local_updates=7020 loss=0.04652093 recon=0.00015719
[hyperbolic] global_step=28216/72000 local_updates=7054 loss=0.04711305 recon=0.00016485
[hyperbolic] global_step=28348/72000 local_updates=7087 loss=0.04732718 recon=0.00017364
[hyperbolic] global_step=28484/72000 local_updates=7121 loss=0.04707419 recon=0.00018457
[hyperbolic] global_step=28616/72000 local_updates=7154 loss=0.04775225 recon=0.00020231
[hyperbolic] global_step=28752/72000 local_updates=7188 loss=0.04672240 recon=0.00017139
[hyperbolic] global_step=28888/72000 local_updates=7222 loss=0.04731881 recon=0.00016658
[hyperbolic] global_step=29020/72000 local_updates=7255 loss=0.04731704 recon=0.00019012
[hyperbolic] global_step=29160/72000 local_updates=7290 loss=0.04654904 recon=0.00016398
[hyperbolic] global_step=29292/72000 local_updates=7323 loss=0.04629206 recon=0.00019657
[hyperbolic] global_step=29428/72000 local_updates=7357 loss=0.04714287 recon=0.00017660
[hyperbolic] global_step=29564/72000 local_updates=7391 loss=0.04730164 recon=0.00019298
[hyperbolic] global_step=29700/72000 local_updates=7425 loss=0.04675787 recon=0.00020253
[hyperbolic] global_step=29836/72000 local_updates=7459 loss=0.04736743 recon=0.00019378
[hyperbolic] global_step=29972/72000 local_updates=7493 loss=0.04599412 recon=0.00017461
[hyperbolic] global_step=30000/72000 loss=0.04754626 recon=0.00018030 c=[1.0, 1.0, 1.0] epsilon=[0.003, 0.003, 0.003] raw_unique=24536/24587 collision=0.002074 behaviour=0.21449601 codebook_used=[256, 256, 256]
[hyperbolic] global_step=30132/72000 local_updates=7533 loss=0.04752208 recon=0.00018539
[hyperbolic] global_step=30272/72000 local_updates=7568 loss=0.04728926 recon=0.00017699
[hyperbolic] global_step=30408/72000 local_updates=7602 loss=0.04677272 recon=0.00017053
[hyperbolic] global_step=30548/72000 local_updates=7637 loss=0.04610288 recon=0.00015438
[hyperbolic] global_step=30688/72000 local_updates=7672 loss=0.04763183 recon=0.00017077
[hyperbolic] global_step=30824/72000 local_updates=7706 loss=0.04563235 recon=0.00018848
[hyperbolic] global_step=30960/72000 local_updates=7740 loss=0.04525638 recon=0.00017792
[hyperbolic] global_step=31092/72000 local_updates=7773 loss=0.04699961 recon=0.00016409
[hyperbolic] global_step=31228/72000 local_updates=7807 loss=0.04717107 recon=0.00017614
[hyperbolic] global_step=31364/72000 local_updates=7841 loss=0.04757977 recon=0.00020076
[hyperbolic] global_step=31500/72000 local_updates=7875 loss=0.04656195 recon=0.00018582
[hyperbolic] global_step=31640/72000 local_updates=7910 loss=0.04550662 recon=0.00017420
[hyperbolic] global_step=31776/72000 local_updates=7944 loss=0.04670855 recon=0.00018090
[hyperbolic] global_step=31912/72000 local_updates=7978 loss=0.04665105 recon=0.00019403
[hyperbolic] global_step=32048/72000 local_updates=8012 loss=0.04564620 recon=0.00018997
[hyperbolic] global_step=32188/72000 local_updates=8047 loss=0.04750382 recon=0.00020707
[hyperbolic] global_step=32324/72000 local_updates=8081 loss=0.04646231 recon=0.00019736
[hyperbolic] global_step=32460/72000 local_updates=8115 loss=0.04679587 recon=0.00019512
[hyperbolic] global_step=32600/72000 local_updates=8150 loss=0.04746202 recon=0.00017402
[hyperbolic] global_step=32736/72000 local_updates=8184 loss=0.04631823 recon=0.00015133
[hyperbolic] global_step=32872/72000 local_updates=8218 loss=0.04716692 recon=0.00018792
[hyperbolic] global_step=33004/72000 local_updates=8251 loss=0.04578605 recon=0.00018104
[hyperbolic] global_step=33144/72000 local_updates=8286 loss=0.04707324 recon=0.00019276
[hyperbolic] global_step=33280/72000 local_updates=8320 loss=0.04637610 recon=0.00017946
[hyperbolic] global_step=33420/72000 local_updates=8355 loss=0.04677987 recon=0.00015701
[hyperbolic] global_step=33552/72000 local_updates=8388 loss=0.04733659 recon=0.00018718
[hyperbolic] global_step=33688/72000 local_updates=8422 loss=0.04549086 recon=0.00019094
[hyperbolic] global_step=33820/72000 local_updates=8455 loss=0.04481300 recon=0.00019359
[hyperbolic] global_step=33956/72000 local_updates=8489 loss=0.04739501 recon=0.00015787
[hyperbolic] global_step=34092/72000 local_updates=8523 loss=0.04669069 recon=0.00015898
[hyperbolic] global_step=34228/72000 local_updates=8557 loss=0.04700136 recon=0.00016889
[hyperbolic] global_step=34364/72000 local_updates=8591 loss=0.04777704 recon=0.00018986
[hyperbolic] global_step=34496/72000 local_updates=8624 loss=0.04734149 recon=0.00015975
[hyperbolic] global_step=34636/72000 local_updates=8659 loss=0.04558733 recon=0.00015903
[hyperbolic] global_step=34760/72000 local_updates=8690 loss=0.04730324 recon=0.00018250
[hyperbolic] global_step=34892/72000 local_updates=8723 loss=0.04737440 recon=0.00018139
[hyperbolic] global_step=35032/72000 local_updates=8758 loss=0.04743898 recon=0.00018338
[hyperbolic] global_step=35168/72000 local_updates=8792 loss=0.04662182 recon=0.00019288
[hyperbolic] global_step=35304/72000 local_updates=8826 loss=0.04599880 recon=0.00017254
[hyperbolic] global_step=35440/72000 local_updates=8860 loss=0.04648598 recon=0.00017609
[hyperbolic] global_step=35576/72000 local_updates=8894 loss=0.04720204 recon=0.00019115
[hyperbolic] global_step=35712/72000 local_updates=8928 loss=0.04761031 recon=0.00017393
[hyperbolic] global_step=35848/72000 local_updates=8962 loss=0.04634597 recon=0.00018336
[hyperbolic] global_step=35988/72000 local_updates=8997 loss=0.04677684 recon=0.00018293
[hyperbolic] global_step=36124/72000 local_updates=9031 loss=0.04829591 recon=0.00015826
[hyperbolic] global_step=36264/72000 local_updates=9066 loss=0.04812397 recon=0.00017718
[hyperbolic] global_step=36404/72000 local_updates=9101 loss=0.04563065 recon=0.00018180
[hyperbolic] global_step=36544/72000 local_updates=9136 loss=0.04617041 recon=0.00020391
[hyperbolic] global_step=36684/72000 local_updates=9171 loss=0.04726366 recon=0.00016980
[hyperbolic] global_step=36824/72000 local_updates=9206 loss=0.04752743 recon=0.00017384
[hyperbolic] global_step=36964/72000 local_updates=9241 loss=0.04657924 recon=0.00017208
[hyperbolic] global_step=37100/72000 local_updates=9275 loss=0.04640369 recon=0.00015659
[hyperbolic] global_step=37236/72000 local_updates=9309 loss=0.04596314 recon=0.00017599
[hyperbolic] global_step=37372/72000 local_updates=9343 loss=0.04895858 recon=0.00016282
[hyperbolic] global_step=37508/72000 local_updates=9377 loss=0.04752922 recon=0.00018421
[hyperbolic] global_step=37644/72000 local_updates=9411 loss=0.04642161 recon=0.00020281
[hyperbolic] global_step=37780/72000 local_updates=9445 loss=0.04641963 recon=0.00017196
[hyperbolic] global_step=37916/72000 local_updates=9479 loss=0.04549754 recon=0.00019119
[hyperbolic] global_step=38056/72000 local_updates=9514 loss=0.04667735 recon=0.00017990
[hyperbolic] global_step=38192/72000 local_updates=9548 loss=0.04681579 recon=0.00016041
[hyperbolic] global_step=38328/72000 local_updates=9582 loss=0.04749817 recon=0.00018376
[hyperbolic] global_step=38464/72000 local_updates=9616 loss=0.04768321 recon=0.00018664
[hyperbolic] global_step=38600/72000 local_updates=9650 loss=0.04622231 recon=0.00019647
[hyperbolic] global_step=38736/72000 local_updates=9684 loss=0.04708269 recon=0.00020404
[hyperbolic] global_step=38872/72000 local_updates=9718 loss=0.04698760 recon=0.00015808
[hyperbolic] global_step=39008/72000 local_updates=9752 loss=0.04700052 recon=0.00016541
[hyperbolic] global_step=39140/72000 local_updates=9785 loss=0.04830517 recon=0.00020166
[hyperbolic] global_step=39276/72000 local_updates=9819 loss=0.04642012 recon=0.00018087
[hyperbolic] global_step=39416/72000 local_updates=9854 loss=0.04667603 recon=0.00016203
[hyperbolic] global_step=39532/72000 local_updates=9883 loss=0.04642677 recon=0.00017256
[hyperbolic] global_step=39668/72000 local_updates=9917 loss=0.04618410 recon=0.00015878
[hyperbolic] global_step=39804/72000 local_updates=9951 loss=0.04586349 recon=0.00017078
[hyperbolic] global_step=39944/72000 local_updates=9986 loss=0.04647136 recon=0.00016023
[hyperbolic] global_step=40000/72000 loss=0.04703857 recon=0.00018061 c=[1.0, 1.0, 1.0] epsilon=[0.003, 0.003, 0.003] raw_unique=24538/24587 collision=0.001993 behaviour=0.21191166 codebook_used=[256, 256, 256]
[hyperbolic] global_step=40136/72000 local_updates=10034 loss=0.04697487 recon=0.00017122
[hyperbolic] global_step=40272/72000 local_updates=10068 loss=0.04698764 recon=0.00019859
[hyperbolic] global_step=40408/72000 local_updates=10102 loss=0.04758875 recon=0.00019700
[hyperbolic] global_step=40548/72000 local_updates=10137 loss=0.04516465 recon=0.00018491
[hyperbolic] global_step=40684/72000 local_updates=10171 loss=0.04631488 recon=0.00018891
[hyperbolic] global_step=40820/72000 local_updates=10205 loss=0.04889587 recon=0.00016402
[hyperbolic] global_step=40956/72000 local_updates=10239 loss=0.04734465 recon=0.00017099
[hyperbolic] global_step=41092/72000 local_updates=10273 loss=0.04585553 recon=0.00018385
[hyperbolic] global_step=41228/72000 local_updates=10307 loss=0.04763866 recon=0.00018616
[hyperbolic] global_step=41364/72000 local_updates=10341 loss=0.04679735 recon=0.00017166
[hyperbolic] global_step=41504/72000 local_updates=10376 loss=0.04609269 recon=0.00017461
[hyperbolic] global_step=41648/72000 local_updates=10412 loss=0.04766040 recon=0.00018299
[hyperbolic] global_step=41784/72000 local_updates=10446 loss=0.04780117 recon=0.00017435
[hyperbolic] global_step=41920/72000 local_updates=10480 loss=0.04742124 recon=0.00016873
[hyperbolic] global_step=42056/72000 local_updates=10514 loss=0.04707611 recon=0.00020021
[hyperbolic] global_step=42192/72000 local_updates=10548 loss=0.04744052 recon=0.00018273
[hyperbolic] global_step=42324/72000 local_updates=10581 loss=0.04745660 recon=0.00016704
[hyperbolic] global_step=42456/72000 local_updates=10614 loss=0.04697102 recon=0.00016699
[hyperbolic] global_step=42592/72000 local_updates=10648 loss=0.04662088 recon=0.00018173
[hyperbolic] global_step=42728/72000 local_updates=10682 loss=0.04671187 recon=0.00017120
[hyperbolic] global_step=42864/72000 local_updates=10716 loss=0.04648545 recon=0.00018763
[hyperbolic] global_step=43000/72000 local_updates=10750 loss=0.04634409 recon=0.00017248
[hyperbolic] global_step=43136/72000 local_updates=10784 loss=0.04571400 recon=0.00017429
[hyperbolic] global_step=43272/72000 local_updates=10818 loss=0.04680230 recon=0.00016471
[hyperbolic] global_step=43404/72000 local_updates=10851 loss=0.04570274 recon=0.00015602
[hyperbolic] global_step=43540/72000 local_updates=10885 loss=0.04593376 recon=0.00017375
[hyperbolic] global_step=43672/72000 local_updates=10918 loss=0.04806296 recon=0.00017224
[hyperbolic] global_step=43804/72000 local_updates=10951 loss=0.04801627 recon=0.00016375
[hyperbolic] global_step=43940/72000 local_updates=10985 loss=0.04618511 recon=0.00018944
[hyperbolic] global_step=44072/72000 local_updates=11018 loss=0.04858464 recon=0.00018643
[hyperbolic] global_step=44204/72000 local_updates=11051 loss=0.04661822 recon=0.00016229
[hyperbolic] global_step=44336/72000 local_updates=11084 loss=0.04742973 recon=0.00021249
[hyperbolic] global_step=44472/72000 local_updates=11118 loss=0.04537610 recon=0.00018990
[hyperbolic] global_step=44604/72000 local_updates=11151 loss=0.04602123 recon=0.00017900
[hyperbolic] global_step=44740/72000 local_updates=11185 loss=0.04746458 recon=0.00017798
[hyperbolic] global_step=44872/72000 local_updates=11218 loss=0.04693776 recon=0.00016322
[hyperbolic] global_step=45008/72000 local_updates=11252 loss=0.04727691 recon=0.00016260
[hyperbolic] global_step=45140/72000 local_updates=11285 loss=0.04673250 recon=0.00019556
[hyperbolic] global_step=45276/72000 local_updates=11319 loss=0.04657783 recon=0.00018239
[hyperbolic] global_step=45416/72000 local_updates=11354 loss=0.04651721 recon=0.00017962
[hyperbolic] global_step=45548/72000 local_updates=11387 loss=0.04743604 recon=0.00018865
[hyperbolic] global_step=45684/72000 local_updates=11421 loss=0.04616456 recon=0.00016777
[hyperbolic] global_step=45816/72000 local_updates=11454 loss=0.04590461 recon=0.00019041
[hyperbolic] global_step=45948/72000 local_updates=11487 loss=0.04700717 recon=0.00017918
[hyperbolic] global_step=46080/72000 local_updates=11520 loss=0.04768078 recon=0.00020695
[hyperbolic] global_step=46216/72000 local_updates=11554 loss=0.04734041 recon=0.00018564
[hyperbolic] global_step=46348/72000 local_updates=11587 loss=0.04752284 recon=0.00016999
[hyperbolic] global_step=46484/72000 local_updates=11621 loss=0.04794347 recon=0.00018668
[hyperbolic] global_step=46620/72000 local_updates=11655 loss=0.04742914 recon=0.00018708
[hyperbolic] global_step=46756/72000 local_updates=11689 loss=0.04582889 recon=0.00014731
[hyperbolic] global_step=46892/72000 local_updates=11723 loss=0.04686695 recon=0.00018773
[hyperbolic] global_step=47024/72000 local_updates=11756 loss=0.04558573 recon=0.00016980
[hyperbolic] global_step=47160/72000 local_updates=11790 loss=0.04684500 recon=0.00020320
[hyperbolic] global_step=47292/72000 local_updates=11823 loss=0.04739381 recon=0.00018999
[hyperbolic] global_step=47424/72000 local_updates=11856 loss=0.04738730 recon=0.00016705
[hyperbolic] global_step=47560/72000 local_updates=11890 loss=0.04713872 recon=0.00018545
[hyperbolic] global_step=47692/72000 local_updates=11923 loss=0.04639901 recon=0.00017538
[hyperbolic] global_step=47824/72000 local_updates=11956 loss=0.04570879 recon=0.00019907
[hyperbolic] global_step=47956/72000 local_updates=11989 loss=0.04527171 recon=0.00018119
[hyperbolic] global_step=48092/72000 local_updates=12023 loss=0.04638162 recon=0.00017321
[hyperbolic] global_step=48224/72000 local_updates=12056 loss=0.04708215 recon=0.00015937
[hyperbolic] global_step=48364/72000 local_updates=12091 loss=0.04562791 recon=0.00019810
[hyperbolic] global_step=48500/72000 local_updates=12125 loss=0.04550081 recon=0.00016651
[hyperbolic] global_step=48636/72000 local_updates=12159 loss=0.04665125 recon=0.00016401
[hyperbolic] global_step=48768/72000 local_updates=12192 loss=0.04619847 recon=0.00016548
[hyperbolic] global_step=48904/72000 local_updates=12226 loss=0.04712718 recon=0.00020782
[hyperbolic] global_step=49040/72000 local_updates=12260 loss=0.04690198 recon=0.00016953
[hyperbolic] global_step=49172/72000 local_updates=12293 loss=0.04626577 recon=0.00018595
[hyperbolic] global_step=49308/72000 local_updates=12327 loss=0.04661720 recon=0.00018768
[hyperbolic] global_step=49440/72000 local_updates=12360 loss=0.04647627 recon=0.00019427
[hyperbolic] global_step=49576/72000 local_updates=12394 loss=0.04862261 recon=0.00017095
[hyperbolic] global_step=49712/72000 local_updates=12428 loss=0.04789587 recon=0.00017242
[hyperbolic] global_step=49848/72000 local_updates=12462 loss=0.04573076 recon=0.00018617
[hyperbolic] global_step=49980/72000 local_updates=12495 loss=0.04611091 recon=0.00018657
[hyperbolic] global_step=50000/72000 loss=0.04672573 recon=0.00018070 c=[1.0, 1.0, 1.0] epsilon=[0.003, 0.003, 0.003] raw_unique=24541/24587 collision=0.001871 behaviour=0.21033684 codebook_used=[256, 256, 256]
[hyperbolic] global_step=50136/72000 local_updates=12534 loss=0.04683025 recon=0.00018051
[hyperbolic] global_step=50272/72000 local_updates=12568 loss=0.04710455 recon=0.00016527
[hyperbolic] global_step=50408/72000 local_updates=12602 loss=0.04634396 recon=0.00019490
[hyperbolic] global_step=50540/72000 local_updates=12635 loss=0.04691753 recon=0.00020340
[hyperbolic] global_step=50672/72000 local_updates=12668 loss=0.04593985 recon=0.00017679
[hyperbolic] global_step=50804/72000 local_updates=12701 loss=0.04588410 recon=0.00019609
[hyperbolic] global_step=50940/72000 local_updates=12735 loss=0.04728777 recon=0.00017536
[hyperbolic] global_step=51064/72000 local_updates=12766 loss=0.04717882 recon=0.00020746
[hyperbolic] global_step=51200/72000 local_updates=12800 loss=0.04641571 recon=0.00017356
[hyperbolic] global_step=51332/72000 local_updates=12833 loss=0.04637157 recon=0.00017542
[hyperbolic] global_step=51464/72000 local_updates=12866 loss=0.04626831 recon=0.00018183
[hyperbolic] global_step=51596/72000 local_updates=12899 loss=0.04702290 recon=0.00018127
[hyperbolic] global_step=51732/72000 local_updates=12933 loss=0.04744947 recon=0.00019225
[hyperbolic] global_step=51864/72000 local_updates=12966 loss=0.04571688 recon=0.00017372
[hyperbolic] global_step=51996/72000 local_updates=12999 loss=0.04651798 recon=0.00018952
[hyperbolic] global_step=52128/72000 local_updates=13032 loss=0.04558578 recon=0.00017489
[hyperbolic] global_step=52264/72000 local_updates=13066 loss=0.04701499 recon=0.00016866
[hyperbolic] global_step=52396/72000 local_updates=13099 loss=0.04817608 recon=0.00016644
[hyperbolic] global_step=52528/72000 local_updates=13132 loss=0.04763941 recon=0.00016295
[hyperbolic] global_step=52664/72000 local_updates=13166 loss=0.04677602 recon=0.00018902
[hyperbolic] global_step=52796/72000 local_updates=13199 loss=0.04802405 recon=0.00018119
[hyperbolic] global_step=52928/72000 local_updates=13232 loss=0.04661334 recon=0.00016975
[hyperbolic] global_step=53064/72000 local_updates=13266 loss=0.04801774 recon=0.00017048
[hyperbolic] global_step=53196/72000 local_updates=13299 loss=0.04670982 recon=0.00020105
[hyperbolic] global_step=53328/72000 local_updates=13332 loss=0.04611742 recon=0.00021308
[hyperbolic] global_step=53464/72000 local_updates=13366 loss=0.04724660 recon=0.00017912
[hyperbolic] global_step=53600/72000 local_updates=13400 loss=0.04711627 recon=0.00017020
[hyperbolic] global_step=53736/72000 local_updates=13434 loss=0.04738377 recon=0.00019131
[hyperbolic] global_step=53872/72000 local_updates=13468 loss=0.04791749 recon=0.00016002
[hyperbolic] global_step=54008/72000 local_updates=13502 loss=0.04557029 recon=0.00018749
[hyperbolic] global_step=54140/72000 local_updates=13535 loss=0.04627521 recon=0.00017784
[hyperbolic] global_step=54272/72000 local_updates=13568 loss=0.04601856 recon=0.00018807
[hyperbolic] global_step=54408/72000 local_updates=13602 loss=0.04629694 recon=0.00017677
[hyperbolic] global_step=54540/72000 local_updates=13635 loss=0.04586470 recon=0.00021653
[hyperbolic] global_step=54672/72000 local_updates=13668 loss=0.04844905 recon=0.00018669
[hyperbolic] global_step=54804/72000 local_updates=13701 loss=0.04630668 recon=0.00015536
[hyperbolic] global_step=54940/72000 local_updates=13735 loss=0.04713923 recon=0.00019509
[hyperbolic] global_step=55072/72000 local_updates=13768 loss=0.04734572 recon=0.00017912
[hyperbolic] global_step=55200/72000 local_updates=13800 loss=0.04770087 recon=0.00017346
[hyperbolic] global_step=55336/72000 local_updates=13834 loss=0.04747721 recon=0.00016808
[hyperbolic] global_step=55468/72000 local_updates=13867 loss=0.04612094 recon=0.00020167
[hyperbolic] global_step=55604/72000 local_updates=13901 loss=0.04503806 recon=0.00017949
[hyperbolic] global_step=55744/72000 local_updates=13936 loss=0.04515119 recon=0.00017303
[hyperbolic] global_step=55880/72000 local_updates=13970 loss=0.04498361 recon=0.00016871
[hyperbolic] global_step=56012/72000 local_updates=14003 loss=0.04710754 recon=0.00017595
[hyperbolic] global_step=56140/72000 local_updates=14035 loss=0.04693162 recon=0.00018865
[hyperbolic] global_step=56276/72000 local_updates=14069 loss=0.04601779 recon=0.00019643
[hyperbolic] global_step=56412/72000 local_updates=14103 loss=0.04617794 recon=0.00017040
[hyperbolic] global_step=56548/72000 local_updates=14137 loss=0.04638699 recon=0.00018677
[hyperbolic] global_step=56680/72000 local_updates=14170 loss=0.04653636 recon=0.00016662
[hyperbolic] global_step=56816/72000 local_updates=14204 loss=0.04774913 recon=0.00018376
[hyperbolic] global_step=56952/72000 local_updates=14238 loss=0.04588198 recon=0.00016467
[hyperbolic] global_step=57088/72000 local_updates=14272 loss=0.04479758 recon=0.00017040
[hyperbolic] global_step=57224/72000 local_updates=14306 loss=0.04535227 recon=0.00018836
[hyperbolic] global_step=57360/72000 local_updates=14340 loss=0.04559459 recon=0.00016588
[hyperbolic] global_step=57492/72000 local_updates=14373 loss=0.04683162 recon=0.00018528
[hyperbolic] global_step=57628/72000 local_updates=14407 loss=0.04599252 recon=0.00016763
[hyperbolic] global_step=57764/72000 local_updates=14441 loss=0.04690089 recon=0.00019523
[hyperbolic] global_step=57900/72000 local_updates=14475 loss=0.04561661 recon=0.00021659
[hyperbolic] global_step=58036/72000 local_updates=14509 loss=0.04756501 recon=0.00019164
[hyperbolic] global_step=58172/72000 local_updates=14543 loss=0.04621547 recon=0.00018533
[hyperbolic] global_step=58308/72000 local_updates=14577 loss=0.04626565 recon=0.00018826
[hyperbolic] global_step=58440/72000 local_updates=14610 loss=0.04631060 recon=0.00017491
[hyperbolic] global_step=58568/72000 local_updates=14642 loss=0.04683230 recon=0.00017370
[hyperbolic] global_step=58704/72000 local_updates=14676 loss=0.04606622 recon=0.00019379
[hyperbolic] global_step=58840/72000 local_updates=14710 loss=0.04633977 recon=0.00017198
[hyperbolic] global_step=58976/72000 local_updates=14744 loss=0.04674412 recon=0.00018598
[hyperbolic] global_step=59108/72000 local_updates=14777 loss=0.04546033 recon=0.00015704
[hyperbolic] global_step=59240/72000 local_updates=14810 loss=0.04678393 recon=0.00016713
[hyperbolic] global_step=59376/72000 local_updates=14844 loss=0.04445141 recon=0.00018697
[hyperbolic] global_step=59516/72000 local_updates=14879 loss=0.04714016 recon=0.00017977
[hyperbolic] global_step=59652/72000 local_updates=14913 loss=0.04798755 recon=0.00019883
[hyperbolic] global_step=59784/72000 local_updates=14946 loss=0.04624510 recon=0.00019321
[hyperbolic] global_step=59916/72000 local_updates=14979 loss=0.04772692 recon=0.00016820
[hyperbolic] global_step=60000/72000 loss=0.04648937 recon=0.00018075 c=[1.0, 1.0, 1.0] epsilon=[0.003, 0.003, 0.003] raw_unique=24542/24587 collision=0.001830 behaviour=0.20911732 codebook_used=[256, 256, 256]
[hyperbolic] global_step=60136/72000 local_updates=15034 loss=0.04656497 recon=0.00019390
[hyperbolic] global_step=60272/72000 local_updates=15068 loss=0.04669678 recon=0.00017727
[hyperbolic] global_step=60408/72000 local_updates=15102 loss=0.04700878 recon=0.00020061
[hyperbolic] global_step=60540/72000 local_updates=15135 loss=0.04584066 recon=0.00017472
[hyperbolic] global_step=60676/72000 local_updates=15169 loss=0.04756565 recon=0.00014837
[hyperbolic] global_step=60812/72000 local_updates=15203 loss=0.04622620 recon=0.00018791
[hyperbolic] global_step=60944/72000 local_updates=15236 loss=0.04713423 recon=0.00016652
[hyperbolic] global_step=61080/72000 local_updates=15270 loss=0.04567275 recon=0.00017793
[hyperbolic] global_step=61216/72000 local_updates=15304 loss=0.04579937 recon=0.00019695
[hyperbolic] global_step=61352/72000 local_updates=15338 loss=0.04637673 recon=0.00017588
[hyperbolic] global_step=61484/72000 local_updates=15371 loss=0.04682080 recon=0.00017624
[hyperbolic] global_step=61620/72000 local_updates=15405 loss=0.04737116 recon=0.00019298
[hyperbolic] global_step=61752/72000 local_updates=15438 loss=0.04577716 recon=0.00018969
[hyperbolic] global_step=61888/72000 local_updates=15472 loss=0.04579708 recon=0.00018170
[hyperbolic] global_step=62024/72000 local_updates=15506 loss=0.04740491 recon=0.00018855
[hyperbolic] global_step=62164/72000 local_updates=15541 loss=0.04549064 recon=0.00018645
[hyperbolic] global_step=62300/72000 local_updates=15575 loss=0.04508371 recon=0.00020111
[hyperbolic] global_step=62436/72000 local_updates=15609 loss=0.04766351 recon=0.00017565
[hyperbolic] global_step=62572/72000 local_updates=15643 loss=0.04551708 recon=0.00018994
[hyperbolic] global_step=62708/72000 local_updates=15677 loss=0.04645887 recon=0.00019367
[hyperbolic] global_step=62844/72000 local_updates=15711 loss=0.04632168 recon=0.00020023
[hyperbolic] global_step=62980/72000 local_updates=15745 loss=0.04771582 recon=0.00017302
[hyperbolic] global_step=63120/72000 local_updates=15780 loss=0.04641562 recon=0.00016663
[hyperbolic] global_step=63256/72000 local_updates=15814 loss=0.04563688 recon=0.00017903
[hyperbolic] global_step=63392/72000 local_updates=15848 loss=0.04672337 recon=0.00017524
[hyperbolic] global_step=63532/72000 local_updates=15883 loss=0.04481632 recon=0.00018237
[hyperbolic] global_step=63668/72000 local_updates=15917 loss=0.04704447 recon=0.00018199
[hyperbolic] global_step=63800/72000 local_updates=15950 loss=0.04625079 recon=0.00017556
[hyperbolic] global_step=63936/72000 local_updates=15984 loss=0.04655694 recon=0.00016144
[hyperbolic] global_step=64072/72000 local_updates=16018 loss=0.04806242 recon=0.00018248
[hyperbolic] global_step=64204/72000 local_updates=16051 loss=0.04742301 recon=0.00016425
[hyperbolic] global_step=64340/72000 local_updates=16085 loss=0.04649534 recon=0.00017443
[hyperbolic] global_step=64476/72000 local_updates=16119 loss=0.04608610 recon=0.00019750
[hyperbolic] global_step=64616/72000 local_updates=16154 loss=0.04765657 recon=0.00017109
[hyperbolic] global_step=64752/72000 local_updates=16188 loss=0.04703500 recon=0.00018015
[hyperbolic] global_step=64888/72000 local_updates=16222 loss=0.04734132 recon=0.00016871
[hyperbolic] global_step=65024/72000 local_updates=16256 loss=0.04628878 recon=0.00020478
[hyperbolic] global_step=65160/72000 local_updates=16290 loss=0.04481195 recon=0.00016187
[hyperbolic] global_step=65296/72000 local_updates=16324 loss=0.04551246 recon=0.00017785
[hyperbolic] global_step=65432/72000 local_updates=16358 loss=0.04629153 recon=0.00017642
[hyperbolic] global_step=65568/72000 local_updates=16392 loss=0.04717258 recon=0.00018893
[hyperbolic] global_step=65700/72000 local_updates=16425 loss=0.04581537 recon=0.00017311
[hyperbolic] global_step=65832/72000 local_updates=16458 loss=0.04642709 recon=0.00018878
[hyperbolic] global_step=65968/72000 local_updates=16492 loss=0.04602890 recon=0.00017828
[hyperbolic] global_step=66100/72000 local_updates=16525 loss=0.04648232 recon=0.00018137
[hyperbolic] global_step=66236/72000 local_updates=16559 loss=0.04662927 recon=0.00018203
[hyperbolic] global_step=66368/72000 local_updates=16592 loss=0.04762207 recon=0.00016266
[hyperbolic] global_step=66504/72000 local_updates=16626 loss=0.04643894 recon=0.00017385
[hyperbolic] global_step=66636/72000 local_updates=16659 loss=0.04763530 recon=0.00017768
[hyperbolic] global_step=66768/72000 local_updates=16692 loss=0.04654963 recon=0.00016976
[hyperbolic] global_step=66904/72000 local_updates=16726 loss=0.04657925 recon=0.00018626
[hyperbolic] global_step=67036/72000 local_updates=16759 loss=0.04647539 recon=0.00018865
[hyperbolic] global_step=67172/72000 local_updates=16793 loss=0.04558398 recon=0.00017041
[hyperbolic] global_step=67300/72000 local_updates=16825 loss=0.04620489 recon=0.00015851
[hyperbolic] global_step=67436/72000 local_updates=16859 loss=0.04508388 recon=0.00017471
[hyperbolic] global_step=67572/72000 local_updates=16893 loss=0.04698274 recon=0.00016106
[hyperbolic] global_step=67704/72000 local_updates=16926 loss=0.04673775 recon=0.00017793
[hyperbolic] global_step=67836/72000 local_updates=16959 loss=0.04705778 recon=0.00017893
[hyperbolic] global_step=67968/72000 local_updates=16992 loss=0.04538754 recon=0.00019155
[hyperbolic] global_step=68100/72000 local_updates=17025 loss=0.04523150 recon=0.00017847
[hyperbolic] global_step=68236/72000 local_updates=17059 loss=0.04802785 recon=0.00018181
[hyperbolic] global_step=68372/72000 local_updates=17093 loss=0.04651983 recon=0.00017325
[hyperbolic] global_step=68504/72000 local_updates=17126 loss=0.04590774 recon=0.00016876
[hyperbolic] global_step=68640/72000 local_updates=17160 loss=0.04414719 recon=0.00018906
[hyperbolic] global_step=68768/72000 local_updates=17192 loss=0.04593217 recon=0.00020632
[hyperbolic] global_step=68896/72000 local_updates=17224 loss=0.04594246 recon=0.00017378
[hyperbolic] global_step=69028/72000 local_updates=17257 loss=0.04598516 recon=0.00017922
[hyperbolic] global_step=69160/72000 local_updates=17290 loss=0.04545433 recon=0.00018079
[hyperbolic] global_step=69288/72000 local_updates=17322 loss=0.04739057 recon=0.00016780
[hyperbolic] global_step=69420/72000 local_updates=17355 loss=0.04630705 recon=0.00018367
[hyperbolic] global_step=69556/72000 local_updates=17389 loss=0.04599513 recon=0.00018864
[hyperbolic] global_step=69688/72000 local_updates=17422 loss=0.04644404 recon=0.00017484
[hyperbolic] global_step=69820/72000 local_updates=17455 loss=0.04579331 recon=0.00016012
[hyperbolic] global_step=69952/72000 local_updates=17488 loss=0.04359567 recon=0.00019298
[hyperbolic] global_step=70000/72000 loss=0.04636127 recon=0.00018085 c=[1.0, 1.0, 1.0] epsilon=[0.003, 0.003, 0.003] raw_unique=24536/24587 collision=0.002074 behaviour=0.20829006 codebook_used=[256, 256, 256]
[hyperbolic] global_step=70132/72000 local_updates=17533 loss=0.04533367 recon=0.00017355
[hyperbolic] global_step=70264/72000 local_updates=17566 loss=0.04657925 recon=0.00016710
[hyperbolic] global_step=70396/72000 local_updates=17599 loss=0.04589000 recon=0.00017639
[hyperbolic] global_step=70528/72000 local_updates=17632 loss=0.04553580 recon=0.00016874
[hyperbolic] global_step=70660/72000 local_updates=17665 loss=0.04643939 recon=0.00016861
[hyperbolic] global_step=70792/72000 local_updates=17698 loss=0.04761318 recon=0.00018246
[hyperbolic] global_step=70924/72000 local_updates=17731 loss=0.04655911 recon=0.00019550
[hyperbolic] global_step=71060/72000 local_updates=17765 loss=0.04598944 recon=0.00020463
[hyperbolic] global_step=71192/72000 local_updates=17798 loss=0.04887971 recon=0.00018725
[hyperbolic] global_step=71324/72000 local_updates=17831 loss=0.04610803 recon=0.00017354
[hyperbolic] global_step=71460/72000 local_updates=17865 loss=0.04562844 recon=0.00017673
[hyperbolic] global_step=71592/72000 local_updates=17898 loss=0.04625500 recon=0.00018809
[hyperbolic] global_step=71724/72000 local_updates=17931 loss=0.04687174 recon=0.00018556
[hyperbolic] global_step=71856/72000 local_updates=17964 loss=0.04653382 recon=0.00015743
[hyperbolic] global_step=71988/72000 local_updates=17997 loss=0.04639028 recon=0.00018582
[hyperbolic] global_step=72000/72000 loss=0.04628865 recon=0.00018067 c=[1.0, 1.0, 1.0] epsilon=[0.003, 0.003, 0.003] raw_unique=24542/24587 collision=0.001830 behaviour=0.20781482 codebook_used=[256, 256, 256]
