2026-10-05 23:13:36,084 - INFO - Configuration: {'batch_size': 4096, 'infer_size': 1024, 'num_epochs': 150, 'eval_interval': 5, 'eval_start_epoch': 75, 'early_eval_epochs': (25, 50, 75, 100, 125), 'fast': True, 'bf16': True, 'use_lr_scheduler': True, 'lr_warmup_pct': 0.1, 'lr_min_factor': 0.2, 'compile': False, 'compile_mode': 'default', 'num_layers': 4, 'num_decoder_layers': 4, 'd_model': 128, 'd_ff': 1024, 'num_heads': 6, 'd_kv': 64, 'dropout_rate': 0.1, 'activation_function': 'relu', 'feed_forward_proj': 'relu', 'device': 'cuda', 'lr': 0.003, 'weight_decay': 0.05, 'vocab_size': 774, 'eos_token_id': 773, 'pad_token_id': 0, 'n_user_tokens': 1, 'max_len': 20, 'dataset_name': 'Amazon_2023_Instruments', 'dataset_path': '/home/wlia0047/ar57/wenyu/GeneRec/results/stage0_build_parquet/', 'codebook_size': [256, 256, 256, 1], 'code_path': '/home/wlia0047/ar57/wenyu/GeneRec/results/stage2_RQ-VAE/curvature_RQ-VAE_iter89/item_sids.json', 'train_file': 'train.parquet', 'valid_file': 'valid.parquet', 'test_file': 'test.parquet', 'log_path': '/home/wlia0047/ar57/wenyu/GeneRec/results/stage3_T5Train/curvature_RQ-VAE_iter89/logs/', 'save_path': '/home/wlia0047/ar57/wenyu/GeneRec/results/stage3_T5Train/curvature_RQ-VAE_iter89/ckpt/', 'seed': 42, 'topk_list': [5, 10], 'beam_size': 20, 'no_eval': True, 'skip_test': False, 'screen_baseline_log': '', 'screen_start_epoch': 40, 'screen_window': 5, 'screen_min_ndcg_gain': 0.001, 'screen_min_recall_gain': 0.001, 'num_workers': 4, 'prefetch_factor': 8, 'exclude_history': True, 'no_exclude_history': False, 'pin_memory': True, 'no_pin_memory': False, 'sid_length': 4, 'max_token_seq_len': 82, 'decoder_start_token_id': 0}
2026-10-05 23:13:36,180 - INFO - #Embedding parameters: 99072
#Non-embedding parameters: 4459648
#Total trainable parameters: 4558720

2026-10-05 23:13:49,577 - INFO - Epoch 1/150 train_loss=4.74162748336792
2026-10-05 23:13:49,654 - INFO - Best train loss=4.74162748336792; saved /home/wlia0047/ar57/wenyu/GeneRec/results/stage3_T5Train/curvature_RQ-VAE_iter89/ckpt/Amazon_2023_Instruments/Oct-05-2026_23-13-36/HG_Rec_best.pth
2026-10-05 23:14:01,282 - INFO - Epoch 2/150 train_loss=4.06079249382019
2026-10-05 23:14:01,319 - INFO - Best train loss=4.06079249382019; saved /home/wlia0047/ar57/wenyu/GeneRec/results/stage3_T5Train/curvature_RQ-VAE_iter89/ckpt/Amazon_2023_Instruments/Oct-05-2026_23-13-36/HG_Rec_best.pth
2026-10-05 23:14:12,938 - INFO - Epoch 3/150 train_loss=3.875726623535156
2026-10-05 23:14:12,973 - INFO - Best train loss=3.875726623535156; saved /home/wlia0047/ar57/wenyu/GeneRec/results/stage3_T5Train/curvature_RQ-VAE_iter89/ckpt/Amazon_2023_Instruments/Oct-05-2026_23-13-36/HG_Rec_best.pth
2026-10-05 23:14:24,591 - INFO - Epoch 4/150 train_loss=3.723719472885132
2026-10-05 23:14:24,631 - INFO - Best train loss=3.723719472885132; saved /home/wlia0047/ar57/wenyu/GeneRec/results/stage3_T5Train/curvature_RQ-VAE_iter89/ckpt/Amazon_2023_Instruments/Oct-05-2026_23-13-36/HG_Rec_best.pth
2026-10-05 23:14:36,247 - INFO - Epoch 5/150 train_loss=3.608886079788208
2026-10-05 23:14:36,287 - INFO - Best train loss=3.608886079788208; saved /home/wlia0047/ar57/wenyu/GeneRec/results/stage3_T5Train/curvature_RQ-VAE_iter89/ckpt/Amazon_2023_Instruments/Oct-05-2026_23-13-36/HG_Rec_best.pth
2026-10-05 23:14:47,888 - INFO - Epoch 6/150 train_loss=3.5079344749450683
2026-10-05 23:14:47,932 - INFO - Best train loss=3.5079344749450683; saved /home/wlia0047/ar57/wenyu/GeneRec/results/stage3_T5Train/curvature_RQ-VAE_iter89/ckpt/Amazon_2023_Instruments/Oct-05-2026_23-13-36/HG_Rec_best.pth
2026-10-05 23:14:59,540 - INFO - Epoch 7/150 train_loss=3.841915264129639
2026-10-05 23:15:11,144 - INFO - Epoch 8/150 train_loss=3.5257014274597167
2026-10-05 23:15:22,768 - INFO - Epoch 9/150 train_loss=3.451305055618286
2026-10-05 23:15:22,811 - INFO - Best train loss=3.451305055618286; saved /home/wlia0047/ar57/wenyu/GeneRec/results/stage3_T5Train/curvature_RQ-VAE_iter89/ckpt/Amazon_2023_Instruments/Oct-05-2026_23-13-36/HG_Rec_best.pth
2026-10-05 23:15:34,419 - INFO - Epoch 10/150 train_loss=3.401844148635864
2026-10-05 23:15:34,456 - INFO - Best train loss=3.401844148635864; saved /home/wlia0047/ar57/wenyu/GeneRec/results/stage3_T5Train/curvature_RQ-VAE_iter89/ckpt/Amazon_2023_Instruments/Oct-05-2026_23-13-36/HG_Rec_best.pth
2026-10-05 23:15:46,065 - INFO - Epoch 11/150 train_loss=3.3468070030212402
2026-10-05 23:15:46,100 - INFO - Best train loss=3.3468070030212402; saved /home/wlia0047/ar57/wenyu/GeneRec/results/stage3_T5Train/curvature_RQ-VAE_iter89/ckpt/Amazon_2023_Instruments/Oct-05-2026_23-13-36/HG_Rec_best.pth
2026-10-05 23:15:57,706 - INFO - Epoch 12/150 train_loss=3.285592441558838
2026-10-05 23:15:57,742 - INFO - Best train loss=3.285592441558838; saved /home/wlia0047/ar57/wenyu/GeneRec/results/stage3_T5Train/curvature_RQ-VAE_iter89/ckpt/Amazon_2023_Instruments/Oct-05-2026_23-13-36/HG_Rec_best.pth
2026-10-05 23:16:09,351 - INFO - Epoch 13/150 train_loss=3.2245234298706054
2026-10-05 23:16:09,387 - INFO - Best train loss=3.2245234298706054; saved /home/wlia0047/ar57/wenyu/GeneRec/results/stage3_T5Train/curvature_RQ-VAE_iter89/ckpt/Amazon_2023_Instruments/Oct-05-2026_23-13-36/HG_Rec_best.pth
2026-10-05 23:16:20,986 - INFO - Epoch 14/150 train_loss=3.160045499801636
2026-10-05 23:16:21,025 - INFO - Best train loss=3.160045499801636; saved /home/wlia0047/ar57/wenyu/GeneRec/results/stage3_T5Train/curvature_RQ-VAE_iter89/ckpt/Amazon_2023_Instruments/Oct-05-2026_23-13-36/HG_Rec_best.pth
2026-10-05 23:16:32,630 - INFO - Epoch 15/150 train_loss=3.104257173538208
2026-10-05 23:16:32,665 - INFO - Best train loss=3.104257173538208; saved /home/wlia0047/ar57/wenyu/GeneRec/results/stage3_T5Train/curvature_RQ-VAE_iter89/ckpt/Amazon_2023_Instruments/Oct-05-2026_23-13-36/HG_Rec_best.pth
2026-10-05 23:16:44,268 - INFO - Epoch 16/150 train_loss=3.0460074043273924
2026-10-05 23:16:44,310 - INFO - Best train loss=3.0460074043273924; saved /home/wlia0047/ar57/wenyu/GeneRec/results/stage3_T5Train/curvature_RQ-VAE_iter89/ckpt/Amazon_2023_Instruments/Oct-05-2026_23-13-36/HG_Rec_best.pth
2026-10-05 23:16:55,918 - INFO - Epoch 17/150 train_loss=3.5232197761535646
2026-10-05 23:17:08,117 - INFO - Epoch 18/150 train_loss=3.2964326477050783
2026-10-05 23:17:19,726 - INFO - Epoch 19/150 train_loss=3.1749059772491455
2026-10-05 23:17:31,338 - INFO - Epoch 20/150 train_loss=3.080965824127197
2026-10-05 23:17:42,944 - INFO - Epoch 21/150 train_loss=3.0213861751556395
2026-10-05 23:17:42,987 - INFO - Best train loss=3.0213861751556395; saved /home/wlia0047/ar57/wenyu/GeneRec/results/stage3_T5Train/curvature_RQ-VAE_iter89/ckpt/Amazon_2023_Instruments/Oct-05-2026_23-13-36/HG_Rec_best.pth
2026-10-05 23:17:54,593 - INFO - Epoch 22/150 train_loss=2.978103799819946
2026-10-05 23:17:54,628 - INFO - Best train loss=2.978103799819946; saved /home/wlia0047/ar57/wenyu/GeneRec/results/stage3_T5Train/curvature_RQ-VAE_iter89/ckpt/Amazon_2023_Instruments/Oct-05-2026_23-13-36/HG_Rec_best.pth
2026-10-05 23:18:06,234 - INFO - Epoch 23/150 train_loss=2.9409784126281737
2026-10-05 23:18:06,269 - INFO - Best train loss=2.9409784126281737; saved /home/wlia0047/ar57/wenyu/GeneRec/results/stage3_T5Train/curvature_RQ-VAE_iter89/ckpt/Amazon_2023_Instruments/Oct-05-2026_23-13-36/HG_Rec_best.pth
2026-10-05 23:18:17,882 - INFO - Epoch 24/150 train_loss=2.9096295738220217
2026-10-05 23:18:17,919 - INFO - Best train loss=2.9096295738220217; saved /home/wlia0047/ar57/wenyu/GeneRec/results/stage3_T5Train/curvature_RQ-VAE_iter89/ckpt/Amazon_2023_Instruments/Oct-05-2026_23-13-36/HG_Rec_best.pth
2026-10-05 23:18:29,528 - INFO - Epoch 25/150 train_loss=2.8783267402648924
2026-10-05 23:18:29,563 - INFO - Best train loss=2.8783267402648924; saved /home/wlia0047/ar57/wenyu/GeneRec/results/stage3_T5Train/curvature_RQ-VAE_iter89/ckpt/Amazon_2023_Instruments/Oct-05-2026_23-13-36/HG_Rec_best.pth
2026-10-05 23:18:41,169 - INFO - Epoch 26/150 train_loss=2.8343725872039793
2026-10-05 23:18:41,204 - INFO - Best train loss=2.8343725872039793; saved /home/wlia0047/ar57/wenyu/GeneRec/results/stage3_T5Train/curvature_RQ-VAE_iter89/ckpt/Amazon_2023_Instruments/Oct-05-2026_23-13-36/HG_Rec_best.pth
2026-10-05 23:18:52,811 - INFO - Epoch 27/150 train_loss=2.8016993618011474
2026-10-05 23:18:52,846 - INFO - Best train loss=2.8016993618011474; saved /home/wlia0047/ar57/wenyu/GeneRec/results/stage3_T5Train/curvature_RQ-VAE_iter89/ckpt/Amazon_2023_Instruments/Oct-05-2026_23-13-36/HG_Rec_best.pth
2026-10-05 23:19:04,448 - INFO - Epoch 28/150 train_loss=2.7726782035827635
2026-10-05 23:19:04,483 - INFO - Best train loss=2.7726782035827635; saved /home/wlia0047/ar57/wenyu/GeneRec/results/stage3_T5Train/curvature_RQ-VAE_iter89/ckpt/Amazon_2023_Instruments/Oct-05-2026_23-13-36/HG_Rec_best.pth
2026-10-05 23:19:16,090 - INFO - Epoch 29/150 train_loss=2.7339400482177734
2026-10-05 23:19:16,126 - INFO - Best train loss=2.7339400482177734; saved /home/wlia0047/ar57/wenyu/GeneRec/results/stage3_T5Train/curvature_RQ-VAE_iter89/ckpt/Amazon_2023_Instruments/Oct-05-2026_23-13-36/HG_Rec_best.pth
2026-10-05 23:19:27,734 - INFO - Epoch 30/150 train_loss=2.700764675140381
2026-10-05 23:19:27,770 - INFO - Best train loss=2.700764675140381; saved /home/wlia0047/ar57/wenyu/GeneRec/results/stage3_T5Train/curvature_RQ-VAE_iter89/ckpt/Amazon_2023_Instruments/Oct-05-2026_23-13-36/HG_Rec_best.pth
2026-10-05 23:19:39,372 - INFO - Epoch 31/150 train_loss=2.671663007736206
2026-10-05 23:19:39,408 - INFO - Best train loss=2.671663007736206; saved /home/wlia0047/ar57/wenyu/GeneRec/results/stage3_T5Train/curvature_RQ-VAE_iter89/ckpt/Amazon_2023_Instruments/Oct-05-2026_23-13-36/HG_Rec_best.pth
2026-10-05 23:19:51,013 - INFO - Epoch 32/150 train_loss=2.6363270473480225
2026-10-05 23:19:51,050 - INFO - Best train loss=2.6363270473480225; saved /home/wlia0047/ar57/wenyu/GeneRec/results/stage3_T5Train/curvature_RQ-VAE_iter89/ckpt/Amazon_2023_Instruments/Oct-05-2026_23-13-36/HG_Rec_best.pth
2026-10-05 23:20:02,658 - INFO - Epoch 33/150 train_loss=2.603623113632202
2026-10-05 23:20:02,694 - INFO - Best train loss=2.603623113632202; saved /home/wlia0047/ar57/wenyu/GeneRec/results/stage3_T5Train/curvature_RQ-VAE_iter89/ckpt/Amazon_2023_Instruments/Oct-05-2026_23-13-36/HG_Rec_best.pth
2026-10-05 23:20:14,309 - INFO - Epoch 34/150 train_loss=2.582689199447632
2026-10-05 23:20:14,344 - INFO - Best train loss=2.582689199447632; saved /home/wlia0047/ar57/wenyu/GeneRec/results/stage3_T5Train/curvature_RQ-VAE_iter89/ckpt/Amazon_2023_Instruments/Oct-05-2026_23-13-36/HG_Rec_best.pth
2026-10-05 23:20:25,946 - INFO - Epoch 35/150 train_loss=2.5585066413879396
2026-10-05 23:20:25,981 - INFO - Best train loss=2.5585066413879396; saved /home/wlia0047/ar57/wenyu/GeneRec/results/stage3_T5Train/curvature_RQ-VAE_iter89/ckpt/Amazon_2023_Instruments/Oct-05-2026_23-13-36/HG_Rec_best.pth
2026-10-05 23:20:37,584 - INFO - Epoch 36/150 train_loss=2.536745128631592
2026-10-05 23:20:37,619 - INFO - Best train loss=2.536745128631592; saved /home/wlia0047/ar57/wenyu/GeneRec/results/stage3_T5Train/curvature_RQ-VAE_iter89/ckpt/Amazon_2023_Instruments/Oct-05-2026_23-13-36/HG_Rec_best.pth
2026-10-05 23:20:49,228 - INFO - Epoch 37/150 train_loss=2.5043295097351073
2026-10-05 23:20:49,264 - INFO - Best train loss=2.5043295097351073; saved /home/wlia0047/ar57/wenyu/GeneRec/results/stage3_T5Train/curvature_RQ-VAE_iter89/ckpt/Amazon_2023_Instruments/Oct-05-2026_23-13-36/HG_Rec_best.pth
2026-10-05 23:21:00,869 - INFO - Epoch 38/150 train_loss=2.4820923042297363
2026-10-05 23:21:00,905 - INFO - Best train loss=2.4820923042297363; saved /home/wlia0047/ar57/wenyu/GeneRec/results/stage3_T5Train/curvature_RQ-VAE_iter89/ckpt/Amazon_2023_Instruments/Oct-05-2026_23-13-36/HG_Rec_best.pth
2026-10-05 23:21:12,513 - INFO - Epoch 39/150 train_loss=2.462897357940674
2026-10-05 23:21:12,548 - INFO - Best train loss=2.462897357940674; saved /home/wlia0047/ar57/wenyu/GeneRec/results/stage3_T5Train/curvature_RQ-VAE_iter89/ckpt/Amazon_2023_Instruments/Oct-05-2026_23-13-36/HG_Rec_best.pth
2026-10-05 23:21:24,149 - INFO - Epoch 40/150 train_loss=2.439759397506714
2026-10-05 23:21:24,184 - INFO - Best train loss=2.439759397506714; saved /home/wlia0047/ar57/wenyu/GeneRec/results/stage3_T5Train/curvature_RQ-VAE_iter89/ckpt/Amazon_2023_Instruments/Oct-05-2026_23-13-36/HG_Rec_best.pth
2026-10-05 23:21:35,787 - INFO - Epoch 41/150 train_loss=2.419630651473999
2026-10-05 23:21:35,826 - INFO - Best train loss=2.419630651473999; saved /home/wlia0047/ar57/wenyu/GeneRec/results/stage3_T5Train/curvature_RQ-VAE_iter89/ckpt/Amazon_2023_Instruments/Oct-05-2026_23-13-36/HG_Rec_best.pth
2026-10-05 23:21:47,430 - INFO - Epoch 42/150 train_loss=2.397341184616089
2026-10-05 23:21:47,467 - INFO - Best train loss=2.397341184616089; saved /home/wlia0047/ar57/wenyu/GeneRec/results/stage3_T5Train/curvature_RQ-VAE_iter89/ckpt/Amazon_2023_Instruments/Oct-05-2026_23-13-36/HG_Rec_best.pth
2026-10-05 23:21:59,080 - INFO - Epoch 43/150 train_loss=2.368812961578369
2026-10-05 23:21:59,606 - INFO - Best train loss=2.368812961578369; saved /home/wlia0047/ar57/wenyu/GeneRec/results/stage3_T5Train/curvature_RQ-VAE_iter89/ckpt/Amazon_2023_Instruments/Oct-05-2026_23-13-36/HG_Rec_best.pth
2026-10-05 23:22:11,216 - INFO - Epoch 44/150 train_loss=2.3431551837921143
2026-10-05 23:22:11,253 - INFO - Best train loss=2.3431551837921143; saved /home/wlia0047/ar57/wenyu/GeneRec/results/stage3_T5Train/curvature_RQ-VAE_iter89/ckpt/Amazon_2023_Instruments/Oct-05-2026_23-13-36/HG_Rec_best.pth
2026-10-05 23:22:22,862 - INFO - Epoch 45/150 train_loss=2.320683937072754
2026-10-05 23:22:22,896 - INFO - Best train loss=2.320683937072754; saved /home/wlia0047/ar57/wenyu/GeneRec/results/stage3_T5Train/curvature_RQ-VAE_iter89/ckpt/Amazon_2023_Instruments/Oct-05-2026_23-13-36/HG_Rec_best.pth
2026-10-05 23:22:34,505 - INFO - Epoch 46/150 train_loss=2.301440563201904
2026-10-05 23:22:34,541 - INFO - Best train loss=2.301440563201904; saved /home/wlia0047/ar57/wenyu/GeneRec/results/stage3_T5Train/curvature_RQ-VAE_iter89/ckpt/Amazon_2023_Instruments/Oct-05-2026_23-13-36/HG_Rec_best.pth
2026-10-05 23:22:46,148 - INFO - Epoch 47/150 train_loss=2.2866140937805177
2026-10-05 23:22:46,185 - INFO - Best train loss=2.2866140937805177; saved /home/wlia0047/ar57/wenyu/GeneRec/results/stage3_T5Train/curvature_RQ-VAE_iter89/ckpt/Amazon_2023_Instruments/Oct-05-2026_23-13-36/HG_Rec_best.pth
2026-10-05 23:22:57,794 - INFO - Epoch 48/150 train_loss=2.2681584548950195
2026-10-05 23:22:57,829 - INFO - Best train loss=2.2681584548950195; saved /home/wlia0047/ar57/wenyu/GeneRec/results/stage3_T5Train/curvature_RQ-VAE_iter89/ckpt/Amazon_2023_Instruments/Oct-05-2026_23-13-36/HG_Rec_best.pth
2026-10-05 23:23:09,448 - INFO - Epoch 49/150 train_loss=2.2476263999938966
2026-10-05 23:23:09,526 - INFO - Best train loss=2.2476263999938966; saved /home/wlia0047/ar57/wenyu/GeneRec/results/stage3_T5Train/curvature_RQ-VAE_iter89/ckpt/Amazon_2023_Instruments/Oct-05-2026_23-13-36/HG_Rec_best.pth
2026-10-05 23:23:21,131 - INFO - Epoch 50/150 train_loss=2.243093204498291
2026-10-05 23:23:21,170 - INFO - Best train loss=2.243093204498291; saved /home/wlia0047/ar57/wenyu/GeneRec/results/stage3_T5Train/curvature_RQ-VAE_iter89/ckpt/Amazon_2023_Instruments/Oct-05-2026_23-13-36/HG_Rec_best.pth
2026-10-05 23:23:32,829 - INFO - Epoch 51/150 train_loss=2.22328426361084
2026-10-05 23:23:32,865 - INFO - Best train loss=2.22328426361084; saved /home/wlia0047/ar57/wenyu/GeneRec/results/stage3_T5Train/curvature_RQ-VAE_iter89/ckpt/Amazon_2023_Instruments/Oct-05-2026_23-13-36/HG_Rec_best.pth
2026-10-05 23:23:44,552 - INFO - Epoch 52/150 train_loss=2.2194943618774414
2026-10-05 23:23:44,588 - INFO - Best train loss=2.2194943618774414; saved /home/wlia0047/ar57/wenyu/GeneRec/results/stage3_T5Train/curvature_RQ-VAE_iter89/ckpt/Amazon_2023_Instruments/Oct-05-2026_23-13-36/HG_Rec_best.pth
2026-10-05 23:23:56,263 - INFO - Epoch 53/150 train_loss=2.2099037647247313
2026-10-05 23:23:56,309 - INFO - Best train loss=2.2099037647247313; saved /home/wlia0047/ar57/wenyu/GeneRec/results/stage3_T5Train/curvature_RQ-VAE_iter89/ckpt/Amazon_2023_Instruments/Oct-05-2026_23-13-36/HG_Rec_best.pth
2026-10-05 23:24:07,990 - INFO - Epoch 54/150 train_loss=2.192858180999756
2026-10-05 23:24:08,031 - INFO - Best train loss=2.192858180999756; saved /home/wlia0047/ar57/wenyu/GeneRec/results/stage3_T5Train/curvature_RQ-VAE_iter89/ckpt/Amazon_2023_Instruments/Oct-05-2026_23-13-36/HG_Rec_best.pth
2026-10-05 23:24:21,037 - INFO - Epoch 55/150 train_loss=2.185321569442749
2026-10-05 23:24:21,169 - INFO - Best train loss=2.185321569442749; saved /home/wlia0047/ar57/wenyu/GeneRec/results/stage3_T5Train/curvature_RQ-VAE_iter89/ckpt/Amazon_2023_Instruments/Oct-05-2026_23-13-36/HG_Rec_best.pth
2026-10-05 23:24:32,785 - INFO - Epoch 56/150 train_loss=2.1777944469451906
2026-10-05 23:24:32,822 - INFO - Best train loss=2.1777944469451906; saved /home/wlia0047/ar57/wenyu/GeneRec/results/stage3_T5Train/curvature_RQ-VAE_iter89/ckpt/Amazon_2023_Instruments/Oct-05-2026_23-13-36/HG_Rec_best.pth
2026-10-05 23:24:44,431 - INFO - Epoch 57/150 train_loss=2.1628841018676757
2026-10-05 23:24:44,467 - INFO - Best train loss=2.1628841018676757; saved /home/wlia0047/ar57/wenyu/GeneRec/results/stage3_T5Train/curvature_RQ-VAE_iter89/ckpt/Amazon_2023_Instruments/Oct-05-2026_23-13-36/HG_Rec_best.pth
2026-10-05 23:24:56,073 - INFO - Epoch 58/150 train_loss=2.1546358394622804
2026-10-05 23:24:56,108 - INFO - Best train loss=2.1546358394622804; saved /home/wlia0047/ar57/wenyu/GeneRec/results/stage3_T5Train/curvature_RQ-VAE_iter89/ckpt/Amazon_2023_Instruments/Oct-05-2026_23-13-36/HG_Rec_best.pth
2026-10-05 23:25:07,712 - INFO - Epoch 59/150 train_loss=2.145106649398804
2026-10-05 23:25:07,749 - INFO - Best train loss=2.145106649398804; saved /home/wlia0047/ar57/wenyu/GeneRec/results/stage3_T5Train/curvature_RQ-VAE_iter89/ckpt/Amazon_2023_Instruments/Oct-05-2026_23-13-36/HG_Rec_best.pth
2026-10-05 23:25:19,354 - INFO - Epoch 60/150 train_loss=2.13748685836792
2026-10-05 23:25:19,391 - INFO - Best train loss=2.13748685836792; saved /home/wlia0047/ar57/wenyu/GeneRec/results/stage3_T5Train/curvature_RQ-VAE_iter89/ckpt/Amazon_2023_Instruments/Oct-05-2026_23-13-36/HG_Rec_best.pth
2026-10-05 23:25:31,002 - INFO - Epoch 61/150 train_loss=2.1308712100982667
2026-10-05 23:25:31,039 - INFO - Best train loss=2.1308712100982667; saved /home/wlia0047/ar57/wenyu/GeneRec/results/stage3_T5Train/curvature_RQ-VAE_iter89/ckpt/Amazon_2023_Instruments/Oct-05-2026_23-13-36/HG_Rec_best.pth
2026-10-05 23:25:42,653 - INFO - Epoch 62/150 train_loss=2.1201369857788084
2026-10-05 23:25:42,690 - INFO - Best train loss=2.1201369857788084; saved /home/wlia0047/ar57/wenyu/GeneRec/results/stage3_T5Train/curvature_RQ-VAE_iter89/ckpt/Amazon_2023_Instruments/Oct-05-2026_23-13-36/HG_Rec_best.pth
2026-10-05 23:25:54,296 - INFO - Epoch 63/150 train_loss=2.115272855758667
2026-10-05 23:25:54,333 - INFO - Best train loss=2.115272855758667; saved /home/wlia0047/ar57/wenyu/GeneRec/results/stage3_T5Train/curvature_RQ-VAE_iter89/ckpt/Amazon_2023_Instruments/Oct-05-2026_23-13-36/HG_Rec_best.pth
2026-10-05 23:26:05,941 - INFO - Epoch 64/150 train_loss=2.107548313140869
2026-10-05 23:26:05,977 - INFO - Best train loss=2.107548313140869; saved /home/wlia0047/ar57/wenyu/GeneRec/results/stage3_T5Train/curvature_RQ-VAE_iter89/ckpt/Amazon_2023_Instruments/Oct-05-2026_23-13-36/HG_Rec_best.pth
2026-10-05 23:26:17,586 - INFO - Epoch 65/150 train_loss=2.1027731037139894
2026-10-05 23:26:17,621 - INFO - Best train loss=2.1027731037139894; saved /home/wlia0047/ar57/wenyu/GeneRec/results/stage3_T5Train/curvature_RQ-VAE_iter89/ckpt/Amazon_2023_Instruments/Oct-05-2026_23-13-36/HG_Rec_best.pth
2026-10-05 23:26:29,228 - INFO - Epoch 66/150 train_loss=2.095932903289795
2026-10-05 23:26:29,265 - INFO - Best train loss=2.095932903289795; saved /home/wlia0047/ar57/wenyu/GeneRec/results/stage3_T5Train/curvature_RQ-VAE_iter89/ckpt/Amazon_2023_Instruments/Oct-05-2026_23-13-36/HG_Rec_best.pth
2026-10-05 23:26:40,870 - INFO - Epoch 67/150 train_loss=2.088268365859985
2026-10-05 23:26:40,906 - INFO - Best train loss=2.088268365859985; saved /home/wlia0047/ar57/wenyu/GeneRec/results/stage3_T5Train/curvature_RQ-VAE_iter89/ckpt/Amazon_2023_Instruments/Oct-05-2026_23-13-36/HG_Rec_best.pth
2026-10-05 23:26:52,553 - INFO - Epoch 68/150 train_loss=2.083195695877075
2026-10-05 23:26:52,606 - INFO - Best train loss=2.083195695877075; saved /home/wlia0047/ar57/wenyu/GeneRec/results/stage3_T5Train/curvature_RQ-VAE_iter89/ckpt/Amazon_2023_Instruments/Oct-05-2026_23-13-36/HG_Rec_best.pth
2026-10-05 23:27:04,211 - INFO - Epoch 69/150 train_loss=2.0808405685424805
2026-10-05 23:27:04,245 - INFO - Best train loss=2.0808405685424805; saved /home/wlia0047/ar57/wenyu/GeneRec/results/stage3_T5Train/curvature_RQ-VAE_iter89/ckpt/Amazon_2023_Instruments/Oct-05-2026_23-13-36/HG_Rec_best.pth
2026-10-05 23:27:15,850 - INFO - Epoch 70/150 train_loss=2.073567705154419
2026-10-05 23:27:15,885 - INFO - Best train loss=2.073567705154419; saved /home/wlia0047/ar57/wenyu/GeneRec/results/stage3_T5Train/curvature_RQ-VAE_iter89/ckpt/Amazon_2023_Instruments/Oct-05-2026_23-13-36/HG_Rec_best.pth
2026-10-05 23:27:27,487 - INFO - Epoch 71/150 train_loss=2.065396099090576
2026-10-05 23:27:27,523 - INFO - Best train loss=2.065396099090576; saved /home/wlia0047/ar57/wenyu/GeneRec/results/stage3_T5Train/curvature_RQ-VAE_iter89/ckpt/Amazon_2023_Instruments/Oct-05-2026_23-13-36/HG_Rec_best.pth
2026-10-05 23:27:39,129 - INFO - Epoch 72/150 train_loss=2.0614004135131836
2026-10-05 23:27:39,164 - INFO - Best train loss=2.0614004135131836; saved /home/wlia0047/ar57/wenyu/GeneRec/results/stage3_T5Train/curvature_RQ-VAE_iter89/ckpt/Amazon_2023_Instruments/Oct-05-2026_23-13-36/HG_Rec_best.pth
2026-10-05 23:27:50,769 - INFO - Epoch 73/150 train_loss=2.049410104751587
2026-10-05 23:27:50,809 - INFO - Best train loss=2.049410104751587; saved /home/wlia0047/ar57/wenyu/GeneRec/results/stage3_T5Train/curvature_RQ-VAE_iter89/ckpt/Amazon_2023_Instruments/Oct-05-2026_23-13-36/HG_Rec_best.pth
2026-10-05 23:28:02,433 - INFO - Epoch 74/150 train_loss=2.0522803497314452
2026-10-05 23:28:14,044 - INFO - Epoch 75/150 train_loss=2.047670955657959
2026-10-05 23:28:14,081 - INFO - Best train loss=2.047670955657959; saved /home/wlia0047/ar57/wenyu/GeneRec/results/stage3_T5Train/curvature_RQ-VAE_iter89/ckpt/Amazon_2023_Instruments/Oct-05-2026_23-13-36/HG_Rec_best.pth
2026-10-05 23:28:25,689 - INFO - Epoch 76/150 train_loss=2.0403403186798097
2026-10-05 23:28:25,725 - INFO - Best train loss=2.0403403186798097; saved /home/wlia0047/ar57/wenyu/GeneRec/results/stage3_T5Train/curvature_RQ-VAE_iter89/ckpt/Amazon_2023_Instruments/Oct-05-2026_23-13-36/HG_Rec_best.pth
2026-10-05 23:28:37,332 - INFO - Epoch 77/150 train_loss=2.034619131088257
2026-10-05 23:28:37,367 - INFO - Best train loss=2.034619131088257; saved /home/wlia0047/ar57/wenyu/GeneRec/results/stage3_T5Train/curvature_RQ-VAE_iter89/ckpt/Amazon_2023_Instruments/Oct-05-2026_23-13-36/HG_Rec_best.pth
2026-10-05 23:28:48,970 - INFO - Epoch 78/150 train_loss=2.0345657730102538
2026-10-05 23:28:49,005 - INFO - Best train loss=2.0345657730102538; saved /home/wlia0047/ar57/wenyu/GeneRec/results/stage3_T5Train/curvature_RQ-VAE_iter89/ckpt/Amazon_2023_Instruments/Oct-05-2026_23-13-36/HG_Rec_best.pth
2026-10-05 23:29:00,608 - INFO - Epoch 79/150 train_loss=2.02850456237793
2026-10-05 23:29:00,645 - INFO - Best train loss=2.02850456237793; saved /home/wlia0047/ar57/wenyu/GeneRec/results/stage3_T5Train/curvature_RQ-VAE_iter89/ckpt/Amazon_2023_Instruments/Oct-05-2026_23-13-36/HG_Rec_best.pth
2026-10-05 23:29:12,254 - INFO - Epoch 80/150 train_loss=2.0248906993865967
2026-10-05 23:29:12,900 - INFO - Best train loss=2.0248906993865967; saved /home/wlia0047/ar57/wenyu/GeneRec/results/stage3_T5Train/curvature_RQ-VAE_iter89/ckpt/Amazon_2023_Instruments/Oct-05-2026_23-13-36/HG_Rec_best.pth
2026-10-05 23:29:24,508 - INFO - Epoch 81/150 train_loss=2.022386784553528
2026-10-05 23:29:24,544 - INFO - Best train loss=2.022386784553528; saved /home/wlia0047/ar57/wenyu/GeneRec/results/stage3_T5Train/curvature_RQ-VAE_iter89/ckpt/Amazon_2023_Instruments/Oct-05-2026_23-13-36/HG_Rec_best.pth
2026-10-05 23:29:36,151 - INFO - Epoch 82/150 train_loss=2.0134616136550902
2026-10-05 23:29:36,188 - INFO - Best train loss=2.0134616136550902; saved /home/wlia0047/ar57/wenyu/GeneRec/results/stage3_T5Train/curvature_RQ-VAE_iter89/ckpt/Amazon_2023_Instruments/Oct-05-2026_23-13-36/HG_Rec_best.pth
2026-10-05 23:29:47,790 - INFO - Epoch 83/150 train_loss=2.0128444147109987
2026-10-05 23:29:47,827 - INFO - Best train loss=2.0128444147109987; saved /home/wlia0047/ar57/wenyu/GeneRec/results/stage3_T5Train/curvature_RQ-VAE_iter89/ckpt/Amazon_2023_Instruments/Oct-05-2026_23-13-36/HG_Rec_best.pth
2026-10-05 23:29:59,433 - INFO - Epoch 84/150 train_loss=2.005751996040344
2026-10-05 23:29:59,469 - INFO - Best train loss=2.005751996040344; saved /home/wlia0047/ar57/wenyu/GeneRec/results/stage3_T5Train/curvature_RQ-VAE_iter89/ckpt/Amazon_2023_Instruments/Oct-05-2026_23-13-36/HG_Rec_best.pth
2026-10-05 23:30:11,078 - INFO - Epoch 85/150 train_loss=2.0036076307296753
2026-10-05 23:30:11,114 - INFO - Best train loss=2.0036076307296753; saved /home/wlia0047/ar57/wenyu/GeneRec/results/stage3_T5Train/curvature_RQ-VAE_iter89/ckpt/Amazon_2023_Instruments/Oct-05-2026_23-13-36/HG_Rec_best.pth
2026-10-05 23:30:22,720 - INFO - Epoch 86/150 train_loss=1.9966945886611938
2026-10-05 23:30:22,766 - INFO - Best train loss=1.9966945886611938; saved /home/wlia0047/ar57/wenyu/GeneRec/results/stage3_T5Train/curvature_RQ-VAE_iter89/ckpt/Amazon_2023_Instruments/Oct-05-2026_23-13-36/HG_Rec_best.pth
2026-10-05 23:30:34,373 - INFO - Epoch 87/150 train_loss=1.9970468187332153
2026-10-05 23:30:45,979 - INFO - Epoch 88/150 train_loss=1.9930183506011963
2026-10-05 23:30:46,027 - INFO - Best train loss=1.9930183506011963; saved /home/wlia0047/ar57/wenyu/GeneRec/results/stage3_T5Train/curvature_RQ-VAE_iter89/ckpt/Amazon_2023_Instruments/Oct-05-2026_23-13-36/HG_Rec_best.pth
2026-10-05 23:30:57,636 - INFO - Epoch 89/150 train_loss=1.988007287979126
2026-10-05 23:30:57,671 - INFO - Best train loss=1.988007287979126; saved /home/wlia0047/ar57/wenyu/GeneRec/results/stage3_T5Train/curvature_RQ-VAE_iter89/ckpt/Amazon_2023_Instruments/Oct-05-2026_23-13-36/HG_Rec_best.pth
2026-10-05 23:31:09,276 - INFO - Epoch 90/150 train_loss=1.983502049446106
2026-10-05 23:31:09,312 - INFO - Best train loss=1.983502049446106; saved /home/wlia0047/ar57/wenyu/GeneRec/results/stage3_T5Train/curvature_RQ-VAE_iter89/ckpt/Amazon_2023_Instruments/Oct-05-2026_23-13-36/HG_Rec_best.pth
2026-10-05 23:31:20,917 - INFO - Epoch 91/150 train_loss=1.9822367429733276
2026-10-05 23:31:20,956 - INFO - Best train loss=1.9822367429733276; saved /home/wlia0047/ar57/wenyu/GeneRec/results/stage3_T5Train/curvature_RQ-VAE_iter89/ckpt/Amazon_2023_Instruments/Oct-05-2026_23-13-36/HG_Rec_best.pth
2026-10-05 23:31:33,032 - INFO - Epoch 92/150 train_loss=1.980794677734375
2026-10-05 23:31:33,067 - INFO - Best train loss=1.980794677734375; saved /home/wlia0047/ar57/wenyu/GeneRec/results/stage3_T5Train/curvature_RQ-VAE_iter89/ckpt/Amazon_2023_Instruments/Oct-05-2026_23-13-36/HG_Rec_best.pth
2026-10-05 23:31:44,862 - INFO - Epoch 93/150 train_loss=1.973470401763916
2026-10-05 23:31:45,374 - INFO - Best train loss=1.973470401763916; saved /home/wlia0047/ar57/wenyu/GeneRec/results/stage3_T5Train/curvature_RQ-VAE_iter89/ckpt/Amazon_2023_Instruments/Oct-05-2026_23-13-36/HG_Rec_best.pth
2026-10-05 23:31:57,050 - INFO - Epoch 94/150 train_loss=1.9766703701019288
2026-10-05 23:32:08,752 - INFO - Epoch 95/150 train_loss=1.9696696996688843
2026-10-05 23:32:08,791 - INFO - Best train loss=1.9696696996688843; saved /home/wlia0047/ar57/wenyu/GeneRec/results/stage3_T5Train/curvature_RQ-VAE_iter89/ckpt/Amazon_2023_Instruments/Oct-05-2026_23-13-36/HG_Rec_best.pth
2026-10-05 23:32:20,396 - INFO - Epoch 96/150 train_loss=1.9684264612197877
2026-10-05 23:32:20,432 - INFO - Best train loss=1.9684264612197877; saved /home/wlia0047/ar57/wenyu/GeneRec/results/stage3_T5Train/curvature_RQ-VAE_iter89/ckpt/Amazon_2023_Instruments/Oct-05-2026_23-13-36/HG_Rec_best.pth
2026-10-05 23:32:32,092 - INFO - Epoch 97/150 train_loss=1.9650901699066161
2026-10-05 23:32:32,141 - INFO - Best train loss=1.9650901699066161; saved /home/wlia0047/ar57/wenyu/GeneRec/results/stage3_T5Train/curvature_RQ-VAE_iter89/ckpt/Amazon_2023_Instruments/Oct-05-2026_23-13-36/HG_Rec_best.pth
2026-10-05 23:32:43,821 - INFO - Epoch 98/150 train_loss=1.9626645469665527
2026-10-05 23:32:43,866 - INFO - Best train loss=1.9626645469665527; saved /home/wlia0047/ar57/wenyu/GeneRec/results/stage3_T5Train/curvature_RQ-VAE_iter89/ckpt/Amazon_2023_Instruments/Oct-05-2026_23-13-36/HG_Rec_best.pth
2026-10-05 23:32:55,587 - INFO - Epoch 99/150 train_loss=1.959293885231018
2026-10-05 23:32:55,630 - INFO - Best train loss=1.959293885231018; saved /home/wlia0047/ar57/wenyu/GeneRec/results/stage3_T5Train/curvature_RQ-VAE_iter89/ckpt/Amazon_2023_Instruments/Oct-05-2026_23-13-36/HG_Rec_best.pth
2026-10-05 23:33:07,234 - INFO - Epoch 100/150 train_loss=1.9576177740097045
2026-10-05 23:33:07,271 - INFO - Best train loss=1.9576177740097045; saved /home/wlia0047/ar57/wenyu/GeneRec/results/stage3_T5Train/curvature_RQ-VAE_iter89/ckpt/Amazon_2023_Instruments/Oct-05-2026_23-13-36/HG_Rec_best.pth
2026-10-05 23:33:19,024 - INFO - Epoch 101/150 train_loss=1.9537127542495727
2026-10-05 23:33:19,073 - INFO - Best train loss=1.9537127542495727; saved /home/wlia0047/ar57/wenyu/GeneRec/results/stage3_T5Train/curvature_RQ-VAE_iter89/ckpt/Amazon_2023_Instruments/Oct-05-2026_23-13-36/HG_Rec_best.pth
2026-10-05 23:33:30,680 - INFO - Epoch 102/150 train_loss=1.9484217643737793
2026-10-05 23:33:30,717 - INFO - Best train loss=1.9484217643737793; saved /home/wlia0047/ar57/wenyu/GeneRec/results/stage3_T5Train/curvature_RQ-VAE_iter89/ckpt/Amazon_2023_Instruments/Oct-05-2026_23-13-36/HG_Rec_best.pth
2026-10-05 23:33:42,327 - INFO - Epoch 103/150 train_loss=1.9456202745437623
2026-10-05 23:33:42,363 - INFO - Best train loss=1.9456202745437623; saved /home/wlia0047/ar57/wenyu/GeneRec/results/stage3_T5Train/curvature_RQ-VAE_iter89/ckpt/Amazon_2023_Instruments/Oct-05-2026_23-13-36/HG_Rec_best.pth
2026-10-05 23:33:53,976 - INFO - Epoch 104/150 train_loss=1.944040493965149
2026-10-05 23:33:54,012 - INFO - Best train loss=1.944040493965149; saved /home/wlia0047/ar57/wenyu/GeneRec/results/stage3_T5Train/curvature_RQ-VAE_iter89/ckpt/Amazon_2023_Instruments/Oct-05-2026_23-13-36/HG_Rec_best.pth
2026-10-05 23:34:05,615 - INFO - Epoch 105/150 train_loss=1.9457586050033568
2026-10-05 23:34:17,277 - INFO - Epoch 106/150 train_loss=1.9391153812408448
2026-10-05 23:34:17,313 - INFO - Best train loss=1.9391153812408448; saved /home/wlia0047/ar57/wenyu/GeneRec/results/stage3_T5Train/curvature_RQ-VAE_iter89/ckpt/Amazon_2023_Instruments/Oct-05-2026_23-13-36/HG_Rec_best.pth
2026-10-05 23:34:28,920 - INFO - Epoch 107/150 train_loss=1.9396045780181885
2026-10-05 23:34:40,528 - INFO - Epoch 108/150 train_loss=1.9371596908569335
2026-10-05 23:34:40,564 - INFO - Best train loss=1.9371596908569335; saved /home/wlia0047/ar57/wenyu/GeneRec/results/stage3_T5Train/curvature_RQ-VAE_iter89/ckpt/Amazon_2023_Instruments/Oct-05-2026_23-13-36/HG_Rec_best.pth
2026-10-05 23:34:52,173 - INFO - Epoch 109/150 train_loss=1.9320528984069825
2026-10-05 23:34:52,209 - INFO - Best train loss=1.9320528984069825; saved /home/wlia0047/ar57/wenyu/GeneRec/results/stage3_T5Train/curvature_RQ-VAE_iter89/ckpt/Amazon_2023_Instruments/Oct-05-2026_23-13-36/HG_Rec_best.pth
2026-10-05 23:35:03,809 - INFO - Epoch 110/150 train_loss=1.9300354862213134
2026-10-05 23:35:03,846 - INFO - Best train loss=1.9300354862213134; saved /home/wlia0047/ar57/wenyu/GeneRec/results/stage3_T5Train/curvature_RQ-VAE_iter89/ckpt/Amazon_2023_Instruments/Oct-05-2026_23-13-36/HG_Rec_best.pth
2026-10-05 23:35:15,447 - INFO - Epoch 111/150 train_loss=1.9294116926193237
2026-10-05 23:35:15,483 - INFO - Best train loss=1.9294116926193237; saved /home/wlia0047/ar57/wenyu/GeneRec/results/stage3_T5Train/curvature_RQ-VAE_iter89/ckpt/Amazon_2023_Instruments/Oct-05-2026_23-13-36/HG_Rec_best.pth
2026-10-05 23:35:27,090 - INFO - Epoch 112/150 train_loss=1.9263308620452881
2026-10-05 23:35:27,126 - INFO - Best train loss=1.9263308620452881; saved /home/wlia0047/ar57/wenyu/GeneRec/results/stage3_T5Train/curvature_RQ-VAE_iter89/ckpt/Amazon_2023_Instruments/Oct-05-2026_23-13-36/HG_Rec_best.pth
2026-10-05 23:35:38,727 - INFO - Epoch 113/150 train_loss=1.9268442344665528
2026-10-05 23:35:50,334 - INFO - Epoch 114/150 train_loss=1.9235374927520752
2026-10-05 23:35:50,373 - INFO - Best train loss=1.9235374927520752; saved /home/wlia0047/ar57/wenyu/GeneRec/results/stage3_T5Train/curvature_RQ-VAE_iter89/ckpt/Amazon_2023_Instruments/Oct-05-2026_23-13-36/HG_Rec_best.pth
2026-10-05 23:36:01,976 - INFO - Epoch 115/150 train_loss=1.9224495267868043
2026-10-05 23:36:02,012 - INFO - Best train loss=1.9224495267868043; saved /home/wlia0047/ar57/wenyu/GeneRec/results/stage3_T5Train/curvature_RQ-VAE_iter89/ckpt/Amazon_2023_Instruments/Oct-05-2026_23-13-36/HG_Rec_best.pth
2026-10-05 23:36:13,622 - INFO - Epoch 116/150 train_loss=1.9201575756072997
2026-10-05 23:36:13,658 - INFO - Best train loss=1.9201575756072997; saved /home/wlia0047/ar57/wenyu/GeneRec/results/stage3_T5Train/curvature_RQ-VAE_iter89/ckpt/Amazon_2023_Instruments/Oct-05-2026_23-13-36/HG_Rec_best.pth
2026-10-05 23:36:26,564 - INFO - Epoch 117/150 train_loss=1.9185188627243042
2026-10-05 23:36:26,601 - INFO - Best train loss=1.9185188627243042; saved /home/wlia0047/ar57/wenyu/GeneRec/results/stage3_T5Train/curvature_RQ-VAE_iter89/ckpt/Amazon_2023_Instruments/Oct-05-2026_23-13-36/HG_Rec_best.pth
2026-10-05 23:36:38,251 - INFO - Epoch 118/150 train_loss=1.91500825881958
2026-10-05 23:36:38,290 - INFO - Best train loss=1.91500825881958; saved /home/wlia0047/ar57/wenyu/GeneRec/results/stage3_T5Train/curvature_RQ-VAE_iter89/ckpt/Amazon_2023_Instruments/Oct-05-2026_23-13-36/HG_Rec_best.pth
2026-10-05 23:36:49,896 - INFO - Epoch 119/150 train_loss=1.9132823324203492
2026-10-05 23:36:49,932 - INFO - Best train loss=1.9132823324203492; saved /home/wlia0047/ar57/wenyu/GeneRec/results/stage3_T5Train/curvature_RQ-VAE_iter89/ckpt/Amazon_2023_Instruments/Oct-05-2026_23-13-36/HG_Rec_best.pth
2026-10-05 23:37:01,541 - INFO - Epoch 120/150 train_loss=1.9098302698135377
2026-10-05 23:37:01,576 - INFO - Best train loss=1.9098302698135377; saved /home/wlia0047/ar57/wenyu/GeneRec/results/stage3_T5Train/curvature_RQ-VAE_iter89/ckpt/Amazon_2023_Instruments/Oct-05-2026_23-13-36/HG_Rec_best.pth
2026-10-05 23:37:13,180 - INFO - Epoch 121/150 train_loss=1.9079112243652343
2026-10-05 23:37:13,217 - INFO - Best train loss=1.9079112243652343; saved /home/wlia0047/ar57/wenyu/GeneRec/results/stage3_T5Train/curvature_RQ-VAE_iter89/ckpt/Amazon_2023_Instruments/Oct-05-2026_23-13-36/HG_Rec_best.pth
2026-10-05 23:37:24,820 - INFO - Epoch 122/150 train_loss=1.9072648906707763
2026-10-05 23:37:24,855 - INFO - Best train loss=1.9072648906707763; saved /home/wlia0047/ar57/wenyu/GeneRec/results/stage3_T5Train/curvature_RQ-VAE_iter89/ckpt/Amazon_2023_Instruments/Oct-05-2026_23-13-36/HG_Rec_best.pth
2026-10-05 23:37:36,463 - INFO - Epoch 123/150 train_loss=1.9036797237396241
2026-10-05 23:37:36,499 - INFO - Best train loss=1.9036797237396241; saved /home/wlia0047/ar57/wenyu/GeneRec/results/stage3_T5Train/curvature_RQ-VAE_iter89/ckpt/Amazon_2023_Instruments/Oct-05-2026_23-13-36/HG_Rec_best.pth
2026-10-05 23:37:48,110 - INFO - Epoch 124/150 train_loss=1.9037775564193726
2026-10-05 23:37:59,721 - INFO - Epoch 125/150 train_loss=1.903034906387329
2026-10-05 23:37:59,761 - INFO - Best train loss=1.903034906387329; saved /home/wlia0047/ar57/wenyu/GeneRec/results/stage3_T5Train/curvature_RQ-VAE_iter89/ckpt/Amazon_2023_Instruments/Oct-05-2026_23-13-36/HG_Rec_best.pth
2026-10-05 23:38:11,362 - INFO - Epoch 126/150 train_loss=1.8996890211105346
2026-10-05 23:38:11,399 - INFO - Best train loss=1.8996890211105346; saved /home/wlia0047/ar57/wenyu/GeneRec/results/stage3_T5Train/curvature_RQ-VAE_iter89/ckpt/Amazon_2023_Instruments/Oct-05-2026_23-13-36/HG_Rec_best.pth
2026-10-05 23:38:23,006 - INFO - Epoch 127/150 train_loss=1.8979746055603028
2026-10-05 23:38:23,042 - INFO - Best train loss=1.8979746055603028; saved /home/wlia0047/ar57/wenyu/GeneRec/results/stage3_T5Train/curvature_RQ-VAE_iter89/ckpt/Amazon_2023_Instruments/Oct-05-2026_23-13-36/HG_Rec_best.pth
2026-10-05 23:38:34,645 - INFO - Epoch 128/150 train_loss=1.8998649644851684
2026-10-05 23:38:46,255 - INFO - Epoch 129/150 train_loss=1.895096139907837
2026-10-05 23:38:46,292 - INFO - Best train loss=1.895096139907837; saved /home/wlia0047/ar57/wenyu/GeneRec/results/stage3_T5Train/curvature_RQ-VAE_iter89/ckpt/Amazon_2023_Instruments/Oct-05-2026_23-13-36/HG_Rec_best.pth
2026-10-05 23:38:57,900 - INFO - Epoch 130/150 train_loss=1.8956268453598022
2026-10-05 23:39:09,506 - INFO - Epoch 131/150 train_loss=1.8950552558898925
2026-10-05 23:39:09,548 - INFO - Best train loss=1.8950552558898925; saved /home/wlia0047/ar57/wenyu/GeneRec/results/stage3_T5Train/curvature_RQ-VAE_iter89/ckpt/Amazon_2023_Instruments/Oct-05-2026_23-13-36/HG_Rec_best.pth
2026-10-05 23:39:21,157 - INFO - Epoch 132/150 train_loss=1.8917822217941285
2026-10-05 23:39:21,193 - INFO - Best train loss=1.8917822217941285; saved /home/wlia0047/ar57/wenyu/GeneRec/results/stage3_T5Train/curvature_RQ-VAE_iter89/ckpt/Amazon_2023_Instruments/Oct-05-2026_23-13-36/HG_Rec_best.pth
2026-10-05 23:39:32,799 - INFO - Epoch 133/150 train_loss=1.8927272748947144
2026-10-05 23:39:44,424 - INFO - Epoch 134/150 train_loss=1.891380934715271
2026-10-05 23:39:44,465 - INFO - Best train loss=1.891380934715271; saved /home/wlia0047/ar57/wenyu/GeneRec/results/stage3_T5Train/curvature_RQ-VAE_iter89/ckpt/Amazon_2023_Instruments/Oct-05-2026_23-13-36/HG_Rec_best.pth
2026-10-05 23:39:56,073 - INFO - Epoch 135/150 train_loss=1.8875281238555908
2026-10-05 23:39:56,108 - INFO - Best train loss=1.8875281238555908; saved /home/wlia0047/ar57/wenyu/GeneRec/results/stage3_T5Train/curvature_RQ-VAE_iter89/ckpt/Amazon_2023_Instruments/Oct-05-2026_23-13-36/HG_Rec_best.pth
2026-10-05 23:40:07,708 - INFO - Epoch 136/150 train_loss=1.8897572422027589
2026-10-05 23:40:19,311 - INFO - Epoch 137/150 train_loss=1.8891611528396606
2026-10-05 23:40:30,918 - INFO - Epoch 138/150 train_loss=1.886360297203064
2026-10-05 23:40:30,960 - INFO - Best train loss=1.886360297203064; saved /home/wlia0047/ar57/wenyu/GeneRec/results/stage3_T5Train/curvature_RQ-VAE_iter89/ckpt/Amazon_2023_Instruments/Oct-05-2026_23-13-36/HG_Rec_best.pth
2026-10-05 23:40:42,566 - INFO - Epoch 139/150 train_loss=1.8841782855987548
2026-10-05 23:40:42,603 - INFO - Best train loss=1.8841782855987548; saved /home/wlia0047/ar57/wenyu/GeneRec/results/stage3_T5Train/curvature_RQ-VAE_iter89/ckpt/Amazon_2023_Instruments/Oct-05-2026_23-13-36/HG_Rec_best.pth
2026-10-05 23:40:54,318 - INFO - Epoch 140/150 train_loss=1.8814624786376952
2026-10-05 23:40:54,362 - INFO - Best train loss=1.8814624786376952; saved /home/wlia0047/ar57/wenyu/GeneRec/results/stage3_T5Train/curvature_RQ-VAE_iter89/ckpt/Amazon_2023_Instruments/Oct-05-2026_23-13-36/HG_Rec_best.pth
2026-10-05 23:41:05,965 - INFO - Epoch 141/150 train_loss=1.8867195415496827
2026-10-05 23:41:17,575 - INFO - Epoch 142/150 train_loss=1.8830380249023437
2026-10-05 23:41:29,180 - INFO - Epoch 143/150 train_loss=1.8816227579116822
2026-10-05 23:41:40,787 - INFO - Epoch 144/150 train_loss=1.8780932903289795
2026-10-05 23:41:40,826 - INFO - Best train loss=1.8780932903289795; saved /home/wlia0047/ar57/wenyu/GeneRec/results/stage3_T5Train/curvature_RQ-VAE_iter89/ckpt/Amazon_2023_Instruments/Oct-05-2026_23-13-36/HG_Rec_best.pth
2026-10-05 23:41:52,431 - INFO - Epoch 145/150 train_loss=1.8775475740432739
2026-10-05 23:41:52,466 - INFO - Best train loss=1.8775475740432739; saved /home/wlia0047/ar57/wenyu/GeneRec/results/stage3_T5Train/curvature_RQ-VAE_iter89/ckpt/Amazon_2023_Instruments/Oct-05-2026_23-13-36/HG_Rec_best.pth
2026-10-05 23:42:04,073 - INFO - Epoch 146/150 train_loss=1.8785220718383788
2026-10-05 23:42:15,681 - INFO - Epoch 147/150 train_loss=1.872338252067566
2026-10-05 23:42:15,717 - INFO - Best train loss=1.872338252067566; saved /home/wlia0047/ar57/wenyu/GeneRec/results/stage3_T5Train/curvature_RQ-VAE_iter89/ckpt/Amazon_2023_Instruments/Oct-05-2026_23-13-36/HG_Rec_best.pth
2026-10-05 23:42:27,321 - INFO - Epoch 148/150 train_loss=1.8744005584716796
2026-10-05 23:42:38,999 - INFO - Epoch 149/150 train_loss=1.8729681777954101
2026-10-05 23:42:50,697 - INFO - Epoch 150/150 train_loss=1.8704857635498047
2026-10-05 23:42:50,743 - INFO - Best train loss=1.8704857635498047; saved /home/wlia0047/ar57/wenyu/GeneRec/results/stage3_T5Train/curvature_RQ-VAE_iter89/ckpt/Amazon_2023_Instruments/Oct-05-2026_23-13-36/HG_Rec_best.pth
2026-10-05 23:45:02,128 - INFO - Test={'best_checkpoint': '/home/wlia0047/ar57/wenyu/GeneRec/results/stage3_T5Train/curvature_RQ-VAE_iter89/ckpt/Amazon_2023_Instruments/Oct-05-2026_23-13-36/HG_Rec_best.pth', 'n_eval': 57439, 'test_recall@5': 0.037343964901895926, 'test_recall@10': 0.05767858075523599, 'test_ndcg@5': 0.024947037992331483, 'test_ndcg@10': 0.03149265846803727}
